07-06 12:18:10.688  4915  1254 I SystemUi--QuickSettings: OplusFgsManagerController-->onForegroundStateChanged numPackagesAfter: 5
07-06 12:18:10.688  3414  4720 D NotificationService--OplusNotificationFixHelper: fixAppIcon: pkg=rd.sheepskin.sandboxmusic
07-06 12:18:10.688  3414  4720 D NotificationService--OplusNotificationFixHelper: fixAppIcon: appIcon = null, pkg = rd.sheepskin.sandboxmusic
07-06 12:18:10.688  3414  4720 D NotificationService--NotificationRecord: isSupportRearLight , isRearLight = false mLedRM = false isMultilLed = false
07-06 12:18:10.688  3414  4720 I OplusStatusBarManagerServiceEnhance:  getTopIsFullscreen mTopIsFullscreen: false
07-06 12:18:10.688  3414  4720 W ActivityManager: Permission Denial: getTopApplicationInfo from pid=7903, uid=10447 requires oplus.permission.OPLUS_COMPONENT_SAFE
07-06 12:18:10.688  3414  4720 E OplusNotificationCenter: getForegroundApplication exception
07-06 12:18:10.689  3414  3414 D NotificationService--OplusNotificationManagerServiceExtImpl: isForwardToAssistants: true, case : Is local notification
07-06 12:18:10.689  3414  3414 D NotificationService: This application enqueue notifications is need postDelayed mcsAssistantDelayTime: 200
07-06 12:18:10.689  3414  6028 I OplusMediaControlService: sendEvent type: 2, player: 2128145
07-06 12:18:10.689  3414  6028 I OplusMediaControlService: onEventFromRequestData: 1, player: 2128145
07-06 12:18:10.689  3414  6028 I OplusMediaControlService: getTitleAndArtist, title: The whole internet turned on this movie.., artist: Asmongold TV  , playerId: 2128145
07-06 12:18:10.689  3414  6028 D OplusMediaControlService: players is empty
07-06 12:18:10.689  2085 19879 D audioserver: OplusMMListWrapper checkInListByUid end module:allow-get-parameters uid:10208 return true
07-06 12:18:10.689  3414  5233 I OplusMediaControlService: sendEvent type: 2, player: 2128145
07-06 12:18:10.689  2085 19879 D audioserver: OplusMMListWrapper checkInListByUid end module:allow-get-parameters uid:10208 return true
07-06 12:18:10.689  3414  5233 I OplusMediaControlService: onEventFromRequestData: 2, player: 2128145
07-06 12:18:10.689  3414  5233 D OplusMediaControlService: players is empty
07-06 12:18:10.689  3414  8465 D MediaSessionService: onSessionPlaybackStateChanged: record=rd.sheepskin.sandboxmusic/SovereignMusicConsole/6947 (userId=0) playbackState=PlaybackState {state=PAUSED(2), position=0, buffered position=0, speed=1.0, updated=1783336690689, actions=894, custom actions=[], active item id=-1, error=null}
07-06 12:18:10.690  3414  4904 I OplusMediaControlService: unregisterEventObserver start, observer: android.os.BinderProxy@53ef40b, callerUid: 10208
07-06 12:18:10.690  3414  4904 I OplusMediaControlService: unregisterEventObserver successfully.
07-06 12:18:10.690  3414  4571 I OplusMediaControlService: registerEventObserver start, observer: android.os.BinderProxy@53ef40b, callerUid: 10208
07-06 12:18:10.691  3414  4904 I OplusMediaControlService: sendEvent type: 2, player: 2128145
07-06 12:18:10.691  3414  4904 I OplusMediaControlService: onEventFromRequestData: 1, player: 2128145
07-06 12:18:10.691  3414  4904 I OplusMediaControlService: getTitleAndArtist, title: The whole internet turned on this movie.., artist: Asmongold TV  , playerId: 2128145
07-06 12:18:10.691  3414  4904 D OplusMediaControlService: players is empty
07-06 12:18:10.691  3414  4571 I OplusMediaControlService: sendEvent type: 2, player: 2128145
07-06 12:18:10.691  3414  4571 I OplusMediaControlService: onEventFromRequestData: 2, player: 2128145
07-06 12:18:10.691  3414  4571 D OplusMediaControlService: players is empty
07-06 12:18:10.691  3414  3660 D NotificationService--OplusNotificationFixHelper: fixAppIcon: pkg=rd.sheepskin.sandboxmusic
07-06 12:18:10.691  3414  3660 D NotificationService--OplusNotificationFixHelper: fixAppIcon: appIcon = null, pkg = rd.sheepskin.sandboxmusic
07-06 12:18:10.691  3414  8465 D NotificationService--OplusNotificationFixHelper: fixAppIcon: pkg=rd.sheepskin.sandboxmusic
07-06 12:18:10.691  3414  8465 D NotificationService--OplusNotificationFixHelper: fixAppIcon: appIcon = null, pkg = rd.sheepskin.sandboxmusic
07-06 12:18:10.691  3414  8733 I OplusMediaControlService: unregisterEventObserver start, observer: android.os.BinderProxy@53ef40b, callerUid: 10208
07-06 12:18:10.691  3414  8465 D NotificationService--NotificationRecord: isSupportRearLight , isRearLight = false mLedRM = false isMultilLed = false
07-06 12:18:10.691  3414  3660 D NotificationService--NotificationRecord: isSupportRearLight , isRearLight = false mLedRM = false isMultilLed = false
07-06 12:18:10.691  3414  8733 I OplusMediaControlService: unregisterEventObserver successfully.
07-06 12:18:10.692  3414  5233 I OplusMediaControlService: registerEventObserver start, observer: android.os.BinderProxy@53ef40b, callerUid: 10208
07-06 12:18:10.692  4915  5018 W BluetoothAdapterExtImpl: getA2dpSharing mOplusBluetooth null!
07-06 12:18:10.692  3414  8733 I OplusMediaControlService: sendEvent type: 2, player: 2128145
07-06 12:18:10.692  3414  8733 I OplusMediaControlService: onEventFromRequestData: 1, player: 2128145
07-06 12:18:10.692  3414  8733 I OplusMediaControlService: getTitleAndArtist, title: The whole internet turned on this movie.., artist: Asmongold TV  , playerId: 2128145
07-06 12:18:10.692  3414  8733 D OplusMediaControlService: players is empty
07-06 12:18:10.692  3414  4626 D NasPowerProxyService: playback state changed:{duration=254095, artist=, album=, bufferedPosition=0, packageName=rd.sheepskin.sandboxmusic, state=2, position=0, id=null, title=, speed=1.0}
07-06 12:18:10.692  3414  8465 I OplusMediaControlService: sendEvent type: 2, player: 2128145
07-06 12:18:10.692  3414  8465 I OplusMediaControlService: onEventFromRequestData: 2, player: 2128145
07-06 12:18:10.692  3414  8465 D OplusMediaControlService: players is empty
07-06 12:18:10.693   535  3446 D audioadsprpcd: vendor/qcom/proprietary/adsprpc/src/apps_std_imp.c:381: apps_std_fopen_fd done for /odm/lib/rfsa/adsp/./libtfadsp_sb4_0_tx.so with       fopen:13us, read:1229us, rpc_alloc:3980us,       mmap:1059us fd 0xc error_code 0x0
07-06 12:18:10.693   535  3446 I audioadsprpcd: vendor/qcom/proprietary/adsprpc/src/apps_std_imp.c:1159: Successfully opened file /odm/lib/rfsa/adsp/./libtfadsp_sb4_0_tx.so
07-06 12:18:10.693  4915  5048 I SystemUi--Media: OplusMediaDataManagerSt-->AOD_MEDIA_PANEL-->createActionsFromState: curState = 2
07-06 12:18:10.693  3414  8733 I OplusMediaControlService: unregisterEventObserver start, observer: android.os.BinderProxy@53ef40b, callerUid: 10208
07-06 12:18:10.693  3414  8733 I OplusMediaControlService: unregisterEventObserver successfully.
07-06 12:18:10.695  3414  5233 I OplusMediaControlService: registerEventObserver start, observer: android.os.BinderProxy@53ef40b, callerUid: 10208
07-06 12:18:10.695  3414  8733 I OplusMediaControlService: sendEvent type: 2, player: 207446955
07-06 12:18:10.696  3414  8733 I OplusMediaControlService: onEventFromRequestData: 1, player: 207446955
07-06 12:18:10.696  3414  8733 I OplusMediaControlService: getTitleAndArtist, title: , artist: , playerId: 207446955
07-06 12:18:10.696  3414  8733 D OplusMediaControlService: players is empty
07-06 12:18:10.696  3414  8733 I OplusMediaControlService: sendEvent type: 2, player: 207446955
07-06 12:18:10.696  3414  8733 I OplusMediaControlService: onEventFromRequestData: 2, player: 207446955
07-06 12:18:10.696  3414  8733 D OplusMediaControlService: players is empty
07-06 12:18:10.697  1839   880 I gsl     : gsl_send_spf_cmd:282 rcvd pkt token : 0x40bf000
07-06 12:18:10.697  1839   880 I gsl     : gsl_send_spf_cmd:236 sending pkt opcode 0x1001006 token 0x040c0000
07-06 12:18:10.697  4915  5048 I SystemUi--Media: OplusMediaDataManagerSt-->AOD_MEDIA_PANEL-->createActionsFromState: curState = 2
07-06 12:18:10.698  4915  5018 I SystemUi--QuickSettings: OplusSeparateQSPrivacyManager-->onNumberOfPackagesChanged numPackages 5
07-06 12:18:10.698  3414  8733 I OplusMediaControlService: sendEvent type: 2, player: 2128145
07-06 12:18:10.698  3414  8733 I OplusMediaControlService: onEventFromRequestData: 1, player: 2128145
07-06 12:18:10.698  3414  8733 I OplusMediaControlService: getTitleAndArtist, title: The whole internet turned on this movie.., artist: Asmongold TV  , playerId: 2128145
07-06 12:18:10.698  3414  8733 D OplusMediaControlService: players is empty
07-06 12:18:10.698  1839   880 I gsl     : gsl_send_spf_cmd:282 rcvd pkt token : 0x40c0000
07-06 12:18:10.698  1839   880 E ACDB    : AcdbCmdGetProcSubgraphCalDataPersist:8250 Error[19]: No calibration found
07-06 12:18:10.698  1839   880 D AGM: graph: graph_open: 790 graph_handle 0x147534c
07-06 12:18:10.698  1839   880 D AGM: graph: graph_open: 830 exit, ret 0
07-06 12:18:10.698  1839   880 D agm_client_wrapper: agm_session_open Received handle = 0x72ad9ef5e0 , *handle = b4000072dad78100
07-06 12:18:10.698  1839   880 D PLUGIN: pcm: agm_pcm_hw_params: 505 agm_pcm_hw_params: mode: 268435456
07-06 12:18:10.698  1839   880 D AGM: graph: graph_prepare: 906 entry graph_handle 0x147534c
07-06 12:18:10.698  3414  8733 I OplusMediaControlService: sendEvent type: 2, player: 2128145
07-06 12:18:10.698  1839   880 D AGM: graph_module: configure_hw_ep_media_config: 705 entry mod tag c0000005 miid 4617 mid 700100b
07-06 12:18:10.698  3414  8733 I OplusMediaControlService: onEventFromRequestData: 2, player: 2128145
07-06 12:18:10.698  1839   880 D AGM: graph_module: configure_hw_ep_media_config: 735 rate 48000 bw 32 ch 2, data_fmt 1
07-06 12:18:10.698  1839   880 I gsl     : gsl_send_spf_cmd:236 sending pkt opcode 0x1001006 token 0x040c1000
07-06 12:18:10.698  3414  8733 D OplusMediaControlService: players is empty
07-06 12:18:10.698  4915  4915 I SystemUi--Media: OplusMediaDataFilterExImpl-->MEDIA_PANEL-->onMediaDataRemoved: 213555062 listeners: [com.android.systemui.media.NotificationMediaManager$3@f1468b6, com.android.systemui.media.controls.ui.view.MediaHost$listener$1@3752672, com.oplusos.systemui.aod.mediapanel.AodMediaDataListener@2606317, com.oplus.systemui.qs.media.OplusQsMediaPanelViewController$mediaDataUpdateListener$1@19e2add, com.oplus.systemui.media.seedling.OplusMediaSeedlingController$mediaDataUpdateListener$1@15ed148, com.android.systemui.media.controls.ui.view.MediaHost$listener$1@5fe45d0]
07-06 12:18:10.698  1839   880 I gsl     : gsl_send_spf_cmd:282 rcvd pkt token : 0x40c1000
07-06 12:18:10.698  1839   880 D AGM: graph_module: configure_hw_ep_media_config: 745 exit, ret 0
07-06 12:18:10.698  1839   880 I gsl     : gsl_send_spf_cmd:236 sending pkt opcode 0x1001006 token 0x040c2000
07-06 12:18:10.698  4915  4915 D NotificationMediaManager: Not dismissing 213555062 because it was removed by the system
07-06 12:18:10.698  4915  4915 I SystemUi--Media: AodMediaDataListener-->AOD_MEDIA_PANEL-->AOD onMediaDataRemoved() called with: key = [213555062]
07-06 12:18:10.698  4915  4915 I SystemUi--Media: OplusQsMediaPanelViewController-->MEDIA_PANEL-->onMediaDataRemoved: 213555062
07-06 12:18:10.698  4915  4915 I SystemUi--Media: OplusMediaSeedlingController-->MEDIA_SEEDLING-->onMediaDataRemoved: 213555062
07-06 12:18:10.698  4915  4915 I SystemUi--Media: AbsMediaClient-->MEDIA_SEEDLING-->onDestroy
07-06 12:18:10.698  4915  4915 I SystemUi--Media: MediaActionBinder-->MEDIA_SEEDLING-->releaseCache: mediaSwitchActionCache=MediaAction(icon=android.graphics.drawable.VectorDrawable@2b4e33a, action=com.oplus.systemui.media.controls.ui.MediaActionBinderKt$mediaSwitcherAction$targetAction$1@d1c9beb, contentDescription=S***, background=null, rebindId=null, mediaActionEx=OplusMediaActionEx(enabled=true, icon=null, uri=null, isActivityAction=false, hasHeartFromRating=null, isStandardAction=false, intentUriKey=null))
07-06 12:18:10.698  4915  4915 I SystemUi--Media: AbsMediaClient-->MEDIA_SEEDLING-->onMediaDataRemoved: 213555062
07-06 12:18:10.698  4915  4915 I SystemUi--Media: MediaSeedling-->MEDIA_SEEDLING-->postMediaDataUpdate needUpdate: 0 reason:onMediaDataRemoved
07-06 12:18:10.699  4915  4915 I SystemUi--Media: MediaSeedling-->MEDIA_SEEDLING-->handleMediaDataUpdate allowCreateCard: false
07-06 12:18:10.699  1839   880 I gsl     : gsl_send_spf_cmd:282 rcvd pkt token : 0x40c2000
07-06 12:18:10.699  1839   880 D AGM: graph_module: configure_i2s_ep: 426 exit, ret 0
07-06 12:18:10.699  1839   880 I gsl     : gsl_send_spf_cmd:236 sending pkt opcode 0x1001001 token 0x040c3000
07-06 12:18:10.699  3414  4571 D MediaSessionService: onSessionPlaybackStateChanged: record=rd.sheepskin.sandboxmusic/SovereignMusicConsole/6947 (userId=0) playbackState=PlaybackState {state=PAUSED(2), position=0, buffered position=0, speed=1.0, updated=1783336690699, actions=894, custom actions=[], active item id=-1, error=null}
07-06 12:18:10.699  3414  8733 I OplusMediaControlService: unregisterEventObserver start, observer: android.os.BinderProxy@53ef40b, callerUid: 10208
07-06 12:18:10.699  3414  8733 I OplusMediaControlService: unregisterEventObserver successfully.
07-06 12:18:10.699  3414  8733 I OplusMediaControlService: registerEventObserver start, observer: android.os.BinderProxy@53ef40b, callerUid: 10208
07-06 12:18:10.699  1839   880 I gsl     : gsl_send_spf_cmd:282 rcvd pkt token : 0x40c3000
07-06 12:18:10.699  1839   880 D AGM: graph: graph_prepare: 984 exit, ret 0
07-06 12:18:10.699  1839   880 D AGM: graph: graph_start: 1007 entry graph_handle 0x147534c
07-06 12:18:10.699  1839   880 I gsl     : gsl_send_spf_cmd:236 sending pkt opcode 0x1001002 token 0x040c4000
07-06 12:18:10.700  2000  2158 V DolbyManagerService: doOnDapParamUpdate() entry
07-06 12:18:10.700  4915  4915 I PluginSeedling--Origin: LiveAlertInteractorImpl-->EntryDataListener,onDataPosted originData:[] data:[t3.d@a8512866]
07-06 12:18:10.700  2000  2158 V DolbyManagerService: doOnDapParamUpdate() exit
07-06 12:18:10.700  1839  1876 D DmsHalA : DmsHalAidlCallBacks 0xb4000072d9485960 onEvent() id = 43445544
07-06 12:18:10.700  1839  1876 D DlbEffectContext: onDapParamUpdate() mEffectContext = 0xb4000072d94b53d8, try to call its updateEffectParams()
07-06 12:18:10.700  1839  1876 D DlbDapEffectContext: DapEffectContext 0xb4000072d94b53d8 grab the lock and call updateDapParams()
07-06 12:18:10.700  4915  4915 I PluginSeedling--Origin: LiveAlertInteractorImpl-->notifyEntryDataChanged ENTRY_NOTIFICATION, result:, noe: false
07-06 12:18:10.700  4915  5047 I SystemUi--Media: MediaLiveAlertController-->MEDIA_SEEDLING-->sendDataToPlugin, method=cancelLiveAlert, notification.key=0|com.android.systemui|268452006|1783336690152|0
07-06 12:18:10.700  4915  4915 I PluginSeedling--Notification: NotificationRepository-->onDataChanged, []
07-06 12:18:10.700  4915  4915 I PluginSeedling--Notification: NofificationInfoConvert-->releaseTaskSet
07-06 12:18:10.700  4915  4915 I PluginSeedling--Origin: LiveAlertInteractorImpl-->EntryDataListener,onDataPosted originData:[] data:[t3.d@a8512866]
07-06 12:18:10.700  4915  5047 I PluginSeedling--Base: SeedlingCardServerProvider-->seedling provider called com.oplus.card.server.systemui.provider w/ cancelLiveAlert 10208 4915 0
07-06 12:18:10.700  4915  4915 I PluginSeedling--Origin: LiveAlertInteractorImpl-->notifyEntryDataChanged ENTRY_STATUS_BAR, result:, noe: false
07-06 12:18:10.700  4915  5047 I PluginSeedling--Base: DefaultLiveAlertProvider-->default provider remove: StatusBarNotification(pkg=com.android.systemui user=UserHandle{0} id=268452006 tag=1783336690152 key=0|com.android.systemui|268452006|1783336690152|0: Notification(channel=268452006 shortcut=null contentView=null vibrate=null sound=null defaults=0 flags=0 color=0x00000000 category=transport vis=PRIVATE))
07-06 12:18:10.700  4915  8814 I PluginSeedling--Origin: LiveAlertInteractorImpl-->total list changed, notify liveAlert pkg list: [rd.sheepskin.sandboxmusic]
07-06 12:18:10.700  3414  4626 D NasPowerProxyService: playback state changed:{duration=254095, artist=Slipknot, album=All Hope Is Gone, bufferedPosition=0, packageName=rd.sheepskin.sandboxmusic, state=2, position=0, id=null, title=The Heretic Anthem, speed=1.0}
07-06 12:18:10.701  4915  4915 I PluginSeedling--Origin: LiveAlertInteractorImpl-->EntryDataListener,onDataRemoved originData:[] data:[t3.d@a8512866]
07-06 12:18:10.701  4915  4915 I PluginSeedling--Origin: LiveAlertInteractorImpl-->notifyEntryDataChanged ENTRY_STATUS_BAR, result:, noe: false
07-06 12:18:10.701  4915  4915 I PluginSeedling--Origin: LiveAlertInteractorImpl-->EntryDataListener,onDataRemoved originData:[] data:[t3.d@a8512866]
07-06 12:18:10.701  4915  4915 I PluginSeedling--Origin: LiveAlertInteractorImpl-->notifyEntryDataChanged ENTRY_NOTIFICATION, result:, noe: false
07-06 12:18:10.701  4915  4915 I PluginSeedling--Notification: NotificationRepository-->onDataChanged, []
07-06 12:18:10.701  4915  4915 I PluginSeedling--Notification: NofificationInfoConvert-->releaseTaskSet
07-06 12:18:10.701  4915  8814 I PluginSeedling--Origin: LiveAlertInteractorImpl-->total list changed, notify liveAlert pkg list: []
07-06 12:18:10.701  4915  1145 I PluginSeedling--Template: TransitionViewWrapper-->init, initData: LATemplateData(templates={capsule=capsule templateStyle: NORMAL_STYLE, item: {left=CapsuleSectionTemplateData(style=IMAGE_TEXT_STYLE, moduleDic={pic=BitmapModel(src=android.graphics.Bitmap@87e9d63, iconColor=null, icon=Icon(typ=RESOURCE pkg=com.android.systemui id=0x7f0809d5), anim=null, bgColor=0, shape=1, width=90, height=90, radius=45.0, actionIntent=null, pi=null, desc=The Heretic Anthem)}, backgroundColor=null), right=CapsuleSectionTemplateData(style=TEXT_IMAGE_STYLE, moduleDic={pic=DrawableModel(src=null, iconColor=null, anim=LottieOrRawAnimModel(anim='[length=10444]', shouldPlayCount=-1), bgColor=0, shape=0, width=90, height=90, radius=45.0, actionIntent=null, pi=null, desc=The Heretic Anthem)}, backgroundColor=null)}, card=card templateStyle: MEDIA_PLAYER_STYLE, pageCount: 1, items: [[info]], miniCard=miniCard templateStyle: NORMAL_STYLE, item: {info=CardSectionTemplateData(layoutAlign=DEFAULT, style=MEDIA_MINI_PLAYER_STYLE, moduleDic={mpModule=LAMiniCardModel(contentModel=MiniContentModel(isCallStyle=false, primaryIcon=NormalIcon(icon=android.graphics.Bitmap@2388fef, primaryColor=0), secondaryIcon=null, contentText=The Heretic Anthem, contentColor=449597777, subText=Slipknot, time=0, showChronometer=false, isChronometerCountDown=false, optionalButton=null), laCardModel=LACardModel(key=0|com.android.systemui|268452006|1783336690152|0, backgroundColor=449597777, contentModel=ContentModel(isCallStyle=false, smallIcon=null, markIcon=null, title=, titleColor=0, contentText=, contentColor=0, subText=null, time=0, showChronometer=false, chronometerCountDown=false, largeIcon=null, appIcon=null, requiredButtons=[], endButtons=[], customModel=null, actionIntent=null), optionalModel=OptionalModel(optionalButtons=[]), progressBarModel=null, mediaModel=MediaModel(uniqueId=213555062, voiceLabel=The Heretic Anthem, actionIntent=PendingIntent{d7522de: android.os.BinderProxy@7df0ee3}, albumArt=MultiIconModel(staticIcon=StaticIcon(icon=Icon(typ=RESOURCE pkg=com.android.systemui id=0x7f0809d5), drawable=android.graphics.drawable.VectorDrawable@133acbf, bitmap=android.graphics.Bitmap@491f9e2, iconModelForMini=NormalIcon(icon=android.graphics.Bitmap@2388fef, primaryColor=0), iconModelForCard=NormalIcon(icon=android.graphics.Bitmap@72c838a, primaryColor=null)), lottieIcon=null), rotate=, topRightIcon=MultiIconModel(staticIcon=StaticIcon(icon=Icon(typ=BITMAP size=144x144), drawable=android.graphics.drawable.BitmapDrawable@c5cef8c, bitmap=android.graphics.Bitmap@1dcd0ed, iconModelForMini=null, iconModelForCard=null), lottieIcon=null), topRightIconImmersive={topRightImmersiveIconOffToOn=MultiIconModel(staticIcon=null, lottieIcon=LottieIcon[assetName: topRightImmersiveIconOffToOn lottieResource: {"v":"5.9. autoPlay=false repeatCount=0]), topRightImmersiveIconOnToOff=MultiIconModel(staticIcon=null, lottieIcon=LottieIcon[assetName: topRightImmersiveIconOnToOff lottieResource: {"v":"5.9. autoPlay=false repeatCount=0])}, songName=The Heretic Anthem, artist=Slipknot, iconBeforeArtist=null, iconBeforeArtistVoiceLabel=null, progress=0, duration=254, currentTime=1, processMode=normal, pkg=rd.sheepskin.sandboxmusic, isPlayingState=true, btnList=[LiveAlertAction(name=213555062, multiIconModel=MultiIconModel(staticIcon=StaticIcon(icon=Icon(typ=BITMAP size=162x162), drawable=android.graphics.drawable.BitmapDrawable@6d6d6d5, bitmap=android.graphics.Bitmap@8200459, iconModelForMini=null, iconModelForCard=null), lottieIcon=LottieIcon[assetName: images/previous_anim.json lottieResource: {"v":"5.9. autoPlay=false repeatCount=0]), actionIntent=null, actionUri=com.oplus.systemui.media.seedling.livealert.MediaLiveAlertProvider, actionExtra=Bundle[{CardEntranceEvent=StatusBar, MediaActionName=prevOrCustom, MediaActionType=MediaActionName, MediaEvent=MediaEvent, MediaPlayId=213555062, EventType=MediaEvent}], actionType=-1, actionConfig=null, title=Previous track, showTitle=false, nextAction=null), LiveAlertAction(name=213555062, multiIconModel=MultiIconModel(staticI
07-06 12:18:10.701  1839   880 I gsl     : gsl_send_spf_cmd:282 rcvd pkt token : 0x40c4000
07-06 12:18:10.701  1839   880 D AGM: graph: graph_start: 1020 exit, ret 0
07-06 12:18:10.701  4627 11429 I AudioEffect: enable 0xb400007317842600
07-06 12:18:10.701  1839   880 I PAL: OplusSpeakerProtection: spkrProtProcessingMode: 2473: pcm start success for TX
07-06 12:18:10.701  1839   880 D PAL: Device: start_l: 629: Enter. deviceCount 1 deviceStartStopCount 0 for device id 3 (PAL_DEVICE_OUT_SPEAKER)
07-06 12:18:10.701  1839   880 I PAL: SessionAlsaUtils: setDeviceMediaConfig: 1089: MI2S-LPAIF-RX-SECONDARY rate ch fmt data_fmt 48000 2 6 1
07-06 12:18:10.701  1839   880 D PAL: Device: start_l: 676: Exit, status 0
07-06 12:18:10.701  1839   880 D PAL: SessionAlsaPcm: prepare: 117: Enter
07-06 12:18:10.701  4627 11429 I AEC.DolbyService: setEffectProfile category: 1, profile: 2
07-06 12:18:10.701  1839   880 D PAL: SessionAlsaPcm: prepare: 157: Exit, status 0
07-06 12:18:10.701  1839   880 D PAL: SessionAlsaPcm: start: 988: Enter
07-06 12:18:10.701  1839   880 I PAL_ResourceManager: voteSleepMonitor: 2400: Voting done for nlpi use case, lpi votes 0, nlpi votes : 1
07-06 12:18:10.701  1839   880 D PAL: Stream: getBufInfo: 907: In Buffer size 960, In Buffer count 4
07-06 12:18:10.701  1839   880 D PAL: Stream: getBufInfo: 911: Out Buffer size 11520 and Out Buffer count 2
07-06 12:18:10.702  4915  1145 I PluginSeedling--Template: SinglePage-->inflate-sectionName: info, style:MEDIA_MINI_PLAYER_STYLE, null
07-06 12:18:10.702  1839   880 D agm_client_wrapper: agm_session_open called with handle = ad9ef790 , *handle = 0
07-06 12:18:10.702  1839   880 I AGM: oplus_agm_fb: recordOpenedSessions: 69 i = 2, record open session_id = 126
07-06 12:18:10.702  4915  1145 E ThemeUtils: View class com.google.android.material.imageview.ShapeableImageView is an AppCompat widget that can only be used with a Theme.AppCompat theme (or descendant).
07-06 12:18:10.702  1839   880 D AGM: graph: graph_open: 595 entry
07-06 12:18:10.702  1839   880 D AGM: metadata: metadata_print: 79 *************************Metadata*************************
07-06 12:18:10.702  1839   880 D AGM: metadata: metadata_print: 80 GKV size:4
07-06 12:18:10.702  1839   880 D AGM: metadata: metadata_print: 83 key:0xa1000000, value:0xa1000001 
07-06 12:18:10.702  1839   880 D AGM: metadata: metadata_print: 83 key:0xab000000, value:0x1 
07-06 12:18:10.702  1839   880 D AGM: metadata: metadata_print: 83 key:0xa2000000, value:0xa2000001 
07-06 12:18:10.702  1839   880 D AGM: metadata: metadata_print: 83 key:0xac000000, value:0xac000002 
07-06 12:18:10.702  1839   880 D AGM: metadata: metadata_print: 89 CKV count:4
07-06 12:18:10.702  1839   880 D AGM: metadata: metadata_print: 95 key:0xa4000000, value:0xf 
07-06 12:18:10.702  1839   880 D AGM: metadata: metadata_print: 95 key:0xd2000000, value:0x0 
07-06 12:18:10.702  1839   880 D AGM: metadata: metadata_print: 95 key:0xbe000000, value:0x3 
07-06 12:18:10.702  1839   880 D AGM: metadata: metadata_print: 95 key:0xef000000, value:0x0 
07-06 12:18:10.702  1839   880 D AGM: metadata: metadata_print: 102 Property ID:134217744
07-06 12:18:10.702  1839   880 D AGM: metadata: metadata_print: 103 property count:4
07-06 12:18:10.702  1839   880 D AGM: metadata: metadata_print: 106 Property Values: 
07-06 12:18:10.702  1839   880 D AGM: metadata: metadata_print: 108 0x1 
07-06 12:18:10.702  1839   880 D AGM: metadata: metadata_print: 108 0x3 
07-06 12:18:10.702  1839   880 D AGM: metadata: metadata_print: 108 0x2 
07-06 12:18:10.702  1839   880 D AGM: metadata: metadata_print: 108 0x5 
07-06 12:18:10.702  1839   880 D AGM: metadata: metadata_print: 115 ****************Metadata Done***************************
07-06 12:18:10.702  1839   880 D AGM: graph: graph_open: 690 miid 4001 mid 7001000 tag c0000002
07-06 12:18:10.702  1839   880 D AGM: graph: graph_open: 746 miid 42c8 mid 700100a tag c0000004
07-06 12:18:10.702  1839   880 D AGM: graph: graph_open: 690 miid 4019 mid 7001019 tag c0000006
07-06 12:18:10.702  1839   880 D AGM: graph: graph_open: 690 miid 4003 mid 7001005 tag c000000e
07-06 12:18:10.702  1839   880 D AGM: graph: graph_open: 690 miid 4004 mid 7001003 tag c0000010
07-06 12:18:10.702  1839   880 D AGM: graph: graph_open: 690 miid 4163 mid 7001032 tag c0000013
07-06 12:18:10.702  1839   880 I GPR:    : __gpr_cmd_register_v2:931 GPR Register: Source Port is 8210 heap_index: 0
07-06 12:18:10.702  1839   880 I gsl     : gsl_send_spf_cmd:236 sending pkt opcode 0x1001000 token 0x040c5000
07-06 12:18:10.702  4915  1145 W ResourcesCompat: Failed to inflate ColorStateList, leaving it to the framework
07-06 12:18:10.702  4915  1145 W ResourcesCompat: java.lang.UnsupportedOperationException: Failed to resolve attribute at index 0: TypedValue{t=0x2/d=0x7f040117 a=-1}, theme={InheritanceMap=[id=0x103013fandroid:style/Theme.DeviceDefault.Light.DarkActionBar, id=0x1030238android:style/Theme.Material.Light.DarkActionBar, id=0x1030237android:style/Theme.Material.Light, id=0x103000candroid:style/Theme.Light, id=0x1030005android:style/Theme], Themes=[android:style/Theme.DeviceDefault.Light.DarkActionBar, forced]}
07-06 12:18:10.702  4915  1145 W ResourcesCompat: 	at android.content.res.TypedArray.getColor(TypedArray.java:536)
07-06 12:18:10.702  4915  1145 W ResourcesCompat: 	at w.b.b(SourceFile:138)
07-06 12:18:10.702  4915  1145 W ResourcesCompat: 	at w.b.a(SourceFile:17)
07-06 12:18:10.702  4915  1145 W ResourcesCompat: 	at com.heytap.log.util.c.J(SourceFile:122)
07-06 12:18:10.702  4915  1145 W ResourcesCompat: 	at pb.d0.b0(SourceFile:13)
07-06 12:18:10.702  4915  1145 W ResourcesCompat: 	at com.google.android.material.imageview.ShapeableImageView.<init>(SourceFile:3)
07-06 12:18:10.702  4915  1145 W ResourcesCompat: 	at com.google.android.material.imageview.ShapeableImageView.<init>(SourceFile:1)
07-06 12:18:10.702  4915  1145 W ResourcesCompat: 	at java.lang.reflect.Constructor.newInstance0(Native Method)
07-06 12:18:10.702  4915  1145 W ResourcesCompat: 	at java.lang.reflect.Constructor.newInstance(Constructor.java:343)
07-06 12:18:10.702  4915  1145 W ResourcesCompat: 	at android.view.LayoutInflater.createView(LayoutInflater.java:767)
07-06 12:18:10.702  4915  1145 W ResourcesCompat: 	at android.view.LayoutInflater.createViewFromTag(LayoutInflater.java:919)
07-06 12:18:10.702  4915  1145 W ResourcesCompat: 	at android.view.LayoutInflater.createViewFromTag(LayoutInflater.java:874)
07-06 12:18:10.702  4915  1145 W ResourcesCompat: 	at android.view.LayoutInflater.rInflate(LayoutInflater.java:1036)
07-06 12:18:10.702  4915  1145 W ResourcesCompat: 	at android.view.LayoutInflater.rInflateChildren(LayoutInflater.java:997)
07-06 12:18:10.702  4915  1145 W ResourcesCompat: 	at android.view.LayoutInflater.inflate(LayoutInflater.java:593)
07-06 12:18:10.702  4915  1145 W ResourcesCompat: 	at android.view.LayoutInflater.inflate(LayoutInflater.java:481)
07-06 12:18:10.702  4915  1145 W ResourcesCompat: 	at e7.b.a(SourceFile:35)
07-06 12:18:10.702  4915  1145 W ResourcesCompat: 	at a7.x.l(SourceFile:37)
07-06 12:18:10.702  4915  1145 W ResourcesCompat: 	at a7.o0.e(SourceFile:134)
07-06 12:18:10.702  4915  1145 W ResourcesCompat: 	at h7.x.l(SourceFile:12)
07-06 12:18:10.702  4915  1145 W ResourcesCompat: 	at h7.x.<init>(SourceFile:166)
07-06 12:18:10.702  4915  1145 W ResourcesCompat: 	at h7.h.<init>(SourceFile:28)
07-06 12:18:10.702  4915  1145 W ResourcesCompat: 	at l6.g.a(SourceFile:64)
07-06 12:18:10.702  4915  1145 W ResourcesCompat: 	at u3.f.b(SourceFile:186)
07-06 12:18:10.702  4915  1145 W ResourcesCompat: 	at q5.d.r(SourceFile:246)
07-06 12:18:10.702  4915  1145 W ResourcesCompat: 	at u5.r.b(SourceFile:92)
07-06 12:18:10.702  4915  1145 W ResourcesCompat: 	at u5.x.u(SourceFile:13)
07-06 12:18:10.702  4915  1145 W ResourcesCompat: 	at u5.w.run(SourceFile:43)
07-06 12:18:10.702  4915  1145 W ResourcesCompat: 	at e0.n.run(SourceFile:181)
07-06 12:18:10.702  4915  1145 W ResourcesCompat: 	at java.util.concurrent.ThreadPoolExecutor.runWorker(ThreadPoolExecutor.java:1100)
07-06 12:18:10.702  4915  1145 W ResourcesCompat: 	at java.util.concurrent.ThreadPoolExecutor$Worker.run(ThreadPoolExecutor.java:624)
07-06 12:18:10.702  4915  1145 W ResourcesCompat: 	at java.lang.Thread.run(Thread.java:1572)
07-06 12:18:10.702  4627 11429 D AudioEffect-JAVA: getParameter is not Oplus command!
07-06 12:18:10.702  4627 11429 I AudioEffect: getParameter: param: 167772165, param2: -1
07-06 12:18:10.702  4915  1145 E ThemeUtils: View class com.google.android.material.imageview.ShapeableImageView is an AppCompat widget that can only be used with a Theme.AppCompat theme (or descendant).
07-06 12:18:10.702  2085 19879 D EffectHalHidl: audioSchedBoost, set audiohal task boost, pid=2085, tid=19879, ret=0
07-06 12:18:10.702  4915  1145 W ResourcesCompat: Failed to inflate ColorStateList, leaving it to the framework
07-06 12:18:10.702  4915  1145 W ResourcesCompat: java.lang.UnsupportedOperationException: Failed to resolve attribute at index 0: TypedValue{t=0x2/d=0x7f040117 a=-1}, theme={InheritanceMap=[id=0x103013fandroid:style/Theme.DeviceDefault.Light.DarkActionBar, id=0x1030238android:style/Theme.Material.Light.DarkActionBar, id=0x1030237android:style/Theme.Material.Light, id=0x103000candroid:style/Theme.Light, id=0x1030005android:style/Theme], Themes=[android:style/Theme.DeviceDefault.Light.DarkActionBar, forced]}
07-06 12:18:10.702  4915  1145 W ResourcesCompat: 	at android.content.res.TypedArray.getColor(TypedArray.java:536)
07-06 12:18:10.702  4915  1145 W ResourcesCompat: 	at w.b.b(SourceFile:138)
07-06 12:18:10.702  4915  1145 W ResourcesCompat: 	at w.b.a(SourceFile:17)
07-06 12:18:10.702  4915  1145 W ResourcesCompat: 	at com.heytap.log.util.c.J(SourceFile:122)
07-06 12:18:10.702  4915  1145 W ResourcesCompat: 	at pb.d0.b0(SourceFile:13)
07-06 12:18:10.702  4915  1145 W ResourcesCompat: 	at com.google.android.material.imageview.ShapeableImageView.<init>(SourceFile:3)
07-06 12:18:10.702  4915  1145 W ResourcesCompat: 	at com.google.android.material.imageview.ShapeableImageView.<init>(SourceFile:1)
07-06 12:18:10.702  4915  1145 W ResourcesCompat: 	at java.lang.reflect.Constructor.newInstance0(Native Method)
07-06 12:18:10.702  4915  1145 W ResourcesCompat: 	at java.lang.reflect.Constructor.newInstance(Constructor.java:343)
07-06 12:18:10.702  4915  1145 W ResourcesCompat: 	at android.view.LayoutInflater.createView(LayoutInflater.java:767)
07-06 12:18:10.702  4915  1145 W ResourcesCompat: 	at android.view.LayoutInflater.createViewFromTag(LayoutInflater.java:919)
07-06 12:18:10.702  4915  1145 W ResourcesCompat: 	at android.view.LayoutInflater.createViewFromTag(LayoutInflater.java:874)
07-06 12:18:10.702  4915  1145 W ResourcesCompat: 	at android.view.LayoutInflater.rInflate(LayoutInflater.java:1036)
07-06 12:18:10.702  4915  1145 W ResourcesCompat: 	at android.view.LayoutInflater.rInflateChildren(LayoutInflater.java:997)
07-06 12:18:10.702  4915  1145 W ResourcesCompat: 	at android.view.LayoutInflater.inflate(LayoutInflater.java:593)
07-06 12:18:10.702  4915  1145 W ResourcesCompat: 	at android.view.LayoutInflater.inflate(LayoutInflater.java:481)
07-06 12:18:10.702  4915  1145 W ResourcesCompat: 	at e7.b.a(SourceFile:35)
07-06 12:18:10.702  4915  1145 W ResourcesCompat: 	at a7.x.l(SourceFile:37)
07-06 12:18:10.702  4915  1145 W ResourcesCompat: 	at a7.o0.e(SourceFile:134)
07-06 12:18:10.702  4915  1145 W ResourcesCompat: 	at h7.x.l(SourceFile:12)
07-06 12:18:10.702  4915  1145 W ResourcesCompat: 	at h7.x.<init>(SourceFile:166)
07-06 12:18:10.702  4915  1145 W ResourcesCompat: 	at h7.h.<init>(SourceFile:28)
07-06 12:18:10.702  4915  1145 W ResourcesCompat: 	at l6.g.a(SourceFile:64)
07-06 12:18:10.702  4915  1145 W ResourcesCompat: 	at u3.f.b(SourceFile:186)
07-06 12:18:10.702  4915  1145 W ResourcesCompat: 	at q5.d.r(SourceFile:246)
07-06 12:18:10.702  4915  1145 W ResourcesCompat: 	at u5.r.b(SourceFile:92)
07-06 12:18:10.702  4915  1145 W ResourcesCompat: 	at u5.x.u(SourceFile:13)
07-06 12:18:10.702  4915  1145 W ResourcesCompat: 	at u5.w.run(SourceFile:43)
07-06 12:18:10.702  4915  1145 W ResourcesCompat: 	at e0.n.run(SourceFile:181)
07-06 12:18:10.702  4915  1145 W ResourcesCompat: 	at java.util.concurrent.ThreadPoolExecutor.runWorker(ThreadPoolExecutor.java:1100)
07-06 12:18:10.702  4915  1145 W ResourcesCompat: 	at java.util.concurrent.ThreadPoolExecutor$Worker.run(ThreadPoolExecutor.java:624)
07-06 12:18:10.702  4915  1145 W ResourcesCompat: 	at java.lang.Thread.run(Thread.java:1572)
07-06 12:18:10.702  1839  1839 D DlbDapEffectContext: DapEffectContext[0xb4000072d94b53d8] getDapParameter() outval size = 12, ret = 0
07-06 12:18:10.703  2085 19879 D EffectHalHidl: audioSchedBoost, set audiohal task boost, pid=2085, tid=19879, ret=0
07-06 12:18:10.703  1839  1876 D DlbEffectContext: EffectContext[0xb4000072d94b53d8]: getStoredParams() outToken size = 1, out_paramStore size = 7
07-06 12:18:10.703  4915  1145 E ThemeUtils: View class com.airbnb.lottie.LottieAnimationView is an AppCompat widget that can only be used with a Theme.AppCompat theme (or descendant).
07-06 12:18:10.704  4915  1145 I PluginSeedling--Template: MiniCardPage-->miniCard--sectionStyleChange: name: info, toStyle:MEDIA_MINI_PLAYER_STYLE, f7.r2@d44de90, androidx.constraintlayout.widget.ConstraintLayout{582d389 V.E...... ......I. 0,0-0,0 #7f0901ee app:id/section_info alpha=1.0 viewInfo = }
07-06 12:18:10.704  4915  1145 I PluginSeedling--Template: TransitionViewWrapper-->inflate, newPageState: NORMAL_STYLE, currentPage:a7.x@a1dff8e
07-06 12:18:10.704   535  3446 D audioadsprpcd: vendor/qcom/proprietary/adsprpc/src/apps_std_imp.c:381: apps_std_fopen_fd done for /odm/lib/rfsa/adsp/adsp/./nlc_bgth_v1_5.so with       fopen:116us, read:0us, rpc_alloc:0us,       mmap:0us fd 0x0 error_code 0x2
07-06 12:18:10.704  1839  3658 D PAL: OplusSpeakerProtection: spMonitorThread: 1808: speaker device is enabled
07-06 12:18:10.704  4915  1145 I PluginSeedling--Template: TransitionViewWrapper-->destroy, currentPage:a7.x@a1dff8e
07-06 12:18:10.705  4627 11429 I AEC.a   : getProfile() return: 2
07-06 12:18:10.705  4627 11429 D AudioEffect-JAVA: getParameter is not Oplus command!
07-06 12:18:10.705  4627 11429 I AudioEffect: getParameter: param: 167772165, param2: -1
07-06 12:18:10.705  4915  1145 I PluginSeedling--Template: TransitionViewWrapper-->init, initData: LATemplateData(templates={capsule=capsule templateStyle: NORMAL_STYLE, item: {left=CapsuleSectionTemplateData(style=IMAGE_TEXT_STYLE, moduleDic={pic=BitmapModel(src=android.graphics.Bitmap@87e9d63, iconColor=null, icon=Icon(typ=RESOURCE pkg=com.android.systemui id=0x7f0809d5), anim=null, bgColor=0, shape=1, width=90, height=90, radius=45.0, actionIntent=null, pi=null, desc=The Heretic Anthem)}, backgroundColor=null), right=CapsuleSectionTemplateData(style=TEXT_IMAGE_STYLE, moduleDic={pic=DrawableModel(src=null, iconColor=null, anim=LottieOrRawAnimModel(anim='[length=10444]', shouldPlayCount=-1), bgColor=0, shape=0, width=90, height=90, radius=45.0, actionIntent=null, pi=null, desc=The Heretic Anthem)}, backgroundColor=null)}, card=card templateStyle: MEDIA_PLAYER_STYLE, pageCount: 1, items: [[info]], miniCard=miniCard templateStyle: NORMAL_STYLE, item: {info=CardSectionTemplateData(layoutAlign=DEFAULT, style=MEDIA_MINI_PLAYER_STYLE, moduleDic={mpModule=LAMiniCardModel(contentModel=MiniContentModel(isCallStyle=false, primaryIcon=NormalIcon(icon=android.graphics.Bitmap@2388fef, primaryColor=0), secondaryIcon=null, contentText=The Heretic Anthem, contentColor=449597777, subText=Slipknot, time=0, showChronometer=false, isChronometerCountDown=false, optionalButton=null), laCardModel=LACardModel(key=0|com.android.systemui|268452006|1783336690152|0, backgroundColor=449597777, contentModel=ContentModel(isCallStyle=false, smallIcon=null, markIcon=null, title=, titleColor=0, contentText=, contentColor=0, subText=null, time=0, showChronometer=false, chronometerCountDown=false, largeIcon=null, appIcon=null, requiredButtons=[], endButtons=[], customModel=null, actionIntent=null), optionalModel=OptionalModel(optionalButtons=[]), progressBarModel=null, mediaModel=MediaModel(uniqueId=213555062, voiceLabel=The Heretic Anthem, actionIntent=PendingIntent{d7522de: android.os.BinderProxy@7df0ee3}, albumArt=MultiIconModel(staticIcon=StaticIcon(icon=Icon(typ=RESOURCE pkg=com.android.systemui id=0x7f0809d5), drawable=android.graphics.drawable.VectorDrawable@133acbf, bitmap=android.graphics.Bitmap@491f9e2, iconModelForMini=NormalIcon(icon=android.graphics.Bitmap@2388fef, primaryColor=0), iconModelForCard=NormalIcon(icon=android.graphics.Bitmap@72c838a, primaryColor=null)), lottieIcon=null), rotate=, topRightIcon=MultiIconModel(staticIcon=StaticIcon(icon=Icon(typ=BITMAP size=144x144), drawable=android.graphics.drawable.BitmapDrawable@c5cef8c, bitmap=android.graphics.Bitmap@1dcd0ed, iconModelForMini=null, iconModelForCard=null), lottieIcon=null), topRightIconImmersive={topRightImmersiveIconOffToOn=MultiIconModel(staticIcon=null, lottieIcon=LottieIcon[assetName: topRightImmersiveIconOffToOn lottieResource: {"v":"5.9. autoPlay=false repeatCount=0]), topRightImmersiveIconOnToOff=MultiIconModel(staticIcon=null, lottieIcon=LottieIcon[assetName: topRightImmersiveIconOnToOff lottieResource: {"v":"5.9. autoPlay=false repeatCount=0])}, songName=The Heretic Anthem, artist=Slipknot, iconBeforeArtist=null, iconBeforeArtistVoiceLabel=null, progress=0, duration=254, currentTime=1, processMode=normal, pkg=rd.sheepskin.sandboxmusic, isPlayingState=true, btnList=[LiveAlertAction(name=213555062, multiIconModel=MultiIconModel(staticIcon=StaticIcon(icon=Icon(typ=BITMAP size=162x162), drawable=android.graphics.drawable.BitmapDrawable@6d6d6d5, bitmap=android.graphics.Bitmap@8200459, iconModelForMini=null, iconModelForCard=null), lottieIcon=LottieIcon[assetName: images/previous_anim.json lottieResource: {"v":"5.9. autoPlay=false repeatCount=0]), actionIntent=null, actionUri=com.oplus.systemui.media.seedling.livealert.MediaLiveAlertProvider, actionExtra=Bundle[{CardEntranceEvent=StatusBar, MediaActionName=prevOrCustom, MediaActionType=MediaActionName, MediaEvent=MediaEvent, MediaPlayId=213555062, EventType=MediaEvent}], actionType=-1, actionConfig=null, title=Previous track, showTitle=false, nextAction=null), LiveAlertAction(name=213555062, multiIconModel=MultiIconModel(staticI
07-06 12:18:10.705  2085 19879 D EffectHalHidl: audioSchedBoost, set audiohal task boost, pid=2085, tid=19879, ret=0
07-06 12:18:10.706  1839  1839 D DlbDapEffectContext: DapEffectContext[0xb4000072d94b53d8] getDapParameter() outval size = 12, ret = 0
07-06 12:18:10.706   535  3446 D audioadsprpcd: vendor/qcom/proprietary/adsprpc/src/apps_std_imp.c:381: apps_std_fopen_fd done for /odm/lib/rfsa/adsp/./nlc_bgth_v1_5.so with       fopen:8us, read:1462us, rpc_alloc:33us,       mmap:391us fd 0xc error_code 0x0
07-06 12:18:10.706   535  3446 I audioadsprpcd: vendor/qcom/proprietary/adsprpc/src/apps_std_imp.c:1159: Successfully opened file /odm/lib/rfsa/adsp/./nlc_bgth_v1_5.so
07-06 12:18:10.706  2085 19879 D EffectHalHidl: audioSchedBoost, set audiohal task boost, pid=2085, tid=19879, ret=0
07-06 12:18:10.706   535  3446 D audioadsprpcd: vendor/qcom/proprietary/adsprpc/src/apps_std_imp.c:381: apps_std_fopen_fd done for /odm/lib/rfsa/adsp/adsp/./libtfadsp_sb4_0_rx.so with       fopen:9us, read:0us, rpc_alloc:0us,       mmap:0us fd 0x0 error_code 0x2
07-06 12:18:10.706  4915  1145 I PluginSeedling--Template: SinglePage-->inflate-sectionName: info, style:MEDIA_PLAYER_STYLE, null
07-06 12:18:10.706  1839  1876 I DlbDapEffectContext: updateEffectParams() store iea value for device(0x2)
07-06 12:18:10.707  1839  1876 D DlbDapEffectContext: DapEffectContext[0xb4000072d94b53d8] getDapParameter() outval size = 12, ret = 0
07-06 12:18:10.707  1839  1876 D DlbDapEndpointParamCache: commit() Applying parameters for device 0x40000000
07-06 12:18:10.707  1839  1876 D DlbDapEndpointParamCache: doCommit() Committed 0 parameters out of 15.
07-06 12:18:10.707  1839  1876 D DlbDapEndpointParamCache: commit() Overriding parameters for current device 0x00000002
07-06 12:18:10.707  1839  1876 D DlbDapEndpointParamCache: doCommit() Committed 0 parameters out of 65.
07-06 12:18:10.707  1839  1876 D DlbEffectContext: onDapParamUpdate() mEffectContext = 0xb4000072d94b53d8, back from updateEffectParams()
07-06 12:18:10.707  4627 11429 I AEC.a   : getProfile() return: 2
07-06 12:18:10.707  4915  5048 I SystemUi--Media: OplusMediaDataManagerSt-->AOD_MEDIA_PANEL-->createActionsFromState: curState = 2
07-06 12:18:10.708  4627 11429 I AEC.a   : setGeqBandGains([0, 0, 0, 0, 0, 0, 0, 0, 0, 0, 0, 0, 0, 0, 0, 0, 0, 0, 0, 0])
07-06 12:18:10.708  4627 11429 I AEC.a   : setDapParameter(110, [0, 0, 0, 0, 0, 0, 0, 0, 0, 0, 0, 0, 0, 0, 0, 0, 0, 0, 0, 0])
07-06 12:18:10.708  4627 11429 D AudioEffect-JAVA: getParameter is not Oplus command!
07-06 12:18:10.708  4627 11429 I AudioEffect: getParameter: param: 167772165, param2: -1
07-06 12:18:10.708  2085 19879 D EffectHalHidl: audioSchedBoost, set audiohal task boost, pid=2085, tid=19879, ret=0
07-06 12:18:10.707   535  3446 D audioadsprpcd: vendor/qcom/proprietary/adsprpc/src/apps_std_imp.c:381: apps_std_fopen_fd done for /odm/lib/rfsa/adsp/./libtfadsp_sb4_0_rx.so with       fopen:6us, read:743us, rpc_alloc:35us,       mmap:711us fd 0xe error_code 0x0
07-06 12:18:10.708  1839  1839 D DlbDapEffectContext: DapEffectContext[0xb4000072d94b53d8] getDapParameter() outval size = 12, ret = 0
07-06 12:18:10.709   535  3446 I audioadsprpcd: vendor/qcom/proprietary/adsprpc/src/apps_std_imp.c:1159: Successfully opened file /odm/lib/rfsa/adsp/./libtfadsp_sb4_0_rx.so
07-06 12:18:10.709  2085 19879 D EffectHalHidl: audioSchedBoost, set audiohal task boost, pid=2085, tid=19879, ret=0
07-06 12:18:10.709  4627 11429 I AEC.a   : getProfile() return: 2
07-06 12:18:10.709  4627 11429 I AEC.a   : setDapParameter(2, 110, [0, 0, 0, 0, 0, 0, 0, 0, 0, 0, 0, 0, 0, 0, 0, 0, 0, 0, 0, 0])
07-06 12:18:10.709  4627 11429 D AudioEffect-JAVA: getParameter is not Oplus command!
07-06 12:18:10.709  4627 11429 I AudioEffect: getParameter: param: 218103813, param2: -1
07-06 12:18:10.709  2085 19879 D EffectHalHidl: audioSchedBoost, set audiohal task boost, pid=2085, tid=19879, ret=0
07-06 12:18:10.709  4915  1145 I PluginSeedling--Template: SingleCardPage-->card--sectionStyleChange: name: info, toStyle:MEDIA_PLAYER_STYLE, f7.x3@d846ac1, androidx.constraintlayout.widget.ConstraintLayout{c2e7266 V.E...... ......I. 0,0-0,0 #7f0901ee app:id/section_info alpha=1.0 viewInfo = } h7.m@e3c1f45
07-06 12:18:10.709  1839  1839 D DlbDapEffectContext: DapEffectContext[0xb4000072d94b53d8] getDapParameter() outval size = 12, ret = 0
07-06 12:18:10.709  2085 19879 D EffectHalHidl: audioSchedBoost, set audiohal task boost, pid=2085, tid=19879, ret=0
07-06 12:18:10.710  3414  5233 D NotificationService--OplusNotificationFixHelper: fixAppIcon: pkg=rd.sheepskin.sandboxmusic
07-06 12:18:10.710  4915  1145 E ThemeUtils: View class com.google.android.material.imageview.ShapeableImageView is an AppCompat widget that can only be used with a Theme.AppCompat theme (or descendant).
07-06 12:18:10.710  3414  5233 D NotificationService--OplusNotificationFixHelper: fixAppIcon: appIcon = null, pkg = rd.sheepskin.sandboxmusic
07-06 12:18:10.710  4915  5048 I SystemUi--Media: OplusMediaDataManagerSt-->AOD_MEDIA_PANEL-->createActionsFromState: curState = 2
07-06 12:18:10.710  3414  5233 D NotificationService--NotificationRecord: isSupportRearLight , isRearLight = false mLedRM = false isMultilLed = false
07-06 12:18:10.710  4627 11429 I AEC.a   : isMonoSpeaker() return: false
07-06 12:18:10.710  4627 11429 I AudioEffect: setParameter(): 0xb400007317842600, param: 5, param2: -1
07-06 12:18:10.710  4915  1145 W ResourcesCompat: Failed to inflate ColorStateList, leaving it to the framework
07-06 12:18:10.710  4915  1145 W ResourcesCompat: java.lang.UnsupportedOperationException: Failed to resolve attribute at index 0: TypedValue{t=0x2/d=0x7f040117 a=-1}, theme={InheritanceMap=[id=0x103013fandroid:style/Theme.DeviceDefault.Light.DarkActionBar, id=0x1030238android:style/Theme.Material.Light.DarkActionBar, id=0x1030237android:style/Theme.Material.Light, id=0x103000candroid:style/Theme.Light, id=0x1030005android:style/Theme], Themes=[android:style/Theme.DeviceDefault.Light.DarkActionBar, forced]}
07-06 12:18:10.710  4915  1145 W ResourcesCompat: 	at android.content.res.TypedArray.getColor(TypedArray.java:536)
07-06 12:18:10.710  4915  1145 W ResourcesCompat: 	at w.b.b(SourceFile:138)
07-06 12:18:10.710  4915  1145 W ResourcesCompat: 	at w.b.a(SourceFile:17)
07-06 12:18:10.710  4915  1145 W ResourcesCompat: 	at com.heytap.log.util.c.J(SourceFile:122)
07-06 12:18:10.710  4915  1145 W ResourcesCompat: 	at pb.d0.b0(SourceFile:13)
07-06 12:18:10.710  4915  1145 W ResourcesCompat: 	at com.google.android.material.imageview.ShapeableImageView.<init>(SourceFile:3)
07-06 12:18:10.710  4915  1145 W ResourcesCompat: 	at com.google.android.material.imageview.ShapeableImageView.<init>(SourceFile:1)
07-06 12:18:10.710  4915  1145 W ResourcesCompat: 	at java.lang.reflect.Constructor.newInstance0(Native Method)
07-06 12:18:10.710  4915  1145 W ResourcesCompat: 	at java.lang.reflect.Constructor.newInstance(Constructor.java:343)
07-06 12:18:10.710  4915  1145 W ResourcesCompat: 	at android.view.LayoutInflater.createView(LayoutInflater.java:767)
07-06 12:18:10.710  4915  1145 W ResourcesCompat: 	at android.view.LayoutInflater.createViewFromTag(LayoutInflater.java:919)
07-06 12:18:10.710  4915  1145 W ResourcesCompat: 	at android.view.LayoutInflater.createViewFromTag(LayoutInflater.java:874)
07-06 12:18:10.710  4915  1145 W ResourcesCompat: 	at android.view.LayoutInflater.rInflate(LayoutInflater.java:1036)
07-06 12:18:10.710  4915  1145 W ResourcesCompat: 	at android.view.LayoutInflater.rInflateChildren(LayoutInflater.java:997)
07-06 12:18:10.710  4915  1145 W ResourcesCompat: 	at android.view.LayoutInflater.inflate(LayoutInflater.java:593)
07-06 12:18:10.710  4915  1145 W ResourcesCompat: 	at android.view.LayoutInflater.inflate(LayoutInflater.java:481)
07-06 12:18:10.710  4915  1145 W ResourcesCompat: 	at a7.l0.l(SourceFile:197)
07-06 12:18:10.710  4915  1145 W ResourcesCompat: 	at a7.o0.e(SourceFile:134)
07-06 12:18:10.710  4915  1145 W ResourcesCompat: 	at h7.x.l(SourceFile:12)
07-06 12:18:10.710  4915  1145 W ResourcesCompat: 	at h7.x.<init>(SourceFile:166)
07-06 12:18:10.710  4915  1145 W ResourcesCompat: 	at h7.t.<init>(SourceFile:28)
07-06 12:18:10.710  4915  1145 W ResourcesCompat: 	at l6.g.a(SourceFile:97)
07-06 12:18:10.710  4915  1145 W ResourcesCompat: 	at u3.f.b(SourceFile:186)
07-06 12:18:10.710  4915  1145 W ResourcesCompat: 	at q5.d.r(SourceFile:246)
07-06 12:18:10.710  4915  1145 W ResourcesCompat: 	at u5.r.b(SourceFile:92)
07-06 12:18:10.710  4915  1145 W ResourcesCompat: 	at u5.x.u(SourceFile:13)
07-06 12:18:10.710  4915  1145 W ResourcesCompat: 	at u5.w.run(SourceFile:43)
07-06 12:18:10.710  4915  1145 W ResourcesCompat: 	at e0.n.run(SourceFile:181)
07-06 12:18:10.710  4915  1145 W ResourcesCompat: 	at java.util.concurrent.ThreadPoolExecutor.runWorker(ThreadPoolExecutor.java:1100)
07-06 12:18:10.710  4915  1145 W ResourcesCompat: 	at java.util.concurrent.ThreadPoolExecutor$Worker.run(ThreadPoolExecutor.java:624)
07-06 12:18:10.710  4915  1145 W ResourcesCompat: 	at java.lang.Thread.run(Thread.java:1572)
07-06 12:18:10.710  2085 19879 D EffectHalHidl: audioSchedBoost, set audiohal task boost, pid=2085, tid=19879, ret=0
07-06 12:18:10.711  4915  1145 E ThemeUtils: View class com.oplus.systemui.plugins.shared.template.component.media.view.RotatableImageView is an AppCompat widget that can only be used with a Theme.AppCompat theme (or descendant).
07-06 12:18:10.711  2085 19879 D EffectHalHidl: audioSchedBoost, set audiohal task boost, pid=2085, tid=19879, ret=0
07-06 12:18:10.711  2000  2158 V DolbyManagerService: doOnDapParamUpdate() entry
07-06 12:18:10.711  2000  2158 V DolbyManagerService: doOnDapParamUpdate() exit
07-06 12:18:10.711  4627 11429 D AudioEffect-JAVA: getParameter is not Oplus command!
07-06 12:18:10.711  4627 11429 I AudioEffect: getParameter: param: 167772165, param2: -1
07-06 12:18:10.711  2085 19879 D EffectHalHidl: audioSchedBoost, set audiohal task boost, pid=2085, tid=19879, ret=0
07-06 12:18:10.711  1839  1876 D DmsHalA : DmsHalAidlCallBacks 0xb4000072d9485960 onEvent() id = 43445544
07-06 12:18:10.711  1839  1876 D DlbEffectContext: onDapParamUpdate() mEffectContext = 0xb4000072d94b53d8, try to call its updateEffectParams()
07-06 12:18:10.711  1839  1876 D DlbDapEffectContext: DapEffectContext 0xb4000072d94b53d8 grab the lock and call updateDapParams()
