07-06 12:18:10.073  4915  4915 I SystemUi--Media: MediaDataCombineLatest-->MEDIA_SEEDLING-->onMediaDataLoaded mediaData = rd.sheepskin.sandboxmusic,0|rd.sheepskin.sandboxmusic|88001|null|10447,211673,null,null,null,0,3,0,172904853,1.0,false,1783336687722,true,172904849,true,MediaButton(playId=0|rd.sheepskin.sandboxmusic|88001|null|10447, playOrPause=MediaAction(buttonName=playOrPause, iconMap={Default=(./assets/images/pauseDark.svg, null), SecondHome=(./assets/images/pauseDark.svg, null)}, animRes=null, voiceLabel=P***, isStandardAction=true, icon=Icon(typ=BITMAP size=162x162)), nextOrCustom=MediaAction(buttonName=nextOrCustom, iconMap={Default=(./assets/images/nextDark.svg, null), SecondHome=(./assets/images/nextDark.svg, null)}, animRes=./assets/images/next_anim.json, voiceLabel=N***, isStandardAction=true, icon=Icon(typ=BITMAP size=162x162)), prevOrCustom=MediaAction(buttonName=prevOrCustom, iconMap={Default=(./assets/images/previousDark.svg, null), SecondHome=(./assets/images/previousDark.svg, null)}, animRes=./assets/images/previous_anim.json, voiceLabel=P***, isStandardAction=true, icon=Icon(typ=BITMAP size=162x162)), custom0=null, custom1=MediaAction(buttonName=custom1, iconMap={}, animRes=null, voiceLabel=S***, isStandardAction=false, icon=Icon(typ=BITMAP size=162x162))),0
07-06 12:18:10.073  4915  4915 I SystemUi--Media: MediaSeedling-->MEDIA_SEEDLING-->postMediaDataUpdate needUpdate: 0 reason:onMediaDataLoaded
07-06 12:18:10.073  4915  4915 I SystemUi--Media: MediaSeedling-->MEDIA_SEEDLING-->handleMediaDataUpdate allowCreateCard: false
07-06 12:18:10.073  4915  4915 I SystemUi--Media: MediaSeedling-->MEDIA_SEEDLING-->postSeedlingsUpdate delay: 1000 needUpdate: 0 reason:handleMessage UpdateInterval
07-06 12:18:10.073  4915  5047 I SystemUi--Media: MediaLiveAlertController-->MEDIA_SEEDLING-->sendDataToPlugin, method=sendLiveAlert, notification.key=0|com.android.systemui|268452006|1783336561374|0
07-06 12:18:10.073  4915  5047 I PluginSeedling--Base: SeedlingCardServerProvider-->seedling provider called com.oplus.card.server.systemui.provider w/ sendLiveAlert 10208 4915 0
07-06 12:18:10.073  4915  5047 I PluginSeedling--Base: DefaultLiveAlertProvider-->default provider currentUserId=0 sbn: StatusBarNotification(pkg=com.android.systemui user=UserHandle{0} id=268452006 tag=1783336561374 key=0|com.android.systemui|268452006|1783336561374|0: Notification(channel=268452006 shortcut=null contentView=null vibrate=null sound=null defaults=0 flags=0 color=0x00000000 category=transport vis=PRIVATE))
07-06 12:18:10.073  4915  5048 D MediaDataManager: State updated outside of notification
07-06 12:18:10.073  4915  4915 D MediaDataManager: updateState: isPlaying = true, song change = false
07-06 12:18:10.073  4915  4915 I SystemUi--Media: MediaDataFlowLimiter-->MEDIA_PANEL-->onMediaDataLoaded: Sandbox Music(isPlaying:true) within debounce period, ignore
07-06 12:18:10.074  7903  7903 I AudioManager: dispatching onAudioFocusChange(-1) to android.media.AudioManager@1fab7fdrd.sheepskin.sandboxmusic.MediaPlaybackForegroundService@189cfa7
07-06 12:18:10.074  7903  7903 V Capacitor/BackgroundMediaPlugin: Notifying listeners for event mediaAction
07-06 12:18:10.076  7903  7903 I Capacitor/Console: File:  - Line 333 - Msg: undefined
07-06 12:18:10.076  7903  7903 I Capacitor/Console: File:  - Line 333 - Msg: {"ok":true,"message":"ExoPlayer ready."}
07-06 12:18:10.078  7903 12313 V Capacitor/Plugin: To native (Capacitor plugin): callbackId: 92024113, pluginId: NativeExoPlayback, methodName: getStatus
07-06 12:18:10.078  7903 12313 V Capacitor: callback: 92024113, pluginId: NativeExoPlayback, methodName: getStatus, methodData: {}
07-06 12:18:10.079  3414  4690 D NotificationService--OplusNotificationFixHelper: fixAppIcon: pkg=rd.sheepskin.sandboxmusic
07-06 12:18:10.079  3414  4690 D NotificationService--OplusNotificationFixHelper: fixAppIcon: appIcon = null, pkg = rd.sheepskin.sandboxmusic
07-06 12:18:10.080  3414  4690 D NotificationService--NotificationRecord: isSupportRearLight , isRearLight = false mLedRM = false isMultilLed = false
07-06 12:18:10.080  3414  4690 I OplusStatusBarManagerServiceEnhance:  getTopIsFullscreen mTopIsFullscreen: false
07-06 12:18:10.080  3414  4690 W ActivityManager: Permission Denial: getTopApplicationInfo from pid=7903, uid=10447 requires oplus.permission.OPLUS_COMPONENT_SAFE
07-06 12:18:10.080  3414  4690 E OplusNotificationCenter: getForegroundApplication exception
07-06 12:18:10.080  3414  3414 D NotificationService--OplusNotificationManagerServiceExtImpl: isForwardToAssistants: true, case : Is local notification
07-06 12:18:10.080  3414  3414 D NotificationService: This application enqueue notifications is need postDelayed mcsAssistantDelayTime: 200
07-06 12:18:10.081  3414  4690 D MediaSessionService: onSessionPlaybackStateChanged: record=rd.sheepskin.sandboxmusic/SovereignMusicConsole/6942 (userId=0) playbackState=PlaybackState {state=PLAYING(3), position=0, buffered position=0, speed=1.0, updated=1783336690081, actions=894, custom actions=[], active item id=-1, error=null}
07-06 12:18:10.082  4915  4915 I SystemUi--Media: MediaDataFlowLimiter-->MEDIA_PANEL-->onMediaDataLoaded: Sandbox Music(isPlaying:true) within debounce period, ignore
07-06 12:18:10.082  3414  4690 I MediaFocusControl: requestAudioFocus() from uid/pid 10447/7903 AA=USAGE_MEDIA/CONTENT_TYPE_MUSIC clientId=android.media.AudioManager@1fab7fdrd.sheepskin.sandboxmusic.MediaPlaybackForegroundService@189cfa7 callingPack=rd.sheepskin.sandboxmusic req=1 flags=0x1 sdk=36
07-06 12:18:10.082  3414  4690 I AS.FadeOutManager: unfadeOutUid() uid:10447
07-06 12:18:10.083  3414  4626 D NasPowerProxyService: playback state changed:{duration=0, artist=┬ź$, album=, bufferedPosition=0, packageName=rd.sheepskin.sandboxmusic, state=3, position=0, id=null, title=Fried, speed=1.0}
07-06 12:18:10.083  4915  5048 I SystemUi--Media: OplusMediaDataManagerSt-->AOD_MEDIA_PANEL-->createActionsFromState: curState = 3
07-06 12:18:10.084  4915  4915 I SystemUi--Media: AbsMediaClient-->MEDIA_SEEDLING-->updateMediaDataByPlaybackState newState=3,newPosition=0, rd.sheepskin.sandboxmusic
07-06 12:18:10.084  4915  4915 I SystemUi--Media: AbsMediaClient-->MEDIA_SEEDLING-->dispatchMediaDataLoaded needUpdate=0 reason=updatePositionByPlaybackState isDestroyed=false
07-06 12:18:10.084  4915  4915 I SystemUi--Media: MediaDataCombineLatest-->MEDIA_SEEDLING-->onMediaDataLoaded mediaData = rd.sheepskin.sandboxmusic,0|rd.sheepskin.sandboxmusic|88001|null|10447,211673,null,null,null,0,3,0,172904864,1.0,false,1783336687722,true,172904853,true,MediaButton(playId=0|rd.sheepskin.sandboxmusic|88001|null|10447, playOrPause=MediaAction(buttonName=playOrPause, iconMap={Default=(./assets/images/pauseDark.svg, null), SecondHome=(./assets/images/pauseDark.svg, null)}, animRes=null, voiceLabel=P***, isStandardAction=true, icon=Icon(typ=BITMAP size=162x162)), nextOrCustom=MediaAction(buttonName=nextOrCustom, iconMap={Default=(./assets/images/nextDark.svg, null), SecondHome=(./assets/images/nextDark.svg, null)}, animRes=./assets/images/next_anim.json, voiceLabel=N***, isStandardAction=true, icon=Icon(typ=BITMAP size=162x162)), prevOrCustom=MediaAction(buttonName=prevOrCustom, iconMap={Default=(./assets/images/previousDark.svg, null), SecondHome=(./assets/images/previousDark.svg, null)}, animRes=./assets/images/previous_anim.json, voiceLabel=P***, isStandardAction=true, icon=Icon(typ=BITMAP size=162x162)), custom0=null, custom1=MediaAction(buttonName=custom1, iconMap={}, animRes=null, voiceLabel=S***, isStandardAction=false, icon=Icon(typ=BITMAP size=162x162))),0
07-06 12:18:10.084  4915  4915 I SystemUi--Media: MediaSeedling-->MEDIA_SEEDLING-->postMediaDataUpdate needUpdate: 0 reason:onMediaDataLoaded
07-06 12:18:10.084  4915  4915 I SystemUi--Media: MediaSeedling-->MEDIA_SEEDLING-->handleMediaDataUpdate allowCreateCard: false
07-06 12:18:10.084  4915  4915 I SystemUi--Media: MediaSeedling-->MEDIA_SEEDLING-->postSeedlingsUpdate delay: 1000 needUpdate: 0 reason:handleMessage UpdateInterval
07-06 12:18:10.084  3414  4690 D NotificationService--OplusNotificationFixHelper: fixAppIcon: pkg=rd.sheepskin.sandboxmusic
07-06 12:18:10.084  3414  4690 D NotificationService--OplusNotificationFixHelper: fixAppIcon: appIcon = null, pkg = rd.sheepskin.sandboxmusic
07-06 12:18:10.084  3414  4690 D NotificationService--NotificationRecord: isSupportRearLight , isRearLight = false mLedRM = false isMultilLed = false
07-06 12:18:10.085  9177 10470 I discovery::core::moni..: DiscMonitor: [trace_id=58622411422]DiscoveryComponentStatus { adaptive_sdp_client_status: Some("{\"0\":\"0.0.0.0\",\"1\":null}"), adaptive_sdp_server_status: None, network_interface_states: Some({}) }
07-06 12:18:10.085  3414  4690 I OplusStatusBarManagerServiceEnhance:  getTopIsFullscreen mTopIsFullscreen: false
07-06 12:18:10.085  3414  4690 W ActivityManager: Permission Denial: getTopApplicationInfo from pid=7903, uid=10447 requires oplus.permission.OPLUS_COMPONENT_SAFE
07-06 12:18:10.085  3414  4690 E OplusNotificationCenter: getForegroundApplication exception
07-06 12:18:10.085  4915  5048 D MediaDataManager: State updated outside of notification
07-06 12:18:10.085  3414  3414 D NotificationService--OplusNotificationManagerServiceExtImpl: isForwardToAssistants: true, case : Is local notification
07-06 12:18:10.085  3414  3414 D NotificationService: This application enqueue notifications is need postDelayed mcsAssistantDelayTime: 200
07-06 12:18:10.085  1884  2196 I SDM     : DisplayBase::CommitThread: Received idle timeout, panel: cmd, timeout: 70000 us
07-06 12:18:10.085  7903  7903 I Capacitor/Console: File:  - Line 333 - Msg: undefined
07-06 12:18:10.086  7903  7903 I Capacitor/Console: File:  - Line 349 - Msg: [object Object]
07-06 12:18:10.087  4915  5047 I SystemUi--Media: MediaLiveAlertController-->MEDIA_SEEDLING-->sendDataToPlugin, method=sendLiveAlert, notification.key=0|com.android.systemui|268452006|1783336561374|0
07-06 12:18:10.087  4915  5047 I PluginSeedling--Base: SeedlingCardServerProvider-->seedling provider called com.oplus.card.server.systemui.provider w/ sendLiveAlert 10208 4915 0
07-06 12:18:10.087  4915  5047 I PluginSeedling--Base: DefaultLiveAlertProvider-->default provider currentUserId=0 sbn: StatusBarNotification(pkg=com.android.systemui user=UserHandle{0} id=268452006 tag=1783336561374 key=0|com.android.systemui|268452006|1783336561374|0: Notification(channel=268452006 shortcut=null contentView=null vibrate=null sound=null defaults=0 flags=0 color=0x00000000 category=transport vis=PRIVATE))
07-06 12:18:10.087  7903 12313 V Capacitor/Plugin: To native (Capacitor plugin): callbackId: 92024114, pluginId: BackgroundMedia, methodName: updateMetadata
07-06 12:18:10.087  7903 12313 V Capacitor: callback: 92024114, pluginId: BackgroundMedia, methodName: updateMetadata, methodData: {"title":"The Heretic Anthem","artist":"Slipknot","album":"All Hope Is Gone"}
07-06 12:18:10.088  4915  4915 D MediaDataManager: updateState: isPlaying = true, song change = false
07-06 12:18:10.088  4915  4915 I SystemUi--Media: MediaDataFlowLimiter-->MEDIA_PANEL-->onMediaDataLoaded: Sandbox Music(isPlaying:true) within debounce period, ignore
07-06 12:18:10.089  7903 12313 V Capacitor/Plugin: To native (Capacitor plugin): callbackId: 92024115, pluginId: NativeExoPlayback, methodName: playUrl
07-06 12:18:10.089  3414  4746 D MediaSessionService: onSessionPlaybackStateChanged: record=rd.sheepskin.sandboxmusic/SovereignMusicConsole/6942 (userId=0) playbackState=PlaybackState {state=PLAYING(3), position=0, buffered position=0, speed=1.0, updated=1783336690088, actions=894, custom actions=[], active item id=-1, error=null}
07-06 12:18:10.089  7903 12313 V Capacitor: callback: 92024115, pluginId: NativeExoPlayback, methodName: playUrl, methodData: {"url":"content:\/\/rd.sheepskin.sandboxmusic.locker\/locker\/locker-1783336498726-de3fxx","autoPlay":true,"resetQueue":true,"gaplessEnabled":true,"crossfade":false,"envelopeId":"local-locker-1783336498726-de3fxx","title":"The Heretic Anthem","artist":"Slipknot","album":"All Hope Is Gone","durationSeconds":254}
07-06 12:18:10.089  4915  4915 I SystemUi--Media: MediaDataFlowLimiter-->MEDIA_PANEL-->onMediaDataLoaded: Sandbox Music(isPlaying:true) within debounce period, ignore
07-06 12:18:10.090  7903 12313 V Capacitor/Plugin: To native (Capacitor plugin): callbackId: 92024116, pluginId: NativeExoPlayback, methodName: getStatus
07-06 12:18:10.090  3414  4626 D NasPowerProxyService: playback state changed:{duration=0, artist=Slipknot, album=All Hope Is Gone, bufferedPosition=0, packageName=rd.sheepskin.sandboxmusic, state=3, position=0, id=null, title=The Heretic Anthem, speed=1.0}
07-06 12:18:10.090  7903 12313 V Capacitor: callback: 92024116, pluginId: NativeExoPlayback, methodName: getStatus, methodData: {}
07-06 12:18:10.090  4915  5048 I SystemUi--Media: OplusMediaDataManagerSt-->AOD_MEDIA_PANEL-->createActionsFromState: curState = 3
07-06 12:18:10.090  7903 16495 D AudioTrack: flush+ mIsStopFlush 0, mIsTrackSupportFade 1, mTrackFadeSupportType 0 , mShareBuffer != 0 ? 0, mState 1
07-06 12:18:10.090  7903 16495 D AudioTrack: flush(867): prior state:STATE_STOPPED
07-06 12:18:10.090  4915  5048 D MediaDataManager: State updated outside of notification
07-06 12:18:10.091  4915  4915 I SystemUi--Media: AbsMediaClient-->MEDIA_SEEDLING-->updateMediaDataByPlaybackState newState=3,newPosition=0, rd.sheepskin.sandboxmusic
07-06 12:18:10.091  4915  4915 I SystemUi--Media: AbsMediaClient-->MEDIA_SEEDLING-->dispatchMediaDataLoaded needUpdate=0 reason=updatePositionByPlaybackState isDestroyed=false
07-06 12:18:10.091  4915  4915 I SystemUi--Media: MediaDataCombineLatest-->MEDIA_SEEDLING-->onMediaDataLoaded mediaData = rd.sheepskin.sandboxmusic,0|rd.sheepskin.sandboxmusic|88001|null|10447,211673,null,null,null,0,3,0,172904872,1.0,false,1783336687722,true,172904865,true,MediaButton(playId=0|rd.sheepskin.sandboxmusic|88001|null|10447, playOrPause=MediaAction(buttonName=playOrPause, iconMap={Default=(./assets/images/pauseDark.svg, null), SecondHome=(./assets/images/pauseDark.svg, null)}, animRes=null, voiceLabel=P***, isStandardAction=true, icon=Icon(typ=BITMAP size=162x162)), nextOrCustom=MediaAction(buttonName=nextOrCustom, iconMap={Default=(./assets/images/nextDark.svg, null), SecondHome=(./assets/images/nextDark.svg, null)}, animRes=./assets/images/next_anim.json, voiceLabel=N***, isStandardAction=true, icon=Icon(typ=BITMAP size=162x162)), prevOrCustom=MediaAction(buttonName=prevOrCustom, iconMap={Default=(./assets/images/previousDark.svg, null), SecondHome=(./assets/images/previousDark.svg, null)}, animRes=./assets/images/previous_anim.json, voiceLabel=P***, isStandardAction=true, icon=Icon(typ=BITMAP size=162x162)), custom0=null, custom1=MediaAction(buttonName=custom1, iconMap={}, animRes=null, voiceLabel=S***, isStandardAction=false, icon=Icon(typ=BITMAP size=162x162))),0
07-06 12:18:10.091  4915  4915 I SystemUi--Media: MediaSeedling-->MEDIA_SEEDLING-->postMediaDataUpdate needUpdate: 0 reason:onMediaDataLoaded
07-06 12:18:10.091  4915  4915 D MediaDataManager: updateState: isPlaying = true, song change = false
07-06 12:18:10.092  4915  4915 I SystemUi--Media: MediaDataFlowLimiter-->MEDIA_PANEL-->onMediaDataLoaded: Sandbox Music(isPlaying:true) within debounce period, ignore
07-06 12:18:10.092  4915  4915 I SystemUi--Media: MediaSeedling-->MEDIA_SEEDLING-->handleMediaDataUpdate allowCreateCard: false
07-06 12:18:10.092  7903  7903 I Capacitor/Console: File:  - Line 333 - Msg: undefined
07-06 12:18:10.092  4915  4915 I SystemUi--Media: MediaSeedling-->MEDIA_SEEDLING-->postSeedlingsUpdate delay: 1000 needUpdate: 0 reason:handleMessage UpdateInterval
07-06 12:18:10.092  7903  7903 I Capacitor/Console: File:  - Line 349 - Msg: [object Object]
07-06 12:18:10.092  7903  7903 I Capacitor/Console: File:  - Line 333 - Msg: {"available":true,"wired":true,"message":"ExoPlayer gapless queue ŌĆö content:// locker bridge + HTTP streams.","state":"idle","positionSecs":0,"durationSecs":166,"queueIndex":0,"queueLength":0,"gaplessEnabled":true,"crossfadeEnabled":false,"bitPerfectActive":false,"envelopeId":"local-locker-1783336458697-ofhh9y","title":"Fried","artist":"┬ź$"}
07-06 12:18:10.092  7903  7903 I Capacitor/Console: File: https://localhost/assets/tier34-client-CTnAjorN.js - Line 2 - Msg: [useAudioFSM] nativeExoPlayUrl {"title":"The Heretic Anthem","urlKind":"content","urlLen":77,"autoPlay":true}
07-06 12:18:10.092  7903  7903 I Capacitor/Console: File:  - Line 349 - Msg: [object Object]
07-06 12:18:10.092  4915  5047 I SystemUi--Media: MediaLiveAlertController-->MEDIA_SEEDLING-->sendDataToPlugin, method=sendLiveAlert, notification.key=0|com.android.systemui|268452006|1783336561374|0
07-06 12:18:10.092  4915  5047 I PluginSeedling--Base: SeedlingCardServerProvider-->seedling provider called com.oplus.card.server.systemui.provider w/ sendLiveAlert 10208 4915 0
07-06 12:18:10.092  7903  7903 I Capacitor/Console: File:  - Line 333 - Msg: {"action":"pause"}
07-06 12:18:10.092  4915  5047 I PluginSeedling--Base: DefaultLiveAlertProvider-->default provider currentUserId=0 sbn: StatusBarNotification(pkg=com.android.systemui user=UserHandle{0} id=268452006 tag=1783336561374 key=0|com.android.systemui|268452006|1783336561374|0: Notification(channel=268452006 shortcut=null contentView=null vibrate=null sound=null defaults=0 flags=0 color=0x00000000 category=transport vis=PRIVATE))
07-06 12:18:10.092  7903  7903 I Capacitor/Console: File:  - Line 349 - Msg: [object Object]
07-06 12:18:10.093  7903  7903 I AudioManager: dispatching onAudioFocusChange(-1) to android.media.AudioManager@ab35feerd.sheepskin.sandboxmusic.AndroidAudioSessionHelper$$ExternalSyntheticLambda0@f44963e
07-06 12:18:10.093  1890  2045 I [UAH_CLIENT]: UahPlatformResAcquire
07-06 12:18:10.093  1890  2045 I [UAH_CLIENT]: UahEventAcquire, cmdid:-3, pkg:2141 7897, identity:qcom-perfd
07-06 12:18:10.095  1890  2036 E ANDR-PERF-RESOURCEQS: ANDR-PERF-RESOURCEQS: AddAndApply() 125: Resource with major=16, minor=0 not supported
07-06 12:18:10.095  7903 16495 D AudioTrack: [oplusAudioFade]stop mState STATE_FLUSHED, mIsTrackSupportFade 1
07-06 12:18:10.095  7903 16495 D AudioTrack: stop(867): prior state:STATE_FLUSHED output 29 stream 3 session 4529
07-06 12:18:10.096  4915  4915 I PluginSeedling--Origin: LiveAlertInteractorImpl-->EntryDataListener,onDataPosted originData:[t3.d@a38f41a5] data:[t3.d@a38f41a5]
07-06 12:18:10.096  4915  4915 I PluginSeedling--Origin: LiveAlertInteractorImpl-->notifyEntryDataChanged ENTRY_NOTIFICATION, result:LiveAlertModel: [key: 0|com.android.systemui|268452006|1783336561374|0, entranceType: ENTRY_NOTIFICATION, score: 6.15, groupPriority: 2 type: LIVE, isSystemService: true, shouldShow: true, lockscreenShouldShow: true, sourceType: SOURCE_COMMON, remindLevel: 0, pkg: rd.sheepskin.sandboxmusic, hostPkgName=com.android.systemui front: true, forceRebuild: false, isForcedReminder: false, InstantDuration: 5000, requestPanel: null, capsuleTimeOut: 300000, serviceTitleName: , overrideTransition: false level: 2,
07-06 12:18:10.096  4915  4915 I PluginSeedling--Origin:  rusBaseData: RusBaseData(id='default_com.android.systemui_268452006', updateStateEnable=1, canDelete=1, remindAlways=0, longClick='', cardImportance=-1, clickCustomAction=0,timeOutDuration=5, timeOutDurationEnable=0,enableInSuperpower=0, autoPriority=0, customCapsuleDuration=300000,clickWhenAnim=1, panoramicAodEnable=1,notificationStyleList=,blackCallStyle=0, liveAlertScore=6.15,liveAlertLevel=2,enableQuitShrink=0, lockImmersiveEnable=1, lockImmersiveDefault=1,lockRemindAlways = 0, luSettings=[], liteAnim=14, serviceType=1), showSize: VIEW_SIZE_NONE, isPinFiltered: false serviceFrom: 0, liveAlertState: SeedlingState(0), wrapperSize: 3, duplicateChips: false, quitHideOrBubble:0, liveAlertService:, immersiveCardType:2, requestLockScreenImmersive:-1, ignoreEntry:-1, noe: false
07-06 12:18:10.096  4915  4915 I PluginSeedling--Notification: NotificationRepository-->onDataChanged, [LiveAlertModel: [key: 0|com.android.systemui|268452006|1783336561374|0, entranceType: ENTRY_NOTIFICATION, score: 6.15, groupPriority: 2 type: LIVE, isSystemService: true, shouldShow: true, lockscreenShouldShow: true, sourceType: SOURCE_COMMON, remindLevel: 0, pkg: rd.sheepskin.sandboxmusic, hostPkgName=com.android.systemui front: true, forceRebuild: false, isForcedReminder: false, InstantDuration: 5000, requestPanel: null, capsuleTimeOut: 300000, serviceTitleName: , overrideTransition: false level: 2,
07-06 12:18:10.096  4915  4915 I PluginSeedling--Notification:  rusBaseData: RusBaseData(id='default_com.android.systemui_268452006', updateStateEnable=1, canDelete=1, remindAlways=0, longClick='', cardImportance=-1, clickCustomAction=0,timeOutDuration=5, timeOutDurationEnable=0,enableInSuperpower=0, autoPriority=0, customCapsuleDuration=300000,clickWhenAnim=1, panoramicAodEnable=1,notificationStyleList=,blackCallStyle=0, liveAlertScore=6.15,liveAlertLevel=2,enableQuitShrink=0, lockImmersiveEnable=1, lockImmersiveDefault=1,lockRemindAlways = 0, luSettings=[], liteAnim=14, serviceType=1), showSize: VIEW_SIZE_NONE, isPinFiltered: false serviceFrom: 0, liveAlertState: SeedlingState(0), wrapperSize: 3, duplicateChips: false, quitHideOrBubble:0, liveAlertService:, immersiveCardType:2, requestLockScreenImmersive:-1, ignoreEntry:-1]
07-06 12:18:10.096  4915  4915 I PluginSeedling--Origin: LiveAlertInteractorImpl-->EntryDataListener,onDataPosted originData:[t3.d@a38f41a5] data:[t3.d@a38f41a5]
07-06 12:18:10.096  4915  4915 I PluginSeedling--Origin: LiveAlertInteractorImpl-->notifyEntryDataChanged ENTRY_STATUS_BAR, result:LiveAlertModel: [key: 0|com.android.systemui|268452006|1783336561374|0, entranceType: ENTRY_STATUS_BAR, score: 6.15, groupPriority: 2 type: LIVE, isSystemService: true, shouldShow: true, lockscreenShouldShow: false, sourceType: SOURCE_COMMON, remindLevel: 0, pkg: rd.sheepskin.sandboxmusic, hostPkgName=com.android.systemui front: true, forceRebuild: false, isForcedReminder: false, InstantDuration: 5000, requestPanel: null, capsuleTimeOut: 300000, serviceTitleName: , overrideTransition: false level: 2,
07-06 12:18:10.096  4915  4915 I PluginSeedling--Origin:  rusBaseData: RusBaseData(id='default_com.android.systemui_268452006', updateStateEnable=1, canDelete=1, remindAlways=0, longClick='', cardImportance=-1, clickCustomAction=0,timeOutDuration=5, timeOutDurationEnable=0,enableInSuperpower=0, autoPriority=0, customCapsuleDuration=300000,clickWhenAnim=1, panoramicAodEnable=1,notificationStyleList=,blackCallStyle=0, liveAlertScore=6.15,liveAlertLevel=2,enableQuitShrink=0, lockImmersiveEnable=1, lockImmersiveDefault=1,lockRemindAlways = 0, luSettings=[], liteAnim=14, serviceType=1), showSize: VIEW_SIZE_NONE, isPinFiltered: false serviceFrom: 0, liveAlertState: SeedlingState(0), wrapperSize: 2, duplicateChips: false, quitHideOrBubble:0, liveAlertService:, immersiveCardType:2, requestLockScreenImmersive:-1, ignoreEntry:-1, noe: false
07-06 12:18:10.096  7903 13923 I CCodecConfig: query failed after returning 21 values (BAD_INDEX)
07-06 12:18:10.096  2085  4025 D AudioFlinger: updateWakeLockUids_l AudioOut_1D uids:
07-06 12:18:10.097  7903 13923 D BufferPoolAccessor2.0: bufferpool2 0xb4000073229e9e28 : 1(8192 size) total buffers - 1(8192 size) used buffers - 206/213 (recycle/alloc) - 16/192 (fetch/transfer)
07-06 12:18:10.097  7903 13923 W Codec2Client: query -- param skipped: index = 1342179345.
07-06 12:18:10.097  7903 13923 W Codec2Client: query -- param skipped: index = 2415921170.
07-06 12:18:10.097  7903 13923 W Codec2Client: query -- param skipped: index = 1610614798.
07-06 12:18:10.097  3414  4690 D NotificationService--OplusNotificationFixHelper: fixAppIcon: pkg=rd.sheepskin.sandboxmusic
07-06 12:18:10.097  3414  4690 D NotificationService--OplusNotificationFixHelper: fixAppIcon: appIcon = null, pkg = rd.sheepskin.sandboxmusic
07-06 12:18:10.098  3414  4690 D NotificationService--NotificationRecord: isSupportRearLight , isRearLight = false mLedRM = false isMultilLed = false
07-06 12:18:10.098  3414  4690 I OplusStatusBarManagerServiceEnhance:  getTopIsFullscreen mTopIsFullscreen: false
07-06 12:18:10.098  3414  4690 W ActivityManager: Permission Denial: getTopApplicationInfo from pid=7903, uid=10447 requires oplus.permission.OPLUS_COMPONENT_SAFE
07-06 12:18:10.098  3414  4690 E OplusNotificationCenter: getForegroundApplication exception
07-06 12:18:10.099  3414  3414 D NotificationService--OplusNotificationManagerServiceExtImpl: isForwardToAssistants: true, case : Is local notification
07-06 12:18:10.099  3414  3414 D NotificationService: This application enqueue notifications is need postDelayed mcsAssistantDelayTime: 200
07-06 12:18:10.099  7903  7903 I Capacitor/Console: File:  - Line 333 - Msg: {"available":true,"wired":true,"message":"ExoPlayer gapless queue ŌĆö content:// locker bridge + HTTP streams.","state":"idle","positionSecs":0,"durationSecs":166,"queueIndex":0,"queueLength":0,"gaplessEnabled":true,"crossfadeEnabled":false,"bitPerfectActive":false,"envelopeId":"local-locker-1783336458697-ofhh9y","title":"Fried","artist":"┬ź$"}
07-06 12:18:10.099  7903  7903 I Capacitor/Console: File:  - Line 349 - Msg: [object Object]
07-06 12:18:10.099  7903 12313 V Capacitor/Plugin: To native (Capacitor plugin): callbackId: 92024117, pluginId: NativeExoPlayback, methodName: resume
07-06 12:18:10.100  7903 12313 V Capacitor: callback: 92024117, pluginId: NativeExoPlayback, methodName: resume, methodData: {}
07-06 12:18:10.100  7903  7903 I Capacitor/Console: File:  - Line 349 - Msg: [object Object]
07-06 12:18:10.100  7903 12313 V Capacitor/Plugin: To native (Capacitor plugin): callbackId: 92024118, pluginId: BackgroundMedia, methodName: stopForeground
07-06 12:18:10.100  7903 12313 V Capacitor: callback: 92024118, pluginId: BackgroundMedia, methodName: stopForeground, methodData: {}
07-06 12:18:10.103  3414  4690 I MediaFocusControl: requestAudioFocus() from uid/pid 10447/7903 AA=USAGE_MEDIA/CONTENT_TYPE_MUSIC clientId=android.media.AudioManager@ab35feerd.sheepskin.sandboxmusic.AndroidAudioSessionHelper$$ExternalSyntheticLambda0@241d3bb callingPack=rd.sheepskin.sandboxmusic req=1 flags=0x1 sdk=36
07-06 12:18:10.104  3414  4690 I AS.FadeOutManager: unfadeOutUid() uid:10447
07-06 12:18:10.105  7903 16495 D AudioTrack: ~AudioTrack(867), releasing mStatus =0 session id 4529 from 7903 on behalf of 7903
07-06 12:18:10.105  3414  4690 D MediaSessionService: onSessionPlaybackStateChanged: record=rd.sheepskin.sandboxmusic/SovereignMusicConsole/6942 (userId=0) playbackState=PlaybackState {state=PLAYING(3), position=0, buffered position=0, speed=1.0, updated=1783336690105, actions=894, custom actions=[], active item id=-1, error=null}
07-06 12:18:10.105  7903 16495 D AudioTrack: [oplusAudioFade]stop mState STATE_FLUSHED, mIsTrackSupportFade 1
07-06 12:18:10.105  7903 16495 D AudioTrack: stop(867): prior state:STATE_FLUSHED output 29 stream 3 session 4529
07-06 12:18:10.106  7903 16495 I AudioTrack: stopAndJoinCallbacks(867) done
07-06 12:18:10.106  2085 19879 D AudioBoost: audioAppKeyThreadReport() pid 7903, tid -1, enable 0, inUid 0, eventIt -1, threadType -1, id 717
07-06 12:18:10.106  7903 12313 V Capacitor/Plugin: To native (Capacitor plugin): callbackId: 92024119, pluginId: BackgroundMedia, methodName: updatePlaybackState
07-06 12:18:10.106  7903 12313 V Capacitor: callback: 92024119, pluginId: BackgroundMedia, methodName: updatePlaybackState, methodData: {"isPlaying":true,"positionMs":0,"durationMs":254000,"playbackRate":1}
07-06 12:18:10.106  2085 19879 D AF::Track: destroy(717)
07-06 12:18:10.107  3414  4690 D NotificationService--OplusNotificationFixHelper: fixAppIcon: pkg=rd.sheepskin.sandboxmusic
07-06 12:18:10.107  3414  4690 D NotificationService--OplusNotificationFixHelper: fixAppIcon: appIcon = null, pkg = rd.sheepskin.sandboxmusic
07-06 12:18:10.107  3414  4690 D NotificationService--NotificationRecord: isSupportRearLight , isRearLight = false mLedRM = false isMultilLed = false
07-06 12:18:10.107  3414  4690 I OplusStatusBarManagerServiceEnhance:  getTopIsFullscreen mTopIsFullscreen: false
07-06 12:18:10.107  3414  4690 W ActivityManager: Permission Denial: getTopApplicationInfo from pid=7903, uid=10447 requires oplus.permission.OPLUS_COMPONENT_SAFE
07-06 12:18:10.107  3414  4690 E OplusNotificationCenter: getForegroundApplication exception
07-06 12:18:10.108  3414  3414 D NotificationService--OplusNotificationManagerServiceExtImpl: isForwardToAssistants: true, case : Is local notification
07-06 12:18:10.108  3414  3414 D NotificationService: This application enqueue notifications is need postDelayed mcsAssistantDelayTime: 200
07-06 12:18:10.108  7903  7903 V Capacitor/NativeExoPlaybackPlugin: Notifying listeners for event playbackEvent
07-06 12:18:10.108  2085  2763 E AudioPolicyInterfaceImpl: checkSessionHasActiveClient mSessionLatestHandleList has no port for session = 4529
07-06 12:18:10.109  3414  4690 D MediaSessionService: onSessionPlaybackStateChanged: record=rd.sheepskin.sandboxmusic/SovereignMusicConsole/6942 (userId=0) playbackState=PlaybackState {state=PLAYING(3), position=0, buffered position=0, speed=1.0, updated=1783336690109, actions=894, custom actions=[], active item id=-1, error=null}
07-06 12:18:10.110  3414  4690 I IPCThreadState: oneway function results for code 10007 on binder at 0xb4000071d6ee69e0 will be dropped but finished with status UNKNOWN_TRANSACTION
07-06 12:18:10.110  3414  4626 D NasPowerProxyService: playback state changed:{duration=0, artist=Slipknot, album=All Hope Is Gone, bufferedPosition=0, packageName=rd.sheepskin.sandboxmusic, state=3, position=0, id=null, title=The Heretic Anthem, speed=1.0}
07-06 12:18:10.110  3414  4626 D NasPowerProxyService: playback state changed:{duration=0, artist=Slipknot, album=All Hope Is Gone, bufferedPosition=0, packageName=rd.sheepskin.sandboxmusic, state=3, position=0, id=null, title=The Heretic Anthem, speed=1.0}
07-06 12:18:10.111  3414  4690 D NotificationService--OplusNotificationFixHelper: fixAppIcon: pkg=rd.sheepskin.sandboxmusic
07-06 12:18:10.111  3414  4690 D NotificationService--OplusNotificationFixHelper: fixAppIcon: appIcon = null, pkg = rd.sheepskin.sandboxmusic
07-06 12:18:10.111  4915  4915 I SystemUi--Media: MediaDataFlowLimiter-->MEDIA_PANEL-->onMediaDataLoaded: Sandbox Music(isPlaying:true) within debounce period, ignore
07-06 12:18:10.111  3414  4690 D NotificationService--NotificationRecord: isSupportRearLight , isRearLight = false mLedRM = false isMultilLed = false
07-06 12:18:10.111  3414  4690 I OplusStatusBarManagerServiceEnhance:  getTopIsFullscreen mTopIsFullscreen: false
07-06 12:18:10.111  3414  4690 W ActivityManager: Permission Denial: getTopApplicationInfo from pid=7903, uid=10447 requires oplus.permission.OPLUS_COMPONENT_SAFE
07-06 12:18:10.111  3414  4690 E OplusNotificationCenter: getForegroundApplication exception
07-06 12:18:10.112  7903  7903 I Capacitor/Console: File:  - Line 333 - Msg: undefined
07-06 12:18:10.112  7903  7903 I Capacitor/Console: File:  - Line 349 - Msg: [object Object]
07-06 12:18:10.112  3414  3414 D NotificationService--OplusNotificationManagerServiceExtImpl: isForwardToAssistants: true, case : Is local notification
07-06 12:18:10.112  3414  3414 D NotificationService: This application enqueue notifications is need postDelayed mcsAssistantDelayTime: 200
07-06 12:18:10.113  4915  5048 I SystemUi--Media: OplusMediaDataManagerSt-->AOD_MEDIA_PANEL-->createActionsFromState: curState = 3
07-06 12:18:10.113  3414  4571 D MediaSessionService: onSessionPlaybackStateChanged: record=rd.sheepskin.sandboxmusic/SovereignMusicConsole/6942 (userId=0) playbackState=PlaybackState {state=PLAYING(3), position=0, buffered position=0, speed=1.0, updated=1783336690113, actions=894, custom actions=[], active item id=-1, error=null}
07-06 12:18:10.114  3414  4626 D NasPowerProxyService: playback state changed:{duration=0, artist=Slipknot, album=All Hope Is Gone, bufferedPosition=0, packageName=rd.sheepskin.sandboxmusic, state=3, position=0, id=null, title=The Heretic Anthem, speed=1.0}
07-06 12:18:10.114  4915  5048 D MediaDataManager: State updated outside of notification
07-06 12:18:10.114  1890 16498 I [UAH_CLIENT]: UahRelease, handle:121534
07-06 12:18:10.114  1894  4474 D C2BqBuffer: configuring null producer: igbp_information(0)
07-06 12:18:10.114  3414  4746 D MediaSessionService: onSessionPlaybackStateChanged: record=rd.sheepskin.sandboxmusic/SovereignMusicConsole/6942 (userId=0) playbackState=PlaybackState {state=PLAYING(3), position=0, buffered position=0, speed=1.0, updated=1783336690112, actions=894, custom actions=[], active item id=-1, error=null}
07-06 12:18:10.114  3414  4626 D NasPowerProxyService: playback state changed:{duration=0, artist=Slipknot, album=All Hope Is Gone, bufferedPosition=0, packageName=rd.sheepskin.sandboxmusic, state=3, position=0, id=null, title=The Heretic Anthem, speed=1.0}
07-06 12:18:10.115  3414  4746 D NotificationService--OplusNotificationFixHelper: fixAppIcon: pkg=rd.sheepskin.sandboxmusic
07-06 12:18:10.115  3414  4746 D NotificationService--OplusNotificationFixHelper: fixAppIcon: appIcon = null, pkg = rd.sheepskin.sandboxmusic
07-06 12:18:10.115  3414  4746 D NotificationService--NotificationRecord: isSupportRearLight , isRearLight = false mLedRM = false isMultilLed = false
07-06 12:18:10.115  3414  4746 I OplusStatusBarManagerServiceEnhance:  getTopIsFullscreen mTopIsFullscreen: false
07-06 12:18:10.116  3414  4746 W ActivityManager: Permission Denial: getTopApplicationInfo from pid=7903, uid=10447 requires oplus.permission.OPLUS_COMPONENT_SAFE
07-06 12:18:10.116  3414  4746 E OplusNotificationCenter: getForegroundApplication exception
07-06 12:18:10.116  3414  3414 D NotificationService--OplusNotificationManagerServiceExtImpl: isForwardToAssistants: true, case : Is local notification
07-06 12:18:10.116  3414  3414 D NotificationService: This application enqueue notifications is need postDelayed mcsAssistantDelayTime: 200
07-06 12:18:10.116  3414  4746 D MediaSessionService: onSessionPlaybackStateChanged: record=rd.sheepskin.sandboxmusic/SovereignMusicConsole/6942 (userId=0) playbackState=PlaybackState {state=PLAYING(3), position=0, buffered position=0, speed=1.0, updated=1783336690116, actions=894, custom actions=[], active item id=-1, error=null}
07-06 12:18:10.116  3414  4626 D NasPowerProxyService: playback state changed:{duration=0, artist=Slipknot, album=All Hope Is Gone, bufferedPosition=0, packageName=rd.sheepskin.sandboxmusic, state=3, position=0, id=null, title=The Heretic Anthem, speed=1.0}
07-06 12:18:10.117  1894 13914 V Codec2-DumpInput: [processLoop:L662]state:4
07-06 12:18:10.117  1894  4474 V Codec2-DumpInput: [stop:L476][c2.qti.avc.decoder_122] this:0xb4000074f9709458
07-06 12:18:10.117  1890  2045 I [UAH_CLIENT]: UahPlatformResAcquire
07-06 12:18:10.117  1890  2045 I [UAH_CLIENT]: UahEventAcquire, cmdid:-3, pkg:1894 4474, identity:qcom-perfd
07-06 12:18:10.117  7903 13923 I hw-BpHwBinder: onLastStrongRef automatically unlinking death recipients
07-06 12:18:10.118  3414  4690 D NotificationService--OplusNotificationFixHelper: fixAppIcon: pkg=rd.sheepskin.sandboxmusic
07-06 12:18:10.118  3414  4690 D NotificationService--OplusNotificationFixHelper: fixAppIcon: appIcon = null, pkg = rd.sheepskin.sandboxmusic
07-06 12:18:10.118  3414  4690 D NotificationService--NotificationRecord: isSupportRearLight , isRearLight = false mLedRM = false isMultilLed = false
07-06 12:18:10.118  3414  4690 E NotificationService: Package enqueue rate is 6.5252924. Shedding 0|rd.sheepskin.sandboxmusic|88001|null|10447. package=rd.sheepskin.sandboxmusic
07-06 12:18:10.118  2818 23776 I hw-BpHwBinder: onLastStrongRef automatically unlinking death recipients
07-06 12:18:10.118  1890  2036 E ANDR-PERF-RESOURCEQS: ANDR-PERF-RESOURCEQS: AddAndApply() 125: Resource with major=16, minor=0 not supported
07-06 12:18:10.118  7903  7903 I AudioManager: dispatching onAudioFocusChange(-1) to android.media.AudioManager@1fab7fdrd.sheepskin.sandboxmusic.MediaPlaybackForegroundService@189cfa7
07-06 12:18:10.118  7903  7903 V Capacitor/BackgroundMediaPlugin: Notifying listeners for event mediaAction
07-06 12:18:10.120  7903 13923 D OplusAtlasMapsUtil: [~OplusAtlasMapsUtil][45]
07-06 12:18:10.120  2818 23776 I hw-BpHwBinder: onLastStrongRef automatically unlinking death recipients
07-06 12:18:10.120  7903  7903 I Capacitor/Console: File:  - Line 333 - Msg: undefined
07-06 12:18:10.120  7903  7903 I Capacitor/Console: File:  - Line 333 - Msg: {"event":"mediaItemTransition","index":0,"queueLength":1,"reason":3,"url":"content://rd.sheepskin.sandboxmusic.locker/locker/locker-1783336498726-de3fxx"}
07-06 12:18:10.121  2818 15611 D BufferPoolAccessor2.0: bufferpool2 0xb40000787d550228 : 0(0 size) total buffers - 0(0 size) used buffers - 171/176 (recycle/alloc) - 9/176 (fetch/transfer)
07-06 12:18:10.122  4915  5048 I SystemUi--Media: OplusMediaDataManagerSt-->AOD_MEDIA_PANEL-->createActionsFromState: curState = 3
07-06 12:18:10.122  4915  4915 I SystemUi--Media: AbsMediaClient-->MEDIA_SEEDLING-->updateMediaDataByPlaybackState newState=3,newPosition=0, rd.sheepskin.sandboxmusic
07-06 12:18:10.122  4915  4915 I SystemUi--Media: AbsMediaClient-->MEDIA_SEEDLING-->dispatchMediaDataLoaded needUpdate=0 reason=updatePositionByPlaybackState isDestroyed=false
07-06 12:18:10.122  4915  4915 I SystemUi--Media: MediaDataCombineLatest-->MEDIA_SEEDLING-->onMediaDataLoaded mediaData = rd.sheepskin.sandboxmusic,0|rd.sheepskin.sandboxmusic|88001|null|10447,211673,null,null,null,0,3,0,172904903,1.0,false,1783336687722,true,172904872,true,MediaButton(playId=0|rd.sheepskin.sandboxmusic|88001|null|10447, playOrPause=MediaAction(buttonName=playOrPause, iconMap={Default=(./assets/images/pauseDark.svg, null), SecondHome=(./assets/images/pauseDark.svg, null)}, animRes=null, voiceLabel=P***, isStandardAction=true, icon=Icon(typ=BITMAP size=162x162)), nextOrCustom=MediaAction(buttonName=nextOrCustom, iconMap={Default=(./assets/images/nextDark.svg, null), SecondHome=(./assets/images/nextDark.svg, null)}, animRes=./assets/images/next_anim.json, voiceLabel=N***, isStandardAction=true, icon=Icon(typ=BITMAP size=162x162)), prevOrCustom=MediaAction(buttonName=prevOrCustom, iconMap={Default=(./assets/images/previousDark.svg, null), SecondHome=(./assets/images/previousDark.svg, null)}, animRes=./assets/images/previous_anim.json, voiceLabel=P***, isStandardAction=true, icon=Icon(typ=BITMAP size=162x162)), custom0=null, custom1=MediaAction(buttonName=custom1, iconMap={}, animRes=null, voiceLabel=S***, isStandardAction=false, icon=Icon(typ=BITMAP size=162x162))),0
07-06 12:18:10.122  4915  4915 I SystemUi--Media: MediaSeedling-->MEDIA_SEEDLING-->postMediaDataUpdate needUpdate: 0 reason:onMediaDataLoaded
07-06 12:18:10.122  4915  4915 D MediaDataManager: updateState: isPlaying = true, song change = false
07-06 12:18:10.122  4915  4915 I SystemUi--Media: MediaDataFlowLimiter-->MEDIA_PANEL-->onMediaDataLoaded: Sandbox Music(isPlaying:true) within debounce period, ignore
07-06 12:18:10.123  4915  5048 D MediaDataManager: State updated outside of notification
07-06 12:18:10.123  4915  5048 I SystemUi--Media: OplusMediaDataManagerSt-->AOD_MEDIA_PANEL-->createActionsFromState: curState = 3
07-06 12:18:10.123  7903 13912 D AtlasEventUploadUtils: setEvent event:atlas_event_video_monitor_network_switch
07-06 12:18:10.123  4915  5048 D MediaDataManager: State updated outside of notification
07-06 12:18:10.123  4915  5048 I SystemUi--Media: OplusMediaDataManagerSt-->AOD_MEDIA_PANEL-->createActionsFromState: curState = 3
07-06 12:18:10.123  7903 12313 V Capacitor/Plugin: To native (Capacitor plugin): callbackId: 92024120, pluginId: NativeExoPlayback, methodName: resume
07-06 12:18:10.123  7903 12313 V Capacitor: callback: 92024120, pluginId: NativeExoPlayback, methodName: resume, methodData: {}
07-06 12:18:10.123  4915  4915 I SystemUi--Media: MediaSeedling-->MEDIA_SEEDLING-->handleMediaDataUpdate allowCreateCard: false
07-06 12:18:10.123  4915  4915 I SystemUi--Media: MediaSeedling-->MEDIA_SEEDLING-->postSeedlingsUpdate delay: 1000 needUpdate: 0 reason:handleMessage UpdateInterval
07-06 12:18:10.124  4915  4915 D MediaDataManager: updateState: isPlaying = true, song change = false
07-06 12:18:10.124  4915  5048 D MediaDataManager: State updated outside of notification
07-06 12:18:10.124  4915  5048 I SystemUi--Media: OplusMediaDataManagerSt-->AOD_MEDIA_PANEL-->createActionsFromState: curState = 3
07-06 12:18:10.124  4915  5048 D MediaDataManager: State updated outside of notification
07-06 12:18:10.124  4915  5047 I SystemUi--Media: MediaLiveAlertController-->MEDIA_SEEDLING-->sendDataToPlugin, method=sendLiveAlert, notification.key=0|com.android.systemui|268452006|1783336561374|0
07-06 12:18:10.124  4915  4915 I SystemUi--Media: MediaDataFlowLimiter-->MEDIA_PANEL-->onMediaDataLoaded: Sandbox Music(isPlaying:true) within debounce period, ignore
07-06 12:18:10.124  4915  4915 D MediaDataManager: updateState: isPlaying = true, song change = false
07-06 12:18:10.124  4915  5047 I PluginSeedling--Base: SeedlingCardServerProvider-->seedling provider called com.oplus.card.server.systemui.provider w/ sendLiveAlert 10208 4915 0
07-06 12:18:10.124  4915  5047 I PluginSeedling--Base: DefaultLiveAlertProvider-->default provider currentUserId=0 sbn: StatusBarNotification(pkg=com.android.systemui user=UserHandle{0} id=268452006 tag=1783336561374 key=0|com.android.systemui|268452006|1783336561374|0: Notification(channel=268452006 shortcut=null contentView=null vibrate=null sound=null defaults=0 flags=0 color=0x00000000 category=transport vis=PRIVATE))
07-06 12:18:10.124  4915  4915 I SystemUi--Media: MediaDataFlowLimiter-->MEDIA_PANEL-->onMediaDataLoaded: Sandbox Music(isPlaying:true) within debounce period, ignore
07-06 12:18:10.125  4915  4915 I SystemUi--Media: MediaDataFlowLimiter-->MEDIA_PANEL-->onMediaDataLoaded: Sandbox Music(isPlaying:true) within debounce period, ignore
07-06 12:18:10.125  4915  4915 D MediaDataManager: updateState: isPlaying = true, song change = false
07-06 12:18:10.125  4915  4915 I SystemUi--Media: MediaDataFlowLimiter-->MEDIA_PANEL-->onMediaDataLoaded: Sandbox Music(isPlaying:true) within debounce period, ignore
07-06 12:18:10.125  2818 23776 D BufferPoolAccessor2.0: bufferpool2 0xb40000787d497e28 : 0(0 size) total buffers - 0(0 size) used buffers - 0/0 (recycle/alloc) - 0/0 (fetch/transfer)
07-06 12:18:10.125  4915  4915 I SystemUi--Media: MediaDataFlowLimiter-->MEDIA_PANEL-->onMediaDataLoaded: Sandbox Music(isPlaying:true) within debounce period, ignore
07-06 12:18:10.125  2818 23776 D BufferPoolAccessor2.0: Destruction - bufferpool2 0xb40000787d497e28 cached: 0/0M, 0/0% in use; allocs: 0, 0% recycled; transfers: 0, 0% unfetched
07-06 12:18:10.125  4915  4915 I SystemUi--Media: MediaDataFlowLimiter-->MEDIA_PANEL-->onMediaDataLoaded: Sandbox Music(isPlaying:true) within debounce period, ignore
07-06 12:18:10.125  4915  4915 I SystemUi--Media: MediaDataFlowLimiter-->MEDIA_PANEL-->onMediaDataLoaded: Sandbox Music(isPlaying:true) within debounce period, ignore
07-06 12:18:10.125  4915  4915 D MediaDataManager: updateState: isPlaying = true, song change = false
07-06 12:18:10.125  4915  4915 I SystemUi--Media: MediaDataFlowLimiter-->MEDIA_PANEL-->onMediaDataLoaded: Sandbox Music(isPlaying:true) within debounce period, ignore
07-06 12:18:10.125  3414  4571 D MediaSessionService: onSessionActiveStateChanged: record=rd.sheepskin.sandboxmusic/SovereignMusicConsole/6942 (userId=0) playbackState=PlaybackState {state=PLAYING(3), position=0, buffered position=0, speed=1.0, updated=1783336690116, actions=894, custom actions=[], active item id=-1, error=null}
07-06 12:18:10.126  7903 12313 V Capacitor/Plugin: To native (Capacitor plugin): callbackId: 92024121, pluginId: NativeExoPlayback, methodName: pause
07-06 12:18:10.126  7903 12313 V Capacitor: callback: 92024121, pluginId: NativeExoPlayback, methodName: pause, methodData: {}
07-06 12:18:10.126  3414  4571 W ForegroundServiceTypeLoggerModule: Logger should be tracking FGS types correctly for UID 10447 in package rd.sheepskin.sandboxmusic
07-06 12:18:10.126  3414  3414 I OplusMediaControlService: onActiveSessionsChanged begin
07-06 12:18:10.126  3414  3414 I OplusMediaControlService: onEventFromMediaControllerList controller size = 1
07-06 12:18:10.126  3414  3414 I OplusMediaControlService: getPlayerInfo, playerId: 2128145, pkgname: app.morphe.android.youtube
07-06 12:18:10.126  3414  3414 I MediaControlUtils: removePlayers | players: [111488769 | rd.sheepskin.sandboxmusic]
07-06 12:18:10.126  3414  3414 I OplusMediaControlService: updateControllerMap begin
07-06 12:18:10.126  3414  3414 I OplusMediaControlService: updataPlayStateMap begin
07-06 12:18:10.126  3414  3414 I OplusMediaControlService: updateMetadataMap begin
07-06 12:18:10.126  3414  3414 I OplusMediaControlService: updatePlayerInfoList event = com.oplus.media.OplusMediaEvent@3b32e12
07-06 12:18:10.126  3414  3414 I OplusMediaControlService: sendOnEventMessage begin, eventType: 6, observer: android.os.BinderProxy@53ef40b
07-06 12:18:10.126  3414  3414 I NasPowerProxyService: on active sessions changed controllers size:[android.media.session.MediaController@f4049e3]
07-06 12:18:10.127  3414  3414 I OplusMediaControlService: on event EventType: 6
07-06 12:18:10.127  1894  4474 D BufferPoolAccessor2.0: bufferpool2 0xb4000074f9659028 : 0(0 size) total buffers - 0(0 size) used buffers - 0/34 (recycle/alloc) - 0/0 (fetch/transfer)
07-06 12:18:10.127  1894  4474 D BufferPoolAccessor2.0: Destruction - bufferpool2 0xb4000074f9659028 cached: 0/0M, 0/0% in use; allocs: 34, 0% recycled; transfers: 0, 0% unfetched
07-06 12:18:10.127  3414  4746 D NotificationService--OplusNotificationFixHelper: fixAppIcon: pkg=rd.sheepskin.sandboxmusic
07-06 12:18:10.127  3414  4746 D NotificationService--OplusNotificationFixHelper: fixAppIcon: appIcon = null, pkg = rd.sheepskin.sandboxmusic
07-06 12:18:10.128  7903  7903 I Capacitor/Console: File:  - Line 333 - Msg: {"ok":true,"crossfaded":false}
07-06 12:18:10.128  4915  8706 I SystemUi--QuickSettings: OplusFgsManagerController-->onForegroundStateChanged: rd.sheepskin.sandboxmusic 0 false 5
07-06 12:18:10.128  4915  8706 I SystemUi--QuickSettings: OplusFgsManagerController-->onForegroundStateChanged numPackagesAfter: 4
07-06 12:18:10.128  7903  7903 I Capacitor/Console: File:  - Line 349 - Msg: [object Object]
07-06 12:18:10.128  7903  7903 I Capacitor/Console: File:  - Line 333 - Msg: {"available":true,"wired":true,"message":"ExoPlayer gapless queue ŌĆö content:// locker bridge + HTTP streams.","state":"loading","positionSecs":0,"durationSecs":254,"queueIndex":0,"queueLength":1,"gaplessEnabled":true,"crossfadeEnabled":false,"bitPerfectActive":false,"currentUrl":"content://rd.sheepskin.sandboxmusic.locker/locker/locker-1783336498726-de3fxx","envelopeId":"local-locker-1783336498726-de3fxx","title":"The Heretic Anthem","artist":"Slipknot","album":"All Hope Is Gone"}
07-06 12:18:10.128  7903  7903 I Capacitor/Console: File:  - Line 349 - Msg: [object Object]
07-06 12:18:10.128  3414  3414 D NotificationService--OplusBreathLights:  updateLightsStateLocked 
07-06 12:18:10.128  3414  3414 D NotificationService--OplusBreathLights:  scheduleLightsOffTimeoutLocked 
07-06 12:18:10.128  3414  4690 I OplusMediaControlService: sendEvent type: 2, player: 2128145
07-06 12:18:10.128  3414  4690 I OplusMediaControlService: onEventFromRequestData: 1, player: 2128145
07-06 12:18:10.128  3414  4690 I OplusMediaControlService: getTitleAndArtist, title: The whole internet turned on this movie.., artist: Asmongold TV  , playerId: 2128145
07-06 12:18:10.128  3414  4690 D OplusMediaControlService: players is empty
07-06 12:18:10.129  3414  4746 D NotificationService--NotificationRecord: isSupportRearLight , isRearLight = false mLedRM = false isMultilLed = false
07-06 12:18:10.129  3414  4690 I OplusMediaControlService: sendEvent type: 2, player: 2128145
07-06 12:18:10.129  3414  4690 I OplusMediaControlService: onEventFromRequestData: 2, player: 2128145
07-06 12:18:10.129  3414  4690 D OplusMediaControlService: players is empty
07-06 12:18:10.129  7903 16502 D MetadataUtil: Skipped unknown metadata entry: gsst
07-06 12:18:10.129  7903 16502 D MetadataUtil: Skipped unknown metadata entry: gstd
07-06 12:18:10.129  3414  4746 I OplusStatusBarManagerServiceEnhance:  getTopIsFullscreen mTopIsFullscreen: false
07-06 12:18:10.129  3414  4746 W ActivityManager: Permission Denial: getTopApplicationInfo from pid=7903, uid=10447 requires oplus.permission.OPLUS_COMPONENT_SAFE
07-06 12:18:10.129  3414  4746 E OplusNotificationCenter: getForegroundApplication exception
07-06 12:18:10.129  3414  4746 I MediaSessionStack: removeSession | record: rd.sheepskin.sandboxmusic/SovereignMusicConsole/6942 (userId=0)
07-06 12:18:10.129  3414  4746 D MediaSessionService: Media button session is changed to null
07-06 12:18:10.129  3414  4746 D MediaSessionService: destroySessionLocked: record=rd.sheepskin.sandboxmusic/SovereignMusicConsole/6942 (userId=0)
07-06 12:18:10.129  4915  5018 I SystemUi--QuickSettings: OplusSeparateQSPrivacyManager-->onNumberOfPackagesChanged numPackages 4
07-06 12:18:10.130  4915  5048 I SystemUi--Media: OplusMediaDataManagerSt-->AOD_MEDIA_PANEL-->createActionsFromState: curState = 2
07-06 12:18:10.130  1890  2045 I [UAH_CLIENT]: UahRelease, handle:121535
