07-06 12:18:10.185  3414  3414 I OplusMediaControlService: sendOnEventMessage begin, eventType: 6, observer: android.os.BinderProxy@53ef40b
07-06 12:18:10.185  3414  3414 I NasPowerProxyService: on active sessions changed controllers size:[android.media.session.MediaController@2551558]
07-06 12:18:10.185  3414  3414 I OplusMediaControlService: onActiveSessionsChanged begin
07-06 12:18:10.185  3414  3414 I OplusMediaControlService: onEventFromMediaControllerList controller size = 1
07-06 12:18:10.185  3414  3414 I OplusMediaControlService: getPlayerInfo, playerId: 2128145, pkgname: app.morphe.android.youtube
07-06 12:18:10.185  3414  3414 I OplusMediaControlService: updateControllerMap begin
07-06 12:18:10.185  3414  3414 I OplusMediaControlService: updataPlayStateMap begin
07-06 12:18:10.185  3414  3414 I OplusMediaControlService: updateMetadataMap begin
07-06 12:18:10.185  3414  3414 I OplusMediaControlService: updatePlayerInfoList event = com.oplus.media.OplusMediaEvent@4cb16b1
07-06 12:18:10.185  3414  3414 I OplusMediaControlService: sendOnEventMessage begin, eventType: 6, observer: android.os.BinderProxy@53ef40b
07-06 12:18:10.185  3414  3414 I NasPowerProxyService: on active sessions changed controllers size:[android.media.session.MediaController@948c796]
07-06 12:18:10.185  3414  3414 I OplusMediaControlService: on event EventType: 6
07-06 12:18:10.185  3414  3414 I OplusMediaControlService: on event EventType: 6
07-06 12:18:10.185  4915  4915 I PluginSeedling--Origin: LiveAlertInteractorImpl-->EntryDataListener,onDataPosted originData:[t3.d@a38f41a5] data:[t3.d@a38f41a5]
07-06 12:18:10.185  4915  5048 I SystemUi--Media: OplusMediaDataManagerSt-->AOD_MEDIA_PANEL-->createActionsFromState: curState = 2
07-06 12:18:10.185  4915  4915 I PluginSeedling--Origin: LiveAlertInteractorImpl-->notifyEntryDataChanged ENTRY_NOTIFICATION, result:LiveAlertModel: [key: 0|com.android.systemui|268452006|1783336561374|0, entranceType: ENTRY_NOTIFICATION, score: 6.15, groupPriority: 2 type: LIVE, isSystemService: true, shouldShow: true, lockscreenShouldShow: true, sourceType: SOURCE_COMMON, remindLevel: 0, pkg: rd.sheepskin.sandboxmusic, hostPkgName=com.android.systemui front: true, forceRebuild: false, isForcedReminder: false, InstantDuration: 5000, requestPanel: null, capsuleTimeOut: 300000, serviceTitleName: , overrideTransition: false level: 2,
07-06 12:18:10.185  4915  4915 I PluginSeedling--Origin:  rusBaseData: RusBaseData(id='default_com.android.systemui_268452006', updateStateEnable=1, canDelete=1, remindAlways=0, longClick='', cardImportance=-1, clickCustomAction=0,timeOutDuration=5, timeOutDurationEnable=0,enableInSuperpower=0, autoPriority=0, customCapsuleDuration=300000,clickWhenAnim=1, panoramicAodEnable=1,notificationStyleList=,blackCallStyle=0, liveAlertScore=6.15,liveAlertLevel=2,enableQuitShrink=0, lockImmersiveEnable=1, lockImmersiveDefault=1,lockRemindAlways = 0, luSettings=[], liteAnim=14, serviceType=1), showSize: VIEW_SIZE_NONE, isPinFiltered: false serviceFrom: 0, liveAlertState: SeedlingState(0), wrapperSize: 3, duplicateChips: false, quitHideOrBubble:0, liveAlertService:, immersiveCardType:2, requestLockScreenImmersive:-1, ignoreEntry:-1, noe: false
07-06 12:18:10.185  4915  4915 I PluginSeedling--Notification: NotificationRepository-->onDataChanged, [LiveAlertModel: [key: 0|com.android.systemui|268452006|1783336561374|0, entranceType: ENTRY_NOTIFICATION, score: 6.15, groupPriority: 2 type: LIVE, isSystemService: true, shouldShow: true, lockscreenShouldShow: true, sourceType: SOURCE_COMMON, remindLevel: 0, pkg: rd.sheepskin.sandboxmusic, hostPkgName=com.android.systemui front: true, forceRebuild: false, isForcedReminder: false, InstantDuration: 5000, requestPanel: null, capsuleTimeOut: 300000, serviceTitleName: , overrideTransition: false level: 2,
07-06 12:18:10.185  4915  4915 I PluginSeedling--Notification:  rusBaseData: RusBaseData(id='default_com.android.systemui_268452006', updateStateEnable=1, canDelete=1, remindAlways=0, longClick='', cardImportance=-1, clickCustomAction=0,timeOutDuration=5, timeOutDurationEnable=0,enableInSuperpower=0, autoPriority=0, customCapsuleDuration=300000,clickWhenAnim=1, panoramicAodEnable=1,notificationStyleList=,blackCallStyle=0, liveAlertScore=6.15,liveAlertLevel=2,enableQuitShrink=0, lockImmersiveEnable=1, lockImmersiveDefault=1,lockRemindAlways = 0, luSettings=[], liteAnim=14, serviceType=1), showSize: VIEW_SIZE_NONE, isPinFiltered: false serviceFrom: 0, liveAlertState: SeedlingState(0), wrapperSize: 3, duplicateChips: false, quitHideOrBubble:0, liveAlertService:, immersiveCardType:2, requestLockScreenImmersive:-1, ignoreEntry:-1]
07-06 12:18:10.185  4915  4915 I PluginSeedling--Origin: LiveAlertInteractorImpl-->EntryDataListener,onDataPosted originData:[t3.d@a38f41a5] data:[t3.d@a38f41a5]
07-06 12:18:10.185  4915  4915 I PluginSeedling--Origin: LiveAlertInteractorImpl-->notifyEntryDataChanged ENTRY_STATUS_BAR, result:LiveAlertModel: [key: 0|com.android.systemui|268452006|1783336561374|0, entranceType: ENTRY_STATUS_BAR, score: 6.15, groupPriority: 2 type: LIVE, isSystemService: true, shouldShow: true, lockscreenShouldShow: false, sourceType: SOURCE_COMMON, remindLevel: 0, pkg: rd.sheepskin.sandboxmusic, hostPkgName=com.android.systemui front: true, forceRebuild: false, isForcedReminder: false, InstantDuration: 5000, requestPanel: null, capsuleTimeOut: 300000, serviceTitleName: , overrideTransition: false level: 2,
07-06 12:18:10.185  4915  4915 I PluginSeedling--Origin:  rusBaseData: RusBaseData(id='default_com.android.systemui_268452006', updateStateEnable=1, canDelete=1, remindAlways=0, longClick='', cardImportance=-1, clickCustomAction=0,timeOutDuration=5, timeOutDurationEnable=0,enableInSuperpower=0, autoPriority=0, customCapsuleDuration=300000,clickWhenAnim=1, panoramicAodEnable=1,notificationStyleList=,blackCallStyle=0, liveAlertScore=6.15,liveAlertLevel=2,enableQuitShrink=0, lockImmersiveEnable=1, lockImmersiveDefault=1,lockRemindAlways = 0, luSettings=[], liteAnim=14, serviceType=1), showSize: VIEW_SIZE_NONE, isPinFiltered: false serviceFrom: 0, liveAlertState: SeedlingState(0), wrapperSize: 2, duplicateChips: false, quitHideOrBubble:0, liveAlertService:, immersiveCardType:2, requestLockScreenImmersive:-1, ignoreEntry:-1, noe: false
07-06 12:18:10.186  3414  4571 I OplusMediaControlService: sendEvent type: 2, player: 2128145
07-06 12:18:10.186  3414  4571 I OplusMediaControlService: onEventFromRequestData: 1, player: 2128145
07-06 12:18:10.186  3414  4571 I OplusMediaControlService: getTitleAndArtist, title: The whole internet turned on this movie.., artist: Asmongold TV  , playerId: 2128145
07-06 12:18:10.186  3414  4571 D OplusMediaControlService: players is empty
07-06 12:18:10.186  3414  8733 I OplusMediaControlService: sendEvent type: 2, player: 2128145
07-06 12:18:10.186  3414  8733 I OplusMediaControlService: onEventFromRequestData: 2, player: 2128145
07-06 12:18:10.186  3414  8733 D OplusMediaControlService: players is empty
07-06 12:18:10.186  3414  8465 I OplusMediaControlService: unregisterEventObserver start, observer: android.os.BinderProxy@53ef40b, callerUid: 10208
07-06 12:18:10.187  3414  8465 I OplusMediaControlService: unregisterEventObserver successfully.
07-06 12:18:10.187  4915  5048 I SystemUi--Media: OplusMediaDataManagerSt-->AOD_MEDIA_PANEL-->createActionsFromState: curState = 2
07-06 12:18:10.187  3414  4571 I OplusMediaControlService: registerEventObserver start, observer: android.os.BinderProxy@53ef40b, callerUid: 10208
07-06 12:18:10.187  3414  8465 I OplusMediaControlService: sendEvent type: 2, player: 2128145
07-06 12:18:10.187  3414  8465 I OplusMediaControlService: onEventFromRequestData: 1, player: 2128145
07-06 12:18:10.187  3414  8465 I OplusMediaControlService: getTitleAndArtist, title: The whole internet turned on this movie.., artist: Asmongold TV  , playerId: 2128145
07-06 12:18:10.187  3414  8465 D OplusMediaControlService: players is empty
07-06 12:18:10.189  3414  8465 I OplusMediaControlService: sendEvent type: 2, player: 2128145
07-06 12:18:10.189  3414  8465 I OplusMediaControlService: onEventFromRequestData: 2, player: 2128145
07-06 12:18:10.189  3414  8465 D OplusMediaControlService: players is empty
07-06 12:18:10.189  4915  5048 I SystemUi--Media: OplusMediaDataManagerSt-->AOD_MEDIA_PANEL-->createActionsFromState: curState = 2
07-06 12:18:10.189  3414  8733 I OplusMediaControlService: unregisterEventObserver start, observer: android.os.BinderProxy@53ef40b, callerUid: 10208
07-06 12:18:10.189  3414  8733 I OplusMediaControlService: unregisterEventObserver successfully.
07-06 12:18:10.189  3414  5233 I OplusMediaControlService: registerEventObserver start, observer: android.os.BinderProxy@53ef40b, callerUid: 10208
07-06 12:18:10.190  7903  7903 I Capacitor/Console: File:  - Line 333 - Msg: undefined
07-06 12:18:10.192  7903  7903 I Capacitor/Console: File:  - Line 349 - Msg: [object Object]
07-06 12:18:10.192  7903 12313 V Capacitor/Plugin: To native (Capacitor plugin): callbackId: 92024131, pluginId: BackgroundMedia, methodName: stopForeground
07-06 12:18:10.192  7903 12313 V Capacitor: callback: 92024131, pluginId: BackgroundMedia, methodName: stopForeground, methodData: {}
07-06 12:18:10.195  7903  7903 W MediaSessionCompat: Couldn't find a unique registered media button receiver in the given context.
07-06 12:18:10.195  3414  8465 I MediaSessionStack: addSession to bottom of stack | record: rd.sheepskin.sandboxmusic/SovereignMusicConsole/6945 (userId=0)
07-06 12:18:10.195  3414  8465 D MediaSessionService: Media button session is changed to rd.sheepskin.sandboxmusic/SovereignMusicConsole/6945 (userId=0)
07-06 12:18:10.196  3414  8465 D MediaSessionStack: getMediaButtonSession() mMediaButtonSession=rd.sheepskin.sandboxmusic/SovereignMusicConsole/6945 (userId=0)
07-06 12:18:10.196  3414  3414 I OplusMediaControlService: onActiveSessionsChanged begin
07-06 12:18:10.196  3414  3414 I OplusMediaControlService: onEventFromMediaControllerList controller size = 1
07-06 12:18:10.196  3414  3414 I OplusMediaControlService: getPlayerInfo, playerId: 2128145, pkgname: app.morphe.android.youtube
07-06 12:18:10.196  3414  3414 I OplusMediaControlService: updateControllerMap begin
07-06 12:18:10.196  3414  3414 I OplusMediaControlService: updataPlayStateMap begin
07-06 12:18:10.196  3414  3414 I OplusMediaControlService: updateMetadataMap begin
07-06 12:18:10.196  3414  3414 I OplusMediaControlService: updatePlayerInfoList event = com.oplus.media.OplusMediaEvent@3b22f04
07-06 12:18:10.196  3414  3414 I OplusMediaControlService: sendOnEventMessage begin, eventType: 6, observer: android.os.BinderProxy@53ef40b
07-06 12:18:10.196  3414  3414 I NasPowerProxyService: on active sessions changed controllers size:[android.media.session.MediaController@e496ced]
07-06 12:18:10.196  3414  3414 I OplusMediaControlService: on event EventType: 6
07-06 12:18:10.197  3414  8465 D MediaSessionService: onSessionActiveStateChanged: record=rd.sheepskin.sandboxmusic/SovereignMusicConsole/6945 (userId=0) playbackState=null
07-06 12:18:10.198  4915  5048 I SystemUi--Media: OplusMediaDataManagerSt-->AOD_MEDIA_PANEL-->createActionsFromState: curState = 2
07-06 12:18:10.198  3414  3440 I OplusMediaControlService: sendEvent type: 2, player: 2128145
07-06 12:18:10.198  3414  3440 I OplusMediaControlService: onEventFromRequestData: 1, player: 2128145
07-06 12:18:10.198  3414  3440 I OplusMediaControlService: getTitleAndArtist, title: The whole internet turned on this movie.., artist: Asmongold TV  , playerId: 2128145
07-06 12:18:10.198  3414  3440 D OplusMediaControlService: players is empty
07-06 12:18:10.198  3414  3414 I OplusMediaControlService: onActiveSessionsChanged begin
07-06 12:18:10.198  3414  3414 I OplusMediaControlService: onEventFromMediaControllerList controller size = 2
07-06 12:18:10.198  3414  3414 I OplusMediaControlService: getPlayerInfo, playerId: 2128145, pkgname: app.morphe.android.youtube
07-06 12:18:10.198  3414  3414 I OplusMediaControlService: getPlayerInfo, playerId: 13023283, pkgname: rd.sheepskin.sandboxmusic
07-06 12:18:10.198  3414  3414 I MediaControlUtils: addPlayers | players: [13023283 | rd.sheepskin.sandboxmusic]
07-06 12:18:10.198  3414  3414 I OplusMediaControlService: updateControllerMap begin
07-06 12:18:10.198  3414  3414 I OplusMediaControlService: updataPlayStateMap begin
07-06 12:18:10.198  3414  3414 I OplusMediaControlService: updateMetadataMap begin
07-06 12:18:10.198  3414  3414 I OplusMediaControlService: updatePlayerInfoList event = com.oplus.media.OplusMediaEvent@37a55b3
07-06 12:18:10.198  3414  3414 I OplusMediaControlService: sendOnEventMessage begin, eventType: 6, observer: android.os.BinderProxy@53ef40b
07-06 12:18:10.198  3414  3414 I NasPowerProxyService: on active sessions changed controllers size:[android.media.session.MediaController@ca53770, android.media.session.MediaController@9dceae9]
07-06 12:18:10.198  3414  3414 I OplusMediaControlService: on event EventType: 6
07-06 12:18:10.198  3414  3440 I ActivityManager: Background started FGS: Allowed [callingPackage: rd.sheepskin.sandboxmusic; callingUid: 10447; uidState: TOP ; uidBFSL: [BFSL]; intent: Intent { act=rd.sheepskin.sandboxmusic.action.MEDIA_STOP xflg=0x4 cmp=rd.sheepskin.sandboxmusic/.MediaPlaybackForegroundService mCallingUid=10447 }; code:PROC_STATE_TOP; tempAllowListReason:<,reasonCode:SYSTEM_ALLOW_LISTED,duration:9223372036854775807,callingUid:-1>; allowWiu:12; targetSdkVersion:36; callerTargetSdkVersion:36; startForegroundCount:0; bindFromPackage:null: isBindService:false]
07-06 12:18:10.198  3414  8733 I OplusMediaControlService: sendEvent type: 2, player: 2128145
07-06 12:18:10.198  3414  8733 I OplusMediaControlService: onEventFromRequestData: 2, player: 2128145
07-06 12:18:10.198  3414  8733 D OplusMediaControlService: players is empty
07-06 12:18:10.199  4915  8706 I SystemUi--QuickSettings: OplusFgsManagerController-->onForegroundStateChanged: rd.sheepskin.sandboxmusic 0 true 4
07-06 12:18:10.199  3414  4571 I OplusMediaControlService: unregisterEventObserver start, observer: android.os.BinderProxy@53ef40b, callerUid: 10208
07-06 12:18:10.199  3414  4571 I OplusMediaControlService: unregisterEventObserver successfully.
07-06 12:18:10.199  5703  8119 I ConferenceScene: onForegroundServiceStateChanged 7903 10447 2 fg_stateMachinesuid is null
07-06 12:18:10.199  3414  5233 I OplusMediaControlService: registerEventObserver start, observer: android.os.BinderProxy@53ef40b, callerUid: 10208
07-06 12:18:10.199  3414  4571 D MediaSessionService: onSessionActiveStateChanged: record=rd.sheepskin.sandboxmusic/SovereignMusicConsole/6945 (userId=0) playbackState=null
07-06 12:18:10.199  3414  8733 I OplusMediaControlService: sendEvent type: 2, player: 13023283
07-06 12:18:10.199  3414  8733 I OplusMediaControlService: onEventFromRequestData: 1, player: 13023283
07-06 12:18:10.199  3414  8733 E OplusMediaControlService: getTitleAndArtist is null
07-06 12:18:10.199  3414  8733 E OplusMediaControlService: getMediaMetadata is null
07-06 12:18:10.200  3414  8733 D OplusMediaControlService: players is empty
07-06 12:18:10.200  3414  3440 W ForegroundServiceTypeLoggerModule: Logger should be tracking FGS types correctly for UID 10447 in package rd.sheepskin.sandboxmusic
07-06 12:18:10.200  3414  3414 I OplusMediaControlService: onActiveSessionsChanged begin
07-06 12:18:10.200  3414  3414 I OplusMediaControlService: onEventFromMediaControllerList controller size = 1
07-06 12:18:10.200  3414  4904 I OplusMediaControlService: sendEvent type: 2, player: 13023283
07-06 12:18:10.200  3414  3414 I OplusMediaControlService: getPlayerInfo, playerId: 2128145, pkgname: app.morphe.android.youtube
07-06 12:18:10.200  3414  4904 I OplusMediaControlService: onEventFromRequestData: 2, player: 13023283
07-06 12:18:10.200  3414  4904 E OplusMediaControlService: playbackState is null
07-06 12:18:10.200  3414  4904 D OplusMediaControlService: players is empty
07-06 12:18:10.200  3414  3414 I MediaControlUtils: removePlayers | players: [13023283 | rd.sheepskin.sandboxmusic]
07-06 12:18:10.200  3414  3414 I OplusMediaControlService: updateControllerMap begin
07-06 12:18:10.200  3414  3414 I OplusMediaControlService: updataPlayStateMap begin
07-06 12:18:10.200  3414  3414 I OplusMediaControlService: updateMetadataMap begin
07-06 12:18:10.200  3414  3414 I OplusMediaControlService: updatePlayerInfoList event = com.oplus.media.OplusMediaEvent@910c82b
07-06 12:18:10.200  3414  3414 I OplusMediaControlService: sendOnEventMessage begin, eventType: 6, observer: android.os.BinderProxy@53ef40b
07-06 12:18:10.200  3414  3414 I NasPowerProxyService: on active sessions changed controllers size:[android.media.session.MediaController@5648488]
07-06 12:18:10.200  3414  3414 I OplusMediaControlService: on event EventType: 6
07-06 12:18:10.200  3414  3660 D NotificationService--OplusNotificationFixHelper: fixAppIcon: pkg=rd.sheepskin.sandboxmusic
07-06 12:18:10.200  3414  3660 D NotificationService--OplusNotificationFixHelper: fixAppIcon: appIcon = null, pkg = rd.sheepskin.sandboxmusic
07-06 12:18:10.200  3414  3660 D NotificationService--NotificationRecord: isSupportRearLight , isRearLight = false mLedRM = false isMultilLed = false
07-06 12:18:10.201  3414  8733 I OplusMediaControlService: sendEvent type: 2, player: 2128145
07-06 12:18:10.201  3414  8733 I OplusMediaControlService: onEventFromRequestData: 1, player: 2128145
07-06 12:18:10.201  3414  8733 I OplusMediaControlService: getTitleAndArtist, title: The whole internet turned on this movie.., artist: Asmongold TV  , playerId: 2128145
07-06 12:18:10.201  3414  8733 D OplusMediaControlService: players is empty
07-06 12:18:10.201  3414  4904 I OplusMediaControlService: sendEvent type: 2, player: 2128145
07-06 12:18:10.201  3414  4904 I OplusMediaControlService: onEventFromRequestData: 2, player: 2128145
07-06 12:18:10.201  3414  4904 D OplusMediaControlService: players is empty
07-06 12:18:10.202  3414  6028 I OplusMediaControlService: unregisterEventObserver start, observer: android.os.BinderProxy@53ef40b, callerUid: 10208
07-06 12:18:10.202  3414  3660 I OplusStatusBarManagerServiceEnhance:  getTopIsFullscreen mTopIsFullscreen: false
07-06 12:18:10.202  3414  6028 I OplusMediaControlService: unregisterEventObserver successfully.
07-06 12:18:10.202  7903  7903 I Capacitor/Console: File:  - Line 333 - Msg: undefined
07-06 12:18:10.202  3414  3414 D NotificationService--OplusNotificationManagerServiceExtImpl: isForwardToAssistants: true, case : Is local notification
07-06 12:18:10.202  3414  3414 D NotificationService: This application enqueue notifications is need postDelayed mcsAssistantDelayTime: 200
07-06 12:18:10.203  3414  3414 D NotificationService--OplusBreathLights:  updateLightsStateLocked 
07-06 12:18:10.203  3414  3414 D NotificationService--OplusBreathLights:  scheduleLightsOffTimeoutLocked 
07-06 12:18:10.203  7903 12365 I DMCodecAdapterFactory: Creating an asynchronous MediaCodec adapter for track type video
07-06 12:18:10.203  3414  8733 I MediaSessionStack: removeSession | record: rd.sheepskin.sandboxmusic/SovereignMusicConsole/6945 (userId=0)
07-06 12:18:10.203  3414  8733 D MediaSessionService: Media button session is changed to null
07-06 12:18:10.203  3414  8733 D MediaSessionService: destroySessionLocked: record=rd.sheepskin.sandboxmusic/SovereignMusicConsole/6945 (userId=0)
07-06 12:18:10.204  7903 12365 W libc    : Access denied finding property "vendor.debug.stagefright.mediacodec.trace"
07-06 12:18:10.204  4915  5048 I SystemUi--Media: OplusMediaDataManagerSt-->AOD_MEDIA_PANEL-->createActionsFromState: curState = 2
07-06 12:18:10.204  3414  8465 I OplusMediaControlService: registerEventObserver start, observer: android.os.BinderProxy@53ef40b, callerUid: 10208
07-06 12:18:10.205  5703  8119 I ConferenceScene: onForegroundServiceStateChanged 7903 10447 0 fg_stateMachinesuid is null
07-06 12:18:10.205  4915  8706 I SystemUi--QuickSettings: OplusFgsManagerController-->onForegroundStateChanged numPackagesAfter: 5
07-06 12:18:10.205  3414  6028 I OplusMediaControlService: sendEvent type: 2, player: 2128145
07-06 12:18:10.205  3414  6028 I OplusMediaControlService: onEventFromRequestData: 1, player: 2128145
07-06 12:18:10.205  3414  6028 I OplusMediaControlService: getTitleAndArtist, title: The whole internet turned on this movie.., artist: Asmongold TV  , playerId: 2128145
07-06 12:18:10.205  3414  6028 D OplusMediaControlService: players is empty
07-06 12:18:10.205  4915  5018 I SystemUi--QuickSettings: OplusSeparateQSPrivacyManager-->onNumberOfPackagesChanged numPackages 5
07-06 12:18:10.205  4915  8706 I SystemUi--QuickSettings: OplusFgsManagerController-->onForegroundStateChanged: rd.sheepskin.sandboxmusic 0 false 5
07-06 12:18:10.205  4915  8706 I SystemUi--QuickSettings: OplusFgsManagerController-->onForegroundStateChanged numPackagesAfter: 4
07-06 12:18:10.205  4915  5018 I SystemUi--QuickSettings: OplusSeparateQSPrivacyManager-->onNumberOfPackagesChanged numPackages 4
07-06 12:18:10.205  3414  8465 I OplusMediaControlService: sendEvent type: 2, player: 2128145
07-06 12:18:10.205  3414  8465 I OplusMediaControlService: onEventFromRequestData: 2, player: 2128145
07-06 12:18:10.205  3414  8465 D OplusMediaControlService: players is empty
07-06 12:18:10.205  3414  4720 I OplusMediaControlService: unregisterEventObserver start, observer: android.os.BinderProxy@53ef40b, callerUid: 10208
07-06 12:18:10.205  3414  4720 I OplusMediaControlService: unregisterEventObserver successfully.
07-06 12:18:10.206  3414  8733 I OplusMediaControlService: registerEventObserver start, observer: android.os.BinderProxy@53ef40b, callerUid: 10208
07-06 12:18:10.206  3414  3414 I OplusMediaControlService: onActiveSessionsChanged begin
07-06 12:18:10.206  3414  3414 I OplusMediaControlService: onEventFromMediaControllerList controller size = 1
07-06 12:18:10.206  4915  5048 I SystemUi--Media: OplusMediaDataManagerSt-->AOD_MEDIA_PANEL-->createActionsFromState: curState = 2
07-06 12:18:10.206  3414  3414 I OplusMediaControlService: getPlayerInfo, playerId: 2128145, pkgname: app.morphe.android.youtube
07-06 12:18:10.206  3414  3414 I OplusMediaControlService: updateControllerMap begin
07-06 12:18:10.206  3414  3414 I OplusMediaControlService: updataPlayStateMap begin
07-06 12:18:10.206  3414  3414 I OplusMediaControlService: updateMetadataMap begin
07-06 12:18:10.206  3414  3414 I OplusMediaControlService: updatePlayerInfoList event = com.oplus.media.OplusMediaEvent@ed1bc07
07-06 12:18:10.206  3414  3414 I OplusMediaControlService: sendOnEventMessage begin, eventType: 6, observer: android.os.BinderProxy@53ef40b
07-06 12:18:10.206  3414  3414 I NasPowerProxyService: on active sessions changed controllers size:[android.media.session.MediaController@b016134]
07-06 12:18:10.207  3414  3414 I OplusMediaControlService: on event EventType: 6
07-06 12:18:10.207  2085  2752 D AudioBoost: doStopBoostForWake id 717 +++
07-06 12:18:10.207  2085  2752 D AudioBoost: audioSchedBoost, pid=7903, tid=12365, enable=0, ret=0
07-06 12:18:10.207  2085  2752 D AudioBoost: doStopBoostForWake id 717 ---
07-06 12:18:10.207  3414  8733 I OplusMediaControlService: sendEvent type: 2, player: 2128145
07-06 12:18:10.207  3414  8733 I OplusMediaControlService: onEventFromRequestData: 1, player: 2128145
07-06 12:18:10.207  3414  8733 I OplusMediaControlService: getTitleAndArtist, title: The whole internet turned on this movie.., artist: Asmongold TV  , playerId: 2128145
07-06 12:18:10.207  3414  8733 D OplusMediaControlService: players is empty
07-06 12:18:10.208  3414  5233 I OplusMediaControlService: sendEvent type: 2, player: 2128145
07-06 12:18:10.208  3414  5233 I OplusMediaControlService: onEventFromRequestData: 2, player: 2128145
07-06 12:18:10.208  3414  5233 D OplusMediaControlService: players is empty
07-06 12:18:10.208  7903 12365 W libc    : Access denied finding property "persist.vendor.media.c2.frameworks.buffercount.trace"
07-06 12:18:10.208  7903 12365 W libc    : Access denied finding property "persist.vendor.media.c2.frameworks.buffercount.trace"
07-06 12:18:10.208  3414  5233 I OplusMediaControlService: unregisterEventObserver start, observer: android.os.BinderProxy@53ef40b, callerUid: 10208
07-06 12:18:10.208  3414  5233 I OplusMediaControlService: unregisterEventObserver successfully.
07-06 12:18:10.208  4915  5048 I SystemUi--Media: OplusMediaDataManagerSt-->AOD_MEDIA_PANEL-->createActionsFromState: curState = 2
07-06 12:18:10.208  3414  8733 I OplusMediaControlService: registerEventObserver start, observer: android.os.BinderProxy@53ef40b, callerUid: 10208
07-06 12:18:10.209  7903 12365 W libc    : Access denied finding property "persist.vendor.media.c2.frameworks.buffercount.trace"
07-06 12:18:10.209  2656  2656 D AtlasService: Update top activity name: mUpdateActivityTime=172770594 currentTime=172904990 isSetEvent=0
07-06 12:18:10.209  7903 12365 W libc    : Access denied finding property "persist.vendor.media.c2.frameworks.buffercount.trace"
07-06 12:18:10.210  4627 10011 V OplusAtlasVideo: callback success event:atlas_event_video_update_top_activity eventInfo:
07-06 12:18:10.212  4627 10011 D OplusAtlasVideo: Update top activity name: .MainActivity
07-06 12:18:10.214  4915  4915 I PluginSeedling--Origin: LiveAlertInteractorImpl-->EntryDataListener,onDataPosted originData:[t3.d@a38f41a5] data:[t3.d@a38f41a5]
07-06 12:18:10.214  4915  4915 I PluginSeedling--Origin: LiveAlertInteractorImpl-->notifyEntryDataChanged ENTRY_NOTIFICATION, result:LiveAlertModel: [key: 0|com.android.systemui|268452006|1783336561374|0, entranceType: ENTRY_NOTIFICATION, score: 6.15, groupPriority: 2 type: LIVE, isSystemService: true, shouldShow: true, lockscreenShouldShow: true, sourceType: SOURCE_COMMON, remindLevel: 0, pkg: rd.sheepskin.sandboxmusic, hostPkgName=com.android.systemui front: true, forceRebuild: false, isForcedReminder: false, InstantDuration: 5000, requestPanel: null, capsuleTimeOut: 300000, serviceTitleName: , overrideTransition: false level: 2,
07-06 12:18:10.214  4915  4915 I PluginSeedling--Origin:  rusBaseData: RusBaseData(id='default_com.android.systemui_268452006', updateStateEnable=1, canDelete=1, remindAlways=0, longClick='', cardImportance=-1, clickCustomAction=0,timeOutDuration=5, timeOutDurationEnable=0,enableInSuperpower=0, autoPriority=0, customCapsuleDuration=300000,clickWhenAnim=1, panoramicAodEnable=1,notificationStyleList=,blackCallStyle=0, liveAlertScore=6.15,liveAlertLevel=2,enableQuitShrink=0, lockImmersiveEnable=1, lockImmersiveDefault=1,lockRemindAlways = 0, luSettings=[], liteAnim=14, serviceType=1), showSize: VIEW_SIZE_NONE, isPinFiltered: false serviceFrom: 0, liveAlertState: SeedlingState(0), wrapperSize: 3, duplicateChips: false, quitHideOrBubble:0, liveAlertService:, immersiveCardType:2, requestLockScreenImmersive:-1, ignoreEntry:-1, noe: false
07-06 12:18:10.214  4915  4915 I PluginSeedling--Notification: NotificationRepository-->onDataChanged, [LiveAlertModel: [key: 0|com.android.systemui|268452006|1783336561374|0, entranceType: ENTRY_NOTIFICATION, score: 6.15, groupPriority: 2 type: LIVE, isSystemService: true, shouldShow: true, lockscreenShouldShow: true, sourceType: SOURCE_COMMON, remindLevel: 0, pkg: rd.sheepskin.sandboxmusic, hostPkgName=com.android.systemui front: true, forceRebuild: false, isForcedReminder: false, InstantDuration: 5000, requestPanel: null, capsuleTimeOut: 300000, serviceTitleName: , overrideTransition: false level: 2,
07-06 12:18:10.214  4915  4915 I PluginSeedling--Notification:  rusBaseData: RusBaseData(id='default_com.android.systemui_268452006', updateStateEnable=1, canDelete=1, remindAlways=0, longClick='', cardImportance=-1, clickCustomAction=0,timeOutDuration=5, timeOutDurationEnable=0,enableInSuperpower=0, autoPriority=0, customCapsuleDuration=300000,clickWhenAnim=1, panoramicAodEnable=1,notificationStyleList=,blackCallStyle=0, liveAlertScore=6.15,liveAlertLevel=2,enableQuitShrink=0, lockImmersiveEnable=1, lockImmersiveDefault=1,lockRemindAlways = 0, luSettings=[], liteAnim=14, serviceType=1), showSize: VIEW_SIZE_NONE, isPinFiltered: false serviceFrom: 0, liveAlertState: SeedlingState(0), wrapperSize: 3, duplicateChips: false, quitHideOrBubble:0, liveAlertService:, immersiveCardType:2, requestLockScreenImmersive:-1, ignoreEntry:-1]
07-06 12:18:10.214  4915  4915 I PluginSeedling--Origin: LiveAlertInteractorImpl-->EntryDataListener,onDataPosted originData:[t3.d@a38f41a5] data:[t3.d@a38f41a5]
07-06 12:18:10.214  4915  4915 I PluginSeedling--Origin: LiveAlertInteractorImpl-->notifyEntryDataChanged ENTRY_STATUS_BAR, result:LiveAlertModel: [key: 0|com.android.systemui|268452006|1783336561374|0, entranceType: ENTRY_STATUS_BAR, score: 6.15, groupPriority: 2 type: LIVE, isSystemService: true, shouldShow: true, lockscreenShouldShow: false, sourceType: SOURCE_COMMON, remindLevel: 0, pkg: rd.sheepskin.sandboxmusic, hostPkgName=com.android.systemui front: true, forceRebuild: false, isForcedReminder: false, InstantDuration: 5000, requestPanel: null, capsuleTimeOut: 300000, serviceTitleName: , overrideTransition: false level: 2,
07-06 12:18:10.214  4915  4915 I PluginSeedling--Origin:  rusBaseData: RusBaseData(id='default_com.android.systemui_268452006', updateStateEnable=1, canDelete=1, remindAlways=0, longClick='', cardImportance=-1, clickCustomAction=0,timeOutDuration=5, timeOutDurationEnable=0,enableInSuperpower=0, autoPriority=0, customCapsuleDuration=300000,clickWhenAnim=1, panoramicAodEnable=1,notificationStyleList=,blackCallStyle=0, liveAlertScore=6.15,liveAlertLevel=2,enableQuitShrink=0, lockImmersiveEnable=1, lockImmersiveDefault=1,lockRemindAlways = 0, luSettings=[], liteAnim=14, serviceType=1), showSize: VIEW_SIZE_NONE, isPinFiltered: false serviceFrom: 0, liveAlertState: SeedlingState(0), wrapperSize: 2, duplicateChips: false, quitHideOrBubble:0, liveAlertService:, immersiveCardType:2, requestLockScreenImmersive:-1, ignoreEntry:-1, noe: false
07-06 12:18:10.220  1894  4474 I vendor.qti.media.c2@1.0-service: missing struct descriptor #Param::CoreIndex(--002) for field mastering of struct #Param::CoreIndex(--180a)
07-06 12:18:10.220  1894  4474 I vendor.qti.media.c2@1.0-service: missing struct descriptor #Param::CoreIndex(-V8002) for field portConfigs of struct #Param::CoreIndex(FV1a100)
07-06 12:18:10.220  1894  4474 I vendor.qti.media.c2@1.0-service: missing struct descriptor #Param::CoreIndex(-V8002) for field portConfigs of struct #Param::CoreIndex(FV1a100)
07-06 12:18:10.221  1890  2045 I [UAH_CLIENT]: UahRelease, handle:121384
07-06 12:18:10.222  1894  4474 D OplusDumpOutputFilter: [OutputBlockPoolSetter:L163]C2PortBlockPoolsTuning:1
07-06 12:18:10.222  1894  4474 I vendor.qti.media.c2@1.0-service: missing struct descriptor #Param::CoreIndex(--002) for field mastering of struct #Param::CoreIndex(--180a)
07-06 12:18:10.222  1894  4474 I vendor.qti.media.c2@1.0-service: missing struct descriptor #Param::CoreIndex(--002) for field mastering of struct #Param::CoreIndex(--180a)
07-06 12:18:10.222  1894  4474 D OplusDumpOutputFilter: [OplusDumpOutputFilter:L308]
07-06 12:18:10.223  1894  4474 I Codec2-OplusFilterWrapper: createFilters: c2.oplus.dumpoutput.filter
07-06 12:18:10.223  1894  4474 D OplusToneMapperFilter: [OutputBlockPoolSetter:L282]C2PortBlockPoolsTuning:1
07-06 12:18:10.223  1894  4474 I vendor.qti.media.c2@1.0-service: missing struct descriptor #Param::CoreIndex(--002) for field mastering of struct #Param::CoreIndex(--180a)
07-06 12:18:10.223  1894  4474 I vendor.qti.media.c2@1.0-service: missing struct descriptor #Param::CoreIndex(--002) for field mastering of struct #Param::CoreIndex(--180a)
07-06 12:18:10.223  1894  4474 D OplusToneMapperFilter: [OutputColorAspectsSetter:L342]:[0],[0],[0]
07-06 12:18:10.223  1894  4474 D OplusToneMapperFilter: [OplusTonemapFilterEnableSetter:L376]EnableSetter input:0
07-06 12:18:10.223  1894  4474 D OplusToneMapperFilter: [OplusTonemapFilterEnableSetter:L378]EnableSetter packageName:
07-06 12:18:10.223  1894  4474 D OplusToneMapperFilter: [OplusTonemapperFilter:L576]
07-06 12:18:10.223  1894  4474 I Codec2-OplusFilterWrapper: createFilters: c2.oplus.tone-mapper
07-06 12:18:10.223  1894  4474 I vendor.qti.media.c2@1.0-service: missing struct descriptor #Param::CoreIndex(--002) for field mastering of struct #Param::CoreIndex(--180a)
07-06 12:18:10.223  1894  4474 I Codec2-OplusFilterWrapper: createFilters: c2.video.vpp.filter
07-06 12:18:10.223  1894  4474 I Codec2-OplusFilterWrapper: WrappedDecoder:[c2.qti.avc.decoder] Filter:[c2.oplus.dumpoutput.filter_c2.oplus.tone-mapper_c2.video.vpp.filter_]
07-06 12:18:10.223  1894  4474 D OplusToneMapperFilter: [IsFilteringEnabled:L531] not requestEnable,disable
07-06 12:18:10.223  1894  4474 D Codec2-DumpInput: [DumpInput:L388][c2.qti.avc.decoder_123] this:0xb4000074f9709458
07-06 12:18:10.224  1894  4474 I Codec2-OplusFilterWrapper: maybeWrapComponent Decoder :[c2.qti.avc.decoder] Filter:[c2.oplus.dumpoutput.filter_c2.oplus.tone-mapper_c2.video.vpp.filter_]
07-06 12:18:10.225  1894  4475 W QC2Interface: [avcD_690] Failed to query parameters
07-06 12:18:10.225  7903 16511 D CCodecConfig: read media type: video/avc
07-06 12:18:10.226  7903 16511 D ReflectedParamUpdater: extent() != 1 for single value type: output.subscribed-indices.values
07-06 12:18:10.226  7903 16511 D ReflectedParamUpdater: ignored struct field vendor.output.configs.portConfigs
07-06 12:18:10.228  7903 16511 D ReflectedParamUpdater: extent() != 1 for single value type: vendor.qti-ext-transcode-info-stats.stats_info
07-06 12:18:10.231  7903 16511 D ReflectedParamUpdater: extent() != 1 for single value type: vendor.qti-ext-vpp-extradata.extradata-types
07-06 12:18:10.231  7903 16511 D ReflectedParamUpdater: ignored struct field vendor.input.configs.portConfigs
07-06 12:18:10.232  7903 16511 D ReflectedParamUpdater: extent() != 1 for single value type: output.buffers.pool-ids.values
07-06 12:18:10.232  7903 16511 D ReflectedParamUpdater: Could not describe oplus.tonemap.filter
07-06 12:18:10.232  7903 16511 D ReflectedParamUpdater: Could not describe oplus.vpp.is.ff.mode
07-06 12:18:10.232  5703  7977 D CommonApp-104-10162: transport layer data is invalid
07-06 12:18:10.232  7903 16511 D ReflectedParamUpdater: Could not describe oplus.vpp.white.list
07-06 12:18:10.232  7903 16511 D ReflectedParamUpdater: Could not describe oplus.vpp.inputdelay
07-06 12:18:10.232  7903 16511 D ReflectedParamUpdater: Could not describe oplus.switch.by.app
07-06 12:18:10.232  7903 16511 D CCodecConfig: ignoring local param raw.size (0xd2001800) as it is already supported
07-06 12:18:10.232  7903 16511 D CCodecConfig: ignoring local param default.color (0x5200180b) as it is already supported
07-06 12:18:10.232  7903 16511 D CCodecConfig: ignoring local param raw.hdr-static-info (0xd200180a) as it is already supported
07-06 12:18:10.232  5703  7977 D CommonApp-104-10447: transport layer data is invalid
07-06 12:18:10.232  1894  4474 D OplusToneMapperFilter: [IsFilteringEnabled:L531] not requestEnable,disable
07-06 12:18:10.232  1894  4474 D OplusToneMapperFilter: [IsFilteringEnabled:L531] not requestEnable,disable
07-06 12:18:10.233  1894  4474 W QC2Interface: [avcD_690] Failed to query parameters
07-06 12:18:10.233  7903 16511 I CCodecConfig: query failed after returning 17 values (BAD_INDEX)
07-06 12:18:10.233  7903 16511 W ColorUtils: expected specified color aspects (0:0:0:0)
07-06 12:18:10.234  3414  5233 D ConnectivityService: requestNetwork for uid/pid:10299/16204 activeRequest: null callbackRequest: 29316 [NetworkRequest [ TRACK_DEFAULT id=29317, [ Capabilities: INTERNET&NOT_RESTRICTED&TRUSTED&NOT_VCN_MANAGED&NOT_BANDWIDTH_CONSTRAINED Uid: 10299 RequestorUid: 10299 RequestorPkg: jp.naver.line.android UnderlyingNetworks: Null] ], NetworkRequest [ REQUEST id=29318, [ Transports: SATELLITE Capabilities: INTERNET&NOT_RESTRICTED&TRUSTED&NOT_VCN_MANAGED Uid: 10299 RequestorUid: 10299 RequestorPkg: jp.naver.line.android UnderlyingNetworks: Null] ]] callback flags: 0 order: 2147483647 isUidTracked: false declaredMethods: AVAIL|LOST|NC|BLK
07-06 12:18:10.235  7903 16509 D BufferQueueConsumer: [](id:1edf00000002,api:0,p:-1,c:7903) connect: controlledByApp=false
07-06 12:18:10.235  7903 16509 D SurfaceUtils: connecting to surface 0xb400006bf5b73010, reason connectToSurface
07-06 12:18:10.235  7903 16509 D BufferQueueProducer: [MediaCodec.release](id:1edf00000002,api:3,p:7903,c:7903) connect: api=3 producerControlledByApp=false
07-06 12:18:10.235  7903 16509 D SurfaceUtils: disconnecting from surface 0xb400006bf5b73010, reason connectToSurface(reconnect)
07-06 12:18:10.235  7903 16509 D BufferQueueProducer: [MediaCodec.release](id:1edf00000002,api:3,p:7903,c:7903) disconnect: api 3
07-06 12:18:10.235  7903 16509 D SurfaceUtils: connecting to surface 0xb400006bf5b73000, reason connectToSurface(reconnect-with-listener)
07-06 12:18:10.235  7903 16509 D BufferQueueProducer: [MediaCodec.release](id:1edf00000002,api:3,p:7903,c:7903) connect: api=3 producerControlledByApp=false
07-06 12:18:10.235  7903 16509 D OplusAtlasMapsUtil: [doParser:67]ctype:1,platform:1,uid:10447,pid:7903,pkg:rd.sheepskin.sandboxmusic
07-06 12:18:10.236  2678 26161 D MMListService: [insertToMultiMaps:456]update module:sr-osie-whitelist-new,ret:0,value:
07-06 12:18:10.236  7903 16510 D OplusMediaMonitor: codecSessionKey: -5476376683433740160, codecSessionInfo: b4000072c02c0000
07-06 12:18:10.236  2678  2744 D MMListService: uid 10447 no permission to getPackageNameByPid
07-06 12:18:10.236  7903 13912 D AtlasEventUploadUtils: setEvent event:atlas_event_video_monitor_network_switch
07-06 12:18:10.237  7903 16510 I OplusMediaMonitor-VideoStutterObserver: IsAppInScoreSupportList:0 isDecoder:1 scorecalcValue:1, no need connect Network
07-06 12:18:10.237  1894  4474 D OplusToneMapperFilter: [IsFilteringEnabled:L531] not requestEnable,disable
07-06 12:18:10.237  1894  4474 D OplusToneMapperFilter: [IsFilteringEnabled:L531] not requestEnable,disable
07-06 12:18:10.237  4915  4915 I PluginSeedling--Origin: LiveAlertInteractorImpl-->EntryDataListener,onDataPosted originData:[t3.d@a38f41a5] data:[t3.d@a38f41a5]
07-06 12:18:10.237  1894  4474 E StandardCaps: max size must equal to/greater than output size
07-06 12:18:10.237  4915  4915 I PluginSeedling--Origin: LiveAlertInteractorImpl-->notifyEntryDataChanged ENTRY_NOTIFICATION, result:LiveAlertModel: [key: 0|com.android.systemui|268452006|1783336561374|0, entranceType: ENTRY_NOTIFICATION, score: 6.15, groupPriority: 2 type: LIVE, isSystemService: true, shouldShow: true, lockscreenShouldShow: true, sourceType: SOURCE_COMMON, remindLevel: 0, pkg: rd.sheepskin.sandboxmusic, hostPkgName=com.android.systemui front: true, forceRebuild: false, isForcedReminder: false, InstantDuration: 5000, requestPanel: null, capsuleTimeOut: 300000, serviceTitleName: , overrideTransition: false level: 2,
07-06 12:18:10.237  4915  4915 I PluginSeedling--Origin:  rusBaseData: RusBaseData(id='default_com.android.systemui_268452006', updateStateEnable=1, canDelete=1, remindAlways=0, longClick='', cardImportance=-1, clickCustomAction=0,timeOutDuration=5, timeOutDurationEnable=0,enableInSuperpower=0, autoPriority=0, customCapsuleDuration=300000,clickWhenAnim=1, panoramicAodEnable=1,notificationStyleList=,blackCallStyle=0, liveAlertScore=6.15,liveAlertLevel=2,enableQuitShrink=0, lockImmersiveEnable=1, lockImmersiveDefault=1,lockRemindAlways = 0, luSettings=[], liteAnim=14, serviceType=1), showSize: VIEW_SIZE_NONE, isPinFiltered: false serviceFrom: 0, liveAlertState: SeedlingState(0), wrapperSize: 3, duplicateChips: false, quitHideOrBubble:0, liveAlertService:, immersiveCardType:2, requestLockScreenImmersive:-1, ignoreEntry:-1, noe: false
07-06 12:18:10.237  1894  4474 D OplusToneMapperFilter: [IsFilteringEnabled:L531] not requestEnable,disable
07-06 12:18:10.237  1894  4474 D OplusToneMapperFilter: [IsFilteringEnabled:L531] not requestEnable,disable
07-06 12:18:10.237  4915  4915 I PluginSeedling--Notification: NotificationRepository-->onDataChanged, [LiveAlertModel: [key: 0|com.android.systemui|268452006|1783336561374|0, entranceType: ENTRY_NOTIFICATION, score: 6.15, groupPriority: 2 type: LIVE, isSystemService: true, shouldShow: true, lockscreenShouldShow: true, sourceType: SOURCE_COMMON, remindLevel: 0, pkg: rd.sheepskin.sandboxmusic, hostPkgName=com.android.systemui front: true, forceRebuild: false, isForcedReminder: false, InstantDuration: 5000, requestPanel: null, capsuleTimeOut: 300000, serviceTitleName: , overrideTransition: false level: 2,
07-06 12:18:10.237  4915  4915 I PluginSeedling--Notification:  rusBaseData: RusBaseData(id='default_com.android.systemui_268452006', updateStateEnable=1, canDelete=1, remindAlways=0, longClick='', cardImportance=-1, clickCustomAction=0,timeOutDuration=5, timeOutDurationEnable=0,enableInSuperpower=0, autoPriority=0, customCapsuleDuration=300000,clickWhenAnim=1, panoramicAodEnable=1,notificationStyleList=,blackCallStyle=0, liveAlertScore=6.15,liveAlertLevel=2,enableQuitShrink=0, lockImmersiveEnable=1, lockImmersiveDefault=1,lockRemindAlways = 0, luSettings=[], liteAnim=14, serviceType=1), showSize: VIEW_SIZE_NONE, isPinFiltered: false serviceFrom: 0, liveAlertState: SeedlingState(0), wrapperSize: 3, duplicateChips: false, quitHideOrBubble:0, liveAlertService:, immersiveCardType:2, requestLockScreenImmersive:-1, ignoreEntry:-1]
07-06 12:18:10.237  4915  4915 I PluginSeedling--Origin: LiveAlertInteractorImpl-->EntryDataListener,onDataPosted originData:[t3.d@a38f41a5] data:[t3.d@a38f41a5]
07-06 12:18:10.237  7903 16510 D OplusMediaMonitor-VideoJointMediaTurboObserver: [initEncDecParams][157] mts-video-decoder-statistics ret=0 uid=10447 listPrjname=
07-06 12:18:10.237  4627 10011 V OplusAtlasVideo: callback success event:atlas_event_video_monitor_network_switch eventInfo:START,7903,Key,-5476376683433740160,Component,c2.qti.avc.decoder,Width,640,Height,360,IsMediaPlayer,0
07-06 12:18:10.237  4915  4915 I PluginSeedling--Origin: LiveAlertInteractorImpl-->notifyEntryDataChanged ENTRY_STATUS_BAR, result:LiveAlertModel: [key: 0|com.android.systemui|268452006|1783336561374|0, entranceType: ENTRY_STATUS_BAR, score: 6.15, groupPriority: 2 type: LIVE, isSystemService: true, shouldShow: true, lockscreenShouldShow: false, sourceType: SOURCE_COMMON, remindLevel: 0, pkg: rd.sheepskin.sandboxmusic, hostPkgName=com.android.systemui front: true, forceRebuild: false, isForcedReminder: false, InstantDuration: 5000, requestPanel: null, capsuleTimeOut: 300000, serviceTitleName: , overrideTransition: false level: 2,
07-06 12:18:10.237  4915  4915 I PluginSeedling--Origin:  rusBaseData: RusBaseData(id='default_com.android.systemui_268452006', updateStateEnable=1, canDelete=1, remindAlways=0, longClick='', cardImportance=-1, clickCustomAction=0,timeOutDuration=5, timeOutDurationEnable=0,enableInSuperpower=0, autoPriority=0, customCapsuleDuration=300000,clickWhenAnim=1, panoramicAodEnable=1,notificationStyleList=,blackCallStyle=0, liveAlertScore=6.15,liveAlertLevel=2,enableQuitShrink=0, lockImmersiveEnable=1, lockImmersiveDefault=1,lockRemindAlways = 0, luSettings=[], liteAnim=14, serviceType=1), showSize: VIEW_SIZE_NONE, isPinFiltered: false serviceFrom: 0, liveAlertState: SeedlingState(0), wrapperSize: 2, duplicateChips: false, quitHideOrBubble:0, liveAlertService:, immersiveCardType:2, requestLockScreenImmersive:-1, ignoreEntry:-1, noe: false
07-06 12:18:10.237  1894  4474 W QC2Interface: [avcD_690] Failed to query parameters
07-06 12:18:10.237  7903 16511 W Codec2Client: query -- param skipped: index = 1107298332.
07-06 12:18:10.237  7903 16511 W CCodec  : This behavior is subject to change. It is recommended that app developers double check whether the requested max input size is in reasonable range.
07-06 12:18:10.238  1894  4474 W QC2Interface: [avcD_690] Failed to query parameters
07-06 12:18:10.238  7903 16511 I CCodecConfig: query failed after returning 18 values (BAD_INDEX)
07-06 12:18:10.238  1894  4474 W QC2Interface: [avcD_690] Failed to query parameters
07-06 12:18:10.238  7903 16511 E in.sandboxmusic: Failed to query component interface for required system resources: 6
07-06 12:18:10.238  1894  4474 D OplusToneMapperFilter: [IsFilteringEnabled:L531] not requestEnable,disable
07-06 12:18:10.239  1894  4474 V Codec2-DumpInput: [start:L443][c2.qti.avc.decoder_123] this:0xb4000074f9709458
07-06 12:18:10.239  1894 16515 V Codec2-DumpInput: [processLoop:L652][c2.qti.avc.decoder_123]thread Start.this:0xb4000074f9709458
07-06 12:18:10.239  1890  2045 I [UAH_CLIENT]: UahPlatformResAcquire
07-06 12:18:10.239  1890  2045 I [UAH_CLIENT]: UahEventAcquire, cmdid:-3, pkg:1894 4474, identity:qcom-perfd
07-06 12:18:10.240  1890  2036 E ANDR-PERF-RESOURCEQS: ANDR-PERF-RESOURCEQS: AddAndApply() 125: Resource with major=16, minor=0 not supported
07-06 12:18:10.240  1894  4474 E QC2Comp : [avcD_690] configureIntf failed 95
07-06 12:18:10.241  1894 16517 E QC2V4l2Codec: [v4lavcD_690]  ? is not a supported pixel format!
07-06 12:18:10.242  3414  4444 D ConnectivityService: NetReassign [29317 : null ŌåÆ 104] [c 1] [a 1] [i 5]
07-06 12:18:10.243  1894  4474 W QC2Interface: [avcD_690] Failed to query parameters
07-06 12:18:10.243  1890  2045 I [UAH_CLIENT]: UahRelease, handle:121536
07-06 12:18:10.243  1894  4474 W QC2Interface: [avcD_690] Failed to query parameters
07-06 12:18:10.244  7903 16511 W Codec2Client: query -- param skipped: index = 1342179345.
07-06 12:18:10.244  7903 16511 W Codec2Client: query -- param skipped: index = 2415921170.
07-06 12:18:10.244  7903 16511 W Codec2Client: query -- param skipped: index = 1610614798.
07-06 12:18:10.244  1894  4474 W QC2Interface: [avcD_690] Failed to query parameters
07-06 12:18:10.244  1894  4474 W QC2Interface: [avcD_690] Failed to query parameters
07-06 12:18:10.244  1894  4474 W QC2Interface: [avcD_690] Failed to query parameters
07-06 12:18:10.245  7903 16511 D Codec2-OutputBufferQueue: C2SurfaceSyncMemory created 20(20)
07-06 12:18:10.245  7903 16511 D Codec2-OutputBufferQueue: remote graphic buffer migration 0/0
07-06 12:18:10.245  1894  4474 W QC2Interface: [avcD_690] Few parameters failed to configure
07-06 12:18:10.245  7903 16511 D Codec2Client: setOutputSurface -- failed to set consumer usage (6/BAD_INDEX)
07-06 12:18:10.245  7903 16511 D Codec2Client: setOutputSurface -- generation=8092674 consumer usage=0x900 sync
07-06 12:18:10.246  1894  4474 D C2BqBuffer: local generation change 8092674 , bqId: 33943126540290 migrated buffers # 0
07-06 12:18:10.246  7903 16511 D Codec2Client: Surface configure completed
07-06 12:18:10.248  1894  4474 W QC2Interface: [avcD_690] Failed to query parameters
07-06 12:18:10.248  2649  4512 W ResourceManagerServiceUtils: Ignoring request to add new resource entry with value <= 0
07-06 12:18:10.250  7903 12365 I DMCodecAdapterFactory: Creating an asynchronous MediaCodec adapter for track type audio
07-06 12:18:10.250  1890  2045 I [UAH_CLIENT]: UahPlatformResAcquire
07-06 12:18:10.250  1890  2045 I [UAH_CLIENT]: UahEventAcquire, cmdid:-3, pkg:1894 4474, identity:qcom-perfd
07-06 12:18:10.250  7903 12365 W libc    : Access denied finding property "vendor.debug.stagefright.mediacodec.trace"
07-06 12:18:10.251  1890  2036 E ANDR-PERF-RESOURCEQS: ANDR-PERF-RESOURCEQS: AddAndApply() 125: Resource with major=16, minor=0 not supported
07-06 12:18:10.251  7903 12365 W libc    : Access denied finding property "persist.vendor.media.c2.frameworks.buffercount.trace"
07-06 12:18:10.251  7903 12365 W libc    : Access denied finding property "persist.vendor.media.c2.frameworks.buffercount.trace"
07-06 12:18:10.251  7903 12365 W libc    : Access denied finding property "persist.vendor.media.c2.frameworks.buffercount.trace"
07-06 12:18:10.251  7903 12365 W libc    : Access denied finding property "persist.vendor.media.c2.frameworks.buffercount.trace"
07-06 12:18:10.255  2141  3457 E HwcComposer: getLuts failed Status(-129, EX_TRANSACTION_FAILED): 'UNKNOWN_TRANSACTION: '
07-06 12:18:10.255  7903  7903 I Capacitor/Console: File:  - Line 349 - Msg: [object Object]
07-06 12:18:10.255  7903 12313 V Capacitor/Plugin: To native (Capacitor plugin): callbackId: 92024132, pluginId: NativeExoPlayback, methodName: getStatus
07-06 12:18:10.255  7903 12313 V Capacitor: callback: 92024132, pluginId: NativeExoPlayback, methodName: getStatus, methodData: {}
07-06 12:18:10.257  7903  7903 I Capacitor/Console: File:  - Line 333 - Msg: {"available":true,"wired":true,"message":"ExoPlayer gapless queue ŌĆö content:// locker bridge + HTTP streams.","state":"loading","positionSecs":0,"durationSecs":254.095,"queueIndex":0,"queueLength":1,"gaplessEnabled":true,"crossfadeEnabled":false,"bitPerfectActive":false,"currentUrl":"content://rd.sheepskin.sandboxmusic.locker/locker/locker-1783336498726-de3fxx","envelopeId":"local-locker-1783336498726-de3fxx","title":"The Heretic Anthem","artist":"Slipknot","album":"All Hope Is Gone"}
07-06 12:18:10.258  2818 23776 D BufferPoolAccessor2.0: bufferpool2 0xb40000787d550428 : 0(0 size) total buffers - 0(0 size) used buffers - 0/0 (recycle/alloc) - 0/0 (fetch/transfer)
07-06 12:18:10.258  3414  3414 I NotificationService: Cannot find enqueued record for key: 0|rd.sheepskin.sandboxmusic|88001|null|10447
07-06 12:18:10.259  7903 16522 D CCodecConfig: read media type: audio/mp4a-latm
07-06 12:18:10.261  4915  4915 I PluginSeedling--Origin: LiveAlertInteractorImpl-->EntryDataListener,onDataPosted originData:[t3.d@a38f41a5] data:[t3.d@a38f41a5]
07-06 12:18:10.261  7903 16522 D ReflectedParamUpdater: extent() != 1 for single value type: algo.buffers.max-count.values
