07-06 12:18:10.261  4915  4915 I PluginSeedling--Origin: LiveAlertInteractorImpl-->notifyEntryDataChanged ENTRY_NOTIFICATION, result:LiveAlertModel: [key: 0|com.android.systemui|268452006|1783336561374|0, entranceType: ENTRY_NOTIFICATION, score: 6.15, groupPriority: 2 type: LIVE, isSystemService: true, shouldShow: true, lockscreenShouldShow: true, sourceType: SOURCE_COMMON, remindLevel: 0, pkg: rd.sheepskin.sandboxmusic, hostPkgName=com.android.systemui front: true, forceRebuild: false, isForcedReminder: false, InstantDuration: 5000, requestPanel: null, capsuleTimeOut: 300000, serviceTitleName: , overrideTransition: false level: 2,
07-06 12:18:10.261  4915  4915 I PluginSeedling--Origin:  rusBaseData: RusBaseData(id='default_com.android.systemui_268452006', updateStateEnable=1, canDelete=1, remindAlways=0, longClick='', cardImportance=-1, clickCustomAction=0,timeOutDuration=5, timeOutDurationEnable=0,enableInSuperpower=0, autoPriority=0, customCapsuleDuration=300000,clickWhenAnim=1, panoramicAodEnable=1,notificationStyleList=,blackCallStyle=0, liveAlertScore=6.15,liveAlertLevel=2,enableQuitShrink=0, lockImmersiveEnable=1, lockImmersiveDefault=1,lockRemindAlways = 0, luSettings=[], liteAnim=14, serviceType=1), showSize: VIEW_SIZE_NONE, isPinFiltered: false serviceFrom: 0, liveAlertState: SeedlingState(0), wrapperSize: 3, duplicateChips: false, quitHideOrBubble:0, liveAlertService:, immersiveCardType:2, requestLockScreenImmersive:-1, ignoreEntry:-1, noe: false
07-06 12:18:10.261  4915  4915 I PluginSeedling--Notification: NotificationRepository-->onDataChanged, [LiveAlertModel: [key: 0|com.android.systemui|268452006|1783336561374|0, entranceType: ENTRY_NOTIFICATION, score: 6.15, groupPriority: 2 type: LIVE, isSystemService: true, shouldShow: true, lockscreenShouldShow: true, sourceType: SOURCE_COMMON, remindLevel: 0, pkg: rd.sheepskin.sandboxmusic, hostPkgName=com.android.systemui front: true, forceRebuild: false, isForcedReminder: false, InstantDuration: 5000, requestPanel: null, capsuleTimeOut: 300000, serviceTitleName: , overrideTransition: false level: 2,
07-06 12:18:10.261  4915  4915 I PluginSeedling--Notification:  rusBaseData: RusBaseData(id='default_com.android.systemui_268452006', updateStateEnable=1, canDelete=1, remindAlways=0, longClick='', cardImportance=-1, clickCustomAction=0,timeOutDuration=5, timeOutDurationEnable=0,enableInSuperpower=0, autoPriority=0, customCapsuleDuration=300000,clickWhenAnim=1, panoramicAodEnable=1,notificationStyleList=,blackCallStyle=0, liveAlertScore=6.15,liveAlertLevel=2,enableQuitShrink=0, lockImmersiveEnable=1, lockImmersiveDefault=1,lockRemindAlways = 0, luSettings=[], liteAnim=14, serviceType=1), showSize: VIEW_SIZE_NONE, isPinFiltered: false serviceFrom: 0, liveAlertState: SeedlingState(0), wrapperSize: 3, duplicateChips: false, quitHideOrBubble:0, liveAlertService:, immersiveCardType:2, requestLockScreenImmersive:-1, ignoreEntry:-1]
07-06 12:18:10.261  7903 16522 D ReflectedParamUpdater: extent() != 1 for single value type: output.subscribed-indices.values
07-06 12:18:10.261  4915  4915 I PluginSeedling--Origin: LiveAlertInteractorImpl-->EntryDataListener,onDataPosted originData:[t3.d@a38f41a5] data:[t3.d@a38f41a5]
07-06 12:18:10.261  4915  4915 I PluginSeedling--Origin: LiveAlertInteractorImpl-->notifyEntryDataChanged ENTRY_STATUS_BAR, result:LiveAlertModel: [key: 0|com.android.systemui|268452006|1783336561374|0, entranceType: ENTRY_STATUS_BAR, score: 6.15, groupPriority: 2 type: LIVE, isSystemService: true, shouldShow: true, lockscreenShouldShow: false, sourceType: SOURCE_COMMON, remindLevel: 0, pkg: rd.sheepskin.sandboxmusic, hostPkgName=com.android.systemui front: true, forceRebuild: false, isForcedReminder: false, InstantDuration: 5000, requestPanel: null, capsuleTimeOut: 300000, serviceTitleName: , overrideTransition: false level: 2,
07-06 12:18:10.261  4915  4915 I PluginSeedling--Origin:  rusBaseData: RusBaseData(id='default_com.android.systemui_268452006', updateStateEnable=1, canDelete=1, remindAlways=0, longClick='', cardImportance=-1, clickCustomAction=0,timeOutDuration=5, timeOutDurationEnable=0,enableInSuperpower=0, autoPriority=0, customCapsuleDuration=300000,clickWhenAnim=1, panoramicAodEnable=1,notificationStyleList=,blackCallStyle=0, liveAlertScore=6.15,liveAlertLevel=2,enableQuitShrink=0, lockImmersiveEnable=1, lockImmersiveDefault=1,lockRemindAlways = 0, luSettings=[], liteAnim=14, serviceType=1), showSize: VIEW_SIZE_NONE, isPinFiltered: false serviceFrom: 0, liveAlertState: SeedlingState(0), wrapperSize: 2, duplicateChips: false, quitHideOrBubble:0, liveAlertService:, immersiveCardType:2, requestLockScreenImmersive:-1, ignoreEntry:-1, noe: false
07-06 12:18:10.262  7903 16522 D ReflectedParamUpdater: extent() != 1 for single value type: input.buffers.allocator-ids.values
07-06 12:18:10.262  7903 16522 D ReflectedParamUpdater: extent() != 1 for single value type: output.buffers.allocator-ids.values
07-06 12:18:10.262  4915  4915 I PluginSeedling--Template: TransitionViewWrapper-->update, newPageState: NORMAL_STYLE, currentPage:NORMAL_STYLE
07-06 12:18:10.262  7903 16522 D ReflectedParamUpdater: extent() != 1 for single value type: algo.buffers.allocator-ids.values
07-06 12:18:10.262  7903 16522 D ReflectedParamUpdater: extent() != 1 for single value type: output.buffers.pool-ids.values
07-06 12:18:10.262  7903 16522 D ReflectedParamUpdater: extent() != 1 for single value type: algo.buffers.pool-ids.values
07-06 12:18:10.262  4915  4915 I PluginSeedling--Template: TransitionViewWrapper-->update, newPageState: MEDIA_PLAYER_STYLE, currentPage:MEDIA_PLAYER_STYLE
07-06 12:18:10.262  4915  4915 I PluginSeedling--Template: TransitionViewWrapper-->update, newPageState: MEDIA_PLAYER_STYLE, currentPage:MEDIA_PLAYER_STYLE
07-06 12:18:10.262  4915  4915 I PluginSeedling--Template: TransitionViewWrapper-->update, newPageState: NORMAL_STYLE, currentPage:NORMAL_STYLE
07-06 12:18:10.263  4915  4915 I PluginSeedling--Template: CapsulePageViewModel-->sectionsTemplateData: left, style:CapsuleSectionTemplateData(style=IMAGE_TEXT_STYLE, moduleDic={pic=BitmapModel(src=android.graphics.Bitmap@75c3995, iconColor=null, icon=Icon(typ=RESOURCE pkg=com.android.systemui id=0x7f0809d5), anim=null, bgColor=0, shape=1, width=90, height=90, radius=45.0, actionIntent=null, pi=null, desc=Fried)}, backgroundColor=null)
07-06 12:18:10.263  4915  4915 I PluginSeedling--Template: CapsulePageViewModel-->sectionsTemplateData: right, style:CapsuleSectionTemplateData(style=TEXT_IMAGE_STYLE, moduleDic={pic=DrawableModel(src=null, iconColor=null, anim=LottieOrRawAnimModel(anim='[length=10444]', shouldPlayCount=-1), bgColor=0, shape=0, width=90, height=90, radius=45.0, actionIntent=null, pi=null, desc=Fried)}, backgroundColor=null)
07-06 12:18:10.263  4915  4915 I PluginSeedling--Template: TransitionViewWrapper-->update, newPageState: MEDIA_PLAYER_STYLE, currentPage:MEDIA_PLAYER_STYLE
07-06 12:18:10.264  7903 16522 I CCodecConfig: query failed after returning 21 values (BAD_INDEX)
07-06 12:18:10.267  3414  3414 I NotificationService: Cannot find enqueued record for key: 0|rd.sheepskin.sandboxmusic|88001|null|10447
07-06 12:18:10.267  7903 16522 D OplusAtlasMapsUtil: [doParser:67]ctype:1,platform:1,uid:10447,pid:7903,pkg:rd.sheepskin.sandboxmusic
07-06 12:18:10.267  7903 16525 D OplusMediaMonitor: codecSessionKey: -5476376683517278912, codecSessionInfo: b400007346f02000
07-06 12:18:10.267  2678 26161 D MMListService: uid 10447 no permission to getPackageNameByPid
07-06 12:18:10.268  7903 16522 W Codec2Client: query -- param skipped: index = 1107298332.
07-06 12:18:10.268  7903 16522 W CCodec  : This behavior is subject to change. It is recommended that app developers double check whether the requested max input size is in reasonable range.
07-06 12:18:10.268  7903 16522 I CCodecConfig: query failed after returning 21 values (BAD_INDEX)
07-06 12:18:10.268  7903 16522 E in.sandboxmusic: Failed to query component interface for required system resources: 6
07-06 12:18:10.269  3414  3414 I NotificationService: Cannot find enqueued record for key: 0|rd.sheepskin.sandboxmusic|88001|null|10447
07-06 12:18:10.269  7903 16522 W Codec2Client: query -- param skipped: index = 1342179345.
07-06 12:18:10.270  7903 16522 W Codec2Client: query -- param skipped: index = 2415921170.
07-06 12:18:10.270  7903 16522 W Codec2Client: query -- param skipped: index = 1610614798.
07-06 12:18:10.273  2818 15611 E Codec2-ComponentInterface: We have a failed config
07-06 12:18:10.273  7903 16522 D CCodecBuffers: [c2.android.aac.decoder#26:1D-Output.Impl[N]] converted 0 buffers to array mode of 6
07-06 12:18:10.273  3414  3414 I NotificationService: Cannot find enqueued record for key: 0|rd.sheepskin.sandboxmusic|88001|null|10447
07-06 12:18:10.274  2818 16526 D SimpleC2Component: Using output block pool with poolID 879 => got 879 - 0
07-06 12:18:10.282  3414  3414 I NotificationService: Cannot find enqueued record for key: 0|rd.sheepskin.sandboxmusic|88001|null|10447
07-06 12:18:10.283  2818 16526 D SimpleC2Component: applied 2 configUpdates => OK (0)
07-06 12:18:10.283  1884  2196 I SDM     : DisplayBase::CommitThread: Received idle timeout, panel: cmd, timeout: 70000 us
07-06 12:18:10.283  2818 16526 I C2SoftAacDec: Reconfiguring decoder: 0->44100 Hz, 0->2 channels
07-06 12:18:10.287  4915  4915 I PluginSeedling--Origin: LiveAlertInteractorImpl-->EntryDataListener,onDataPosted originData:[t3.d@a38f41a5] data:[t3.d@a38f41a5]
07-06 12:18:10.287  4915  4915 I PluginSeedling--Origin: LiveAlertInteractorImpl-->notifyEntryDataChanged ENTRY_NOTIFICATION, result:LiveAlertModel: [key: 0|com.android.systemui|268452006|1783336561374|0, entranceType: ENTRY_NOTIFICATION, score: 6.15, groupPriority: 2 type: LIVE, isSystemService: true, shouldShow: true, lockscreenShouldShow: true, sourceType: SOURCE_COMMON, remindLevel: 0, pkg: rd.sheepskin.sandboxmusic, hostPkgName=com.android.systemui front: true, forceRebuild: false, isForcedReminder: false, InstantDuration: 5000, requestPanel: null, capsuleTimeOut: 300000, serviceTitleName: , overrideTransition: false level: 2,
07-06 12:18:10.287  4915  4915 I PluginSeedling--Origin:  rusBaseData: RusBaseData(id='default_com.android.systemui_268452006', updateStateEnable=1, canDelete=1, remindAlways=0, longClick='', cardImportance=-1, clickCustomAction=0,timeOutDuration=5, timeOutDurationEnable=0,enableInSuperpower=0, autoPriority=0, customCapsuleDuration=300000,clickWhenAnim=1, panoramicAodEnable=1,notificationStyleList=,blackCallStyle=0, liveAlertScore=6.15,liveAlertLevel=2,enableQuitShrink=0, lockImmersiveEnable=1, lockImmersiveDefault=1,lockRemindAlways = 0, luSettings=[], liteAnim=14, serviceType=1), showSize: VIEW_SIZE_NONE, isPinFiltered: false serviceFrom: 0, liveAlertState: SeedlingState(0), wrapperSize: 3, duplicateChips: false, quitHideOrBubble:0, liveAlertService:, immersiveCardType:2, requestLockScreenImmersive:-1, ignoreEntry:-1, noe: false
07-06 12:18:10.288  4915  4915 I PluginSeedling--Notification: NotificationRepository-->onDataChanged, [LiveAlertModel: [key: 0|com.android.systemui|268452006|1783336561374|0, entranceType: ENTRY_NOTIFICATION, score: 6.15, groupPriority: 2 type: LIVE, isSystemService: true, shouldShow: true, lockscreenShouldShow: true, sourceType: SOURCE_COMMON, remindLevel: 0, pkg: rd.sheepskin.sandboxmusic, hostPkgName=com.android.systemui front: true, forceRebuild: false, isForcedReminder: false, InstantDuration: 5000, requestPanel: null, capsuleTimeOut: 300000, serviceTitleName: , overrideTransition: false level: 2,
07-06 12:18:10.288  4915  4915 I PluginSeedling--Notification:  rusBaseData: RusBaseData(id='default_com.android.systemui_268452006', updateStateEnable=1, canDelete=1, remindAlways=0, longClick='', cardImportance=-1, clickCustomAction=0,timeOutDuration=5, timeOutDurationEnable=0,enableInSuperpower=0, autoPriority=0, customCapsuleDuration=300000,clickWhenAnim=1, panoramicAodEnable=1,notificationStyleList=,blackCallStyle=0, liveAlertScore=6.15,liveAlertLevel=2,enableQuitShrink=0, lockImmersiveEnable=1, lockImmersiveDefault=1,lockRemindAlways = 0, luSettings=[], liteAnim=14, serviceType=1), showSize: VIEW_SIZE_NONE, isPinFiltered: false serviceFrom: 0, liveAlertState: SeedlingState(0), wrapperSize: 3, duplicateChips: false, quitHideOrBubble:0, liveAlertService:, immersiveCardType:2, requestLockScreenImmersive:-1, ignoreEntry:-1]
07-06 12:18:10.288  4915  4915 I PluginSeedling--Origin: LiveAlertInteractorImpl-->EntryDataListener,onDataPosted originData:[t3.d@a38f41a5] data:[t3.d@a38f41a5]
07-06 12:18:10.288  3414  3414 I NotificationService: Cannot find enqueued record for key: 0|rd.sheepskin.sandboxmusic|88001|null|10447
07-06 12:18:10.288  4915  4915 I PluginSeedling--Origin: LiveAlertInteractorImpl-->notifyEntryDataChanged ENTRY_STATUS_BAR, result:LiveAlertModel: [key: 0|com.android.systemui|268452006|1783336561374|0, entranceType: ENTRY_STATUS_BAR, score: 6.15, groupPriority: 2 type: LIVE, isSystemService: true, shouldShow: true, lockscreenShouldShow: false, sourceType: SOURCE_COMMON, remindLevel: 0, pkg: rd.sheepskin.sandboxmusic, hostPkgName=com.android.systemui front: true, forceRebuild: false, isForcedReminder: false, InstantDuration: 5000, requestPanel: null, capsuleTimeOut: 300000, serviceTitleName: , overrideTransition: false level: 2,
07-06 12:18:10.288  4915  4915 I PluginSeedling--Origin:  rusBaseData: RusBaseData(id='default_com.android.systemui_268452006', updateStateEnable=1, canDelete=1, remindAlways=0, longClick='', cardImportance=-1, clickCustomAction=0,timeOutDuration=5, timeOutDurationEnable=0,enableInSuperpower=0, autoPriority=0, customCapsuleDuration=300000,clickWhenAnim=1, panoramicAodEnable=1,notificationStyleList=,blackCallStyle=0, liveAlertScore=6.15,liveAlertLevel=2,enableQuitShrink=0, lockImmersiveEnable=1, lockImmersiveDefault=1,lockRemindAlways = 0, luSettings=[], liteAnim=14, serviceType=1), showSize: VIEW_SIZE_NONE, isPinFiltered: false serviceFrom: 0, liveAlertState: SeedlingState(0), wrapperSize: 2, duplicateChips: false, quitHideOrBubble:0, liveAlertService:, immersiveCardType:2, requestLockScreenImmersive:-1, ignoreEntry:-1, noe: false
07-06 12:18:10.288  4915  4915 I PluginSeedling--Template: TransitionViewWrapper-->destroy, currentPage:a7.r@440fda8
07-06 12:18:10.289  1730  8338 E         : DNS_CACHE: hanle request << lookupdns: hostname:legy.line-apps.com, servername:^, ai_flags:1024, ai_family:0, ai_socktype:1, ai_protocol:0, netid:0, uid:10299
07-06 12:18:10.289 16204 14789 D DNS_CACHE: oplus_oplus_getaddrinfo_proxy lookup from netd: hostname:legy.line-apps.com, servname:(null) uid: 10299, result_code:408, res = 0x0, found = 0
07-06 12:18:10.291  4915  4915 I PluginSeedling--Template: TransitionViewWrapper-->destroy, currentPage:a7.l0@e46dfa7
07-06 12:18:10.294  4915  4915 I PluginSeedling--Template: SingleCardPage-->card--dispose, {header=null, info=f7.m5@25f31ab, assist=null, divider=null, extension=null}
07-06 12:18:10.295  4915  4915 I PluginSeedling--Template: MediaPlayerSection-->dispose() isNotificationCard=false this=f7.m5@25f31ab
07-06 12:18:10.295  4915  4915 I PluginSeedling--Origin: LiveAlertInteractorImpl-->EntryDataListener,onDataRemoved originData:[] data:[t3.d@a38f41a5]
07-06 12:18:10.295  4915  4915 I PluginSeedling--Origin: LiveAlertInteractorImpl-->notifyEntryDataChanged ENTRY_STATUS_BAR, result:, noe: false
07-06 12:18:10.295  4915  5047 I SystemUi--Media: MediaLiveAlertController-->MEDIA_SEEDLING-->destroy-0|com.android.systemui|268452006|1783336561374|0: 0|com.android.systemui|268452006|1783336561374|0, false
07-06 12:18:10.295  4915  4915 I PluginSeedling--Template: TransitionViewWrapper-->destroy, currentPage:a7.x@9ae056e
07-06 12:18:10.297  4915  4915 I PluginSeedling--Template: TransitionViewWrapper-->destroy, currentPage:a7.l0@4390a7a
07-06 12:18:10.301  3414  3414 I NotificationService: Cannot find enqueued record for key: 0|rd.sheepskin.sandboxmusic|88001|null|10447
07-06 12:18:10.304  4915  4915 I UIFX    : Card3DView [1.0.1]
07-06 12:18:10.304  4915  4915 I PluginSeedling--Template: SingleCardPage-->card--dispose, {header=null, info=f7.x3@49c2821, assist=null, divider=null, extension=null}
07-06 12:18:10.304  4915  4915 I PluginSeedling--Template: MediaPlayerSection-->dispose() isNotificationCard=true this=f7.m5@4175b1
07-06 12:18:10.305  4915  4915 I PluginSeedling--Template: TransitionViewWrapper-->destroy, currentPage:a7.t@951963d
07-06 12:18:10.307  4915  4915 I PluginSeedling--Origin: LiveAlertInteractorImpl-->EntryDataListener,onDataRemoved originData:[] data:[t3.d@a38f41a5]
07-06 12:18:10.307  4915  4915 I PluginSeedling--Origin: LiveAlertInteractorImpl-->notifyEntryDataChanged ENTRY_NOTIFICATION, result:, noe: false
07-06 12:18:10.307  4915  5047 I SystemUi--Media: MediaLiveAlertController-->MEDIA_SEEDLING-->destroy-0|com.android.systemui|268452006|1783336561374|0: 0|com.android.systemui|268452006|1783336561374|0, true
07-06 12:18:10.308  4915  4915 I PluginSeedling--Notification: NotificationRepository-->onDataChanged, []
07-06 12:18:10.308  4915  8814 I PluginSeedling--Origin: LiveAlertInteractorImpl-->total list changed, notify liveAlert pkg list: []
07-06 12:18:10.308  4915  4915 I PluginSeedling--Notification: NofificationInfoConvert-->releaseTaskSet
07-06 12:18:10.308  4915  4915 I PluginSeedling--Template: TransitionViewWrapper-->update, newPageState: NORMAL_STYLE, currentPage:NORMAL_STYLE
07-06 12:18:10.308  4915  4915 I PluginSeedling--Template: TransitionViewWrapper-->update, newPageState: MEDIA_PLAYER_STYLE, currentPage:MEDIA_PLAYER_STYLE
07-06 12:18:10.308  4915  4915 I PluginSeedling--Template: TransitionViewWrapper-->update, newPageState: MEDIA_PLAYER_STYLE, currentPage:MEDIA_PLAYER_STYLE
07-06 12:18:10.308  4915  4915 I PluginSeedling--Template: TransitionViewWrapper-->update, newPageState: NORMAL_STYLE, currentPage:NORMAL_STYLE
07-06 12:18:10.308  4915  4915 I PluginSeedling--Template: TransitionViewWrapper-->update, newPageState: MEDIA_PLAYER_STYLE, currentPage:MEDIA_PLAYER_STYLE
07-06 12:18:10.308  4915  4915 I PluginSeedling--Template: TransitionViewWrapper-->update, newPageState: NORMAL_STYLE, currentPage:NORMAL_STYLE
07-06 12:18:10.308  4915  4915 I PluginSeedling--Template: TransitionViewWrapper-->update, newPageState: MEDIA_PLAYER_STYLE, currentPage:MEDIA_PLAYER_STYLE
07-06 12:18:10.308  4915  4915 I PluginSeedling--Template: TransitionViewWrapper-->update, newPageState: MEDIA_PLAYER_STYLE, currentPage:MEDIA_PLAYER_STYLE
07-06 12:18:10.308  4915  4915 I PluginSeedling--Template: TransitionViewWrapper-->update, newPageState: NORMAL_STYLE, currentPage:NORMAL_STYLE
07-06 12:18:10.308  4915  4915 I PluginSeedling--Template: TransitionViewWrapper-->update, newPageState: MEDIA_PLAYER_STYLE, currentPage:MEDIA_PLAYER_STYLE
07-06 12:18:10.309  3414  3414 I NotificationService: Cannot find enqueued record for key: 0|rd.sheepskin.sandboxmusic|88001|null|10447
07-06 12:18:10.313  1890  2045 I [UAH_CLIENT]: UahPlatformResAcquire
07-06 12:18:10.313  1890  2045 I [UAH_CLIENT]: UahEventAcquire, cmdid:-3, pkg:2141 7898, identity:qcom-perfd
07-06 12:18:10.314  1890  2036 E ANDR-PERF-RESOURCEQS: ANDR-PERF-RESOURCEQS: AddAndApply() 125: Resource with major=16, minor=0 not supported
07-06 12:18:10.315  3414  3414 I NotificationService: Cannot find enqueued record for key: 0|rd.sheepskin.sandboxmusic|88001|null|10447
07-06 12:18:10.317  3414  3414 I NotificationService: Cannot find enqueued record for key: 0|rd.sheepskin.sandboxmusic|88001|null|10447
07-06 12:18:10.319  4915  4915 I SystemUi--Notification: StackScrollAlgorithm-->updatePositionsForStateIndex:0, [-1 --> nextIndex:-1]
07-06 12:18:10.331  1890 16534 I [UAH_CLIENT]: UahRelease, handle:121538
07-06 12:18:10.337  7903  7903 I Capacitor/Console: File:  - Line 349 - Msg: [object Object]
07-06 12:18:10.337  7903 12313 V Capacitor/Plugin: To native (Capacitor plugin): callbackId: 92024133, pluginId: NativeExoPlayback, methodName: getStatus
07-06 12:18:10.337  7903 12313 V Capacitor: callback: 92024133, pluginId: NativeExoPlayback, methodName: getStatus, methodData: {}
07-06 12:18:10.338  7903  7903 I Capacitor/Console: File:  - Line 333 - Msg: {"available":true,"wired":true,"message":"ExoPlayer gapless queue ŌĆö content:// locker bridge + HTTP streams.","state":"paused","positionSecs":0,"durationSecs":254.095,"queueIndex":0,"queueLength":1,"gaplessEnabled":true,"crossfadeEnabled":false,"bitPerfectActive":false,"currentUrl":"content://rd.sheepskin.sandboxmusic.locker/locker/locker-1783336498726-de3fxx","envelopeId":"local-locker-1783336498726-de3fxx","title":"The Heretic Anthem","artist":"Slipknot","album":"All Hope Is Gone"}
07-06 12:18:10.341  3414  3414 I NotificationService: Cannot find enqueued record for key: 0|rd.sheepskin.sandboxmusic|88001|null|10447
07-06 12:18:10.371  1890 16524 I [UAH_CLIENT]: UahRelease, handle:121537
07-06 12:18:10.371  3414  3414 I NotificationService: Cannot find enqueued record for key: 0|rd.sheepskin.sandboxmusic|88001|null|10447
07-06 12:18:10.373  3414  3414 I NotificationService: Cannot find enqueued record for key: 0|rd.sheepskin.sandboxmusic|88001|null|10447
07-06 12:18:10.382 19936  4779 I FusedLocation: (REDACTED) location delivery to %s blocked - too close
07-06 12:18:10.383 19936  4779 I FusedLocation: (REDACTED) location delivery to %s blocked - too close
07-06 12:18:10.384 19936  4779 I FusedLocation: (REDACTED) location delivery to %s blocked - too close
07-06 12:18:10.387  3414  6028 I LocationManagerService: incoming location from: fused
07-06 12:18:10.390  3414  6028 E AppOps  : attributionTag OplusLBS not declared in manifest of android
07-06 12:18:10.391  5703  5703 D SubsysLocationManager: onLocationChanged(passive)
07-06 12:18:10.392  3414  6028 V LocationManagerService: passive provider registration 10181/com.coloros.weather.service/A3870545 dropped delivery - too close
07-06 12:18:10.392  3414  6028 V LocationManagerService: passive provider registration 1000/com.oplus.nas/E387B002 dropped delivery - too close
07-06 12:18:10.395  3414  6028 V LocationManagerService: passive provider registration 1000/android[SensorNotificationService]/0BE70B07 dropped delivery - too close
07-06 12:18:10.395  5703  5703 D GeoFenceDetectionService-AttractionSyncService: handleMessage what:2004
07-06 12:18:10.401  5703  5703 D GeoFenceDetectionService-AttractionSyncService: Location changed too small, distance:0.0
07-06 12:18:10.401  5703  5703 D GeoFenceDetectionService-AirportSyncService: handleMessage what:2004
07-06 12:18:10.401  5703  5703 D GeoFenceDetectionService-AirportSyncService: Location changed too small, distance:0.0
07-06 12:18:10.402  1890  2045 I [UAH_CLIENT]: UahPlatformResAcquire
07-06 12:18:10.402  1890  2045 I [UAH_CLIENT]: UahEventAcquire, cmdid:-3, pkg:2141 7899, identity:qcom-perfd
07-06 12:18:10.403  1890  2036 E ANDR-PERF-RESOURCEQS: ANDR-PERF-RESOURCEQS: AddAndApply() 125: Resource with major=16, minor=0 not supported
07-06 12:18:10.406  3414  3414 I NotificationService: Cannot find enqueued record for key: 0|rd.sheepskin.sandboxmusic|88001|null|10447
07-06 12:18:10.406  5703  5703 D GpsService: onLocationChanged
07-06 12:18:10.412 19936 19936 D BoundBrokerSvc: onRebind: Intent { act=com.google.android.gms.auth.aang.events.services.START dat=chimera-action:/... xflg=0x4 cmp=com.google.android.gms/.chimera.PersistentApiService mCallingUid=10255 }
07-06 12:18:10.413 29481 29481 D BoundBrokerSvc: onBind: Intent { act=com.google.android.gms.onboardingconsent.api.ConsentManagerApiService.START dat=chimera-action:/... xflg=0x4 cmp=com.google.android.gms/.chimera.GmsApiService mCallingUid=10119 }
07-06 12:18:10.413 29481 29481 D BoundBrokerSvc: Loading bound service for intent: Intent { act=com.google.android.gms.onboardingconsent.api.ConsentManagerApiService.START dat=chimera-action:/... xflg=0x4 cmp=com.google.android.gms/.chimera.GmsApiService mCallingUid=10119 }
07-06 12:18:10.415 19936 19936 D BoundBrokerSvc: onRebind: Intent { act=com.google.android.gms.common.telemetry.service.START dat=chimera-action:/... xflg=0x4 cmp=com.google.android.gms/.chimera.PersistentApiService mCallingUid=10119 }
07-06 12:18:10.418  7903 12313 V Capacitor/Plugin: To native (Capacitor plugin): callbackId: 92024134, pluginId: NativeExoPlayback, methodName: getStatus
07-06 12:18:10.418  7903  7903 I Capacitor/Console: File:  - Line 349 - Msg: [object Object]
07-06 12:18:10.418  7903 12313 V Capacitor: callback: 92024134, pluginId: NativeExoPlayback, methodName: getStatus, methodData: {}
07-06 12:18:10.421 29481  1906 I ConsentManagerApiServic: (REDACTED) ConsentManagerApiService onGetService success %s
07-06 12:18:10.421  7903  7903 I Capacitor/Console: File:  - Line 333 - Msg: {"available":true,"wired":true,"message":"ExoPlayer gapless queue ŌĆö content:// locker bridge + HTTP streams.","state":"paused","positionSecs":0,"durationSecs":254.095,"queueIndex":0,"queueLength":1,"gaplessEnabled":true,"crossfadeEnabled":false,"bitPerfectActive":false,"currentUrl":"content://rd.sheepskin.sandboxmusic.locker/locker/locker-1783336498726-de3fxx","envelopeId":"local-locker-1783336498726-de3fxx","title":"The Heretic Anthem","artist":"Slipknot","album":"All Hope Is Gone"}
07-06 12:18:10.421  1890 16540 I [UAH_CLIENT]: UahRelease, handle:121539
07-06 12:18:10.435 19936 16542 I NetworkScheduler: (REDACTED) Error inserting %s
07-06 12:18:10.450 19936 15745 I TFLite-in-PlayServices: Created interpreter.
07-06 12:18:10.460 19936 15745 I TFLite-in-PlayServices: Created interpreter.
07-06 12:18:10.465 19936 15745 I SemanticLocation: (REDACTED) [Inferrer] %s%s
07-06 12:18:10.480  1884  2196 I SDM     : DisplayBase::CommitThread: Received idle timeout, panel: cmd, timeout: 70000 us
07-06 12:18:10.501  7903  7903 I Capacitor/Console: File:  - Line 349 - Msg: [object Object]
07-06 12:18:10.502  7903 12313 V Capacitor/Plugin: To native (Capacitor plugin): callbackId: 92024135, pluginId: NativeExoPlayback, methodName: getStatus
07-06 12:18:10.502  7903 12313 V Capacitor: callback: 92024135, pluginId: NativeExoPlayback, methodName: getStatus, methodData: {}
07-06 12:18:10.504  7903  7903 I Capacitor/Console: File:  - Line 333 - Msg: {"available":true,"wired":true,"message":"ExoPlayer gapless queue ŌĆö content:// locker bridge + HTTP streams.","state":"paused","positionSecs":0,"durationSecs":254.095,"queueIndex":0,"queueLength":1,"gaplessEnabled":true,"crossfadeEnabled":false,"bitPerfectActive":false,"currentUrl":"content://rd.sheepskin.sandboxmusic.locker/locker/locker-1783336498726-de3fxx","envelopeId":"local-locker-1783336498726-de3fxx","title":"The Heretic Anthem","artist":"Slipknot","album":"All Hope Is Gone"}
07-06 12:18:10.505  2141  3457 E HwcComposer: getLuts failed Status(-129, EX_TRANSACTION_FAILED): 'UNKNOWN_TRANSACTION: '
07-06 12:18:10.540  3414  4308 I CwbClient: setCWBDisplayType set mFeatureID = CWB_RGB_VALUE
07-06 12:18:10.543  1890  2045 I [UAH_CLIENT]: UahPlatformResAcquire
07-06 12:18:10.544  1890  2045 I [UAH_CLIENT]: UahEventAcquire, cmdid:-3, pkg:2141 7900, identity:qcom-perfd
07-06 12:18:10.547  1890  2036 E ANDR-PERF-RESOURCEQS: ANDR-PERF-RESOURCEQS: AddAndApply() 125: Resource with major=16, minor=0 not supported
07-06 12:18:10.551  1854 17039 I sensors-hal: handle_sns_client_event:316, accel_sample: 0: ts=172905318537602 ns; value = [-0.061351, 0.265457, 9.897630], status=3
07-06 12:18:10.566  1890 16547 I [UAH_CLIENT]: UahRelease, handle:121541
07-06 12:18:10.577  7903  7903 I Capacitor/Console: File:  - Line 349 - Msg: [object Object]
07-06 12:18:10.578  7903 12313 V Capacitor/Plugin: To native (Capacitor plugin): callbackId: 92024136, pluginId: NativeExoPlayback, methodName: getStatus
07-06 12:18:10.578  7903 12313 V Capacitor: callback: 92024136, pluginId: NativeExoPlayback, methodName: getStatus, methodData: {}
07-06 12:18:10.583  7903  7903 I Capacitor/Console: File:  - Line 333 - Msg: {"available":true,"wired":true,"message":"ExoPlayer gapless queue ŌĆö content:// locker bridge + HTTP streams.","state":"paused","positionSecs":0,"durationSecs":254.095,"queueIndex":0,"queueLength":1,"gaplessEnabled":true,"crossfadeEnabled":false,"bitPerfectActive":false,"currentUrl":"content://rd.sheepskin.sandboxmusic.locker/locker/locker-1783336498726-de3fxx","envelopeId":"local-locker-1783336498726-de3fxx","title":"The Heretic Anthem","artist":"Slipknot","album":"All Hope Is Gone"}
07-06 12:18:10.584  7903  7903 I Capacitor/Console: File:  - Line 349 - Msg: [object Object]
07-06 12:18:10.585  7903 12313 V Capacitor/Plugin: To native (Capacitor plugin): callbackId: 92024137, pluginId: NativeExoPlayback, methodName: resume
07-06 12:18:10.585  7903 12313 V Capacitor: callback: 92024137, pluginId: NativeExoPlayback, methodName: resume, methodData: {}
07-06 12:18:10.589  3414  8465 I ActivityManager: Background started FGS: Allowed [callingPackage: rd.sheepskin.sandboxmusic; callingUid: 10447; uidState: TOP ; uidBFSL: [BFSL]; intent: Intent { act=rd.sheepskin.sandboxmusic.action.MEDIA_START xflg=0x4 cmp=rd.sheepskin.sandboxmusic/.MediaPlaybackForegroundService mCallingUid=10447 }; code:PROC_STATE_TOP; tempAllowListReason:<,reasonCode:SYSTEM_ALLOW_LISTED,duration:9223372036854775807,callingUid:-1>; allowWiu:12; targetSdkVersion:36; callerTargetSdkVersion:36; startForegroundCount:0; bindFromPackage:null: isBindService:false]
07-06 12:18:10.589  7903 12313 V Capacitor/Plugin: To native (Capacitor plugin): callbackId: 92024138, pluginId: NativeExoPlayback, methodName: getStatus
07-06 12:18:10.590  7903 12313 V Capacitor: callback: 92024138, pluginId: NativeExoPlayback, methodName: getStatus, methodData: {}
07-06 12:18:10.598  7903  7903 I Capacitor/Console: File:  - Line 349 - Msg: [object Object]
07-06 12:18:10.600  5703  8119 I ConferenceScene: onForegroundServiceStateChanged 7903 10447 0 fg_stateMachinesuid is null
07-06 12:18:10.606  7903  7903 I Capacitor/Console: File:  - Line 333 - Msg: undefined
07-06 12:18:10.607  7903  7903 I Capacitor/Console: File:  - Line 333 - Msg: {"available":true,"wired":true,"message":"ExoPlayer gapless queue ŌĆö content:// locker bridge + HTTP streams.","state":"playing","positionSecs":0,"durationSecs":254.095,"queueIndex":0,"queueLength":1,"gaplessEnabled":true,"crossfadeEnabled":false,"bitPerfectActive":false,"currentUrl":"content://rd.sheepskin.sandboxmusic.locker/locker/locker-1783336498726-de3fxx","envelopeId":"local-locker-1783336498726-de3fxx","title":"The Heretic Anthem","artist":"Slipknot","album":"All Hope Is Gone"}
07-06 12:18:10.607  7903  7903 I Capacitor/Console: File:  - Line 349 - Msg: [object Object]
07-06 12:18:10.608  5703  8119 D AppModule: onTriggerHookEvent: eventId=26, pid=7903, uid=10447, pkgName=rd.sheepskin.sandboxmusic
07-06 12:18:10.608  5703  8119 D SystemState: noteVideoStart,uid=10447, pid=7903
07-06 12:18:10.608  7903 16511 D Codec2-OutputBufferQueue: set max dequeue count 18 from update
07-06 12:18:10.609  1110  1110 E lowmemorykiller: device has enough memory 2660136Kib, freeMemory 511124Kib, cmafree 0Kib, file_cache 2215428Kib, disable killing (limit_killing:1024000Kib)
07-06 12:18:10.613  7903  7903 W MediaSessionCompat: Couldn't find a unique registered media button receiver in the given context.
07-06 12:18:10.614  7903 12365 I AudioTrack: set(): type=audio,case=1,attributes=1,content_type=2,usage=1,source=-1,flags=0xa00
07-06 12:18:10.616  7903 12365 D AudioTrackExtImpl: AudioTrackExtImpl init
07-06 12:18:10.616  3414  8465 I MediaSessionStack: addSession to bottom of stack | record: rd.sheepskin.sandboxmusic/SovereignMusicConsole/6946 (userId=0)
07-06 12:18:10.616  3414  8465 D MediaSessionService: Media button session is changed to rd.sheepskin.sandboxmusic/SovereignMusicConsole/6946 (userId=0)
07-06 12:18:10.616  1894 16512 E StandardCaps: max size must equal to/greater than output size
07-06 12:18:10.618  3414  8465 D MediaSessionStack: getMediaButtonSession() mMediaButtonSession=rd.sheepskin.sandboxmusic/SovereignMusicConsole/6946 (userId=0)
07-06 12:18:10.618  3414  3414 I OplusMediaControlService: onActiveSessionsChanged begin
07-06 12:18:10.618  2085  4500 D AudioFlingerExtImpl: oplusGetParametersBypassLock:only system or list app is allowed to get oplus parameters:DetectPulseEnable, uid:10447
07-06 12:18:10.618  3414  3414 I OplusMediaControlService: onEventFromMediaControllerList controller size = 1
07-06 12:18:10.618  3414  3414 I OplusMediaControlService: getPlayerInfo, playerId: 2128145, pkgname: app.morphe.android.youtube
07-06 12:18:10.618  3414  8465 D MediaSessionService: onSessionActiveStateChanged: record=rd.sheepskin.sandboxmusic/SovereignMusicConsole/6946 (userId=0) playbackState=null
07-06 12:18:10.618  3414  3414 I OplusMediaControlService: updateControllerMap begin
07-06 12:18:10.618  3414  3414 I OplusMediaControlService: updataPlayStateMap begin
07-06 12:18:10.618  3414  3414 I OplusMediaControlService: updateMetadataMap begin
07-06 12:18:10.618  3414  3414 I OplusMediaControlService: updatePlayerInfoList event = com.oplus.media.OplusMediaEvent@bd66d73
07-06 12:18:10.618  3414  3414 I OplusMediaControlService: sendOnEventMessage begin, eventType: 6, observer: android.os.BinderProxy@53ef40b
07-06 12:18:10.619  3414  3414 I NasPowerProxyService: on active sessions changed controllers size:[android.media.session.MediaController@997d430]
07-06 12:18:10.619  2085  4500 D AudioBoost: audioSchedBoost, pid=2085, tid=4500, enable=1, ret=0
07-06 12:18:10.619  2085  4500 D AudioFlingerExtImpl: addActiveAudioSession, add 4529, uid 10447, map size 1
07-06 12:18:10.619  2085  4500 D AudioFlingerExtImpl: updateSelectDevByRedirectSetting: clientUid=10447, pid=7903
07-06 12:18:10.619  2085  4500 D AudioFlingerExtImpl: updateSelectDevByRedirectSetting: mOplusRedirectOutputSupport=0, mOplusRedirectOutputEnable=0
07-06 12:18:10.620  2085  4500 D NativePermissionController: checkPermission: missing 1 for 10447
07-06 12:18:10.620  2085  4500 D NativePermissionController: checkPermission: missing 3 for 10447
07-06 12:18:10.620  2085  4500 D NativePermissionController: checkPermission: missing 5 for 10447
07-06 12:18:10.620  2085  4500 D AudioPolicyManagerExtImpl: forceOutputForMusicEffects Enter: session 4529, dev {AUDIO_DEVICE_OUT_SPEAKER, @:}, streamType 3, flags 8, forced_deep 0
07-06 12:18:10.620  2085  4500 D AudioPolicyManagerExtImpl: check callingUid 10447 whose pacakge name is not in fast-audio-effects
07-06 12:18:10.620  2085  4500 D AudioPolicyManagerExtImpl: forceOutputForMusicEffects Done:  flags 8,  forced_deep 0
07-06 12:18:10.621  3414  3414 I OplusMediaControlService: on event EventType: 6
07-06 12:18:10.621  2085  4500 D APM_AudioPolicyManager: mSpatializerOutput is null, canBeSpatializedInt=0, forceSpatialized:0 forceMss 0 forceMeta 0
07-06 12:18:10.622  2085  4500 D AudioBoost: audioSchedBoost, pid=2085, tid=4500, enable=1, ret=0
07-06 12:18:10.622  4915  5151 I SystemUi--QuickSettings: OplusFgsManagerController-->onForegroundStateChanged: rd.sheepskin.sandboxmusic 0 true 4
07-06 12:18:10.622  5703  8119 I ConferenceScene: onForegroundServiceStateChanged 7903 10447 2 fg_stateMachinesuid is null
07-06 12:18:10.623  2085  2772 E GameAudioEffects: outputSelected: call getListValueByUid(fast-audio-effects) but return null
07-06 12:18:10.621  3414  3414 I OplusMediaControlService: onActiveSessionsChanged begin
07-06 12:18:10.623  3414  3414 I OplusMediaControlService: onEventFromMediaControllerList controller size = 2
07-06 12:18:10.623  3414  3414 I OplusMediaControlService: getPlayerInfo, playerId: 2128145, pkgname: app.morphe.android.youtube
07-06 12:18:10.623  3414  3414 I OplusMediaControlService: getPlayerInfo, playerId: 213555062, pkgname: rd.sheepskin.sandboxmusic
07-06 12:18:10.623  3414  3414 I MediaControlUtils: addPlayers | players: [213555062 | rd.sheepskin.sandboxmusic]
07-06 12:18:10.623  3414  3414 I OplusMediaControlService: updateControllerMap begin
07-06 12:18:10.623  3414  3414 I OplusMediaControlService: updataPlayStateMap begin
07-06 12:18:10.623  3414  3414 I OplusMediaControlService: updateMetadataMap begin
07-06 12:18:10.623  3414  3414 I OplusMediaControlService: updatePlayerInfoList event = com.oplus.media.OplusMediaEvent@928cf3a
07-06 12:18:10.623  3414  3414 I OplusMediaControlService: sendOnEventMessage begin, eventType: 6, observer: android.os.BinderProxy@53ef40b
07-06 12:18:10.623  3414  3414 I NasPowerProxyService: on active sessions changed controllers size:[android.media.session.MediaController@66017eb, android.media.session.MediaController@8f5f948]
07-06 12:18:10.624  3414  3414 I OplusMediaControlService: on event EventType: 6
07-06 12:18:10.624  3414  8465 I OplusMediaControlService: sendEvent type: 2, player: 2128145
07-06 12:18:10.624  4915  5048 I SystemUi--Media: OplusMediaDataManagerSt-->AOD_MEDIA_PANEL-->createActionsFromState: curState = 2
07-06 12:18:10.624  3414  8465 I OplusMediaControlService: onEventFromRequestData: 1, player: 2128145
07-06 12:18:10.624  3414  8465 I OplusMediaControlService: getTitleAndArtist, title: The whole internet turned on this movie.., artist: Asmongold TV  , playerId: 2128145
07-06 12:18:10.624  3414  8465 D OplusMediaControlService: players is empty
07-06 12:18:10.624  3414  3660 D NotificationService--OplusNotificationFixHelper: fixAppIcon: pkg=rd.sheepskin.sandboxmusic
07-06 12:18:10.624  3414  3660 D NotificationService--OplusNotificationFixHelper: fixAppIcon: appIcon = null, pkg = rd.sheepskin.sandboxmusic
07-06 12:18:10.625  3414  3660 D NotificationService--NotificationRecord: isSupportRearLight , isRearLight = false mLedRM = false isMultilLed = false
07-06 12:18:10.625  3414  8465 I OplusMediaControlService: sendEvent type: 2, player: 2128145
07-06 12:18:10.625  3414  8465 I OplusMediaControlService: onEventFromRequestData: 2, player: 2128145
07-06 12:18:10.625  3414  8465 D OplusMediaControlService: players is empty
07-06 12:18:10.625  3414  4720 D NotificationService--OplusNotificationFixHelper: fixAppIcon: pkg=rd.sheepskin.sandboxmusic
07-06 12:18:10.625  2085  4500 D AudioFlinger: createTrack_l output(29) original frameCount 14144  mNormalFrameCount 1920 mFrameCount(hal) 1920 minFrameCount 3536 notificationsPerBuffer 0 mSampleRate 48000 halLatencyMs 109
07-06 12:18:10.625  3414  4720 D NotificationService--OplusNotificationFixHelper: fixAppIcon: appIcon = null, pkg = rd.sheepskin.sandboxmusic
07-06 12:18:10.625  3414  4720 D NotificationService--NotificationRecord: isSupportRearLight , isRearLight = false mLedRM = false isMultilLed = false
07-06 12:18:10.625  2085  4500 D AudioFlinger: Client defaulted notificationFrames to 7072 for frameCount 14144
07-06 12:18:10.625  2085  4500 D AudioFlinger: createTrack_l output(29) final frameCount 14144 for track session 4529 , mFrameCount 1920, mNormalFrameCount 1920, notificationFrameCount 7072
07-06 12:18:10.625  2085  4500 I AF::PthrPatchRecord: creating track with enforcement level 0
07-06 12:18:10.626  3414  4720 I OplusStatusBarManagerServiceEnhance:  getTopIsFullscreen mTopIsFullscreen: false
07-06 12:18:10.626  3414  3660 I OplusStatusBarManagerServiceEnhance:  getTopIsFullscreen mTopIsFullscreen: false
07-06 12:18:10.626  3414  4720 W ActivityManager: Permission Denial: getTopApplicationInfo from pid=7903, uid=10447 requires oplus.permission.OPLUS_COMPONENT_SAFE
07-06 12:18:10.626  3414  4720 E OplusNotificationCenter: getForegroundApplication exception
07-06 12:18:10.626  3414  6028 I OplusMediaControlService: unregisterEventObserver start, observer: android.os.BinderProxy@53ef40b, callerUid: 10208
07-06 12:18:10.626  3414  6028 I OplusMediaControlService: unregisterEventObserver successfully.
07-06 12:18:10.626  3414  3414 D NotificationService--OplusNotificationManagerServiceExtImpl: isForwardToAssistants: true, case : Is local notification
07-06 12:18:10.626  3414  3414 D NotificationService: This application enqueue notifications is need postDelayed mcsAssistantDelayTime: 200
07-06 12:18:10.627  3414  6028 I MediaSessionStack: onPlaybackStateChanged - Pushing session to top | record: rd.sheepskin.sandboxmusic/SovereignMusicConsole/6946 (userId=0)
07-06 12:18:10.627  3414  6028 D MediaSessionService: onSessionPlaybackStateChanged: record=rd.sheepskin.sandboxmusic/SovereignMusicConsole/6946 (userId=0) playbackState=PlaybackState {state=PLAYING(3), position=0, buffered position=0, speed=1.0, updated=1783336690627, actions=894, custom actions=[], active item id=-1, error=null}
07-06 12:18:10.627  3414  8465 I OplusMediaControlService: registerEventObserver start, observer: android.os.BinderProxy@53ef40b, callerUid: 10208
07-06 12:18:10.627  1884  2196 I SDM     : DisplayBase::CommitThread: Received idle timeout, panel: cmd, timeout: 70000 us
07-06 12:18:10.628  2085  4500 D AudioFlinger_PlaybackThread_TrackExtImpl: HoloAudio, create track pkg name:rd.sheepskin.sandboxmusic
07-06 12:18:10.628  3414  4720 I OplusMediaControlService: sendEvent type: 2, player: 213555062
07-06 12:18:10.628  3414  4720 I OplusMediaControlService: onEventFromRequestData: 1, player: 213555062
07-06 12:18:10.628  3414  4720 I OplusMediaControlService: getTitleAndArtist, title: The Heretic Anthem, artist: Slipknot, playerId: 213555062
07-06 12:18:10.628  3414  4720 D OplusMediaControlService: players is empty
07-06 12:18:10.628  3414  4626 D NasPowerProxyService: playback state changed:{duration=254095, artist=Slipknot, album=All Hope Is Gone, bufferedPosition=0, packageName=rd.sheepskin.sandboxmusic, state=3, position=0, id=null, title=The Heretic Anthem, speed=1.0}
07-06 12:18:10.628  3414  4720 I OplusMediaControlService: sendEvent type: 2, player: 213555062
07-06 12:18:10.628  3414  4720 I OplusMediaControlService: onEventFromRequestData: 2, player: 213555062
07-06 12:18:10.628  3414  4720 D OplusMediaControlService: players is empty
07-06 12:18:10.628  3414  3414 D NotificationService--OplusNotificationManagerServiceExtImpl: isForwardToAssistants: true, case : Is local notification
07-06 12:18:10.628  3414  3414 D NotificationService: This application enqueue notifications is need postDelayed mcsAssistantDelayTime: 200
07-06 12:18:10.628  3414  6028 I OplusMediaControlService: sendEvent type: 2, player: 2128145
07-06 12:18:10.628  3414  6028 I OplusMediaControlService: onEventFromRequestData: 1, player: 2128145
07-06 12:18:10.628  3414  8465 I MediaFocusControl: requestAudioFocus() from uid/pid 10447/7903 AA=USAGE_MEDIA/CONTENT_TYPE_MUSIC clientId=android.media.AudioManager@edbdf0ard.sheepskin.sandboxmusic.MediaPlaybackForegroundService@d9a7aac callingPack=rd.sheepskin.sandboxmusic req=1 flags=0x1 sdk=36
07-06 12:18:10.628  3414  6028 I OplusMediaControlService: getTitleAndArtist, title: The whole internet turned on this movie.., artist: Asmongold TV  , playerId: 2128145
07-06 12:18:10.629  3414  6028 D OplusMediaControlService: players is empty
07-06 12:18:10.629  3414  8465 I AS.FadeOutManager: unfadeOutUid() uid:10447
07-06 12:18:10.629  2656  2656 D HoloAudio::SpecailizerPLService_Aidl: getMetaInfoByPkgName, 
07-06 12:18:10.629  2085  4500 D AudioFlingerExtImpl: HoloAudio: audioFlingerExt getMetaInfo valueis:
07-06 12:18:10.629  2085  4500 D AudioFlinger_PlaybackThread_TrackExtImpl: HoloAudio, there is no policy for this pkg:rd.sheepskin.sandboxmusic
07-06 12:18:10.629  3414  4720 I OplusMediaControlService: sendEvent type: 2, player: 2128145
07-06 12:18:10.629  2085  4500 I AF::Track: Track, track(0xb4000075972a0000): mFastIndex -1, mStreamType 3, mId 718, mPortId 868, mFrameCount 14144, mSampleRate 44100, mFormat 1, mChannelCount 2, thread 0xb400007587395f50, sessionId 4529, AudioOut_1D, primary-8
07-06 12:18:10.629  3414  4720 I OplusMediaControlService: onEventFromRequestData: 2, player: 2128145
07-06 12:18:10.629  3414  4720 D OplusMediaControlService: players is empty
07-06 12:18:10.629  4915  5151 I SystemUi--QuickSettings: OplusFgsManagerController-->onForegroundStateChanged numPackagesAfter: 5
07-06 12:18:10.630  4915  5018 I SystemUi--QuickSettings: OplusSeparateQSPrivacyManager-->onNumberOfPackagesChanged numPackages 5
07-06 12:18:10.630  2085  4500 D AudioBoost: audioSchedBoost, pid=2085, tid=4500, enable=0, ret=0
07-06 12:18:10.630  2085  4500 D AudioBoost: audioSchedBoost, pid=2085, tid=4500, enable=0, ret=0
07-06 12:18:10.630  4915  5048 I SystemUi--Media: OplusMediaDataManagerSt-->AOD_MEDIA_PANEL-->createActionsFromState: curState = 3
07-06 12:18:10.631  3414  4571 I OplusMediaControlService: unregisterEventObserver start, observer: android.os.BinderProxy@53ef40b, callerUid: 10208
07-06 12:18:10.631  3414  4571 I OplusMediaControlService: unregisterEventObserver successfully.
07-06 12:18:10.631  3414  8733 D NotificationService--OplusNotificationFixHelper: fixAppIcon: pkg=rd.sheepskin.sandboxmusic
07-06 12:18:10.631  3414  8733 D NotificationService--OplusNotificationFixHelper: fixAppIcon: appIcon = null, pkg = rd.sheepskin.sandboxmusic
07-06 12:18:10.631  3414  8733 D NotificationService--NotificationRecord: isSupportRearLight , isRearLight = false mLedRM = false isMultilLed = false
07-06 12:18:10.631  3414  6028 I OplusMediaControlService: registerEventObserver start, observer: android.os.BinderProxy@53ef40b, callerUid: 10208
07-06 12:18:10.633  4915  4915 I SystemUi--Media: MediaDataFlowLimiter-->MEDIA_PANEL-->onMediaDataLoaded, first data , 213555062 Sandbox Music(isPlaying:true), currentData = MediaDataExt{userId=0, initialized=true, app=Sandbox Music, artist=S***, song=T***, artwork=null, packageName=rd.sheepskin.sandboxmusic, token=android.media.session.MediaSession$Token@24ff3b5,  active=true, playbackLocation=0, resumption=false, notificationKey=213555062, isPlaying=true, mediaCustNotification=false, }
07-06 12:18:10.633  4915  5048 I SystemUi--Media: OplusMediaDataManagerSt-->AOD_MEDIA_PANEL-->createActionsFromState: curState = 2
07-06 12:18:10.633  2085  4500 D AudioFlingerExtImpl: oplusGetParametersBypassLock:only system or list app is allowed to get oplus parameters:is_direct_pcm_track, uid:10447
07-06 12:18:10.633  2085  4500 D AudioFlingerExtImpl: oplusGetParameters:only system or list app is allowed to get oplus parameters:is_direct_pcm_track, uid:10447
07-06 12:18:10.633  1839  7293 D AHAL: AudioStream: astream_out_get_parameters: 1169: enter
07-06 12:18:10.634  1839  7293 D AHAL: AudioStream: astream_out_get_parameters: 1191: keys: is_direct_pcm_track
07-06 12:18:10.634  1839  7293 D AHAL: AudioStream: astream_out_get_parameters: 1237: exit: returns - is_direct_pcm_track=false
07-06 12:18:10.636  4915  5048 I SystemUi--Media: OplusMediaDataManagerSt-->AOD_MEDIA_PANEL-->createActionsFromState: curState = 3
07-06 12:18:10.636  2085  4022 D AudioFlinger: updateWakeLockUids_l AudioOut_15 uids:
07-06 12:18:10.636  2085  4003 D AudioFlinger: updateWakeLockUids_l AudioOut_D uids:
07-06 12:18:10.636  2085  4048 D AudioFlinger: updateWakeLockUids_l AudioOut_45 uids:
07-06 12:18:10.636  2085  4047 D AudioFlinger: updateWakeLockUids_l AudioOut_3D uids:
07-06 12:18:10.636  2085  4057 D AudioFlinger: updateWakeLockUids_l AudioOut_4D uids:
07-06 12:18:10.637  2085  4500 D AF::Track: start(718): calling pid 7903 portId 868 session 4529 thresholdFrames 14144 mFrameCount 14144
07-06 12:18:10.637  2085  4500 D AudioBoost: audioSchedBoost, pid=2085, tid=4500, enable=1, ret=0
07-06 12:18:10.637  2085  4500 D AudioBoost: AudioUclampBoost: set invalid schedMinValue: 1025, ignored
07-06 12:18:10.637  2085  4500 D AudioBoost: AudioUclampBoost: sched_setattr success. attr(flags 120, min 1024, max 1024, tid 4500, enable 1)
07-06 12:18:10.637  2085  4500 E AudioBoost: start  AudioUclampBoost pid:2085 tid:4500 sucess
07-06 12:18:10.638  2085  2763 D AudioPolicyEffects: addOutputSessionEffects(): session: 4529, refCount: 1
07-06 12:18:10.638  2085  2763 I AudioEffect: set 0xb40000759720f000 timeLow 00000000
07-06 12:18:10.638  4915  5048 D MediaDataManager: State updated, but token was null
07-06 12:18:10.638  2085  2763 I AudioFlinger: createEffect pid 2085, effectClient 0xb4000075aacf0cf0, priority 0, sessionId 4529, io 29, factory 0xb4000075aac66aa0
07-06 12:18:10.638  4915  4915 I SystemUi--Media: MediaDataFlowLimiter-->MEDIA_PANEL-->onMediaDataLoaded, first data , 213555062 Sandbox Music(isPlaying:true), currentData = MediaDataExt{userId=0, initialized=true, app=Sandbox Music, artist=S***, song=T***, artwork=null, packageName=rd.sheepskin.sandboxmusic, token=android.media.session.MediaSession$Token@24ff3b5,  active=true, playbackLocation=0, resumption=false, notificationKey=213555062, isPlaying=true, mediaCustNotification=false, }
07-06 12:18:10.641  4915  5018 D InfoMediaManager: getAvailableRoutes: selectedRoutes = [Ph***:2]
07-06 12:18:10.641  4915  5018 D InfoMediaManager: getAvailableRoutes: selectableRoutes = []
07-06 12:18:10.641  4915  5018 D InfoMediaManager: getAvailableRoutes: transferableRoute = []
07-06 12:18:10.641  4915  5018 D InfoMediaManager: buildAvailableRoutes() first selected device : 1
07-06 12:18:10.642  4915  5018 W BluetoothAdapterExtImpl: getA2dpSharing mOplusBluetooth null!
07-06 12:18:10.643  2085  2763 I AudioFlinger: createEffect_l() thread 0xb400007587351640 effect Music Listener on session 4529
07-06 12:18:10.643  2085  2763 I AudioFlinger: createEffect_l() new effect chain for session 4529
07-06 12:18:10.643  2085  2763 I EffectChain: EffectChain(): new EffectChain = 0xb4000075aac8ac40
07-06 12:18:10.643  2085  2763 D AudioFlinger_EffectsExtImpl: HoloAudio AudioFlinger_EffectsExtImpl :0xb4000075aacc6f80: mFrameCount = 1920, mSampleRate = 48000, mChannelCount = 2, mSessionId=4529
07-06 12:18:10.643  4915  5018 W BluetoothAdapterExtImpl: getA2dpSharing mOplusBluetooth null!
