06-13 16:59:33.960  1309  1309 I bluetooth: system/btif/avrcp/avrcp_service.cc:582 SendPlayerSettingsChanged: {attribute=PlayerAttribute::REPEAT : value=PlayerRepeatValue::OFF}, {attribute=PlayerAttribute::SHUFFLE : value=PlayerShuffleValue::OFF}
06-13 16:59:33.970  2209  2209 E ActivityThread: Failed to find provider info for com.google.android.apps.tv.launcherx.coreservices.account.AccountModeContentProvider
06-13 16:59:33.971  2209  2209 D cast_CastToNative: [NativeApplication.java:420] new NativeApp is available.
06-13 16:59:33.971  2209  2209 I cast_shell: [0613/165933.971541:INFO:application_message_handler.cc(723)] Cast V2 IPC connected: app_id=AndroidNativeApp
06-13 16:59:33.971  2209  2209 I cast_shell: [0613/165933.971707:INFO:application_message_handler.cc(943)] Received READY message from app
06-13 16:59:33.971  2209  2209 E cast_shell: [0613/165933.971874:ERROR:legacy_app_id_mapper_impl.cc(58)] Unknown app_id AndroidNativeApp
06-13 16:59:33.971  2209  2209 E cast_shell: [0613/165933.971976:ERROR:legacy_app_id_mapper_impl.cc(58)] Unknown app_id AndroidNativeApp
06-13 16:59:33.972  2209  2209 E cast_shell: [0613/165933.972058:ERROR:legacy_app_id_mapper_impl.cc(58)] Unknown app_id AndroidNativeApp
06-13 16:59:33.972  2209  2209 E cast_shell: [0613/165933.972134:ERROR:legacy_app_id_mapper_impl.cc(58)] Unknown app_id AndroidNativeApp
06-13 16:59:33.972  2209  2209 E cast_shell: [0613/165933.972213:ERROR:legacy_app_id_mapper_impl.cc(58)] Unknown app_id AndroidNativeApp
06-13 16:59:33.972  2209  2209 E cast_shell: [0613/165933.972294:ERROR:legacy_app_id_mapper_impl.cc(58)] Unknown app_id AndroidNativeApp
06-13 16:59:33.972  2209  2209 I cast_shell: [0613/165933.972345:INFO:application_message_handler.cc(1775)] Application doesn't support playback device status
06-13 16:59:33.972  2209  2209 I cast_shell: [0613/165933.972554:INFO:application_manager_impl.cc(2109)] Focusing foreground application: session=7a60bc97-57bf-4a4f-8e77-a6652d66a62a
06-13 16:59:33.972  2209  2209 I cast_shell: [0613/165933.972645:INFO:media_trait_handler_impl.cc(955)] Sent untracked GET_STATUS to app: session_id=7a60bc97-57bf-4a4f-8e77-a6652d66a62a, request_id=38253783
06-13 16:59:33.972  2209  2209 I cast_shell: [0613/165933.972877:INFO:application_manager_impl.cc(1778)] App running: AndroidNativeApp (Sandbox Music), session_id=7a60bc97-57bf-4a4f-8e77-a6652d66a62a
06-13 16:59:33.972  2209  2209 E cast_shell: [0613/165933.972949:ERROR:legacy_app_id_mapper_impl.cc(58)] Unknown app_id AndroidNativeApp
06-13 16:59:33.973  2209  2209 E cast_shell: [0613/165933.973020:ERROR:legacy_app_id_mapper_impl.cc(58)] Unknown app_id AndroidNativeApp
06-13 16:59:33.975  2209  2335 I cast_shell: [0613/165933.975399:INFO:metrics_recorder.cc(193)] Cast v2 action(socket_id=local-client.3457): CastV2.Connection.Connect.In
06-13 16:59:33.977  2209  2335 I cast_shell: [0613/165933.977441:INFO:metrics_recorder.cc(193)] Cast v2 action(socket_id=local-client.3458): CastV2.Connection.Connect.In
06-13 16:59:33.982  2209  2209 E cast_shell: [0613/165933.982647:ERROR:legacy_app_id_mapper_impl.cc(58)] Unknown app_id AndroidNativeApp
06-13 16:59:33.982  2209  2209 I cast_shell: [0613/165933.982808:INFO:metrics_recorder.cc(193)] cast event: CastV2.Ipc.Sender.Connected
06-13 16:59:33.982  2209  2209 I cast_shell: [0613/165933.982864:INFO:application_message_handler.cc(554)] Invisible connection connected: conn=7a60bc97-57bf-4a4f-8e77-a6652d66a62a:local-client.3457:mediacontrol-0, app=7a60bc97-57bf-4a4f-8e77-a6652d66a62a
06-13 16:59:33.983  2209  2209 E cast_shell: [0613/165933.983094:ERROR:legacy_app_id_mapper_impl.cc(58)] Unknown app_id AndroidNativeApp
06-13 16:59:33.983  2209  2209 I cast_shell: [0613/165933.983230:INFO:metrics_recorder.cc(193)] cast event: CastV2.Ipc.Sender.Connected
06-13 16:59:33.987  2209  2209 I cast_shell: [0613/165933.983354:INFO:application_message_handler.cc(554)] Invisible connection connected: conn=7a60bc97-57bf-4a4f-8e77-a6652d66a62a:local-client.3458:mediacontrol-0, app=7a60bc97-57bf-4a4f-8e77-a6652d66a62a
06-13 16:59:33.991  2209  2209 D WargMsAppMgr: A new media session detected: null
06-13 16:59:33.992  2209  2209 I cast_shell: [0613/165933.992159:INFO:application_manager_impl.cc(1790)] App stopping: AndroidNativeApp (Sandbox Music), session_id=7a60bc97-57bf-4a4f-8e77-a6652d66a62a
06-13 16:59:33.992  7666  7666 I Capacitor/Console: File:  - Line 333 - Msg: {"available":true,"wired":true,"message":"ExoPlayer gapless queue  content:// locker bridge + HTTP streams.","state":"playing","positionSecs":34.82,"durationSecs":241.65,"queueIndex":0,"queueLength":1,"gaplessEnabled":true,"currentUrl":"http://10.0.2.2:3001/api/proxy/stream?url=https%3A%2F%2Fwww.youtube.com%2Fwatch%3Fv%3DnfWlot6h_JM&sb_client=sandbox-music%2F1.0.0"}
06-13 16:59:33.994  2209  2209 I cast_shell: [0613/165933.994380:INFO:application_manager_impl.cc(1795)] App stopped: AndroidNativeApp (Sandbox Music), session_id=7a60bc97-57bf-4a4f-8e77-a6652d66a62a
06-13 16:59:33.994  2209  2209 I cast_shell: [0613/165933.994564:INFO:resource_manager_impl.cc(244)] All resources released for app AndroidNativeApp (Sandbox Music), session_id=7a60bc97-57bf-4a4f-8e77-a6652d66a62a
06-13 16:59:33.994  2209  2209 E cast_shell: [0613/165933.994695:ERROR:legacy_app_id_mapper_impl.cc(58)] Unknown app_id AndroidNativeApp
06-13 16:59:33.994  2209  2209 D cast_ChromecastServiceClientAndroid: [ChromecastServiceClientAndroid.java:91] Cast idle.
06-13 16:59:34.003  2209  2209 I cast_shell: [0613/165934.003597:INFO:api_reboot_idle_checker.cc(104)] active_activities count=0
06-13 16:59:34.003  2209  2209 I cast_shell: [0613/165934.003744:INFO:cast_session_manager_impl.cc(853)] Sending 0 media sessions. (from:OnCurrentAppChanged@chromecast/internal/receiver/cast_session/cast_session_manager_impl.cc:785)
06-13 16:59:34.004  2209  2209 I cast_shell: [0613/165934.004498:INFO:application_message_handler.cc(906)] Cast V2 IPC closed: app_id=AndroidNativeApp
06-13 16:59:34.006  2209  2334 I cast_shell: [0613/165934.006241:INFO:mdns_cast_service.cc(857)] Device discovery state is idle
06-13 16:59:34.006  2209  2209 D cast_CastToNative: [NativeApplication.java:394] onDestroyed
06-13 16:59:34.006  2209  2334 I cast_shell: [0613/165934.006488:INFO:mdns_app_filter.cc(1993)] Preparing mDNS message for offload.
06-13 16:59:34.006  2209  2209 W WargReceiverApp: Received a message of unsupported namespace: urn:x-cast:com.google.cast.system
06-13 16:59:34.007  2209  2334 D cast_MdnsOffloadClientImpl: [MdnsOffloadClientImpl.java:105] Publish mDNS packet binary length=380
06-13 16:59:34.007  2209  2334 E cast_MdnsOffloadClientImpl: Not connected, skipping offload
06-13 16:59:34.007  2209  2209 W WargReceiverApp: Received a message of unsupported namespace: urn:x-cast:com.google.cast.system
06-13 16:59:34.007  2209  2209 W WargReceiverApp: Received a message of unsupported namespace: urn:x-cast:com.google.cast.system
06-13 16:59:34.007  2209  2209 W WargReceiverApp: Received a message of unsupported namespace: urn:x-cast:com.google.cast.system
06-13 16:59:34.008  2209  2209 W WargReceiverApp: Received a message of unsupported namespace: urn:x-cast:com.google.cast.system
06-13 16:59:34.008  2209  2335 I cast_shell: [0613/165934.008205:INFO:metrics_recorder.cc(193)] Cast v2 action(socket_id=local-client.3459): CastV2.Connection.Connect.In
06-13 16:59:34.008  2209  2209 W WargReceiverApp: Received a message of unsupported namespace: urn:x-cast:com.google.cast.system
06-13 16:59:34.008  2209  2209 W BasicMediaStatusFactory: Generating null status because MediaSession is not set
06-13 16:59:34.010  2209  2335 E cast_shell: [0613/165934.010562:ERROR:v2_transport.cc(1026)] Invalid connection: 7a60bc97-57bf-4a4f-8e77-a6652d66a62a:local-client.3457:mediacontrol-0
06-13 16:59:34.010  2209  2335 I cast_shell: [0613/165934.010836:INFO:metrics_recorder.cc(193)] Cast v2 action(socket_id=local-client.3457): CastV2.Connection.Close.Out
06-13 16:59:34.011  2209  2335 E cast_shell: [0613/165934.011682:ERROR:v2_transport.cc(1026)] Invalid connection: 7a60bc97-57bf-4a4f-8e77-a6652d66a62a:local-client.3458:mediacontrol-0
06-13 16:59:34.012  2209  2335 I cast_shell: [0613/165934.012732:INFO:metrics_recorder.cc(193)] Cast v2 action(socket_id=local-client.3458): CastV2.Connection.Close.Out
06-13 16:59:34.013  1309  1309 I MediaPlayerList: sendMediaUpdate: Creating a one item queue for a player with no queue
06-13 16:59:34.013  1309  1309 I bluetooth: system/btif/avrcp/avrcp_service.cc:536 SendMediaUpdate: track_changed=false :  play_state=false :  queue=false
06-13 16:59:34.013  2209  2335 E cast_shell: [0613/165934.013752:ERROR:v2_transport.cc(1026)] Invalid connection: 7a60bc97-57bf-4a4f-8e77-a6652d66a62a:local-client.3459:mediacontrol-0
06-13 16:59:34.013  2209  2335 I cast_shell: [0613/165934.013912:INFO:metrics_recorder.cc(193)] Cast v2 action(socket_id=local-client.3459): CastV2.Connection.Close.Out
06-13 16:59:34.014  2209  2335 I cast_shell: [0613/165934.014063:INFO:v2_transport.cc(456)] Removed Cast V2 endpoint: id=7a60bc97-57bf-4a4f-8e77-a6652d66a62a
06-13 16:59:34.014  2209  2335 I cast_shell: [0613/165934.014230:INFO:v2_transport.cc(1233)] Heartbeat for V2TransportImpl stopping
06-13 16:59:34.017  7666  7732 V Capacitor/Plugin: To native (Capacitor plugin): callbackId: 107832008, pluginId: BackgroundMedia, methodName: stopForeground
06-13 16:59:34.017  7666  7732 V Capacitor: callback: 107832008, pluginId: BackgroundMedia, methodName: stopForeground, methodData: {}
06-13 16:59:34.022  7666  7666 I Capacitor/Console: File:  - Line 349 - Msg: [object Object]
06-13 16:59:34.028  1309  1309 I MediaPlayerList: sendMediaUpdate: Creating a one item queue for a player with no queue
06-13 16:59:34.028  1309  1309 W MediaControlGattService: Feature PLAYER_NAME(BIT 1) support: true
06-13 16:59:34.028  1309  1309 W MediaControlGattService: Feature PLAYER_NAME(BIT 1) support: true
06-13 16:59:34.028  1309  1309 W MediaControlGattService: Feature MEDIA_STATE(BIT 17) support: true
06-13 16:59:34.028  1309  1309 W MediaControlProfile: MCS service state fields left unhandled: 
06-13 16:59:34.029  1309  1309 W MediaControlProfile:    > PLAYBACK_STATE
06-13 16:59:34.029  1309  1309 W MediaControlProfile:    > OPCODES_SUPPORTED
06-13 16:59:34.029  1309  1309 I PlayerSettingsManager: getPlayerRepeatMode: no active player
06-13 16:59:34.029  1309  1309 I PlayerSettingsManager: getPlayerShuffleMode: no active player
06-13 16:59:34.029  1309  1309 I PlayerSettingsManager: updateRemoteDevice: STATE_REPEAT_OFF, STATE_SHUFFLE_OFF
06-13 16:59:34.030  1309  1309 I bluetooth: system/btif/avrcp/avrcp_service.cc:582 SendPlayerSettingsChanged: {attribute=PlayerAttribute::REPEAT : value=PlayerRepeatValue::OFF}, {attribute=PlayerAttribute::SHUFFLE : value=PlayerShuffleValue::OFF}
06-13 16:59:34.030  1309  1309 I PlayerSettingsManager: getPlayerRepeatMode: no active player
06-13 16:59:34.030  1309  1309 I PlayerSettingsManager: getPlayerShuffleMode: no active player
06-13 16:59:34.030  1309  1309 I PlayerSettingsManager: updateRemoteDevice: STATE_REPEAT_OFF, STATE_SHUFFLE_OFF
06-13 16:59:34.030  1309  1309 I bluetooth: system/btif/avrcp/avrcp_service.cc:582 SendPlayerSettingsChanged: {attribute=PlayerAttribute::REPEAT : value=PlayerRepeatValue::OFF}, {attribute=PlayerAttribute::SHUFFLE : value=PlayerShuffleValue::OFF}
06-13 16:59:34.030  1309  1309 W MediaPlayerWrapper: The session was destroyed rd.sheepskin.sandboxmusic
06-13 16:59:34.031  1309  1309 I bluetooth: system/btif/avrcp/avrcp_service.cc:536 SendMediaUpdate: track_changed=false :  play_state=false :  queue=false
06-13 16:59:34.031  1309  1309 W MediaPlayerWrapper: The session was destroyed rd.sheepskin.sandboxmusic
06-13 16:59:34.032  1309  1309 W MediaControlProfile: MCS service state fields left unhandled: 
06-13 16:59:34.032  1309  1309 W MediaControlProfile:    > PLAYBACK_STATE
06-13 16:59:34.032  1309  1309 W MediaControlProfile:    > OPCODES_SUPPORTED
06-13 16:59:34.034  7666  7666 W MediaSessionCompat: Couldn't find a unique registered media button receiver in the given context.
06-13 16:59:34.035   702  1978 I MediaSessionStack: addSession to bottom of stack | record: rd.sheepskin.sandboxmusic/SovereignMusicConsole/1209 (userId=0)
06-13 16:59:34.035   702  1978 D MediaSessionService: Media button session is changed to rd.sheepskin.sandboxmusic/SovereignMusicConsole/1209 (userId=0)
06-13 16:59:34.037  1605  1605 D NowPlayingListener: onActiveSessionsChanged() called with: controllers = [[]], lastActiveMediaController = null, lastUpdatedAppPackageName = null
06-13 16:59:34.037  1605  1605 D NowPlayingManager: onClientChanged() called
06-13 16:59:34.039  1309  1309 W MediaPlayerList: onMediaKeyEventSessionChanged(Token): Addressed Player changed to a player we didn't have a session for
06-13 16:59:34.040  1605  1605 D NowPlayingManager: A notification for Now Playing Card has been canceled
06-13 16:59:34.040  1605  1605 D NowPlayingListener: onActiveSessionsChanged() called with: controllers = [[]], lastActiveMediaController = null, lastUpdatedAppPackageName = null
06-13 16:59:34.040  1605  1605 D NowPlayingManager: onClientChanged() called
06-13 16:59:34.041  2209  2209 D WargMsAppMgr: A new media session detected: null
06-13 16:59:34.041  2209  2209 D WargMsAppMgr: A new media session detected: null
06-13 16:59:34.041  1605  1605 D NowPlayingManager: A notification for Now Playing Card has been canceled
06-13 16:59:34.041   702  2985 D MediaSessionService: onSessionActiveStateChanged: record=rd.sheepskin.sandboxmusic/SovereignMusicConsole/1209 (userId=0) playbackState=null
06-13 16:59:34.042  1309  1309 I MediaPlayerList: Adding wrapped media player: rd.sheepskin.sandboxmusic at key: 1
06-13 16:59:34.042  1309  1309 I MediaPlayerList: onMediaKeyEventSessionChanged: token=rd.sheepskin.sandboxmusic
06-13 16:59:34.043   702  1929 D MediaSessionService: onSessionActiveStateChanged: record=rd.sheepskin.sandboxmusic/SovereignMusicConsole/1209 (userId=0) playbackState=null
06-13 16:59:34.044  2209  2209 D WargMsAppMgr: A new media session detected: null
06-13 16:59:34.045  1605  1605 D NowPlayingListener: onActiveSessionsChanged() called with: controllers = [[]], lastActiveMediaController = null, lastUpdatedAppPackageName = null
06-13 16:59:34.045  1605  1605 D NowPlayingManager: onClientChanged() called
06-13 16:59:34.047  1605  1605 D NowPlayingManager: A notification for Now Playing Card has been canceled
06-13 16:59:34.048  2209  2209 D WargMsAppMgr: A new media session detected: null
06-13 16:59:34.049  1605  1605 D NowPlayingListener: onActiveSessionsChanged() called with: controllers = [[]], lastActiveMediaController = null, lastUpdatedAppPackageName = null
06-13 16:59:34.049  1605  1605 D NowPlayingManager: onClientChanged() called
06-13 16:59:34.049  1605  1605 D NowPlayingManager: A notification for Now Playing Card has been canceled
06-13 16:59:34.050   702  1978 I MediaSessionStack: removeSession | record: rd.sheepskin.sandboxmusic/SovereignMusicConsole/1209 (userId=0)
06-13 16:59:34.051   702  1978 D MediaSessionService: Media button session is changed to null
06-13 16:59:34.051  1309  1309 I MediaPlayerList: sendMediaUpdate: Creating a one item queue for a player with no queue
06-13 16:59:34.051  1309  1309 I bluetooth: system/btif/avrcp/avrcp_service.cc:536 SendMediaUpdate: track_changed=false :  play_state=false :  queue=false
06-13 16:59:34.051   702  1978 D MediaSessionService: destroySessionLocked: record=rd.sheepskin.sandboxmusic/SovereignMusicConsole/1209 (userId=0)
06-13 16:59:34.052  2209  2209 D WargMsAppMgr: A new media session detected: null
06-13 16:59:34.052  1605  1605 D NowPlayingListener: onActiveSessionsChanged() called with: controllers = [[]], lastActiveMediaController = null, lastUpdatedAppPackageName = null
06-13 16:59:34.052  1605  1605 D NowPlayingManager: onClientChanged() called
06-13 16:59:34.053  1309  1309 W MediaPlayerList: onMediaKeyEventSessionChanged(Token): Addressed Player changed to a player we didn't have a session for
06-13 16:59:34.055  1605  1605 D NowPlayingManager: A notification for Now Playing Card has been canceled
06-13 16:59:34.055  1309  1309 I MediaPlayerList: Adding wrapped media player: rd.sheepskin.sandboxmusic at key: 1
06-13 16:59:34.055  1309  1309 I MediaPlayerList: onMediaKeyEventSessionChanged: token=rd.sheepskin.sandboxmusic
06-13 16:59:34.057  7666  7666 I Capacitor/Console: File:  - Line 333 - Msg: undefined
06-13 16:59:34.060  1309  1309 I MediaPlayerList: sendMediaUpdate: Creating a one item queue for a player with no queue
06-13 16:59:34.060  1309  1309 W MediaControlGattService: Feature PLAYER_NAME(BIT 1) support: true
06-13 16:59:34.060  1309  1309 W MediaControlGattService: Feature PLAYER_NAME(BIT 1) support: true
06-13 16:59:34.060  1309  1309 W MediaControlGattService: Feature MEDIA_STATE(BIT 17) support: true
06-13 16:59:34.060  1309  1309 W MediaControlProfile: MCS service state fields left unhandled: 
06-13 16:59:34.060  1309  1309 W MediaControlProfile:    > PLAYBACK_STATE
06-13 16:59:34.060  1309  1309 W MediaControlProfile:    > OPCODES_SUPPORTED
06-13 16:59:34.062  1309  1309 I PlayerSettingsManager: getPlayerRepeatMode: no active player
06-13 16:59:34.062  1309  1309 I PlayerSettingsManager: getPlayerShuffleMode: no active player
06-13 16:59:34.062  1309  1309 I PlayerSettingsManager: updateRemoteDevice: STATE_REPEAT_OFF, STATE_SHUFFLE_OFF
06-13 16:59:34.062  1309  1309 I bluetooth: system/btif/avrcp/avrcp_service.cc:582 SendPlayerSettingsChanged: {attribute=PlayerAttribute::REPEAT : value=PlayerRepeatValue::OFF}, {attribute=PlayerAttribute::SHUFFLE : value=PlayerShuffleValue::OFF}
06-13 16:59:34.062  1309  1309 I PlayerSettingsManager: getPlayerRepeatMode: no active player
06-13 16:59:34.062  1309  1309 I PlayerSettingsManager: getPlayerShuffleMode: no active player
06-13 16:59:34.062  1309  1309 I PlayerSettingsManager: updateRemoteDevice: STATE_REPEAT_OFF, STATE_SHUFFLE_OFF
06-13 16:59:34.062  1309  1309 I bluetooth: system/btif/avrcp/avrcp_service.cc:582 SendPlayerSettingsChanged: {attribute=PlayerAttribute::REPEAT : value=PlayerRepeatValue::OFF}, {attribute=PlayerAttribute::SHUFFLE : value=PlayerShuffleValue::OFF}
06-13 16:59:34.062  1309  1309 I PlayerSettingsManager: getPlayerRepeatMode: no active player
06-13 16:59:34.063  1309  1309 I PlayerSettingsManager: getPlayerShuffleMode: no active player
06-13 16:59:34.063  1309  1309 I PlayerSettingsManager: updateRemoteDevice: STATE_REPEAT_OFF, STATE_SHUFFLE_OFF
06-13 16:59:34.063  1309  1309 I bluetooth: system/btif/avrcp/avrcp_service.cc:582 SendPlayerSettingsChanged: {attribute=PlayerAttribute::REPEAT : value=PlayerRepeatValue::OFF}, {attribute=PlayerAttribute::SHUFFLE : value=PlayerShuffleValue::OFF}
06-13 16:59:34.063  1309  1309 I PlayerSettingsManager: getPlayerRepeatMode: no active player
06-13 16:59:34.063  1309  1309 I PlayerSettingsManager: getPlayerShuffleMode: no active player
06-13 16:59:34.063  1309  1309 I PlayerSettingsManager: updateRemoteDevice: STATE_REPEAT_OFF, STATE_SHUFFLE_OFF
06-13 16:59:34.063  1309  1309 I bluetooth: system/btif/avrcp/avrcp_service.cc:582 SendPlayerSettingsChanged: {attribute=PlayerAttribute::REPEAT : value=PlayerRepeatValue::OFF}, {attribute=PlayerAttribute::SHUFFLE : value=PlayerShuffleValue::OFF}
06-13 16:59:34.063  1309  1309 W MediaPlayerWrapper: The session was destroyed rd.sheepskin.sandboxmusic
06-13 16:59:34.064  1309  1309 I bluetooth: system/btif/avrcp/avrcp_service.cc:536 SendMediaUpdate: track_changed=false :  play_state=false :  queue=false
06-13 16:59:34.064  1309  1309 I PlayerSettingsManager: getPlayerRepeatMode: no active player
06-13 16:59:34.064  1309  1309 I PlayerSettingsManager: getPlayerShuffleMode: no active player
06-13 16:59:34.064  1309  1309 I PlayerSettingsManager: updateRemoteDevice: STATE_REPEAT_OFF, STATE_SHUFFLE_OFF
06-13 16:59:34.064  1309  1309 I bluetooth: system/btif/avrcp/avrcp_service.cc:582 SendPlayerSettingsChanged: {attribute=PlayerAttribute::REPEAT : value=PlayerRepeatValue::OFF}, {attribute=PlayerAttribute::SHUFFLE : value=PlayerShuffleValue::OFF}
06-13 16:59:34.064  1309  1309 W MediaPlayerWrapper: The session was destroyed rd.sheepskin.sandboxmusic
06-13 16:59:34.065  1309  1309 W MediaControlProfile: MCS service state fields left unhandled: 
06-13 16:59:34.065  1309  1309 W MediaControlProfile:    > PLAYBACK_STATE
06-13 16:59:34.065  1309  1309 W MediaControlProfile:    > OPCODES_SUPPORTED
06-13 16:59:34.194  7666  7732 V Capacitor/Plugin: To native (Capacitor plugin): callbackId: 107832009, pluginId: NativeExoPlayback, methodName: getStatus
06-13 16:59:34.194  7666  7732 V Capacitor: callback: 107832009, pluginId: NativeExoPlayback, methodName: getStatus, methodData: {}
06-13 16:59:34.196  7666  7666 I Capacitor/Console: File:  - Line 349 - Msg: [object Object]
06-13 16:59:34.218  7666  7666 I Capacitor/Console: File:  - Line 333 - Msg: {"available":true,"wired":true,"message":"ExoPlayer gapless queue  content:// locker bridge + HTTP streams.","state":"playing","positionSecs":35.068,"durationSecs":241.65,"queueIndex":0,"queueLength":1,"gaplessEnabled":true,"currentUrl":"http://10.0.2.2:3001/api/proxy/stream?url=https%3A%2F%2Fwww.youtube.com%2Fwatch%3Fv%3DnfWlot6h_JM&sb_client=sandbox-music%2F1.0.0"}
06-13 16:59:34.224  7666  7732 V Capacitor/Plugin: To native (Capacitor plugin): callbackId: 107832010, pluginId: BackgroundMedia, methodName: stopForeground
06-13 16:59:34.224  7666  7732 V Capacitor: callback: 107832010, pluginId: BackgroundMedia, methodName: stopForeground, methodData: {}
06-13 16:59:34.224   535   634 D AudioFlinger: mixer(0x7c926ece0770) throttle end: throttle time(2)
06-13 16:59:34.225  7666  7666 I Capacitor/Console: File:  - Line 349 - Msg: [object Object]
06-13 16:59:34.232  7666  7666 W MediaSessionCompat: Couldn't find a unique registered media button receiver in the given context.
06-13 16:59:34.233   702  2985 I MediaSessionStack: addSession to bottom of stack | record: rd.sheepskin.sandboxmusic/SovereignMusicConsole/1210 (userId=0)
06-13 16:59:34.233   702  2985 D MediaSessionService: Media button session is changed to rd.sheepskin.sandboxmusic/SovereignMusicConsole/1210 (userId=0)
06-13 16:59:34.236  1605  1605 D NowPlayingListener: onActiveSessionsChanged() called with: controllers = [[]], lastActiveMediaController = null, lastUpdatedAppPackageName = null
06-13 16:59:34.236  1605  1605 D NowPlayingManager: onClientChanged() called
06-13 16:59:34.236  2209  2209 D WargMsAppMgr: A new media session detected: null
06-13 16:59:34.237  1309  1309 W MediaPlayerList: onMediaKeyEventSessionChanged(Token): Addressed Player changed to a player we didn't have a session for
06-13 16:59:34.237  1605  1605 D NowPlayingManager: A notification for Now Playing Card has been canceled
06-13 16:59:34.239  2209  2209 D WargMsAppMgr: A new media session detected: null
06-13 16:59:34.239  1309  1309 I MediaPlayerList: Adding wrapped media player: rd.sheepskin.sandboxmusic at key: 1
06-13 16:59:34.239  1309  1309 I MediaPlayerList: onMediaKeyEventSessionChanged: token=rd.sheepskin.sandboxmusic
06-13 16:59:34.239  1605  1605 D NowPlayingListener: onActiveSessionsChanged() called with: controllers = [[]], lastActiveMediaController = null, lastUpdatedAppPackageName = null
06-13 16:59:34.239  1605  1605 D NowPlayingManager: onClientChanged() called
06-13 16:59:34.240  1605  1605 D NowPlayingManager: A notification for Now Playing Card has been canceled
06-13 16:59:34.243   702  1929 D MediaSessionService: onSessionActiveStateChanged: record=rd.sheepskin.sandboxmusic/SovereignMusicConsole/1210 (userId=0) playbackState=null
06-13 16:59:34.245  1605  1605 D NowPlayingListener: onActiveSessionsChanged() called with: controllers = [[android.media.session.MediaController@fe10e12]], lastActiveMediaController = null, lastUpdatedAppPackageName = null
06-13 16:59:34.246  2209  2209 D WargMsAppMgr: A new media session detected: rd.sheepskin.sandboxmusic
06-13 16:59:34.246  2209  2209 D WargMsAppMgr: Creating media session app info for package name: rd.sheepskin.sandboxmusic
06-13 16:59:34.247  1605  1605 D NowPlayingListener: MediaController {packageName = rd.sheepskin.sandboxmusic, state = null}
06-13 16:59:34.248   702  1929 D MediaSessionService: onSessionActiveStateChanged: record=rd.sheepskin.sandboxmusic/SovereignMusicConsole/1210 (userId=0) playbackState=null
06-13 16:59:34.249   702  1978 I MediaSessionStack: removeSession | record: rd.sheepskin.sandboxmusic/SovereignMusicConsole/1210 (userId=0)
06-13 16:59:34.249   702  1978 D MediaSessionService: Media button session is changed to null
06-13 16:59:34.250  1309  1309 I MediaPlayerList: sendMediaUpdate: Creating a one item queue for a player with no queue
06-13 16:59:34.250  1309  1309 I bluetooth: system/btif/avrcp/avrcp_service.cc:536 SendMediaUpdate: track_changed=false :  play_state=false :  queue=false
06-13 16:59:34.250   702  1978 D MediaSessionService: destroySessionLocked: record=rd.sheepskin.sandboxmusic/SovereignMusicConsole/1210 (userId=0)
06-13 16:59:34.252  2209  2209 D WargServiceStub: Notifying observer for the new app
06-13 16:59:34.252  2209  2209 D WargMsAppMgr: A new media session detected: null
06-13 16:59:34.252  1309  1309 W MediaPlayerList: onMediaKeyEventSessionChanged(Token): Addressed Player changed to a player we didn't have a session for
06-13 16:59:34.253  2209  2209 D cast_CastToNative: [NativeApplicationObserver.java:359] launchPendingApp(name=Sandbox Music, sessionId=3c5530be-55a8-4260-922d-4d5d01a32271)
06-13 16:59:34.254  2209  2209 D cast_CastToNative: [NativeApplicationObserver.java:364] App launched by Warg has a higher priority. Try to override the old app.
06-13 16:59:34.254  2209  2209 I cast_shell: [0613/165934.254197:INFO:application_manager_impl.cc(697)] Starting app: app_id=AndroidNativeApp, session_id=3c5530be-55a8-4260-922d-4d5d01a32271, launch_from=FROM_LOCAL, virtual_device_id=[REDACTED], session_owner=, group_session_id=, headless=1, silent_launch_enabled=0, action_script_id=, supported_app_types={ANDROID_TV,}, take_resources=1
06-13 16:59:34.254  2209  2209 E cast_shell: [0613/165934.254334:ERROR:legacy_app_id_mapper_impl.cc(58)] Unknown app_id AndroidNativeApp
06-13 16:59:34.254  2209  2209 I cast_shell: [0613/165934.254392:INFO:app_launch_authorizer_android.cc(170)] Allowing Android native app FROM_LOCAL
06-13 16:59:34.254  2209  2209 E cast_shell: [0613/165934.254577:ERROR:legacy_app_id_mapper_impl.cc(58)] Unknown app_id AndroidNativeApp
06-13 16:59:34.254  2209  2209 I cast_shell: [0613/165934.254714:INFO:application_manager_impl.cc(1612)] Creating factory with display id
06-13 16:59:34.255  2209  2335 I cast_shell: [0613/165934.255576:INFO:v2_transport.cc(439)] Added Cast V2 endpoint: id=3c5530be-55a8-4260-922d-4d5d01a32271, socket_factory_id=[REDACTED]
06-13 16:59:34.255  2209  2209 I cast_shell: [0613/165934.254969:INFO:resource_manager_impl.cc(117)] Resources requested for app AndroidNativeApp (Sandbox Music), session_id=3c5530be-55a8-4260-922d-4d5d01a32271, mandatory=1, optional=0, tokens=[], external=0, only_if_available=0
06-13 16:59:34.255  2209  2209 I cast_shell: [0613/165934.255866:INFO:application_manager_impl.cc(2006)] Resources granted to app: app=AndroidNativeApp (Sandbox Music), session_id=3c5530be-55a8-4260-922d-4d5d01a32271, resources=1, token_resources=[]
06-13 16:59:34.256  2209  2209 E cast_shell: [0613/165934.255962:ERROR:legacy_app_id_mapper_impl.cc(58)] Unknown app_id AndroidNativeApp
06-13 16:59:34.256  1309  1309 I MediaPlayerList: Adding wrapped media player: rd.sheepskin.sandboxmusic at key: 1
06-13 16:59:34.256  1309  1309 I MediaPlayerList: onMediaKeyEventSessionChanged: token=rd.sheepskin.sandboxmusic
06-13 16:59:34.257  2209  2209 W cast_shell: [0613/165934.256972:WARNING:media_control_handler.cc(59)] Unknown player state: 
06-13 16:59:34.257  2209  2209 W cast_shell: [0613/165934.257063:WARNING:media_control_handler.cc(59)] Unknown player state: 
06-13 16:59:34.257  2209  2209 I cast_shell: [0613/165934.257103:INFO:remote_control_application_manager.cc(463)] Local media app AndroidNativeApp (Sandbox Music), session_id=3c5530be-55a8-4260-922d-4d5d01a32271 does not require a remote control app
06-13 16:59:34.257  2209  2209 I cast_shell: [0613/165934.257176:INFO:api_reboot_idle_checker.cc(104)] active_activities count=1
06-13 16:59:34.257  2209  2209 I cast_shell: [0613/165934.257222:INFO:cast_session_manager_impl.cc(853)] Sending 0 media sessions. (from:OnCurrentAppChanged@chromecast/internal/receiver/cast_session/cast_session_manager_impl.cc:785)
06-13 16:59:34.257  2209  2209 W cast_shell: [0613/165934.257299:WARNING:media_control_handler.cc(59)] Unknown player state: 
06-13 16:59:34.257  2209  2209 I cast_shell: [0613/165934.257461:INFO:application_manager_impl.cc(1754)] App starting: AndroidNativeApp (Sandbox Music), session_id=3c5530be-55a8-4260-922d-4d5d01a32271
06-13 16:59:34.258  2209  2209 I cast_shell: [0613/165934.258031:INFO:application_identification_settings.cc(368)] new ApplicationIdentificationSettings session_id: 3c5530be-55a8-4260-922d-4d5d01a32271 app_id: AndroidNativeApp universal_app_id: AndroidNativeApp flags: 0 headers: 0
06-13 16:59:34.258  2209  2209 I cast_shell: [0613/165934.258132:INFO:application_manager_impl.cc(1768)] App pending: AndroidNativeApp (Sandbox Music), session_id=3c5530be-55a8-4260-922d-4d5d01a32271
06-13 16:59:34.258  2209  2209 I cast_shell: [0613/165934.258337:INFO:application_manager_impl.cc(1773)] App started: AndroidNativeApp (Sandbox Music), session_id=3c5530be-55a8-4260-922d-4d5d01a32271
06-13 16:59:34.258  2209  2334 I cast_shell: [0613/165934.258132:INFO:mdns_cast_service.cc(857)] Device discovery state is non-idle
06-13 16:59:34.259  2209  2334 I cast_shell: [0613/165934.258972:INFO:mdns_app_filter.cc(1993)] Preparing mDNS message for offload.
06-13 16:59:34.259  2209  2259 I cast_shell: [0613/165934.259074:INFO:external_mojo_broker.cc(270)] Request for cast_android_native:chromecast.receiver.mojom.ApplicationFactory
06-13 16:59:34.259  2209  2259 I cast_shell: [0613/165934.259789:INFO:external_mojo_broker.cc(275)] Found externally-registered cast_android_native
06-13 16:59:34.259  2209  2334 D cast_MdnsOffloadClientImpl: [MdnsOffloadClientImpl.java:105] Publish mDNS packet binary length=393
06-13 16:59:34.260  2209  2334 E cast_MdnsOffloadClientImpl: Not connected, skipping offload
06-13 16:59:34.260  2209  2209 D WargMsAppMgr: A new media session detected: null
06-13 16:59:34.262  1605  1605 D NowPlayingManager: onClientChanged() called
06-13 16:59:34.262  7666  7666 I Capacitor/Console: File:  - Line 333 - Msg: undefined
06-13 16:59:34.263  1605  1605 D NowPlayingManager: A notification for Now Playing Card has been canceled
06-13 16:59:34.264  2209  2209 E ActivityThread: Failed to find provider info for com.google.android.apps.tv.launcherx.coreservices.account.AccountModeContentProvider
06-13 16:59:34.265  1605  1605 D NowPlayingListener: onActiveSessionsChanged() called with: controllers = [[]], lastActiveMediaController = null, lastUpdatedAppPackageName = null
06-13 16:59:34.265  2209  2209 E ActivityThread: Failed to find provider info for com.google.android.apps.tv.launcherx.coreservices.account.AccountModeContentProvider
06-13 16:59:34.267  2209  2209 D cast_CastToNative: [NativeApplication.java:420] new NativeApp is available.
06-13 16:59:34.267  1605  1605 D NowPlayingManager: onClientChanged() called
06-13 16:59:34.268  1309  1309 I MediaPlayerList: sendMediaUpdate: Creating a one item queue for a player with no queue
06-13 16:59:34.268  1605  1605 D NowPlayingManager: A notification for Now Playing Card has been canceled
06-13 16:59:34.268  1309  1309 W MediaControlGattService: Feature PLAYER_NAME(BIT 1) support: true
06-13 16:59:34.268  1309  1309 W MediaControlGattService: Feature PLAYER_NAME(BIT 1) support: true
06-13 16:59:34.268  1605  1605 D NowPlayingListener: onActiveSessionsChanged() called with: controllers = [[]], lastActiveMediaController = null, lastUpdatedAppPackageName = null
06-13 16:59:34.268  1309  1309 W MediaControlGattService: Feature MEDIA_STATE(BIT 17) support: true
06-13 16:59:34.269  1605  1605 D NowPlayingManager: onClientChanged() called
06-13 16:59:34.269  1309  1309 W MediaControlProfile: MCS service state fields left unhandled: 
06-13 16:59:34.269  1309  1309 W MediaControlProfile:    > PLAYBACK_STATE
06-13 16:59:34.269  1309  1309 W MediaControlProfile:    > OPCODES_SUPPORTED
06-13 16:59:34.270  1605  1605 D NowPlayingManager: A notification for Now Playing Card has been canceled
06-13 16:59:34.270  1309  1309 I PlayerSettingsManager: getPlayerRepeatMode: no active player
06-13 16:59:34.270  1309  1309 I PlayerSettingsManager: getPlayerShuffleMode: no active player
06-13 16:59:34.270  1309  1309 I PlayerSettingsManager: updateRemoteDevice: STATE_REPEAT_OFF, STATE_SHUFFLE_OFF
06-13 16:59:34.270  1309  1309 I bluetooth: system/btif/avrcp/avrcp_service.cc:582 SendPlayerSettingsChanged: {attribute=PlayerAttribute::REPEAT : value=PlayerRepeatValue::OFF}, {attribute=PlayerAttribute::SHUFFLE : value=PlayerShuffleValue::OFF}
06-13 16:59:34.271  1309  1309 I PlayerSettingsManager: getPlayerRepeatMode: no active player
06-13 16:59:34.271  1309  1309 I PlayerSettingsManager: getPlayerShuffleMode: no active player
06-13 16:59:34.271  1309  1309 I PlayerSettingsManager: updateRemoteDevice: STATE_REPEAT_OFF, STATE_SHUFFLE_OFF
06-13 16:59:34.271  1309  1309 I bluetooth: system/btif/avrcp/avrcp_service.cc:582 SendPlayerSettingsChanged: {attribute=PlayerAttribute::REPEAT : value=PlayerRepeatValue::OFF}, {attribute=PlayerAttribute::SHUFFLE : value=PlayerShuffleValue::OFF}
06-13 16:59:34.271  2209  2209 I cast_shell: [0613/165934.271623:INFO:application_message_handler.cc(723)] Cast V2 IPC connected: app_id=AndroidNativeApp
06-13 16:59:34.271  2209  2209 I cast_shell: [0613/165934.271924:INFO:application_message_handler.cc(943)] Received READY message from app
06-13 16:59:34.272  2209  2209 E cast_shell: [0613/165934.272078:ERROR:legacy_app_id_mapper_impl.cc(58)] Unknown app_id AndroidNativeApp
06-13 16:59:34.272  2209  2209 E cast_shell: [0613/165934.272501:ERROR:legacy_app_id_mapper_impl.cc(58)] Unknown app_id AndroidNativeApp
06-13 16:59:34.273  2209  2209 E cast_shell: [0613/165934.272813:ERROR:legacy_app_id_mapper_impl.cc(58)] Unknown app_id AndroidNativeApp
06-13 16:59:34.273  2209  2209 E cast_shell: [0613/165934.273242:ERROR:legacy_app_id_mapper_impl.cc(58)] Unknown app_id AndroidNativeApp
06-13 16:59:34.273  2209  2209 E cast_shell: [0613/165934.273439:ERROR:legacy_app_id_mapper_impl.cc(58)] Unknown app_id AndroidNativeApp
06-13 16:59:34.273  2209  2209 E cast_shell: [0613/165934.273783:ERROR:legacy_app_id_mapper_impl.cc(58)] Unknown app_id AndroidNativeApp
06-13 16:59:34.273  2209  2209 I cast_shell: [0613/165934.273962:INFO:application_message_handler.cc(1775)] Application doesn't support playback device status
06-13 16:59:34.274  2209  2209 I cast_shell: [0613/165934.274301:INFO:application_manager_impl.cc(2109)] Focusing foreground application: session=3c5530be-55a8-4260-922d-4d5d01a32271
06-13 16:59:34.274  2209  2209 I cast_shell: [0613/165934.274674:INFO:media_trait_handler_impl.cc(955)] Sent untracked GET_STATUS to app: session_id=3c5530be-55a8-4260-922d-4d5d01a32271, request_id=729413664
06-13 16:59:34.277  2209  2209 I cast_shell: [0613/165934.277126:INFO:application_manager_impl.cc(1778)] App running: AndroidNativeApp (Sandbox Music), session_id=3c5530be-55a8-4260-922d-4d5d01a32271
06-13 16:59:34.277  2209  2209 E cast_shell: [0613/165934.277325:ERROR:legacy_app_id_mapper_impl.cc(58)] Unknown app_id AndroidNativeApp
06-13 16:59:34.277  2209  2209 E cast_shell: [0613/165934.277404:ERROR:legacy_app_id_mapper_impl.cc(58)] Unknown app_id AndroidNativeApp
06-13 16:59:34.278  2209  2335 I cast_shell: [0613/165934.277969:INFO:metrics_recorder.cc(193)] Cast v2 action(socket_id=local-client.3460): CastV2.Connection.Connect.In
06-13 16:59:34.278  2209  2335 I cast_shell: [0613/165934.278637:INFO:metrics_recorder.cc(193)] Cast v2 action(socket_id=local-client.3461): CastV2.Connection.Connect.In
06-13 16:59:34.278  2209  2209 E cast_shell: [0613/165934.278853:ERROR:legacy_app_id_mapper_impl.cc(58)] Unknown app_id AndroidNativeApp
06-13 16:59:34.279  2209  2209 I cast_shell: [0613/165934.279417:INFO:metrics_recorder.cc(193)] cast event: CastV2.Ipc.Sender.Connected
06-13 16:59:34.279  2209  2209 I cast_shell: [0613/165934.279522:INFO:application_message_handler.cc(554)] Invisible connection connected: conn=3c5530be-55a8-4260-922d-4d5d01a32271:local-client.3460:mediacontrol-0, app=3c5530be-55a8-4260-922d-4d5d01a32271
06-13 16:59:34.279  2209  2335 I cast_shell: [0613/165934.279029:INFO:metrics_recorder.cc(193)] Cast v2 action(socket_id=local-client.3462): CastV2.Connection.Connect.In
06-13 16:59:34.280  2209  2209 E cast_shell: [0613/165934.280120:ERROR:legacy_app_id_mapper_impl.cc(58)] Unknown app_id AndroidNativeApp
06-13 16:59:34.280  2209  2209 I cast_shell: [0613/165934.280185:INFO:metrics_recorder.cc(193)] cast event: CastV2.Ipc.Sender.Connected
06-13 16:59:34.280  1309  1309 I MediaPlayerList: sendMediaUpdate: Creating a one item queue for a player with no queue
06-13 16:59:34.280  2209  2209 I cast_shell: [0613/165934.280267:INFO:application_message_handler.cc(554)] Invisible connection connected: conn=3c5530be-55a8-4260-922d-4d5d01a32271:local-client.3461:mediacontrol-0, app=3c5530be-55a8-4260-922d-4d5d01a32271
06-13 16:59:34.280  1309  1309 I bluetooth: system/btif/avrcp/avrcp_service.cc:536 SendMediaUpdate: track_changed=false :  play_state=false :  queue=false
06-13 16:59:34.280  2209  2209 E cast_shell: [0613/165934.280431:ERROR:legacy_app_id_mapper_impl.cc(58)] Unknown app_id AndroidNativeApp
06-13 16:59:34.280  2209  2209 I cast_shell: [0613/165934.280468:INFO:metrics_recorder.cc(193)] cast event: CastV2.Ipc.Sender.Connected
06-13 16:59:34.280  2209  2209 I cast_shell: [0613/165934.280545:INFO:application_message_handler.cc(554)] Invisible connection connected: conn=3c5530be-55a8-4260-922d-4d5d01a32271:local-client.3462:mediacontrol-0, app=3c5530be-55a8-4260-922d-4d5d01a32271
06-13 16:59:34.281  2209  2209 I cast_shell: [0613/165934.280994:INFO:application_manager_impl.cc(1790)] App stopping: AndroidNativeApp (Sandbox Music), session_id=3c5530be-55a8-4260-922d-4d5d01a32271
06-13 16:59:34.281  2209  2209 I cast_shell: [0613/165934.281245:INFO:application_manager_impl.cc(1795)] App stopped: AndroidNativeApp (Sandbox Music), session_id=3c5530be-55a8-4260-922d-4d5d01a32271
06-13 16:59:34.281  2209  2209 I cast_shell: [0613/165934.281351:INFO:resource_manager_impl.cc(244)] All resources released for app AndroidNativeApp (Sandbox Music), session_id=3c5530be-55a8-4260-922d-4d5d01a32271
06-13 16:59:34.281  2209  2209 E cast_shell: [0613/165934.281435:ERROR:legacy_app_id_mapper_impl.cc(58)] Unknown app_id AndroidNativeApp
06-13 16:59:34.283  2209  2209 D cast_ChromecastServiceClientAndroid: [ChromecastServiceClientAndroid.java:91] Cast idle.
06-13 16:59:34.284  2209  2209 I cast_shell: [0613/165934.284183:INFO:api_reboot_idle_checker.cc(104)] active_activities count=0
06-13 16:59:34.284  2209  2209 I cast_shell: [0613/165934.284263:INFO:cast_session_manager_impl.cc(853)] Sending 0 media sessions. (from:OnCurrentAppChanged@chromecast/internal/receiver/cast_session/cast_session_manager_impl.cc:785)
06-13 16:59:34.284  2209  2209 I cast_shell: [0613/165934.284390:INFO:application_message_handler.cc(906)] Cast V2 IPC closed: app_id=AndroidNativeApp
06-13 16:59:34.284  2209  2335 E cast_shell: [0613/165934.284797:ERROR:v2_transport.cc(1026)] Invalid connection: 3c5530be-55a8-4260-922d-4d5d01a32271:local-client.3462:mediacontrol-0
06-13 16:59:34.284  2209  2335 I cast_shell: [0613/165934.284979:INFO:metrics_recorder.cc(193)] Cast v2 action(socket_id=local-client.3462): CastV2.Connection.Close.Out
06-13 16:59:34.285  2209  2335 I cast_shell: [0613/165934.285082:INFO:v2_transport.cc(456)] Removed Cast V2 endpoint: id=3c5530be-55a8-4260-922d-4d5d01a32271
06-13 16:59:34.285  2209  2335 I cast_shell: [0613/165934.285252:INFO:v2_transport.cc(1233)] Heartbeat for V2TransportImpl stopping
06-13 16:59:34.285  2209  2209 D cast_CastToNative: [NativeApplication.java:394] onDestroyed
06-13 16:59:34.285  2209  2334 I cast_shell: [0613/165934.285939:INFO:mdns_cast_service.cc(857)] Device discovery state is idle
06-13 16:59:34.286  2209  2334 I cast_shell: [0613/165934.286105:INFO:mdns_app_filter.cc(1993)] Preparing mDNS message for offload.
06-13 16:59:34.286  2209  2334 D cast_MdnsOffloadClientImpl: [MdnsOffloadClientImpl.java:105] Publish mDNS packet binary length=380
06-13 16:59:34.286  2209  2334 E cast_MdnsOffloadClientImpl: Not connected, skipping offload
06-13 16:59:34.286  2209  2209 W WargReceiverApp: Received a message of unsupported namespace: urn:x-cast:com.google.cast.system
06-13 16:59:34.286  2209  2209 W WargReceiverApp: Received a message of unsupported namespace: urn:x-cast:com.google.cast.system
06-13 16:59:34.286  2209  2209 W WargReceiverApp: Received a message of unsupported namespace: urn:x-cast:com.google.cast.system
06-13 16:59:34.286  2209  2209 W WargReceiverApp: Received a message of unsupported namespace: urn:x-cast:com.google.cast.system
06-13 16:59:34.286  2209  2209 W WargReceiverApp: Received a message of unsupported namespace: urn:x-cast:com.google.cast.system
06-13 16:59:34.287  2209  2209 W WargReceiverApp: Received a message of unsupported namespace: urn:x-cast:com.google.cast.system
06-13 16:59:34.287  2209  2209 W BasicMediaStatusFactory: Generating null status because MediaSession is not set
06-13 16:59:34.287  1309  1309 I MediaPlayerList: sendMediaUpdate: Creating a one item queue for a player with no queue
06-13 16:59:34.287  1309  1309 W MediaControlGattService: Feature PLAYER_NAME(BIT 1) support: true
06-13 16:59:34.287  1309  1309 W MediaControlGattService: Feature PLAYER_NAME(BIT 1) support: true
06-13 16:59:34.287  1309  1309 W MediaControlGattService: Feature MEDIA_STATE(BIT 17) support: true
06-13 16:59:34.287  1309  1309 W MediaControlProfile: MCS service state fields left unhandled: 
06-13 16:59:34.287  1309  1309 W MediaControlProfile:    > PLAYBACK_STATE
06-13 16:59:34.287  1309  1309 W MediaControlProfile:    > OPCODES_SUPPORTED
06-13 16:59:34.287  1309  1309 I PlayerSettingsManager: getPlayerRepeatMode: no active player
06-13 16:59:34.287  1309  1309 I PlayerSettingsManager: getPlayerShuffleMode: no active player
06-13 16:59:34.287  1309  1309 I PlayerSettingsManager: updateRemoteDevice: STATE_REPEAT_OFF, STATE_SHUFFLE_OFF
06-13 16:59:34.287  1309  1309 I bluetooth: system/btif/avrcp/avrcp_service.cc:582 SendPlayerSettingsChanged: {attribute=PlayerAttribute::REPEAT : value=PlayerRepeatValue::OFF}, {attribute=PlayerAttribute::SHUFFLE : value=PlayerShuffleValue::OFF}
06-13 16:59:34.288  1309  1309 I PlayerSettingsManager: getPlayerRepeatMode: no active player
06-13 16:59:34.288  1309  1309 I PlayerSettingsManager: getPlayerShuffleMode: no active player
06-13 16:59:34.288  1309  1309 I PlayerSettingsManager: updateRemoteDevice: STATE_REPEAT_OFF, STATE_SHUFFLE_OFF
06-13 16:59:34.288  1309  1309 I bluetooth: system/btif/avrcp/avrcp_service.cc:582 SendPlayerSettingsChanged: {attribute=PlayerAttribute::REPEAT : value=PlayerRepeatValue::OFF}, {attribute=PlayerAttribute::SHUFFLE : value=PlayerShuffleValue::OFF}
06-13 16:59:34.288  1309  1309 W MediaPlayerWrapper: The session was destroyed rd.sheepskin.sandboxmusic
06-13 16:59:34.290  1309  1309 I bluetooth: system/btif/avrcp/avrcp_service.cc:536 SendMediaUpdate: track_changed=false :  play_state=false :  queue=false
06-13 16:59:34.290  1309  1309 W MediaPlayerWrapper: The session was destroyed rd.sheepskin.sandboxmusic
06-13 16:59:34.291  1309  1309 W MediaControlProfile: MCS service state fields left unhandled: 
06-13 16:59:34.291  1309  1309 W MediaControlProfile:    > PLAYBACK_STATE
06-13 16:59:34.291  1309  1309 W MediaControlProfile:    > OPCODES_SUPPORTED
06-13 16:59:34.424  7666  7732 V Capacitor/Plugin: To native (Capacitor plugin): callbackId: 107832011, pluginId: NativeExoPlayback, methodName: getStatus
06-13 16:59:34.425  7666  7732 V Capacitor: callback: 107832011, pluginId: NativeExoPlayback, methodName: getStatus, methodData: {}
06-13 16:59:34.425  7666  7666 I Capacitor/Console: File:  - Line 349 - Msg: [object Object]
06-13 16:59:34.429  7666  7666 I Capacitor/Console: File:  - Line 333 - Msg: {"available":true,"wired":true,"message":"ExoPlayer gapless queue  content:// locker bridge + HTTP streams.","state":"playing","positionSecs":35.281,"durationSecs":241.65,"queueIndex":0,"queueLength":1,"gaplessEnabled":true,"currentUrl":"http://10.0.2.2:3001/api/proxy/stream?url=https%3A%2F%2Fwww.youtube.com%2Fwatch%3Fv%3DnfWlot6h_JM&sb_client=sandbox-music%2F1.0.0"}
06-13 16:59:34.431  7666  7732 V Capacitor/Plugin: To native (Capacitor plugin): callbackId: 107832012, pluginId: BackgroundMedia, methodName: stopForeground
06-13 16:59:34.431  7666  7732 V Capacitor: callback: 107832012, pluginId: BackgroundMedia, methodName: stopForeground, methodData: {}
06-13 16:59:34.432  7666  7666 I Capacitor/Console: File:  - Line 349 - Msg: [object Object]
06-13 16:59:34.436  7666  7666 W MediaSessionCompat: Couldn't find a unique registered media button receiver in the given context.
06-13 16:59:34.437   702  1978 I MediaSessionStack: addSession to bottom of stack | record: rd.sheepskin.sandboxmusic/SovereignMusicConsole/1211 (userId=0)
06-13 16:59:34.437   702  1978 D MediaSessionService: Media button session is changed to rd.sheepskin.sandboxmusic/SovereignMusicConsole/1211 (userId=0)
06-13 16:59:34.439  1605  1605 D NowPlayingListener: onActiveSessionsChanged() called with: controllers = [[]], lastActiveMediaController = null, lastUpdatedAppPackageName = null
06-13 16:59:34.439  1605  1605 D NowPlayingManager: onClientChanged() called
06-13 16:59:34.439  1605  1605 D NowPlayingManager: A notification for Now Playing Card has been canceled
06-13 16:59:34.440  2209  2209 D WargMsAppMgr: A new media session detected: null
06-13 16:59:34.440  1309  1309 W MediaPlayerList: onMediaKeyEventSessionChanged(Token): Addressed Player changed to a player we didn't have a session for
06-13 16:59:34.441  1309  1309 I MediaPlayerList: Adding wrapped media player: rd.sheepskin.sandboxmusic at key: 1
06-13 16:59:34.441   702  2258 D MediaSessionService: onSessionActiveStateChanged: record=rd.sheepskin.sandboxmusic/SovereignMusicConsole/1211 (userId=0) playbackState=null
06-13 16:59:34.441  1309  1309 I MediaPlayerList: onMediaKeyEventSessionChanged: token=rd.sheepskin.sandboxmusic
06-13 16:59:34.444   702   723 D MediaSessionService: onSessionActiveStateChanged: record=rd.sheepskin.sandboxmusic/SovereignMusicConsole/1211 (userId=0) playbackState=null
06-13 16:59:34.445   702   723 I MediaSessionStack: removeSession | record: rd.sheepskin.sandboxmusic/SovereignMusicConsole/1211 (userId=0)
06-13 16:59:34.445  2209  2209 D WargMsAppMgr: A new media session detected: rd.sheepskin.sandboxmusic
06-13 16:59:34.445  2209  2209 D WargMsAppMgr: Creating media session app info for package name: rd.sheepskin.sandboxmusic
06-13 16:59:34.445   702   723 D MediaSessionService: Media button session is changed to null
06-13 16:59:34.446  1605  1605 D NowPlayingListener: onActiveSessionsChanged() called with: controllers = [[android.media.session.MediaController@505afe0]], lastActiveMediaController = null, lastUpdatedAppPackageName = null
06-13 16:59:34.446   702   723 D MediaSessionService: destroySessionLocked: record=rd.sheepskin.sandboxmusic/SovereignMusicConsole/1211 (userId=0)
06-13 16:59:34.447  1605  1605 D NowPlayingListener: MediaController {packageName = rd.sheepskin.sandboxmusic, state = null}
06-13 16:59:34.450  1605  1605 D NowPlayingManager: onClientChanged() called
06-13 16:59:34.452  1309  1309 I MediaPlayerList: sendMediaUpdate: Creating a one item queue for a player with no queue
06-13 16:59:34.452  1309  1309 I bluetooth: system/btif/avrcp/avrcp_service.cc:536 SendMediaUpdate: track_changed=false :  play_state=false :  queue=false
06-13 16:59:34.452  1309  1309 W MediaPlayerList: onMediaKeyEventSessionChanged(Token): Addressed Player changed to a player we didn't have a session for
06-13 16:59:34.453  1605  1605 D NowPlayingManager: A notification for Now Playing Card has been canceled
06-13 16:59:34.453  1605  1605 D NowPlayingListener: onActiveSessionsChanged() called with: controllers = [[]], lastActiveMediaController = null, lastUpdatedAppPackageName = null
06-13 16:59:34.454  7666  7666 I Capacitor/Console: File:  - Line 333 - Msg: undefined
06-13 16:59:34.454  2209  2209 D WargServiceStub: Notifying observer for the new app
06-13 16:59:34.454  2209  2209 D WargMsAppMgr: A new media session detected: null
06-13 16:59:34.454  1309  1309 I MediaPlayerList: Adding wrapped media player: rd.sheepskin.sandboxmusic at key: 1
06-13 16:59:34.454  1309  1309 I MediaPlayerList: onMediaKeyEventSessionChanged: token=rd.sheepskin.sandboxmusic
06-13 16:59:34.455  2209  2209 D WargMsAppMgr: A new media session detected: null
06-13 16:59:34.455  1605  1605 D NowPlayingManager: onClientChanged() called
06-13 16:59:34.455  2209  2209 D cast_CastToNative: [NativeApplicationObserver.java:359] launchPendingApp(name=Sandbox Music, sessionId=a480a656-ebed-4f7f-b9e8-8044a4e4b30a)
06-13 16:59:34.455  2209  2209 D cast_CastToNative: [NativeApplicationObserver.java:364] App launched by Warg has a higher priority. Try to override the old app.
