06-13 16:59:33.321  1309  1309 I MediaPlayerList: sendMediaUpdate: Creating a one item queue for a player with no queue
06-13 16:59:33.321  2209  2209 I cast_shell: [0613/165933.321249:INFO:application_manager_impl.cc(1754)] App starting: AndroidNativeApp (Sandbox Music), session_id=283ce424-6f87-4833-925f-931d0597c2ca
06-13 16:59:33.321  2209  2209 I cast_shell: [0613/165933.321363:INFO:application_identification_settings.cc(368)] new ApplicationIdentificationSettings session_id: 283ce424-6f87-4833-925f-931d0597c2ca app_id: AndroidNativeApp universal_app_id: AndroidNativeApp flags: 0 headers: 0
06-13 16:59:33.321  1309  1309 W MediaControlGattService: Feature PLAYER_NAME(BIT 1) support: true
06-13 16:59:33.321  1309  1309 W MediaControlGattService: Feature PLAYER_NAME(BIT 1) support: true
06-13 16:59:33.321  2209  2209 I cast_shell: [0613/165933.321425:INFO:application_manager_impl.cc(1768)] App pending: AndroidNativeApp (Sandbox Music), session_id=283ce424-6f87-4833-925f-931d0597c2ca
06-13 16:59:33.321  1309  1309 W MediaControlGattService: Feature MEDIA_STATE(BIT 17) support: true
06-13 16:59:33.321  1309  1309 W MediaControlProfile: MCS service state fields left unhandled: 
06-13 16:59:33.321  1309  1309 W MediaControlProfile:    > PLAYBACK_STATE
06-13 16:59:33.321  1309  1309 W MediaControlProfile:    > OPCODES_SUPPORTED
06-13 16:59:33.321  2209  2209 I cast_shell: [0613/165933.321578:INFO:application_manager_impl.cc(1773)] App started: AndroidNativeApp (Sandbox Music), session_id=283ce424-6f87-4833-925f-931d0597c2ca
06-13 16:59:33.322  2209  2259 I cast_shell: [0613/165933.322181:INFO:external_mojo_broker.cc(270)] Request for cast_android_native:chromecast.receiver.mojom.ApplicationFactory
06-13 16:59:33.322  2209  2259 I cast_shell: [0613/165933.322319:INFO:external_mojo_broker.cc(275)] Found externally-registered cast_android_native
06-13 16:59:33.322  2209  2334 I cast_shell: [0613/165933.322464:INFO:mdns_cast_service.cc(857)] Device discovery state is non-idle
06-13 16:59:33.322  1309  1309 I PlayerSettingsManager: getPlayerRepeatMode: no active player
06-13 16:59:33.322  1309  1309 I PlayerSettingsManager: getPlayerShuffleMode: no active player
06-13 16:59:33.322  1309  1309 I PlayerSettingsManager: updateRemoteDevice: STATE_REPEAT_OFF, STATE_SHUFFLE_OFF
06-13 16:59:33.322  2209  2334 I cast_shell: [0613/165933.322693:INFO:mdns_app_filter.cc(1993)] Preparing mDNS message for offload.
06-13 16:59:33.322  1309  1309 I bluetooth: system/btif/avrcp/avrcp_service.cc:582 SendPlayerSettingsChanged: {attribute=PlayerAttribute::REPEAT : value=PlayerRepeatValue::OFF}, {attribute=PlayerAttribute::SHUFFLE : value=PlayerShuffleValue::OFF}
06-13 16:59:33.322  2209  2334 D cast_MdnsOffloadClientImpl: [MdnsOffloadClientImpl.java:105] Publish mDNS packet binary length=393
06-13 16:59:33.322  2209  2334 E cast_MdnsOffloadClientImpl: Not connected, skipping offload
06-13 16:59:33.325  2209  2209 E ActivityThread: Failed to find provider info for com.google.android.apps.tv.launcherx.coreservices.account.AccountModeContentProvider
06-13 16:59:33.327  2209  2209 E ActivityThread: Failed to find provider info for com.google.android.apps.tv.launcherx.coreservices.account.AccountModeContentProvider
06-13 16:59:33.328  2209  2209 D cast_CastToNative: [NativeApplication.java:420] new NativeApp is available.
06-13 16:59:33.329  2209  2209 I cast_shell: [0613/165933.329173:INFO:application_message_handler.cc(723)] Cast V2 IPC connected: app_id=AndroidNativeApp
06-13 16:59:33.329  2209  2209 I cast_shell: [0613/165933.329362:INFO:application_message_handler.cc(943)] Received READY message from app
06-13 16:59:33.329  2209  2209 E cast_shell: [0613/165933.329555:ERROR:legacy_app_id_mapper_impl.cc(58)] Unknown app_id AndroidNativeApp
06-13 16:59:33.330  2209  2209 E cast_shell: [0613/165933.330466:ERROR:legacy_app_id_mapper_impl.cc(58)] Unknown app_id AndroidNativeApp
06-13 16:59:33.330  2209  2209 E cast_shell: [0613/165933.330755:ERROR:legacy_app_id_mapper_impl.cc(58)] Unknown app_id AndroidNativeApp
06-13 16:59:33.331  2209  2209 E cast_shell: [0613/165933.331196:ERROR:legacy_app_id_mapper_impl.cc(58)] Unknown app_id AndroidNativeApp
06-13 16:59:33.331  2209  2209 E cast_shell: [0613/165933.331454:ERROR:legacy_app_id_mapper_impl.cc(58)] Unknown app_id AndroidNativeApp
06-13 16:59:33.331  2209  2209 E cast_shell: [0613/165933.331655:ERROR:legacy_app_id_mapper_impl.cc(58)] Unknown app_id AndroidNativeApp
06-13 16:59:33.331  2209  2209 I cast_shell: [0613/165933.331704:INFO:application_message_handler.cc(1775)] Application doesn't support playback device status
06-13 16:59:33.332  2209  2209 I cast_shell: [0613/165933.332073:INFO:application_manager_impl.cc(2109)] Focusing foreground application: session=283ce424-6f87-4833-925f-931d0597c2ca
06-13 16:59:33.332  2209  2209 I cast_shell: [0613/165933.332462:INFO:media_trait_handler_impl.cc(955)] Sent untracked GET_STATUS to app: session_id=283ce424-6f87-4833-925f-931d0597c2ca, request_id=271543707
06-13 16:59:33.332  2209  2209 I cast_shell: [0613/165933.332739:INFO:application_manager_impl.cc(1778)] App running: AndroidNativeApp (Sandbox Music), session_id=283ce424-6f87-4833-925f-931d0597c2ca
06-13 16:59:33.332  2209  2209 E cast_shell: [0613/165933.332859:ERROR:legacy_app_id_mapper_impl.cc(58)] Unknown app_id AndroidNativeApp
06-13 16:59:33.332  2209  2209 E cast_shell: [0613/165933.332960:ERROR:legacy_app_id_mapper_impl.cc(58)] Unknown app_id AndroidNativeApp
06-13 16:59:33.333  2209  2335 I cast_shell: [0613/165933.333744:INFO:metrics_recorder.cc(193)] Cast v2 action(socket_id=local-client.3451): CastV2.Connection.Connect.In
06-13 16:59:33.334  1309  1309 I MediaPlayerList: sendMediaUpdate: Creating a one item queue for a player with no queue
06-13 16:59:33.334  1309  1309 W MediaControlGattService: Feature PLAYER_NAME(BIT 1) support: true
06-13 16:59:33.334  1309  1309 W MediaControlGattService: Feature PLAYER_NAME(BIT 1) support: true
06-13 16:59:33.334  1309  1309 W MediaControlGattService: Feature MEDIA_STATE(BIT 17) support: true
06-13 16:59:33.334  1309  1309 W MediaControlProfile: MCS service state fields left unhandled: 
06-13 16:59:33.334  1309  1309 W MediaControlProfile:    > PLAYBACK_STATE
06-13 16:59:33.334  1309  1309 W MediaControlProfile:    > OPCODES_SUPPORTED
06-13 16:59:33.336  2209  2335 I cast_shell: [0613/165933.336850:INFO:metrics_recorder.cc(193)] Cast v2 action(socket_id=local-client.3452): CastV2.Connection.Connect.In
06-13 16:59:33.337  2209  2209 E cast_shell: [0613/165933.337225:ERROR:legacy_app_id_mapper_impl.cc(58)] Unknown app_id AndroidNativeApp
06-13 16:59:33.337  2209  2209 I cast_shell: [0613/165933.337341:INFO:metrics_recorder.cc(193)] cast event: CastV2.Ipc.Sender.Connected
06-13 16:59:33.337  2209  2335 I cast_shell: [0613/165933.337250:INFO:metrics_recorder.cc(193)] Cast v2 action(socket_id=local-client.3453): CastV2.Connection.Connect.In
06-13 16:59:33.338  2209  2209 I cast_shell: [0613/165933.337388:INFO:application_message_handler.cc(554)] Invisible connection connected: conn=283ce424-6f87-4833-925f-931d0597c2ca:local-client.3451:mediacontrol-0, app=283ce424-6f87-4833-925f-931d0597c2ca
06-13 16:59:33.339  2209  2209 E cast_shell: [0613/165933.339028:ERROR:legacy_app_id_mapper_impl.cc(58)] Unknown app_id AndroidNativeApp
06-13 16:59:33.339  2209  2209 I cast_shell: [0613/165933.339199:INFO:metrics_recorder.cc(193)] cast event: CastV2.Ipc.Sender.Connected
06-13 16:59:33.339  2209  2209 I cast_shell: [0613/165933.339240:INFO:application_message_handler.cc(554)] Invisible connection connected: conn=283ce424-6f87-4833-925f-931d0597c2ca:local-client.3452:mediacontrol-0, app=283ce424-6f87-4833-925f-931d0597c2ca
06-13 16:59:33.339  2209  2209 E cast_shell: [0613/165933.339586:ERROR:legacy_app_id_mapper_impl.cc(58)] Unknown app_id AndroidNativeApp
06-13 16:59:33.339  2209  2209 I cast_shell: [0613/165933.339759:INFO:metrics_recorder.cc(193)] cast event: CastV2.Ipc.Sender.Connected
06-13 16:59:33.339  2209  2209 I cast_shell: [0613/165933.339824:INFO:application_message_handler.cc(554)] Invisible connection connected: conn=283ce424-6f87-4833-925f-931d0597c2ca:local-client.3453:mediacontrol-0, app=283ce424-6f87-4833-925f-931d0597c2ca
06-13 16:59:33.340  2209  2209 I cast_shell: [0613/165933.340415:INFO:application_manager_impl.cc(1790)] App stopping: AndroidNativeApp (Sandbox Music), session_id=283ce424-6f87-4833-925f-931d0597c2ca
06-13 16:59:33.340  2209  2209 I cast_shell: [0613/165933.340629:INFO:application_manager_impl.cc(1795)] App stopped: AndroidNativeApp (Sandbox Music), session_id=283ce424-6f87-4833-925f-931d0597c2ca
06-13 16:59:33.340  2209  2209 I cast_shell: [0613/165933.340708:INFO:resource_manager_impl.cc(244)] All resources released for app AndroidNativeApp (Sandbox Music), session_id=283ce424-6f87-4833-925f-931d0597c2ca
06-13 16:59:33.340  2209  2209 E cast_shell: [0613/165933.340793:ERROR:legacy_app_id_mapper_impl.cc(58)] Unknown app_id AndroidNativeApp
06-13 16:59:33.341  2209  2209 D cast_ChromecastServiceClientAndroid: [ChromecastServiceClientAndroid.java:91] Cast idle.
06-13 16:59:33.341  2209  2209 I cast_shell: [0613/165933.341396:INFO:api_reboot_idle_checker.cc(104)] active_activities count=0
06-13 16:59:33.342  2209  2209 I cast_shell: [0613/165933.342180:INFO:cast_session_manager_impl.cc(853)] Sending 0 media sessions. (from:OnCurrentAppChanged@chromecast/internal/receiver/cast_session/cast_session_manager_impl.cc:785)
06-13 16:59:33.342  2209  2209 I cast_shell: [0613/165933.342468:INFO:application_message_handler.cc(906)] Cast V2 IPC closed: app_id=AndroidNativeApp
06-13 16:59:33.344  2209  2334 I cast_shell: [0613/165933.344212:INFO:mdns_cast_service.cc(857)] Device discovery state is idle
06-13 16:59:33.344  2209  2334 I cast_shell: [0613/165933.344749:INFO:mdns_app_filter.cc(1993)] Preparing mDNS message for offload.
06-13 16:59:33.345  2209  2209 D cast_CastToNative: [NativeApplication.java:394] onDestroyed
06-13 16:59:33.346  2209  2334 D cast_MdnsOffloadClientImpl: [MdnsOffloadClientImpl.java:105] Publish mDNS packet binary length=380
06-13 16:59:33.346  2209  2334 E cast_MdnsOffloadClientImpl: Not connected, skipping offload
06-13 16:59:33.346  2209  2335 E cast_shell: [0613/165933.346794:ERROR:v2_transport.cc(1026)] Invalid connection: 283ce424-6f87-4833-925f-931d0597c2ca:local-client.3453:mediacontrol-0
06-13 16:59:33.347  2209  2335 I cast_shell: [0613/165933.347094:INFO:metrics_recorder.cc(193)] Cast v2 action(socket_id=local-client.3453): CastV2.Connection.Close.Out
06-13 16:59:33.347  2209  2335 I cast_shell: [0613/165933.347366:INFO:v2_transport.cc(456)] Removed Cast V2 endpoint: id=283ce424-6f87-4833-925f-931d0597c2ca
06-13 16:59:33.347  2209  2335 I cast_shell: [0613/165933.347575:INFO:v2_transport.cc(1233)] Heartbeat for V2TransportImpl stopping
06-13 16:59:33.348  2209  2209 W WargReceiverApp: Received a message of unsupported namespace: urn:x-cast:com.google.cast.system
06-13 16:59:33.348  2209  2209 W WargReceiverApp: Received a message of unsupported namespace: urn:x-cast:com.google.cast.system
06-13 16:59:33.348  2209  2209 W WargReceiverApp: Received a message of unsupported namespace: urn:x-cast:com.google.cast.system
06-13 16:59:33.349  2209  2209 W WargReceiverApp: Received a message of unsupported namespace: urn:x-cast:com.google.cast.system
06-13 16:59:33.349  2209  2209 W WargReceiverApp: Received a message of unsupported namespace: urn:x-cast:com.google.cast.system
06-13 16:59:33.349  2209  2209 W WargReceiverApp: Received a message of unsupported namespace: urn:x-cast:com.google.cast.system
06-13 16:59:33.349  2209  2209 W BasicMediaStatusFactory: Generating null status because MediaSession is not set
06-13 16:59:33.350  1309  1309 I MediaPlayerList: sendMediaUpdate: Creating a one item queue for a player with no queue
06-13 16:59:33.350  1309  1309 I bluetooth: system/btif/avrcp/avrcp_service.cc:536 SendMediaUpdate: track_changed=false :  play_state=false :  queue=false
06-13 16:59:33.350  1309  1309 I PlayerSettingsManager: getPlayerRepeatMode: no active player
06-13 16:59:33.350  1309  1309 I PlayerSettingsManager: getPlayerShuffleMode: no active player
06-13 16:59:33.350  1309  1309 I PlayerSettingsManager: updateRemoteDevice: STATE_REPEAT_OFF, STATE_SHUFFLE_OFF
06-13 16:59:33.350  1309  1309 I bluetooth: system/btif/avrcp/avrcp_service.cc:582 SendPlayerSettingsChanged: {attribute=PlayerAttribute::REPEAT : value=PlayerRepeatValue::OFF}, {attribute=PlayerAttribute::SHUFFLE : value=PlayerShuffleValue::OFF}
06-13 16:59:33.351  1309  1309 I PlayerSettingsManager: getPlayerRepeatMode: no active player
06-13 16:59:33.351  1309  1309 I PlayerSettingsManager: getPlayerShuffleMode: no active player
06-13 16:59:33.351  1309  1309 I PlayerSettingsManager: updateRemoteDevice: STATE_REPEAT_OFF, STATE_SHUFFLE_OFF
06-13 16:59:33.351  1309  1309 I bluetooth: system/btif/avrcp/avrcp_service.cc:582 SendPlayerSettingsChanged: {attribute=PlayerAttribute::REPEAT : value=PlayerRepeatValue::OFF}, {attribute=PlayerAttribute::SHUFFLE : value=PlayerShuffleValue::OFF}
06-13 16:59:33.351  1309  1309 W MediaPlayerWrapper: The session was destroyed rd.sheepskin.sandboxmusic
06-13 16:59:33.352  1309  1309 W MediaControlProfile: MCS service state fields left unhandled: 
06-13 16:59:33.352  1309  1309 W MediaControlProfile:    > PLAYBACK_STATE
06-13 16:59:33.352  1309  1309 W MediaControlProfile:    > OPCODES_SUPPORTED
06-13 16:59:33.352  1309  1309 W MediaPlayerWrapper: The session was destroyed rd.sheepskin.sandboxmusic
06-13 16:59:33.353  1309  1309 I bluetooth: system/btif/avrcp/avrcp_service.cc:536 SendMediaUpdate: track_changed=false :  play_state=false :  queue=false
06-13 16:59:33.425  7666  7732 V Capacitor/Plugin: To native (Capacitor plugin): callbackId: 107832003, pluginId: NativeExoPlayback, methodName: getStatus
06-13 16:59:33.425  7666  7732 V Capacitor: callback: 107832003, pluginId: NativeExoPlayback, methodName: getStatus, methodData: {}
06-13 16:59:33.425  7666  7666 I Capacitor/Console: File:  - Line 349 - Msg: [object Object]
06-13 16:59:33.429  7666  7666 I Capacitor/Console: File:  - Line 333 - Msg: {"available":true,"wired":true,"message":"ExoPlayer gapless queue  content:// locker bridge + HTTP streams.","state":"playing","positionSecs":34.293,"durationSecs":241.65,"queueIndex":0,"queueLength":1,"gaplessEnabled":true,"currentUrl":"http://10.0.2.2:3001/api/proxy/stream?url=https%3A%2F%2Fwww.youtube.com%2Fwatch%3Fv%3DnfWlot6h_JM&sb_client=sandbox-music%2F1.0.0"}
06-13 16:59:33.431  7666  7732 V Capacitor/Plugin: To native (Capacitor plugin): callbackId: 107832004, pluginId: BackgroundMedia, methodName: stopForeground
06-13 16:59:33.431  7666  7732 V Capacitor: callback: 107832004, pluginId: BackgroundMedia, methodName: stopForeground, methodData: {}
06-13 16:59:33.433  7666  7666 I Capacitor/Console: File:  - Line 349 - Msg: [object Object]
06-13 16:59:33.440  7666  7666 W MediaSessionCompat: Couldn't find a unique registered media button receiver in the given context.
06-13 16:59:33.441   702  1929 I MediaSessionStack: addSession to bottom of stack | record: rd.sheepskin.sandboxmusic/SovereignMusicConsole/1207 (userId=0)
06-13 16:59:33.441   702  1929 D MediaSessionService: Media button session is changed to rd.sheepskin.sandboxmusic/SovereignMusicConsole/1207 (userId=0)
06-13 16:59:33.442  2209  2209 D WargMsAppMgr: A new media session detected: null
06-13 16:59:33.442  1605  1605 D NowPlayingListener: onActiveSessionsChanged() called with: controllers = [[]], lastActiveMediaController = null, lastUpdatedAppPackageName = null
06-13 16:59:33.442  1605  1605 D NowPlayingManager: onClientChanged() called
06-13 16:59:33.443  1309  1309 W MediaPlayerList: onMediaKeyEventSessionChanged(Token): Addressed Player changed to a player we didn't have a session for
06-13 16:59:33.444  1309  1309 I MediaPlayerList: Adding wrapped media player: rd.sheepskin.sandboxmusic at key: 1
06-13 16:59:33.444  1309  1309 I MediaPlayerList: onMediaKeyEventSessionChanged: token=rd.sheepskin.sandboxmusic
06-13 16:59:33.444  1605  1605 D NowPlayingManager: A notification for Now Playing Card has been canceled
06-13 16:59:33.447   702  1976 D MediaSessionService: onSessionActiveStateChanged: record=rd.sheepskin.sandboxmusic/SovereignMusicConsole/1207 (userId=0) playbackState=null
06-13 16:59:33.449  1605  1605 D NowPlayingListener: onActiveSessionsChanged() called with: controllers = [[android.media.session.MediaController@f8bf861]], lastActiveMediaController = null, lastUpdatedAppPackageName = null
06-13 16:59:33.449  2209  2209 D WargMsAppMgr: A new media session detected: rd.sheepskin.sandboxmusic
06-13 16:59:33.449  2209  2209 D WargMsAppMgr: Creating media session app info for package name: rd.sheepskin.sandboxmusic
06-13 16:59:33.450   702  1944 D MediaSessionService: onSessionActiveStateChanged: record=rd.sheepskin.sandboxmusic/SovereignMusicConsole/1207 (userId=0) playbackState=null
06-13 16:59:33.453   702  1929 I MediaSessionStack: removeSession | record: rd.sheepskin.sandboxmusic/SovereignMusicConsole/1207 (userId=0)
06-13 16:59:33.453   702  1929 D MediaSessionService: Media button session is changed to null
06-13 16:59:33.453  1605  1605 D NowPlayingListener: MediaController {packageName = rd.sheepskin.sandboxmusic, state = null}
06-13 16:59:33.453   702  1929 D MediaSessionService: destroySessionLocked: record=rd.sheepskin.sandboxmusic/SovereignMusicConsole/1207 (userId=0)
06-13 16:59:33.456  1309  1309 I MediaPlayerList: sendMediaUpdate: Creating a one item queue for a player with no queue
06-13 16:59:33.456  1309  1309 I bluetooth: system/btif/avrcp/avrcp_service.cc:536 SendMediaUpdate: track_changed=false :  play_state=false :  queue=false
06-13 16:59:33.459  2209  2209 D WargServiceStub: Notifying observer for the new app
06-13 16:59:33.459  2209  2209 D WargMsAppMgr: A new media session detected: null
06-13 16:59:33.463  2209  2209 D WargMsAppMgr: A new media session detected: null
06-13 16:59:33.463  2209  2209 D WargMsAppMgr: A new media session detected: null
06-13 16:59:33.463  2209  2209 D cast_CastToNative: [NativeApplicationObserver.java:359] launchPendingApp(name=Sandbox Music, sessionId=7eff1888-90e5-4378-95c0-76eae4e9d545)
06-13 16:59:33.463  2209  2209 D cast_CastToNative: [NativeApplicationObserver.java:364] App launched by Warg has a higher priority. Try to override the old app.
06-13 16:59:33.463  2209  2209 I cast_shell: [0613/165933.463732:INFO:application_manager_impl.cc(697)] Starting app: app_id=AndroidNativeApp, session_id=7eff1888-90e5-4378-95c0-76eae4e9d545, launch_from=FROM_LOCAL, virtual_device_id=[REDACTED], session_owner=, group_session_id=, headless=1, silent_launch_enabled=0, action_script_id=, supported_app_types={ANDROID_TV,}, take_resources=1
06-13 16:59:33.463  2209  2209 E cast_shell: [0613/165933.463921:ERROR:legacy_app_id_mapper_impl.cc(58)] Unknown app_id AndroidNativeApp
06-13 16:59:33.464  2209  2209 I cast_shell: [0613/165933.464076:INFO:app_launch_authorizer_android.cc(170)] Allowing Android native app FROM_LOCAL
06-13 16:59:33.464  2209  2209 E cast_shell: [0613/165933.464209:ERROR:legacy_app_id_mapper_impl.cc(58)] Unknown app_id AndroidNativeApp
06-13 16:59:33.464  2209  2209 I cast_shell: [0613/165933.464269:INFO:application_manager_impl.cc(1612)] Creating factory with display id
06-13 16:59:33.464  7666  7666 I Capacitor/Console: File:  - Line 333 - Msg: undefined
06-13 16:59:33.464  1309  1309 W MediaPlayerList: onMediaKeyEventSessionChanged(Token): Addressed Player changed to a player we didn't have a session for
06-13 16:59:33.465  1605  1605 D NowPlayingManager: onClientChanged() called
06-13 16:59:33.466  2209  2209 I cast_shell: [0613/165933.466567:INFO:resource_manager_impl.cc(117)] Resources requested for app AndroidNativeApp (Sandbox Music), session_id=7eff1888-90e5-4378-95c0-76eae4e9d545, mandatory=1, optional=0, tokens=[], external=0, only_if_available=0
06-13 16:59:33.466  2209  2209 I cast_shell: [0613/165933.466859:INFO:application_manager_impl.cc(2006)] Resources granted to app: app=AndroidNativeApp (Sandbox Music), session_id=7eff1888-90e5-4378-95c0-76eae4e9d545, resources=1, token_resources=[]
06-13 16:59:33.466  1309  1309 I MediaPlayerList: Adding wrapped media player: rd.sheepskin.sandboxmusic at key: 1
06-13 16:59:33.467  1309  1309 I MediaPlayerList: onMediaKeyEventSessionChanged: token=rd.sheepskin.sandboxmusic
06-13 16:59:33.467  2209  2209 E cast_shell: [0613/165933.467036:ERROR:legacy_app_id_mapper_impl.cc(58)] Unknown app_id AndroidNativeApp
06-13 16:59:33.467  2209  2335 I cast_shell: [0613/165933.466640:INFO:v2_transport.cc(439)] Added Cast V2 endpoint: id=7eff1888-90e5-4378-95c0-76eae4e9d545, socket_factory_id=[REDACTED]
06-13 16:59:33.467  2209  2209 W cast_shell: [0613/165933.467416:WARNING:media_control_handler.cc(59)] Unknown player state: 
06-13 16:59:33.467  1605  1605 D NowPlayingManager: A notification for Now Playing Card has been canceled
06-13 16:59:33.467  2209  2209 W cast_shell: [0613/165933.467532:WARNING:media_control_handler.cc(59)] Unknown player state: 
06-13 16:59:33.467  2209  2209 I cast_shell: [0613/165933.467577:INFO:remote_control_application_manager.cc(463)] Local media app AndroidNativeApp (Sandbox Music), session_id=7eff1888-90e5-4378-95c0-76eae4e9d545 does not require a remote control app
06-13 16:59:33.467  2209  2209 I cast_shell: [0613/165933.467623:INFO:api_reboot_idle_checker.cc(104)] active_activities count=1
06-13 16:59:33.467  2209  2209 I cast_shell: [0613/165933.467661:INFO:cast_session_manager_impl.cc(853)] Sending 0 media sessions. (from:OnCurrentAppChanged@chromecast/internal/receiver/cast_session/cast_session_manager_impl.cc:785)
06-13 16:59:33.467  2209  2209 W cast_shell: [0613/165933.467777:WARNING:media_control_handler.cc(59)] Unknown player state: 
06-13 16:59:33.468  2209  2209 I cast_shell: [0613/165933.468003:INFO:application_manager_impl.cc(1754)] App starting: AndroidNativeApp (Sandbox Music), session_id=7eff1888-90e5-4378-95c0-76eae4e9d545
06-13 16:59:33.468  2209  2209 I cast_shell: [0613/165933.468514:INFO:application_identification_settings.cc(368)] new ApplicationIdentificationSettings session_id: 7eff1888-90e5-4378-95c0-76eae4e9d545 app_id: AndroidNativeApp universal_app_id: AndroidNativeApp flags: 0 headers: 0
06-13 16:59:33.468  2209  2209 I cast_shell: [0613/165933.468747:INFO:application_manager_impl.cc(1768)] App pending: AndroidNativeApp (Sandbox Music), session_id=7eff1888-90e5-4378-95c0-76eae4e9d545
06-13 16:59:33.468  2209  2209 I cast_shell: [0613/165933.468948:INFO:application_manager_impl.cc(1773)] App started: AndroidNativeApp (Sandbox Music), session_id=7eff1888-90e5-4378-95c0-76eae4e9d545
06-13 16:59:33.469  2209  2259 I cast_shell: [0613/165933.469495:INFO:external_mojo_broker.cc(270)] Request for cast_android_native:chromecast.receiver.mojom.ApplicationFactory
06-13 16:59:33.469  2209  2259 I cast_shell: [0613/165933.469596:INFO:external_mojo_broker.cc(275)] Found externally-registered cast_android_native
06-13 16:59:33.469  1605  1605 D NowPlayingListener: onActiveSessionsChanged() called with: controllers = [[]], lastActiveMediaController = null, lastUpdatedAppPackageName = null
06-13 16:59:33.470  2209  2334 I cast_shell: [0613/165933.469662:INFO:mdns_cast_service.cc(857)] Device discovery state is non-idle
06-13 16:59:33.470  2209  2334 I cast_shell: [0613/165933.470812:INFO:mdns_app_filter.cc(1993)] Preparing mDNS message for offload.
06-13 16:59:33.471  2209  2334 D cast_MdnsOffloadClientImpl: [MdnsOffloadClientImpl.java:105] Publish mDNS packet binary length=393
06-13 16:59:33.471  2209  2334 E cast_MdnsOffloadClientImpl: Not connected, skipping offload
06-13 16:59:33.471  1605  1605 D NowPlayingManager: onClientChanged() called
06-13 16:59:33.472  1605  1605 D NowPlayingManager: A notification for Now Playing Card has been canceled
06-13 16:59:33.472  1605  1605 D NowPlayingListener: onActiveSessionsChanged() called with: controllers = [[]], lastActiveMediaController = null, lastUpdatedAppPackageName = null
06-13 16:59:33.472  1605  1605 D NowPlayingManager: onClientChanged() called
06-13 16:59:33.472  1309  1309 I MediaPlayerList: sendMediaUpdate: Creating a one item queue for a player with no queue
06-13 16:59:33.472  1309  1309 W MediaControlGattService: Feature PLAYER_NAME(BIT 1) support: true
06-13 16:59:33.472  1309  1309 W MediaControlGattService: Feature PLAYER_NAME(BIT 1) support: true
06-13 16:59:33.472  1309  1309 W MediaControlGattService: Feature MEDIA_STATE(BIT 17) support: true
06-13 16:59:33.472  1309  1309 W MediaControlProfile: MCS service state fields left unhandled: 
06-13 16:59:33.472  1309  1309 W MediaControlProfile:    > PLAYBACK_STATE
06-13 16:59:33.472  1309  1309 W MediaControlProfile:    > OPCODES_SUPPORTED
06-13 16:59:33.474  1605  1605 D NowPlayingManager: A notification for Now Playing Card has been canceled
06-13 16:59:33.474  1605  1605 D NowPlayingListener: onActiveSessionsChanged() called with: controllers = [[]], lastActiveMediaController = null, lastUpdatedAppPackageName = null
06-13 16:59:33.474  1605  1605 D NowPlayingManager: onClientChanged() called
06-13 16:59:33.474  2209  2209 E ActivityThread: Failed to find provider info for com.google.android.apps.tv.launcherx.coreservices.account.AccountModeContentProvider
06-13 16:59:33.474  1309  1309 I PlayerSettingsManager: getPlayerRepeatMode: no active player
06-13 16:59:33.474  1309  1309 I PlayerSettingsManager: getPlayerShuffleMode: no active player
06-13 16:59:33.474  1309  1309 I PlayerSettingsManager: updateRemoteDevice: STATE_REPEAT_OFF, STATE_SHUFFLE_OFF
06-13 16:59:33.474  1309  1309 I bluetooth: system/btif/avrcp/avrcp_service.cc:582 SendPlayerSettingsChanged: {attribute=PlayerAttribute::REPEAT : value=PlayerRepeatValue::OFF}, {attribute=PlayerAttribute::SHUFFLE : value=PlayerShuffleValue::OFF}
06-13 16:59:33.475  1605  1605 D NowPlayingManager: A notification for Now Playing Card has been canceled
06-13 16:59:33.475  2209  2209 E ActivityThread: Failed to find provider info for com.google.android.apps.tv.launcherx.coreservices.account.AccountModeContentProvider
06-13 16:59:33.476  2209  2209 D cast_CastToNative: [NativeApplication.java:420] new NativeApp is available.
06-13 16:59:33.477  2209  2209 I cast_shell: [0613/165933.477048:INFO:application_message_handler.cc(723)] Cast V2 IPC connected: app_id=AndroidNativeApp
06-13 16:59:33.477  2209  2209 I cast_shell: [0613/165933.477257:INFO:application_message_handler.cc(943)] Received READY message from app
06-13 16:59:33.477  2209  2209 E cast_shell: [0613/165933.477454:ERROR:legacy_app_id_mapper_impl.cc(58)] Unknown app_id AndroidNativeApp
06-13 16:59:33.477  2209  2209 E cast_shell: [0613/165933.477640:ERROR:legacy_app_id_mapper_impl.cc(58)] Unknown app_id AndroidNativeApp
06-13 16:59:33.478  2209  2209 E cast_shell: [0613/165933.478190:ERROR:legacy_app_id_mapper_impl.cc(58)] Unknown app_id AndroidNativeApp
06-13 16:59:33.478  2209  2209 E cast_shell: [0613/165933.478323:ERROR:legacy_app_id_mapper_impl.cc(58)] Unknown app_id AndroidNativeApp
06-13 16:59:33.478  2209  2209 E cast_shell: [0613/165933.478412:ERROR:legacy_app_id_mapper_impl.cc(58)] Unknown app_id AndroidNativeApp
06-13 16:59:33.478  2209  2209 E cast_shell: [0613/165933.478573:ERROR:legacy_app_id_mapper_impl.cc(58)] Unknown app_id AndroidNativeApp
06-13 16:59:33.478  2209  2209 I cast_shell: [0613/165933.478653:INFO:application_message_handler.cc(1775)] Application doesn't support playback device status
06-13 16:59:33.479  2209  2209 I cast_shell: [0613/165933.479199:INFO:application_manager_impl.cc(2109)] Focusing foreground application: session=7eff1888-90e5-4378-95c0-76eae4e9d545
06-13 16:59:33.479  2209  2209 I cast_shell: [0613/165933.479321:INFO:media_trait_handler_impl.cc(955)] Sent untracked GET_STATUS to app: session_id=7eff1888-90e5-4378-95c0-76eae4e9d545, request_id=2124326556
06-13 16:59:33.479  2209  2209 I cast_shell: [0613/165933.479535:INFO:application_manager_impl.cc(1778)] App running: AndroidNativeApp (Sandbox Music), session_id=7eff1888-90e5-4378-95c0-76eae4e9d545
06-13 16:59:33.479  2209  2209 E cast_shell: [0613/165933.479807:ERROR:legacy_app_id_mapper_impl.cc(58)] Unknown app_id AndroidNativeApp
06-13 16:59:33.480  2209  2209 E cast_shell: [0613/165933.480007:ERROR:legacy_app_id_mapper_impl.cc(58)] Unknown app_id AndroidNativeApp
06-13 16:59:33.480  2209  2335 I cast_shell: [0613/165933.480033:INFO:metrics_recorder.cc(193)] Cast v2 action(socket_id=local-client.3454): CastV2.Connection.Connect.In
06-13 16:59:33.480  2209  2335 I cast_shell: [0613/165933.480615:INFO:metrics_recorder.cc(193)] Cast v2 action(socket_id=local-client.3455): CastV2.Connection.Connect.In
06-13 16:59:33.482  2209  2335 I cast_shell: [0613/165933.481209:INFO:metrics_recorder.cc(193)] Cast v2 action(socket_id=local-client.3456): CastV2.Connection.Connect.In
06-13 16:59:33.483  2209  2209 E cast_shell: [0613/165933.482363:ERROR:legacy_app_id_mapper_impl.cc(58)] Unknown app_id AndroidNativeApp
06-13 16:59:33.484  2209  2209 I cast_shell: [0613/165933.484744:INFO:metrics_recorder.cc(193)] cast event: CastV2.Ipc.Sender.Connected
06-13 16:59:33.484  2209  2209 I cast_shell: [0613/165933.484874:INFO:application_message_handler.cc(554)] Invisible connection connected: conn=7eff1888-90e5-4378-95c0-76eae4e9d545:local-client.3454:mediacontrol-0, app=7eff1888-90e5-4378-95c0-76eae4e9d545
06-13 16:59:33.485  1309  1309 I MediaPlayerList: sendMediaUpdate: Creating a one item queue for a player with no queue
06-13 16:59:33.485  1309  1309 W MediaControlGattService: Feature PLAYER_NAME(BIT 1) support: true
06-13 16:59:33.485  1309  1309 W MediaControlGattService: Feature PLAYER_NAME(BIT 1) support: true
06-13 16:59:33.485  1309  1309 W MediaControlGattService: Feature MEDIA_STATE(BIT 17) support: true
06-13 16:59:33.485  1309  1309 W MediaControlProfile: MCS service state fields left unhandled: 
06-13 16:59:33.485  1309  1309 W MediaControlProfile:    > PLAYBACK_STATE
06-13 16:59:33.485  1309  1309 W MediaControlProfile:    > OPCODES_SUPPORTED
06-13 16:59:33.486  2209  2209 E cast_shell: [0613/165933.486191:ERROR:legacy_app_id_mapper_impl.cc(58)] Unknown app_id AndroidNativeApp
06-13 16:59:33.486  2209  2209 I cast_shell: [0613/165933.486333:INFO:metrics_recorder.cc(193)] cast event: CastV2.Ipc.Sender.Connected
06-13 16:59:33.486  2209  2209 I cast_shell: [0613/165933.486364:INFO:application_message_handler.cc(554)] Invisible connection connected: conn=7eff1888-90e5-4378-95c0-76eae4e9d545:local-client.3455:mediacontrol-0, app=7eff1888-90e5-4378-95c0-76eae4e9d545
06-13 16:59:33.486  2209  2209 E cast_shell: [0613/165933.486574:ERROR:legacy_app_id_mapper_impl.cc(58)] Unknown app_id AndroidNativeApp
06-13 16:59:33.486  2209  2209 I cast_shell: [0613/165933.486676:INFO:metrics_recorder.cc(193)] cast event: CastV2.Ipc.Sender.Connected
06-13 16:59:33.486  2209  2209 I cast_shell: [0613/165933.486718:INFO:application_message_handler.cc(554)] Invisible connection connected: conn=7eff1888-90e5-4378-95c0-76eae4e9d545:local-client.3456:mediacontrol-0, app=7eff1888-90e5-4378-95c0-76eae4e9d545
06-13 16:59:33.487  2209  2209 I cast_shell: [0613/165933.487248:INFO:application_manager_impl.cc(1790)] App stopping: AndroidNativeApp (Sandbox Music), session_id=7eff1888-90e5-4378-95c0-76eae4e9d545
06-13 16:59:33.487  2209  2209 I cast_shell: [0613/165933.487477:INFO:application_manager_impl.cc(1795)] App stopped: AndroidNativeApp (Sandbox Music), session_id=7eff1888-90e5-4378-95c0-76eae4e9d545
06-13 16:59:33.487  2209  2209 I cast_shell: [0613/165933.487545:INFO:resource_manager_impl.cc(244)] All resources released for app AndroidNativeApp (Sandbox Music), session_id=7eff1888-90e5-4378-95c0-76eae4e9d545
06-13 16:59:33.487  2209  2209 E cast_shell: [0613/165933.487602:ERROR:legacy_app_id_mapper_impl.cc(58)] Unknown app_id AndroidNativeApp
06-13 16:59:33.487  2209  2209 D cast_ChromecastServiceClientAndroid: [ChromecastServiceClientAndroid.java:91] Cast idle.
06-13 16:59:33.488  2209  2209 I cast_shell: [0613/165933.488042:INFO:api_reboot_idle_checker.cc(104)] active_activities count=0
06-13 16:59:33.488  2209  2209 I cast_shell: [0613/165933.488232:INFO:cast_session_manager_impl.cc(853)] Sending 0 media sessions. (from:OnCurrentAppChanged@chromecast/internal/receiver/cast_session/cast_session_manager_impl.cc:785)
06-13 16:59:33.490  2209  2209 I cast_shell: [0613/165933.490020:INFO:application_message_handler.cc(906)] Cast V2 IPC closed: app_id=AndroidNativeApp
06-13 16:59:33.490  2209  2335 E cast_shell: [0613/165933.490630:ERROR:v2_transport.cc(1026)] Invalid connection: 7eff1888-90e5-4378-95c0-76eae4e9d545:local-client.3456:mediacontrol-0
06-13 16:59:33.490  2209  2335 I cast_shell: [0613/165933.490840:INFO:metrics_recorder.cc(193)] Cast v2 action(socket_id=local-client.3456): CastV2.Connection.Close.Out
06-13 16:59:33.490  2209  2209 D cast_CastToNative: [NativeApplication.java:394] onDestroyed
06-13 16:59:33.491  2209  2334 I cast_shell: [0613/165933.491176:INFO:mdns_cast_service.cc(857)] Device discovery state is idle
06-13 16:59:33.491  2209  2335 I cast_shell: [0613/165933.490970:INFO:v2_transport.cc(456)] Removed Cast V2 endpoint: id=7eff1888-90e5-4378-95c0-76eae4e9d545
06-13 16:59:33.491  2209  2209 W WargReceiverApp: Received a message of unsupported namespace: urn:x-cast:com.google.cast.system
06-13 16:59:33.491  2209  2335 I cast_shell: [0613/165933.491451:INFO:v2_transport.cc(1233)] Heartbeat for V2TransportImpl stopping
06-13 16:59:33.491  2209  2209 W WargReceiverApp: Received a message of unsupported namespace: urn:x-cast:com.google.cast.system
06-13 16:59:33.492  2209  2334 I cast_shell: [0613/165933.491869:INFO:mdns_app_filter.cc(1993)] Preparing mDNS message for offload.
06-13 16:59:33.492  2209  2209 W WargReceiverApp: Received a message of unsupported namespace: urn:x-cast:com.google.cast.system
06-13 16:59:33.492  2209  2334 D cast_MdnsOffloadClientImpl: [MdnsOffloadClientImpl.java:105] Publish mDNS packet binary length=380
06-13 16:59:33.492  2209  2334 E cast_MdnsOffloadClientImpl: Not connected, skipping offload
06-13 16:59:33.492  2209  2209 W WargReceiverApp: Received a message of unsupported namespace: urn:x-cast:com.google.cast.system
06-13 16:59:33.492  2209  2209 W WargReceiverApp: Received a message of unsupported namespace: urn:x-cast:com.google.cast.system
06-13 16:59:33.492  2209  2209 W WargReceiverApp: Received a message of unsupported namespace: urn:x-cast:com.google.cast.system
06-13 16:59:33.493  2209  2209 W BasicMediaStatusFactory: Generating null status because MediaSession is not set
06-13 16:59:33.497  1309  1309 I MediaPlayerList: sendMediaUpdate: Creating a one item queue for a player with no queue
06-13 16:59:33.497  1309  1309 I bluetooth: system/btif/avrcp/avrcp_service.cc:536 SendMediaUpdate: track_changed=false :  play_state=false :  queue=false
06-13 16:59:33.497  1309  1309 I PlayerSettingsManager: getPlayerRepeatMode: no active player
06-13 16:59:33.497  1309  1309 I PlayerSettingsManager: getPlayerShuffleMode: no active player
06-13 16:59:33.497  1309  1309 I PlayerSettingsManager: updateRemoteDevice: STATE_REPEAT_OFF, STATE_SHUFFLE_OFF
06-13 16:59:33.497  1309  1309 I bluetooth: system/btif/avrcp/avrcp_service.cc:582 SendPlayerSettingsChanged: {attribute=PlayerAttribute::REPEAT : value=PlayerRepeatValue::OFF}, {attribute=PlayerAttribute::SHUFFLE : value=PlayerShuffleValue::OFF}
06-13 16:59:33.498  1309  1309 I PlayerSettingsManager: getPlayerRepeatMode: no active player
06-13 16:59:33.498  1309  1309 I PlayerSettingsManager: getPlayerShuffleMode: no active player
06-13 16:59:33.498  1309  1309 I PlayerSettingsManager: updateRemoteDevice: STATE_REPEAT_OFF, STATE_SHUFFLE_OFF
06-13 16:59:33.498  1309  1309 I bluetooth: system/btif/avrcp/avrcp_service.cc:582 SendPlayerSettingsChanged: {attribute=PlayerAttribute::REPEAT : value=PlayerRepeatValue::OFF}, {attribute=PlayerAttribute::SHUFFLE : value=PlayerShuffleValue::OFF}
06-13 16:59:33.498  1309  1309 I PlayerSettingsManager: getPlayerRepeatMode: no active player
06-13 16:59:33.499  1309  1309 I PlayerSettingsManager: getPlayerShuffleMode: no active player
06-13 16:59:33.499  1309  1309 I PlayerSettingsManager: updateRemoteDevice: STATE_REPEAT_OFF, STATE_SHUFFLE_OFF
06-13 16:59:33.499  1309  1309 I bluetooth: system/btif/avrcp/avrcp_service.cc:582 SendPlayerSettingsChanged: {attribute=PlayerAttribute::REPEAT : value=PlayerRepeatValue::OFF}, {attribute=PlayerAttribute::SHUFFLE : value=PlayerShuffleValue::OFF}
06-13 16:59:33.499  1309  1309 W MediaPlayerWrapper: The session was destroyed rd.sheepskin.sandboxmusic
06-13 16:59:33.500  1309  1309 W MediaControlProfile: MCS service state fields left unhandled: 
06-13 16:59:33.500  1309  1309 W MediaControlProfile:    > PLAYBACK_STATE
06-13 16:59:33.500  1309  1309 W MediaControlProfile:    > OPCODES_SUPPORTED
06-13 16:59:33.500  1309  1309 W MediaPlayerWrapper: The session was destroyed rd.sheepskin.sandboxmusic
06-13 16:59:33.502  1309  1309 I bluetooth: system/btif/avrcp/avrcp_service.cc:536 SendMediaUpdate: track_changed=false :  play_state=false :  queue=false
06-13 16:59:33.514  7666  7666 I Capacitor/Console: File: https://localhost/assets/index-9BVq3a6w.js - Line 516 - Msg: [SandboxE2E] AREA=server-health RESULT=PASS health=true
06-13 16:59:33.660  7571  7573 I AidlLazyServiceRegistrar: Process has 0 (of 1 available) client(s) in use after notification artd has clients: 0
06-13 16:59:33.660  7571  7573 I AidlLazyServiceRegistrar: Trying to shut down the service. No clients in use for any service in process.
06-13 16:59:33.688  7666  7732 V Capacitor/Plugin: To native (Capacitor plugin): callbackId: 107832005, pluginId: NativeExoPlayback, methodName: getStatus
06-13 16:59:33.689  7666  7732 V Capacitor: callback: 107832005, pluginId: NativeExoPlayback, methodName: getStatus, methodData: {}
06-13 16:59:33.689  7666  7666 I Capacitor/Console: File:  - Line 349 - Msg: [object Object]
06-13 16:59:33.693  7571  7573 I AidlLazyServiceRegistrar: Unregistered all clients and exiting
06-13 16:59:33.717   535   634 D AudioFlinger: mixer(0x7c926ece0770) throttle end: throttle time(11)
06-13 16:59:33.761  7666  7666 I Capacitor/Console: File:  - Line 333 - Msg: {"available":true,"wired":true,"message":"ExoPlayer gapless queue  content:// locker bridge + HTTP streams.","state":"playing","positionSecs":34.551,"durationSecs":241.65,"queueIndex":0,"queueLength":1,"gaplessEnabled":true,"currentUrl":"http://10.0.2.2:3001/api/proxy/stream?url=https%3A%2F%2Fwww.youtube.com%2Fwatch%3Fv%3DnfWlot6h_JM&sb_client=sandbox-music%2F1.0.0"}
06-13 16:59:33.768  7666  7732 V Capacitor/Plugin: To native (Capacitor plugin): callbackId: 107832006, pluginId: BackgroundMedia, methodName: stopForeground
06-13 16:59:33.768  7666  7732 V Capacitor: callback: 107832006, pluginId: BackgroundMedia, methodName: stopForeground, methodData: {}
06-13 16:59:33.771  7666  7666 I Capacitor/Console: File:  - Line 349 - Msg: [object Object]
06-13 16:59:33.787  7666  7666 W MediaSessionCompat: Couldn't find a unique registered media button receiver in the given context.
06-13 16:59:33.787   702  2258 I MediaSessionStack: addSession to bottom of stack | record: rd.sheepskin.sandboxmusic/SovereignMusicConsole/1208 (userId=0)
06-13 16:59:33.788   702  2258 D MediaSessionService: Media button session is changed to rd.sheepskin.sandboxmusic/SovereignMusicConsole/1208 (userId=0)
06-13 16:59:33.797   702  2258 D MediaSessionService: onSessionActiveStateChanged: record=rd.sheepskin.sandboxmusic/SovereignMusicConsole/1208 (userId=0) playbackState=null
06-13 16:59:33.812   702  2985 D MediaSessionService: onSessionActiveStateChanged: record=rd.sheepskin.sandboxmusic/SovereignMusicConsole/1208 (userId=0) playbackState=null
06-13 16:59:33.813  2209  2209 D WargMsAppMgr: A new media session detected: null
06-13 16:59:33.814  1309  1309 W MediaPlayerList: onMediaKeyEventSessionChanged(Token): Addressed Player changed to a player we didn't have a session for
06-13 16:59:33.815  1309  1309 I MediaPlayerList: Adding wrapped media player: rd.sheepskin.sandboxmusic at key: 1
06-13 16:59:33.815  1309  1309 I MediaPlayerList: onMediaKeyEventSessionChanged: token=rd.sheepskin.sandboxmusic
06-13 16:59:33.826  2209  2209 D WargMsAppMgr: A new media session detected: rd.sheepskin.sandboxmusic
06-13 16:59:33.827  2209  2209 D WargMsAppMgr: Creating media session app info for package name: rd.sheepskin.sandboxmusic
06-13 16:59:33.829   702  2985 I MediaSessionStack: removeSession | record: rd.sheepskin.sandboxmusic/SovereignMusicConsole/1208 (userId=0)
06-13 16:59:33.829   702  2985 D MediaSessionService: Media button session is changed to null
06-13 16:59:33.830   702  2985 D MediaSessionService: destroySessionLocked: record=rd.sheepskin.sandboxmusic/SovereignMusicConsole/1208 (userId=0)
06-13 16:59:33.848  1605  1605 D NowPlayingListener: onActiveSessionsChanged() called with: controllers = [[]], lastActiveMediaController = null, lastUpdatedAppPackageName = null
06-13 16:59:33.848  1605  1605 D NowPlayingManager: onClientChanged() called
06-13 16:59:33.848  1605  1605 D NowPlayingManager: A notification for Now Playing Card has been canceled
06-13 16:59:33.848  1605  1605 D NowPlayingListener: onActiveSessionsChanged() called with: controllers = [[android.media.session.MediaController@6bf0074]], lastActiveMediaController = null, lastUpdatedAppPackageName = null
06-13 16:59:33.849  1605  1605 D NowPlayingListener: MediaController {packageName = rd.sheepskin.sandboxmusic, state = null}
06-13 16:59:33.849  1605  1605 D NowPlayingManager: onClientChanged() called
06-13 16:59:33.849  1605  1605 D NowPlayingManager: A notification for Now Playing Card has been canceled
06-13 16:59:33.851  1605  1605 D NowPlayingListener: onActiveSessionsChanged() called with: controllers = [[]], lastActiveMediaController = null, lastUpdatedAppPackageName = null
06-13 16:59:33.852  1605  1605 D NowPlayingManager: onClientChanged() called
06-13 16:59:33.852  1605  1605 D NowPlayingManager: A notification for Now Playing Card has been canceled
06-13 16:59:33.855  2209  2209 D WargServiceStub: Notifying observer for the new app
06-13 16:59:33.867  2209  2209 D WargMsAppMgr: A new media session detected: null
06-13 16:59:33.868  1605  1605 D NowPlayingListener: onActiveSessionsChanged() called with: controllers = [[]], lastActiveMediaController = null, lastUpdatedAppPackageName = null
06-13 16:59:33.868  1605  1605 D NowPlayingManager: onClientChanged() called
06-13 16:59:33.891  7666  7666 I Capacitor/Console: File:  - Line 333 - Msg: undefined
06-13 16:59:33.900  2209  2209 D cast_CastToNative: [NativeApplicationObserver.java:359] launchPendingApp(name=Sandbox Music, sessionId=7a60bc97-57bf-4a4f-8e77-a6652d66a62a)
06-13 16:59:33.901  2209  2209 D cast_CastToNative: [NativeApplicationObserver.java:364] App launched by Warg has a higher priority. Try to override the old app.
06-13 16:59:33.915  2209  2209 I cast_shell: [0613/165933.915015:INFO:application_manager_impl.cc(697)] Starting app: app_id=AndroidNativeApp, session_id=7a60bc97-57bf-4a4f-8e77-a6652d66a62a, launch_from=FROM_LOCAL, virtual_device_id=[REDACTED], session_owner=, group_session_id=, headless=1, silent_launch_enabled=0, action_script_id=, supported_app_types={ANDROID_TV,}, take_resources=1
06-13 16:59:33.915  2209  2209 E cast_shell: [0613/165933.915306:ERROR:legacy_app_id_mapper_impl.cc(58)] Unknown app_id AndroidNativeApp
06-13 16:59:33.915  2209  2209 I cast_shell: [0613/165933.915418:INFO:app_launch_authorizer_android.cc(170)] Allowing Android native app FROM_LOCAL
06-13 16:59:33.915  2209  2209 E cast_shell: [0613/165933.915559:ERROR:legacy_app_id_mapper_impl.cc(58)] Unknown app_id AndroidNativeApp
06-13 16:59:33.917  1605  1605 D NowPlayingManager: A notification for Now Playing Card has been canceled
06-13 16:59:33.917  2209  2209 I cast_shell: [0613/165933.917776:INFO:application_manager_impl.cc(1612)] Creating factory with display id
06-13 16:59:33.929  2209  2209 I cast_shell: [0613/165933.929516:INFO:resource_manager_impl.cc(117)] Resources requested for app AndroidNativeApp (Sandbox Music), session_id=7a60bc97-57bf-4a4f-8e77-a6652d66a62a, mandatory=1, optional=0, tokens=[], external=0, only_if_available=0
06-13 16:59:33.929  2209  2209 I cast_shell: [0613/165933.929677:INFO:application_manager_impl.cc(2006)] Resources granted to app: app=AndroidNativeApp (Sandbox Music), session_id=7a60bc97-57bf-4a4f-8e77-a6652d66a62a, resources=1, token_resources=[]
06-13 16:59:33.929   535   634 D AudioFlinger: mixer(0x7c926ece0770) throttle end: throttle time(2)
06-13 16:59:33.929  2209  2209 E cast_shell: [0613/165933.929757:ERROR:legacy_app_id_mapper_impl.cc(58)] Unknown app_id AndroidNativeApp
06-13 16:59:33.929  2209  2209 W cast_shell: [0613/165933.929820:WARNING:media_control_handler.cc(59)] Unknown player state: 
06-13 16:59:33.929  2209  2335 I cast_shell: [0613/165933.929845:INFO:v2_transport.cc(439)] Added Cast V2 endpoint: id=7a60bc97-57bf-4a4f-8e77-a6652d66a62a, socket_factory_id=[REDACTED]
06-13 16:59:33.930  2209  2209 W cast_shell: [0613/165933.929881:WARNING:media_control_handler.cc(59)] Unknown player state: 
06-13 16:59:33.930  2209  2209 I cast_shell: [0613/165933.930182:INFO:remote_control_application_manager.cc(463)] Local media app AndroidNativeApp (Sandbox Music), session_id=7a60bc97-57bf-4a4f-8e77-a6652d66a62a does not require a remote control app
06-13 16:59:33.930  2209  2209 I cast_shell: [0613/165933.930263:INFO:api_reboot_idle_checker.cc(104)] active_activities count=1
06-13 16:59:33.930  2209  2209 I cast_shell: [0613/165933.930375:INFO:cast_session_manager_impl.cc(853)] Sending 0 media sessions. (from:OnCurrentAppChanged@chromecast/internal/receiver/cast_session/cast_session_manager_impl.cc:785)
06-13 16:59:33.930  2209  2209 W cast_shell: [0613/165933.930466:WARNING:media_control_handler.cc(59)] Unknown player state: 
06-13 16:59:33.930  2209  2209 I cast_shell: [0613/165933.930656:INFO:application_manager_impl.cc(1754)] App starting: AndroidNativeApp (Sandbox Music), session_id=7a60bc97-57bf-4a4f-8e77-a6652d66a62a
06-13 16:59:33.930  2209  2209 I cast_shell: [0613/165933.930721:INFO:application_identification_settings.cc(368)] new ApplicationIdentificationSettings session_id: 7a60bc97-57bf-4a4f-8e77-a6652d66a62a app_id: AndroidNativeApp universal_app_id: AndroidNativeApp flags: 0 headers: 0
06-13 16:59:33.930  2209  2209 I cast_shell: [0613/165933.930769:INFO:application_manager_impl.cc(1768)] App pending: AndroidNativeApp (Sandbox Music), session_id=7a60bc97-57bf-4a4f-8e77-a6652d66a62a
06-13 16:59:33.930  2209  2209 I cast_shell: [0613/165933.930894:INFO:application_manager_impl.cc(1773)] App started: AndroidNativeApp (Sandbox Music), session_id=7a60bc97-57bf-4a4f-8e77-a6652d66a62a
06-13 16:59:33.933  2209  2259 I cast_shell: [0613/165933.932996:INFO:external_mojo_broker.cc(270)] Request for cast_android_native:chromecast.receiver.mojom.ApplicationFactory
06-13 16:59:33.933  2209  2259 I cast_shell: [0613/165933.933113:INFO:external_mojo_broker.cc(275)] Found externally-registered cast_android_native
06-13 16:59:33.937  7666  7732 V Capacitor/Plugin: To native (Capacitor plugin): callbackId: 107832007, pluginId: NativeExoPlayback, methodName: getStatus
06-13 16:59:33.938  7666  7732 V Capacitor: callback: 107832007, pluginId: NativeExoPlayback, methodName: getStatus, methodData: {}
06-13 16:59:33.938  2209  2334 I cast_shell: [0613/165933.938562:INFO:mdns_cast_service.cc(857)] Device discovery state is non-idle
06-13 16:59:33.938  2209  2334 I cast_shell: [0613/165933.938765:INFO:mdns_app_filter.cc(1993)] Preparing mDNS message for offload.
06-13 16:59:33.938  2209  2334 D cast_MdnsOffloadClientImpl: [MdnsOffloadClientImpl.java:105] Publish mDNS packet binary length=393
06-13 16:59:33.938  2209  2334 E cast_MdnsOffloadClientImpl: Not connected, skipping offload
06-13 16:59:33.946  7666  7666 I Capacitor/Console: File:  - Line 349 - Msg: [object Object]
06-13 16:59:33.954  1309  1309 I MediaPlayerList: sendMediaUpdate: Creating a one item queue for a player with no queue
06-13 16:59:33.954  1309  1309 I bluetooth: system/btif/avrcp/avrcp_service.cc:536 SendMediaUpdate: track_changed=false :  play_state=false :  queue=false
06-13 16:59:33.955  1309  1309 W MediaPlayerList: onMediaKeyEventSessionChanged(Token): Addressed Player changed to a player we didn't have a session for
06-13 16:59:33.957  2209  2209 E ActivityThread: Failed to find provider info for com.google.android.apps.tv.launcherx.coreservices.account.AccountModeContentProvider
06-13 16:59:33.958  1309  1309 I MediaPlayerList: Adding wrapped media player: rd.sheepskin.sandboxmusic at key: 1
06-13 16:59:33.958  1309  1309 I MediaPlayerList: onMediaKeyEventSessionChanged: token=rd.sheepskin.sandboxmusic
06-13 16:59:33.959  1309  1309 I MediaPlayerList: sendMediaUpdate: Creating a one item queue for a player with no queue
06-13 16:59:33.959  1309  1309 W MediaControlGattService: Feature PLAYER_NAME(BIT 1) support: true
06-13 16:59:33.959  1309  1309 W MediaControlGattService: Feature PLAYER_NAME(BIT 1) support: true
06-13 16:59:33.959  1309  1309 W MediaControlGattService: Feature MEDIA_STATE(BIT 17) support: true
06-13 16:59:33.959  1309  1309 W MediaControlProfile: MCS service state fields left unhandled: 
06-13 16:59:33.959  1309  1309 W MediaControlProfile:    > PLAYBACK_STATE
06-13 16:59:33.959  1309  1309 W MediaControlProfile:    > OPCODES_SUPPORTED
06-13 16:59:33.960  1309  1309 I PlayerSettingsManager: getPlayerRepeatMode: no active player
06-13 16:59:33.960  1309  1309 I PlayerSettingsManager: getPlayerShuffleMode: no active player
06-13 16:59:33.960  1309  1309 I PlayerSettingsManager: updateRemoteDevice: STATE_REPEAT_OFF, STATE_SHUFFLE_OFF
