06-13 16:59:34.455  2209  2209 I cast_shell: [0613/165934.455757:INFO:application_manager_impl.cc(697)] Starting app: app_id=AndroidNativeApp, session_id=a480a656-ebed-4f7f-b9e8-8044a4e4b30a, launch_from=FROM_LOCAL, virtual_device_id=[REDACTED], session_owner=, group_session_id=, headless=1, silent_launch_enabled=0, action_script_id=, supported_app_types={ANDROID_TV,}, take_resources=1
06-13 16:59:34.455  1605  1605 D NowPlayingManager: A notification for Now Playing Card has been canceled
06-13 16:59:34.456  1605  1605 D NowPlayingListener: onActiveSessionsChanged() called with: controllers = [[]], lastActiveMediaController = null, lastUpdatedAppPackageName = null
06-13 16:59:34.456  1605  1605 D NowPlayingManager: onClientChanged() called
06-13 16:59:34.456  2209  2209 E cast_shell: [0613/165934.456510:ERROR:legacy_app_id_mapper_impl.cc(58)] Unknown app_id AndroidNativeApp
06-13 16:59:34.456  2209  2209 I cast_shell: [0613/165934.456620:INFO:app_launch_authorizer_android.cc(170)] Allowing Android native app FROM_LOCAL
06-13 16:59:34.456  2209  2209 E cast_shell: [0613/165934.456712:ERROR:legacy_app_id_mapper_impl.cc(58)] Unknown app_id AndroidNativeApp
06-13 16:59:34.456  2209  2209 I cast_shell: [0613/165934.456797:INFO:application_manager_impl.cc(1612)] Creating factory with display id
06-13 16:59:34.456  1605  1605 D NowPlayingManager: A notification for Now Playing Card has been canceled
06-13 16:59:34.457  2209  2209 I cast_shell: [0613/165934.457050:INFO:resource_manager_impl.cc(117)] Resources requested for app AndroidNativeApp (Sandbox Music), session_id=a480a656-ebed-4f7f-b9e8-8044a4e4b30a, mandatory=1, optional=0, tokens=[], external=0, only_if_available=0
06-13 16:59:34.457  2209  2209 I cast_shell: [0613/165934.457136:INFO:application_manager_impl.cc(2006)] Resources granted to app: app=AndroidNativeApp (Sandbox Music), session_id=a480a656-ebed-4f7f-b9e8-8044a4e4b30a, resources=1, token_resources=[]
06-13 16:59:34.457  2209  2335 I cast_shell: [0613/165934.457166:INFO:v2_transport.cc(439)] Added Cast V2 endpoint: id=a480a656-ebed-4f7f-b9e8-8044a4e4b30a, socket_factory_id=[REDACTED]
06-13 16:59:34.457  2209  2209 E cast_shell: [0613/165934.457182:ERROR:legacy_app_id_mapper_impl.cc(58)] Unknown app_id AndroidNativeApp
06-13 16:59:34.457  2209  2209 W cast_shell: [0613/165934.457817:WARNING:media_control_handler.cc(59)] Unknown player state: 
06-13 16:59:34.458  2209  2209 W cast_shell: [0613/165934.457997:WARNING:media_control_handler.cc(59)] Unknown player state: 
06-13 16:59:34.458  1309  1309 I MediaPlayerList: sendMediaUpdate: Creating a one item queue for a player with no queue
06-13 16:59:34.458  2209  2209 I cast_shell: [0613/165934.458082:INFO:remote_control_application_manager.cc(463)] Local media app AndroidNativeApp (Sandbox Music), session_id=a480a656-ebed-4f7f-b9e8-8044a4e4b30a does not require a remote control app
06-13 16:59:34.458  1309  1309 W MediaControlGattService: Feature PLAYER_NAME(BIT 1) support: true
06-13 16:59:34.458  2209  2209 I cast_shell: [0613/165934.458131:INFO:api_reboot_idle_checker.cc(104)] active_activities count=1
06-13 16:59:34.458  1309  1309 W MediaControlGattService: Feature PLAYER_NAME(BIT 1) support: true
06-13 16:59:34.458  2209  2209 I cast_shell: [0613/165934.458166:INFO:cast_session_manager_impl.cc(853)] Sending 0 media sessions. (from:OnCurrentAppChanged@chromecast/internal/receiver/cast_session/cast_session_manager_impl.cc:785)
06-13 16:59:34.458  1309  1309 W MediaControlGattService: Feature MEDIA_STATE(BIT 17) support: true
06-13 16:59:34.458  1309  1309 W MediaControlProfile: MCS service state fields left unhandled: 
06-13 16:59:34.458  1309  1309 W MediaControlProfile:    > PLAYBACK_STATE
06-13 16:59:34.458  2209  2209 W cast_shell: [0613/165934.458205:WARNING:media_control_handler.cc(59)] Unknown player state: 
06-13 16:59:34.458  1309  1309 W MediaControlProfile:    > OPCODES_SUPPORTED
06-13 16:59:34.458  2209  2209 I cast_shell: [0613/165934.458329:INFO:application_manager_impl.cc(1754)] App starting: AndroidNativeApp (Sandbox Music), session_id=a480a656-ebed-4f7f-b9e8-8044a4e4b30a
06-13 16:59:34.458  2209  2209 I cast_shell: [0613/165934.458671:INFO:application_identification_settings.cc(368)] new ApplicationIdentificationSettings session_id: a480a656-ebed-4f7f-b9e8-8044a4e4b30a app_id: AndroidNativeApp universal_app_id: AndroidNativeApp flags: 0 headers: 0
06-13 16:59:34.458  1309  1309 I PlayerSettingsManager: getPlayerRepeatMode: no active player
06-13 16:59:34.459  1309  1309 I PlayerSettingsManager: getPlayerShuffleMode: no active player
06-13 16:59:34.459  1309  1309 I PlayerSettingsManager: updateRemoteDevice: STATE_REPEAT_OFF, STATE_SHUFFLE_OFF
06-13 16:59:34.459  2209  2209 I cast_shell: [0613/165934.459066:INFO:application_manager_impl.cc(1768)] App pending: AndroidNativeApp (Sandbox Music), session_id=a480a656-ebed-4f7f-b9e8-8044a4e4b30a
06-13 16:59:34.459  1309  1309 I bluetooth: system/btif/avrcp/avrcp_service.cc:582 SendPlayerSettingsChanged: {attribute=PlayerAttribute::REPEAT : value=PlayerRepeatValue::OFF}, {attribute=PlayerAttribute::SHUFFLE : value=PlayerShuffleValue::OFF}
06-13 16:59:34.459  2209  2334 I cast_shell: [0613/165934.458856:INFO:mdns_cast_service.cc(857)] Device discovery state is non-idle
06-13 16:59:34.459  2209  2209 I cast_shell: [0613/165934.459175:INFO:application_manager_impl.cc(1773)] App started: AndroidNativeApp (Sandbox Music), session_id=a480a656-ebed-4f7f-b9e8-8044a4e4b30a
06-13 16:59:34.459  2209  2334 I cast_shell: [0613/165934.459275:INFO:mdns_app_filter.cc(1993)] Preparing mDNS message for offload.
06-13 16:59:34.459  2209  2334 D cast_MdnsOffloadClientImpl: [MdnsOffloadClientImpl.java:105] Publish mDNS packet binary length=393
06-13 16:59:34.459  2209  2334 E cast_MdnsOffloadClientImpl: Not connected, skipping offload
06-13 16:59:34.460  2209  2259 I cast_shell: [0613/165934.460014:INFO:external_mojo_broker.cc(270)] Request for cast_android_native:chromecast.receiver.mojom.ApplicationFactory
06-13 16:59:34.460  2209  2259 I cast_shell: [0613/165934.460072:INFO:external_mojo_broker.cc(275)] Found externally-registered cast_android_native
06-13 16:59:34.461  2209  2209 E ActivityThread: Failed to find provider info for com.google.android.apps.tv.launcherx.coreservices.account.AccountModeContentProvider
06-13 16:59:34.462  2209  2209 E ActivityThread: Failed to find provider info for com.google.android.apps.tv.launcherx.coreservices.account.AccountModeContentProvider
06-13 16:59:34.463  2209  2209 D cast_CastToNative: [NativeApplication.java:420] new NativeApp is available.
06-13 16:59:34.463  2209  2209 I cast_shell: [0613/165934.463800:INFO:application_message_handler.cc(723)] Cast V2 IPC connected: app_id=AndroidNativeApp
06-13 16:59:34.464  2209  2209 I cast_shell: [0613/165934.463971:INFO:application_message_handler.cc(943)] Received READY message from app
06-13 16:59:34.464  1309  1309 I MediaPlayerList: sendMediaUpdate: Creating a one item queue for a player with no queue
06-13 16:59:34.464  1309  1309 I bluetooth: system/btif/avrcp/avrcp_service.cc:536 SendMediaUpdate: track_changed=false :  play_state=false :  queue=false
06-13 16:59:34.464  2209  2209 E cast_shell: [0613/165934.464107:ERROR:legacy_app_id_mapper_impl.cc(58)] Unknown app_id AndroidNativeApp
06-13 16:59:34.464  2209  2209 E cast_shell: [0613/165934.464179:ERROR:legacy_app_id_mapper_impl.cc(58)] Unknown app_id AndroidNativeApp
06-13 16:59:34.464  2209  2209 E cast_shell: [0613/165934.464241:ERROR:legacy_app_id_mapper_impl.cc(58)] Unknown app_id AndroidNativeApp
06-13 16:59:34.464  2209  2209 E cast_shell: [0613/165934.464301:ERROR:legacy_app_id_mapper_impl.cc(58)] Unknown app_id AndroidNativeApp
06-13 16:59:34.464  2209  2209 E cast_shell: [0613/165934.464654:ERROR:legacy_app_id_mapper_impl.cc(58)] Unknown app_id AndroidNativeApp
06-13 16:59:34.464  2209  2209 E cast_shell: [0613/165934.464778:ERROR:legacy_app_id_mapper_impl.cc(58)] Unknown app_id AndroidNativeApp
06-13 16:59:34.464  2209  2209 I cast_shell: [0613/165934.464856:INFO:application_message_handler.cc(1775)] Application doesn't support playback device status
06-13 16:59:34.465  2209  2209 I cast_shell: [0613/165934.465008:INFO:application_manager_impl.cc(2109)] Focusing foreground application: session=a480a656-ebed-4f7f-b9e8-8044a4e4b30a
06-13 16:59:34.465  2209  2209 I cast_shell: [0613/165934.465114:INFO:media_trait_handler_impl.cc(955)] Sent untracked GET_STATUS to app: session_id=a480a656-ebed-4f7f-b9e8-8044a4e4b30a, request_id=96726025
06-13 16:59:34.465  2209  2209 I cast_shell: [0613/165934.465399:INFO:application_manager_impl.cc(1778)] App running: AndroidNativeApp (Sandbox Music), session_id=a480a656-ebed-4f7f-b9e8-8044a4e4b30a
06-13 16:59:34.466  2209  2209 E cast_shell: [0613/165934.466355:ERROR:legacy_app_id_mapper_impl.cc(58)] Unknown app_id AndroidNativeApp
06-13 16:59:34.466  2209  2209 E cast_shell: [0613/165934.466501:ERROR:legacy_app_id_mapper_impl.cc(58)] Unknown app_id AndroidNativeApp
06-13 16:59:34.467  2209  2335 I cast_shell: [0613/165934.467443:INFO:metrics_recorder.cc(193)] Cast v2 action(socket_id=local-client.3463): CastV2.Connection.Connect.In
06-13 16:59:34.467  2209  2209 E cast_shell: [0613/165934.467858:ERROR:legacy_app_id_mapper_impl.cc(58)] Unknown app_id AndroidNativeApp
06-13 16:59:34.467  2209  2209 I cast_shell: [0613/165934.467914:INFO:metrics_recorder.cc(193)] cast event: CastV2.Ipc.Sender.Connected
06-13 16:59:34.467  2209  2335 I cast_shell: [0613/165934.467930:INFO:metrics_recorder.cc(193)] Cast v2 action(socket_id=local-client.3464): CastV2.Connection.Connect.In
06-13 16:59:34.468  2209  2209 I cast_shell: [0613/165934.467950:INFO:application_message_handler.cc(554)] Invisible connection connected: conn=a480a656-ebed-4f7f-b9e8-8044a4e4b30a:local-client.3463:mediacontrol-0, app=a480a656-ebed-4f7f-b9e8-8044a4e4b30a
06-13 16:59:34.468  2209  2335 I cast_shell: [0613/165934.468333:INFO:metrics_recorder.cc(193)] Cast v2 action(socket_id=local-client.3465): CastV2.Connection.Connect.In
06-13 16:59:34.468  2209  2209 E cast_shell: [0613/165934.468537:ERROR:legacy_app_id_mapper_impl.cc(58)] Unknown app_id AndroidNativeApp
06-13 16:59:34.468  2209  2209 I cast_shell: [0613/165934.468582:INFO:metrics_recorder.cc(193)] cast event: CastV2.Ipc.Sender.Connected
06-13 16:59:34.468  2209  2209 I cast_shell: [0613/165934.468609:INFO:application_message_handler.cc(554)] Invisible connection connected: conn=a480a656-ebed-4f7f-b9e8-8044a4e4b30a:local-client.3464:mediacontrol-0, app=a480a656-ebed-4f7f-b9e8-8044a4e4b30a
06-13 16:59:34.468  2209  2209 E cast_shell: [0613/165934.468752:ERROR:legacy_app_id_mapper_impl.cc(58)] Unknown app_id AndroidNativeApp
06-13 16:59:34.468  2209  2209 I cast_shell: [0613/165934.468831:INFO:metrics_recorder.cc(193)] cast event: CastV2.Ipc.Sender.Connected
06-13 16:59:34.468  2209  2209 I cast_shell: [0613/165934.468931:INFO:application_message_handler.cc(554)] Invisible connection connected: conn=a480a656-ebed-4f7f-b9e8-8044a4e4b30a:local-client.3465:mediacontrol-0, app=a480a656-ebed-4f7f-b9e8-8044a4e4b30a
06-13 16:59:34.469  2209  2209 I cast_shell: [0613/165934.469563:INFO:application_manager_impl.cc(1790)] App stopping: AndroidNativeApp (Sandbox Music), session_id=a480a656-ebed-4f7f-b9e8-8044a4e4b30a
06-13 16:59:34.470  2209  2209 I cast_shell: [0613/165934.470315:INFO:application_manager_impl.cc(1795)] App stopped: AndroidNativeApp (Sandbox Music), session_id=a480a656-ebed-4f7f-b9e8-8044a4e4b30a
06-13 16:59:34.470  2209  2209 I cast_shell: [0613/165934.470495:INFO:resource_manager_impl.cc(244)] All resources released for app AndroidNativeApp (Sandbox Music), session_id=a480a656-ebed-4f7f-b9e8-8044a4e4b30a
06-13 16:59:34.470  2209  2209 E cast_shell: [0613/165934.470605:ERROR:legacy_app_id_mapper_impl.cc(58)] Unknown app_id AndroidNativeApp
06-13 16:59:34.470  2209  2209 D cast_ChromecastServiceClientAndroid: [ChromecastServiceClientAndroid.java:91] Cast idle.
06-13 16:59:34.471  2209  2209 I cast_shell: [0613/165934.471084:INFO:api_reboot_idle_checker.cc(104)] active_activities count=0
06-13 16:59:34.471  2209  2209 I cast_shell: [0613/165934.471787:INFO:cast_session_manager_impl.cc(853)] Sending 0 media sessions. (from:OnCurrentAppChanged@chromecast/internal/receiver/cast_session/cast_session_manager_impl.cc:785)
06-13 16:59:34.472  2209  2209 I cast_shell: [0613/165934.472199:INFO:application_message_handler.cc(906)] Cast V2 IPC closed: app_id=AndroidNativeApp
06-13 16:59:34.472  2209  2335 E cast_shell: [0613/165934.472668:ERROR:v2_transport.cc(1026)] Invalid connection: a480a656-ebed-4f7f-b9e8-8044a4e4b30a:local-client.3465:mediacontrol-0
06-13 16:59:34.472  2209  2335 I cast_shell: [0613/165934.472839:INFO:metrics_recorder.cc(193)] Cast v2 action(socket_id=local-client.3465): CastV2.Connection.Close.Out
06-13 16:59:34.472  1309  1309 I MediaPlayerList: sendMediaUpdate: Creating a one item queue for a player with no queue
06-13 16:59:34.473  1309  1309 W MediaControlGattService: Feature PLAYER_NAME(BIT 1) support: true
06-13 16:59:34.473  1309  1309 W MediaControlGattService: Feature PLAYER_NAME(BIT 1) support: true
06-13 16:59:34.473  1309  1309 W MediaControlGattService: Feature MEDIA_STATE(BIT 17) support: true
06-13 16:59:34.473  1309  1309 W MediaControlProfile: MCS service state fields left unhandled: 
06-13 16:59:34.473  1309  1309 W MediaControlProfile:    > PLAYBACK_STATE
06-13 16:59:34.473  1309  1309 W MediaControlProfile:    > OPCODES_SUPPORTED
06-13 16:59:34.473  1309  1309 I PlayerSettingsManager: getPlayerRepeatMode: no active player
06-13 16:59:34.473  1309  1309 I PlayerSettingsManager: getPlayerShuffleMode: no active player
06-13 16:59:34.473  1309  1309 I PlayerSettingsManager: updateRemoteDevice: STATE_REPEAT_OFF, STATE_SHUFFLE_OFF
06-13 16:59:34.473  1309  1309 I bluetooth: system/btif/avrcp/avrcp_service.cc:582 SendPlayerSettingsChanged: {attribute=PlayerAttribute::REPEAT : value=PlayerRepeatValue::OFF}, {attribute=PlayerAttribute::SHUFFLE : value=PlayerShuffleValue::OFF}
06-13 16:59:34.474  1309  1309 I PlayerSettingsManager: getPlayerRepeatMode: no active player
06-13 16:59:34.474  1309  1309 I PlayerSettingsManager: getPlayerShuffleMode: no active player
06-13 16:59:34.474  1309  1309 I PlayerSettingsManager: updateRemoteDevice: STATE_REPEAT_OFF, STATE_SHUFFLE_OFF
06-13 16:59:34.474  1309  1309 I bluetooth: system/btif/avrcp/avrcp_service.cc:582 SendPlayerSettingsChanged: {attribute=PlayerAttribute::REPEAT : value=PlayerRepeatValue::OFF}, {attribute=PlayerAttribute::SHUFFLE : value=PlayerShuffleValue::OFF}
06-13 16:59:34.474  1309  1309 W MediaPlayerWrapper: The session was destroyed rd.sheepskin.sandboxmusic
06-13 16:59:34.474  2209  2334 I cast_shell: [0613/165934.474102:INFO:mdns_cast_service.cc(857)] Device discovery state is idle
06-13 16:59:34.474  2209  2334 I cast_shell: [0613/165934.474232:INFO:mdns_app_filter.cc(1993)] Preparing mDNS message for offload.
06-13 16:59:34.474  2209  2334 D cast_MdnsOffloadClientImpl: [MdnsOffloadClientImpl.java:105] Publish mDNS packet binary length=380
06-13 16:59:34.474  2209  2334 E cast_MdnsOffloadClientImpl: Not connected, skipping offload
06-13 16:59:34.474  2209  2335 I cast_shell: [0613/165934.474694:INFO:v2_transport.cc(456)] Removed Cast V2 endpoint: id=a480a656-ebed-4f7f-b9e8-8044a4e4b30a
06-13 16:59:34.474  2209  2335 I cast_shell: [0613/165934.474765:INFO:v2_transport.cc(1233)] Heartbeat for V2TransportImpl stopping
06-13 16:59:34.475  2209  2209 D cast_CastToNative: [NativeApplication.java:394] onDestroyed
06-13 16:59:34.475  1309  1309 I bluetooth: system/btif/avrcp/avrcp_service.cc:536 SendMediaUpdate: track_changed=false :  play_state=false :  queue=false
06-13 16:59:34.475  2209  2209 W WargReceiverApp: Received a message of unsupported namespace: urn:x-cast:com.google.cast.system
06-13 16:59:34.475  1309  1309 W MediaPlayerWrapper: The session was destroyed rd.sheepskin.sandboxmusic
06-13 16:59:34.475  2209  2209 W WargReceiverApp: Received a message of unsupported namespace: urn:x-cast:com.google.cast.system
06-13 16:59:34.476  2209  2209 W WargReceiverApp: Received a message of unsupported namespace: urn:x-cast:com.google.cast.system
06-13 16:59:34.476  2209  2209 W WargReceiverApp: Received a message of unsupported namespace: urn:x-cast:com.google.cast.system
06-13 16:59:34.476  2209  2209 W WargReceiverApp: Received a message of unsupported namespace: urn:x-cast:com.google.cast.system
06-13 16:59:34.476  2209  2209 W WargReceiverApp: Received a message of unsupported namespace: urn:x-cast:com.google.cast.system
06-13 16:59:34.476  2209  2209 W BasicMediaStatusFactory: Generating null status because MediaSession is not set
06-13 16:59:34.476  1309  1309 W MediaControlProfile: MCS service state fields left unhandled: 
06-13 16:59:34.476  1309  1309 W MediaControlProfile:    > PLAYBACK_STATE
06-13 16:59:34.476  1309  1309 W MediaControlProfile:    > OPCODES_SUPPORTED
