06-13 16:59:32.745  2209  2209 E cast_shell: [0613/165932.745601:ERROR:legacy_app_id_mapper_impl.cc(58)] Unknown app_id AndroidNativeApp
06-13 16:59:32.745  2209  2209 I cast_shell: [0613/165932.745679:INFO:app_launch_authorizer_android.cc(170)] Allowing Android native app FROM_LOCAL
06-13 16:59:32.745  2209  2209 E cast_shell: [0613/165932.745772:ERROR:legacy_app_id_mapper_impl.cc(58)] Unknown app_id AndroidNativeApp
06-13 16:59:32.745  2209  2209 I cast_shell: [0613/165932.745902:INFO:application_manager_impl.cc(1612)] Creating factory with display id
06-13 16:59:32.746  2209  2209 I cast_shell: [0613/165932.746244:INFO:resource_manager_impl.cc(117)] Resources requested for app AndroidNativeApp (Sandbox Music), session_id=dd7012b6-e0fc-47f7-bd1f-4f584f2a5302, mandatory=1, optional=0, tokens=[], external=0, only_if_available=0
06-13 16:59:32.746  2209  2209 I cast_shell: [0613/165932.746520:INFO:application_manager_impl.cc(2006)] Resources granted to app: app=AndroidNativeApp (Sandbox Music), session_id=dd7012b6-e0fc-47f7-bd1f-4f584f2a5302, resources=1, token_resources=[]
06-13 16:59:32.746  2209  2209 E cast_shell: [0613/165932.746622:ERROR:legacy_app_id_mapper_impl.cc(58)] Unknown app_id AndroidNativeApp
06-13 16:59:32.746  1605  1605 D NowPlayingManager: onClientChanged() called
06-13 16:59:32.746  2209  2209 W cast_shell: [0613/165932.746704:WARNING:media_control_handler.cc(59)] Unknown player state: 
06-13 16:59:32.746  2209  2209 W cast_shell: [0613/165932.746745:WARNING:media_control_handler.cc(59)] Unknown player state: 
06-13 16:59:32.746  2209  2209 I cast_shell: [0613/165932.746803:INFO:remote_control_application_manager.cc(463)] Local media app AndroidNativeApp (Sandbox Music), session_id=dd7012b6-e0fc-47f7-bd1f-4f584f2a5302 does not require a remote control app
06-13 16:59:32.746  2209  2209 I cast_shell: [0613/165932.746854:INFO:api_reboot_idle_checker.cc(104)] active_activities count=1
06-13 16:59:32.746  2209  2209 I cast_shell: [0613/165932.746880:INFO:cast_session_manager_impl.cc(853)] Sending 0 media sessions. (from:OnCurrentAppChanged@chromecast/internal/receiver/cast_session/cast_session_manager_impl.cc:785)
06-13 16:59:32.747  1605  1605 D NowPlayingManager: A notification for Now Playing Card has been canceled
06-13 16:59:32.747  2209  2209 W cast_shell: [0613/165932.746999:WARNING:media_control_handler.cc(59)] Unknown player state: 
06-13 16:59:32.747  2209  2209 I cast_shell: [0613/165932.747205:INFO:application_manager_impl.cc(1754)] App starting: AndroidNativeApp (Sandbox Music), session_id=dd7012b6-e0fc-47f7-bd1f-4f584f2a5302
06-13 16:59:32.747  2209  2209 I cast_shell: [0613/165932.747259:INFO:application_identification_settings.cc(368)] new ApplicationIdentificationSettings session_id: dd7012b6-e0fc-47f7-bd1f-4f584f2a5302 app_id: AndroidNativeApp universal_app_id: AndroidNativeApp flags: 0 headers: 0
06-13 16:59:32.747  1605  1605 D NowPlayingListener: onActiveSessionsChanged() called with: controllers = [[]], lastActiveMediaController = null, lastUpdatedAppPackageName = null
06-13 16:59:32.747  2209  2209 I cast_shell: [0613/165932.747306:INFO:application_manager_impl.cc(1768)] App pending: AndroidNativeApp (Sandbox Music), session_id=dd7012b6-e0fc-47f7-bd1f-4f584f2a5302
06-13 16:59:32.747  2209  2209 I cast_shell: [0613/165932.747343:INFO:application_manager_impl.cc(1773)] App started: AndroidNativeApp (Sandbox Music), session_id=dd7012b6-e0fc-47f7-bd1f-4f584f2a5302
06-13 16:59:32.747  2209  2259 I cast_shell: [0613/165932.747801:INFO:external_mojo_broker.cc(270)] Request for cast_android_native:chromecast.receiver.mojom.ApplicationFactory
06-13 16:59:32.747  2209  2259 I cast_shell: [0613/165932.747857:INFO:external_mojo_broker.cc(275)] Found externally-registered cast_android_native
06-13 16:59:32.748  1309  1309 I MediaPlayerList: Adding wrapped media player: rd.sheepskin.sandboxmusic at key: 1
06-13 16:59:32.748  1309  1309 I MediaPlayerList: onMediaKeyEventSessionChanged: token=rd.sheepskin.sandboxmusic
06-13 16:59:32.749  2209  2335 I cast_shell: [0613/165932.749140:INFO:v2_transport.cc(439)] Added Cast V2 endpoint: id=dd7012b6-e0fc-47f7-bd1f-4f584f2a5302, socket_factory_id=[REDACTED]
06-13 16:59:32.749  1605  1605 D NowPlayingManager: onClientChanged() called
06-13 16:59:32.750  2209  2209 E ActivityThread: Failed to find provider info for com.google.android.apps.tv.launcherx.coreservices.account.AccountModeContentProvider
06-13 16:59:32.750  2209  2334 I cast_shell: [0613/165932.750503:INFO:mdns_cast_service.cc(857)] Device discovery state is non-idle
06-13 16:59:32.750  2209  2334 I cast_shell: [0613/165932.750860:INFO:mdns_app_filter.cc(1993)] Preparing mDNS message for offload.
06-13 16:59:32.751  1605  1605 D NowPlayingManager: A notification for Now Playing Card has been canceled
06-13 16:59:32.751  2209  2334 D cast_MdnsOffloadClientImpl: [MdnsOffloadClientImpl.java:105] Publish mDNS packet binary length=393
06-13 16:59:32.751  2209  2334 E cast_MdnsOffloadClientImpl: Not connected, skipping offload
06-13 16:59:32.751  1605  1605 D NowPlayingListener: onActiveSessionsChanged() called with: controllers = [[]], lastActiveMediaController = null, lastUpdatedAppPackageName = null
06-13 16:59:32.751  1605  1605 D NowPlayingManager: onClientChanged() called
06-13 16:59:32.751  2209  2209 E ActivityThread: Failed to find provider info for com.google.android.apps.tv.launcherx.coreservices.account.AccountModeContentProvider
06-13 16:59:32.752  2209  2209 D cast_CastToNative: [NativeApplication.java:420] new NativeApp is available.
06-13 16:59:32.753  2209  2209 I cast_shell: [0613/165932.753083:INFO:application_message_handler.cc(723)] Cast V2 IPC connected: app_id=AndroidNativeApp
06-13 16:59:32.753  2209  2209 I cast_shell: [0613/165932.753258:INFO:application_message_handler.cc(943)] Received READY message from app
06-13 16:59:32.753  2209  2209 E cast_shell: [0613/165932.753389:ERROR:legacy_app_id_mapper_impl.cc(58)] Unknown app_id AndroidNativeApp
06-13 16:59:32.753  2209  2209 E cast_shell: [0613/165932.753502:ERROR:legacy_app_id_mapper_impl.cc(58)] Unknown app_id AndroidNativeApp
06-13 16:59:32.753  2209  2209 E cast_shell: [0613/165932.753563:ERROR:legacy_app_id_mapper_impl.cc(58)] Unknown app_id AndroidNativeApp
06-13 16:59:32.753  2209  2209 E cast_shell: [0613/165932.753620:ERROR:legacy_app_id_mapper_impl.cc(58)] Unknown app_id AndroidNativeApp
06-13 16:59:32.755  2209  2209 E cast_shell: [0613/165932.753711:ERROR:legacy_app_id_mapper_impl.cc(58)] Unknown app_id AndroidNativeApp
06-13 16:59:32.755  2209  2209 E cast_shell: [0613/165932.755786:ERROR:legacy_app_id_mapper_impl.cc(58)] Unknown app_id AndroidNativeApp
06-13 16:59:32.755  2209  2209 I cast_shell: [0613/165932.755966:INFO:application_message_handler.cc(1775)] Application doesn't support playback device status
06-13 16:59:32.756  1605  1605 D NowPlayingManager: A notification for Now Playing Card has been canceled
06-13 16:59:32.756  2209  2209 I cast_shell: [0613/165932.756219:INFO:application_manager_impl.cc(2109)] Focusing foreground application: session=dd7012b6-e0fc-47f7-bd1f-4f584f2a5302
06-13 16:59:32.756  2209  2209 I cast_shell: [0613/165932.756402:INFO:media_trait_handler_impl.cc(955)] Sent untracked GET_STATUS to app: session_id=dd7012b6-e0fc-47f7-bd1f-4f584f2a5302, request_id=271040061
06-13 16:59:32.756  2209  2209 I cast_shell: [0613/165932.756678:INFO:application_manager_impl.cc(1778)] App running: AndroidNativeApp (Sandbox Music), session_id=dd7012b6-e0fc-47f7-bd1f-4f584f2a5302
06-13 16:59:32.759  2209  2335 I cast_shell: [0613/165932.759112:INFO:metrics_recorder.cc(193)] Cast v2 action(socket_id=local-client.3445): CastV2.Connection.Connect.In
06-13 16:59:32.759  2209  2335 I cast_shell: [0613/165932.759807:INFO:metrics_recorder.cc(193)] Cast v2 action(socket_id=local-client.3446): CastV2.Connection.Connect.In
06-13 16:59:32.759  1309  1309 I MediaPlayerList: sendMediaUpdate: Creating a one item queue for a player with no queue
06-13 16:59:32.759  1309  1309 W MediaControlGattService: Feature PLAYER_NAME(BIT 1) support: true
06-13 16:59:32.759  1309  1309 W MediaControlGattService: Feature PLAYER_NAME(BIT 1) support: true
06-13 16:59:32.760  1309  1309 W MediaControlGattService: Feature MEDIA_STATE(BIT 17) support: true
06-13 16:59:32.760  1309  1309 W MediaControlProfile: MCS service state fields left unhandled: 
06-13 16:59:32.760  1309  1309 W MediaControlProfile:    > PLAYBACK_STATE
06-13 16:59:32.760  1309  1309 W MediaControlProfile:    > OPCODES_SUPPORTED
06-13 16:59:32.760  2209  2209 E cast_shell: [0613/165932.760250:ERROR:legacy_app_id_mapper_impl.cc(58)] Unknown app_id AndroidNativeApp
06-13 16:59:32.760  2209  2209 E cast_shell: [0613/165932.760330:ERROR:legacy_app_id_mapper_impl.cc(58)] Unknown app_id AndroidNativeApp
06-13 16:59:32.760  1309  1309 I PlayerSettingsManager: getPlayerRepeatMode: no active player
06-13 16:59:32.760  2209  2335 I cast_shell: [0613/165932.760823:INFO:metrics_recorder.cc(193)] Cast v2 action(socket_id=local-client.3447): CastV2.Connection.Connect.In
06-13 16:59:32.760  1309  1309 I PlayerSettingsManager: getPlayerShuffleMode: no active player
06-13 16:59:32.760  1309  1309 I PlayerSettingsManager: updateRemoteDevice: STATE_REPEAT_OFF, STATE_SHUFFLE_OFF
06-13 16:59:32.761  1309  1309 I bluetooth: system/btif/avrcp/avrcp_service.cc:582 SendPlayerSettingsChanged: {attribute=PlayerAttribute::REPEAT : value=PlayerRepeatValue::OFF}, {attribute=PlayerAttribute::SHUFFLE : value=PlayerShuffleValue::OFF}
06-13 16:59:32.761  2209  2209 E cast_shell: [0613/165932.761094:ERROR:legacy_app_id_mapper_impl.cc(58)] Unknown app_id AndroidNativeApp
06-13 16:59:32.761  2209  2209 I cast_shell: [0613/165932.761245:INFO:metrics_recorder.cc(193)] cast event: CastV2.Ipc.Sender.Connected
06-13 16:59:32.761  2209  2209 I cast_shell: [0613/165932.761284:INFO:application_message_handler.cc(554)] Invisible connection connected: conn=dd7012b6-e0fc-47f7-bd1f-4f584f2a5302:local-client.3445:mediacontrol-0, app=dd7012b6-e0fc-47f7-bd1f-4f584f2a5302
06-13 16:59:32.761  2209  2209 E cast_shell: [0613/165932.761457:ERROR:legacy_app_id_mapper_impl.cc(58)] Unknown app_id AndroidNativeApp
06-13 16:59:32.761  2209  2209 I cast_shell: [0613/165932.761527:INFO:metrics_recorder.cc(193)] cast event: CastV2.Ipc.Sender.Connected
06-13 16:59:32.761  2209  2209 I cast_shell: [0613/165932.761585:INFO:application_message_handler.cc(554)] Invisible connection connected: conn=dd7012b6-e0fc-47f7-bd1f-4f584f2a5302:local-client.3446:mediacontrol-0, app=dd7012b6-e0fc-47f7-bd1f-4f584f2a5302
06-13 16:59:32.761  2209  2209 E cast_shell: [0613/165932.761776:ERROR:legacy_app_id_mapper_impl.cc(58)] Unknown app_id AndroidNativeApp
06-13 16:59:32.761  2209  2209 I cast_shell: [0613/165932.761813:INFO:metrics_recorder.cc(193)] cast event: CastV2.Ipc.Sender.Connected
06-13 16:59:32.761  2209  2209 I cast_shell: [0613/165932.761847:INFO:application_message_handler.cc(554)] Invisible connection connected: conn=dd7012b6-e0fc-47f7-bd1f-4f584f2a5302:local-client.3447:mediacontrol-0, app=dd7012b6-e0fc-47f7-bd1f-4f584f2a5302
06-13 16:59:32.763  2209  2209 I cast_shell: [0613/165932.763373:INFO:application_manager_impl.cc(1790)] App stopping: AndroidNativeApp (Sandbox Music), session_id=dd7012b6-e0fc-47f7-bd1f-4f584f2a5302
06-13 16:59:32.763  2209  2209 I cast_shell: [0613/165932.763509:INFO:application_manager_impl.cc(1795)] App stopped: AndroidNativeApp (Sandbox Music), session_id=dd7012b6-e0fc-47f7-bd1f-4f584f2a5302
06-13 16:59:32.763  2209  2209 I cast_shell: [0613/165932.763632:INFO:resource_manager_impl.cc(244)] All resources released for app AndroidNativeApp (Sandbox Music), session_id=dd7012b6-e0fc-47f7-bd1f-4f584f2a5302
06-13 16:59:32.763  2209  2209 E cast_shell: [0613/165932.763833:ERROR:legacy_app_id_mapper_impl.cc(58)] Unknown app_id AndroidNativeApp
06-13 16:59:32.764  2209  2209 D cast_ChromecastServiceClientAndroid: [ChromecastServiceClientAndroid.java:91] Cast idle.
06-13 16:59:32.766  2209  2209 I cast_shell: [0613/165932.766095:INFO:api_reboot_idle_checker.cc(104)] active_activities count=0
06-13 16:59:32.766  2209  2209 I cast_shell: [0613/165932.766242:INFO:cast_session_manager_impl.cc(853)] Sending 0 media sessions. (from:OnCurrentAppChanged@chromecast/internal/receiver/cast_session/cast_session_manager_impl.cc:785)
06-13 16:59:32.766  2209  2209 I cast_shell: [0613/165932.766386:INFO:application_message_handler.cc(906)] Cast V2 IPC closed: app_id=AndroidNativeApp
06-13 16:59:32.767  2209  2209 D cast_CastToNative: [NativeApplication.java:394] onDestroyed
06-13 16:59:32.767  2209  2334 I cast_shell: [0613/165932.767187:INFO:mdns_cast_service.cc(857)] Device discovery state is idle
06-13 16:59:32.768  2209  2335 E cast_shell: [0613/165932.768202:ERROR:v2_transport.cc(1026)] Invalid connection: dd7012b6-e0fc-47f7-bd1f-4f584f2a5302:local-client.3445:mediacontrol-0
06-13 16:59:32.768  2209  2335 I cast_shell: [0613/165932.768295:INFO:metrics_recorder.cc(193)] Cast v2 action(socket_id=local-client.3445): CastV2.Connection.Close.Out
06-13 16:59:32.768  2209  2335 E cast_shell: [0613/165932.768331:ERROR:v2_transport.cc(1026)] Invalid connection: dd7012b6-e0fc-47f7-bd1f-4f584f2a5302:local-client.3446:mediacontrol-0
06-13 16:59:32.768  2209  2334 I cast_shell: [0613/165932.768361:INFO:mdns_app_filter.cc(1993)] Preparing mDNS message for offload.
06-13 16:59:32.768  2209  2335 I cast_shell: [0613/165932.768513:INFO:metrics_recorder.cc(193)] Cast v2 action(socket_id=local-client.3446): CastV2.Connection.Close.Out
06-13 16:59:32.768  2209  2335 E cast_shell: [0613/165932.768873:ERROR:v2_transport.cc(1026)] Invalid connection: dd7012b6-e0fc-47f7-bd1f-4f584f2a5302:local-client.3447:mediacontrol-0
06-13 16:59:32.768  2209  2335 I cast_shell: [0613/165932.768926:INFO:metrics_recorder.cc(193)] Cast v2 action(socket_id=local-client.3447): CastV2.Connection.Close.Out
06-13 16:59:32.768  2209  2334 D cast_MdnsOffloadClientImpl: [MdnsOffloadClientImpl.java:105] Publish mDNS packet binary length=380
06-13 16:59:32.769  2209  2334 E cast_MdnsOffloadClientImpl: Not connected, skipping offload
06-13 16:59:32.769  2209  2335 I cast_shell: [0613/165932.768955:INFO:v2_transport.cc(456)] Removed Cast V2 endpoint: id=dd7012b6-e0fc-47f7-bd1f-4f584f2a5302
06-13 16:59:32.769  2209  2335 I cast_shell: [0613/165932.769550:INFO:v2_transport.cc(1233)] Heartbeat for V2TransportImpl stopping
06-13 16:59:32.769  1309  1309 I MediaPlayerList: sendMediaUpdate: Creating a one item queue for a player with no queue
06-13 16:59:32.769  2209  2209 W WargReceiverApp: Received a message of unsupported namespace: urn:x-cast:com.google.cast.system
06-13 16:59:32.770  1309  1309 I bluetooth: system/btif/avrcp/avrcp_service.cc:536 SendMediaUpdate: track_changed=false :  play_state=false :  queue=false
06-13 16:59:32.771  2209  2209 W WargReceiverApp: Received a message of unsupported namespace: urn:x-cast:com.google.cast.system
06-13 16:59:32.771  2209  2209 W WargReceiverApp: Received a message of unsupported namespace: urn:x-cast:com.google.cast.system
06-13 16:59:32.772  2209  2209 W WargReceiverApp: Received a message of unsupported namespace: urn:x-cast:com.google.cast.system
06-13 16:59:32.772  2209  2209 W WargReceiverApp: Received a message of unsupported namespace: urn:x-cast:com.google.cast.system
06-13 16:59:32.772  2209  2209 W WargReceiverApp: Received a message of unsupported namespace: urn:x-cast:com.google.cast.system
06-13 16:59:32.772  2209  2209 W BasicMediaStatusFactory: Generating null status because MediaSession is not set
06-13 16:59:32.777  1309  1309 I MediaPlayerList: sendMediaUpdate: Creating a one item queue for a player with no queue
06-13 16:59:32.777  1309  1309 W MediaControlGattService: Feature PLAYER_NAME(BIT 1) support: true
06-13 16:59:32.777  1309  1309 W MediaControlGattService: Feature PLAYER_NAME(BIT 1) support: true
06-13 16:59:32.777  1309  1309 W MediaControlGattService: Feature MEDIA_STATE(BIT 17) support: true
06-13 16:59:32.777  1309  1309 W MediaControlProfile: MCS service state fields left unhandled: 
06-13 16:59:32.777  1309  1309 W MediaControlProfile:    > PLAYBACK_STATE
06-13 16:59:32.777  1309  1309 W MediaControlProfile:    > OPCODES_SUPPORTED
06-13 16:59:32.777  1309  1309 I PlayerSettingsManager: getPlayerRepeatMode: no active player
06-13 16:59:32.778  1309  1309 I PlayerSettingsManager: getPlayerShuffleMode: no active player
06-13 16:59:32.778  1309  1309 I PlayerSettingsManager: updateRemoteDevice: STATE_REPEAT_OFF, STATE_SHUFFLE_OFF
06-13 16:59:32.778  1309  1309 I bluetooth: system/btif/avrcp/avrcp_service.cc:582 SendPlayerSettingsChanged: {attribute=PlayerAttribute::REPEAT : value=PlayerRepeatValue::OFF}, {attribute=PlayerAttribute::SHUFFLE : value=PlayerShuffleValue::OFF}
06-13 16:59:32.778  1309  1309 I PlayerSettingsManager: getPlayerRepeatMode: no active player
06-13 16:59:32.778  1309  1309 I PlayerSettingsManager: getPlayerShuffleMode: no active player
06-13 16:59:32.778  1309  1309 I PlayerSettingsManager: updateRemoteDevice: STATE_REPEAT_OFF, STATE_SHUFFLE_OFF
06-13 16:59:32.778  1309  1309 I bluetooth: system/btif/avrcp/avrcp_service.cc:582 SendPlayerSettingsChanged: {attribute=PlayerAttribute::REPEAT : value=PlayerRepeatValue::OFF}, {attribute=PlayerAttribute::SHUFFLE : value=PlayerShuffleValue::OFF}
06-13 16:59:32.779  1309  1309 W MediaPlayerWrapper: The session was destroyed rd.sheepskin.sandboxmusic
06-13 16:59:32.779  1309  1309 I bluetooth: system/btif/avrcp/avrcp_service.cc:536 SendMediaUpdate: track_changed=false :  play_state=false :  queue=false
06-13 16:59:32.779  1309  1309 W MediaPlayerWrapper: The session was destroyed rd.sheepskin.sandboxmusic
06-13 16:59:32.780  1309  1309 W MediaControlProfile: MCS service state fields left unhandled: 
06-13 16:59:32.780  1309  1309 W MediaControlProfile:    > PLAYBACK_STATE
06-13 16:59:32.780  1309  1309 W MediaControlProfile:    > OPCODES_SUPPORTED
06-13 16:59:32.930  7666  7732 V Capacitor/Plugin: To native (Capacitor plugin): callbackId: 107831999, pluginId: NativeExoPlayback, methodName: getStatus
06-13 16:59:32.930  7666  7732 V Capacitor: callback: 107831999, pluginId: NativeExoPlayback, methodName: getStatus, methodData: {}
06-13 16:59:32.930  7666  7666 I Capacitor/Console: File:  - Line 349 - Msg: [object Object]
06-13 16:59:32.946  7666  7666 I Capacitor/Console: File:  - Line 333 - Msg: {"available":true,"wired":true,"message":"ExoPlayer gapless queue  content:// locker bridge + HTTP streams.","state":"playing","positionSecs":33.79,"durationSecs":241.65,"queueIndex":0,"queueLength":1,"gaplessEnabled":true,"currentUrl":"http://10.0.2.2:3001/api/proxy/stream?url=https%3A%2F%2Fwww.youtube.com%2Fwatch%3Fv%3DnfWlot6h_JM&sb_client=sandbox-music%2F1.0.0"}
06-13 16:59:32.948  7666  7732 V Capacitor/Plugin: To native (Capacitor plugin): callbackId: 107832000, pluginId: BackgroundMedia, methodName: stopForeground
06-13 16:59:32.948  7666  7732 V Capacitor: callback: 107832000, pluginId: BackgroundMedia, methodName: stopForeground, methodData: {}
06-13 16:59:32.951  7666  7666 I Capacitor/Console: File:  - Line 349 - Msg: [object Object]
06-13 16:59:32.957  7666  7666 W MediaSessionCompat: Couldn't find a unique registered media button receiver in the given context.
06-13 16:59:32.959   702  2258 I MediaSessionStack: addSession to bottom of stack | record: rd.sheepskin.sandboxmusic/SovereignMusicConsole/1205 (userId=0)
06-13 16:59:32.959   702  2258 D MediaSessionService: Media button session is changed to rd.sheepskin.sandboxmusic/SovereignMusicConsole/1205 (userId=0)
06-13 16:59:32.964  2209  2209 D WargMsAppMgr: A new media session detected: null
06-13 16:59:32.965  1309  1309 W MediaPlayerList: onMediaKeyEventSessionChanged(Token): Addressed Player changed to a player we didn't have a session for
06-13 16:59:32.966  1605  1605 D NowPlayingListener: onActiveSessionsChanged() called with: controllers = [[]], lastActiveMediaController = null, lastUpdatedAppPackageName = null
06-13 16:59:32.967  1605  1605 D NowPlayingManager: onClientChanged() called
06-13 16:59:32.967  2209  2209 D WargMsAppMgr: A new media session detected: null
06-13 16:59:32.967  1605  1605 D NowPlayingManager: A notification for Now Playing Card has been canceled
06-13 16:59:32.968  1605  1605 D NowPlayingListener: onActiveSessionsChanged() called with: controllers = [[]], lastActiveMediaController = null, lastUpdatedAppPackageName = null
06-13 16:59:32.968  1605  1605 D NowPlayingManager: onClientChanged() called
06-13 16:59:32.968  1605  1605 D NowPlayingManager: A notification for Now Playing Card has been canceled
06-13 16:59:32.969  1309  1309 I MediaPlayerList: Adding wrapped media player: rd.sheepskin.sandboxmusic at key: 1
06-13 16:59:32.969  1309  1309 I MediaPlayerList: onMediaKeyEventSessionChanged: token=rd.sheepskin.sandboxmusic
06-13 16:59:32.972   702  2258 D MediaSessionService: onSessionActiveStateChanged: record=rd.sheepskin.sandboxmusic/SovereignMusicConsole/1205 (userId=0) playbackState=null
06-13 16:59:32.975   702  2258 D MediaSessionService: onSessionActiveStateChanged: record=rd.sheepskin.sandboxmusic/SovereignMusicConsole/1205 (userId=0) playbackState=null
06-13 16:59:32.979  2209  2209 D WargMsAppMgr: A new media session detected: rd.sheepskin.sandboxmusic
06-13 16:59:32.979  1605  1605 D NowPlayingListener: onActiveSessionsChanged() called with: controllers = [[android.media.session.MediaController@7b001ba]], lastActiveMediaController = null, lastUpdatedAppPackageName = null
06-13 16:59:32.979  2209  2209 D WargMsAppMgr: Creating media session app info for package name: rd.sheepskin.sandboxmusic
06-13 16:59:32.980   702  2258 I MediaSessionStack: removeSession | record: rd.sheepskin.sandboxmusic/SovereignMusicConsole/1205 (userId=0)
06-13 16:59:32.980   702  2258 D MediaSessionService: Media button session is changed to null
06-13 16:59:32.980   702  2258 D MediaSessionService: destroySessionLocked: record=rd.sheepskin.sandboxmusic/SovereignMusicConsole/1205 (userId=0)
06-13 16:59:32.983  1605  1605 D NowPlayingListener: MediaController {packageName = rd.sheepskin.sandboxmusic, state = null}
06-13 16:59:32.987  1605  1605 D NowPlayingManager: onClientChanged() called
06-13 16:59:32.988  2209  2209 D WargServiceStub: Notifying observer for the new app
06-13 16:59:32.988  2209  2209 D WargMsAppMgr: A new media session detected: null
06-13 16:59:32.990  2209  2209 D WargMsAppMgr: A new media session detected: null
06-13 16:59:32.990  1605  1605 D NowPlayingManager: A notification for Now Playing Card has been canceled
06-13 16:59:32.992  1605  1605 D NowPlayingListener: onActiveSessionsChanged() called with: controllers = [[]], lastActiveMediaController = null, lastUpdatedAppPackageName = null
06-13 16:59:32.992  2209  2209 D cast_CastToNative: [NativeApplicationObserver.java:359] launchPendingApp(name=Sandbox Music, sessionId=8431be28-3a95-4125-944a-57ffce1fdf8d)
06-13 16:59:32.995  2209  2209 D cast_CastToNative: [NativeApplicationObserver.java:364] App launched by Warg has a higher priority. Try to override the old app.
06-13 16:59:32.995  2209  2209 I cast_shell: [0613/165932.995435:INFO:application_manager_impl.cc(697)] Starting app: app_id=AndroidNativeApp, session_id=8431be28-3a95-4125-944a-57ffce1fdf8d, launch_from=FROM_LOCAL, virtual_device_id=[REDACTED], session_owner=, group_session_id=, headless=1, silent_launch_enabled=0, action_script_id=, supported_app_types={ANDROID_TV,}, take_resources=1
06-13 16:59:32.996  2209  2209 E cast_shell: [0613/165932.996249:ERROR:legacy_app_id_mapper_impl.cc(58)] Unknown app_id AndroidNativeApp
06-13 16:59:32.996  2209  2209 I cast_shell: [0613/165932.996378:INFO:app_launch_authorizer_android.cc(170)] Allowing Android native app FROM_LOCAL
06-13 16:59:32.996  2209  2209 E cast_shell: [0613/165932.996516:ERROR:legacy_app_id_mapper_impl.cc(58)] Unknown app_id AndroidNativeApp
06-13 16:59:32.996  1309  1309 I MediaPlayerList: sendMediaUpdate: Creating a one item queue for a player with no queue
06-13 16:59:32.996  2209  2209 I cast_shell: [0613/165932.996722:INFO:application_manager_impl.cc(1612)] Creating factory with display id
06-13 16:59:32.997  1309  1309 I bluetooth: system/btif/avrcp/avrcp_service.cc:536 SendMediaUpdate: track_changed=false :  play_state=false :  queue=false
06-13 16:59:32.997  2209  2209 I cast_shell: [0613/165932.997458:INFO:resource_manager_impl.cc(117)] Resources requested for app AndroidNativeApp (Sandbox Music), session_id=8431be28-3a95-4125-944a-57ffce1fdf8d, mandatory=1, optional=0, tokens=[], external=0, only_if_available=0
06-13 16:59:32.997  2209  2209 I cast_shell: [0613/165932.997681:INFO:application_manager_impl.cc(2006)] Resources granted to app: app=AndroidNativeApp (Sandbox Music), session_id=8431be28-3a95-4125-944a-57ffce1fdf8d, resources=1, token_resources=[]
06-13 16:59:32.997  2209  2335 I cast_shell: [0613/165932.997628:INFO:v2_transport.cc(439)] Added Cast V2 endpoint: id=8431be28-3a95-4125-944a-57ffce1fdf8d, socket_factory_id=[REDACTED]
06-13 16:59:32.998  2209  2209 E cast_shell: [0613/165932.997905:ERROR:legacy_app_id_mapper_impl.cc(58)] Unknown app_id AndroidNativeApp
06-13 16:59:32.998  1605  1605 D NowPlayingManager: onClientChanged() called
06-13 16:59:33.000  2209  2209 W cast_shell: [0613/165932.999825:WARNING:media_control_handler.cc(59)] Unknown player state: 
06-13 16:59:32.999  1309  1309 W MediaPlayerList: onMediaKeyEventSessionChanged(Token): Addressed Player changed to a player we didn't have a session for
06-13 16:59:33.000  2209  2209 W cast_shell: [0613/165933.000314:WARNING:media_control_handler.cc(59)] Unknown player state: 
06-13 16:59:33.000  2209  2209 I cast_shell: [0613/165933.000380:INFO:remote_control_application_manager.cc(463)] Local media app AndroidNativeApp (Sandbox Music), session_id=8431be28-3a95-4125-944a-57ffce1fdf8d does not require a remote control app
06-13 16:59:33.000  1605  1605 D NowPlayingManager: A notification for Now Playing Card has been canceled
06-13 16:59:33.000  2209  2209 I cast_shell: [0613/165933.000548:INFO:api_reboot_idle_checker.cc(104)] active_activities count=1
06-13 16:59:33.000  2209  2209 I cast_shell: [0613/165933.000615:INFO:cast_session_manager_impl.cc(853)] Sending 0 media sessions. (from:OnCurrentAppChanged@chromecast/internal/receiver/cast_session/cast_session_manager_impl.cc:785)
06-13 16:59:33.000  2209  2209 W cast_shell: [0613/165933.000754:WARNING:media_control_handler.cc(59)] Unknown player state: 
06-13 16:59:33.000  1605  1605 D NowPlayingListener: onActiveSessionsChanged() called with: controllers = [[]], lastActiveMediaController = null, lastUpdatedAppPackageName = null
06-13 16:59:33.000  1605  1605 D NowPlayingManager: onClientChanged() called
06-13 16:59:33.001  2209  2209 I cast_shell: [0613/165933.001411:INFO:application_manager_impl.cc(1754)] App starting: AndroidNativeApp (Sandbox Music), session_id=8431be28-3a95-4125-944a-57ffce1fdf8d
06-13 16:59:33.001  2209  2209 I cast_shell: [0613/165933.001531:INFO:application_identification_settings.cc(368)] new ApplicationIdentificationSettings session_id: 8431be28-3a95-4125-944a-57ffce1fdf8d app_id: AndroidNativeApp universal_app_id: AndroidNativeApp flags: 0 headers: 0
06-13 16:59:33.001  2209  2209 I cast_shell: [0613/165933.001617:INFO:application_manager_impl.cc(1768)] App pending: AndroidNativeApp (Sandbox Music), session_id=8431be28-3a95-4125-944a-57ffce1fdf8d
06-13 16:59:33.002  7666  7666 I Capacitor/Console: File:  - Line 333 - Msg: undefined
06-13 16:59:33.002  2209  2334 I cast_shell: [0613/165933.002400:INFO:mdns_cast_service.cc(857)] Device discovery state is non-idle
06-13 16:59:33.002  2209  2334 I cast_shell: [0613/165933.002537:INFO:mdns_app_filter.cc(1993)] Preparing mDNS message for offload.
06-13 16:59:33.002  2209  2334 D cast_MdnsOffloadClientImpl: [MdnsOffloadClientImpl.java:105] Publish mDNS packet binary length=393
06-13 16:59:33.002  2209  2334 E cast_MdnsOffloadClientImpl: Not connected, skipping offload
06-13 16:59:33.003  1605  1605 D NowPlayingManager: A notification for Now Playing Card has been canceled
06-13 16:59:33.003  2209  2209 I cast_shell: [0613/165933.003269:INFO:application_manager_impl.cc(1773)] App started: AndroidNativeApp (Sandbox Music), session_id=8431be28-3a95-4125-944a-57ffce1fdf8d
06-13 16:59:33.003  2209  2259 I cast_shell: [0613/165933.003752:INFO:external_mojo_broker.cc(270)] Request for cast_android_native:chromecast.receiver.mojom.ApplicationFactory
06-13 16:59:33.006  1309  1309 I MediaPlayerList: Adding wrapped media player: rd.sheepskin.sandboxmusic at key: 1
06-13 16:59:33.006  1309  1309 I MediaPlayerList: onMediaKeyEventSessionChanged: token=rd.sheepskin.sandboxmusic
06-13 16:59:33.007  2209  2259 I cast_shell: [0613/165933.007101:INFO:external_mojo_broker.cc(275)] Found externally-registered cast_android_native
06-13 16:59:33.010  2209  2209 E ActivityThread: Failed to find provider info for com.google.android.apps.tv.launcherx.coreservices.account.AccountModeContentProvider
06-13 16:59:33.015  2209  2209 E ActivityThread: Failed to find provider info for com.google.android.apps.tv.launcherx.coreservices.account.AccountModeContentProvider
06-13 16:59:33.016  2209  2209 D cast_CastToNative: [NativeApplication.java:420] new NativeApp is available.
06-13 16:59:33.019  1309  1309 I MediaPlayerList: sendMediaUpdate: Creating a one item queue for a player with no queue
06-13 16:59:33.019  1309  1309 W MediaControlGattService: Feature PLAYER_NAME(BIT 1) support: true
06-13 16:59:33.019  1309  1309 W MediaControlGattService: Feature PLAYER_NAME(BIT 1) support: true
06-13 16:59:33.019  1309  1309 W MediaControlGattService: Feature MEDIA_STATE(BIT 17) support: true
06-13 16:59:33.019  1309  1309 W MediaControlProfile: MCS service state fields left unhandled: 
06-13 16:59:33.020  1309  1309 W MediaControlProfile:    > PLAYBACK_STATE
06-13 16:59:33.020  1309  1309 W MediaControlProfile:    > OPCODES_SUPPORTED
06-13 16:59:33.020  2209  2209 I cast_shell: [0613/165933.020346:INFO:application_message_handler.cc(723)] Cast V2 IPC connected: app_id=AndroidNativeApp
06-13 16:59:33.020  2209  2209 I cast_shell: [0613/165933.020845:INFO:application_message_handler.cc(943)] Received READY message from app
06-13 16:59:33.022  2209  2209 E cast_shell: [0613/165933.022606:ERROR:legacy_app_id_mapper_impl.cc(58)] Unknown app_id AndroidNativeApp
06-13 16:59:33.022  1309  1309 I PlayerSettingsManager: getPlayerRepeatMode: no active player
06-13 16:59:33.023  1309  1309 I PlayerSettingsManager: getPlayerShuffleMode: no active player
06-13 16:59:33.023  1309  1309 I PlayerSettingsManager: updateRemoteDevice: STATE_REPEAT_OFF, STATE_SHUFFLE_OFF
06-13 16:59:33.023  2209  2209 E cast_shell: [0613/165933.023035:ERROR:legacy_app_id_mapper_impl.cc(58)] Unknown app_id AndroidNativeApp
06-13 16:59:33.023  1309  1309 I bluetooth: system/btif/avrcp/avrcp_service.cc:582 SendPlayerSettingsChanged: {attribute=PlayerAttribute::REPEAT : value=PlayerRepeatValue::OFF}, {attribute=PlayerAttribute::SHUFFLE : value=PlayerShuffleValue::OFF}
06-13 16:59:33.023  2209  2209 E cast_shell: [0613/165933.023205:ERROR:legacy_app_id_mapper_impl.cc(58)] Unknown app_id AndroidNativeApp
06-13 16:59:33.023  1309  1309 I PlayerSettingsManager: getPlayerRepeatMode: no active player
06-13 16:59:33.023  1309  1309 I PlayerSettingsManager: getPlayerShuffleMode: no active player
06-13 16:59:33.023  1309  1309 I PlayerSettingsManager: updateRemoteDevice: STATE_REPEAT_OFF, STATE_SHUFFLE_OFF
06-13 16:59:33.023  2209  2209 E cast_shell: [0613/165933.023374:ERROR:legacy_app_id_mapper_impl.cc(58)] Unknown app_id AndroidNativeApp
06-13 16:59:33.023  1309  1309 I bluetooth: system/btif/avrcp/avrcp_service.cc:582 SendPlayerSettingsChanged: {attribute=PlayerAttribute::REPEAT : value=PlayerRepeatValue::OFF}, {attribute=PlayerAttribute::SHUFFLE : value=PlayerShuffleValue::OFF}
06-13 16:59:33.023  2209  2209 E cast_shell: [0613/165933.023652:ERROR:legacy_app_id_mapper_impl.cc(58)] Unknown app_id AndroidNativeApp
06-13 16:59:33.024  2209  2209 E cast_shell: [0613/165933.023996:ERROR:legacy_app_id_mapper_impl.cc(58)] Unknown app_id AndroidNativeApp
06-13 16:59:33.024  2209  2209 I cast_shell: [0613/165933.024210:INFO:application_message_handler.cc(1775)] Application doesn't support playback device status
06-13 16:59:33.025  2209  2209 I cast_shell: [0613/165933.025076:INFO:application_manager_impl.cc(2109)] Focusing foreground application: session=8431be28-3a95-4125-944a-57ffce1fdf8d
06-13 16:59:33.025  2209  2209 I cast_shell: [0613/165933.025342:INFO:media_trait_handler_impl.cc(955)] Sent untracked GET_STATUS to app: session_id=8431be28-3a95-4125-944a-57ffce1fdf8d, request_id=2106574614
06-13 16:59:33.028  2209  2209 I cast_shell: [0613/165933.028841:INFO:application_manager_impl.cc(1778)] App running: AndroidNativeApp (Sandbox Music), session_id=8431be28-3a95-4125-944a-57ffce1fdf8d
06-13 16:59:33.029  2209  2209 E cast_shell: [0613/165933.029380:ERROR:legacy_app_id_mapper_impl.cc(58)] Unknown app_id AndroidNativeApp
06-13 16:59:33.030  2209  2335 I cast_shell: [0613/165933.029052:INFO:metrics_recorder.cc(193)] Cast v2 action(socket_id=local-client.3448): CastV2.Connection.Connect.In
06-13 16:59:33.032  2209  2209 E cast_shell: [0613/165933.031820:ERROR:legacy_app_id_mapper_impl.cc(58)] Unknown app_id AndroidNativeApp
06-13 16:59:33.032  2209  2335 I cast_shell: [0613/165933.032690:INFO:metrics_recorder.cc(193)] Cast v2 action(socket_id=local-client.3449): CastV2.Connection.Connect.In
06-13 16:59:33.033  2209  2335 I cast_shell: [0613/165933.033442:INFO:metrics_recorder.cc(193)] Cast v2 action(socket_id=local-client.3450): CastV2.Connection.Connect.In
06-13 16:59:33.033  2209  2209 E cast_shell: [0613/165933.033783:ERROR:legacy_app_id_mapper_impl.cc(58)] Unknown app_id AndroidNativeApp
06-13 16:59:33.033  2209  2209 I cast_shell: [0613/165933.033865:INFO:metrics_recorder.cc(193)] cast event: CastV2.Ipc.Sender.Connected
06-13 16:59:33.033  2209  2209 I cast_shell: [0613/165933.033910:INFO:application_message_handler.cc(554)] Invisible connection connected: conn=8431be28-3a95-4125-944a-57ffce1fdf8d:local-client.3448:mediacontrol-0, app=8431be28-3a95-4125-944a-57ffce1fdf8d
06-13 16:59:33.034  2209  2209 E cast_shell: [0613/165933.034189:ERROR:legacy_app_id_mapper_impl.cc(58)] Unknown app_id AndroidNativeApp
06-13 16:59:33.034  2209  2209 I cast_shell: [0613/165933.034318:INFO:metrics_recorder.cc(193)] cast event: CastV2.Ipc.Sender.Connected
06-13 16:59:33.034  2209  2209 I cast_shell: [0613/165933.034406:INFO:application_message_handler.cc(554)] Invisible connection connected: conn=8431be28-3a95-4125-944a-57ffce1fdf8d:local-client.3449:mediacontrol-0, app=8431be28-3a95-4125-944a-57ffce1fdf8d
06-13 16:59:33.035  2209  2209 E cast_shell: [0613/165933.035855:ERROR:legacy_app_id_mapper_impl.cc(58)] Unknown app_id AndroidNativeApp
06-13 16:59:33.036  2209  2209 I cast_shell: [0613/165933.036245:INFO:metrics_recorder.cc(193)] cast event: CastV2.Ipc.Sender.Connected
06-13 16:59:33.036  2209  2209 I cast_shell: [0613/165933.036360:INFO:application_message_handler.cc(554)] Invisible connection connected: conn=8431be28-3a95-4125-944a-57ffce1fdf8d:local-client.3450:mediacontrol-0, app=8431be28-3a95-4125-944a-57ffce1fdf8d
06-13 16:59:33.037  2209  2209 I cast_shell: [0613/165933.037085:INFO:application_manager_impl.cc(1790)] App stopping: AndroidNativeApp (Sandbox Music), session_id=8431be28-3a95-4125-944a-57ffce1fdf8d
06-13 16:59:33.037  2209  2209 I cast_shell: [0613/165933.037327:INFO:application_manager_impl.cc(1795)] App stopped: AndroidNativeApp (Sandbox Music), session_id=8431be28-3a95-4125-944a-57ffce1fdf8d
06-13 16:59:33.037  2209  2209 I cast_shell: [0613/165933.037490:INFO:resource_manager_impl.cc(244)] All resources released for app AndroidNativeApp (Sandbox Music), session_id=8431be28-3a95-4125-944a-57ffce1fdf8d
06-13 16:59:33.037  2209  2209 E cast_shell: [0613/165933.037585:ERROR:legacy_app_id_mapper_impl.cc(58)] Unknown app_id AndroidNativeApp
06-13 16:59:33.037  2209  2209 D cast_ChromecastServiceClientAndroid: [ChromecastServiceClientAndroid.java:91] Cast idle.
06-13 16:59:33.039  2209  2209 I cast_shell: [0613/165933.039273:INFO:api_reboot_idle_checker.cc(104)] active_activities count=0
06-13 16:59:33.039  2209  2209 I cast_shell: [0613/165933.039385:INFO:cast_session_manager_impl.cc(853)] Sending 0 media sessions. (from:OnCurrentAppChanged@chromecast/internal/receiver/cast_session/cast_session_manager_impl.cc:785)
06-13 16:59:33.040  2209  2334 I cast_shell: [0613/165933.040114:INFO:mdns_cast_service.cc(857)] Device discovery state is idle
06-13 16:59:33.042  2209  2334 I cast_shell: [0613/165933.042125:INFO:mdns_app_filter.cc(1993)] Preparing mDNS message for offload.
06-13 16:59:33.042  2209  2209 I cast_shell: [0613/165933.040165:INFO:application_message_handler.cc(906)] Cast V2 IPC closed: app_id=AndroidNativeApp
06-13 16:59:33.043  2209  2334 D cast_MdnsOffloadClientImpl: [MdnsOffloadClientImpl.java:105] Publish mDNS packet binary length=380
06-13 16:59:33.043  2209  2334 E cast_MdnsOffloadClientImpl: Not connected, skipping offload
06-13 16:59:33.043  2209  2335 I cast_shell: [0613/165933.043899:INFO:v2_transport.cc(456)] Removed Cast V2 endpoint: id=8431be28-3a95-4125-944a-57ffce1fdf8d
06-13 16:59:33.044  2209  2335 I cast_shell: [0613/165933.044151:INFO:v2_transport.cc(1233)] Heartbeat for V2TransportImpl stopping
06-13 16:59:33.044  2209  2209 D cast_CastToNative: [NativeApplication.java:394] onDestroyed
06-13 16:59:33.044  2209  2209 W WargReceiverApp: Received a message of unsupported namespace: urn:x-cast:com.google.cast.system
06-13 16:59:33.045  2209  2209 W WargReceiverApp: Received a message of unsupported namespace: urn:x-cast:com.google.cast.system
06-13 16:59:33.045  2209  2209 W WargReceiverApp: Received a message of unsupported namespace: urn:x-cast:com.google.cast.system
06-13 16:59:33.045  2209  2209 W WargReceiverApp: Received a message of unsupported namespace: urn:x-cast:com.google.cast.system
06-13 16:59:33.045  2209  2209 W WargReceiverApp: Received a message of unsupported namespace: urn:x-cast:com.google.cast.system
06-13 16:59:33.045  2209  2209 W WargReceiverApp: Received a message of unsupported namespace: urn:x-cast:com.google.cast.system
06-13 16:59:33.045  2209  2209 W BasicMediaStatusFactory: Generating null status because MediaSession is not set
06-13 16:59:33.047  1309  1309 I MediaPlayerList: sendMediaUpdate: Creating a one item queue for a player with no queue
06-13 16:59:33.048  1309  1309 W MediaControlGattService: Feature PLAYER_NAME(BIT 1) support: true
06-13 16:59:33.048  1309  1309 W MediaControlGattService: Feature PLAYER_NAME(BIT 1) support: true
06-13 16:59:33.048  1309  1309 W MediaControlGattService: Feature MEDIA_STATE(BIT 17) support: true
06-13 16:59:33.048  1309  1309 W MediaControlProfile: MCS service state fields left unhandled: 
06-13 16:59:33.048  1309  1309 W MediaControlProfile:    > PLAYBACK_STATE
06-13 16:59:33.048  1309  1309 W MediaControlProfile:    > OPCODES_SUPPORTED
06-13 16:59:33.058  1309  1309 I MediaPlayerList: sendMediaUpdate: Creating a one item queue for a player with no queue
06-13 16:59:33.059  1309  1309 I bluetooth: system/btif/avrcp/avrcp_service.cc:536 SendMediaUpdate: track_changed=false :  play_state=false :  queue=false
06-13 16:59:33.059  1309  1309 I PlayerSettingsManager: getPlayerRepeatMode: no active player
06-13 16:59:33.059  1309  1309 I PlayerSettingsManager: getPlayerShuffleMode: no active player
06-13 16:59:33.059  1309  1309 I PlayerSettingsManager: updateRemoteDevice: STATE_REPEAT_OFF, STATE_SHUFFLE_OFF
06-13 16:59:33.059  1309  1309 I bluetooth: system/btif/avrcp/avrcp_service.cc:582 SendPlayerSettingsChanged: {attribute=PlayerAttribute::REPEAT : value=PlayerRepeatValue::OFF}, {attribute=PlayerAttribute::SHUFFLE : value=PlayerShuffleValue::OFF}
06-13 16:59:33.059  1309  1309 I PlayerSettingsManager: getPlayerRepeatMode: no active player
06-13 16:59:33.059  1309  1309 I PlayerSettingsManager: getPlayerShuffleMode: no active player
06-13 16:59:33.059  1309  1309 I PlayerSettingsManager: updateRemoteDevice: STATE_REPEAT_OFF, STATE_SHUFFLE_OFF
06-13 16:59:33.059  1309  1309 I bluetooth: system/btif/avrcp/avrcp_service.cc:582 SendPlayerSettingsChanged: {attribute=PlayerAttribute::REPEAT : value=PlayerRepeatValue::OFF}, {attribute=PlayerAttribute::SHUFFLE : value=PlayerShuffleValue::OFF}
06-13 16:59:33.059  1309  1309 W MediaPlayerWrapper: The session was destroyed rd.sheepskin.sandboxmusic
06-13 16:59:33.060  1309  1309 W MediaControlProfile: MCS service state fields left unhandled: 
06-13 16:59:33.060  1309  1309 W MediaControlProfile:    > PLAYBACK_STATE
06-13 16:59:33.060  1309  1309 W MediaControlProfile:    > OPCODES_SUPPORTED
06-13 16:59:33.061  1309  1309 W MediaPlayerWrapper: The session was destroyed rd.sheepskin.sandboxmusic
06-13 16:59:33.062  1309  1309 I bluetooth: system/btif/avrcp/avrcp_service.cc:536 SendMediaUpdate: track_changed=false :  play_state=false :  queue=false
06-13 16:59:33.198  7666  7666 I Capacitor/Console: File:  - Line 349 - Msg: [object Object]
06-13 16:59:33.211  7666  7732 V Capacitor/Plugin: To native (Capacitor plugin): callbackId: 107832001, pluginId: NativeExoPlayback, methodName: getStatus
06-13 16:59:33.211  7666  7732 V Capacitor: callback: 107832001, pluginId: NativeExoPlayback, methodName: getStatus, methodData: {}
06-13 16:59:33.253  7666  7666 I Capacitor/Console: File:  - Line 333 - Msg: {"available":true,"wired":true,"message":"ExoPlayer gapless queue  content:// locker bridge + HTTP streams.","state":"playing","positionSecs":34.063,"durationSecs":241.65,"queueIndex":0,"queueLength":1,"gaplessEnabled":true,"currentUrl":"http://10.0.2.2:3001/api/proxy/stream?url=https%3A%2F%2Fwww.youtube.com%2Fwatch%3Fv%3DnfWlot6h_JM&sb_client=sandbox-music%2F1.0.0"}
06-13 16:59:33.259  7666  7732 V Capacitor/Plugin: To native (Capacitor plugin): callbackId: 107832002, pluginId: BackgroundMedia, methodName: stopForeground
06-13 16:59:33.260  7666  7732 V Capacitor: callback: 107832002, pluginId: BackgroundMedia, methodName: stopForeground, methodData: {}
06-13 16:59:33.265  7666  7666 I Capacitor/Console: File:  - Line 349 - Msg: [object Object]
06-13 16:59:33.277  7666  7666 W MediaSessionCompat: Couldn't find a unique registered media button receiver in the given context.
06-13 16:59:33.280   702  2918 I MediaSessionStack: addSession to bottom of stack | record: rd.sheepskin.sandboxmusic/SovereignMusicConsole/1206 (userId=0)
06-13 16:59:33.280   702  2918 D MediaSessionService: Media button session is changed to rd.sheepskin.sandboxmusic/SovereignMusicConsole/1206 (userId=0)
06-13 16:59:33.283  1605  1605 D NowPlayingListener: onActiveSessionsChanged() called with: controllers = [[]], lastActiveMediaController = null, lastUpdatedAppPackageName = null
06-13 16:59:33.284  1605  1605 D NowPlayingManager: onClientChanged() called
06-13 16:59:33.284  2209  2209 D WargMsAppMgr: A new media session detected: null
06-13 16:59:33.289  1309  1309 W MediaPlayerList: onMediaKeyEventSessionChanged(Token): Addressed Player changed to a player we didn't have a session for
06-13 16:59:33.291  1605  1605 D NowPlayingManager: A notification for Now Playing Card has been canceled
06-13 16:59:33.295  1309  1309 I MediaPlayerList: Adding wrapped media player: rd.sheepskin.sandboxmusic at key: 1
06-13 16:59:33.295  1309  1309 I MediaPlayerList: onMediaKeyEventSessionChanged: token=rd.sheepskin.sandboxmusic
06-13 16:59:33.296   702  1929 D MediaSessionService: onSessionActiveStateChanged: record=rd.sheepskin.sandboxmusic/SovereignMusicConsole/1206 (userId=0) playbackState=null
06-13 16:59:33.300  2209  2209 D WargMsAppMgr: A new media session detected: rd.sheepskin.sandboxmusic
06-13 16:59:33.300  2209  2209 D WargMsAppMgr: Creating media session app info for package name: rd.sheepskin.sandboxmusic
06-13 16:59:33.302  7666  7666 I Capacitor/Console: File:  - Line 333 - Msg: undefined
06-13 16:59:33.302  1605  1605 D NowPlayingListener: onActiveSessionsChanged() called with: controllers = [[android.media.session.MediaController@7caafc8]], lastActiveMediaController = null, lastUpdatedAppPackageName = null
06-13 16:59:33.303  1605  1605 D NowPlayingListener: MediaController {packageName = rd.sheepskin.sandboxmusic, state = null}
06-13 16:59:33.304   702  2918 D MediaSessionService: onSessionActiveStateChanged: record=rd.sheepskin.sandboxmusic/SovereignMusicConsole/1206 (userId=0) playbackState=null
06-13 16:59:33.307  1309  1309 I MediaPlayerList: sendMediaUpdate: Creating a one item queue for a player with no queue
06-13 16:59:33.307  1605  1605 D NowPlayingManager: onClientChanged() called
06-13 16:59:33.307  1309  1309 I bluetooth: system/btif/avrcp/avrcp_service.cc:536 SendMediaUpdate: track_changed=false :  play_state=false :  queue=false
06-13 16:59:33.308  1605  1605 D NowPlayingManager: A notification for Now Playing Card has been canceled
06-13 16:59:33.308  1605  1605 D NowPlayingListener: onActiveSessionsChanged() called with: controllers = [[]], lastActiveMediaController = null, lastUpdatedAppPackageName = null
06-13 16:59:33.308  1309  1309 W MediaPlayerList: onMediaKeyEventSessionChanged(Token): Addressed Player changed to a player we didn't have a session for
06-13 16:59:33.308   702  2918 I MediaSessionStack: removeSession | record: rd.sheepskin.sandboxmusic/SovereignMusicConsole/1206 (userId=0)
06-13 16:59:33.309   702  2918 D MediaSessionService: Media button session is changed to null
06-13 16:59:33.309   702  2918 D MediaSessionService: destroySessionLocked: record=rd.sheepskin.sandboxmusic/SovereignMusicConsole/1206 (userId=0)
06-13 16:59:33.310  1309  1309 I MediaPlayerList: Adding wrapped media player: rd.sheepskin.sandboxmusic at key: 1
06-13 16:59:33.310  1309  1309 I MediaPlayerList: onMediaKeyEventSessionChanged: token=rd.sheepskin.sandboxmusic
06-13 16:59:33.312  1605  1605 D NowPlayingManager: onClientChanged() called
06-13 16:59:33.315  1605  1605 D NowPlayingManager: A notification for Now Playing Card has been canceled
06-13 16:59:33.315  1605  1605 D NowPlayingListener: onActiveSessionsChanged() called with: controllers = [[]], lastActiveMediaController = null, lastUpdatedAppPackageName = null
06-13 16:59:33.315  2209  2209 D WargServiceStub: Notifying observer for the new app
06-13 16:59:33.316  1605  1605 D NowPlayingManager: onClientChanged() called
06-13 16:59:33.316  2209  2209 D WargMsAppMgr: A new media session detected: null
06-13 16:59:33.316  2209  2209 D WargMsAppMgr: A new media session detected: null
06-13 16:59:33.317  2209  2209 D cast_CastToNative: [NativeApplicationObserver.java:359] launchPendingApp(name=Sandbox Music, sessionId=283ce424-6f87-4833-925f-931d0597c2ca)
06-13 16:59:33.317  2209  2209 D cast_CastToNative: [NativeApplicationObserver.java:364] App launched by Warg has a higher priority. Try to override the old app.
06-13 16:59:33.318  1605  1605 D NowPlayingManager: A notification for Now Playing Card has been canceled
06-13 16:59:33.318  2209  2209 I cast_shell: [0613/165933.318103:INFO:application_manager_impl.cc(697)] Starting app: app_id=AndroidNativeApp, session_id=283ce424-6f87-4833-925f-931d0597c2ca, launch_from=FROM_LOCAL, virtual_device_id=[REDACTED], session_owner=, group_session_id=, headless=1, silent_launch_enabled=0, action_script_id=, supported_app_types={ANDROID_TV,}, take_resources=1
06-13 16:59:33.318  2209  2209 E cast_shell: [0613/165933.318802:ERROR:legacy_app_id_mapper_impl.cc(58)] Unknown app_id AndroidNativeApp
06-13 16:59:33.318  2209  2209 I cast_shell: [0613/165933.318952:INFO:app_launch_authorizer_android.cc(170)] Allowing Android native app FROM_LOCAL
06-13 16:59:33.319  2209  2209 E cast_shell: [0613/165933.319063:ERROR:legacy_app_id_mapper_impl.cc(58)] Unknown app_id AndroidNativeApp
06-13 16:59:33.319  2209  2209 I cast_shell: [0613/165933.319202:INFO:application_manager_impl.cc(1612)] Creating factory with display id
06-13 16:59:33.319  2209  2209 I cast_shell: [0613/165933.319575:INFO:resource_manager_impl.cc(117)] Resources requested for app AndroidNativeApp (Sandbox Music), session_id=283ce424-6f87-4833-925f-931d0597c2ca, mandatory=1, optional=0, tokens=[], external=0, only_if_available=0
06-13 16:59:33.319  2209  2209 I cast_shell: [0613/165933.319724:INFO:application_manager_impl.cc(2006)] Resources granted to app: app=AndroidNativeApp (Sandbox Music), session_id=283ce424-6f87-4833-925f-931d0597c2ca, resources=1, token_resources=[]
06-13 16:59:33.319  2209  2335 I cast_shell: [0613/165933.319724:INFO:v2_transport.cc(439)] Added Cast V2 endpoint: id=283ce424-6f87-4833-925f-931d0597c2ca, socket_factory_id=[REDACTED]
06-13 16:59:33.319  2209  2209 E cast_shell: [0613/165933.319880:ERROR:legacy_app_id_mapper_impl.cc(58)] Unknown app_id AndroidNativeApp
06-13 16:59:33.320  2209  2209 W cast_shell: [0613/165933.319982:WARNING:media_control_handler.cc(59)] Unknown player state: 
06-13 16:59:33.320  2209  2209 W cast_shell: [0613/165933.320033:WARNING:media_control_handler.cc(59)] Unknown player state: 
06-13 16:59:33.320  2209  2209 I cast_shell: [0613/165933.320092:INFO:remote_control_application_manager.cc(463)] Local media app AndroidNativeApp (Sandbox Music), session_id=283ce424-6f87-4833-925f-931d0597c2ca does not require a remote control app
06-13 16:59:33.320  2209  2209 I cast_shell: [0613/165933.320155:INFO:api_reboot_idle_checker.cc(104)] active_activities count=1
06-13 16:59:33.320  2209  2209 I cast_shell: [0613/165933.320187:INFO:cast_session_manager_impl.cc(853)] Sending 0 media sessions. (from:OnCurrentAppChanged@chromecast/internal/receiver/cast_session/cast_session_manager_impl.cc:785)
06-13 16:59:33.320  2209  2209 W cast_shell: [0613/165933.320249:WARNING:media_control_handler.cc(59)] Unknown player state: 
