06-13 20:45:10.708  3250  4158 E msys    : E[N mns:DGWClient]_LogError(280)=>Failed to resolve using system DNS resolver, getaddrinfo(): No address associated with hostname
06-13 20:45:10.764  1722  9292 E         : DNS_CACHE: hanle request << lookupdns: hostname:test-gateway.instagram.com, servername:443, ai_flags:1024, ai_family:0, ai_socktype:2, ai_protocol:0, netid:0, uid:10526
06-13 20:45:10.764  3250  4164 D DNS_CACHE: oplus_oplus_getaddrinfo_proxy lookup from netd: hostname:test-gateway.instagram.com, servname:443 uid: 10526, result_code:408, res = 0x0, found = 0
06-13 20:45:10.768  3250  4158 E msys    : E[N mns:DGWClient]_LogError(280)=>Failed to resolve using system DNS resolver, getaddrinfo(): No address associated with hostname
06-13 20:45:11.149  2138  2762 E HwcComposer: getLuts failed Status(-129, EX_TRANSACTION_FAILED): 'UNKNOWN_TRANSACTION: '
06-13 20:45:11.648  3084  3084 I cnss-daemon: nl80211 response handler invoked
06-13 20:45:11.670  1946  5852 E SmcInvoke_MinkDescriptor: mem obj with id :15 not found in list
06-13 20:45:11.898  1722  9292 E         : DNS_CACHE: hanle request << lookupdns: hostname:graph.facebook.com, servername:443, ai_flags:1024, ai_family:0, ai_socktype:2, ai_protocol:0, netid:0, uid:10526
06-13 20:45:11.899  3250  3851 D DNS_CACHE: oplus_oplus_getaddrinfo_proxy lookup from netd: hostname:graph.facebook.com, servname:443 uid: 10526, result_code:408, res = 0x0, found = 0
06-13 20:45:11.902  1722  9292 E         : DNS_CACHE: hanle request << lookupdns: hostname:graph.facebook.com, servername:443, ai_flags:1024, ai_family:0, ai_socktype:1, ai_protocol:0, netid:0, uid:10526
06-13 20:45:11.903  3250  3855 D DNS_CACHE: oplus_oplus_getaddrinfo_proxy lookup from netd: hostname:graph.facebook.com, servname:443 uid: 10526, result_code:408, res = 0x0, found = 0
06-13 20:45:11.904  3250  3958 E msys    : E[N mns:TigonMNS]_LogError(280)=>Failed to resolve using system DNS resolver, getaddrinfo(): No address associated with hostname
06-13 20:45:11.906  3250  3958 E msys    : E[N mns:TigonMNS]_LogError(280)=>Failed to resolve using system DNS resolver, getaddrinfo(): No address associated with hostname
06-13 20:45:12.490  2138  2762 E HwcComposer: getLuts failed Status(-129, EX_TRANSACTION_FAILED): 'UNKNOWN_TRANSACTION: '
06-13 20:45:13.122 21207 21207 D BoundBrokerSvc: onRebind: Intent { act=com.google.android.gms.auth.aang.events.services.START dat=chimera-action:/... xflg=0x4 cmp=com.google.android.gms/.chimera.PersistentApiService mCallingUid=1210119 }
06-13 20:45:13.547  2138  2762 E HwcComposer: getLuts failed Status(-129, EX_TRANSACTION_FAILED): 'UNKNOWN_TRANSACTION: '
06-13 20:45:13.650  3084  3084 I cnss-daemon: nl80211 response handler invoked
06-13 20:45:13.652  1722  9292 E         : DNS_CACHE: hanle request << lookupdns: hostname:p-hermes2.grabtaxi.com, servername:^, ai_flags:1024, ai_family:0, ai_socktype:1, ai_protocol:0, netid:0, uid:10423
06-13 20:45:13.653 19482 25084 D DNS_CACHE: oplus_oplus_getaddrinfo_proxy lookup from netd: hostname:p-hermes2.grabtaxi.com, servname:(null) uid: 10423, result_code:408, res = 0x0, found = 0
06-13 20:45:14.124 21207 21207 D BoundBrokerSvc: onRebind: Intent { act=com.google.android.gms.libs.gmscorelogger.service.START dat=chimera-action:/... xflg=0x4 cmp=com.google.android.gms/.chimera.PersistentDirectBootAwareApiService mCallingUid=1210119 }
06-13 20:45:14.373 15804 15804 E Capacitor/Console: File: https://localhost/assets/index-tro0VzBr.js - Line 516 - Msg: [SandboxE2E] AREA=mobile-play RESULT=FAIL query=Shake It Off via=app-pipeline
06-13 20:45:15.513  2138  2762 E HwcComposer: getLuts failed Status(-129, EX_TRANSACTION_FAILED): 'UNKNOWN_TRANSACTION: '
06-13 20:45:15.654  3084  3084 I cnss-daemon: nl80211 response handler invoked
06-13 20:45:15.944  2138  2762 E HwcComposer: getLuts failed Status(-129, EX_TRANSACTION_FAILED): 'UNKNOWN_TRANSACTION: '
06-13 20:45:16.243  1722  9292 E         : DNS_CACHE: hanle request << lookupdns: hostname:test-gateway.instagram.com, servername:443, ai_flags:1024, ai_family:0, ai_socktype:2, ai_protocol:0, netid:0, uid:10526
06-13 20:45:16.244  3250  4174 D DNS_CACHE: oplus_oplus_getaddrinfo_proxy lookup from netd: hostname:test-gateway.instagram.com, servname:443 uid: 10526, result_code:408, res = 0x0, found = 0
06-13 20:45:16.247  1722  9292 E         : DNS_CACHE: hanle request << lookupdns: hostname:test-gateway.instagram.com, servername:443, ai_flags:1024, ai_family:0, ai_socktype:1, ai_protocol:0, netid:0, uid:10526
06-13 20:45:16.248  3250  4172 D DNS_CACHE: oplus_oplus_getaddrinfo_proxy lookup from netd: hostname:test-gateway.instagram.com, servname:443 uid: 10526, result_code:408, res = 0x0, found = 0
06-13 20:45:16.250  3250  4158 E msys    : E[N mns:DGWClient]_LogError(280)=>Failed to resolve using system DNS resolver, getaddrinfo(): No address associated with hostname
06-13 20:45:16.250  3250  4158 E msys    : E[N mns:DGWClient]_LogError(280)=>Failed to resolve using system DNS resolver, getaddrinfo(): No address associated with hostname
06-13 20:45:17.462  1722  9292 E         : DNS_CACHE: hanle request << lookupdns: hostname:test-gateway.instagram.com, servername:443, ai_flags:1024, ai_family:0, ai_socktype:2, ai_protocol:0, netid:0, uid:10526
06-13 20:45:17.462  3250  4173 D DNS_CACHE: oplus_oplus_getaddrinfo_proxy lookup from netd: hostname:test-gateway.instagram.com, servname:443 uid: 10526, result_code:408, res = 0x0, found = 0
06-13 20:45:17.468  3250  4158 E msys    : E[N mns:DGWClient]_LogError(280)=>Failed to resolve using system DNS resolver, getaddrinfo(): No address associated with hostname
06-13 20:45:17.690  3084  3084 I cnss-daemon: nl80211 response handler invoked
06-13 20:45:17.898  3480  4187 D osense.compress: com.facebook.orca do shrink, target ratio = 45, final ratio = 90, cur ratio = 0
06-13 20:45:18.403  1722  9292 E         : DNS_CACHE: hanle request << lookupdns: hostname:test-gateway.instagram.com, servername:443, ai_flags:1024, ai_family:0, ai_socktype:2, ai_protocol:0, netid:0, uid:10526
06-13 20:45:18.404  3250  4164 D DNS_CACHE: oplus_oplus_getaddrinfo_proxy lookup from netd: hostname:test-gateway.instagram.com, servname:443 uid: 10526, result_code:408, res = 0x0, found = 0
06-13 20:45:18.408  3250  4158 E msys    : E[N mns:DGWClient]_LogError(280)=>Failed to resolve using system DNS resolver, getaddrinfo(): No address associated with hostname
06-13 20:45:18.549  2138  2762 E HwcComposer: getLuts failed Status(-129, EX_TRANSACTION_FAILED): 'UNKNOWN_TRANSACTION: '
06-13 20:45:18.660  1722  9292 E         : DNS_CACHE: hanle request << lookupdns: hostname:p-hermes2.grabtaxi.com, servername:^, ai_flags:1024, ai_family:0, ai_socktype:1, ai_protocol:0, netid:0, uid:10423
06-13 20:45:18.661 19482 25084 D DNS_CACHE: oplus_oplus_getaddrinfo_proxy lookup from netd: hostname:p-hermes2.grabtaxi.com, servname:(null) uid: 10423, result_code:408, res = 0x0, found = 0
06-13 20:45:19.668  3084  3084 I cnss-daemon: nl80211 response handler invoked
06-13 20:45:20.748  2138  2762 E HwcComposer: getLuts failed Status(-129, EX_TRANSACTION_FAILED): 'UNKNOWN_TRANSACTION: '
06-13 20:45:21.557 10560 11596 D adapter::platform::an..: adapter/src/platform/android/wifi.rs:102: invokeStateCallbackAP entry
06-13 20:45:21.558 10560 11596 D adapter::platform::an..: invoke return [JoinHandle { id: Id(19680) }]
06-13 20:45:21.558 10560 11311 D jni::wrapper::java_vm..: Attached thread tokio-rt-worker (ThreadId(3)). 1 threads attached
06-13 20:45:21.560 10560 16645 W PTC.DISC.NetRegisterCentral: registerLanInfo failed. msg=Account not logged in desc=wlanAvailable(repeat=0)
06-13 20:45:21.571  2138  2762 E HwcComposer: getLuts failed Status(-129, EX_TRANSACTION_FAILED): 'UNKNOWN_TRANSACTION: '
06-13 20:45:21.577 22848 23059 D adapter::platform::an..: adapter/src/platform/android/wifi.rs:102: invokeStateCallbackAP entry
06-13 20:45:21.577 22848 22899 D jni::wrapper::java_vm..: Attached thread tokio-rt-worker (ThreadId(4)). 1 threads attached
06-13 20:45:21.578 22848 23059 D adapter::platform::an..: invoke return [JoinHandle { id: Id(834) }]
06-13 20:45:21.583 10560 11311 D jni::wrapper::java_vm..: Detached thread tokio-rt-worker (ThreadId(3)). 0 threads remain attached
06-13 20:45:21.587 22848 22899 D jni::wrapper::java_vm..: Detached thread tokio-rt-worker (ThreadId(4)). 0 threads remain attached
06-13 20:45:21.589 10560 11311 D connection::networkin..: connection::networking::link_switch::link_detection:155:[link_detection_listener_start] Link detection listener with same instance_id WLAN_STA and ip 19********38 already running, returning OK
06-13 20:45:21.589 10560 11311 D connection::networkin..: connection::networking::link_switch::link_detection:266:[link_detection_sender_start] Link detection sender with same instance_id WLAN_STA and ip 19*******.1 already running, returning OK
06-13 20:45:21.589 10560 11311 D jni::wrapper::java_vm..: Attached thread tokio-rt-worker (ThreadId(3)). 1 threads attached
06-13 20:45:21.589 10560 11311 D jni::wrapper::java_vm..: Detached thread tokio-rt-worker (ThreadId(3)). 0 threads remain attached
06-13 20:45:21.592 22848 22899 D connection::networkin..: connection::networking::link_switch::link_detection:155:[link_detection_listener_start] Link detection listener with same instance_id WLAN_STA and ip 19********38 already running, returning OK
06-13 20:45:21.592 22848 22899 D connection::networkin..: connection::networking::link_switch::link_detection:266:[link_detection_sender_start] Link detection sender with same instance_id WLAN_STA and ip 19*******.1 already running, returning OK
06-13 20:45:21.592 22848 22899 D jni::wrapper::java_vm..: Attached thread tokio-rt-worker (ThreadId(4)). 1 threads attached
06-13 20:45:21.592 22848 22899 D jni::wrapper::java_vm..: Detached thread tokio-rt-worker (ThreadId(4)). 0 threads remain attached
06-13 20:45:21.673  3084  3084 I cnss-daemon: nl80211 response handler invoked
06-13 20:45:23.149  2138  2762 E HwcComposer: getLuts failed Status(-129, EX_TRANSACTION_FAILED): 'UNKNOWN_TRANSACTION: '
06-13 20:45:23.458  1722  9292 E         : DNS_CACHE: hanle request << lookupdns: hostname:test-gateway.instagram.com, servername:443, ai_flags:1024, ai_family:0, ai_socktype:2, ai_protocol:0, netid:0, uid:10526
06-13 20:45:23.459  3250  4174 D DNS_CACHE: oplus_oplus_getaddrinfo_proxy lookup from netd: hostname:test-gateway.instagram.com, servname:443 uid: 10526, result_code:408, res = 0x0, found = 0
06-13 20:45:23.465  3250  4158 E msys    : E[N mns:DGWClient]_LogError(280)=>Failed to resolve using system DNS resolver, getaddrinfo(): No address associated with hostname
06-13 20:45:23.468  1722  9292 E         : DNS_CACHE: hanle request << lookupdns: hostname:test-gateway.instagram.com, servername:443, ai_flags:1024, ai_family:0, ai_socktype:1, ai_protocol:0, netid:0, uid:10526
06-13 20:45:23.468  3250  4172 D DNS_CACHE: oplus_oplus_getaddrinfo_proxy lookup from netd: hostname:test-gateway.instagram.com, servname:443 uid: 10526, result_code:408, res = 0x0, found = 0
06-13 20:45:23.472  3250  4158 E msys    : E[N mns:DGWClient]_LogError(280)=>Failed to resolve using system DNS resolver, getaddrinfo(): No address associated with hostname
06-13 20:45:23.668  1722  9292 E         : DNS_CACHE: hanle request << lookupdns: hostname:p-hermes2.grabtaxi.com, servername:^, ai_flags:1024, ai_family:0, ai_socktype:1, ai_protocol:0, netid:0, uid:10423
06-13 20:45:23.668 19482 25084 D DNS_CACHE: oplus_oplus_getaddrinfo_proxy lookup from netd: hostname:p-hermes2.grabtaxi.com, servname:(null) uid: 10423, result_code:408, res = 0x0, found = 0
06-13 20:45:23.674  3084  3084 I cnss-daemon: nl80211 response handler invoked
06-13 20:45:24.286  1722  9292 E         : DNS_CACHE: hanle request << lookupdns: hostname:mail-api.proton.me, servername:^, ai_flags:0, ai_family:0, ai_socktype:1, ai_protocol:0, netid:0, uid:10438
06-13 20:45:24.287 29259  3795 D DNS_CACHE: oplus_oplus_getaddrinfo_proxy lookup from netd: hostname:mail-api.proton.me, servname:(null) uid: 10438, result_code:408, res = 0x0, found = 0
06-13 20:45:24.295  1722  9292 E         : DNS_CACHE: hanle request << lookupdns: hostname:dns.quad9.net, servername:^, ai_flags:0, ai_family:0, ai_socktype:1, ai_protocol:0, netid:0, uid:10438
06-13 20:45:24.296 29259  3795 D DNS_CACHE: oplus_oplus_getaddrinfo_proxy lookup from netd: hostname:dns.quad9.net, servname:(null) uid: 10438, result_code:408, res = 0x0, found = 0
06-13 20:45:24.303  1722  9292 E         : DNS_CACHE: hanle request << lookupdns: hostname:dns.google, servername:^, ai_flags:0, ai_family:0, ai_socktype:1, ai_protocol:0, netid:0, uid:10438
06-13 20:45:24.304 29259  3795 D DNS_CACHE: oplus_oplus_getaddrinfo_proxy lookup from netd: hostname:dns.google, servname:(null) uid: 10438, result_code:408, res = 0x0, found = 0
06-13 20:45:24.311  1722  9292 E         : DNS_CACHE: hanle request << lookupdns: hostname:dns.quad9.net, servername:^, ai_flags:0, ai_family:0, ai_socktype:1, ai_protocol:0, netid:0, uid:10438
06-13 20:45:24.311 29259  3795 D DNS_CACHE: oplus_oplus_getaddrinfo_proxy lookup from netd: hostname:dns.quad9.net, servname:(null) uid: 10438, result_code:408, res = 0x0, found = 0
06-13 20:45:24.317  1722  9292 E         : DNS_CACHE: hanle request << lookupdns: hostname:dns.google, servername:^, ai_flags:0, ai_family:0, ai_socktype:1, ai_protocol:0, netid:0, uid:10438
06-13 20:45:24.318 29259  3795 D DNS_CACHE: oplus_oplus_getaddrinfo_proxy lookup from netd: hostname:dns.google, servname:(null) uid: 10438, result_code:408, res = 0x0, found = 0
06-13 20:45:24.577 10560 16645 W PTC.DISC.NetRegisterCentral: registerLanInfo failed. msg=Account not logged in desc=wlanAvailable(repeat=0)
06-13 20:45:24.579 10560 11596 D adapter::platform::an..: adapter/src/platform/android/wifi.rs:102: invokeStateCallbackAP entry
06-13 20:45:24.579 10560 11596 D adapter::platform::an..: invoke return [JoinHandle { id: Id(19682) }]
06-13 20:45:24.581 10560 11311 D jni::wrapper::java_vm..: Attached thread tokio-rt-worker (ThreadId(3)). 1 threads attached
06-13 20:45:24.587 10560 11311 D jni::wrapper::java_vm..: Detached thread tokio-rt-worker (ThreadId(3)). 0 threads remain attached
06-13 20:45:24.589 10560 11311 D connection::networkin..: connection::networking::link_switch::link_detection:155:[link_detection_listener_start] Link detection listener with same instance_id WLAN_STA and ip 19********38 already running, returning OK
06-13 20:45:24.589 10560 11311 D connection::networkin..: connection::networking::link_switch::link_detection:266:[link_detection_sender_start] Link detection sender with same instance_id WLAN_STA and ip 19*******.1 already running, returning OK
06-13 20:45:24.589 10560 11311 D jni::wrapper::java_vm..: Attached thread tokio-rt-worker (ThreadId(3)). 1 threads attached
06-13 20:45:24.589 10560 11311 D jni::wrapper::java_vm..: Detached thread tokio-rt-worker (ThreadId(3)). 0 threads remain attached
06-13 20:45:24.598 22848 23059 D adapter::platform::an..: adapter/src/platform/android/wifi.rs:102: invokeStateCallbackAP entry
06-13 20:45:24.599 22848 23059 D adapter::platform::an..: invoke return [JoinHandle { id: Id(836) }]
06-13 20:45:24.599 22848 22900 D jni::wrapper::java_vm..: Attached thread tokio-rt-worker (ThreadId(5)). 1 threads attached
06-13 20:45:24.611 22848 22900 D jni::wrapper::java_vm..: Detached thread tokio-rt-worker (ThreadId(5)). 0 threads remain attached
06-13 20:45:24.617 22848 22900 D connection::networkin..: connection::networking::link_switch::link_detection:155:[link_detection_listener_start] Link detection listener with same instance_id WLAN_STA and ip 19********38 already running, returning OK
06-13 20:45:24.617 22848 22900 D connection::networkin..: connection::networking::link_switch::link_detection:266:[link_detection_sender_start] Link detection sender with same instance_id WLAN_STA and ip 19*******.1 already running, returning OK
06-13 20:45:24.617 22848 22900 D jni::wrapper::java_vm..: Attached thread tokio-rt-worker (ThreadId(5)). 1 threads attached
06-13 20:45:24.617 22848 22900 D jni::wrapper::java_vm..: Detached thread tokio-rt-worker (ThreadId(5)). 0 threads remain attached
06-13 20:45:24.828  1722  9292 E         : DNS_CACHE: hanle request << lookupdns: hostname:test-gateway.instagram.com, servername:443, ai_flags:1024, ai_family:0, ai_socktype:2, ai_protocol:0, netid:0, uid:10526
06-13 20:45:24.829  3250  4173 D DNS_CACHE: oplus_oplus_getaddrinfo_proxy lookup from netd: hostname:test-gateway.instagram.com, servname:443 uid: 10526, result_code:408, res = 0x0, found = 0
06-13 20:45:24.835  3250  4158 E msys    : E[N mns:DGWClient]_LogError(280)=>Failed to resolve using system DNS resolver, getaddrinfo(): No address associated with hostname
06-13 20:45:25.709  3084  3084 I cnss-daemon: nl80211 response handler invoked
06-13 20:45:25.767  3250  4190 E MQTTBypassDGWStreamGroupConnection.cpp: connect failed. Callbacks terminated before ack received
06-13 20:45:26.784  1722  9292 E         : DNS_CACHE: hanle request << lookupdns: hostname:test-gateway.instagram.com, servername:443, ai_flags:1024, ai_family:0, ai_socktype:2, ai_protocol:0, netid:0, uid:10526
06-13 20:45:26.784  3250  4164 D DNS_CACHE: oplus_oplus_getaddrinfo_proxy lookup from netd: hostname:test-gateway.instagram.com, servname:443 uid: 10526, result_code:408, res = 0x0, found = 0
06-13 20:45:26.789  3250  4158 E msys    : E[N mns:DGWClient]_LogError(280)=>Failed to resolve using system DNS resolver, getaddrinfo(): No address associated with hostname
06-13 20:45:27.601  2138  2762 E HwcComposer: getLuts failed Status(-129, EX_TRANSACTION_FAILED): 'UNKNOWN_TRANSACTION: '
06-13 20:45:27.688  3084  3084 I cnss-daemon: nl80211 response handler invoked
06-13 20:45:27.944  2138  2762 E HwcComposer: getLuts failed Status(-129, EX_TRANSACTION_FAILED): 'UNKNOWN_TRANSACTION: '
06-13 20:45:28.149 21207 21207 D BoundBrokerSvc: onUnbind: Intent { act=com.google.android.gms.auth.aang.events.services.START dat=chimera-action:/... xflg=0x4 cmp=com.google.android.gms/.chimera.PersistentApiService mCallingUid=1210119 }
06-13 20:45:28.679  1722  9292 E         : DNS_CACHE: hanle request << lookupdns: hostname:p-hermes2.grabtaxi.com, servername:^, ai_flags:1024, ai_family:0, ai_socktype:1, ai_protocol:0, netid:0, uid:10423
06-13 20:45:28.680 19482 25084 D DNS_CACHE: oplus_oplus_getaddrinfo_proxy lookup from netd: hostname:p-hermes2.grabtaxi.com, servname:(null) uid: 10423, result_code:408, res = 0x0, found = 0
06-13 20:45:29.144 21207 21207 D BoundBrokerSvc: onUnbind: Intent { act=com.google.android.gms.libs.gmscorelogger.service.START dat=chimera-action:/... xflg=0x4 cmp=com.google.android.gms/.chimera.PersistentDirectBootAwareApiService mCallingUid=1210119 }
06-13 20:45:29.691  3084  3084 I cnss-daemon: nl80211 response handler invoked
06-13 20:45:30.636  2138  2762 E HwcComposer: getLuts failed Status(-129, EX_TRANSACTION_FAILED): 'UNKNOWN_TRANSACTION: '
06-13 20:45:30.638 10560 16645 W PTC.DISC.NetRegisterCentral: registerLanInfo failed. msg=Account not logged in desc=wlanAvailable(repeat=0)
06-13 20:45:30.642 10560 11596 D adapter::platform::an..: adapter/src/platform/android/wifi.rs:102: invokeStateCallbackAP entry
06-13 20:45:30.642 10560 11596 D adapter::platform::an..: invoke return [JoinHandle { id: Id(19684) }]
06-13 20:45:30.645 10560 11311 D jni::wrapper::java_vm..: Attached thread tokio-rt-worker (ThreadId(3)). 1 threads attached
06-13 20:45:30.656 10560 11311 D jni::wrapper::java_vm..: Detached thread tokio-rt-worker (ThreadId(3)). 0 threads remain attached
06-13 20:45:30.660 10560 11311 D connection::networkin..: connection::networking::link_switch::link_detection:155:[link_detection_listener_start] Link detection listener with same instance_id WLAN_STA and ip 19********38 already running, returning OK
06-13 20:45:30.660 10560 11311 D connection::networkin..: connection::networking::link_switch::link_detection:266:[link_detection_sender_start] Link detection sender with same instance_id WLAN_STA and ip 19*******.1 already running, returning OK
06-13 20:45:30.660 10560 11311 D jni::wrapper::java_vm..: Attached thread tokio-rt-worker (ThreadId(3)). 1 threads attached
06-13 20:45:30.660 10560 11311 D jni::wrapper::java_vm..: Detached thread tokio-rt-worker (ThreadId(3)). 0 threads remain attached
06-13 20:45:30.664 22848 23059 D adapter::platform::an..: adapter/src/platform/android/wifi.rs:102: invokeStateCallbackAP entry
06-13 20:45:30.664 22848 23059 D adapter::platform::an..: invoke return [JoinHandle { id: Id(838) }]
06-13 20:45:30.665 22848 22897 D jni::wrapper::java_vm..: Attached thread tokio-rt-worker (ThreadId(2)). 1 threads attached
06-13 20:45:30.675  1722  9292 E         : DNS_CACHE: hanle request << lookupdns: hostname:test-gateway.instagram.com, servername:443, ai_flags:1024, ai_family:0, ai_socktype:2, ai_protocol:0, netid:0, uid:10526
06-13 20:45:30.675  3250  4174 D DNS_CACHE: oplus_oplus_getaddrinfo_proxy lookup from netd: hostname:test-gateway.instagram.com, servname:443 uid: 10526, result_code:408, res = 0x0, found = 0
06-13 20:45:30.676  1722  9292 E         : DNS_CACHE: hanle request << lookupdns: hostname:test-gateway.instagram.com, servername:443, ai_flags:1024, ai_family:0, ai_socktype:1, ai_protocol:0, netid:0, uid:10526
06-13 20:45:30.676  3250  4172 D DNS_CACHE: oplus_oplus_getaddrinfo_proxy lookup from netd: hostname:test-gateway.instagram.com, servname:443 uid: 10526, result_code:408, res = 0x0, found = 0
06-13 20:45:30.677  3250  4158 E msys    : E[N mns:DGWClient]_LogError(280)=>Failed to resolve using system DNS resolver, getaddrinfo(): No address associated with hostname
06-13 20:45:30.679  3250  4158 E msys    : E[N mns:DGWClient]_LogError(280)=>Failed to resolve using system DNS resolver, getaddrinfo(): No address associated with hostname
06-13 20:45:30.680 22848 22897 D jni::wrapper::java_vm..: Detached thread tokio-rt-worker (ThreadId(2)). 0 threads remain attached
06-13 20:45:30.684 22848 22897 D connection::networkin..: connection::networking::link_switch::link_detection:155:[link_detection_listener_start] Link detection listener with same instance_id WLAN_STA and ip 19********38 already running, returning OK
06-13 20:45:30.684 22848 22897 D connection::networkin..: connection::networking::link_switch::link_detection:266:[link_detection_sender_start] Link detection sender with same instance_id WLAN_STA and ip 19*******.1 already running, returning OK
06-13 20:45:30.684 22848 22897 D jni::wrapper::java_vm..: Attached thread tokio-rt-worker (ThreadId(2)). 1 threads attached
06-13 20:45:30.685 22848 22897 D jni::wrapper::java_vm..: Detached thread tokio-rt-worker (ThreadId(2)). 0 threads remain attached
06-13 20:45:31.691  3084  3084 I cnss-daemon: nl80211 response handler invoked
06-13 20:45:31.822  1722  9292 E         : DNS_CACHE: hanle request << lookupdns: hostname:test-gateway.instagram.com, servername:443, ai_flags:1024, ai_family:0, ai_socktype:2, ai_protocol:0, netid:0, uid:10526
06-13 20:45:31.823  3250  4173 D DNS_CACHE: oplus_oplus_getaddrinfo_proxy lookup from netd: hostname:test-gateway.instagram.com, servname:443 uid: 10526, result_code:408, res = 0x0, found = 0
06-13 20:45:31.829  3250  4158 E msys    : E[N mns:DGWClient]_LogError(280)=>Failed to resolve using system DNS resolver, getaddrinfo(): No address associated with hostname
06-13 20:45:32.751  2138  2762 E HwcComposer: getLuts failed Status(-129, EX_TRANSACTION_FAILED): 'UNKNOWN_TRANSACTION: '
06-13 20:45:33.685  1722  9292 E         : DNS_CACHE: hanle request << lookupdns: hostname:p-hermes2.grabtaxi.com, servername:^, ai_flags:1024, ai_family:0, ai_socktype:1, ai_protocol:0, netid:0, uid:10423
06-13 20:45:33.686 19482 25084 D DNS_CACHE: oplus_oplus_getaddrinfo_proxy lookup from netd: hostname:p-hermes2.grabtaxi.com, servname:(null) uid: 10423, result_code:408, res = 0x0, found = 0
06-13 20:45:33.726  3084  3084 I cnss-daemon: nl80211 response handler invoked
06-13 20:45:34.956  1722  9292 E         : DNS_CACHE: hanle request << lookupdns: hostname:api.grab.com, servername:^, ai_flags:1024, ai_family:0, ai_socktype:1, ai_protocol:0, netid:0, uid:10423
06-13 20:45:34.957 19482  4114 D DNS_CACHE: oplus_oplus_getaddrinfo_proxy lookup from netd: hostname:api.grab.com, servname:(null) uid: 10423, result_code:408, res = 0x0, found = 0
06-13 20:45:35.705  3084  3084 I cnss-daemon: nl80211 response handler invoked
06-13 20:45:37.453  1722  9292 E         : DNS_CACHE: hanle request << lookupdns: hostname:version1-uk.0.0, servername:^, ai_flags:1024, ai_family:0, ai_socktype:1, ai_protocol:0, netid:0, uid:10114
06-13 20:45:37.453 25501 26020 D DNS_CACHE: oplus_oplus_getaddrinfo_proxy lookup from netd: hostname:version1-uk.0.0, servname:(null) uid: 10114, result_code:408, res = 0x0, found = 0
06-13 20:45:37.458 25501 26020 E NDSF.Server.QueryHostWorker: CloudConfig throwable:未匹配到符合条件的数据 未匹配到符合条件的数据 [com.heytap.nearx.cloudconfig.impl.ObservableQueryExecutor$queryEntities$1.invoke(SourceFile:3), com.heytap.nearx.cloudconfig.impl.ObservableQueryExecutor$queryEntities$1.invoke(SourceFile:1), com.heytap.nearx.cloudconfig.observable.Observable$map$1$call$1.invoke(SourceFile:2), com.heytap.nearx.cloudconfig.observable.Observable$map$1$call$1.invoke(SourceFile:1), com.heytap.nearx.cloudconfig.observable.RealSubscriber.invoke(SourceFile:2), com.heytap.nearx.cloudconfig.observable.RealSubscriber.invoke(SourceFile:1), com.heytap.nearx.cloudconfig.observable.Observable$Companion.safeInvoke(Unknown Source:4), com.heytap.nearx.cloudconfig.observable.Observable$Companion.access$safeInvoke(Unknown Source:0), com.heytap.nearx.cloudconfig.observable.Observable$observeOn$1$call$1$1.run(Unknown Source:8), java.util.concurrent.ThreadPoolExecutor.runWorker(ThreadPoolExecutor.java:1154), java.util.concurrent.ThreadPoolExecutor$Worker.run(ThreadPoolExecutor.java:652), java.lang.Thread.run(Thread.java:1564)]
06-13 20:45:37.707  3084  3084 I cnss-daemon: nl80211 response handler invoked
06-13 20:45:37.893  1722  9292 E         : DNS_CACHE: hanle request << lookupdns: hostname:test-gateway.instagram.com, servername:443, ai_flags:1024, ai_family:0, ai_socktype:2, ai_protocol:0, netid:0, uid:10526
06-13 20:45:37.894  3250  4164 D DNS_CACHE: oplus_oplus_getaddrinfo_proxy lookup from netd: hostname:test-gateway.instagram.com, servname:443 uid: 10526, result_code:408, res = 0x0, found = 0
06-13 20:45:37.898  1722  9292 E         : DNS_CACHE: hanle request << lookupdns: hostname:test-gateway.instagram.com, servername:443, ai_flags:1024, ai_family:0, ai_socktype:1, ai_protocol:0, netid:0, uid:10526
06-13 20:45:37.899  3250  4174 D DNS_CACHE: oplus_oplus_getaddrinfo_proxy lookup from netd: hostname:test-gateway.instagram.com, servname:443 uid: 10526, result_code:408, res = 0x0, found = 0
06-13 20:45:37.901  3250  4158 E msys    : E[N mns:DGWClient]_LogError(280)=>Failed to resolve using system DNS resolver, getaddrinfo(): No address associated with hostname
06-13 20:45:37.903  3250  4158 E msys    : E[N mns:DGWClient]_LogError(280)=>Failed to resolve using system DNS resolver, getaddrinfo(): No address associated with hostname
06-13 20:45:37.905  3480  4187 D osense.compress: com.facebook.orca do shrink, target ratio = 45, final ratio = 90, cur ratio = 0
06-13 20:45:37.989  1722  9292 E         : DNS_CACHE: hanle request << lookupdns: hostname:test-gateway.instagram.com, servername:443, ai_flags:1024, ai_family:0, ai_socktype:2, ai_protocol:0, netid:0, uid:10526
06-13 20:45:37.990  3250  4172 D DNS_CACHE: oplus_oplus_getaddrinfo_proxy lookup from netd: hostname:test-gateway.instagram.com, servname:443 uid: 10526, result_code:408, res = 0x0, found = 0
06-13 20:45:37.996  3250  4158 E msys    : E[N mns:DGWClient]_LogError(280)=>Failed to resolve using system DNS resolver, getaddrinfo(): No address associated with hostname
06-13 20:45:38.531  3480  3578 I LocaleConfig: parseLocaleConfig: resourceName=ai.x.grok:xml/_generated_res_locale_config
06-13 20:45:38.532  3480  3578 I LocaleConfig: parseLocaleConfig: resourceName=ai.x.grok:xml/_generated_res_locale_config
06-13 20:45:38.544  2138  2762 E HwcComposer: getLuts failed Status(-129, EX_TRANSACTION_FAILED): 'UNKNOWN_TRANSACTION: '
06-13 20:45:38.692  1722  9292 E         : DNS_CACHE: hanle request << lookupdns: hostname:p-hermes2.grabtaxi.com, servername:^, ai_flags:1024, ai_family:0, ai_socktype:1, ai_protocol:0, netid:0, uid:10423
06-13 20:45:38.693 19482 25084 D DNS_CACHE: oplus_oplus_getaddrinfo_proxy lookup from netd: hostname:p-hermes2.grabtaxi.com, servname:(null) uid: 10423, result_code:408, res = 0x0, found = 0
06-13 20:45:38.797  2138  2762 E HwcComposer: getLuts failed Status(-129, EX_TRANSACTION_FAILED): 'UNKNOWN_TRANSACTION: '
06-13 20:45:39.743  3084  3084 I cnss-daemon: nl80211 response handler invoked
06-13 20:45:39.945  2138  2762 E HwcComposer: getLuts failed Status(-129, EX_TRANSACTION_FAILED): 'UNKNOWN_TRANSACTION: '
06-13 20:45:41.739  3084  3084 I cnss-daemon: nl80211 response handler invoked
06-13 20:45:43.702  1722  9292 E         : DNS_CACHE: hanle request << lookupdns: hostname:p-hermes2.grabtaxi.com, servername:^, ai_flags:1024, ai_family:0, ai_socktype:1, ai_protocol:0, netid:0, uid:10423
06-13 20:45:43.703 19482 25084 D DNS_CACHE: oplus_oplus_getaddrinfo_proxy lookup from netd: hostname:p-hermes2.grabtaxi.com, servname:(null) uid: 10423, result_code:408, res = 0x0, found = 0
06-13 20:45:43.722  3084  3084 I cnss-daemon: nl80211 response handler invoked
06-13 20:45:45.110  1722  9292 E         : DNS_CACHE: hanle request << lookupdns: hostname:test-gateway.instagram.com, servername:443, ai_flags:1024, ai_family:0, ai_socktype:2, ai_protocol:0, netid:0, uid:10526
06-13 20:45:45.111  3250  4173 D DNS_CACHE: oplus_oplus_getaddrinfo_proxy lookup from netd: hostname:test-gateway.instagram.com, servname:443 uid: 10526, result_code:408, res = 0x0, found = 0
06-13 20:45:45.116  3250  4158 E msys    : E[N mns:DGWClient]_LogError(280)=>Failed to resolve using system DNS resolver, getaddrinfo(): No address associated with hostname
06-13 20:45:45.118  1722  9292 E         : DNS_CACHE: hanle request << lookupdns: hostname:test-gateway.instagram.com, servername:443, ai_flags:1024, ai_family:0, ai_socktype:1, ai_protocol:0, netid:0, uid:10526
06-13 20:45:45.119  3250  4164 D DNS_CACHE: oplus_oplus_getaddrinfo_proxy lookup from netd: hostname:test-gateway.instagram.com, servname:443 uid: 10526, result_code:408, res = 0x0, found = 0
06-13 20:45:45.121  3250  4158 E msys    : E[N mns:DGWClient]_LogError(280)=>Failed to resolve using system DNS resolver, getaddrinfo(): No address associated with hostname
06-13 20:45:45.726  3084  3084 I cnss-daemon: nl80211 response handler invoked
06-13 20:45:47.195  1722  9292 E         : DNS_CACHE: hanle request << lookupdns: hostname:test-gateway.instagram.com, servername:443, ai_flags:1024, ai_family:0, ai_socktype:2, ai_protocol:0, netid:0, uid:10526
06-13 20:45:47.195  3250  4174 D DNS_CACHE: oplus_oplus_getaddrinfo_proxy lookup from netd: hostname:test-gateway.instagram.com, servname:443 uid: 10526, result_code:408, res = 0x0, found = 0
06-13 20:45:47.200  3250  4158 E msys    : E[N mns:DGWClient]_LogError(280)=>Failed to resolve using system DNS resolver, getaddrinfo(): No address associated with hostname
06-13 20:45:47.571  1722  9292 E         : DNS_CACHE: hanle request << lookupdns: hostname:edge-mqtt.facebook.com, servername:^, ai_flags:1024, ai_family:0, ai_socktype:1, ai_protocol:0, netid:0, uid:10526
06-13 20:45:47.572  3250  4236 D DNS_CACHE: oplus_oplus_getaddrinfo_proxy lookup from netd: hostname:edge-mqtt.facebook.com, servname:(null) uid: 10526, result_code:408, res = 0x0, found = 0
06-13 20:45:47.755  3084  3084 I cnss-daemon: nl80211 response handler invoked
06-13 20:45:48.709  1722  9292 E         : DNS_CACHE: hanle request << lookupdns: hostname:p-hermes2.grabtaxi.com, servername:^, ai_flags:1024, ai_family:0, ai_socktype:1, ai_protocol:0, netid:0, uid:10423
06-13 20:45:48.709 19482 25084 D DNS_CACHE: oplus_oplus_getaddrinfo_proxy lookup from netd: hostname:p-hermes2.grabtaxi.com, servname:(null) uid: 10423, result_code:408, res = 0x0, found = 0
06-13 20:45:48.808  2138  2762 E HwcComposer: getLuts failed Status(-129, EX_TRANSACTION_FAILED): 'UNKNOWN_TRANSACTION: '
06-13 20:45:49.546  2138  2762 E HwcComposer: getLuts failed Status(-129, EX_TRANSACTION_FAILED): 'UNKNOWN_TRANSACTION: '
06-13 20:45:49.737  3084  3084 I cnss-daemon: nl80211 response handler invoked
06-13 20:45:51.739  3084  3084 I cnss-daemon: nl80211 response handler invoked
06-13 20:45:51.834  2138  2762 E HwcComposer: getLuts failed Status(-129, EX_TRANSACTION_FAILED): 'UNKNOWN_TRANSACTION: '
06-13 20:45:52.026  8767 15755 D nativeloader: Load /data/app/~~UMc76VvN7RR4dBdd_TO4kA==/com.google.android.googlequicksearchbox-4al2CAJ9cPZczgltuqIdbw==/base.apk!/lib/arm64-v8a/libelements.so using class loader ns clns-10 (caller=/data/app/~~UMc76VvN7RR4dBdd_TO4kA==/com.google.android.googlequicksearchbox-4al2CAJ9cPZczgltuqIdbw==/base.apk!classes2.dex): ok
06-13 20:45:52.085  2138  2762 E HwcComposer: getLuts failed Status(-129, EX_TRANSACTION_FAILED): 'UNKNOWN_TRANSACTION: '
06-13 20:45:52.112  8767 15759 W dolk    : java.io.FileNotFoundException: /proc/8767/dmabuf_rss: open failed: ENOENT (No such file or directory)
06-13 20:45:52.112  8767 15759 W dolk    : Caused by: android.system.ErrnoException: open failed: ENOENT (No such file or directory)
06-13 20:45:52.332  1722  9292 E         : DNS_CACHE: hanle request << lookupdns: hostname:test-gateway.instagram.com, servername:443, ai_flags:1024, ai_family:0, ai_socktype:2, ai_protocol:0, netid:0, uid:10526
06-13 20:45:52.333  3250  4172 D DNS_CACHE: oplus_oplus_getaddrinfo_proxy lookup from netd: hostname:test-gateway.instagram.com, servname:443 uid: 10526, result_code:408, res = 0x0, found = 0
06-13 20:45:52.338  3250  4158 E msys    : E[N mns:DGWClient]_LogError(280)=>Failed to resolve using system DNS resolver, getaddrinfo(): No address associated with hostname
06-13 20:45:52.339  1722  9292 E         : DNS_CACHE: hanle request << lookupdns: hostname:test-gateway.instagram.com, servername:443, ai_flags:1024, ai_family:0, ai_socktype:1, ai_protocol:0, netid:0, uid:10526
06-13 20:45:52.340  3250  4173 D DNS_CACHE: oplus_oplus_getaddrinfo_proxy lookup from netd: hostname:test-gateway.instagram.com, servname:443 uid: 10526, result_code:408, res = 0x0, found = 0
06-13 20:45:52.342  3250  4158 E msys    : E[N mns:DGWClient]_LogError(280)=>Failed to resolve using system DNS resolver, getaddrinfo(): No address associated with hostname
06-13 20:45:53.716  1722  9292 E         : DNS_CACHE: hanle request << lookupdns: hostname:p-hermes2.grabtaxi.com, servername:^, ai_flags:1024, ai_family:0, ai_socktype:1, ai_protocol:0, netid:0, uid:10423
06-13 20:45:53.716 19482 25084 D DNS_CACHE: oplus_oplus_getaddrinfo_proxy lookup from netd: hostname:p-hermes2.grabtaxi.com, servname:(null) uid: 10423, result_code:408, res = 0x0, found = 0
06-13 20:45:53.741  3084  3084 I cnss-daemon: nl80211 response handler invoked
06-13 20:45:53.770  1722  9292 E         : DNS_CACHE: hanle request << lookupdns: hostname:test-gateway.instagram.com, servername:443, ai_flags:1024, ai_family:0, ai_socktype:2, ai_protocol:0, netid:0, uid:10526
06-13 20:45:53.770  3250  4164 D DNS_CACHE: oplus_oplus_getaddrinfo_proxy lookup from netd: hostname:test-gateway.instagram.com, servname:443 uid: 10526, result_code:408, res = 0x0, found = 0
06-13 20:45:53.778  3250  4158 E msys    : E[N mns:DGWClient]_LogError(280)=>Failed to resolve using system DNS resolver, getaddrinfo(): No address associated with hostname
06-13 20:45:54.869  2138  2762 E HwcComposer: getLuts failed Status(-129, EX_TRANSACTION_FAILED): 'UNKNOWN_TRANSACTION: '
06-13 20:45:55.775  3084  3084 I cnss-daemon: nl80211 response handler invoked
06-13 20:45:56.471  1722  9292 E         : DNS_CACHE: hanle request << lookupdns: hostname:i-fallback.instagram.com, servername:443, ai_flags:1024, ai_family:0, ai_socktype:2, ai_protocol:0, netid:0, uid:10526
06-13 20:45:56.472  1722  9292 E         : DNS_CACHE: hanle request << lookupdns: hostname:i.instagram.com, servername:443, ai_flags:1024, ai_family:0, ai_socktype:2, ai_protocol:0, netid:0, uid:10526
06-13 20:45:56.472  1722  9292 E         : DNS_CACHE: hanle request << lookupdns: hostname:graph.facebook.com, servername:443, ai_flags:1024, ai_family:0, ai_socktype:2, ai_protocol:0, netid:0, uid:10526
06-13 20:45:56.472  3250  3864 D DNS_CACHE: oplus_oplus_getaddrinfo_proxy lookup from netd: hostname:i-fallback.instagram.com, servname:443 uid: 10526, result_code:408, res = 0x0, found = 0
06-13 20:45:56.472  1722  9292 E         : DNS_CACHE: hanle request << lookupdns: hostname:graph-fallback.facebook.com, servername:443, ai_flags:1024, ai_family:0, ai_socktype:2, ai_protocol:0, netid:0, uid:10526
06-13 20:45:56.473  3250  3850 D DNS_CACHE: oplus_oplus_getaddrinfo_proxy lookup from netd: hostname:i.instagram.com, servname:443 uid: 10526, result_code:408, res = 0x0, found = 0
06-13 20:45:56.473  3250  3855 D DNS_CACHE: oplus_oplus_getaddrinfo_proxy lookup from netd: hostname:graph-fallback.facebook.com, servname:443 uid: 10526, result_code:408, res = 0x0, found = 0
06-13 20:45:56.473  3250  3851 D DNS_CACHE: oplus_oplus_getaddrinfo_proxy lookup from netd: hostname:graph.facebook.com, servname:443 uid: 10526, result_code:408, res = 0x0, found = 0
06-13 20:45:56.474  3250  3958 E msys    : E[N mns:TigonMNS]_LogError(280)=>Failed to resolve using system DNS resolver, getaddrinfo(): No address associated with hostname
06-13 20:45:56.475  1722  9292 E         : DNS_CACHE: hanle request << lookupdns: hostname:graph.instagram.com, servername:443, ai_flags:1024, ai_family:0, ai_socktype:2, ai_protocol:0, netid:0, uid:10526
06-13 20:45:56.475  3250  3864 D DNS_CACHE: oplus_oplus_getaddrinfo_proxy lookup from netd: hostname:graph.instagram.com, servname:443 uid: 10526, result_code:408, res = 0x0, found = 0
06-13 20:45:56.478  3250  3958 E msys    : E[N mns:TigonMNS]_LogError(280)=>Failed to resolve using system DNS resolver, getaddrinfo(): No address associated with hostname
06-13 20:45:56.478  3250  3958 E msys    : E[N mns:TigonMNS]_LogError(280)=>Failed to resolve using system DNS resolver, getaddrinfo(): No address associated with hostname
06-13 20:45:56.479  1722  9292 E         : DNS_CACHE: hanle request << lookupdns: hostname:graph-fallback.instagram.com, servername:443, ai_flags:1024, ai_family:0, ai_socktype:2, ai_protocol:0, netid:0, uid:10526
06-13 20:45:56.480  3250  3855 D DNS_CACHE: oplus_oplus_getaddrinfo_proxy lookup from netd: hostname:graph-fallback.instagram.com, servname:443 uid: 10526, result_code:408, res = 0x0, found = 0
06-13 20:45:56.481  3250  3958 E msys    : E[N mns:TigonMNS]_LogError(280)=>Failed to resolve using system DNS resolver, getaddrinfo(): No address associated with hostname
06-13 20:45:56.484  3250  3958 E msys    : E[N mns:TigonMNS]_LogError(280)=>Failed to resolve using system DNS resolver, getaddrinfo(): No address associated with hostname
06-13 20:45:56.485  3250  3958 E msys    : E[N mns:TigonMNS]_LogError(280)=>Failed to resolve using system DNS resolver, getaddrinfo(): No address associated with hostname
06-13 20:45:56.751  2138  2762 E HwcComposer: getLuts failed Status(-129, EX_TRANSACTION_FAILED): 'UNKNOWN_TRANSACTION: '
06-13 20:45:56.951  1722  9292 E         : DNS_CACHE: hanle request << lookupdns: hostname:mail-api.proton.me, servername:^, ai_flags:0, ai_family:0, ai_socktype:1, ai_protocol:0, netid:0, uid:10438
06-13 20:45:56.952 29259  4300 D DNS_CACHE: oplus_oplus_getaddrinfo_proxy lookup from netd: hostname:mail-api.proton.me, servname:(null) uid: 10438, result_code:408, res = 0x0, found = 0
06-13 20:45:56.962  1722  9292 E         : DNS_CACHE: hanle request << lookupdns: hostname:dns.quad9.net, servername:^, ai_flags:0, ai_family:0, ai_socktype:1, ai_protocol:0, netid:0, uid:10438
06-13 20:45:56.963 29259  4300 D DNS_CACHE: oplus_oplus_getaddrinfo_proxy lookup from netd: hostname:dns.quad9.net, servname:(null) uid: 10438, result_code:408, res = 0x0, found = 0
06-13 20:45:56.971  1722  9292 E         : DNS_CACHE: hanle request << lookupdns: hostname:dns.google, servername:^, ai_flags:0, ai_family:0, ai_socktype:1, ai_protocol:0, netid:0, uid:10438
06-13 20:45:56.972 29259  4300 D DNS_CACHE: oplus_oplus_getaddrinfo_proxy lookup from netd: hostname:dns.google, servname:(null) uid: 10438, result_code:408, res = 0x0, found = 0
06-13 20:45:56.979  1722  9292 E         : DNS_CACHE: hanle request << lookupdns: hostname:dns.quad9.net, servername:^, ai_flags:0, ai_family:0, ai_socktype:1, ai_protocol:0, netid:0, uid:10438
06-13 20:45:56.980 29259  4300 D DNS_CACHE: oplus_oplus_getaddrinfo_proxy lookup from netd: hostname:dns.quad9.net, servname:(null) uid: 10438, result_code:408, res = 0x0, found = 0
06-13 20:45:56.989  1722  9292 E         : DNS_CACHE: hanle request << lookupdns: hostname:dns.google, servername:^, ai_flags:0, ai_family:0, ai_socktype:1, ai_protocol:0, netid:0, uid:10438
06-13 20:45:56.989 29259  4300 D DNS_CACHE: oplus_oplus_getaddrinfo_proxy lookup from netd: hostname:dns.google, servname:(null) uid: 10438, result_code:408, res = 0x0, found = 0
06-13 20:45:57.750  3084  3084 I cnss-daemon: nl80211 response handler invoked
06-13 20:45:57.911  3480  4187 D osense.compress: com.facebook.orca do shrink, target ratio = 45, final ratio = 90, cur ratio = 0
06-13 20:45:58.724  1722  9292 E         : DNS_CACHE: hanle request << lookupdns: hostname:p-hermes2.grabtaxi.com, servername:^, ai_flags:1024, ai_family:0, ai_socktype:1, ai_protocol:0, netid:0, uid:10423
06-13 20:45:58.725 19482 25084 D DNS_CACHE: oplus_oplus_getaddrinfo_proxy lookup from netd: hostname:p-hermes2.grabtaxi.com, servname:(null) uid: 10423, result_code:408, res = 0x0, found = 0
06-13 20:45:59.551  1722  9292 E         : DNS_CACHE: hanle request << lookupdns: hostname:test-gateway.instagram.com, servername:443, ai_flags:1024, ai_family:0, ai_socktype:2, ai_protocol:0, netid:0, uid:10526
06-13 20:45:59.552  3250  4174 D DNS_CACHE: oplus_oplus_getaddrinfo_proxy lookup from netd: hostname:test-gateway.instagram.com, servname:443 uid: 10526, result_code:408, res = 0x0, found = 0
06-13 20:45:59.556  1722  9292 E         : DNS_CACHE: hanle request << lookupdns: hostname:test-gateway.instagram.com, servername:443, ai_flags:1024, ai_family:0, ai_socktype:1, ai_protocol:0, netid:0, uid:10526
06-13 20:45:59.557  3250  4172 D DNS_CACHE: oplus_oplus_getaddrinfo_proxy lookup from netd: hostname:test-gateway.instagram.com, servname:443 uid: 10526, result_code:408, res = 0x0, found = 0
06-13 20:45:59.558  3250  4158 E msys    : E[N mns:DGWClient]_LogError(280)=>Failed to resolve using system DNS resolver, getaddrinfo(): No address associated with hostname
06-13 20:45:59.561  3250  4158 E msys    : E[N mns:DGWClient]_LogError(280)=>Failed to resolve using system DNS resolver, getaddrinfo(): No address associated with hostname
06-13 20:45:59.754  3084  3084 I cnss-daemon: nl80211 response handler invoked
06-13 20:46:00.026  5584  5783 W System.err: 	at java.lang.reflect.Method.invoke(Native Method)
06-13 20:46:00.027  5584  5783 E ModemAci: [RpmInfo] failed to request due to invalid state list!
06-13 20:46:00.037  2138  2762 E HwcComposer: getLuts failed Status(-129, EX_TRANSACTION_FAILED): 'UNKNOWN_TRANSACTION: '
06-13 20:46:00.051  5566  5883 E AMC     : [P-lowpower_vowifi/0] execute failed in triggers[0]:[bcc:0][bcc:9, apsleept:null, deepsleep:false, mpsleept:null]
06-13 20:46:00.051  5566  5883 E AMC     : [P-lowpower_vowifi/1] execute failed in triggers[0]:[bcc:0][bcc:9, apsleept:null, deepsleep:false, mpsleept:null]
06-13 20:46:00.067  5566  5883 E AMC     : [P-ooslimited_deep/0] execute failed in triggers[0]:[nwsrcht:0][nwsrcht:0]
06-13 20:46:00.068  5566  5883 E AMC     : [P-ooslimited_deep/1] execute failed in triggers[0]:[nwsrcht:0][nwsrcht:0]
06-13 20:46:00.068  5566  5883 E AMC     : [P-idle_cs_ps_change/0] execute failed in triggers[0]:[cschgc:0][cschgc:0, pschgc:0]
06-13 20:46:00.068  5566  5883 E AMC     : [P-idle_cs_ps_change/0] execute failed in triggers[1]:[cschgc:0][psnoregt:0, csnoregt:0]
06-13 20:46:00.068  5566  5883 E AMC     : [P-idle_cs_ps_change/1] execute failed in triggers[0]:[cschgc:0][cschgc:0, pschgc:0]
06-13 20:46:00.068  5566  5883 E AMC     : [P-idle_cs_ps_change/1] execute failed in triggers[1]:[cschgc:0][psnoregt:0, csnoregt:0]
06-13 20:46:00.068  5566  5883 E AMC     : [P-mpss_reset/0] execute failed in triggers[0]:[sleept:355][sleept:1746]
06-13 20:46:00.068  5566  5883 E AMC     : [P-mpss_reset/1] execute failed in triggers[0]:[sleept:355][sleept:1746]
06-13 20:46:00.068  5566  5883 E AMC     : [P-pidnetdisable_recovery] execute failed in triggers[0]:[sleept:355][sleept:1746, pidnetdisable:false]
06-13 20:46:00.068  5566  5883 E AMC     : [P-standby_5gbackoff/0] execute failed in triggers[0]:[sleept:355][inactive:false, sleept:875]
06-13 20:46:00.068  5566  5883 E AMC     : [P-standby_5gbackoff/1] execute failed in triggers[0]:[sleept:355][inactive:false, sleept:875]
06-13 20:46:00.068  5566  5883 E AMC     : [P-qc_oos_qrxlv/0] execute failed in triggers[0]:[sleept:355][sleept:585, deepsleep:false, csnoregt:0]
06-13 20:46:00.068  5566  5883 E AMC     : [P-qc_oos_qrxlv/1] execute failed in triggers[0]:[sleept:355][sleept:585, deepsleep:false, csnoregt:0]
06-13 20:46:00.069  5566  5883 E AMC     : [P-idle_cs_ps_change/0] execute failed in triggers[0]:[psnoregt:0][cschgc:0, pschgc:0]
06-13 20:46:00.069  5566  5883 E AMC     : [P-idle_cs_ps_change/0] execute failed in triggers[1]:[psnoregt:0][psnoregt:0, csnoregt:0]
06-13 20:46:00.069  5566  5883 E AMC     : [P-idle_cs_ps_change/1] execute failed in triggers[0]:[psnoregt:0][cschgc:0, pschgc:0]
06-13 20:46:00.069  5566  5883 E AMC     : [P-idle_cs_ps_change/1] execute failed in triggers[1]:[psnoregt:0][psnoregt:0, csnoregt:0]
06-13 20:46:00.069  5566  5883 E AMC     : [P-idle_cs_ps_change/0] execute failed in triggers[0]:[pschgc:0][cschgc:0, pschgc:0]
06-13 20:46:00.069  5566  5883 E AMC     : [P-idle_cs_ps_change/0] execute failed in triggers[1]:[pschgc:0][psnoregt:0, csnoregt:0]
06-13 20:46:00.069  5566  5883 E AMC     : [P-idle_cs_ps_change/1] execute failed in triggers[0]:[pschgc:0][cschgc:0, pschgc:0]
06-13 20:46:00.069  5566  5883 E AMC     : [P-idle_cs_ps_change/1] execute failed in triggers[1]:[pschgc:0][psnoregt:0, csnoregt:0]
06-13 20:46:00.070  5566  5883 E AMC     : [P-idle_cs_ps_change/0] execute failed in triggers[0]:[csnoregt:0][cschgc:0, pschgc:0]
06-13 20:46:00.070  5566  5883 E AMC     : [P-idle_cs_ps_change/0] execute failed in triggers[1]:[csnoregt:0][psnoregt:0, csnoregt:0]
06-13 20:46:00.070  5566  5883 E AMC     : [P-qc_oos_qrxlv/0] execute failed in triggers[0]:[csnoregt:0][sleept:585, deepsleep:false, csnoregt:0]
06-13 20:46:00.070  5566  5883 E AMC     : [P-idle_cs_ps_change/1] execute failed in triggers[0]:[csnoregt:0][cschgc:0, pschgc:0]
06-13 20:46:00.070  5566  5883 E AMC     : [P-idle_cs_ps_change/1] execute failed in triggers[1]:[csnoregt:0][psnoregt:0, csnoregt:0]
06-13 20:46:00.070  5566  5883 E AMC     : [P-qc_oos_qrxlv/1] execute failed in triggers[0]:[csnoregt:0][sleept:585, deepsleep:false, csnoregt:0]
06-13 20:46:00.468  1722  9292 E         : DNS_CACHE: hanle request << lookupdns: hostname:test-gateway.instagram.com, servername:443, ai_flags:1024, ai_family:0, ai_socktype:2, ai_protocol:0, netid:0, uid:10526
06-13 20:46:00.469  3250  4173 D DNS_CACHE: oplus_oplus_getaddrinfo_proxy lookup from netd: hostname:test-gateway.instagram.com, servname:443 uid: 10526, result_code:408, res = 0x0, found = 0
06-13 20:46:00.477  3250  4158 E msys    : E[N mns:DGWClient]_LogError(280)=>Failed to resolve using system DNS resolver, getaddrinfo(): No address associated with hostname
06-13 20:46:00.919  2138  2762 E HwcComposer: getLuts failed Status(-129, EX_TRANSACTION_FAILED): 'UNKNOWN_TRANSACTION: '
06-13 20:46:01.348  2138  2762 E HwcComposer: getLuts failed Status(-129, EX_TRANSACTION_FAILED): 'UNKNOWN_TRANSACTION: '
06-13 20:46:01.781  3084  3084 I cnss-daemon: nl80211 response handler invoked
06-13 20:46:03.733  1722  9292 E         : DNS_CACHE: hanle request << lookupdns: hostname:p-hermes2.grabtaxi.com, servername:^, ai_flags:1024, ai_family:0, ai_socktype:1, ai_protocol:0, netid:0, uid:10423
06-13 20:46:03.734 19482 25084 D DNS_CACHE: oplus_oplus_getaddrinfo_proxy lookup from netd: hostname:p-hermes2.grabtaxi.com, servname:(null) uid: 10423, result_code:408, res = 0x0, found = 0
06-13 20:46:03.786  3084  3084 I cnss-daemon: nl80211 response handler invoked
06-13 20:46:03.953  2138  2762 E HwcComposer: getLuts failed Status(-129, EX_TRANSACTION_FAILED): 'UNKNOWN_TRANSACTION: '
06-13 20:46:05.626  3480  3585 W ContextImpl: Calling a method in the system process without a qualified user: android.app.ContextImpl.sendBroadcast:1281 com.android.server.am.OplusAppStartupConfig.sendAbnormalNotify:2320 com.android.server.am.OplusAppStartupConfig.notifyAbnormalInfo:2253 com.android.server.am.OplusAppStartupManager.handleStartAppInfo:5836 com.android.server.am.ProcessListExtImpl.hookHandleProcessStart:305 
06-13 20:46:05.643  4435  4435 D nativeloader: Load libframework-connectivity-tiramisu-jni.so using APEX ns com_android_tethering for caller /apex/com.android.tethering/javalib/framework-connectivity-t.jar: ok
06-13 20:46:05.681  4435  4435 W able_art_image_: Loading /data/app/~~zFYT-lr9TUTqeUt2OOVW9A==/org.mozilla.firefox-avhunqILA7oSjGD0KUJZ-g==/oat/arm64/base.odex non-executable as it requires an image which we failed to load
06-13 20:46:05.684  4435  4435 W able_art_image_: Failed to find entry 'classes.dex': Entry not found
06-13 20:46:05.685  4435  4435 W able_art_image_: Failed to find entry 'classes.dex': Entry not found
