06-13 20:46:05.754  4435  4435 D nativeloader: Load /data/app/~~zFYT-lr9TUTqeUt2OOVW9A==/org.mozilla.firefox-avhunqILA7oSjGD0KUJZ-g==/split_config.arm64_v8a.apk!/lib/arm64-v8a/libcrashhelper.so using class loader ns clns-9 (caller=/data/app/~~zFYT-lr9TUTqeUt2OOVW9A==/org.mozilla.firefox-avhunqILA7oSjGD0KUJZ-g==/base.apk!classes3.dex): ok
06-13 20:46:05.791  3084  3084 I cnss-daemon: nl80211 response handler invoked
06-13 20:46:05.945  2138  2762 E HwcComposer: getLuts failed Status(-129, EX_TRANSACTION_FAILED): 'UNKNOWN_TRANSACTION: '
06-13 20:46:06.769  1722  9292 E         : DNS_CACHE: hanle request << lookupdns: hostname:test-gateway.instagram.com, servername:443, ai_flags:1024, ai_family:0, ai_socktype:2, ai_protocol:0, netid:0, uid:10526
06-13 20:46:06.770  3250  4164 D DNS_CACHE: oplus_oplus_getaddrinfo_proxy lookup from netd: hostname:test-gateway.instagram.com, servname:443 uid: 10526, result_code:408, res = 0x0, found = 0
06-13 20:46:06.777  1722  9292 E         : DNS_CACHE: hanle request << lookupdns: hostname:test-gateway.instagram.com, servername:443, ai_flags:1024, ai_family:0, ai_socktype:1, ai_protocol:0, netid:0, uid:10526
06-13 20:46:06.778  3250  4174 D DNS_CACHE: oplus_oplus_getaddrinfo_proxy lookup from netd: hostname:test-gateway.instagram.com, servname:443 uid: 10526, result_code:408, res = 0x0, found = 0
06-13 20:46:06.779  3250  4158 E msys    : E[N mns:DGWClient]_LogError(280)=>Failed to resolve using system DNS resolver, getaddrinfo(): No address associated with hostname
06-13 20:46:06.781  3250  4158 E msys    : E[N mns:DGWClient]_LogError(280)=>Failed to resolve using system DNS resolver, getaddrinfo(): No address associated with hostname
06-13 20:46:06.928  4590  4590 D nativeloader: Load libframework-connectivity-tiramisu-jni.so using APEX ns com_android_tethering for caller /apex/com.android.tethering/javalib/framework-connectivity-t.jar: ok
06-13 20:46:06.954 10560 11596 D adapter::platform::an..: adapter/src/platform/android/wifi.rs:102: invokeStateCallbackAP entry
06-13 20:46:06.955 10560 11596 D adapter::platform::an..: invoke return [JoinHandle { id: Id(19686) }]
06-13 20:46:06.959 10560 11313 D jni::wrapper::java_vm..: Attached thread tokio-rt-worker (ThreadId(5)). 1 threads attached
06-13 20:46:06.968 10560 28885 W PTC.DISC.NetRegisterCentral: registerLanInfo failed. msg=Account not logged in desc=wlanAvailable(repeat=0)
06-13 20:46:06.968 10560 11313 D jni::wrapper::java_vm..: Detached thread tokio-rt-worker (ThreadId(5)). 0 threads remain attached
06-13 20:46:06.971 10560 11313 D connection::networkin..: connection::networking::link_switch::link_detection:155:[link_detection_listener_start] Link detection listener with same instance_id WLAN_STA and ip 19********38 already running, returning OK
06-13 20:46:06.971 10560 11313 D connection::networkin..: connection::networking::link_switch::link_detection:266:[link_detection_sender_start] Link detection sender with same instance_id WLAN_STA and ip 19*******.1 already running, returning OK
06-13 20:46:06.971 10560 11313 D jni::wrapper::java_vm..: Attached thread tokio-rt-worker (ThreadId(5)). 1 threads attached
06-13 20:46:06.971 10560 11313 D jni::wrapper::java_vm..: Detached thread tokio-rt-worker (ThreadId(5)). 0 threads remain attached
06-13 20:46:06.975  2138  2762 E HwcComposer: getLuts failed Status(-129, EX_TRANSACTION_FAILED): 'UNKNOWN_TRANSACTION: '
06-13 20:46:06.980 22848 23059 D adapter::platform::an..: adapter/src/platform/android/wifi.rs:102: invokeStateCallbackAP entry
06-13 20:46:06.980 22848 23059 D adapter::platform::an..: invoke return [JoinHandle { id: Id(840) }]
06-13 20:46:06.990 22848 22899 D jni::wrapper::java_vm..: Attached thread tokio-rt-worker (ThreadId(4)). 1 threads attached
06-13 20:46:07.000 22848 22899 D jni::wrapper::java_vm..: Detached thread tokio-rt-worker (ThreadId(4)). 0 threads remain attached
06-13 20:46:07.003  4590  4590 W mozilla.firefox: Failed to find entry 'classes.dex': Entry not found
06-13 20:46:07.004  4590  4590 W mozilla.firefox: Failed to find entry 'classes.dex': Entry not found
06-13 20:46:07.008 22848 22899 D connection::networkin..: connection::networking::link_switch::link_detection:155:[link_detection_listener_start] Link detection listener with same instance_id WLAN_STA and ip 19********38 already running, returning OK
06-13 20:46:07.008 22848 22899 D connection::networkin..: connection::networking::link_switch::link_detection:266:[link_detection_sender_start] Link detection sender with same instance_id WLAN_STA and ip 19*******.1 already running, returning OK
06-13 20:46:07.009 22848 22899 D jni::wrapper::java_vm..: Attached thread tokio-rt-worker (ThreadId(4)). 1 threads attached
06-13 20:46:07.009 22848 22899 D jni::wrapper::java_vm..: Detached thread tokio-rt-worker (ThreadId(4)). 0 threads remain attached
06-13 20:46:07.060  4590  4590 D nativeloader: Load /data/app/~~zFYT-lr9TUTqeUt2OOVW9A==/org.mozilla.firefox-avhunqILA7oSjGD0KUJZ-g==/split_config.arm64_v8a.apk!/lib/arm64-v8a/libjnidispatch.so using class loader ns clns-9 (caller=/data/app/~~zFYT-lr9TUTqeUt2OOVW9A==/org.mozilla.firefox-avhunqILA7oSjGD0KUJZ-g==/base.apk): ok
06-13 20:46:07.163  4590  4654 D nativeloader: Load /data/app/~~zFYT-lr9TUTqeUt2OOVW9A==/org.mozilla.firefox-avhunqILA7oSjGD0KUJZ-g==/split_config.arm64_v8a.apk!/lib/arm64-v8a/libmozglue.so using class loader ns clns-9 (caller=/data/app/~~zFYT-lr9TUTqeUt2OOVW9A==/org.mozilla.firefox-avhunqILA7oSjGD0KUJZ-g==/base.apk!classes3.dex): ok
06-13 20:46:07.166  4590  4655 D WindowContextController: attachToDisplayArea  type = 2 ,displayId = 0 ,options = null ,mToken = android.window.WindowTokenClient@f165b98
06-13 20:46:07.329  4590  4590 E SchedAssist: open sharedFd failed with error=Permission denied
06-13 20:46:07.330  4590  4590 E SchedAssist: open sharedFd failed with error=Permission denied
06-13 20:46:07.330  4590  4590 E SchedAssist: open sharedFd failed with error=Permission denied
06-13 20:46:07.525  1722  9292 E         : DNS_CACHE: hanle request << lookupdns: hostname:version1-uk.0.0, servername:^, ai_flags:1024, ai_family:0, ai_socktype:1, ai_protocol:0, netid:0, uid:10114
06-13 20:46:07.525 25501 26304 D DNS_CACHE: oplus_oplus_getaddrinfo_proxy lookup from netd: hostname:version1-uk.0.0, servname:(null) uid: 10114, result_code:408, res = 0x0, found = 0
06-13 20:46:07.528 25501 26304 E NDSF.Server.QueryHostWorker: CloudConfig throwable:未匹配到符合条件的数据 未匹配到符合条件的数据 [com.heytap.nearx.cloudconfig.impl.ObservableQueryExecutor$queryEntities$1.invoke(SourceFile:3), com.heytap.nearx.cloudconfig.impl.ObservableQueryExecutor$queryEntities$1.invoke(SourceFile:1), com.heytap.nearx.cloudconfig.observable.Observable$map$1$call$1.invoke(SourceFile:2), com.heytap.nearx.cloudconfig.observable.Observable$map$1$call$1.invoke(SourceFile:1), com.heytap.nearx.cloudconfig.observable.RealSubscriber.invoke(SourceFile:2), com.heytap.nearx.cloudconfig.observable.RealSubscriber.invoke(SourceFile:1), com.heytap.nearx.cloudconfig.observable.Observable$Companion.safeInvoke(Unknown Source:4), com.heytap.nearx.cloudconfig.observable.Observable$Companion.access$safeInvoke(Unknown Source:0), com.heytap.nearx.cloudconfig.observable.Observable$observeOn$1$call$1$1.run(Unknown Source:8), java.util.concurrent.ThreadPoolExecutor.runWorker(ThreadPoolExecutor.java:1154), java.util.concurrent.ThreadPoolExecutor$Worker.run(ThreadPoolExecutor.java:652), java.lang.Thread.run(Thread.java:1564)]
06-13 20:46:07.645  1722  9292 E         : DNS_CACHE: hanle request << lookupdns: hostname:firefox.settings.services.mozilla.com, servername:^, ai_flags:1026, ai_family:0, ai_socktype:1, ai_protocol:0, netid:0, uid:10429
06-13 20:46:07.645  4590  4801 D DNS_CACHE: oplus_oplus_getaddrinfo_proxy lookup from netd: hostname:firefox.settings.services.mozilla.com, servname:(null) uid: 10429, result_code:408, res = 0x0, found = 0
06-13 20:46:07.654  1722  9292 E         : DNS_CACHE: hanle request << lookupdns: hostname:incoming.telemetry.mozilla.org, servername:^, ai_flags:1026, ai_family:0, ai_socktype:1, ai_protocol:0, netid:0, uid:10429
06-13 20:46:07.656  4590  4800 D DNS_CACHE: oplus_oplus_getaddrinfo_proxy lookup from netd: hostname:incoming.telemetry.mozilla.org, servname:(null) uid: 10429, result_code:408, res = 0x0, found = 0
06-13 20:46:07.769  3084  3084 I cnss-daemon: nl80211 response handler invoked
06-13 20:46:07.945  2138  2762 E HwcComposer: getLuts failed Status(-129, EX_TRANSACTION_FAILED): 'UNKNOWN_TRANSACTION: '
06-13 20:46:08.025  4908  5083 I SystemUi--Statusbar: PrivacyDotViewController-->resolveState ViewState(viewInitialized=true, systemPrivacyEventIsActive=false, shadeExpanded=false, needShow=true, portraitRect=Rect(0, 0 - 1440, 160), landscapeRect=Rect(160, 0 - 3168, 160), upsideDownRect=Rect(0, 0 - 1440, 160), seascapeRect=Rect(0, 0 - 2990, 160), layoutRtl=false, rotation=0, paddingTop=13, paddingBottom=13, cornerIndex=-1, corner=TopRight, designatedCorner=android.widget.FrameLayout{5c62b44 I.E...... .......D 1365,0-1440,160 #7f0a0ad3 app:id/privacy_dot_top_right_container alpha=0.0 viewInfo = }, contentDescription=Applications are using your microphone., dotMargin=86)
06-13 20:46:08.069  1722  9292 E         : DNS_CACHE: hanle request << lookupdns: hostname:content-signature-2.cdn.mozilla.net, servername:^, ai_flags:1026, ai_family:0, ai_socktype:1, ai_protocol:0, netid:0, uid:10429
06-13 20:46:08.069  4590  4801 D DNS_CACHE: oplus_oplus_getaddrinfo_proxy lookup from netd: hostname:content-signature-2.cdn.mozilla.net, servname:(null) uid: 10429, result_code:408, res = 0x0, found = 0
06-13 20:46:08.180  1722  9292 E         : DNS_CACHE: hanle request << lookupdns: hostname:test-gateway.instagram.com, servername:443, ai_flags:1024, ai_family:0, ai_socktype:2, ai_protocol:0, netid:0, uid:10526
06-13 20:46:08.181  3250  4172 D DNS_CACHE: oplus_oplus_getaddrinfo_proxy lookup from netd: hostname:test-gateway.instagram.com, servname:443 uid: 10526, result_code:408, res = 0x0, found = 0
06-13 20:46:08.185  3250  4158 E msys    : E[N mns:DGWClient]_LogError(280)=>Failed to resolve using system DNS resolver, getaddrinfo(): No address associated with hostname
06-13 20:46:08.196  2138  2762 E HwcComposer: getLuts failed Status(-129, EX_TRANSACTION_FAILED): 'UNKNOWN_TRANSACTION: '
06-13 20:46:08.447  2138  2762 E HwcComposer: getLuts failed Status(-129, EX_TRANSACTION_FAILED): 'UNKNOWN_TRANSACTION: '
06-13 20:46:08.568  3480  3578 I LocaleConfig: parseLocaleConfig: resourceName=ai.x.grok:xml/_generated_res_locale_config
06-13 20:46:08.568  3480  3578 I LocaleConfig: parseLocaleConfig: resourceName=ai.x.grok:xml/_generated_res_locale_config
06-13 20:46:08.697  2138  2762 E HwcComposer: getLuts failed Status(-129, EX_TRANSACTION_FAILED): 'UNKNOWN_TRANSACTION: '
06-13 20:46:08.743  1722  9292 E         : DNS_CACHE: hanle request << lookupdns: hostname:p-hermes2.grabtaxi.com, servername:^, ai_flags:1024, ai_family:0, ai_socktype:1, ai_protocol:0, netid:0, uid:10423
06-13 20:46:08.745 19482 25084 D DNS_CACHE: oplus_oplus_getaddrinfo_proxy lookup from netd: hostname:p-hermes2.grabtaxi.com, servname:(null) uid: 10423, result_code:408, res = 0x0, found = 0
06-13 20:46:09.496  3480  4583 D OplusWifiPower_WakeupIp: com.facebook.orca(57.145.10.***) wakeup host
06-13 20:46:09.772  3084  3084 I cnss-daemon: nl80211 response handler invoked
06-13 20:46:09.998 10560 11596 D adapter::platform::an..: adapter/src/platform/android/wifi.rs:102: invokeStateCallbackAP entry
06-13 20:46:09.998 10560 17053 W PTC.DISC.NetRegisterCentral: registerLanInfo failed. msg=Account not logged in desc=wlanAvailable(repeat=0)
06-13 20:46:09.998 10560 11311 D jni::wrapper::java_vm..: Attached thread tokio-rt-worker (ThreadId(3)). 1 threads attached
06-13 20:46:09.999 10560 11596 D adapter::platform::an..: invoke return [JoinHandle { id: Id(19688) }]
06-13 20:46:10.007 10560 11311 D jni::wrapper::java_vm..: Detached thread tokio-rt-worker (ThreadId(3)). 0 threads remain attached
06-13 20:46:10.016 10560 11311 D connection::networkin..: connection::networking::link_switch::link_detection:155:[link_detection_listener_start] Link detection listener with same instance_id WLAN_STA and ip 19********38 already running, returning OK
06-13 20:46:10.016 10560 11311 D connection::networkin..: connection::networking::link_switch::link_detection:266:[link_detection_sender_start] Link detection sender with same instance_id WLAN_STA and ip 19*******.1 already running, returning OK
06-13 20:46:10.017 10560 11311 D jni::wrapper::java_vm..: Attached thread tokio-rt-worker (ThreadId(3)). 1 threads attached
06-13 20:46:10.017 10560 11311 D jni::wrapper::java_vm..: Detached thread tokio-rt-worker (ThreadId(3)). 0 threads remain attached
06-13 20:46:10.020 22848 23059 D adapter::platform::an..: adapter/src/platform/android/wifi.rs:102: invokeStateCallbackAP entry
06-13 20:46:10.020 22848 23059 D adapter::platform::an..: invoke return [JoinHandle { id: Id(842) }]
06-13 20:46:10.021 22848 22899 D jni::wrapper::java_vm..: Attached thread tokio-rt-worker (ThreadId(4)). 1 threads attached
06-13 20:46:10.027 22848 22899 D jni::wrapper::java_vm..: Detached thread tokio-rt-worker (ThreadId(4)). 0 threads remain attached
06-13 20:46:10.038 22848 22899 D connection::networkin..: connection::networking::link_switch::link_detection:155:[link_detection_listener_start] Link detection listener with same instance_id WLAN_STA and ip 19********38 already running, returning OK
06-13 20:46:10.038 22848 22899 D connection::networkin..: connection::networking::link_switch::link_detection:266:[link_detection_sender_start] Link detection sender with same instance_id WLAN_STA and ip 19*******.1 already running, returning OK
06-13 20:46:10.039 22848 22899 D jni::wrapper::java_vm..: Attached thread tokio-rt-worker (ThreadId(4)). 1 threads attached
06-13 20:46:10.040 22848 22899 D jni::wrapper::java_vm..: Detached thread tokio-rt-worker (ThreadId(4)). 0 threads remain attached
06-13 20:46:10.750  2138  2762 E HwcComposer: getLuts failed Status(-129, EX_TRANSACTION_FAILED): 'UNKNOWN_TRANSACTION: '
06-13 20:46:11.776  3084  3084 I cnss-daemon: nl80211 response handler invoked
06-13 20:46:13.750  1722  9292 E         : DNS_CACHE: hanle request << lookupdns: hostname:p-hermes2.grabtaxi.com, servername:^, ai_flags:1024, ai_family:0, ai_socktype:1, ai_protocol:0, netid:0, uid:10423
06-13 20:46:13.751 19482 25084 D DNS_CACHE: oplus_oplus_getaddrinfo_proxy lookup from netd: hostname:p-hermes2.grabtaxi.com, servname:(null) uid: 10423, result_code:408, res = 0x0, found = 0
06-13 20:46:13.778  3084  3084 I cnss-daemon: nl80211 response handler invoked
06-13 20:46:13.992  1722  9292 E         : DNS_CACHE: hanle request << lookupdns: hostname:test-gateway.instagram.com, servername:443, ai_flags:1024, ai_family:0, ai_socktype:2, ai_protocol:0, netid:0, uid:10526
06-13 20:46:13.993  3250  4173 D DNS_CACHE: oplus_oplus_getaddrinfo_proxy lookup from netd: hostname:test-gateway.instagram.com, servname:443 uid: 10526, result_code:408, res = 0x0, found = 0
06-13 20:46:13.997  3250  4158 E msys    : E[N mns:DGWClient]_LogError(280)=>Failed to resolve using system DNS resolver, getaddrinfo(): No address associated with hostname
06-13 20:46:13.999  1722  9292 E         : DNS_CACHE: hanle request << lookupdns: hostname:test-gateway.instagram.com, servername:443, ai_flags:1024, ai_family:0, ai_socktype:1, ai_protocol:0, netid:0, uid:10526
06-13 20:46:14.000  3250  4164 D DNS_CACHE: oplus_oplus_getaddrinfo_proxy lookup from netd: hostname:test-gateway.instagram.com, servname:443 uid: 10526, result_code:408, res = 0x0, found = 0
06-13 20:46:14.001  3250  4158 E msys    : E[N mns:DGWClient]_LogError(280)=>Failed to resolve using system DNS resolver, getaddrinfo(): No address associated with hostname
