07-09 06:42:43.513  3406  6006 I OplusMediaControlService: unregisterEventObserver start, observer: android.os.BinderProxy@60b8243, callerUid: 10208
07-09 06:42:43.513  3406  6006 I OplusMediaControlService: unregisterEventObserver successfully.
07-09 06:42:43.514  3406  4590 I OplusMediaControlService: registerEventObserver start, observer: android.os.BinderProxy@60b8243, callerUid: 10208
07-09 06:42:43.514  3406  5242 I OplusMediaControlService: unregisterEventObserver start, observer: android.os.BinderProxy@60b8243, callerUid: 10208
07-09 06:42:43.514  3406  5242 I OplusMediaControlService: unregisterEventObserver successfully.
07-09 06:42:43.515  3406  4590 I OplusMediaControlService: registerEventObserver start, observer: android.os.BinderProxy@60b8243, callerUid: 10208
07-09 06:42:43.516  3406  5242 I OplusMediaControlService: unregisterEventObserver start, observer: android.os.BinderProxy@60b8243, callerUid: 10208
07-09 06:42:43.516  3406  5242 I OplusMediaControlService: unregisterEventObserver successfully.
07-09 06:42:43.516  3406  5242 I OplusMediaControlService: registerEventObserver start, observer: android.os.BinderProxy@60b8243, callerUid: 10208
07-09 06:42:43.517  3406  5242 I OplusMediaControlService: unregisterEventObserver start, observer: android.os.BinderProxy@60b8243, callerUid: 10208
07-09 06:42:43.517  3406  5242 I OplusMediaControlService: unregisterEventObserver successfully.
07-09 06:42:43.517  3406  5242 I OplusMediaControlService: registerEventObserver start, observer: android.os.BinderProxy@60b8243, callerUid: 10208
07-09 06:42:43.580  3406  3406 I NotificationService: Cannot find enqueued record for key: 0|rd.sheepskin.sandboxmusic|88001|null|10447
07-09 06:42:43.584  3406  3406 I NotificationService: Cannot find enqueued record for key: 0|rd.sheepskin.sandboxmusic|88001|null|10447
07-09 06:42:43.586  3406  3406 I NotificationService: Cannot find enqueued record for key: 0|rd.sheepskin.sandboxmusic|88001|null|10447
07-09 06:42:43.594  3406  3406 I NotificationService: Cannot find enqueued record for key: 0|rd.sheepskin.sandboxmusic|88001|null|10447
07-09 06:42:43.598  3406  3406 I NotificationService: Cannot find enqueued record for key: 0|rd.sheepskin.sandboxmusic|88001|null|10447
07-09 06:42:43.645  3406  3406 I NotificationService: Cannot find enqueued record for key: 0|rd.sheepskin.sandboxmusic|88001|null|10447
07-09 06:42:43.694  3406  3406 I NotificationService: Cannot find enqueued record for key: 0|rd.sheepskin.sandboxmusic|88001|null|10447
07-09 06:42:43.926  3406  4348 V AlarmManager: sending alarm Alarm{cfc2f43 type 2 origWhen 5224524 whenElapsed 5229525 com.google.android.gms} uid 10119 whenElapsed 5229525 windowLength 0 maxWhenElapsed 5229525 repeatInterval 0 action com.google.android.location.ALARM_WAKEUP_ACTIVITY_DETECTION component null flags 0x8 procName com.google.android.gms.persistent
07-09 06:42:43.959  3406  5242 D OplusMediaControlService: dispatch getHistoryMediaPlayerInfoList
07-09 06:42:43.960  3406  5242 I OplusMediaControlService: getHistoryMediaPlayerInfoList historyInfoList size: 0
07-09 06:42:45.917  3406  6006 I ActivityManager: Background started FGS: Allowed [callingPackage: rd.sheepskin.sandboxmusic; callingUid: 10447; uidState: TOP ; uidBFSL: [BFSL]; intent: Intent { act=rd.sheepskin.sandboxmusic.action.MEDIA_START xflg=0x4 cmp=rd.sheepskin.sandboxmusic/.MediaPlaybackForegroundService mCallingUid=10447 }; code:PROC_STATE_TOP; tempAllowListReason:<,reasonCode:SYSTEM_ALLOW_LISTED,duration:9223372036854775807,callingUid:-1>; allowWiu:12; targetSdkVersion:36; callerTargetSdkVersion:36; startForegroundCount:0; bindFromPackage:null: isBindService:false]
07-09 06:42:45.933  3406  4923 I MediaSessionStack: addSession to bottom of stack | record: rd.sheepskin.sandboxmusic/SovereignMusicConsole/84 (userId=0)
07-09 06:42:45.934  3406  3406 I OplusMediaControlService: onActiveSessionsChanged begin
07-09 06:42:45.934  3406  3406 I OplusMediaControlService: onEventFromMediaControllerList controller size = 0
07-09 06:42:45.934  3406  3406 I OplusMediaControlService: updateControllerMap begin
07-09 06:42:45.934  3406  3406 I OplusMediaControlService: updataPlayStateMap begin
07-09 06:42:45.934  3406  3406 I OplusMediaControlService: updateMetadataMap begin
07-09 06:42:45.934  3406  3406 I OplusMediaControlService: updatePlayerInfoList event = com.oplus.media.OplusMediaEvent@a6791ab
07-09 06:42:45.935  3406  3406 I OplusMediaControlService: sendOnEventMessage begin, eventType: 6, observer: android.os.BinderProxy@60b8243
07-09 06:42:45.936  3406  3406 I OplusMediaControlService: on event EventType: 6
07-09 06:42:45.938  3406  4923 I OplusMediaControlService: unregisterEventObserver start, observer: android.os.BinderProxy@60b8243, callerUid: 10208
07-09 06:42:45.938  3406  4923 I OplusMediaControlService: unregisterEventObserver successfully.
07-09 06:42:45.938  3406  6006 I OplusMediaControlService: registerEventObserver start, observer: android.os.BinderProxy@60b8243, callerUid: 10208
07-09 06:42:45.939  3406  3668 W QosScheduler: executeSceneQosStrategy failed! qos feature no enable
07-09 06:42:45.939  3406  3668 W QosScheduler: executeSceneQosStrategy failed! qos feature no enable
07-09 06:42:45.940  3406  4923 E AppOps  : attributionTag  not declared in manifest of rd.sheepskin.sandboxmusic
07-09 06:42:45.941  3406  4923 E AppOps  : attributionTag  not declared in manifest of rd.sheepskin.sandboxmusic
07-09 06:42:45.942  3406  3406 I OplusMediaControlService: onActiveSessionsChanged begin
07-09 06:42:45.942  3406  3406 I OplusMediaControlService: onEventFromMediaControllerList controller size = 1
07-09 06:42:45.942  3406  3406 I OplusMediaControlService: getPlayerInfo, playerId: 171091122, pkgname: rd.sheepskin.sandboxmusic
07-09 06:42:45.942  3406  3406 I OplusMediaControlService: updateControllerMap begin
07-09 06:42:45.942  3406  3406 I OplusMediaControlService: updataPlayStateMap begin
07-09 06:42:45.942  3406  3406 I OplusMediaControlService: updateMetadataMap begin
07-09 06:42:45.942  3406  3406 I OplusMediaControlService: updatePlayerInfoList event = com.oplus.media.OplusMediaEvent@1b6b9c6
07-09 06:42:45.942  3406  3406 I OplusMediaControlService: sendOnEventMessage begin, eventType: 6, observer: android.os.BinderProxy@60b8243
07-09 06:42:45.943  3406  3406 I OplusMediaControlService: on event EventType: 6
07-09 06:42:45.946  3406  3671 D NotificationService--OplusNotificationFixHelper: fixAppIcon: pkg=rd.sheepskin.sandboxmusic
07-09 06:42:45.946  3406  3671 D NotificationService--OplusNotificationFixHelper: fixAppIcon: appIcon = null, pkg = rd.sheepskin.sandboxmusic
07-09 06:42:45.948  3406  7866 I OplusMediaControlService: sendEvent type: 2, player: 171091122
07-09 06:42:45.948  3406  7866 I OplusMediaControlService: onEventFromRequestData: 1, player: 171091122
07-09 06:42:45.948  3406  7866 E OplusMediaControlService: getTitleAndArtist is null
07-09 06:42:45.948  3406  7866 E OplusMediaControlService: getMediaMetadata is null
07-09 06:42:45.948  3406  7866 D OplusMediaControlService: players is empty
07-09 06:42:45.948  3406  4923 I OplusMediaControlService: sendEvent type: 2, player: 171091122
07-09 06:42:45.948  3406  4923 I OplusMediaControlService: onEventFromRequestData: 2, player: 171091122
07-09 06:42:45.948  3406  4923 E OplusMediaControlService: playbackState is null
07-09 06:42:45.948  3406  4923 D OplusMediaControlService: players is empty
07-09 06:42:45.948  3406  5242 I OplusMediaControlService: unregisterEventObserver start, observer: android.os.BinderProxy@60b8243, callerUid: 10208
07-09 06:42:45.948  3406  5242 I OplusMediaControlService: unregisterEventObserver successfully.
07-09 06:42:45.949  3406  4747 I OplusMediaControlService: registerEventObserver start, observer: android.os.BinderProxy@60b8243, callerUid: 10208
07-09 06:42:45.949  3406  4206 D NotificationService--OplusNotificationFixHelper: fixAppIcon: pkg=rd.sheepskin.sandboxmusic
07-09 06:42:45.949  3406  4206 D NotificationService--OplusNotificationFixHelper: fixAppIcon: appIcon = null, pkg = rd.sheepskin.sandboxmusic
07-09 06:42:45.949  3406  3671 I OplusStatusBarManagerServiceEnhance:  getTopIsFullscreen mTopIsFullscreen: false
07-09 06:42:45.949  3406  3406 D NotificationService--OplusNotificationManagerServiceExtImpl: isForwardToAssistants: true, case : Is local notification
07-09 06:42:45.949  3406  3406 D NotificationService: This application enqueue notifications is need postDelayed mcsAssistantDelayTime: 200
07-09 06:42:45.950  3406  4206 I OplusStatusBarManagerServiceEnhance:  getTopIsFullscreen mTopIsFullscreen: false
07-09 06:42:45.950  3406  4206 W ActivityManager: Permission Denial: getTopApplicationInfo from pid=23993, uid=10447 requires oplus.permission.OPLUS_COMPONENT_SAFE
07-09 06:42:45.951  3406  4206 I MediaSessionStack: onPlaybackStateChanged - Pushing session to top | record: rd.sheepskin.sandboxmusic/SovereignMusicConsole/84 (userId=0)
07-09 06:42:45.952  3406  5242 W AppOps  : Noting op not finished: uid 10447 pkg rd.sheepskin.sandboxmusic code 154 startTime of in progress event=1783575765941
07-09 06:42:45.952  3406  5242 I AS.FadeOutManager: unfadeOutUid() uid:10447
07-09 06:42:45.953  3406  3406 D NotificationService--OplusNotificationManagerServiceExtImpl: isForwardToAssistants: true, case : Is local notification
07-09 06:42:45.953  3406  3406 D NotificationService: This application enqueue notifications is need postDelayed mcsAssistantDelayTime: 200
07-09 06:42:45.955  3406  7866 D NotificationService--OplusNotificationFixHelper: fixAppIcon: pkg=rd.sheepskin.sandboxmusic
07-09 06:42:45.955  3406  7866 D NotificationService--OplusNotificationFixHelper: fixAppIcon: appIcon = null, pkg = rd.sheepskin.sandboxmusic
07-09 06:42:45.955  3406  7866 I OplusStatusBarManagerServiceEnhance:  getTopIsFullscreen mTopIsFullscreen: false
07-09 06:42:45.955  3406  7866 W ActivityManager: Permission Denial: getTopApplicationInfo from pid=23993, uid=10447 requires oplus.permission.OPLUS_COMPONENT_SAFE
07-09 06:42:45.955  3406  3406 D NotificationService--OplusNotificationManagerServiceExtImpl: isForwardToAssistants: true, case : Is local notification
07-09 06:42:45.955  3406  3406 D NotificationService: This application enqueue notifications is need postDelayed mcsAssistantDelayTime: 200
07-09 06:42:45.957 23993 23993 I AudioManager: dispatching onAudioFocusChange(-1) to android.media.AudioManager@1415874rd.sheepskin.sandboxmusic.AndroidAudioSessionHelper$$ExternalSyntheticLambda0@db91023
07-09 06:42:45.990  3406  6006 D NotificationService--OplusNotificationFixHelper: fixAppIcon: pkg=rd.sheepskin.sandboxmusic
07-09 06:42:45.990  3406  6006 D NotificationService--OplusNotificationFixHelper: fixAppIcon: appIcon = null, pkg = rd.sheepskin.sandboxmusic
07-09 06:42:45.991  3406  6006 I OplusStatusBarManagerServiceEnhance:  getTopIsFullscreen mTopIsFullscreen: false
07-09 06:42:45.991  3406  6006 W ActivityManager: Permission Denial: getTopApplicationInfo from pid=23993, uid=10447 requires oplus.permission.OPLUS_COMPONENT_SAFE
07-09 06:42:45.992  3406  3406 D NotificationService--OplusNotificationManagerServiceExtImpl: isForwardToAssistants: true, case : Is local notification
07-09 06:42:45.994  3406  4590 D NotificationService--OplusNotificationFixHelper: fixAppIcon: pkg=rd.sheepskin.sandboxmusic
07-09 06:42:45.994  3406  4590 D NotificationService--OplusNotificationFixHelper: fixAppIcon: appIcon = null, pkg = rd.sheepskin.sandboxmusic
07-09 06:42:45.997  3406  3406 D NotificationService: This application enqueue notifications is need postDelayed mcsAssistantDelayTime: 200
07-09 06:42:45.998  3406  4590 I OplusStatusBarManagerServiceEnhance:  getTopIsFullscreen mTopIsFullscreen: false
07-09 06:42:45.998  3406  4590 W ActivityManager: Permission Denial: getTopApplicationInfo from pid=23993, uid=10447 requires oplus.permission.OPLUS_COMPONENT_SAFE
07-09 06:42:45.998  3406  3406 D NotificationService--OplusNotificationManagerServiceExtImpl: isForwardToAssistants: true, case : Is local notification
07-09 06:42:45.998  3406  3406 D NotificationService: This application enqueue notifications is need postDelayed mcsAssistantDelayTime: 200
07-09 06:42:46.004  3406  4590 D NotificationService--OplusNotificationFixHelper: fixAppIcon: pkg=rd.sheepskin.sandboxmusic
07-09 06:42:46.004  3406  4590 D NotificationService--OplusNotificationFixHelper: fixAppIcon: appIcon = null, pkg = rd.sheepskin.sandboxmusic
07-09 06:42:46.004  3406  4590 E NotificationService: Package enqueue rate is 5.351487. Shedding 0|rd.sheepskin.sandboxmusic|88001|null|10447. package=rd.sheepskin.sandboxmusic
07-09 06:42:46.156  3406  3406 D LockSettingsService: [getSeparateProfileChallengeEnabled] userId = 12
07-09 06:42:46.156  3406  3406 D LockSettingsService: [getSeparateProfileChallengeEnabled] userId = 12
07-09 06:42:46.166  3406  3406 W NotificationHistory: Attempted to add notif for locked/gone/disabled user 0
07-09 06:42:46.167  3406  3406 D LockSettingsService: [getSeparateProfileChallengeEnabled] userId = 12
07-09 06:42:46.167  3406  3406 D LockSettingsService: [getSeparateProfileChallengeEnabled] userId = 12
07-09 06:42:46.170  3406  3406 D LockSettingsService: [getSeparateProfileChallengeEnabled] userId = 12
07-09 06:42:46.170  3406  3406 D LockSettingsService: [getSeparateProfileChallengeEnabled] userId = 12
07-09 06:42:46.184  3406  3668 W QosSceneRecognizer[NotificationScene]: get pid failed while enterNotificationScene, processInfos is null! uid: -1
07-09 06:42:46.201  3406  3406 D LockSettingsService: [getSeparateProfileChallengeEnabled] userId = 12
07-09 06:42:46.201  3406  3406 D LockSettingsService: [getSeparateProfileChallengeEnabled] userId = 12
07-09 06:42:46.204  3406  3406 D LockSettingsService: [getSeparateProfileChallengeEnabled] userId = 12
07-09 06:42:46.205  3406  3406 D LockSettingsService: [getSeparateProfileChallengeEnabled] userId = 12
--------- beginning of main
07-09 06:42:46.296  4937 30851 W ResourcesCompat: Failed to inflate ColorStateList, leaving it to the framework
07-09 06:42:46.296  4937 30851 W ResourcesCompat: java.lang.UnsupportedOperationException: Failed to resolve attribute at index 0: TypedValue{t=0x2/d=0x7f040117 a=-1}, theme={InheritanceMap=[id=0x103013fandroid:style/Theme.DeviceDefault.Light.DarkActionBar, id=0x1030238android:style/Theme.Material.Light.DarkActionBar, id=0x1030237android:style/Theme.Material.Light, id=0x103000candroid:style/Theme.Light, id=0x1030005android:style/Theme], Themes=[android:style/Theme.DeviceDefault.Light.DarkActionBar, forced]}
07-09 06:42:46.296  4937 30851 W ResourcesCompat: 	at android.content.res.TypedArray.getColor(TypedArray.java:536)
07-09 06:42:46.296  4937 30851 W ResourcesCompat: 	at w.b.b(SourceFile:138)
07-09 06:42:46.296  4937 30851 W ResourcesCompat: 	at w.b.a(SourceFile:17)
07-09 06:42:46.296  4937 30851 W ResourcesCompat: 	at com.heytap.log.util.c.J(SourceFile:122)
07-09 06:42:46.296  4937 30851 W ResourcesCompat: 	at pb.d0.b0(SourceFile:13)
07-09 06:42:46.296  4937 30851 W ResourcesCompat: 	at com.google.android.material.imageview.ShapeableImageView.<init>(SourceFile:3)
07-09 06:42:46.296  4937 30851 W ResourcesCompat: 	at com.google.android.material.imageview.ShapeableImageView.<init>(SourceFile:1)
07-09 06:42:46.296  4937 30851 W ResourcesCompat: 	at java.lang.reflect.Constructor.newInstance0(Native Method)
07-09 06:42:46.296  4937 30851 W ResourcesCompat: 	at java.lang.reflect.Constructor.newInstance(Constructor.java:343)
07-09 06:42:46.296  4937 30851 W ResourcesCompat: 	at android.view.LayoutInflater.createView(LayoutInflater.java:767)
07-09 06:42:46.296  4937 30851 W ResourcesCompat: 	at android.view.LayoutInflater.createViewFromTag(LayoutInflater.java:919)
07-09 06:42:46.296  4937 30851 W ResourcesCompat: 	at android.view.LayoutInflater.createViewFromTag(LayoutInflater.java:874)
07-09 06:42:46.296  4937 30851 W ResourcesCompat: 	at android.view.LayoutInflater.rInflate(LayoutInflater.java:1036)
07-09 06:42:46.296  4937 30851 W ResourcesCompat: 	at android.view.LayoutInflater.rInflateChildren(LayoutInflater.java:997)
07-09 06:42:46.296  4937 30851 W ResourcesCompat: 	at android.view.LayoutInflater.inflate(LayoutInflater.java:593)
07-09 06:42:46.296  4937 30851 W ResourcesCompat: 	at android.view.LayoutInflater.inflate(LayoutInflater.java:481)
07-09 06:42:46.296  4937 30851 W ResourcesCompat: 	at e7.b.a(SourceFile:35)
07-09 06:42:46.296  4937 30851 W ResourcesCompat: 	at a7.l0.l(SourceFile:83)
07-09 06:42:46.296  4937 30851 W ResourcesCompat: 	at a7.o0.e(SourceFile:134)
07-09 06:42:46.296  4937 30851 W ResourcesCompat: 	at h7.x.l(SourceFile:12)
07-09 06:42:46.296  4937 30851 W ResourcesCompat: 	at h7.x.<init>(SourceFile:166)
07-09 06:42:46.296  4937 30851 W ResourcesCompat: 	at h7.t.<init>(SourceFile:28)
07-09 06:42:46.296  4937 30851 W ResourcesCompat: 	at l6.g.a(SourceFile:127)
07-09 06:42:46.296  4937 30851 W ResourcesCompat: 	at u3.f.b(SourceFile:186)
07-09 06:42:46.296  4937 30851 W ResourcesCompat: 	at q5.d.r(SourceFile:246)
07-09 06:42:46.296  4937 30851 W ResourcesCompat: 	at u5.r.b(SourceFile:92)
07-09 06:42:46.296  4937 30851 W ResourcesCompat: 	at u5.x.u(SourceFile:13)
07-09 06:42:46.296  4937 30851 W ResourcesCompat: 	at u5.w.run(SourceFile:43)
07-09 06:42:46.296  4937 30851 W ResourcesCompat: 	at e0.n.run(SourceFile:181)
07-09 06:42:46.296  4937 30851 W ResourcesCompat: 	at java.util.concurrent.ThreadPoolExecutor.runWorker(ThreadPoolExecutor.java:1100)
07-09 06:42:46.296  4937 30851 W ResourcesCompat: 	at java.util.concurrent.ThreadPoolExecutor$Worker.run(ThreadPoolExecutor.java:624)
07-09 06:42:46.296  4937 30851 W ResourcesCompat: 	at java.lang.Thread.run(Thread.java:1572)
07-09 06:42:46.297  4937  4937 I PluginSeedling--Template: MediaPlayerImmersiveSection-->canStartAnimation: true
07-09 06:42:46.297  4937  4937 I PluginSeedling--Template: MediaPlayerImmersiveSection-->pkg: rd.sheepskin.sandboxmusic, lyricUiMode=false, hasLyric=true, isLargeScreen=false, immersiveMode: false
07-09 06:42:46.297  4937  4937 I PluginSeedling--Template: SinglePage-->sectionName: info, style:MEDIA_IMMERSIVE_PLAYER_STYLE, MEDIA_IMMERSIVE_PLAYER_STYLE
07-09 06:42:46.297  4937  4937 I PluginSeedling--StatusBar: LiveAlertModel-->media do not check service, return true
07-09 06:42:46.297  4937  4937 I PluginSeedling--Notification: NofificationInfoConvert-->setImmersiveEnable, enable=true, serviceEnable=true, wrapperList=[t3.g@93ba946, t3.g@e1e9707, t3.g@b74a034]
07-09 06:42:46.297  4937 30851 I COUISeekBar: COUISeekBar ensureSize : mPaddingHorizontal:18.9,mBackgroundHeight:27.0,mBackgroundEnlargeScale1.4,mProgressHeight:18.0,mThumbRadius27.0
07-09 06:42:46.297  4937 30851 E ThemeUtils: View class com.oplus.systemui.plugins.shared.template.component.media.view.TimeTextView is an AppCompat widget that can only be used with a Theme.AppCompat theme (or descendant).
07-09 06:42:46.298  4937 30851 E ThemeUtils: View class com.oplus.systemui.plugins.shared.template.component.media.view.TimeTextView is an AppCompat widget that can only be used with a Theme.AppCompat theme (or descendant).
07-09 06:42:46.298 23993 24186 V Capacitor/Plugin: To native (Capacitor plugin): callbackId: 111524562, pluginId: BackgroundMedia, methodName: stopAudioRouteWatcher
07-09 06:42:46.298 23993 24186 V Capacitor: callback: 111524562, pluginId: BackgroundMedia, methodName: stopAudioRouteWatcher, methodData: {}
07-09 06:42:46.298  4937 30851 E ThemeUtils: View class com.airbnb.lottie.LottieAnimationView is an AppCompat widget that can only be used with a Theme.AppCompat theme (or descendant).
07-09 06:42:46.298  4937 30851 E ThemeUtils: View class com.airbnb.lottie.LottieAnimationView is an AppCompat widget that can only be used with a Theme.AppCompat theme (or descendant).
07-09 06:42:46.298  4937 30851 E ThemeUtils: View class com.airbnb.lottie.LottieAnimationView is an AppCompat widget that can only be used with a Theme.AppCompat theme (or descendant).
07-09 06:42:46.298  4937 30851 E ThemeUtils: View class com.airbnb.lottie.LottieAnimationView is an AppCompat widget that can only be used with a Theme.AppCompat theme (or descendant).
07-09 06:42:46.298 23993 24186 V Capacitor/Plugin: To native (Capacitor plugin): callbackId: 111524563, pluginId: NativeExoPlayback, methodName: setPlaybackSpeed
07-09 06:42:46.298  4937 30851 E ThemeUtils: View class com.airbnb.lottie.LottieAnimationView is an AppCompat widget that can only be used with a Theme.AppCompat theme (or descendant).
07-09 06:42:46.298 23993 24186 V Capacitor: callback: 111524563, pluginId: NativeExoPlayback, methodName: setPlaybackSpeed, methodData: {"speed":1}
07-09 06:42:46.298  4937 30851 E ThemeUtils: View class com.google.android.material.imageview.ShapeableImageView is an AppCompat widget that can only be used with a Theme.AppCompat theme (or descendant).
07-09 06:42:46.299  4937 30851 W ResourcesCompat: Failed to inflate ColorStateList, leaving it to the framework
07-09 06:42:46.299  4937 30851 W ResourcesCompat: java.lang.UnsupportedOperationException: Failed to resolve attribute at index 0: TypedValue{t=0x2/d=0x7f040117 a=-1}, theme={InheritanceMap=[id=0x103013fandroid:style/Theme.DeviceDefault.Light.DarkActionBar, id=0x1030238android:style/Theme.Material.Light.DarkActionBar, id=0x1030237android:style/Theme.Material.Light, id=0x103000candroid:style/Theme.Light, id=0x1030005android:style/Theme], Themes=[android:style/Theme.DeviceDefault.Light.DarkActionBar, forced]}
07-09 06:42:46.299  4937 30851 W ResourcesCompat: 	at android.content.res.TypedArray.getColor(TypedArray.java:536)
07-09 06:42:46.299  4937 30851 W ResourcesCompat: 	at w.b.b(SourceFile:138)
07-09 06:42:46.299  4937 30851 W ResourcesCompat: 	at w.b.a(SourceFile:17)
07-09 06:42:46.299  4937 30851 W ResourcesCompat: 	at com.heytap.log.util.c.J(SourceFile:122)
07-09 06:42:46.299  4937 30851 W ResourcesCompat: 	at pb.d0.b0(SourceFile:13)
07-09 06:42:46.299  4937 30851 W ResourcesCompat: 	at com.google.android.material.imageview.ShapeableImageView.<init>(SourceFile:3)
07-09 06:42:46.299  4937 30851 W ResourcesCompat: 	at com.google.android.material.imageview.ShapeableImageView.<init>(SourceFile:1)
07-09 06:42:46.299  4937 30851 W ResourcesCompat: 	at java.lang.reflect.Constructor.newInstance0(Native Method)
07-09 06:42:46.299  4937 30851 W ResourcesCompat: 	at java.lang.reflect.Constructor.newInstance(Constructor.java:343)
07-09 06:42:46.299  4937 30851 W ResourcesCompat: 	at android.view.LayoutInflater.createView(LayoutInflater.java:767)
07-09 06:42:46.299  4937 30851 W ResourcesCompat: 	at android.view.LayoutInflater.createViewFromTag(LayoutInflater.java:919)
07-09 06:42:46.299  4937 30851 W ResourcesCompat: 	at android.view.LayoutInflater.createViewFromTag(LayoutInflater.java:874)
07-09 06:42:46.299  4937 30851 W ResourcesCompat: 	at android.view.LayoutInflater.rInflate(LayoutInflater.java:1036)
07-09 06:42:46.299  4937 30851 W ResourcesCompat: 	at android.view.LayoutInflater.rInflateChildren(LayoutInflater.java:997)
07-09 06:42:46.299  4937 30851 W ResourcesCompat: 	at android.view.LayoutInflater.rInflate(LayoutInflater.java:1039)
07-09 06:42:46.299  4937 30851 W ResourcesCompat: 	at android.view.LayoutInflater.rInflateChildren(LayoutInflater.java:997)
07-09 06:42:46.299  4937 30851 W ResourcesCompat: 	at android.view.LayoutInflater.inflate(LayoutInflater.java:593)
07-09 06:42:46.299  4937 30851 W ResourcesCompat: 	at android.view.LayoutInflater.inflate(LayoutInflater.java:481)
07-09 06:42:46.299  4937 30851 W ResourcesCompat: 	at e7.b.a(SourceFile:35)
07-09 06:42:46.299  4937 30851 W ResourcesCompat: 	at a7.l0.l(SourceFile:83)
07-09 06:42:46.299  4937 30851 W ResourcesCompat: 	at a7.o0.e(SourceFile:134)
07-09 06:42:46.299  4937 30851 W ResourcesCompat: 	at h7.x.l(SourceFile:12)
07-09 06:42:46.299  4937 30851 W ResourcesCompat: 	at h7.x.<init>(SourceFile:166)
07-09 06:42:46.299  4937 30851 W ResourcesCompat: 	at h7.t.<init>(SourceFile:28)
07-09 06:42:46.299  4937 30851 W ResourcesCompat: 	at l6.g.a(SourceFile:127)
07-09 06:42:46.299  4937 30851 W ResourcesCompat: 	at u3.f.b(SourceFile:186)
07-09 06:42:46.299  4937 30851 W ResourcesCompat: 	at q5.d.r(SourceFile:246)
07-09 06:42:46.299  4937 30851 W ResourcesCompat: 	at u5.r.b(SourceFile:92)
07-09 06:42:46.299  4937 30851 W ResourcesCompat: 	at u5.x.u(SourceFile:13)
07-09 06:42:46.299  4937 30851 W ResourcesCompat: 	at u5.w.run(SourceFile:43)
07-09 06:42:46.299  4937 30851 W ResourcesCompat: 	at e0.n.run(SourceFile:181)
07-09 06:42:46.299  4937 30851 W ResourcesCompat: 	at java.util.concurrent.ThreadPoolExecutor.runWorker(ThreadPoolExecutor.java:1100)
07-09 06:42:46.299  4937 30851 W ResourcesCompat: 	at java.util.concurrent.ThreadPoolExecutor$Worker.run(ThreadPoolExecutor.java:624)
07-09 06:42:46.299  4937 30851 W ResourcesCompat: 	at java.lang.Thread.run(Thread.java:1572)
07-09 06:42:46.299 23993 23993 I Capacitor/Console: File:  - Line 349 - Msg: [object Object]
07-09 06:42:46.299 23993 24186 V Capacitor/Plugin: To native (Capacitor plugin): callbackId: 111524564, pluginId: BackgroundMedia, methodName: setWiredDacStabilityEnabled
07-09 06:42:46.299  4937  4937 I SystemUi--Notification: OplusCustomRowControllerManager-->checkShouldRemoveNotification packageName= rd.sheepskin.sandboxmusic, serviceId=default_com.android.systemui_268452006
07-09 06:42:46.299  4937 30851 E ThemeUtils: View class com.google.android.material.imageview.ShapeableImageView is an AppCompat widget that can only be used with a Theme.AppCompat theme (or descendant).
07-09 06:42:46.299 23993 24186 V Capacitor: callback: 111524564, pluginId: BackgroundMedia, methodName: setWiredDacStabilityEnabled, methodData: {"enabled":true}
07-09 06:42:46.299  4937  4937 W SystemUi--Common: SubsetBitmapDrawable-->[isValid] innerBitmap?.isRecycled=null
07-09 06:42:46.299  4937 30851 W ResourcesCompat: Failed to inflate ColorStateList, leaving it to the framework
07-09 06:42:46.299  4937 30851 W ResourcesCompat: java.lang.UnsupportedOperationException: Failed to resolve attribute at index 0: TypedValue{t=0x2/d=0x7f040117 a=-1}, theme={InheritanceMap=[id=0x103013fandroid:style/Theme.DeviceDefault.Light.DarkActionBar, id=0x1030238android:style/Theme.Material.Light.DarkActionBar, id=0x1030237android:style/Theme.Material.Light, id=0x103000candroid:style/Theme.Light, id=0x1030005android:style/Theme], Themes=[android:style/Theme.DeviceDefault.Light.DarkActionBar, forced]}
07-09 06:42:46.299  4937 30851 W ResourcesCompat: 	at android.content.res.TypedArray.getColor(TypedArray.java:536)
07-09 06:42:46.299  4937 30851 W ResourcesCompat: 	at w.b.b(SourceFile:138)
07-09 06:42:46.299  4937 30851 W ResourcesCompat: 	at w.b.a(SourceFile:17)
07-09 06:42:46.299  4937 30851 W ResourcesCompat: 	at com.heytap.log.util.c.J(SourceFile:122)
07-09 06:42:46.299  4937 30851 W ResourcesCompat: 	at pb.d0.b0(SourceFile:13)
07-09 06:42:46.299  4937 30851 W ResourcesCompat: 	at com.google.android.material.imageview.ShapeableImageView.<init>(SourceFile:3)
07-09 06:42:46.299  4937 30851 W ResourcesCompat: 	at com.google.android.material.imageview.ShapeableImageView.<init>(SourceFile:1)
07-09 06:42:46.299  4937 30851 W ResourcesCompat: 	at java.lang.reflect.Constructor.newInstance0(Native Method)
07-09 06:42:46.299  4937 30851 W ResourcesCompat: 	at java.lang.reflect.Constructor.newInstance(Constructor.java:343)
07-09 06:42:46.299  4937 30851 W ResourcesCompat: 	at android.view.LayoutInflater.createView(LayoutInflater.java:767)
07-09 06:42:46.299  4937 30851 W ResourcesCompat: 	at android.view.LayoutInflater.createViewFromTag(LayoutInflater.java:919)
07-09 06:42:46.299  4937 30851 W ResourcesCompat: 	at android.view.LayoutInflater.createViewFromTag(LayoutInflater.java:874)
07-09 06:42:46.299  4937 30851 W ResourcesCompat: 	at android.view.LayoutInflater.rInflate(LayoutInflater.java:1036)
07-09 06:42:46.299  4937 30851 W ResourcesCompat: 	at android.view.LayoutInflater.rInflateChildren(LayoutInflater.java:997)
07-09 06:42:46.299  4937 30851 W ResourcesCompat: 	at android.view.LayoutInflater.rInflate(LayoutInflater.java:1039)
07-09 06:42:46.299  4937 30851 W ResourcesCompat: 	at android.view.LayoutInflater.rInflateChildren(LayoutInflater.java:997)
07-09 06:42:46.299  4937 30851 W ResourcesCompat: 	at android.view.LayoutInflater.inflate(LayoutInflater.java:593)
07-09 06:42:46.299  4937 30851 W ResourcesCompat: 	at android.view.LayoutInflater.inflate(LayoutInflater.java:481)
07-09 06:42:46.299  4937 30851 W ResourcesCompat: 	at e7.b.a(SourceFile:35)
07-09 06:42:46.299  4937 30851 W ResourcesCompat: 	at a7.l0.l(SourceFile:83)
07-09 06:42:46.299  4937 30851 W ResourcesCompat: 	at a7.o0.e(SourceFile:134)
07-09 06:42:46.299  4937 30851 W ResourcesCompat: 	at h7.x.l(SourceFile:12)
07-09 06:42:46.299  4937 30851 W ResourcesCompat: 	at h7.x.<init>(SourceFile:166)
07-09 06:42:46.299  4937 30851 W ResourcesCompat: 	at h7.t.<init>(SourceFile:28)
07-09 06:42:46.299  4937 30851 W ResourcesCompat: 	at l6.g.a(SourceFile:127)
07-09 06:42:46.299  4937 30851 W ResourcesCompat: 	at u3.f.b(SourceFile:186)
07-09 06:42:46.299  4937 30851 W ResourcesCompat: 	at q5.d.r(SourceFile:246)
07-09 06:42:46.299  4937 30851 W ResourcesCompat: 	at u5.r.b(SourceFile:92)
07-09 06:42:46.299  4937 30851 W ResourcesCompat: 	at u5.x.u(SourceFile:13)
07-09 06:42:46.299  4937 30851 W ResourcesCompat: 	at u5.w.run(SourceFile:43)
07-09 06:42:46.299  4937 30851 W ResourcesCompat: 	at e0.n.run(SourceFile:181)
07-09 06:42:46.299  4937 30851 W ResourcesCompat: 	at java.util.concurrent.ThreadPoolExecutor.runWorker(ThreadPoolExecutor.java:1100)
07-09 06:42:46.299  4937 30851 W ResourcesCompat: 	at java.util.concurrent.ThreadPoolExecutor$Worker.run(ThreadPoolExecutor.java:624)
07-09 06:42:46.299  4937 30851 W ResourcesCompat: 	at java.lang.Thread.run(Thread.java:1572)
07-09 06:42:46.299  4937 30851 E ThemeUtils: View class com.google.android.material.imageview.ShapeableImageView is an AppCompat widget that can only be used with a Theme.AppCompat theme (or descendant).
07-09 06:42:46.299 23993 23993 I Capacitor/Console: File:  - Line 349 - Msg: [object Object]
07-09 06:42:46.299  4937 30851 W ResourcesCompat: Failed to inflate ColorStateList, leaving it to the framework
07-09 06:42:46.299  4937 30851 W ResourcesCompat: java.lang.UnsupportedOperationException: Failed to resolve attribute at index 0: TypedValue{t=0x2/d=0x7f040117 a=-1}, theme={InheritanceMap=[id=0x103013fandroid:style/Theme.DeviceDefault.Light.DarkActionBar, id=0x1030238android:style/Theme.Material.Light.DarkActionBar, id=0x1030237android:style/Theme.Material.Light, id=0x103000candroid:style/Theme.Light, id=0x1030005android:style/Theme], Themes=[android:style/Theme.DeviceDefault.Light.DarkActionBar, forced]}
07-09 06:42:46.299  4937 30851 W ResourcesCompat: 	at android.content.res.TypedArray.getColor(TypedArray.java:536)
07-09 06:42:46.299  4937 30851 W ResourcesCompat: 	at w.b.b(SourceFile:138)
07-09 06:42:46.299  4937 30851 W ResourcesCompat: 	at w.b.a(SourceFile:17)
07-09 06:42:46.299  4937 30851 W ResourcesCompat: 	at com.heytap.log.util.c.J(SourceFile:122)
07-09 06:42:46.299  4937 30851 W ResourcesCompat: 	at pb.d0.b0(SourceFile:13)
07-09 06:42:46.299  4937 30851 W ResourcesCompat: 	at com.google.android.material.imageview.ShapeableImageView.<init>(SourceFile:3)
07-09 06:42:46.299  4937 30851 W ResourcesCompat: 	at com.google.android.material.imageview.ShapeableImageView.<init>(SourceFile:1)
07-09 06:42:46.299  4937 30851 W ResourcesCompat: 	at java.lang.reflect.Constructor.newInstance0(Native Method)
07-09 06:42:46.299  4937 30851 W ResourcesCompat: 	at java.lang.reflect.Constructor.newInstance(Constructor.java:343)
07-09 06:42:46.299  4937 30851 W ResourcesCompat: 	at android.view.LayoutInflater.createView(LayoutInflater.java:767)
07-09 06:42:46.299  4937 30851 W ResourcesCompat: 	at android.view.LayoutInflater.createViewFromTag(LayoutInflater.java:919)
07-09 06:42:46.299  4937 30851 W ResourcesCompat: 	at android.view.LayoutInflater.createViewFromTag(LayoutInflater.java:874)
07-09 06:42:46.299  4937 30851 W ResourcesCompat: 	at android.view.LayoutInflater.rInflate(LayoutInflater.java:1036)
07-09 06:42:46.299  4937 30851 W ResourcesCompat: 	at android.view.LayoutInflater.rInflateChildren(LayoutInflater.java:997)
07-09 06:42:46.299  4937 30851 W ResourcesCompat: 	at android.view.LayoutInflater.rInflate(LayoutInflater.java:1039)
07-09 06:42:46.299  4937 30851 W ResourcesCompat: 	at android.view.LayoutInflater.rInflateChildren(LayoutInflater.java:997)
07-09 06:42:46.299  4937 30851 W ResourcesCompat: 	at android.view.LayoutInflater.inflate(LayoutInflater.java:593)
07-09 06:42:46.299  4937 30851 W ResourcesCompat: 	at android.view.LayoutInflater.inflate(LayoutInflater.java:481)
07-09 06:42:46.299  4937 30851 W ResourcesCompat: 	at e7.b.a(SourceFile:35)
07-09 06:42:46.299  4937 30851 W ResourcesCompat: 	at a7.l0.l(SourceFile:83)
07-09 06:42:46.299  4937 30851 W ResourcesCompat: 	at a7.o0.e(SourceFile:134)
07-09 06:42:46.299  4937 30851 W ResourcesCompat: 	at h7.x.l(SourceFile:12)
07-09 06:42:46.299  4937 30851 W ResourcesCompat: 	at h7.x.<init>(SourceFile:166)
07-09 06:42:46.299  4937 30851 W ResourcesCompat: 	at h7.t.<init>(SourceFile:28)
07-09 06:42:46.299  4937 30851 W ResourcesCompat: 	at l6.g.a(SourceFile:127)
07-09 06:42:46.299  4937 30851 W ResourcesCompat: 	at u3.f.b(SourceFile:186)
07-09 06:42:46.299  4937 30851 W ResourcesCompat: 	at q5.d.r(SourceFile:246)
07-09 06:42:46.299  4937 30851 W ResourcesCompat: 	at u5.r.b(SourceFile:92)
07-09 06:42:46.299  4937 30851 W ResourcesCompat: 	at u5.x.u(SourceFile:13)
07-09 06:42:46.299  4937 30851 W ResourcesCompat: 	at u5.w.run(SourceFile:43)
07-09 06:42:46.299  4937 30851 W ResourcesCompat: 	at e0.n.run(SourceFile:181)
07-09 06:42:46.299  4937 30851 W ResourcesCompat: 	at java.util.concurrent.ThreadPoolExecutor.runWorker(ThreadPoolExecutor.java:1100)
07-09 06:42:46.299  4937 30851 W ResourcesCompat: 	at java.util.concurrent.ThreadPoolExecutor$Worker.run(ThreadPoolExecutor.java:624)
07-09 06:42:46.299  4937 30851 W ResourcesCompat: 	at java.lang.Thread.run(Thread.java:1572)
07-09 06:42:46.299 23993 24186 V Capacitor/Plugin: To native (Capacitor plugin): callbackId: 111524565, pluginId: BackgroundMedia, methodName: startAudioRouteWatcher
07-09 06:42:46.299 23993 24186 V Capacitor: callback: 111524565, pluginId: BackgroundMedia, methodName: startAudioRouteWatcher, methodData: {}
07-09 06:42:46.299  4937 30851 E ThemeUtils: View class com.google.android.material.imageview.ShapeableImageView is an AppCompat widget that can only be used with a Theme.AppCompat theme (or descendant).
07-09 06:42:46.300 23993 23993 I Capacitor/Console: File:  - Line 349 - Msg: [object Object]
07-09 06:42:46.300  4937 30851 W ResourcesCompat: Failed to inflate ColorStateList, leaving it to the framework
07-09 06:42:46.300  4937 30851 W ResourcesCompat: java.lang.UnsupportedOperationException: Failed to resolve attribute at index 0: TypedValue{t=0x2/d=0x7f040117 a=-1}, theme={InheritanceMap=[id=0x103013fandroid:style/Theme.DeviceDefault.Light.DarkActionBar, id=0x1030238android:style/Theme.Material.Light.DarkActionBar, id=0x1030237android:style/Theme.Material.Light, id=0x103000candroid:style/Theme.Light, id=0x1030005android:style/Theme], Themes=[android:style/Theme.DeviceDefault.Light.DarkActionBar, forced]}
07-09 06:42:46.300  4937 30851 W ResourcesCompat: 	at android.content.res.TypedArray.getColor(TypedArray.java:536)
07-09 06:42:46.300  4937 30851 W ResourcesCompat: 	at w.b.b(SourceFile:138)
07-09 06:42:46.300  4937 30851 W ResourcesCompat: 	at w.b.a(SourceFile:17)
07-09 06:42:46.300  4937 30851 W ResourcesCompat: 	at com.heytap.log.util.c.J(SourceFile:122)
07-09 06:42:46.300  4937 30851 W ResourcesCompat: 	at pb.d0.b0(SourceFile:13)
07-09 06:42:46.300  4937 30851 W ResourcesCompat: 	at com.google.android.material.imageview.ShapeableImageView.<init>(SourceFile:3)
07-09 06:42:46.300  4937 30851 W ResourcesCompat: 	at com.google.android.material.imageview.ShapeableImageView.<init>(SourceFile:1)
07-09 06:42:46.300  4937 30851 W ResourcesCompat: 	at java.lang.reflect.Constructor.newInstance0(Native Method)
07-09 06:42:46.300  4937 30851 W ResourcesCompat: 	at java.lang.reflect.Constructor.newInstance(Constructor.java:343)
07-09 06:42:46.300  4937 30851 W ResourcesCompat: 	at android.view.LayoutInflater.createView(LayoutInflater.java:767)
07-09 06:42:46.300  4937 30851 W ResourcesCompat: 	at android.view.LayoutInflater.createViewFromTag(LayoutInflater.java:919)
07-09 06:42:46.300  4937 30851 W ResourcesCompat: 	at android.view.LayoutInflater.createViewFromTag(LayoutInflater.java:874)
07-09 06:42:46.300  4937 30851 W ResourcesCompat: 	at android.view.LayoutInflater.rInflate(LayoutInflater.java:1036)
07-09 06:42:46.300  4937 30851 W ResourcesCompat: 	at android.view.LayoutInflater.rInflateChildren(LayoutInflater.java:997)
07-09 06:42:46.300  4937 30851 W ResourcesCompat: 	at android.view.LayoutInflater.rInflate(LayoutInflater.java:1039)
07-09 06:42:46.300  4937 30851 W ResourcesCompat: 	at android.view.LayoutInflater.rInflateChildren(LayoutInflater.java:997)
07-09 06:42:46.300  4937 30851 W ResourcesCompat: 	at android.view.LayoutInflater.inflate(LayoutInflater.java:593)
07-09 06:42:46.300  4937 30851 W ResourcesCompat: 	at android.view.LayoutInflater.inflate(LayoutInflater.java:481)
07-09 06:42:46.300  4937 30851 W ResourcesCompat: 	at e7.b.a(SourceFile:35)
07-09 06:42:46.300  4937 30851 W ResourcesCompat: 	at a7.l0.l(SourceFile:83)
07-09 06:42:46.300  4937 30851 W ResourcesCompat: 	at a7.o0.e(SourceFile:134)
07-09 06:42:46.300  4937 30851 W ResourcesCompat: 	at h7.x.l(SourceFile:12)
07-09 06:42:46.300  4937 30851 W ResourcesCompat: 	at h7.x.<init>(SourceFile:166)
07-09 06:42:46.300  4937 30851 W ResourcesCompat: 	at h7.t.<init>(SourceFile:28)
07-09 06:42:46.300  4937 30851 W ResourcesCompat: 	at l6.g.a(SourceFile:127)
07-09 06:42:46.300  4937 30851 W ResourcesCompat: 	at u3.f.b(SourceFile:186)
07-09 06:42:46.300  4937 30851 W ResourcesCompat: 	at q5.d.r(SourceFile:246)
07-09 06:42:46.300  4937 30851 W ResourcesCompat: 	at u5.r.b(SourceFile:92)
07-09 06:42:46.300  4937 30851 W ResourcesCompat: 	at u5.x.u(SourceFile:13)
07-09 06:42:46.300  4937 30851 W ResourcesCompat: 	at u5.w.run(SourceFile:43)
07-09 06:42:46.300  4937 30851 W ResourcesCompat: 	at e0.n.run(SourceFile:181)
07-09 06:42:46.300  4937 30851 W ResourcesCompat: 	at java.util.concurrent.ThreadPoolExecutor.runWorker(ThreadPoolExecutor.java:1100)
07-09 06:42:46.300  4937 30851 W ResourcesCompat: 	at java.util.concurrent.ThreadPoolExecutor$Worker.run(ThreadPoolExecutor.java:624)
07-09 06:42:46.300  4937 30851 W ResourcesCompat: 	at java.lang.Thread.run(Thread.java:1572)
07-09 06:42:46.300  4937 30851 E ThemeUtils: View class com.google.android.material.imageview.ShapeableImageView is an AppCompat widget that can only be used with a Theme.AppCompat theme (or descendant).
07-09 06:42:46.300 23993 24186 V Capacitor/Plugin: To native (Capacitor plugin): callbackId: 111524566, pluginId: BackgroundMedia, methodName: addListener
07-09 06:42:46.300 23993 24186 V Capacitor: callback: 111524566, pluginId: BackgroundMedia, methodName: addListener, methodData: {"eventName":"audioRouteChange"}
07-09 06:42:46.300  4937 30851 W ResourcesCompat: Failed to inflate ColorStateList, leaving it to the framework
07-09 06:42:46.300  4937 30851 W ResourcesCompat: java.lang.UnsupportedOperationException: Failed to resolve attribute at index 0: TypedValue{t=0x2/d=0x7f040117 a=-1}, theme={InheritanceMap=[id=0x103013fandroid:style/Theme.DeviceDefault.Light.DarkActionBar, id=0x1030238android:style/Theme.Material.Light.DarkActionBar, id=0x1030237android:style/Theme.Material.Light, id=0x103000candroid:style/Theme.Light, id=0x1030005android:style/Theme], Themes=[android:style/Theme.DeviceDefault.Light.DarkActionBar, forced]}
07-09 06:42:46.300  4937 30851 W ResourcesCompat: 	at android.content.res.TypedArray.getColor(TypedArray.java:536)
07-09 06:42:46.300  4937 30851 W ResourcesCompat: 	at w.b.b(SourceFile:138)
07-09 06:42:46.300  4937 30851 W ResourcesCompat: 	at w.b.a(SourceFile:17)
07-09 06:42:46.300  4937 30851 W ResourcesCompat: 	at com.heytap.log.util.c.J(SourceFile:122)
07-09 06:42:46.300  4937 30851 W ResourcesCompat: 	at pb.d0.b0(SourceFile:13)
07-09 06:42:46.300  4937 30851 W ResourcesCompat: 	at com.google.android.material.imageview.ShapeableImageView.<init>(SourceFile:3)
07-09 06:42:46.300  4937 30851 W ResourcesCompat: 	at com.google.android.material.imageview.ShapeableImageView.<init>(SourceFile:1)
07-09 06:42:46.300  4937 30851 W ResourcesCompat: 	at java.lang.reflect.Constructor.newInstance0(Native Method)
07-09 06:42:46.300  4937 30851 W ResourcesCompat: 	at java.lang.reflect.Constructor.newInstance(Constructor.java:343)
07-09 06:42:46.300  4937 30851 W ResourcesCompat: 	at android.view.LayoutInflater.createView(LayoutInflater.java:767)
07-09 06:42:46.300  4937 30851 W ResourcesCompat: 	at android.view.LayoutInflater.createViewFromTag(LayoutInflater.java:919)
07-09 06:42:46.300  4937 30851 W ResourcesCompat: 	at android.view.LayoutInflater.createViewFromTag(LayoutInflater.java:874)
07-09 06:42:46.300  4937 30851 W ResourcesCompat: 	at android.view.LayoutInflater.rInflate(LayoutInflater.java:1036)
07-09 06:42:46.300  4937 30851 W ResourcesCompat: 	at android.view.LayoutInflater.rInflateChildren(LayoutInflater.java:997)
07-09 06:42:46.300  4937 30851 W ResourcesCompat: 	at android.view.LayoutInflater.rInflate(LayoutInflater.java:1039)
07-09 06:42:46.300  4937 30851 W ResourcesCompat: 	at android.view.LayoutInflater.rInflateChildren(LayoutInflater.java:997)
07-09 06:42:46.300  4937 30851 W ResourcesCompat: 	at android.view.LayoutInflater.inflate(LayoutInflater.java:593)
07-09 06:42:46.300  4937 30851 W ResourcesCompat: 	at android.view.LayoutInflater.inflate(LayoutInflater.java:481)
07-09 06:42:46.300  4937 30851 W ResourcesCompat: 	at e7.b.a(SourceFile:35)
07-09 06:42:46.300  4937 30851 W ResourcesCompat: 	at a7.l0.l(SourceFile:83)
07-09 06:42:46.300  4937 30851 W ResourcesCompat: 	at a7.o0.e(SourceFile:134)
07-09 06:42:46.300  4937 30851 W ResourcesCompat: 	at h7.x.l(SourceFile:12)
07-09 06:42:46.300  4937 30851 W ResourcesCompat: 	at h7.x.<init>(SourceFile:166)
07-09 06:42:46.300  4937 30851 W ResourcesCompat: 	at h7.t.<init>(SourceFile:28)
07-09 06:42:46.300  4937 30851 W ResourcesCompat: 	at l6.g.a(SourceFile:127)
07-09 06:42:46.300  4937 30851 W ResourcesCompat: 	at u3.f.b(SourceFile:186)
07-09 06:42:46.300  4937 30851 W ResourcesCompat: 	at q5.d.r(SourceFile:246)
07-09 06:42:46.300  4937 30851 W ResourcesCompat: 	at u5.r.b(SourceFile:92)
07-09 06:42:46.300  4937 30851 W ResourcesCompat: 	at u5.x.u(SourceFile:13)
07-09 06:42:46.300  4937 30851 W ResourcesCompat: 	at u5.w.run(SourceFile:43)
07-09 06:42:46.300  4937 30851 W ResourcesCompat: 	at e0.n.run(SourceFile:181)
07-09 06:42:46.300  4937 30851 W ResourcesCompat: 	at java.util.concurrent.ThreadPoolExecutor.runWorker(ThreadPoolExecutor.java:1100)
07-09 06:42:46.300  4937 30851 W ResourcesCompat: 	at java.util.concurrent.ThreadPoolExecutor$Worker.run(ThreadPoolExecutor.java:624)
07-09 06:42:46.300  4937 30851 W ResourcesCompat: 	at java.lang.Thread.run(Thread.java:1572)
07-09 06:42:46.300 23993 23993 I Capacitor/Console: File:  - Line 349 - Msg: [object Object]
07-09 06:42:46.300  4937 30851 E ThemeUtils: View class com.google.android.material.imageview.ShapeableImageView is an AppCompat widget that can only be used with a Theme.AppCompat theme (or descendant).
07-09 06:42:46.300  4937 30851 W ResourcesCompat: Failed to inflate ColorStateList, leaving it to the framework
07-09 06:42:46.300  4937 30851 W ResourcesCompat: java.lang.UnsupportedOperationException: Failed to resolve attribute at index 0: TypedValue{t=0x2/d=0x7f040117 a=-1}, theme={InheritanceMap=[id=0x103013fandroid:style/Theme.DeviceDefault.Light.DarkActionBar, id=0x1030238android:style/Theme.Material.Light.DarkActionBar, id=0x1030237android:style/Theme.Material.Light, id=0x103000candroid:style/Theme.Light, id=0x1030005android:style/Theme], Themes=[android:style/Theme.DeviceDefault.Light.DarkActionBar, forced]}
07-09 06:42:46.300  4937 30851 W ResourcesCompat: 	at android.content.res.TypedArray.getColor(TypedArray.java:536)
07-09 06:42:46.300  4937 30851 W ResourcesCompat: 	at w.b.b(SourceFile:138)
07-09 06:42:46.300  4937 30851 W ResourcesCompat: 	at w.b.a(SourceFile:17)
07-09 06:42:46.300  4937 30851 W ResourcesCompat: 	at com.heytap.log.util.c.J(SourceFile:122)
07-09 06:42:46.300  4937 30851 W ResourcesCompat: 	at pb.d0.b0(SourceFile:13)
07-09 06:42:46.300  4937 30851 W ResourcesCompat: 	at com.google.android.material.imageview.ShapeableImageView.<init>(SourceFile:3)
07-09 06:42:46.300  4937 30851 W ResourcesCompat: 	at com.google.android.material.imageview.ShapeableImageView.<init>(SourceFile:1)
07-09 06:42:46.300  4937 30851 W ResourcesCompat: 	at java.lang.reflect.Constructor.newInstance0(Native Method)
07-09 06:42:46.300  4937 30851 W ResourcesCompat: 	at java.lang.reflect.Constructor.newInstance(Constructor.java:343)
07-09 06:42:46.300  4937 30851 W ResourcesCompat: 	at android.view.LayoutInflater.createView(LayoutInflater.java:767)
07-09 06:42:46.300  4937 30851 W ResourcesCompat: 	at android.view.LayoutInflater.createViewFromTag(LayoutInflater.java:919)
07-09 06:42:46.300  4937 30851 W ResourcesCompat: 	at android.view.LayoutInflater.createViewFromTag(LayoutInflater.java:874)
07-09 06:42:46.300  4937 30851 W ResourcesCompat: 	at android.view.LayoutInflater.rInflate(LayoutInflater.java:1036)
07-09 06:42:46.300  4937 30851 W ResourcesCompat: 	at android.view.LayoutInflater.rInflateChildren(LayoutInflater.java:997)
07-09 06:42:46.300  4937 30851 W ResourcesCompat: 	at android.view.LayoutInflater.rInflate(LayoutInflater.java:1039)
07-09 06:42:46.300  4937 30851 W ResourcesCompat: 	at android.view.LayoutInflater.rInflateChildren(LayoutInflater.java:997)
07-09 06:42:46.300  4937 30851 W ResourcesCompat: 	at android.view.LayoutInflater.inflate(LayoutInflater.java:593)
07-09 06:42:46.300  4937 30851 W ResourcesCompat: 	at android.view.LayoutInflater.inflate(LayoutInflater.java:481)
07-09 06:42:46.300  4937 30851 W ResourcesCompat: 	at e7.b.a(SourceFile:35)
07-09 06:42:46.300  4937 30851 W ResourcesCompat: 	at a7.l0.l(SourceFile:83)
07-09 06:42:46.300  4937 30851 W ResourcesCompat: 	at a7.o0.e(SourceFile:134)
07-09 06:42:46.300  4937 30851 W ResourcesCompat: 	at h7.x.l(SourceFile:12)
07-09 06:42:46.300  4937 30851 W ResourcesCompat: 	at h7.x.<init>(SourceFile:166)
07-09 06:42:46.300  4937 30851 W ResourcesCompat: 	at h7.t.<init>(SourceFile:28)
07-09 06:42:46.300  4937 30851 W ResourcesCompat: 	at l6.g.a(SourceFile:127)
07-09 06:42:46.300  4937 30851 W ResourcesCompat: 	at u3.f.b(SourceFile:186)
07-09 06:42:46.300  4937 30851 W ResourcesCompat: 	at q5.d.r(SourceFile:246)
07-09 06:42:46.300  4937 30851 W ResourcesCompat: 	at u5.r.b(SourceFile:92)
07-09 06:42:46.300  4937 30851 W ResourcesCompat: 	at u5.x.u(SourceFile:13)
07-09 06:42:46.300  4937 30851 W ResourcesCompat: 	at u5.w.run(SourceFile:43)
07-09 06:42:46.300  4937 30851 W ResourcesCompat: 	at e0.n.run(SourceFile:181)
07-09 06:42:46.300  4937 30851 W ResourcesCompat: 	at java.util.concurrent.ThreadPoolExecutor.runWorker(ThreadPoolExecutor.java:1100)
07-09 06:42:46.300  4937 30851 W ResourcesCompat: 	at java.util.concurrent.ThreadPoolExecutor$Worker.run(ThreadPoolExecutor.java:624)
07-09 06:42:46.300  4937 30851 W ResourcesCompat: 	at java.lang.Thread.run(Thread.java:1572)
07-09 06:42:46.300 23993 24186 V Capacitor/Plugin: To native (Capacitor plugin): callbackId: 111524567, pluginId: BackgroundMedia, methodName: getAudioOutputRoute
07-09 06:42:46.300 23993 24186 V Capacitor: callback: 111524567, pluginId: BackgroundMedia, methodName: getAudioOutputRoute, methodData: {}
07-09 06:42:46.300 23993 23993 I Capacitor/Console: File:  - Line 349 - Msg: [object Object]
07-09 06:42:46.300  4937 30851 I PluginSeedling--Template: SingleCardPage-->card--sectionStyleChange: name: info, toStyle:MEDIA_PLAYER_STYLE, f7.m5@db31cd0, androidx.constraintlayout.widget.ConstraintLayout{ead4c9 V.E...... ......I. 0,0-0,0 #7f0901ee app:id/section_info alpha=1.0 viewInfo = } h7.m@a6d453b
07-09 06:42:46.300  4937 30851 I PluginSeedling--Template: TransitionViewWrapper-->inflate, newPageState: MEDIA_PLAYER_STYLE, currentPage:a7.l0@9c41fca
07-09 06:42:46.301  4937  4937 I PluginSeedling--Origin: LiveAlertInteractorImpl-->EntryDataListener,onDataPosted originData:[t3.d@dd734565] data:[t3.d@dd734565]
07-09 06:42:46.301 23993 23993 I Capacitor/Console: File:  - Line 349 - Msg: [object Object]
07-09 06:42:46.301  4937  4937 I PluginSeedling--Origin: LiveAlertInteractorImpl-->notifyEntryDataChanged ENTRY_NOTIFICATION, result:LiveAlertModel: [key: 0|com.android.systemui|268452006|1783575763458|0, entranceType: ENTRY_NOTIFICATION, score: 6.15, groupPriority: 2 type: LIVE, isSystemService: true, shouldShow: true, lockscreenShouldShow: true, sourceType: SOURCE_COMMON, remindLevel: 0, pkg: rd.sheepskin.sandboxmusic, hostPkgName=com.android.systemui front: true, forceRebuild: false, isForcedReminder: false, InstantDuration: 5000, requestPanel: null, capsuleTimeOut: 300000, serviceTitleName: , overrideTransition: false level: 2,
