07-09 06:42:46.404  4937  4937 I PluginSeedling--Origin: LiveAlertInteractorImpl-->notifyEntryDataChanged ENTRY_NOTIFICATION, result:LiveAlertModel: [key: 0|com.android.systemui|268452006|1783575763458|0, entranceType: ENTRY_NOTIFICATION, score: 6.15, groupPriority: 2 type: LIVE, isSystemService: true, shouldShow: true, lockscreenShouldShow: true, sourceType: SOURCE_COMMON, remindLevel: 0, pkg: rd.sheepskin.sandboxmusic, hostPkgName=com.android.systemui front: true, forceRebuild: false, isForcedReminder: false, InstantDuration: 5000, requestPanel: null, capsuleTimeOut: 300000, serviceTitleName: , overrideTransition: false level: 2,
07-09 06:42:46.404  4937  4937 I PluginSeedling--Origin:  rusBaseData: RusBaseData(id='default_com.android.systemui_268452006', updateStateEnable=1, canDelete=1, remindAlways=0, longClick='', cardImportance=-1, clickCustomAction=0,timeOutDuration=5, timeOutDurationEnable=0,enableInSuperpower=0, autoPriority=0, customCapsuleDuration=300000,clickWhenAnim=1, panoramicAodEnable=1,notificationStyleList=,blackCallStyle=0, liveAlertScore=6.15,liveAlertLevel=2,enableQuitShrink=0, lockImmersiveEnable=1, lockImmersiveDefault=1,lockRemindAlways = 0, luSettings=[], liteAnim=14, serviceType=1), showSize: VIEW_SIZE_NONE, isPinFiltered: false serviceFrom: 0, liveAlertState: SeedlingState(0), wrapperSize: 3, duplicateChips: false, quitHideOrBubble:0, liveAlertService:, immersiveCardType:2, requestLockScreenImmersive:-1, ignoreEntry:-1, noe: false
07-09 06:42:46.404  4937  4937 I PluginSeedling--Notification: NotificationRepository-->onDataChanged, [LiveAlertModel: [key: 0|com.android.systemui|268452006|1783575763458|0, entranceType: ENTRY_NOTIFICATION, score: 6.15, groupPriority: 2 type: LIVE, isSystemService: true, shouldShow: true, lockscreenShouldShow: true, sourceType: SOURCE_COMMON, remindLevel: 0, pkg: rd.sheepskin.sandboxmusic, hostPkgName=com.android.systemui front: true, forceRebuild: false, isForcedReminder: false, InstantDuration: 5000, requestPanel: null, capsuleTimeOut: 300000, serviceTitleName: , overrideTransition: false level: 2,
07-09 06:42:46.404  4937  4937 I PluginSeedling--Notification:  rusBaseData: RusBaseData(id='default_com.android.systemui_268452006', updateStateEnable=1, canDelete=1, remindAlways=0, longClick='', cardImportance=-1, clickCustomAction=0,timeOutDuration=5, timeOutDurationEnable=0,enableInSuperpower=0, autoPriority=0, customCapsuleDuration=300000,clickWhenAnim=1, panoramicAodEnable=1,notificationStyleList=,blackCallStyle=0, liveAlertScore=6.15,liveAlertLevel=2,enableQuitShrink=0, lockImmersiveEnable=1, lockImmersiveDefault=1,lockRemindAlways = 0, luSettings=[], liteAnim=14, serviceType=1), showSize: VIEW_SIZE_NONE, isPinFiltered: false serviceFrom: 0, liveAlertState: SeedlingState(0), wrapperSize: 3, duplicateChips: false, quitHideOrBubble:0, liveAlertService:, immersiveCardType:2, requestLockScreenImmersive:-1, ignoreEntry:-1]
07-09 06:42:46.404  4937  4937 I PluginSeedling--Origin: LiveAlertInteractorImpl-->EntryDataListener,onDataPosted originData:[t3.d@dd734565] data:[t3.d@dd734565]
07-09 06:42:46.404  4937  4937 I PluginSeedling--Origin: LiveAlertInteractorImpl-->notifyEntryDataChanged ENTRY_STATUS_BAR, result:LiveAlertModel: [key: 0|com.android.systemui|268452006|1783575763458|0, entranceType: ENTRY_STATUS_BAR, score: 6.15, groupPriority: 2 type: LIVE, isSystemService: true, shouldShow: true, lockscreenShouldShow: false, sourceType: SOURCE_COMMON, remindLevel: 0, pkg: rd.sheepskin.sandboxmusic, hostPkgName=com.android.systemui front: true, forceRebuild: false, isForcedReminder: false, InstantDuration: 5000, requestPanel: null, capsuleTimeOut: 300000, serviceTitleName: , overrideTransition: false level: 2,
07-09 06:42:46.404  4937  4937 I PluginSeedling--Origin:  rusBaseData: RusBaseData(id='default_com.android.systemui_268452006', updateStateEnable=1, canDelete=1, remindAlways=0, longClick='', cardImportance=-1, clickCustomAction=0,timeOutDuration=5, timeOutDurationEnable=0,enableInSuperpower=0, autoPriority=0, customCapsuleDuration=300000,clickWhenAnim=1, panoramicAodEnable=1,notificationStyleList=,blackCallStyle=0, liveAlertScore=6.15,liveAlertLevel=2,enableQuitShrink=0, lockImmersiveEnable=1, lockImmersiveDefault=1,lockRemindAlways = 0, luSettings=[], liteAnim=14, serviceType=1), showSize: VIEW_SIZE_NONE, isPinFiltered: false serviceFrom: 0, liveAlertState: SeedlingState(0), wrapperSize: 2, duplicateChips: false, quitHideOrBubble:0, liveAlertService:, immersiveCardType:2, requestLockScreenImmersive:-1, ignoreEntry:-1, noe: false
07-09 06:42:46.409  1884  4596 I sensors-hal: handle_sns_client_event:316, accel_sample: 0: ts=5231995205350 ns; value = [-0.166696, 0.409109, 9.883265], status=3
07-09 06:42:46.429  4937  4937 I PluginSeedling--Origin: LiveAlertInteractorImpl-->EntryDataListener,onDataPosted originData:[t3.d@dd734565] data:[t3.d@dd734565]
07-09 06:42:46.431  4937  4937 I PluginSeedling--Origin: LiveAlertInteractorImpl-->notifyEntryDataChanged ENTRY_NOTIFICATION, result:LiveAlertModel: [key: 0|com.android.systemui|268452006|1783575763458|0, entranceType: ENTRY_NOTIFICATION, score: 6.15, groupPriority: 2 type: LIVE, isSystemService: true, shouldShow: true, lockscreenShouldShow: true, sourceType: SOURCE_COMMON, remindLevel: 0, pkg: rd.sheepskin.sandboxmusic, hostPkgName=com.android.systemui front: true, forceRebuild: false, isForcedReminder: false, InstantDuration: 5000, requestPanel: null, capsuleTimeOut: 300000, serviceTitleName: , overrideTransition: false level: 2,
07-09 06:42:46.431  4937  4937 I PluginSeedling--Origin:  rusBaseData: RusBaseData(id='default_com.android.systemui_268452006', updateStateEnable=1, canDelete=1, remindAlways=0, longClick='', cardImportance=-1, clickCustomAction=0,timeOutDuration=5, timeOutDurationEnable=0,enableInSuperpower=0, autoPriority=0, customCapsuleDuration=300000,clickWhenAnim=1, panoramicAodEnable=1,notificationStyleList=,blackCallStyle=0, liveAlertScore=6.15,liveAlertLevel=2,enableQuitShrink=0, lockImmersiveEnable=1, lockImmersiveDefault=1,lockRemindAlways = 0, luSettings=[], liteAnim=14, serviceType=1), showSize: VIEW_SIZE_NONE, isPinFiltered: false serviceFrom: 0, liveAlertState: SeedlingState(0), wrapperSize: 3, duplicateChips: false, quitHideOrBubble:0, liveAlertService:, immersiveCardType:2, requestLockScreenImmersive:-1, ignoreEntry:-1, noe: false
07-09 06:42:46.432  4937  4937 I PluginSeedling--Notification: NotificationRepository-->onDataChanged, [LiveAlertModel: [key: 0|com.android.systemui|268452006|1783575763458|0, entranceType: ENTRY_NOTIFICATION, score: 6.15, groupPriority: 2 type: LIVE, isSystemService: true, shouldShow: true, lockscreenShouldShow: true, sourceType: SOURCE_COMMON, remindLevel: 0, pkg: rd.sheepskin.sandboxmusic, hostPkgName=com.android.systemui front: true, forceRebuild: false, isForcedReminder: false, InstantDuration: 5000, requestPanel: null, capsuleTimeOut: 300000, serviceTitleName: , overrideTransition: false level: 2,
07-09 06:42:46.432  4937  4937 I PluginSeedling--Notification:  rusBaseData: RusBaseData(id='default_com.android.systemui_268452006', updateStateEnable=1, canDelete=1, remindAlways=0, longClick='', cardImportance=-1, clickCustomAction=0,timeOutDuration=5, timeOutDurationEnable=0,enableInSuperpower=0, autoPriority=0, customCapsuleDuration=300000,clickWhenAnim=1, panoramicAodEnable=1,notificationStyleList=,blackCallStyle=0, liveAlertScore=6.15,liveAlertLevel=2,enableQuitShrink=0, lockImmersiveEnable=1, lockImmersiveDefault=1,lockRemindAlways = 0, luSettings=[], liteAnim=14, serviceType=1), showSize: VIEW_SIZE_NONE, isPinFiltered: false serviceFrom: 0, liveAlertState: SeedlingState(0), wrapperSize: 3, duplicateChips: false, quitHideOrBubble:0, liveAlertService:, immersiveCardType:2, requestLockScreenImmersive:-1, ignoreEntry:-1]
07-09 06:42:46.432  4937  4937 I PluginSeedling--Origin: LiveAlertInteractorImpl-->EntryDataListener,onDataPosted originData:[t3.d@dd734565] data:[t3.d@dd734565]
07-09 06:42:46.433  4937  4937 I PluginSeedling--Origin: LiveAlertInteractorImpl-->notifyEntryDataChanged ENTRY_STATUS_BAR, result:LiveAlertModel: [key: 0|com.android.systemui|268452006|1783575763458|0, entranceType: ENTRY_STATUS_BAR, score: 6.15, groupPriority: 2 type: LIVE, isSystemService: true, shouldShow: true, lockscreenShouldShow: false, sourceType: SOURCE_COMMON, remindLevel: 0, pkg: rd.sheepskin.sandboxmusic, hostPkgName=com.android.systemui front: true, forceRebuild: false, isForcedReminder: false, InstantDuration: 5000, requestPanel: null, capsuleTimeOut: 300000, serviceTitleName: , overrideTransition: false level: 2,
07-09 06:42:46.433  4937  4937 I PluginSeedling--Origin:  rusBaseData: RusBaseData(id='default_com.android.systemui_268452006', updateStateEnable=1, canDelete=1, remindAlways=0, longClick='', cardImportance=-1, clickCustomAction=0,timeOutDuration=5, timeOutDurationEnable=0,enableInSuperpower=0, autoPriority=0, customCapsuleDuration=300000,clickWhenAnim=1, panoramicAodEnable=1,notificationStyleList=,blackCallStyle=0, liveAlertScore=6.15,liveAlertLevel=2,enableQuitShrink=0, lockImmersiveEnable=1, lockImmersiveDefault=1,lockRemindAlways = 0, luSettings=[], liteAnim=14, serviceType=1), showSize: VIEW_SIZE_NONE, isPinFiltered: false serviceFrom: 0, liveAlertState: SeedlingState(0), wrapperSize: 2, duplicateChips: false, quitHideOrBubble:0, liveAlertService:, immersiveCardType:2, requestLockScreenImmersive:-1, ignoreEntry:-1, noe: false
07-09 06:42:46.434  4937  4937 I PluginSeedling--Template: TransitionViewWrapper-->update, newPageState: NORMAL_STYLE, currentPage:NORMAL_STYLE
07-09 06:42:46.436  4937  4937 I PluginSeedling--Template: TransitionViewWrapper-->update, newPageState: MEDIA_PLAYER_STYLE, currentPage:MEDIA_PLAYER_STYLE
07-09 06:42:46.438  4937  4937 I PluginSeedling--Template: TransitionViewWrapper-->update, newPageState: MEDIA_PLAYER_STYLE, currentPage:MEDIA_PLAYER_STYLE
07-09 06:42:46.443  4937  4937 I PluginSeedling--Template: TransitionViewWrapper-->update, newPageState: NORMAL_STYLE, currentPage:NORMAL_STYLE
07-09 06:42:46.444  4937  4937 I PluginSeedling--Template: CapsulePageViewModel-->sectionsTemplateData: left, style:CapsuleSectionTemplateData(style=IMAGE_TEXT_STYLE, moduleDic={pic=BitmapModel(src=android.graphics.Bitmap@d377c1b, iconColor=null, icon=Icon(typ=RESOURCE pkg=com.android.systemui id=0x7f0809d5), anim=null, bgColor=0, shape=1, width=90, height=90, radius=45.0, actionIntent=null, pi=null, desc=Sandbox Music)}, backgroundColor=null)
07-09 06:42:46.444  4937  4937 I PluginSeedling--Template: CapsulePageViewModel-->sectionsTemplateData: right, style:CapsuleSectionTemplateData(style=TEXT_IMAGE_STYLE, moduleDic={pic=DrawableModel(src=null, iconColor=null, anim=LottieOrRawAnimModel(anim='[length=10444]', shouldPlayCount=-1), bgColor=0, shape=0, width=90, height=90, radius=45.0, actionIntent=null, pi=null, desc=Sandbox Music)}, backgroundColor=null)
07-09 06:42:46.444  4937  4937 I PluginSeedling--Template: TransitionViewWrapper-->update, newPageState: MEDIA_PLAYER_STYLE, currentPage:MEDIA_PLAYER_STYLE
07-09 06:42:46.445  4937  4937 I PluginSeedling--Template: TransitionViewWrapper-->update, newPageState: NORMAL_STYLE, currentPage:NORMAL_STYLE
07-09 06:42:46.445  4937  4937 I PluginSeedling--Template: TransitionViewWrapper-->update, newPageState: MEDIA_PLAYER_STYLE, currentPage:MEDIA_PLAYER_STYLE
07-09 06:42:46.445  4937  4937 I PluginSeedling--Template: TransitionViewWrapper-->update, newPageState: MEDIA_PLAYER_STYLE, currentPage:MEDIA_PLAYER_STYLE
07-09 06:42:46.445  4937  4937 I PluginSeedling--Template: TransitionViewWrapper-->update, newPageState: NORMAL_STYLE, currentPage:NORMAL_STYLE
07-09 06:42:46.446  4937  4937 I PluginSeedling--Template: TransitionViewWrapper-->update, newPageState: MEDIA_PLAYER_STYLE, currentPage:MEDIA_PLAYER_STYLE
07-09 06:42:46.450  4937  4937 I SystemUi--Media: MediaDataFlowLimiter-->MEDIA_PANEL-->onMediaDataLoaded, last data 100 ms , 0|rd.sheepskin.sandboxmusic|88001|null|10447 Sandbox Music(isPlaying:true), currentData = MediaDataExt{userId=0, initialized=true, app=Sandbox Music, artist=EMPTY, song=EMPTY, artwork=null, packageName=rd.sheepskin.sandboxmusic, token=android.media.session.MediaSession$Token@1348b45,  active=true, playbackLocation=0, resumption=false, notificationKey=0|rd.sheepskin.sandboxmusic|88001|null|10447, isPlaying=true, mediaCustNotification=false, }
07-09 06:42:46.450  4937  4937 I SystemUi--Media: MediaDataFlowLimiter-->MEDIA_PANEL-->debounce remove 0|rd.sheepskin.sandboxmusic|88001|null|10447
07-09 06:42:46.454  4937  4937 I PluginSeedling--Template: CapsulePageViewModel-->sectionsTemplateData: left, style:CapsuleSectionTemplateData(style=IMAGE_TEXT_STYLE, moduleDic={pic=BitmapModel(src=android.graphics.Bitmap@f55763d, iconColor=null, icon=Icon(typ=RESOURCE pkg=com.android.systemui id=0x7f0809d5), anim=null, bgColor=0, shape=1, width=90, height=90, radius=45.0, actionIntent=null, pi=null, desc=)}, backgroundColor=null)
07-09 06:42:46.454  4937  4937 I PluginSeedling--Template: CapsulePageViewModel-->sectionsTemplateData: right, style:CapsuleSectionTemplateData(style=TEXT_IMAGE_STYLE, moduleDic={pic=DrawableModel(src=null, iconColor=null, anim=LottieOrRawAnimModel(anim='[length=10444]', shouldPlayCount=-1), bgColor=0, shape=0, width=90, height=90, radius=45.0, actionIntent=null, pi=null, desc=)}, backgroundColor=null)
07-09 06:42:46.455  4937  4937 I PluginSeedling--Template: AbstractSection-->section-bind, d7.m@296e010, BitmapModel(src=android.graphics.Bitmap@f55763d, iconColor=null, icon=Icon(typ=RESOURCE pkg=com.android.systemui id=0x7f0809d5), anim=null, bgColor=0, shape=1, width=90, height=90, radius=45.0, actionIntent=null, pi=null, desc=)
07-09 06:42:46.455  4937  4937 I PluginSeedling--Template: AbstractSection-->section-bind, d7.s@ac47c1a, DrawableModel(src=null, iconColor=null, anim=LottieOrRawAnimModel(anim='[length=10444]', shouldPlayCount=-1), bgColor=0, shape=0, width=90, height=90, radius=45.0, actionIntent=null, pi=null, desc=)
07-09 06:42:46.458 23993 23993 I Capacitor/Console: File:  - Line 349 - Msg: [object Object]
07-09 06:42:46.458 23993 24186 V Capacitor/Plugin: To native (Capacitor plugin): callbackId: 111524575, pluginId: NativeExoPlayback, methodName: getStatus
07-09 06:42:46.459 23993 24186 V Capacitor: callback: 111524575, pluginId: NativeExoPlayback, methodName: getStatus, methodData: {}
07-09 06:42:46.462 23993 23993 I Capacitor/Console: File:  - Line 333 - Msg: {"available":true,"wired":true,"message":"ExoPlayer decode active ÔÇö content:// locker bridge + HTTP streams.","state":"playing","positionSecs":28.658,"durationSecs":5305.206,"queueIndex":0,"queueLength":1,"gaplessEnabled":false,"crossfadeEnabled":false,"bitPerfectActive":false,"currentUrl":"content://rd.sheepskin.sandboxmusic.locker/locker/feed-xejvvz_ep-b62o8o_why_did_cm_punk_win_the_wwe_championship__wwe_raw_review_wrestletalk_podcast_wrestletalk_podcast","envelopeId":"podcast:feed-xejvvz:feed-xejvvz:ep-b62o8o","title":"Why Did CM Punk Win The WWE Championship? WWE Raw Review","artist":"WrestleTalk Podcast","album":"WrestleTalk Podcast","artworkUrl":"https://assets.pippa.io/shows/611f8dab480472d41e143ef4/1746546099353-dd2aeb10-0692-41d9-b251-bc41e4660934.jpeg"}
07-09 06:42:46.474  4937  4937 I SystemUi--Media: MediaPlayerData-->MEDIA_PANEL-->addMediaSortKey newKey:0|rd.sheepskin.sandboxmusic|88001|null|10447 oldKey:0|rd.sheepskin.sandboxmusic|88001|null|10447, remove:true packageName:rd.sheepskin.sandboxmusic playbackStateUnchanged:true newPlaying:true oldPlaying:true updateTime:1783575766223 oldTime:1783575766223 noUpdateTime:false
07-09 06:42:46.474  4937  4937 I SystemUi--Media: OplusMediaDataFilterExImpl-->MEDIA_PANEL-->dispatchMediaDataOnLoaded key:0|rd.sheepskin.sandboxmusic|88001|null|10447 oldKey:0|rd.sheepskin.sandboxmusic|88001|null|10447 data:MediaDataExt{userId=0, initialized=true, app=Sandbox Music, artist=EMPTY, song=EMPTY, artwork=null, packageName=rd.sheepskin.sandboxmusic, token=android.media.session.MediaSession$Token@1348b45,  active=true, playbackLocation=0, resumption=false, notificationKey=0|rd.sheepskin.sandboxmusic|88001|null|10447, isPlaying=true, mediaCustNotification=false, }
07-09 06:42:46.474  4937  4937 I SystemUi--Media: OplusQsMediaPanelViewController-->MEDIA_PANEL-->onMediaDataLoaded: MediaDataExt{userId=0, initialized=true, app=Sandbox Music, artist=EMPTY, song=EMPTY, artwork=null, packageName=rd.sheepskin.sandboxmusic, token=android.media.session.MediaSession$Token@1348b45,  active=true, playbackLocation=0, resumption=false, notificationKey=0|rd.sheepskin.sandboxmusic|88001|null|10447, isPlaying=true, mediaCustNotification=false, }, controller: com.oplus.systemui.qs.media.OplusQsMediaPanelViewController$mediaDataUpdateListener$1@6f7d2a1
07-09 06:42:46.474  4937  4937 I SystemUi--Media: OplusMediaSeedlingController-->MEDIA_SEEDLING-->warning: onMediaDataLoaded: old mediaClient is not null! key=0|rd.sheepskin.sandboxmusic|88001|null|10447
07-09 06:42:46.474  4937  4937 I SystemUi--Media: AbsMediaClient-->MEDIA_SEEDLING-->onMediaDataLoaded: data=MediaDataExt{userId=0, initialized=true, app=Sandbox Music, artist=EMPTY, song=EMPTY, artwork=null, packageName=rd.sheepskin.sandboxmusic, token=android.media.session.MediaSession$Token@1348b45,  active=true, playbackLocation=0, resumption=false, notificationKey=0|rd.sheepskin.sandboxmusic|88001|null|10447, isPlaying=true, mediaCustNotification=false, } isDestroyed=false
07-09 06:42:46.475  4937  5037 I SystemUi--Media: AbsMediaClient-->MEDIA_SEEDLING-->updateMediaDataByPlaybackState newState=3,newPosition=0, rd.sheepskin.sandboxmusic
07-09 06:42:46.475  4937  5037 I SystemUi--Media: MediaActionBinder-->MEDIA_SEEDLING-->createOplusMediaActions: mediaActionPriority=PreferSemanticActions
07-09 06:42:46.476  4937  4937 I SystemUi--Media: AbsMediaClient-->MEDIA_SEEDLING-->dispatchMediaDataLoaded needUpdate=0 reason=bgHandler onMediaDataLoaded isDestroyed=false
07-09 06:42:46.476  4937  4937 I SystemUi--Media: MediaDataCombineLatest-->MEDIA_SEEDLING-->onMediaDataLoaded mediaData = rd.sheepskin.sandboxmusic,0|rd.sheepskin.sandboxmusic|88001|null|10447,5305206,null,null,null,0,3,0,5232075,1.0,false,1783575766223,true,5231942,true,MediaButton(playId=0|rd.sheepskin.sandboxmusic|88001|null|10447, playOrPause=MediaAction(buttonName=playOrPause, iconMap={Default=(./assets/images/pauseDark.svg, null), SecondHome=(./assets/images/pauseDark.svg, null)}, animRes=null, voiceLabel=P***, isStandardAction=true, icon=Icon(typ=BITMAP size=162x162)), nextOrCustom=MediaAction(buttonName=nextOrCustom, iconMap={Default=(./assets/images/nextDark.svg, null), SecondHome=(./assets/images/nextDark.svg, null)}, animRes=./assets/images/next_anim.json, voiceLabel=N***, isStandardAction=true, icon=Icon(typ=BITMAP size=162x162)), prevOrCustom=MediaAction(buttonName=prevOrCustom, iconMap={Default=(./assets/images/previousDark.svg, null), SecondHome=(./assets/images/previousDark.svg, null)}, animRes=./assets/images/previous_anim.json, voiceLabel=P***, isStandardAction=true, icon=Icon(typ=BITMAP size=162x162)), custom0=null, custom1=MediaAction(buttonName=custom1, iconMap={}, animRes=null, voiceLabel=S***, isStandardAction=false, icon=Icon(typ=BITMAP size=162x162))),0
07-09 06:42:46.495  2133  2729 E HwcComposer: getLuts failed Status(-129, EX_TRANSACTION_FAILED): 'UNKNOWN_TRANSACTION: '
07-09 06:42:46.524  3406  3406 D LockSettingsService: [getSeparateProfileChallengeEnabled] userId = 12
07-09 06:42:46.524  3406  3406 D LockSettingsService: [getSeparateProfileChallengeEnabled] userId = 12
07-09 06:42:46.539  4937  5038 I SystemUi--Media: OplusMediaDataManagerSt-->AOD_MEDIA_PANEL-->createActionsFromState: curState = 3
07-09 06:42:46.541  3406  3406 D LockSettingsService: [getSeparateProfileChallengeEnabled] userId = 12
07-09 06:42:46.541  3406  3406 D LockSettingsService: [getSeparateProfileChallengeEnabled] userId = 12
07-09 06:42:46.552  4937  5038 I SystemUi--Media: OplusMediaDataManagerSt-->AOD_MEDIA_PANEL-->createActionsFromState: curState = 3
07-09 06:42:46.552  4937  4937 I SystemUi--Media: MediaDataFlowLimiter-->MEDIA_PANEL-->onMediaDataLoaded, first data , 0|rd.sheepskin.sandboxmusic|88001|null|10447 Sandbox Music(isPlaying:true), currentData = MediaDataExt{userId=0, initialized=true, app=Sandbox Music, artist=EMPTY, song=S***, artwork=null, packageName=rd.sheepskin.sandboxmusic, token=android.media.session.MediaSession$Token@1348b45,  active=true, playbackLocation=0, resumption=false, notificationKey=0|rd.sheepskin.sandboxmusic|88001|null|10447, isPlaying=true, mediaCustNotification=false, }
07-09 06:42:46.557  4937  4937 I SystemUi--Media: MediaPlayerData-->MEDIA_PANEL-->addMediaSortKey newKey:0|rd.sheepskin.sandboxmusic|88001|null|10447 oldKey:0|rd.sheepskin.sandboxmusic|88001|null|10447, remove:true packageName:rd.sheepskin.sandboxmusic playbackStateUnchanged:true newPlaying:true oldPlaying:true updateTime:1783575766223 oldTime:1783575766223 noUpdateTime:false
07-09 06:42:46.557  4937  4937 I SystemUi--Media: OplusMediaDataFilterExImpl-->MEDIA_PANEL-->dispatchMediaDataOnLoaded key:0|rd.sheepskin.sandboxmusic|88001|null|10447 oldKey:0|rd.sheepskin.sandboxmusic|88001|null|10447 data:MediaDataExt{userId=0, initialized=true, app=Sandbox Music, artist=EMPTY, song=S***, artwork=null, packageName=rd.sheepskin.sandboxmusic, token=android.media.session.MediaSession$Token@1348b45,  active=true, playbackLocation=0, resumption=false, notificationKey=0|rd.sheepskin.sandboxmusic|88001|null|10447, isPlaying=true, mediaCustNotification=false, }
07-09 06:42:46.557  4937  4937 I SystemUi--Media: OplusQsMediaPanelViewController-->MEDIA_PANEL-->onMediaDataLoaded: MediaDataExt{userId=0, initialized=true, app=Sandbox Music, artist=EMPTY, song=S***, artwork=null, packageName=rd.sheepskin.sandboxmusic, token=android.media.session.MediaSession$Token@1348b45,  active=true, playbackLocation=0, resumption=false, notificationKey=0|rd.sheepskin.sandboxmusic|88001|null|10447, isPlaying=true, mediaCustNotification=false, }, controller: com.oplus.systemui.qs.media.OplusQsMediaPanelViewController$mediaDataUpdateListener$1@6f7d2a1
07-09 06:42:46.557  4937  4937 I SystemUi--Media: OplusMediaSeedlingController-->MEDIA_SEEDLING-->warning: onMediaDataLoaded: old mediaClient is not null! key=0|rd.sheepskin.sandboxmusic|88001|null|10447
07-09 06:42:46.557  4937  4937 I SystemUi--Media: AbsMediaClient-->MEDIA_SEEDLING-->onMediaDataLoaded: data=MediaDataExt{userId=0, initialized=true, app=Sandbox Music, artist=EMPTY, song=S***, artwork=null, packageName=rd.sheepskin.sandboxmusic, token=android.media.session.MediaSession$Token@1348b45,  active=true, playbackLocation=0, resumption=false, notificationKey=0|rd.sheepskin.sandboxmusic|88001|null|10447, isPlaying=true, mediaCustNotification=false, } isDestroyed=false
07-09 06:42:46.558  4937  4937 I SystemUi--Media: AbsMediaClient-->MEDIA_SEEDLING-->dispatchMediaDataLoaded needUpdate=0 reason=onMediaDataLoaded isDestroyed=false
07-09 06:42:46.558  4937  4937 I SystemUi--Media: MediaDataCombineLatest-->MEDIA_SEEDLING-->onMediaDataLoaded mediaData = rd.sheepskin.sandboxmusic,0|rd.sheepskin.sandboxmusic|88001|null|10447,5305206,null,null,null,0,3,0,5232075,1.0,false,1783575766223,true,5231942,true,MediaButton(playId=0|rd.sheepskin.sandboxmusic|88001|null|10447, playOrPause=MediaAction(buttonName=playOrPause, iconMap={Default=(./assets/images/pauseDark.svg, null), SecondHome=(./assets/images/pauseDark.svg, null)}, animRes=null, voiceLabel=P***, isStandardAction=true, icon=Icon(typ=BITMAP size=162x162)), nextOrCustom=MediaAction(buttonName=nextOrCustom, iconMap={Default=(./assets/images/nextDark.svg, null), SecondHome=(./assets/images/nextDark.svg, null)}, animRes=./assets/images/next_anim.json, voiceLabel=N***, isStandardAction=true, icon=Icon(typ=BITMAP size=162x162)), prevOrCustom=MediaAction(buttonName=prevOrCustom, iconMap={Default=(./assets/images/previousDark.svg, null), SecondHome=(./assets/images/previousDark.svg, null)}, animRes=./assets/images/previous_anim.json, voiceLabel=P***, isStandardAction=true, icon=Icon(typ=BITMAP size=162x162)), custom0=null, custom1=MediaAction(buttonName=custom1, iconMap={}, animRes=null, voiceLabel=S***, isStandardAction=false, icon=Icon(typ=BITMAP size=162x162))),0
07-09 06:42:46.558  4937  4937 I SystemUi--Media: MediaSeedling-->MEDIA_SEEDLING-->postMediaDataUpdate needUpdate: 0 reason:onMediaDataLoaded
07-09 06:42:46.558  4937  5037 I SystemUi--Media: AbsMediaClient-->MEDIA_SEEDLING-->updateMediaDataByPlaybackState newState=3,newPosition=0, rd.sheepskin.sandboxmusic
07-09 06:42:46.558  4937  4937 I SystemUi--Media: MediaDataFlowLimiter-->MEDIA_PANEL-->onMediaDataLoaded: Sandbox Music(isPlaying:true) within debounce period, ignore
07-09 06:42:46.558  4937  4937 I SystemUi--Media: MediaSeedling-->MEDIA_SEEDLING-->handleMediaDataUpdate allowCreateCard: false
07-09 06:42:46.558  4937  4937 I SystemUi--Media: MediaSeedling-->MEDIA_SEEDLING-->postSeedlingsUpdate delay: 1000 needUpdate: 0 reason:handleMessage UpdateInterval
07-09 06:42:46.558  4937  5037 I SystemUi--Media: MediaActionBinder-->MEDIA_SEEDLING-->createOplusMediaActions: mediaActionPriority=PreferSemanticActions
07-09 06:42:46.559  4937  4937 I SystemUi--Media: AbsMediaClient-->MEDIA_SEEDLING-->dispatchMediaDataLoaded needUpdate=0 reason=bgHandler onMediaDataLoaded isDestroyed=false
07-09 06:42:46.559  4937  4937 I SystemUi--Media: MediaDataCombineLatest-->MEDIA_SEEDLING-->onMediaDataLoaded mediaData = rd.sheepskin.sandboxmusic,0|rd.sheepskin.sandboxmusic|88001|null|10447,5305206,null,null,null,0,3,0,5232158,1.0,false,1783575766223,true,5232158,true,MediaButton(playId=0|rd.sheepskin.sandboxmusic|88001|null|10447, playOrPause=MediaAction(buttonName=playOrPause, iconMap={Default=(./assets/images/pauseDark.svg, null), SecondHome=(./assets/images/pauseDark.svg, null)}, animRes=null, voiceLabel=P***, isStandardAction=true, icon=Icon(typ=BITMAP size=162x162)), nextOrCustom=MediaAction(buttonName=nextOrCustom, iconMap={Default=(./assets/images/nextDark.svg, null), SecondHome=(./assets/images/nextDark.svg, null)}, animRes=./assets/images/next_anim.json, voiceLabel=N***, isStandardAction=true, icon=Icon(typ=BITMAP size=162x162)), prevOrCustom=MediaAction(buttonName=prevOrCustom, iconMap={Default=(./assets/images/previousDark.svg, null), SecondHome=(./assets/images/previousDark.svg, null)}, animRes=./assets/images/previous_anim.json, voiceLabel=P***, isStandardAction=true, icon=Icon(typ=BITMAP size=162x162)), custom0=null, custom1=MediaAction(buttonName=custom1, iconMap={}, animRes=null, voiceLabel=S***, isStandardAction=false, icon=Icon(typ=BITMAP size=162x162))),0
07-09 06:42:46.559  4937  5037 I SystemUi--Media: MediaLiveAlertController-->MEDIA_SEEDLING-->sendDataToPlugin, method=sendLiveAlert, notification.key=0|com.android.systemui|268452006|1783575763458|0
07-09 06:42:46.559  4937  5037 I PluginSeedling--Base: SeedlingCardServerProvider-->seedling provider called com.oplus.card.server.systemui.provider w/ sendLiveAlert 10208 4937 0
07-09 06:42:46.559  4937  4937 I SystemUi--Media: MediaSeedling-->MEDIA_SEEDLING-->postMediaDataUpdate needUpdate: 0 reason:onMediaDataLoaded
07-09 06:42:46.559  4937  5037 I PluginSeedling--Base: DefaultLiveAlertProvider-->default provider currentUserId=0 sbn: StatusBarNotification(pkg=com.android.systemui user=UserHandle{0} id=268452006 tag=1783575763458 key=0|com.android.systemui|268452006|1783575763458|0: Notification(channel=268452006 shortcut=null contentView=null vibrate=null sound=null defaults=0 flags=0 color=0x00000000 category=transport vis=PRIVATE))
07-09 06:42:46.559  4937  4937 I SystemUi--Media: MediaSeedling-->MEDIA_SEEDLING-->handleMediaDataUpdate allowCreateCard: false
07-09 06:42:46.559  4937  4937 I SystemUi--Media: MediaSeedling-->MEDIA_SEEDLING-->postSeedlingsUpdate delay: 1000 needUpdate: 0 reason:handleMessage UpdateInterval
07-09 06:42:46.559  4937  5037 I SystemUi--Media: MediaLiveAlertController-->MEDIA_SEEDLING-->sendDataToPlugin, method=sendLiveAlert, notification.key=0|com.android.systemui|268452006|1783575763458|0
07-09 06:42:46.560  4937  5037 I PluginSeedling--Base: SeedlingCardServerProvider-->seedling provider called com.oplus.card.server.systemui.provider w/ sendLiveAlert 10208 4937 0
07-09 06:42:46.560  4937  5037 I PluginSeedling--Base: DefaultLiveAlertProvider-->default provider currentUserId=0 sbn: StatusBarNotification(pkg=com.android.systemui user=UserHandle{0} id=268452006 tag=1783575763458 key=0|com.android.systemui|268452006|1783575763458|0: Notification(channel=268452006 shortcut=null contentView=null vibrate=null sound=null defaults=0 flags=0 color=0x00000000 category=transport vis=PRIVATE))
07-09 06:42:46.586  4937  4937 I PluginSeedling--Origin: LiveAlertInteractorImpl-->EntryDataListener,onDataPosted originData:[t3.d@dd734565] data:[t3.d@dd734565]
07-09 06:42:46.588  4937  4937 I PluginSeedling--Origin: LiveAlertInteractorImpl-->notifyEntryDataChanged ENTRY_NOTIFICATION, result:LiveAlertModel: [key: 0|com.android.systemui|268452006|1783575763458|0, entranceType: ENTRY_NOTIFICATION, score: 6.15, groupPriority: 2 type: LIVE, isSystemService: true, shouldShow: true, lockscreenShouldShow: true, sourceType: SOURCE_COMMON, remindLevel: 0, pkg: rd.sheepskin.sandboxmusic, hostPkgName=com.android.systemui front: true, forceRebuild: false, isForcedReminder: false, InstantDuration: 5000, requestPanel: null, capsuleTimeOut: 300000, serviceTitleName: , overrideTransition: false level: 2,
07-09 06:42:46.588  4937  4937 I PluginSeedling--Origin:  rusBaseData: RusBaseData(id='default_com.android.systemui_268452006', updateStateEnable=1, canDelete=1, remindAlways=0, longClick='', cardImportance=-1, clickCustomAction=0,timeOutDuration=5, timeOutDurationEnable=0,enableInSuperpower=0, autoPriority=0, customCapsuleDuration=300000,clickWhenAnim=1, panoramicAodEnable=1,notificationStyleList=,blackCallStyle=0, liveAlertScore=6.15,liveAlertLevel=2,enableQuitShrink=0, lockImmersiveEnable=1, lockImmersiveDefault=1,lockRemindAlways = 0, luSettings=[], liteAnim=14, serviceType=1), showSize: VIEW_SIZE_NONE, isPinFiltered: false serviceFrom: 0, liveAlertState: SeedlingState(0), wrapperSize: 3, duplicateChips: false, quitHideOrBubble:0, liveAlertService:, immersiveCardType:2, requestLockScreenImmersive:-1, ignoreEntry:-1, noe: false
07-09 06:42:46.588  4937  4937 I PluginSeedling--Notification: NotificationRepository-->onDataChanged, [LiveAlertModel: [key: 0|com.android.systemui|268452006|1783575763458|0, entranceType: ENTRY_NOTIFICATION, score: 6.15, groupPriority: 2 type: LIVE, isSystemService: true, shouldShow: true, lockscreenShouldShow: true, sourceType: SOURCE_COMMON, remindLevel: 0, pkg: rd.sheepskin.sandboxmusic, hostPkgName=com.android.systemui front: true, forceRebuild: false, isForcedReminder: false, InstantDuration: 5000, requestPanel: null, capsuleTimeOut: 300000, serviceTitleName: , overrideTransition: false level: 2,
07-09 06:42:46.588  4937  4937 I PluginSeedling--Notification:  rusBaseData: RusBaseData(id='default_com.android.systemui_268452006', updateStateEnable=1, canDelete=1, remindAlways=0, longClick='', cardImportance=-1, clickCustomAction=0,timeOutDuration=5, timeOutDurationEnable=0,enableInSuperpower=0, autoPriority=0, customCapsuleDuration=300000,clickWhenAnim=1, panoramicAodEnable=1,notificationStyleList=,blackCallStyle=0, liveAlertScore=6.15,liveAlertLevel=2,enableQuitShrink=0, lockImmersiveEnable=1, lockImmersiveDefault=1,lockRemindAlways = 0, luSettings=[], liteAnim=14, serviceType=1), showSize: VIEW_SIZE_NONE, isPinFiltered: false serviceFrom: 0, liveAlertState: SeedlingState(0), wrapperSize: 3, duplicateChips: false, quitHideOrBubble:0, liveAlertService:, immersiveCardType:2, requestLockScreenImmersive:-1, ignoreEntry:-1]
07-09 06:42:46.589  4937  4937 I PluginSeedling--Origin: LiveAlertInteractorImpl-->EntryDataListener,onDataPosted originData:[t3.d@dd734565] data:[t3.d@dd734565]
07-09 06:42:46.590  4937  4937 I PluginSeedling--Origin: LiveAlertInteractorImpl-->notifyEntryDataChanged ENTRY_STATUS_BAR, result:LiveAlertModel: [key: 0|com.android.systemui|268452006|1783575763458|0, entranceType: ENTRY_STATUS_BAR, score: 6.15, groupPriority: 2 type: LIVE, isSystemService: true, shouldShow: true, lockscreenShouldShow: false, sourceType: SOURCE_COMMON, remindLevel: 0, pkg: rd.sheepskin.sandboxmusic, hostPkgName=com.android.systemui front: true, forceRebuild: false, isForcedReminder: false, InstantDuration: 5000, requestPanel: null, capsuleTimeOut: 300000, serviceTitleName: , overrideTransition: false level: 2,
07-09 06:42:46.590  4937  4937 I PluginSeedling--Origin:  rusBaseData: RusBaseData(id='default_com.android.systemui_268452006', updateStateEnable=1, canDelete=1, remindAlways=0, longClick='', cardImportance=-1, clickCustomAction=0,timeOutDuration=5, timeOutDurationEnable=0,enableInSuperpower=0, autoPriority=0, customCapsuleDuration=300000,clickWhenAnim=1, panoramicAodEnable=1,notificationStyleList=,blackCallStyle=0, liveAlertScore=6.15,liveAlertLevel=2,enableQuitShrink=0, lockImmersiveEnable=1, lockImmersiveDefault=1,lockRemindAlways = 0, luSettings=[], liteAnim=14, serviceType=1), showSize: VIEW_SIZE_NONE, isPinFiltered: false serviceFrom: 0, liveAlertState: SeedlingState(0), wrapperSize: 2, duplicateChips: false, quitHideOrBubble:0, liveAlertService:, immersiveCardType:2, requestLockScreenImmersive:-1, ignoreEntry:-1, noe: false
07-09 06:42:46.610  4937  4937 I PluginSeedling--Origin: LiveAlertInteractorImpl-->EntryDataListener,onDataPosted originData:[t3.d@dd734565] data:[t3.d@dd734565]
07-09 06:42:46.611 23993  1159 D PipelineWatcher: [0xb40000784059e200] pipelineFull: too many frames in pipeline (4)
07-09 06:42:46.615  4937  4937 I PluginSeedling--Origin: LiveAlertInteractorImpl-->notifyEntryDataChanged ENTRY_NOTIFICATION, result:LiveAlertModel: [key: 0|com.android.systemui|268452006|1783575763458|0, entranceType: ENTRY_NOTIFICATION, score: 6.15, groupPriority: 2 type: LIVE, isSystemService: true, shouldShow: true, lockscreenShouldShow: true, sourceType: SOURCE_COMMON, remindLevel: 0, pkg: rd.sheepskin.sandboxmusic, hostPkgName=com.android.systemui front: true, forceRebuild: false, isForcedReminder: false, InstantDuration: 5000, requestPanel: null, capsuleTimeOut: 300000, serviceTitleName: , overrideTransition: false level: 2,
07-09 06:42:46.615  4937  4937 I PluginSeedling--Origin:  rusBaseData: RusBaseData(id='default_com.android.systemui_268452006', updateStateEnable=1, canDelete=1, remindAlways=0, longClick='', cardImportance=-1, clickCustomAction=0,timeOutDuration=5, timeOutDurationEnable=0,enableInSuperpower=0, autoPriority=0, customCapsuleDuration=300000,clickWhenAnim=1, panoramicAodEnable=1,notificationStyleList=,blackCallStyle=0, liveAlertScore=6.15,liveAlertLevel=2,enableQuitShrink=0, lockImmersiveEnable=1, lockImmersiveDefault=1,lockRemindAlways = 0, luSettings=[], liteAnim=14, serviceType=1), showSize: VIEW_SIZE_NONE, isPinFiltered: false serviceFrom: 0, liveAlertState: SeedlingState(0), wrapperSize: 3, duplicateChips: false, quitHideOrBubble:0, liveAlertService:, immersiveCardType:2, requestLockScreenImmersive:-1, ignoreEntry:-1, noe: false
07-09 06:42:46.616  4937  4937 I PluginSeedling--Notification: NotificationRepository-->onDataChanged, [LiveAlertModel: [key: 0|com.android.systemui|268452006|1783575763458|0, entranceType: ENTRY_NOTIFICATION, score: 6.15, groupPriority: 2 type: LIVE, isSystemService: true, shouldShow: true, lockscreenShouldShow: true, sourceType: SOURCE_COMMON, remindLevel: 0, pkg: rd.sheepskin.sandboxmusic, hostPkgName=com.android.systemui front: true, forceRebuild: false, isForcedReminder: false, InstantDuration: 5000, requestPanel: null, capsuleTimeOut: 300000, serviceTitleName: , overrideTransition: false level: 2,
07-09 06:42:46.616  4937  4937 I PluginSeedling--Notification:  rusBaseData: RusBaseData(id='default_com.android.systemui_268452006', updateStateEnable=1, canDelete=1, remindAlways=0, longClick='', cardImportance=-1, clickCustomAction=0,timeOutDuration=5, timeOutDurationEnable=0,enableInSuperpower=0, autoPriority=0, customCapsuleDuration=300000,clickWhenAnim=1, panoramicAodEnable=1,notificationStyleList=,blackCallStyle=0, liveAlertScore=6.15,liveAlertLevel=2,enableQuitShrink=0, lockImmersiveEnable=1, lockImmersiveDefault=1,lockRemindAlways = 0, luSettings=[], liteAnim=14, serviceType=1), showSize: VIEW_SIZE_NONE, isPinFiltered: false serviceFrom: 0, liveAlertState: SeedlingState(0), wrapperSize: 3, duplicateChips: false, quitHideOrBubble:0, liveAlertService:, immersiveCardType:2, requestLockScreenImmersive:-1, ignoreEntry:-1]
07-09 06:42:46.616  4937  4937 I PluginSeedling--Origin: LiveAlertInteractorImpl-->EntryDataListener,onDataPosted originData:[t3.d@dd734565] data:[t3.d@dd734565]
07-09 06:42:46.618  4937  4937 I PluginSeedling--Origin: LiveAlertInteractorImpl-->notifyEntryDataChanged ENTRY_STATUS_BAR, result:LiveAlertModel: [key: 0|com.android.systemui|268452006|1783575763458|0, entranceType: ENTRY_STATUS_BAR, score: 6.15, groupPriority: 2 type: LIVE, isSystemService: true, shouldShow: true, lockscreenShouldShow: false, sourceType: SOURCE_COMMON, remindLevel: 0, pkg: rd.sheepskin.sandboxmusic, hostPkgName=com.android.systemui front: true, forceRebuild: false, isForcedReminder: false, InstantDuration: 5000, requestPanel: null, capsuleTimeOut: 300000, serviceTitleName: , overrideTransition: false level: 2,
07-09 06:42:46.618  4937  4937 I PluginSeedling--Origin:  rusBaseData: RusBaseData(id='default_com.android.systemui_268452006', updateStateEnable=1, canDelete=1, remindAlways=0, longClick='', cardImportance=-1, clickCustomAction=0,timeOutDuration=5, timeOutDurationEnable=0,enableInSuperpower=0, autoPriority=0, customCapsuleDuration=300000,clickWhenAnim=1, panoramicAodEnable=1,notificationStyleList=,blackCallStyle=0, liveAlertScore=6.15,liveAlertLevel=2,enableQuitShrink=0, lockImmersiveEnable=1, lockImmersiveDefault=1,lockRemindAlways = 0, luSettings=[], liteAnim=14, serviceType=1), showSize: VIEW_SIZE_NONE, isPinFiltered: false serviceFrom: 0, liveAlertState: SeedlingState(0), wrapperSize: 2, duplicateChips: false, quitHideOrBubble:0, liveAlertService:, immersiveCardType:2, requestLockScreenImmersive:-1, ignoreEntry:-1, noe: false
07-09 06:42:46.619  4937  4937 I PluginSeedling--Template: TransitionViewWrapper-->update, newPageState: NORMAL_STYLE, currentPage:NORMAL_STYLE
07-09 06:42:46.620  4937  4937 I PluginSeedling--Template: TransitionViewWrapper-->update, newPageState: MEDIA_PLAYER_STYLE, currentPage:MEDIA_PLAYER_STYLE
07-09 06:42:46.622  4937  4937 I PluginSeedling--Template: TransitionViewWrapper-->update, newPageState: MEDIA_PLAYER_STYLE, currentPage:MEDIA_PLAYER_STYLE
07-09 06:42:46.622  4937  4937 I PluginSeedling--Template: TransitionViewWrapper-->update, newPageState: NORMAL_STYLE, currentPage:NORMAL_STYLE
07-09 06:42:46.623  4937  4937 I PluginSeedling--Template: CapsulePageViewModel-->sectionsTemplateData: left, style:CapsuleSectionTemplateData(style=IMAGE_TEXT_STYLE, moduleDic={pic=BitmapModel(src=android.graphics.Bitmap@c48884a, iconColor=null, icon=Icon(typ=RESOURCE pkg=com.android.systemui id=0x7f0809d5), anim=null, bgColor=0, shape=1, width=90, height=90, radius=45.0, actionIntent=null, pi=null, desc=Sandbox Music)}, backgroundColor=null)
07-09 06:42:46.623  4937  4937 I PluginSeedling--Template: CapsulePageViewModel-->sectionsTemplateData: right, style:CapsuleSectionTemplateData(style=TEXT_IMAGE_STYLE, moduleDic={pic=DrawableModel(src=null, iconColor=null, anim=LottieOrRawAnimModel(anim='[length=10444]', shouldPlayCount=-1), bgColor=0, shape=0, width=90, height=90, radius=45.0, actionIntent=null, pi=null, desc=Sandbox Music)}, backgroundColor=null)
07-09 06:42:46.623  4937  4937 I PluginSeedling--Template: AbstractSection-->section-bind, d7.m@296e010, BitmapModel(src=android.graphics.Bitmap@c48884a, iconColor=null, icon=Icon(typ=RESOURCE pkg=com.android.systemui id=0x7f0809d5), anim=null, bgColor=0, shape=1, width=90, height=90, radius=45.0, actionIntent=null, pi=null, desc=Sandbox Music)
07-09 06:42:46.624  4937  4937 I PluginSeedling--Template: AbstractSection-->section-bind, d7.s@ac47c1a, DrawableModel(src=null, iconColor=null, anim=LottieOrRawAnimModel(anim='[length=10444]', shouldPlayCount=-1), bgColor=0, shape=0, width=90, height=90, radius=45.0, actionIntent=null, pi=null, desc=Sandbox Music)
07-09 06:42:46.624  4937  4937 I PluginSeedling--Template: TransitionViewWrapper-->update, newPageState: MEDIA_PLAYER_STYLE, currentPage:MEDIA_PLAYER_STYLE
07-09 06:42:46.625  4937  4937 I PluginSeedling--Template: TransitionViewWrapper-->update, newPageState: NORMAL_STYLE, currentPage:NORMAL_STYLE
07-09 06:42:46.625  4937  4937 I PluginSeedling--Template: TransitionViewWrapper-->update, newPageState: MEDIA_PLAYER_STYLE, currentPage:MEDIA_PLAYER_STYLE
07-09 06:42:46.625  4937  4937 I PluginSeedling--Template: TransitionViewWrapper-->update, newPageState: MEDIA_PLAYER_STYLE, currentPage:MEDIA_PLAYER_STYLE
07-09 06:42:46.626  4937  4937 I PluginSeedling--Template: TransitionViewWrapper-->update, newPageState: NORMAL_STYLE, currentPage:NORMAL_STYLE
07-09 06:42:46.626  4937  4937 I PluginSeedling--Template: TransitionViewWrapper-->update, newPageState: MEDIA_PLAYER_STYLE, currentPage:MEDIA_PLAYER_STYLE
07-09 06:42:46.626  4937  4937 I PluginSeedling--Template: CapsulePageViewModel-->sectionsTemplateData: left, style:CapsuleSectionTemplateData(style=IMAGE_TEXT_STYLE, moduleDic={pic=BitmapModel(src=android.graphics.Bitmap@593e4b4, iconColor=null, icon=Icon(typ=RESOURCE pkg=com.android.systemui id=0x7f0809d5), anim=null, bgColor=0, shape=1, width=90, height=90, radius=45.0, actionIntent=null, pi=null, desc=Sandbox Music)}, backgroundColor=null)
07-09 06:42:46.626  4937  4937 I PluginSeedling--Template: CapsulePageViewModel-->sectionsTemplateData: right, style:CapsuleSectionTemplateData(style=TEXT_IMAGE_STYLE, moduleDic={pic=DrawableModel(src=null, iconColor=null, anim=LottieOrRawAnimModel(anim='[length=10444]', shouldPlayCount=-1), bgColor=0, shape=0, width=90, height=90, radius=45.0, actionIntent=null, pi=null, desc=Sandbox Music)}, backgroundColor=null)
07-09 06:42:46.652  4937  4937 I SystemUi--Media: MediaDataFlowLimiter-->MEDIA_PANEL-->onMediaDataLoaded, last data 100 ms , 0|rd.sheepskin.sandboxmusic|88001|null|10447 Sandbox Music(isPlaying:true), currentData = MediaDataExt{userId=0, initialized=true, app=Sandbox Music, artist=EMPTY, song=S***, artwork=null, packageName=rd.sheepskin.sandboxmusic, token=android.media.session.MediaSession$Token@1348b45,  active=true, playbackLocation=0, resumption=false, notificationKey=0|rd.sheepskin.sandboxmusic|88001|null|10447, isPlaying=true, mediaCustNotification=false, }
07-09 06:42:46.652  4937  4937 I SystemUi--Media: MediaDataFlowLimiter-->MEDIA_PANEL-->debounce remove 0|rd.sheepskin.sandboxmusic|88001|null|10447
07-09 06:42:46.654  4937  4937 I SystemUi--Media: MediaPlayerData-->MEDIA_PANEL-->addMediaSortKey newKey:0|rd.sheepskin.sandboxmusic|88001|null|10447 oldKey:0|rd.sheepskin.sandboxmusic|88001|null|10447, remove:true packageName:rd.sheepskin.sandboxmusic playbackStateUnchanged:true newPlaying:true oldPlaying:true updateTime:1783575766223 oldTime:1783575766223 noUpdateTime:false
07-09 06:42:46.654  4937  4937 I SystemUi--Media: OplusMediaDataFilterExImpl-->MEDIA_PANEL-->dispatchMediaDataOnLoaded key:0|rd.sheepskin.sandboxmusic|88001|null|10447 oldKey:0|rd.sheepskin.sandboxmusic|88001|null|10447 data:MediaDataExt{userId=0, initialized=true, app=Sandbox Music, artist=EMPTY, song=S***, artwork=null, packageName=rd.sheepskin.sandboxmusic, token=android.media.session.MediaSession$Token@1348b45,  active=true, playbackLocation=0, resumption=false, notificationKey=0|rd.sheepskin.sandboxmusic|88001|null|10447, isPlaying=true, mediaCustNotification=false, }
07-09 06:42:46.654  4937  4937 I SystemUi--Media: OplusQsMediaPanelViewController-->MEDIA_PANEL-->onMediaDataLoaded: MediaDataExt{userId=0, initialized=true, app=Sandbox Music, artist=EMPTY, song=S***, artwork=null, packageName=rd.sheepskin.sandboxmusic, token=android.media.session.MediaSession$Token@1348b45,  active=true, playbackLocation=0, resumption=false, notificationKey=0|rd.sheepskin.sandboxmusic|88001|null|10447, isPlaying=true, mediaCustNotification=false, }, controller: com.oplus.systemui.qs.media.OplusQsMediaPanelViewController$mediaDataUpdateListener$1@6f7d2a1
07-09 06:42:46.655  4937  4937 I SystemUi--Media: OplusMediaSeedlingController-->MEDIA_SEEDLING-->warning: onMediaDataLoaded: old mediaClient is not null! key=0|rd.sheepskin.sandboxmusic|88001|null|10447
07-09 06:42:46.655  4937  4937 I SystemUi--Media: AbsMediaClient-->MEDIA_SEEDLING-->onMediaDataLoaded: data=MediaDataExt{userId=0, initialized=true, app=Sandbox Music, artist=EMPTY, song=S***, artwork=null, packageName=rd.sheepskin.sandboxmusic, token=android.media.session.MediaSession$Token@1348b45,  active=true, playbackLocation=0, resumption=false, notificationKey=0|rd.sheepskin.sandboxmusic|88001|null|10447, isPlaying=true, mediaCustNotification=false, } isDestroyed=false
07-09 06:42:46.656  4937  5037 I SystemUi--Media: AbsMediaClient-->MEDIA_SEEDLING-->updateMediaDataByPlaybackState newState=3,newPosition=0, rd.sheepskin.sandboxmusic
07-09 06:42:46.656  4937  5037 I SystemUi--Media: MediaActionBinder-->MEDIA_SEEDLING-->createOplusMediaActions: mediaActionPriority=PreferSemanticActions
07-09 06:42:46.656  4937  4937 I SystemUi--Media: AbsMediaClient-->MEDIA_SEEDLING-->dispatchMediaDataLoaded needUpdate=0 reason=bgHandler onMediaDataLoaded isDestroyed=false
07-09 06:42:46.656  4937  4937 I SystemUi--Media: MediaDataCombineLatest-->MEDIA_SEEDLING-->onMediaDataLoaded mediaData = rd.sheepskin.sandboxmusic,0|rd.sheepskin.sandboxmusic|88001|null|10447,5305206,null,null,null,0,3,0,5232255,1.0,false,1783575766223,true,5232159,true,MediaButton(playId=0|rd.sheepskin.sandboxmusic|88001|null|10447, playOrPause=MediaAction(buttonName=playOrPause, iconMap={Default=(./assets/images/pauseDark.svg, null), SecondHome=(./assets/images/pauseDark.svg, null)}, animRes=null, voiceLabel=P***, isStandardAction=true, icon=Icon(typ=BITMAP size=162x162)), nextOrCustom=MediaAction(buttonName=nextOrCustom, iconMap={Default=(./assets/images/nextDark.svg, null), SecondHome=(./assets/images/nextDark.svg, null)}, animRes=./assets/images/next_anim.json, voiceLabel=N***, isStandardAction=true, icon=Icon(typ=BITMAP size=162x162)), prevOrCustom=MediaAction(buttonName=prevOrCustom, iconMap={Default=(./assets/images/previousDark.svg, null), SecondHome=(./assets/images/previousDark.svg, null)}, animRes=./assets/images/previous_anim.json, voiceLabel=P***, isStandardAction=true, icon=Icon(typ=BITMAP size=162x162)), custom0=null, custom1=MediaAction(buttonName=custom1, iconMap={}, animRes=null, voiceLabel=S***, isStandardAction=false, icon=Icon(typ=BITMAP size=162x162))),0
07-09 06:42:46.656  4937  4937 I SystemUi--Media: MediaSeedling-->MEDIA_SEEDLING-->postMediaDataUpdate needUpdate: 0 reason:onMediaDataLoaded
07-09 06:42:46.657  4937  4937 I SystemUi--Media: MediaSeedling-->MEDIA_SEEDLING-->handleMediaDataUpdate allowCreateCard: false
07-09 06:42:46.657  4937  4937 I SystemUi--Media: MediaSeedling-->MEDIA_SEEDLING-->postSeedlingsUpdate delay: 1000 needUpdate: 0 reason:handleMessage UpdateInterval
07-09 06:42:46.657  4937  5037 I SystemUi--Media: MediaLiveAlertController-->MEDIA_SEEDLING-->sendDataToPlugin, method=sendLiveAlert, notification.key=0|com.android.systemui|268452006|1783575763458|0
07-09 06:42:46.657  4937  5037 I PluginSeedling--Base: SeedlingCardServerProvider-->seedling provider called com.oplus.card.server.systemui.provider w/ sendLiveAlert 10208 4937 0
07-09 06:42:46.657  4937  5037 I PluginSeedling--Base: DefaultLiveAlertProvider-->default provider currentUserId=0 sbn: StatusBarNotification(pkg=com.android.systemui user=UserHandle{0} id=268452006 tag=1783575763458 key=0|com.android.systemui|268452006|1783575763458|0: Notification(channel=268452006 shortcut=null contentView=null vibrate=null sound=null defaults=0 flags=0 color=0x00000000 category=transport vis=PRIVATE))
07-09 06:42:46.685  4937  4937 I PluginSeedling--Origin: LiveAlertInteractorImpl-->EntryDataListener,onDataPosted originData:[t3.d@dd734565] data:[t3.d@dd734565]
07-09 06:42:46.686  4937  4937 I PluginSeedling--Origin: LiveAlertInteractorImpl-->notifyEntryDataChanged ENTRY_NOTIFICATION, result:LiveAlertModel: [key: 0|com.android.systemui|268452006|1783575763458|0, entranceType: ENTRY_NOTIFICATION, score: 6.15, groupPriority: 2 type: LIVE, isSystemService: true, shouldShow: true, lockscreenShouldShow: true, sourceType: SOURCE_COMMON, remindLevel: 0, pkg: rd.sheepskin.sandboxmusic, hostPkgName=com.android.systemui front: true, forceRebuild: false, isForcedReminder: false, InstantDuration: 5000, requestPanel: null, capsuleTimeOut: 300000, serviceTitleName: , overrideTransition: false level: 2,
07-09 06:42:46.686  4937  4937 I PluginSeedling--Origin:  rusBaseData: RusBaseData(id='default_com.android.systemui_268452006', updateStateEnable=1, canDelete=1, remindAlways=0, longClick='', cardImportance=-1, clickCustomAction=0,timeOutDuration=5, timeOutDurationEnable=0,enableInSuperpower=0, autoPriority=0, customCapsuleDuration=300000,clickWhenAnim=1, panoramicAodEnable=1,notificationStyleList=,blackCallStyle=0, liveAlertScore=6.15,liveAlertLevel=2,enableQuitShrink=0, lockImmersiveEnable=1, lockImmersiveDefault=1,lockRemindAlways = 0, luSettings=[], liteAnim=14, serviceType=1), showSize: VIEW_SIZE_NONE, isPinFiltered: false serviceFrom: 0, liveAlertState: SeedlingState(0), wrapperSize: 3, duplicateChips: false, quitHideOrBubble:0, liveAlertService:, immersiveCardType:2, requestLockScreenImmersive:-1, ignoreEntry:-1, noe: false
