07-09 06:42:47.839  4937  4937 I PluginSeedling--Template: TransitionViewWrapper-->update, newPageState: NORMAL_STYLE, currentPage:NORMAL_STYLE
07-09 06:42:47.841  4937  4937 I PluginSeedling--Template: TransitionViewWrapper-->update, newPageState: MEDIA_PLAYER_STYLE, currentPage:MEDIA_PLAYER_STYLE
07-09 06:42:47.843  4937  4937 I PluginSeedling--Template: TransitionViewWrapper-->update, newPageState: MEDIA_PLAYER_STYLE, currentPage:MEDIA_PLAYER_STYLE
07-09 06:42:47.844  4937  4937 I PluginSeedling--Template: TransitionViewWrapper-->update, newPageState: NORMAL_STYLE, currentPage:NORMAL_STYLE
07-09 06:42:47.846  4937  4937 I PluginSeedling--Template: CapsulePageViewModel-->sectionsTemplateData: left, style:CapsuleSectionTemplateData(style=IMAGE_TEXT_STYLE, moduleDic={pic=BitmapModel(src=android.graphics.Bitmap@67788ce, iconColor=null, icon=Icon(typ=RESOURCE pkg=com.android.systemui id=0x7f0809d5), anim=null, bgColor=0, shape=1, width=90, height=90, radius=45.0, actionIntent=null, pi=null, desc=Sandbox Music)}, backgroundColor=null)
07-09 06:42:47.846  4937  4937 I PluginSeedling--Template: CapsulePageViewModel-->sectionsTemplateData: right, style:CapsuleSectionTemplateData(style=TEXT_IMAGE_STYLE, moduleDic={pic=DrawableModel(src=null, iconColor=null, anim=LottieOrRawAnimModel(anim='[length=10444]', shouldPlayCount=-1), bgColor=0, shape=0, width=90, height=90, radius=45.0, actionIntent=null, pi=null, desc=Sandbox Music)}, backgroundColor=null)
07-09 06:42:47.846  4937  4937 I PluginSeedling--Template: TransitionViewWrapper-->update, newPageState: MEDIA_PLAYER_STYLE, currentPage:MEDIA_PLAYER_STYLE
07-09 06:42:48.030  5619  8042 D CommonApp-100-10162: transport layer data is invalid
07-09 06:42:48.031  5619  8042 D CommonApp-100-10447: commonScoreStrategy scenarios 3 mTLD.uplink_packets + mTLD.downlink_packets > 10 avgRtt12
07-09 06:42:48.031  5619  8042 D CommonApp-100-10447: notifyScoreChange appScene COMMON score 100
07-09 06:42:48.086  1958  2067 D BatteryChargeControl: bcc get no support from charging protocol
07-09 06:42:48.114  4937  4995 I SystemUi--Statusbar: OplusNetworkSpeedControllExImpl-->updateNetworkSpeed: isConnected:true,isSwitchOn:true,isSuspend:false,isPause:false
07-09 06:42:48.116  4937  4995 I SystemUi--Statusbar: OplusNetworkSpeedControllExImpl-->getTotalByte: totalRxBytes:815545288,totalTxBytes:114736954,loopbackTxBytes:93235462,loopbackRxBytes:93235462 ,totalBytes:743811318
07-09 06:42:48.143  1773 11072 E         : DNS_CACHE: hanle request << lookupdns: hostname:www.youtube.com, servername:443, ai_flags:0, ai_family:0, ai_socktype:1, ai_protocol:0, netid:0, uid:10447
07-09 06:42:48.143  1185  1185 D DNS_CACHE: oplus_oplus_getaddrinfo_proxy lookup from netd: hostname:www.youtube.com, servname:443 uid: 10447, result_code:408, res = 0x0, found = 0
07-09 06:42:48.149  1773 11072 E         : DNS_CACHE: hanle request << adddns: hostname:www.youtube.com, servername:443, ai_flags:0, ai_family:0, ai_socktype:1, ai_protocol:0, netid:0, uid:10447
07-09 06:42:48.149  1185  1185 D DNS_CACHE: oplus_send_dns_response send hostname: www.youtube.com, servname: 443 response into netd: 0, *res = 0xb400006fc651c180
07-09 06:42:48.177 11221 11590 W msgr.JDGWNetworkRevalidatorBridge: No active network to report connectivity issue
07-09 06:42:48.187  1918  1999 I [UAH_CLIENT]: UahPlatformResAcquire
07-09 06:42:48.188  1918  1999 I [UAH_CLIENT]: UahEventAcquire, cmdid:-3, pkg:2133 10941, identity:qcom-perfd
07-09 06:42:48.188  1773 11072 E         : DNS_CACHE: hanle request << lookupdns: hostname:z-m-gateway.facebook.com, servername:443, ai_flags:1024, ai_family:0, ai_socktype:2, ai_protocol:0, netid:0, uid:10303
07-09 06:42:48.189 11221 11661 D DNS_CACHE: oplus_oplus_getaddrinfo_proxy lookup from netd: hostname:z-m-gateway.facebook.com, servname:443 uid: 10303, result_code:408, res = 0x0, found = 0
07-09 06:42:48.191  1918  1994 E ANDR-PERF-RESOURCEQS: ANDR-PERF-RESOURCEQS: AddAndApply() 125: Resource with major=16, minor=0 not supported
07-09 06:42:48.194  5439  5759 D DnsDomainBlock: onDnsEvent: latencyMs=0, returnCode=4, uid=10303
07-09 06:42:48.202 11221 11666 E msgr.msys: E[N mns:DGWClient]_LogError(328)=>Failed to resolve using system DNS resolver, getaddrinfo(): No address associated with hostname
07-09 06:42:48.204  1773 11072 E         : DNS_CACHE: hanle request << lookupdns: hostname:z-m-gateway.facebook.com, servername:443, ai_flags:1024, ai_family:0, ai_socktype:1, ai_protocol:0, netid:0, uid:10303
07-09 06:42:48.205 11221 11662 D DNS_CACHE: oplus_oplus_getaddrinfo_proxy lookup from netd: hostname:z-m-gateway.facebook.com, servname:443 uid: 10303, result_code:408, res = 0x0, found = 0
07-09 06:42:48.206 11221 11666 E msgr.msys: E[N mns:DGWClient]_LogError(328)=>Failed to resolve using system DNS resolver, getaddrinfo(): No address associated with hostname
07-09 06:42:48.209  1918  1436 I [UAH_CLIENT]: UahRelease, handle:7636
07-09 06:42:48.258  1884  6168 I sensors-hal: handle_sns_std_sensor_event:104, oplus rgb_rear sample: (cct, lux, ir, x, y)[5157, 0, 200000, 339, 325]
07-09 06:42:48.258  1884  6168 I sensors-hal: handle_sns_std_sensor_event:106, oplus rgb_rear sample: (r, g, b, c w)[2, 3, 3, 1, 2]
07-09 06:42:48.286  4937  4937 I SystemUi--Media: OplusQsBaseMediaPanelView-->MEDIA_PANEL-->bindMediaData reason=onMediaDataLoaded
07-09 06:42:48.288  4937  5037 I SystemUi--Media: AbsMediaClient-->MEDIA_SEEDLING-->loadArtworkAndUpdate start
07-09 06:42:48.289  4937  5037 I SystemUi--Media: UriArtworkLoader-->MEDIA_SEEDLING-->get artworkBitmap failed; packageName: rd.sheepskin.sandboxmusic artworkBitmap is null
07-09 06:42:48.294  4937  4937 I SystemUi--Media: OplusQsBaseMediaPanelView-->MEDIA_PANEL-->mediaData.isPlaying= true, token = android.media.session.MediaSession$Token@1348b45, avoidRefresh = false, expectPlayState = 0, mediaData.packageName = rd.sheepskin.sandboxmusic, themeData.packageName = rd.sheepskin.sandboxmusic
07-09 06:42:48.296  4937  4937 I SystemUi--QuickSettings: OplusQsBaseMediaPanelView-->setBtnColor default
07-09 06:42:48.297  4937  4937 I SystemUi--Media: SingleAlbumLoader-->MEDIA_SEEDLING-->update artwork null artworkBackground null artworkChanged false
07-09 06:42:48.297  4937  4937 I SystemUi--Media: AbsMediaClient-->MEDIA_SEEDLING-->dispatchMediaDataLoaded needUpdate=0 reason=loadArtworkAndUpdate isDestroyed=false
07-09 06:42:48.297  4937  4937 I SystemUi--Media: MediaDataCombineLatest-->MEDIA_SEEDLING-->onMediaDataLoaded mediaData = rd.sheepskin.sandboxmusic,0|rd.sheepskin.sandboxmusic|88001|null|10447,5305206,null,null,null,0,3,0,5233387,1.0,false,1783575766223,true,5233389,true,MediaButton(playId=0|rd.sheepskin.sandboxmusic|88001|null|10447, playOrPause=MediaAction(buttonName=playOrPause, iconMap={Default=(./assets/images/pauseDark.svg, null), SecondHome=(./assets/images/pauseDark.svg, null)}, animRes=null, voiceLabel=P***, isStandardAction=true, icon=Icon(typ=BITMAP size=162x162)), nextOrCustom=MediaAction(buttonName=nextOrCustom, iconMap={Default=(./assets/images/nextDark.svg, null), SecondHome=(./assets/images/nextDark.svg, null)}, animRes=./assets/images/next_anim.json, voiceLabel=N***, isStandardAction=true, icon=Icon(typ=BITMAP size=162x162)), prevOrCustom=MediaAction(buttonName=prevOrCustom, iconMap={Default=(./assets/images/previousDark.svg, null), SecondHome=(./assets/images/previousDark.svg, null)}, animRes=./assets/images/previous_anim.json, voiceLabel=P***, isStandardAction=true, icon=Icon(typ=BITMAP size=162x162)), custom0=null, custom1=MediaAction(buttonName=custom1, iconMap={}, animRes=null, voiceLabel=S***, isStandardAction=false, icon=Icon(typ=BITMAP size=162x162))),0
07-09 06:42:48.297  4937  4937 I SystemUi--Media: MediaSeedling-->MEDIA_SEEDLING-->postMediaDataUpdate needUpdate: 0 reason:onMediaDataLoaded
07-09 06:42:48.297  4937  4937 I SystemUi--Media: OplusQsBaseMediaPanelView-->MEDIA_PANEL-->loading animation stop
07-09 06:42:48.297  4937  4937 I SystemUi--Media: MediaSeedling-->MEDIA_SEEDLING-->handleMediaDataUpdate allowCreateCard: false
07-09 06:42:48.297  4937  4937 I SystemUi--Media: MediaSeedling-->MEDIA_SEEDLING-->postSeedlingsUpdate delay: 1000 needUpdate: 0 reason:handleMessage UpdateInterval
07-09 06:42:48.298  4937  5037 I SystemUi--Media: MediaLiveAlertController-->MEDIA_SEEDLING-->sendDataToPlugin, method=sendLiveAlert, notification.key=0|com.android.systemui|268452006|1783575763458|0
07-09 06:42:48.298  4937  5037 I PluginSeedling--Base: SeedlingCardServerProvider-->seedling provider called com.oplus.card.server.systemui.provider w/ sendLiveAlert 10208 4937 0
07-09 06:42:48.298  4937  5037 I PluginSeedling--Base: DefaultLiveAlertProvider-->default provider currentUserId=0 sbn: StatusBarNotification(pkg=com.android.systemui user=UserHandle{0} id=268452006 tag=1783575763458 key=0|com.android.systemui|268452006|1783575763458|0: Notification(channel=268452006 shortcut=null contentView=null vibrate=null sound=null defaults=0 flags=0 color=0x00000000 category=transport vis=PRIVATE))
07-09 06:42:48.349  4937  4937 I PluginSeedling--Origin: LiveAlertInteractorImpl-->EntryDataListener,onDataPosted originData:[t3.d@dd734565] data:[t3.d@dd734565]
07-09 06:42:48.350  4937  4937 I PluginSeedling--Origin: LiveAlertInteractorImpl-->notifyEntryDataChanged ENTRY_NOTIFICATION, result:LiveAlertModel: [key: 0|com.android.systemui|268452006|1783575763458|0, entranceType: ENTRY_NOTIFICATION, score: 6.15, groupPriority: 2 type: LIVE, isSystemService: true, shouldShow: true, lockscreenShouldShow: true, sourceType: SOURCE_COMMON, remindLevel: 0, pkg: rd.sheepskin.sandboxmusic, hostPkgName=com.android.systemui front: true, forceRebuild: false, isForcedReminder: false, InstantDuration: 5000, requestPanel: null, capsuleTimeOut: 300000, serviceTitleName: , overrideTransition: false level: 2,
07-09 06:42:48.350  4937  4937 I PluginSeedling--Origin:  rusBaseData: RusBaseData(id='default_com.android.systemui_268452006', updateStateEnable=1, canDelete=1, remindAlways=0, longClick='', cardImportance=-1, clickCustomAction=0,timeOutDuration=5, timeOutDurationEnable=0,enableInSuperpower=0, autoPriority=0, customCapsuleDuration=300000,clickWhenAnim=1, panoramicAodEnable=1,notificationStyleList=,blackCallStyle=0, liveAlertScore=6.15,liveAlertLevel=2,enableQuitShrink=0, lockImmersiveEnable=1, lockImmersiveDefault=1,lockRemindAlways = 0, luSettings=[], liteAnim=14, serviceType=1), showSize: VIEW_SIZE_NONE, isPinFiltered: false serviceFrom: 0, liveAlertState: SeedlingState(0), wrapperSize: 3, duplicateChips: false, quitHideOrBubble:0, liveAlertService:, immersiveCardType:2, requestLockScreenImmersive:-1, ignoreEntry:-1, noe: false
07-09 06:42:48.350  4937  4937 I PluginSeedling--Notification: NotificationRepository-->onDataChanged, [LiveAlertModel: [key: 0|com.android.systemui|268452006|1783575763458|0, entranceType: ENTRY_NOTIFICATION, score: 6.15, groupPriority: 2 type: LIVE, isSystemService: true, shouldShow: true, lockscreenShouldShow: true, sourceType: SOURCE_COMMON, remindLevel: 0, pkg: rd.sheepskin.sandboxmusic, hostPkgName=com.android.systemui front: true, forceRebuild: false, isForcedReminder: false, InstantDuration: 5000, requestPanel: null, capsuleTimeOut: 300000, serviceTitleName: , overrideTransition: false level: 2,
07-09 06:42:48.350  4937  4937 I PluginSeedling--Notification:  rusBaseData: RusBaseData(id='default_com.android.systemui_268452006', updateStateEnable=1, canDelete=1, remindAlways=0, longClick='', cardImportance=-1, clickCustomAction=0,timeOutDuration=5, timeOutDurationEnable=0,enableInSuperpower=0, autoPriority=0, customCapsuleDuration=300000,clickWhenAnim=1, panoramicAodEnable=1,notificationStyleList=,blackCallStyle=0, liveAlertScore=6.15,liveAlertLevel=2,enableQuitShrink=0, lockImmersiveEnable=1, lockImmersiveDefault=1,lockRemindAlways = 0, luSettings=[], liteAnim=14, serviceType=1), showSize: VIEW_SIZE_NONE, isPinFiltered: false serviceFrom: 0, liveAlertState: SeedlingState(0), wrapperSize: 3, duplicateChips: false, quitHideOrBubble:0, liveAlertService:, immersiveCardType:2, requestLockScreenImmersive:-1, ignoreEntry:-1]
07-09 06:42:48.350  4937  4937 I PluginSeedling--Origin: LiveAlertInteractorImpl-->EntryDataListener,onDataPosted originData:[t3.d@dd734565] data:[t3.d@dd734565]
07-09 06:42:48.351  4937  4937 I PluginSeedling--Origin: LiveAlertInteractorImpl-->notifyEntryDataChanged ENTRY_STATUS_BAR, result:LiveAlertModel: [key: 0|com.android.systemui|268452006|1783575763458|0, entranceType: ENTRY_STATUS_BAR, score: 6.15, groupPriority: 2 type: LIVE, isSystemService: true, shouldShow: true, lockscreenShouldShow: false, sourceType: SOURCE_COMMON, remindLevel: 0, pkg: rd.sheepskin.sandboxmusic, hostPkgName=com.android.systemui front: true, forceRebuild: false, isForcedReminder: false, InstantDuration: 5000, requestPanel: null, capsuleTimeOut: 300000, serviceTitleName: , overrideTransition: false level: 2,
07-09 06:42:48.351  4937  4937 I PluginSeedling--Origin:  rusBaseData: RusBaseData(id='default_com.android.systemui_268452006', updateStateEnable=1, canDelete=1, remindAlways=0, longClick='', cardImportance=-1, clickCustomAction=0,timeOutDuration=5, timeOutDurationEnable=0,enableInSuperpower=0, autoPriority=0, customCapsuleDuration=300000,clickWhenAnim=1, panoramicAodEnable=1,notificationStyleList=,blackCallStyle=0, liveAlertScore=6.15,liveAlertLevel=2,enableQuitShrink=0, lockImmersiveEnable=1, lockImmersiveDefault=1,lockRemindAlways = 0, luSettings=[], liteAnim=14, serviceType=1), showSize: VIEW_SIZE_NONE, isPinFiltered: false serviceFrom: 0, liveAlertState: SeedlingState(0), wrapperSize: 2, duplicateChips: false, quitHideOrBubble:0, liveAlertService:, immersiveCardType:2, requestLockScreenImmersive:-1, ignoreEntry:-1, noe: false
07-09 06:42:48.351  4937  4937 I PluginSeedling--Template: TransitionViewWrapper-->update, newPageState: NORMAL_STYLE, currentPage:NORMAL_STYLE
07-09 06:42:48.352  4937  4937 I PluginSeedling--Template: TransitionViewWrapper-->update, newPageState: MEDIA_PLAYER_STYLE, currentPage:MEDIA_PLAYER_STYLE
07-09 06:42:48.353  4937  4937 I PluginSeedling--Template: TransitionViewWrapper-->update, newPageState: MEDIA_PLAYER_STYLE, currentPage:MEDIA_PLAYER_STYLE
07-09 06:42:48.354  4937  4937 I PluginSeedling--Template: TransitionViewWrapper-->update, newPageState: NORMAL_STYLE, currentPage:NORMAL_STYLE
07-09 06:42:48.355  4937  4937 I PluginSeedling--Template: CapsulePageViewModel-->sectionsTemplateData: left, style:CapsuleSectionTemplateData(style=IMAGE_TEXT_STYLE, moduleDic={pic=BitmapModel(src=android.graphics.Bitmap@cd5d573, iconColor=null, icon=Icon(typ=RESOURCE pkg=com.android.systemui id=0x7f0809d5), anim=null, bgColor=0, shape=1, width=90, height=90, radius=45.0, actionIntent=null, pi=null, desc=Sandbox Music)}, backgroundColor=null)
07-09 06:42:48.356  4937  4937 I PluginSeedling--Template: CapsulePageViewModel-->sectionsTemplateData: right, style:CapsuleSectionTemplateData(style=TEXT_IMAGE_STYLE, moduleDic={pic=DrawableModel(src=null, iconColor=null, anim=LottieOrRawAnimModel(anim='[length=10444]', shouldPlayCount=-1), bgColor=0, shape=0, width=90, height=90, radius=45.0, actionIntent=null, pi=null, desc=Sandbox Music)}, backgroundColor=null)
07-09 06:42:48.357  4937  4937 I PluginSeedling--Template: TransitionViewWrapper-->update, newPageState: MEDIA_PLAYER_STYLE, currentPage:MEDIA_PLAYER_STYLE
07-09 06:42:48.396  3406  4747 W AppOps  : Noting op not finished: uid 10119 pkg com.google.android.gms code 113 startTime of in progress event=1783574072476
07-09 06:42:48.402  1884  6126 I sensors-hal: handle_oplus_wise_rgb_event:160, wise_rgb:(25996)(cct,lux,ir)[15926.80, 70.35, 61.330894](rgbc)[1970.25, 1599.14, 1205.23, 4252.94](pwm,hbm,brl,algo)[0.0 0.0 36.0 2.0],flag 0
07-09 06:42:48.408  2993  4512 D BufferPoolAccessor2.0: bufferpool2 0xb400007b8aae4a28 : 0(0 size) total buffers - 0(0 size) used buffers - 0/0 (recycle/alloc) - 0/0 (fetch/transfer)
07-09 06:42:48.408  2993  4512 D BufferPoolAccessor2.0: evictor expired: 1, evicted: 1
07-09 06:42:48.411 23993 30221 D BufferPoolAccessor2.0: evictor expired: 2, evicted: 0
07-09 06:42:48.424  4649  4649 D BoundBrokerSvc: onRebind: Intent { act=com.google.android.gms.libs.gmscorelogger.service.START dat=chimera-action:/... xflg=0x4 cmp=com.google.android.gms/.chimera.PersistentDirectBootAwareApiService mCallingUid=10119 }
07-09 06:42:48.434  1884  4596 I sensors-hal: handle_sns_client_event:316, accel_sample: 0: ts=5234010108163 ns; value = [-0.161908, 0.418686, 9.883265], status=3
07-09 06:42:48.462 23993 23993 I Capacitor/Console: File:  - Line 349 - Msg: [object Object]
07-09 06:42:48.463 23993 24186 V Capacitor/Plugin: To native (Capacitor plugin): callbackId: 111524590, pluginId: NativeExoPlayback, methodName: getStatus
07-09 06:42:48.463 23993 24186 V Capacitor: callback: 111524590, pluginId: NativeExoPlayback, methodName: getStatus, methodData: {}
07-09 06:42:48.472 23993 23993 I Capacitor/Console: File:  - Line 333 - Msg: {"available":true,"wired":true,"message":"ExoPlayer decode active ÔÇö content:// locker bridge + HTTP streams.","state":"playing","positionSecs":30.673,"durationSecs":5305.206,"queueIndex":0,"queueLength":1,"gaplessEnabled":false,"crossfadeEnabled":false,"bitPerfectActive":false,"currentUrl":"content://rd.sheepskin.sandboxmusic.locker/locker/feed-xejvvz_ep-b62o8o_why_did_cm_punk_win_the_wwe_championship__wwe_raw_review_wrestletalk_podcast_wrestletalk_podcast","envelopeId":"podcast:feed-xejvvz:feed-xejvvz:ep-b62o8o","title":"Why Did CM Punk Win The WWE Championship? WWE Raw Review","artist":"WrestleTalk Podcast","album":"WrestleTalk Podcast","artworkUrl":"https://assets.pippa.io/shows/611f8dab480472d41e143ef4/1746546099353-dd2aeb10-0692-41d9-b251-bc41e4660934.jpeg"}
07-09 06:42:48.538 23993 24186 V Capacitor/Plugin: To native (Capacitor plugin): callbackId: 111524591, pluginId: BackgroundMedia, methodName: stopAudioRouteWatcher
07-09 06:42:48.538 23993 23993 I Capacitor/Console: File:  - Line 349 - Msg: [object Object]
07-09 06:42:48.539 23993 24186 V Capacitor: callback: 111524591, pluginId: BackgroundMedia, methodName: stopAudioRouteWatcher, methodData: {}
07-09 06:42:48.542 23993 24186 V Capacitor/Plugin: To native (Capacitor plugin): callbackId: 111524592, pluginId: NativeExoPlayback, methodName: setPlaybackSpeed
07-09 06:42:48.542 23993 24186 V Capacitor: callback: 111524592, pluginId: NativeExoPlayback, methodName: setPlaybackSpeed, methodData: {"speed":1}
07-09 06:42:48.542 23993 23993 I Capacitor/Console: File:  - Line 349 - Msg: [object Object]
07-09 06:42:48.545 23993 24186 V Capacitor/Plugin: To native (Capacitor plugin): callbackId: 111524593, pluginId: BackgroundMedia, methodName: setWiredDacStabilityEnabled
07-09 06:42:48.545 23993 24186 V Capacitor: callback: 111524593, pluginId: BackgroundMedia, methodName: setWiredDacStabilityEnabled, methodData: {"enabled":true}
07-09 06:42:48.546 23993 23993 I Capacitor/Console: File:  - Line 349 - Msg: [object Object]
07-09 06:42:48.547 23993 24186 V Capacitor/Plugin: To native (Capacitor plugin): callbackId: 111524594, pluginId: BackgroundMedia, methodName: startAudioRouteWatcher
07-09 06:42:48.547 23993 24186 V Capacitor: callback: 111524594, pluginId: BackgroundMedia, methodName: startAudioRouteWatcher, methodData: {}
07-09 06:42:48.548 23993 23993 I Capacitor/Console: File:  - Line 349 - Msg: [object Object]
07-09 06:42:48.548 23993 24186 V Capacitor/Plugin: To native (Capacitor plugin): callbackId: 111524595, pluginId: BackgroundMedia, methodName: addListener
07-09 06:42:48.548 23993 24186 V Capacitor: callback: 111524595, pluginId: BackgroundMedia, methodName: addListener, methodData: {"eventName":"audioRouteChange"}
07-09 06:42:48.549 23993 23993 I Capacitor/Console: File:  - Line 349 - Msg: [object Object]
07-09 06:42:48.549 23993 24178 V Capacitor/BackgroundMediaPlugin: Notifying listeners for event audioRouteChange
07-09 06:42:48.550 23993 24186 V Capacitor/Plugin: To native (Capacitor plugin): callbackId: 111524596, pluginId: BackgroundMedia, methodName: getAudioOutputRoute
07-09 06:42:48.550 23993 23993 I Capacitor/Console: File:  - Line 349 - Msg: [object Object]
07-09 06:42:48.550 23993 24186 V Capacitor: callback: 111524596, pluginId: BackgroundMedia, methodName: getAudioOutputRoute, methodData: {}
07-09 06:42:48.551 23993 24186 V Capacitor/Plugin: To native (Capacitor plugin): callbackId: 111524597, pluginId: BackgroundMedia, methodName: removeListener
07-09 06:42:48.551 23993 24186 V Capacitor: callback: 111524597, pluginId: BackgroundMedia, methodName: removeListener, methodData: {"eventName":"audioRouteChange","callbackId":"111524581"}
07-09 06:42:48.552 23993 23993 I Capacitor/Console: File:  - Line 349 - Msg: [object Object]
07-09 06:42:48.553 23993 24186 V Capacitor/Plugin: To native (Capacitor plugin): callbackId: 111524598, pluginId: BackgroundMedia, methodName: startForeground
07-09 06:42:48.553 23993 24186 V Capacitor: callback: 111524598, pluginId: BackgroundMedia, methodName: startForeground, methodData: {}
07-09 06:42:48.554 23993 23993 I Capacitor/Console: File:  - Line 349 - Msg: [object Object]
07-09 06:42:48.559 23993 24186 V Capacitor/Plugin: To native (Capacitor plugin): callbackId: 111524599, pluginId: NativeExoPlayback, methodName: setWiredDacStabilityEnabled
07-09 06:42:48.559 23993 24186 V Capacitor: callback: 111524599, pluginId: NativeExoPlayback, methodName: setWiredDacStabilityEnabled, methodData: {"enabled":true}
07-09 06:42:48.561 23993 23993 I Capacitor/Console: File:  - Line 333 - Msg: undefined
07-09 06:42:48.562 23993 23993 I Capacitor/Console: File:  - Line 333 - Msg: undefined
07-09 06:42:48.562 23993 23993 I Capacitor/Console: File:  - Line 349 - Msg: [object Object]
07-09 06:42:48.563 23993 23993 I Capacitor/Console: File:  - Line 333 - Msg: {"route":"speaker","reason":"start"}
07-09 06:42:48.564 23993 23993 I Capacitor/Console: File:  - Line 333 - Msg: undefined
07-09 06:42:48.565 23993 23993 I Capacitor/Console: File:  - Line 333 - Msg: {"route":"speaker"}
07-09 06:42:48.566 23993 23993 I Capacitor/Console: File:  - Line 333 - Msg: {"ok":true,"speed":1}
07-09 06:42:48.573  3406  6006 D NotificationService--OplusNotificationFixHelper: fixAppIcon: pkg=rd.sheepskin.sandboxmusic
07-09 06:42:48.573  3406  6006 D NotificationService--OplusNotificationFixHelper: fixAppIcon: appIcon = null, pkg = rd.sheepskin.sandboxmusic
07-09 06:42:48.573  3406  6006 D NotificationService--NotificationRecord: isSupportRearLight , isRearLight = false mLedRM = false isMultilLed = false
07-09 06:42:48.574  3406  6006 I OplusStatusBarManagerServiceEnhance:  getTopIsFullscreen mTopIsFullscreen: false
07-09 06:42:48.574  3406  6006 W ActivityManager: Permission Denial: getTopApplicationInfo from pid=23993, uid=10447 requires oplus.permission.OPLUS_COMPONENT_SAFE
07-09 06:42:48.574  3406  6006 E OplusNotificationCenter: getForegroundApplication exception
07-09 06:42:48.575  3406  3406 D NotificationService--OplusNotificationManagerServiceExtImpl: isForwardToAssistants: true, case : Is local notification
07-09 06:42:48.575  3406  3406 D NotificationService: This application enqueue notifications is need postDelayed mcsAssistantDelayTime: 200
07-09 06:42:48.576  3406  6006 D MediaSessionService: onSessionPlaybackStateChanged: record=rd.sheepskin.sandboxmusic/SovereignMusicConsole/84 (userId=0) playbackState=PlaybackState {state=PLAYING(3), position=29572, buffered position=0, speed=1.0, updated=1783575768575, actions=894, custom actions=[], active item id=-1, error=null}
07-09 06:42:48.580  3406  4645 D NasPowerProxyService: playback state changed:{duration=5305206, artist=, album=, bufferedPosition=0, packageName=rd.sheepskin.sandboxmusic, state=3, position=29572, id=podcast:feed-xejvvz:feed-xejvvz:ep-b62o8o, title=, speed=1.0}
07-09 06:42:48.580  3406  6006 D NotificationService--OplusNotificationFixHelper: fixAppIcon: pkg=rd.sheepskin.sandboxmusic
07-09 06:42:48.580  3406  6006 D NotificationService--OplusNotificationFixHelper: fixAppIcon: appIcon = null, pkg = rd.sheepskin.sandboxmusic
07-09 06:42:48.580  3406  6006 D NotificationService--NotificationRecord: isSupportRearLight , isRearLight = false mLedRM = false isMultilLed = false
07-09 06:42:48.581  3406  6006 I OplusStatusBarManagerServiceEnhance:  getTopIsFullscreen mTopIsFullscreen: false
07-09 06:42:48.581  3406  6006 W ActivityManager: Permission Denial: getTopApplicationInfo from pid=23993, uid=10447 requires oplus.permission.OPLUS_COMPONENT_SAFE
07-09 06:42:48.581  4937  5038 I SystemUi--Media: OplusMediaDataManagerSt-->AOD_MEDIA_PANEL-->createActionsFromState: curState = 3
07-09 06:42:48.581  3406  6006 E OplusNotificationCenter: getForegroundApplication exception
07-09 06:42:48.582  3406  3406 D NotificationService--OplusNotificationManagerServiceExtImpl: isForwardToAssistants: true, case : Is local notification
07-09 06:42:48.582  3406  3406 D NotificationService: This application enqueue notifications is need postDelayed mcsAssistantDelayTime: 200
07-09 06:42:48.586 23993 23993 I Capacitor/Console: File:  - Line 333 - Msg: undefined
07-09 06:42:48.586  4937  4937 I SystemUi--Media: AbsMediaClient-->MEDIA_SEEDLING-->updateMediaDataByPlaybackState newState=3,newPosition=0, rd.sheepskin.sandboxmusic
07-09 06:42:48.586  4937  4937 I SystemUi--Media: AbsMediaClient-->MEDIA_SEEDLING-->dispatchMediaDataLoaded needUpdate=0 reason=updatePositionByPlaybackState isDestroyed=false
07-09 06:42:48.586 23993 23993 I Capacitor/Console: File:  - Line 349 - Msg: [object Object]
07-09 06:42:48.587  4937  5038 D MediaDataManager: State updated outside of notification
07-09 06:42:48.588 23993 24186 V Capacitor/Plugin: To native (Capacitor plugin): callbackId: 111524600, pluginId: BackgroundMedia, methodName: updatePlaybackState
07-09 06:42:48.589 23993 24186 V Capacitor: callback: 111524600, pluginId: BackgroundMedia, methodName: updatePlaybackState, methodData: {"isPlaying":true,"positionMs":30673,"durationMs":5305206,"playbackRate":1,"revision":117}
07-09 06:42:48.590  4937  4937 I SystemUi--Media: MediaDataCombineLatest-->MEDIA_SEEDLING-->onMediaDataLoaded mediaData = rd.sheepskin.sandboxmusic,0|rd.sheepskin.sandboxmusic|88001|null|10447,5305206,null,null,null,0,3,0,5234181,1.0,false,1783575766223,true,5233897,true,MediaButton(playId=0|rd.sheepskin.sandboxmusic|88001|null|10447, playOrPause=MediaAction(buttonName=playOrPause, iconMap={Default=(./assets/images/pauseDark.svg, null), SecondHome=(./assets/images/pauseDark.svg, null)}, animRes=null, voiceLabel=P***, isStandardAction=true, icon=Icon(typ=BITMAP size=162x162)), nextOrCustom=MediaAction(buttonName=nextOrCustom, iconMap={Default=(./assets/images/nextDark.svg, null), SecondHome=(./assets/images/nextDark.svg, null)}, animRes=./assets/images/next_anim.json, voiceLabel=N***, isStandardAction=true, icon=Icon(typ=BITMAP size=162x162)), prevOrCustom=MediaAction(buttonName=prevOrCustom, iconMap={Default=(./assets/images/previousDark.svg, null), SecondHome=(./assets/images/previousDark.svg, null)}, animRes=./assets/images/previous_anim.json, voiceLabel=P***, isStandardAction=true, icon=Icon(typ=BITMAP size=162x162)), custom0=null, custom1=MediaAction(buttonName=custom1, iconMap={}, animRes=null, voiceLabel=S***, isStandardAction=false, icon=Icon(typ=BITMAP size=162x162))),0
07-09 06:42:48.590  2124  2724 D AudioBoost: doGetWakethreadAndBoost pid 23993, tid 24298, handle 215, isWakeee 0
07-09 06:42:48.591  2124  2724 D AudioBoost: 23993,1159,124,18,24298,104,131
07-09 06:42:48.591  2124  2724 D AudioBoost: startBoostForWake mId 178, p 23993, t 24298, wp 23993, wt 1159.
07-09 06:42:48.591  2124  2724 D AudioBoost: audioSchedBoost, pid=23993, tid=1159, enable=1, ret=0
07-09 06:42:48.591  2124  2724 D AudioBoost: doGetWakethreadAndBoost() --- pid 23993, tid 24298, handle 215, isWakeee 0, --> 23993,1159
07-09 06:42:48.591  1918  1999 I [UAH_CLIENT]: UahPlatformResAcquire
07-09 06:42:48.592  1918  1999 I [UAH_CLIENT]: UahEventAcquire, cmdid:-3, pkg:2133 10938, identity:qcom-perfd
07-09 06:42:48.592  4937  4937 I SystemUi--Media: MediaSeedling-->MEDIA_SEEDLING-->postMediaDataUpdate needUpdate: 0 reason:onMediaDataLoaded
07-09 06:42:48.593  4937  4937 I SystemUi--Media: MediaDataFlowLimiter-->MEDIA_PANEL-->onMediaDataLoaded, first data , 0|rd.sheepskin.sandboxmusic|88001|null|10447 Sandbox Music(isPlaying:true), currentData = MediaDataExt{userId=0, initialized=true, app=Sandbox Music, artist=EMPTY, song=EMPTY, artwork=null, packageName=rd.sheepskin.sandboxmusic, token=android.media.session.MediaSession$Token@1348b45,  active=true, playbackLocation=0, resumption=false, notificationKey=0|rd.sheepskin.sandboxmusic|88001|null|10447, isPlaying=true, mediaCustNotification=false, }
07-09 06:42:48.594  4937  4937 D MediaDataManager: updateState: isPlaying = true, song change = true
07-09 06:42:48.595 23993 23993 I Capacitor/Console: File:  - Line 333 - Msg: {"ok":true,"wiredDacStabilityEnabled":true}
07-09 06:42:48.596 23993 23993 I Capacitor/Console: File:  - Line 349 - Msg: [object Object]
07-09 06:42:48.596  4937  4937 I SystemUi--Media: MediaDataFlowLimiter-->MEDIA_PANEL-->onMediaDataLoaded: Sandbox Music(isPlaying:true) within debounce period, ignore
07-09 06:42:48.596  4937  4937 I SystemUi--Media: MediaSeedling-->MEDIA_SEEDLING-->handleMediaDataUpdate allowCreateCard: false
07-09 06:42:48.596  4937  4937 I SystemUi--Media: MediaSeedling-->MEDIA_SEEDLING-->postSeedlingsUpdate delay: 1000 needUpdate: 0 reason:handleMessage UpdateInterval
07-09 06:42:48.596  1918  1994 E ANDR-PERF-RESOURCEQS: ANDR-PERF-RESOURCEQS: AddAndApply() 125: Resource with major=16, minor=0 not supported
07-09 06:42:48.598  4937  4937 I SystemUi--Media: MediaDataFlowLimiter-->MEDIA_PANEL-->onMediaDataLoaded: Sandbox Music(isPlaying:true) within debounce period, ignore
07-09 06:42:48.598  4937  5037 I SystemUi--Media: MediaLiveAlertController-->MEDIA_SEEDLING-->sendDataToPlugin, method=sendLiveAlert, notification.key=0|com.android.systemui|268452006|1783575763458|0
07-09 06:42:48.599  4937  5037 I PluginSeedling--Base: SeedlingCardServerProvider-->seedling provider called com.oplus.card.server.systemui.provider w/ sendLiveAlert 10208 4937 0
07-09 06:42:48.599  4937  5037 I PluginSeedling--Base: DefaultLiveAlertProvider-->default provider currentUserId=0 sbn: StatusBarNotification(pkg=com.android.systemui user=UserHandle{0} id=268452006 tag=1783575763458 key=0|com.android.systemui|268452006|1783575763458|0: Notification(channel=268452006 shortcut=null contentView=null vibrate=null sound=null defaults=0 flags=0 color=0x00000000 category=transport vis=PRIVATE))
07-09 06:42:48.601 23993 24186 V Capacitor/Plugin: To native (Capacitor plugin): callbackId: 111524601, pluginId: NativeExoPlayback, methodName: setGaplessEnabled
07-09 06:42:48.601 23993 24186 V Capacitor: callback: 111524601, pluginId: NativeExoPlayback, methodName: setGaplessEnabled, methodData: {"enabled":false}
07-09 06:42:48.603  2133  2729 E HwcComposer: getLuts failed Status(-129, EX_TRANSACTION_FAILED): 'UNKNOWN_TRANSACTION: '
07-09 06:42:48.604  4937  4937 I SystemUi--Media: MediaPlayerData-->MEDIA_PANEL-->addMediaSortKey newKey:0|rd.sheepskin.sandboxmusic|88001|null|10447 oldKey:0|rd.sheepskin.sandboxmusic|88001|null|10447, remove:true packageName:rd.sheepskin.sandboxmusic playbackStateUnchanged:true newPlaying:true oldPlaying:true updateTime:1783575766223 oldTime:1783575766223 noUpdateTime:false
07-09 06:42:48.604  4937  4937 I SystemUi--Media: OplusMediaDataFilterExImpl-->MEDIA_PANEL-->dispatchMediaDataOnLoaded key:0|rd.sheepskin.sandboxmusic|88001|null|10447 oldKey:0|rd.sheepskin.sandboxmusic|88001|null|10447 data:MediaDataExt{userId=0, initialized=true, app=Sandbox Music, artist=EMPTY, song=EMPTY, artwork=null, packageName=rd.sheepskin.sandboxmusic, token=android.media.session.MediaSession$Token@1348b45,  active=true, playbackLocation=0, resumption=false, notificationKey=0|rd.sheepskin.sandboxmusic|88001|null|10447, isPlaying=true, mediaCustNotification=false, }
07-09 06:42:48.604  4937  4937 I SystemUi--Media: OplusQsMediaPanelViewController-->MEDIA_PANEL-->onMediaDataLoaded: MediaDataExt{userId=0, initialized=true, app=Sandbox Music, artist=EMPTY, song=EMPTY, artwork=null, packageName=rd.sheepskin.sandboxmusic, token=android.media.session.MediaSession$Token@1348b45,  active=true, playbackLocation=0, resumption=false, notificationKey=0|rd.sheepskin.sandboxmusic|88001|null|10447, isPlaying=true, mediaCustNotification=false, }, controller: com.oplus.systemui.qs.media.OplusQsMediaPanelViewController$mediaDataUpdateListener$1@6f7d2a1
07-09 06:42:48.604  4937  4937 I SystemUi--Media: OplusMediaSeedlingController-->MEDIA_SEEDLING-->warning: onMediaDataLoaded: old mediaClient is not null! key=0|rd.sheepskin.sandboxmusic|88001|null|10447
07-09 06:42:48.604  4937  4937 I SystemUi--Media: AbsMediaClient-->MEDIA_SEEDLING-->onMediaDataLoaded: data=MediaDataExt{userId=0, initialized=true, app=Sandbox Music, artist=EMPTY, song=EMPTY, artwork=null, packageName=rd.sheepskin.sandboxmusic, token=android.media.session.MediaSession$Token@1348b45,  active=true, playbackLocation=0, resumption=false, notificationKey=0|rd.sheepskin.sandboxmusic|88001|null|10447, isPlaying=true, mediaCustNotification=false, } isDestroyed=false
07-09 06:42:48.604  4937  4937 I SystemUi--Media: AbsMediaClient-->MEDIA_SEEDLING-->dispatchMediaDataLoaded needUpdate=0 reason=onMediaDataLoaded isDestroyed=false
07-09 06:42:48.604  4937  4937 I SystemUi--Media: MediaDataCombineLatest-->MEDIA_SEEDLING-->onMediaDataLoaded mediaData = rd.sheepskin.sandboxmusic,0|rd.sheepskin.sandboxmusic|88001|null|10447,5305206,null,null,null,0,3,0,5234181,1.0,false,1783575766223,true,5234192,true,MediaButton(playId=0|rd.sheepskin.sandboxmusic|88001|null|10447, playOrPause=MediaAction(buttonName=playOrPause, iconMap={Default=(./assets/images/pauseDark.svg, null), SecondHome=(./assets/images/pauseDark.svg, null)}, animRes=null, voiceLabel=P***, isStandardAction=true, icon=Icon(typ=BITMAP size=162x162)), nextOrCustom=MediaAction(buttonName=nextOrCustom, iconMap={Default=(./assets/images/nextDark.svg, null), SecondHome=(./assets/images/nextDark.svg, null)}, animRes=./assets/images/next_anim.json, voiceLabel=N***, isStandardAction=true, icon=Icon(typ=BITMAP size=162x162)), prevOrCustom=MediaAction(buttonName=prevOrCustom, iconMap={Default=(./assets/images/previousDark.svg, null), SecondHome=(./assets/images/previousDark.svg, null)}, animRes=./assets/images/previous_anim.json, voiceLabel=P***, isStandardAction=true, icon=Icon(typ=BITMAP size=162x162)), custom0=null, custom1=MediaAction(buttonName=custom1, iconMap={}, animRes=null, voiceLabel=S***, isStandardAction=false, icon=Icon(typ=BITMAP size=162x162))),0
07-09 06:42:48.605  4937  5037 I SystemUi--Media: AbsMediaClient-->MEDIA_SEEDLING-->updateMediaDataByPlaybackState newState=3,newPosition=0, rd.sheepskin.sandboxmusic
07-09 06:42:48.605  3406  4923 D MediaSessionService: onSessionPlaybackStateChanged: record=rd.sheepskin.sandboxmusic/SovereignMusicConsole/84 (userId=0) playbackState=PlaybackState {state=PLAYING(3), position=30673, buffered position=0, speed=1.0, updated=1783575768604, actions=894, custom actions=[], active item id=-1, error=null}
07-09 06:42:48.605  4937  5037 I SystemUi--Media: MediaActionBinder-->MEDIA_SEEDLING-->createOplusMediaActions: mediaActionPriority=PreferSemanticActions
07-09 06:42:48.606  4937  4937 I SystemUi--Media: AbsMediaClient-->MEDIA_SEEDLING-->dispatchMediaDataLoaded needUpdate=0 reason=bgHandler onMediaDataLoaded isDestroyed=false
07-09 06:42:48.606  4937  4937 I SystemUi--Media: MediaDataCombineLatest-->MEDIA_SEEDLING-->onMediaDataLoaded mediaData = rd.sheepskin.sandboxmusic,0|rd.sheepskin.sandboxmusic|88001|null|10447,5305206,null,null,null,0,3,0,5234205,1.0,false,1783575766223,true,5234192,true,MediaButton(playId=0|rd.sheepskin.sandboxmusic|88001|null|10447, playOrPause=MediaAction(buttonName=playOrPause, iconMap={Default=(./assets/images/pauseDark.svg, null), SecondHome=(./assets/images/pauseDark.svg, null)}, animRes=null, voiceLabel=P***, isStandardAction=true, icon=Icon(typ=BITMAP size=162x162)), nextOrCustom=MediaAction(buttonName=nextOrCustom, iconMap={Default=(./assets/images/nextDark.svg, null), SecondHome=(./assets/images/nextDark.svg, null)}, animRes=./assets/images/next_anim.json, voiceLabel=N***, isStandardAction=true, icon=Icon(typ=BITMAP size=162x162)), prevOrCustom=MediaAction(buttonName=prevOrCustom, iconMap={Default=(./assets/images/previousDark.svg, null), SecondHome=(./assets/images/previousDark.svg, null)}, animRes=./assets/images/previous_anim.json, voiceLabel=P***, isStandardAction=true, icon=Icon(typ=BITMAP size=162x162)), custom0=null, custom1=MediaAction(buttonName=custom1, iconMap={}, animRes=null, voiceLabel=S***, isStandardAction=false, icon=Icon(typ=BITMAP size=162x162))),0
07-09 06:42:48.609  3406  4645 D NasPowerProxyService: playback state changed:{duration=5305206, artist=, album=, bufferedPosition=0, packageName=rd.sheepskin.sandboxmusic, state=3, position=30673, id=podcast:feed-xejvvz:feed-xejvvz:ep-b62o8o, title=, speed=1.0}
07-09 06:42:48.610  4937  5038 I SystemUi--Media: OplusMediaDataManagerSt-->AOD_MEDIA_PANEL-->createActionsFromState: curState = 3
07-09 06:42:48.610  4937  4937 I SystemUi--Media: AbsMediaClient-->MEDIA_SEEDLING-->updateMediaDataByPlaybackState newState=3,newPosition=0, rd.sheepskin.sandboxmusic
07-09 06:42:48.610  4937  4937 I SystemUi--Media: AbsMediaClient-->MEDIA_SEEDLING-->dispatchMediaDataLoaded needUpdate=0 reason=updatePositionByPlaybackState isDestroyed=false
07-09 06:42:48.610  4937  4937 I SystemUi--Media: MediaDataCombineLatest-->MEDIA_SEEDLING-->onMediaDataLoaded mediaData = rd.sheepskin.sandboxmusic,0|rd.sheepskin.sandboxmusic|88001|null|10447,5305206,null,null,null,0,3,0,5234210,1.0,false,1783575766223,true,5234192,true,MediaButton(playId=0|rd.sheepskin.sandboxmusic|88001|null|10447, playOrPause=MediaAction(buttonName=playOrPause, iconMap={Default=(./assets/images/pauseDark.svg, null), SecondHome=(./assets/images/pauseDark.svg, null)}, animRes=null, voiceLabel=P***, isStandardAction=true, icon=Icon(typ=BITMAP size=162x162)), nextOrCustom=MediaAction(buttonName=nextOrCustom, iconMap={Default=(./assets/images/nextDark.svg, null), SecondHome=(./assets/images/nextDark.svg, null)}, animRes=./assets/images/next_anim.json, voiceLabel=N***, isStandardAction=true, icon=Icon(typ=BITMAP size=162x162)), prevOrCustom=MediaAction(buttonName=prevOrCustom, iconMap={Default=(./assets/images/previousDark.svg, null), SecondHome=(./assets/images/previousDark.svg, null)}, animRes=./assets/images/previous_anim.json, voiceLabel=P***, isStandardAction=true, icon=Icon(typ=BITMAP size=162x162)), custom0=null, custom1=MediaAction(buttonName=custom1, iconMap={}, animRes=null, voiceLabel=S***, isStandardAction=false, icon=Icon(typ=BITMAP size=162x162))),0
07-09 06:42:48.612  4937  5038 D MediaDataManager: State updated outside of notification
07-09 06:42:48.612  3406  6006 D NotificationService--OplusNotificationFixHelper: fixAppIcon: pkg=rd.sheepskin.sandboxmusic
07-09 06:42:48.612  3406  6006 D NotificationService--OplusNotificationFixHelper: fixAppIcon: appIcon = null, pkg = rd.sheepskin.sandboxmusic
07-09 06:42:48.612  3406  6006 D NotificationService--NotificationRecord: isSupportRearLight , isRearLight = false mLedRM = false isMultilLed = false
07-09 06:42:48.612  4937  4937 D MediaDataManager: updateState: isPlaying = true, song change = false
07-09 06:42:48.612  4937  4937 I SystemUi--Media: MediaDataFlowLimiter-->MEDIA_PANEL-->onMediaDataLoaded: Sandbox Music(isPlaying:true) within debounce period, ignore
07-09 06:42:48.612  3406  6006 I OplusStatusBarManagerServiceEnhance:  getTopIsFullscreen mTopIsFullscreen: false
07-09 06:42:48.612  3406  6006 W ActivityManager: Permission Denial: getTopApplicationInfo from pid=23993, uid=10447 requires oplus.permission.OPLUS_COMPONENT_SAFE
07-09 06:42:48.613  3406  6006 E OplusNotificationCenter: getForegroundApplication exception
07-09 06:42:48.613  3406  3406 D NotificationService--OplusNotificationManagerServiceExtImpl: isForwardToAssistants: true, case : Is local notification
07-09 06:42:48.613  3406  3406 D NotificationService: This application enqueue notifications is need postDelayed mcsAssistantDelayTime: 200
07-09 06:42:48.614  1918  1443 I [UAH_CLIENT]: UahRelease, handle:7637
07-09 06:42:48.614 23993 23993 I Capacitor/Console: File:  - Line 333 - Msg: undefined
07-09 06:42:48.615 23993 23993 I Capacitor/Console: File:  - Line 333 - Msg: {"ok":true,"gaplessEnabled":false}
07-09 06:42:48.615 23993 23993 I Capacitor/Console: File:  - Line 349 - Msg: [object Object]
07-09 06:42:48.615 23993 24186 V Capacitor/Plugin: To native (Capacitor plugin): callbackId: 111524602, pluginId: NativeExoPlayback, methodName: setCrossfadeEnabled
07-09 06:42:48.615 23993 24186 V Capacitor: callback: 111524602, pluginId: NativeExoPlayback, methodName: setCrossfadeEnabled, methodData: {"enabled":false,"durationMs":2500,"gaplessDurationMs":600}
07-09 06:42:48.616 23993 23993 I Capacitor/Console: File:  - Line 333 - Msg: {"ok":true,"crossfadeEnabled":false,"durationMs":2500}
07-09 06:42:48.616 23993 24186 V Capacitor/Plugin: To native (Capacitor plugin): callbackId: 111524603, pluginId: NativeExoPlayback, methodName: setBitPerfectEnabled
07-09 06:42:48.616 23993 24186 V Capacitor: callback: 111524603, pluginId: NativeExoPlayback, methodName: setBitPerfectEnabled, methodData: {"enabled":false}
07-09 06:42:48.616 23993 23993 I Capacitor/Console: File:  - Line 349 - Msg: [object Object]
07-09 06:42:48.616 23993 23993 I AudioEffect: setParameter(): 0xb4000075717e4800, param: 0, param2: -1
07-09 06:42:48.617  2124  8336 D EffectHalHidl: audioSchedBoost, set audiohal task boost, pid=2124, tid=8336, ret=0
07-09 06:42:48.617  2124  8336 D EffectHalHidl: audioSchedBoost, set audiohal task boost, pid=2124, tid=8336, ret=0
07-09 06:42:48.618 23993 23993 I Capacitor/Console: File:  - Line 333 - Msg: {"ok":true,"bitPerfectEnabled":false,"bitPerfectActive":false}
07-09 06:42:48.636  4937  4937 I PluginSeedling--Origin: LiveAlertInteractorImpl-->EntryDataListener,onDataPosted originData:[t3.d@dd734565] data:[t3.d@dd734565]
07-09 06:42:48.637  4937  4937 I PluginSeedling--Origin: LiveAlertInteractorImpl-->notifyEntryDataChanged ENTRY_NOTIFICATION, result:LiveAlertModel: [key: 0|com.android.systemui|268452006|1783575763458|0, entranceType: ENTRY_NOTIFICATION, score: 6.15, groupPriority: 2 type: LIVE, isSystemService: true, shouldShow: true, lockscreenShouldShow: true, sourceType: SOURCE_COMMON, remindLevel: 0, pkg: rd.sheepskin.sandboxmusic, hostPkgName=com.android.systemui front: true, forceRebuild: false, isForcedReminder: false, InstantDuration: 5000, requestPanel: null, capsuleTimeOut: 300000, serviceTitleName: , overrideTransition: false level: 2,
07-09 06:42:48.637  4937  4937 I PluginSeedling--Origin:  rusBaseData: RusBaseData(id='default_com.android.systemui_268452006', updateStateEnable=1, canDelete=1, remindAlways=0, longClick='', cardImportance=-1, clickCustomAction=0,timeOutDuration=5, timeOutDurationEnable=0,enableInSuperpower=0, autoPriority=0, customCapsuleDuration=300000,clickWhenAnim=1, panoramicAodEnable=1,notificationStyleList=,blackCallStyle=0, liveAlertScore=6.15,liveAlertLevel=2,enableQuitShrink=0, lockImmersiveEnable=1, lockImmersiveDefault=1,lockRemindAlways = 0, luSettings=[], liteAnim=14, serviceType=1), showSize: VIEW_SIZE_NONE, isPinFiltered: false serviceFrom: 0, liveAlertState: SeedlingState(0), wrapperSize: 3, duplicateChips: false, quitHideOrBubble:0, liveAlertService:, immersiveCardType:2, requestLockScreenImmersive:-1, ignoreEntry:-1, noe: false
07-09 06:42:48.638  4937  4937 I PluginSeedling--Notification: NotificationRepository-->onDataChanged, [LiveAlertModel: [key: 0|com.android.systemui|268452006|1783575763458|0, entranceType: ENTRY_NOTIFICATION, score: 6.15, groupPriority: 2 type: LIVE, isSystemService: true, shouldShow: true, lockscreenShouldShow: true, sourceType: SOURCE_COMMON, remindLevel: 0, pkg: rd.sheepskin.sandboxmusic, hostPkgName=com.android.systemui front: true, forceRebuild: false, isForcedReminder: false, InstantDuration: 5000, requestPanel: null, capsuleTimeOut: 300000, serviceTitleName: , overrideTransition: false level: 2,
07-09 06:42:48.638  4937  4937 I PluginSeedling--Notification:  rusBaseData: RusBaseData(id='default_com.android.systemui_268452006', updateStateEnable=1, canDelete=1, remindAlways=0, longClick='', cardImportance=-1, clickCustomAction=0,timeOutDuration=5, timeOutDurationEnable=0,enableInSuperpower=0, autoPriority=0, customCapsuleDuration=300000,clickWhenAnim=1, panoramicAodEnable=1,notificationStyleList=,blackCallStyle=0, liveAlertScore=6.15,liveAlertLevel=2,enableQuitShrink=0, lockImmersiveEnable=1, lockImmersiveDefault=1,lockRemindAlways = 0, luSettings=[], liteAnim=14, serviceType=1), showSize: VIEW_SIZE_NONE, isPinFiltered: false serviceFrom: 0, liveAlertState: SeedlingState(0), wrapperSize: 3, duplicateChips: false, quitHideOrBubble:0, liveAlertService:, immersiveCardType:2, requestLockScreenImmersive:-1, ignoreEntry:-1]
07-09 06:42:48.639  4937  4937 I PluginSeedling--Origin: LiveAlertInteractorImpl-->EntryDataListener,onDataPosted originData:[t3.d@dd734565] data:[t3.d@dd734565]
07-09 06:42:48.639  4937  4937 I PluginSeedling--Origin: LiveAlertInteractorImpl-->notifyEntryDataChanged ENTRY_STATUS_BAR, result:LiveAlertModel: [key: 0|com.android.systemui|268452006|1783575763458|0, entranceType: ENTRY_STATUS_BAR, score: 6.15, groupPriority: 2 type: LIVE, isSystemService: true, shouldShow: true, lockscreenShouldShow: false, sourceType: SOURCE_COMMON, remindLevel: 0, pkg: rd.sheepskin.sandboxmusic, hostPkgName=com.android.systemui front: true, forceRebuild: false, isForcedReminder: false, InstantDuration: 5000, requestPanel: null, capsuleTimeOut: 300000, serviceTitleName: , overrideTransition: false level: 2,
07-09 06:42:48.639  4937  4937 I PluginSeedling--Origin:  rusBaseData: RusBaseData(id='default_com.android.systemui_268452006', updateStateEnable=1, canDelete=1, remindAlways=0, longClick='', cardImportance=-1, clickCustomAction=0,timeOutDuration=5, timeOutDurationEnable=0,enableInSuperpower=0, autoPriority=0, customCapsuleDuration=300000,clickWhenAnim=1, panoramicAodEnable=1,notificationStyleList=,blackCallStyle=0, liveAlertScore=6.15,liveAlertLevel=2,enableQuitShrink=0, lockImmersiveEnable=1, lockImmersiveDefault=1,lockRemindAlways = 0, luSettings=[], liteAnim=14, serviceType=1), showSize: VIEW_SIZE_NONE, isPinFiltered: false serviceFrom: 0, liveAlertState: SeedlingState(0), wrapperSize: 2, duplicateChips: false, quitHideOrBubble:0, liveAlertService:, immersiveCardType:2, requestLockScreenImmersive:-1, ignoreEntry:-1, noe: false
07-09 06:42:48.642  4937  4937 I PluginSeedling--Template: TransitionViewWrapper-->update, newPageState: NORMAL_STYLE, currentPage:NORMAL_STYLE
07-09 06:42:48.644  4937  4937 I PluginSeedling--Template: TransitionViewWrapper-->update, newPageState: MEDIA_PLAYER_STYLE, currentPage:MEDIA_PLAYER_STYLE
07-09 06:42:48.645  4937  4937 I PluginSeedling--Template: TransitionViewWrapper-->update, newPageState: MEDIA_PLAYER_STYLE, currentPage:MEDIA_PLAYER_STYLE
07-09 06:42:48.645  4937  4937 I PluginSeedling--Template: TransitionViewWrapper-->update, newPageState: NORMAL_STYLE, currentPage:NORMAL_STYLE
07-09 06:42:48.646  4937  4937 I PluginSeedling--Template: CapsulePageViewModel-->sectionsTemplateData: left, style:CapsuleSectionTemplateData(style=IMAGE_TEXT_STYLE, moduleDic={pic=BitmapModel(src=android.graphics.Bitmap@7ca1da7, iconColor=null, icon=Icon(typ=RESOURCE pkg=com.android.systemui id=0x7f0809d5), anim=null, bgColor=0, shape=1, width=90, height=90, radius=45.0, actionIntent=null, pi=null, desc=Sandbox Music)}, backgroundColor=null)
07-09 06:42:48.646  4937  4937 I PluginSeedling--Template: CapsulePageViewModel-->sectionsTemplateData: right, style:CapsuleSectionTemplateData(style=TEXT_IMAGE_STYLE, moduleDic={pic=DrawableModel(src=null, iconColor=null, anim=LottieOrRawAnimModel(anim='[length=10444]', shouldPlayCount=-1), bgColor=0, shape=0, width=90, height=90, radius=45.0, actionIntent=null, pi=null, desc=Sandbox Music)}, backgroundColor=null)
07-09 06:42:48.647  4937  4937 I PluginSeedling--Template: TransitionViewWrapper-->update, newPageState: MEDIA_PLAYER_STYLE, currentPage:MEDIA_PLAYER_STYLE
07-09 06:42:48.672  1913  2265 I SDM     : DisplayBase::CommitThread: Received idle timeout, panel: cmd, timeout: 70000 us
07-09 06:42:48.694  4937  4937 I SystemUi--Media: MediaDataFlowLimiter-->MEDIA_PANEL-->onMediaDataLoaded, last data 100 ms , 0|rd.sheepskin.sandboxmusic|88001|null|10447 Sandbox Music(isPlaying:true), currentData = MediaDataExt{userId=0, initialized=true, app=Sandbox Music, artist=EMPTY, song=EMPTY, artwork=null, packageName=rd.sheepskin.sandboxmusic, token=android.media.session.MediaSession$Token@1348b45,  active=true, playbackLocation=0, resumption=false, notificationKey=0|rd.sheepskin.sandboxmusic|88001|null|10447, isPlaying=true, mediaCustNotification=false, }
07-09 06:42:48.694  4937  4937 I SystemUi--Media: MediaDataFlowLimiter-->MEDIA_PANEL-->debounce remove 0|rd.sheepskin.sandboxmusic|88001|null|10447
07-09 06:42:48.698  4937  4937 I SystemUi--Media: MediaPlayerData-->MEDIA_PANEL-->addMediaSortKey newKey:0|rd.sheepskin.sandboxmusic|88001|null|10447 oldKey:0|rd.sheepskin.sandboxmusic|88001|null|10447, remove:true packageName:rd.sheepskin.sandboxmusic playbackStateUnchanged:true newPlaying:true oldPlaying:true updateTime:1783575766223 oldTime:1783575766223 noUpdateTime:false
