07-08 23:27:32.328  4972  4972 I SystemUi--Media: OplusMediaDataFilterExImpl-->MEDIA_PANEL-->dispatchMediaDataOnLoaded key:0|rd.sheepskin.sandboxmusic|88001|null|10447 oldKey:0|rd.sheepskin.sandboxmusic|88001|null|10447 data:MediaDataExt{userId=0, initialized=true, app=Sandbox Music, artist=EMPTY, song=EMPTY, artwork=null, packageName=rd.sheepskin.sandboxmusic, token=android.media.session.MediaSession$Token@d0262a8,  active=true, playbackLocation=0, resumption=false, notificationKey=0|rd.sheepskin.sandboxmusic|88001|null|10447, isPlaying=true, mediaCustNotification=false, }
07-08 23:27:32.328  4972  4972 I SystemUi--Media: OplusQsMediaPanelViewController-->MEDIA_PANEL-->onMediaDataLoaded: MediaDataExt{userId=0, initialized=true, app=Sandbox Music, artist=EMPTY, song=EMPTY, artwork=null, packageName=rd.sheepskin.sandboxmusic, token=android.media.session.MediaSession$Token@d0262a8,  active=true, playbackLocation=0, resumption=false, notificationKey=0|rd.sheepskin.sandboxmusic|88001|null|10447, isPlaying=true, mediaCustNotification=false, }, controller: com.oplus.systemui.qs.media.OplusQsMediaPanelViewController$mediaDataUpdateListener$1@9b00f6d
07-08 23:27:32.328  4972  4972 I SystemUi--Media: OplusMediaSeedlingController-->MEDIA_SEEDLING-->warning: onMediaDataLoaded: old mediaClient is not null! key=0|rd.sheepskin.sandboxmusic|88001|null|10447
07-08 23:27:32.328  4972  4972 I SystemUi--Media: AbsMediaClient-->MEDIA_SEEDLING-->onMediaDataLoaded: data=MediaDataExt{userId=0, initialized=true, app=Sandbox Music, artist=EMPTY, song=EMPTY, artwork=null, packageName=rd.sheepskin.sandboxmusic, token=android.media.session.MediaSession$Token@d0262a8,  active=true, playbackLocation=0, resumption=false, notificationKey=0|rd.sheepskin.sandboxmusic|88001|null|10447, isPlaying=true, mediaCustNotification=false, } isDestroyed=false
07-08 23:27:32.329  4972  4972 I SystemUi--Media: AodMediaDataListener-->AOD_MEDIA_PANEL-->onMediaDataLoaded aod media not support for rd.sheepskin.sandboxmusic
07-08 23:27:32.331  4972  5075 I SystemUi--Media: AbsMediaClient-->MEDIA_SEEDLING-->updateMediaDataByPlaybackState newState=3,newPosition=0, rd.sheepskin.sandboxmusic
07-08 23:27:32.331  4972  5075 I SystemUi--Media: MediaActionBinder-->MEDIA_SEEDLING-->createOplusMediaActions: mediaActionPriority=PreferSemanticActions
07-08 23:27:32.332  4972  4972 I SystemUi--Media: AbsMediaClient-->MEDIA_SEEDLING-->dispatchMediaDataLoaded needUpdate=0 reason=bgHandler onMediaDataLoaded isDestroyed=false
07-08 23:27:32.332  4972  4972 I SystemUi--Media: MediaDataCombineLatest-->MEDIA_SEEDLING-->onMediaDataLoaded mediaData = rd.sheepskin.sandboxmusic,0|rd.sheepskin.sandboxmusic|88001|null|10447,7506651,null,null,null,0,3,0,9489783,1.0,false,1783549647031,true,9489674,true,MediaButton(playId=0|rd.sheepskin.sandboxmusic|88001|null|10447, playOrPause=MediaAction(buttonName=playOrPause, iconMap={Default=(./assets/images/pauseDark.svg, null), SecondHome=(./assets/images/pauseDark.svg, null)}, animRes=null, voiceLabel=P***, isStandardAction=true, icon=Icon(typ=BITMAP size=162x162)), nextOrCustom=MediaAction(buttonName=nextOrCustom, iconMap={Default=(./assets/images/nextDark.svg, null), SecondHome=(./assets/images/nextDark.svg, null)}, animRes=./assets/images/next_anim.json, voiceLabel=N***, isStandardAction=true, icon=Icon(typ=BITMAP size=162x162)), prevOrCustom=MediaAction(buttonName=prevOrCustom, iconMap={Default=(./assets/images/previousDark.svg, null), SecondHome=(./assets/images/previousDark.svg, null)}, animRes=./assets/images/previous_anim.json, voiceLabel=P***, isStandardAction=true, icon=Icon(typ=BITMAP size=162x162)), custom0=null, custom1=MediaAction(buttonName=custom1, iconMap={}, animRes=null, voiceLabel=S***, isStandardAction=false, icon=Icon(typ=BITMAP size=162x162))),0
07-08 23:27:32.370  1888 22418 D DlbDap2Process: process() called [612500] times with input channel mask 0x3 (ProcessingMode=1)
07-08 23:27:32.381  2086  2189 D BatteryChargeControl: bcc get no support from charging protocol
07-08 23:27:32.399  5669 10331 D CommonApp-100-10162: transport layer data is invalid
07-08 23:27:32.403  5669 10331 D CommonApp-100-10447: commonScoreStrategy scenarios low package
07-08 23:27:32.428  3425  3425 D LockSettingsService: [getSeparateProfileChallengeEnabled] userId = 12
07-08 23:27:32.428  3425  3425 D LockSettingsService: [getSeparateProfileChallengeEnabled] userId = 12
07-08 23:27:32.435  3425  3425 D LockSettingsService: [getSeparateProfileChallengeEnabled] userId = 12
07-08 23:27:32.436  3425  3425 D LockSettingsService: [getSeparateProfileChallengeEnabled] userId = 12
07-08 23:27:32.448  3425  3425 D LockSettingsService: [getSeparateProfileChallengeEnabled] userId = 12
07-08 23:27:32.449  3425  3425 D LockSettingsService: [getSeparateProfileChallengeEnabled] userId = 12
07-08 23:27:32.451  4972  5076 I SystemUi--Media: OplusMediaDataManagerSt-->AOD_MEDIA_PANEL-->createActionsFromState: curState = 3
07-08 23:27:32.459  4972  4972 I SystemUi--Media: MediaDataFlowLimiter-->MEDIA_PANEL-->onMediaDataLoaded, first data , 0|rd.sheepskin.sandboxmusic|88001|null|10447 Sandbox Music(isPlaying:true), currentData = MediaDataExt{userId=0, initialized=true, app=Sandbox Music, artist=EMPTY, song=S***, artwork=null, packageName=rd.sheepskin.sandboxmusic, token=android.media.session.MediaSession$Token@d0262a8,  active=true, playbackLocation=0, resumption=false, notificationKey=0|rd.sheepskin.sandboxmusic|88001|null|10447, isPlaying=true, mediaCustNotification=false, }
07-08 23:27:32.459  4972  5076 I SystemUi--Media: OplusMediaDataManagerSt-->AOD_MEDIA_PANEL-->createActionsFromState: curState = 3
07-08 23:27:32.460  4972  4972 I SystemUi--Media: MediaPlayerData-->MEDIA_PANEL-->addMediaSortKey newKey:0|rd.sheepskin.sandboxmusic|88001|null|10447 oldKey:0|rd.sheepskin.sandboxmusic|88001|null|10447, remove:true packageName:rd.sheepskin.sandboxmusic playbackStateUnchanged:true newPlaying:true oldPlaying:true updateTime:1783549647031 oldTime:1783549647031 noUpdateTime:false
07-08 23:27:32.460  4972  4972 I SystemUi--Media: OplusMediaDataFilterExImpl-->MEDIA_PANEL-->dispatchMediaDataOnLoaded key:0|rd.sheepskin.sandboxmusic|88001|null|10447 oldKey:0|rd.sheepskin.sandboxmusic|88001|null|10447 data:MediaDataExt{userId=0, initialized=true, app=Sandbox Music, artist=EMPTY, song=S***, artwork=null, packageName=rd.sheepskin.sandboxmusic, token=android.media.session.MediaSession$Token@d0262a8,  active=true, playbackLocation=0, resumption=false, notificationKey=0|rd.sheepskin.sandboxmusic|88001|null|10447, isPlaying=true, mediaCustNotification=false, }
07-08 23:27:32.460  4972  4972 I SystemUi--Media: OplusQsMediaPanelViewController-->MEDIA_PANEL-->onMediaDataLoaded: MediaDataExt{userId=0, initialized=true, app=Sandbox Music, artist=EMPTY, song=S***, artwork=null, packageName=rd.sheepskin.sandboxmusic, token=android.media.session.MediaSession$Token@d0262a8,  active=true, playbackLocation=0, resumption=false, notificationKey=0|rd.sheepskin.sandboxmusic|88001|null|10447, isPlaying=true, mediaCustNotification=false, }, controller: com.oplus.systemui.qs.media.OplusQsMediaPanelViewController$mediaDataUpdateListener$1@9b00f6d
07-08 23:27:32.460  4972  4972 I SystemUi--Media: OplusMediaSeedlingController-->MEDIA_SEEDLING-->warning: onMediaDataLoaded: old mediaClient is not null! key=0|rd.sheepskin.sandboxmusic|88001|null|10447
07-08 23:27:32.460  4972  4972 I SystemUi--Media: AbsMediaClient-->MEDIA_SEEDLING-->onMediaDataLoaded: data=MediaDataExt{userId=0, initialized=true, app=Sandbox Music, artist=EMPTY, song=S***, artwork=null, packageName=rd.sheepskin.sandboxmusic, token=android.media.session.MediaSession$Token@d0262a8,  active=true, playbackLocation=0, resumption=false, notificationKey=0|rd.sheepskin.sandboxmusic|88001|null|10447, isPlaying=true, mediaCustNotification=false, } isDestroyed=false
07-08 23:27:32.460  4972  4972 I SystemUi--Media: AbsMediaClient-->MEDIA_SEEDLING-->dispatchMediaDataLoaded needUpdate=0 reason=onMediaDataLoaded isDestroyed=false
07-08 23:27:32.460  4972  4972 I SystemUi--Media: MediaDataCombineLatest-->MEDIA_SEEDLING-->onMediaDataLoaded mediaData = rd.sheepskin.sandboxmusic,0|rd.sheepskin.sandboxmusic|88001|null|10447,7506651,null,null,null,0,3,0,9489783,1.0,false,1783549647031,true,9489674,true,MediaButton(playId=0|rd.sheepskin.sandboxmusic|88001|null|10447, playOrPause=MediaAction(buttonName=playOrPause, iconMap={Default=(./assets/images/pauseDark.svg, null), SecondHome=(./assets/images/pauseDark.svg, null)}, animRes=null, voiceLabel=P***, isStandardAction=true, icon=Icon(typ=BITMAP size=162x162)), nextOrCustom=MediaAction(buttonName=nextOrCustom, iconMap={Default=(./assets/images/nextDark.svg, null), SecondHome=(./assets/images/nextDark.svg, null)}, animRes=./assets/images/next_anim.json, voiceLabel=N***, isStandardAction=true, icon=Icon(typ=BITMAP size=162x162)), prevOrCustom=MediaAction(buttonName=prevOrCustom, iconMap={Default=(./assets/images/previousDark.svg, null), SecondHome=(./assets/images/previousDark.svg, null)}, animRes=./assets/images/previous_anim.json, voiceLabel=P***, isStandardAction=true, icon=Icon(typ=BITMAP size=162x162)), custom0=null, custom1=MediaAction(buttonName=custom1, iconMap={}, animRes=null, voiceLabel=S***, isStandardAction=false, icon=Icon(typ=BITMAP size=162x162))),0
07-08 23:27:32.460  4972  4972 I SystemUi--Media: MediaSeedling-->MEDIA_SEEDLING-->postMediaDataUpdate needUpdate: 0 reason:onMediaDataLoaded
07-08 23:27:32.460  4972  4972 I SystemUi--Media: AodMediaDataListener-->AOD_MEDIA_PANEL-->onMediaDataLoaded aod media not support for rd.sheepskin.sandboxmusic
07-08 23:27:32.460  4972  4972 I SystemUi--Media: MediaSeedling-->MEDIA_SEEDLING-->handleMediaDataUpdate allowCreateCard: false
07-08 23:27:32.460  4972  4972 I SystemUi--Media: MediaSeedling-->MEDIA_SEEDLING-->postSeedlingsUpdate delay: 1000 needUpdate: 0 reason:handleMessage UpdateInterval
07-08 23:27:32.461  4972  5075 I SystemUi--Media: AbsMediaClient-->MEDIA_SEEDLING-->updateMediaDataByPlaybackState newState=3,newPosition=0, rd.sheepskin.sandboxmusic
07-08 23:27:32.461  4972  5075 I SystemUi--Media: MediaActionBinder-->MEDIA_SEEDLING-->createOplusMediaActions: mediaActionPriority=PreferSemanticActions
07-08 23:27:32.461  4972  4972 I SystemUi--Media: AbsMediaClient-->MEDIA_SEEDLING-->dispatchMediaDataLoaded needUpdate=0 reason=bgHandler onMediaDataLoaded isDestroyed=false
07-08 23:27:32.461  4972  4972 I SystemUi--Media: MediaDataCombineLatest-->MEDIA_SEEDLING-->onMediaDataLoaded mediaData = rd.sheepskin.sandboxmusic,0|rd.sheepskin.sandboxmusic|88001|null|10447,7506651,null,null,null,0,3,0,9489914,1.0,false,1783549647031,true,9489914,true,MediaButton(playId=0|rd.sheepskin.sandboxmusic|88001|null|10447, playOrPause=MediaAction(buttonName=playOrPause, iconMap={Default=(./assets/images/pauseDark.svg, null), SecondHome=(./assets/images/pauseDark.svg, null)}, animRes=null, voiceLabel=P***, isStandardAction=true, icon=Icon(typ=BITMAP size=162x162)), nextOrCustom=MediaAction(buttonName=nextOrCustom, iconMap={Default=(./assets/images/nextDark.svg, null), SecondHome=(./assets/images/nextDark.svg, null)}, animRes=./assets/images/next_anim.json, voiceLabel=N***, isStandardAction=true, icon=Icon(typ=BITMAP size=162x162)), prevOrCustom=MediaAction(buttonName=prevOrCustom, iconMap={Default=(./assets/images/previousDark.svg, null), SecondHome=(./assets/images/previousDark.svg, null)}, animRes=./assets/images/previous_anim.json, voiceLabel=P***, isStandardAction=true, icon=Icon(typ=BITMAP size=162x162)), custom0=null, custom1=MediaAction(buttonName=custom1, iconMap={}, animRes=null, voiceLabel=S***, isStandardAction=false, icon=Icon(typ=BITMAP size=162x162))),0
07-08 23:27:32.461  4972  4972 I SystemUi--Media: MediaSeedling-->MEDIA_SEEDLING-->postMediaDataUpdate needUpdate: 0 reason:onMediaDataLoaded
07-08 23:27:32.461  4972  4972 I SystemUi--Media: MediaSeedling-->MEDIA_SEEDLING-->handleMediaDataUpdate allowCreateCard: false
07-08 23:27:32.461  4972  4972 I SystemUi--Media: MediaSeedling-->MEDIA_SEEDLING-->postSeedlingsUpdate delay: 1000 needUpdate: 0 reason:handleMessage UpdateInterval
07-08 23:27:32.461  4972  5075 I SystemUi--Media: MediaLiveAlertController-->MEDIA_SEEDLING-->sendDataToPlugin, method=sendLiveAlert, notification.key=0|com.android.systemui|268452006|1783549645619|0
07-08 23:27:32.462  4972  5075 I PluginSeedling--Base: SeedlingCardServerProvider-->seedling provider called com.oplus.card.server.systemui.provider w/ sendLiveAlert 10208 4972 0
07-08 23:27:32.462  4972  5075 I PluginSeedling--Base: DefaultLiveAlertProvider-->default provider currentUserId=0 sbn: StatusBarNotification(pkg=com.android.systemui user=UserHandle{0} id=268452006 tag=1783549645619 key=0|com.android.systemui|268452006|1783549645619|0: Notification(channel=268452006 shortcut=null contentView=null vibrate=null sound=null defaults=0 flags=0 color=0x00000000 category=transport vis=PRIVATE))
07-08 23:27:32.462  4972  5075 I SystemUi--Media: MediaLiveAlertController-->MEDIA_SEEDLING-->sendDataToPlugin, method=sendLiveAlert, notification.key=0|com.android.systemui|268452006|1783549645619|0
07-08 23:27:32.462  4972  5075 I PluginSeedling--Base: SeedlingCardServerProvider-->seedling provider called com.oplus.card.server.systemui.provider w/ sendLiveAlert 10208 4972 0
07-08 23:27:32.463  4972  5075 I PluginSeedling--Base: DefaultLiveAlertProvider-->default provider currentUserId=0 sbn: StatusBarNotification(pkg=com.android.systemui user=UserHandle{0} id=268452006 tag=1783549645619 key=0|com.android.systemui|268452006|1783549645619|0: Notification(channel=268452006 shortcut=null contentView=null vibrate=null sound=null defaults=0 flags=0 color=0x00000000 category=transport vis=PRIVATE))
07-08 23:27:32.464  4972  4972 I SystemUi--Media: MediaDataFlowLimiter-->MEDIA_PANEL-->onMediaDataLoaded: Sandbox Music(isPlaying:true) within debounce period, ignore
07-08 23:27:32.464  4972  5076 I SystemUi--Media: OplusMediaDataManagerSt-->AOD_MEDIA_PANEL-->createActionsFromState: curState = 3
07-08 23:27:32.465 24668 28565 D PipelineWatcher: [0xb4000070b1553300] pipelineFull: too many frames in pipeline (4)
07-08 23:27:32.468  4972  4972 I SystemUi--Media: MediaDataFlowLimiter-->MEDIA_PANEL-->onMediaDataLoaded: Sandbox Music(isPlaying:true) within debounce period, ignore
07-08 23:27:32.491  4972  4972 I PluginSeedling--Origin: LiveAlertInteractorImpl-->EntryDataListener,onDataPosted originData:[t3.d@837f1d30] data:[t3.d@837f1d30]
07-08 23:27:32.491  4972  4972 I PluginSeedling--Origin: LiveAlertInteractorImpl-->notifyEntryDataChanged ENTRY_NOTIFICATION, result:LiveAlertModel: [key: 0|com.android.systemui|268452006|1783549645619|0, entranceType: ENTRY_NOTIFICATION, score: 6.15, groupPriority: 2 type: LIVE, isSystemService: true, shouldShow: true, lockscreenShouldShow: true, sourceType: SOURCE_COMMON, remindLevel: 0, pkg: rd.sheepskin.sandboxmusic, hostPkgName=com.android.systemui front: true, forceRebuild: false, isForcedReminder: false, InstantDuration: 5000, requestPanel: null, capsuleTimeOut: 300000, serviceTitleName: , overrideTransition: false level: 2,
07-08 23:27:32.491  4972  4972 I PluginSeedling--Origin:  rusBaseData: RusBaseData(id='default_com.android.systemui_268452006', updateStateEnable=1, canDelete=1, remindAlways=0, longClick='', cardImportance=-1, clickCustomAction=0,timeOutDuration=5, timeOutDurationEnable=0,enableInSuperpower=0, autoPriority=0, customCapsuleDuration=300000,clickWhenAnim=1, panoramicAodEnable=1,notificationStyleList=,blackCallStyle=0, liveAlertScore=6.15,liveAlertLevel=2,enableQuitShrink=0, lockImmersiveEnable=1, lockImmersiveDefault=1,lockRemindAlways = 0, luSettings=[], liteAnim=14, serviceType=1), showSize: VIEW_SIZE_NONE, isPinFiltered: false serviceFrom: 0, liveAlertState: SeedlingState(0), wrapperSize: 3, duplicateChips: false, quitHideOrBubble:0, liveAlertService:, immersiveCardType:2, requestLockScreenImmersive:-1, ignoreEntry:-1, noe: false
07-08 23:27:32.491  4972  4972 I PluginSeedling--Notification: NotificationRepository-->onDataChanged, [LiveAlertModel: [key: 0|com.android.systemui|268452006|1783549645619|0, entranceType: ENTRY_NOTIFICATION, score: 6.15, groupPriority: 2 type: LIVE, isSystemService: true, shouldShow: true, lockscreenShouldShow: true, sourceType: SOURCE_COMMON, remindLevel: 0, pkg: rd.sheepskin.sandboxmusic, hostPkgName=com.android.systemui front: true, forceRebuild: false, isForcedReminder: false, InstantDuration: 5000, requestPanel: null, capsuleTimeOut: 300000, serviceTitleName: , overrideTransition: false level: 2,
07-08 23:27:32.491  4972  4972 I PluginSeedling--Notification:  rusBaseData: RusBaseData(id='default_com.android.systemui_268452006', updateStateEnable=1, canDelete=1, remindAlways=0, longClick='', cardImportance=-1, clickCustomAction=0,timeOutDuration=5, timeOutDurationEnable=0,enableInSuperpower=0, autoPriority=0, customCapsuleDuration=300000,clickWhenAnim=1, panoramicAodEnable=1,notificationStyleList=,blackCallStyle=0, liveAlertScore=6.15,liveAlertLevel=2,enableQuitShrink=0, lockImmersiveEnable=1, lockImmersiveDefault=1,lockRemindAlways = 0, luSettings=[], liteAnim=14, serviceType=1), showSize: VIEW_SIZE_NONE, isPinFiltered: false serviceFrom: 0, liveAlertState: SeedlingState(0), wrapperSize: 3, duplicateChips: false, quitHideOrBubble:0, liveAlertService:, immersiveCardType:2, requestLockScreenImmersive:-1, ignoreEntry:-1]
07-08 23:27:32.491  4972  4972 I PluginSeedling--Origin: LiveAlertInteractorImpl-->EntryDataListener,onDataPosted originData:[t3.d@837f1d30] data:[t3.d@837f1d30]
07-08 23:27:32.491  4972  4972 I PluginSeedling--Origin: LiveAlertInteractorImpl-->notifyEntryDataChanged ENTRY_STATUS_BAR, result:LiveAlertModel: [key: 0|com.android.systemui|268452006|1783549645619|0, entranceType: ENTRY_STATUS_BAR, score: 6.15, groupPriority: 2 type: LIVE, isSystemService: true, shouldShow: true, lockscreenShouldShow: false, sourceType: SOURCE_COMMON, remindLevel: 0, pkg: rd.sheepskin.sandboxmusic, hostPkgName=com.android.systemui front: true, forceRebuild: false, isForcedReminder: false, InstantDuration: 5000, requestPanel: null, capsuleTimeOut: 300000, serviceTitleName: , overrideTransition: false level: 2,
07-08 23:27:32.491  4972  4972 I PluginSeedling--Origin:  rusBaseData: RusBaseData(id='default_com.android.systemui_268452006', updateStateEnable=1, canDelete=1, remindAlways=0, longClick='', cardImportance=-1, clickCustomAction=0,timeOutDuration=5, timeOutDurationEnable=0,enableInSuperpower=0, autoPriority=0, customCapsuleDuration=300000,clickWhenAnim=1, panoramicAodEnable=1,notificationStyleList=,blackCallStyle=0, liveAlertScore=6.15,liveAlertLevel=2,enableQuitShrink=0, lockImmersiveEnable=1, lockImmersiveDefault=1,lockRemindAlways = 0, luSettings=[], liteAnim=14, serviceType=1), showSize: VIEW_SIZE_NONE, isPinFiltered: false serviceFrom: 0, liveAlertState: SeedlingState(0), wrapperSize: 2, duplicateChips: false, quitHideOrBubble:0, liveAlertService:, immersiveCardType:2, requestLockScreenImmersive:-1, ignoreEntry:-1, noe: false
07-08 23:27:32.518  4972  4972 I PluginSeedling--Origin: LiveAlertInteractorImpl-->EntryDataListener,onDataPosted originData:[t3.d@837f1d30] data:[t3.d@837f1d30]
07-08 23:27:32.519  4972  4972 I PluginSeedling--Origin: LiveAlertInteractorImpl-->notifyEntryDataChanged ENTRY_NOTIFICATION, result:LiveAlertModel: [key: 0|com.android.systemui|268452006|1783549645619|0, entranceType: ENTRY_NOTIFICATION, score: 6.15, groupPriority: 2 type: LIVE, isSystemService: true, shouldShow: true, lockscreenShouldShow: true, sourceType: SOURCE_COMMON, remindLevel: 0, pkg: rd.sheepskin.sandboxmusic, hostPkgName=com.android.systemui front: true, forceRebuild: false, isForcedReminder: false, InstantDuration: 5000, requestPanel: null, capsuleTimeOut: 300000, serviceTitleName: , overrideTransition: false level: 2,
07-08 23:27:32.519  4972  4972 I PluginSeedling--Origin:  rusBaseData: RusBaseData(id='default_com.android.systemui_268452006', updateStateEnable=1, canDelete=1, remindAlways=0, longClick='', cardImportance=-1, clickCustomAction=0,timeOutDuration=5, timeOutDurationEnable=0,enableInSuperpower=0, autoPriority=0, customCapsuleDuration=300000,clickWhenAnim=1, panoramicAodEnable=1,notificationStyleList=,blackCallStyle=0, liveAlertScore=6.15,liveAlertLevel=2,enableQuitShrink=0, lockImmersiveEnable=1, lockImmersiveDefault=1,lockRemindAlways = 0, luSettings=[], liteAnim=14, serviceType=1), showSize: VIEW_SIZE_NONE, isPinFiltered: false serviceFrom: 0, liveAlertState: SeedlingState(0), wrapperSize: 3, duplicateChips: false, quitHideOrBubble:0, liveAlertService:, immersiveCardType:2, requestLockScreenImmersive:-1, ignoreEntry:-1, noe: false
07-08 23:27:32.520  4972  4972 I PluginSeedling--Notification: NotificationRepository-->onDataChanged, [LiveAlertModel: [key: 0|com.android.systemui|268452006|1783549645619|0, entranceType: ENTRY_NOTIFICATION, score: 6.15, groupPriority: 2 type: LIVE, isSystemService: true, shouldShow: true, lockscreenShouldShow: true, sourceType: SOURCE_COMMON, remindLevel: 0, pkg: rd.sheepskin.sandboxmusic, hostPkgName=com.android.systemui front: true, forceRebuild: false, isForcedReminder: false, InstantDuration: 5000, requestPanel: null, capsuleTimeOut: 300000, serviceTitleName: , overrideTransition: false level: 2,
07-08 23:27:32.520  4972  4972 I PluginSeedling--Notification:  rusBaseData: RusBaseData(id='default_com.android.systemui_268452006', updateStateEnable=1, canDelete=1, remindAlways=0, longClick='', cardImportance=-1, clickCustomAction=0,timeOutDuration=5, timeOutDurationEnable=0,enableInSuperpower=0, autoPriority=0, customCapsuleDuration=300000,clickWhenAnim=1, panoramicAodEnable=1,notificationStyleList=,blackCallStyle=0, liveAlertScore=6.15,liveAlertLevel=2,enableQuitShrink=0, lockImmersiveEnable=1, lockImmersiveDefault=1,lockRemindAlways = 0, luSettings=[], liteAnim=14, serviceType=1), showSize: VIEW_SIZE_NONE, isPinFiltered: false serviceFrom: 0, liveAlertState: SeedlingState(0), wrapperSize: 3, duplicateChips: false, quitHideOrBubble:0, liveAlertService:, immersiveCardType:2, requestLockScreenImmersive:-1, ignoreEntry:-1]
07-08 23:27:32.520  4972  4972 I PluginSeedling--Origin: LiveAlertInteractorImpl-->EntryDataListener,onDataPosted originData:[t3.d@837f1d30] data:[t3.d@837f1d30]
07-08 23:27:32.521  4972  4972 I PluginSeedling--Origin: LiveAlertInteractorImpl-->notifyEntryDataChanged ENTRY_STATUS_BAR, result:LiveAlertModel: [key: 0|com.android.systemui|268452006|1783549645619|0, entranceType: ENTRY_STATUS_BAR, score: 6.15, groupPriority: 2 type: LIVE, isSystemService: true, shouldShow: true, lockscreenShouldShow: false, sourceType: SOURCE_COMMON, remindLevel: 0, pkg: rd.sheepskin.sandboxmusic, hostPkgName=com.android.systemui front: true, forceRebuild: false, isForcedReminder: false, InstantDuration: 5000, requestPanel: null, capsuleTimeOut: 300000, serviceTitleName: , overrideTransition: false level: 2,
07-08 23:27:32.521  4972  4972 I PluginSeedling--Origin:  rusBaseData: RusBaseData(id='default_com.android.systemui_268452006', updateStateEnable=1, canDelete=1, remindAlways=0, longClick='', cardImportance=-1, clickCustomAction=0,timeOutDuration=5, timeOutDurationEnable=0,enableInSuperpower=0, autoPriority=0, customCapsuleDuration=300000,clickWhenAnim=1, panoramicAodEnable=1,notificationStyleList=,blackCallStyle=0, liveAlertScore=6.15,liveAlertLevel=2,enableQuitShrink=0, lockImmersiveEnable=1, lockImmersiveDefault=1,lockRemindAlways = 0, luSettings=[], liteAnim=14, serviceType=1), showSize: VIEW_SIZE_NONE, isPinFiltered: false serviceFrom: 0, liveAlertState: SeedlingState(0), wrapperSize: 2, duplicateChips: false, quitHideOrBubble:0, liveAlertService:, immersiveCardType:2, requestLockScreenImmersive:-1, ignoreEntry:-1, noe: false
07-08 23:27:32.522  4972  4972 I PluginSeedling--Template: TransitionViewWrapper-->update, newPageState: NORMAL_STYLE, currentPage:NORMAL_STYLE
07-08 23:27:32.524  4972  4972 I PluginSeedling--Template: TransitionViewWrapper-->update, newPageState: MEDIA_PLAYER_STYLE, currentPage:MEDIA_PLAYER_STYLE
07-08 23:27:32.524  4972  4972 I PluginSeedling--Template: TransitionViewWrapper-->update, newPageState: MEDIA_PLAYER_STYLE, currentPage:MEDIA_PLAYER_STYLE
07-08 23:27:32.525  4972  4972 I PluginSeedling--Template: TransitionViewWrapper-->update, newPageState: NORMAL_STYLE, currentPage:NORMAL_STYLE
07-08 23:27:32.526  4972  4972 I PluginSeedling--Template: CapsulePageViewModel-->sectionsTemplateData: left, style:CapsuleSectionTemplateData(style=IMAGE_TEXT_STYLE, moduleDic={pic=BitmapModel(src=android.graphics.Bitmap@618b348, iconColor=null, icon=Icon(typ=RESOURCE pkg=com.android.systemui id=0x7f0809d5), anim=null, bgColor=0, shape=1, width=90, height=90, radius=45.0, actionIntent=null, pi=null, desc=Sandbox Music)}, backgroundColor=null)
07-08 23:27:32.526  4972  4972 I PluginSeedling--Template: CapsulePageViewModel-->sectionsTemplateData: right, style:CapsuleSectionTemplateData(style=TEXT_IMAGE_STYLE, moduleDic={pic=DrawableModel(src=null, iconColor=null, anim=LottieOrRawAnimModel(anim='[length=10444]', shouldPlayCount=-1), bgColor=0, shape=0, width=90, height=90, radius=45.0, actionIntent=null, pi=null, desc=Sandbox Music)}, backgroundColor=null)
07-08 23:27:32.526  4972  4972 I PluginSeedling--Template: TransitionViewWrapper-->update, newPageState: MEDIA_PLAYER_STYLE, currentPage:MEDIA_PLAYER_STYLE
07-08 23:27:32.527  4972  4972 I PluginSeedling--Template: TransitionViewWrapper-->update, newPageState: NORMAL_STYLE, currentPage:NORMAL_STYLE
07-08 23:27:32.527  4972  4972 I PluginSeedling--Template: TransitionViewWrapper-->update, newPageState: MEDIA_PLAYER_STYLE, currentPage:MEDIA_PLAYER_STYLE
07-08 23:27:32.527  4972  4972 I PluginSeedling--Template: TransitionViewWrapper-->update, newPageState: MEDIA_PLAYER_STYLE, currentPage:MEDIA_PLAYER_STYLE
07-08 23:27:32.527  4972  4972 I PluginSeedling--Template: TransitionViewWrapper-->update, newPageState: NORMAL_STYLE, currentPage:NORMAL_STYLE
07-08 23:27:32.527  4972  4972 I PluginSeedling--Template: TransitionViewWrapper-->update, newPageState: MEDIA_PLAYER_STYLE, currentPage:MEDIA_PLAYER_STYLE
07-08 23:27:32.527  4972  4972 I PluginSeedling--Template: CapsulePageViewModel-->sectionsTemplateData: left, style:CapsuleSectionTemplateData(style=IMAGE_TEXT_STYLE, moduleDic={pic=BitmapModel(src=android.graphics.Bitmap@59fe742, iconColor=null, icon=Icon(typ=RESOURCE pkg=com.android.systemui id=0x7f0809d5), anim=null, bgColor=0, shape=1, width=90, height=90, radius=45.0, actionIntent=null, pi=null, desc=Sandbox Music)}, backgroundColor=null)
07-08 23:27:32.527  4972  4972 I PluginSeedling--Template: CapsulePageViewModel-->sectionsTemplateData: right, style:CapsuleSectionTemplateData(style=TEXT_IMAGE_STYLE, moduleDic={pic=DrawableModel(src=null, iconColor=null, anim=LottieOrRawAnimModel(anim='[length=10444]', shouldPlayCount=-1), bgColor=0, shape=0, width=90, height=90, radius=45.0, actionIntent=null, pi=null, desc=Sandbox Music)}, backgroundColor=null)
07-08 23:27:32.558  4972  4972 I SystemUi--Media: MediaDataFlowLimiter-->MEDIA_PANEL-->onMediaDataLoaded, last data 100 ms , 0|rd.sheepskin.sandboxmusic|88001|null|10447 Sandbox Music(isPlaying:true), currentData = MediaDataExt{userId=0, initialized=true, app=Sandbox Music, artist=EMPTY, song=S***, artwork=null, packageName=rd.sheepskin.sandboxmusic, token=android.media.session.MediaSession$Token@d0262a8,  active=true, playbackLocation=0, resumption=false, notificationKey=0|rd.sheepskin.sandboxmusic|88001|null|10447, isPlaying=true, mediaCustNotification=false, }
07-08 23:27:32.558  4972  4972 I SystemUi--Media: MediaDataFlowLimiter-->MEDIA_PANEL-->debounce remove 0|rd.sheepskin.sandboxmusic|88001|null|10447
07-08 23:27:32.561  4972  4972 I SystemUi--Media: MediaPlayerData-->MEDIA_PANEL-->addMediaSortKey newKey:0|rd.sheepskin.sandboxmusic|88001|null|10447 oldKey:0|rd.sheepskin.sandboxmusic|88001|null|10447, remove:true packageName:rd.sheepskin.sandboxmusic playbackStateUnchanged:true newPlaying:true oldPlaying:true updateTime:1783549647031 oldTime:1783549647031 noUpdateTime:false
07-08 23:27:32.561  4972  4972 I SystemUi--Media: OplusMediaDataFilterExImpl-->MEDIA_PANEL-->dispatchMediaDataOnLoaded key:0|rd.sheepskin.sandboxmusic|88001|null|10447 oldKey:0|rd.sheepskin.sandboxmusic|88001|null|10447 data:MediaDataExt{userId=0, initialized=true, app=Sandbox Music, artist=EMPTY, song=S***, artwork=null, packageName=rd.sheepskin.sandboxmusic, token=android.media.session.MediaSession$Token@d0262a8,  active=true, playbackLocation=0, resumption=false, notificationKey=0|rd.sheepskin.sandboxmusic|88001|null|10447, isPlaying=true, mediaCustNotification=false, }
07-08 23:27:32.561  4972  4972 I SystemUi--Media: OplusQsMediaPanelViewController-->MEDIA_PANEL-->onMediaDataLoaded: MediaDataExt{userId=0, initialized=true, app=Sandbox Music, artist=EMPTY, song=S***, artwork=null, packageName=rd.sheepskin.sandboxmusic, token=android.media.session.MediaSession$Token@d0262a8,  active=true, playbackLocation=0, resumption=false, notificationKey=0|rd.sheepskin.sandboxmusic|88001|null|10447, isPlaying=true, mediaCustNotification=false, }, controller: com.oplus.systemui.qs.media.OplusQsMediaPanelViewController$mediaDataUpdateListener$1@9b00f6d
07-08 23:27:32.561  4972  4972 I SystemUi--Media: OplusMediaSeedlingController-->MEDIA_SEEDLING-->warning: onMediaDataLoaded: old mediaClient is not null! key=0|rd.sheepskin.sandboxmusic|88001|null|10447
07-08 23:27:32.561  4972  4972 I SystemUi--Media: AbsMediaClient-->MEDIA_SEEDLING-->onMediaDataLoaded: data=MediaDataExt{userId=0, initialized=true, app=Sandbox Music, artist=EMPTY, song=S***, artwork=null, packageName=rd.sheepskin.sandboxmusic, token=android.media.session.MediaSession$Token@d0262a8,  active=true, playbackLocation=0, resumption=false, notificationKey=0|rd.sheepskin.sandboxmusic|88001|null|10447, isPlaying=true, mediaCustNotification=false, } isDestroyed=false
07-08 23:27:32.561  4972  4972 I SystemUi--Media: AodMediaDataListener-->AOD_MEDIA_PANEL-->onMediaDataLoaded aod media not support for rd.sheepskin.sandboxmusic
07-08 23:27:32.562  4972  5075 I SystemUi--Media: AbsMediaClient-->MEDIA_SEEDLING-->updateMediaDataByPlaybackState newState=3,newPosition=0, rd.sheepskin.sandboxmusic
07-08 23:27:32.566  4972  5075 I SystemUi--Media: MediaActionBinder-->MEDIA_SEEDLING-->createOplusMediaActions: mediaActionPriority=PreferSemanticActions
07-08 23:27:32.566  4972  4972 I SystemUi--Media: AbsMediaClient-->MEDIA_SEEDLING-->dispatchMediaDataLoaded needUpdate=0 reason=bgHandler onMediaDataLoaded isDestroyed=false
07-08 23:27:32.566  4972  4972 I SystemUi--Media: MediaDataCombineLatest-->MEDIA_SEEDLING-->onMediaDataLoaded mediaData = rd.sheepskin.sandboxmusic,0|rd.sheepskin.sandboxmusic|88001|null|10447,7506651,null,null,null,0,3,0,9490015,1.0,false,1783549647031,true,9489915,true,MediaButton(playId=0|rd.sheepskin.sandboxmusic|88001|null|10447, playOrPause=MediaAction(buttonName=playOrPause, iconMap={Default=(./assets/images/pauseDark.svg, null), SecondHome=(./assets/images/pauseDark.svg, null)}, animRes=null, voiceLabel=P***, isStandardAction=true, icon=Icon(typ=BITMAP size=162x162)), nextOrCustom=MediaAction(buttonName=nextOrCustom, iconMap={Default=(./assets/images/nextDark.svg, null), SecondHome=(./assets/images/nextDark.svg, null)}, animRes=./assets/images/next_anim.json, voiceLabel=N***, isStandardAction=true, icon=Icon(typ=BITMAP size=162x162)), prevOrCustom=MediaAction(buttonName=prevOrCustom, iconMap={Default=(./assets/images/previousDark.svg, null), SecondHome=(./assets/images/previousDark.svg, null)}, animRes=./assets/images/previous_anim.json, voiceLabel=P***, isStandardAction=true, icon=Icon(typ=BITMAP size=162x162)), custom0=null, custom1=MediaAction(buttonName=custom1, iconMap={}, animRes=null, voiceLabel=S***, isStandardAction=false, icon=Icon(typ=BITMAP size=162x162))),0
07-08 23:27:32.566  4972  4972 I SystemUi--Media: MediaSeedling-->MEDIA_SEEDLING-->postMediaDataUpdate needUpdate: 0 reason:onMediaDataLoaded
07-08 23:27:32.566  4972  4972 I SystemUi--Media: MediaSeedling-->MEDIA_SEEDLING-->handleMediaDataUpdate allowCreateCard: false
07-08 23:27:32.566  4972  4972 I SystemUi--Media: MediaSeedling-->MEDIA_SEEDLING-->postSeedlingsUpdate delay: 1000 needUpdate: 0 reason:handleMessage UpdateInterval
07-08 23:27:32.570  4972  5075 I SystemUi--Media: MediaLiveAlertController-->MEDIA_SEEDLING-->sendDataToPlugin, method=sendLiveAlert, notification.key=0|com.android.systemui|268452006|1783549645619|0
07-08 23:27:32.570  4972  5075 I PluginSeedling--Base: SeedlingCardServerProvider-->seedling provider called com.oplus.card.server.systemui.provider w/ sendLiveAlert 10208 4972 0
07-08 23:27:32.570  4972  5075 I PluginSeedling--Base: DefaultLiveAlertProvider-->default provider currentUserId=0 sbn: StatusBarNotification(pkg=com.android.systemui user=UserHandle{0} id=268452006 tag=1783549645619 key=0|com.android.systemui|268452006|1783549645619|0: Notification(channel=268452006 shortcut=null contentView=null vibrate=null sound=null defaults=0 flags=0 color=0x00000000 category=transport vis=PRIVATE))
07-08 23:27:32.600  4972  4972 I PluginSeedling--Origin: LiveAlertInteractorImpl-->EntryDataListener,onDataPosted originData:[t3.d@837f1d30] data:[t3.d@837f1d30]
07-08 23:27:32.601  4972  4972 I PluginSeedling--Origin: LiveAlertInteractorImpl-->notifyEntryDataChanged ENTRY_NOTIFICATION, result:LiveAlertModel: [key: 0|com.android.systemui|268452006|1783549645619|0, entranceType: ENTRY_NOTIFICATION, score: 6.15, groupPriority: 2 type: LIVE, isSystemService: true, shouldShow: true, lockscreenShouldShow: true, sourceType: SOURCE_COMMON, remindLevel: 0, pkg: rd.sheepskin.sandboxmusic, hostPkgName=com.android.systemui front: true, forceRebuild: false, isForcedReminder: false, InstantDuration: 5000, requestPanel: null, capsuleTimeOut: 300000, serviceTitleName: , overrideTransition: false level: 2,
07-08 23:27:32.601  4972  4972 I PluginSeedling--Origin:  rusBaseData: RusBaseData(id='default_com.android.systemui_268452006', updateStateEnable=1, canDelete=1, remindAlways=0, longClick='', cardImportance=-1, clickCustomAction=0,timeOutDuration=5, timeOutDurationEnable=0,enableInSuperpower=0, autoPriority=0, customCapsuleDuration=300000,clickWhenAnim=1, panoramicAodEnable=1,notificationStyleList=,blackCallStyle=0, liveAlertScore=6.15,liveAlertLevel=2,enableQuitShrink=0, lockImmersiveEnable=1, lockImmersiveDefault=1,lockRemindAlways = 0, luSettings=[], liteAnim=14, serviceType=1), showSize: VIEW_SIZE_NONE, isPinFiltered: false serviceFrom: 0, liveAlertState: SeedlingState(0), wrapperSize: 3, duplicateChips: false, quitHideOrBubble:0, liveAlertService:, immersiveCardType:2, requestLockScreenImmersive:-1, ignoreEntry:-1, noe: false
07-08 23:27:32.602  4972  4972 I PluginSeedling--Notification: NotificationRepository-->onDataChanged, [LiveAlertModel: [key: 0|com.android.systemui|268452006|1783549645619|0, entranceType: ENTRY_NOTIFICATION, score: 6.15, groupPriority: 2 type: LIVE, isSystemService: true, shouldShow: true, lockscreenShouldShow: true, sourceType: SOURCE_COMMON, remindLevel: 0, pkg: rd.sheepskin.sandboxmusic, hostPkgName=com.android.systemui front: true, forceRebuild: false, isForcedReminder: false, InstantDuration: 5000, requestPanel: null, capsuleTimeOut: 300000, serviceTitleName: , overrideTransition: false level: 2,
07-08 23:27:32.602  4972  4972 I PluginSeedling--Notification:  rusBaseData: RusBaseData(id='default_com.android.systemui_268452006', updateStateEnable=1, canDelete=1, remindAlways=0, longClick='', cardImportance=-1, clickCustomAction=0,timeOutDuration=5, timeOutDurationEnable=0,enableInSuperpower=0, autoPriority=0, customCapsuleDuration=300000,clickWhenAnim=1, panoramicAodEnable=1,notificationStyleList=,blackCallStyle=0, liveAlertScore=6.15,liveAlertLevel=2,enableQuitShrink=0, lockImmersiveEnable=1, lockImmersiveDefault=1,lockRemindAlways = 0, luSettings=[], liteAnim=14, serviceType=1), showSize: VIEW_SIZE_NONE, isPinFiltered: false serviceFrom: 0, liveAlertState: SeedlingState(0), wrapperSize: 3, duplicateChips: false, quitHideOrBubble:0, liveAlertService:, immersiveCardType:2, requestLockScreenImmersive:-1, ignoreEntry:-1]
07-08 23:27:32.602  4972  4972 I PluginSeedling--Origin: LiveAlertInteractorImpl-->EntryDataListener,onDataPosted originData:[t3.d@837f1d30] data:[t3.d@837f1d30]
07-08 23:27:32.603  4972  4972 I PluginSeedling--Origin: LiveAlertInteractorImpl-->notifyEntryDataChanged ENTRY_STATUS_BAR, result:LiveAlertModel: [key: 0|com.android.systemui|268452006|1783549645619|0, entranceType: ENTRY_STATUS_BAR, score: 6.15, groupPriority: 2 type: LIVE, isSystemService: true, shouldShow: true, lockscreenShouldShow: false, sourceType: SOURCE_COMMON, remindLevel: 0, pkg: rd.sheepskin.sandboxmusic, hostPkgName=com.android.systemui front: true, forceRebuild: false, isForcedReminder: false, InstantDuration: 5000, requestPanel: null, capsuleTimeOut: 300000, serviceTitleName: , overrideTransition: false level: 2,
07-08 23:27:32.603  4972  4972 I PluginSeedling--Origin:  rusBaseData: RusBaseData(id='default_com.android.systemui_268452006', updateStateEnable=1, canDelete=1, remindAlways=0, longClick='', cardImportance=-1, clickCustomAction=0,timeOutDuration=5, timeOutDurationEnable=0,enableInSuperpower=0, autoPriority=0, customCapsuleDuration=300000,clickWhenAnim=1, panoramicAodEnable=1,notificationStyleList=,blackCallStyle=0, liveAlertScore=6.15,liveAlertLevel=2,enableQuitShrink=0, lockImmersiveEnable=1, lockImmersiveDefault=1,lockRemindAlways = 0, luSettings=[], liteAnim=14, serviceType=1), showSize: VIEW_SIZE_NONE, isPinFiltered: false serviceFrom: 0, liveAlertState: SeedlingState(0), wrapperSize: 2, duplicateChips: false, quitHideOrBubble:0, liveAlertService:, immersiveCardType:2, requestLockScreenImmersive:-1, ignoreEntry:-1, noe: false
07-08 23:27:32.604  4972  4972 I PluginSeedling--Template: TransitionViewWrapper-->update, newPageState: NORMAL_STYLE, currentPage:NORMAL_STYLE
07-08 23:27:32.606  4972  4972 I PluginSeedling--Template: TransitionViewWrapper-->update, newPageState: MEDIA_PLAYER_STYLE, currentPage:MEDIA_PLAYER_STYLE
07-08 23:27:32.607  4972  4972 I PluginSeedling--Template: TransitionViewWrapper-->update, newPageState: MEDIA_PLAYER_STYLE, currentPage:MEDIA_PLAYER_STYLE
07-08 23:27:32.607  4972  4972 I PluginSeedling--Template: TransitionViewWrapper-->update, newPageState: NORMAL_STYLE, currentPage:NORMAL_STYLE
07-08 23:27:32.607  4972  4972 I PluginSeedling--Template: CapsulePageViewModel-->sectionsTemplateData: left, style:CapsuleSectionTemplateData(style=IMAGE_TEXT_STYLE, moduleDic={pic=BitmapModel(src=android.graphics.Bitmap@a4fe04a, iconColor=null, icon=Icon(typ=RESOURCE pkg=com.android.systemui id=0x7f0809d5), anim=null, bgColor=0, shape=1, width=90, height=90, radius=45.0, actionIntent=null, pi=null, desc=Sandbox Music)}, backgroundColor=null)
07-08 23:27:32.607  4972  4972 I PluginSeedling--Template: CapsulePageViewModel-->sectionsTemplateData: right, style:CapsuleSectionTemplateData(style=TEXT_IMAGE_STYLE, moduleDic={pic=DrawableModel(src=null, iconColor=null, anim=LottieOrRawAnimModel(anim='[length=10444]', shouldPlayCount=-1), bgColor=0, shape=0, width=90, height=90, radius=45.0, actionIntent=null, pi=null, desc=Sandbox Music)}, backgroundColor=null)
07-08 23:27:32.607  4972  4972 I PluginSeedling--Template: TransitionViewWrapper-->update, newPageState: MEDIA_PLAYER_STYLE, currentPage:MEDIA_PLAYER_STYLE
07-08 23:27:32.610  4972  4983 I ndroid.systemui: NativeAlloc concurrent mark compact GC freed 12MB AllocSpace bytes, 32(2264KB) LOS objects, 66% free, 47MB/143MB, paused 598us,2.177ms total 127.831ms
07-08 23:27:32.637  2365  2365 I adbd    : adbd service requested 'shell,v2,TERM=dumb:export ANDROID_LOG_TAGS=''; exec logcat '-d' '-t' '10000''
07-08 23:27:32.708  4972  5038 I SystemUi--Statusbar: OplusNetworkSpeedControllExImpl-->updateNetworkSpeed: isConnected:true,isSwitchOn:true,isSuspend:false,isPause:false
07-08 23:27:32.709  4972  5038 I SystemUi--Statusbar: OplusNetworkSpeedControllExImpl-->getTotalByte: totalRxBytes:682087160,totalTxBytes:47898527,loopbackTxBytes:385976,loopbackRxBytes:385976 ,totalBytes:729213735
07-08 23:27:32.718  1929  2063 I [UAH_CLIENT]: UahPlatformResAcquire
07-08 23:27:32.718  1929  2063 I [UAH_CLIENT]: UahEventAcquire, cmdid:-3, pkg:2232 12012, identity:qcom-perfd
07-08 23:27:32.724  1929  2055 E ANDR-PERF-RESOURCEQS: ANDR-PERF-RESOURCEQS: AddAndApply() 125: Resource with major=16, minor=0 not supported
07-08 23:27:32.735  2232  2814 E HwcComposer: getLuts failed Status(-129, EX_TRANSACTION_FAILED): 'UNKNOWN_TRANSACTION: '
07-08 23:27:32.751  1929 29141 I [UAH_CLIENT]: UahRelease, handle:14029
07-08 23:27:32.804  1925  2285 I SDM     : DisplayBase::CommitThread: Received idle timeout, panel: cmd, timeout: 70000 us
07-08 23:27:32.897 24668 24668 I Capacitor/Console: File:  - Line 349 - Msg: [object Object]
07-08 23:27:32.899 24668 25125 V Capacitor/Plugin: To native (Capacitor plugin): callbackId: 1552786, pluginId: NativeExoPlayback, methodName: getStatus
07-08 23:27:32.900 24668 25125 V Capacitor: callback: 1552786, pluginId: NativeExoPlayback, methodName: getStatus, methodData: {}
07-08 23:27:32.904 24668 24668 I Capacitor/Console: File:  - Line 333 - Msg: {"available":true,"wired":true,"message":"ExoPlayer decode active ÔÇö content:// locker bridge + HTTP streams.","state":"playing","positionSecs":11.88,"durationSecs":7506.651,"queueIndex":0,"queueLength":1,"gaplessEnabled":false,"crossfadeEnabled":false,"bitPerfectActive":false,"currentUrl":"https://traffic.megaphone.fm/GLT2768068918.mp3","envelopeId":"podcast:feed-tgquzh:feed-tgquzh:ep-cfntkq","title":"#2524 - Rupert Lowe","artist":"The Joe Rogan Experience","album":"The Joe Rogan Experience","artworkUrl":"https://megaphone.imgix.net/podcasts/8e5bcebc-ca16-11ee-89f0-0fa0b9bdfc7c/image/7190613c58bad86913afb6991d842e2f.jpg?ixlib=rails-4.3.1&max-w=3000&max-h=3000&fit=crop&auto=format,compress"}
07-08 23:27:32.931  1779 11814 E         : DNS_CACHE: hanle request << lookupdns: hostname:mail-api.proton.me, servername:^, ai_flags:0, ai_family:0, ai_socktype:1, ai_protocol:0, netid:0, uid:10438
07-08 23:27:32.933 14750 29143 D DNS_CACHE: oplus_oplus_getaddrinfo_proxy lookup from netd: hostname:mail-api.proton.me, servname:(null) uid: 10438, result_code:408, res = 0x0, found = 0
07-08 23:27:32.940  5481  5819 D DnsDomainBlock: onDnsEvent: latencyMs=0, returnCode=4, uid=10438
07-08 23:27:32.943  1779 11814 E         : DNS_CACHE: hanle request << lookupdns: hostname:dns.quad9.net, servername:^, ai_flags:0, ai_family:0, ai_socktype:1, ai_protocol:0, netid:0, uid:10438
07-08 23:27:32.944 14750 29143 D DNS_CACHE: oplus_oplus_getaddrinfo_proxy lookup from netd: hostname:dns.quad9.net, servname:(null) uid: 10438, result_code:408, res = 0x0, found = 0
07-08 23:27:32.944  3425  3652 D OplusFeatureBrightnessBarController: BrightnessBarController is not support.
07-08 23:27:32.944  3425  3646 D AutomaticController[display=0]: brightness changed!!!finalLux:11.04, weightLux:11.04, automaticLux:11.04, lastFinalLux:0.33, lastAutomaticLux:0.33, deviceDirection:Brightening, environmentDirection:Brightening, scene:NormalScene, accelerateScale:1.0, updateProcess:[LargeChange], luxQueue:[11.0443735, 11.0443735, 11.0443735, 11.0443735, 11.0443735], [(0.33, 3.3193166, 90.40103)->(11.04, 31.97469, 1890.3629)], drag:null
07-08 23:27:32.944  3425  3646 D AutomaticController[display=0]: Detailed Statistics:PhoneState{TimeEvent{event:CALENDER_TIME id:1}-23:27:00, LuxEvent{event:MAIN_LUX lux:11.0443735}, ProximityEvent{event:FAR id:1}, MotionEvent{event:MOTIONLESS id:0}, InOutDoorEvent{event:UNCERTAIN id:2}, DarkModeEvent{event:DARK_MODE id:0}, NetworkEvent{event:WIFI id:0}}
07-08 23:27:32.953  5481  5819 D DnsDomainBlock: onDnsEvent: latencyMs=0, returnCode=4, uid=10438
07-08 23:27:32.953  3425  3646 D OplusBiometricsDisplayHelper: isFold: false, isUnblockByFp: null
07-08 23:27:32.961  1779 11814 E         : DNS_CACHE: hanle request << lookupdns: hostname:dns.google, servername:^, ai_flags:0, ai_family:0, ai_socktype:1, ai_protocol:0, netid:0, uid:10438
07-08 23:27:32.961  1929  2063 I [UAH_CLIENT]: UahPlatformResAcquire
07-08 23:27:32.961 14750 29143 D DNS_CACHE: oplus_oplus_getaddrinfo_proxy lookup from netd: hostname:dns.google, servname:(null) uid: 10438, result_code:408, res = 0x0, found = 0
07-08 23:27:32.961  1929  2063 I [UAH_CLIENT]: UahEventAcquire, cmdid:-3, pkg:2232 12009, identity:qcom-perfd
07-08 23:27:32.963  1929  2055 E ANDR-PERF-RESOURCEQS: ANDR-PERF-RESOURCEQS: AddAndApply() 125: Resource with major=16, minor=0 not supported
07-08 23:27:32.966  5481  5819 D DnsDomainBlock: onDnsEvent: latencyMs=0, returnCode=4, uid=10438
07-08 23:27:32.972  1779 11814 E         : DNS_CACHE: hanle request << lookupdns: hostname:dns.quad9.net, servername:^, ai_flags:0, ai_family:0, ai_socktype:1, ai_protocol:0, netid:0, uid:10438
07-08 23:27:32.972 14750 29143 D DNS_CACHE: oplus_oplus_getaddrinfo_proxy lookup from netd: hostname:dns.quad9.net, servname:(null) uid: 10438, result_code:408, res = 0x0, found = 0
07-08 23:27:32.975  1779 11814 E         : DNS_CACHE: hanle request << lookupdns: hostname:dns.google, servername:^, ai_flags:0, ai_family:0, ai_socktype:1, ai_protocol:0, netid:0, uid:10438
07-08 23:27:32.975 14750 29143 D DNS_CACHE: oplus_oplus_getaddrinfo_proxy lookup from netd: hostname:dns.google, servname:(null) uid: 10438, result_code:408, res = 0x0, found = 0
07-08 23:27:32.990  1929 29174 I [UAH_CLIENT]: UahRelease, handle:14030
07-08 23:27:33.045  3198  3198 E OPLUS_KEVENT_RECORD: oplus_kevent Receive message from kernel, event_type=3
07-08 23:27:33.046  3198  3198 E OPLUS_KEVENT_RECORD: OPLUS_KEVENT payload:10447,path@@/data/app/~~9pMQl9MJK2nS-kvQgGHu2g==/rd.sheepskin.sandboxmusic-B9Pv_M1MafwVooRpzgaLwA==/lib/arm64/libpython.so
07-08 23:27:33.046  3198  3198 I OPLUS_KEVENT_RECORD: oplus_put_exec_kevent_to_list
07-08 23:27:33.047  3198  3198 E OPLUS_KEVENT_RECORD: oplus_kevent Receive message from kernel, event_type=3
07-08 23:27:33.047  3198  3198 E OPLUS_KEVENT_RECORD: OPLUS_KEVENT payload:10447,path@@/data/app/~~9pMQl9MJK2nS-kvQgGHu2g==/rd.sheepskin.sandboxmusic-B9Pv_M1MafwVooRpzgaLwA==/lib/arm64/libpython.so
07-08 23:27:33.047  3198  3198 I OPLUS_KEVENT_RECORD: oplus_put_exec_kevent_to_list
07-08 23:27:33.047 29177 29177 W file    : type=1400 audit(0.0:16949): avc:  granted  { execute } for  path="/data/data/rd.sheepskin.sandboxmusic/no_backup/youtubedl-android/packages/python/usr/lib/libcrypto.so.3" dev="dm-82" ino=2457975 scontext=u:r:untrusted_app:s0:c191,c257,c512,c768 tcontext=u:object_r:app_data_file:s0:c191,c257,c512,c768 tclass=file app=rd.sheepskin.sandboxmusic
07-08 23:27:33.051  3198  3198 E OPLUS_KEVENT_RECORD: oplus_kevent Receive message from kernel, event_type=3
07-08 23:27:33.051  3198  3198 E OPLUS_KEVENT_RECORD: OPLUS_KEVENT payload:10447,path@@/data/app/~~9pMQl9MJK2nS-kvQgGHu2g==/rd.sheepskin.sandboxmusic-B9Pv_M1MafwVooRpzgaLwA==/lib/arm64/libpython.so
07-08 23:27:33.051  3198  3198 I OPLUS_KEVENT_RECORD: oplus_put_exec_kevent_to_list
07-08 23:27:33.047 29177 29177 W file    : type=1400 audit(0.0:16950): avc:  granted  { execute } for  path="/data/data/rd.sheepskin.sandboxmusic/no_backup/youtubedl-android/packages/python/usr/lib/libz.so.1.3.1" dev="dm-82" ino=2592136 scontext=u:r:untrusted_app:s0:c191,c257,c512,c768 tcontext=u:object_r:app_data_file:s0:c191,c257,c512,c768 tclass=file app=rd.sheepskin.sandboxmusic
07-08 23:27:33.051  3198  3198 E OPLUS_KEVENT_RECORD: oplus_kevent Receive message from kernel, event_type=3
07-08 23:27:33.051  3198  3198 E OPLUS_KEVENT_RECORD: OPLUS_KEVENT payload:10447,path@@/data/app/~~9pMQl9MJK2nS-kvQgGHu2g==/rd.sheepskin.sandboxmusic-B9Pv_M1MafwVooRpzgaLwA==/lib/arm64/libpython.so
07-08 23:27:33.051  3198  3198 I OPLUS_KEVENT_RECORD: oplus_put_exec_kevent_to_list
07-08 23:27:33.051  3198  3198 E OPLUS_KEVENT_RECORD: oplus_kevent Receive message from kernel, event_type=3
07-08 23:27:33.052  3198  3198 E OPLUS_KEVENT_RECORD: OPLUS_KEVENT payload:10447,path@@/data/app/~~9pMQl9MJK2nS-kvQgGHu2g==/rd.sheepskin.sandboxmusic-B9Pv_M1MafwVooRpzgaLwA==/lib/arm64/libpython.so
07-08 23:27:33.052  3198  3198 I OPLUS_KEVENT_RECORD: oplus_put_exec_kevent_to_list
07-08 23:27:33.052  3198  3198 E OPLUS_KEVENT_RECORD: oplus_kevent Receive message from kernel, event_type=3
07-08 23:27:33.052  3198  3198 E OPLUS_KEVENT_RECORD: OPLUS_KEVENT payload:10447,path@@/data/app/~~9pMQl9MJK2nS-kvQgGHu2g==/rd.sheepskin.sandboxmusic-B9Pv_M1MafwVooRpzgaLwA==/lib/arm64/libpython.so
07-08 23:27:33.052  3198  3198 I OPLUS_KEVENT_RECORD: oplus_put_exec_kevent_to_list
07-08 23:27:33.053  4972  4972 I SystemUi--Volume: OplusVolumeDialogView-->mDialog.dismiss() reason: 3,from: com.oplus.systemui.volume.OplusVolumeDialogImpl.dismissH:70,mExpanded = false,mDismissing = false,isSliderShowing = true,volumeDialog.isShowing: true
07-08 23:27:33.057  3198  3198 E OPLUS_KEVENT_RECORD: oplus_kevent Receive message from kernel, event_type=3
07-08 23:27:33.057  3198  3198 E OPLUS_KEVENT_RECORD: OPLUS_KEVENT payload:10447,path@@/data/app/~~9pMQl9MJK2nS-kvQgGHu2g==/rd.sheepskin.sandboxmusic-B9Pv_M1MafwVooRpzgaLwA==/lib/arm64/libpython.so
07-08 23:27:33.057  3198  3198 I OPLUS_KEVENT_RECORD: oplus_put_exec_kevent_to_list
07-08 23:27:33.057  3198  3198 E OPLUS_KEVENT_RECORD: oplus_kevent Receive message from kernel, event_type=3
07-08 23:27:33.057  3198  3198 E OPLUS_KEVENT_RECORD: OPLUS_KEVENT payload:10447,path@@/data/app/~~9pMQl9MJK2nS-kvQgGHu2g==/rd.sheepskin.sandboxmusic-B9Pv_M1MafwVooRpzgaLwA==/lib/arm64/libpython.so
07-08 23:27:33.057  3198  3198 I OPLUS_KEVENT_RECORD: oplus_put_exec_kevent_to_list
07-08 23:27:33.058  3198  3198 E OPLUS_KEVENT_RECORD: oplus_kevent Receive message from kernel, event_type=3
