07-08 23:27:29.088  1888 10162 D PregainSynchronizer: onMessageReceived() for debug: session = 2369, ioHandle = 29, pregain = 1379419
07-08 23:27:29.088  1888 10162 D PregainSynchronizer: notifyGlobalEffects_l() for debug: effect.first(effect type) = 0, ioHandle = 29.
07-08 23:27:29.088  1888 10162 D PregainSynchronizer: notifyGlobalEffects_l() for debug: effData[0], effData.first(session) = 2369, effData.second.ioHandle = 29, effData.second.pregain = 1379419
07-08 23:27:29.088  1888 10162 D PregainSynchronizer: transformExternalGain() fVol:0.082220 extVal:-347
07-08 23:27:29.088  1888 10162 I DlbEffectDap: setParam() mPregain: -347
07-08 23:27:29.088  1888 10162 D DlbDapEndpointParamCache: commit() Applying parameters for device 0x40000000
07-08 23:27:29.088  1888 10162 D DlbDapEndpointParamCache: doCommit() Committed 0 parameters out of 15.
07-08 23:27:29.088  1888 10162 D DlbDapEndpointParamCache: commit() Overriding parameters for current device 0x00000002
07-08 23:27:29.088  1888 10162 D DlbDapEndpointParamCache: doCommit() Committed 0 parameters out of 65.
07-08 23:27:29.088  1888  6993 D AHAL: AudioStream: out_update_source_metadata_v7: 1329: track count is 1 for usecase(0: deep-buffer-playback)
07-08 23:27:29.088  1888  6993 D AHAL: AudioStream: out_update_source_metadata_v7: 1379: Source metadata usage:1 content_type:2 gain:0.082220
07-08 23:27:29.088  1888  6993 D AHAL: AudioStream: SetAggregateSourceMetadata: 4749: Aggregated Source metadata usage:1 content_type:2 gain:0.082220
07-08 23:27:29.089  4972 28934 D InfoMediaManager: getAvailableRoutes: selectedRoutes = [Ph***:2]
07-08 23:27:29.089  4972 28934 D InfoMediaManager: getAvailableRoutes: selectableRoutes = []
07-08 23:27:29.089  4972 28934 D InfoMediaManager: getAvailableRoutes: transferableRoute = []
07-08 23:27:29.089  4972 28934 D InfoMediaManager: buildAvailableRoutes() first selected device : 1
07-08 23:27:29.090  1888 22418 D DlbDapEffectContext: DapEffectContext[0xb4000072546223d8] getDapParameter() outval size = 12, ret = 0
07-08 23:27:29.090  1888 22418 D DlbDapEffectContext: ForDolbyTest: profile:2, mStoredIEA:8, mCurrentDevice:2, dolbyTestMode:0, updateIEA:0
07-08 23:27:29.090  1888 22418 I DlbEffectDap: process() oldGain: -316, gain: -347
07-08 23:27:29.090  1888 22418 D DlbDapEndpointParamCache: commit() Applying parameters for device 0x40000000
07-08 23:27:29.090  1888 22418 D DlbDap2Process: setParam(preg = #1[-347])
07-08 23:27:29.090  1888 22418 D DlbDapEndpointParamCache: doCommit() Committed 1 parameters out of 15.
07-08 23:27:29.090  1888 22418 D DlbDapEndpointParamCache: commit() Overriding parameters for current device 0x00000002
07-08 23:27:29.090  1888 22418 D DlbDapEndpointParamCache: doCommit() Committed 0 parameters out of 65.
07-08 23:27:29.091  4972  5038 W BluetoothAdapterExtImpl: getA2dpSharing mOplusBluetooth null!
07-08 23:27:29.093  3425  6099 I AICCTModule: SensorFilter: brightness threshold 1.2 screenNit is 817.38 ave enviroment lux is 4.6162753 luxForNit 14.511871demarcationPoint200.0 result is true
07-08 23:27:29.093 24668 28565 D BufferPoolAccessor2.0: bufferpool2 0xb4000070a74e0228 : 7(57344 size) total buffers - 1(8192 size) used buffers - 347/354 (recycle/alloc) - 13/702 (fetch/transfer)
07-08 23:27:29.100  3294 28938 D aidl_vibrator: Notifying perform complete
07-08 23:27:29.107 24668 25125 V Capacitor/Plugin: To native (Capacitor plugin): callbackId: 1552738, pluginId: NativeExoPlayback, methodName: getStatus
07-08 23:27:29.107 24668 25125 V Capacitor: callback: 1552738, pluginId: NativeExoPlayback, methodName: getStatus, methodData: {}
07-08 23:27:29.107 24668 24668 I Capacitor/Console: File:  - Line 349 - Msg: [object Object]
07-08 23:27:29.110 24668 24668 I Capacitor/Console: File:  - Line 333 - Msg: {"available":true,"wired":true,"message":"ExoPlayer decode active ÔÇö content:// locker bridge + HTTP streams.","state":"playing","positionSecs":8.086,"durationSecs":7506.651,"queueIndex":0,"queueLength":1,"gaplessEnabled":false,"crossfadeEnabled":false,"bitPerfectActive":false,"currentUrl":"https://traffic.megaphone.fm/GLT2768068918.mp3","envelopeId":"podcast:feed-tgquzh:feed-tgquzh:ep-cfntkq","title":"#2524 - Rupert Lowe","artist":"The Joe Rogan Experience","album":"The Joe Rogan Experience","artworkUrl":"https://megaphone.imgix.net/podcasts/8e5bcebc-ca16-11ee-89f0-0fa0b9bdfc7c/image/7190613c58bad86913afb6991d842e2f.jpg?ixlib=rails-4.3.1&max-w=3000&max-h=3000&fit=crop&auto=format,compress"}
07-08 23:27:29.114  3425  3425 D LockSettingsService: [getSeparateProfileChallengeEnabled] userId = 12
07-08 23:27:29.114  3425  3425 D LockSettingsService: [getSeparateProfileChallengeEnabled] userId = 12
07-08 23:27:29.116  3425  3425 D LockSettingsService: [getSeparateProfileChallengeEnabled] userId = 12
07-08 23:27:29.116  3425  3425 D LockSettingsService: [getSeparateProfileChallengeEnabled] userId = 12
07-08 23:27:29.120  3425  3425 D LockSettingsService: [getSeparateProfileChallengeEnabled] userId = 12
07-08 23:27:29.120  3425  3425 D LockSettingsService: [getSeparateProfileChallengeEnabled] userId = 12
07-08 23:27:29.129  1888 22418 D DlbDapEffectContext: DapEffectContext[0xb4000072546223d8] getDapParameter() outval size = 12, ret = 0
07-08 23:27:29.129  1888 22418 D DlbDapEffectContext: ForDolbyTest: profile:2, mStoredIEA:8, mCurrentDevice:2, dolbyTestMode:0, updateIEA:0
07-08 23:27:29.137  1779 11814 E         : DNS_CACHE: hanle request << lookupdns: hostname:www.youtube.com, servername:443, ai_flags:0, ai_family:0, ai_socktype:1, ai_protocol:0, netid:0, uid:10447
07-08 23:27:29.137 28895 28895 D DNS_CACHE: oplus_oplus_getaddrinfo_proxy lookup from netd: hostname:www.youtube.com, servname:443 uid: 10447, result_code:408, res = 0x0, found = 0
07-08 23:27:29.140  3294  3294 D aidl_vibrator: Vibrator off
07-08 23:27:29.143  1895 25516 I sensors-hal: handle_oplus_wise_rgb_event:160, wise_rgb:(41902)(cct,lux,ir)[8744.37, 30.05, 215.586105](rgbc)[1359.32, 988.56, 587.55, 2051.07](pwm,hbm,brl,algo)[1.0 0.0 3332.0 2.0],flag 0
07-08 23:27:29.144  1779 11814 E         : DNS_CACHE: hanle request << adddns: hostname:www.youtube.com, servername:443, ai_flags:0, ai_family:0, ai_socktype:1, ai_protocol:0, netid:0, uid:10447
07-08 23:27:29.144 28895 28895 D DNS_CACHE: oplus_send_dns_response send hostname: www.youtube.com, servname: 443 response into netd: 0, *res = 0xb400007cadc73a80
07-08 23:27:29.147  3425  4424 E system_server: [theia_saupwk] start saupwkProcessKey
07-08 23:27:29.147  3425  4424 D KEYLOG_KeyCombinationManager: down true downTime 9486600 action 0 count 0 isDefaultDisplayInteractive true eventTime 9486600 mDownTimes: {}
07-08 23:27:29.147  3425  4424 D KEYLOG_PhoneWindowManagerExtImpl: overrideInterceptKeyBeforeQueueing:KeyEvent { action=ACTION_DOWN, keyCode=KEYCODE_VOLUME_DOWN, scanCode=114, metaState=0, flags=0x8, repeatCount=0, eventTime=9486600515000, downTime=9486600515000, deviceId=3, source=0x101, displayId=-1 },  keyguardOn = false,  screenOn = true,  policyFlags = 570425344,  SosPowerKeyEnabled = true,  WalletSwitchState = 2,  IsQuickLaunchSupport = false,  IsDoubleCheckAppSupport = false,  isQuickAppOn=false,  canceled = false
07-08 23:27:29.147  3425  4424 D KEYLOG_OplusKeyCombinationManager: down true keyCode 25 count 0 interactive true eventTime 9486600 mDownTimes: {}
07-08 23:27:29.147  3425  4424 D OplusScreenOffTorchHelper: not handle with onVolumeKey,mFlashLightEnable = false,mFlashLightAvailable=true,mCameraId = 0 mVolumeDownPressEnabled=false
07-08 23:27:29.147  3425  4424 W OplusJoystickManager: Neither joystick feature is supported
07-08 23:27:29.147  3425  4424 D OplusCustomizeRestrictionManagerService: isLongPressVolumeUpDisabled start
07-08 23:27:29.147  3425  4424 I STKeyLog_StrategyDisableBottomKey: onBeforeQueueing : mIsUpGestureMode=false,mDisableBottomKeyMode0
07-08 23:27:29.147  3425  4424 D STKeyLog_StrategyBlackscreenshot: notifyKeyBeforeQueueing, downTime9486600, action=0, interactive=true
07-08 23:27:29.148  3425  4424 D KEYLOG_PhoneWindowManager: interceptKeyBeforeQueueing downTime=9486600 action = 0 interactive=true keyguardActive=false policyFlags=22000000 isInjected=false isWakeKey=false isKeyGestureTriggered=false
07-08 23:27:29.148  4972 30048 D RingtonePlayer: stopAsync()
07-08 23:27:29.148  4972 30048 D RingtonePlayer: stop
07-08 23:27:29.148  3425  4424 I VibratorManagerServiceExtImpl: cancelVibrate uid=1000, pid=3425, usageFilter=-15, token=232553853
07-08 23:27:29.148  3425  4424 V AS.AudioService: uid 1000, callingApp = android.uid.system:1000
07-08 23:27:29.150  3425  3425 D STKeyLog_StrategyPadKeyBoardShortcut: excuteShortCut, interactive = true
07-08 23:27:29.151  3425  3425 D OplusCustomizeRestrictionManagerService: isLongPressVolumeUpDisabled start
07-08 23:27:29.151  3425  3425 D KeyboardInterceptor: [onKeyEvent] eventDelay=0; event=KeyEvent { action=ACTION_DOWN, keyCode=KEYCODE_VOLUME_DOWN, scanCode=114, metaState=0, flags=0x8, repeatCount=0, eventTime=9486600515000, downTime=9486600515000, deviceId=3, source=0x101, displayId=-1 }; policyFlags=1711276032; mEventQueueStart=null
07-08 23:27:29.152  8053  8400 D gaia-GaiaConnectChecker: start connect check++
07-08 23:27:29.153  4972  5076 I SystemUi--Media: OplusMediaDataManagerSt-->AOD_MEDIA_PANEL-->createActionsFromState: curState = 3
07-08 23:27:29.155  3425  8448 D PowerManagerService: userActivityNoUpdateLocked: groupId=0, eventTime=9486600, event=button, flags=0x0, uid=1000
07-08 23:27:29.159  4972  5076 I SystemUi--Media: OplusMediaDataManagerSt-->AOD_MEDIA_PANEL-->createActionsFromState: curState = 3
07-08 23:27:29.163  4972  5076 I SystemUi--Media: OplusMediaDataManagerSt-->AOD_MEDIA_PANEL-->createActionsFromState: curState = 3
07-08 23:27:29.164  4972  4972 I SystemUi--Media: MediaDataFlowLimiter-->MEDIA_PANEL-->onMediaDataLoaded, first data , 0|rd.sheepskin.sandboxmusic|88001|null|10447 Sandbox Music(isPlaying:true), currentData = MediaDataExt{userId=0, initialized=true, app=Sandbox Music, artist=EMPTY, song=S***, artwork=null, packageName=rd.sheepskin.sandboxmusic, token=android.media.session.MediaSession$Token@d0262a8,  active=true, playbackLocation=0, resumption=false, notificationKey=0|rd.sheepskin.sandboxmusic|88001|null|10447, isPlaying=true, mediaCustNotification=false, }
07-08 23:27:29.165  4972  4972 I SystemUi--Media: MediaDataFlowLimiter-->MEDIA_PANEL-->onMediaDataLoaded: Sandbox Music(isPlaying:true) within debounce period, ignore
07-08 23:27:29.172  4972  4972 I SystemUi--Media: MediaPlayerData-->MEDIA_PANEL-->addMediaSortKey newKey:0|rd.sheepskin.sandboxmusic|88001|null|10447 oldKey:0|rd.sheepskin.sandboxmusic|88001|null|10447, remove:true packageName:rd.sheepskin.sandboxmusic playbackStateUnchanged:true newPlaying:true oldPlaying:true updateTime:1783549647031 oldTime:1783549647031 noUpdateTime:false
07-08 23:27:29.172  4972  4972 I SystemUi--Media: OplusMediaDataFilterExImpl-->MEDIA_PANEL-->dispatchMediaDataOnLoaded key:0|rd.sheepskin.sandboxmusic|88001|null|10447 oldKey:0|rd.sheepskin.sandboxmusic|88001|null|10447 data:MediaDataExt{userId=0, initialized=true, app=Sandbox Music, artist=EMPTY, song=S***, artwork=null, packageName=rd.sheepskin.sandboxmusic, token=android.media.session.MediaSession$Token@d0262a8,  active=true, playbackLocation=0, resumption=false, notificationKey=0|rd.sheepskin.sandboxmusic|88001|null|10447, isPlaying=true, mediaCustNotification=false, }
07-08 23:27:29.172  4972  4972 I SystemUi--Media: OplusQsMediaPanelViewController-->MEDIA_PANEL-->onMediaDataLoaded: MediaDataExt{userId=0, initialized=true, app=Sandbox Music, artist=EMPTY, song=S***, artwork=null, packageName=rd.sheepskin.sandboxmusic, token=android.media.session.MediaSession$Token@d0262a8,  active=true, playbackLocation=0, resumption=false, notificationKey=0|rd.sheepskin.sandboxmusic|88001|null|10447, isPlaying=true, mediaCustNotification=false, }, controller: com.oplus.systemui.qs.media.OplusQsMediaPanelViewController$mediaDataUpdateListener$1@9b00f6d
07-08 23:27:29.172  4972  4972 I SystemUi--Media: OplusMediaSeedlingController-->MEDIA_SEEDLING-->warning: onMediaDataLoaded: old mediaClient is not null! key=0|rd.sheepskin.sandboxmusic|88001|null|10447
07-08 23:27:29.172  4972  4972 I SystemUi--Media: AbsMediaClient-->MEDIA_SEEDLING-->onMediaDataLoaded: data=MediaDataExt{userId=0, initialized=true, app=Sandbox Music, artist=EMPTY, song=S***, artwork=null, packageName=rd.sheepskin.sandboxmusic, token=android.media.session.MediaSession$Token@d0262a8,  active=true, playbackLocation=0, resumption=false, notificationKey=0|rd.sheepskin.sandboxmusic|88001|null|10447, isPlaying=true, mediaCustNotification=false, } isDestroyed=false
07-08 23:27:29.173  4972  4972 I SystemUi--Media: AbsMediaClient-->MEDIA_SEEDLING-->dispatchMediaDataLoaded needUpdate=0 reason=onMediaDataLoaded isDestroyed=false
07-08 23:27:29.173  4972  4972 I SystemUi--Media: MediaDataCombineLatest-->MEDIA_SEEDLING-->onMediaDataLoaded mediaData = rd.sheepskin.sandboxmusic,0|rd.sheepskin.sandboxmusic|88001|null|10447,7506651,null,null,null,0,3,0,9486495,1.0,false,1783549647031,true,9486373,true,MediaButton(playId=0|rd.sheepskin.sandboxmusic|88001|null|10447, playOrPause=MediaAction(buttonName=playOrPause, iconMap={Default=(./assets/images/pauseDark.svg, null), SecondHome=(./assets/images/pauseDark.svg, null)}, animRes=null, voiceLabel=P***, isStandardAction=true, icon=Icon(typ=BITMAP size=162x162)), nextOrCustom=MediaAction(buttonName=nextOrCustom, iconMap={Default=(./assets/images/nextDark.svg, null), SecondHome=(./assets/images/nextDark.svg, null)}, animRes=./assets/images/next_anim.json, voiceLabel=N***, isStandardAction=true, icon=Icon(typ=BITMAP size=162x162)), prevOrCustom=MediaAction(buttonName=prevOrCustom, iconMap={Default=(./assets/images/previousDark.svg, null), SecondHome=(./assets/images/previousDark.svg, null)}, animRes=./assets/images/previous_anim.json, voiceLabel=P***, isStandardAction=true, icon=Icon(typ=BITMAP size=162x162)), custom0=null, custom1=MediaAction(buttonName=custom1, iconMap={}, animRes=null, voiceLabel=S***, isStandardAction=false, icon=Icon(typ=BITMAP size=162x162))),0
07-08 23:27:29.173  4972  4972 I SystemUi--Media: MediaSeedling-->MEDIA_SEEDLING-->postMediaDataUpdate needUpdate: 0 reason:onMediaDataLoaded
07-08 23:27:29.173  4972  4972 I SystemUi--Media: AodMediaDataListener-->AOD_MEDIA_PANEL-->onMediaDataLoaded aod media not support for rd.sheepskin.sandboxmusic
07-08 23:27:29.173  4972  4972 I SystemUi--Media: MediaDataFlowLimiter-->MEDIA_PANEL-->onMediaDataLoaded: Sandbox Music(isPlaying:true) within debounce period, ignore
07-08 23:27:29.173  4972  5075 I SystemUi--Media: AbsMediaClient-->MEDIA_SEEDLING-->updateMediaDataByPlaybackState newState=3,newPosition=0, rd.sheepskin.sandboxmusic
07-08 23:27:29.173  4972  5075 I SystemUi--Media: MediaActionBinder-->MEDIA_SEEDLING-->createOplusMediaActions: mediaActionPriority=PreferSemanticActions
07-08 23:27:29.184  4972  4972 I SystemUi--Media: MediaSeedling-->MEDIA_SEEDLING-->handleMediaDataUpdate allowCreateCard: false
07-08 23:27:29.184  4972  4972 I SystemUi--Media: MediaSeedling-->MEDIA_SEEDLING-->postSeedlingsUpdate delay: 1000 needUpdate: 0 reason:handleMessage UpdateInterval
07-08 23:27:29.184  4972  4972 I SystemUi--Media: AbsMediaClient-->MEDIA_SEEDLING-->dispatchMediaDataLoaded needUpdate=0 reason=bgHandler onMediaDataLoaded isDestroyed=false
07-08 23:27:29.184  4972  4972 I SystemUi--Media: MediaDataCombineLatest-->MEDIA_SEEDLING-->onMediaDataLoaded mediaData = rd.sheepskin.sandboxmusic,0|rd.sheepskin.sandboxmusic|88001|null|10447,7506651,null,null,null,0,3,0,9486626,1.0,false,1783549647031,true,9486626,true,MediaButton(playId=0|rd.sheepskin.sandboxmusic|88001|null|10447, playOrPause=MediaAction(buttonName=playOrPause, iconMap={Default=(./assets/images/pauseDark.svg, null), SecondHome=(./assets/images/pauseDark.svg, null)}, animRes=null, voiceLabel=P***, isStandardAction=true, icon=Icon(typ=BITMAP size=162x162)), nextOrCustom=MediaAction(buttonName=nextOrCustom, iconMap={Default=(./assets/images/nextDark.svg, null), SecondHome=(./assets/images/nextDark.svg, null)}, animRes=./assets/images/next_anim.json, voiceLabel=N***, isStandardAction=true, icon=Icon(typ=BITMAP size=162x162)), prevOrCustom=MediaAction(buttonName=prevOrCustom, iconMap={Default=(./assets/images/previousDark.svg, null), SecondHome=(./assets/images/previousDark.svg, null)}, animRes=./assets/images/previous_anim.json, voiceLabel=P***, isStandardAction=true, icon=Icon(typ=BITMAP size=162x162)), custom0=null, custom1=MediaAction(buttonName=custom1, iconMap={}, animRes=null, voiceLabel=S***, isStandardAction=false, icon=Icon(typ=BITMAP size=162x162))),0
07-08 23:27:29.185  4972  4972 I SystemUi--Media: MediaSeedling-->MEDIA_SEEDLING-->postMediaDataUpdate needUpdate: 0 reason:onMediaDataLoaded
07-08 23:27:29.185  4972  5075 I SystemUi--Media: MediaLiveAlertController-->MEDIA_SEEDLING-->sendDataToPlugin, method=sendLiveAlert, notification.key=0|com.android.systemui|268452006|1783549645619|0
07-08 23:27:29.185  4972  5075 I PluginSeedling--Base: SeedlingCardServerProvider-->seedling provider called com.oplus.card.server.systemui.provider w/ sendLiveAlert 10208 4972 0
07-08 23:27:29.186  4972  5075 I PluginSeedling--Base: DefaultLiveAlertProvider-->default provider currentUserId=0 sbn: StatusBarNotification(pkg=com.android.systemui user=UserHandle{0} id=268452006 tag=1783549645619 key=0|com.android.systemui|268452006|1783549645619|0: Notification(channel=268452006 shortcut=null contentView=null vibrate=null sound=null defaults=0 flags=0 color=0x00000000 category=transport vis=PRIVATE))
07-08 23:27:29.195  4972  4972 I SystemUi--Media: MediaSeedling-->MEDIA_SEEDLING-->handleMediaDataUpdate allowCreateCard: false
07-08 23:27:29.195  4972  4972 I SystemUi--Media: MediaSeedling-->MEDIA_SEEDLING-->postSeedlingsUpdate delay: 1000 needUpdate: 0 reason:handleMessage UpdateInterval
07-08 23:27:29.196  4972  5075 I SystemUi--Media: MediaLiveAlertController-->MEDIA_SEEDLING-->sendDataToPlugin, method=sendLiveAlert, notification.key=0|com.android.systemui|268452006|1783549645619|0
07-08 23:27:29.197  4972  5075 I PluginSeedling--Base: SeedlingCardServerProvider-->seedling provider called com.oplus.card.server.systemui.provider w/ sendLiveAlert 10208 4972 0
07-08 23:27:29.197  4972  5075 I PluginSeedling--Base: DefaultLiveAlertProvider-->default provider currentUserId=0 sbn: StatusBarNotification(pkg=com.android.systemui user=UserHandle{0} id=268452006 tag=1783549645619 key=0|com.android.systemui|268452006|1783549645619|0: Notification(channel=268452006 shortcut=null contentView=null vibrate=null sound=null defaults=0 flags=0 color=0x00000000 category=transport vis=PRIVATE))
07-08 23:27:29.200  2086  6743 D charge_time: type=sdp,reserve_soc=3,soc=92,ui_soc=95,current=92,avg=122,not_chg_cnt=0,stable_cnt=7,fcc=4658,fcc_ratio=91,delta=642,debug=0,region=5,ttf=2611(00:43:31),ui_ttf=1674(00:27:54)
07-08 23:27:29.227  4972  4972 I SystemUi--Volume: OplusVolume-Anim-->startBackAim volumeRow.name: Media
07-08 23:27:29.232  2365  2365 I adbd    : adbd service requested 'shell,v2,TERM=dumb:export ANDROID_LOG_TAGS=''; exec logcat '-d' '-t' '12000''
07-08 23:27:29.244  2232  2814 E HwcComposer: getLuts failed Status(-129, EX_TRANSACTION_FAILED): 'UNKNOWN_TRANSACTION: '
07-08 23:27:29.249  4972  4972 I PluginSeedling--Origin: LiveAlertInteractorImpl-->EntryDataListener,onDataPosted originData:[t3.d@837f1d30] data:[t3.d@837f1d30]
07-08 23:27:29.250  4972  4972 I PluginSeedling--Origin: LiveAlertInteractorImpl-->notifyEntryDataChanged ENTRY_NOTIFICATION, result:LiveAlertModel: [key: 0|com.android.systemui|268452006|1783549645619|0, entranceType: ENTRY_NOTIFICATION, score: 6.15, groupPriority: 2 type: LIVE, isSystemService: true, shouldShow: true, lockscreenShouldShow: true, sourceType: SOURCE_COMMON, remindLevel: 0, pkg: rd.sheepskin.sandboxmusic, hostPkgName=com.android.systemui front: true, forceRebuild: false, isForcedReminder: false, InstantDuration: 5000, requestPanel: null, capsuleTimeOut: 300000, serviceTitleName: , overrideTransition: false level: 2,
07-08 23:27:29.250  4972  4972 I PluginSeedling--Origin:  rusBaseData: RusBaseData(id='default_com.android.systemui_268452006', updateStateEnable=1, canDelete=1, remindAlways=0, longClick='', cardImportance=-1, clickCustomAction=0,timeOutDuration=5, timeOutDurationEnable=0,enableInSuperpower=0, autoPriority=0, customCapsuleDuration=300000,clickWhenAnim=1, panoramicAodEnable=1,notificationStyleList=,blackCallStyle=0, liveAlertScore=6.15,liveAlertLevel=2,enableQuitShrink=0, lockImmersiveEnable=1, lockImmersiveDefault=1,lockRemindAlways = 0, luSettings=[], liteAnim=14, serviceType=1), showSize: VIEW_SIZE_NONE, isPinFiltered: false serviceFrom: 0, liveAlertState: SeedlingState(0), wrapperSize: 3, duplicateChips: false, quitHideOrBubble:0, liveAlertService:, immersiveCardType:2, requestLockScreenImmersive:-1, ignoreEntry:-1, noe: false
07-08 23:27:29.250  4972  4972 I PluginSeedling--Notification: NotificationRepository-->onDataChanged, [LiveAlertModel: [key: 0|com.android.systemui|268452006|1783549645619|0, entranceType: ENTRY_NOTIFICATION, score: 6.15, groupPriority: 2 type: LIVE, isSystemService: true, shouldShow: true, lockscreenShouldShow: true, sourceType: SOURCE_COMMON, remindLevel: 0, pkg: rd.sheepskin.sandboxmusic, hostPkgName=com.android.systemui front: true, forceRebuild: false, isForcedReminder: false, InstantDuration: 5000, requestPanel: null, capsuleTimeOut: 300000, serviceTitleName: , overrideTransition: false level: 2,
07-08 23:27:29.250  4972  4972 I PluginSeedling--Notification:  rusBaseData: RusBaseData(id='default_com.android.systemui_268452006', updateStateEnable=1, canDelete=1, remindAlways=0, longClick='', cardImportance=-1, clickCustomAction=0,timeOutDuration=5, timeOutDurationEnable=0,enableInSuperpower=0, autoPriority=0, customCapsuleDuration=300000,clickWhenAnim=1, panoramicAodEnable=1,notificationStyleList=,blackCallStyle=0, liveAlertScore=6.15,liveAlertLevel=2,enableQuitShrink=0, lockImmersiveEnable=1, lockImmersiveDefault=1,lockRemindAlways = 0, luSettings=[], liteAnim=14, serviceType=1), showSize: VIEW_SIZE_NONE, isPinFiltered: false serviceFrom: 0, liveAlertState: SeedlingState(0), wrapperSize: 3, duplicateChips: false, quitHideOrBubble:0, liveAlertService:, immersiveCardType:2, requestLockScreenImmersive:-1, ignoreEntry:-1]
07-08 23:27:29.250  4972  4972 I PluginSeedling--Origin: LiveAlertInteractorImpl-->EntryDataListener,onDataPosted originData:[t3.d@837f1d30] data:[t3.d@837f1d30]
07-08 23:27:29.250  4972  4972 I PluginSeedling--Origin: LiveAlertInteractorImpl-->notifyEntryDataChanged ENTRY_STATUS_BAR, result:LiveAlertModel: [key: 0|com.android.systemui|268452006|1783549645619|0, entranceType: ENTRY_STATUS_BAR, score: 6.15, groupPriority: 2 type: LIVE, isSystemService: true, shouldShow: true, lockscreenShouldShow: false, sourceType: SOURCE_COMMON, remindLevel: 0, pkg: rd.sheepskin.sandboxmusic, hostPkgName=com.android.systemui front: true, forceRebuild: false, isForcedReminder: false, InstantDuration: 5000, requestPanel: null, capsuleTimeOut: 300000, serviceTitleName: , overrideTransition: false level: 2,
07-08 23:27:29.250  4972  4972 I PluginSeedling--Origin:  rusBaseData: RusBaseData(id='default_com.android.systemui_268452006', updateStateEnable=1, canDelete=1, remindAlways=0, longClick='', cardImportance=-1, clickCustomAction=0,timeOutDuration=5, timeOutDurationEnable=0,enableInSuperpower=0, autoPriority=0, customCapsuleDuration=300000,clickWhenAnim=1, panoramicAodEnable=1,notificationStyleList=,blackCallStyle=0, liveAlertScore=6.15,liveAlertLevel=2,enableQuitShrink=0, lockImmersiveEnable=1, lockImmersiveDefault=1,lockRemindAlways = 0, luSettings=[], liteAnim=14, serviceType=1), showSize: VIEW_SIZE_NONE, isPinFiltered: false serviceFrom: 0, liveAlertState: SeedlingState(0), wrapperSize: 2, duplicateChips: false, quitHideOrBubble:0, liveAlertService:, immersiveCardType:2, requestLockScreenImmersive:-1, ignoreEntry:-1, noe: false
07-08 23:27:29.259  3425  4424 E system_server: [theia_saupwk] start saupwkProcessKey
07-08 23:27:29.260  3425  4424 D KEYLOG_KeyCombinationManager: down false downTime 9486600 action 1 count 2 isDefaultDisplayInteractive true eventTime 9486713 mDownTimes: {25=9486600}
07-08 23:27:29.260  3425  4424 D KEYLOG_PhoneWindowManagerExtImpl: overrideInterceptKeyBeforeQueueing:KeyEvent { action=ACTION_UP, keyCode=KEYCODE_VOLUME_DOWN, scanCode=114, metaState=0, flags=0x8, repeatCount=0, eventTime=9486713208000, downTime=9486600515000, deviceId=3, source=0x101, displayId=-1 },  keyguardOn = false,  screenOn = true,  policyFlags = 570425344,  SosPowerKeyEnabled = true,  WalletSwitchState = 2,  IsQuickLaunchSupport = false,  IsDoubleCheckAppSupport = false,  isQuickAppOn=false,  canceled = false
07-08 23:27:29.260  3425  4424 D KEYLOG_OplusKeyCombinationManager: down false keyCode 25 count 0 interactive true eventTime 9486713 mDownTimes: {25=9486600}
07-08 23:27:29.260  3425  4424 W OplusJoystickManager: Neither joystick feature is supported
07-08 23:27:29.260  3425  4424 D OplusCustomizeRestrictionManagerService: isLongPressVolumeUpDisabled start
07-08 23:27:29.260  3425  4424 I STKeyLog_StrategyDisableBottomKey: onBeforeQueueing : mIsUpGestureMode=false,mDisableBottomKeyMode0
07-08 23:27:29.260  3425  4424 D STKeyLog_StrategyBlackscreenshot: notifyKeyBeforeQueueing, downTime9486600, action=1, interactive=true
07-08 23:27:29.260  3425  4424 D KEYLOG_PhoneWindowManager: interceptKeyBeforeQueueing downTime=9486600 action = 1 interactive=true keyguardActive=false policyFlags=22000000 isInjected=false isWakeKey=false isKeyGestureTriggered=false
07-08 23:27:29.260  3425  3425 D STKeyLog_StrategyPadKeyBoardShortcut: excuteShortCut, interactive = true
07-08 23:27:29.260  3425  3425 D OplusCustomizeRestrictionManagerService: isLongPressVolumeUpDisabled start
07-08 23:27:29.260  3425  3425 D KeyboardInterceptor: [onKeyEvent] eventDelay=0; event=KeyEvent { action=ACTION_UP, keyCode=KEYCODE_VOLUME_DOWN, scanCode=114, metaState=0, flags=0x8, repeatCount=0, eventTime=9486713208000, downTime=9486600515000, deviceId=3, source=0x101, displayId=-1 }; policyFlags=1711276032; mEventQueueStart=null
07-08 23:27:29.264  3425  4423 E OplusInputDeviceUtil: api level < 36 or inputDevice is null, return false
07-08 23:27:29.264  3425  4423 D KEYLOG_KeyGestureControllerExtlmpl: interceptOldShortcuts, mIsShortCutMenuShow = false mPendingMetaActionForOld = false mLongPressHandled = false
07-08 23:27:29.264  3425  4423 D STKeyLog_StrategyPadKeyBoardShortcut: excuteShortCut, interactive = true
07-08 23:27:29.265  3425  4423 D OplusCustomizeRestrictionManagerService: isLongPressVolumeUpDisabled start
07-08 23:27:29.265 24668 24668 I DynamicFramerate [AnimationSpeedAware]: onDeliverInputEvent: key event
07-08 23:27:29.265  3425  4423 E OplusInputDeviceUtil: api level < 36 or inputDevice is null, return false
07-08 23:27:29.265  3425  4423 D STKeyLog_StrategyPadKeyBoardShortcut: excuteShortCut, interactive = true
07-08 23:27:29.265  3425  4423 D OplusCustomizeRestrictionManagerService: isLongPressVolumeUpDisabled start
07-08 23:27:29.266  7614  7614 I StylusModule: StylusModule.onUpdateToolType():774 Update tool type = 0
07-08 23:27:29.267  3425  5792 D MediaSessionService: dispatchVolumeKeyEvent, pkg=rd.sheepskin.sandboxmusic, opPkg=rd.sheepskin.sandboxmusic, pid=24668, uid=10447, asSystem=true, event=KeyEvent { action=ACTION_DOWN, keyCode=KEYCODE_VOLUME_DOWN, scanCode=114, metaState=0, flags=0x8, repeatCount=0, eventTime=9486600515000, downTime=9486600515000, deviceId=3, source=0x101, displayId=-1 }, stream=3, musicOnly=false
07-08 23:27:29.267  3425  5792 D MediaSessionService: Adjusting suggestedStream=3 by -1. flags=4113, preferSuggestedStream=true, session=rd.sheepskin.sandboxmusic/SovereignMusicConsole/185 (userId=0), musicOnly false
07-08 23:27:29.267  3425  3425 E MediaSessionService: sPid is 3425 sTid:3425
07-08 23:27:29.268 24668 24668 I DynamicFramerate [AnimationSpeedAware]: onDeliverInputEvent: key event
07-08 23:27:29.269  3425 25549 D PowerManagerService: userActivityNoUpdateLocked: groupId=0, eventTime=9486600, event=button, flags=0x0, uid=1000
07-08 23:27:29.269  3425 25549 D PowerManagerService: userActivityNoUpdateLocked: groupId=0, eventTime=9486713, event=button, flags=0x0, uid=1000
07-08 23:27:29.269  3425  5792 D MediaSessionService: dispatchVolumeKeyEvent, pkg=rd.sheepskin.sandboxmusic, opPkg=rd.sheepskin.sandboxmusic, pid=24668, uid=10447, asSystem=true, event=KeyEvent { action=ACTION_UP, keyCode=KEYCODE_VOLUME_DOWN, scanCode=114, metaState=0, flags=0x8, repeatCount=0, eventTime=9486713208000, downTime=9486600515000, deviceId=3, source=0x101, displayId=-1 }, stream=3, musicOnly=false
07-08 23:27:29.270  3425  5792 D MediaSessionService: Adjusting suggestedStream=3 by 0. flags=4116, preferSuggestedStream=true, session=rd.sheepskin.sandboxmusic/SovereignMusicConsole/185 (userId=0), musicOnly false
07-08 23:27:29.271  4972  4972 I SystemUi--Media: MediaDataFlowLimiter-->MEDIA_PANEL-->onMediaDataLoaded, last data 100 ms , 0|rd.sheepskin.sandboxmusic|88001|null|10447 Sandbox Music(isPlaying:true), currentData = MediaDataExt{userId=0, initialized=true, app=Sandbox Music, artist=EMPTY, song=S***, artwork=null, packageName=rd.sheepskin.sandboxmusic, token=android.media.session.MediaSession$Token@d0262a8,  active=true, playbackLocation=0, resumption=false, notificationKey=0|rd.sheepskin.sandboxmusic|88001|null|10447, isPlaying=true, mediaCustNotification=false, }
07-08 23:27:29.271  3425 25549 D PowerManagerService: userActivityNoUpdateLocked: groupId=0, eventTime=9486713, event=button, flags=0x0, uid=1000
07-08 23:27:29.271  3425  3425 V AudioServiceExtImpl: oplusGetParameters() keyValuePairs:OPLUS_AUDIO_GET_ADJUSTVOLUME_FORBID, uid: 1000
07-08 23:27:29.271  4972  4972 I SystemUi--Media: MediaDataFlowLimiter-->MEDIA_PANEL-->debounce remove 0|rd.sheepskin.sandboxmusic|88001|null|10447
07-08 23:27:29.274  3425  3425 D AudioServiceExtImpl: getBleRingPlaybackActive :false
07-08 23:27:29.274  3425  3425 D AS.AudioService: sendVolumeUpdate streamType=3, index=820, flags=4113
07-08 23:27:29.274  3425  3425 D VolumeController: postVolumeChanged streamType=3, flags=4113
07-08 23:27:29.274  3425  3425 E MediaSessionService: sPid is 3425 sTid:3425
07-08 23:27:29.274  3425  4956 D AudioManagerExtImpl: getStreamVolume packageName=android, index=82, streamType=3
07-08 23:27:29.276  3425  4506 V AS.AudioService: uid 1000, callingApp = android.uid.system:1000
07-08 23:27:29.276  2212  4507 D APM_AudioPolicyManager: setVolumeCurveIndex device 00000002, index 82, muted 0
07-08 23:27:29.277  2212  2853 D AudioFlinger: setPortsVolume() portInfos 363| value 0.104713 output 29
07-08 23:27:29.277  2212  2853 D AudioFlinger_PlaybackThreadExtImpl: hasTrackForStreamType, portId = 363, streamType = 3
07-08 23:27:29.277  4972  5231 I SystemUi--Volume: vol.VolumeDialogControl-->shouldShowUI wakefulness:2 ,mDeviceInteractive:true ,mShowVolumeDialog:true
07-08 23:27:29.278  3425  3425 V AudioServiceExtImpl: oplusGetParameters() keyValuePairs:OPLUS_AUDIO_GET_ADJUSTVOLUME_FORBID, uid: 1000
07-08 23:27:29.278  2212  4538 D APM_AudioPolicyManager: setVolumeCurveIndex device 00000002, index 8, muted 0
07-08 23:27:29.278  2212  4538 D APM_AudioPolicyManager: setVolumeCurveIndex device 00000002, index 8, muted 0
07-08 23:27:29.279  2212  4538 D APM_AudioPolicyManager: setVolumeCurveIndex device 00000002, index 8, muted 0
07-08 23:27:29.280  4972  5231 I vol.Events: writeEvent level_changed STREAM_MUSIC 82
07-08 23:27:29.280  3425  3425 D AS.AudioService: sendVolumeUpdate streamType=3, index=820, flags=4112
07-08 23:27:29.280  3425  3425 D VolumeController: postVolumeChanged streamType=3, flags=4112
07-08 23:27:29.280  4972  5231 I SystemUi--Volume: vol.VolumeDialogControl-->onVolumeChangedW stream:3,flags:4113 ,showUI:true ,fromKey:true ,showVibrateHint:false ,showSilentHint:false ,changed:true
07-08 23:27:29.280  4972  5231 I vol.Events: writeEvent key STREAM_MUSIC 82
07-08 23:27:29.280  4972  5231 I SystemUi--Volume: vol.VolumeDialogControl-->shouldShowUI wakefulness:2 ,mDeviceInteractive:true ,mShowVolumeDialog:true
07-08 23:27:29.280  3425  3425 D OplusThermalStats: onReceive: act = android.media.VOLUME_CHANGED_ACTION
07-08 23:27:29.280  4972  5231 I SystemUi--Volume: vol.VolumeDialogControl-->onReceive VOLUME_CHANGED_ACTION stream=11 level=8 oldLevel=9 ss.level:9
07-08 23:27:29.280  4972  5231 I vol.Events: writeEvent level_changed STREAM_ASSISTANT 8
07-08 23:27:29.280  4972  5231 I SystemUi--Volume: vol.VolumeDialogControl-->onReceive VOLUME_CHANGED_ACTION stream=10 level=8 oldLevel=9 ss.level:9
07-08 23:27:29.280  4972  5231 I SystemUi--Volume: vol.VolumeDialogControl-->onReceive VOLUME_CHANGED_ACTION stream=9 level=8 oldLevel=9 ss.level:9
07-08 23:27:29.280  4972  5231 I SystemUi--Volume: vol.VolumeDialogControl-->shouldShowUI wakefulness:2 ,mDeviceInteractive:true ,mShowVolumeDialog:true
07-08 23:27:29.281  4972  5231 I SystemUi--Volume: vol.VolumeDialogControl-->onVolumeChangedW stream:3,flags:4112 ,showUI:false ,fromKey:true ,showVibrateHint:false ,showSilentHint:false ,changed:false
07-08 23:27:29.281  4972  5231 I SystemUi--Volume: vol.VolumeDialogControl-->shouldShowUI wakefulness:2 ,mDeviceInteractive:true ,mShowVolumeDialog:true
07-08 23:27:29.281  4972  5231 I SystemUi--Volume: vol.VolumeDialogControl-->onReceive VOLUME_CHANGED_ACTION stream=3 level=82 oldLevel=92 ss.level:82
07-08 23:27:29.282  3425  3425 D OplusThermalStats: onReceive: act = android.media.VOLUME_CHANGED_ACTION
07-08 23:27:29.282  4972  4972 I PluginSeedling--Origin: LiveAlertInteractorImpl-->EntryDataListener,onDataPosted originData:[t3.d@837f1d30] data:[t3.d@837f1d30]
07-08 23:27:29.282  3425  3425 D OplusThermalStats: onReceive: act = android.media.VOLUME_CHANGED_ACTION
07-08 23:27:29.282  4972  4972 I PluginSeedling--Origin: LiveAlertInteractorImpl-->notifyEntryDataChanged ENTRY_NOTIFICATION, result:LiveAlertModel: [key: 0|com.android.systemui|268452006|1783549645619|0, entranceType: ENTRY_NOTIFICATION, score: 6.15, groupPriority: 2 type: LIVE, isSystemService: true, shouldShow: true, lockscreenShouldShow: true, sourceType: SOURCE_COMMON, remindLevel: 0, pkg: rd.sheepskin.sandboxmusic, hostPkgName=com.android.systemui front: true, forceRebuild: false, isForcedReminder: false, InstantDuration: 5000, requestPanel: null, capsuleTimeOut: 300000, serviceTitleName: , overrideTransition: false level: 2,
07-08 23:27:29.282  4972  4972 I PluginSeedling--Origin:  rusBaseData: RusBaseData(id='default_com.android.systemui_268452006', updateStateEnable=1, canDelete=1, remindAlways=0, longClick='', cardImportance=-1, clickCustomAction=0,timeOutDuration=5, timeOutDurationEnable=0,enableInSuperpower=0, autoPriority=0, customCapsuleDuration=300000,clickWhenAnim=1, panoramicAodEnable=1,notificationStyleList=,blackCallStyle=0, liveAlertScore=6.15,liveAlertLevel=2,enableQuitShrink=0, lockImmersiveEnable=1, lockImmersiveDefault=1,lockRemindAlways = 0, luSettings=[], liteAnim=14, serviceType=1), showSize: VIEW_SIZE_NONE, isPinFiltered: false serviceFrom: 0, liveAlertState: SeedlingState(0), wrapperSize: 3, duplicateChips: false, quitHideOrBubble:0, liveAlertService:, immersiveCardType:2, requestLockScreenImmersive:-1, ignoreEntry:-1, noe: false
07-08 23:27:29.282  3425  3425 D OplusThermalStats: onReceive: act = android.media.VOLUME_CHANGED_ACTION
07-08 23:27:29.282  4972  4972 I PluginSeedling--Notification: NotificationRepository-->onDataChanged, [LiveAlertModel: [key: 0|com.android.systemui|268452006|1783549645619|0, entranceType: ENTRY_NOTIFICATION, score: 6.15, groupPriority: 2 type: LIVE, isSystemService: true, shouldShow: true, lockscreenShouldShow: true, sourceType: SOURCE_COMMON, remindLevel: 0, pkg: rd.sheepskin.sandboxmusic, hostPkgName=com.android.systemui front: true, forceRebuild: false, isForcedReminder: false, InstantDuration: 5000, requestPanel: null, capsuleTimeOut: 300000, serviceTitleName: , overrideTransition: false level: 2,
07-08 23:27:29.282  4972  4972 I PluginSeedling--Notification:  rusBaseData: RusBaseData(id='default_com.android.systemui_268452006', updateStateEnable=1, canDelete=1, remindAlways=0, longClick='', cardImportance=-1, clickCustomAction=0,timeOutDuration=5, timeOutDurationEnable=0,enableInSuperpower=0, autoPriority=0, customCapsuleDuration=300000,clickWhenAnim=1, panoramicAodEnable=1,notificationStyleList=,blackCallStyle=0, liveAlertScore=6.15,liveAlertLevel=2,enableQuitShrink=0, lockImmersiveEnable=1, lockImmersiveDefault=1,lockRemindAlways = 0, luSettings=[], liteAnim=14, serviceType=1), showSize: VIEW_SIZE_NONE, isPinFiltered: false serviceFrom: 0, liveAlertState: SeedlingState(0), wrapperSize: 3, duplicateChips: false, quitHideOrBubble:0, liveAlertService:, immersiveCardType:2, requestLockScreenImmersive:-1, ignoreEntry:-1]
07-08 23:27:29.282  4972  4972 I PluginSeedling--Origin: LiveAlertInteractorImpl-->EntryDataListener,onDataPosted originData:[t3.d@837f1d30] data:[t3.d@837f1d30]
07-08 23:27:29.282  3425  4549 D AudioManagerExtImpl: getStreamVolume packageName=android, index=82, streamType=3
07-08 23:27:29.282  4972  4972 I PluginSeedling--Origin: LiveAlertInteractorImpl-->notifyEntryDataChanged ENTRY_STATUS_BAR, result:LiveAlertModel: [key: 0|com.android.systemui|268452006|1783549645619|0, entranceType: ENTRY_STATUS_BAR, score: 6.15, groupPriority: 2 type: LIVE, isSystemService: true, shouldShow: true, lockscreenShouldShow: false, sourceType: SOURCE_COMMON, remindLevel: 0, pkg: rd.sheepskin.sandboxmusic, hostPkgName=com.android.systemui front: true, forceRebuild: false, isForcedReminder: false, InstantDuration: 5000, requestPanel: null, capsuleTimeOut: 300000, serviceTitleName: , overrideTransition: false level: 2,
07-08 23:27:29.282  4972  4972 I PluginSeedling--Origin:  rusBaseData: RusBaseData(id='default_com.android.systemui_268452006', updateStateEnable=1, canDelete=1, remindAlways=0, longClick='', cardImportance=-1, clickCustomAction=0,timeOutDuration=5, timeOutDurationEnable=0,enableInSuperpower=0, autoPriority=0, customCapsuleDuration=300000,clickWhenAnim=1, panoramicAodEnable=1,notificationStyleList=,blackCallStyle=0, liveAlertScore=6.15,liveAlertLevel=2,enableQuitShrink=0, lockImmersiveEnable=1, lockImmersiveDefault=1,lockRemindAlways = 0, luSettings=[], liteAnim=14, serviceType=1), showSize: VIEW_SIZE_NONE, isPinFiltered: false serviceFrom: 0, liveAlertState: SeedlingState(0), wrapperSize: 2, duplicateChips: false, quitHideOrBubble:0, liveAlertService:, immersiveCardType:2, requestLockScreenImmersive:-1, ignoreEntry:-1, noe: false
07-08 23:27:29.282  4972  4972 I PluginSeedling--Template: TransitionViewWrapper-->update, newPageState: NORMAL_STYLE, currentPage:NORMAL_STYLE
07-08 23:27:29.283  4972  4972 I PluginSeedling--Template: TransitionViewWrapper-->update, newPageState: MEDIA_PLAYER_STYLE, currentPage:MEDIA_PLAYER_STYLE
07-08 23:27:29.283  4972  4972 I PluginSeedling--Template: TransitionViewWrapper-->update, newPageState: MEDIA_PLAYER_STYLE, currentPage:MEDIA_PLAYER_STYLE
07-08 23:27:29.283  4972  4972 I PluginSeedling--Template: TransitionViewWrapper-->update, newPageState: NORMAL_STYLE, currentPage:NORMAL_STYLE
07-08 23:27:29.283  4972  4972 I PluginSeedling--Template: CapsulePageViewModel-->sectionsTemplateData: left, style:CapsuleSectionTemplateData(style=IMAGE_TEXT_STYLE, moduleDic={pic=BitmapModel(src=android.graphics.Bitmap@60ca7b2, iconColor=null, icon=Icon(typ=RESOURCE pkg=com.android.systemui id=0x7f0809d5), anim=null, bgColor=0, shape=1, width=90, height=90, radius=45.0, actionIntent=null, pi=null, desc=Sandbox Music)}, backgroundColor=null)
07-08 23:27:29.283  4972  4972 I PluginSeedling--Template: CapsulePageViewModel-->sectionsTemplateData: right, style:CapsuleSectionTemplateData(style=TEXT_IMAGE_STYLE, moduleDic={pic=DrawableModel(src=null, iconColor=null, anim=LottieOrRawAnimModel(anim='[length=10444]', shouldPlayCount=-1), bgColor=0, shape=0, width=90, height=90, radius=45.0, actionIntent=null, pi=null, desc=Sandbox Music)}, backgroundColor=null)
07-08 23:27:29.284  4972  4972 I PluginSeedling--Template: AbstractSection-->section-bind, d7.m@290ddce, BitmapModel(src=android.graphics.Bitmap@60ca7b2, iconColor=null, icon=Icon(typ=RESOURCE pkg=com.android.systemui id=0x7f0809d5), anim=null, bgColor=0, shape=1, width=90, height=90, radius=45.0, actionIntent=null, pi=null, desc=Sandbox Music)
07-08 23:27:29.284  4972  4972 I PluginSeedling--Template: AbstractSection-->section-bind, d7.s@e604000, DrawableModel(src=null, iconColor=null, anim=LottieOrRawAnimModel(anim='[length=10444]', shouldPlayCount=-1), bgColor=0, shape=0, width=90, height=90, radius=45.0, actionIntent=null, pi=null, desc=Sandbox Music)
07-08 23:27:29.284  4972  4972 I PluginSeedling--Template: TransitionViewWrapper-->update, newPageState: MEDIA_PLAYER_STYLE, currentPage:MEDIA_PLAYER_STYLE
07-08 23:27:29.284  4972  4972 I SystemUi--Media: MediaPlayerData-->MEDIA_PANEL-->addMediaSortKey newKey:0|rd.sheepskin.sandboxmusic|88001|null|10447 oldKey:0|rd.sheepskin.sandboxmusic|88001|null|10447, remove:true packageName:rd.sheepskin.sandboxmusic playbackStateUnchanged:true newPlaying:true oldPlaying:true updateTime:1783549647031 oldTime:1783549647031 noUpdateTime:false
07-08 23:27:29.284  4972  4972 I SystemUi--Media: OplusMediaDataFilterExImpl-->MEDIA_PANEL-->dispatchMediaDataOnLoaded key:0|rd.sheepskin.sandboxmusic|88001|null|10447 oldKey:0|rd.sheepskin.sandboxmusic|88001|null|10447 data:MediaDataExt{userId=0, initialized=true, app=Sandbox Music, artist=EMPTY, song=S***, artwork=null, packageName=rd.sheepskin.sandboxmusic, token=android.media.session.MediaSession$Token@d0262a8,  active=true, playbackLocation=0, resumption=false, notificationKey=0|rd.sheepskin.sandboxmusic|88001|null|10447, isPlaying=true, mediaCustNotification=false, }
07-08 23:27:29.284  4972  4972 I SystemUi--Media: OplusQsMediaPanelViewController-->MEDIA_PANEL-->onMediaDataLoaded: MediaDataExt{userId=0, initialized=true, app=Sandbox Music, artist=EMPTY, song=S***, artwork=null, packageName=rd.sheepskin.sandboxmusic, token=android.media.session.MediaSession$Token@d0262a8,  active=true, playbackLocation=0, resumption=false, notificationKey=0|rd.sheepskin.sandboxmusic|88001|null|10447, isPlaying=true, mediaCustNotification=false, }, controller: com.oplus.systemui.qs.media.OplusQsMediaPanelViewController$mediaDataUpdateListener$1@9b00f6d
07-08 23:27:29.284  4972  4972 I SystemUi--Media: OplusMediaSeedlingController-->MEDIA_SEEDLING-->warning: onMediaDataLoaded: old mediaClient is not null! key=0|rd.sheepskin.sandboxmusic|88001|null|10447
07-08 23:27:29.284  4972  4972 I SystemUi--Media: AbsMediaClient-->MEDIA_SEEDLING-->onMediaDataLoaded: data=MediaDataExt{userId=0, initialized=true, app=Sandbox Music, artist=EMPTY, song=S***, artwork=null, packageName=rd.sheepskin.sandboxmusic, token=android.media.session.MediaSession$Token@d0262a8,  active=true, playbackLocation=0, resumption=false, notificationKey=0|rd.sheepskin.sandboxmusic|88001|null|10447, isPlaying=true, mediaCustNotification=false, } isDestroyed=false
07-08 23:27:29.284  4972  4972 I SystemUi--Media: AodMediaDataListener-->AOD_MEDIA_PANEL-->onMediaDataLoaded aod media not support for rd.sheepskin.sandboxmusic
07-08 23:27:29.284  5767  5767 D AudioManagerExtImpl: getStreamVolume packageName=com.oplus.audio.effectcenter, index=82, streamType=3
07-08 23:27:29.285  3425  4549 W BluetoothAdapterExtImpl: getA2dpSharing mOplusBluetooth null!
07-08 23:27:29.285  4972  4972 I SystemUi--Volume: OplusVolumeDialogImpl-->updateVolumeRowSliderH,vibrateByLMVibrator,row= 3, progress=9232 level = 92  vLevle=82 row.lastVlevel=92, isVibrated=false
07-08 23:27:29.285  3425  4549 D MR2SystemProvider: rebuildAvailableRoutes selectedDeviceAttributesType = 2, selectedDeviceAttributesAddr = null, isA2dpSharingSupported = false
07-08 23:27:29.285  3425  4549 D MR2SystemProvider: updateAvailableRoutesLocked start, isA2dpSharingSupported = false, volume = 82, musicMaxVolume = 160, isVolumeFixed = false
07-08 23:27:29.285  4972  4972 I SystemUi--Volume: OplusVolumeDialogImpl-->show
07-08 23:27:29.285  4972  4972 I SystemUi--Volume: OplusVolumeRepository-->not dragonfly Device, show volume dialog
07-08 23:27:29.285  3425  4549 V AS.AudioService: uid 1000, callingApp = android.uid.system:1000
07-08 23:27:29.285  4972 30613 D LinearmotorVibrator: vibrate: effect=WaveformEffect { bf7bf99, effectType=152, effectStrength=1440, effectLoop=false, ringtoneVibrateType=-1, isRingtoneCustomized=false, ringtoneFilePath=, strengthSettingEnabled=false, asynchronous=true, usageHint=0 }
07-08 23:27:29.285  4972  5075 I SystemUi--Media: AbsMediaClient-->MEDIA_SEEDLING-->updateMediaDataByPlaybackState newState=3,newPosition=0, rd.sheepskin.sandboxmusic
07-08 23:27:29.285  4972  4972 I SystemUi--Volume: OplusVolumeDialogImpl-->showH r=volume_changed, mExpanded = false, activeRow.stream: 3, sldierShowing: true, singleAppVolumeButtonViewController.isShowing = false, isOplusSuperVolume = false, mIsMusicActive = true, audioMode = 0, isStreamInBluetoothSco = false, preventSeekBar = false, mVerticalRowIconParent.visible = 0
07-08 23:27:29.285  4972  5075 I SystemUi--Media: MediaActionBinder-->MEDIA_SEEDLING-->createOplusMediaActions: mediaActionPriority=PreferSemanticActions
07-08 23:27:29.285  4972  4972 I SystemUi--Volume: OplusVolumeDialogImpl-->updateVolumeRowSliderH,vibrateByLMVibrator,row= 10, progress=900 level = 9  vLevle=8 row.lastVlevel=9, isVibrated=false
07-08 23:27:29.285  4972  4972 I SystemUi--Volume: OplusVolumeDialogImpl-->onVolumeKeyStateChange isMultiMediaSettingsEnable:true,screenState:2
07-08 23:27:29.285  3425  4549 I MR2SystemProvider: updateAvailableRoutesLocked update selected route holder with volume info
07-08 23:27:29.285  3425  5792 I VibratorManagerServiceExtImpl: vibrate is uid=10208, pid=4972, opPkg=com.android.systemui, effect=Mono{mEffect=Composed{segments=[OplusVibrationEffectSegment{mEffectId=152, mEffectStrength=1440, mRingtonePath=''}], repeat=-1}}, attributes=VibrationAttributes{mUsage=UNKNOWN, mAudioUsage= USAGE_UNKNOWN, mFlags=0}, reason=null, token=152986607
07-08 23:27:29.285  3425  4549 D MR2SystemProvider: update A2DP sharing deselectable and selectable routes
07-08 23:27:29.285  3425  4549 D MR2SystemProvider: updateAvailableRoutesLocked selectRoute = null, category = 0, volume = 82, volumeMax = 160, volumeHandling = 1
07-08 23:27:29.286  5767  5767 D AudioEffect-JAVA: getParameter is not Oplus command!
07-08 23:27:29.286  5767  5767 I AudioEffect: getParameter: param: 2, param2: -1
07-08 23:27:29.286  2212  4538 D EffectHalHidl: audioSchedBoost, set audiohal task boost, pid=2212, tid=4538, ret=0
07-08 23:27:29.287  3425  6070 D PowerManagerService: userActivityNoUpdateLocked: groupId=0, eventTime=9486740, event=other, flags=0x0, uid=10208
07-08 23:27:29.287  2212  3785 D EffectHalHidl: audioSchedBoost, set audiohal task boost, pid=2212, tid=3785, ret=0
07-08 23:27:29.287  1888  6993 V DlbVolumeListener: effectCommand
07-08 23:27:29.287  2212  4538 D EffectHalHidl: audioSchedBoost, set audiohal task boost, pid=2212, tid=4538, ret=0
07-08 23:27:29.287  1888  6993 V DlbVolumeListener: Command EFFECT_CMD_SET_VOLUME
07-08 23:27:29.287  1888  6993 V DlbVolumeListener: Command EFFECT_CMD_SET_VOLUME: left 1108400, right 1108400, ioId 29
07-08 23:27:29.288  2212  3785 D EffectHalHidl: audioSchedBoost, set audiohal task boost, pid=2212, tid=3785, ret=0
07-08 23:27:29.288  5767  5767 I AEC.a   : getPortDeviceNameLength(0) return: 745
07-08 23:27:29.288  5767  5767 D AudioEffect-JAVA: getParameter is not Oplus command!
07-08 23:27:29.288  5767  5767 I AudioEffect: getParameter: param: 4, param2: -1
07-08 23:27:29.288  2212  4538 D EffectHalHidl: audioSchedBoost, set audiohal task boost, pid=2212, tid=4538, ret=0
07-08 23:27:29.288  1888  1952 D AHAL: AudioStream: out_update_source_metadata_v7: 1329: track count is 1 for usecase(0: deep-buffer-playback)
07-08 23:27:29.288  1888  1888 D DlbDapEffectContext: DapEffectContext::getSelectedTuningDevice(port = 0): [default_speaker_landscape_music_vol2]
07-08 23:27:29.289  1888  1952 D AHAL: AudioStream: out_update_source_metadata_v7: 1379: Source metadata usage:1 content_type:2 gain:0.066066
07-08 23:27:29.289  1888  1952 D AHAL: AudioStream: SetAggregateSourceMetadata: 4749: Aggregated Source metadata usage:1 content_type:2 gain:0.066066
07-08 23:27:29.289  2212  4538 D EffectHalHidl: audioSchedBoost, set audiohal task boost, pid=2212, tid=4538, ret=0
