07-08 23:27:30.024  3425  4424 D KEYLOG_OplusKeyCombinationManager: down false keyCode 25 count 0 interactive true eventTime 9487477 mDownTimes: {25=9487320}
07-08 23:27:30.025  3425  4424 W OplusJoystickManager: Neither joystick feature is supported
07-08 23:27:30.025  3425  4424 D OplusCustomizeRestrictionManagerService: isLongPressVolumeUpDisabled start
07-08 23:27:30.025  3425  4424 I STKeyLog_StrategyDisableBottomKey: onBeforeQueueing : mIsUpGestureMode=false,mDisableBottomKeyMode0
07-08 23:27:30.025  3425  4424 D STKeyLog_StrategyBlackscreenshot: notifyKeyBeforeQueueing, downTime9487320, action=1, interactive=true
07-08 23:27:30.025  3425  4424 D KEYLOG_PhoneWindowManager: interceptKeyBeforeQueueing downTime=9487320 action = 1 interactive=true keyguardActive=false policyFlags=22000000 isInjected=false isWakeKey=false isKeyGestureTriggered=false
07-08 23:27:30.025 24668 24668 I Capacitor/Console: File:  - Line 349 - Msg: [object Object]
07-08 23:27:30.025  7614  7614 I StylusModule: StylusModule.onUpdateToolType():774 Update tool type = 0
07-08 23:27:30.026  3425  3425 D STKeyLog_StrategyPadKeyBoardShortcut: excuteShortCut, interactive = true
07-08 23:27:30.026  3425  3425 D OplusCustomizeRestrictionManagerService: isLongPressVolumeUpDisabled start
07-08 23:27:30.026  3425  3425 D KeyboardInterceptor: [onKeyEvent] eventDelay=0; event=KeyEvent { action=ACTION_UP, keyCode=KEYCODE_VOLUME_DOWN, scanCode=114, metaState=0, flags=0x8, repeatCount=0, eventTime=9487477499000, downTime=9487320210000, deviceId=3, source=0x101, displayId=-1 }; policyFlags=1711276032; mEventQueueStart=null
07-08 23:27:30.027 24668 25125 V Capacitor/Plugin: To native (Capacitor plugin): callbackId: 1552742, pluginId: NativeExoPlayback, methodName: setPlaybackSpeed
07-08 23:27:30.027 24668 25125 V Capacitor: callback: 1552742, pluginId: NativeExoPlayback, methodName: setPlaybackSpeed, methodData: {"speed":1}
07-08 23:27:30.028  3425  4234 D MediaSessionService: dispatchVolumeKeyEvent, pkg=rd.sheepskin.sandboxmusic, opPkg=rd.sheepskin.sandboxmusic, pid=24668, uid=10447, asSystem=true, event=KeyEvent { action=ACTION_DOWN, keyCode=KEYCODE_VOLUME_DOWN, scanCode=114, metaState=0, flags=0x8, repeatCount=0, eventTime=9487320210000, downTime=9487320210000, deviceId=3, source=0x101, displayId=-1 }, stream=3, musicOnly=false
07-08 23:27:30.029  3425  4234 D MediaSessionService: Adjusting suggestedStream=3 by -1. flags=4113, preferSuggestedStream=true, session=rd.sheepskin.sandboxmusic/SovereignMusicConsole/185 (userId=0), musicOnly false
07-08 23:27:30.029 24668 25125 V Capacitor/Plugin: To native (Capacitor plugin): callbackId: 1552743, pluginId: BackgroundMedia, methodName: setWiredDacStabilityEnabled
07-08 23:27:30.029 24668 25125 V Capacitor: callback: 1552743, pluginId: BackgroundMedia, methodName: setWiredDacStabilityEnabled, methodData: {"enabled":true}
07-08 23:27:30.030  3425  3425 E MediaSessionService: sPid is 3425 sTid:3425
07-08 23:27:30.030 24668 24668 I Capacitor/Console: File:  - Line 349 - Msg: [object Object]
07-08 23:27:30.031 24668 25125 V Capacitor/Plugin: To native (Capacitor plugin): callbackId: 1552744, pluginId: BackgroundMedia, methodName: startAudioRouteWatcher
07-08 23:27:30.031 24668 25125 V Capacitor: callback: 1552744, pluginId: BackgroundMedia, methodName: startAudioRouteWatcher, methodData: {}
07-08 23:27:30.032 24668 25116 V Capacitor/BackgroundMediaPlugin: Notifying listeners for event audioRouteChange
07-08 23:27:30.032 24668 24668 I Capacitor/Console: File:  - Line 349 - Msg: [object Object]
07-08 23:27:30.033 24668 25125 V Capacitor/Plugin: To native (Capacitor plugin): callbackId: 1552745, pluginId: BackgroundMedia, methodName: addListener
07-08 23:27:30.033 24668 25125 V Capacitor: callback: 1552745, pluginId: BackgroundMedia, methodName: addListener, methodData: {"eventName":"audioRouteChange"}
07-08 23:27:30.033 24668 24668 I Capacitor/Console: File:  - Line 349 - Msg: [object Object]
07-08 23:27:30.034 24668 24668 I Capacitor/Console: File:  - Line 349 - Msg: [object Object]
07-08 23:27:30.035 24668 25125 V Capacitor/Plugin: To native (Capacitor plugin): callbackId: 1552746, pluginId: BackgroundMedia, methodName: getAudioOutputRoute
07-08 23:27:30.035 24668 25125 V Capacitor: callback: 1552746, pluginId: BackgroundMedia, methodName: getAudioOutputRoute, methodData: {}
07-08 23:27:30.036 24668 25125 V Capacitor/Plugin: To native (Capacitor plugin): callbackId: 1552747, pluginId: BackgroundMedia, methodName: removeListener
07-08 23:27:30.036 24668 25125 V Capacitor: callback: 1552747, pluginId: BackgroundMedia, methodName: removeListener, methodData: {"eventName":"audioRouteChange","callbackId":"1552729"}
07-08 23:27:30.036 24668 24668 I Capacitor/Console: File:  - Line 349 - Msg: [object Object]
07-08 23:27:30.037 24668 24668 I Capacitor/Console: File:  - Line 349 - Msg: [object Object]
07-08 23:27:30.037 24668 25125 V Capacitor/Plugin: To native (Capacitor plugin): callbackId: 1552748, pluginId: BackgroundMedia, methodName: startForeground
07-08 23:27:30.037 24668 25125 V Capacitor: callback: 1552748, pluginId: BackgroundMedia, methodName: startForeground, methodData: {}
07-08 23:27:30.037  3425  3425 V AudioServiceExtImpl: oplusGetParameters() keyValuePairs:OPLUS_AUDIO_GET_ADJUSTVOLUME_FORBID, uid: 1000
07-08 23:27:30.043 24668 25125 V Capacitor/Plugin: To native (Capacitor plugin): callbackId: 1552749, pluginId: NativeExoPlayback, methodName: setWiredDacStabilityEnabled
07-08 23:27:30.043 24668 25125 V Capacitor: callback: 1552749, pluginId: NativeExoPlayback, methodName: setWiredDacStabilityEnabled, methodData: {"enabled":true}
07-08 23:27:30.043 24668 24668 I Capacitor/Console: File:  - Line 333 - Msg: undefined
07-08 23:27:30.044 24668 24668 I Capacitor/Console: File:  - Line 333 - Msg: {"ok":true,"speed":1}
07-08 23:27:30.044 24668 24668 I Capacitor/Console: File:  - Line 333 - Msg: undefined
07-08 23:27:30.044 24668 24668 I Capacitor/Console: File:  - Line 349 - Msg: [object Object]
07-08 23:27:30.044 24668 24668 I Capacitor/Console: File:  - Line 333 - Msg: {"route":"speaker","reason":"start"}
07-08 23:27:30.045  4972  5231 I SystemUi--Volume: vol.VolumeDialogControl-->onReceive VOLUME_CHANGED_ACTION stream=11 level=7 oldLevel=8 ss.level:8
07-08 23:27:30.045  4972  5231 I vol.Events: writeEvent level_changed STREAM_ASSISTANT 7
07-08 23:27:30.045  4972  5231 I SystemUi--Volume: vol.VolumeDialogControl-->onReceive VOLUME_CHANGED_ACTION stream=10 level=7 oldLevel=8 ss.level:8
07-08 23:27:30.045  4972  4972 I SystemUi--Volume: OplusVolumeDialogImpl-->updateVolumeRowSliderH,vibrateByLMVibrator,row= 10, progress=800 level = 8  vLevle=7 row.lastVlevel=8, isVibrated=false
07-08 23:27:30.048  3425  3425 D AudioServiceExtImpl: getBleRingPlaybackActive :false
07-08 23:27:30.048  3425  3425 D AS.AudioService: sendVolumeUpdate streamType=3, index=720, flags=4113
07-08 23:27:30.048  3425  3425 D VolumeController: postVolumeChanged streamType=3, flags=4113
07-08 23:27:30.048  3425  4423 E OplusInputDeviceUtil: api level < 36 or inputDevice is null, return false
07-08 23:27:30.049  3425  4423 D STKeyLog_StrategyPadKeyBoardShortcut: excuteShortCut, interactive = true
07-08 23:27:30.049  3425  3425 D OplusThermalStats: onReceive: act = android.media.VOLUME_CHANGED_ACTION
07-08 23:27:30.049  3425  4423 D OplusCustomizeRestrictionManagerService: isLongPressVolumeUpDisabled start
07-08 23:27:30.049  3425  8517 D PowerManagerService: userActivityNoUpdateLocked: groupId=0, eventTime=9487477, event=button, flags=0x0, uid=1000
07-08 23:27:30.049  3425  3425 D OplusThermalStats: onReceive: act = android.media.VOLUME_CHANGED_ACTION
07-08 23:27:30.049  3425  3425 D OplusThermalStats: onReceive: act = android.media.VOLUME_CHANGED_ACTION
07-08 23:27:30.049  4972  5231 I SystemUi--Volume: vol.VolumeDialogControl-->shouldShowUI wakefulness:2 ,mDeviceInteractive:true ,mShowVolumeDialog:true
07-08 23:27:30.050  3425  8517 D PowerManagerService: userActivityNoUpdateLocked: groupId=0, eventTime=9487477, event=button, flags=0x0, uid=1000
07-08 23:27:30.050  4972  5231 I vol.Events: writeEvent level_changed STREAM_MUSIC 72
07-08 23:27:30.050  4972  5231 I SystemUi--Volume: vol.VolumeDialogControl-->onVolumeChangedW stream:3,flags:4113 ,showUI:true ,fromKey:true ,showVibrateHint:false ,showSilentHint:false ,changed:true
07-08 23:27:30.051  4972  4972 I SystemUi--Volume: OplusVolumeDialogImpl-->updateVolumeRowSliderH,vibrateByLMVibrator,row= 3, progress=8200 level = 82  vLevle=72 row.lastVlevel=82, isVibrated=false
07-08 23:27:30.051  4972  5231 I vol.Events: writeEvent key STREAM_MUSIC 72
07-08 23:27:30.051  4972  5231 I SystemUi--Volume: vol.VolumeDialogControl-->shouldShowUI wakefulness:2 ,mDeviceInteractive:true ,mShowVolumeDialog:true
07-08 23:27:30.051  4972  5231 I SystemUi--Volume: vol.VolumeDialogControl-->onReceive VOLUME_CHANGED_ACTION stream=9 level=7 oldLevel=8 ss.level:8
07-08 23:27:30.052  4972  4972 I SystemUi--Volume: OplusVolumeDialogImpl-->show
07-08 23:27:30.052  4972  4972 I SystemUi--Volume: OplusVolumeRepository-->not dragonfly Device, show volume dialog
07-08 23:27:30.053  4972  4972 I SystemUi--Volume: OplusVolumeDialogImpl-->showH r=volume_changed, mExpanded = false, activeRow.stream: 3, sldierShowing: true, singleAppVolumeButtonViewController.isShowing = false, isOplusSuperVolume = false, mIsMusicActive = true, audioMode = 0, isStreamInBluetoothSco = false, preventSeekBar = false, mVerticalRowIconParent.visible = 0
07-08 23:27:30.055  3425  4234 D NotificationService--OplusNotificationFixHelper: fixAppIcon: pkg=rd.sheepskin.sandboxmusic
07-08 23:27:30.055  4972  4899 D LinearmotorVibrator: vibrate: effect=WaveformEffect { e2fde85, effectType=152, effectStrength=1289, effectLoop=false, ringtoneVibrateType=-1, isRingtoneCustomized=false, ringtoneFilePath=, strengthSettingEnabled=false, asynchronous=true, usageHint=0 }
07-08 23:27:30.055  3425  4234 D NotificationService--OplusNotificationFixHelper: fixAppIcon: appIcon = null, pkg = rd.sheepskin.sandboxmusic
07-08 23:27:30.055  3425  4506 V AS.AudioService: uid 1000, callingApp = android.uid.system:1000
07-08 23:27:30.055  4972  5231 I SystemUi--Volume: vol.VolumeDialogControl-->onReceive VOLUME_CHANGED_ACTION stream=3 level=72 oldLevel=82 ss.level:72
07-08 23:27:30.055  3425  4234 D NotificationService--NotificationRecord: isSupportRearLight , isRearLight = false mLedRM = false isMultilLed = false
07-08 23:27:30.055  3425  5794 D PowerManagerService: userActivityNoUpdateLocked: groupId=0, eventTime=9487506, event=other, flags=0x0, uid=10208
07-08 23:27:30.055  3425  3425 D OplusThermalStats: onReceive: act = android.media.VOLUME_CHANGED_ACTION
07-08 23:27:30.055  3425  4939 I VibratorManagerServiceExtImpl: vibrate is uid=10208, pid=4972, opPkg=com.android.systemui, effect=Mono{mEffect=Composed{segments=[OplusVibrationEffectSegment{mEffectId=152, mEffectStrength=1289, mRingtonePath=''}], repeat=-1}}, attributes=VibrationAttributes{mUsage=UNKNOWN, mAudioUsage= USAGE_UNKNOWN, mFlags=0}, reason=null, token=152986607
07-08 23:27:30.056  3425  4234 I OplusStatusBarManagerServiceEnhance:  getTopIsFullscreen mTopIsFullscreen: false
07-08 23:27:30.056  3425  4234 W ActivityManager: Permission Denial: getTopApplicationInfo from pid=24668, uid=10447 requires oplus.permission.OPLUS_COMPONENT_SAFE
07-08 23:27:30.056  2212  4507 D APM_AudioPolicyManager: setVolumeCurveIndex device 00000002, index 72, muted 0
07-08 23:27:30.056  3425  4234 E OplusNotificationCenter: getForegroundApplication exception
07-08 23:27:30.056  3425  3425 D NotificationService--OplusNotificationManagerServiceExtImpl: isForwardToAssistants: true, case : Is local notification
07-08 23:27:30.056  3425  3425 D NotificationService: This application enqueue notifications is need postDelayed mcsAssistantDelayTime: 200
07-08 23:27:30.057  3425  6070 D MediaSessionService: onSessionPlaybackStateChanged: record=rd.sheepskin.sandboxmusic/SovereignMusicConsole/185 (userId=0) playbackState=PlaybackState {state=PLAYING(3), position=7823, buffered position=0, speed=1.0, updated=1783549650056, actions=894, custom actions=[], active item id=-1, error=null}
07-08 23:27:30.057  2212  2853 D AudioFlinger: setPortsVolume() portInfos 363| value 0.079433 output 29
07-08 23:27:30.057  2212  2853 D AudioFlinger_PlaybackThreadExtImpl: hasTrackForStreamType, portId = 363, streamType = 3
07-08 23:27:30.058  3425  4366 W VibrationScaler: Got unexpected vibration intensity: 2400
07-08 23:27:30.058  3425  4366 D VibrationThread: Perform OplusPrebakedSegment{mEffectId=152, mWaveformId=105, mDuration=66, mEffectStrength=1289, mDefaultUsage=TOUCH} on vibrator 0
07-08 23:27:30.058  2212  4507 D APM_AudioPolicyManager: setVolumeCurveIndex device 00000002, index 7, muted 0
07-08 23:27:30.058  3294  3294 D aidl_vibrator: Vibrator set amplitude: 1.537083
07-08 23:27:30.059  3425  4664 D NasPowerProxyService: playback state changed:{duration=7506651, artist=, album=, bufferedPosition=0, packageName=rd.sheepskin.sandboxmusic, state=3, position=7823, id=podcast:feed-tgquzh:feed-tgquzh:ep-cfntkq, title=, speed=1.0}
07-08 23:27:30.058  3425  4366 E VibratorController: Vibrator HAL setAmplitude failed: 
07-08 23:27:30.059  2212  4507 D APM_AudioPolicyManager: setVolumeCurveIndex device 00000002, index 7, muted 0
07-08 23:27:30.059  3294  3294 D aidl_vibrator: Vibrator perform effect 105
07-08 23:27:30.059  3294  3294 I aidl_vibrator: findEffect vibStyle 0, effect id = 105!
07-08 23:27:30.060  3425  4234 D NotificationService--OplusNotificationFixHelper: fixAppIcon: pkg=rd.sheepskin.sandboxmusic
07-08 23:27:30.060  3425  4234 D NotificationService--OplusNotificationFixHelper: fixAppIcon: appIcon = null, pkg = rd.sheepskin.sandboxmusic
07-08 23:27:30.060  3425  4234 D NotificationService--NotificationRecord: isSupportRearLight , isRearLight = false mLedRM = false isMultilLed = false
07-08 23:27:30.060  3425  4234 I OplusStatusBarManagerServiceEnhance:  getTopIsFullscreen mTopIsFullscreen: false
07-08 23:27:30.060  2212  4507 D APM_AudioPolicyManager: setVolumeCurveIndex device 00000002, index 7, muted 0
07-08 23:27:30.060  3425  4234 W ActivityManager: Permission Denial: getTopApplicationInfo from pid=24668, uid=10447 requires oplus.permission.OPLUS_COMPONENT_SAFE
07-08 23:27:30.060  3425  4234 E OplusNotificationCenter: getForegroundApplication exception
07-08 23:27:30.061  3425  3425 D NotificationService--OplusNotificationManagerServiceExtImpl: isForwardToAssistants: true, case : Is local notification
07-08 23:27:30.061  3294 28992 D aidl_vibrator: Starting perform on another thread
07-08 23:27:30.061  3425  3425 D NotificationService: This application enqueue notifications is need postDelayed mcsAssistantDelayTime: 200
07-08 23:27:30.061  4972  5076 I SystemUi--Media: OplusMediaDataManagerSt-->AOD_MEDIA_PANEL-->createActionsFromState: curState = 3
07-08 23:27:30.061  3425  4549 D AudioManagerExtImpl: getStreamVolume packageName=android, index=72, streamType=3
07-08 23:27:30.061  3425  4549 W BluetoothAdapterExtImpl: getA2dpSharing mOplusBluetooth null!
07-08 23:27:30.061  3425  4549 D MR2SystemProvider: rebuildAvailableRoutes selectedDeviceAttributesType = 2, selectedDeviceAttributesAddr = null, isA2dpSharingSupported = false
07-08 23:27:30.061 24668 24668 I Capacitor/Console: File:  - Line 333 - Msg: undefined
07-08 23:27:30.061  3425  4549 D MR2SystemProvider: updateAvailableRoutesLocked start, isA2dpSharingSupported = false, volume = 72, musicMaxVolume = 160, isVolumeFixed = false
07-08 23:27:30.061  3425  4549 V AS.AudioService: uid 1000, callingApp = android.uid.system:1000
07-08 23:27:30.061 24668 24668 I Capacitor/Console: File:  - Line 333 - Msg: {"route":"speaker"}
07-08 23:27:30.062  4972  5076 D MediaDataManager: State updated outside of notification
07-08 23:27:30.062 24668 24668 I DynamicFramerate [AnimationSpeedAware]: onDeliverInputEvent: key event
07-08 23:27:30.061  5767  5767 D AudioManagerExtImpl: getStreamVolume packageName=com.oplus.audio.effectcenter, index=72, streamType=3
07-08 23:27:30.062  3425  4549 I MR2SystemProvider: updateAvailableRoutesLocked update selected route holder with volume info
07-08 23:27:30.063  3425  4549 D MR2SystemProvider: update A2DP sharing deselectable and selectable routes
07-08 23:27:30.063  3425  4549 D MR2SystemProvider: updateAvailableRoutesLocked selectRoute = null, category = 0, volume = 72, volumeMax = 160, volumeHandling = 1
07-08 23:27:30.063  3425  4549 D MR2SystemProvider: smae session info, not update
07-08 23:27:30.063  4972  4972 I SystemUi--Media: MediaDataFlowLimiter-->MEDIA_PANEL-->onMediaDataLoaded, first data , 0|rd.sheepskin.sandboxmusic|88001|null|10447 Sandbox Music(isPlaying:true), currentData = MediaDataExt{userId=0, initialized=true, app=Sandbox Music, artist=EMPTY, song=EMPTY, artwork=null, packageName=rd.sheepskin.sandboxmusic, token=android.media.session.MediaSession$Token@d0262a8,  active=true, playbackLocation=0, resumption=false, notificationKey=0|rd.sheepskin.sandboxmusic|88001|null|10447, isPlaying=true, mediaCustNotification=false, }
07-08 23:27:30.063  3425  5794 D MediaSessionService: dispatchVolumeKeyEvent, pkg=rd.sheepskin.sandboxmusic, opPkg=rd.sheepskin.sandboxmusic, pid=24668, uid=10447, asSystem=true, event=KeyEvent { action=ACTION_UP, keyCode=KEYCODE_VOLUME_DOWN, scanCode=114, metaState=0, flags=0x8, repeatCount=0, eventTime=9487477499000, downTime=9487320210000, deviceId=3, source=0x101, displayId=-1 }, stream=3, musicOnly=false
07-08 23:27:30.063  5767  5767 D AudioEffect-JAVA: getParameter is not Oplus command!
07-08 23:27:30.063  5767  5767 I AudioEffect: getParameter: param: 2, param2: -1
07-08 23:27:30.063  3425  4939 D AudioManagerExtImpl: getStreamVolume packageName=android, index=72, streamType=3
07-08 23:27:30.063  4972  4972 I SystemUi--Media: AbsMediaClient-->MEDIA_SEEDLING-->updateMediaDataByPlaybackState newState=3,newPosition=0, rd.sheepskin.sandboxmusic
07-08 23:27:30.063  4972  4972 I SystemUi--Media: AbsMediaClient-->MEDIA_SEEDLING-->dispatchMediaDataLoaded needUpdate=0 reason=updatePositionByPlaybackState isDestroyed=false
07-08 23:27:30.063  3425  5794 D MediaSessionService: Adjusting suggestedStream=3 by 0. flags=4116, preferSuggestedStream=true, session=rd.sheepskin.sandboxmusic/SovereignMusicConsole/185 (userId=0), musicOnly false
07-08 23:27:30.063  4972  4972 I SystemUi--Media: MediaDataCombineLatest-->MEDIA_SEEDLING-->onMediaDataLoaded mediaData = rd.sheepskin.sandboxmusic,0|rd.sheepskin.sandboxmusic|88001|null|10447,7506651,null,null,null,0,3,0,9487517,1.0,false,1783549647031,true,9487245,true,MediaButton(playId=0|rd.sheepskin.sandboxmusic|88001|null|10447, playOrPause=MediaAction(buttonName=playOrPause, iconMap={Default=(./assets/images/pauseDark.svg, null), SecondHome=(./assets/images/pauseDark.svg, null)}, animRes=null, voiceLabel=P***, isStandardAction=true, icon=Icon(typ=BITMAP size=162x162)), nextOrCustom=MediaAction(buttonName=nextOrCustom, iconMap={Default=(./assets/images/nextDark.svg, null), SecondHome=(./assets/images/nextDark.svg, null)}, animRes=./assets/images/next_anim.json, voiceLabel=N***, isStandardAction=true, icon=Icon(typ=BITMAP size=162x162)), prevOrCustom=MediaAction(buttonName=prevOrCustom, iconMap={Default=(./assets/images/previousDark.svg, null), SecondHome=(./assets/images/previousDark.svg, null)}, animRes=./assets/images/previous_anim.json, voiceLabel=P***, isStandardAction=true, icon=Icon(typ=BITMAP size=162x162)), custom0=null, custom1=MediaAction(buttonName=custom1, iconMap={}, animRes=null, voiceLabel=S***, isStandardAction=false, icon=Icon(typ=BITMAP size=162x162))),0
07-08 23:27:30.063  4972  4972 I SystemUi--Media: MediaSeedling-->MEDIA_SEEDLING-->postMediaDataUpdate needUpdate: 0 reason:onMediaDataLoaded
07-08 23:27:30.063  3425  3425 E MediaSessionService: sPid is 3425 sTid:3425
07-08 23:27:30.063  4972  4972 D MediaDataManager: updateState: isPlaying = true, song change = true
07-08 23:27:30.064  2212  4507 D EffectHalHidl: audioSchedBoost, set audiohal task boost, pid=2212, tid=4507, ret=0
07-08 23:27:30.064  4972  4972 I SystemUi--Media: MediaDataFlowLimiter-->MEDIA_PANEL-->onMediaDataLoaded: Sandbox Music(isPlaying:true) within debounce period, ignore
07-08 23:27:30.064  4972  4972 I SystemUi--Media: MediaSeedling-->MEDIA_SEEDLING-->handleMediaDataUpdate allowCreateCard: false
07-08 23:27:30.064  4972  4972 I SystemUi--Media: MediaSeedling-->MEDIA_SEEDLING-->postSeedlingsUpdate delay: 1000 needUpdate: 0 reason:handleMessage UpdateInterval
07-08 23:27:30.064  2212  4507 D EffectHalHidl: audioSchedBoost, set audiohal task boost, pid=2212, tid=4507, ret=0
07-08 23:27:30.065  4972  5075 I SystemUi--Media: MediaLiveAlertController-->MEDIA_SEEDLING-->sendDataToPlugin, method=sendLiveAlert, notification.key=0|com.android.systemui|268452006|1783549645619|0
07-08 23:27:30.065  4972  5075 I PluginSeedling--Base: SeedlingCardServerProvider-->seedling provider called com.oplus.card.server.systemui.provider w/ sendLiveAlert 10208 4972 0
07-08 23:27:30.066  5767  5767 I AEC.a   : getPortDeviceNameLength(0) return: 745
07-08 23:27:30.066  1929  2063 I [UAH_CLIENT]: UahPlatformResAcquire
07-08 23:27:30.066  1929  2063 I [UAH_CLIENT]: UahEventAcquire, cmdid:-3, pkg:2232 12011, identity:qcom-perfd
07-08 23:27:30.066 24668 25125 V Capacitor/Plugin: To native (Capacitor plugin): callbackId: 1552750, pluginId: BackgroundMedia, methodName: updatePlaybackState
07-08 23:27:30.066 24668 24668 I Capacitor/Console: File:  - Line 333 - Msg: undefined
07-08 23:27:30.066  4972  4972 I SystemUi--Media: MediaPlayerData-->MEDIA_PANEL-->addMediaSortKey newKey:0|rd.sheepskin.sandboxmusic|88001|null|10447 oldKey:0|rd.sheepskin.sandboxmusic|88001|null|10447, remove:true packageName:rd.sheepskin.sandboxmusic playbackStateUnchanged:true newPlaying:true oldPlaying:true updateTime:1783549647031 oldTime:1783549647031 noUpdateTime:false
07-08 23:27:30.066  4972  4972 I SystemUi--Media: OplusMediaDataFilterExImpl-->MEDIA_PANEL-->dispatchMediaDataOnLoaded key:0|rd.sheepskin.sandboxmusic|88001|null|10447 oldKey:0|rd.sheepskin.sandboxmusic|88001|null|10447 data:MediaDataExt{userId=0, initialized=true, app=Sandbox Music, artist=EMPTY, song=EMPTY, artwork=null, packageName=rd.sheepskin.sandboxmusic, token=android.media.session.MediaSession$Token@d0262a8,  active=true, playbackLocation=0, resumption=false, notificationKey=0|rd.sheepskin.sandboxmusic|88001|null|10447, isPlaying=true, mediaCustNotification=false, }
07-08 23:27:30.066 11087 11087 D AudioManagerExtImpl: getStreamVolume packageName=com.pittvandewitt.wavelet, index=72, streamType=3
07-08 23:27:30.066  4972  4972 I SystemUi--Media: OplusQsMediaPanelViewController-->MEDIA_PANEL-->onMediaDataLoaded: MediaDataExt{userId=0, initialized=true, app=Sandbox Music, artist=EMPTY, song=EMPTY, artwork=null, packageName=rd.sheepskin.sandboxmusic, token=android.media.session.MediaSession$Token@d0262a8,  active=true, playbackLocation=0, resumption=false, notificationKey=0|rd.sheepskin.sandboxmusic|88001|null|10447, isPlaying=true, mediaCustNotification=false, }, controller: com.oplus.systemui.qs.media.OplusQsMediaPanelViewController$mediaDataUpdateListener$1@9b00f6d
07-08 23:27:30.066  4972  5075 I PluginSeedling--Base: DefaultLiveAlertProvider-->default provider currentUserId=0 sbn: StatusBarNotification(pkg=com.android.systemui user=UserHandle{0} id=268452006 tag=1783549645619 key=0|com.android.systemui|268452006|1783549645619|0: Notification(channel=268452006 shortcut=null contentView=null vibrate=null sound=null defaults=0 flags=0 color=0x00000000 category=transport vis=PRIVATE))
07-08 23:27:30.066  4972  4972 I SystemUi--Media: OplusMediaSeedlingController-->MEDIA_SEEDLING-->warning: onMediaDataLoaded: old mediaClient is not null! key=0|rd.sheepskin.sandboxmusic|88001|null|10447
07-08 23:27:30.066  4972  4972 I SystemUi--Media: AbsMediaClient-->MEDIA_SEEDLING-->onMediaDataLoaded: data=MediaDataExt{userId=0, initialized=true, app=Sandbox Music, artist=EMPTY, song=EMPTY, artwork=null, packageName=rd.sheepskin.sandboxmusic, token=android.media.session.MediaSession$Token@d0262a8,  active=true, playbackLocation=0, resumption=false, notificationKey=0|rd.sheepskin.sandboxmusic|88001|null|10447, isPlaying=true, mediaCustNotification=false, } isDestroyed=false
07-08 23:27:30.066 24668 24668 I Capacitor/Console: File:  - Line 349 - Msg: [object Object]
07-08 23:27:30.066  4972  4972 I SystemUi--Media: AbsMediaClient-->MEDIA_SEEDLING-->dispatchMediaDataLoaded needUpdate=0 reason=onMediaDataLoaded isDestroyed=false
07-08 23:27:30.066  4972  4972 I SystemUi--Media: MediaDataCombineLatest-->MEDIA_SEEDLING-->onMediaDataLoaded mediaData = rd.sheepskin.sandboxmusic,0|rd.sheepskin.sandboxmusic|88001|null|10447,7506651,null,null,null,0,3,0,9487517,1.0,false,1783549647031,true,9487517,true,MediaButton(playId=0|rd.sheepskin.sandboxmusic|88001|null|10447, playOrPause=MediaAction(buttonName=playOrPause, iconMap={Default=(./assets/images/pauseDark.svg, null), SecondHome=(./assets/images/pauseDark.svg, null)}, animRes=null, voiceLabel=P***, isStandardAction=true, icon=Icon(typ=BITMAP size=162x162)), nextOrCustom=MediaAction(buttonName=nextOrCustom, iconMap={Default=(./assets/images/nextDark.svg, null), SecondHome=(./assets/images/nextDark.svg, null)}, animRes=./assets/images/next_anim.json, voiceLabel=N***, isStandardAction=true, icon=Icon(typ=BITMAP size=162x162)), prevOrCustom=MediaAction(buttonName=prevOrCustom, iconMap={Default=(./assets/images/previousDark.svg, null), SecondHome=(./assets/images/previousDark.svg, null)}, animRes=./assets/images/previous_anim.json, voiceLabel=P***, isStandardAction=true, icon=Icon(typ=BITMAP size=162x162)), custom0=null, custom1=MediaAction(buttonName=custom1, iconMap={}, animRes=null, voiceLabel=S***, isStandardAction=false, icon=Icon(typ=BITMAP size=162x162))),0
07-08 23:27:30.066  2212  4507 D AudioPolicyManagerExtImpl: [SuperVolume] update mFmMaxVolume = 1.000000.
07-08 23:27:30.066  4972  4972 I SystemUi--Media: AodMediaDataListener-->AOD_MEDIA_PANEL-->onMediaDataLoaded aod media not support for rd.sheepskin.sandboxmusic
07-08 23:27:30.067  1929  2055 E ANDR-PERF-RESOURCEQS: ANDR-PERF-RESOURCEQS: AddAndApply() 125: Resource with major=16, minor=0 not supported
07-08 23:27:30.067 24668 25125 V Capacitor: callback: 1552750, pluginId: BackgroundMedia, methodName: updatePlaybackState, methodData: {"isPlaying":true,"positionMs":8920,"durationMs":7506651,"playbackRate":1,"revision":23}
07-08 23:27:30.067  5767  5767 D AudioEffect-JAVA: getParameter is not Oplus command!
07-08 23:27:30.067  5767  5767 I AudioEffect: getParameter: param: 4, param2: -1
07-08 23:27:30.068  3425  3425 V AudioServiceExtImpl: oplusGetParameters() keyValuePairs:OPLUS_AUDIO_GET_ADJUSTVOLUME_FORBID, uid: 1000
07-08 23:27:30.068  3425  3425 D AS.AudioService: sendVolumeUpdate streamType=3, index=720, flags=4112
07-08 23:27:30.068  3425  3425 D VolumeController: postVolumeChanged streamType=3, flags=4112
07-08 23:27:30.068  2212  4538 D EffectHalHidl: audioSchedBoost, set audiohal task boost, pid=2212, tid=4538, ret=0
07-08 23:27:30.068 24668 24668 I Capacitor/Console: File:  - Line 333 - Msg: {"ok":true,"wiredDacStabilityEnabled":true}
07-08 23:27:30.069 24668 24668 I Capacitor/Console: File:  - Line 349 - Msg: [object Object]
07-08 23:27:30.069  1888  6993 D DlbDapEffectContext: DapEffectContext::getSelectedTuningDevice(port = 0): [default_speaker_landscape_music_vol2]
07-08 23:27:30.069  2212  4538 D EffectHalHidl: audioSchedBoost, set audiohal task boost, pid=2212, tid=4538, ret=0
07-08 23:27:30.069  2212  4507 D AudioPolicyManagerExtImpl: [SuperVolume] update mFmMaxVolume = 1.000000.
07-08 23:27:30.069 24668 25125 V Capacitor/Plugin: To native (Capacitor plugin): callbackId: 1552751, pluginId: NativeExoPlayback, methodName: setGaplessEnabled
07-08 23:27:30.069 24668 25125 V Capacitor: callback: 1552751, pluginId: NativeExoPlayback, methodName: setGaplessEnabled, methodData: {"enabled":false}
07-08 23:27:30.069  4972  5231 I SystemUi--Volume: vol.VolumeDialogControl-->shouldShowUI wakefulness:2 ,mDeviceInteractive:true ,mShowVolumeDialog:true
07-08 23:27:30.070  5767  5767 I AEC.a   : getSelectedTuningDevice(0) return: default_speaker_landscape_music_vol2└Ç└Ç└Ç└Ç└Ç└Ç└Ç└Ç└Ç└Ç└Ç└Ç└Ç└Ç└Ç└Ç└Ç└Ç└Ç└Ç└Ç└Ç└Ç└Ç└Ç└Ç└Ç└Ç└Ç└Ç└Ç└Ç└Ç└Ç└Ç└Ç└Ç└Ç└Ç└Ç└Ç└Ç└Ç└Ç└Ç└Ç└Ç└Ç└Ç└Ç└Ç└Ç└Ç└Ç└Ç└Ç└Ç└Ç└Ç└Ç└Ç└Ç└Ç└Ç└Ç└Ç└Ç└Ç└Ç└Ç└Ç└Ç└Ç└Ç└Ç└Ç└Ç└Ç└Ç└Ç└Ç└Ç└Ç└Ç└Ç└Ç└Ç└Ç└Ç└Ç└Ç└Ç└Ç└Ç└Ç└Ç└Ç└Ç└Ç└Ç└Ç└Ç└Ç└Ç└Ç└Ç└Ç└Ç└Ç└Ç└Ç└Ç└Ç└Ç└Ç└Ç└Ç└Ç└Ç└Ç└Ç└Ç└Ç└Ç└Ç└Ç└Ç└Ç└Ç└Ç└Ç└Ç└Ç└Ç└Ç└Ç└Ç└Ç└Ç└Ç└Ç└Ç└Ç└Ç└Ç└Ç└Ç└Ç└Ç└Ç└Ç└Ç└Ç└Ç└Ç└Ç└Ç└Ç└Ç└Ç└Ç└Ç└Ç└Ç└Ç└Ç└Ç└Ç└Ç└Ç└Ç└Ç└Ç└Ç└Ç└Ç└Ç└Ç└Ç└Ç└Ç└Ç└Ç└Ç└Ç└Ç└Ç└Ç└Ç└Ç└Ç└Ç└Ç└Ç└Ç└Ç└Ç└Ç└Ç└Ç└Ç└Ç└Ç└Ç└Ç└Ç└Ç└Ç└Ç└Ç└Ç└Ç└Ç└Ç└Ç└Ç└Ç└Ç└Ç└Ç└Ç└Ç└Ç└Ç└Ç└Ç└Ç└Ç└Ç└Ç└Ç└Ç└Ç└Ç└Ç└Ç└Ç└Ç└Ç└Ç└Ç└Ç└Ç└Ç└Ç└Ç└Ç└Ç└Ç└Ç└Ç└Ç└Ç└Ç└Ç└Ç└Ç└Ç└Ç└Ç└Ç└Ç└Ç└Ç└Ç└Ç└Ç└Ç└Ç└Ç└Ç└Ç└Ç└Ç└Ç└Ç└Ç└Ç└Ç└Ç└Ç└Ç└Ç└Ç└Ç└Ç└Ç└Ç└Ç└Ç└Ç└Ç└Ç└Ç└Ç└Ç└Ç└Ç└Ç└Ç└Ç└Ç└Ç└Ç└Ç└Ç└Ç└Ç└Ç└Ç└Ç└Ç└Ç└Ç└Ç└Ç└Ç└Ç└Ç└Ç└Ç└Ç└Ç└Ç└Ç└Ç└Ç└Ç└Ç└Ç└Ç└Ç└Ç└Ç└Ç└Ç└Ç└Ç└Ç└Ç└Ç└Ç└Ç└Ç└Ç└Ç└Ç└Ç└Ç└Ç└Ç└Ç└Ç└Ç└Ç└Ç└Ç└Ç└Ç└Ç└Ç└Ç└Ç└Ç└Ç└Ç└Ç└Ç└Ç└Ç└Ç└Ç└Ç└Ç└Ç└Ç└Ç└Ç└Ç└Ç└Ç└Ç└Ç└Ç└Ç└Ç└Ç└Ç└Ç└Ç└Ç└Ç└Ç└Ç└Ç└Ç└Ç└Ç└Ç└Ç└Ç└Ç└Ç└Ç└Ç└Ç└Ç└Ç└Ç└Ç└Ç└Ç└Ç└Ç└Ç└Ç└Ç└Ç└Ç└Ç└Ç└Ç└Ç└Ç└Ç└Ç└Ç└Ç└Ç└Ç└Ç└Ç└Ç└Ç└Ç└Ç└Ç└Ç└Ç└Ç└Ç└Ç└Ç└Ç└Ç└Ç└Ç└Ç└Ç└Ç└Ç└Ç└Ç└Ç└Ç└Ç└Ç└Ç└Ç└Ç└Ç└Ç└Ç└Ç└Ç└Ç└Ç└Ç└Ç└Ç└Ç└Ç└Ç└Ç└Ç└Ç└Ç└Ç└Ç└Ç└Ç└Ç└Ç└Ç└Ç└Ç└Ç└Ç└Ç└Ç└Ç└Ç└Ç└Ç└Ç└Ç└Ç└Ç└Ç└Ç└Ç└Ç└Ç└Ç└Ç└Ç└Ç└Ç└Ç└Ç└Ç└Ç└Ç└Ç└Ç└Ç└Ç└Ç└Ç└Ç└Ç└Ç└Ç└Ç└Ç└Ç└Ç└Ç└Ç└Ç└Ç└Ç└Ç└Ç└Ç└Ç└Ç└Ç└Ç└Ç└Ç└Ç└Ç└Ç└Ç└Ç└Ç└Ç└Ç└Ç└Ç└Ç└Ç└Ç└Ç└Ç└Ç└Ç└Ç└Ç└Ç└Ç└Ç└Ç└Ç└Ç└Ç└Ç└Ç└Ç└Ç└Ç└Ç└Ç└Ç└Ç└Ç└Ç└Ç└Ç└Ç└Ç└Ç└Ç└Ç└Ç└Ç└Ç└Ç└Ç└Ç└Ç└Ç└Ç└Ç└Ç└Ç└Ç└Ç└Ç└Ç└Ç└Ç└Ç└Ç└Ç└Ç└Ç└Ç└Ç└Ç└Ç└Ç└Ç└Ç└Ç└Ç└Ç└Ç└Ç└Ç└Ç└Ç└Ç└Ç└Ç└Ç└Ç└Ç└Ç└Ç└Ç└Ç└Ç└Ç└Ç└Ç└Ç└Ç└Ç└Ç└Ç└Ç└Ç└Ç└Ç└Ç└Ç└Ç└Ç└Ç└Ç└Ç└Ç└Ç└Ç└Ç└Ç└Ç└Ç└Ç└Ç└Ç└Ç└Ç└Ç└Ç└Ç└Ç└Ç└Ç└Ç└Ç└Ç└Ç└Ç└Ç└Ç└Ç└Ç└Ç└Ç└Ç└Ç└Ç└Ç└Ç└Ç└Ç└Ç└Ç└Ç└Ç└Ç└Ç└Ç└Ç└Ç└Ç└Ç└Ç└Ç└Ç└Ç└Ç└Ç└Ç└Ç└Ç└Ç└Ç└Ç
07-08 23:27:30.070  5767  5767 I AEC.a   : setSelectedTuningDevice(0, default_speaker_landscape_music_vol2)
07-08 23:27:30.070  5767  5767 I AudioEffect: setParameter(): 0xb4000073d2025200, param: 4, param2: -1
07-08 23:27:30.070  2212  4507 D EffectHalHidl: audioSchedBoost, set audiohal task boost, pid=2212, tid=4507, ret=0
07-08 23:27:30.071  4972  5075 I SystemUi--Media: AbsMediaClient-->MEDIA_SEEDLING-->updateMediaDataByPlaybackState newState=3,newPosition=0, rd.sheepskin.sandboxmusic
07-08 23:27:30.071  4972  5075 I SystemUi--Media: MediaActionBinder-->MEDIA_SEEDLING-->createOplusMediaActions: mediaActionPriority=PreferSemanticActions
07-08 23:27:30.071  2212  4507 D EffectHalHidl: audioSchedBoost, set audiohal task boost, pid=2212, tid=4507, ret=0
07-08 23:27:30.071  3425  6070 D MediaSessionService: onSessionPlaybackStateChanged: record=rd.sheepskin.sandboxmusic/SovereignMusicConsole/185 (userId=0) playbackState=PlaybackState {state=PLAYING(3), position=8920, buffered position=0, speed=1.0, updated=1783549650071, actions=894, custom actions=[], active item id=-1, error=null}
07-08 23:27:30.071  4972  5231 I SystemUi--Volume: vol.VolumeDialogControl-->onVolumeChangedW stream:3,flags:4112 ,showUI:false ,fromKey:true ,showVibrateHint:false ,showSilentHint:false ,changed:false
07-08 23:27:30.071  4972  5231 I SystemUi--Volume: vol.VolumeDialogControl-->shouldShowUI wakefulness:2 ,mDeviceInteractive:true ,mShowVolumeDialog:true
07-08 23:27:30.071  2029  2110 V DolbyManagerService: doOnDapParamUpdate() entry
07-08 23:27:30.071  4972  4972 I SystemUi--Media: AbsMediaClient-->MEDIA_SEEDLING-->dispatchMediaDataLoaded needUpdate=0 reason=bgHandler onMediaDataLoaded isDestroyed=false
07-08 23:27:30.071  4972  4972 I SystemUi--Media: MediaDataCombineLatest-->MEDIA_SEEDLING-->onMediaDataLoaded mediaData = rd.sheepskin.sandboxmusic,0|rd.sheepskin.sandboxmusic|88001|null|10447,7506651,null,null,null,0,3,0,9487521,1.0,false,1783549647031,true,9487517,true,MediaButton(playId=0|rd.sheepskin.sandboxmusic|88001|null|10447, playOrPause=MediaAction(buttonName=playOrPause, iconMap={Default=(./assets/images/pauseDark.svg, null), SecondHome=(./assets/images/pauseDark.svg, null)}, animRes=null, voiceLabel=P***, isStandardAction=true, icon=Icon(typ=BITMAP size=162x162)), nextOrCustom=MediaAction(buttonName=nextOrCustom, iconMap={Default=(./assets/images/nextDark.svg, null), SecondHome=(./assets/images/nextDark.svg, null)}, animRes=./assets/images/next_anim.json, voiceLabel=N***, isStandardAction=true, icon=Icon(typ=BITMAP size=162x162)), prevOrCustom=MediaAction(buttonName=prevOrCustom, iconMap={Default=(./assets/images/previousDark.svg, null), SecondHome=(./assets/images/previousDark.svg, null)}, animRes=./assets/images/previous_anim.json, voiceLabel=P***, isStandardAction=true, icon=Icon(typ=BITMAP size=162x162)), custom0=null, custom1=MediaAction(buttonName=custom1, iconMap={}, animRes=null, voiceLabel=S***, isStandardAction=false, icon=Icon(typ=BITMAP size=162x162))),0
07-08 23:27:30.071  2029  2110 V DolbyManagerService: doOnDapParamUpdate() exit
07-08 23:27:30.071  4972  4972 I SystemUi--Volume: OplusVolumeDialogImpl-->onVolumeKeyStateChange isMultiMediaSettingsEnable:true,screenState:2
07-08 23:27:30.071  1888  1922 D DmsHalA : DmsHalAidlCallBacks 0xb40000725462c900 onEvent() id = 43445544
07-08 23:27:30.071  1888  1922 D DlbEffectContext: onDapParamUpdate() mEffectContext = 0xb4000072546223d8, try to call its updateEffectParams()
07-08 23:27:30.071  1888  1922 D DlbDapEffectContext: DapEffectContext 0xb4000072546223d8 grab the lock and call updateDapParams()
07-08 23:27:30.072  4972  4972 I SystemUi--Media: MediaDataFlowLimiter-->MEDIA_PANEL-->onMediaDataLoaded: Sandbox Music(isPlaying:true) within debounce period, ignore
07-08 23:27:30.072  3425  4664 D NasPowerProxyService: playback state changed:{duration=7506651, artist=, album=, bufferedPosition=0, packageName=rd.sheepskin.sandboxmusic, state=3, position=8920, id=podcast:feed-tgquzh:feed-tgquzh:ep-cfntkq, title=, speed=1.0}
07-08 23:27:30.073  4972  5076 I SystemUi--Media: OplusMediaDataManagerSt-->AOD_MEDIA_PANEL-->createActionsFromState: curState = 3
07-08 23:27:30.073  3425  4234 V AudioServiceExtImpl: oplusGetParameters() keyValuePairs:OPLUS_AUDIO_GET_DEVICE_FORSTREAM:3, uid: 1000
07-08 23:27:30.073  5767  9796 E AEC.h   : setSpkVolParam(): new value: 7; old value: -1
07-08 23:27:30.073  4972  4972 I SystemUi--Media: AbsMediaClient-->MEDIA_SEEDLING-->updateMediaDataByPlaybackState newState=3,newPosition=0, rd.sheepskin.sandboxmusic
07-08 23:27:30.073  4972  4972 I SystemUi--Media: AbsMediaClient-->MEDIA_SEEDLING-->dispatchMediaDataLoaded needUpdate=0 reason=updatePositionByPlaybackState isDestroyed=false
07-08 23:27:30.073  3425  4939 I AS.SpatializerHelper: isEnabled false
07-08 23:27:30.073  4972  4972 I SystemUi--Media: MediaDataCombineLatest-->MEDIA_SEEDLING-->onMediaDataLoaded mediaData = rd.sheepskin.sandboxmusic,0|rd.sheepskin.sandboxmusic|88001|null|10447,7506651,null,null,null,0,3,0,9487527,1.0,false,1783549647031,true,9487517,true,MediaButton(playId=0|rd.sheepskin.sandboxmusic|88001|null|10447, playOrPause=MediaAction(buttonName=playOrPause, iconMap={Default=(./assets/images/pauseDark.svg, null), SecondHome=(./assets/images/pauseDark.svg, null)}, animRes=null, voiceLabel=P***, isStandardAction=true, icon=Icon(typ=BITMAP size=162x162)), nextOrCustom=MediaAction(buttonName=nextOrCustom, iconMap={Default=(./assets/images/nextDark.svg, null), SecondHome=(./assets/images/nextDark.svg, null)}, animRes=./assets/images/next_anim.json, voiceLabel=N***, isStandardAction=true, icon=Icon(typ=BITMAP size=162x162)), prevOrCustom=MediaAction(buttonName=prevOrCustom, iconMap={Default=(./assets/images/previousDark.svg, null), SecondHome=(./assets/images/previousDark.svg, null)}, animRes=./assets/images/previous_anim.json, voiceLabel=P***, isStandardAction=true, icon=Icon(typ=BITMAP size=162x162)), custom0=null, custom1=MediaAction(buttonName=custom1, iconMap={}, animRes=null, voiceLabel=S***, isStandardAction=false, icon=Icon(typ=BITMAP size=162x162))),0
07-08 23:27:30.073  5767  9796 E AEC.h   : setParameter failed because spatializer is not available! 
07-08 23:27:30.073  4972 28934 D InfoMediaManager: getAvailableRoutes: selectedRoutes = [Ph***:2]
07-08 23:27:30.073  4972 28934 D InfoMediaManager: getAvailableRoutes: selectableRoutes = []
07-08 23:27:30.073  4972 28934 D InfoMediaManager: getAvailableRoutes: transferableRoute = []
07-08 23:27:30.073  1888  1922 D DlbEffectContext: EffectContext[0xb4000072546223d8]: getStoredParams() outToken size = 1, out_paramStore size = 7
07-08 23:27:30.073  4972 28934 D InfoMediaManager: buildAvailableRoutes() first selected device : 1
07-08 23:27:30.074  4972  5038 W BluetoothAdapterExtImpl: getA2dpSharing mOplusBluetooth null!
07-08 23:27:30.074  4972  5076 D MediaDataManager: State updated outside of notification
07-08 23:27:30.074  4972  4972 D MediaDataManager: updateState: isPlaying = true, song change = false
07-08 23:27:30.074  4972  4972 I SystemUi--Media: MediaDataFlowLimiter-->MEDIA_PANEL-->onMediaDataLoaded: Sandbox Music(isPlaying:true) within debounce period, ignore
07-08 23:27:30.074  1888  1922 I DlbDapEffectContext: updateEffectParams() store iea value for device(0x2)
07-08 23:27:30.074  1888  1922 D DlbDapEffectContext: DapEffectContext[0xb4000072546223d8] getDapParameter() outval size = 12, ret = 0
07-08 23:27:30.075  1888  1922 D DlbDapEndpointParamCache: commit() Applying parameters for device 0x40000000
07-08 23:27:30.075  1888  1922 D DlbDapEndpointParamCache: doCommit() Committed 0 parameters out of 15.
07-08 23:27:30.075  1888  1922 D DlbDapEndpointParamCache: commit() Overriding parameters for current device 0x00000002
07-08 23:27:30.075  1888  1922 D DlbDapEndpointParamCache: doCommit() Committed 0 parameters out of 65.
07-08 23:27:30.075  1888  1922 D DlbEffectContext: onDapParamUpdate() mEffectContext = 0xb4000072546223d8, back from updateEffectParams()
07-08 23:27:30.075  3425  6070 D NotificationService--OplusNotificationFixHelper: fixAppIcon: pkg=rd.sheepskin.sandboxmusic
07-08 23:27:30.075  3425  6070 D NotificationService--OplusNotificationFixHelper: fixAppIcon: appIcon = null, pkg = rd.sheepskin.sandboxmusic
07-08 23:27:30.075  3425  6070 D NotificationService--NotificationRecord: isSupportRearLight , isRearLight = false mLedRM = false isMultilLed = false
07-08 23:27:30.076  3425  6070 I OplusStatusBarManagerServiceEnhance:  getTopIsFullscreen mTopIsFullscreen: false
07-08 23:27:30.076  3425  6070 W ActivityManager: Permission Denial: getTopApplicationInfo from pid=24668, uid=10447 requires oplus.permission.OPLUS_COMPONENT_SAFE
07-08 23:27:30.076  3425  6070 E OplusNotificationCenter: getForegroundApplication exception
07-08 23:27:30.076  3425  3425 D NotificationService--OplusNotificationManagerServiceExtImpl: isForwardToAssistants: true, case : Is local notification
07-08 23:27:30.076  3425  3425 D NotificationService: This application enqueue notifications is need postDelayed mcsAssistantDelayTime: 200
07-08 23:27:30.078 24668 24668 I Capacitor/Console: File:  - Line 333 - Msg: undefined
07-08 23:27:30.078 24668 24668 I Capacitor/Console: File:  - Line 333 - Msg: {"ok":true,"gaplessEnabled":false}
07-08 23:27:30.078 24668 24668 I Capacitor/Console: File:  - Line 349 - Msg: [object Object]
07-08 23:27:30.080 24668 25125 V Capacitor/Plugin: To native (Capacitor plugin): callbackId: 1552752, pluginId: NativeExoPlayback, methodName: setCrossfadeEnabled
07-08 23:27:30.081  3425  4234 D NotificationService--OplusNotificationFixHelper: fixAppIcon: pkg=com.pittvandewitt.wavelet
07-08 23:27:30.081  3425  4234 D NotificationService--OplusNotificationFixHelper: fixAppIcon: appIcon = null, pkg = com.pittvandewitt.wavelet
07-08 23:27:30.081  3425  4234 D NotificationService--NotificationRecord: isSupportRearLight , isRearLight = false mLedRM = false isMultilLed = false
07-08 23:27:30.082  3425  4234 I OplusStatusBarManagerServiceEnhance:  getTopIsFullscreen mTopIsFullscreen: false
07-08 23:27:30.082  3425  4234 W ActivityManager: Permission Denial: getTopApplicationInfo from pid=11087, uid=10039 requires oplus.permission.OPLUS_COMPONENT_SAFE
07-08 23:27:30.082  3425  4234 E OplusNotificationCenter: getForegroundApplication exception
07-08 23:27:30.082 24668 25125 V Capacitor: callback: 1552752, pluginId: NativeExoPlayback, methodName: setCrossfadeEnabled, methodData: {"enabled":false,"durationMs":2500,"gaplessDurationMs":600}
07-08 23:27:30.083  3425  3425 D NotificationService--OplusNotificationManagerServiceExtImpl: isForwardToAssistants: true, case : Is local notification
07-08 23:27:30.083  3425  3425 D NotificationService: This application enqueue notifications is need postDelayed mcsAssistantDelayTime: 200
07-08 23:27:30.084 24668 24668 I Capacitor/Console: File:  - Line 333 - Msg: {"ok":true,"crossfadeEnabled":false,"durationMs":2500}
07-08 23:27:30.084 24668 24668 I Capacitor/Console: File:  - Line 349 - Msg: [object Object]
07-08 23:27:30.085 24668 25125 V Capacitor/Plugin: To native (Capacitor plugin): callbackId: 1552753, pluginId: NativeExoPlayback, methodName: setBitPerfectEnabled
07-08 23:27:30.085 24668 25125 V Capacitor: callback: 1552753, pluginId: NativeExoPlayback, methodName: setBitPerfectEnabled, methodData: {"enabled":false}
07-08 23:27:30.086 24668 24668 I AudioEffect: setParameter(): 0xb4000070b04b5800, param: 0, param2: -1
07-08 23:27:30.086  2212  4507 D EffectHalHidl: audioSchedBoost, set audiohal task boost, pid=2212, tid=4507, ret=0
07-08 23:27:30.087  2212  4507 D EffectHalHidl: audioSchedBoost, set audiohal task boost, pid=2212, tid=4507, ret=0
07-08 23:27:30.087  3294 28992 D aidl_vibrator: Notifying perform complete
07-08 23:27:30.087  2212  3785 D EffectHalHidl: audioSchedBoost, set audiohal task boost, pid=2212, tid=3785, ret=0
07-08 23:27:30.087  1888  6993 V DlbVolumeListener: effectCommand
07-08 23:27:30.087  1888  6993 V DlbVolumeListener: Command EFFECT_CMD_SET_VOLUME
07-08 23:27:30.087  1888  6993 V DlbVolumeListener: Command EFFECT_CMD_SET_VOLUME: left 840808, right 840808, ioId 29
07-08 23:27:30.087  1888 10162 D PregainSynchronizer: onMessageReceived() for debug: session = 2369, ioHandle = 29, pregain = 840808
07-08 23:27:30.087  2212  3785 D EffectHalHidl: audioSchedBoost, set audiohal task boost, pid=2212, tid=3785, ret=0
07-08 23:27:30.087  1888 10162 D PregainSynchronizer: notifyGlobalEffects_l() for debug: effect.first(effect type) = 0, ioHandle = 29.
07-08 23:27:30.087  1888 10162 D PregainSynchronizer: notifyGlobalEffects_l() for debug: effData[0], effData.first(session) = 2369, effData.second.ioHandle = 29, effData.second.pregain = 840808
07-08 23:27:30.087  1888 10162 D PregainSynchronizer: transformExternalGain() fVol:0.050116 extVal:-416
07-08 23:27:30.087  1888 10162 I DlbEffectDap: setParam() mPregain: -416
07-08 23:27:30.087  1888 10162 D DlbDapEndpointParamCache: commit() Applying parameters for device 0x40000000
07-08 23:27:30.087  1888 10162 D DlbDapEndpointParamCache: doCommit() Committed 0 parameters out of 15.
07-08 23:27:30.087  1888 10162 D DlbDapEndpointParamCache: commit() Overriding parameters for current device 0x00000002
07-08 23:27:30.087  1888 10162 D DlbDapEndpointParamCache: doCommit() Committed 0 parameters out of 65.
07-08 23:27:30.087  1888  1952 D AHAL: AudioStream: out_update_source_metadata_v7: 1329: track count is 1 for usecase(0: deep-buffer-playback)
07-08 23:27:30.087  1888  1952 D AHAL: AudioStream: out_update_source_metadata_v7: 1379: Source metadata usage:1 content_type:2 gain:0.050116
07-08 23:27:30.087  1888  1952 D AHAL: AudioStream: SetAggregateSourceMetadata: 4749: Aggregated Source metadata usage:1 content_type:2 gain:0.050116
07-08 23:27:30.088 24668 24668 I Capacitor/Console: File:  - Line 333 - Msg: {"ok":true,"bitPerfectEnabled":false,"bitPerfectActive":false}
07-08 23:27:30.088  1888 22418 D DlbDapEffectContext: DapEffectContext[0xb4000072546223d8] getDapParameter() outval size = 12, ret = 0
07-08 23:27:30.088  1888 22418 D DlbDapEffectContext: ForDolbyTest: profile:2, mStoredIEA:8, mCurrentDevice:2, dolbyTestMode:0, updateIEA:0
07-08 23:27:30.088  1888 22418 I DlbEffectDap: process() oldGain: -377, gain: -416
07-08 23:27:30.089  1888 22418 D DlbDapEndpointParamCache: commit() Applying parameters for device 0x40000000
07-08 23:27:30.089  1888 22418 D DlbDap2Process: setParam(preg = #1[-416])
07-08 23:27:30.089  1888 22418 D DlbDapEndpointParamCache: doCommit() Committed 1 parameters out of 15.
07-08 23:27:30.089  1888 22418 D DlbDapEndpointParamCache: commit() Overriding parameters for current device 0x00000002
07-08 23:27:30.089  1888 22418 D DlbDapEndpointParamCache: doCommit() Committed 0 parameters out of 65.
07-08 23:27:30.093  1929 28994 I [UAH_CLIENT]: UahRelease, handle:14024
07-08 23:27:30.094  4972  4972 I PluginSeedling--Origin: LiveAlertInteractorImpl-->EntryDataListener,onDataPosted originData:[t3.d@837f1d30] data:[t3.d@837f1d30]
07-08 23:27:30.095  4972  4972 I PluginSeedling--Origin: LiveAlertInteractorImpl-->notifyEntryDataChanged ENTRY_NOTIFICATION, result:LiveAlertModel: [key: 0|com.android.systemui|268452006|1783549645619|0, entranceType: ENTRY_NOTIFICATION, score: 6.15, groupPriority: 2 type: LIVE, isSystemService: true, shouldShow: true, lockscreenShouldShow: true, sourceType: SOURCE_COMMON, remindLevel: 0, pkg: rd.sheepskin.sandboxmusic, hostPkgName=com.android.systemui front: true, forceRebuild: false, isForcedReminder: false, InstantDuration: 5000, requestPanel: null, capsuleTimeOut: 300000, serviceTitleName: , overrideTransition: false level: 2,
07-08 23:27:30.095  4972  4972 I PluginSeedling--Origin:  rusBaseData: RusBaseData(id='default_com.android.systemui_268452006', updateStateEnable=1, canDelete=1, remindAlways=0, longClick='', cardImportance=-1, clickCustomAction=0,timeOutDuration=5, timeOutDurationEnable=0,enableInSuperpower=0, autoPriority=0, customCapsuleDuration=300000,clickWhenAnim=1, panoramicAodEnable=1,notificationStyleList=,blackCallStyle=0, liveAlertScore=6.15,liveAlertLevel=2,enableQuitShrink=0, lockImmersiveEnable=1, lockImmersiveDefault=1,lockRemindAlways = 0, luSettings=[], liteAnim=14, serviceType=1), showSize: VIEW_SIZE_NONE, isPinFiltered: false serviceFrom: 0, liveAlertState: SeedlingState(0), wrapperSize: 3, duplicateChips: false, quitHideOrBubble:0, liveAlertService:, immersiveCardType:2, requestLockScreenImmersive:-1, ignoreEntry:-1, noe: false
07-08 23:27:30.095  4972  4972 I PluginSeedling--Notification: NotificationRepository-->onDataChanged, [LiveAlertModel: [key: 0|com.android.systemui|268452006|1783549645619|0, entranceType: ENTRY_NOTIFICATION, score: 6.15, groupPriority: 2 type: LIVE, isSystemService: true, shouldShow: true, lockscreenShouldShow: true, sourceType: SOURCE_COMMON, remindLevel: 0, pkg: rd.sheepskin.sandboxmusic, hostPkgName=com.android.systemui front: true, forceRebuild: false, isForcedReminder: false, InstantDuration: 5000, requestPanel: null, capsuleTimeOut: 300000, serviceTitleName: , overrideTransition: false level: 2,
07-08 23:27:30.095  4972  4972 I PluginSeedling--Notification:  rusBaseData: RusBaseData(id='default_com.android.systemui_268452006', updateStateEnable=1, canDelete=1, remindAlways=0, longClick='', cardImportance=-1, clickCustomAction=0,timeOutDuration=5, timeOutDurationEnable=0,enableInSuperpower=0, autoPriority=0, customCapsuleDuration=300000,clickWhenAnim=1, panoramicAodEnable=1,notificationStyleList=,blackCallStyle=0, liveAlertScore=6.15,liveAlertLevel=2,enableQuitShrink=0, lockImmersiveEnable=1, lockImmersiveDefault=1,lockRemindAlways = 0, luSettings=[], liteAnim=14, serviceType=1), showSize: VIEW_SIZE_NONE, isPinFiltered: false serviceFrom: 0, liveAlertState: SeedlingState(0), wrapperSize: 3, duplicateChips: false, quitHideOrBubble:0, liveAlertService:, immersiveCardType:2, requestLockScreenImmersive:-1, ignoreEntry:-1]
07-08 23:27:30.095  4972  4972 I PluginSeedling--Origin: LiveAlertInteractorImpl-->EntryDataListener,onDataPosted originData:[t3.d@837f1d30] data:[t3.d@837f1d30]
07-08 23:27:30.096  4972  4972 I PluginSeedling--Origin: LiveAlertInteractorImpl-->notifyEntryDataChanged ENTRY_STATUS_BAR, result:LiveAlertModel: [key: 0|com.android.systemui|268452006|1783549645619|0, entranceType: ENTRY_STATUS_BAR, score: 6.15, groupPriority: 2 type: LIVE, isSystemService: true, shouldShow: true, lockscreenShouldShow: false, sourceType: SOURCE_COMMON, remindLevel: 0, pkg: rd.sheepskin.sandboxmusic, hostPkgName=com.android.systemui front: true, forceRebuild: false, isForcedReminder: false, InstantDuration: 5000, requestPanel: null, capsuleTimeOut: 300000, serviceTitleName: , overrideTransition: false level: 2,
07-08 23:27:30.096  4972  4972 I PluginSeedling--Origin:  rusBaseData: RusBaseData(id='default_com.android.systemui_268452006', updateStateEnable=1, canDelete=1, remindAlways=0, longClick='', cardImportance=-1, clickCustomAction=0,timeOutDuration=5, timeOutDurationEnable=0,enableInSuperpower=0, autoPriority=0, customCapsuleDuration=300000,clickWhenAnim=1, panoramicAodEnable=1,notificationStyleList=,blackCallStyle=0, liveAlertScore=6.15,liveAlertLevel=2,enableQuitShrink=0, lockImmersiveEnable=1, lockImmersiveDefault=1,lockRemindAlways = 0, luSettings=[], liteAnim=14, serviceType=1), showSize: VIEW_SIZE_NONE, isPinFiltered: false serviceFrom: 0, liveAlertState: SeedlingState(0), wrapperSize: 2, duplicateChips: false, quitHideOrBubble:0, liveAlertService:, immersiveCardType:2, requestLockScreenImmersive:-1, ignoreEntry:-1, noe: false
07-08 23:27:30.098  4972  4972 I PluginSeedling--Template: TransitionViewWrapper-->update, newPageState: NORMAL_STYLE, currentPage:NORMAL_STYLE
07-08 23:27:30.098  4972  4972 I PluginSeedling--Template: TransitionViewWrapper-->update, newPageState: MEDIA_PLAYER_STYLE, currentPage:MEDIA_PLAYER_STYLE
07-08 23:27:30.099  4972  4972 I PluginSeedling--Template: TransitionViewWrapper-->update, newPageState: MEDIA_PLAYER_STYLE, currentPage:MEDIA_PLAYER_STYLE
07-08 23:27:30.099  4972  4972 I PluginSeedling--Template: TransitionViewWrapper-->update, newPageState: NORMAL_STYLE, currentPage:NORMAL_STYLE
