07-08 23:27:28.665  3425  4424 D OplusScreenOffTorchHelper: not handle with onVolumeKey,mFlashLightEnable = false,mFlashLightAvailable=true,mCameraId = 0 mVolumeDownPressEnabled=false
07-08 23:27:28.665  3425  4424 W OplusJoystickManager: Neither joystick feature is supported
07-08 23:27:28.665  3425  4424 D OplusCustomizeRestrictionManagerService: isLongPressVolumeUpDisabled start
07-08 23:27:28.665  3425  4424 D STKeyLog_StrategyBlackscreenshot: notifyKeyBeforeQueueing, downTime9486107, action=0, interactive=true
07-08 23:27:28.666  3425  4424 I VibratorManagerServiceExtImpl: cancelVibrate uid=1000, pid=3425, usageFilter=-15, token=232553853
07-08 23:27:28.672  3425  3425 D STKeyLog_StrategyPadKeyBoardShortcut: excuteShortCut, interactive = true
07-08 23:27:28.673  3425  3425 D OplusCustomizeRestrictionManagerService: isLongPressVolumeUpDisabled start
07-08 23:27:28.673  3425  3425 D KeyboardInterceptor: [onKeyEvent] eventDelay=0; event=KeyEvent { action=ACTION_DOWN, keyCode=KEYCODE_VOLUME_DOWN, scanCode=114, metaState=0, flags=0x8, repeatCount=0, eventTime=9486107000000, downTime=9486107000000, deviceId=3, source=0x101, displayId=-1 }; policyFlags=1711276032; mEventQueueStart=null
07-08 23:27:28.675  3425  6199 D PowerManagerService: userActivityNoUpdateLocked: groupId=0, eventTime=9486107, event=button, flags=0x0, uid=1000
07-08 23:27:28.783  3425  4424 W OplusJoystickManager: Neither joystick feature is supported
07-08 23:27:28.783  3425  4424 D OplusCustomizeRestrictionManagerService: isLongPressVolumeUpDisabled start
07-08 23:27:28.783  3425  4424 D STKeyLog_StrategyBlackscreenshot: notifyKeyBeforeQueueing, downTime9486107, action=1, interactive=true
07-08 23:27:28.784  3425  3425 D STKeyLog_StrategyPadKeyBoardShortcut: excuteShortCut, interactive = true
07-08 23:27:28.784  3425  3425 D OplusCustomizeRestrictionManagerService: isLongPressVolumeUpDisabled start
07-08 23:27:28.784  3425  3425 D KeyboardInterceptor: [onKeyEvent] eventDelay=0; event=KeyEvent { action=ACTION_UP, keyCode=KEYCODE_VOLUME_DOWN, scanCode=114, metaState=0, flags=0x8, repeatCount=0, eventTime=9486235175000, downTime=9486107000000, deviceId=3, source=0x101, displayId=-1 }; policyFlags=1711276032; mEventQueueStart=null
07-08 23:27:28.789  3425  4423 D STKeyLog_StrategyPadKeyBoardShortcut: excuteShortCut, interactive = true
07-08 23:27:28.789  3425  4423 D OplusCustomizeRestrictionManagerService: isLongPressVolumeUpDisabled start
07-08 23:27:28.790  3425  4423 D STKeyLog_StrategyPadKeyBoardShortcut: excuteShortCut, interactive = true
07-08 23:27:28.790  3425   940 D PowerManagerService: userActivityNoUpdateLocked: groupId=0, eventTime=9486107, event=button, flags=0x0, uid=1000
07-08 23:27:28.790  3425  4423 D OplusCustomizeRestrictionManagerService: isLongPressVolumeUpDisabled start
07-08 23:27:28.791  3425   940 D PowerManagerService: userActivityNoUpdateLocked: groupId=0, eventTime=9486235, event=button, flags=0x0, uid=1000
07-08 23:27:28.817  3425  8517 D PowerManagerService: userActivityNoUpdateLocked: groupId=0, eventTime=9486235, event=button, flags=0x0, uid=1000
07-08 23:27:28.850  3425  4549 D MR2SystemProvider: rebuildAvailableRoutes selectedDeviceAttributesType = 2, selectedDeviceAttributesAddr = null, isA2dpSharingSupported = false
07-08 23:27:28.850  3425  4549 D MR2SystemProvider: updateAvailableRoutesLocked start, isA2dpSharingSupported = false, volume = 102, musicMaxVolume = 160, isVolumeFixed = false
07-08 23:27:28.851  3425  4549 I MR2SystemProvider: updateAvailableRoutesLocked update selected route holder with volume info
07-08 23:27:28.851  3425  4549 D MR2SystemProvider: update A2DP sharing deselectable and selectable routes
07-08 23:27:28.851  3425  4549 D MR2SystemProvider: updateAvailableRoutesLocked selectRoute = null, category = 0, volume = 102, volumeMax = 160, volumeHandling = 1
07-08 23:27:28.852  3425  4549 D MR2SystemProvider: smae session info, not update
07-08 23:27:28.854  3425  4956 D PowerManagerService: userActivityNoUpdateLocked: groupId=0, eventTime=9486304, event=other, flags=0x0, uid=10208
07-08 23:27:28.861  3425  4956 I WindowManager: addWindow: New client android.os.BinderProxy@ec27640 : window=Window{14116be u0 OplusVolumeDialogImpl}
07-08 23:27:28.861  3425  4956 D ActivityTaskManager: The isLandscapeFullscreenEnabled is: rd.sheepskin.sandboxmusic/.MainActivity
07-08 23:27:28.867  3425  3597 I UserAwareMgr: handleTopAppChanged: com.android.systemui, pid: 4972, uid: 10208
07-08 23:27:28.874  3425  4956 D CoreBackPreview: Window{14116be u0 OplusVolumeDialogImpl}: Setting back callback OnBackInvokedCallbackInfo{mCallback=android.window.IOnBackInvokedCallback$Stub$Proxy@182c435, mPriority=-1, mIsAnimationCallback=false, mOverrideBehavior=0}
07-08 23:27:28.882  3425  5792 V WindowManager: Relayout Window{14116be u0 OplusVolumeDialogImpl}: viewVisibility=0, oldvis=0, req=1440x3168 , apr = 0, , x=0, y=0
07-08 23:27:28.883  3425  5792 I WindowManager: Window{14116be u0 OplusVolumeDialogImpl} state from NO_SURFACE to DRAW_PENDING; reason: resetDrawState
07-08 23:27:28.883  3425  3597 W QosScheduler: executeSceneQosStrategy failed! qos feature no enable
07-08 23:27:28.885  3425  5792 D WindowManager: NFW_findFocusedWindowIfNeeded:Window{bcf181d u0 rd.sheepskin.sandboxmusic/rd.sheepskin.sandboxmusic.MainActivity} mCurrentFocus:Window{bcf181d u0 rd.sheepskin.sandboxmusic/rd.sheepskin.sandboxmusic.MainActivity}
07-08 23:27:28.885  3425  5792 D ActivityTaskManager: The isLandscapeFullscreenEnabled is: rd.sheepskin.sandboxmusic/.MainActivity
07-08 23:27:28.886  4972  4972 W VRI[OplusVolumeDialogImpl]: updateBlastSurfaceIfNeeded, surfaceSize:Point(1440, 3168), lastSurfaceSize:Point(0, 0), format:-2, blastBufferQueue:null
07-08 23:27:28.887  3425  5792 I BLASTSyncEngine: onCommitted syncId: 291, timeout: true ran: true
07-08 23:27:28.887  3425  5792 I BLASTSyncEngine: onCommitted syncId: 292, timeout: true ran: true
07-08 23:27:28.897  3425  5792 I WindowManager: Window{14116be u0 OplusVolumeDialogImpl} state from DRAW_PENDING to COMMIT_DRAW_PENDING; reason: finishDrawingLocked
07-08 23:27:28.899  3425  3581 I WindowManager: Window{14116be u0 OplusVolumeDialogImpl} state from COMMIT_DRAW_PENDING to READY_TO_SHOW; reason: commitFinishDrawingLocked
07-08 23:27:28.899  4972  4972 W VRI[OplusVolumeDialogImpl]: handleResized, msg:, frameChanged:false, configChanged:false, displayChanged:false, attachedFrameChanged:false, compatScaleChanged:false, pendingDragResizing=false
07-08 23:27:28.902  3425  4953 D NotificationService--OplusNotificationFixHelper: fixAppIcon: pkg=rd.sheepskin.sandboxmusic
07-08 23:27:28.902  3425  4953 D NotificationService--OplusNotificationFixHelper: fixAppIcon: appIcon = null, pkg = rd.sheepskin.sandboxmusic
07-08 23:27:28.903  3425  4953 I OplusStatusBarManagerServiceEnhance:  getTopIsFullscreen mTopIsFullscreen: false
07-08 23:27:28.903  3425  4953 W ActivityManager: Permission Denial: getTopApplicationInfo from pid=24668, uid=10447 requires oplus.permission.OPLUS_COMPONENT_SAFE
07-08 23:27:28.906  3425  5794 D NotificationService--OplusNotificationFixHelper: fixAppIcon: pkg=rd.sheepskin.sandboxmusic
07-08 23:27:28.906  3425  5794 D NotificationService--OplusNotificationFixHelper: fixAppIcon: appIcon = null, pkg = rd.sheepskin.sandboxmusic
07-08 23:27:28.907  3425  5794 I OplusStatusBarManagerServiceEnhance:  getTopIsFullscreen mTopIsFullscreen: false
07-08 23:27:28.907  3425  5794 W ActivityManager: Permission Denial: getTopApplicationInfo from pid=24668, uid=10447 requires oplus.permission.OPLUS_COMPONENT_SAFE
07-08 23:27:28.908  3425  3425 D NotificationService--OplusNotificationManagerServiceExtImpl: isForwardToAssistants: true, case : Is local notification
07-08 23:27:28.908  3425  3425 D NotificationService: This application enqueue notifications is need postDelayed mcsAssistantDelayTime: 200
07-08 23:27:28.913  3425  3425 D NotificationService--OplusNotificationManagerServiceExtImpl: isForwardToAssistants: true, case : Is local notification
07-08 23:27:28.913  3425  3425 D NotificationService: This application enqueue notifications is need postDelayed mcsAssistantDelayTime: 200
07-08 23:27:28.913  3425  4953 D NotificationService--OplusNotificationFixHelper: fixAppIcon: pkg=rd.sheepskin.sandboxmusic
07-08 23:27:28.913  3425  4953 D NotificationService--OplusNotificationFixHelper: fixAppIcon: appIcon = null, pkg = rd.sheepskin.sandboxmusic
07-08 23:27:28.914  3425  4953 I OplusStatusBarManagerServiceEnhance:  getTopIsFullscreen mTopIsFullscreen: false
07-08 23:27:28.914  3425  4953 W ActivityManager: Permission Denial: getTopApplicationInfo from pid=24668, uid=10447 requires oplus.permission.OPLUS_COMPONENT_SAFE
07-08 23:27:28.914  3425  3425 D NotificationService--OplusNotificationManagerServiceExtImpl: isForwardToAssistants: true, case : Is local notification
07-08 23:27:28.914  3425  3425 D NotificationService: This application enqueue notifications is need postDelayed mcsAssistantDelayTime: 200
07-08 23:27:28.927  3425  3581 I WindowManager: Window{14116be u0 OplusVolumeDialogImpl} state from READY_TO_SHOW to HAS_DRAWN; reason: performShowLocked
--------- beginning of main
07-08 23:27:28.928  3425  4424 D KEYLOG_PhoneWindowManagerExtImpl: overrideInterceptKeyBeforeQueueing:KeyEvent { action=ACTION_DOWN, keyCode=KEYCODE_VOLUME_DOWN, scanCode=114, metaState=0, flags=0x8, repeatCount=0, eventTime=9486359273000, downTime=9486359273000, deviceId=3, source=0x101, displayId=-1 },  keyguardOn = false,  screenOn = true,  policyFlags = 570425344,  SosPowerKeyEnabled = true,  WalletSwitchState = 2,  IsQuickLaunchSupport = false,  IsDoubleCheckAppSupport = false,  isQuickAppOn=false,  canceled = false
07-08 23:27:28.928  3425  4424 D KEYLOG_OplusKeyCombinationManager: down true keyCode 25 count 0 interactive true eventTime 9486359 mDownTimes: {}
07-08 23:27:28.928  3425  4424 D OplusScreenOffTorchHelper: not handle with onVolumeKey,mFlashLightEnable = false,mFlashLightAvailable=true,mCameraId = 0 mVolumeDownPressEnabled=false
07-08 23:27:28.928  3425  4424 W OplusJoystickManager: Neither joystick feature is supported
07-08 23:27:28.928  1888 22418 D DlbDapEffectContext: DapEffectContext[0xb4000072546223d8] getDapParameter() outval size = 12, ret = 0
07-08 23:27:28.928  1888 22418 D DlbDapEffectContext: ForDolbyTest: profile:2, mStoredIEA:8, mCurrentDevice:2, dolbyTestMode:0, updateIEA:0
07-08 23:27:28.928  3425  4424 D OplusCustomizeRestrictionManagerService: isLongPressVolumeUpDisabled start
07-08 23:27:28.928  3425  4424 I STKeyLog_StrategyDisableBottomKey: onBeforeQueueing : mIsUpGestureMode=false,mDisableBottomKeyMode0
07-08 23:27:28.928  3425  4424 D STKeyLog_StrategyBlackscreenshot: notifyKeyBeforeQueueing, downTime9486359, action=0, interactive=true
07-08 23:27:28.928  3425  4424 D KEYLOG_PhoneWindowManager: interceptKeyBeforeQueueing downTime=9486359 action = 0 interactive=true keyguardActive=false policyFlags=22000000 isInjected=false isWakeKey=false isKeyGestureTriggered=false
07-08 23:27:28.929  3425  4424 I VibratorManagerServiceExtImpl: cancelVibrate uid=1000, pid=3425, usageFilter=-15, token=232553853
07-08 23:27:28.929  4972  5760 D RingtonePlayer: stopAsync()
07-08 23:27:28.929  3425  4424 V AS.AudioService: uid 1000, callingApp = android.uid.system:1000
07-08 23:27:28.929  4972  5760 D RingtonePlayer: stop
07-08 23:27:28.930  3425  3425 D STKeyLog_StrategyPadKeyBoardShortcut: excuteShortCut, interactive = true
07-08 23:27:28.930  3425  3425 D OplusCustomizeRestrictionManagerService: isLongPressVolumeUpDisabled start
07-08 23:27:28.930  3425  3425 D KeyboardInterceptor: [onKeyEvent] eventDelay=0; event=KeyEvent { action=ACTION_DOWN, keyCode=KEYCODE_VOLUME_DOWN, scanCode=114, metaState=0, flags=0x8, repeatCount=0, eventTime=9486359273000, downTime=9486359273000, deviceId=3, source=0x101, displayId=-1 }; policyFlags=1711276032; mEventQueueStart=null
07-08 23:27:28.932  3425  8448 D PowerManagerService: userActivityNoUpdateLocked: groupId=0, eventTime=9486359, event=button, flags=0x0, uid=1000
07-08 23:27:28.938  3425  3652 D OplusFeatureDMR[display=0]: onConfigChanged threadId=67 threadName=OplusDisplayWorkHandler physicalDisplayId=4630946450791512195 modeId=1  
07-08 23:27:28.939  3425  3580 I DisplayDeviceRepository: Display device changed render timings: "Built-in Screen", renderFrameRate=90.0, presentationDeadlineNanos=14111110, appVsyncOffsetNanos=6555557, frameRateOverrides=[]
07-08 23:27:28.939  3425  3580 D DisplayManagerService: Delivering display event: displayId=0, event=EVENT_DISPLAY_REFRESH_RATE_CHANGED
07-08 23:27:28.939  2232  2810 I VRR [MVT]: request is same as current request, ignore it.
07-08 23:27:28.939  2232  2810 I VRR [MVT]: chooseFrameRateMode : {fps=60, modePtr={id=0, vsyncRate=60.00 Hz, peakRefreshRate=60.00 Hz}}
07-08 23:27:28.939  2232  2810 D VRR [RefreshRateDirector]: requestRefreshRateByOti update [ oti-hw, {fps=60, modePtr={id=0, vsyncRate=60.00 Hz, peakRefreshRate=60.00 Hz}} ]
07-08 23:27:28.940  3425  3578 D WindowManager: DeferredDisplayUpdater: partially applying DisplayInfo(1440 x 3168) immediately
07-08 23:27:28.940  3425  3578 E SchedAssist: binderSetThreadUxFlagByIoctl: ioctl failed, tid=-1 flag=1 ret=-1 errno=25 (Inappropriate ioctl for device)
07-08 23:27:28.940  2212 27892 D AudioBoost: audioSchedBoost, pid=2212, tid=27892, enable=1, ret=0
07-08 23:27:28.940  1925 21569 D SDM     : IRIS_LOG_HWC::SendDisplayConfigStatusToIrisWrapper:3056: num_configs1 4(1), num_configs2 5(0), selected 0,(memc_cfg 2, emv_cfg 1), states 0x1c120514
07-08 23:27:28.940  1925 21569 E IRIS_LOG_SERV_I7: Received mMainNumConfigs 4(1), mAuxNumConfigs 5(0), mImvConfigIndex 2, mEmvConfigIndex 1
07-08 23:27:28.940  3425  3578 E SchedAssist: binderSetThreadUxFlagByIoctl: ioctl failed, tid=-1 flag=0 ret=-1 errno=25 (Inappropriate ioctl for device)
07-08 23:27:28.940  3425  3578 D OplusVFXScreenEffectFeature: notifySFCompatWindowStateChange entered false
07-08 23:27:28.941  2232  6023 D [PREVIEW]: SF obtain preview_adapter: 0
07-08 23:27:28.941  2232  6023 D [PREVIEW]: TabletPreviewAdapter::parallel world 0
07-08 23:27:28.941  3425  3578 D FSS_FoldScreenBlackCoverController: displayChangeToOn, dc:Display{#0 state=ON size=1440x3168 ROTATION_0}
07-08 23:27:28.941  1888  1888 D AHAL: AudioDevice: SetParameters: 1972: enter: screen_state=on
07-08 23:27:28.941  1888  1888 D AHAL: hfp: hfp_set_parameters: 696: enter
07-08 23:27:28.941  3425  3425 E OplusGestureAnimationManagerPolicy: mScreenHeight:3168 mScreenWidth:1440 mRotation:0
07-08 23:27:28.941  1888  1888 D AHAL: hfp: hfp_set_parameters: 701: OPLUS_HFP_SUPPORT is not supported
07-08 23:27:28.941  1888  1888 D AHAL: AudioDevice: SetParameters: 2077:  - screen = on
07-08 23:27:28.941  1888  1888 D AHAL: AudioDevice: SetParameters: 2821: exit
07-08 23:27:28.944  2212 27892 D AudioBoost: audioSchedBoost, pid=2212, tid=27892, enable=0, ret=0
07-08 23:27:28.952  4972  4972 I KeyguardDisplayManager: onDisplayChanged displayId: 0
07-08 23:27:28.952  4972  4972 I SystemUi--Keyguard: KeyguardDisplayManagerExImpl-->orientationChanged=false, presentationDisplayChanged=false, lastPresentationWidth=0, lastPresentationHeight=0, lastPresentationDensity=0
07-08 23:27:28.964  4972  4972 I PluginSeedling--Origin: LiveAlertInteractorImpl-->EntryDataListener,onDataPosted originData:[t3.d@837f1d30] data:[t3.d@837f1d30]
07-08 23:27:28.964  4972  4972 I PluginSeedling--Origin: LiveAlertInteractorImpl-->notifyEntryDataChanged ENTRY_NOTIFICATION, result:LiveAlertModel: [key: 0|com.android.systemui|268452006|1783549645619|0, entranceType: ENTRY_NOTIFICATION, score: 6.15, groupPriority: 2 type: LIVE, isSystemService: true, shouldShow: true, lockscreenShouldShow: true, sourceType: SOURCE_COMMON, remindLevel: 0, pkg: rd.sheepskin.sandboxmusic, hostPkgName=com.android.systemui front: true, forceRebuild: false, isForcedReminder: false, InstantDuration: 5000, requestPanel: null, capsuleTimeOut: 300000, serviceTitleName: , overrideTransition: false level: 2,
07-08 23:27:28.964  4972  4972 I PluginSeedling--Origin:  rusBaseData: RusBaseData(id='default_com.android.systemui_268452006', updateStateEnable=1, canDelete=1, remindAlways=0, longClick='', cardImportance=-1, clickCustomAction=0,timeOutDuration=5, timeOutDurationEnable=0,enableInSuperpower=0, autoPriority=0, customCapsuleDuration=300000,clickWhenAnim=1, panoramicAodEnable=1,notificationStyleList=,blackCallStyle=0, liveAlertScore=6.15,liveAlertLevel=2,enableQuitShrink=0, lockImmersiveEnable=1, lockImmersiveDefault=1,lockRemindAlways = 0, luSettings=[], liteAnim=14, serviceType=1), showSize: VIEW_SIZE_NONE, isPinFiltered: false serviceFrom: 0, liveAlertState: SeedlingState(0), wrapperSize: 3, duplicateChips: false, quitHideOrBubble:0, liveAlertService:, immersiveCardType:2, requestLockScreenImmersive:-1, ignoreEntry:-1, noe: false
07-08 23:27:28.964  4972  4972 I PluginSeedling--Notification: NotificationRepository-->onDataChanged, [LiveAlertModel: [key: 0|com.android.systemui|268452006|1783549645619|0, entranceType: ENTRY_NOTIFICATION, score: 6.15, groupPriority: 2 type: LIVE, isSystemService: true, shouldShow: true, lockscreenShouldShow: true, sourceType: SOURCE_COMMON, remindLevel: 0, pkg: rd.sheepskin.sandboxmusic, hostPkgName=com.android.systemui front: true, forceRebuild: false, isForcedReminder: false, InstantDuration: 5000, requestPanel: null, capsuleTimeOut: 300000, serviceTitleName: , overrideTransition: false level: 2,
07-08 23:27:28.964  4972  4972 I PluginSeedling--Notification:  rusBaseData: RusBaseData(id='default_com.android.systemui_268452006', updateStateEnable=1, canDelete=1, remindAlways=0, longClick='', cardImportance=-1, clickCustomAction=0,timeOutDuration=5, timeOutDurationEnable=0,enableInSuperpower=0, autoPriority=0, customCapsuleDuration=300000,clickWhenAnim=1, panoramicAodEnable=1,notificationStyleList=,blackCallStyle=0, liveAlertScore=6.15,liveAlertLevel=2,enableQuitShrink=0, lockImmersiveEnable=1, lockImmersiveDefault=1,lockRemindAlways = 0, luSettings=[], liteAnim=14, serviceType=1), showSize: VIEW_SIZE_NONE, isPinFiltered: false serviceFrom: 0, liveAlertState: SeedlingState(0), wrapperSize: 3, duplicateChips: false, quitHideOrBubble:0, liveAlertService:, immersiveCardType:2, requestLockScreenImmersive:-1, ignoreEntry:-1]
07-08 23:27:28.964  4972  4972 I PluginSeedling--Origin: LiveAlertInteractorImpl-->EntryDataListener,onDataPosted originData:[t3.d@837f1d30] data:[t3.d@837f1d30]
07-08 23:27:28.964  4972  4972 I PluginSeedling--Origin: LiveAlertInteractorImpl-->notifyEntryDataChanged ENTRY_STATUS_BAR, result:LiveAlertModel: [key: 0|com.android.systemui|268452006|1783549645619|0, entranceType: ENTRY_STATUS_BAR, score: 6.15, groupPriority: 2 type: LIVE, isSystemService: true, shouldShow: true, lockscreenShouldShow: false, sourceType: SOURCE_COMMON, remindLevel: 0, pkg: rd.sheepskin.sandboxmusic, hostPkgName=com.android.systemui front: true, forceRebuild: false, isForcedReminder: false, InstantDuration: 5000, requestPanel: null, capsuleTimeOut: 300000, serviceTitleName: , overrideTransition: false level: 2,
07-08 23:27:28.964  4972  4972 I PluginSeedling--Origin:  rusBaseData: RusBaseData(id='default_com.android.systemui_268452006', updateStateEnable=1, canDelete=1, remindAlways=0, longClick='', cardImportance=-1, clickCustomAction=0,timeOutDuration=5, timeOutDurationEnable=0,enableInSuperpower=0, autoPriority=0, customCapsuleDuration=300000,clickWhenAnim=1, panoramicAodEnable=1,notificationStyleList=,blackCallStyle=0, liveAlertScore=6.15,liveAlertLevel=2,enableQuitShrink=0, lockImmersiveEnable=1, lockImmersiveDefault=1,lockRemindAlways = 0, luSettings=[], liteAnim=14, serviceType=1), showSize: VIEW_SIZE_NONE, isPinFiltered: false serviceFrom: 0, liveAlertState: SeedlingState(0), wrapperSize: 2, duplicateChips: false, quitHideOrBubble:0, liveAlertService:, immersiveCardType:2, requestLockScreenImmersive:-1, ignoreEntry:-1, noe: false
07-08 23:27:28.968  2232  2823 D skia    : findCacheMissInfo vsync 5919514, result 0
07-08 23:27:28.975  4972  4972 I PluginSeedling--Template: TransitionViewWrapper-->update, newPageState: NORMAL_STYLE, currentPage:NORMAL_STYLE
07-08 23:27:28.976  4972  4972 I PluginSeedling--Template: TransitionViewWrapper-->update, newPageState: MEDIA_PLAYER_STYLE, currentPage:MEDIA_PLAYER_STYLE
07-08 23:27:28.976  4972  4972 I PluginSeedling--Template: TransitionViewWrapper-->update, newPageState: MEDIA_PLAYER_STYLE, currentPage:MEDIA_PLAYER_STYLE
07-08 23:27:28.977  4972  4972 I PluginSeedling--Template: TransitionViewWrapper-->update, newPageState: NORMAL_STYLE, currentPage:NORMAL_STYLE
07-08 23:27:28.977  4972  4972 I PluginSeedling--Template: CapsulePageViewModel-->sectionsTemplateData: left, style:CapsuleSectionTemplateData(style=IMAGE_TEXT_STYLE, moduleDic={pic=BitmapModel(src=android.graphics.Bitmap@2c751ef, iconColor=null, icon=Icon(typ=RESOURCE pkg=com.android.systemui id=0x7f0809d5), anim=null, bgColor=0, shape=1, width=90, height=90, radius=45.0, actionIntent=null, pi=null, desc=)}, backgroundColor=null)
07-08 23:27:28.977  4972  4972 I PluginSeedling--Template: CapsulePageViewModel-->sectionsTemplateData: right, style:CapsuleSectionTemplateData(style=TEXT_IMAGE_STYLE, moduleDic={pic=DrawableModel(src=null, iconColor=null, anim=LottieOrRawAnimModel(anim='[length=10444]', shouldPlayCount=-1), bgColor=0, shape=0, width=90, height=90, radius=45.0, actionIntent=null, pi=null, desc=)}, backgroundColor=null)
07-08 23:27:28.977  4972  4972 I PluginSeedling--Template: AbstractSection-->section-bind, d7.m@290ddce, BitmapModel(src=android.graphics.Bitmap@2c751ef, iconColor=null, icon=Icon(typ=RESOURCE pkg=com.android.systemui id=0x7f0809d5), anim=null, bgColor=0, shape=1, width=90, height=90, radius=45.0, actionIntent=null, pi=null, desc=)
07-08 23:27:28.977  4972  4972 I PluginSeedling--Template: AbstractSection-->section-bind, d7.s@e604000, DrawableModel(src=null, iconColor=null, anim=LottieOrRawAnimModel(anim='[length=10444]', shouldPlayCount=-1), bgColor=0, shape=0, width=90, height=90, radius=45.0, actionIntent=null, pi=null, desc=)
07-08 23:27:28.978  4972  4972 I PluginSeedling--Template: TransitionViewWrapper-->update, newPageState: MEDIA_PLAYER_STYLE, currentPage:MEDIA_PLAYER_STYLE
07-08 23:27:28.987 24668 28565 D PipelineWatcher: [0xb4000070b1553300] pipelineFull: too many frames in pipeline (4)
07-08 23:27:28.992  2232  2814 E HwcComposer: getLuts failed Status(-129, EX_TRANSACTION_FAILED): 'UNKNOWN_TRANSACTION: '
07-08 23:27:28.995  3425  3654 D VRR [OPlusRefreshRateService]: handleConfigIdChange physicalDisplayId: 4630946450791512195 configId: 1 renderPeriod: 11111111
07-08 23:27:28.996  3425  3654 D VRR [OPlusGameStatusManager]: updateGameState mOSyncFeatureSwitch: false mIsGamePolicy: false
07-08 23:27:28.996  3425  3654 D VRR [OPlusGameStatusManager]: updateGameAccelerationStatus pkgName: rd.sheepskin.sandboxmusic mOSyncFeatureSwitch: false mIsGamePolicy: false mHeartStop: false mHasFlickerRisk: false mForceAcceleration: false mToastReady: false enable: false
07-08 23:27:28.996  3425  3654 D VRR [OPlusExternalRefreshRateManager]:  Display refreshrate :90 , Switch to OTI-HW 
07-08 23:27:28.997  2232  2810 I VRR [MVT]: request is same as current request, ignore it.
07-08 23:27:28.997  2232  2810 I VRR [MVT]: chooseFrameRateMode : {fps=60, modePtr={id=0, vsyncRate=60.00 Hz, peakRefreshRate=60.00 Hz}}
07-08 23:27:28.997  2232  2810 D VRR [RefreshRateDirector]: requestRefreshRateByOti update [ oti-hw, {fps=60, modePtr={id=0, vsyncRate=60.00 Hz, peakRefreshRate=60.00 Hz}} ]
07-08 23:27:29.029  4972  4972 I SystemUi--Media: MediaDataFlowLimiter-->MEDIA_PANEL-->onMediaDataLoaded, last data 100 ms , 0|rd.sheepskin.sandboxmusic|88001|null|10447 Sandbox Music(isPlaying:true), currentData = MediaDataExt{userId=0, initialized=true, app=Sandbox Music, artist=EMPTY, song=EMPTY, artwork=null, packageName=rd.sheepskin.sandboxmusic, token=android.media.session.MediaSession$Token@d0262a8,  active=true, playbackLocation=0, resumption=false, notificationKey=0|rd.sheepskin.sandboxmusic|88001|null|10447, isPlaying=true, mediaCustNotification=false, }
07-08 23:27:29.029  4972  4972 I SystemUi--Media: MediaDataFlowLimiter-->MEDIA_PANEL-->debounce remove 0|rd.sheepskin.sandboxmusic|88001|null|10447
07-08 23:27:29.032  3425  4424 E system_server: [theia_saupwk] start saupwkProcessKey
07-08 23:27:29.032  3425  4424 D KEYLOG_KeyCombinationManager: down false downTime 9486359 action 1 count 2 isDefaultDisplayInteractive true eventTime 9486486 mDownTimes: {25=9486359}
07-08 23:27:29.033  3425  4424 D KEYLOG_PhoneWindowManagerExtImpl: overrideInterceptKeyBeforeQueueing:KeyEvent { action=ACTION_UP, keyCode=KEYCODE_VOLUME_DOWN, scanCode=114, metaState=0, flags=0x8, repeatCount=0, eventTime=9486486109000, downTime=9486359273000, deviceId=3, source=0x101, displayId=-1 },  keyguardOn = false,  screenOn = true,  policyFlags = 570425344,  SosPowerKeyEnabled = true,  WalletSwitchState = 2,  IsQuickLaunchSupport = false,  IsDoubleCheckAppSupport = false,  isQuickAppOn=false,  canceled = false
07-08 23:27:29.033  3425  4424 D KEYLOG_OplusKeyCombinationManager: down false keyCode 25 count 0 interactive true eventTime 9486486 mDownTimes: {25=9486359}
07-08 23:27:29.033  3425  4424 W OplusJoystickManager: Neither joystick feature is supported
07-08 23:27:29.033  3425  4424 D OplusCustomizeRestrictionManagerService: isLongPressVolumeUpDisabled start
07-08 23:27:29.033  3425  4424 I STKeyLog_StrategyDisableBottomKey: onBeforeQueueing : mIsUpGestureMode=false,mDisableBottomKeyMode0
07-08 23:27:29.033  3425  4424 D STKeyLog_StrategyBlackscreenshot: notifyKeyBeforeQueueing, downTime9486359, action=1, interactive=true
07-08 23:27:29.033  3425  4424 D KEYLOG_PhoneWindowManager: interceptKeyBeforeQueueing downTime=9486359 action = 1 interactive=true keyguardActive=false policyFlags=22000000 isInjected=false isWakeKey=false isKeyGestureTriggered=false
07-08 23:27:29.033  3425  3425 D STKeyLog_StrategyPadKeyBoardShortcut: excuteShortCut, interactive = true
07-08 23:27:29.033  3425  3425 D OplusCustomizeRestrictionManagerService: isLongPressVolumeUpDisabled start
07-08 23:27:29.033  3425  3425 D KeyboardInterceptor: [onKeyEvent] eventDelay=0; event=KeyEvent { action=ACTION_UP, keyCode=KEYCODE_VOLUME_DOWN, scanCode=114, metaState=0, flags=0x8, repeatCount=0, eventTime=9486486109000, downTime=9486359273000, deviceId=3, source=0x101, displayId=-1 }; policyFlags=1711276032; mEventQueueStart=null
07-08 23:27:29.036  3425  4423 E OplusInputDeviceUtil: api level < 36 or inputDevice is null, return false
07-08 23:27:29.036  3425  4423 D KEYLOG_KeyGestureControllerExtlmpl: interceptOldShortcuts, mIsShortCutMenuShow = false mPendingMetaActionForOld = false mLongPressHandled = false
07-08 23:27:29.036  3425  4423 D STKeyLog_StrategyPadKeyBoardShortcut: excuteShortCut, interactive = true
07-08 23:27:29.036  3425  4423 D OplusCustomizeRestrictionManagerService: isLongPressVolumeUpDisabled start
07-08 23:27:29.037 24668 24668 I DynamicFramerate [AnimationSpeedAware]: onDeliverInputEvent: key event
07-08 23:27:29.037  3425  4423 E OplusInputDeviceUtil: api level < 36 or inputDevice is null, return false
07-08 23:27:29.037  3425  4423 D STKeyLog_StrategyPadKeyBoardShortcut: excuteShortCut, interactive = true
07-08 23:27:29.037  3425  4423 D OplusCustomizeRestrictionManagerService: isLongPressVolumeUpDisabled start
07-08 23:27:29.037  3425  6199 D PowerManagerService: userActivityNoUpdateLocked: groupId=0, eventTime=9486359, event=button, flags=0x0, uid=1000
07-08 23:27:29.037  3425  6199 D PowerManagerService: userActivityNoUpdateLocked: groupId=0, eventTime=9486486, event=button, flags=0x0, uid=1000
07-08 23:27:29.038  7614  7614 I StylusModule: StylusModule.onUpdateToolType():774 Update tool type = 0
07-08 23:27:29.039  3425  6070 D MediaSessionService: dispatchVolumeKeyEvent, pkg=rd.sheepskin.sandboxmusic, opPkg=rd.sheepskin.sandboxmusic, pid=24668, uid=10447, asSystem=true, event=KeyEvent { action=ACTION_DOWN, keyCode=KEYCODE_VOLUME_DOWN, scanCode=114, metaState=0, flags=0x8, repeatCount=0, eventTime=9486359273000, downTime=9486359273000, deviceId=3, source=0x101, displayId=-1 }, stream=3, musicOnly=false
07-08 23:27:29.039  3425  6070 D MediaSessionService: Adjusting suggestedStream=3 by -1. flags=4113, preferSuggestedStream=true, session=rd.sheepskin.sandboxmusic/SovereignMusicConsole/185 (userId=0), musicOnly false
07-08 23:27:29.040  3425  3425 E MediaSessionService: sPid is 3425 sTid:3425
07-08 23:27:29.041 24668 24668 I DynamicFramerate [AnimationSpeedAware]: onDeliverInputEvent: key event
07-08 23:27:29.041  4972  4972 I SystemUi--Media: MediaPlayerData-->MEDIA_PANEL-->addMediaSortKey newKey:0|rd.sheepskin.sandboxmusic|88001|null|10447 oldKey:0|rd.sheepskin.sandboxmusic|88001|null|10447, remove:true packageName:rd.sheepskin.sandboxmusic playbackStateUnchanged:true newPlaying:true oldPlaying:true updateTime:1783549647031 oldTime:1783549647031 noUpdateTime:false
07-08 23:27:29.041  4972  4972 I SystemUi--Media: OplusMediaDataFilterExImpl-->MEDIA_PANEL-->dispatchMediaDataOnLoaded key:0|rd.sheepskin.sandboxmusic|88001|null|10447 oldKey:0|rd.sheepskin.sandboxmusic|88001|null|10447 data:MediaDataExt{userId=0, initialized=true, app=Sandbox Music, artist=EMPTY, song=EMPTY, artwork=null, packageName=rd.sheepskin.sandboxmusic, token=android.media.session.MediaSession$Token@d0262a8,  active=true, playbackLocation=0, resumption=false, notificationKey=0|rd.sheepskin.sandboxmusic|88001|null|10447, isPlaying=true, mediaCustNotification=false, }
07-08 23:27:29.041  4972  4972 I SystemUi--Media: OplusQsMediaPanelViewController-->MEDIA_PANEL-->onMediaDataLoaded: MediaDataExt{userId=0, initialized=true, app=Sandbox Music, artist=EMPTY, song=EMPTY, artwork=null, packageName=rd.sheepskin.sandboxmusic, token=android.media.session.MediaSession$Token@d0262a8,  active=true, playbackLocation=0, resumption=false, notificationKey=0|rd.sheepskin.sandboxmusic|88001|null|10447, isPlaying=true, mediaCustNotification=false, }, controller: com.oplus.systemui.qs.media.OplusQsMediaPanelViewController$mediaDataUpdateListener$1@9b00f6d
07-08 23:27:29.041  4972  4972 I SystemUi--Media: OplusMediaSeedlingController-->MEDIA_SEEDLING-->warning: onMediaDataLoaded: old mediaClient is not null! key=0|rd.sheepskin.sandboxmusic|88001|null|10447
07-08 23:27:29.041  4972  4972 I SystemUi--Media: AbsMediaClient-->MEDIA_SEEDLING-->onMediaDataLoaded: data=MediaDataExt{userId=0, initialized=true, app=Sandbox Music, artist=EMPTY, song=EMPTY, artwork=null, packageName=rd.sheepskin.sandboxmusic, token=android.media.session.MediaSession$Token@d0262a8,  active=true, playbackLocation=0, resumption=false, notificationKey=0|rd.sheepskin.sandboxmusic|88001|null|10447, isPlaying=true, mediaCustNotification=false, } isDestroyed=false
07-08 23:27:29.041  4972  4972 I SystemUi--Media: AodMediaDataListener-->AOD_MEDIA_PANEL-->onMediaDataLoaded aod media not support for rd.sheepskin.sandboxmusic
07-08 23:27:29.042  3425  4956 D MediaSessionService: dispatchVolumeKeyEvent, pkg=rd.sheepskin.sandboxmusic, opPkg=rd.sheepskin.sandboxmusic, pid=24668, uid=10447, asSystem=true, event=KeyEvent { action=ACTION_UP, keyCode=KEYCODE_VOLUME_DOWN, scanCode=114, metaState=0, flags=0x8, repeatCount=0, eventTime=9486486109000, downTime=9486359273000, deviceId=3, source=0x101, displayId=-1 }, stream=3, musicOnly=false
07-08 23:27:29.042  4972  5075 I SystemUi--Media: AbsMediaClient-->MEDIA_SEEDLING-->updateMediaDataByPlaybackState newState=3,newPosition=0, rd.sheepskin.sandboxmusic
07-08 23:27:29.042  3425  4956 D MediaSessionService: Adjusting suggestedStream=3 by 0. flags=4116, preferSuggestedStream=true, session=rd.sheepskin.sandboxmusic/SovereignMusicConsole/185 (userId=0), musicOnly false
07-08 23:27:29.042  4972  5075 I SystemUi--Media: MediaActionBinder-->MEDIA_SEEDLING-->createOplusMediaActions: mediaActionPriority=PreferSemanticActions
07-08 23:27:29.043  3425   940 D PowerManagerService: userActivityNoUpdateLocked: groupId=0, eventTime=9486486, event=button, flags=0x0, uid=1000
07-08 23:27:29.046  3425  3425 V AudioServiceExtImpl: oplusGetParameters() keyValuePairs:OPLUS_AUDIO_GET_ADJUSTVOLUME_FORBID, uid: 1000
07-08 23:27:29.046  3425  3654 D VRR [OPlusSAManager]: updateAutoMinfps for 4630946450791512195 with nits: 817.38, mHistOK true, mAmbientOK true, mCctOK true, mIrOK true, mBrightnessOK true, isPkgOK true, SA min fps: 89
07-08 23:27:29.047  2232  6023 I VRR-[OPlusRefreshRateSelector]: updateAutoMode success, display 0, mode 0, fakeframe 1, min fps: 1
07-08 23:27:29.051  4972  4972 I SystemUi--Media: AbsMediaClient-->MEDIA_SEEDLING-->dispatchMediaDataLoaded needUpdate=0 reason=bgHandler onMediaDataLoaded isDestroyed=false
07-08 23:27:29.051  4972  4972 I SystemUi--Media: MediaDataCombineLatest-->MEDIA_SEEDLING-->onMediaDataLoaded mediaData = rd.sheepskin.sandboxmusic,0|rd.sheepskin.sandboxmusic|88001|null|10447,7506651,null,null,null,0,3,0,9486495,1.0,false,1783549647031,true,9486373,true,MediaButton(playId=0|rd.sheepskin.sandboxmusic|88001|null|10447, playOrPause=MediaAction(buttonName=playOrPause, iconMap={Default=(./assets/images/pauseDark.svg, null), SecondHome=(./assets/images/pauseDark.svg, null)}, animRes=null, voiceLabel=P***, isStandardAction=true, icon=Icon(typ=BITMAP size=162x162)), nextOrCustom=MediaAction(buttonName=nextOrCustom, iconMap={Default=(./assets/images/nextDark.svg, null), SecondHome=(./assets/images/nextDark.svg, null)}, animRes=./assets/images/next_anim.json, voiceLabel=N***, isStandardAction=true, icon=Icon(typ=BITMAP size=162x162)), prevOrCustom=MediaAction(buttonName=prevOrCustom, iconMap={Default=(./assets/images/previousDark.svg, null), SecondHome=(./assets/images/previousDark.svg, null)}, animRes=./assets/images/previous_anim.json, voiceLabel=P***, isStandardAction=true, icon=Icon(typ=BITMAP size=162x162)), custom0=null, custom1=MediaAction(buttonName=custom1, iconMap={}, animRes=null, voiceLabel=S***, isStandardAction=false, icon=Icon(typ=BITMAP size=162x162))),0
07-08 23:27:29.051  4972  4972 I SystemUi--Volume: OplusVolume-Anim-->startBackAim volumeRow.name: Media
07-08 23:27:29.053  3425  3425 D AudioServiceExtImpl: getBleRingPlaybackActive :false
07-08 23:27:29.053  3425  4506 V AS.AudioService: uid 1000, callingApp = android.uid.system:1000
07-08 23:27:29.053  3425  3425 D AS.AudioService: sendVolumeUpdate streamType=3, index=920, flags=4113
07-08 23:27:29.054  3425  3425 D VolumeController: postVolumeChanged streamType=3, flags=4113
07-08 23:27:29.054  3425  3425 E MediaSessionService: sPid is 3425 sTid:3425
07-08 23:27:29.054  2212 27892 D APM_AudioPolicyManager: setVolumeCurveIndex device 00000002, index 92, muted 0
07-08 23:27:29.055  2212  2853 D AudioFlinger: setPortsVolume() portInfos 363| value 0.130317 output 29
07-08 23:27:29.055  2212  2853 D AudioFlinger_PlaybackThreadExtImpl: hasTrackForStreamType, portId = 363, streamType = 3
07-08 23:27:29.055  1925 21569 I SDM     : DisplayBuiltIn::SetQSyncModeLocked: VRR + update qsync mode 0 minfps 00C08181
07-08 23:27:29.055  1925 21569 I SDM     : HWDeviceDRM::OPlusIsQSyncMinFpsForAuto: VRR +  OPlusIsQSyncMinFpsForAuto: 1
07-08 23:27:29.055  1925 21569 I SDM     : DisplayBuiltIn::SetQSyncModeLocked: VRR + needs_avr_update_ 0
07-08 23:27:29.055  4972  5231 I SystemUi--Volume: vol.VolumeDialogControl-->onReceive VOLUME_CHANGED_ACTION stream=11 level=9 oldLevel=10 ss.level:10
07-08 23:27:29.055  4972  5231 I vol.Events: writeEvent level_changed STREAM_ASSISTANT 9
07-08 23:27:29.056  1925  2285 I SDM     : HWDeviceDRM::OPlusIsQSyncMinFpsForAuto: VRR +  OPlusIsQSyncMinFpsForAuto: 1
07-08 23:27:29.056  1925  2285 E SDM     : DRMConnector::Perform: Connector 69: Setting Qsync min fps 12616065
07-08 23:27:29.056  4972  5231 I SystemUi--Volume: vol.VolumeDialogControl-->onReceive VOLUME_CHANGED_ACTION stream=10 level=9 oldLevel=10 ss.level:10
07-08 23:27:29.057  4972  5231 I SystemUi--Volume: vol.VolumeDialogControl-->onReceive VOLUME_CHANGED_ACTION stream=9 level=9 oldLevel=10 ss.level:10
07-08 23:27:29.057  4972  5231 I SystemUi--Volume: vol.VolumeDialogControl-->onReceive VOLUME_CHANGED_ACTION stream=3 level=92 oldLevel=102 ss.level:102
07-08 23:27:29.057  4972  5231 I vol.Events: writeEvent level_changed STREAM_MUSIC 92
07-08 23:27:29.057  4972  5231 I SystemUi--Volume: vol.VolumeDialogControl-->shouldShowUI wakefulness:2 ,mDeviceInteractive:true ,mShowVolumeDialog:true
07-08 23:27:29.057  2212  4538 D APM_AudioPolicyManager: setVolumeCurveIndex device 00000002, index 9, muted 0
07-08 23:27:29.059  2212  4538 D APM_AudioPolicyManager: setVolumeCurveIndex device 00000002, index 9, muted 0
07-08 23:27:29.059  2212  4538 D APM_AudioPolicyManager: setVolumeCurveIndex device 00000002, index 9, muted 0
07-08 23:27:29.060  3425  3425 V AudioServiceExtImpl: oplusGetParameters() keyValuePairs:OPLUS_AUDIO_GET_ADJUSTVOLUME_FORBID, uid: 1000
07-08 23:27:29.060  5767  5767 D AudioManagerExtImpl: getStreamVolume packageName=com.oplus.audio.effectcenter, index=92, streamType=3
07-08 23:27:29.060  3425  3425 D AS.AudioService: sendVolumeUpdate streamType=3, index=920, flags=4112
07-08 23:27:29.060  4972  5231 I SystemUi--Volume: vol.VolumeDialogControl-->onVolumeChangedW stream:3,flags:4113 ,showUI:true ,fromKey:true ,showVibrateHint:false ,showSilentHint:false ,changed:false
07-08 23:27:29.061  3425  3425 D VolumeController: postVolumeChanged streamType=3, flags=4112
07-08 23:27:29.061  5767  5767 D AudioEffect-JAVA: getParameter is not Oplus command!
07-08 23:27:29.061  5767  5767 I AudioEffect: getParameter: param: 2, param2: -1
07-08 23:27:29.061  2212  4507 D EffectHalHidl: audioSchedBoost, set audiohal task boost, pid=2212, tid=4507, ret=0
07-08 23:27:29.061  3425  3425 D OplusThermalStats: onReceive: act = android.media.VOLUME_CHANGED_ACTION
07-08 23:27:29.061  3425  3425 D OplusThermalStats: onReceive: act = android.media.VOLUME_CHANGED_ACTION
07-08 23:27:29.061  4972  5231 I SystemUi--Volume: vol.VolumeDialogControl-->shouldShowUI wakefulness:2 ,mDeviceInteractive:true ,mShowVolumeDialog:true
07-08 23:27:29.061  2212  4507 D EffectHalHidl: audioSchedBoost, set audiohal task boost, pid=2212, tid=4507, ret=0
07-08 23:27:29.061  3425  3425 D OplusThermalStats: onReceive: act = android.media.VOLUME_CHANGED_ACTION
07-08 23:27:29.061  5767  5767 I AEC.a   : getPortDeviceNameLength(0) return: 745
07-08 23:27:29.061  5767  5767 D AudioEffect-JAVA: getParameter is not Oplus command!
07-08 23:27:29.061  5767  5767 I AudioEffect: getParameter: param: 4, param2: -1
07-08 23:27:29.062  2212  4507 D EffectHalHidl: audioSchedBoost, set audiohal task boost, pid=2212, tid=4507, ret=0
07-08 23:27:29.062  1888  1888 D DlbDapEffectContext: DapEffectContext::getSelectedTuningDevice(port = 0): [default_speaker_landscape_music_vol3]
07-08 23:27:29.062  3425  4549 D AudioManagerExtImpl: getStreamVolume packageName=android, index=92, streamType=3
07-08 23:27:29.062  3425  4549 W BluetoothAdapterExtImpl: getA2dpSharing mOplusBluetooth null!
07-08 23:27:29.062  3425  4549 D MR2SystemProvider: rebuildAvailableRoutes selectedDeviceAttributesType = 2, selectedDeviceAttributesAddr = null, isA2dpSharingSupported = false
07-08 23:27:29.062  2212  4507 D EffectHalHidl: audioSchedBoost, set audiohal task boost, pid=2212, tid=4507, ret=0
07-08 23:27:29.062  3425  4549 D MR2SystemProvider: updateAvailableRoutesLocked start, isA2dpSharingSupported = false, volume = 92, musicMaxVolume = 160, isVolumeFixed = false
07-08 23:27:29.062  4972  4972 I SystemUi--Volume: OplusVolumeDialogImpl-->updateVolumeRowSliderH,vibrateByLMVibrator,row= 10, progress=1000 level = 10  vLevle=9 row.lastVlevel=10, isVibrated=false
07-08 23:27:29.062  3425  4549 V AS.AudioService: uid 1000, callingApp = android.uid.system:1000
07-08 23:27:29.062  5767  5767 I AEC.a   : getSelectedTuningDevice(0) return: default_speaker_landscape_music_vol3└Ç└Ç└Ç└Ç└Ç└Ç└Ç└Ç└Ç└Ç└Ç└Ç└Ç└Ç└Ç└Ç└Ç└Ç└Ç└Ç└Ç└Ç└Ç└Ç└Ç└Ç└Ç└Ç└Ç└Ç└Ç└Ç└Ç└Ç└Ç└Ç└Ç└Ç└Ç└Ç└Ç└Ç└Ç└Ç└Ç└Ç└Ç└Ç└Ç└Ç└Ç└Ç└Ç└Ç└Ç└Ç└Ç└Ç└Ç└Ç└Ç└Ç└Ç└Ç└Ç└Ç└Ç└Ç└Ç└Ç└Ç└Ç└Ç└Ç└Ç└Ç└Ç└Ç└Ç└Ç└Ç└Ç└Ç└Ç└Ç└Ç└Ç└Ç└Ç└Ç└Ç└Ç└Ç└Ç└Ç└Ç└Ç└Ç└Ç└Ç└Ç└Ç└Ç└Ç└Ç└Ç└Ç└Ç└Ç└Ç└Ç└Ç└Ç└Ç└Ç└Ç└Ç└Ç└Ç└Ç└Ç└Ç└Ç└Ç└Ç└Ç└Ç└Ç└Ç└Ç└Ç└Ç└Ç└Ç└Ç└Ç└Ç└Ç└Ç└Ç└Ç└Ç└Ç└Ç└Ç└Ç└Ç└Ç└Ç└Ç└Ç└Ç└Ç└Ç└Ç└Ç└Ç└Ç└Ç└Ç└Ç└Ç└Ç└Ç└Ç└Ç└Ç└Ç└Ç└Ç└Ç└Ç└Ç└Ç└Ç└Ç└Ç└Ç└Ç└Ç└Ç└Ç└Ç└Ç└Ç└Ç└Ç└Ç└Ç└Ç└Ç└Ç└Ç└Ç└Ç└Ç└Ç└Ç└Ç└Ç└Ç└Ç└Ç└Ç└Ç└Ç└Ç└Ç└Ç└Ç└Ç└Ç└Ç└Ç└Ç└Ç└Ç└Ç└Ç└Ç└Ç└Ç└Ç└Ç└Ç└Ç└Ç└Ç└Ç└Ç└Ç└Ç└Ç└Ç└Ç└Ç└Ç└Ç└Ç└Ç└Ç└Ç└Ç└Ç└Ç└Ç└Ç└Ç└Ç└Ç└Ç└Ç└Ç└Ç└Ç└Ç└Ç└Ç└Ç└Ç└Ç└Ç└Ç└Ç└Ç└Ç└Ç└Ç└Ç└Ç└Ç└Ç└Ç└Ç└Ç└Ç└Ç└Ç└Ç└Ç└Ç└Ç└Ç└Ç└Ç└Ç└Ç└Ç└Ç└Ç└Ç└Ç└Ç└Ç└Ç└Ç└Ç└Ç└Ç└Ç└Ç└Ç└Ç└Ç└Ç└Ç└Ç└Ç└Ç└Ç└Ç└Ç└Ç└Ç└Ç└Ç└Ç└Ç└Ç└Ç└Ç└Ç└Ç└Ç└Ç└Ç└Ç└Ç└Ç└Ç└Ç└Ç└Ç└Ç└Ç└Ç└Ç└Ç└Ç└Ç└Ç└Ç└Ç└Ç└Ç└Ç└Ç└Ç└Ç└Ç└Ç└Ç└Ç└Ç└Ç└Ç└Ç└Ç└Ç└Ç└Ç└Ç└Ç└Ç└Ç└Ç└Ç└Ç└Ç└Ç└Ç└Ç└Ç└Ç└Ç└Ç└Ç└Ç└Ç└Ç└Ç└Ç└Ç└Ç└Ç└Ç└Ç└Ç└Ç└Ç└Ç└Ç└Ç└Ç└Ç└Ç└Ç└Ç└Ç└Ç└Ç└Ç└Ç└Ç└Ç└Ç└Ç└Ç└Ç└Ç└Ç└Ç└Ç└Ç└Ç└Ç└Ç└Ç└Ç└Ç└Ç└Ç└Ç└Ç└Ç└Ç└Ç└Ç└Ç└Ç└Ç└Ç└Ç└Ç└Ç└Ç└Ç└Ç└Ç└Ç└Ç└Ç└Ç└Ç└Ç└Ç└Ç└Ç└Ç└Ç└Ç└Ç└Ç└Ç└Ç└Ç└Ç└Ç└Ç└Ç└Ç└Ç└Ç└Ç└Ç└Ç└Ç└Ç└Ç└Ç└Ç└Ç└Ç└Ç└Ç└Ç└Ç└Ç└Ç└Ç└Ç└Ç└Ç└Ç└Ç└Ç└Ç└Ç└Ç└Ç└Ç└Ç└Ç└Ç└Ç└Ç└Ç└Ç└Ç└Ç└Ç└Ç└Ç└Ç└Ç└Ç└Ç└Ç└Ç└Ç└Ç└Ç└Ç└Ç└Ç└Ç└Ç└Ç└Ç└Ç└Ç└Ç└Ç└Ç└Ç└Ç└Ç└Ç└Ç└Ç└Ç└Ç└Ç└Ç└Ç└Ç└Ç└Ç└Ç└Ç└Ç└Ç└Ç└Ç└Ç└Ç└Ç└Ç└Ç└Ç└Ç└Ç└Ç└Ç└Ç└Ç└Ç└Ç└Ç└Ç└Ç└Ç└Ç└Ç└Ç└Ç└Ç└Ç└Ç└Ç└Ç└Ç└Ç└Ç└Ç└Ç└Ç└Ç└Ç└Ç└Ç└Ç└Ç└Ç└Ç└Ç└Ç└Ç└Ç└Ç└Ç└Ç└Ç└Ç└Ç└Ç└Ç└Ç└Ç└Ç└Ç└Ç└Ç└Ç└Ç└Ç└Ç└Ç└Ç└Ç└Ç└Ç└Ç└Ç└Ç└Ç└Ç└Ç└Ç└Ç└Ç└Ç└Ç└Ç└Ç└Ç└Ç└Ç└Ç└Ç└Ç└Ç└Ç└Ç└Ç└Ç└Ç└Ç└Ç└Ç└Ç└Ç└Ç└Ç└Ç└Ç└Ç└Ç└Ç└Ç└Ç└Ç└Ç└Ç└Ç└Ç└Ç└Ç└Ç└Ç└Ç└Ç└Ç└Ç└Ç└Ç└Ç└Ç└Ç└Ç└Ç└Ç└Ç└Ç└Ç└Ç└Ç└Ç└Ç└Ç└Ç└Ç└Ç└Ç└Ç└Ç└Ç└Ç└Ç└Ç└Ç└Ç└Ç└Ç└Ç└Ç└Ç└Ç└Ç└Ç└Ç└Ç└Ç└Ç└Ç└Ç└Ç└Ç└Ç└Ç└Ç└Ç
07-08 23:27:29.062  5767  5767 I AEC.a   : setSelectedTuningDevice(0, default_speaker_landscape_music_vol2)
07-08 23:27:29.062  5767  5767 I AudioEffect: setParameter(): 0xb4000073d2025200, param: 4, param2: -1
07-08 23:27:29.062  4972  4972 I SystemUi--Volume: OplusVolumeDialogImpl-->updateVolumeRowSliderH,vibrateByLMVibrator,row= 3, progress=10200 level = 102  vLevle=92 row.lastVlevel=102, isVibrated=false
07-08 23:27:29.062  2212  4507 D EffectHalHidl: audioSchedBoost, set audiohal task boost, pid=2212, tid=4507, ret=0
07-08 23:27:29.062  3425  4549 I MR2SystemProvider: updateAvailableRoutesLocked update selected route holder with volume info
07-08 23:27:29.062  4972  4972 I SystemUi--Volume: OplusVolumeDialogImpl-->show
07-08 23:27:29.062  3425  4549 D MR2SystemProvider: update A2DP sharing deselectable and selectable routes
07-08 23:27:29.062  4972  4972 I SystemUi--Volume: OplusVolumeRepository-->not dragonfly Device, show volume dialog
07-08 23:27:29.062  3425  4549 D MR2SystemProvider: updateAvailableRoutesLocked selectRoute = null, category = 0, volume = 92, volumeMax = 160, volumeHandling = 1
07-08 23:27:29.062  2212  4507 D EffectHalHidl: audioSchedBoost, set audiohal task boost, pid=2212, tid=4507, ret=0
07-08 23:27:29.063  3425  4549 D MR2SystemProvider: smae session info, not update
07-08 23:27:29.063  4972  4972 I SystemUi--Volume: OplusVolumeDialogImpl-->showH r=volume_changed, mExpanded = false, activeRow.stream: 3, sldierShowing: true, singleAppVolumeButtonViewController.isShowing = false, isOplusSuperVolume = false, mIsMusicActive = true, audioMode = 0, isStreamInBluetoothSco = false, preventSeekBar = false, mVerticalRowIconParent.visible = 0
07-08 23:27:29.063  3425  4956 V AudioServiceExtImpl: oplusGetParameters() keyValuePairs:OPLUS_AUDIO_GET_DEVICE_FORSTREAM:3, uid: 1000
07-08 23:27:29.061  3425  3425 D OplusThermalStats: onReceive: act = android.media.VOLUME_CHANGED_ACTION
07-08 23:27:29.063  2029  2110 D DlbDatabaseProvider: Found existing tuning[speaker_music_vol2] from cache device[default_speaker_landscape_music_vol2]
07-08 23:27:29.063  5767  9796 E AEC.h   : setSpkVolParam(): new value: 9; old value: -1
07-08 23:27:29.063  3425  4234 I AS.SpatializerHelper: isEnabled false
07-08 23:27:29.063  4972  5231 I SystemUi--Volume: vol.VolumeDialogControl-->shouldShowUI wakefulness:2 ,mDeviceInteractive:true ,mShowVolumeDialog:true
07-08 23:27:29.063  5767  9796 E AEC.h   : setParameter failed because spatializer is not available! 
07-08 23:27:29.064  4972  5231 I SystemUi--Volume: vol.VolumeDialogControl-->onVolumeChangedW stream:3,flags:4112 ,showUI:false ,fromKey:true ,showVibrateHint:false ,showSilentHint:false ,changed:false
07-08 23:27:29.064  4972  5231 I SystemUi--Volume: vol.VolumeDialogControl-->shouldShowUI wakefulness:2 ,mDeviceInteractive:true ,mShowVolumeDialog:true
07-08 23:27:29.065 11087 11087 D AudioManagerExtImpl: getStreamVolume packageName=com.pittvandewitt.wavelet, index=92, streamType=3
07-08 23:27:29.066  2212  4507 D AudioPolicyManagerExtImpl: [SuperVolume] update mFmMaxVolume = 1.000000.
07-08 23:27:29.067  2029  2110 D DsContext: Complete setting port[internal_speaker] use tuning device[default_speaker_landscape_music_vol2]
07-08 23:27:29.067  2029  2110 V DolbyManagerService: doOnDapParamUpdate() entry
07-08 23:27:29.067  2029  2110 V DolbyManagerService: doOnDapParamUpdate() exit
07-08 23:27:29.067  1888  1922 D DmsHalA : DmsHalAidlCallBacks 0xb40000725462c900 onEvent() id = 43445544
07-08 23:27:29.068  1888  1922 D DlbEffectContext: onDapParamUpdate() mEffectContext = 0xb4000072546223d8, try to call its updateEffectParams()
07-08 23:27:29.068  1888  1922 D DlbDapEffectContext: DapEffectContext 0xb4000072546223d8 grab the lock and call updateDapParams()
07-08 23:27:29.068  2212  4507 D AudioPolicyManagerExtImpl: [SuperVolume] update mFmMaxVolume = 1.000000.
07-08 23:27:29.068  3425  6070 D PowerManagerService: userActivityNoUpdateLocked: groupId=0, eventTime=9486520, event=other, flags=0x0, uid=10208
07-08 23:27:29.069  4972  4899 D LinearmotorVibrator: vibrate: effect=WaveformEffect { 77e04ad, effectType=152, effectStrength=1591, effectLoop=false, ringtoneVibrateType=-1, isRingtoneCustomized=false, ringtoneFilePath=, strengthSettingEnabled=false, asynchronous=true, usageHint=0 }
07-08 23:27:29.069  1888  1922 D DlbEffectContext: EffectContext[0xb4000072546223d8]: getStoredParams() outToken size = 1, out_paramStore size = 7
07-08 23:27:29.069  3425  6070 I VibratorManagerServiceExtImpl: vibrate is uid=10208, pid=4972, opPkg=com.android.systemui, effect=Mono{mEffect=Composed{segments=[OplusVibrationEffectSegment{mEffectId=152, mEffectStrength=1591, mRingtonePath=''}], repeat=-1}}, attributes=VibrationAttributes{mUsage=UNKNOWN, mAudioUsage= USAGE_UNKNOWN, mFlags=0}, reason=null, token=152986607
07-08 23:27:29.070  1888  1922 I DlbDapEffectContext: updateEffectParams() store iea value for device(0x2)
07-08 23:27:29.070  1888  1922 D DlbDapEffectContext: DapEffectContext[0xb4000072546223d8] getDapParameter() outval size = 12, ret = 0
07-08 23:27:29.070  3425  4366 W VibrationScaler: Got unexpected vibration intensity: 2400
07-08 23:27:29.071  1888  1922 D DlbDapEndpointParamCache: commit() Applying parameters for device 0x40000000
07-08 23:27:29.071  1888  1922 D DlbDapEndpointParamCache: doCommit() Committed 0 parameters out of 15.
07-08 23:27:29.071  1888  1922 D DlbDapEndpointParamCache: commit() Overriding parameters for current device 0x00000002
07-08 23:27:29.071  1888  1922 D DlbDap2Process: setParam(arsa = #5[2, 96, 96, 0, 0])
07-08 23:27:29.071  1888  1922 D DlbDap2Process: setParam(vbhb = #6[0, 16, 0, -48, -80, -128])
07-08 23:27:29.071  1888  1922 D DlbDap2Process: setParam(bmde = #1[1])
07-08 23:27:29.071  1888  1922 D DlbDap2Process: setParam(rsse = #1[0])
07-08 23:27:29.071  1888  1922 D DlbDap2Process: setParam(vbbg = #1[23])
07-08 23:27:29.071  1888  1922 D DlbDap2Process: setParam(vbhm = #4[-112, 0, 0, 0])
07-08 23:27:29.071  3425  4366 D VibrationThread: Perform OplusPrebakedSegment{mEffectId=152, mWaveformId=105, mDuration=66, mEffectStrength=1591, mDefaultUsage=TOUCH} on vibrator 0
07-08 23:27:29.071  1888  1922 D DlbDap2Process: setParam(aobs = #62[20, 2, 47, 141, 234, 328, 469, 656, 844, 1031, 1313, 1688, 2250, 3000, 3750, 4688, 5813, 7125, 9000, 11250, 13875, 19688, -104, 15, 96, 42, -44, -44, 4, 28, 24, -4, -32, -48, -63, -72, -80, -95, -76, 52, 28, -80, -104, 24, 97, 42, -24, -52, -20, -8, 0, -20, -48, -60, -68, -72, -80, -93, -85, 66, 56, -80])
07-08 23:27:29.071  1888  1922 D DlbDap2Process: setParam(arbs = #81[20, 47, 141, 234, 328, 469, 656, 844, 1031, 1313, 1688, 2250, 3000, 3750, 4688, 5813, 7125, 9000, 11250, 13875, 19688, -303, -192, -192, -192, -192, -192, -192, -192, -192, -192, -192, -192, -192, -192, -192, -192, -192, -192, -192, -192, -111, 0, 0, 0, 0, 0, 0, 0, 0, 0, 0, 0, 0, 0, 0, 0, 0, 0, 0, 0, 1, 0, 0, 0, 0, 0, 0, 0, 0, 0, 0, 0, 0, 0, 0, 0, 0, 0, 0, 0])
07-08 23:27:29.071  1888  1922 D DlbDap2Process: setParam(ards = #1[16])
07-08 23:27:29.071  1888  1922 D DlbDap2Process: setParam(vbmx = #2[100, 600])
07-08 23:27:29.071  1888  1922 D DlbDapEndpointParamCache: doCommit() Committed 10 parameters out of 65.
07-08 23:27:29.071  1888  1922 D DlbEffectContext: onDapParamUpdate() mEffectContext = 0xb4000072546223d8, back from updateEffectParams()
07-08 23:27:29.071  3294  3294 D aidl_vibrator: Vibrator set amplitude: 1.662917
07-08 23:27:29.071  3425  4366 E VibratorController: Vibrator HAL setAmplitude failed: 
07-08 23:27:29.072  3294  3294 D aidl_vibrator: Vibrator perform effect 105
07-08 23:27:29.072  3294  3294 I aidl_vibrator: findEffect vibStyle 0, effect id = 105!
07-08 23:27:29.073  4972  4972 I SystemUi--Volume: OplusVolumeDialogImpl-->onVolumeKeyStateChange isMultiMediaSettingsEnable:true,screenState:2
07-08 23:27:29.073  3294 28938 D aidl_vibrator: Starting perform on another thread
07-08 23:27:29.087  2212  3785 D EffectHalHidl: audioSchedBoost, set audiohal task boost, pid=2212, tid=3785, ret=0
07-08 23:27:29.088  3425  4956 D AudioManagerExtImpl: getStreamVolume packageName=android, index=92, streamType=3
07-08 23:27:29.088  1888  1888 V DlbVolumeListener: effectCommand
07-08 23:27:29.088  1888  1888 V DlbVolumeListener: Command EFFECT_CMD_SET_VOLUME
07-08 23:27:29.088  1888  1888 V DlbVolumeListener: Command EFFECT_CMD_SET_VOLUME: left 1379419, right 1379419, ioId 29
07-08 23:27:29.088  2212  3785 D EffectHalHidl: audioSchedBoost, set audiohal task boost, pid=2212, tid=3785, ret=0
