07-20 15:31:47.846  3535  4811 I OplusAppSwitchManagerService: appswitch hasProcess ActivityRecord{37593843 u0 rd.sheepskin.sandboxmusic/.MainActivity t3536}
07-20 15:31:47.846  3535  4811 I OplusJoystickManager: handleApplicationSwitch deprecated!
07-20 15:31:47.846  3535  4811 I GameManagerServiceExt-GameManagerServiceExt: on FG change: com.google.android.googlequicksearchbox|rd.sheepskin.sandboxmusic
07-20 15:31:47.846  3535  4811 I OplusAppSwitchManagerService: appswitch hasProcess ActivityRecord{37593843 u0 rd.sheepskin.sandboxmusic/.MainActivity t3536}
07-20 15:31:47.846  3535  4811 D ActivityTaskManager: The isLandscapeFullscreenEnabled is: rd.sheepskin.sandboxmusic/.MainActivity
07-20 15:31:47.847  3535  3634 W ActivityManager: Slow operation: 66ms so far, now at startProcess: done updating battery stats
07-20 15:31:47.847  3535  3634 W ActivityManager: Slow operation: 66ms so far, now at startProcess: building log message
07-20 15:31:47.847  3535  3634 I ActivityManager: Start proc 908:com.qualcomm.qti.workloadclassifier/u0a230 for broadcast {com.qualcomm.qti.workloadclassifier/com.qualcomm.qti.workloadclassifier.WLCReceiver}
07-20 15:31:47.847  3535  3634 W ActivityManager: Slow operation: 66ms so far, now at startProcess: starting to update pids map
07-20 15:31:47.847  3535  3634 W ActivityManager: Slow operation: 66ms so far, now at startProcess: done updating pids map
07-20 15:31:47.847  3535  3798 D OplusAppSwitchListener: App Activity Change
07-20 15:31:47.847  3535  3798 D OplusAppSwitchListener: Detect com.google.android.googlequicksearchbox switch to background
07-20 15:31:47.847  3535  3798 D OplusFeatureReduceBrightness: onAppExit , info = com.google.android.googlequicksearchbox
07-20 15:31:47.848  3535  3798 D OplusAppSwitchListener: Detect rd.sheepskin.sandboxmusic switch to foreground
07-20 15:31:47.848  3535  3783 I MemoryOperationUtils: add 908 to inactive
07-20 15:31:47.848  3535  3792 D OplusFeatureReduceBrightness: eixt rate=28 deta=274 mTU=10.0 index=1 from 3604->3878 p1(130.0,10),p2(380.0,10),x=157.65965
07-20 15:31:47.849  3535  3792 D RampAnimator: setAnimationTarget:: rate = 91.236084, mRate = 91.236084 , @ isPrimaryAnimator = true
07-20 15:31:47.849  3535  3792 D OplusFeatureReduceBrightness: setAnimating : animating = true
07-20 15:31:47.849  3535  3792 D OplusBrightnessAmbientAdapter: setAnimating: from false to true
07-20 15:31:47.849  3535  3792 D RampAnimator: setAnimationTarget:: rate = 91.236084, mRate = 91.236084 , @ isPrimaryAnimator = false
07-20 15:31:47.850  3535  3611 D OplusSplitScreenManagerService: com.teslacoilsw.launcher unSupportsSplitScreen by blockList or ForbidActivityList
07-20 15:31:47.851  3535  3649 E OplusThermalStats: Error getting package info: rd.sheepskin.sandboxmusic
07-20 15:31:47.851  3535  3611 I ActivityManager: ProcessObserver broadcast disabled
07-20 15:31:47.851  3535 22143 D OplusSplitScreenManagerService: com.teslacoilsw.launcher unSupportsSplitScreen by blockList or ForbidActivityList
07-20 15:31:47.852  3535  3613 D FlexibleTaskController: check task which not have enough child, isInSingleWhiteList:false isCloneTask:false
07-20 15:31:47.860  3535  3792 D DpcExtImpl[display=0]: Animating brightness: hdrBrightness target=3604.2917->3878.0,sdrBrightness target=3604.2917->3878.0,rate=6400->28,rate type = boost->app,byUser=false local:4630946450791512195 , brightness from dpc = 3878.6055
07-20 15:31:47.860  3535  3792 D OplusBiometricsDisplayHelper: isFold: false, isUnblockByFp: null
07-20 15:31:47.860  3535  3792 D AnimationProvider[display=0][Primary][AnimationDuration]: update=true AmountInfo:seq[true,app],levChange[3604->3878:3878] aniStart[3604],rate=91.236084,verbose[sameInterrupt=false,levChange[3604->3878],nitChange[134.01->134.04->157.66]
07-20 15:31:47.861  3535  3792 D AnimationProvider[display=0][Primary][AnimationDuration]: putStringForUser ProviderInfo:
07-20 15:31:47.861  3535  3792 D AnimationProvider[display=0][Primary][AnimationDuration]: 	 mType = other
07-20 15:31:47.861  3535  3792 D AnimationProvider[display=0][Primary][AnimationDuration]: 	 mAnimStartTime = 147302122
07-20 15:31:47.861  3535  3792 D AnimationProvider[display=0][Primary][AnimationDuration]: 	 mPendingDb = false
07-20 15:31:47.861  3535  3792 D AnimationProvider[display=0][Primary][AnimationDuration]: 	 mStartBtn = 3604
07-20 15:31:47.861  3535  3792 D AnimationProvider[display=0][Primary][AnimationDuration]: 	 mScaleStartBtn = 3604
07-20 15:31:47.861  3535  3792 D AnimationProvider[display=0][Primary][AnimationDuration]: 	 mProviderBtn = 3878
07-20 15:31:47.861  3535  3792 D AnimationProvider[display=0][Primary][AnimationDuration]: 	 mProviderNit = 157.65965
07-20 15:31:47.861  3535  3792 D AnimationProvider[display=0][Primary][AnimationDuration]: 	 mDuration = 3003
07-20 15:31:47.861  3535  3792 D AnimationProvider[display=0][Primary][AnimationDuration]: 	 mAnimStartBtn = 3604
07-20 15:31:47.861 24888 24888 V Configuration: Updating configuration, locales updated from [] to [en_TH]
07-20 15:31:47.861  3535  8375 D BackgroundInstallControlService: Package event received: 0
07-20 15:31:47.867  3535 30048 D OplusCustomizeAIStatistics: onActivityExit OplusAppExitInfo = {  targetName = com.google.android.apps.search.assistant.surfaces.voice.robin.main.MainActivity hasResumingActivity = true resumingPackageName = rd.sheepskin.sandboxmusic resumingActivityName = rd.sheepskin.sandboxmusic.MainActivity resumingWindowMode = 1 isResumingMultiApp = false isResumingFirstStart = true extension = Bundle[{taskId=3536, exitActivityPkg=com.google.android.googlequicksearchbox, scenario=0, baseUserId=0, exitBaseUserId=0, occludesParent=true, basePkg=rd.sheepskin.sandboxmusic, pullInScreen=false, isFlexibleActivitySuitable=false, uid=10448, label=null, exitScenario=0, displayid=0, pre_taskId=3535, outSideScreen=false, exitBasePkg=com.google.android.googlequicksearchbox, insensibleFlag=0}]}
07-20 15:31:47.868  3535 30048 D OplusCustomizeAIStatistics: onAppExit OplusAppExitInfo = {  targetName = com.google.android.googlequicksearchbox hasResumingActivity = true resumingPackageName = rd.sheepskin.sandboxmusic resumingActivityName = rd.sheepskin.sandboxmusic.MainActivity resumingWindowMode = 1 isResumingMultiApp = false isResumingFirstStart = true extension = Bundle[{taskId=3536, scenario=0, baseUserId=0, exitBaseUserId=0, exitActivity=com.google.android.apps.search.assistant.surfaces.voice.robin.main.MainActivity, basePkg=rd.sheepskin.sandboxmusic, pullInScreen=false, uid=10448, label=null, exitScenario=0, displayid=0, isTransientHide=false, pre_taskId=3535, outSideScreen=false, exitBasePkg=com.google.android.googlequicksearchbox, insensibleFlag=0}]} exitAppTime=147302130
07-20 15:31:47.868  3535 30048 D OplusEapManager: mTargetExitName :com.google.android.googlequicksearchbox
07-20 15:31:47.868  3535 30048 D OplusAppSwitchRuleInfo: generateAppEnterInfo - launch_source_type =  , launch_source_traceid = 
07-20 15:31:47.868  3535 30048 D ActivityTaskManager: The isLandscapeFullscreenEnabled is: rd.sheepskin.sandboxmusic/.MainActivity
07-20 15:31:47.868  3535 30048 D ActivityTaskManager: The isLandscapeFullscreenEnabled is: rd.sheepskin.sandboxmusic/.MainActivity
07-20 15:31:47.868  3535  3801 D VRR [OPlusRefreshRateService]: handleFrontAppChange pkgName: null
07-20 15:31:47.869  3535  3535 I OplusCustomizeAIStatistics: dumpAISwitchStates mEnterAppTime=0 mEnterGeminiTime=147286961 mEnterCircleToSearchTime=0 mEnterAppPkgName=com.google.android.googlequicksearchbox
--------- beginning of main
07-20 15:31:47.869  5926 10389 D OplusAtlasFeedback: callback success event:atlas_event_atlasserver_feedback eventInfo:MM_FB_EventID#22003#pkgName#com.google.android.googlequicksearchbox#event#auto_brightness#event_time#07-20 15:26:12.146#from#143.84427#to#175.55122#auto_mode#true#before_env_luxs#6 6 6 6 6 6 6 6 6 6#curr_env_luxs#6 6 6 6 6 6 6 6 6 6#event_all_data#TargetChangeEvent{mEventType=TARGET_CHANGED, mTimeStamp=146966405, state=2, currNit=143.84427, targetNit=175.55122, byUser=false, reason=4, displayId=0}#lcd_manu#P_3#backlight_ver#20250924#upload_time#07-20 15:31#upload_reason#cache_full
07-20 15:31:47.869  5926 10560 D OplusAtlasFeedback: uploadMMCollectData MM_FB_EventID#22003#pkgName#com.google.android.googlequicksearchbox#event#auto_brightness#event_time#07-20 15:26:12.146#from#143.84427#to#175.55122#auto_mode#true#before_env_luxs#6 6 6 6 6 6 6 6 6 6#curr_env_luxs#6 6 6 6 6 6 6 6 6 6#event_all_data#TargetChangeEvent{mEventType=TARGET_CHANGED, mTimeStamp=146966405, state=2, currNit=143.84427, targetNit=175.55122, byUser=false, reason=4, displayId=0}#lcd_manu#P_3#backlight_ver#20250924#upload_time#07-20 15:31#upload_reason#cache_full
07-20 15:31:47.869  5926 10389 D OplusAtlasFeedback: callback success event:atlas_event_atlasserver_feedback eventInfo:MM_FB_EventID#22003#pkgName#com.google.android.googlequicksearchbox#event#auto_brightness#event_time#07-20 15:26:18.944#from#175.55122#to#147.12315#auto_mode#true#before_env_luxs#6 6 6 6 6 6 6 6 6 6#curr_env_luxs#6 6 6 6 6 6 6 6 6 6#event_all_data#TargetChangeEvent{mEventType=TARGET_CHANGED, mTimeStamp=146973204, state=2, currNit=175.55122, targetNit=147.12315, byUser=false, reason=4, displayId=0}#lcd_manu#P_3#backlight_ver#20250924#upload_time#07-20 15:31#upload_reason#cache_full
07-20 15:31:47.870  5926 10560 D OplusAtlasFeedback: uploadMMCollectData MM_FB_EventID#22003#pkgName#com.google.android.googlequicksearchbox#event#auto_brightness#event_time#07-20 15:26:18.944#from#175.55122#to#147.12315#auto_mode#true#before_env_luxs#6 6 6 6 6 6 6 6 6 6#curr_env_luxs#6 6 6 6 6 6 6 6 6 6#event_all_data#TargetChangeEvent{mEventType=TARGET_CHANGED, mTimeStamp=146973204, state=2, currNit=175.55122, targetNit=147.12315, byUser=false, reason=4, displayId=0}#lcd_manu#P_3#backlight_ver#20250924#upload_time#07-20 15:31#upload_reason#cache_full
07-20 15:31:47.870  5926 10389 D OplusAtlasFeedback: callback success event:atlas_event_atlasserver_feedback eventInfo:MM_FB_EventID#22003#pkgName#com.google.android.googlequicksearchbox#event#auto_brightness#event_time#07-20 15:30:22.280#from#10.0#to#158.44519#auto_mode#true#before_env_luxs#6 6 6 6 6 6 6 6 6 6#curr_env_luxs#6 6 6 6 6 6 6 6 6 6#event_all_data#TargetChangeEvent{mEventType=TARGET_CHANGED, mTimeStamp=147216535, state=2, currNit=10.0, targetNit=158.44519, byUser=false, reason=4, displayId=0}#lcd_manu#P_3#backlight_ver#20250924#upload_time#07-20 15:31#upload_reason#cache_full
07-20 15:31:47.870  5926 10560 D OplusAtlasFeedback: uploadMMCollectData MM_FB_EventID#22003#pkgName#com.google.android.googlequicksearchbox#event#auto_brightness#event_time#07-20 15:30:22.280#from#10.0#to#158.44519#auto_mode#true#before_env_luxs#6 6 6 6 6 6 6 6 6 6#curr_env_luxs#6 6 6 6 6 6 6 6 6 6#event_all_data#TargetChangeEvent{mEventType=TARGET_CHANGED, mTimeStamp=147216535, state=2, currNit=10.0, targetNit=158.44519, byUser=false, reason=4, displayId=0}#lcd_manu#P_3#backlight_ver#20250924#upload_time#07-20 15:31#upload_reason#cache_full
07-20 15:31:47.871  3535  3535 I OplusCustomizeAIStatistics: updateAiStatisticData this info=AIStatisticInfo { aiPkg=Gemini startCnt=1 runTime=15169 lossCnt=0 }
07-20 15:31:47.871  3535  3535 I OplusCustomizeAIStatistics: updateAiStatisticData total aiInfo=AIStatisticInfo { aiPkg=Gemini startCnt=13 runTime=539079 lossCnt=2 }
07-20 15:31:47.871  5926 10389 D OplusAtlasFeedback: callback success event:atlas_event_atlasserver_feedback eventInfo:MM_FB_EventID#22003#pkgName#com.google.android.googlequicksearchbox#event#auto_brightness#event_time#07-20 15:30:22.338#from#158.44519#to#134.01071#auto_mode#true#before_env_luxs#6 6 6 6 6 6 6 6 6 6#curr_env_luxs#6 6 6 6 6 6 6 6 6 6#event_all_data#TargetChangeEvent{mEventType=TARGET_CHANGED, mTimeStamp=147216599, state=2, currNit=158.44519, targetNit=134.01071, byUser=false, reason=4, displayId=0}#lcd_manu#P_3#backlight_ver#20250924#upload_time#07-20 15:31#upload_reason#cache_full
07-20 15:31:47.871  5926 10560 D OplusAtlasFeedback: uploadMMCollectData MM_FB_EventID#22003#pkgName#com.google.android.googlequicksearchbox#event#auto_brightness#event_time#07-20 15:30:22.338#from#158.44519#to#134.01071#auto_mode#true#before_env_luxs#6 6 6 6 6 6 6 6 6 6#curr_env_luxs#6 6 6 6 6 6 6 6 6 6#event_all_data#TargetChangeEvent{mEventType=TARGET_CHANGED, mTimeStamp=147216599, state=2, currNit=158.44519, targetNit=134.01071, byUser=false, reason=4, displayId=0}#lcd_manu#P_3#backlight_ver#20250924#upload_time#07-20 15:31#upload_reason#cache_full
07-20 15:31:47.872  5926 10389 D OplusAtlasFeedback: callback success event:atlas_event_atlasserver_feedback eventInfo:MM_FB_EventID#22003#pkgName#com.google.android.googlequicksearchbox#event#auto_brightness#event_time#07-20 15:31:14.976#from#10.0#to#134.01071#auto_mode#true#before_env_luxs#6 6 6 6 6 6 6 6 6 6#curr_env_luxs#6 6 6 6 6 6 6 6 6 6#event_all_data#TargetChangeEvent{mEventType=TARGET_CHANGED, mTimeStamp=147269234, state=2, currNit=10.0, targetNit=134.01071, byUser=false, reason=4, displayId=0}#lcd_manu#P_3#backlight_ver#20250924#upload_time#07-20 15:31#upload_reason#cache_full
07-20 15:31:47.872  5926 10560 D OplusAtlasFeedback: uploadMMCollectData MM_FB_EventID#22003#pkgName#com.google.android.googlequicksearchbox#event#auto_brightness#event_time#07-20 15:31:14.976#from#10.0#to#134.01071#auto_mode#true#before_env_luxs#6 6 6 6 6 6 6 6 6 6#curr_env_luxs#6 6 6 6 6 6 6 6 6 6#event_all_data#TargetChangeEvent{mEventType=TARGET_CHANGED, mTimeStamp=147269234, state=2, currNit=10.0, targetNit=134.01071, byUser=false, reason=4, displayId=0}#lcd_manu#P_3#backlight_ver#20250924#upload_time#07-20 15:31#upload_reason#cache_full
07-20 15:31:47.872  5826 10929 W Battery : AppSwitchDetectorV2: OnAppSwitchObserver: rd.sheepskin.sandboxmusic.MainActivity lastReg=1784524681700
07-20 15:31:47.872  5826 10929 W Battery : AppSwitchManager: onAppSwitch: [q4.o$d@1f45a21]
07-20 15:31:47.872  5826 10929 W Battery : ThermalControlUtils: mForegroundPkg=rd.sheepskin.sandboxmusic mLastWindowMode=1
07-20 15:31:47.873 22607 22607 I PluginSeedling--Origin: LiveAlertInteractorImpl-->notifyEntryDataChanged ENTRY_STATUS_BAR, result:LiveAlertModel: [key: 268451924||0|1784536306699, entranceType: ENTRY_STATUS_BAR, score: 6.05, groupPriority: 1 type: IMMEDIATE, isSystemService: true, shouldShow: true, lockscreenShouldShow: false, sourceType: SOURCE_SEEDLING, remindLevel: 0, pkg: com.oplus.battery, hostPkgName=com.oplus.battery front: false, forceRebuild: false, isForcedReminder: false, InstantDuration: 5000, requestPanel: false, capsuleTimeOut: 300000, serviceTitleName: , overrideTransition: false level: 1,
07-20 15:31:47.873 22607 22607 I PluginSeedling--Origin:  rusBaseData: RusBaseData(id='268451924', updateStateEnable=0, canDelete=1, remindAlways=0, longClick='', cardImportance=-1, clickCustomAction=0,timeOutDuration=5, timeOutDurationEnable=0,enableInSuperpower=1, autoPriority=0, customCapsuleDuration=-1,clickWhenAnim=0, panoramicAodEnable=1,notificationStyleList=,blackCallStyle=0, liveAlertScore=-1.0,liveAlertLevel=-1,enableQuitShrink=0, lockImmersiveEnable=0, lockImmersiveDefault=0,lockRemindAlways = 0, luSettings=[], liteAnim=14, serviceType=1), showSize: VIEW_SIZE_NONE, isPinFiltered: false serviceFrom: 0, liveAlertState: SeedlingState(0), wrapperSize: 1, duplicateChips: false, quitHideOrBubble:0, liveAlertService:, immersiveCardType:-1, requestLockScreenImmersive:-1, ignoreEntry:0, noe: false
07-20 15:31:47.873 22607 22607 I SDP.SysUi.BaseSeedling:  268451924&3&20_sid=268451924_rk=8fc86c,268451924&3&20_sid=268451924_rk=8fc86c,getViewListBySize success, entrance:status_bar[8,20], cardSize:7, allValidSize:[7][ssdk:v1.3.130-5a024cf,sdplugin:v16.56.0-85a272db] [SeedlingSdk|com.android.systemui|2.0.40-ebe132d]
07-20 15:31:47.873 22607 22607 I PluginSeedling--Origin: LiveAlertInteractorImpl-->notifyEntryDataChanged ENTRY_NOTIFICATION, result:, noe: false
07-20 15:31:47.873 22607 22607 I PluginSeedling--Notification: NotificationRepository-->onDataChanged, []
07-20 15:31:47.873 22607 22607 I PluginSeedling--Notification: NofificationInfoConvert-->releaseTaskSet
07-20 15:31:47.873 27132 32550 E CursorWindow: Failed alloc newOffset: 2075316mAllocOffset: 2071380mSlotsOffset: 2072064: No such file or directory
07-20 15:31:47.873 27132 32550 E CursorWindow: Failed NO_MEMORY: No such file or directory
07-20 15:31:47.873 27174   791 I ddwl    : (REDACTED) Writing metadata key: %s, corpus: %s
07-20 15:31:47.874  3535 27451 I OStatsManager_Calc: add screen power pkgName = com.google.android.googlequicksearchbox, uid = 10125, power = 3033.3049499988556, is Fg = true, fore size = 1, mScale = 1.0
07-20 15:31:47.874 27174   791 I ddwl    : (REDACTED) Writing metadata key: %s, corpus: %s
07-20 15:31:47.874  3535 27451 I OStatsManager_Calc: noteBeforePkgSwitch change = true, curTime = 147302110, rd.sheepskin.sandboxmusic, fg = false
07-20 15:31:47.874  3535 27451 I OStatsManager_OplusBatteryStatsManager: updateStateTime: PkgName = rd.sheepskin.sandboxmusic, uid = 10448, state to fg, mForegroundCnt = 1, isFg = true
07-20 15:31:47.874  3535 27451 I OStatsManager_OplusBatteryStatsManager: notePkgForeground [com.google.android.googlequicksearchbox10125, rd.sheepskin.sandboxmusic10448], uid = 10448, pid = 24888, pkgName = rd.sheepskin.sandboxmusic
07-20 15:31:47.874  3535 27451 I OStatsManager_OplusBatteryStatsManager: updateStateTime: PkgName = com.qualcomm.qti.workloadclassifier, uid = 10230, state to bg, mForegroundCnt = 0, isFg = false
07-20 15:31:47.874  3535 27451 I OStatsManager_Calc: noteBrightness display = 0, bin = 2, brightness = 3878, upTime = 77482150
07-20 15:31:47.874 27174   791 I ddwl    : (REDACTED) Writing metadata key: %s, corpus: %s
07-20 15:31:47.875  3535  3792 D OplusBiometricsDisplayHelper: isFold: false, isUnblockByFp: null
07-20 15:31:47.875  3535 30048 D OplusAppSwitchRuleInfo: generateAppEnterInfo - launch_source_type =  , launch_source_traceid = 
07-20 15:31:47.875  3535 30048 D ActivityTaskManager: The isLandscapeFullscreenEnabled is: rd.sheepskin.sandboxmusic/.MainActivity
07-20 15:31:47.877  5926 10389 D OplusAtlasFeedback: callback success event:atlas_event_atlasserver_feedback eventInfo:MM_FB_EventID#22003#pkgName#com.google.android.googlequicksearchbox#event#auto_brightness#event_time#07-20 15:31:32.257#from#10.0#to#134.01071#auto_mode#true#before_env_luxs#6 6 6 6 6 6 6 6 6 6#curr_env_luxs#6 6 6 6 6 6 6 6 6 6#event_all_data#TargetChangeEvent{mEventType=TARGET_CHANGED, mTimeStamp=147286509, state=2, currNit=10.0, targetNit=134.01071, byUser=false, reason=4, displayId=0}#lcd_manu#P_3#backlight_ver#20250924#upload_time#07-20 15:31#upload_reason#cache_full
07-20 15:31:47.877  5926 10560 D OplusAtlasFeedback: uploadMMCollectData MM_FB_EventID#22003#pkgName#com.google.android.googlequicksearchbox#event#auto_brightness#event_time#07-20 15:31:32.257#from#10.0#to#134.01071#auto_mode#true#before_env_luxs#6 6 6 6 6 6 6 6 6 6#curr_env_luxs#6 6 6 6 6 6 6 6 6 6#event_all_data#TargetChangeEvent{mEventType=TARGET_CHANGED, mTimeStamp=147286509, state=2, currNit=10.0, targetNit=134.01071, byUser=false, reason=4, displayId=0}#lcd_manu#P_3#backlight_ver#20250924#upload_time#07-20 15:31#upload_reason#cache_full
07-20 15:31:47.877  2237  2237 E SurfaceFlinger: Out of order buffers detected for RequestedLayerState{com.google.android.googlequicksearchbox#65231 parentId=65230} producedId=2 frameNumber=6525 -> producedId=2 frameNumber=177
07-20 15:31:47.878  5926 10389 D OplusAtlasFeedback: callback success event:atlas_event_atlasserver_feedback eventInfo:MM_FB_EventID#22003#pkgName#rd.sheepskin.sandboxmusic#event#auto_brightness#event_time#07-20 15:31:47.849#from#134.01071#to#157.65965#auto_mode#true#before_env_luxs#6 6 6 6 6 6 6 6 6 6#curr_env_luxs#6 6 6 6 6 6 6 6 6 6#event_all_data#TargetChangeEvent{mEventType=TARGET_CHANGED, mTimeStamp=147302110, state=2, currNit=134.01071, targetNit=157.65965, byUser=false, reason=4, displayId=0}#lcd_manu#P_3#backlight_ver#20250924#upload_time#07-20 15:31#upload_reason#cache_full
07-20 15:31:47.878  5926 10560 D OplusAtlasFeedback: uploadMMCollectData MM_FB_EventID#22003#pkgName#rd.sheepskin.sandboxmusic#event#auto_brightness#event_time#07-20 15:31:47.849#from#134.01071#to#157.65965#auto_mode#true#before_env_luxs#6 6 6 6 6 6 6 6 6 6#curr_env_luxs#6 6 6 6 6 6 6 6 6 6#event_all_data#TargetChangeEvent{mEventType=TARGET_CHANGED, mTimeStamp=147302110, state=2, currNit=134.01071, targetNit=157.65965, byUser=false, reason=4, displayId=0}#lcd_manu#P_3#backlight_ver#20250924#upload_time#07-20 15:31#upload_reason#cache_full
07-20 15:31:47.879  4758  4785 V DCSEX-AppSwitchManager: OnAppSwitchObserver: onAppExit, resuming = rd.sheepskin.sandboxmusic, target = com.google.android.googlequicksearchbox, is ResumingFirstStart =  true, is ResumingMultiApp =  false, extensionInfo =  Bundle[{taskId=3536, scenario=0, baseUserId=0, exitBaseUserId=0, exitActivity=com.google.android.apps.search.assistant.surfaces.voice.robin.main.MainActivity, basePkg=rd.sheepskin.sandboxmusic, pullInScreen=false, uid=10448, label=null, exitScenario=0, displayid=0, isTransientHide=false, pre_taskId=3535, outSideScreen=false, exitBasePkg=com.google.android.googlequicksearchbox, insensibleFlag=0}]
07-20 15:31:47.879 24888 24888 W libc    : Access denied finding property "ro.odm.prev.product.name"
07-20 15:31:47.880  3535 30048 D ActivityTaskManager: The isLandscapeFullscreenEnabled is: rd.sheepskin.sandboxmusic/.MainActivity
07-20 15:31:47.880  3535 30048 D OplusAppSwitchRuleInfo: generateAppEnterInfo - launch_source_type =  , launch_source_traceid = 
07-20 15:31:47.880  3535 30048 D ActivityTaskManager: The isLandscapeFullscreenEnabled is: rd.sheepskin.sandboxmusic/.MainActivity
07-20 15:31:47.880  3535 30048 D ActivityTaskManager: The isLandscapeFullscreenEnabled is: rd.sheepskin.sandboxmusic/.MainActivity
07-20 15:31:47.881  4758 27736 D DCSEX-AppLaunchEventRecorder: onAppSwitch from = com.google.android.googlequicksearchbox to = rd.sheepskin.sandboxmusic
07-20 15:31:47.881  4758  4785 V DCSEX-AppSwitchManager: OnAppSwitchObserver: onAppEnter, launchedFrom =  com.android.shell, target =  rd.sheepskin.sandboxmusic, is firstStart =  true, is multiApp =  false, extensionInfo =  Bundle[{activity=rd.sheepskin.sandboxmusic.MainActivity, isTaskEmbedded=false, launch_source_traceid=, launchScenario=0, isGame=false, taskId=3536, exitActivityPkg=com.google.android.googlequicksearchbox, baseUserId=0, exitBaseUserId=0, exitActivity=com.google.android.apps.search.assistant.surfaces.voice.robin.main.MainActivity, basePkg=rd.sheepskin.sandboxmusic, fix=true, pid=24888, uid=10448, label=null, exitTaskId=3535, exitScenario=0, displayid=0, versionCode=53, launch_source_type=, outSideScreen=false, exitBasePkg=com.google.android.googlequicksearchbox, insensibleFlag=0}], launch_source_type =  , launch_source_traceid =  
07-20 15:31:47.881  4758 27736 D DCSEX-AppLaunchEventRecorder: recordExitApp = com.google.android.googlequicksearchbox
07-20 15:31:47.881 27174 27333 I ddsg    : (REDACTED) Starting batch sync for corpora: %s
07-20 15:31:47.882 27174 27280 I ddsg    : (REDACTED) Starting batch sync for corpora: %s
07-20 15:31:47.882   908   908 E kloadclassifier: Unknown bits set in runtime_flags: 0x40000000
07-20 15:31:47.882   908   908 I kloadclassifier: Using generational CollectorTypeCMC GC.
07-20 15:31:47.881  3535 30048 D OplusAppSwitchRuleInfo: generateAppEnterInfo - launch_source_type =  , launch_source_traceid = 
07-20 15:31:47.882  3535 30048 D ActivityTaskManager: The isLandscapeFullscreenEnabled is: rd.sheepskin.sandboxmusic/.MainActivity
07-20 15:31:47.882  3535 30048 D ActivityTaskManager: The isLandscapeFullscreenEnabled is: rd.sheepskin.sandboxmusic/.MainActivity
07-20 15:31:47.882  3535 30048 D OplusLatencyOptimizerManager: enter pkg: rd.sheepskin.sandboxmusic isPrevBlackAppTop: false mIsBlackAppTop: false
07-20 15:31:47.882  3535 30048 I OplusHansManager : appSwitch from com.google.android.googlequicksearchbox to rd.sheepskin.sandboxmusic, pre resume pkg:null
07-20 15:31:47.882 27174 27279 I ddsg    : (REDACTED) Starting batch sync for corpora: %s
07-20 15:31:47.882  3535 30048 D OplusEapManager: mTargetEnterName :rd.sheepskin.sandboxmusic
07-20 15:31:47.882  5826 10929 W Battery : ThermalControllerCenter: mSafetyState=10000
07-20 15:31:47.882  5826 10929 W Battery : ThermalControllHandler: tempLevel=[4],userMode=2,gameUserMode=-1,appType=-1,envTempType=0,appStates=[101],appSwitchSafetyMode=false,split=[],float={},full=[rd.sheepskin.sandboxmusic], tempGear=[4],configItemName=scene_101
07-20 15:31:47.882  5826 10929 W Battery : ThermalControllerCenter: MSG_THERMAL_CONTROL_CATEGORY_PROTECT_PERIOD enter.
07-20 15:31:47.882  3535  3801 D VRR [OPlusRefreshRateService]: handleFrontAppChange pkgName: rd.sheepskin.sandboxmusic
07-20 15:31:47.883  3535  3801 D VRR [OPlusSAManager]: updateAutoMinfps for 4630946450791512195 with nits: 134.0107, mHistOK true, mAmbientOK true, mCctOK true, mIrOK true, mBrightnessOK true, isPkgOK true, SA min fps: 89
07-20 15:31:47.883  3535 30048 D OplusAppSwitchRuleInfo: generateAppEnterInfo - launch_source_type =  , launch_source_traceid = 
07-20 15:31:47.883  3535 30048 D ActivityTaskManager: The isLandscapeFullscreenEnabled is: rd.sheepskin.sandboxmusic/.MainActivity
07-20 15:31:47.883  3535 30048 D ActivityTaskManager: The isLandscapeFullscreenEnabled is: rd.sheepskin.sandboxmusic/.MainActivity
07-20 15:31:47.883  3535  5000 D OplusBatteryServiceFeature: setSmartCoolDown: coolDown = 5, normalCoolDown = 5, pkgName = rd.sheepskin.sandboxmusic
07-20 15:31:47.883  3535 30048 D OplusAppSwitchRuleInfo: generateAppEnterInfo - launch_source_type =  , launch_source_traceid = 
07-20 15:31:47.883  3535 30048 D ActivityTaskManager: The isLandscapeFullscreenEnabled is: rd.sheepskin.sandboxmusic/.MainActivity
07-20 15:31:47.883  3535 30048 D ActivityTaskManager: The isLandscapeFullscreenEnabled is: rd.sheepskin.sandboxmusic/.MainActivity
07-20 15:31:47.883  3535 30048 D OplusAppSwitchRuleInfo: generateAppEnterInfo - launch_source_type =  , launch_source_traceid = 
07-20 15:31:47.883  3535 30048 D ActivityTaskManager: The isLandscapeFullscreenEnabled is: rd.sheepskin.sandboxmusic/.MainActivity
07-20 15:31:47.883  3535 30048 D ActivityTaskManager: The isLandscapeFullscreenEnabled is: rd.sheepskin.sandboxmusic/.MainActivity
07-20 15:31:47.883  3535 30048 D OplusAppSwitchRuleInfo: generateActivityEnterInfo - launch_source_type =  , launch_source_traceid = 
07-20 15:31:47.883  3535 30048 D OplusAppSwitchRuleInfo: generateActivityEnterInfo - launch_source_type =  , launch_source_traceid = 
07-20 15:31:47.883  2091  2091 D vendor.oplus.hardware.charger-V10-service: set cooldown:5,  normalCoolDown:5
07-20 15:31:47.885  5684  5735 I Athena  : AthenaDynamicReceiver: pre_app:com.google.android.googlequicksearchbox, next_app:rd.sheepskin.sandboxmusic(10448|24888)
07-20 15:31:47.886 30051 15940 D SceneSDK.1.0.4-SNAPSHOT.30051.DeepThinkerAppSwitchAbility: onAppSwitchEvent: AppSwitchEvent(timeStamp=1784536307878, eventType=2, targetName=com.google.android.googlequicksearchbox, firstStart=false, multiApp=false, windowMode=0, resumingPackageName=rd.sheepskin.sandboxmusic, resumingActivityName=rd.sheepskin.sandboxmusic.MainActivity, isResumingMultiApp=false, isResumingFirstStart=true)
07-20 15:31:47.888  2237  2237 E SurfaceFlinger: Out of order buffers detected for RequestedLayerState{com.google.android.googlequicksearchbox#65231 parentId=65230} producedId=2 frameNumber=6525 -> producedId=2 frameNumber=178
07-20 15:31:47.889  5826 10929 W Battery : ThermalControlUtils: not set the same wifi=0
07-20 15:31:47.890  5826   550 W Battery : AppSceneCenter: PerfPolicy not enable!
07-20 15:31:47.891 30051 15940 I metis_v2_AppSwitchDataCollector: AppExitEvent =  com.google.android.googlequicksearchbox, NextAppName = rd.sheepskin.sandboxmusic
07-20 15:31:47.891 30051 30347 W metis_v2_OifaceBindUtils: bindTask
07-20 15:31:47.891 27174   791 I ddwl    : (REDACTED) Writing metadata key: %s, corpus: %s
07-20 15:31:47.892 27174   791 I ddwl    : (REDACTED) Writing metadata key: %s, corpus: %s
07-20 15:31:47.893 27174   791 I ddwl    : The GellerConfig is not present, returning null.
07-20 15:31:47.893 27174   791 I ddwl    : (REDACTED) The GellerConfig is not present, defaulting isUploadEnabled for corpus %s to true.
07-20 15:31:47.893   908   908 D nativeloader: Load libframework-connectivity-tiramisu-jni.so using APEX ns com_android_tethering for caller /apex/com.android.tethering/javalib/framework-connectivity-t.jar: ok
07-20 15:31:47.893 27174   791 I ddwl    : The GellerConfig is not present, returning null.
07-20 15:31:47.893 27174   791 I ddwl    : (REDACTED) The GellerConfig is not present, defaulting isUploadEnabled for corpus %s to true.
07-20 15:31:47.893 27132 27287 I ddsg    : (REDACTED) Starting batch sync for corpora: %s
07-20 15:31:47.893 27132 27253 I ddsg    : (REDACTED) Starting batch sync for corpora: %s
07-20 15:31:47.894 27174 27333 I ddsg    : (REDACTED) Starting batch sync for corpora: %s
07-20 15:31:47.894 27132 27274 I ddsg    : (REDACTED) Starting batch sync for corpora: %s
07-20 15:31:47.894 27174   817 I ddwl    : (REDACTED) Writing metadata key: %s, corpus: %s
07-20 15:31:47.895 27174   817 I ddwl    : (REDACTED) Writing metadata key: %s, corpus: %s
07-20 15:31:47.895   908   908 D OplusActivityThreadExtImpl: java.lang.NoSuchMethodException: dalvik.system.VMRuntime.SupressionGC [int, int]
07-20 15:31:47.895 27174 27281 W ddsg    : (REDACTED) Upload permissions denied for Corpus %s
07-20 15:31:47.895   908   908 W libc    : Access denied finding property "persist.vendor.sys.activitylog"
07-20 15:31:47.895   908   908 I OneTrace: Mark active for pid=908? true
07-20 15:31:47.895   908   908 D cutils-dev: otrace_set_tracing_enabled? true tag:0
07-20 15:31:47.895 27174 27329 I ddsg    : (REDACTED) Starting batch sync for corpora: %s
07-20 15:31:47.897 27174   793 I ddsg    : (REDACTED) The syncToken for corpus %s is %s and the syncRequestReason is %s
07-20 15:31:47.898 27174   791 I ddsg    : (REDACTED) No previous syncToken for corpus %s found.
07-20 15:31:47.898   908   925 D cutils-dev: properties changed in otrace_seq_number_changed!
07-20 15:31:47.899 27174   791 I ddwl    : The GellerConfig is not present, returning null.
07-20 15:31:47.899 27174   791 I ddwl    : (REDACTED) The GellerConfig is not present, defaulting isUploadEnabled for corpus %s to true.
07-20 15:31:47.899  2237  2237 E SurfaceFlinger: Out of order buffers detected for RequestedLayerState{com.google.android.googlequicksearchbox#65231 parentId=65230} producedId=2 frameNumber=6525 -> producedId=2 frameNumber=179
07-20 15:31:47.899 27174   817 I ddsg    : (REDACTED) No previous syncToken for corpus %s found.
07-20 15:31:47.899 27174   791 I ddwl    : The GellerConfig is not present, returning null.
07-20 15:31:47.899 27174   791 I ddwl    : (REDACTED) The GellerConfig is not present, defaulting isUploadEnabled for corpus %s to true.
07-20 15:31:47.900 27174   796 I ddsg    : (REDACTED) No previous syncToken for corpus %s found.
07-20 15:31:47.901 27174   796 I ddsg    : (REDACTED) No previous syncToken for corpus %s found.
07-20 15:31:47.903  3535  4811 D SplitScreenAppReader: SPLIT_TOUCH support check:com.qualcomm.qti.workloadclassifier = false
07-20 15:31:47.903  3535  4811 D ActivityTaskManagerServiceExtImpl: preBindApplication record is null
07-20 15:31:47.903  3535  4811 D RGBNormalizeServer: OplusRGBNormalize feature enabled ? false
07-20 15:31:47.903  3535  4811 D ResourcesManagerCache: For package com.qualcomm.qti.workloadclassifier we got cacheList [null] appInfoExt is null ? false hasFeature ? false
07-20 15:31:47.902  1945  2120 I sensors-hal: get_display_brightness:763, _use_black_mode: 1, _dft_scrn.blank_mode: 1, _dft_scrn.blank_mode_sec: 0
07-20 15:31:47.909 27132 27242 I eckp    : (REDACTED) getting App Capabilities %s
07-20 15:31:47.909 27132 27223 I eckp    : (REDACTED) getting App Capabilities %s
07-20 15:31:47.909 27132 27242 I echx    : Building Device Properties.
07-20 15:31:47.910  2237  2237 E SurfaceFlinger: Out of order buffers detected for RequestedLayerState{com.google.android.googlequicksearchbox#65231 parentId=65230} producedId=2 frameNumber=6525 -> producedId=2 frameNumber=180
07-20 15:31:47.912 27132 27238 I echx    : Building Device Properties.
07-20 15:31:47.912 27132 27238 I eckp    : (REDACTED) getting App Capabilities %s
07-20 15:31:47.912 27132 27238 I echx    : Building Device Properties.
07-20 15:31:47.915   908   932 D OplusAppHeapManager: java.lang.NoSuchMethodException: dalvik.system.VMRuntime.updateProcessValue [int, int, int]
07-20 15:31:47.916 27132 27240 D AudioManager: isBluetoothScoOn()=false, calling application:com.google.android.googlequicksearchbox
07-20 15:31:47.917   908   908 D CompactWindowAppManager: initCompactApplicationInfo CompactMode: , NormalMode: 
07-20 15:31:47.917 27132 27238 D AudioManager: isBluetoothScoOn()=false, calling application:com.google.android.googlequicksearchbox
07-20 15:31:47.918   908   908 V Configuration: Updating configuration, locales updated from [] to [en_TH]
07-20 15:31:47.918   908   908 D OplusScrollToTopManager: setIsInWhiteList false
07-20 15:31:47.918   908   908 D OplusViewDebugManager: OplusViewDebugManager Constructor android.view.debug.OplusViewDebugManager@49821d [mHasViewDebugProperty true] [mHasMsgDebugProperty false] [DEBUG false] [EXTRAINFOENABLE false] [LIGHT_OS false]
07-20 15:31:47.919   908   908 E DynamicFramerate [AnimationConfigManager]: initAnimationConfig: animAwareItem is empty, return
07-20 15:31:47.921   908   908 D CompatChangeReporter: Compat change id reported: 202956589; UID 10230; state: ENABLED
07-20 15:31:47.921  2237  2237 E SurfaceFlinger: Out of order buffers detected for RequestedLayerState{com.google.android.googlequicksearchbox#65231 parentId=65230} producedId=2 frameNumber=6525 -> producedId=2 frameNumber=181
07-20 15:31:47.923 27132 27223 D AudioManager: isBluetoothScoOn()=false, calling application:com.google.android.googlequicksearchbox
07-20 15:31:47.924  2237  2763 E HwcComposer: getLuts failed Status(-129, EX_TRANSACTION_FAILED): 'UNKNOWN_TRANSACTION: '
07-20 15:31:47.925   908   908 W libc    : Access denied finding property "ro.odm.prev.product.name"
07-20 15:31:47.926  3535  4730 I CwbClient: R/G/B:0-0-0
07-20 15:31:47.929   908   908 D nativeloader: Configuring clns-shared-9 for other apk /system_ext/app/workloadclassifier/workloadclassifier.apk. target_sdk_version=35, uses_libraries=, library_path=/system_ext/app/workloadclassifier/lib/arm64:/system/lib64:/system_ext/lib64, permitted_path=/data:/mnt/expand:/data/user/0/com.qualcomm.qti.workloadclassifier:/system_ext/app/workloadclassifier:/system/lib64:/system_ext/lib64
07-20 15:31:47.931 30051 30347 E metis_v2_JenaHandlerManager: local thread match [Metis|com.oplus.metis|1.5.5-f48228a]
07-20 15:31:47.931   908   908 I kloadclassifier: AssetManager2(0xb400006fab9f0728) locale list changing from [] to [en-TH]
07-20 15:31:47.932 30051 30347 E metis_v2_JenaHandlerManager: local thread match
07-20 15:31:47.932  2237  2237 E SurfaceFlinger: Out of order buffers detected for RequestedLayerState{com.google.android.googlequicksearchbox#65231 parentId=65230} producedId=2 frameNumber=6525 -> producedId=2 frameNumber=182
07-20 15:31:47.934  1945  2120 I sensors-hal: get_display_brightness:763, _use_black_mode: 1, _dft_scrn.blank_mode: 1, _dft_scrn.blank_mode_sec: 0
07-20 15:31:47.935  3535  4399 D FusionLightNextGen: raw_lux -1.0, raw_cct -1.0, r/g/b/c: 320.7/174.5/105.5/527.8, R/G/B: 0.0/0.0/0.0, bri 1492.0, lux: 6.817682, cct: 5300.0, ir: 0.068959, conf: 2, cnt: 0
07-20 15:31:47.939   908   908 V GraphicsEnvironment: Currently set values for:
07-20 15:31:47.939   908   908 V GraphicsEnvironment:   angle_gl_driver_selection_pkgs=[""]
07-20 15:31:47.939   908   908 V GraphicsEnvironment:   angle_gl_driver_selection_values=[""]
07-20 15:31:47.939   908   908 V GraphicsEnvironment: com.qualcomm.qti.workloadclassifier is not listed in per-application setting
07-20 15:31:47.939   908   908 V GraphicsEnvironment: ANGLE allowlist from config: 
07-20 15:31:47.939   908   908 V GraphicsEnvironment: com.qualcomm.qti.workloadclassifier is not listed in ANGLE allowlist or settings, returning default
07-20 15:31:47.939   908   908 D ResourcesManagerExtImpl: applyConfigurationToAppResourcesLocked app.getDisplayId() return callback.displayId:-1
07-20 15:31:47.940  3535  8978 I ActivityManager: Flag disabled. Ignoring finishAttachApplication from uid: 10230. pid: 908
07-20 15:31:47.942 30051 15940 D SceneSDK.1.0.4-SNAPSHOT.30051.DeepThinkerAppSwitchAbility: onAppSwitchEvent: AppSwitchEvent(timeStamp=1784536307884, eventType=1, targetName=rd.sheepskin.sandboxmusic, firstStart=true, multiApp=false, windowMode=1, resumingPackageName=, resumingActivityName=, isResumingMultiApp=false, isResumingFirstStart=false)
07-20 15:31:47.942 30051 15940 I metis_v2_AppSwitchDataCollector: AppEnterEvent =  rd.sheepskin.sandboxmusic, windowMode = 1,firstStart = true
07-20 15:31:47.942   908   908 E ANDR-PERF-CLIENT-SYS: death recipent object is fine
07-20 15:31:47.942   908   908 W kloadclassifier: AIBinder_linkToDeath is being called with a non-null cookie and no onUnlink callback set. This might not be intended. AIBinder_DeathRecipient_setOnUnlinked should be called first.
07-20 15:31:47.942   908   908 D OplusActivityManager: get AMS extension: android.os.BinderProxy@eb37260
07-20 15:31:47.943 30051 15940 I metis_v2_AppSwitchDataCollector:  set isNotifiedTVCast
07-20 15:31:47.947 30051 15940 E metis_v2_FactManager: There is no subModel: com.oplus.linker
07-20 15:31:47.947 30051 15940 I metis_v2_AppSwitchDataCollector: Skip call fire
07-20 15:31:47.957 27132 27255 I ddsg    : (REDACTED) Starting batch sync for corpora: %s
07-20 15:31:47.959 27132 27238 I eckp    : (REDACTED) getting App Capabilities %s
07-20 15:31:47.959 27132 27223 I echx    : Building Device Properties.
07-20 15:31:47.960 27132 27223 D AudioManager: isBluetoothScoOn()=false, calling application:com.google.android.googlequicksearchbox
07-20 15:31:47.964   908   908 D nativeloader: Load /system_ext/lib64/libqti_workloadclassifiermodel.so using ns default for caller /system_ext/app/workloadclassifier/workloadclassifier.apk in same partition (is_bridged=0): ok
07-20 15:31:47.967  1945  2120 I sensors-hal: get_display_brightness:763, _use_black_mode: 1, _dft_scrn.blank_mode: 1, _dft_scrn.blank_mode_sec: 0
07-20 15:31:47.971   908   908 I tflite  : Initialized TensorFlow Lite runtime.
07-20 15:31:47.979   908   939 D WLC-Service: perf mpctl Init Completed
07-20 15:31:47.981   908   939 E ashmem  : Pinning is deprecated since Android Q. Please use trim or other methods.
07-20 15:31:47.991   908   939 W SQLiteLog: (28) double-quoted string literal: "rd.sheepskin.sandboxmusic"
07-20 15:31:47.993 27132 32550 E CursorWindow: Failed alloc newOffset: 2073132mAllocOffset: 2071668mSlotsOffset: 2072288: No such file or directory
07-20 15:31:47.993 27132 32550 E CursorWindow: Failed NO_MEMORY: No such file or directory
07-20 15:31:47.995 24888 24888 D nativeloader: Configuring clns-9 for other apk /data/app/~~SkCBUSb-wKbr5zX0C9DxWQ==/rd.sheepskin.sandboxmusic-8TEwyrFOL_ieQ980l_a91g==/base.apk. target_sdk_version=36, uses_libraries=, library_path=/data/app/~~SkCBUSb-wKbr5zX0C9DxWQ==/rd.sheepskin.sandboxmusic-8TEwyrFOL_ieQ980l_a91g==/lib/arm64:/data/app/~~SkCBUSb-wKbr5zX0C9DxWQ==/rd.sheepskin.sandboxmusic-8TEwyrFOL_ieQ980l_a91g==/base.apk!/lib/arm64-v8a, permitted_path=/data:/mnt/expand:/data/user/0/rd.sheepskin.sandboxmusic
07-20 15:31:47.998  3535  3612 E DiscreteOpsXmlRegistry: Deleting file 1783931104693tl
07-20 15:31:47.998 24888 24888 I in.sandboxmusic: AssetManager2(0xb400006fab9f0a28) locale list changing from [] to [en-TH]
07-20 15:31:47.998  3535  3612 E DiscreteOpsXmlRegistry: Deleting file 1783931426887tl
07-20 15:31:48.002 24888 24888 V GraphicsEnvironment: Currently set values for:
07-20 15:31:48.002 24888 24888 V GraphicsEnvironment:   angle_gl_driver_selection_pkgs=[""]
07-20 15:31:48.002 24888 24888 V GraphicsEnvironment:   angle_gl_driver_selection_values=[""]
07-20 15:31:48.002 24888 24888 V GraphicsEnvironment: rd.sheepskin.sandboxmusic is not listed in per-application setting
07-20 15:31:48.002 24888 24888 V GraphicsEnvironment: ANGLE allowlist from config: 
07-20 15:31:48.002 24888 24888 V GraphicsEnvironment: rd.sheepskin.sandboxmusic is not listed in ANGLE allowlist or settings, returning default
07-20 15:31:48.002 24888 24888 V GraphicsEnvironment: Updatable production driver is not supported on the device.
07-20 15:31:48.003 24888 24888 D ResourcesManagerExtImpl: applyConfigurationToAppResourcesLocked app.getDisplayId() return callback.displayId:-1
07-20 15:31:48.004 24888 24888 D SurfaceSyncGroup: preCreateSurfaceSyncGroupTimerThread
07-20 15:31:48.006 27132 32550 E CursorWindow: Failed alloc newOffset: 2073108mAllocOffset: 2072548mSlotsOffset: 2072960: No such file or directory
07-20 15:31:48.006 27132 32550 E CursorWindow: Failed NO_MEMORY: No such file or directory
07-20 15:31:48.008  1945  2120 I sensors-hal: get_display_brightness:763, _use_black_mode: 1, _dft_scrn.blank_mode: 1, _dft_scrn.blank_mode_sec: 0
07-20 15:31:48.017  3535  4952 I Osense-BaseDecisionMaker: notifySceneToAthenaPolicy: SCENE_RES_IO_PSI, bundle: Bundle[{ioLevel=3}]
07-20 15:31:48.017  3535  4952 I Osense-BaseDecisionMaker: OSense not supported scene! SCENE_RES_IO_PSI
07-20 15:31:48.020 27132 32550 E CursorWindow: Failed alloc newOffset: 2073800mAllocOffset: 2072892mSlotsOffset: 2073648: No such file or directory
07-20 15:31:48.020 27132 32550 E CursorWindow: Failed NO_MEMORY: No such file or directory
07-20 15:31:48.024  3535  4267 E OsenseCommonUtils: write /dev/memcg/memory.force_shrink_file failed
07-20 15:31:48.024  3535  4267 E OsenseCommonUtils: java.io.IOException: write failed: EBUSY (Device or resource busy)
07-20 15:31:48.024  3535  4267 E OsenseCommonUtils: 	at libcore.io.IoBridge.write(IoBridge.java:651)
07-20 15:31:48.024  3535  4267 E OsenseCommonUtils: 	at java.io.FileOutputStream.write(FileOutputStream.java:436)
07-20 15:31:48.024  3535  4267 E OsenseCommonUtils: 	at sun.nio.cs.StreamEncoder.writeBytes(StreamEncoder.java:233)
07-20 15:31:48.024  3535  4267 E OsenseCommonUtils: 	at sun.nio.cs.StreamEncoder.implFlushBuffer(StreamEncoder.java:309)
07-20 15:31:48.024  3535  4267 E OsenseCommonUtils: 	at sun.nio.cs.StreamEncoder.implFlush(StreamEncoder.java:313)
07-20 15:31:48.024  3535  4267 E OsenseCommonUtils: 	at sun.nio.cs.StreamEncoder.flush(StreamEncoder.java:153)
07-20 15:31:48.024  3535  4267 E OsenseCommonUtils: 	at java.io.OutputStreamWriter.flush(OutputStreamWriter.java:248)
07-20 15:31:48.024  3535  4267 E OsenseCommonUtils: 	at com.android.server.oplus.osense.utils.OsenseCommonUtils.writeFile(OsenseCommonUtils.java:163)
07-20 15:31:48.024  3535  4267 E OsenseCommonUtils: 	at com.android.server.am.OplusOsenseCompressAction.doGlobalShrink(OplusOsenseCompressAction.java:1884)
07-20 15:31:48.024  3535  4267 E OsenseCommonUtils: 	at com.android.server.am.OplusOsenseCompressAction.-$$Nest$mdoGlobalShrink(OplusOsenseCompressAction.java:0)
07-20 15:31:48.024  3535  4267 E OsenseCommonUtils: 	at com.android.server.am.OplusOsenseCompressAction$CompressHandler.handleMessage(OplusOsenseCompressAction.java:1294)
07-20 15:31:48.024  3535  4267 E OsenseCommonUtils: 	at android.os.Handler.dispatchMessage(Handler.java:116)
07-20 15:31:48.024  3535  4267 E OsenseCommonUtils: 	at android.os.Looper.loopOnce(Looper.java:306)
07-20 15:31:48.024  3535  4267 E OsenseCommonUtils: 	at android.os.Looper.loop(Looper.java:416)
07-20 15:31:48.024  3535  4267 E OsenseCommonUtils: 	at android.os.HandlerThread.run(HandlerThread.java:85)
07-20 15:31:48.024  3535  4267 E OsenseCommonUtils: Caused by: android.system.ErrnoException: write failed: EBUSY (Device or resource busy)
07-20 15:31:48.024  3535  4267 E OsenseCommonUtils: 	at libcore.io.Linux.writeBytes(Native Method)
07-20 15:31:48.024  3535  4267 E OsenseCommonUtils: 	at libcore.io.Linux.write(Linux.java:342)
07-20 15:31:48.024  3535  4267 E OsenseCommonUtils: 	at libcore.io.ForwardingOs.write(ForwardingOs.java:970)
07-20 15:31:48.024  3535  4267 E OsenseCommonUtils: 	at libcore.io.BlockGuardOs.write(BlockGuardOs.java:463)
07-20 15:31:48.024  3535  4267 E OsenseCommonUtils: 	at libcore.io.IoBridge.write(IoBridge.java:646)
07-20 15:31:48.024  3535  4267 E OsenseCommonUtils: 	... 14 more
07-20 15:31:48.027 27174   796 I ddwl    : (REDACTED) Writing metadata key: %s, corpus: %s
07-20 15:31:48.027 27174   796 I ddwl    : (REDACTED) Writing metadata key: %s, corpus: %s
07-20 15:31:48.029 27174 27280 I ddsg    : (REDACTED) Starting batch sync for corpora: %s
07-20 15:31:48.029 22607 22607 I ULELite : [CapsuleView5_ImmediateAnimationHelper]holeToCapsuleSet onAnimationEnd:false, isCancelToEnd=false [SeedlingSdk|com.android.systemui|2.0.40-ebe132d]
07-20 15:31:48.030 22607 22607 I ULELite : [CapsuleView5_Presenter_213670423]handPendingDataIfNeeded: true, false, StatusBarCapsuleData(index=2, isFirstLoad=false, iconA=null, iconA0=Icon(type='image', voiceLabel=null, shapeStyle=NONE, isSupportPreAnimation=false, expandedSize='', showIconBg=false, isUpdateWidget=false, refresh=false, image=ImageModel(level='A0', drawable=b7.y@26346e1, aodStaticDrawable=null, shapeStyle=CIRCLE, voiceLabel=null, scaleType=null, sweepLightEffect=), lottie=null, widget=null), titleB=Title(textAlignment=null, textLayoutReversed=false, numberFixedWidth=true, isEnhancedCapsule=false, maskSensitiveInformation=false, isStretch=false, refresh=false, mainTitle=TextData(value=Charging, level=B, charSequence=null, privacyData='', spanList=null, textColor=-16728813, transformEffect='fade', fontSize=null, voiceLabel=null, sweepLightEffect=), subTitle=null), titleB0=Title(textAlignment=center, textLayoutReversed=false, numberFixedWidth=true, isEnhancedCapsule=false, maskSensitiveInformation=false, isStretch=false, refresh=fa
07-20 15:31:48.031 27174   596 I ddsg    : (REDACTED) The syncToken for corpus %s is %s and the syncRequestReason is %s
07-20 15:31:48.032  1945  2120 I sensors-hal: get_display_brightness:763, _use_black_mode: 1, _dft_scrn.blank_mode: 1, _dft_scrn.blank_mode_sec: 0
07-20 15:31:48.033 27132 32550 E CursorWindow: Failed alloc newOffset: 2076060mAllocOffset: 2072412mSlotsOffset: 2072496: No such file or directory
07-20 15:31:48.033 27132 32550 E CursorWindow: Failed NO_MEMORY: No such file or directory
07-20 15:31:48.038 24888 24888 D OplusGraphicsEvent: OplusGraphicsEventListener create now!
07-20 15:31:48.039 24888 24888 D OplusGraphicsEvent: addEventListener success!
07-20 15:31:48.045  3535  5000 I ActivityManager: Flag disabled. Ignoring finishAttachApplication from uid: 10448. pid: 24888
07-20 15:31:48.046 24888 24888 D OplusActivityManager: get AMS extension: android.os.BinderProxy@3eb1c51
07-20 15:31:48.046 27132 32550 E CursorWindow: Failed alloc newOffset: 2072608mAllocOffset: 2068672mSlotsOffset: 2070032: No such file or directory
07-20 15:31:48.047 27132 32550 E CursorWindow: Failed NO_MEMORY: No such file or directory
07-20 15:31:48.047  3535  5000 I [UAH_CLIENT]: UahEventAcquire, cmdid:2, pkg:none, identity:OplusActivityManagerServiceEnhance
07-20 15:31:48.051  2205 20393 D GpuServiceExtImpl: getRUSWhiteList  size 0
07-20 15:31:48.051 24888 24888 I HWUI    : SupportApps size 0
07-20 15:31:48.052 24888 24888 D ExtensionsLoader: createInstance(64bit) : createExtendedFactory
07-20 15:31:48.052 24888 24888 D ExtensionsLoader: Opened libSchedAssistExtImpl.so
07-20 15:31:48.052 24888 24888 E SchedAssist: open sharedFd failed with error=Permission denied
07-20 15:31:48.052 24888 24888 E SchedAssist: open sharedFd failed with error=Permission denied
07-20 15:31:48.052 24888 24888 E SchedAssist: open sharedFd failed with error=Permission denied
07-20 15:31:48.053 24888   953 D ExtensionsLoader: createInstance(64bit) : createExtendedFactory
07-20 15:31:48.053 24888   953 D ExtensionsLoader: Opened libSchedAssistExtImpl.so
07-20 15:31:48.054 24888   953 I DisplayManager: Choreographer implicitly registered for the refresh rate.
07-20 15:31:48.055 24888 24888 I in.sandboxmusic: AssetManager2(0xb400006f58916628) locale list changing from [] to [en-TH]
07-20 15:31:48.055 24888   953 I AdrenoGLES-0: QUALCOMM build                   : f6b5df5188, I29aebc4401
07-20 15:31:48.055 24888   953 I AdrenoGLES-0: Build Date                       : 09/19/25
07-20 15:31:48.055 24888   953 I AdrenoGLES-0: OpenGL ES Shader Compiler Version: E031.45.02.26
07-20 15:31:48.055 24888   953 I AdrenoGLES-0: Local Branch                     : 
07-20 15:31:48.055 24888   953 I AdrenoGLES-0: Remote Branch                    : refs/tags/AU_LINUX_ANDROID_LA.VENDOR.14.3.0.11.00.00.974.010
07-20 15:31:48.055 24888   953 I AdrenoGLES-0: Remote Branch                    : NONE
07-20 15:31:48.055 24888   953 I AdrenoGLES-0: Reconstruct Branch               : NOTHING
07-20 15:31:48.055 24888   953 I AdrenoGLES-0: Build Config                     : S P 16.1.2 AArch64
07-20 15:31:48.055 24888   953 I AdrenoGLES-0: Driver Path                      : /vendor/lib64/egl/libGLESv2_adreno.so
07-20 15:31:48.055 24888   953 I AdrenoGLES-0: Driver Version                   : 0762.41
07-20 15:31:48.055 24888   953 I AdrenoGLES-0: Process Name                     : rd.sheepskin.sandboxmusic
07-20 15:31:48.056 24888 24888 D ResourcesManagerExtImpl: applyConfigurationToAppResourcesLocked app.getDisplayId() return callback.displayId:0
07-20 15:31:48.062 27132 32550 E CursorWindow: Failed alloc newOffset: 2073612mAllocOffset: 2069676mSlotsOffset: 2070240: No such file or directory
07-20 15:31:48.062 27132 32550 E CursorWindow: Failed NO_MEMORY: No such file or directory
