07-20 22:53:16.978 14764 14764 E JavaBinder:   #119 pc 00000000002fda80  /apex/com.android.art/lib64/libart.so (art::interpreter::Execute(art::Thread*, art::CodeItemDataAccessor const&, art::ShadowFrame&, art::JValue, bool, bool) (.__uniq.112435418011751916792819755956732575238.llvm.8613519112829971472)+360) (BuildId: cecb684d19b4f44ee3cbd66142c315f4)
07-20 22:53:16.978 14764 14764 E JavaBinder:   #120 pc 00000000002fd404  /apex/com.android.art/lib64/libart.so (artQuickToInterpreterBridge+916) (BuildId: cecb684d19b4f44ee3cbd66142c315f4)
07-20 22:53:16.978 14764 14764 E JavaBinder:   #121 pc 00000000002c24d8  /apex/com.android.art/lib64/libart.so (art_quick_to_interpreter_bridge+88) (BuildId: cecb684d19b4f44ee3cbd66142c315f4)
07-20 22:53:16.978 14764 14764 E JavaBinder:   #122 pc 00000000002ab260  /apex/com.android.art/lib64/libart.so (art_quick_invoke_static_stub+640) (BuildId: cecb684d19b4f44ee3cbd66142c315f4)
07-20 22:53:16.978 14764 14764 E JavaBinder:   #123 pc 000000000029c070  /apex/com.android.art/lib64/libart.so (_jobject* art::InvokeMethod<(art::PointerSize)8>(art::ScopedObjectAccessAlreadyRunnable const&, _jobject*, _jobject*, _jobject*, unsigned long)+552) (BuildId: cecb684d19b4f44ee3cbd66142c315f4)
07-20 22:53:16.978 14764 14764 E JavaBinder:   #124 pc 0000000000635ed4  /apex/com.android.art/lib64/libart.so (art::Method_invoke(_JNIEnv*, _jobject*, _jobject*, _jobjectArray*) (.__uniq.165753521025965369065708152063621506277)+36) (BuildId: cecb684d19b4f44ee3cbd66142c315f4)
07-20 22:53:16.978 14764 14764 E JavaBinder:   #125 pc 00000000002c23a0  /apex/com.android.art/lib64/libart.so (art_quick_generic_jni_trampoline+144) (BuildId: cecb684d19b4f44ee3cbd66142c315f4)
07-20 22:53:16.978 14764 14764 E JavaBinder:   #126 pc 00000000002aaf94  /apex/com.android.art/lib64/libart.so (art_quick_invoke_stub+612) (BuildId: cecb684d19b4f44ee3cbd66142c315f4)
07-20 22:53:16.978 14764 14764 E JavaBinder:   #127 pc 000000000087a868  /apex/com.android.art/lib64/libart.so (bool art::interpreter::DoCall<false>(art::ArtMethod*, art::Thread*, art::ShadowFrame&, art::Instruction const*, unsigned short, bool, art::JValue*)+1620) (BuildId: cecb684d19b4f44ee3cbd66142c315f4)
07-20 22:53:16.978 14764 14764 E JavaBinder:   #128 pc 00000000006fcf7c  /apex/com.android.art/lib64/libart.so (void art::interpreter::ExecuteSwitchImplCpp<false>(art::interpreter::SwitchImplContext*)+580) (BuildId: cecb684d19b4f44ee3cbd66142c315f4)
07-20 22:53:16.978 14764 14764 E JavaBinder:   #129 pc 00000000002fde48  /apex/com.android.art/lib64/libart.so (ExecuteSwitchImplAsm+8) (BuildId: cecb684d19b4f44ee3cbd66142c315f4)
07-20 22:53:16.978 14764 14764 E JavaBinder:   #130 pc 00000000003c2ce8  /system/framework/framework.jar (offset 0x239d000) (com.android.internal.os.RuntimeInit$MethodAndArgsCaller.run)
07-20 22:53:16.978 14764 14764 E JavaBinder:   #131 pc 00000000002fda80  /apex/com.android.art/lib64/libart.so (art::interpreter::Execute(art::Thread*, art::CodeItemDataAccessor const&, art::ShadowFrame&, art::JValue, bool, bool) (.__uniq.112435418011751916792819755956732575238.llvm.8613519112829971472)+360) (BuildId: cecb684d19b4f44ee3cbd66142c315f4)
07-20 22:53:16.978 14764 14764 E JavaBinder:   #132 pc 00000000002fd404  /apex/com.android.art/lib64/libart.so (artQuickToInterpreterBridge+916) (BuildId: cecb684d19b4f44ee3cbd66142c315f4)
07-20 22:53:16.978 14764 14764 E JavaBinder:   #133 pc 00000000002c24d8  /apex/com.android.art/lib64/libart.so (art_quick_to_interpreter_bridge+88) (BuildId: cecb684d19b4f44ee3cbd66142c315f4)
07-20 22:53:16.978 14764 14764 E JavaBinder:   #134 pc 0000000000f38950  /data/misc/apexdata/com.android.art/dalvik-cache/arm64/boot.oat (com.android.internal.os.ZygoteInit.main+5360)
07-20 22:53:16.978 14764 14764 E JavaBinder:   #135 pc 00000000002ab260  /apex/com.android.art/lib64/libart.so (art_quick_invoke_static_stub+640) (BuildId: cecb684d19b4f44ee3cbd66142c315f4)
07-20 22:53:16.978 14764 14764 E JavaBinder:   #136 pc 00000000002a8b8c  /apex/com.android.art/lib64/libart.so (art::JValue art::InvokeWithVarArgs<_jmethodID*>(art::ScopedObjectAccessAlreadyRunnable const&, _jobject*, _jmethodID*, std::__va_list)+760) (BuildId: cecb684d19b4f44ee3cbd66142c315f4)
07-20 22:53:16.978 14764 14764 E JavaBinder:   #137 pc 00000000006a44b4  /apex/com.android.art/lib64/libart.so (art::JNI<true>::CallStaticVoidMethodV(_JNIEnv*, _jclass*, _jmethodID*, std::__va_list)+164) (BuildId: cecb684d19b4f44ee3cbd66142c315f4)
07-20 22:53:16.978 14764 14764 E JavaBinder:   #138 pc 00000000001107ec  /system/lib64/libandroid_runtime.so (_JNIEnv::CallStaticVoidMethod(_jclass*, _jmethodID*, ...)+108) (BuildId: 998c17ca376f393bbfd607144c0accf9)
07-20 22:53:16.978 14764 14764 E JavaBinder:   #139 pc 000000000013c290  /system/lib64/libandroid_runtime.so (android::AndroidRuntime::start(char const*, android::Vector<android::String8> const&, bool)+1020) (BuildId: 998c17ca376f393bbfd607144c0accf9)
07-20 22:53:16.978 14764 14764 E JavaBinder:   #140 pc 0000000000004718  /system/bin/app_process64 (main+1624) (BuildId: b83190db8d2d56372c408fc9ab7db7c4)
07-20 22:53:16.978 14764 14764 E JavaBinder:   #141 pc 0000000000083b04  /apex/com.android.runtime/lib64/bionic/libc.so (__libc_init+124) (BuildId: 724d61dbc91284bfe4c5a68902c16928)
07-20 22:53:16.979 14764 14764 E MediaSession: Dead object in setPlaybackState.
07-20 22:53:16.979 14764 14764 E MediaSession: android.os.TransactionTooLargeException: data parcel size 2428212 bytes
07-20 22:53:16.979 14764 14764 E MediaSession: 	at android.os.BinderProxy.transactNative(Native Method)
07-20 22:53:16.979 14764 14764 E MediaSession: 	at android.os.BinderProxy.transact(BinderProxy.java:685)
07-20 22:53:16.979 14764 14764 E MediaSession: 	at android.media.session.ISession$Stub$Proxy.setMetadata(ISession.java:526)
07-20 22:53:16.979 14764 14764 E MediaSession: 	at android.media.session.MediaSession.setMetadata(MediaSession.java:528)
07-20 22:53:16.979 14764 14764 E MediaSession: 	at android.support.v4.media.session.MediaSessionCompat$MediaSessionImplApi21.setMetadata(MediaSessionCompat.java:4100)
07-20 22:53:16.979 14764 14764 E MediaSession: 	at android.support.v4.media.session.MediaSessionCompat.setMetadata(MediaSessionCompat.java:799)
07-20 22:53:16.979 14764 14764 E MediaSession: 	at rd.sheepskin.sandboxmusic.MediaPlaybackForegroundService.refreshSession(MediaPlaybackForegroundService.java:488)
07-20 22:53:16.979 14764 14764 E MediaSession: 	at rd.sheepskin.sandboxmusic.MediaPlaybackForegroundService.ensureServiceRunning(MediaPlaybackForegroundService.java:280)
07-20 22:53:16.979 14764 14764 E MediaSession: 	at rd.sheepskin.sandboxmusic.BackgroundMediaPlugin.startServiceInternal(BackgroundMediaPlugin.java:109)
07-20 22:53:16.979 14764 14764 E MediaSession: 	at rd.sheepskin.sandboxmusic.BackgroundMediaPlugin.notificationsPermsCallback(BackgroundMediaPlugin.java:104)
07-20 22:53:16.979 14764 14764 E MediaSession: 	at java.lang.reflect.Method.invoke(Native Method)
07-20 22:53:16.979 14764 14764 E MediaSession: 	at com.getcapacitor.Plugin.triggerPermissionCallback(Plugin.java:140)
07-20 22:53:16.979 14764 14764 E MediaSession: 	at com.getcapacitor.Plugin.lambda$initializeActivityLaunchers$1(Plugin.java:125)
07-20 22:53:16.979 14764 14764 E MediaSession: 	at com.getcapacitor.Plugin.$r8$lambda$MIUdFOWJqxyaYOIiq89xIboPNcM(Plugin.java:0)
07-20 22:53:16.979 14764 14764 E MediaSession: 	at com.getcapacitor.Plugin$$ExternalSyntheticLambda1.onActivityResult(D8$$SyntheticClass:0)
07-20 22:53:16.979 14764 14764 E MediaSession: 	at androidx.activity.result.ActivityResultRegistry.register$lambda$1(ActivityResultRegistry.kt:102)
07-20 22:53:16.979 14764 14764 E MediaSession: 	at androidx.activity.result.ActivityResultRegistry.$r8$lambda$TWvtyPFk-iHdx0R-btWVLevVLT0(ActivityResultRegistry.kt:0)
07-20 22:53:16.979 14764 14764 E MediaSession: 	at androidx.activity.result.ActivityResultRegistry$$ExternalSyntheticLambda0.onStateChanged(D8$$SyntheticClass:0)
07-20 22:53:16.979 14764 14764 E MediaSession: 	at androidx.lifecycle.LifecycleRegistry$ObserverWithState.dispatchEvent(LifecycleRegistry.kt:314)
07-20 22:53:16.979 14764 14764 E MediaSession: 	at androidx.lifecycle.LifecycleRegistry.forwardPass(LifecycleRegistry.kt:251)
07-20 22:53:16.979 14764 14764 E MediaSession: 	at androidx.lifecycle.LifecycleRegistry.sync(LifecycleRegistry.kt:287)
07-20 22:53:16.979 14764 14764 E MediaSession: 	at androidx.lifecycle.LifecycleRegistry.moveToState(LifecycleRegistry.kt:136)
07-20 22:53:16.979 14764 14764 E MediaSession: 	at androidx.lifecycle.LifecycleRegistry.handleLifecycleEvent(LifecycleRegistry.kt:119)
07-20 22:53:16.979 14764 14764 E MediaSession: 	at androidx.lifecycle.ReportFragment$Companion.dispatch$lifecycle_runtime_release(ReportFragment.kt:192)
07-20 22:53:16.979 14764 14764 E MediaSession: 	at androidx.lifecycle.ReportFragment$LifecycleCallbacks.onActivityPostStarted(ReportFragment.kt:121)
07-20 22:53:16.979 14764 14764 E MediaSession: 	at android.app.Activity.dispatchActivityPostStarted(Activity.java:1646)
07-20 22:53:16.979 14764 14764 E MediaSession: 	at android.app.Activity.performStart(Activity.java:9496)
07-20 22:53:16.979 14764 14764 E MediaSession: 	at android.app.ActivityThread.handleStartActivity(ActivityThread.java:4674)
07-20 22:53:16.979 14764 14764 E MediaSession: 	at android.app.servertransaction.TransactionExecutor.performLifecycleSequence(TransactionExecutor.java:219)
07-20 22:53:16.979 14764 14764 E MediaSession: 	at android.app.servertransaction.TransactionExecutor.cycleToPath(TransactionExecutor.java:199)
07-20 22:53:16.979 14764 14764 E MediaSession: 	at android.app.servertransaction.TransactionExecutor.executeLifecycleItem(TransactionExecutor.java:171)
07-20 22:53:16.979 14764 14764 E MediaSession: 	at android.app.servertransaction.TransactionExecutor.executeTransactionItems(TransactionExecutor.java:106)
07-20 22:53:16.979 14764 14764 E MediaSession: 	at android.app.servertransaction.TransactionExecutor.execute(TransactionExecutor.java:85)
07-20 22:53:16.979 14764 14764 E MediaSession: 	at android.app.ActivityThread$H.handleMessage(ActivityThread.java:3130)
07-20 22:53:16.979 14764 14764 E MediaSession: 	at android.os.Handler.dispatchMessage(Handler.java:116)
07-20 22:53:16.979 14764 14764 E MediaSession: 	at android.os.Looper.loopOnce(Looper.java:306)
07-20 22:53:16.979 14764 14764 E MediaSession: 	at android.os.Looper.loop(Looper.java:416)
07-20 22:53:16.979 14764 14764 E MediaSession: 	at android.app.ActivityThread.main(ActivityThread.java:9999)
07-20 22:53:16.979 14764 14764 E MediaSession: 	at java.lang.reflect.Method.invoke(Native Method)
07-20 22:53:16.979 14764 14764 E MediaSession: 	at com.android.internal.os.RuntimeInit$MethodAndArgsCaller.run(RuntimeInit.java:613)
07-20 22:53:16.979 14764 14764 E MediaSession: 	at com.android.internal.os.ZygoteInit.main(ZygoteInit.java:1074)
07-20 22:53:16.980  3535  5890 D MediaSessionService: onSessionPlaybackStateChanged: record=rd.sheepskin.sandboxmusic/SovereignMusicConsole/765 (userId=0) playbackState=PlaybackState {state=PLAYING(3), position=4012, buffered position=0, speed=1.0, updated=1784562796980, actions=894, custom actions=[], active item id=-1, error=null}
07-20 22:53:16.981 22607 22706 I SystemUi--Media: OplusMediaDataManagerSt-->AOD_MEDIA_PANEL-->createActionsFromState: curState = 3
07-20 22:53:16.983 22607 22706 D MediaDataManager: State updated outside of notification
07-20 22:53:16.983 22607 22607 I SystemUi--Media: AbsMediaClient-->MEDIA_SEEDLING-->updateMediaDataByPlaybackState newState=3,newPosition=0, rd.sheepskin.sandboxmusic
07-20 22:53:16.983 22607 22607 I SystemUi--Media: AbsMediaClient-->MEDIA_SEEDLING-->dispatchMediaDataLoaded needUpdate=0 reason=updatePositionByPlaybackState isDestroyed=false
07-20 22:53:16.983 22607 22607 I SystemUi--Media: MediaDataCombineLatest-->MEDIA_SEEDLING-->onMediaDataLoaded mediaData = rd.sheepskin.sandboxmusic,0|rd.sheepskin.sandboxmusic|88001|null|10448,0,null,null,null,0,3,0,173791245,1.0,false,1784562781619,true,173780322,true,MediaButton(playId=0|rd.sheepskin.sandboxmusic|88001|null|10448, playOrPause=MediaAction(buttonName=playOrPause, iconMap={Default=(./assets/images/pauseDark.svg, null), SecondHome=(./assets/images/pauseDark.svg, null)}, animRes=null, voiceLabel=P***, isStandardAction=true, icon=Icon(typ=BITMAP size=162x162)), nextOrCustom=MediaAction(buttonName=nextOrCustom, iconMap={Default=(./assets/images/nextDark.svg, null), SecondHome=(./assets/images/nextDark.svg, null)}, animRes=./assets/images/next_anim.json, voiceLabel=N***, isStandardAction=true, icon=Icon(typ=BITMAP size=162x162)), prevOrCustom=MediaAction(buttonName=prevOrCustom, iconMap={Default=(./assets/images/previousDark.svg, null), SecondHome=(./assets/images/previousDark.svg, null)}, animRes=./assets/images/previous_anim.json, voiceLabel=P***, isStandardAction=true, icon=Icon(typ=BITMAP size=162x162)), custom0=null, custom1=MediaAction(buttonName=custom1, iconMap={}, animRes=null, voiceLabel=S***, isStandardAction=false, icon=Icon(typ=BITMAP size=162x162))),0
07-20 22:53:16.983 22607 22607 I SystemUi--Media: MediaSeedling-->MEDIA_SEEDLING-->postMediaDataUpdate needUpdate: 0 reason:onMediaDataLoaded
07-20 22:53:16.983 22607 22607 D MediaDataManager: updateState: isPlaying = true, song change = false
07-20 22:53:16.983 22607 22607 I SystemUi--Media: MediaDataFlowLimiter-->MEDIA_PANEL-->onMediaDataLoaded, first data , 0|rd.sheepskin.sandboxmusic|88001|null|10448 Sandbox Music(isPlaying:true), currentData = MediaDataExt{userId=0, initialized=true, app=Sandbox Music, artist=2***, song=R***, artwork=Icon(typ=BITMAP size=216x216), packageName=rd.sheepskin.sandboxmusic, token=android.media.session.MediaSession$Token@cd81dc7,  active=true, playbackLocation=0, resumption=false, notificationKey=0|rd.sheepskin.sandboxmusic|88001|null|10448, isPlaying=true, mediaCustNotification=false, }
07-20 22:53:16.983 22607 22607 I SystemUi--Media: MediaSeedling-->MEDIA_SEEDLING-->handleMediaDataUpdate allowCreateCard: false
07-20 22:53:16.983 22607 22607 I SystemUi--Media: MediaSeedling-->MEDIA_SEEDLING-->postSeedlingsUpdate delay: 1000 needUpdate: 0 reason:handleMessage UpdateInterval
07-20 22:53:16.984  3535  4812 D NotificationService--OplusNotificationFixHelper: fixAppIcon: pkg=rd.sheepskin.sandboxmusic
07-20 22:53:16.984  3535  4812 D NotificationService--OplusNotificationFixHelper: fixAppIcon: appIcon = null, pkg = rd.sheepskin.sandboxmusic
07-20 22:53:16.984 22607 22702 I SystemUi--Media: MediaLiveAlertController-->MEDIA_SEEDLING-->sendDataToPlugin, method=sendLiveAlert, notification.key=0|com.android.systemui|268452006|1784562631987|0
07-20 22:53:16.984 22607 22702 I PluginSeedling--Base: SeedlingCardServerProvider-->seedling provider called com.oplus.card.server.systemui.provider w/ sendLiveAlert 10208 22607 0
07-20 22:53:16.984  3535  4812 D NotificationService--NotificationRecord: isSupportRearLight , isRearLight = false mLedRM = false isMultilLed = false
07-20 22:53:16.984 22607 22702 I PluginSeedling--Base: DefaultLiveAlertProvider-->default provider currentUserId=0 sbn: StatusBarNotification(pkg=com.android.systemui user=UserHandle{0} id=268452006 tag=1784562631987 key=0|com.android.systemui|268452006|1784562631987|0: Notification(channel=268452006 shortcut=null contentView=null vibrate=null sound=null defaults=0 flags=0 color=0x00000000 category=transport vis=PRIVATE))
07-20 22:53:16.984  3535  4812 I OplusStatusBarManagerServiceEnhance:  getTopIsFullscreen mTopIsFullscreen: false
07-20 22:53:16.984  3535  4812 W ActivityManager: Permission Denial: getTopApplicationInfo from pid=14764, uid=10448 requires oplus.permission.OPLUS_COMPONENT_SAFE
07-20 22:53:16.984  3535  4812 E OplusNotificationCenter: getForegroundApplication exception
07-20 22:53:16.985 22607 22607 I SystemUi--Media: MediaPlayerData-->MEDIA_PANEL-->addMediaSortKey newKey:0|rd.sheepskin.sandboxmusic|88001|null|10448 oldKey:0|rd.sheepskin.sandboxmusic|88001|null|10448, remove:true packageName:rd.sheepskin.sandboxmusic playbackStateUnchanged:true newPlaying:true oldPlaying:true updateTime:1784562785705 oldTime:1784562785705 noUpdateTime:false
07-20 22:53:16.985  3535  3535 D NotificationService--OplusNotificationManagerServiceExtImpl: isForwardToAssistants: true, case : Is local notification
07-20 22:53:16.985 22607 22607 I SystemUi--Media: OplusMediaDataFilterExImpl-->MEDIA_PANEL-->dispatchMediaDataOnLoaded key:0|rd.sheepskin.sandboxmusic|88001|null|10448 oldKey:0|rd.sheepskin.sandboxmusic|88001|null|10448 data:MediaDataExt{userId=0, initialized=true, app=Sandbox Music, artist=2***, song=R***, artwork=Icon(typ=BITMAP size=216x216), packageName=rd.sheepskin.sandboxmusic, token=android.media.session.MediaSession$Token@cd81dc7,  active=true, playbackLocation=0, resumption=false, notificationKey=0|rd.sheepskin.sandboxmusic|88001|null|10448, isPlaying=true, mediaCustNotification=false, }
07-20 22:53:16.985  3535  3535 D NotificationService: This application enqueue notifications is need postDelayed mcsAssistantDelayTime: 200
07-20 22:53:16.985 22607 22607 I SystemUi--Media: OplusMediaSeedlingController-->MEDIA_SEEDLING-->warning: onMediaDataLoaded: old mediaClient is not null! key=0|rd.sheepskin.sandboxmusic|88001|null|10448
07-20 22:53:16.985 22607 22607 I SystemUi--Media: AbsMediaClient-->MEDIA_SEEDLING-->onMediaDataLoaded: data=MediaDataExt{userId=0, initialized=true, app=Sandbox Music, artist=2***, song=R***, artwork=Icon(typ=BITMAP size=216x216), packageName=rd.sheepskin.sandboxmusic, token=android.media.session.MediaSession$Token@cd81dc7,  active=true, playbackLocation=0, resumption=false, notificationKey=0|rd.sheepskin.sandboxmusic|88001|null|10448, isPlaying=true, mediaCustNotification=false, } isDestroyed=false
07-20 22:53:16.985 22607 22607 I SystemUi--Media: AbsMediaClient-->MEDIA_SEEDLING-->dispatchMediaDataLoaded needUpdate=0 reason=onMediaDataLoaded isDestroyed=false
07-20 22:53:16.985 22607 22607 I SystemUi--Media: MediaDataCombineLatest-->MEDIA_SEEDLING-->onMediaDataLoaded mediaData = rd.sheepskin.sandboxmusic,0|rd.sheepskin.sandboxmusic|88001|null|10448,0,null,null,null,0,3,0,173791245,1.0,false,1784562781619,true,173791245,true,MediaButton(playId=0|rd.sheepskin.sandboxmusic|88001|null|10448, playOrPause=MediaAction(buttonName=playOrPause, iconMap={Default=(./assets/images/pauseDark.svg, null), SecondHome=(./assets/images/pauseDark.svg, null)}, animRes=null, voiceLabel=P***, isStandardAction=true, icon=Icon(typ=BITMAP size=162x162)), nextOrCustom=MediaAction(buttonName=nextOrCustom, iconMap={Default=(./assets/images/nextDark.svg, null), SecondHome=(./assets/images/nextDark.svg, null)}, animRes=./assets/images/next_anim.json, voiceLabel=N***, isStandardAction=true, icon=Icon(typ=BITMAP size=162x162)), prevOrCustom=MediaAction(buttonName=prevOrCustom, iconMap={Default=(./assets/images/previousDark.svg, null), SecondHome=(./assets/images/previousDark.svg, null)}, animRes=./assets/images/previous_anim.json, voiceLabel=P***, isStandardAction=true, icon=Icon(typ=BITMAP size=162x162)), custom0=null, custom1=MediaAction(buttonName=custom1, iconMap={}, animRes=null, voiceLabel=S***, isStandardAction=false, icon=Icon(typ=BITMAP size=162x162))),0
07-20 22:53:16.985 22607 22607 I SystemUi--Media: MediaSeedling-->MEDIA_SEEDLING-->postMediaDataUpdate needUpdate: 0 reason:onMediaDataLoaded
07-20 22:53:16.985 22607 22607 I SystemUi--Media: AbsMediaClient-->MEDIA_SEEDLING-->oldArtwork == newArtwork, dont update
07-20 22:53:16.985 22607 22607 I SystemUi--Media: OplusQsMediaPanelViewController-->MEDIA_PANEL-->onMediaDataLoaded: MediaDataExt{userId=0, initialized=true, app=Sandbox Music, artist=2***, song=R***, artwork=Icon(typ=BITMAP size=216x216), packageName=rd.sheepskin.sandboxmusic, token=android.media.session.MediaSession$Token@cd81dc7,  active=true, playbackLocation=0, resumption=false, notificationKey=0|rd.sheepskin.sandboxmusic|88001|null|10448, isPlaying=true, mediaCustNotification=false, }, controller: com.oplus.systemui.qs.media.OplusQsMediaPanelViewController$mediaDataUpdateListener$1@a0b8b9b
07-20 22:53:16.985 22607 22607 I SystemUi--Media: AodMediaDataListener-->AOD_MEDIA_PANEL-->onMediaDataLoaded aod media not support for rd.sheepskin.sandboxmusic
07-20 22:53:16.985 22607 22607 I SystemUi--Media: MediaSeedling-->MEDIA_SEEDLING-->handleMediaDataUpdate allowCreateCard: false
07-20 22:53:16.985 22607 22607 I SystemUi--Media: MediaSeedling-->MEDIA_SEEDLING-->postSeedlingsUpdate delay: 1000 needUpdate: 0 reason:handleMessage UpdateInterval
07-20 22:53:16.985 14764 14764 D WindowOnBackDispatcher:  predictive settings is disabled for ApplicationInfo{3f0853e rd.sheepskin.sandboxmusic}
07-20 22:53:16.985 14764 14764 W WindowOnBackDispatcher: OnBackInvokedCallback is not enabled for the application.
07-20 22:53:16.985 14764 14764 W WindowOnBackDispatcher: Set 'android:enableOnBackInvokedCallback="true"' in the application manifest.
07-20 22:53:16.985 22607 22607 I PluginSeedling--Origin: LiveAlertInteractorImpl-->EntryDataListener,onDataPosted originData:[t3.d@2a586ba3] data:[t3.d@2a586ba3]
07-20 22:53:16.985 22607 22702 I SystemUi--Media: AbsMediaClient-->MEDIA_SEEDLING-->updateMediaDataByPlaybackState newState=3,newPosition=0, rd.sheepskin.sandboxmusic
07-20 22:53:16.985 14764 14764 D ActivityThread: ComponentInfo{rd.sheepskin.sandboxmusic/rd.sheepskin.sandboxmusic.MainActivity} checkFinished=false 2
07-20 22:53:16.985 22607 22607 I PluginSeedling--Origin: LiveAlertInteractorImpl-->notifyEntryDataChanged ENTRY_NOTIFICATION, result:LiveAlertModel: [key: 0|com.android.systemui|268452006|1784562631987|0, entranceType: ENTRY_NOTIFICATION, score: 6.15, groupPriority: 2 type: LIVE, isSystemService: true, shouldShow: true, lockscreenShouldShow: true, sourceType: SOURCE_COMMON, remindLevel: 0, pkg: rd.sheepskin.sandboxmusic, hostPkgName=com.android.systemui front: true, forceRebuild: false, isForcedReminder: false, InstantDuration: 5000, requestPanel: null, capsuleTimeOut: 300000, serviceTitleName: , overrideTransition: false level: 2,
07-20 22:53:16.985 22607 22607 I PluginSeedling--Origin:  rusBaseData: RusBaseData(id='default_com.android.systemui_268452006', updateStateEnable=1, canDelete=1, remindAlways=0, longClick='', cardImportance=-1, clickCustomAction=0,timeOutDuration=5, timeOutDurationEnable=0,enableInSuperpower=0, autoPriority=0, customCapsuleDuration=300000,clickWhenAnim=1, panoramicAodEnable=1,notificationStyleList=,blackCallStyle=0, liveAlertScore=6.15,liveAlertLevel=2,enableQuitShrink=0, lockImmersiveEnable=1, lockImmersiveDefault=1,lockRemindAlways = 0, luSettings=[], liteAnim=14, serviceType=1), showSize: VIEW_SIZE_NONE, isPinFiltered: false serviceFrom: 0, liveAlertState: SeedlingState(0), wrapperSize: 3, duplicateChips: false, quitHideOrBubble:0, liveAlertService:, immersiveCardType:2, requestLockScreenImmersive:-1, ignoreEntry:-1, noe: false
07-20 22:53:16.985 22607 22702 I SystemUi--Media: MediaActionBinder-->MEDIA_SEEDLING-->createOplusMediaActions: mediaActionPriority=PreferSemanticActions
07-20 22:53:16.985 22607 22607 I PluginSeedling--Notification: NotificationRepository-->onDataChanged, [LiveAlertModel: [key: 0|com.android.systemui|268452006|1784562631987|0, entranceType: ENTRY_NOTIFICATION, score: 6.15, groupPriority: 2 type: LIVE, isSystemService: true, shouldShow: true, lockscreenShouldShow: true, sourceType: SOURCE_COMMON, remindLevel: 0, pkg: rd.sheepskin.sandboxmusic, hostPkgName=com.android.systemui front: true, forceRebuild: false, isForcedReminder: false, InstantDuration: 5000, requestPanel: null, capsuleTimeOut: 300000, serviceTitleName: , overrideTransition: false level: 2,
07-20 22:53:16.985 22607 22607 I PluginSeedling--Notification:  rusBaseData: RusBaseData(id='default_com.android.systemui_268452006', updateStateEnable=1, canDelete=1, remindAlways=0, longClick='', cardImportance=-1, clickCustomAction=0,timeOutDuration=5, timeOutDurationEnable=0,enableInSuperpower=0, autoPriority=0, customCapsuleDuration=300000,clickWhenAnim=1, panoramicAodEnable=1,notificationStyleList=,blackCallStyle=0, liveAlertScore=6.15,liveAlertLevel=2,enableQuitShrink=0, lockImmersiveEnable=1, lockImmersiveDefault=1,lockRemindAlways = 0, luSettings=[], liteAnim=14, serviceType=1), showSize: VIEW_SIZE_NONE, isPinFiltered: false serviceFrom: 0, liveAlertState: SeedlingState(0), wrapperSize: 3, duplicateChips: false, quitHideOrBubble:0, liveAlertService:, immersiveCardType:2, requestLockScreenImmersive:-1, ignoreEntry:-1]
07-20 22:53:16.985 14764 14764 D ResourcesManagerExtImpl: applyConfigurationToAppResourcesLocked app.getDisplayId() return callback.displayId:0
07-20 22:53:16.985 22607 22607 I PluginSeedling--Origin: LiveAlertInteractorImpl-->EntryDataListener,onDataPosted originData:[t3.d@2a586ba3] data:[t3.d@2a586ba3]
07-20 22:53:16.985 22607 22607 I PluginSeedling--Origin: LiveAlertInteractorImpl-->notifyEntryDataChanged ENTRY_STATUS_BAR, result:LiveAlertModel: [key: 0|com.android.systemui|268452006|1784562631987|0, entranceType: ENTRY_STATUS_BAR, score: 6.15, groupPriority: 2 type: LIVE, isSystemService: true, shouldShow: true, lockscreenShouldShow: false, sourceType: SOURCE_COMMON, remindLevel: 0, pkg: rd.sheepskin.sandboxmusic, hostPkgName=com.android.systemui front: true, forceRebuild: false, isForcedReminder: false, InstantDuration: 5000, requestPanel: null, capsuleTimeOut: 300000, serviceTitleName: , overrideTransition: false level: 2,
07-20 22:53:16.985 22607 22607 I PluginSeedling--Origin:  rusBaseData: RusBaseData(id='default_com.android.systemui_268452006', updateStateEnable=1, canDelete=1, remindAlways=0, longClick='', cardImportance=-1, clickCustomAction=0,timeOutDuration=5, timeOutDurationEnable=0,enableInSuperpower=0, autoPriority=0, customCapsuleDuration=300000,clickWhenAnim=1, panoramicAodEnable=1,notificationStyleList=,blackCallStyle=0, liveAlertScore=6.15,liveAlertLevel=2,enableQuitShrink=0, lockImmersiveEnable=1, lockImmersiveDefault=1,lockRemindAlways = 0, luSettings=[], liteAnim=14, serviceType=1), showSize: VIEW_SIZE_NONE, isPinFiltered: false serviceFrom: 0, liveAlertState: SeedlingState(0), wrapperSize: 2, duplicateChips: false, quitHideOrBubble:0, liveAlertService:, immersiveCardType:2, requestLockScreenImmersive:-1, ignoreEntry:-1, noe: false
07-20 22:53:16.985 22607 22702 I SystemUi--Media: MediaLiveAlertController-->MEDIA_SEEDLING-->sendDataToPlugin, method=sendLiveAlert, notification.key=0|com.android.systemui|268452006|1784562631987|0
07-20 22:53:16.985 22607 22607 I PluginSeedling--Template: TransitionViewWrapper-->update, newPageState: NORMAL_STYLE, currentPage:NORMAL_STYLE
07-20 22:53:16.985 14764 14764 D Capacitor/AppPlugin: Firing change: true
07-20 22:53:16.985 14764 14764 V Capacitor/AppPlugin: Notifying listeners for event appStateChange
07-20 22:53:16.985 22607 22607 I PluginSeedling--Template: TransitionViewWrapper-->update, newPageState: MEDIA_PLAYER_STYLE, currentPage:MEDIA_PLAYER_STYLE
07-20 22:53:16.986 22607 22607 I PluginSeedling--Template: TransitionViewWrapper-->update, newPageState: MEDIA_PLAYER_STYLE, currentPage:MEDIA_PLAYER_STYLE
07-20 22:53:16.986 22607 22702 I PluginSeedling--Base: SeedlingCardServerProvider-->seedling provider called com.oplus.card.server.systemui.provider w/ sendLiveAlert 10208 22607 0
07-20 22:53:16.986 22607 22607 I SystemUi--Media: AbsMediaClient-->MEDIA_SEEDLING-->dispatchMediaDataLoaded needUpdate=0 reason=bgHandler onMediaDataLoaded isDestroyed=false
07-20 22:53:16.986 22607 22702 I PluginSeedling--Base: DefaultLiveAlertProvider-->default provider currentUserId=0 sbn: StatusBarNotification(pkg=com.android.systemui user=UserHandle{0} id=268452006 tag=1784562631987 key=0|com.android.systemui|268452006|1784562631987|0: Notification(channel=268452006 shortcut=null contentView=null vibrate=null sound=null defaults=0 flags=0 color=0x00000000 category=transport vis=PRIVATE))
07-20 22:53:16.986 22607 22607 I SystemUi--Media: MediaDataCombineLatest-->MEDIA_SEEDLING-->onMediaDataLoaded mediaData = rd.sheepskin.sandboxmusic,0|rd.sheepskin.sandboxmusic|88001|null|10448,0,null,null,null,0,3,0,173791247,1.0,false,1784562781619,true,173791247,true,MediaButton(playId=0|rd.sheepskin.sandboxmusic|88001|null|10448, playOrPause=MediaAction(buttonName=playOrPause, iconMap={Default=(./assets/images/pauseDark.svg, null), SecondHome=(./assets/images/pauseDark.svg, null)}, animRes=null, voiceLabel=P***, isStandardAction=true, icon=Icon(typ=BITMAP size=162x162)), nextOrCustom=MediaAction(buttonName=nextOrCustom, iconMap={Default=(./assets/images/nextDark.svg, null), SecondHome=(./assets/images/nextDark.svg, null)}, animRes=./assets/images/next_anim.json, voiceLabel=N***, isStandardAction=true, icon=Icon(typ=BITMAP size=162x162)), prevOrCustom=MediaAction(buttonName=prevOrCustom, iconMap={Default=(./assets/images/previousDark.svg, null), SecondHome=(./assets/images/previousDark.svg, null)}, animRes=./assets/images/previous_anim.json, voiceLabel=P***, isStandardAction=true, icon=Icon(typ=BITMAP size=162x162)), custom0=null, custom1=MediaAction(buttonName=custom1, iconMap={}, animRes=null, voiceLabel=S***, isStandardAction=false, icon=Icon(typ=BITMAP size=162x162))),0
07-20 22:53:16.986 22607 22607 I SystemUi--Media: MediaSeedling-->MEDIA_SEEDLING-->postMediaDataUpdate needUpdate: 0 reason:onMediaDataLoaded
07-20 22:53:16.986 22607 22607 I PluginSeedling--Template: TransitionViewWrapper-->update, newPageState: NORMAL_STYLE, currentPage:NORMAL_STYLE
07-20 22:53:16.986 14764 14764 V Capacitor/AppPlugin: Notifying listeners for event resume
07-20 22:53:16.986 14764 14764 D Capacitor/AppPlugin: No listeners found for event resume
07-20 22:53:16.986 22607 22607 I PluginSeedling--Template: TransitionViewWrapper-->update, newPageState: MEDIA_PLAYER_STYLE, currentPage:MEDIA_PLAYER_STYLE
07-20 22:53:16.986 22607 22607 I SystemUi--Media: MediaSeedling-->MEDIA_SEEDLING-->handleMediaDataUpdate allowCreateCard: false
07-20 22:53:16.986 22607 22607 I SystemUi--Media: MediaSeedling-->MEDIA_SEEDLING-->postSeedlingsUpdate delay: 1000 needUpdate: 0 reason:handleMessage UpdateInterval
07-20 22:53:16.986 14764 14764 D Capacitor: App resumed
07-20 22:53:16.986 22607 22702 I SystemUi--Media: MediaLiveAlertController-->MEDIA_SEEDLING-->sendDataToPlugin, method=sendLiveAlert, notification.key=0|com.android.systemui|268452006|1784562631987|0
07-20 22:53:16.986 22607 22702 I PluginSeedling--Base: SeedlingCardServerProvider-->seedling provider called com.oplus.card.server.systemui.provider w/ sendLiveAlert 10208 22607 0
07-20 22:53:16.986 22607 22702 I PluginSeedling--Base: DefaultLiveAlertProvider-->default provider currentUserId=0 sbn: StatusBarNotification(pkg=com.android.systemui user=UserHandle{0} id=268452006 tag=1784562631987 key=0|com.android.systemui|268452006|1784562631987|0: Notification(channel=268452006 shortcut=null contentView=null vibrate=null sound=null defaults=0 flags=0 color=0x00000000 category=transport vis=PRIVATE))
07-20 22:53:16.986  3535  5890 V AS.AudioService: uid 10448, callingApp = rd.sheepskin.sandboxmusic
07-20 22:53:16.986 14764 14764 I AudioManager: In setSpeakerphoneOn(), on: false, calling application: rd.sheepskin.sandboxmusic
07-20 22:53:16.987  3535  5890 W AS.AudioService: Audio Settings Permission Denial: setSpeakerphoneOn() from pid=14764, uid=10448
07-20 22:53:16.987 14764 14764 W BluetoothAdapterExtImpl: setSpeakerphoneOn register null!
07-20 22:53:16.987 22607 22607 I PluginSeedling--Origin: LiveAlertInteractorImpl-->EntryDataListener,onDataPosted originData:[t3.d@2a586ba3] data:[t3.d@2a586ba3]
07-20 22:53:16.987 22607 22607 I PluginSeedling--Origin: LiveAlertInteractorImpl-->notifyEntryDataChanged ENTRY_NOTIFICATION, result:LiveAlertModel: [key: 0|com.android.systemui|268452006|1784562631987|0, entranceType: ENTRY_NOTIFICATION, score: 6.15, groupPriority: 2 type: LIVE, isSystemService: true, shouldShow: true, lockscreenShouldShow: true, sourceType: SOURCE_COMMON, remindLevel: 0, pkg: rd.sheepskin.sandboxmusic, hostPkgName=com.android.systemui front: true, forceRebuild: false, isForcedReminder: false, InstantDuration: 5000, requestPanel: null, capsuleTimeOut: 300000, serviceTitleName: , overrideTransition: false level: 2,
07-20 22:53:16.987 22607 22607 I PluginSeedling--Origin:  rusBaseData: RusBaseData(id='default_com.android.systemui_268452006', updateStateEnable=1, canDelete=1, remindAlways=0, longClick='', cardImportance=-1, clickCustomAction=0,timeOutDuration=5, timeOutDurationEnable=0,enableInSuperpower=0, autoPriority=0, customCapsuleDuration=300000,clickWhenAnim=1, panoramicAodEnable=1,notificationStyleList=,blackCallStyle=0, liveAlertScore=6.15,liveAlertLevel=2,enableQuitShrink=0, lockImmersiveEnable=1, lockImmersiveDefault=1,lockRemindAlways = 0, luSettings=[], liteAnim=14, serviceType=1), showSize: VIEW_SIZE_NONE, isPinFiltered: false serviceFrom: 0, liveAlertState: SeedlingState(0), wrapperSize: 3, duplicateChips: false, quitHideOrBubble:0, liveAlertService:, immersiveCardType:2, requestLockScreenImmersive:-1, ignoreEntry:-1, noe: false
07-20 22:53:16.987 22607 22607 I PluginSeedling--Notification: NotificationRepository-->onDataChanged, [LiveAlertModel: [key: 0|com.android.systemui|268452006|1784562631987|0, entranceType: ENTRY_NOTIFICATION, score: 6.15, groupPriority: 2 type: LIVE, isSystemService: true, shouldShow: true, lockscreenShouldShow: true, sourceType: SOURCE_COMMON, remindLevel: 0, pkg: rd.sheepskin.sandboxmusic, hostPkgName=com.android.systemui front: true, forceRebuild: false, isForcedReminder: false, InstantDuration: 5000, requestPanel: null, capsuleTimeOut: 300000, serviceTitleName: , overrideTransition: false level: 2,
07-20 22:53:16.987 22607 22607 I PluginSeedling--Notification:  rusBaseData: RusBaseData(id='default_com.android.systemui_268452006', updateStateEnable=1, canDelete=1, remindAlways=0, longClick='', cardImportance=-1, clickCustomAction=0,timeOutDuration=5, timeOutDurationEnable=0,enableInSuperpower=0, autoPriority=0, customCapsuleDuration=300000,clickWhenAnim=1, panoramicAodEnable=1,notificationStyleList=,blackCallStyle=0, liveAlertScore=6.15,liveAlertLevel=2,enableQuitShrink=0, lockImmersiveEnable=1, lockImmersiveDefault=1,lockRemindAlways = 0, luSettings=[], liteAnim=14, serviceType=1), showSize: VIEW_SIZE_NONE, isPinFiltered: false serviceFrom: 0, liveAlertState: SeedlingState(0), wrapperSize: 3, duplicateChips: false, quitHideOrBubble:0, liveAlertService:, immersiveCardType:2, requestLockScreenImmersive:-1, ignoreEntry:-1]
07-20 22:53:16.987 22607 22607 I PluginSeedling--Origin: LiveAlertInteractorImpl-->EntryDataListener,onDataPosted originData:[t3.d@2a586ba3] data:[t3.d@2a586ba3]
07-20 22:53:16.987 22607 22607 I PluginSeedling--Origin: LiveAlertInteractorImpl-->notifyEntryDataChanged ENTRY_STATUS_BAR, result:LiveAlertModel: [key: 0|com.android.systemui|268452006|1784562631987|0, entranceType: ENTRY_STATUS_BAR, score: 6.15, groupPriority: 2 type: LIVE, isSystemService: true, shouldShow: true, lockscreenShouldShow: false, sourceType: SOURCE_COMMON, remindLevel: 0, pkg: rd.sheepskin.sandboxmusic, hostPkgName=com.android.systemui front: true, forceRebuild: false, isForcedReminder: false, InstantDuration: 5000, requestPanel: null, capsuleTimeOut: 300000, serviceTitleName: , overrideTransition: false level: 2,
07-20 22:53:16.987 22607 22607 I PluginSeedling--Origin:  rusBaseData: RusBaseData(id='default_com.android.systemui_268452006', updateStateEnable=1, canDelete=1, remindAlways=0, longClick='', cardImportance=-1, clickCustomAction=0,timeOutDuration=5, timeOutDurationEnable=0,enableInSuperpower=0, autoPriority=0, customCapsuleDuration=300000,clickWhenAnim=1, panoramicAodEnable=1,notificationStyleList=,blackCallStyle=0, liveAlertScore=6.15,liveAlertLevel=2,enableQuitShrink=0, lockImmersiveEnable=1, lockImmersiveDefault=1,lockRemindAlways = 0, luSettings=[], liteAnim=14, serviceType=1), showSize: VIEW_SIZE_NONE, isPinFiltered: false serviceFrom: 0, liveAlertState: SeedlingState(0), wrapperSize: 2, duplicateChips: false, quitHideOrBubble:0, liveAlertService:, immersiveCardType:2, requestLockScreenImmersive:-1, ignoreEntry:-1, noe: false
07-20 22:53:16.987 22607 22607 I PluginSeedling--Origin: LiveAlertInteractorImpl-->EntryDataListener,onDataPosted originData:[t3.d@2a586ba3] data:[t3.d@2a586ba3]
07-20 22:53:16.987 22607 22607 I PluginSeedling--Origin: LiveAlertInteractorImpl-->notifyEntryDataChanged ENTRY_NOTIFICATION, result:LiveAlertModel: [key: 0|com.android.systemui|268452006|1784562631987|0, entranceType: ENTRY_NOTIFICATION, score: 6.15, groupPriority: 2 type: LIVE, isSystemService: true, shouldShow: true, lockscreenShouldShow: true, sourceType: SOURCE_COMMON, remindLevel: 0, pkg: rd.sheepskin.sandboxmusic, hostPkgName=com.android.systemui front: true, forceRebuild: false, isForcedReminder: false, InstantDuration: 5000, requestPanel: null, capsuleTimeOut: 300000, serviceTitleName: , overrideTransition: false level: 2,
07-20 22:53:16.987 22607 22607 I PluginSeedling--Origin:  rusBaseData: RusBaseData(id='default_com.android.systemui_268452006', updateStateEnable=1, canDelete=1, remindAlways=0, longClick='', cardImportance=-1, clickCustomAction=0,timeOutDuration=5, timeOutDurationEnable=0,enableInSuperpower=0, autoPriority=0, customCapsuleDuration=300000,clickWhenAnim=1, panoramicAodEnable=1,notificationStyleList=,blackCallStyle=0, liveAlertScore=6.15,liveAlertLevel=2,enableQuitShrink=0, lockImmersiveEnable=1, lockImmersiveDefault=1,lockRemindAlways = 0, luSettings=[], liteAnim=14, serviceType=1), showSize: VIEW_SIZE_NONE, isPinFiltered: false serviceFrom: 0, liveAlertState: SeedlingState(0), wrapperSize: 3, duplicateChips: false, quitHideOrBubble:0, liveAlertService:, immersiveCardType:2, requestLockScreenImmersive:-1, ignoreEntry:-1, noe: false
07-20 22:53:16.987 22607 22607 I PluginSeedling--Notification: NotificationRepository-->onDataChanged, [LiveAlertModel: [key: 0|com.android.systemui|268452006|1784562631987|0, entranceType: ENTRY_NOTIFICATION, score: 6.15, groupPriority: 2 type: LIVE, isSystemService: true, shouldShow: true, lockscreenShouldShow: true, sourceType: SOURCE_COMMON, remindLevel: 0, pkg: rd.sheepskin.sandboxmusic, hostPkgName=com.android.systemui front: true, forceRebuild: false, isForcedReminder: false, InstantDuration: 5000, requestPanel: null, capsuleTimeOut: 300000, serviceTitleName: , overrideTransition: false level: 2,
07-20 22:53:16.987 22607 22607 I PluginSeedling--Notification:  rusBaseData: RusBaseData(id='default_com.android.systemui_268452006', updateStateEnable=1, canDelete=1, remindAlways=0, longClick='', cardImportance=-1, clickCustomAction=0,timeOutDuration=5, timeOutDurationEnable=0,enableInSuperpower=0, autoPriority=0, customCapsuleDuration=300000,clickWhenAnim=1, panoramicAodEnable=1,notificationStyleList=,blackCallStyle=0, liveAlertScore=6.15,liveAlertLevel=2,enableQuitShrink=0, lockImmersiveEnable=1, lockImmersiveDefault=1,lockRemindAlways = 0, luSettings=[], liteAnim=14, serviceType=1), showSize: VIEW_SIZE_NONE, isPinFiltered: false serviceFrom: 0, liveAlertState: SeedlingState(0), wrapperSize: 3, duplicateChips: false, quitHideOrBubble:0, liveAlertService:, immersiveCardType:2, requestLockScreenImmersive:-1, ignoreEntry:-1]
07-20 22:53:16.987 22607 22607 I PluginSeedling--Origin: LiveAlertInteractorImpl-->EntryDataListener,onDataPosted originData:[t3.d@2a586ba3] data:[t3.d@2a586ba3]
07-20 22:53:16.988 22607 22607 I PluginSeedling--Origin: LiveAlertInteractorImpl-->notifyEntryDataChanged ENTRY_STATUS_BAR, result:LiveAlertModel: [key: 0|com.android.systemui|268452006|1784562631987|0, entranceType: ENTRY_STATUS_BAR, score: 6.15, groupPriority: 2 type: LIVE, isSystemService: true, shouldShow: true, lockscreenShouldShow: false, sourceType: SOURCE_COMMON, remindLevel: 0, pkg: rd.sheepskin.sandboxmusic, hostPkgName=com.android.systemui front: true, forceRebuild: false, isForcedReminder: false, InstantDuration: 5000, requestPanel: null, capsuleTimeOut: 300000, serviceTitleName: , overrideTransition: false level: 2,
07-20 22:53:16.988 22607 22607 I PluginSeedling--Origin:  rusBaseData: RusBaseData(id='default_com.android.systemui_268452006', updateStateEnable=1, canDelete=1, remindAlways=0, longClick='', cardImportance=-1, clickCustomAction=0,timeOutDuration=5, timeOutDurationEnable=0,enableInSuperpower=0, autoPriority=0, customCapsuleDuration=300000,clickWhenAnim=1, panoramicAodEnable=1,notificationStyleList=,blackCallStyle=0, liveAlertScore=6.15,liveAlertLevel=2,enableQuitShrink=0, lockImmersiveEnable=1, lockImmersiveDefault=1,lockRemindAlways = 0, luSettings=[], liteAnim=14, serviceType=1), showSize: VIEW_SIZE_NONE, isPinFiltered: false serviceFrom: 0, liveAlertState: SeedlingState(0), wrapperSize: 2, duplicateChips: false, quitHideOrBubble:0, liveAlertService:, immersiveCardType:2, requestLockScreenImmersive:-1, ignoreEntry:-1, noe: false
07-20 22:53:16.988 22607 22607 I PluginSeedling--Template: TransitionViewWrapper-->update, newPageState: NORMAL_STYLE, currentPage:NORMAL_STYLE
07-20 22:53:16.988 22607 22607 I PluginSeedling--Template: TransitionViewWrapper-->update, newPageState: MEDIA_PLAYER_STYLE, currentPage:MEDIA_PLAYER_STYLE
07-20 22:53:16.988 22607 22607 I PluginSeedling--Template: TransitionViewWrapper-->update, newPageState: MEDIA_PLAYER_STYLE, currentPage:MEDIA_PLAYER_STYLE
07-20 22:53:16.988 22607 22607 I PluginSeedling--Template: TransitionViewWrapper-->update, newPageState: NORMAL_STYLE, currentPage:NORMAL_STYLE
07-20 22:53:16.988 22607 22607 I PluginSeedling--Template: TransitionViewWrapper-->update, newPageState: MEDIA_PLAYER_STYLE, currentPage:MEDIA_PLAYER_STYLE
07-20 22:53:16.988  3535  5890 D ActivityRecordExtImpl:  setIsWaitingForAppResume for ActivityRecord{243874426 u0 rd.sheepskin.sandboxmusic/.MainActivity t3627} isWaiting false
07-20 22:53:16.988 22607 22607 I PluginSeedling--Template: TransitionViewWrapper-->update, newPageState: NORMAL_STYLE, currentPage:NORMAL_STYLE
07-20 22:53:16.988 22607 22607 I PluginSeedling--Template: TransitionViewWrapper-->update, newPageState: MEDIA_PLAYER_STYLE, currentPage:MEDIA_PLAYER_STYLE
07-20 22:53:16.988 22607 22607 I PluginSeedling--Template: TransitionViewWrapper-->update, newPageState: MEDIA_PLAYER_STYLE, currentPage:MEDIA_PLAYER_STYLE
07-20 22:53:16.988 22607 22607 I PluginSeedling--Template: TransitionViewWrapper-->update, newPageState: NORMAL_STYLE, currentPage:NORMAL_STYLE
07-20 22:53:16.988 22607 22607 I PluginSeedling--Template: TransitionViewWrapper-->update, newPageState: MEDIA_PLAYER_STYLE, currentPage:MEDIA_PLAYER_STYLE
07-20 22:53:16.989 14764 14764 V Capacitor/AppPlugin: Notifying listeners for event pause
07-20 22:53:16.989 14764 14764 D Capacitor/AppPlugin: No listeners found for event pause
07-20 22:53:16.989 14764 14764 D Capacitor: App paused
07-20 22:53:16.989  3535  4812 D OplusDexSceneManager:  High temp 411 with highTemperatureThreshold 380 pkg:rd.sheepskin.sandboxmusic reason: extra-second-dex
07-20 22:53:16.990  3535  3613 E SchedAssist: binderSetThreadUxFlagByIoctl: ioctl failed, tid=-1 flag=1 ret=-1 errno=25 (Inappropriate ioctl for device)
07-20 22:53:16.991  3535  3613 E SchedAssist: binderSetThreadUxFlagByIoctl: ioctl failed, tid=-1 flag=0 ret=-1 errno=25 (Inappropriate ioctl for device)
07-20 22:53:16.991  3535  8375 D BackgroundInstallControlService: Package event received: 0
07-20 22:53:16.991 14764 14764 I DynamicFramerate [AnimationInfoManager]: onWindowVisibilityChanged: viewRoot-android.view.ViewRootImpl@67f485 visibility changes to 0
07-20 22:53:16.992 14764 14764 D ViewRootImplExtImpl: wrapConfigInfoIntoFlags rotation=0, smallestScreenWidthDp=0, isAutolayoutSwdpModified=false, residentWS=false, scenario=0, bounds=Rect(0, 0 - 1440, 3168), isFirstDraw=false, relayoutAsync=false, flags=0, newFlags=1660944384, title=rd.sheepskin.sandboxmusic/rd.sheepskin.sandboxmusic.MainActivity
07-20 22:53:16.993  3535  5890 V WindowManager: Relayout Window{e4316f3 u0 rd.sheepskin.sandboxmusic/rd.sheepskin.sandboxmusic.MainActivity}: viewVisibility=0, oldvis=8, req=1440x3168 , apr = 0, 
07-20 22:53:16.993  3535  5890 I WindowManager: Window{e4316f3 u0 rd.sheepskin.sandboxmusic/rd.sheepskin.sandboxmusic.MainActivity} state from NO_SURFACE to DRAW_PENDING; reason: resetDrawState
07-20 22:53:16.995  3535  5890 D WindowManager: NFW_findFocusedWindowIfNeeded:Window{8e7b86e u0 NotificationShade} mCurrentFocus:Window{8e7b86e u0 NotificationShade}
07-20 22:53:16.995  3535  5890 D WindowStateExtImpl: cannotBeImeTarget while isKeyguardShowing
07-20 22:53:16.995  3535  5890 D WindowStateExtImpl: cannotBeImeTarget while isKeyguardShowing
07-20 22:53:16.995 14764 14764 D VRI[MainActivity]: relayoutWindow result, sizeChanged:false, surfaceControlChanged:true, transformHintChanged:false, mSurfaceSize:Point(1440, 3168), mLastSurfaceSize:Point(1440, 3168), mWidth:1440, mHeight:3168, requestedWidth:1440, requestedHeight:3168, transformHint:0, installOrientation:0, displayRotation:0, isSurfaceValid:true, attr.flag:-2122252032, tmpFrames:ClientWindowFrames{frame=[0,0][1440,3168] display=[0,0][1440,3168] parentFrame=[0,0][0,0]}, relayoutResult:3, relayoutAsync:false, mSyncSeqId:0
07-20 22:53:16.996 14764 14764 W VRI[MainActivity]: updateBlastSurfaceIfNeeded, surfaceSize:Point(1440, 3168), lastSurfaceSize:Point(1440, 3168), format:-1, blastBufferQueue:null
07-20 22:53:16.996 14764 14764 D BufferQueueConsumer: [](id:39ac0000000c,api:0,p:-1,c:14764) connect: controlledByApp=false
07-20 22:53:16.996 14764 14764 D BufferQueueConsumer: [VRI[MainActivity]#11(BLAST Consumer)11](id:39ac0000000c,api:0,p:-1,c:14764) setMaxAcquiredBufferCount: 2
07-20 22:53:16.997 14764 19393 D HWUI    : createSurface new attribs array
07-20 22:53:16.997 14764 19393 D libEGL  : this is from skia gles
07-20 22:53:16.997 14764 19393 D BufferQueueProducer: [VRI[MainActivity]#11(BLAST Consumer)11](id:39ac0000000c,api:1,p:14764,c:14764) connect: api=1 producerControlledByApp=true
07-20 22:53:16.998 14764 14764 I SurfaceControl:  setExtendedRangeBrightness sc=Surface(name=rd.sheepskin.sandboxmusic/rd.sheepskin.sandboxmusic.MainActivity)/@0x8936ba9,currentBufferRatio=1.0,desiredRatio=1.0
07-20 22:53:17.009 14764 19393 D BLASTBufferQueue: [VRI[MainActivity]#11](f:0,a:1) acquireNextBufferLocked size=1440x3168 mFrameNumber=1 applyTransaction=true mTimestamp=100751136255991(auto) mPendingTransactions.size=0 graphicBufferId=63410897158570 transform=0
07-20 22:53:17.010 14764 19393 D VRI[MainActivity]: Received frameCommittedCallback lastAttemptedDrawFrameNum=1 didProduceBuffer=true syncBuffer=false
07-20 22:53:17.010  3535  4812 I BLASTSyncEngine: onCommitted syncId: 6860, timeout: false ran: false
07-20 22:53:17.010 14764 14764 D VRI[MainActivity]: draw finished. seqId=0
07-20 22:53:17.010  3535  5890 I WindowManager: Window{e4316f3 u0 rd.sheepskin.sandboxmusic/rd.sheepskin.sandboxmusic.MainActivity} state from DRAW_PENDING to COMMIT_DRAW_PENDING; reason: finishDrawingLocked
07-20 22:53:17.011 14764 14764 V Capacitor/AppPlugin: Notifying listeners for event appUrlOpen
07-20 22:53:17.012  3535  3614 I WindowManager: Window{e4316f3 u0 rd.sheepskin.sandboxmusic/rd.sheepskin.sandboxmusic.MainActivity} state from COMMIT_DRAW_PENDING to READY_TO_SHOW; reason: commitFinishDrawingLocked
07-20 22:53:17.012  3535  3614 D CoreBackPreview:  return markWindowHasDrawn mComposed: false  mWaitTransition: false
07-20 22:53:17.012  3535  3614 D ActivityTaskManager: Clearing startingData for activity=ActivityRecord{243874426 u0 rd.sheepskin.sandboxmusic/.MainActivity t3627} mStartingData=null mStartingSurface=null
07-20 22:53:17.012 14764 14764 D VRI[MainActivity]: setWindowStopped stopped:true
07-20 22:53:17.018  3535  3614 D CoreBackPreview:  return markWindowHasDrawn mComposed: false  mWaitTransition: false
07-20 22:53:17.018  3535  3614 D ActivityTaskManager: Clearing startingData for activity=ActivityRecord{243874426 u0 rd.sheepskin.sandboxmusic/.MainActivity t3627} mStartingData=null mStartingSurface=null
07-20 22:53:17.018 14764 14764 D Capacitor/AppPlugin: Firing change: false
07-20 22:53:17.018 14764 14764 V Capacitor/AppPlugin: Notifying listeners for event appStateChange
07-20 22:53:17.018 14764 14764 D Capacitor: App stopped
07-20 22:53:17.019 14764 14764 D Capacitor: Saving instance state!
07-20 22:53:17.020 14764 14764 I DynamicFramerate [AnimationInfoManager]: onWindowVisibilityChanged: viewRoot-android.view.ViewRootImpl@67f485 visibility changes to 4
07-20 22:53:17.020 14764 14764 D HWUI    : RenderProxy::destroy: this=0xb400006f0bd68900, mContext=0xb400006c561bb980
07-20 22:53:17.020 14764 19393 D HWUI    : SkiaOpenGLPipeline::setSurface: this=0xb400006f678b8a00, surface=NULL
07-20 22:53:17.020 14764 19393 D BufferQueueProducer: [VRI[MainActivity]#11(BLAST Consumer)11](id:39ac0000000c,api:1,p:14764,c:14764) disconnect: api 1
07-20 22:53:17.021 14764 14764 D ViewRootImplExtImpl: wrapConfigInfoIntoFlags rotation=0, smallestScreenWidthDp=0, isAutolayoutSwdpModified=false, residentWS=false, scenario=0, bounds=Rect(0, 0 - 1440, 3168), isFirstDraw=false, relayoutAsync=false, flags=0, newFlags=1660944384, title=rd.sheepskin.sandboxmusic/rd.sheepskin.sandboxmusic.MainActivity
07-20 22:53:17.021  3535  5890 V WindowManager: Relayout Window{e4316f3 u0 rd.sheepskin.sandboxmusic/rd.sheepskin.sandboxmusic.MainActivity}: viewVisibility=4, oldvis=0, req=1440x3168 , apr = 0, 
07-20 22:53:17.023  3535  5890 D CoreBackPreview:  return markWindowHasDrawn mComposed: false  mWaitTransition: false
07-20 22:53:17.023  3535  5890 D ActivityTaskManager: Clearing startingData for activity=ActivityRecord{243874426 u0 rd.sheepskin.sandboxmusic/.MainActivity t3627} mStartingData=null mStartingSurface=null
07-20 22:53:17.023  3535  5890 D WindowManager: NFW_findFocusedWindowIfNeeded:Window{8e7b86e u0 NotificationShade} mCurrentFocus:Window{8e7b86e u0 NotificationShade}
