--------- beginning of main
07-20 15:31:47.549  5727  7491 D CommonApp-125-10162: transport layer data is invalid
07-20 15:31:47.549  2621  3995 D QmiClient: qmiServiceEventCallback recv msg id 47
07-20 15:31:47.549  2621  3995 D QmiClient: enter -mServiceType 10 onQmiServiceEventCallback msgId 47
07-20 15:31:47.549  2621  3995 D QmiClient: onQmiServiceEventCallback - enter. msgId=47
07-20 15:31:47.549  2621  2802 D OttProxy: handleMessage msg is 3001
07-20 15:31:47.550  5727  6834 D SubsysRadioIndication[0]: radioLinkLatencyInfoInd
07-20 15:31:47.550  5727  7491 D CommonApp-125-10125: commonScoreStrategy scenarios 3 mTLD.uplink_packets + mTLD.downlink_packets > 10 avgRtt30
07-20 15:31:47.550  5727  6834 D SubsysRadioIndication[0]: notify enter
07-20 15:31:47.550  5727  7491 D CommonApp-125-10125: notifyScoreChange appScene COMMON score 100
07-20 15:31:47.550  5727  5727 D NetworkService[0]: handleMessage what:1008
07-20 15:31:47.550  5727  5727 D NetworkService[0]: EVENT_REG_LINK_LATENCY_INFO_CHANGE ulLatency:25902
07-20 15:31:47.581 27174   790 I ddwl    : (REDACTED) Writing metadata key: %s, corpus: %s
07-20 15:31:47.581 27174   790 I ddwl    : (REDACTED) Writing metadata key: %s, corpus: %s
07-20 15:31:47.584 27174 27329 I ddsg    : (REDACTED) Starting batch sync for corpora: %s
07-20 15:31:47.594 27174 27262 I ddwl    : (REDACTED) Setting isLegacySQLite mode to %s.
07-20 15:31:47.606 27174   851 I ddwl    : The GellerConfig is not present, returning null.
07-20 15:31:47.606 27174   851 I ddwl    : (REDACTED) The GellerConfig is not present, defaulting isUploadEnabled for corpus %s to true.
07-20 15:31:47.607 27174   851 I ddsg    : (REDACTED) No previous syncToken for corpus %s found.
07-20 15:31:47.612  2375  2375 I adbd    : adbd service requested 'shell,v2,TERM=dumb,raw:input keyevent KEYCODE_WAKEUP'
07-20 15:31:47.617  2375  2375 I adbd    : adbd service requested 'shell,v2,TERM=dumb,raw:input keyevent KEYCODE_WAKEUP'
07-20 15:31:47.619  1945  2014 I sensors-hal: handle_sns_client_event:316, accel_sample: 0: ts=147301835406477 ns; value = [-0.904110, 3.875911, 10.122684], status=3
07-20 15:31:47.623  2091  2244 D BatteryChargeControl: bcc get no support from charging protocol
07-20 15:31:47.626  2091  6948 D charge_time: write 13609s(03:46:49) to ttf, rc=7
07-20 15:31:47.626  2091  6948 D charge_time: type=sdp,reserve_soc=3,soc=61,ui_soc=63,current=-75,avg=250,not_chg_cnt=0,stable_cnt=2,fcc=4672,fcc_ratio=91,delta=1,debug=0,region=14,ttf=13609(03:46:49),ui_ttf=13609(03:46:49)
07-20 15:31:47.626  2375  2375 I adbd    : adbd service requested 'shell,v2,TERM=dumb,raw:input keyevent KEYCODE_WAKEUP'
07-20 15:31:47.648  3535  4683 D KEYLOG_KeyCombinationManager: down true downTime 77481924 action 0 count 0 isDefaultDisplayInteractive true eventTime 77481924 mDownTimes: {}
07-20 15:31:47.648  3535  4683 D KEYLOG_PhoneWindowManagerExtImpl: overrideInterceptKeyBeforeQueueing:KeyEvent { action=ACTION_DOWN, keyCode=KEYCODE_WAKEUP, scanCode=0, metaState=0, flags=0x0, repeatCount=0, eventTime=77481924000000, downTime=77481924000000, deviceId=-1, source=0x0, displayId=-1 },  keyguardOn = false,  screenOn = true,  policyFlags = 721420288,  SosPowerKeyEnabled = true,  WalletSwitchState = 2,  IsQuickLaunchSupport = false,  IsDoubleCheckAppSupport = false,  isQuickAppOn=false,  canceled = false
--------- beginning of system
07-20 15:31:47.648  3535  4683 W OplusJoystickManager: Neither joystick feature is supported
07-20 15:31:47.648  3535  4683 D OplusCustomizeRestrictionManagerService: isLongPressVolumeUpDisabled start
07-20 15:31:47.648  3535  4683 I STKeyLog_StrategyDisableBottomKey: onBeforeQueueing : mIsUpGestureMode=false,mDisableBottomKeyMode0
07-20 15:31:47.648  3535  4683 D STKeyLog_StrategyBlackscreenshot: notifyKeyBeforeQueueing, downTime77481924, action=0, interactive=true
07-20 15:31:47.648  3535  4683 D KEYLOG_PhoneWindowManager: interceptKeyBeforeQueueing downTime=77481924 action = 0 interactive=true keyguardActive=false policyFlags=2b000000 isInjected=true isWakeKey=true isKeyGestureTriggered=false
07-20 15:31:47.648  3535  4533 D KEYLOG_KeyCombinationManager: down true downTime 77481924 action 0 count 0 isDefaultDisplayInteractive true eventTime 77481924 mDownTimes: {224=77481924}
07-20 15:31:47.648  3535  4533 D KEYLOG_PhoneWindowManagerExtImpl: overrideInterceptKeyBeforeQueueing:KeyEvent { action=ACTION_DOWN, keyCode=KEYCODE_WAKEUP, scanCode=0, metaState=0, flags=0x0, repeatCount=0, eventTime=77481924000000, downTime=77481924000000, deviceId=-1, source=0x0, displayId=-1 },  keyguardOn = false,  screenOn = true,  policyFlags = 721420288,  SosPowerKeyEnabled = true,  WalletSwitchState = 2,  IsQuickLaunchSupport = false,  IsDoubleCheckAppSupport = false,  isQuickAppOn=false,  canceled = false
07-20 15:31:47.648  3535  4533 W OplusJoystickManager: Neither joystick feature is supported
07-20 15:31:47.648  3535  4533 D OplusCustomizeRestrictionManagerService: isLongPressVolumeUpDisabled start
07-20 15:31:47.648  3535  4533 I STKeyLog_StrategyDisableBottomKey: onBeforeQueueing : mIsUpGestureMode=false,mDisableBottomKeyMode0
07-20 15:31:47.648  3535  4533 D STKeyLog_StrategyBlackscreenshot: notifyKeyBeforeQueueing, downTime77481924, action=0, interactive=true
07-20 15:31:47.648  3535  4533 D KEYLOG_PhoneWindowManager: interceptKeyBeforeQueueing downTime=77481924 action = 0 interactive=true keyguardActive=false policyFlags=2b000000 isInjected=true isWakeKey=true isKeyGestureTriggered=false
07-20 15:31:47.649  3535  8978 D KEYLOG_KeyCombinationManager: down true downTime 77481924 action 0 count 0 isDefaultDisplayInteractive true eventTime 77481924 mDownTimes: {224=77481924}
07-20 15:31:47.649  3535  8978 D KEYLOG_PhoneWindowManagerExtImpl: overrideInterceptKeyBeforeQueueing:KeyEvent { action=ACTION_DOWN, keyCode=KEYCODE_WAKEUP, scanCode=0, metaState=0, flags=0x0, repeatCount=0, eventTime=77481924000000, downTime=77481924000000, deviceId=-1, source=0x0, displayId=-1 },  keyguardOn = false,  screenOn = true,  policyFlags = 721420288,  SosPowerKeyEnabled = true,  WalletSwitchState = 2,  IsQuickLaunchSupport = false,  IsDoubleCheckAppSupport = false,  isQuickAppOn=false,  canceled = false
07-20 15:31:47.649  3535  8978 W OplusJoystickManager: Neither joystick feature is supported
07-20 15:31:47.649  2124  2124 D vendor.oplus.hardware.stability.oplus_project-V1-service: write 27 bytes
07-20 15:31:47.649  3535  8978 D OplusCustomizeRestrictionManagerService: isLongPressVolumeUpDisabled start
07-20 15:31:47.649  2124  2124 D vendor.oplus.hardware.stability.oplus_project-V1-service: write_theia_proc path:/proc/theiaPwkReport ,theia_date:POWERKEY_wakeUpFromPowerKey
07-20 15:31:47.649  3535  8978 I STKeyLog_StrategyDisableBottomKey: onBeforeQueueing : mIsUpGestureMode=false,mDisableBottomKeyMode0
07-20 15:31:47.649  3535  8978 D STKeyLog_StrategyBlackscreenshot: notifyKeyBeforeQueueing, downTime77481924, action=0, interactive=true
07-20 15:31:47.649  3535  8978 D KEYLOG_PhoneWindowManager: interceptKeyBeforeQueueing downTime=77481924 action = 0 interactive=true keyguardActive=false policyFlags=2b000000 isInjected=true isWakeKey=true isKeyGestureTriggered=false
07-20 15:31:47.649  2124  2124 D vendor.oplus.hardware.stability.oplus_project-V1-service: write 27 bytes
07-20 15:31:47.649  2124  2124 D vendor.oplus.hardware.stability.oplus_project-V1-service: write_theia_proc path:/proc/theiaPwkReport ,theia_date:POWERKEY_wakeUpFromPowerKey
07-20 15:31:47.649  2124  2124 D vendor.oplus.hardware.stability.oplus_project-V1-service: write 27 bytes
07-20 15:31:47.649  2124  2124 D vendor.oplus.hardware.stability.oplus_project-V1-service: write_theia_proc path:/proc/theiaPwkReport ,theia_date:POWERKEY_wakeUpFromPowerKey
07-20 15:31:47.649  3535  4683 D OplusFeatureAOD: notifySfUnBlockScreenOn
07-20 15:31:47.649  3535  4683 D OplusPowerManagerHelper: scheduleNotifyStopDream
07-20 15:31:47.649  2237  2444 I DispPerfService: NOTIFY_UNBLOCKSCREEN
07-20 15:31:47.649  2124  2124 D vendor.oplus.hardware.stability.oplus_project-V1-service: write 29 bytes
07-20 15:31:47.649  2124  2124 D vendor.oplus.hardware.stability.oplus_project-V1-service: write_theia_proc path:/proc/theiaPwkReport ,theia_date:CANCELED_wakePowerGroupLocked
07-20 15:31:47.649  2124  2124 D vendor.oplus.hardware.stability.oplus_project-V1-service: write 15 bytes
07-20 15:31:47.649  2124  2124 D vendor.oplus.hardware.stability.oplus_project-V1-service: write_theia_proc path:/proc/theiaPwkReport ,theia_date:CANCELED_forAod
07-20 15:31:47.650  3535  3792 D OplusPowerManagerHelper: handleMessage:102
07-20 15:31:47.650  3535  3792 D OplusPowerManagerHelper: MSG_STOP_DEAM
07-20 15:31:47.650  3535  4683 D KEYLOG_KeyCombinationManager: down false downTime 77481924 action 1 count 0 isDefaultDisplayInteractive true eventTime 77481926 mDownTimes: {224=77481924}
07-20 15:31:47.650  3535  4683 D KEYLOG_PhoneWindowManagerExtImpl: overrideInterceptKeyBeforeQueueing:KeyEvent { action=ACTION_UP, keyCode=KEYCODE_WAKEUP, scanCode=0, metaState=0, flags=0x0, repeatCount=0, eventTime=77481926000000, downTime=77481924000000, deviceId=-1, source=0x0, displayId=-1 },  keyguardOn = false,  screenOn = true,  policyFlags = 721420288,  SosPowerKeyEnabled = true,  WalletSwitchState = 2,  IsQuickLaunchSupport = false,  IsDoubleCheckAppSupport = false,  isQuickAppOn=false,  canceled = false
07-20 15:31:47.650  3535  4683 W OplusJoystickManager: Neither joystick feature is supported
07-20 15:31:47.650  3535  4683 D OplusCustomizeRestrictionManagerService: isLongPressVolumeUpDisabled start
07-20 15:31:47.650  3535  4683 I STKeyLog_StrategyDisableBottomKey: onBeforeQueueing : mIsUpGestureMode=false,mDisableBottomKeyMode0
07-20 15:31:47.650  3535  4683 D STKeyLog_StrategyBlackscreenshot: notifyKeyBeforeQueueing, downTime77481924, action=1, interactive=true
07-20 15:31:47.650  3535  4683 D KEYLOG_PhoneWindowManager: interceptKeyBeforeQueueing downTime=77481924 action = 1 interactive=true keyguardActive=false policyFlags=2b000000 isInjected=true isWakeKey=true isKeyGestureTriggered=false
07-20 15:31:47.650  2124  2124 D vendor.oplus.hardware.stability.oplus_project-V1-service: write 27 bytes
07-20 15:31:47.650  2124  2124 D vendor.oplus.hardware.stability.oplus_project-V1-service: write_theia_proc path:/proc/theiaPwkReport ,theia_date:POWERKEY_wakeUpFromPowerKey
07-20 15:31:47.651  3535  4683 D OplusFeatureAOD: notifySfUnBlockScreenOn
07-20 15:31:47.651  2237  2444 I DispPerfService: NOTIFY_UNBLOCKSCREEN
07-20 15:31:47.651  3535  4683 D OplusPowerManagerHelper: scheduleNotifyStopDream
07-20 15:31:47.651  2124  2124 D vendor.oplus.hardware.stability.oplus_project-V1-service: write 29 bytes
07-20 15:31:47.651  2124  2124 D vendor.oplus.hardware.stability.oplus_project-V1-service: write_theia_proc path:/proc/theiaPwkReport ,theia_date:CANCELED_wakePowerGroupLocked
07-20 15:31:47.651  2124  2124 D vendor.oplus.hardware.stability.oplus_project-V1-service: write 15 bytes
07-20 15:31:47.651  2124  2124 D vendor.oplus.hardware.stability.oplus_project-V1-service: write_theia_proc path:/proc/theiaPwkReport ,theia_date:CANCELED_forAod
07-20 15:31:47.651  3535  8978 D OplusFeatureAOD: notifySfUnBlockScreenOn
07-20 15:31:47.651  3535  3792 D OplusPowerManagerHelper: handleMessage:102
07-20 15:31:47.651  3535  3792 D OplusPowerManagerHelper: MSG_STOP_DEAM
07-20 15:31:47.652  3535  8978 D OplusPowerManagerHelper: scheduleNotifyStopDream
07-20 15:31:47.652  2237  2444 I DispPerfService: NOTIFY_UNBLOCKSCREEN
07-20 15:31:47.652  2124  2124 D vendor.oplus.hardware.stability.oplus_project-V1-service: write 29 bytes
07-20 15:31:47.652  2124  2124 D vendor.oplus.hardware.stability.oplus_project-V1-service: write_theia_proc path:/proc/theiaPwkReport ,theia_date:CANCELED_wakePowerGroupLocked
07-20 15:31:47.653  2124  2124 D vendor.oplus.hardware.stability.oplus_project-V1-service: write 15 bytes
07-20 15:31:47.653  2124  2124 D vendor.oplus.hardware.stability.oplus_project-V1-service: write_theia_proc path:/proc/theiaPwkReport ,theia_date:CANCELED_forAod
07-20 15:31:47.653  3535  4533 D OplusFeatureAOD: notifySfUnBlockScreenOn
07-20 15:31:47.653  2237  2444 I DispPerfService: NOTIFY_UNBLOCKSCREEN
07-20 15:31:47.653  3535  4533 D OplusPowerManagerHelper: scheduleNotifyStopDream
07-20 15:31:47.653  3535  8978 D KEYLOG_KeyCombinationManager: down false downTime 77481924 action 1 count 0 isDefaultDisplayInteractive true eventTime 77481929 mDownTimes: {}
07-20 15:31:47.653  3535  8978 D KEYLOG_PhoneWindowManagerExtImpl: overrideInterceptKeyBeforeQueueing:KeyEvent { action=ACTION_UP, keyCode=KEYCODE_WAKEUP, scanCode=0, metaState=0, flags=0x0, repeatCount=0, eventTime=77481929000000, downTime=77481924000000, deviceId=-1, source=0x0, displayId=-1 },  keyguardOn = false,  screenOn = true,  policyFlags = 721420288,  SosPowerKeyEnabled = true,  WalletSwitchState = 2,  IsQuickLaunchSupport = false,  IsDoubleCheckAppSupport = false,  isQuickAppOn=false,  canceled = false
07-20 15:31:47.653  2124  2124 D vendor.oplus.hardware.stability.oplus_project-V1-service: write 29 bytes
07-20 15:31:47.653  2124  2124 D vendor.oplus.hardware.stability.oplus_project-V1-service: write_theia_proc path:/proc/theiaPwkReport ,theia_date:CANCELED_wakePowerGroupLocked
07-20 15:31:47.653  3535  8978 W OplusJoystickManager: Neither joystick feature is supported
07-20 15:31:47.653  3535  8978 D OplusCustomizeRestrictionManagerService: isLongPressVolumeUpDisabled start
07-20 15:31:47.653  3535  8978 I STKeyLog_StrategyDisableBottomKey: onBeforeQueueing : mIsUpGestureMode=false,mDisableBottomKeyMode0
07-20 15:31:47.653  3535  8978 D STKeyLog_StrategyBlackscreenshot: notifyKeyBeforeQueueing, downTime77481924, action=1, interactive=true
07-20 15:31:47.653  3535  8978 D KEYLOG_PhoneWindowManager: interceptKeyBeforeQueueing downTime=77481924 action = 1 interactive=true keyguardActive=false policyFlags=2b000000 isInjected=true isWakeKey=true isKeyGestureTriggered=false
07-20 15:31:47.653  2124  2124 D vendor.oplus.hardware.stability.oplus_project-V1-service: write 15 bytes
07-20 15:31:47.653  2124  2124 D vendor.oplus.hardware.stability.oplus_project-V1-service: write_theia_proc path:/proc/theiaPwkReport ,theia_date:CANCELED_forAod
07-20 15:31:47.653  2124  2124 D vendor.oplus.hardware.stability.oplus_project-V1-service: write 27 bytes
07-20 15:31:47.653  2124  2124 D vendor.oplus.hardware.stability.oplus_project-V1-service: write_theia_proc path:/proc/theiaPwkReport ,theia_date:POWERKEY_wakeUpFromPowerKey
07-20 15:31:47.653  3535  8978 D OplusFeatureAOD: notifySfUnBlockScreenOn
07-20 15:31:47.653  2237  2444 I DispPerfService: NOTIFY_UNBLOCKSCREEN
07-20 15:31:47.653  3535  8978 D OplusPowerManagerHelper: scheduleNotifyStopDream
07-20 15:31:47.654  2124  2124 D vendor.oplus.hardware.stability.oplus_project-V1-service: write 29 bytes
07-20 15:31:47.654  2124  2124 D vendor.oplus.hardware.stability.oplus_project-V1-service: write_theia_proc path:/proc/theiaPwkReport ,theia_date:CANCELED_wakePowerGroupLocked
07-20 15:31:47.654  3535  4533 D KEYLOG_KeyCombinationManager: down false downTime 77481924 action 1 count 0 isDefaultDisplayInteractive true eventTime 77481929 mDownTimes: {}
07-20 15:31:47.654  3535  4533 D KEYLOG_PhoneWindowManagerExtImpl: overrideInterceptKeyBeforeQueueing:KeyEvent { action=ACTION_UP, keyCode=KEYCODE_WAKEUP, scanCode=0, metaState=0, flags=0x0, repeatCount=0, eventTime=77481929000000, downTime=77481924000000, deviceId=-1, source=0x0, displayId=-1 },  keyguardOn = false,  screenOn = true,  policyFlags = 721420288,  SosPowerKeyEnabled = true,  WalletSwitchState = 2,  IsQuickLaunchSupport = false,  IsDoubleCheckAppSupport = false,  isQuickAppOn=false,  canceled = false
07-20 15:31:47.654  3535  4533 W OplusJoystickManager: Neither joystick feature is supported
07-20 15:31:47.654  3535  4533 D OplusCustomizeRestrictionManagerService: isLongPressVolumeUpDisabled start
07-20 15:31:47.654  3535  4533 I STKeyLog_StrategyDisableBottomKey: onBeforeQueueing : mIsUpGestureMode=false,mDisableBottomKeyMode0
07-20 15:31:47.654  3535  4533 D STKeyLog_StrategyBlackscreenshot: notifyKeyBeforeQueueing, downTime77481924, action=1, interactive=true
07-20 15:31:47.654  3535  4533 D KEYLOG_PhoneWindowManager: interceptKeyBeforeQueueing downTime=77481924 action = 1 interactive=true keyguardActive=false policyFlags=2b000000 isInjected=true isWakeKey=true isKeyGestureTriggered=false
07-20 15:31:47.654  2124  2124 D vendor.oplus.hardware.stability.oplus_project-V1-service: write 15 bytes
07-20 15:31:47.654  2124  2124 D vendor.oplus.hardware.stability.oplus_project-V1-service: write_theia_proc path:/proc/theiaPwkReport ,theia_date:CANCELED_forAod
07-20 15:31:47.654  5727  7537 D CeLinkQoeService: notifyMosChange: eventid 3342436
07-20 15:31:47.654  2124  2124 D vendor.oplus.hardware.stability.oplus_project-V1-service: write 27 bytes
07-20 15:31:47.654  2124  2124 D vendor.oplus.hardware.stability.oplus_project-V1-service: write_theia_proc path:/proc/theiaPwkReport ,theia_date:POWERKEY_wakeUpFromPowerKey
07-20 15:31:47.654  3535  4533 D OplusFeatureAOD: notifySfUnBlockScreenOn
07-20 15:31:47.654  3535  4533 D OplusPowerManagerHelper: scheduleNotifyStopDream
07-20 15:31:47.654  2237  2444 I DispPerfService: NOTIFY_UNBLOCKSCREEN
07-20 15:31:47.654  2124  2124 D vendor.oplus.hardware.stability.oplus_project-V1-service: write 29 bytes
07-20 15:31:47.654  2124  2124 D vendor.oplus.hardware.stability.oplus_project-V1-service: write_theia_proc path:/proc/theiaPwkReport ,theia_date:CANCELED_wakePowerGroupLocked
07-20 15:31:47.654  2124  2124 D vendor.oplus.hardware.stability.oplus_project-V1-service: write 15 bytes
07-20 15:31:47.654  2124  2124 D vendor.oplus.hardware.stability.oplus_project-V1-service: write_theia_proc path:/proc/theiaPwkReport ,theia_date:CANCELED_forAod
07-20 15:31:47.656  2375  2375 I adbd    : adbd service requested 'shell,v2,TERM=dumb,raw:input keyevent KEYCODE_WAKEUP'
07-20 15:31:47.659  3535  3792 D OplusPowerManagerHelper: handleMessage:102
07-20 15:31:47.659  3535  3792 D OplusPowerManagerHelper: MSG_STOP_DEAM
07-20 15:31:47.659  3535  3792 D OplusPowerManagerHelper: handleMessage:102
07-20 15:31:47.659  3535  3792 D OplusPowerManagerHelper: MSG_STOP_DEAM
07-20 15:31:47.659  3535  3792 D OplusPowerManagerHelper: handleMessage:102
07-20 15:31:47.660  3535  3792 D OplusPowerManagerHelper: MSG_STOP_DEAM
07-20 15:31:47.660  3535  3792 D OplusPowerManagerHelper: handleMessage:102
07-20 15:31:47.660  3535  3792 D OplusPowerManagerHelper: MSG_STOP_DEAM
07-20 15:31:47.670  2237  2763 E HwcComposer: getLuts failed Status(-129, EX_TRANSACTION_FAILED): 'UNKNOWN_TRANSACTION: '
07-20 15:31:47.676  3535  4683 D KEYLOG_KeyCombinationManager: down true downTime 77481952 action 0 count 0 isDefaultDisplayInteractive true eventTime 77481952 mDownTimes: {}
07-20 15:31:47.676  3535  4683 D KEYLOG_PhoneWindowManagerExtImpl: overrideInterceptKeyBeforeQueueing:KeyEvent { action=ACTION_DOWN, keyCode=KEYCODE_WAKEUP, scanCode=0, metaState=0, flags=0x0, repeatCount=0, eventTime=77481952000000, downTime=77481952000000, deviceId=-1, source=0x0, displayId=-1 },  keyguardOn = false,  screenOn = true,  policyFlags = 721420288,  SosPowerKeyEnabled = true,  WalletSwitchState = 2,  IsQuickLaunchSupport = false,  IsDoubleCheckAppSupport = false,  isQuickAppOn=false,  canceled = false
07-20 15:31:47.677  3535  4683 W OplusJoystickManager: Neither joystick feature is supported
07-20 15:31:47.677  3535  4683 D OplusCustomizeRestrictionManagerService: isLongPressVolumeUpDisabled start
07-20 15:31:47.677  3535  4683 I STKeyLog_StrategyDisableBottomKey: onBeforeQueueing : mIsUpGestureMode=false,mDisableBottomKeyMode0
07-20 15:31:47.677  3535  4683 D STKeyLog_StrategyBlackscreenshot: notifyKeyBeforeQueueing, downTime77481952, action=0, interactive=true
07-20 15:31:47.677  3535  4683 D KEYLOG_PhoneWindowManager: interceptKeyBeforeQueueing downTime=77481952 action = 0 interactive=true keyguardActive=false policyFlags=2b000000 isInjected=true isWakeKey=true isKeyGestureTriggered=false
07-20 15:31:47.677  2124  2124 D vendor.oplus.hardware.stability.oplus_project-V1-service: write 27 bytes
07-20 15:31:47.677  2124  2124 D vendor.oplus.hardware.stability.oplus_project-V1-service: write_theia_proc path:/proc/theiaPwkReport ,theia_date:POWERKEY_wakeUpFromPowerKey
07-20 15:31:47.677  3535  4683 D OplusFeatureAOD: notifySfUnBlockScreenOn
07-20 15:31:47.677  3535  4683 D OplusPowerManagerHelper: scheduleNotifyStopDream
07-20 15:31:47.677  2237  2444 I DispPerfService: NOTIFY_UNBLOCKSCREEN
07-20 15:31:47.677  2124  2124 D vendor.oplus.hardware.stability.oplus_project-V1-service: write 29 bytes
07-20 15:31:47.677  2124  2124 D vendor.oplus.hardware.stability.oplus_project-V1-service: write_theia_proc path:/proc/theiaPwkReport ,theia_date:CANCELED_wakePowerGroupLocked
07-20 15:31:47.677  2124  2124 D vendor.oplus.hardware.stability.oplus_project-V1-service: write 15 bytes
07-20 15:31:47.677  2124  2124 D vendor.oplus.hardware.stability.oplus_project-V1-service: write_theia_proc path:/proc/theiaPwkReport ,theia_date:CANCELED_forAod
07-20 15:31:47.678  3535  3792 D OplusPowerManagerHelper: handleMessage:102
07-20 15:31:47.678  3535  3792 D OplusPowerManagerHelper: MSG_STOP_DEAM
07-20 15:31:47.678  3535  4683 D KEYLOG_KeyCombinationManager: down false downTime 77481952 action 1 count 0 isDefaultDisplayInteractive true eventTime 77481954 mDownTimes: {224=77481952}
07-20 15:31:47.678  3535  4683 D KEYLOG_PhoneWindowManagerExtImpl: overrideInterceptKeyBeforeQueueing:KeyEvent { action=ACTION_UP, keyCode=KEYCODE_WAKEUP, scanCode=0, metaState=0, flags=0x0, repeatCount=0, eventTime=77481954000000, downTime=77481952000000, deviceId=-1, source=0x0, displayId=-1 },  keyguardOn = false,  screenOn = true,  policyFlags = 721420288,  SosPowerKeyEnabled = true,  WalletSwitchState = 2,  IsQuickLaunchSupport = false,  IsDoubleCheckAppSupport = false,  isQuickAppOn=false,  canceled = false
07-20 15:31:47.678  3535  4683 W OplusJoystickManager: Neither joystick feature is supported
07-20 15:31:47.678  3535  4683 D OplusCustomizeRestrictionManagerService: isLongPressVolumeUpDisabled start
07-20 15:31:47.678  3535  4683 I STKeyLog_StrategyDisableBottomKey: onBeforeQueueing : mIsUpGestureMode=false,mDisableBottomKeyMode0
07-20 15:31:47.678  3535  4683 D STKeyLog_StrategyBlackscreenshot: notifyKeyBeforeQueueing, downTime77481952, action=1, interactive=true
07-20 15:31:47.678  3535  4683 D KEYLOG_PhoneWindowManager: interceptKeyBeforeQueueing downTime=77481952 action = 1 interactive=true keyguardActive=false policyFlags=2b000000 isInjected=true isWakeKey=true isKeyGestureTriggered=false
07-20 15:31:47.679  2124  2124 D vendor.oplus.hardware.stability.oplus_project-V1-service: write 27 bytes
07-20 15:31:47.679  2124  2124 D vendor.oplus.hardware.stability.oplus_project-V1-service: write_theia_proc path:/proc/theiaPwkReport ,theia_date:POWERKEY_wakeUpFromPowerKey
07-20 15:31:47.679  3535  4683 D OplusFeatureAOD: notifySfUnBlockScreenOn
07-20 15:31:47.679  2237  2444 I DispPerfService: NOTIFY_UNBLOCKSCREEN
07-20 15:31:47.679  3535  4683 D OplusPowerManagerHelper: scheduleNotifyStopDream
07-20 15:31:47.679  2124  2124 D vendor.oplus.hardware.stability.oplus_project-V1-service: write 29 bytes
07-20 15:31:47.679  2124  2124 D vendor.oplus.hardware.stability.oplus_project-V1-service: write_theia_proc path:/proc/theiaPwkReport ,theia_date:CANCELED_wakePowerGroupLocked
07-20 15:31:47.679  3535  3792 D OplusPowerManagerHelper: handleMessage:102
07-20 15:31:47.679  3535  3792 D OplusPowerManagerHelper: MSG_STOP_DEAM
07-20 15:31:47.679  2124  2124 D vendor.oplus.hardware.stability.oplus_project-V1-service: write 15 bytes
07-20 15:31:47.679  2124  2124 D vendor.oplus.hardware.stability.oplus_project-V1-service: write_theia_proc path:/proc/theiaPwkReport ,theia_date:CANCELED_forAod
07-20 15:31:47.706  2375  2375 I adbd    : adbd service requested 'shell,v2,TERM=dumb:export ANDROID_LOG_TAGS=''; exec logcat '-d' '-t' '80000''
07-20 15:31:47.709  5826 14138 D CardWidget_SEEDLING_SUPPORT_SDK(3000008): (PowerSaveNotify) sendSeedling, instanceId´╝Ü1784536307709
07-20 15:31:47.709  5826 14138 D CardWidget_SEEDLING_SUPPORT_SDK(3000008): (PowerSaveNotify) isSupportNewMessenger true, lastCacheTime=1784536306702
07-20 15:31:47.709  5826 14138 D CardWidget_SEEDLING_SUPPORT_SDK(3000008): (PowerSaveNotify) createCallBackAndRegisterListener with Messenger
07-20 15:31:47.709  5826 14138 D CardWidget_SEEDLING_SUPPORT_SDK(3000008): (PowerSaveNotify) isUserUnlocked true, lastCacheTime=1784536306703
07-20 15:31:47.709  5826 14138 D CardWidget_SEEDLING_SUPPORT_SDK(3000008): (PowerSaveNotify) getBooleanMetaValue, key = abnormalModeSupport, value = true
07-20 15:31:47.709  5826 14138 D CardWidget_SEEDLING_SUPPORT_SDK(3000008): (PowerSaveNotify) isSupport, isSystemSendIntentSupport = true,lastCacheTime=1784536306703
07-20 15:31:47.709  5826 19350 I UTrace.Sdk: startHead, spanName: 920000, spanType: CodeSpans [7f0000011784536307709136605826|null|p_5826_7769e57@41|com.oplus.battery] [Battery|com.oplus.battery|1.5.4-0da32eb]
07-20 15:31:47.709  5826 14138 D CardWidget_SEEDLING_SUPPORT_SDK(3000008): (PowerSaveNotify) isSupportSystemSendIntent(internal), support = true
07-20 15:31:47.710  5826 14138 D CardWidget_SEEDLING_SUPPORT_SDK(3000008): (PowerSaveNotify) seedlingIntent to UMS start: [{"timestamp":1784536307709,"action":"pantanal.intent.business.app.system.POWER_SAVE","flag":2,"instance_id":1784536307709,"serviceInstanceId":"","isSupportMultiInstance":false,"card_options":{"pageId":"pages\/ps","isMilestone":true,"requestShowPanel":true,"requestHideStatusBar":false,"importance":4,"lockScreenShowHostMap":{"8":false},"panelActionConfigMap":{"101":2},"remind_type":12,"should_focus":false,"focus_timestamp":1784536307709},"intent_trace_context":"{\"traceID\":\"7f0000011784536307709136505826\",\"current\":\"{\\\"spanID\\\":\\\"p_5826_7769e57\\\",\\\"sequence\\\":44}\",\"parent\":\"{\\\"spanID\\\":\\\"p_5826_7769e57\\\",\\\"sequence\\\":43}\",\"spanType\":2,\"valid\":1}"}]
07-20 15:31:47.711  2914  2931 I UMS.IntentProvider: panta-sugg(16056002-full-export-release): start call method:start_intents, callingPackage=com.oplus.b***y
07-20 15:31:47.711  2914  2931 W UMS.CommonUtils: Failed to get meta data for health.fluid.export in com.heytap.health.international
07-20 15:31:47.711  2914  2931 I UMS.CommonUtils: health.fluid.export :-1 ,metaValue=-1 Type=int
07-20 15:31:47.711  2914  2931 I UMS.IntentProviderManager: panta-sugg(16056002-full-export-release): checkPackageIsLegal,pkgName:com.oplus.battery,pkgNotExistsInWhiteList:true,pkgNotExistsInStaticManagerLocal:false
07-20 15:31:47.711  2914  2931 I UMS.IntentProviderManager: panta-sugg(16056002-full-export-release): getValidIntent, jsonArray:[{"timestamp":1784536307709,"action":"pantanal.intent.business.app.system.POWER_SAVE","flag":2,"instance_id":1784536307709,"serviceInstanceId":"","isSupportMultiInstance":false,"card_options":{"pageId":"pages\/ps","isMilestone":true,"requestShowPanel":true,"requestHideStatusBar":false,"importance":4,"lockScreenShowHostMap":{"8":false},"panelActionConfigMap":{"101":2},"remind_type":12,"should_focus":false,"focus_timestamp":1784536307709},"intent_trace_context":"{\"traceID\":\"7f0000011784536307709136505826\",\"current\":\"{\\\"spanID\\\":\\\"p_5826_7769e57\\\",\\\"sequence\\\":44}\",\"parent\":\"{\\\"spanID\\\":\\\"p_5826_7769e57\\\",\\\"sequence\\\":43}\",\"spanType\":2,\"valid\":1}"}]
07-20 15:31:47.711  2914  2931 I UMS.IntentProviderManager: panta-sugg(16056002-full-export-release): getValidIntent, intentKey:pantanal.intent.business.app.system.POWER_SAVE, timestamp:1784536307709
07-20 15:31:47.711  2914  3001 I UMS.IntentProviderManager: panta-sugg(16056002-full-export-release): asyncSendIntent start.
07-20 15:31:47.712  2914  3001 I SG::StaticAndDecisionSdk: sendIntents...
07-20 15:31:47.712  2914 12058 I SG::IntentProviderHelper: intent intentValue=[{"timestamp":1784536307709,"action":"pantanal.intent.business.app.system.POWER_SAVE","flag":2,"instance_id":1784536307709,"serviceInstanceId":"","isSupportMultiInstance":false,"card_options":{"pageId":"pages\/ps","isMilestone":true,"requestShowPanel":true,"requestHideStatusBar":false,"importance":4,"lockScreenShowHostMap":{"8":false},"panelActionConfigMap":{"101":2},"remind_type":12,"should_focus":false,"focus_timestamp":1784536307709},"intent_trace_context":"{\"traceID\":\"7f0000011784536307709136505826\",\"current\":\"{\\\"spanID\\\":\\\"p_5826_7769e57\\\",\\\"sequence\\\":44}\",\"parent\":\"{\\\"spanID\\\":\\\"p_5826_7769e57\\\",\\\"sequence\\\":43}\",\"spanType\":2,\"valid\":1}"}]
07-20 15:31:47.712  2914 12058 I SG::IntentProviderHelper: [saveCacheIntent] Save seedlingIntent to sharedPreferences, the item is : pantanal.intent.business.app.system.POWER_SAVE
07-20 15:31:47.712  2914 12058 I SG::IntentProviderHelper: [filterCacheIntent] filter intent pantanal.intent.business.app.system.POWER_SAVE
07-20 15:31:47.712  2914 12058 I SG::IntentProviderHelper: [saveCacheIntent] save data
07-20 15:31:47.712  2914 12058 E SG::IntentProviderHelper: getPendingIntentFromIntentData succeed: null
07-20 15:31:47.712  2914 12058 I SG::IntentProviderHelper: pendingIntent is null
07-20 15:31:47.712  2914 12058 I SG::IntentProviderHelper: [sendIntents] send seedlingIntents from sendIntents function.
07-20 15:31:47.712  2914 12058 I SG::IntentProviderHelper: start system decision.
07-20 15:31:47.712  2914 12058 I SG::DecisionStoreHelper: systemDecision, get mapping, services: [pantanal.intent.business.app.system.POWER_SAVE]
07-20 15:31:47.712  2914 12058 I SG::DecisionStoreHelper: findServiceInDecision actions[pantanal.intent.business.app.system.POWER_SAVE] 
07-20 15:31:47.713  2914 12058 I SG::DecisionStoreHelper: findServiceInDecision intents[SeedlingIntent(timestamp=1784536307709, action=pantanal.intent.business.app.system.POWER_SAVE, flag=2, data=null, options={"initData":{"expandedImg":"assets\/images\/expanded\/battery_level_.png","compactImg":"assets\/images\/compact\/battery_level_.png","level":63,"levelPercent":"63%","title":"$t('strings.low_status')","subtitle":"$t('strings.ps_suggest')","show":true,"progcolor":"#DB382C"}}, seedlingCardOptions={"pageId":"pages\/ps","isMilestone":true,"requestShowPanel":true,"requestHideStatusBar":false,"importance":4,"lockScreenShowHostMap":{"8":false},"panelActionConfigMap":{"101":2},"remind_type":12,"should_focus":false,"focus_timestamp":1784536307709}, instanceId=1784536307709, serviceInstanceId=, isSupportMultiInstance=false)] seedlingCacheInfoMap={}
07-20 15:31:47.713  2914 12058 I SG::DecisionStoreHelper: systemDecision, systemResultInfo: [] flag = 2, notFindIntentList = [pantanal.intent.business.app.system.POWER_SAVE] flag = 1
07-20 15:31:47.713  2914 12058 I SG::SeedlingDiscover: findSystemSeedling, start find seedling for: [pantanal.intent.business.app.system.POWER_SAVE]
07-20 15:31:47.713  2914 12058 I SG::SeedlingDiscover: findServiceByActionsOnFull actionsSet size:1, actionsSet´╝Ü[pantanal.intent.business.app.system.POWER_SAVE]
07-20 15:31:47.713  2914 12058 I SG::SeedlingDiscover: findSystemSeedling, local repo found: [pantanal.intent.business.app.system.POWER_SAVE], mix data result size: 1, useUPKStrategy: 1
07-20 15:31:47.713  2914 12058 I SG::ContextState: skip filter,isSystem:true
07-20 15:31:47.713  2914 12058 I SG::SeedlingDiscover: findSystemSeedling, final results --> [SeedlingCacheInfo(serviceId=268451902, versionCode=2000001, url=com.oplus.battery, name=BatterySeedling, subDomain=common, action=pantanal.intent.business.app.system.POWER_SAVE, supportEntry=28, supportSize=7,8,9, type=100, platformVersion=3000000, hostName=com.oplus.battery, hostComponentName=com.oplus.powermanager.powersave.PowerSaveSeedlingCardProvider, minHostVersion=1, cardIds=-1, singleAction=pantanal.intent.business.app.system.POWER_SAVE, seedlingType=immediate, useTemplate=, remindControl=1, brandName=null, brandCode=null)]
07-20 15:31:47.713  2914 12058 I SG::DecisionStoreHelper: systemDecision, intent: [pantanal.intent.business.app.system.POWER_SAVE]
07-20 15:31:47.713  2914 12058 I SG::DecisionStoreHelper: systemDecision, startIntent is empty.
07-20 15:31:47.713  2914 12058 I SG::DecisionStoreHelper: systemDecision, start delete system decision.
07-20 15:31:47.713  2914 12058 I SG::DecisionStoreHelper: deleteSystemStoreItems, serviceIds: [268451902]
07-20 15:31:47.713  2914 12058 I SG::DecisionStoreHelper: [deleteEndService] start
07-20 15:31:47.715  2914 12058 I SG::DecisionStoreHelper: [deleteEndService] end
07-20 15:31:47.715  2914 12058 I SG::DecisionStoreHelper: deleteStoreItem, deleteNum: 0
07-20 15:31:47.715  2914 12058 I SG::DecisionStoreHelper: deleteExpiredItems, deleteNum: 0
07-20 15:31:47.715  2914 12058 I SG::DecisionStoreHelper: deleteSystemStoreItems : no bootTime condition meet
07-20 15:31:47.715  2914 12058 I SG::DecisionStoreHelper: deleteStoreItem, no changed
07-20 15:31:47.715  2914 12058 I SG::IntentProviderHelper: [removeCacheIntent] Remove intent cache from SharedPreferences, the list is : [pantanal.intent.business.app.system.POWER_SAVE]
07-20 15:31:47.715  2914 12058 I SG::IntentProviderHelper: [removeCacheIntent] remove end...
07-20 15:31:47.716  2914 12058 I SG::IntentProviderHelper: storeResult is 2, seedlingIntents size:1
07-20 15:31:47.716  2914 12058 I SG::IntentProviderHelper: pendingIntent´╝Ünull, storeResult:2´╝îaction´╝Üpantanal.intent.business.app.system.POWER_SAVE,timestamp:1784536307709
07-20 15:31:47.716  2375  2375 I adbd    : adbd service requested 'shell,v2,TERM=dumb,raw:am start -W -n rd.sheepskin.sandboxmusic/.MainActivity'
07-20 15:31:47.716  5826  5826 D CardWidget_SEEDLING_SUPPORT_SDK(3000008): (main) createResultCallBackMessenger,call back to user.action=pantanal.intent.business.app.system.POWER_SAVE,flag=2
07-20 15:31:47.717  5826  5826 D CardWidget_SEEDLING_SUPPORT_SDK(3000008): (main) callBackToUser: resultCode = 2,key = pantanal.intent.business.app.system.POWER_SAVE_1784536307709,callBackMap = {pantanal.intent.business.app.system.POWER_SAVE_1784536307709=w7.o$a@1f84efd}
07-20 15:31:47.717  5826  5826 I Channel.Client[1000032].battery.SEEDLING_SUPPORT_SDK(3000008): createCallBack,action = pantanal.intent.business.app.system.POWER_SAVE,flag=2,resultCode=2

