07-20 22:53:17.321 22607 22607 I SystemUi--Media: OplusMediaDataFilterExImpl-->MEDIA_PANEL-->dispatchMediaDataOnLoaded key:0|rd.sheepskin.sandboxmusic|88001|null|10448 oldKey:0|rd.sheepskin.sandboxmusic|88001|null|10448 data:MediaDataExt{userId=0, initialized=true, app=Sandbox Music, artist=2***, song=R***, artwork=Icon(typ=BITMAP size=216x216), packageName=rd.sheepskin.sandboxmusic, token=android.media.session.MediaSession$Token@cd81dc7,  active=true, playbackLocation=0, resumption=false, notificationKey=0|rd.sheepskin.sandboxmusic|88001|null|10448, isPlaying=true, mediaCustNotification=false, }
07-20 22:53:17.321 22607 22607 I SystemUi--Media: OplusMediaSeedlingController-->MEDIA_SEEDLING-->warning: onMediaDataLoaded: old mediaClient is not null! key=0|rd.sheepskin.sandboxmusic|88001|null|10448
07-20 22:53:17.321 22607 22607 I SystemUi--Media: AbsMediaClient-->MEDIA_SEEDLING-->onMediaDataLoaded: data=MediaDataExt{userId=0, initialized=true, app=Sandbox Music, artist=2***, song=R***, artwork=Icon(typ=BITMAP size=216x216), packageName=rd.sheepskin.sandboxmusic, token=android.media.session.MediaSession$Token@cd81dc7,  active=true, playbackLocation=0, resumption=false, notificationKey=0|rd.sheepskin.sandboxmusic|88001|null|10448, isPlaying=true, mediaCustNotification=false, } isDestroyed=false
07-20 22:53:17.321 22607 22607 I SystemUi--Media: AbsMediaClient-->MEDIA_SEEDLING-->dispatchMediaDataLoaded needUpdate=0 reason=onMediaDataLoaded isDestroyed=false
07-20 22:53:17.321 22607 22607 I SystemUi--Media: MediaDataCombineLatest-->MEDIA_SEEDLING-->onMediaDataLoaded mediaData = rd.sheepskin.sandboxmusic,0|rd.sheepskin.sandboxmusic|88001|null|10448,0,null,null,null,0,3,0,173791482,1.0,false,1784562781619,true,173791485,true,MediaButton(playId=0|rd.sheepskin.sandboxmusic|88001|null|10448, playOrPause=MediaAction(buttonName=playOrPause, iconMap={Default=(./assets/images/pauseDark.svg, null), SecondHome=(./assets/images/pauseDark.svg, null)}, animRes=null, voiceLabel=P***, isStandardAction=true, icon=Icon(typ=BITMAP size=162x162)), nextOrCustom=MediaAction(buttonName=nextOrCustom, iconMap={Default=(./assets/images/nextDark.svg, null), SecondHome=(./assets/images/nextDark.svg, null)}, animRes=./assets/images/next_anim.json, voiceLabel=N***, isStandardAction=true, icon=Icon(typ=BITMAP size=162x162)), prevOrCustom=MediaAction(buttonName=prevOrCustom, iconMap={Default=(./assets/images/previousDark.svg, null), SecondHome=(./assets/images/previousDark.svg, null)}, animRes=./assets/images/previous_anim.json, voiceLabel=P***, isStandardAction=true, icon=Icon(typ=BITMAP size=162x162)), custom0=null, custom1=MediaAction(buttonName=custom1, iconMap={}, animRes=null, voiceLabel=S***, isStandardAction=false, icon=Icon(typ=BITMAP size=162x162))),0
07-20 22:53:17.321 22607 22607 I SystemUi--Media: MediaSeedling-->MEDIA_SEEDLING-->postMediaDataUpdate needUpdate: 0 reason:onMediaDataLoaded
07-20 22:53:17.321 22607 22607 I SystemUi--Media: AbsMediaClient-->MEDIA_SEEDLING-->oldArtwork == newArtwork, dont update
07-20 22:53:17.321 22607 22607 I SystemUi--Media: OplusQsMediaPanelViewController-->MEDIA_PANEL-->onMediaDataLoaded: MediaDataExt{userId=0, initialized=true, app=Sandbox Music, artist=2***, song=R***, artwork=Icon(typ=BITMAP size=216x216), packageName=rd.sheepskin.sandboxmusic, token=android.media.session.MediaSession$Token@cd81dc7,  active=true, playbackLocation=0, resumption=false, notificationKey=0|rd.sheepskin.sandboxmusic|88001|null|10448, isPlaying=true, mediaCustNotification=false, }, controller: com.oplus.systemui.qs.media.OplusQsMediaPanelViewController$mediaDataUpdateListener$1@a0b8b9b
07-20 22:53:17.321 22607 22607 I SystemUi--Media: AodMediaDataListener-->AOD_MEDIA_PANEL-->onMediaDataLoaded aod media not support for rd.sheepskin.sandboxmusic
07-20 22:53:17.321 22607 22607 I SystemUi--Media: MediaSeedling-->MEDIA_SEEDLING-->handleMediaDataUpdate allowCreateCard: false
07-20 22:53:17.321 22607 22607 I SystemUi--Media: MediaSeedling-->MEDIA_SEEDLING-->postSeedlingsUpdate delay: 1000 needUpdate: 0 reason:handleMessage UpdateInterval
07-20 22:53:17.322 22607 22702 I SystemUi--Media: AbsMediaClient-->MEDIA_SEEDLING-->updateMediaDataByPlaybackState newState=3,newPosition=0, rd.sheepskin.sandboxmusic
07-20 22:53:17.322 22607 22702 I SystemUi--Media: MediaActionBinder-->MEDIA_SEEDLING-->createOplusMediaActions: mediaActionPriority=PreferSemanticActions
07-20 22:53:17.322 22607 22607 I SystemUi--Media: AbsMediaClient-->MEDIA_SEEDLING-->dispatchMediaDataLoaded needUpdate=0 reason=bgHandler onMediaDataLoaded isDestroyed=false
07-20 22:53:17.322 22607 22607 I SystemUi--Media: MediaDataCombineLatest-->MEDIA_SEEDLING-->onMediaDataLoaded mediaData = rd.sheepskin.sandboxmusic,0|rd.sheepskin.sandboxmusic|88001|null|10448,0,null,null,null,0,3,0,173791583,1.0,false,1784562781619,true,173791583,true,MediaButton(playId=0|rd.sheepskin.sandboxmusic|88001|null|10448, playOrPause=MediaAction(buttonName=playOrPause, iconMap={Default=(./assets/images/pauseDark.svg, null), SecondHome=(./assets/images/pauseDark.svg, null)}, animRes=null, voiceLabel=P***, isStandardAction=true, icon=Icon(typ=BITMAP size=162x162)), nextOrCustom=MediaAction(buttonName=nextOrCustom, iconMap={Default=(./assets/images/nextDark.svg, null), SecondHome=(./assets/images/nextDark.svg, null)}, animRes=./assets/images/next_anim.json, voiceLabel=N***, isStandardAction=true, icon=Icon(typ=BITMAP size=162x162)), prevOrCustom=MediaAction(buttonName=prevOrCustom, iconMap={Default=(./assets/images/previousDark.svg, null), SecondHome=(./assets/images/previousDark.svg, null)}, animRes=./assets/images/previous_anim.json, voiceLabel=P***, isStandardAction=true, icon=Icon(typ=BITMAP size=162x162)), custom0=null, custom1=MediaAction(buttonName=custom1, iconMap={}, animRes=null, voiceLabel=S***, isStandardAction=false, icon=Icon(typ=BITMAP size=162x162))),0
07-20 22:53:17.322 22607 22702 I SystemUi--Media: MediaLiveAlertController-->MEDIA_SEEDLING-->sendDataToPlugin, method=sendLiveAlert, notification.key=0|com.android.systemui|268452006|1784562631987|0
07-20 22:53:17.322 22607 22607 I SystemUi--Media: MediaSeedling-->MEDIA_SEEDLING-->postMediaDataUpdate needUpdate: 0 reason:onMediaDataLoaded
07-20 22:53:17.322 22607 22607 I SystemUi--Media: MediaSeedling-->MEDIA_SEEDLING-->handleMediaDataUpdate allowCreateCard: false
07-20 22:53:17.322 22607 22702 I PluginSeedling--Base: SeedlingCardServerProvider-->seedling provider called com.oplus.card.server.systemui.provider w/ sendLiveAlert 10208 22607 0
07-20 22:53:17.322 22607 22607 I SystemUi--Media: MediaSeedling-->MEDIA_SEEDLING-->postSeedlingsUpdate delay: 1000 needUpdate: 0 reason:handleMessage UpdateInterval
07-20 22:53:17.322 22607 22702 I PluginSeedling--Base: DefaultLiveAlertProvider-->default provider currentUserId=0 sbn: StatusBarNotification(pkg=com.android.systemui user=UserHandle{0} id=268452006 tag=1784562631987 key=0|com.android.systemui|268452006|1784562631987|0: Notification(channel=268452006 shortcut=null contentView=null vibrate=null sound=null defaults=0 flags=0 color=0x00000000 category=transport vis=PRIVATE))
07-20 22:53:17.323 22607 22702 I SystemUi--Media: MediaLiveAlertController-->MEDIA_SEEDLING-->sendDataToPlugin, method=sendLiveAlert, notification.key=0|com.android.systemui|268452006|1784562631987|0
07-20 22:53:17.323 22607 22702 I PluginSeedling--Base: SeedlingCardServerProvider-->seedling provider called com.oplus.card.server.systemui.provider w/ sendLiveAlert 10208 22607 0
07-20 22:53:17.323 22607 22702 I PluginSeedling--Base: DefaultLiveAlertProvider-->default provider currentUserId=0 sbn: StatusBarNotification(pkg=com.android.systemui user=UserHandle{0} id=268452006 tag=1784562631987 key=0|com.android.systemui|268452006|1784562631987|0: Notification(channel=268452006 shortcut=null contentView=null vibrate=null sound=null defaults=0 flags=0 color=0x00000000 category=transport vis=PRIVATE))
07-20 22:53:17.324 22607 22607 I PluginSeedling--Origin: LiveAlertInteractorImpl-->EntryDataListener,onDataPosted originData:[t3.d@2a586ba3] data:[t3.d@2a586ba3]
07-20 22:53:17.324 22607 22607 I PluginSeedling--Origin: LiveAlertInteractorImpl-->notifyEntryDataChanged ENTRY_NOTIFICATION, result:LiveAlertModel: [key: 0|com.android.systemui|268452006|1784562631987|0, entranceType: ENTRY_NOTIFICATION, score: 6.15, groupPriority: 2 type: LIVE, isSystemService: true, shouldShow: true, lockscreenShouldShow: true, sourceType: SOURCE_COMMON, remindLevel: 0, pkg: rd.sheepskin.sandboxmusic, hostPkgName=com.android.systemui front: true, forceRebuild: false, isForcedReminder: false, InstantDuration: 5000, requestPanel: null, capsuleTimeOut: 300000, serviceTitleName: , overrideTransition: false level: 2,
07-20 22:53:17.324 22607 22607 I PluginSeedling--Origin:  rusBaseData: RusBaseData(id='default_com.android.systemui_268452006', updateStateEnable=1, canDelete=1, remindAlways=0, longClick='', cardImportance=-1, clickCustomAction=0,timeOutDuration=5, timeOutDurationEnable=0,enableInSuperpower=0, autoPriority=0, customCapsuleDuration=300000,clickWhenAnim=1, panoramicAodEnable=1,notificationStyleList=,blackCallStyle=0, liveAlertScore=6.15,liveAlertLevel=2,enableQuitShrink=0, lockImmersiveEnable=1, lockImmersiveDefault=1,lockRemindAlways = 0, luSettings=[], liteAnim=14, serviceType=1), showSize: VIEW_SIZE_NONE, isPinFiltered: false serviceFrom: 0, liveAlertState: SeedlingState(0), wrapperSize: 3, duplicateChips: false, quitHideOrBubble:0, liveAlertService:, immersiveCardType:2, requestLockScreenImmersive:-1, ignoreEntry:-1, noe: false
07-20 22:53:17.324 22607 22607 I PluginSeedling--Notification: NotificationRepository-->onDataChanged, [LiveAlertModel: [key: 0|com.android.systemui|268452006|1784562631987|0, entranceType: ENTRY_NOTIFICATION, score: 6.15, groupPriority: 2 type: LIVE, isSystemService: true, shouldShow: true, lockscreenShouldShow: true, sourceType: SOURCE_COMMON, remindLevel: 0, pkg: rd.sheepskin.sandboxmusic, hostPkgName=com.android.systemui front: true, forceRebuild: false, isForcedReminder: false, InstantDuration: 5000, requestPanel: null, capsuleTimeOut: 300000, serviceTitleName: , overrideTransition: false level: 2,
07-20 22:53:17.324 22607 22607 I PluginSeedling--Notification:  rusBaseData: RusBaseData(id='default_com.android.systemui_268452006', updateStateEnable=1, canDelete=1, remindAlways=0, longClick='', cardImportance=-1, clickCustomAction=0,timeOutDuration=5, timeOutDurationEnable=0,enableInSuperpower=0, autoPriority=0, customCapsuleDuration=300000,clickWhenAnim=1, panoramicAodEnable=1,notificationStyleList=,blackCallStyle=0, liveAlertScore=6.15,liveAlertLevel=2,enableQuitShrink=0, lockImmersiveEnable=1, lockImmersiveDefault=1,lockRemindAlways = 0, luSettings=[], liteAnim=14, serviceType=1), showSize: VIEW_SIZE_NONE, isPinFiltered: false serviceFrom: 0, liveAlertState: SeedlingState(0), wrapperSize: 3, duplicateChips: false, quitHideOrBubble:0, liveAlertService:, immersiveCardType:2, requestLockScreenImmersive:-1, ignoreEntry:-1]
07-20 22:53:17.324 22607 22607 I PluginSeedling--Origin: LiveAlertInteractorImpl-->EntryDataListener,onDataPosted originData:[t3.d@2a586ba3] data:[t3.d@2a586ba3]
07-20 22:53:17.325 22607 22607 I PluginSeedling--Origin: LiveAlertInteractorImpl-->notifyEntryDataChanged ENTRY_STATUS_BAR, result:LiveAlertModel: [key: 0|com.android.systemui|268452006|1784562631987|0, entranceType: ENTRY_STATUS_BAR, score: 6.15, groupPriority: 2 type: LIVE, isSystemService: true, shouldShow: true, lockscreenShouldShow: false, sourceType: SOURCE_COMMON, remindLevel: 0, pkg: rd.sheepskin.sandboxmusic, hostPkgName=com.android.systemui front: true, forceRebuild: false, isForcedReminder: false, InstantDuration: 5000, requestPanel: null, capsuleTimeOut: 300000, serviceTitleName: , overrideTransition: false level: 2,
07-20 22:53:17.325 22607 22607 I PluginSeedling--Origin:  rusBaseData: RusBaseData(id='default_com.android.systemui_268452006', updateStateEnable=1, canDelete=1, remindAlways=0, longClick='', cardImportance=-1, clickCustomAction=0,timeOutDuration=5, timeOutDurationEnable=0,enableInSuperpower=0, autoPriority=0, customCapsuleDuration=300000,clickWhenAnim=1, panoramicAodEnable=1,notificationStyleList=,blackCallStyle=0, liveAlertScore=6.15,liveAlertLevel=2,enableQuitShrink=0, lockImmersiveEnable=1, lockImmersiveDefault=1,lockRemindAlways = 0, luSettings=[], liteAnim=14, serviceType=1), showSize: VIEW_SIZE_NONE, isPinFiltered: false serviceFrom: 0, liveAlertState: SeedlingState(0), wrapperSize: 2, duplicateChips: false, quitHideOrBubble:0, liveAlertService:, immersiveCardType:2, requestLockScreenImmersive:-1, ignoreEntry:-1, noe: false
07-20 22:53:17.325 22607 22607 I PluginSeedling--Origin: LiveAlertInteractorImpl-->EntryDataListener,onDataPosted originData:[t3.d@2a586ba3] data:[t3.d@2a586ba3]
07-20 22:53:17.325 22607 22607 I PluginSeedling--Origin: LiveAlertInteractorImpl-->notifyEntryDataChanged ENTRY_NOTIFICATION, result:LiveAlertModel: [key: 0|com.android.systemui|268452006|1784562631987|0, entranceType: ENTRY_NOTIFICATION, score: 6.15, groupPriority: 2 type: LIVE, isSystemService: true, shouldShow: true, lockscreenShouldShow: true, sourceType: SOURCE_COMMON, remindLevel: 0, pkg: rd.sheepskin.sandboxmusic, hostPkgName=com.android.systemui front: true, forceRebuild: false, isForcedReminder: false, InstantDuration: 5000, requestPanel: null, capsuleTimeOut: 300000, serviceTitleName: , overrideTransition: false level: 2,
07-20 22:53:17.325 22607 22607 I PluginSeedling--Origin:  rusBaseData: RusBaseData(id='default_com.android.systemui_268452006', updateStateEnable=1, canDelete=1, remindAlways=0, longClick='', cardImportance=-1, clickCustomAction=0,timeOutDuration=5, timeOutDurationEnable=0,enableInSuperpower=0, autoPriority=0, customCapsuleDuration=300000,clickWhenAnim=1, panoramicAodEnable=1,notificationStyleList=,blackCallStyle=0, liveAlertScore=6.15,liveAlertLevel=2,enableQuitShrink=0, lockImmersiveEnable=1, lockImmersiveDefault=1,lockRemindAlways = 0, luSettings=[], liteAnim=14, serviceType=1), showSize: VIEW_SIZE_NONE, isPinFiltered: false serviceFrom: 0, liveAlertState: SeedlingState(0), wrapperSize: 3, duplicateChips: false, quitHideOrBubble:0, liveAlertService:, immersiveCardType:2, requestLockScreenImmersive:-1, ignoreEntry:-1, noe: false
07-20 22:53:17.325 22607 22607 I PluginSeedling--Notification: NotificationRepository-->onDataChanged, [LiveAlertModel: [key: 0|com.android.systemui|268452006|1784562631987|0, entranceType: ENTRY_NOTIFICATION, score: 6.15, groupPriority: 2 type: LIVE, isSystemService: true, shouldShow: true, lockscreenShouldShow: true, sourceType: SOURCE_COMMON, remindLevel: 0, pkg: rd.sheepskin.sandboxmusic, hostPkgName=com.android.systemui front: true, forceRebuild: false, isForcedReminder: false, InstantDuration: 5000, requestPanel: null, capsuleTimeOut: 300000, serviceTitleName: , overrideTransition: false level: 2,
07-20 22:53:17.325 22607 22607 I PluginSeedling--Notification:  rusBaseData: RusBaseData(id='default_com.android.systemui_268452006', updateStateEnable=1, canDelete=1, remindAlways=0, longClick='', cardImportance=-1, clickCustomAction=0,timeOutDuration=5, timeOutDurationEnable=0,enableInSuperpower=0, autoPriority=0, customCapsuleDuration=300000,clickWhenAnim=1, panoramicAodEnable=1,notificationStyleList=,blackCallStyle=0, liveAlertScore=6.15,liveAlertLevel=2,enableQuitShrink=0, lockImmersiveEnable=1, lockImmersiveDefault=1,lockRemindAlways = 0, luSettings=[], liteAnim=14, serviceType=1), showSize: VIEW_SIZE_NONE, isPinFiltered: false serviceFrom: 0, liveAlertState: SeedlingState(0), wrapperSize: 3, duplicateChips: false, quitHideOrBubble:0, liveAlertService:, immersiveCardType:2, requestLockScreenImmersive:-1, ignoreEntry:-1]
07-20 22:53:17.325 22607 22607 I PluginSeedling--Origin: LiveAlertInteractorImpl-->EntryDataListener,onDataPosted originData:[t3.d@2a586ba3] data:[t3.d@2a586ba3]
07-20 22:53:17.326 22607 22607 I PluginSeedling--Origin: LiveAlertInteractorImpl-->notifyEntryDataChanged ENTRY_STATUS_BAR, result:LiveAlertModel: [key: 0|com.android.systemui|268452006|1784562631987|0, entranceType: ENTRY_STATUS_BAR, score: 6.15, groupPriority: 2 type: LIVE, isSystemService: true, shouldShow: true, lockscreenShouldShow: false, sourceType: SOURCE_COMMON, remindLevel: 0, pkg: rd.sheepskin.sandboxmusic, hostPkgName=com.android.systemui front: true, forceRebuild: false, isForcedReminder: false, InstantDuration: 5000, requestPanel: null, capsuleTimeOut: 300000, serviceTitleName: , overrideTransition: false level: 2,
07-20 22:53:17.326 22607 22607 I PluginSeedling--Origin:  rusBaseData: RusBaseData(id='default_com.android.systemui_268452006', updateStateEnable=1, canDelete=1, remindAlways=0, longClick='', cardImportance=-1, clickCustomAction=0,timeOutDuration=5, timeOutDurationEnable=0,enableInSuperpower=0, autoPriority=0, customCapsuleDuration=300000,clickWhenAnim=1, panoramicAodEnable=1,notificationStyleList=,blackCallStyle=0, liveAlertScore=6.15,liveAlertLevel=2,enableQuitShrink=0, lockImmersiveEnable=1, lockImmersiveDefault=1,lockRemindAlways = 0, luSettings=[], liteAnim=14, serviceType=1), showSize: VIEW_SIZE_NONE, isPinFiltered: false serviceFrom: 0, liveAlertState: SeedlingState(0), wrapperSize: 2, duplicateChips: false, quitHideOrBubble:0, liveAlertService:, immersiveCardType:2, requestLockScreenImmersive:-1, ignoreEntry:-1, noe: false
07-20 22:53:17.326 22607 22607 I PluginSeedling--Template: TransitionViewWrapper-->update, newPageState: NORMAL_STYLE, currentPage:NORMAL_STYLE
07-20 22:53:17.326 22607 22607 I PluginSeedling--Template: TransitionViewWrapper-->update, newPageState: MEDIA_PLAYER_STYLE, currentPage:MEDIA_PLAYER_STYLE
07-20 22:53:17.326 22607 22607 I PluginSeedling--Template: TransitionViewWrapper-->update, newPageState: MEDIA_PLAYER_STYLE, currentPage:MEDIA_PLAYER_STYLE
07-20 22:53:17.326 22607 22607 I PluginSeedling--Template: TransitionViewWrapper-->update, newPageState: NORMAL_STYLE, currentPage:NORMAL_STYLE
07-20 22:53:17.327 22607 22607 I PluginSeedling--Template: TransitionViewWrapper-->update, newPageState: MEDIA_PLAYER_STYLE, currentPage:MEDIA_PLAYER_STYLE
07-20 22:53:17.327 22607 22607 I PluginSeedling--Template: TransitionViewWrapper-->update, newPageState: NORMAL_STYLE, currentPage:NORMAL_STYLE
07-20 22:53:17.327 22607 22607 I PluginSeedling--Template: TransitionViewWrapper-->update, newPageState: MEDIA_PLAYER_STYLE, currentPage:MEDIA_PLAYER_STYLE
07-20 22:53:17.327 22607 22607 I PluginSeedling--Template: TransitionViewWrapper-->update, newPageState: MEDIA_PLAYER_STYLE, currentPage:MEDIA_PLAYER_STYLE
07-20 22:53:17.327 22607 22607 I PluginSeedling--Template: TransitionViewWrapper-->update, newPageState: NORMAL_STYLE, currentPage:NORMAL_STYLE
07-20 22:53:17.327 22607 22607 I PluginSeedling--Template: TransitionViewWrapper-->update, newPageState: MEDIA_PLAYER_STYLE, currentPage:MEDIA_PLAYER_STYLE
07-20 22:53:17.335 14764 22044 D BufferPoolAccessor2.0: bufferpool2 0xb400006c561cd628 : 6(49152 size) total buffers - 1(8192 size) used buffers - 626/632 (recycle/alloc) - 10/629 (fetch/transfer)
07-20 22:53:17.347  3248 22046 D BufferPoolAccessor2.0: bufferpool2 0xb4000070e8904028 : 5(20480 size) total buffers - 1(4096 size) used buffers - 617/622 (recycle/alloc) - 9/621 (fetch/transfer)
07-20 22:53:17.365  1981  2351 I SDM     : DisplayBase::CommitThread: Received idle timeout, panel: cmd, timeout: 70000 us
07-20 22:53:17.470 14764 22019 D PipelineWatcher: [0xb400006f0b973000] pipelineFull: too many frames in pipeline (6)
07-20 22:53:17.471 14764 22044 D PipelineWatcher: [0xb400006f0b973000] pipelineFull: too many frames in pipeline (6)
07-20 22:53:17.585 14764 22014 W OplusMediaMonitor: [0xb400006f0bba3000] c2.qti.avc.decoder [640*368] inputFps=25, outputFps=25 renderFps=0, discardFps=25
07-20 22:53:17.694  2091  2244 D BatteryChargeControl: bcc get no support from charging protocol
07-20 22:53:17.779  2199  3890 D AudioFlinger: fast trackId 1442 is playing mute data
07-20 22:53:17.784  1945 17164 I sensors-hal: handle_sns_std_sensor_event:104, oplus rgb_rear sample: (cct, lux, ir, x, y)[-15073, 0, 300000, 346, 188]
07-20 22:53:17.784  1945 17164 I sensors-hal: handle_sns_std_sensor_event:106, oplus rgb_rear sample: (r, g, b, c w)[3, 2, 3, 1, 3]
07-20 22:53:17.822 22607 22607 I SystemUi--Media: OplusQsBaseMediaPanelView-->MEDIA_PANEL-->bindMediaData reason=onMediaDataLoaded
07-20 22:53:17.822  7458 25033 W OPLUS_LOG_LOAD: ==LOGS PROG INFO, prog(com.oplus.camera) ==
07-20 22:53:17.822  7458 25033 I APS_ALOG: flushRoutine g_immediateFlush=0 g_pendingCount=0 g_oobCount=0
07-20 22:53:17.824 22607 22607 I SystemUi--Media: OplusQsBaseMediaPanelView-->MEDIA_PANEL-->mediaData.isPlaying= true, token = android.media.session.MediaSession$Token@cd81dc7, avoidRefresh = false, expectPlayState = 0, mediaData.packageName = rd.sheepskin.sandboxmusic, themeData.packageName = rd.sheepskin.sandboxmusic
07-20 22:53:17.824 22607 22607 I SystemUi--QuickSettings: OplusQsBaseMediaPanelView-->setBtnColor default
07-20 22:53:17.826  2375  2375 I adbd    : adbd service requested 'shell,v2,TERM=dumb:export ANDROID_LOG_TAGS=''; exec logcat '-d' '-t' '20000''
07-20 22:53:17.827 22607 22607 I SystemUi--Media: OplusQsBaseMediaPanelView-->MEDIA_PANEL-->loading animation stop
07-20 22:53:17.932  2375  2375 I adbd    : adbd service requested 'shell,v2,TERM=dumb,raw:am start -a android.intent.action.VIEW -d sandboxmusic://e2e/playback-scrub-stress?artist=21%20Savage&track=Nee%20Nah -n rd.sheepskin.sandboxmusic/.MainActivity -f 0x14000000'
07-20 22:53:17.934  2091  6948 D charge_time: type=sdp,reserve_soc=3,soc=40,ui_soc=42,current=28,avg=53,not_chg_cnt=28,stable_cnt=7,fcc=4672,fcc_ratio=91,delta=0,debug=0,region=21,ttf=88793(24:39:53),ui_ttf=55216(15:20:16)
07-20 22:53:17.979  3535  4675 I [UAH_CLIENT]: UahEventAcquire, cmdid:2, pkg:none, identity:com.android.server.wm
07-20 22:53:17.979  3535  8977 W ActivityTaskManager: callingPackage for (uid=2000, pid=22304) has no WPC
07-20 22:53:17.979  3535  8977 D WindowManager: NFW_setClientVisible:ActivityRecord{64806116 u0 rd.sheepskin.sandboxmusic/.MainActivity clientVisible:true
07-20 22:53:17.979  3535  8977 V GrammaticalInflectionUtils: AttributionSource: android.content.AttributionSource@587bfde0 does not have READ_SYSTEM_GRAMMATICAL_GENDER permission.
07-20 22:53:17.980  3535  8977 D ActivityTaskManager: The isLandscapeFullscreenEnabled is: rd.sheepskin.sandboxmusic/.MainActivity
07-20 22:53:17.980  3535  4433 D StartingSurfacePreviewController: checkSupportSurfacePreview, token=rd.sheepskin.sandboxmusic/.MainActivity, enableSurfacePreview=false, supportMultiLayout=false, unsupportedSkipViewAnimLv=null, disableSurfacePreviewAnimLv=null, ignoreFileExistAnimLv=null
07-20 22:53:17.980  3535  8977 D ActivityTaskManager: The isLandscapeFullscreenEnabled is: rd.sheepskin.sandboxmusic/.MainActivity
07-20 22:53:17.980  3535  8977 D ActivityTaskManager: The isLandscapeFullscreenEnabled is: rd.sheepskin.sandboxmusic/.MainActivity
07-20 22:53:17.980  3535  8977 D ActivityTaskManager: The isLandscapeFullscreenEnabled is: rd.sheepskin.sandboxmusic/.MainActivity
07-20 22:53:17.980  3535  8977 D ActivityTaskManager: The isLandscapeFullscreenEnabled is: rd.sheepskin.sandboxmusic/.MainActivity
07-20 22:53:17.980  3535  8977 D FlexibleTaskController: isSupportFlexibleWindow target = rd.sheepskin.sandboxmusic/.MainActivity callPkg = FlexibleTaskController support = true ,caller = 3535
07-20 22:53:17.980  3535  8977 I AppSnapshotController: init, sysSupport = true, mActivitySupport = false, activityRecord = ActivityRecord{64806116 u0 rd.sheepskin.sandboxmusic/.MainActivity t-1}
07-20 22:53:17.981  3535  3625 E QosSceneRecognizer[ActivityStartScene]: notifyActivityStart get launchedFromUid failed through AppManager! launchedFromPackage: com.android.shell, pkg: rd.sheepskin.sandboxmusic
07-20 22:53:17.981  3535  8977 D FlexibleWindowManagerService: isIgnoreAppearedAcrossTask:false
07-20 22:53:17.982  3535  8977 D ActivityStarterExtImpl: setForceUpdateWindow, targetTask = Task{c867688 #3627 type=standard A=10448:rd.sheepskin.sandboxmusic} r = ActivityRecord{64806116 u0 rd.sheepskin.sandboxmusic/.MainActivity t-1} notFinish =false
07-20 22:53:17.982  3535  8977 D FlexibleWindowManagerService: isIgnoreAppearedAcrossTask:false
07-20 22:53:17.982  3535  8977 D FlexibleTaskController: adjustOptionsForFlexibleTask skip adjust options reason:7
07-20 22:53:17.982  3535  8977 I TaskFragmentExtImpl: reset pause in recents anim for mTaskFragment: Task{c867688 #3627 type=standard A=10448:rd.sheepskin.sandboxmusic}
07-20 22:53:17.982  3535  8977 D FlexibleTaskController: isSupportFlexibleWindow target = rd.sheepskin.sandboxmusic/.MainActivity callPkg = FlexibleTaskController support = true ,caller = 3535
07-20 22:53:17.982  3535  8977 D FlexibleTaskController: shouldKeepFlexibleTask flexibleTask not active.
07-20 22:53:17.982  3535  8977 D ActivityStarterExtImpl: isLaunchingRootActivity = true
07-20 22:53:17.983  3535  8977 D OplusDexSceneManager:  High temp 411 with highTemperatureThreshold 380 pkg:rd.sheepskin.sandboxmusic reason: extra-second-dex
07-20 22:53:17.983  3535  8977 D RefreshRate: don't do app switch boost,mPickRefreshRateData is:com.android.server.wm.OplusRefreshRatePolicyImpl$PickRefreshRateData@2c6ba63 mLastPickedWin is:null
07-20 22:53:17.983 22607 22607 D CommandQueueLogger: appTransitionPending displayId=0 forced=false
07-20 22:53:17.983  3535  8977 D ActivityTaskManager: setAppVisibility(Token{28e1821 ActivityRecord{243874426 u0 rd.sheepskin.sandboxmusic/.MainActivity t3627}}, visible=true):  visible=false mVisibleRequested=false
07-20 22:53:17.984  3535  8977 D WindowManager: NFW_setClientVisible:ActivityRecord{243874426 u0 rd.sheepskin.sandboxmusic/.MainActivity t3627} clientVisible:true
07-20 22:53:17.984  3535  8977 D ActivityTaskManager: setVisibility(Token{28e1821 ActivityRecord{243874426 u0 rd.sheepskin.sandboxmusic/.MainActivity t3627}}, visible=true) defer commitVisibility for transition collecting
07-20 22:53:17.984 14764 19382 D VRI[MainActivity]: dispatchAppVisibility visible:true mUpcomingWindowFocus:false
07-20 22:53:17.984  3535  8977 D ActivityTaskManager: NFW_setLastResumedActivityUncheckLocked:false r:ActivityRecord{243874426 u0 rd.sheepskin.sandboxmusic/.MainActivity t3627} currentFocus:Window{8e7b86e u0 NotificationShade}
07-20 22:53:17.985  3535  8977 I OplusAppSwitchManagerService: rd.sheepskin.sandboxmusic notifyGcSupression , firstStart = false
07-20 22:53:17.985  3535 12108 D OplusAppSwitchRuleInfo: generateActivityEnterInfo - launch_source_type =  , launch_source_traceid = 
07-20 22:53:17.985  3535 12108 D OplusAppSwitchRuleInfo: generateActivityEnterInfo - launch_source_type =  , launch_source_traceid = 
07-20 22:53:17.985  3535  8977 D ActivityTaskManager: setAppVisibility(Token{28e1821 ActivityRecord{243874426 u0 rd.sheepskin.sandboxmusic/.MainActivity t3627}}, visible=false):  visible=false mVisibleRequested=true
07-20 22:53:17.986  3535  8977 D ActivityTaskManager: setVisibility(Token{28e1821 ActivityRecord{243874426 u0 rd.sheepskin.sandboxmusic/.MainActivity t3627}}, visible=false) defer commitVisibility for transition collecting
07-20 22:53:17.986  3535  8977 D FlexibleTaskController: isFullToFlexibleAnimating: false
07-20 22:53:17.986  3535  8977 D WindowManager: rotation(ROTATION_0) no changed  displayId = 0, lastOrientation = 5
07-20 22:53:17.986  3535  8977 D ActivityTaskManager: The isLandscapeFullscreenEnabled is: rd.sheepskin.sandboxmusic/.MainActivity
07-20 22:53:17.986  3535  8977 D ActivityTaskManager: The isLandscapeFullscreenEnabled is: rd.sheepskin.sandboxmusic/.MainActivity
07-20 22:53:17.986  3535  8977 D ActivityTaskManager: The isLandscapeFullscreenEnabled is: rd.sheepskin.sandboxmusic/.MainActivity
07-20 22:53:17.986  3535  8977 D ActivityTaskManager: The isLandscapeFullscreenEnabled is: rd.sheepskin.sandboxmusic/.MainActivity
07-20 22:53:17.986  3535  8977 D ActivityTaskManager: The isLandscapeFullscreenEnabled is: rd.sheepskin.sandboxmusic/.MainActivity
07-20 22:53:17.986  3535  8977 D ActivityTaskManager: The isLandscapeFullscreenEnabled is: rd.sheepskin.sandboxmusic/.MainActivity
07-20 22:53:17.986  3535  8977 I TaskOrganizerController: onTaskInfoChanged taskid 3627 config { mBounds=Rect(0, 0 - 1440, 3168) mAppBounds=Rect(0, 0 - 1440, 3168) mMaxBounds=Rect(0, 0 - 1440, 3168) mDisplayRotation=ROTATION_0 mWindowingMode=fullscreen mActivityType=standard mAlwaysOnTop=undefined mRotation=ROTATION_0}
07-20 22:53:17.987  3535  8977 D OplusFlexibleDragToSplitAnimController: visibleFlexibleTaskInfos delete:3627
07-20 22:53:17.987  3535  8977 E FlexibleWindowManagerService: notifyTaskObserverToAttachController not need to notify!
07-20 22:53:17.987  3535  8977 I FlexibleWindowManagerService: onFlexibleWindowTaskInfoChanged, return for cur task not embedded
07-20 22:53:17.987 22607 22634 D ShellTaskOrganizerExt: visibleFlexibleTaskInfos delete:3627
07-20 22:53:17.987  3535  8977 E SchedAssist: binderSetThreadUxFlagByIoctl: ioctl failed, tid=-1 flag=1 ret=-1 errno=25 (Inappropriate ioctl for device)
07-20 22:53:17.987 22607 22634 D ShellTaskOrganizerExt: isOnCanvas size:0
07-20 22:53:17.987 22607 22634 D ShellTaskOrganizerExt: isOnThreeFlexibleCanvas size:0
07-20 22:53:17.987  3535  8977 E SchedAssist: binderSetThreadUxFlagByIoctl: ioctl failed, tid=-1 flag=0 ret=-1 errno=25 (Inappropriate ioctl for device)
07-20 22:53:17.987  3535  8977 D ActivityTaskManager: The isLandscapeFullscreenEnabled is: rd.sheepskin.sandboxmusic/.MainActivity
07-20 22:53:17.987  3535  8977 D ActivityTrigger: ActivityTrigger activityPauseTrigger 
07-20 22:53:17.987  3535  8977 E SchedAssist: binderSetThreadUxFlagByIoctl: ioctl failed, tid=-1 flag=1 ret=-1 errno=25 (Inappropriate ioctl for device)
07-20 22:53:17.988  3535  8977 E SchedAssist: binderSetThreadUxFlagByIoctl: ioctl failed, tid=-1 flag=0 ret=-1 errno=25 (Inappropriate ioctl for device)
07-20 22:53:17.988  3535  8977 D ActivityRecordExtImpl:  setIsWaitingForAppResume for ActivityRecord{243874426 u0 rd.sheepskin.sandboxmusic/.MainActivity t3627} isWaiting true
07-20 22:53:17.988  3535  8977 E Transition: Aborting Transition mSyncId=6861, caller=com.android.server.wm.OplusTransitionUtil.abortTransitionImmediately:109 com.android.server.wm.OplusTransitionController.abortTransitionImmediately:123 com.android.server.wm.ActivityStarterExtImpl.abortTransitionImmediately:1896 
07-20 22:53:17.988  3535  8375 D BackgroundInstallControlService: Package event received: 0
07-20 22:53:17.988  3535  8977 D OplusTransitionController: hookOnAbort, transition: TransitionRecord{52b4105 id=6861 track=0 type=OPEN flags=0x0 state=0 c=[
07-20 22:53:17.988  3535  8977 D OplusTransitionController:    ChangeInfo{18655a container=Display{#0 state=ON size=1440x3168 ROTATION_0} flags=0x0}
07-20 22:53:17.988  3535  8977 D OplusTransitionController:    ChangeInfo{6e0c38b container=ActivityRecord{64806116 u0 rd.sheepskin.sandboxmusic/.MainActivity t-1} flags=0x0}
07-20 22:53:17.988  3535  8977 D OplusTransitionController:    ChangeInfo{1c9cc68 container=DefaultTaskDisplayArea@124522564 flags=0x0}
07-20 22:53:17.988  3535  8977 D OplusTransitionController:    ChangeInfo{fa3e881 container=Task{c867688 #3627 type=standard A=10448:rd.sheepskin.sandboxmusic} flags=0x0}
07-20 22:53:17.988  3535  8977 D OplusTransitionController:    ChangeInfo{e677d26 container=ActivityRecord{243874426 u0 rd.sheepskin.sandboxmusic/.MainActivity t3627} flags=0x0}
07-20 22:53:17.988  3535  8977 D OplusTransitionController: ]
07-20 22:53:17.988  3535  8977 D OplusTransitionController: }
07-20 22:53:17.988  3535  8977 E OplusAppQuickStart_AppQuickStartController: not start from launcher transition:6861
07-20 22:53:17.988  3535  8977 D KEYLOG_PhoneWindowManager: setKeyguardOccludedLw occluded=false,false,false
07-20 22:53:17.988  3535  8977 D KEYLOG_PhoneWindowManager: setKeyguardOccludedLw occluded=false,false,false
07-20 22:53:17.988 22607 24520 D KeyguardService: setOccluded(false)
07-20 22:53:17.988 22607 24520 D KeyguardService: setOccluded: false, animate= false
07-20 22:53:17.988 22607 24520 D KeyguardViewMediator: setOccluded(false)
07-20 22:53:17.988 22607 24520 D KeyguardViewMediator: setOccluded false
07-20 22:53:17.989 22607 22607 D KeyguardViewMediator: handleSetOccluded(false)
07-20 22:53:17.989 22607 22607 D NotificationShadeWindowController: setIsAboutToOccluded:false, needApply:false
07-20 22:53:17.989 22607 22607 D KeyguardViewMediator: isOccluded=false,mPowerGestureIntercepted=false
07-20 22:53:17.989 22607 22607 I SystemUi--Keyguard: ChargingAnimationImpl-->onKeyguardOccludeChange occluded= false
07-20 22:53:17.989 22607 24520 D KeyguardService: setOccluded(false)
07-20 22:53:17.989 22607 24520 D KeyguardService: setOccluded: false, animate= false
07-20 22:53:17.989 22607 24520 D KeyguardViewMediator: setOccluded(false)
07-20 22:53:17.989 22607 22607 I SystemUi--Keyguard: KeyguardSliderLayout-->onKeyguardOccludeChange occluded= false
07-20 22:53:17.989 22607 24520 D KeyguardViewMediator: setOccluded false
07-20 22:53:17.989 22607 22607 D KeyguardViewMediator: KeyguardViewMediator queue processing message: SET_OCCLUDED
07-20 22:53:17.989 22607 22607 D KeyguardViewMediator: handleSetOccluded(false)
07-20 22:53:17.989 22607 22607 D NotificationShadeWindowController: setIsAboutToOccluded:false, needApply:false
07-20 22:53:17.989 22607 22607 D KeyguardViewMediator: isOccluded=false,mPowerGestureIntercepted=false
07-20 22:53:17.989 22607 22607 I SystemUi--Keyguard: ChargingAnimationImpl-->onKeyguardOccludeChange occluded= false
07-20 22:53:17.989 22607 22607 I SystemUi--Keyguard: KeyguardSliderLayout-->onKeyguardOccludeChange occluded= false
07-20 22:53:17.989 22607 22607 D KeyguardViewMediator: KeyguardViewMediator queue processing message: SET_OCCLUDED
07-20 22:53:17.989 22607 22607 D CommandQueueLogger: appTransitionCancelled displayId=0
07-20 22:53:17.989 22607 22607 D CommandQueueLogger: appTransitionCancelled displayId=0
07-20 22:53:17.989  3535  8977 E SchedAssist: binderSetThreadUxFlagByIoctl: ioctl failed, tid=-1 flag=1 ret=-1 errno=25 (Inappropriate ioctl for device)
07-20 22:53:17.989  3535  8977 E SchedAssist: binderSetThreadUxFlagByIoctl: ioctl failed, tid=-1 flag=0 ret=-1 errno=25 (Inappropriate ioctl for device)
07-20 22:53:17.990  3535  8977 I ActivityTaskManager: START u0 {act=android.intent.action.VIEW dat=sandboxmusic://e2e/... flg=0x10000000 xflg=0x4 cmp=rd.sheepskin.sandboxmusic/.MainActivity mCallingUid=2000} with LAUNCH_SINGLE_TASK from uid 2000 (BAL_ALLOW_PERMISSION (START_ACTIVITIES_FROM_BACKGROUND permission granted)) result code=3
07-20 22:53:17.990 14764 14764 V Capacitor/AppPlugin: Notifying listeners for event appUrlOpen
07-20 22:53:17.991 14764 14764 D VRI[MainActivity]: setWindowStopped stopped:false
07-20 22:53:17.991 14764 14764 D Capacitor: App restarted
07-20 22:53:17.991  3535  3613 D FlexibleTaskController: check task which not have enough child, isInSingleWhiteList:false isCloneTask:false
07-20 22:53:17.992 14764 14764 D Capacitor: App started
07-20 22:53:17.993 22607 22634 D WindowManagerShell: onActivityRestartAttempt: topActivity=ComponentInfo{rd.sheepskin.sandboxmusic/rd.sheepskin.sandboxmusic.MainActivity}, wasVisible=false
07-20 22:53:17.994 14764 14764 D WindowOnBackDispatcher:  predictive settings is disabled for ApplicationInfo{3f0853e rd.sheepskin.sandboxmusic}
07-20 22:53:17.994 14764 14764 W WindowOnBackDispatcher: OnBackInvokedCallback is not enabled for the application.
07-20 22:53:17.994 14764 14764 W WindowOnBackDispatcher: Set 'android:enableOnBackInvokedCallback="true"' in the application manifest.
07-20 22:53:17.994 14764 14764 D ActivityThread: ComponentInfo{rd.sheepskin.sandboxmusic/rd.sheepskin.sandboxmusic.MainActivity} checkFinished=false 2
07-20 22:53:17.994 14764 14764 D ResourcesManagerExtImpl: applyConfigurationToAppResourcesLocked app.getDisplayId() return callback.displayId:0
07-20 22:53:17.994 14764 14764 D Capacitor/AppPlugin: Firing change: true
07-20 22:53:17.994 14764 14764 V Capacitor/AppPlugin: Notifying listeners for event appStateChange
07-20 22:53:17.994 14764 14764 V Capacitor/AppPlugin: Notifying listeners for event resume
07-20 22:53:17.994 14764 14764 D Capacitor/AppPlugin: No listeners found for event resume
07-20 22:53:17.994 14764 14764 D Capacitor: App resumed
07-20 22:53:17.994  3535  8977 V AS.AudioService: uid 10448, callingApp = rd.sheepskin.sandboxmusic
07-20 22:53:17.995 14764 14764 I AudioManager: In setSpeakerphoneOn(), on: false, calling application: rd.sheepskin.sandboxmusic
07-20 22:53:17.995  3535  8977 W AS.AudioService: Audio Settings Permission Denial: setSpeakerphoneOn() from pid=14764, uid=10448
07-20 22:53:17.995 14764 14764 W BluetoothAdapterExtImpl: setSpeakerphoneOn register null!
07-20 22:53:17.999  3535  5890 D ActivityRecordExtImpl:  setIsWaitingForAppResume for ActivityRecord{243874426 u0 rd.sheepskin.sandboxmusic/.MainActivity t3627} isWaiting false
07-20 22:53:18.000 14764 14764 V Capacitor/AppPlugin: Notifying listeners for event pause
07-20 22:53:18.000 14764 14764 D Capacitor/AppPlugin: No listeners found for event pause
07-20 22:53:18.000 14764 14764 D Capacitor: App paused
07-20 22:53:18.000  3535  4812 D OplusDexSceneManager:  High temp 411 with highTemperatureThreshold 380 pkg:rd.sheepskin.sandboxmusic reason: extra-second-dex
07-20 22:53:18.001  3535  3613 E SchedAssist: binderSetThreadUxFlagByIoctl: ioctl failed, tid=-1 flag=1 ret=-1 errno=25 (Inappropriate ioctl for device)
07-20 22:53:18.001  3535  3613 E SchedAssist: binderSetThreadUxFlagByIoctl: ioctl failed, tid=-1 flag=0 ret=-1 errno=25 (Inappropriate ioctl for device)
07-20 22:53:18.001 14764 14764 I DynamicFramerate [AnimationInfoManager]: onWindowVisibilityChanged: viewRoot-android.view.ViewRootImpl@67f485 visibility changes to 0
07-20 22:53:18.002  3535  8375 D BackgroundInstallControlService: Package event received: 0
07-20 22:53:18.002 14764 14764 D ViewRootImplExtImpl: wrapConfigInfoIntoFlags rotation=0, smallestScreenWidthDp=0, isAutolayoutSwdpModified=false, residentWS=false, scenario=0, bounds=Rect(0, 0 - 1440, 3168), isFirstDraw=false, relayoutAsync=false, flags=0, newFlags=1660944384, title=rd.sheepskin.sandboxmusic/rd.sheepskin.sandboxmusic.MainActivity
07-20 22:53:18.003  3535  4812 V WindowManager: Relayout Window{e4316f3 u0 rd.sheepskin.sandboxmusic/rd.sheepskin.sandboxmusic.MainActivity}: viewVisibility=0, oldvis=8, req=1440x3168 , apr = 0, 
07-20 22:53:18.003  3535  4812 I WindowManager: Window{e4316f3 u0 rd.sheepskin.sandboxmusic/rd.sheepskin.sandboxmusic.MainActivity} state from NO_SURFACE to DRAW_PENDING; reason: resetDrawState
07-20 22:53:18.005  3535  4812 D WindowManager: NFW_findFocusedWindowIfNeeded:Window{8e7b86e u0 NotificationShade} mCurrentFocus:Window{8e7b86e u0 NotificationShade}
07-20 22:53:18.005  3535  4812 D WindowStateExtImpl: cannotBeImeTarget while isKeyguardShowing
07-20 22:53:18.005  3535  4812 D WindowStateExtImpl: cannotBeImeTarget while isKeyguardShowing
07-20 22:53:18.006 14764 14764 D VRI[MainActivity]: relayoutWindow result, sizeChanged:false, surfaceControlChanged:true, transformHintChanged:false, mSurfaceSize:Point(1440, 3168), mLastSurfaceSize:Point(1440, 3168), mWidth:1440, mHeight:3168, requestedWidth:1440, requestedHeight:3168, transformHint:0, installOrientation:0, displayRotation:0, isSurfaceValid:true, attr.flag:-2122252032, tmpFrames:ClientWindowFrames{frame=[0,0][1440,3168] display=[0,0][1440,3168] parentFrame=[0,0][0,0]}, relayoutResult:3, relayoutAsync:false, mSyncSeqId:0
07-20 22:53:18.006 14764 14764 W VRI[MainActivity]: updateBlastSurfaceIfNeeded, surfaceSize:Point(1440, 3168), lastSurfaceSize:Point(1440, 3168), format:-1, blastBufferQueue:null
07-20 22:53:18.006 14764 14764 D BufferQueueConsumer: [](id:39ac0000000d,api:0,p:-1,c:14764) connect: controlledByApp=false
07-20 22:53:18.006 14764 14764 D BufferQueueConsumer: [VRI[MainActivity]#12(BLAST Consumer)12](id:39ac0000000d,api:0,p:-1,c:14764) setMaxAcquiredBufferCount: 2
07-20 22:53:18.006  3535  4812 I BLASTSyncEngine: onCommitted syncId: 6861, timeout: false ran: false
07-20 22:53:18.007 14764 19393 D HWUI    : createSurface new attribs array
07-20 22:53:18.007 14764 19393 D libEGL  : this is from skia gles
07-20 22:53:18.007 14764 19393 D BufferQueueProducer: [VRI[MainActivity]#12(BLAST Consumer)12](id:39ac0000000d,api:1,p:14764,c:14764) connect: api=1 producerControlledByApp=true
07-20 22:53:18.008 14764 14764 I SurfaceControl:  setExtendedRangeBrightness sc=Surface(name=rd.sheepskin.sandboxmusic/rd.sheepskin.sandboxmusic.MainActivity)/@0x8936ba9,currentBufferRatio=1.0,desiredRatio=1.0
07-20 22:53:18.012 14764 19393 D BLASTBufferQueue: [VRI[MainActivity]#12](f:0,a:1) acquireNextBufferLocked size=1440x3168 mFrameNumber=1 applyTransaction=true mTimestamp=100752138661824(auto) mPendingTransactions.size=0 graphicBufferId=63410897158600 transform=0
07-20 22:53:18.012 14764 19393 D VRI[MainActivity]: Received frameCommittedCallback lastAttemptedDrawFrameNum=1 didProduceBuffer=true syncBuffer=false
07-20 22:53:18.012 14764 14764 D VRI[MainActivity]: draw finished. seqId=0
07-20 22:53:18.014  3535  5890 I WindowManager: Window{e4316f3 u0 rd.sheepskin.sandboxmusic/rd.sheepskin.sandboxmusic.MainActivity} state from DRAW_PENDING to COMMIT_DRAW_PENDING; reason: finishDrawingLocked
07-20 22:53:18.015  3535  3614 I WindowManager: Window{e4316f3 u0 rd.sheepskin.sandboxmusic/rd.sheepskin.sandboxmusic.MainActivity} state from COMMIT_DRAW_PENDING to READY_TO_SHOW; reason: commitFinishDrawingLocked
07-20 22:53:18.015  3535  3614 D CoreBackPreview:  return markWindowHasDrawn mComposed: false  mWaitTransition: false
07-20 22:53:18.015  3535  3614 D ActivityTaskManager: Clearing startingData for activity=ActivityRecord{243874426 u0 rd.sheepskin.sandboxmusic/.MainActivity t3627} mStartingData=null mStartingSurface=null
07-20 22:53:18.016 14764 14764 D VRI[MainActivity]: setWindowStopped stopped:true
07-20 22:53:18.020 14764 14764 D Capacitor/AppPlugin: Firing change: false
07-20 22:53:18.020 14764 14764 V Capacitor/AppPlugin: Notifying listeners for event appStateChange
07-20 22:53:18.021 14764 14764 D Capacitor: App stopped
07-20 22:53:18.021 14764 14764 D Capacitor: Saving instance state!
07-20 22:53:18.021  3535  3614 D CoreBackPreview:  return markWindowHasDrawn mComposed: false  mWaitTransition: false
07-20 22:53:18.021  3535  3614 D ActivityTaskManager: Clearing startingData for activity=ActivityRecord{243874426 u0 rd.sheepskin.sandboxmusic/.MainActivity t3627} mStartingData=null mStartingSurface=null
07-20 22:53:18.022 14764 14764 I DynamicFramerate [AnimationInfoManager]: onWindowVisibilityChanged: viewRoot-android.view.ViewRootImpl@67f485 visibility changes to 4
07-20 22:53:18.023 14764 14764 D HWUI    : RenderProxy::destroy: this=0xb400006f0bd68900, mContext=0xb400006c561bb980
07-20 22:53:18.023 14764 19393 D HWUI    : SkiaOpenGLPipeline::setSurface: this=0xb400006f678b8a00, surface=NULL
07-20 22:53:18.023 14764 19393 D BufferQueueProducer: [VRI[MainActivity]#12(BLAST Consumer)12](id:39ac0000000d,api:1,p:14764,c:14764) disconnect: api 1
07-20 22:53:18.023 14764 19382 D BLASTBufferQueue: [VRI[MainActivity]#12](f:0,a:1) destructor()
07-20 22:53:18.023 14764 19382 D BufferQueueConsumer: [VRI[MainActivity]#12(BLAST Consumer)12](id:39ac0000000d,api:0,p:-1,c:14764) disconnect
07-20 22:53:18.023 14764 14764 D ViewRootImplExtImpl: wrapConfigInfoIntoFlags rotation=0, smallestScreenWidthDp=0, isAutolayoutSwdpModified=false, residentWS=false, scenario=0, bounds=Rect(0, 0 - 1440, 3168), isFirstDraw=false, relayoutAsync=false, flags=0, newFlags=1660944384, title=rd.sheepskin.sandboxmusic/rd.sheepskin.sandboxmusic.MainActivity
07-20 22:53:18.024  3535  5890 V WindowManager: Relayout Window{e4316f3 u0 rd.sheepskin.sandboxmusic/rd.sheepskin.sandboxmusic.MainActivity}: viewVisibility=4, oldvis=0, req=1440x3168 , apr = 0, 
07-20 22:53:18.025  3535  5890 D CoreBackPreview:  return markWindowHasDrawn mComposed: false  mWaitTransition: false
07-20 22:53:18.025  3535  5890 D ActivityTaskManager: Clearing startingData for activity=ActivityRecord{243874426 u0 rd.sheepskin.sandboxmusic/.MainActivity t3627} mStartingData=null mStartingSurface=null
07-20 22:53:18.025  3535  5890 D WindowManager: NFW_findFocusedWindowIfNeeded:Window{8e7b86e u0 NotificationShade} mCurrentFocus:Window{8e7b86e u0 NotificationShade}
07-20 22:53:18.026 14764 14764 D VRI[MainActivity]: relayoutWindow result, sizeChanged:false, surfaceControlChanged:true, transformHintChanged:false, mSurfaceSize:Point(1440, 3168), mLastSurfaceSize:Point(1440, 3168), mWidth:1440, mHeight:3168, requestedWidth:1440, requestedHeight:3168, transformHint:0, installOrientation:0, displayRotation:0, isSurfaceValid:false, attr.flag:-2122252032, tmpFrames:ClientWindowFrames{frame=[0,0][1440,3168] display=[0,0][1440,3168] parentFrame=[0,0][0,0]}, relayoutResult:2, relayoutAsync:false, mSyncSeqId:0
07-20 22:53:18.028  3535  5890 D WindowManager: NFW_setClientVisible:ActivityRecord{243874426 u0 rd.sheepskin.sandboxmusic/.MainActivity t3627} clientVisible:false
07-20 22:53:18.028 14764 19382 D VRI[MainActivity]: dispatchAppVisibility visible:false mUpcomingWindowFocus:false
07-20 22:53:18.028  3535  5890 I WindowManager: Window{e4316f3 u0 rd.sheepskin.sandboxmusic/rd.sheepskin.sandboxmusic.MainActivity} state from READY_TO_SHOW to NO_SURFACE; reason: destroySurface
07-20 22:53:18.028  3535  8375 D BackgroundInstallControlService: Package event received: 0
07-20 22:53:18.028  3535  5890 D OplusStartingWindowManager: skip remove starting window for activity = ActivityRecord{243874426 u0 rd.sheepskin.sandboxmusic/.MainActivity t3627} ,ar != topActivityContainsStartingWindow on activityStopped
07-20 22:53:18.031  3535  4955 I Osense-BaseDecisionMaker: notifySceneToAthenaPolicy: SCENE_ACTIVITY_IDLE, bundle: Bundle[{scene=SCENE_ACTIVITY_IDLE}]
07-20 22:53:18.031  3535  4955 I Osense-BaseDecisionMaker: OSense not supported scene! SCENE_ACTIVITY_IDLE
07-20 22:53:18.036  2375  2375 I adbd    : adbd service requested 'shell,v2,TERM=dumb:export ANDROID_LOG_TAGS=''; exec logcat '-d' '-t' '20000''
07-20 22:53:18.051  5727  5727 D VendorWifiService: onEvent event:9,action:1
07-20 22:53:18.054  3535  4685 D ScorerUtils: isLowTraffic: txTputKBps=0, rxTputKBps=1
07-20 22:53:18.054  3535  4685 D OplusWifiPower_TriggerCenter: mComponentCallback: wifistat
07-20 22:53:18.074 14764 14764 I DynamicFramerate [AnimationInfoManager]: onWindowVisibilityChanged: viewRoot-android.view.ViewRootImpl@67f485 visibility changes to 8
07-20 22:53:18.075 14764 14764 D HWUI    : RenderProxy::destroy: this=0xb400006f0bd68900, mContext=0xb400006c561bb980
07-20 22:53:18.075 14764 19393 D HWUI    : SkiaOpenGLPipeline::setSurface: this=0xb400006f678b8a00, surface=NULL
07-20 22:53:18.076 14764 14764 D ViewRootImplExtImpl: wrapConfigInfoIntoFlags rotation=0, smallestScreenWidthDp=0, isAutolayoutSwdpModified=false, residentWS=false, scenario=0, bounds=Rect(0, 0 - 1440, 3168), isFirstDraw=false, relayoutAsync=false, flags=0, newFlags=1660944384, title=rd.sheepskin.sandboxmusic/rd.sheepskin.sandboxmusic.MainActivity
07-20 22:53:18.077  3535  5890 V WindowManager: Relayout Window{e4316f3 u0 rd.sheepskin.sandboxmusic/rd.sheepskin.sandboxmusic.MainActivity}: viewVisibility=8, oldvis=4, req=1440x3168 , apr = 0, 
07-20 22:53:18.078  3535  5890 D WindowManager: NFW_findFocusedWindowIfNeeded:Window{8e7b86e u0 NotificationShade} mCurrentFocus:Window{8e7b86e u0 NotificationShade}
07-20 22:53:18.079 14764 14764 D VRI[MainActivity]: relayoutWindow result, sizeChanged:false, surfaceControlChanged:false, transformHintChanged:false, mSurfaceSize:Point(1440, 3168), mLastSurfaceSize:Point(1440, 3168), mWidth:1440, mHeight:3168, requestedWidth:1440, requestedHeight:3168, transformHint:0, installOrientation:0, displayRotation:0, isSurfaceValid:false, attr.flag:-2122252032, tmpFrames:ClientWindowFrames{frame=[0,0][1440,3168] display=[0,0][1440,3168] parentFrame=[0,0][0,0]}, relayoutResult:0, relayoutAsync:false, mSyncSeqId:0
07-20 22:53:18.172  1981  2351 I SDM     : DisplayBase::CommitThread: Received idle timeout, panel: cmd, timeout: 70000 us
07-20 22:53:18.235  1945 17128 I sensors-hal: handle_oplus_wise_rgb_event:160, wise_rgb:(49895)(cct,lux,ir)[5300.00, 7.92, 0.000000](rgbc)[320.74, 261.68, 120.52, 648.50](pwm,hbm,brl,algo)[0.0 2.0 315.0 2.0],flag 0
07-20 22:53:18.239  2199  3890 D AudioFlinger: fast trackId 1443 is playing mute data
07-20 22:53:18.241  2375  2375 I adbd    : adbd service requested 'shell,v2,TERM=dumb:export ANDROID_LOG_TAGS=''; exec logcat '-d' '-t' '20000''
07-20 22:53:18.322 22607 22607 I SystemUi--Media: MediaSeedling-->MEDIA_SEEDLING-->postSeedlingsUpdate delay: 1000 needUpdate: 0 reason:handleSeedlingsUpdate
07-20 22:53:18.323 22607 22702 I SystemUi--Media: MediaLiveAlertController-->MEDIA_SEEDLING-->sendDataToPlugin, method=sendLiveAlert, notification.key=0|com.android.systemui|268452006|1784562631987|0
07-20 22:53:18.323 22607 22702 I PluginSeedling--Base: SeedlingCardServerProvider-->seedling provider called com.oplus.card.server.systemui.provider w/ sendLiveAlert 10208 22607 0
07-20 22:53:18.323 22607 22702 I PluginSeedling--Base: DefaultLiveAlertProvider-->default provider currentUserId=0 sbn: StatusBarNotification(pkg=com.android.systemui user=UserHandle{0} id=268452006 tag=1784562631987 key=0|com.android.systemui|268452006|1784562631987|0: Notification(channel=268452006 shortcut=null contentView=null vibrate=null sound=null defaults=0 flags=0 color=0x00000000 category=transport vis=PRIVATE))
07-20 22:53:18.325 22607 22607 I PluginSeedling--Origin: LiveAlertInteractorImpl-->EntryDataListener,onDataPosted originData:[t3.d@2a586ba3] data:[t3.d@2a586ba3]
