--------- beginning of system
07-20 15:31:47.648  3535  4683 W OplusJoystickManager: Neither joystick feature is supported
07-20 15:31:47.648  3535  4683 D OplusCustomizeRestrictionManagerService: isLongPressVolumeUpDisabled start
07-20 15:31:47.648  3535  4683 D STKeyLog_StrategyBlackscreenshot: notifyKeyBeforeQueueing, downTime77481924, action=0, interactive=true
07-20 15:31:47.648  3535  4533 W OplusJoystickManager: Neither joystick feature is supported
07-20 15:31:47.648  3535  4533 D OplusCustomizeRestrictionManagerService: isLongPressVolumeUpDisabled start
07-20 15:31:47.648  3535  4533 D STKeyLog_StrategyBlackscreenshot: notifyKeyBeforeQueueing, downTime77481924, action=0, interactive=true
07-20 15:31:47.649  3535  8978 W OplusJoystickManager: Neither joystick feature is supported
07-20 15:31:47.649  3535  8978 D OplusCustomizeRestrictionManagerService: isLongPressVolumeUpDisabled start
07-20 15:31:47.649  3535  8978 D STKeyLog_StrategyBlackscreenshot: notifyKeyBeforeQueueing, downTime77481924, action=0, interactive=true
07-20 15:31:47.649  3535  4683 D OplusFeatureAOD: notifySfUnBlockScreenOn
07-20 15:31:47.649  3535  4683 D OplusPowerManagerHelper: scheduleNotifyStopDream
07-20 15:31:47.650  3535  3792 D OplusPowerManagerHelper: handleMessage:102
07-20 15:31:47.650  3535  3792 D OplusPowerManagerHelper: MSG_STOP_DEAM
07-20 15:31:47.650  3535  4683 W OplusJoystickManager: Neither joystick feature is supported
07-20 15:31:47.650  3535  4683 D OplusCustomizeRestrictionManagerService: isLongPressVolumeUpDisabled start
07-20 15:31:47.650  3535  4683 D STKeyLog_StrategyBlackscreenshot: notifyKeyBeforeQueueing, downTime77481924, action=1, interactive=true
07-20 15:31:47.651  3535  4683 D OplusFeatureAOD: notifySfUnBlockScreenOn
07-20 15:31:47.651  3535  4683 D OplusPowerManagerHelper: scheduleNotifyStopDream
07-20 15:31:47.651  3535  8978 D OplusFeatureAOD: notifySfUnBlockScreenOn
07-20 15:31:47.651  3535  3792 D OplusPowerManagerHelper: handleMessage:102
07-20 15:31:47.651  3535  3792 D OplusPowerManagerHelper: MSG_STOP_DEAM
07-20 15:31:47.652  3535  8978 D OplusPowerManagerHelper: scheduleNotifyStopDream
07-20 15:31:47.653  3535  4533 D OplusFeatureAOD: notifySfUnBlockScreenOn
07-20 15:31:47.653  3535  4533 D OplusPowerManagerHelper: scheduleNotifyStopDream
07-20 15:31:47.653  3535  8978 W OplusJoystickManager: Neither joystick feature is supported
07-20 15:31:47.653  3535  8978 D OplusCustomizeRestrictionManagerService: isLongPressVolumeUpDisabled start
07-20 15:31:47.653  3535  8978 D STKeyLog_StrategyBlackscreenshot: notifyKeyBeforeQueueing, downTime77481924, action=1, interactive=true
07-20 15:31:47.653  3535  8978 D OplusFeatureAOD: notifySfUnBlockScreenOn
07-20 15:31:47.653  3535  8978 D OplusPowerManagerHelper: scheduleNotifyStopDream
07-20 15:31:47.654  3535  4533 W OplusJoystickManager: Neither joystick feature is supported
07-20 15:31:47.654  3535  4533 D OplusCustomizeRestrictionManagerService: isLongPressVolumeUpDisabled start
07-20 15:31:47.654  3535  4533 D STKeyLog_StrategyBlackscreenshot: notifyKeyBeforeQueueing, downTime77481924, action=1, interactive=true
07-20 15:31:47.654  3535  4533 D OplusFeatureAOD: notifySfUnBlockScreenOn
07-20 15:31:47.654  3535  4533 D OplusPowerManagerHelper: scheduleNotifyStopDream
07-20 15:31:47.659  3535  3792 D OplusPowerManagerHelper: handleMessage:102
07-20 15:31:47.659  3535  3792 D OplusPowerManagerHelper: MSG_STOP_DEAM
07-20 15:31:47.659  3535  3792 D OplusPowerManagerHelper: handleMessage:102
07-20 15:31:47.659  3535  3792 D OplusPowerManagerHelper: MSG_STOP_DEAM
07-20 15:31:47.659  3535  3792 D OplusPowerManagerHelper: handleMessage:102
07-20 15:31:47.660  3535  3792 D OplusPowerManagerHelper: MSG_STOP_DEAM
07-20 15:31:47.660  3535  3792 D OplusPowerManagerHelper: handleMessage:102
07-20 15:31:47.660  3535  3792 D OplusPowerManagerHelper: MSG_STOP_DEAM
07-20 15:31:47.677  3535  4683 W OplusJoystickManager: Neither joystick feature is supported
07-20 15:31:47.677  3535  4683 D OplusCustomizeRestrictionManagerService: isLongPressVolumeUpDisabled start
07-20 15:31:47.677  3535  4683 D STKeyLog_StrategyBlackscreenshot: notifyKeyBeforeQueueing, downTime77481952, action=0, interactive=true
07-20 15:31:47.677  3535  4683 D OplusFeatureAOD: notifySfUnBlockScreenOn
07-20 15:31:47.677  3535  4683 D OplusPowerManagerHelper: scheduleNotifyStopDream
07-20 15:31:47.678  3535  3792 D OplusPowerManagerHelper: handleMessage:102
07-20 15:31:47.678  3535  3792 D OplusPowerManagerHelper: MSG_STOP_DEAM
07-20 15:31:47.678  3535  4683 W OplusJoystickManager: Neither joystick feature is supported
07-20 15:31:47.678  3535  4683 D OplusCustomizeRestrictionManagerService: isLongPressVolumeUpDisabled start
07-20 15:31:47.678  3535  4683 D STKeyLog_StrategyBlackscreenshot: notifyKeyBeforeQueueing, downTime77481952, action=1, interactive=true
07-20 15:31:47.679  3535  4683 D OplusFeatureAOD: notifySfUnBlockScreenOn
07-20 15:31:47.679  3535  4683 D OplusPowerManagerHelper: scheduleNotifyStopDream
07-20 15:31:47.679  3535  3792 D OplusPowerManagerHelper: handleMessage:102
07-20 15:31:47.679  3535  3792 D OplusPowerManagerHelper: MSG_STOP_DEAM
07-20 15:31:47.740  3535  3625 W QosScheduler: executeSceneQosStrategy failed! qos feature no enable
07-20 15:31:47.744  3535  3625 W QosScheduler: executeSceneQosStrategy failed! qos feature no enable
07-20 15:31:47.752  3535  4533 W ActivityTaskManager: callingPackage for (uid=2000, pid=884) has no WPC
07-20 15:31:47.761  3535  4533 D WindowManager: NFW_setClientVisible:ActivityRecord{37593843 u0 rd.sheepskin.sandboxmusic/.MainActivity clientVisible:true
07-20 15:31:47.761  3535  4533 D ActivityTaskManager: The isLandscapeFullscreenEnabled is: rd.sheepskin.sandboxmusic/.MainActivity
07-20 15:31:47.761  3535  4533 D ActivityTaskManager: The isLandscapeFullscreenEnabled is: rd.sheepskin.sandboxmusic/.MainActivity
07-20 15:31:47.762  3535  4533 D ActivityTaskManager: The isLandscapeFullscreenEnabled is: rd.sheepskin.sandboxmusic/.MainActivity
07-20 15:31:47.762  3535  4533 D ActivityTaskManager: The isLandscapeFullscreenEnabled is: rd.sheepskin.sandboxmusic/.MainActivity
07-20 15:31:47.762  3535  4533 D ActivityTaskManager: The isLandscapeFullscreenEnabled is: rd.sheepskin.sandboxmusic/.MainActivity
07-20 15:31:47.762  3535  4533 D FlexibleTaskController: isSupportFlexibleWindow target = rd.sheepskin.sandboxmusic/.MainActivity callPkg = FlexibleTaskController support = true ,caller = 3535
07-20 15:31:47.762  3535  4533 I AppSnapshotController: init, sysSupport = true, mActivitySupport = false, activityRecord = ActivityRecord{37593843 u0 rd.sheepskin.sandboxmusic/.MainActivity t-1}
07-20 15:31:47.762  3535  3625 E QosSceneRecognizer[ActivityStartScene]: notifyActivityStart get launchedFromUid failed through AppManager! launchedFromPackage: com.android.shell, pkg: rd.sheepskin.sandboxmusic
07-20 15:31:47.763  3535  4533 D FlexibleWindowManagerService: isIgnoreAppearedAcrossTask:false
07-20 15:31:47.763  3535  4533 D FlexibleWindowManagerService: isIgnoreAppearedAcrossTask:false
07-20 15:31:47.763  3535  4533 D FlexibleTaskController: findSourceTaskForFreeForm: sourceRecord = null ,realCallingPid:884 ,launchFromZoomMode:false ,prevTopTask:Task{3546ef1 #3535 type=standard I=com.google.android.googlequicksearchbox/com.google.android.apps.search.assistant.surfaces.voice.robin.main.MainActivity minWidth=1120 minHeight=1400}
07-20 15:31:47.763  3535  4533 D FlexibleTaskController: findSourceTaskForFreeForm: the caller is not a flexible freeform window application and does not have a zoom windowMode startup parameter
07-20 15:31:47.763  3535  4533 D FlexibleTaskController: adjustOptionsForFlexibleTask not allow options follow process task's options, reason:9 ,reusedOptions:null
07-20 15:31:47.763  3535  4533 E FlexibleWindowManagerService: setProcessFrameRate error wpc null 
07-20 15:31:47.763  3535  4533 D FlexibleTaskController: isSupportFlexibleWindow target = rd.sheepskin.sandboxmusic/.MainActivity callPkg = FlexibleTaskController support = true ,caller = 3535
07-20 15:31:47.764  3535  4533 D CompactServiceDelegate: updateDecorsManagerIfNeed return because not attachToProcess task:Task{6f01a29 #3536 type=standard}
07-20 15:31:47.764  3535  4533 D CompactServiceDelegate: updateDecorsManagerIfNeed return because not attachToProcess task:Task{6f01a29 #3536 type=standard}
07-20 15:31:47.765  3535  4533 D ActivityTaskManager: The isLandscapeFullscreenEnabled is: rd.sheepskin.sandboxmusic/.MainActivity
07-20 15:31:47.766  3535  4533 D ActivityTaskManager: The isLandscapeFullscreenEnabled is: rd.sheepskin.sandboxmusic/.MainActivity
07-20 15:31:47.766  3535  4533 D ActivityTaskManager: The isLandscapeFullscreenEnabled is: rd.sheepskin.sandboxmusic/.MainActivity
07-20 15:31:47.766  3535  4533 D ActivityTaskManager: The isLandscapeFullscreenEnabled is: rd.sheepskin.sandboxmusic/.MainActivity
07-20 15:31:47.766  3535  4533 D ActivityTaskManager: The isLandscapeFullscreenEnabled is: rd.sheepskin.sandboxmusic/.MainActivity
07-20 15:31:47.766  3535  4533 D ActivityTaskManager: The isLandscapeFullscreenEnabled is: rd.sheepskin.sandboxmusic/.MainActivity
07-20 15:31:47.766  3535  4433 D StartingSurfacePreviewController: checkSupportSurfacePreview, token=rd.sheepskin.sandboxmusic/.MainActivity, enableSurfacePreview=false, supportMultiLayout=false, unsupportedSkipViewAnimLv=null, disableSurfacePreviewAnimLv=null, ignoreFileExistAnimLv=null
07-20 15:31:47.766  3535  4533 D SecondaryPageStartupPolicy: checkSecondaryPageStartupStatus not support sourcePackage=com.android.shell
07-20 15:31:47.767  3535  4533 D OplusStartingWindowManager: we don't revise window flags for third app
07-20 15:31:47.767  3535  4533 D ActivityTaskManager: validateStartingWindowTheme:  Pkg=rd.sheepskin.sandboxmusic, Translucent=false, Floating=false, ShowWallpaper=false, Disable=false, LaunchSource=4, Prev=null, LaunchedFromPackage=com.android.shell
07-20 15:31:47.767  3535  4533 D ActivityTaskManager: addStartingWindow for ActivityRecord{37593843 u0 rd.sheepskin.sandboxmusic/.MainActivity t3536}, mainWin=null, state=INITIALIZING, isKeyguardLocked=false, isKeyguardGoingAway=false
07-20 15:31:47.767  3535  4533 D ActivityTaskManager: getStartingWindowType: , newTask=true, taskSwitch=true, processRunning=false, allowTaskSnapshot=true, activityCreated=false, activityAllDrawn=false, snapshot exist: false
07-20 15:31:47.767  3535  4533 D ActivityRecordExtImpl: handleStartingWindowForCompactWindow origin type:2, adjustType : 2
07-20 15:31:47.768  3535  4533 D TaskFragmentExtImpl: shouldSetReadyFalse and resumedActivity: ActivityRecord{37593843 u0 rd.sheepskin.sandboxmusic/.MainActivity t3536} prev: ActivityRecord{218228859 u0 com.google.android.googlequicksearchbox/com.google.android.apps.search.assistant.surfaces.voice.robin.main.MainActivity t3535} prev.isVisible(): true resumedLaunchFromLauncher: false prevLaunchFromApp: true transitionType: 1
07-20 15:31:47.768 22607 22659 D PhoneStartingWindowTypeAlgorithm: preferredStartingWindowType newTask=true, taskSwitch=true, processRunning=false, allowTaskSnapshot=true, activityCreated=false, isSolidColorSplashScreen=false, legacySplashScreen=false, activityDrawn=false, windowless=false, topIsHome=false
07-20 15:31:47.769  3535  4533 I ActivityTaskManager: START u0 {flg=0x10000000 xflg=0x5 cmp=rd.sheepskin.sandboxmusic/.MainActivity mCallingUid=2000} with LAUNCH_SINGLE_TASK from uid 2000 (BAL_ALLOW_PERMISSION (START_ACTIVITIES_FROM_BACKGROUND permission granted)) result code=0
07-20 15:31:47.770 22607 22634 V WindowManagerShell: Transition requested (#5954): android.os.BinderProxy@a6551c8 TransitionRequestInfo { type = OPEN, triggerTask = TaskInfo{userId=0 taskId=3536 effectiveUid=10448 displayId=0 isRunning=true baseIntent=Intent { flg=0x10000000 cmp=rd.sheepskin.sandboxmusic/.MainActivity mCallingUid=2000 } baseActivity=ComponentInfo{rd.sheepskin.sandboxmusic/rd.sheepskin.sandboxmusic.MainActivity} topActivity=ComponentInfo{rd.sheepskin.sandboxmusic/rd.sheepskin.sandboxmusic.MainActivity} origActivity=null realActivity=ComponentInfo{rd.sheepskin.sandboxmusic/rd.sheepskin.sandboxmusic.MainActivity}
07-20 15:31:47.770 22607 22634 V WindowManagerShell:  numActivities=1 lastActiveTime=147302030 supportsSplitScreenMultiWindow=true supportsMultiWindow=true supportsPocketStudioMultiWindow=true isInFlexibleEmbedded = false uid = 10448 pid = 0 resizeMode=2 isResizeable=true minWidth=-1 minHeight=-1 defaultMinSize=220 token=WCT{android.window.IWindowContainerToken$Stub$Proxy@4bef261} topActivityType=1 pictureInPictureParams=null shouldDockBigOverlays=false launchIntoPipHostTaskId=-1 lastParentTaskIdBeforePip=-1 displayCutoutSafeInsets=Rect(0, 160 - 0, 0)
07-20 15:31:47.770 22607 22634 V WindowManagerShell:  topActivityInfo=ActivityInfo{b2cf186 rd.sheepskin.sandboxmusic.MainActivity} launchCookies=[] positionInParent=Point(0, 0) parentTaskId=-1 isFocused=false isVisible=false isVisibleRequested=false isTopActivityNoDisplay=false isSleeping=false locusId=null displayAreaFeatureId=1 isTopActivityTransparent=false isActivityStackTransparent=false lastNonFullscreenBounds=Rect(352, 845 - 1089, 2285) capturedLink=null capturedLinkTimestamp=0 requestedVisibleTypes=-9 topActivityRequestOpenInBrowserEducationTimestamp=0
07-20 15:31:47.770 22607 22634 V WindowManagerShell:  appCompatTaskInfo=AppCompatTaskInfo { topActivityInSizeCompat=false topActivityInOplusCompatMode=false eligibleForLetterboxEducation= false isLetterboxEducationEnabled= false isLetterboxDoubleTapEnabled= false eligibleForUserAspectRatioButton= false topActivityBoundsLetterboxed= false isFromLetterboxDoubleTap= false topActivityLetterboxVerticalPosition= -1 topActivityLetterboxHorizontalPosition= -1 topActivityLetterboxWidth=-1 topActivityLetterboxHeight=-1 topActivityAppBounds=Rect(0, 0 - 1440, 3168) isUserFullscreenOverrideEnabled=false isSystemFullscreenOverrideEnabled=false hasMinAspectRatioOverride=false topActivityLetterboxBounds=null cameraCompatTaskInfo=CameraCompatTaskInfo { freeformCameraCompatMode=inactive}} topActivityMainWindowFrame=null topActivityLetterboxInsets=Rect(0, 0 - 0, 0)
07-20 15:31:47.770 22607 22634 V WindowManagerShell:  mOplusExtraBundle = Bundle[mParcelledData.dataSize=1776]}, pipChange = null, remoteTransition = null, displayChange = null, flags = 0, debugId = 5954 }
07-20 15:31:47.772 22607 22659 D OplusShellStartingWindowManager: getReviseStartingWindowType not support, windowInfo is null
07-20 15:31:47.773 22607 22634 D ShellSplitScreen: logExit: no-op, mLoggerSessionId is null
07-20 15:31:47.775 22607 22659 D OplusShellStartingWindowManager: adjustSuggestedWindowType originType: 1, wi: StartingWindowInfo{taskId=3536 targetActivityInfo=null displayId=0 topActivityType=1 preferredStartingWindowType=8b mainWindowLayoutParams=null splashScreenThemeResId 7f100007, exi: OplusStartingWindowExtendedInfo{mAppToken=android.os.BinderProxy@561c274, mSupportSplashScreenPreview=false, mIsSystemApp=false, mIsExceptionListApp=false, mPreviewBitmap=null, mShouldDrawBackground=false, mForceLightMode=false, mForceNightMode=false, mNotSupportNightMode=false, mForcePreview=false, mForceBigIcon=false, mQuickStartingSurface=null, mForceSolidColorSplash=false}
07-20 15:31:47.775 22607 22659 D OplusShellStartingWindowManager: adjustSuggestedWindowType: skip no-system app and no-exception list app
07-20 15:31:47.775  3535  8974 D CompatChangeReporter: Compat change id reported: 377864165; UID 10448; state: ENABLED
07-20 15:31:47.776  3535  3625 W QosScheduler: executeSceneQosStrategy failed! qos feature no enable
07-20 15:31:47.776 22607 22660 D ShellStartingWindow: getWindowAttrs SplashScreenWindowAttrs{ mWindowBgResId: 106009b, mWindowBgColor: 0, mWindowBgImage: false, mSplashScreenIcon: false, mBrandingImage: false, mIconBgColor: 0, uiMode: 0}
07-20 15:31:47.776 22607 22660 I ShellStartingWindow: makeSplashScreenContentView themeBGColor: ff211e28, isDark: true, last config hash: -1425733873
07-20 15:31:47.778  5589  9024 I iopgp   : Iopgp: TRANSACTION_IOPGP_PRELOAD Sequence_id = 120 pkg_name = rd.sheepskin.sandboxmusic uid = 10448 size = 1 isProfile = 1
07-20 15:31:47.779  3535 19496 W ContextImpl: Calling a method in the system process without a qualified user: android.app.ContextImpl.sendBroadcast:1281 com.qualcomm.qti.Performance$SendGameLaunchBroadcast.run:313 com.oplus.dispatch.DispatchObject.runDispatchObject:253 com.oplus.dispatch.OThread.dispatchConcurrentDrain:425 com.oplus.dispatch.OThread.dispatchQueueDrain:384 
07-20 15:31:47.782  3535  8974 D RefreshRate: boostRefreshId choose max:currentRefreshRate:90.0 targetRefreshRate:60.0 mCurrentPickRate:90.0
07-20 15:31:47.782  3535  8974 D RefreshRate: Trigger app switch boost, ar=ActivityRecord{37593843 u0 rd.sheepskin.sandboxmusic/.MainActivity t3536},currDisplayRate=90.0,boostId=1
07-20 15:31:47.782  3535  8974 D RefreshRate: setDisplayConfigSpecs complete: targetMode={id=2, width=1440, height=3168, fps=90.0, vsync=90.0, synthetic=false, alternativeRefreshRates=[60.000004, 120.00001, 120.00001], supportedHdrTypes=[1, 2, 3, 4]},srcMode={id=2, width=1440, height=3168, fps=90.0, vsync=90.0, synthetic=false, alternativeRefreshRates=[60.000004, 120.00001, 120.00001], supportedHdrTypes=[1, 2, 3, 4]},sfModId=1,rate=90.0
07-20 15:31:47.782  3535  8974 D RefreshRate: startAppSwitchBoost targetMode={id=2, width=1440, height=3168, fps=90.0, vsync=90.0, synthetic=false, alternativeRefreshRates=[60.000004, 120.00001, 120.00001], supportedHdrTypes=[1, 2, 3, 4]} record=ActivityRecord{37593843 u0 rd.sheepskin.sandboxmusic/.MainActivity t3536}: votes=PRIORITY_START_ANIMATION_BOOST -> Vote{mRefreshRate=90.0, mMinRefreshRate=90.0, mRequestSource=null};PRIORITY_WINDOW_REQUEST -> Vote{mRefreshRate=90.0, mMinRefreshRate=90.0, mRequestSource=null};
07-20 15:31:47.782  3535  3801 D RefreshRate: do setDisplayConfigSpecs  
07-20 15:31:47.782  3535  3801 D DisplayModeDirector: setAppRequest displayId : 0  modeId: 2  requestedRefreshRate: 90.0  requestedMinRefreshRateRange: 90.0  requestedMaxRefreshRateRange: 90.0
07-20 15:31:47.782  3535  8974 D ActivityTaskManager: setAppVisibility(Token{c057b4f ActivityRecord{37593843 u0 rd.sheepskin.sandboxmusic/.MainActivity t3536}}, visible=true):  visible=false mVisibleRequested=false
07-20 15:31:47.782  3535  8974 D ActivityTaskManager: setVisibility(Token{c057b4f ActivityRecord{37593843 u0 rd.sheepskin.sandboxmusic/.MainActivity t3536}}, visible=true) defer commitVisibility for transition collecting
07-20 15:31:47.783  3535  8974 D ActivityTaskManager: setAppVisibility(Token{426dad6 ActivityRecord{218228859 u0 com.google.android.googlequicksearchbox/com.google.android.apps.search.assistant.surfaces.voice.robin.main.MainActivity t3535}}, visible=false):  visible=true mVisibleRequested=true
07-20 15:31:47.783  3535  8974 D ActivityTaskManager: setVisibility(Token{426dad6 ActivityRecord{218228859 u0 com.google.android.googlequicksearchbox/com.google.android.apps.search.assistant.surfaces.voice.robin.main.MainActivity t3535}}, visible=false) defer commitVisibility for transition collecting
07-20 15:31:47.784  3535  8974 D DisplayModeDirector: setAppRequest displayId : 0  modeId: 2  requestedRefreshRate: 0.0  requestedMinRefreshRateRange: 0.0  requestedMaxRefreshRateRange: 90.0
07-20 15:31:47.784  3535  3801 D VRR [OPlusRefreshRateService]:  setDirectorStates [flag: 1, state: 1, directorStateOff: 1]
07-20 15:31:47.784  3535  3634 I ActivityManager: Start proc 24888:rd.sheepskin.sandboxmusic/u0a448 for next-top-activity {rd.sheepskin.sandboxmusic/rd.sheepskin.sandboxmusic.MainActivity}
07-20 15:31:47.785 22607 22660 D ShellStartingWindow: inconsize = 864
07-20 15:31:47.785  3535  3611 I ActivityManager: ProcessObserver broadcast disabled
07-20 15:31:47.786  3535  4811 I AppSnapshotController: attachStartingWindow, win = Window{be1d63f u0 Splash Screen rd.sheepskin.sandboxmusic}, shouldAppSnapshot = false
07-20 15:31:47.786  3535  4811 D ActivityTaskManager: attachStartingWindow: mStartingData=SplashScreenStartingData{3c9e66a removeAfterTransaction= 0}, mAssociatedTask=null, mStartingWindow=Window{be1d63f u0 Splash Screen rd.sheepskin.sandboxmusic}
07-20 15:31:47.786  3535  4811 D WindowManager: attachImeScreenshotOnTargetIfNeeded, mImeHiding = false, requestedVisibleTypes = -9
07-20 15:31:47.786  3535  4811 I WindowManager: addWindow: New client android.os.BinderProxy@1c4025e : window=Window{be1d63f u0 Splash Screen rd.sheepskin.sandboxmusic}
07-20 15:31:47.786  3535  8375 D BackgroundInstallControlService: Package event received: 0
07-20 15:31:47.786  3535  4811 D ActivityTaskManager: The isLandscapeFullscreenEnabled is: rd.sheepskin.sandboxmusic/.MainActivity
07-20 15:31:47.786  3535  4811 D ActivityTaskManager: The isLandscapeFullscreenEnabled is: rd.sheepskin.sandboxmusic/.MainActivity
07-20 15:31:47.786  3535  4811 D FlexibleTaskController: isFullToFlexibleAnimating: false
07-20 15:31:47.786  3535  4811 D WindowManager: rotation(ROTATION_0) no changed  displayId = 0, lastOrientation = 1
07-20 15:31:47.787  3535  3613 D CompatChangeReporter: Compat change id reported: 151861875; UID 10230; state: ENABLED
07-20 15:31:47.787  3535  3798 D OplusFeatureDMR[display=0]: onConfigChanged threadId=66 threadName=OplusDisplayWorkHandler physicalDisplayId=4630946450791512195 modeId=1  
07-20 15:31:47.792  3535  3783 I MemoryOperationUtils: add 24888 to rd.sheepskin.sandboxmusic
07-20 15:31:47.802  3535  4811 V WindowManager: Relayout Window{be1d63f u0 Splash Screen rd.sheepskin.sandboxmusic}: viewVisibility=0, oldvis=0, req=1440x3168 , apr = 0, , x=0, y=0
07-20 15:31:47.802  3535  4811 I WindowManager: Window{be1d63f u0 Splash Screen rd.sheepskin.sandboxmusic} state from NO_SURFACE to DRAW_PENDING; reason: resetDrawState
07-20 15:31:47.803  3535  3801 D VRR [OPlusSAManager]: updateAutoMinfps for 4630946450791512195 with nits: 134.0107, mHistOK true, mAmbientOK true, mCctOK true, mIrOK true, mBrightnessOK true, isPkgOK true, SA min fps: 89
07-20 15:31:47.804  3535  4811 D WindowManager: NFW_findFocusedWindowIfNeeded:null mCurrentFocus:Window{b4c9793 u0 com.google.android.googlequicksearchbox}
07-20 15:31:47.804  3535  4811 V WindowManager: Changing focus from Window{b4c9793 u0 com.google.android.googlequicksearchbox} to null,diplayid=0
07-20 15:31:47.804  3535  4811 D ActivityTaskManager: The isLandscapeFullscreenEnabled is: rd.sheepskin.sandboxmusic/.MainActivity
07-20 15:31:47.804  3535  4811 D ActivityTaskManager: The isLandscapeFullscreenEnabled is: rd.sheepskin.sandboxmusic/.MainActivity
07-20 15:31:47.805 22607 22659 W VRI[sandboxmusic]: updateBlastSurfaceIfNeeded, surfaceSize:Point(1440, 3168), lastSurfaceSize:Point(0, 0), format:-3, blastBufferQueue:null
07-20 15:31:47.810  3535  5000 D WindowManager: onSyncFinishedDrawing: Window{be1d63f u0 Splash Screen rd.sheepskin.sandboxmusic}
07-20 15:31:47.810  3535  5000 I WindowManager: finishDrawing skipLayout:false,syncSeqId=0,mPrepareSyncSeqId=0 Window{be1d63f u0 Splash Screen rd.sheepskin.sandboxmusic} com.android.server.wm.WindowManagerService.finishDrawingWindow:3236 com.android.server.wm.Session.finishDrawing:403 android.view.IWindowSession$Stub.onTransact:807 
07-20 15:31:47.810  3535  5000 I WindowManager: Window{be1d63f u0 Splash Screen rd.sheepskin.sandboxmusic} state from DRAW_PENDING to COMMIT_DRAW_PENDING; reason: finishDrawingLocked
07-20 15:31:47.810  3535  3614 I WindowManager: Window{be1d63f u0 Splash Screen rd.sheepskin.sandboxmusic} state from COMMIT_DRAW_PENDING to READY_TO_SHOW; reason: commitFinishDrawingLocked
07-20 15:31:47.810  3535  3614 D ActivityTaskManager: onStartingWindowDrawn: app=null, mStartingData=SplashScreenStartingData{3c9e66a removeAfterTransaction= 0}, finishing=false,mLaunchedFromBubble=false, mVisibleRequested=true, mDisplayContent=Display{#0 state=ON size=1440x3168 ROTATION_0}, isZoomMode=false
07-20 15:31:47.811  3535  3614 D ActivityTaskManager: commitVisibility: ActivityRecord{37593843 u0 rd.sheepskin.sandboxmusic/.MainActivity t3536}: visible=true visibleRequested=true, isInTransition=true 
07-20 15:31:47.811  3535  3614 I WindowManager: Window{be1d63f u0 Splash Screen rd.sheepskin.sandboxmusic} state from READY_TO_SHOW to HAS_DRAWN; reason: performShowLocked
07-20 15:31:47.811  3535  3614 I WindowStateExtImpl: onSurfaceShowChange show = true mPackageName = rd.sheepskin.sandboxmusic parentPkgName = rd.sheepskin.sandboxmusic
07-20 15:31:47.811  3535  3614 D CoreBackPreview:  return markWindowHasDrawn mComposed: false  mWaitTransition: false
07-20 15:31:47.811  3535  3614 E OplusAppQuickStart_AppQuickStartController: not start from launcher transition:5954
07-20 15:31:47.812  3535  3614 D OplusTransitionAnimationManager: activityRecordCount0fullScreenArBeHindStartingWindow null
07-20 15:31:47.812  3535  3614 D OplusTransitionAnimationManager: activityRecordCount0fullScreenArBeHindStartingWindow null
07-20 15:31:47.813  3535  3614 D OplusTransitionAnimationManager: markCanUseSpringSlideAnim for TransitionRecord{dc2cd2f id=5954 track=0 type=OPEN flags=0x0 state=2 c=[
07-20 15:31:47.813  3535  3614 D OplusTransitionAnimationManager:    ChangeInfo{7cfdf3c container=Display{#0 state=ON size=1440x3168 ROTATION_0} flags=0x0}
07-20 15:31:47.813  3535  3614 D OplusTransitionAnimationManager:    ChangeInfo{dee84c5 container=ActivityRecord{37593843 u0 rd.sheepskin.sandboxmusic/.MainActivity t3536} flags=0x0}
07-20 15:31:47.813  3535  3614 D OplusTransitionAnimationManager:    ChangeInfo{60be1a container=Task{3546ef1 #3535 type=standard I=com.google.android.googlequicksearchbox/com.google.android.apps.search.assistant.surfaces.voice.robin.main.MainActivity minWidth=1120 minHeight=1400} flags=0x10}
07-20 15:31:47.813  3535  3614 D OplusTransitionAnimationManager:    ChangeInfo{5390d4b container=Task{6f01a29 #3536 type=standard A=10448:rd.sheepskin.sandboxmusic} flags=0x30}
07-20 15:31:47.813  3535  3614 D OplusTransitionAnimationManager:    ChangeInfo{e59b328 container=DefaultTaskDisplayArea@124522564 flags=0x0}
07-20 15:31:47.813  3535  3614 D OplusTransitionAnimationManager:    ChangeInfo{9b7a841 container=ActivityRecord{218228859 u0 com.google.android.googlequicksearchbox/com.google.android.apps.search.assistant.surfaces.voice.robin.main.MainActivity t3535} flags=0x0}
07-20 15:31:47.813  3535  3614 D OplusTransitionAnimationManager: ]
07-20 15:31:47.813  3535  3614 D OplusTransitionAnimationManager: }
07-20 15:31:47.813  3535  3614 D QuickBackInputPolicy: resetInputInterceptState for remoteTransition: false
07-20 15:31:47.814  3535  3614 W WindowManager: captureTaskSnapshot mSnapshotMode= 0 source=Task{3546ef1 #3535 type=standard I=com.google.android.googlequicksearchbox/com.google.android.apps.search.assistant.surfaces.voice.robin.main.MainActivity minWidth=1120 minHeight=1400}
07-20 15:31:47.814 22607 22733 V WindowManagerShell: onTransitionReady(transaction=15182710151505)
07-20 15:31:47.814  3535  3614 D TaskSnapshotControllerExtImpl: createTaskSnapshot isCompatMode:false, isCompactWindow:false
07-20 15:31:47.814  3535  3614 W AbsAppSnapshotControllerExtImpl: updateExcludeLayers, addExcludeLayerList is null or empty, return excludeLayers
07-20 15:31:47.814 22607 22634 V WindowManagerShell: onTransitionReady (#5954) android.os.BinderProxy@a6551c8: {id=5954 t=OPEN f=0x0 trk=0 r=[0@Point(0, 0)] c=[
07-20 15:31:47.814 22607 22634 V WindowManagerShell:         {m=OPEN f=MOVE_TO_TOP leash=Surface(name=Task=3536)/@0x58d5428 sb=Rect(0, 0 - 1440, 3168) eb=Rect(0, 0 - 1440, 3168) epz=Point(1440, 3168) d=0 taskParent=-1},
07-20 15:31:47.814 22607 22634 V WindowManagerShell:         {m=TO_BACK f=NONE leash=Surface(name=Task=3535)/@0xbc13541 sb=Rect(0, 0 - 1440, 3168) eb=Rect(0, 0 - 1440, 3168) epz=Point(1440, 3168) d=0 taskParent=-1}
07-20 15:31:47.814 22607 22634 V WindowManagerShell:     ] 
07-20 15:31:47.814 22607 22634 V WindowManagerShell: extendInfo=[
07-20 15:31:47.814 22607 22634 V WindowManagerShell:  OplusTransitionExtendedInfo{mTmpFinishT=null, mInOplusCompatMode=false, mIsProcessRunning=false, mHasMismatchBoundsTarget=false, mRecentsController=null, mRemoteTransition=null, mIsTranslucentActivityToHome=false, mAvoidInterceptKeyEventToHome=false, mIsFromHome=false, mParentLeash=null, mBackAnimClosingLeash=null, mReparentToRecentsSurface=null, mIsOplusAnimRes=false, mKeepBgForContinuous=false, mIsBalAllow=true, mHasCloseWallpaperRemoved=false, mTaskNotInRecent=false, mIsPredictiveBackAnim=false, mIsMergedWithPredictive=false, mIsLaunchFromSpruce=false, mIsLaunchFromDrive=false, mGlobalSearchPageSwitch=false, mNeedNoAlphaGlobalSearchScene=false, mAssistScreenShowing=false, mSwipeUpBrowserScreenShowing=false, mUserIdTransition=0
07-20 15:31:47.814 22607 22634 V WindowManagerShell: , mInRemoteScene=false, mInPreReady=false, mPreStart=false, mToken=null, mAbortByRemoteFromHome=false, mShellApplyToken=null, mRequestTransitionTaskId=3536, mAbortTransitionOnShell=0, mStartFromShortcut=false, mRemovedTaskId=-1, mTransitionInterruptType=0, mMergeSecondTaskId=-1, mIsStartAheadSpruce=false, mTaskIdStartFromRecents=0, mTransitionId=5954, mCanUseSpringSlideAnim=true, mTransitionLaunchFrom=0, mFoldChangeType=-1, mAnimStartingPosition=[0, 0, 0, 0], mIsOpeningStkDialogActivity=false, mSecondaryHomeToFrontWhenUnFolding=false, mIsNeedApplyStartTForEmbedded=false
07-20 15:31:47.814 22607 22634 V WindowManagerShell: , mNeedCanvasExitAnim=false, mMergeSecondTaskAnimation=false, mIsLaunchUnityStart=false, mIsLaunchFromAssistantByDefault=false, mSkipRemoteTransitionfalse, mPromoteTaskWhenKeyguard-1, mIsStartFromKeyguard=false, mMatchRemoteFilter=false flags=0x0, mFlexibleTaskIdList=[], mExpectEndRectState=-1, mFlexibleWindowForRecentTasks=false, mRecentTaskIdList=[], mWCT=null, mIsOpenMergeToInValidPredictive=false, mRootLayerZOrderArray={}}]}
07-20 15:31:47.815 22607 22634 V WindowManagerShell: Playing animation for (#5954) android.os.BinderProxy@a6551c8@0
07-20 15:31:47.817 22607 22634 D ShellSplitScreen: startAnimation: transition=5954 isSplitActive=false
07-20 15:31:47.817 22607 22634 V ShellRecents: RecentsTransitionHandler.startAnimation: no controller found
07-20 15:31:47.817 22607 22634 V WindowManagerShell: start OnePuttTransition animation, info = {id=5954 t=OPEN f=0x0 trk=0 r=[0@Point(0, 0)] c=[{m=OPEN f=MOVE_TO_TOP leash=Surface(name=Task=3536)/@0x58d5428 sb=Rect(0, 0 - 1440, 3168) eb=Rect(0, 0 - 1440, 3168) epz=Point(1440, 3168) d=0 taskParent=-1},{m=TO_BACK f=NONE leash=Surface(name=Task=3535)/@0xbc13541 sb=Rect(0, 0 - 1440, 3168) eb=Rect(0, 0 - 1440, 3168) epz=Point(1440, 3168) d=0 taskParent=-1}] 
07-20 15:31:47.817 22607 22634 V WindowManagerShell: extendInfo=[
07-20 15:31:47.817 22607 22634 V WindowManagerShell:  OplusTransitionExtendedInfo{mTmpFinishT=null, mInOplusCompatMode=false, mIsProcessRunning=false, mHasMismatchBoundsTarget=false, mRecentsController=null, mRemoteTransition=null, mIsTranslucentActivityToHome=false, mAvoidInterceptKeyEventToHome=false, mIsFromHome=false, mParentLeash=null, mBackAnimClosingLeash=null, mReparentToRecentsSurface=null, mIsOplusAnimRes=false, mKeepBgForContinuous=false, mIsBalAllow=true, mHasCloseWallpaperRemoved=false, mTaskNotInRecent=false, mIsPredictiveBackAnim=false, mIsMergedWithPredictive=false, mIsLaunchFromSpruce=false, mIsLaunchFromDrive=false, mGlobalSearchPageSwitch=false, mNeedNoAlphaGlobalSearchScene=false, mAssistScreenShowing=false, mSwipeUpBrowserScreenShowing=false, mUserIdTransition=0
07-20 15:31:47.817 22607 22634 V WindowManagerShell: , mInRemoteScene=false, mInPreReady=false, mPreStart=false, mToken=null, mAbortByRemoteFromHome=false, mShellApplyToken=null, mRequestTransitionTaskId=3536, mAbortTransitionOnShell=0, mStartFromShortcut=false, mRemovedTaskId=-1, mTransitionInterruptType=0, mMergeSecondTaskId=-1, mIsStartAheadSpruce=false, mTaskIdStartFromRecents=0, mTransitionId=5954, mCanUseSpringSlideAnim=true, mTransitionLaunchFrom=0, mFoldChangeType=-1, mAnimStartingPosition=[0, 0, 0, 0], mIsOpeningStkDialogActivity=false, mSecondaryHomeToFrontWhenUnFolding=false, mIsNeedApplyStartTForEmbedded=false
07-20 15:31:47.817 22607 22634 V WindowManagerShell: , mNeedCanvasExitAnim=false, mMergeSecondTaskAnimation=false, mIsLaunchUnityStart=false, mIsLaunchFromAssistantByDefault=false, mSkipRemoteTransitionfalse, mPromoteTaskWhenKeyguard-1, mIsStartFromKeyguard=false, mMatchRemoteFilter=false flags=0x0, mFlexibleTaskIdList=[], mExpectEndRectState=-1, mFlexibleWindowForRecentTasks=false, mRecentTaskIdList=[], mWCT=null, mIsOpenMergeToInValidPredictive=false, mRootLayerZOrderArray={}}]}
07-20 15:31:47.817 22607 22634 V WindowManagerShell: Transition doesn't have explicit remote, search filters for match for {id=5954 t=OPEN f=0x0 trk=0 r=[0@Point(0, 0)] c=[{m=OPEN f=MOVE_TO_TOP leash=Surface(name=Task=3536)/@0x58d5428 sb=Rect(0, 0 - 1440, 3168) eb=Rect(0, 0 - 1440, 3168) epz=Point(1440, 3168) d=0 taskParent=-1},{m=TO_BACK f=NONE leash=Surface(name=Task=3535)/@0xbc13541 sb=Rect(0, 0 - 1440, 3168) eb=Rect(0, 0 - 1440, 3168) epz=Point(1440, 3168) d=0 taskParent=-1}] 
07-20 15:31:47.817 22607 22634 V WindowManagerShell: extendInfo=[
07-20 15:31:47.817 22607 22634 V WindowManagerShell:  OplusTransitionExtendedInfo{mTmpFinishT=null, mInOplusCompatMode=false, mIsProcessRunning=false, mHasMismatchBoundsTarget=false, mRecentsController=null, mRemoteTransition=null, mIsTranslucentActivityToHome=false, mAvoidInterceptKeyEventToHome=false, mIsFromHome=false, mParentLeash=null, mBackAnimClosingLeash=null, mReparentToRecentsSurface=null, mIsOplusAnimRes=false, mKeepBgForContinuous=false, mIsBalAllow=true, mHasCloseWallpaperRemoved=false, mTaskNotInRecent=false, mIsPredictiveBackAnim=false, mIsMergedWithPredictive=false, mIsLaunchFromSpruce=false, mIsLaunchFromDrive=false, mGlobalSearchPageSwitch=false, mNeedNoAlphaGlobalSearchScene=false, mAssistScreenShowing=false, mSwipeUpBrowserScreenShowing=false, mUserIdTransition=0
07-20 15:31:47.817 22607 22634 V WindowManagerShell: , mInRemoteScene=false, mInPreReady=false, mPreStart=false, mToken=null, mAbortByRemoteFromHome=false, mShellApplyToken=null, mRequestTransitionTaskId=3536, mAbortTransitionOnShell=0, mStartFromShortcut=false, mRemovedTaskId=-1, mTransitionInterruptType=0, mMergeSecondTaskId=-1, mIsStartAheadSpruce=false, mTaskIdStartFromRecents=0, mTransitionId=5954, mCanUseSpringSlideAnim=true, mTransitionLaunchFrom=0, mFoldChangeType=-1, mAnimStartingPosition=[0, 0, 0, 0], mIsOpeningStkDialogActivity=false, mSecondaryHomeToFrontWhenUnFolding=false, mIsNeedApplyStartTForEmbedded=false
07-20 15:31:47.817 22607 22634 V WindowManagerShell: , mNeedCanvasExitAnim=false, mMergeSecondTaskAnimation=false, mIsLaunchUnityStart=false, mIsLaunchFromAssistantByDefault=false, mSkipRemoteTransitionfalse, mPromoteTaskWhenKeyguard-1, mIsStartFromKeyguard=false, mMatchRemoteFilter=false flags=0x0, mFlexibleTaskIdList=[], mExpectEndRectState=-1, mFlexibleWindowForRecentTasks=false, mRecentTaskIdList=[], mWCT=null, mIsOpenMergeToInValidPredictive=false, mRootLayerZOrderArray={}}]}
07-20 15:31:47.818 22607 22634 V WindowManagerShell:  Delegate animation for (#5954) to null
07-20 15:31:47.818 22607 22634 V WindowManagerShell: start default transition animation, info = {id=5954 t=OPEN f=0x0 trk=0 r=[0@Point(0, 0)] c=[{m=OPEN f=MOVE_TO_TOP leash=Surface(name=Task=3536)/@0x58d5428 sb=Rect(0, 0 - 1440, 3168) eb=Rect(0, 0 - 1440, 3168) epz=Point(1440, 3168) d=0 taskParent=-1},{m=TO_BACK f=NONE leash=Surface(name=Task=3535)/@0xbc13541 sb=Rect(0, 0 - 1440, 3168) eb=Rect(0, 0 - 1440, 3168) epz=Point(1440, 3168) d=0 taskParent=-1}] 
07-20 15:31:47.818 22607 22634 V WindowManagerShell: extendInfo=[
07-20 15:31:47.818 22607 22634 V WindowManagerShell:  OplusTransitionExtendedInfo{mTmpFinishT=null, mInOplusCompatMode=false, mIsProcessRunning=false, mHasMismatchBoundsTarget=false, mRecentsController=null, mRemoteTransition=null, mIsTranslucentActivityToHome=false, mAvoidInterceptKeyEventToHome=false, mIsFromHome=false, mParentLeash=null, mBackAnimClosingLeash=null, mReparentToRecentsSurface=null, mIsOplusAnimRes=false, mKeepBgForContinuous=false, mIsBalAllow=true, mHasCloseWallpaperRemoved=false, mTaskNotInRecent=false, mIsPredictiveBackAnim=false, mIsMergedWithPredictive=false, mIsLaunchFromSpruce=false, mIsLaunchFromDrive=false, mGlobalSearchPageSwitch=false, mNeedNoAlphaGlobalSearchScene=false, mAssistScreenShowing=false, mSwipeUpBrowserScreenShowing=false, mUserIdTransition=0
07-20 15:31:47.818 22607 22634 V WindowManagerShell: , mInRemoteScene=false, mInPreReady=false, mPreStart=false, mToken=null, mAbortByRemoteFromHome=false, mShellApplyToken=null, mRequestTransitionTaskId=3536, mAbortTransitionOnShell=0, mStartFromShortcut=false, mRemovedTaskId=-1, mTransitionInterruptType=0, mMergeSecondTaskId=-1, mIsStartAheadSpruce=false, mTaskIdStartFromRecents=0, mTransitionId=5954, mCanUseSpringSlideAnim=true, mTransitionLaunchFrom=0, mFoldChangeType=-1, mAnimStartingPosition=[0, 0, 0, 0], mIsOpeningStkDialogActivity=false, mSecondaryHomeToFrontWhenUnFolding=false, mIsNeedApplyStartTForEmbedded=false
07-20 15:31:47.818 22607 22634 V WindowManagerShell: , mNeedCanvasExitAnim=false, mMergeSecondTaskAnimation=false, mIsLaunchUnityStart=false, mIsLaunchFromAssistantByDefault=false, mSkipRemoteTransitionfalse, mPromoteTaskWhenKeyguard-1, mIsStartFromKeyguard=false, mMatchRemoteFilter=false flags=0x0, mFlexibleTaskIdList=[], mExpectEndRectState=-1, mFlexibleWindowForRecentTasks=false, mRecentTaskIdList=[], mWCT=null, mIsOpenMergeToInValidPredictive=false, mRootLayerZOrderArray={}}]}
07-20 15:31:47.819  3535  3614 D TaskSnapshotCache: putSnapshot mRunningCache top= ActivityRecord{218228859 u0 com.google.android.googlequicksearchbox/com.google.android.apps.search.assistant.surfaces.voice.robin.main.MainActivity t3535}, mTaskId=3535, snapshot=TaskSnapshot{ mId=1784536307814 mCaptureTime=147302081364182 mTopActivityComponent=com.google.android.googlequicksearchbox/com.google.android.apps.search.assistant.surfaces.voice.robin.main.MainActivity mSnapshot=android.hardware.HardwareBuffer@795877d (1008x2217) mColorSpace=sRGB IEC61966-2.1 (id=0, model=RGB) mOrientation=1 mRotation=0 mTaskSize=Point(1440, 3168) mOplusCompatMode=false mTopActivityBounds=[0,0][1440,3168] mHasDimLayer=false mContentInsets=[0,160][0,198] mLetterboxInsets=[0,0][0,0] mIsLowResolution=false mIsRealSnapshot=true mWindowingMode=1 mAppearance=0 mIsTranslucent=false mHasImeSurface=false mInternalReferences=2 mUiMode=21 mSnapshotColor=0 mSnapshotBundle=Bundle[{}], mAppIdMap size= 3
07-20 15:31:47.819 22607 22634 D ShellContinuousTransitionController:  getWallPaperChangeRemoved, hasRemoved=false
07-20 15:31:47.821 22607 22634 V WindowManagerShell: loadAnimation: anim=android.view.animation.AnimationSet@100ffc3 animAttr=0x9 type=OPEN isEntrance=false
07-20 15:31:47.822  3535  3614 D FlexibleWindowManagerService: onFlexibleWindowTaskAppeared: task = 3536, visible = true
07-20 15:31:47.822  3535  3614 D OplusFlexibleWindowMinimizedManagerHelper: onTaskAppered taskInfo:3536
07-20 15:31:47.822  3535  3614 D OplusFlexibleDragToSplitAnimController: visibleFlexibleTaskInfos delete:3536
07-20 15:31:47.822  3535  3614 E FlexibleWindowManagerService: notifyTaskObserverToAttachController not need to notify!
07-20 15:31:47.822  3535  3614 D FlexibleWindowManagerService: should not dispatch appeared task Task{6f01a29 #3536 type=standard A=10448:rd.sheepskin.sandboxmusic}
07-20 15:31:47.823  3535  3610 V WindowManager: Sent Transition (#5954) createdAt=07-20 15:31:47.762 via request=TransitionRequestInfo { type = OPEN, triggerTask = TaskInfo{userId=0 taskId=3536 effectiveUid=10448 displayId=0 isRunning=true baseIntent=Intent { flg=0x10000000 cmp=rd.sheepskin.sandboxmusic/.MainActivity mCallingUid=2000 } baseActivity=ComponentInfo{rd.sheepskin.sandboxmusic/rd.sheepskin.sandboxmusic.MainActivity} topActivity=ComponentInfo{rd.sheepskin.sandboxmusic/rd.sheepskin.sandboxmusic.MainActivity} origActivity=null realActivity=ComponentInfo{rd.sheepskin.sandboxmusic/rd.sheepskin.sandboxmusic.MainActivity}
07-20 15:31:47.823  3535  3610 V WindowManager:  numActivities=1 lastActiveTime=147302030 supportsSplitScreenMultiWindow=true supportsMultiWindow=true supportsPocketStudioMultiWindow=true isInFlexibleEmbedded = false uid = 10448 pid = 0 resizeMode=2 isResizeable=true minWidth=-1 minHeight=-1 defaultMinSize=220 token=WCT{RemoteToken{1a0f672 Task{6f01a29 #3536 type=standard A=10448:rd.sheepskin.sandboxmusic}}} topActivityType=1 pictureInPictureParams=null shouldDockBigOverlays=false launchIntoPipHostTaskId=-1 lastParentTaskIdBeforePip=-1 displayCutoutSafeInsets=Rect(0, 160 - 0, 0)
07-20 15:31:47.823  3535  3610 V WindowManager:  topActivityInfo=ActivityInfo{acbdac3 rd.sheepskin.sandboxmusic.MainActivity} launchCookies=[] positionInParent=Point(0, 0) parentTaskId=-1 isFocused=false isVisible=false isVisibleRequested=false isTopActivityNoDisplay=false isSleeping=false locusId=null displayAreaFeatureId=1 isTopActivityTransparent=false isActivityStackTransparent=false lastNonFullscreenBounds=Rect(352, 845 - 1089, 2285) capturedLink=null capturedLinkTimestamp=0 requestedVisibleTypes=-9 topActivityRequestOpenInBrowserEducationTimestamp=0
07-20 15:31:47.823  3535  3610 V WindowManager:  appCompatTaskInfo=AppCompatTaskInfo { topActivityInSizeCompat=false topActivityInOplusCompatMode=false eligibleForLetterboxEducation= false isLetterboxEducationEnabled= false isLetterboxDoubleTapEnabled= false eligibleForUserAspectRatioButton= false topActivityBoundsLetterboxed= false isFromLetterboxDoubleTap= false topActivityLetterboxVerticalPosition= -1 topActivityLetterboxHorizontalPosition= -1 topActivityLetterboxWidth=-1 topActivityLetterboxHeight=-1 topActivityAppBounds=Rect(0, 0 - 1440, 3168) isUserFullscreenOverrideEnabled=false isSystemFullscreenOverrideEnabled=false hasMinAspectRatioOverride=false topActivityLetterboxBounds=null cameraCompatTaskInfo=CameraCompatTaskInfo { freeformCameraCompatMode=inactive}} topActivityMainWindowFrame=null topActivityLetterboxInsets=Rect(0, 0 - 0, 0)
07-20 15:31:47.823  3535  3610 V WindowManager:  mOplusExtraBundle = Bundle[{androidx.flexible.taskFrame=Rect(0, 0 - 0, 0), androidx.flexible.Alpha=1.0, androidx.activity.task.attach.blur=0, androidx.flexible.task_snapshot_mode=0, androidx.activity.LaunchInsensible=0, androidx.activity.LaunchCornerRadius=0, key_flexible_task_state=0, topActivitySupportAppInnerSplit=false, key_flexible_task_animating_type=-1, key_flexible_task_root_activity_processname=rd.sheepskin.sandboxmusic, androidx.activity.LaunchScenario=0, is_oplus_clone_task=false, flexible_super_mini_state=false, topRunningActivityHash=37593843, flexible.floatwindow.is_multi_instance=false, androidx.activity.LaunchScale=1.0, androidx.activity.LaunchShadowRadius=0, is_transient_hide_for_task_info=false, androidx.activity.key_flexible_task_pending_exit_to=0, key_flexible_task_root_activity_pid=0, key_flexible_task_root_activity_uid=10448}]}, pipChange = null, remoteTransition = null, displayChange = null, flags = 0, debugId = 5954 }
07-20 15:31:47.823  3535  3610 V WindowManager:     startWCT=WindowContainerTransaction { changes= {} hops= [] errorCallbackToken=null taskFragmentOrganizer=null }
07-20 15:31:47.823  3535  3610 V WindowManager:     info={id=5954 t=OPEN f=0x0 trk=0 r=[0@Point(0, 0)] c=[
07-20 15:31:47.823  3535  3610 V WindowManager:         {WCT{RemoteToken{1a0f672 Task{6f01a29 #3536 type=standard A=10448:rd.sheepskin.sandboxmusic}}} m=OPEN f=MOVE_TO_TOP leash=Surface(name=Task=3536)/@0x5a3bf0e sb=Rect(0, 0 - 1440, 3168) eb=Rect(0, 0 - 1440, 3168) epz=Point(1440, 3168) d=0 taskParent=-1},
07-20 15:31:47.823  3535  3610 V WindowManager:         {WCT{RemoteToken{367b46c Task{3546ef1 #3535 type=standard I=com.google.android.googlequicksearchbox/com.google.android.apps.search.assistant.surfaces.voice.robin.main.MainActivity minWidth=1120 minHeight=1400}}} m=TO_BACK f=NONE leash=Surface(name=Task=3535)/@0x29f5209 sb=Rect(0, 0 - 1440, 3168) eb=Rect(0, 0 - 1440, 3168) epz=Point(1440, 3168) d=0 taskParent=-1}
07-20 15:31:47.823  3535  3610 V WindowManager:     ] 
07-20 15:31:47.823  3535  3610 V WindowManager: extendInfo=[
07-20 15:31:47.823  3535  3610 V WindowManager:  OplusTransitionExtendedInfo{mTmpFinishT=null, mInOplusCompatMode=false, mIsProcessRunning=false, mHasMismatchBoundsTarget=false, mRecentsController=null, mRemoteTransition=null, mIsTranslucentActivityToHome=false, mAvoidInterceptKeyEventToHome=false, mIsFromHome=false, mParentLeash=null, mBackAnimClosingLeash=null, mReparentToRecentsSurface=null, mIsOplusAnimRes=false, mKeepBgForContinuous=false, mIsBalAllow=true, mHasCloseWallpaperRemoved=false, mTaskNotInRecent=false, mIsPredictiveBackAnim=false, mIsMergedWithPredictive=false, mIsLaunchFromSpruce=false, mIsLaunchFromDrive=false, mGlobalSearchPageSwitch=false, mNeedNoAlphaGlobalSearchScene=false, mAssistScreenShowing=false, mSwipeUpBrowserScreenShowing=false, mUserIdTransition=0
07-20 15:31:47.823  3535  3610 V WindowManager: , mInRemoteScene=false, mInPreReady=false, mPreStart=false, mToken=null, mAbortByRemoteFromHome=false, mShellApplyToken=null, mRequestTransitionTaskId=3536, mAbortTransitionOnShell=0, mStartFromShortcut=false, mRemovedTaskId=-1, mTransitionInterruptType=0, mMergeSecondTaskId=-1, mIsStartAheadSpruce=false, mTaskIdStartFromRecents=0, mTransitionId=5954, mCanUseSpringSlideAnim=true, mTransitionLaunchFrom=0, mFoldChangeType=-1, mAnimStartingPosition=[0, 0, 0, 0], mIsOpeningStkDialogActivity=false, mSecondaryHomeToFrontWhenUnFolding=false, mIsNeedApplyStartTForEmbedded=false
07-20 15:31:47.823  3535  3610 V WindowManager: , mNeedCanvasExitAnim=false, mMergeSecondTaskAnimation=false, mIsLaunchUnityStart=false, mIsLaunchFromAssistantByDefault=false, mSkipRemoteTransitionfalse, mPromoteTaskWhenKeyguard-1, mIsStartFromKeyguard=false, mMatchRemoteFilter=false flags=0x0, mFlexibleTaskIdList=[], mExpectEndRectState=-1, mFlexibleWindowForRecentTasks=false, mRecentTaskIdList=[], mWCT=null, mIsOpenMergeToInValidPredictive=false, mRootLayerZOrderArray={}}]}
07-20 15:31:47.829 22607 22634 V WindowManagerShell: loadAnimation: anim=android.view.animation.AnimationSet@afd9aca animAttr=0x8 type=OPEN isEntrance=true
07-20 15:31:47.832 22607 22634 V WindowManagerShell:  animated by com.android.wm.shell.transition.DefaultTransitionHandler@642251e
07-20 15:31:47.836  3535  4811 I BLASTSyncEngine: onCommitted syncId: 5954, timeout: false ran: false
07-20 15:31:47.843  3535  4811 D ActivityTaskManager: The isLandscapeFullscreenEnabled is: rd.sheepskin.sandboxmusic/.MainActivity
07-20 15:31:47.843  3535  4811 D FlexibleTaskController: isFullToFlexibleAnimating: false
07-20 15:31:47.843  3535  4811 D WindowManager: rotation(ROTATION_0) no changed  displayId = 0, lastOrientation = 1
07-20 15:31:47.843  3535  4811 D ActivityTaskManager: The isLandscapeFullscreenEnabled is: rd.sheepskin.sandboxmusic/.MainActivity
07-20 15:31:47.843  3535  4811 D ActivityTaskManager: The isLandscapeFullscreenEnabled is: rd.sheepskin.sandboxmusic/.MainActivity
07-20 15:31:47.843  3535  4811 D ActivityTaskManager: The isLandscapeFullscreenEnabled is: rd.sheepskin.sandboxmusic/.MainActivity
07-20 15:31:47.843  3535  4811 D ActivityTaskManager: The isLandscapeFullscreenEnabled is: rd.sheepskin.sandboxmusic/.MainActivity
07-20 15:31:47.843  3535  4811 D ActivityTaskManager: The isLandscapeFullscreenEnabled is: rd.sheepskin.sandboxmusic/.MainActivity
07-20 15:31:47.844  3535  4811 D ActivityTaskManager: The isLandscapeFullscreenEnabled is: rd.sheepskin.sandboxmusic/.MainActivity
07-20 15:31:47.844  3535  4811 D ActivityTaskManager: The isLandscapeFullscreenEnabled is: rd.sheepskin.sandboxmusic/.MainActivity
07-20 15:31:47.844  3535  3634 W ActivityManager: Slow operation: 62ms so far, now at startProcess: returned from zygote!
07-20 15:31:47.844  3535  4811 I TaskOrganizerController: onTaskInfoChanged taskid 3536 config { mBounds=Rect(0, 0 - 1440, 3168) mAppBounds=Rect(0, 0 - 1440, 3168) mMaxBounds=Rect(0, 0 - 1440, 3168) mDisplayRotation=ROTATION_0 mWindowingMode=fullscreen mActivityType=standard mAlwaysOnTop=undefined mRotation=ROTATION_0}
07-20 15:31:47.844  3535  4811 D OplusFlexibleDragToSplitAnimController: visibleFlexibleTaskInfos delete:3536
07-20 15:31:47.844  3535  4811 E FlexibleWindowManagerService: notifyTaskObserverToAttachController not need to notify!
07-20 15:31:47.844  3535  4811 I FlexibleWindowManagerService: onFlexibleWindowTaskInfoChanged, return for cur task not embedded
07-20 15:31:47.844  3535  4811 D OplusDexOptimizeManager: androidPackage inappropriate state!
07-20 15:31:47.844  3535  4811 D ActivityTaskManager: onWindowFocusChanged Task{6f01a29 #3536 type=standard A=10448:rd.sheepskin.sandboxmusic} would transfer to compact
07-20 15:31:47.844  3535  3625 I UserAwareMgr: handleTopAppChanged: rd.sheepskin.sandboxmusic, pid: 24888, uid: 10448
07-20 15:31:47.844  3535  4811 D ActivityTaskManager: NFW_setLastResumedActivityUncheckLocked:true r:ActivityRecord{37593843 u0 rd.sheepskin.sandboxmusic/.MainActivity t3536} currentFocus:null
07-20 15:31:47.844  3535  4811 D WindowManager: NFW_findFocusedWindowIfNeeded:null mCurrentFocus:null
07-20 15:31:47.844  3535  4811 D FlexibleTaskController: onTaskFocusChanged prevTask:Task{3546ef1 #3535 type=standard I=com.google.android.googlequicksearchbox/com.google.android.apps.search.assistant.surfaces.voice.robin.main.MainActivity minWidth=1120 minHeight=1400} ,currentTask:Task{6f01a29 #3536 type=standard A=10448:rd.sheepskin.sandboxmusic}, reason: realStartActivityLocked - onActivityStateChanged
07-20 15:31:47.844  3535  4811 D OplusFlexibleDCSManager: onNextPkgChanged pkg = rd.sheepskin.sandboxmusic
07-20 15:31:47.846  3535  4811 D OplusVisibleTasks:  notifyTaskFocusChange no need.
