07-20 15:31:48.070 24888 24888 D AppCompatDelegate: Checking for metadata for AppLocalesMetadataHolderService : Service not found
07-20 15:31:48.070 24888   953 I AdrenoGLES-0: PFP: 0x01520181, ME: 0x01520023
07-20 15:31:48.071 24888 24888 I in.sandboxmusic: AssetManager2(0xb400006f58916c28) locale list changing from [] to [en-TH]
07-20 15:31:48.074  2062  2062 I qspmHal : enter getGpuProf at: 2124880234
07-20 15:31:48.074  2062  2062 I qspmHal : Coudn't match the GFX PID 24888 to AT PID 908. Checking in local cache.
07-20 15:31:48.074  2062  2062 I qspmHal : Found the GFX PID in cache
07-20 15:31:48.074  2062  2062 I qspmHal : gProfName:rd.sheepskin.sandboxmusic-gpu - gpu prof_info.path:/data/vendor/gaming/rd.sheepskin.sandboxmusic-gpu
07-20 15:31:48.074  2062  2062 I qspmHal : PID 24888 from GFX matched.
07-20 15:31:48.074  2062  2062 E qspmHal : GPU profile file NOT found !!
07-20 15:31:48.075 24888 24888 E ashmem  : Pinning is deprecated since Android Q. Please use trim or other methods.
07-20 15:31:48.076 24888   953 I AdrenoUtils: <ReadGpuID:357>: Reading chip ID through GSL
07-20 15:31:48.076  1945  2120 I sensors-hal: get_display_brightness:763, _use_black_mode: 1, _dft_scrn.blank_mode: 1, _dft_scrn.blank_mode_sec: 0
07-20 15:31:48.082 27132 32550 E CursorWindow: Failed alloc newOffset: 2072524mAllocOffset: 2069772mSlotsOffset: 2071248: No such file or directory
07-20 15:31:48.082 27132 32550 E CursorWindow: Failed NO_MEMORY: No such file or directory
07-20 15:31:48.084 24888 24888 E OplusPredictiveBackController:  NoSuchMethodException 
07-20 15:31:48.084 24888 24888 E OplusPredictiveBackController:  NoSuchMethodException 
07-20 15:31:48.084 24888 24888 E OplusPredictiveBackController:  NoSuchMethodException 
07-20 15:31:48.084 24888 24888 E OplusPredictiveBackController:  NoSuchMethodException 
07-20 15:31:48.085 24888 24888 D OplusPredictiveBackController: should not HookOnBackInvokedCallbackEnabled for application rd.sheepskin.sandboxmusic.MainActivity@c8a5243 sdk: 36
07-20 15:31:48.085 24888 24888 D OplusPredictiveBackController: initPredictiveBackConfig for rd.sheepskin.sandboxmusic.MainActivity@c8a5243 initPredictiveBackConfig mShouldInterceptKeyEvent false
07-20 15:31:48.085 24888 24888 D WindowOnBackDispatcher:  predictive settings is disabled for ApplicationInfo{3f0853e rd.sheepskin.sandboxmusic}
07-20 15:31:48.086 24888   953 D ExtensionsLoader: createInstance(64bit) : createExtendedFactory
07-20 15:31:48.086 24888   953 D ExtensionsLoader: Opened libeglextimpl.so
07-20 15:31:48.086 24888 24888 I oplus.android.OplusFrameworkFactoryImpl: Unknow feature:IOplusTextViewRTLUtilForUG
07-20 15:31:48.087 24888   953 D PreCache: [IPreCacheRus]loadRUSConfigs#102 failed to transact: -22 prc:rd.sheepskin.sandboxmusic
07-20 15:31:48.092 24888 24888 D CompatChangeReporter: Compat change id reported: 377864165; UID 10448; state: ENABLED
07-20 15:31:48.093 24888 24888 D DesktopModeFlags: Toggle override initialized to: OVERRIDE_UNSET
07-20 15:31:48.097 27132 32550 E CursorWindow: Failed alloc newOffset: 2078404mAllocOffset: 2071888mSlotsOffset: 2071952: No such file or directory
07-20 15:31:48.097 27132 32550 E CursorWindow: Failed NO_MEMORY: No such file or directory
07-20 15:31:48.099 24888 24888 I in.sandboxmusic: hiddenapi: Accessing hidden method Landroid/view/ViewGroup;->makeOptionalFitsSystemWindows()V (runtime_flags=0, domain=platform, api=unsupported) from Landroidx/appcompat/widget/ViewUtils; (domain=app, TargetSdkVersion=36) using reflection: allowed
07-20 15:31:48.103 24888 24888 I in.sandboxmusic: AssetManager2(0xb400006f58917228) locale list changing from [] to [en-TH]
07-20 15:31:48.103 24888 24888 I WebViewFactory: Loading com.google.android.webview version 150.0.7871.46 (code 787104603)
07-20 15:31:48.107 24888 24888 D ApplicationLoaders: Returning zygote-cached class loader: /system/framework/android.test.base.jar
07-20 15:31:48.107 24888 24888 D ApplicationLoaders: Returning zygote-cached class loader: /system_ext/framework/androidx.window.extensions.jar
07-20 15:31:48.107  1945  2120 I sensors-hal: get_display_brightness:763, _use_black_mode: 1, _dft_scrn.blank_mode: 1, _dft_scrn.blank_mode_sec: 0
07-20 15:31:48.107 24888 24888 W in.sandboxmusic: Loading /data/app/~~x3zyDjj2j7P0xz7zpuRqQg==/com.google.android.webview-U0n2DF0lkN9i186o7Yzoiw==/oat/arm64/base.odex non-executable as it requires an image which we failed to load
07-20 15:31:48.108 24888 24888 D nativeloader: Configuring clns-10 for other apk /data/app/~~x3zyDjj2j7P0xz7zpuRqQg==/com.google.android.webview-U0n2DF0lkN9i186o7Yzoiw==/base.apk. target_sdk_version=36, uses_libraries=, library_path=/data/app/~~x3zyDjj2j7P0xz7zpuRqQg==/com.google.android.webview-U0n2DF0lkN9i186o7Yzoiw==/lib/arm64:/data/app/~~x3zyDjj2j7P0xz7zpuRqQg==/com.google.android.webview-U0n2DF0lkN9i186o7Yzoiw==/base.apk!/lib/arm64-v8a, permitted_path=/data:/mnt/expand
07-20 15:31:48.126 24888 24888 I cr_WVCFactoryProvider: version=150.0.7871.46 (787104603) minSdkVersion=29 multiprocess=true packageId=2 splits=<none>
07-20 15:31:48.128 22607 22607 I PluginSeedling--Engine: SeedlingContext-->setScene: scene=NONE oldScene=SMALL_INSTANT_CARD_APPEAR
07-20 15:31:48.128 22607 22607 I PluginSeedling--StatusBar: SimpleSceneBuilder-->afterAction SMALL_INSTANT_CARD_APPEAR
07-20 15:31:48.128 22607 22607 I PluginSeedling--Capsule: InstantContainer-->blockAnimation false:InstantUiState(key=268451924||0|1784536306699, expanded=true, smallCard=d6.va{ccc1ed1 V.E...... ........ 387,13-1053,148 alpha=1.0 viewInfo = }, expandCard=null, viewController=d5.f@21f0f24, viewLifecycle=d5.c@7ae9a8d)
07-20 15:31:48.128 22607 22607 I SDP.SysUi.BaseSeedling:  268451924&3&20_sid=268451924_rk=8fc86c,268451924&3&20_sid=268451924_rk=8fc86c,getViewListBySize success, entrance:status_bar[8,20], cardSize:7, allValidSize:[7][ssdk:v1.3.130-5a024cf,sdplugin:v16.56.0-85a272db] [SeedlingSdk|com.android.systemui|2.0.40-ebe132d]
07-20 15:31:48.128 22607 22607 I SDP.SysUi.BaseSeedling:  268451924&3&20_sid=268451924_rk=8fc86c,268451924&3&20_sid=268451924_rk=8fc86c,getViewListBySize success, entrance:status_bar[8,20], cardSize:7, allValidSize:[7][ssdk:v1.3.130-5a024cf,sdplugin:v16.56.0-85a272db]
07-20 15:31:48.128 22607 22607 I SDP.SysUi.LiteSeedling:  268451924&3&20_sid=268451924_rk=8fc86c,notifyCanStartAnimation, canStartAnimation:true, entranceViewTag:ViewTagInfo(entrance=status_bar[8,20], serviceId=268451924, cardSizeInEngine=notification_sm, index=0, realEngineTypeName=LITE, hashCode=183696694)[ssdk:v1.3.130-5a024cf,sdplugin:v16.56.0-85a272db]
07-20 15:31:48.128 22607 22607 I ULELite : [ULEView.StatusBar5notification_sm][5] notifyCanStartAnimation canStartAnimation = true
07-20 15:31:48.128 22607 22607 I ULELite : [CapsuleView5_View_228057283]notifyCanStartAnimation:true, pendingBgEffect=null
07-20 15:31:48.128 22607 22607 I ULELite : [CapsuleView5_Picture237077603]handPictureAnimation start=true, canStartPreAnimation=false
07-20 15:31:48.128 22607 22607 W PluginSeedling--CapsuleCard: CardsRepository-->animation--view null
07-20 15:31:48.128 22607 22607 I PluginSeedling--Capsule: InstantContainer-->blockUpdateView false: InstantUiState(key=268451924||0|1784536306699, expanded=true, smallCard=d6.va{ccc1ed1 V.E...... ........ 387,13-1053,148 alpha=1.0 viewInfo = }, expandCard=null, viewController=d5.f@21f0f24, viewLifecycle=d5.c@7ae9a8d)
07-20 15:31:48.128 22607 22607 I PluginSeedling--Capsule: CardsRepository-->blockViewUpdate false serviceId: 268451924
07-20 15:31:48.128 22607 22607 I SDP.SysUi.BaseSeedling:  268451924&3&20_sid=268451924_rk=8fc86c,268451924&3&20_sid=268451924_rk=8fc86c,getViewListBySize success, entrance:status_bar[8,20], cardSize:7, allValidSize:[7][ssdk:v1.3.130-5a024cf,sdplugin:v16.56.0-85a272db]
07-20 15:31:48.128 22607 22607 I SDP.SysUi.BaseSeedling:  268451924&3&20_sid=268451924_rk=8fc86c,268451924&3&20_sid=268451924_rk=8fc86c,getViewListBySize success, entrance:status_bar[8,20], cardSize:7, allValidSize:[7][ssdk:v1.3.130-5a024cf,sdplugin:v16.56.0-85a272db]
07-20 15:31:48.129 22607 22607 I PantaCard.SysUi.SeedlingCard:  268451924&3&20_sid=268451924_rk=8fc86c,setDynamicConfiguration,view = d6.va{ccc1ed1 V.E...... ........ 387,13-1053,148 alpha=1.0 viewInfo = },bundle=Configuration(entrance=[statusbar,type=8,hostId=20], supportEntranceList=[[statusbar,type=8,hostId=20], [aod,type=4,hostId=40], [notification,type=16,hostId=30]], mode=STANDARD, loadTimeout=-1, supportedCardCategory=[SEEDLING],shouldNotifyCardServiceToInit=false, shouldPreInitSeedlingPlugin=true, seedingConfiguration=SeedlingConfiguration(engineType=Lite), instantConfiguration=null,shouldParseSeedlingUIData=true,needHostHandleCardBg=false,isHostLightColor=true,launchInterceptorMap={},launcherInterceptor=null, enableV2Callback=false,checkForceCopySwitch=true,isSupportChildThread=true,enableInstantCardView=false,supportUseServiceDecisionFromPlugin=nullisSupportAddParamsToIntent=trueextrasDataToPlugin={}extrasDataToEngine={})[sdk:v1.3.130-5a024cf,seed-plugin:v16.56.0-85a272db,app:v16.99.12] [SystemUIPlugin|com.android.systemui|2.0.44-25e9612]
07-20 15:31:48.129 22607 22607 I SDP.SysUi.LiteSeedling:  268451924&3&20_sid=268451924_rk=8fc86c,setDynamicConfiguration, configurations = Bundle[{blockViewUpdate=false}][ssdk:v1.3.130-5a024cf,sdplugin:v16.56.0-85a272db]
07-20 15:31:48.129 22607 22607 I SDP.SysUi.LiteSeedling:  268451924&3&20_sid=268451924_rk=8fc86c,findTargetView, viewTag = ViewTagInfo(entrance=status_bar[8,20], serviceId=268451924, cardSizeInEngine=notification_sm, index=0, realEngineTypeName=LITE, hashCode=183696694)[ssdk:v1.3.130-5a024cf,sdplugin:v16.56.0-85a272db]
07-20 15:31:48.129 22607 22607 I ULELite : [ULEView.StatusBar5notification_sm]dispatchDynamicConfiguration key = blockViewUpdate, value = false action: ["pantanal.intent.business.app.system.CHARGE"] version: 1.56.0_ums_16.56.0_a21a8af
07-20 15:31:48.129 22607 22607 I ULELite : [CardFrontend.StatusBar5notification_sm]UpdateBlockViewState blockViewUpdate: false, local blockViewUpdatetrue, blockPendingData: null
07-20 15:31:48.129 22607 22607 I ULELite : [CapsuleView5_View_228057283]blockViewUpdate: false
07-20 15:31:48.129 22607 22607 I ULELite : [CapsuleView5_Presenter_213670423]handPendingDataIfNeeded: false, false, StatusBarCapsuleData(index=2, isFirstLoad=false, iconA=null, iconA0=Icon(type='image', voiceLabel=null, shapeStyle=NONE, isSupportPreAnimation=false, expandedSize='', showIconBg=false, isUpdateWidget=false, refresh=false, image=ImageModel(level='A0', drawable=b7.y@26346e1, aodStaticDrawable=null, shapeStyle=CIRCLE, voiceLabel=null, scaleType=null, sweepLightEffect=), lottie=null, widget=null), titleB=Title(textAlignment=null, textLayoutReversed=false, numberFixedWidth=true, isEnhancedCapsule=false, maskSensitiveInformation=false, isStretch=false, refresh=false, mainTitle=TextData(value=Charging, level=B, charSequence=null, privacyData='', spanList=null, textColor=-16728813, transformEffect='fade', fontSize=null, voiceLabel=null, sweepLightEffect=), subTitle=null), titleB0=Title(textAlignment=center, textLayoutReversed=false, numberFixedWidth=true, isEnhancedCapsule=false, maskSensitiveInformation=false, isStretch=false, refresh=f
07-20 15:31:48.129 22607 22607 I ULELite : [CapsuleView5_Presenter_213670423]setupView: forceRefresh=false, needAnimation=true, animationStatus=true, firstPageChangeUpdate=false, isShown=true, displayModel==>pATPu9Wa0NWZylGR0V3b5FGbsxWdu1TZsJWY3FmcEV2bjBCLlNHbhZWPul2ZyFWTsxWYtN1ZulGZhVGbgwSZzxWYm1jbpdmch1EbsFWbTdmbpxWahJHdgwSZzxWYm1TZsV3cwF2QkV2YuFGauV0cpBCLF50TO1Tby9mZz5WYyRVZ0FGZwVHIsUWdyRXPoRHZpdFZlhXaGJXZi1WduBCLsxWdu1jcvx2bDV2avJHdzBCLBJUPlBXeURnblRnbvNEdodWayBCLC1TZwlHV05WZ052bDRnZlxGIswGb15WP0NWZmZWRnJGIskSZzxWYm1DazVmcmVmcgwiNwMWZzUmNAVGbiF2dhJHRwFWb0lmQuUGbiF2dhJHZuM3YphGchJ3ZuQWavJHZuFWPlxmYhdXYyRGIswGb15mOn5Gcu82Zvx2X5JHdl1Wb5N3LzV2Zh1WavMHdlN3ch1TZ1xWY2hSZsJmY1JUPlxmYiVnYgwSK4ETPlpXaTVmZhNHIsIDO9gGdkl2VhJXZtF2YgwCN3ITPoRHZpd1dllmV0h2ZpJHIsMzNy0Da0RWaXdXZpZFdmVGbgwSMyETPoRHZpdFd4VGV0h2ZpJHIsgjMy0Da0RWaXRHelRFdmVGbgwiM0ITPoRHZpdVZsJWYslWY2FEd4VGV0h2ZpJHIsATNz0Da0RWaXVGbiFGbpFmdBRHelRFdmVGbgwCOx0jbpdmch1UZsRXaURHanlmcgwSO94WanJXYNVGb0lGV0ZWZsBCLwkTP0h2ZpVGSlJXd0NWaQRHanlmcgwSO50Da0RWaXVmc1R3YpBFdodWayBCLw0DdodWalhUZyVHdjlGU0ZWZsBCLw0Da0RWaXVmc1R3YpBFdmVGbgwSOwkTPoRHZpdFeh1UZsV3cwF2YgwCM1QTPoRHZpdlbp1UZsV3cwF2YgwiNz0zZulGZkFGU0h2ZpJHIsYzM9cmbpRGZhBFdmVGbgwSNzETP0h2ZpVGagwiN2YTPoRHZpdHKlpXaT1TZ6l2cgwSKsxWdu1TZsRXaUJWdzBCLp0DdjVmZmVEdodWaMBXZld3cgwCbsVnb9wWZiFGTlNWavZHIswGb15WPlpXaTRnbvZGIscSZkFmZn0DdjVmZmVUby9mZz5WYyRHIsMTM4gjM3YTMt0jcvx2bDRHelRHIswGb15WP0NXaM5WYwNHIscyJ9EGdhRUejFmdpJHcgwCbsVnb9U2YuVWdxV2UyFGajBCLwIUPsVmdlxGIsUyM20TZ1xWY2hSY0FGR0hXZU1TZsRXaU5Wah1GIsU2csFmZ9g2clJnZlJHIsU2csFmZ9g2Y0Vmc0N1cpBCLlNHbhZWPu9Wa0FWby9mZulUZ2lGdpNnblN1azFWbgwSZzxWYm1TZsV3cwF2QkV2YuFGauV0cpBCLlVnc01Da0RWaXRWZ4lmRyVmYtVnbgwSZzxWYm1DZlNnclZXZSRXdvlXYMRHelRHIsIXZ05WZj1DduVWbudWasFEd4VGdoUGb0lGV9AjQlxGdpRHIskCbsVnb9UGb0lGViV3cgwSK9Q3YlZmZFRHanlGTwVWZ3NHIswGb15WPsVmYhxUZjl2b2BCLsxWdu1TZ6l2U052bmBCLnUGZhZ2J9Q3YlZmZF1mcvZ2cuFmc0BCLzEDO4IzN2ETL9I3bs92Q0hXZ0BCLsxWdu1DdzlGTuFGczBCLncSPhRXYEl3YhZXayBHIswGb15WPlNmblVXclNlchh2YgwiQ9wWZ2VGbgwyZul2ZyFGaD1TZ1xWY2hSY0FGR0hXZU1TZsRXaU5Wah1GIsU2csFmZ9g2clJnZlJHIsU2csFmZ9g2Y0Vmc0N1cpBCLlNHbhZWPu9Wa0FWby9mZulUZ2lGdpNnblN1azFWbgwSZzxWYm1TZsV3cwF2QkV2YuFGauV0cpBCLlVnc01Da0RWaXRWZ4lmRyVmYtVnbgwSZzxWYm1DZlNnclZXZSRXdvlXYMRHelRHIswGb15WP05WZt52ZpxWQ0hXZ0hSZsRXaU1jQlxGdpRHIskCbsVnb9QXZnRWa3BCLsxWdu1TZpRHdvxGIskSP0NWZmZWR0h2ZpxEclV2dzBCLsxWdu1TZwlHVlxWYjNHIswGb15WPsVmYhxUZjl2b2BCLFx0QSl0Q9UGb5R3UlBXYoNHIswGb15WPlxmYhdXYyR0YpRXY0NFZvFGIsETZ2QzM2IDQ55yNi1TZsJWY3FmckBCLnATQn0DblZXZshCblR2bNV2Zh1WS9U2Zh1WagwSZzxWYm1DazVmcmVmcgwSZzxWYm1DdldGZpdVZ0FGZwV1cpBCLlNHbhZWPnJkbvNWS39GazBCLncSPlpXaTRWZk5WYwhXZgwSZzxWYm1jbvlGdh1WauFUZyBFdy9GcwV3UzlGIsUkTP5UPlxWe0NVZwFGazBCLsxWdu1DblJWYMV2Yp9mdgwyJldWYtl2J9UGc5RHKu92YJ1DMB52bjlGIswGb15WPB52bjlGIsU2csFmZ9QWYvxEdzJXaGNXagwiM9gXZk5WaoEGdhRUZsV3cwF2QyFmQzVHdhR3U
07-20 15:31:48.129 22607 22607 I SDP.SysUi.EngineViewProxy:  setDynamicConfiguration: remote:null lite:d6.va{ccc1ed1 V.E...... ........ 387,13-1053,148 alpha=1.0 viewInfo = }[ssdk:v1.3.130-5a024cf,sdplugin:v16.56.0-85a272db]
07-20 15:31:48.129 22607 22607 W PluginSeedling--CapsuleCard: CardsRepository-->update--view null
07-20 15:31:48.130 22607 22607 I PluginSeedling--Base: WindowController-->resetCapsuleVisibleIfNeeded true
07-20 15:31:48.130 22607 22607 I PluginSeedling--Base: WindowController-->curState:32 curKeyArray: ["268451924||0|1784536306699"] lastJsonArray:[]
07-20 15:31:48.130 22607 22948 I PluginSeedling--Base: WindowController-->updateJson {"enable":0,"curState":32,"curList":["268451924||0|1784536306699"]}
07-20 15:31:48.130 22607 22607 I PluginSeedling--Capsule: CapsuleVisEx-->onStateChanged: sourceStateSTART_STATE, targetState:INSTANT_CARD_STATE, contentState:NORMAL
07-20 15:31:48.130 22607 22607 I PluginSeedling--CapsuleCard: CardRootViewModel-->autoSetCardRootVisible: isQsExpandfalse 
07-20 15:31:48.130 22607 22607 I PluginSeedling--StatusBar: SimpleSceneBuilder-->afterAction end animatorSceneType SMALL_INSTANT_CARD_APPEAR
07-20 15:31:48.130 22607 22607 E DynamicFramerate [DynamicFrameRateManagerImpl]: setFrameRateInterNalForNoContext: TIMING_DO_NO_CONTEXT_ANIMATION transaction = null, need apply actively
07-20 15:31:48.130  3535  3613 D OplusFloorRefreshRateController: onSeedlingCardStateChange state=32
07-20 15:31:48.131 22607 22607 E DynamicFramerate [DynamicFrameRateManagerImpl]: setFrameRateInterNalForNoContext: TIMING_DO_NO_CONTEXT_ANIMATION request is = FrameRateRequest: {  mUniqueID = 201809160, mVelocity = -2, mPreviousFrameRate = 120, mBindWithSC = true, mSc = null, mTransaction = android.view.SurfaceControl$Transaction@6ab4917, Type = 20402 } , frameRate 0
07-20 15:31:48.131 22607 22607 I DynamicFramerate [DynamicFrameRateManagerImpl]: setFrameRateInterNalForNoContext: TIMING_DO_NO_CONTEXT_ANIMATION, request = FrameRateRequest: {  mUniqueID = 201809160, mVelocity = -2, mPreviousFrameRate = 120, mBindWithSC = true, mSc = null, mTransaction = android.view.SurfaceControl$Transaction@6ab4917, Type = 20402 } 
07-20 15:31:48.131  2237  6158 D OplusSurfaceFlinger: OPLUS_CODE_PAD_FLOOR_FPS state=32, type=6
07-20 15:31:48.131 22607 22607 W PluginSeedling--Origin: CallHandler-->releaseUahEvent failed handle = -1
07-20 15:31:48.131 22607 22607 E [OPLUS_AFS_CONFIG]: Failed to open AFS config file: /proc/oplus_afs_config/afs_config
07-20 15:31:48.131 22607 22607 E AFS_CONFIG: Failed to get scene config
07-20 15:31:48.131 22607 22607 E OplusAfsManager: afsConfigSceneConfigGet sceneType is null
07-20 15:31:48.131 22607 22607 I SystemUi--Common: AnimAfsManager-->enableAnimationCtrl key:100 enable:false, result: 0
07-20 15:31:48.131  3535  3625 I UserAwareMgr: event is already released: SceneEvent{id=3006, maxWorkDurationMs=1000, caller='[systemui]', eventFlags=0, fbPriority=1, keyThreads=[KeyThread{name=UIThread, owner=systemui, schedPolicy=ux, priority=HEAVY, maxThreadCount=1}, KeyThread{name=RenderThread, owner=systemui, schedPolicy=ux, priority=HEAVY, maxThreadCount=1}, KeyThread{name=HwUiTask, owner=systemui, schedPolicy=ux, priority=LIGHT, maxThreadCount=1}], vipBinderGroup=null}, callingPid: 22607, appPid: 0
07-20 15:31:48.132 22607 22948 I PantaCard.SysUi.SeedlingCard:  268451924&3&20_sid=268451924_rk=8fc86c_sk=575d06,notifySizeChange, [oldSize, newSize]:[0, 7],cardTag:268451924&3&20,[sdk:v1.3.130-5a024cf,seed-plugin:v16.56.0-85a272db,app:v16.99.12]
07-20 15:31:48.132 22607 22948 I PantaCard.SysUi.SeedlingCard:  268451924&3&20_sid=268451924_rk=8fc86c,packCardAction:origin params:{life_circle=size_change}[sdk:v1.3.130-5a024cf,seed-plugin:v16.56.0-85a272db,app:v16.99.12]
07-20 15:31:48.132 22607 22948 I PantaCard.SysUi.CardManagerProxy:  268451924&3&20_sid=268451924_rk=8fc86c_sk=575d06,requestCardAction: life_circle:size_change,yyypUWdyRXP5ZWa09mTkxWdvh2cgwSZ1JHd9g2Y0VmRlNmcvZEZsV3boNHIs03NmATPhRXYk91czVmbpNXdiBCL40TZj5WYyRnbl91ZulGbkVWZzBCLxADMwADMx0TZk92Yf52bpNnclZ3XrBXdgwCNykTM1QDO2ITPkl2XlNWa2JXZzBCLwADMx0TZ6l2cfRmchNGIs42bzpmL4VGZul2LzV2ZhBXPkl2XldWYwBCLy0TZwlHdfVGdhVmcj9FZyF2YgwSZn5WYoN2XlpXaz1TZsNmcpN2XlZWastXPtFmchBHIsITPu9Wa0NWYo42bpR3YBRmchNkOu9Wa0NWYxxx[sdk:v1.3.130-5a024cf,seed-plugin:v16.56.0-85a272db,app:v16.99.12]
07-20 15:31:48.132  1945  2120 I sensors-hal: get_display_brightness:763, _use_black_mode: 1, _dft_scrn.blank_mode: 1, _dft_scrn.blank_mode_sec: 0
07-20 15:31:48.133 22607 12136 I PantaCard.SysUi.ServiceManagerProxy:  requestCardAction: lifeCircle = size_change, costTime = 0ms,yyy#0VK9djJw0TY0FGZfN3cl5WazVnYgwCO9U2YuFmc05WZfdmbpxGZlV2cgwSMwADMwATM9UGZvN2Xu9WazJXZ291awVHIsQjM5ETN0gjNy0DZp9VZjlmdyV2cgwCMwATM9UmepN3XkJXYjBCLu92cq5CelRmbp9ycldWYw1DZp9VZnFGcgwiM9UGc5R3XlRXYlJ3YfRmchNGIsU2ZuFGaj9VZ6l2c9UGbjJXaj9VZmlGb71TbhJXYwxiM942bpR3YhhibvlGdjFEZyF2Q942bpR3YhBCL2ADZ1cTN9s2cfNmN4MmZ40zay9FNykTM1QDO2ITPkl2cfBjMmMjJ0ITOxUDN4YjM9kXZLVWdxlmbVRmchN2W6cWYUN3cl5WazVnYxxx[sdk:v1.3.130-5a024cf,seed-plugin:v16.56.0-85a272db,app:v16.99.12]
07-20 15:31:48.133 22607 12136 I Channel.Server[1000038].systemui.ClientProxyImpl(seedling_client_statusbar): request, businessTag=[cardUniqueKey=268451924&3&20_sid=268451924_rk=8fc86c_sk=575d06, action=CardAction(action=2,param={life_circle=size_change, card_create_type=2, page_id=pages/index.json, card_size=1000, service_id=268451924, upk_version_code=1000001, seedling_entrance=8, business_data=0&7})], shouldForceFetch=true, shouldNotify=true, this=65620286
07-20 15:31:48.133 22607 12136 I Channel.Server[1000038].systemui.AlwaysPuller: pullClient, businessTag=[cardUniqueKey=268451924&3&20_sid=268451924_rk=8fc86c_sk=575d06, action=CardAction(action=2,param={life_circle=size_change, card_create_type=2, page_id=pages/index.json, card_size=1000, service_id=268451924, upk_version_code=1000001, seedling_entrance=8, business_data=0&7})], shouldForceFetch = [true] clientName = [seedling_client_statusbar], clientConfig=ClientConfig(clientPackage='com.oplus.pantanal.ums', providerAuthority='com.oplus.pantanal.ums.cardservice.provider.CardServiceClientProvider', serviceComponent='com.oplus.pantanal.ums.cardservice.service.CardComponentService', aliveType=3, needNotify=false)
07-20 15:31:48.133 22607 12136 D OplusUserContext: acquireUnstableContentProviderClient, originAuthority com.oplus.pantanal.ums.cardservice.provider.CardServiceClientProvider authorityWithoutUserId com.oplus.pantanal.ums.cardservice.provider.CardServiceClientProvider authorityWithUserId 0@com.oplus.pantanal.ums.cardservice.provider.CardServiceClientProvider UserContextImp com.android.systemui.SystemUIApplication@5812319 userId 0
07-20 15:31:48.134  2914  2931 I Channel.Client[1000040].ums.ChannelClientProvider: call, has RESULT_COMMAND_LIST in extras, clientProxy=com.oplus.channel.client.ClientProxy@5fe4d18, clientName=seedling_client_statusbar, method=pull
07-20 15:31:48.134  2914  2968 I CardService[1006200].ClientImpl: request: cardAction = Action(shouldForceFetch=false, shouldNotify=true, action=2, extraParams={life_circle=size_change, card_create_type=2, page_id=pages/index.json, card_size=1000, card_unique_key=268451924&3&20_sid=268451924_rk=8fc86c_sk=575d06, service_id=268451924, is_support_multi_instance=false, upk_version_code=1000001, service_instance_id=, seedling_entrance=8, business_data=0&7})
07-20 15:31:48.134  2914  2968 I CardService[1006200].UiDataChannelPolicy: [268451924&3&20_sid=268451924_rk=8fc86c_sk=575d06] request: cardAction = {life_circle=size_change, card_create_type=2, page_id=pages/index.json, card_size=1000, card_unique_key=268451924&3&20_sid=268451924_rk=8fc86c_sk=575d06, service_id=268451924, is_support_multi_instance=false, upk_version_code=1000001, service_instance_id=, seedling_entrance=8, business_data=0&7}
07-20 15:31:48.134 22607 12136 I Channel.Server[1000038].systemui.AlwaysPuller: pullClient, businessTag=[cardUniqueKey=268451924&3&20_sid=268451924_rk=8fc86c_sk=575d06, action=CardAction(action=2,param={life_circle=size_change, card_create_type=2, page_id=pages/index.json, card_size=1000, service_id=268451924, upk_version_code=1000001, seedling_entrance=8, business_data=0&7})], clientName=[seedling_client_statusbar] result=[Bundle[{consumed=true, call_result=0}]]
07-20 15:31:48.134  2914  3020 I CardService[1006200].CardServiceImpl: [268451924&3&20_sid=268451924_rk=8fc86c_sk=575d06] requestCardAction, action = {life_circle=size_change, card_create_type=2, page_id=pages/index.json, card_size=1000, card_unique_key=268451924&3&20_sid=268451924_rk=8fc86c_sk=575d06, service_id=268451924, is_support_multi_instance=false, upk_version_code=1000001, service_instance_id=, seedling_entrance=8, business_data=0&7}, card = Card(cardIdentify=CardIdentify(cardIndex=3, cardType=268451924, hostId=20, cardCreateType=2, cardEntrance=8))
07-20 15:31:48.134  2914  3020 I CardService[1006200].CardDataChannelImpl: [268451924&3&20_sid=268451924_rk=8fc86c] requestCardAction, action = 2, extras = {life_circle=size_change, card_create_type=2, page_id=pages/index.json, card_size=1000, card_unique_key=268451924&3&20_sid=268451924_rk=8fc86c_sk=575d06, service_id=268451924, is_support_multi_instance=false, upk_version_code=1000001, service_instance_id=, seedling_entrance=8, business_data=0&7}, protocol=2, shouldForceFetch=true, shouldNotify=true
07-20 15:31:48.134  2914  3020 I Channel.Server[1000040].ums.ClientProxyImpl(hargeSeedling.ChargeSeedlingCardProvider): request, businessTag=[268451924&3&20_sid=268451924_rk=8fc86c], extra = [size_change, 2, pages/index.json, 1000, 268451924&3&20_sid=268451924_rk=8fc86c_sk=575d06, 268451924, false, 1000001, , 8, 0&7], shouldForceFetch=true, shouldNotify=true, this=153504215
07-20 15:31:48.134  2914   723 I Channel.Server[1000040].ums.CallPuller: changeProviderClient, providerAuthority: com.oplus.battery.seedling.charge, providerClient: android.content.ContentProviderClient@45f4082, userContext=null
07-20 15:31:48.135 27174   592 I ddwl    : (REDACTED) Writing metadata key: %s, corpus: %s
07-20 15:31:48.135 27174   592 I ddwl    : (REDACTED) Writing metadata key: %s, corpus: %s
07-20 15:31:48.135  5826  5871 I Channel.Client[1000032].battery.ChannelClientProvider: call, clientProxy=com.oplus.channel.client.ClientProxy@c02ea7f, clientName=com.oplus.powermanager.chargeSeedling.ChargeSeedlingCardProvider
07-20 15:31:48.135  5826 30763 D CardWidget_SEEDLING_SUPPORT_SDK(3000008): (SeedlingSupportCardExecutor-pool-2-thread-1) CardExecutor: request,data:396
07-20 15:31:48.135  5826 30763 D CardWidget_SEEDLING_SUPPORT_SDK(3000008): (SeedlingSupportCardExecutor-pool-2-thread-1) use json to decode,size = 396
07-20 15:31:48.135  5826 30763 D CardWidget_SEEDLING_SUPPORT_SDK(3000008): (SeedlingSupportCardExecutor-pool-2-thread-1) card = {"cardType":268451924,"cardId":3,"hostId":20,"action":2,"param":{"life_circle":"size_change","card_create_type":"2","page_id":"pages\/index.json","card_size":"1000","card_unique_key":"268451924&3&20_sid=268451924_rk=8fc86c_sk=575d06","service_id":"268451924","is_support_multi_instance":"false","upk_version_code":"1000001","service_instance_id":"","seedling_entrance":"8","business_data":"0&7"}}  action = 2
07-20 15:31:48.135  5826 30763 D CardWidget_SEEDLING_SUPPORT_SDK(3000008): (SeedlingSupportCardExecutor-pool-2-thread-1) copyValue:service_id = 268451924;card_create_type = 2;card_size = 1000;seedling_entrance = 8;page_id = pages/index.json;upk_version_code = 1000001;service_instance_id = ;card_unique_key = 268451924&3&20_sid=268451924_rk=8fc86c_sk=575d06;
07-20 15:31:48.135  2914   723 I Channel.Server[1000040].ums.CallPuller: callPull, businessTag=[268451924&3&20_sid=268451924_rk=8fc86c], extra = [size_change, 2, pages/index.json, 1000, 268451924&3&20_sid=268451924_rk=8fc86c_sk=575d06, 268451924, false, 1000001, , 8, 0&7], com.oplus.powermanager.chargeSeedling.ChargeSeedlingCardProvider result:Bundle[{consumed=true, call_result=0}]
07-20 15:31:48.135  5826 30763 D CardWidget_SEEDLING_SUPPORT_SDK(3000008): (SeedlingSupportCardExecutor-pool-2-thread-1) copyValue:
07-20 15:31:48.135  5826 30763 D CardWidget_SEEDLING_SUPPORT_SDK(3000008): (SeedlingSupportCardExecutor-pool-2-thread-1) [268451924&3&20_sid=268451924_rk=8fc86c_sk=575d06] dispatchLifecycle=size_change,host=StatusBar instance=
07-20 15:31:48.135  5826 30763 D CardWidget_SEEDLING_SUPPORT_SDK(3000008): (SeedlingSupportCardExecutor-pool-2-thread-1) getSizeChangeParams. {"life_circle":"size_change","card_create_type":"2","page_id":"pages\/index.json","card_size":"1000","card_unique_key":"268451924&3&20_sid=268451924_rk=8fc86c_sk=575d06","service_id":"268451924","is_support_multi_instance":"false","upk_version_code":"1000001","service_instance_id":"","seedling_entrance":"8","business_data":"0&7"}
07-20 15:31:48.135  5826 30763 D CardWidget_SEEDLING_SUPPORT_SDK(3000008)_SeedlingCardCache: (SeedlingSupportCardExecutor-pool-2-thread-1) [268451924&3&20_sid=268451924_rk=8fc86c_sk=575d06] onSizeChange instanceId=
07-20 15:31:48.135  5826 30763 D CardWidget_SEEDLING_SUPPORT_SDK(3000008): (SeedlingSupportCardExecutor-pool-2-thread-1) getSizeChangeParams. {"life_circle":"size_change","card_create_type":"2","page_id":"pages\/index.json","card_size":"1000","card_unique_key":"268451924&3&20_sid=268451924_rk=8fc86c_sk=575d06","service_id":"268451924","is_support_multi_instance":"false","upk_version_code":"1000001","service_instance_id":"","seedling_entrance":"8","business_data":"0&7"}
07-20 15:31:48.137 24888 24888 D nativeloader: Load /data/app/~~x3zyDjj2j7P0xz7zpuRqQg==/com.google.android.webview-U0n2DF0lkN9i186o7Yzoiw==/base.apk!/lib/arm64-v8a/libwebviewchromium.so using class loader ns clns-10 (caller=/data/app/~~x3zyDjj2j7P0xz7zpuRqQg==/com.google.android.webview-U0n2DF0lkN9i186o7Yzoiw==/base.apk): ok
07-20 15:31:48.137 27174 27332 I ddsg    : (REDACTED) Starting batch sync for corpora: %s
07-20 15:31:48.138 24888 24888 D nativeloader: Load /system/lib64/libwebviewchromium_plat_support.so using class loader ns clns-10 (caller=/data/app/~~x3zyDjj2j7P0xz7zpuRqQg==/com.google.android.webview-U0n2DF0lkN9i186o7Yzoiw==/base.apk): ok
07-20 15:31:48.140 27174   799 I ddsg    : (REDACTED) The syncToken for corpus %s is %s and the syncRequestReason is %s
07-20 15:31:48.141 24888 24888 I in.sandboxmusic: AssetManager2(0xb400006f58916028) locale list changing from [] to [en-TH]
07-20 15:31:48.143 24888 24888 I in.sandboxmusic: AssetManager2(0xb400006f58917828) locale list changing from [] to [en-TH]
07-20 15:31:48.143 24888 24888 I in.sandboxmusic: AssetManager2(0xb400006f58917528) locale list changing from [] to [en-TH]
07-20 15:31:48.148 24888 24888 I cr_LibraryLoader: Successfully loaded native library
07-20 15:31:48.148 24888 24888 I cr_CachingUmaRecorder: Flushed 50 samples from 23 histograms, 0 samples were dropped.
07-20 15:31:48.150 24888 24888 I cr_ChildProcLH: ScopedServiceBindingBatch.tryActivate: false
07-20 15:31:48.151 27132 32550 E native  : E0000 00:00:1784536308.151299   32550 geller_cache.cc:286] Failed to process element for deletion: missing timestamp
07-20 15:31:48.151 24888 24888 I cr_CombinedPProvider: #registerProvider() provider:WV.wk@d27d06f isPolicyCacheEnabled:false policyProvidersSize:0
07-20 15:31:48.151 27132 32550 E native  : E0000 00:00:1784536308.151424   32550 geller_cache.cc:286] Failed to process element for deletion: missing timestamp
07-20 15:31:48.151 24888 24888 I cr_PolicyProvider: #setManagerAndSource() 0
07-20 15:31:48.151 27132 32550 E native  : E0000 00:00:1784536308.151463   32550 geller_cache.cc:286] Failed to process element for deletion: missing timestamp
07-20 15:31:48.151 27132 32550 E native  : E0000 00:00:1784536308.151479   32550 geller_cache.cc:286] Failed to process element for deletion: missing timestamp
07-20 15:31:48.151 27132 32550 E native  : E0000 00:00:1784536308.151483   32550 geller_cache.cc:286] Failed to process element for deletion: missing timestamp
07-20 15:31:48.151 27132 32550 E native  : E0000 00:00:1784536308.151486   32550 geller_cache.cc:286] Failed to process element for deletion: missing timestamp
07-20 15:31:48.151 27132 32550 E native  : E0000 00:00:1784536308.151489   32550 geller_cache.cc:286] Failed to process element for deletion: missing timestamp
07-20 15:31:48.151 27132 32550 E native  : E0000 00:00:1784536308.151492   32550 geller_cache.cc:286] Failed to process element for deletion: missing timestamp
07-20 15:31:48.151 27132 32550 E native  : E0000 00:00:1784536308.151495   32550 geller_cache.cc:286] Failed to process element for deletion: missing timestamp
07-20 15:31:48.151 27132 32550 E native  : E0000 00:00:1784536308.151498   32550 geller_cache.cc:286] Failed to process element for deletion: missing timestamp
07-20 15:31:48.151 27132 32550 E native  : E0000 00:00:1784536308.151501   32550 geller_cache.cc:286] Failed to process element for deletion: missing timestamp
07-20 15:31:48.151 27132 32550 E native  : E0000 00:00:1784536308.151505   32550 geller_cache.cc:286] Failed to process element for deletion: missing timestamp
07-20 15:31:48.151 27132 32550 E native  : E0000 00:00:1784536308.151509   32550 geller_cache.cc:286] Failed to process element for deletion: missing timestamp
07-20 15:31:48.151 27132 32550 E native  : E0000 00:00:1784536308.151512   32550 geller_cache.cc:286] Failed to process element for deletion: missing timestamp
07-20 15:31:48.151 27132 32550 E native  : E0000 00:00:1784536308.151514   32550 geller_cache.cc:286] Failed to process element for deletion: missing timestamp
07-20 15:31:48.151 27132 32550 E native  : E0000 00:00:1784536308.151517   32550 geller_cache.cc:286] Failed to process element for deletion: missing timestamp
07-20 15:31:48.151 27132 32550 E native  : E0000 00:00:1784536308.151520   32550 geller_cache.cc:286] Failed to process element for deletion: missing timestamp
07-20 15:31:48.151 27132 32550 E native  : E0000 00:00:1784536308.151523   32550 geller_cache.cc:286] Failed to process element for deletion: missing timestamp
07-20 15:31:48.151 27132 32550 E native  : E0000 00:00:1784536308.151526   32550 geller_cache.cc:286] Failed to process element for deletion: missing timestamp
07-20 15:31:48.151 27132 32550 E native  : E0000 00:00:1784536308.151529   32550 geller_cache.cc:286] Failed to process element for deletion: missing timestamp
07-20 15:31:48.151 27132 32550 E native  : E0000 00:00:1784536308.151532   32550 geller_cache.cc:286] Failed to process element for deletion: missing timestamp
07-20 15:31:48.151 27132 32550 E native  : E0000 00:00:1784536308.151535   32550 geller_cache.cc:286] Failed to process element for deletion: missing timestamp
07-20 15:31:48.151 27132 32550 E native  : E0000 00:00:1784536308.151537   32550 geller_cache.cc:286] Failed to process element for deletion: missing timestamp
07-20 15:31:48.151 27132 32550 E native  : E0000 00:00:1784536308.151540   32550 geller_cache.cc:286] Failed to process element for deletion: missing timestamp
07-20 15:31:48.151 27132 32550 E native  : E0000 00:00:1784536308.151543   32550 geller_cache.cc:286] Failed to process element for deletion: missing timestamp
07-20 15:31:48.151 27132 32550 E native  : E0000 00:00:1784536308.151546   32550 geller_cache.cc:286] Failed to process element for deletion: missing timestamp
07-20 15:31:48.151 27132 32550 E native  : E0000 00:00:1784536308.151548   32550 geller_cache.cc:286] Failed to process element for deletion: missing timestamp
07-20 15:31:48.151 27132 32550 E native  : E0000 00:00:1784536308.151552   32550 geller_cache.cc:286] Failed to process element for deletion: missing timestamp
07-20 15:31:48.151 27132 32550 E native  : E0000 00:00:1784536308.151555   32550 geller_cache.cc:286] Failed to process element for deletion: missing timestamp
07-20 15:31:48.151 27132 32550 E native  : E0000 00:00:1784536308.151559   32550 geller_cache.cc:286] Failed to process element for deletion: missing timestamp
07-20 15:31:48.151 27132 32550 E native  : E0000 00:00:1784536308.151562   32550 geller_cache.cc:286] Failed to process element for deletion: missing timestamp
07-20 15:31:48.151 27132 32550 E native  : E0000 00:00:1784536308.151565   32550 geller_cache.cc:286] Failed to process element for deletion: missing timestamp
07-20 15:31:48.151 27132 32550 E native  : E0000 00:00:1784536308.151568   32550 geller_cache.cc:286] Failed to process element for deletion: missing timestamp
07-20 15:31:48.151 27132 32550 E native  : E0000 00:00:1784536308.151571   32550 geller_cache.cc:286] Failed to process element for deletion: missing timestamp
07-20 15:31:48.151 27132 32550 E native  : E0000 00:00:1784536308.151574   32550 geller_cache.cc:286] Failed to process element for deletion: missing timestamp
07-20 15:31:48.151 27132 32550 E native  : E0000 00:00:1784536308.151577   32550 geller_cache.cc:286] Failed to process element for deletion: missing timestamp
07-20 15:31:48.151 27132 32550 E native  : E0000 00:00:1784536308.151580   32550 geller_cache.cc:286] Failed to process element for deletion: missing timestamp
07-20 15:31:48.151 27132 32550 E native  : E0000 00:00:1784536308.151583   32550 geller_cache.cc:286] Failed to process element for deletion: missing timestamp
07-20 15:31:48.151 27132 32550 E native  : E0000 00:00:1784536308.151585   32550 geller_cache.cc:286] Failed to process element for deletion: missing timestamp
07-20 15:31:48.151 27132 32550 E native  : E0000 00:00:1784536308.151588   32550 geller_cache.cc:286] Failed to process element for deletion: missing timestamp
07-20 15:31:48.151 27132 32550 E native  : E0000 00:00:1784536308.151591   32550 geller_cache.cc:286] Failed to process element for deletion: missing timestamp
07-20 15:31:48.151 27132 32550 E native  : E0000 00:00:1784536308.151595   32550 geller_cache.cc:286] Failed to process element for deletion: missing timestamp
07-20 15:31:48.151 27132 32550 E native  : E0000 00:00:1784536308.151597   32550 geller_cache.cc:286] Failed to process element for deletion: missing timestamp
07-20 15:31:48.151 27132 32550 E native  : E0000 00:00:1784536308.151601   32550 geller_cache.cc:286] Failed to process element for deletion: missing timestamp
07-20 15:31:48.151 27132 32550 E native  : E0000 00:00:1784536308.151604   32550 geller_cache.cc:286] Failed to process element for deletion: missing timestamp
07-20 15:31:48.151 27132 32550 E native  : E0000 00:00:1784536308.151607   32550 geller_cache.cc:286] Failed to process element for deletion: missing timestamp
07-20 15:31:48.151 27132 32550 E native  : E0000 00:00:1784536308.151611   32550 geller_cache.cc:286] Failed to process element for deletion: missing timestamp
07-20 15:31:48.151 27132 32550 E native  : E0000 00:00:1784536308.151614   32550 geller_cache.cc:286] Failed to process element for deletion: missing timestamp
07-20 15:31:48.151 27132 32550 E native  : E0000 00:00:1784536308.151617   32550 geller_cache.cc:286] Failed to process element for deletion: missing timestamp
07-20 15:31:48.151 27132 32550 E native  : E0000 00:00:1784536308.151620   32550 geller_cache.cc:286] Failed to process element for deletion: missing timestamp
07-20 15:31:48.151 27132 32550 E native  : E0000 00:00:1784536308.151623   32550 geller_cache.cc:286] Failed to process element for deletion: missing timestamp
07-20 15:31:48.151 27132 32550 E native  : E0000 00:00:1784536308.151627   32550 geller_cache.cc:286] Failed to process element for deletion: missing timestamp
07-20 15:31:48.151 27132 32550 E native  : E0000 00:00:1784536308.151630   32550 geller_cache.cc:286] Failed to process element for deletion: missing timestamp
07-20 15:31:48.151 27132 32550 E native  : E0000 00:00:1784536308.151633   32550 geller_cache.cc:286] Failed to process element for deletion: missing timestamp
07-20 15:31:48.151 27132 32550 E native  : E0000 00:00:1784536308.151636   32550 geller_cache.cc:286] Failed to process element for deletion: missing timestamp
07-20 15:31:48.151 27132 32550 E native  : E0000 00:00:1784536308.151639   32550 geller_cache.cc:286] Failed to process element for deletion: missing timestamp
07-20 15:31:48.151 27132 32550 E native  : E0000 00:00:1784536308.151642   32550 geller_cache.cc:286] Failed to process element for deletion: missing timestamp
07-20 15:31:48.151 27132 32550 E native  : E0000 00:00:1784536308.151645   32550 geller_cache.cc:286] Failed to process element for deletion: missing timestamp
07-20 15:31:48.151 27132 32550 E native  : E0000 00:00:1784536308.151648   32550 geller_cache.cc:286] Failed to process element for deletion: missing timestamp
07-20 15:31:48.151 27132 32550 E native  : E0000 00:00:1784536308.151651   32550 geller_cache.cc:286] Failed to process element for deletion: missing timestamp
07-20 15:31:48.151 27132 32550 E native  : E0000 00:00:1784536308.151654   32550 geller_cache.cc:286] Failed to process element for deletion: missing timestamp
07-20 15:31:48.151 27132 32550 E native  : E0000 00:00:1784536308.151657   32550 geller_cache.cc:286] Failed to process element for deletion: missing timestamp
07-20 15:31:48.151 27132 32550 E native  : E0000 00:00:1784536308.151659   32550 geller_cache.cc:286] Failed to process element for deletion: missing timestamp
07-20 15:31:48.151 27132 32550 E native  : E0000 00:00:1784536308.151662   32550 geller_cache.cc:286] Failed to process element for deletion: missing timestamp
07-20 15:31:48.151 27132 32550 E native  : E0000 00:00:1784536308.151664   32550 geller_cache.cc:286] Failed to process element for deletion: missing timestamp
07-20 15:31:48.151 27132 32550 E native  : E0000 00:00:1784536308.151668   32550 geller_cache.cc:286] Failed to process element for deletion: missing timestamp
07-20 15:31:48.151 27132 32550 E native  : E0000 00:00:1784536308.151671   32550 geller_cache.cc:286] Failed to process element for deletion: missing timestamp
07-20 15:31:48.151 27132 32550 E native  : E0000 00:00:1784536308.151674   32550 geller_cache.cc:286] Failed to process element for deletion: missing timestamp
07-20 15:31:48.151 27132 32550 E native  : E0000 00:00:1784536308.151676   32550 geller_cache.cc:286] Failed to process element for deletion: missing timestamp
07-20 15:31:48.151 27132 32550 E native  : E0000 00:00:1784536308.151679   32550 geller_cache.cc:286] Failed to process element for deletion: missing timestamp
07-20 15:31:48.151 27132 32550 E native  : E0000 00:00:1784536308.151682   32550 geller_cache.cc:286] Failed to process element for deletion: missing timestamp
07-20 15:31:48.151 27132 32550 E native  : E0000 00:00:1784536308.151685   32550 geller_cache.cc:286] Failed to process element for deletion: missing timestamp
07-20 15:31:48.151 27132 32550 E native  : E0000 00:00:1784536308.151688   32550 geller_cache.cc:286] Failed to process element for deletion: missing timestamp
07-20 15:31:48.151 27132 32550 E native  : E0000 00:00:1784536308.151691   32550 geller_cache.cc:286] Failed to process element for deletion: missing timestamp
07-20 15:31:48.151 27132 32550 E native  : E0000 00:00:1784536308.151694   32550 geller_cache.cc:286] Failed to process element for deletion: missing timestamp
07-20 15:31:48.151 27132 32550 E native  : E0000 00:00:1784536308.151697   32550 geller_cache.cc:286] Failed to process element for deletion: missing timestamp
07-20 15:31:48.151 27132 32550 E native  : E0000 00:00:1784536308.151700   32550 geller_cache.cc:286] Failed to process element for deletion: missing timestamp
07-20 15:31:48.151 27132 32550 E native  : E0000 00:00:1784536308.151703   32550 geller_cache.cc:286] Failed to process element for deletion: missing timestamp
07-20 15:31:48.151 27132 32550 E native  : E0000 00:00:1784536308.151705   32550 geller_cache.cc:286] Failed to process element for deletion: missing timestamp
07-20 15:31:48.151 27132 32550 E native  : E0000 00:00:1784536308.151709   32550 geller_cache.cc:286] Failed to process element for deletion: missing timestamp
07-20 15:31:48.151 27132 32550 E native  : E0000 00:00:1784536308.151712   32550 geller_cache.cc:286] Failed to process element for deletion: missing timestamp
07-20 15:31:48.151 27132 32550 E native  : E0000 00:00:1784536308.151714   32550 geller_cache.cc:286] Failed to process element for deletion: missing timestamp
07-20 15:31:48.151 27132 32550 E native  : E0000 00:00:1784536308.151718   32550 geller_cache.cc:286] Failed to process element for deletion: missing timestamp
07-20 15:31:48.151 27132 32550 E native  : E0000 00:00:1784536308.151721   32550 geller_cache.cc:286] Failed to process element for deletion: missing timestamp
07-20 15:31:48.151 27132 32550 E native  : E0000 00:00:1784536308.151725   32550 geller_cache.cc:286] Failed to process element for deletion: missing timestamp
07-20 15:31:48.151 27132 32550 E native  : E0000 00:00:1784536308.151728   32550 geller_cache.cc:286] Failed to process element for deletion: missing timestamp
07-20 15:31:48.151 27132 32550 E native  : E0000 00:00:1784536308.151731   32550 geller_cache.cc:286] Failed to process element for deletion: missing timestamp
07-20 15:31:48.151 27132 32550 E native  : E0000 00:00:1784536308.151735   32550 geller_cache.cc:286] Failed to process element for deletion: missing timestamp
07-20 15:31:48.151 27132 32550 E native  : E0000 00:00:1784536308.151738   32550 geller_cache.cc:286] Failed to process element for deletion: missing timestamp
07-20 15:31:48.151 27132 32550 E native  : E0000 00:00:1784536308.151741   32550 geller_cache.cc:286] Failed to process element for deletion: missing timestamp
07-20 15:31:48.151 27132 32550 E native  : E0000 00:00:1784536308.151744   32550 geller_cache.cc:286] Failed to process element for deletion: missing timestamp
07-20 15:31:48.151 27132 32550 E native  : E0000 00:00:1784536308.151747   32550 geller_cache.cc:286] Failed to process element for deletion: missing timestamp
07-20 15:31:48.151 27132 32550 E native  : E0000 00:00:1784536308.151751   32550 geller_cache.cc:286] Failed to process element for deletion: missing timestamp
07-20 15:31:48.151 27132 32550 E native  : E0000 00:00:1784536308.151754   32550 geller_cache.cc:286] Failed to process element for deletion: missing timestamp
07-20 15:31:48.151 27132 32550 E native  : E0000 00:00:1784536308.151757   32550 geller_cache.cc:286] Failed to process element for deletion: missing timestamp
07-20 15:31:48.151 27132 32550 E native  : E0000 00:00:1784536308.151760   32550 geller_cache.cc:286] Failed to process element for deletion: missing timestamp
07-20 15:31:48.151 27132 32550 E native  : E0000 00:00:1784536308.151763   32550 geller_cache.cc:286] Failed to process element for deletion: missing timestamp
07-20 15:31:48.151 27132 32550 E native  : E0000 00:00:1784536308.151765   32550 geller_cache.cc:286] Failed to process element for deletion: missing timestamp
07-20 15:31:48.151 27132 32550 E native  : E0000 00:00:1784536308.151768   32550 geller_cache.cc:286] Failed to process element for deletion: missing timestamp
07-20 15:31:48.151 27132 32550 E native  : E0000 00:00:1784536308.151771   32550 geller_cache.cc:286] Failed to process element for deletion: missing timestamp
07-20 15:31:48.151 27132 32550 E native  : E0000 00:00:1784536308.151774   32550 geller_cache.cc:286] Failed to process element for deletion: missing timestamp
07-20 15:31:48.151 27132 32550 E native  : E0000 00:00:1784536308.151777   32550 geller_cache.cc:286] Failed to process element for deletion: missing timestamp
07-20 15:31:48.151 27132 32550 E native  : E0000 00:00:1784536308.151780   32550 geller_cache.cc:286] Failed to process element for deletion: missing timestamp
07-20 15:31:48.151 27132 32550 E native  : E0000 00:00:1784536308.151783   32550 geller_cache.cc:286] Failed to process element for deletion: missing timestamp
07-20 15:31:48.151 27132 32550 E native  : E0000 00:00:1784536308.151786   32550 geller_cache.cc:286] Failed to process element for deletion: missing timestamp
07-20 15:31:48.151 27132 32550 E native  : E0000 00:00:1784536308.151790   32550 geller_cache.cc:286] Failed to process element for deletion: missing timestamp
07-20 15:31:48.151 27132 32550 E native  : E0000 00:00:1784536308.151793   32550 geller_cache.cc:286] Failed to process element for deletion: missing timestamp
07-20 15:31:48.151 27132 32550 E native  : E0000 00:00:1784536308.151796   32550 geller_cache.cc:286] Failed to process element for deletion: missing timestamp
07-20 15:31:48.151 27132 32550 E native  : E0000 00:00:1784536308.151799   32550 geller_cache.cc:286] Failed to process element for deletion: missing timestamp
07-20 15:31:48.151 27132 32550 E native  : E0000 00:00:1784536308.151802   32550 geller_cache.cc:286] Failed to process element for deletion: missing timestamp
07-20 15:31:48.151 27132 32550 E native  : E0000 00:00:1784536308.151805   32550 geller_cache.cc:286] Failed to process element for deletion: missing timestamp
07-20 15:31:48.151 27132 32550 E native  : E0000 00:00:1784536308.151808   32550 geller_cache.cc:286] Failed to process element for deletion: missing timestamp
07-20 15:31:48.151 27132 32550 E native  : E0000 00:00:1784536308.151811   32550 geller_cache.cc:286] Failed to process element for deletion: missing timestamp
07-20 15:31:48.151 27132 32550 E native  : E0000 00:00:1784536308.151814   32550 geller_cache.cc:286] Failed to process element for deletion: missing timestamp
07-20 15:31:48.151 27132 32550 E native  : E0000 00:00:1784536308.151817   32550 geller_cache.cc:286] Failed to process element for deletion: missing timestamp
07-20 15:31:48.151 27132 32550 E native  : E0000 00:00:1784536308.151820   32550 geller_cache.cc:286] Failed to process element for deletion: missing timestamp
07-20 15:31:48.151 27132 32550 E native  : E0000 00:00:1784536308.151823   32550 geller_cache.cc:286] Failed to process element for deletion: missing timestamp
07-20 15:31:48.151 27132 32550 E native  : E0000 00:00:1784536308.151826   32550 geller_cache.cc:286] Failed to process element for deletion: missing timestamp
07-20 15:31:48.151 27132 32550 E native  : E0000 00:00:1784536308.151828   32550 geller_cache.cc:286] Failed to process element for deletion: missing timestamp
07-20 15:31:48.151 27132 32550 E native  : E0000 00:00:1784536308.151831   32550 geller_cache.cc:286] Failed to process element for deletion: missing timestamp
07-20 15:31:48.151 27132 32550 E native  : E0000 00:00:1784536308.151834   32550 geller_cache.cc:286] Failed to process element for deletion: missing timestamp
07-20 15:31:48.151 27132 32550 E native  : E0000 00:00:1784536308.151837   32550 geller_cache.cc:286] Failed to process element for deletion: missing timestamp
07-20 15:31:48.151 27132 32550 E native  : E0000 00:00:1784536308.151840   32550 geller_cache.cc:286] Failed to process element for deletion: missing timestamp
07-20 15:31:48.151 27132 32550 E native  : E0000 00:00:1784536308.151842   32550 geller_cache.cc:286] Failed to process element for deletion: missing timestamp
07-20 15:31:48.151 27132 32550 E native  : E0000 00:00:1784536308.151845   32550 geller_cache.cc:286] Failed to process element for deletion: missing timestamp
07-20 15:31:48.151 27132 32550 E native  : E0000 00:00:1784536308.151848   32550 geller_cache.cc:286] Failed to process element for deletion: missing timestamp
07-20 15:31:48.151 27132 32550 E native  : E0000 00:00:1784536308.151851   32550 geller_cache.cc:286] Failed to process element for deletion: missing timestamp
07-20 15:31:48.151 27132 32550 E native  : E0000 00:00:1784536308.151854   32550 geller_cache.cc:286] Failed to process element for deletion: missing timestamp
07-20 15:31:48.151 27132 32550 E native  : E0000 00:00:1784536308.151857   32550 geller_cache.cc:286] Failed to process element for deletion: missing timestamp
07-20 15:31:48.151 27132 32550 E native  : E0000 00:00:1784536308.151860   32550 geller_cache.cc:286] Failed to process element for deletion: missing timestamp
