07-20 15:31:48.692  3535  5000 D OplusStartingWindowManager: skip remove starting window for activity = ActivityRecord{218228859 u0 com.google.android.googlequicksearchbox/com.google.android.apps.search.assistant.surfaces.voice.robin.main.MainActivity t3535} ,ar != topActivityContainsStartingWindow on activityStopped
07-20 15:31:48.693  3535 27451 I OStatsManager_Calc: add screen power pkgName = com.google.android.googlequicksearchbox, uid = 10125, power = 164.39474999904633, is Fg = true, fore size = 2, mScale = 1.0
07-20 15:31:48.693  3535 27451 I OStatsManager_Calc: add screen power pkgName = rd.sheepskin.sandboxmusic, uid = 10448, power = 164.39474999904633, is Fg = true, fore size = 2, mScale = 1.0
07-20 15:31:48.693  3535 27451 I OStatsManager_Calc: noteBeforePkgSwitch change = false, curTime = 147302955, com.google.android.googlequicksearchbox, fg = true
07-20 15:31:48.693  3535 27451 I OStatsManager_OplusBatteryStatsManager: updateStateTime: PkgName = com.google.android.googlequicksearchbox, uid = 10125, state to bg, mForegroundCnt = 0, isFg = false
07-20 15:31:48.693  3535 27451 I OStatsManager_OplusBatteryStatsManager: notePkgBackground [rd.sheepskin.sandboxmusic10448], uid = 10125, pid = 27132, pkgName = com.google.android.googlequicksearchbox
07-20 15:31:48.694  5926 10389 D OplusAtlas.OplusAudioScene: callback success event:atlas_event_on_foreground_activities_changed eventInfo:pid:27132,uid:10125,hasForegroundActivities:0
07-20 15:31:48.695  3535  8375 D BackgroundInstallControlService: Package event received: 0
07-20 15:31:48.695  2199  4277 D AudioBoost: audioSchedBoost, pid=2199, tid=4277, enable=1, ret=0
07-20 15:31:48.695  2199  4277 D AudioFlingerExtImpl: updateForegroundInfo, mapInf mForegroundMap(1)|[rd.sheepskin.sandboxmusic]=1, uidPidMapInf mForegroundUidPidMap(1)|[10448]=24888
07-20 15:31:48.695  2199  4277 D AudioBoost: audioSchedBoost, pid=2199, tid=4277, enable=0, ret=0
07-20 15:31:48.699 29887 10192 D backUpPowerDataFile: took 15ms
07-20 15:31:48.703  1945  2120 I sensors-hal: get_display_brightness:763, _use_black_mode: 1, _dft_scrn.blank_mode: 1, _dft_scrn.blank_mode_sec: 0
07-20 15:31:48.706  5474  6648 V MmsProvider: inside checkQueryParametersForSubqueries
07-20 15:31:48.706  5474  6648 V MmsProvider: checkQueryParametersForSubqueries checking proj: date
07-20 15:31:48.706  5474  6648 V MmsProvider: checkQueryParametersForSubqueries checking proj: address
07-20 15:31:48.706  5474  6648 V MmsProvider: checkQueryParametersForSubqueries checking sel: sub_id = ? AND date > ?
07-20 15:31:48.706  5474  6648 V MmsProvider: checkQueryParametersForSubqueries checking sort: date DESC
07-20 15:31:48.706 26280 26280 D BoundBrokerSvc: onUnbind: Intent { act=com.google.android.gms.dck.service.START dat=chimera-action:/... xflg=0x4 cmp=com.google.android.gms/.chimera.GmsApiService mCallingUid=10119 }
07-20 15:31:48.707  5474  6648 D SmsProvider: query: match = 2, pid = 26280, uid = 10119
07-20 15:31:48.707  5474  6648 D ProviderUtil: getSelectionBySubIds = '1','2','3','4','5','-1'
07-20 15:31:48.707  5474  6648 D MmsSmsProvider: VerificationCode isAllowAccess = false
07-20 15:31:48.720 27174   796 I ddwl    : (REDACTED) Writing metadata key: %s, corpus: %s
07-20 15:31:48.721 27174   796 I ddwl    : (REDACTED) Writing metadata key: %s, corpus: %s
07-20 15:31:48.723 27174 27279 I ddsg    : (REDACTED) Starting batch sync for corpora: %s
07-20 15:31:48.728 27174   796 I ddwl    : The GellerConfig is not present, returning null.
07-20 15:31:48.728 27174   796 I ddwl    : (REDACTED) The GellerConfig is not present, defaulting isUploadEnabled for corpus %s to true.
07-20 15:31:48.729 27174   849 I ddsg    : (REDACTED) The syncToken for corpus %s is %s and the syncRequestReason is %s
07-20 15:31:48.737  1945  2120 I sensors-hal: get_display_brightness:763, _use_black_mode: 1, _dft_scrn.blank_mode: 1, _dft_scrn.blank_mode_sec: 0
07-20 15:31:48.749 27132  1178 W LOG_FLOWCTRL: ==LOGS OVER PROC QUOTA(300), rows(19969) bytes(2346953) com.google.android.googlequicksearchbox:search u(0) l(0) t(0) c(0) DROPPED==
07-20 15:31:48.749 27132  1178 I ddwl    : The GellerConfig is not present, returning null.
07-20 15:31:48.750 27132  1178 I ddwl    : (REDACTED) The GellerConfig is not present, defaulting isUploadEnabled for corpus %s to true.
07-20 15:31:48.750 27132  1178 I ddsg    : (REDACTED) No previous syncToken for corpus %s found.
07-20 15:31:48.763  5474  6648 V MmsProvider: inside checkQueryParametersForSubqueries
07-20 15:31:48.763  5474  6648 V MmsProvider: checkQueryParametersForSubqueries checking proj: date
07-20 15:31:48.763  5474  6648 V MmsProvider: checkQueryParametersForSubqueries checking proj: address
07-20 15:31:48.763  5474  6648 V MmsProvider: checkQueryParametersForSubqueries checking sel: sub_id = ? AND date > ?
07-20 15:31:48.763  5474  6648 V MmsProvider: checkQueryParametersForSubqueries checking sort: date DESC
07-20 15:31:48.763  5474  6648 D SmsProvider: query: match = 4, pid = 26280, uid = 10119
07-20 15:31:48.763  5474  6648 D ProviderUtil: getSelectionBySubIds = '1','2','3','4','5','-1'
07-20 15:31:48.763  5474  6648 D MmsSmsProvider: VerificationCode isAllowAccess = false
07-20 15:31:48.770  1945  2120 I sensors-hal: get_display_brightness:763, _use_black_mode: 1, _dft_scrn.blank_mode: 1, _dft_scrn.blank_mode_sec: 0
07-20 15:31:48.770  5727  7623 D ActivityAdapter: uid active, uid=10070
07-20 15:31:48.774  3465  4913 D CustUstManager: isCallApiSupport uri: content://call_log/calls
07-20 15:31:48.776  1831  1831 I zygote  : Delayed USAP Pool refill. New USAPs: 1
07-20 15:31:48.782  5727  7623 D ActivityAdapter: taskActivityChange: overlayLauncherScene = 0, mIsScreenOn = true
07-20 15:31:48.782  5727  7623 D ActivityAdapter: taskChange: pre: 1, cur: 1, changed:true
07-20 15:31:48.782  5727  7623 D ActivityAdapter: app com.google.android.googlequicksearchbox; com.google.android.apps.search.assistant.surfaces.voice.robin.main.MainActivity; 1; COMMON; 10125; 0; 0 exit
07-20 15:31:48.782  5727  7623 D ActivityAdapter: isEnterBGAppScene, mActiveUidMap has no app com.google.android.googlequicksearchbox
07-20 15:31:48.782  5727  7623 D ActivityAdapter: notifyActivityQuery: [rd.sheepskin.sandboxmusic; rd.sheepskin.sandboxmusic.MainActivity; 1; COMMON; 10448; 0; 0]
07-20 15:31:48.782  5727  7623 D OPlusFrontAppManager: useAdapterResult, pkg=rd.sheepskin.sandboxmusic,activity=rd.sheepskin.sandboxmusic.MainActivity,result=true
07-20 15:31:48.782  5727  7623 D OPlusFrontAppManager: decide -->> [rd.sheepskin.sandboxmusic; rd.sheepskin.sandboxmusic.MainActivity; 1; COMMON; 10448; 0; 0]
07-20 15:31:48.782  5727  7623 D ActivityAdapter: notifyActivityQuery: [rd.sheepskin.sandboxmusic; rd.sheepskin.sandboxmusic.MainActivity; 1; COMMON; 10448; 0; 0]
07-20 15:31:48.783  5727  7623 D OPlusFrontAppManager: useAdapterResult, pkg=rd.sheepskin.sandboxmusic,activity=rd.sheepskin.sandboxmusic.MainActivity,result=true
07-20 15:31:48.783  5727  7623 D OPlusFrontAppManager: decide -->> [rd.sheepskin.sandboxmusic; rd.sheepskin.sandboxmusic.MainActivity; 1; COMMON; 10448; 0; 0]
07-20 15:31:48.783  5727  7623 D ConferenceScene: pkg:rd.sheepskin.sandboxmusic, activity:rd.sheepskin.sandboxmusic.MainActivity, appSense:COMMON
07-20 15:31:48.783  5727  7623 D ConferenceScene: pkg:com.google.android.googlequicksearchbox, activity:com.google.android.apps.search.assistant.surfaces.voice.robin.main.MainActivity, appSense:COMMON
07-20 15:31:48.783  5727  5727 D AtomHighLoadSenseInfo: handleMessage what:1000
07-20 15:31:48.783  5727  5727 D AtomHighLoadSenseInfo: handleAppSenseChanged original mode:{live:0,video:0,voice call:0,video call:0,live host:0,meeting:0}
07-20 15:31:48.783  5727  7491 D Subsys-ScoreAppManager: handleMessage what:2
07-20 15:31:48.783  5727  7491 D Subsys-ScoreAppManager: EVENT_ID_APP_SENSE_CHANGE  onFrontActivityChanged
07-20 15:31:48.783  5727  7491 D Subsys-ScoreAppManager: appSceneChange fgAppUnits size 2 fgAppUnits [{pkgName:rd.sheepskin.sandboxmusic,activityName:,winMode:1,event:COMMON,type:0,subEvent:0,pid:24888,uid:10448, hostPkgName:}, {pkgName:com.oplus.aiunit,activityName:,winMode:1,event:FILE_TRANSFER,type:0,subEvent:0,pid:0,uid:10162, hostPkgName:}] mLastNetworkList[125]
07-20 15:31:48.783  5727  7491 D CommonApp-125-10125: destory
07-20 15:31:48.783  5727  7491 D CommonApp-125-10125: stopDataCollection
07-20 15:31:48.783  5727  5727 D AtomHighLoadSenseInfo: handleAppSenseChanged appInfoUnit:{pkgName:rd.sheepskin.sandboxmusic,activityName:,winMode:1,event:COMMON,type:0,subEvent:0,pid:24888,uid:10448, hostPkgName:}
07-20 15:31:48.783  5727  5727 D SceneService: handleMessage what:1004
07-20 15:31:48.783  5727  7491 D ScoreRequestHandler: sendUnifiedRequest: Request posted to handler thread, requestType=14
07-20 15:31:48.783  5727  7491 D NecManager: unregisterULBitRateChange
07-20 15:31:48.783  5727  5727 D SceneService: notifyAppSceneChanged original mode:{live:0,video:0,voice call:0,video call:0,live host:0,game:0,meeting:0,news:0,file transfer:0},appInfoUnit:[{pkgName:rd.sheepskin.sandboxmusic,activityName:,winMode:1,event:COMMON,type:0,subEvent:0,pid:24888,uid:10448, hostPkgName:}]
07-20 15:31:48.783  5727  7491 D CommonApp-125-10125: Remaining data save time: 0
07-20 15:31:48.783  5727  7505 D NetlinkUtils: sendToKernel byteBuffer:java.nio.HeapByteBuffer[pos=32 lim=32 cap=32],nlmsg_pid:-1531816819,nlmsg_type:57,cmdType:1,type:10,nla_len:12
07-20 15:31:48.783  5727  5727 D AtomGameLatencyInfo: front app: rd.sheepskin.sandboxmusic
07-20 15:31:48.783  5727  7491 D Subsys-ScoreAppManager: createApp
07-20 15:31:48.783  5727  7505 D ScoreRequestHandler: sendUnifiedRequestInternal: sendToKernelOld, result: true
07-20 15:31:48.784  5727  7491 D CommonApp-125-10448: init22
07-20 15:31:48.784  3535  4685 D AppSenseClient: handleMessage: 100
07-20 15:31:48.784  5727  7623 D AppSenseService: notifySenseEvent: {pkgName:rd.sheepskin.sandboxmusic,activityName:rd.sheepskin.sandboxmusic.MainActivity,winMode:1,event:COMMON,type:0,subEvent:0,pid:24888,uid:10448, hostPkgName:},
07-20 15:31:48.784  5474  6648 V MmsProvider: inside checkQueryParametersForSubqueries
07-20 15:31:48.784  5474  6648 V MmsProvider: checkQueryParametersForSubqueries checking proj: date
07-20 15:31:48.784  5474  6648 V MmsProvider: checkQueryParametersForSubqueries checking proj: address
07-20 15:31:48.784  5474  6648 V MmsProvider: checkQueryParametersForSubqueries checking sel: sub_id = ? AND date > ?
07-20 15:31:48.784  5474  5771 D AppSenseClient: handleMessage: 100
07-20 15:31:48.784  5474  6648 V MmsProvider: checkQueryParametersForSubqueries checking sort: date DESC
07-20 15:31:48.784  5474  6648 D SmsProvider: query: match = 2, pid = 26280, uid = 10119
07-20 15:31:48.784  5474  5771 D AppSenseClient: handleSenseEvent appInfoUnits: {pkgName:rd.sheepskin.sandboxmusic,activityName:rd.sheepskin.sandboxmusic.MainActivity,winMode:1,event:COMMON,type:0,subEvent:0,pid:24888,uid:10448, hostPkgName:},
07-20 15:31:48.784  5474  5771 D AppSenseClient: handleSenseEvent clients: 1
07-20 15:31:48.784  5474  5771 D AppSenseClient: handleSenseEvent clientId: 141218467
07-20 15:31:48.784  5474  5771 D AppSenseClient: notifyAppEvent: pkgName: rd.sheepskin.sandboxmusic,activityName:rd.sheepskin.sandboxmusic.MainActivity;state: 1;event: COMMON;type: 0;subEvent: 0;pid: 24888;uid: 10448
07-20 15:31:48.784  5474  6648 D ProviderUtil: getSelectionBySubIds = '1','2','3','4','5','-1'
07-20 15:31:48.784  5474  5771 D AppSenseClient: notifyAppEvent: pkgName: com.google.android.googlequicksearchbox,activityName:com.google.android.apps.search.assistant.surfaces.voice.robin.main.MainActivity;state: 0;event: COMMON;type: 0;subEvent: 0;pid: 27132;uid: 10125
07-20 15:31:48.784  5474  6648 D MmsSmsProvider: VerificationCode isAllowAccess = false
07-20 15:31:48.784  3535  4685 D AppSenseClient: handleSenseEvent appInfoUnits: {pkgName:rd.sheepskin.sandboxmusic,activityName:rd.sheepskin.sandboxmusic.MainActivity,winMode:1,event:COMMON,type:0,subEvent:0,pid:24888,uid:10448, hostPkgName:},
07-20 15:31:48.784  5474  5771 D AppSenseClient: notifyAppChanges: [{pkgName:rd.sheepskin.sandboxmusic,activityName:rd.sheepskin.sandboxmusic.MainActivity,winMode:1,event:COMMON,type:0,subEvent:0,pid:24888,uid:10448, hostPkgName:}]
07-20 15:31:48.784  3535  4685 D AppSenseClient: handleSenseEvent clients: 2
07-20 15:31:48.784  3535  4685 D AppSenseClient: handleSenseEvent clientId: 265271129
07-20 15:31:48.784  3535  4685 D AppSenseClient: notifyAppEvent: pkgName: rd.sheepskin.sandboxmusic,activityName:rd.sheepskin.sandboxmusic.MainActivity;state: 1;event: COMMON;type: 0;subEvent: 0;pid: 24888;uid: 10448
07-20 15:31:48.784  3535  4685 D AppSenseClient: notifyAppEvent: pkgName: com.google.android.googlequicksearchbox,activityName:com.google.android.apps.search.assistant.surfaces.voice.robin.main.MainActivity;state: 0;event: COMMON;type: 0;subEvent: 0;pid: 27132;uid: 10125
07-20 15:31:48.784  3535  4685 D AppSenseClient: notifyAppChanges: [{pkgName:rd.sheepskin.sandboxmusic,activityName:rd.sheepskin.sandboxmusic.MainActivity,winMode:1,event:COMMON,type:0,subEvent:0,pid:24888,uid:10448, hostPkgName:}]
07-20 15:31:48.784  3535  4685 D AppSenseClient: handleSenseEvent clientId: 201837417
07-20 15:31:48.784  3535  4685 D AppSenseClient: notifyAppEvent: pkgName: rd.sheepskin.sandboxmusic,activityName:rd.sheepskin.sandboxmusic.MainActivity;state: 1;event: COMMON;type: 0;subEvent: 0;pid: 24888;uid: 10448
07-20 15:31:48.784  3535  4685 D AppSenseClient: notifyAppEvent: pkgName: com.google.android.googlequicksearchbox,activityName:com.google.android.apps.search.assistant.surfaces.voice.robin.main.MainActivity;state: 0;event: COMMON;type: 0;subEvent: 0;pid: 27132;uid: 10125
07-20 15:31:48.784  3535  4685 D AppSenseClient: notifyAppChanges: [{pkgName:rd.sheepskin.sandboxmusic,activityName:rd.sheepskin.sandboxmusic.MainActivity,winMode:1,event:COMMON,type:0,subEvent:0,pid:24888,uid:10448, hostPkgName:}]
07-20 15:31:48.785  5582  5582 D AppSenseClient: handleMessage: 100
07-20 15:31:48.785  5582  5582 D AppSenseClient: handleSenseEvent appInfoUnits: {pkgName:rd.sheepskin.sandboxmusic,activityName:rd.sheepskin.sandboxmusic.MainActivity,winMode:1,event:COMMON,type:0,subEvent:0,pid:24888,uid:10448, hostPkgName:},
07-20 15:31:48.785  5582  5582 D AppSenseClient: handleSenseEvent clients: 1
07-20 15:31:48.785  5582  5582 D AppSenseClient: handleSenseEvent clientId: 149687680
07-20 15:31:48.785  5582  5582 D AppSenseClient: notifyAppEvent: pkgName: rd.sheepskin.sandboxmusic,activityName:rd.sheepskin.sandboxmusic.MainActivity;state: 1;event: COMMON;type: 0;subEvent: 0;pid: 24888;uid: 10448
07-20 15:31:48.785  5582  5582 D AppSenseClient: notifyAppEvent: pkgName: com.google.android.googlequicksearchbox,activityName:com.google.android.apps.search.assistant.surfaces.voice.robin.main.MainActivity;state: 0;event: COMMON;type: 0;subEvent: 0;pid: 27132;uid: 10125
07-20 15:31:48.785  5582  5582 D AppSenseClient: notifyAppChanges: [{pkgName:rd.sheepskin.sandboxmusic,activityName:rd.sheepskin.sandboxmusic.MainActivity,winMode:1,event:COMMON,type:0,subEvent:0,pid:24888,uid:10448, hostPkgName:}]
07-20 15:31:48.785  5582  5582 D NhsAppSenseListener: onAppEvent enter
07-20 15:31:48.785  5582  5582 D NhsAppSenseListener: new event: event=0, state=1, pkg=rd.sheepskin.sandboxmusic, type=0, subEvent=0
07-20 15:31:48.785  5582  5582 D NhsAppSenseListener: onAppEvent enter
07-20 15:31:48.785  5582  5582 D NhsAppSenseListener: new event: event=0, state=0, pkg=com.google.android.googlequicksearchbox, type=0, subEvent=0
07-20 15:31:48.785  5582  5582 D NhsAppSenseListener: onAppChanged, app list size: 1
07-20 15:31:48.785  5540  5737 D AppSenseClient: handleMessage: 100
07-20 15:31:48.785  5540  5737 D AppSenseClient: handleSenseEvent appInfoUnits: {pkgName:rd.sheepskin.sandboxmusic,activityName:rd.sheepskin.sandboxmusic.MainActivity,winMode:1,event:COMMON,type:0,subEvent:0,pid:24888,uid:10448, hostPkgName:},
07-20 15:31:48.785  5540  5737 D AppSenseClient: handleSenseEvent clients: 1
07-20 15:31:48.786  5540  5737 D AppSenseClient: handleSenseEvent clientId: 134763153
07-20 15:31:48.786  5540  5737 D AppSenseClient: notifyAppEvent: pkgName: rd.sheepskin.sandboxmusic,activityName:rd.sheepskin.sandboxmusic.MainActivity;state: 1;event: COMMON;type: 0;subEvent: 0;pid: 24888;uid: 10448
07-20 15:31:48.786  5540  5737 D AppSenseClient: notifyAppEvent: pkgName: com.google.android.googlequicksearchbox,activityName:com.google.android.apps.search.assistant.surfaces.voice.robin.main.MainActivity;state: 0;event: COMMON;type: 0;subEvent: 0;pid: 27132;uid: 10125
07-20 15:31:48.786  5540  5737 D AppSenseClient: notifyAppChanges: [{pkgName:rd.sheepskin.sandboxmusic,activityName:rd.sheepskin.sandboxmusic.MainActivity,winMode:1,event:COMMON,type:0,subEvent:0,pid:24888,uid:10448, hostPkgName:}]
07-20 15:31:48.786  5540  5737 D NAS-DataSceneEvent: onAppEvent enter
07-20 15:31:48.786 27174   790 I ddwl    : (REDACTED) Writing metadata key: %s, corpus: %s
07-20 15:31:48.786  5727  7491 D CommonApp-125-10448: BaseApp init, mNetId 125 mIfIndex 30 network 125
07-20 15:31:48.787 27174   790 I ddwl    : (REDACTED) Writing metadata key: %s, corpus: %s
07-20 15:31:48.787  1831  1831 D Zygote  : Forked child process 1192
07-20 15:31:48.789  5540  5737 D NAS-DataSceneEvent: new event: event=0, state=1, pkg=rd.sheepskin.sandboxmusic, type=0, subEvent=0
07-20 15:31:48.789  5540  5737 D NAS-DataSceneEvent: onAppEvent enter
07-20 15:31:48.789  5540  5737 D NAS-DataSceneEvent: new event: event=0, state=0, pkg=com.google.android.googlequicksearchbox, type=0, subEvent=0
07-20 15:31:48.789  5540  5737 D NAS-DataSceneEvent: onAppChanged, app list size: 1
07-20 15:31:48.789  5540  5737 D NAS-DataSceneEvent: updateAppSenseChange [{pkgName:rd.sheepskin.sandboxmusic,activityName:rd.sheepskin.sandboxmusic.MainActivity,winMode:1,event:COMMON,type:0,subEvent:0,pid:24888,uid:10448, hostPkgName:}]
07-20 15:31:48.789  5727  7491 D CommonApp-125-10448: network 125 capability [ Transports: CELLULAR Capabilities: SUPL&INTERNET&NOT_RESTRICTED&TRUSTED&NOT_VPN&VALIDATED&NOT_ROAMING&FOREGROUND&NOT_CONGESTED&NOT_SUSPENDED&NOT_VCN_MANAGED&NOT_BANDWIDTH_CONSTRAINED LinkUpBandwidth>=9318Kbps LinkDnBandwidth>=9318Kbps Specifier: <TelephonyNetworkSpecifier [mSubId = 1]> SubscriptionIds: {1} UnderlyingNetworks: Null] subId 1
07-20 15:31:48.793  5727  7491 D CommonApp-125-10448: choiceScoreWay
07-20 15:31:48.793  5727  7491 D CommonApp-125-10448: useTraditionalScore
07-20 15:31:48.793  5727  7491 D CommonApp-125-10448: initState
07-20 15:31:48.793  5727  7491 D ScoreRequestHandler: sendUnifiedRequest: Request posted to handler thread, requestType=22
07-20 15:31:48.793  5727  7491 D DataCollectionController: setScene result=false
07-20 15:31:48.793  5727  7491 D CommonApp-125-10448: createScenarios
07-20 15:31:48.794  5727  7491 D CommonApp-125-10448: init end
07-20 15:31:48.794  5727  7505 D ScoreRequestHandler: sendUnifiedRequestInternal: sendToKernelOld, result: false
07-20 15:31:48.794  5727  7491 D Subsys-ScoreAppManager: unit: {pkgName:rd.sheepskin.sandboxmusic,activityName:,winMode:1,event:COMMON,type:0,subEvent:0,pid:24888,uid:10448, hostPkgName:}
07-20 15:31:48.794  5727  7491 D Subsys-ScoreAppManager: unit: {pkgName:com.oplus.aiunit,activityName:,winMode:1,event:FILE_TRANSFER,type:0,subEvent:0,pid:0,uid:10162, hostPkgName:}
07-20 15:31:48.794  5727  7491 D CommonApp-125-10448: CommonState enter
07-20 15:31:48.794  2036  8466 E ANDR-PERF-LM: VmRssMeter:: start() 359: Could not find pid, can not collect vmrss data
07-20 15:31:48.794 27174 27332 I ddsg    : (REDACTED) Starting batch sync for corpora: %s
07-20 15:31:48.795  2036  8467 E ANDR-PERF-LM: VmRssMeter:: start() 359: Could not find pid, can not collect vmrss data
07-20 15:31:48.795  2036  8467 E ANDR-PERF-LM: AdaptiveLaunch: writeToDataBase() 64: Meter aborted or could not get meter data for this run
07-20 15:31:48.796  5474  5488 V MmsProvider: inside checkQueryParametersForSubqueries
07-20 15:31:48.796  5474  5488 V MmsProvider: checkQueryParametersForSubqueries checking proj: date
07-20 15:31:48.796  5474  5488 V MmsProvider: checkQueryParametersForSubqueries checking proj: address
07-20 15:31:48.796  5474  5488 V MmsProvider: checkQueryParametersForSubqueries checking sel: sub_id = ? AND date > ?
07-20 15:31:48.796  5474  5488 V MmsProvider: checkQueryParametersForSubqueries checking sort: date DESC
07-20 15:31:48.796  5474  5488 D SmsProvider: query: match = 4, pid = 26280, uid = 10119
07-20 15:31:48.796  5474  5488 D ProviderUtil: getSelectionBySubIds = '1','2','3','4','5','-1'
07-20 15:31:48.796 27174   790 I ddwl    : (REDACTED) Writing metadata key: %s, corpus: %s
07-20 15:31:48.796 27174   790 I ddwl    : (REDACTED) Writing metadata key: %s, corpus: %s
07-20 15:31:48.796  5474  5488 D MmsSmsProvider: VerificationCode isAllowAccess = false
07-20 15:31:48.796  5727  7491 D CommonApp-125-10125: CommonState exit
07-20 15:31:48.797  5727  7491 D CommonApp-125-10162: DefaultState EVENT_SCENARIOS_CHANGE
07-20 15:31:48.797  5727  7491 D CommonApp-125-10162: scene=FILE_UPLOAD pn=com.oplus.aiunit
07-20 15:31:48.797  5727  7491 D ScoreRequestHandler: sendUnifiedRequest: Request posted to handler thread, requestType=22
07-20 15:31:48.797  5727  7505 D ScoreRequestHandler: sendUnifiedRequestInternal: sendToKernelOld, result: false
07-20 15:31:48.797  5727  7491 D DataCollectionController: setScene result=false
07-20 15:31:48.797 29615 29615 D BoundBrokerSvc: onUnbind: Intent { act=com.google.android.gms.pay.service.BIND dat=chimera-action:/... xflg=0x4 cmp=com.google.android.gms/.chimera.GmsApiService mCallingUid=99910119 }
07-20 15:31:48.798  5727  7491 D CommonApp-125-10448: DefaultState EVENT_INIT_STATE_COMPLETE
07-20 15:31:48.798  5727  7491 D CommonApp-125-10448: startDataCollection
07-20 15:31:48.798  5727  7491 D CommonApp-125-10448: current network is cellular
07-20 15:31:48.798  5727  7491 D ScoreRequestHandler: sendUnifiedRequest: Request posted to handler thread, requestType=13
07-20 15:31:48.798  5727  7491 D NecManager: registerULBitRateChange
07-20 15:31:48.798  5727  7505 D NetlinkUtils: sendToKernel byteBuffer:java.nio.HeapByteBuffer[pos=32 lim=32 cap=32],nlmsg_pid:-1531816819,nlmsg_type:57,cmdType:1,type:9,nla_len:12
07-20 15:31:48.798  5727  7505 D ScoreRequestHandler: sendUnifiedRequestInternal: sendToKernelOld, result: true
07-20 15:31:48.798  5540  6962 E OplusNetlinkConnect: parse rsp msg failed!Message missing required fields: header
07-20 15:31:48.798  5540  6962 E OplusNetlinkConnect: parse rsp msg failed!Message missing required fields: header
07-20 15:31:48.798 27174   790 I ddwl    : The GellerConfig is not present, returning null.
07-20 15:31:48.799 27174   790 I ddwl    : (REDACTED) The GellerConfig is not present, defaulting isUploadEnabled for corpus %s to true.
07-20 15:31:48.799 27174 27281 I ddsg    : (REDACTED) Starting batch sync for corpora: %s
07-20 15:31:48.799 27174   793 I ddsg    : (REDACTED) The syncToken for corpus %s is %s and the syncRequestReason is %s
07-20 15:31:48.802 27174   790 I ddwl    : The GellerConfig is not present, returning null.
07-20 15:31:48.802 27174   790 I ddwl    : (REDACTED) The GellerConfig is not present, defaulting isUploadEnabled for corpus %s to true.
07-20 15:31:48.802  3465  4913 D CustUstManager: isCallApiSupport uri: content://call_log/calls
07-20 15:31:48.803 27174   790 I ddsg    : (REDACTED) The syncToken for corpus %s is %s and the syncRequestReason is %s
07-20 15:31:48.819 26280  9146 I Blockstore: (REDACTED) [BlockstoreImpl] Skip trying to update access for exempt package %s
07-20 15:31:48.821 27132 27717 D OplusScrollToTopManager: com.google.android.googlequicksearchbox,This com.android.internal.policy.DecorView{a8a7016 I.E...... R.....ID 0,0-1440,3168 aid=0 alpha=1.0 viewInfo = }[googlequicksearchbox] change focus to false
07-20 15:31:48.832 22607 22659 D HWUI    : RenderProxy::destroy: this=0xb400006dc7f08b00, mContext=0xb400006e2838f300
07-20 15:31:48.832 22607 22688 D HWUI    : SkiaOpenGLPipeline::setSurface: this=0xb400006e29ee4d00, surface=NULL
07-20 15:31:48.833 22607 22688 D BufferQueueProducer: [VRI[sandboxmusic]#935(BLAST Consumer)935](id:584f000003c0,api:1,p:22607,c:22607) disconnect: api 1
07-20 15:31:48.834 22607 22659 D ViewRootImplExtImpl: wrapConfigInfoIntoFlags rotation=0, smallestScreenWidthDp=320, isAutolayoutSwdpModified=false, residentWS=false, scenario=0, bounds=Rect(0, 0 - 1440, 3168), isFirstDraw=false, relayoutAsync=false, flags=0, newFlags=1660954624, title=Splash Screen rd.sheepskin.sandboxmusic
07-20 15:31:48.834  3535  5000 V WindowManager: Relayout Window{be1d63f u0 Splash Screen rd.sheepskin.sandboxmusic}: viewVisibility=8, oldvis=0, req=1440x3168 , apr = 0, 
07-20 15:31:48.836  3535  5000 D WindowManager: NFW_findFocusedWindowIfNeeded:Window{c95a11 u0 rd.sheepskin.sandboxmusic/rd.sheepskin.sandboxmusic.MainActivity} mCurrentFocus:Window{c95a11 u0 rd.sheepskin.sandboxmusic/rd.sheepskin.sandboxmusic.MainActivity}
07-20 15:31:48.836  3535  5000 D ActivityTaskManager: The isLandscapeFullscreenEnabled is: rd.sheepskin.sandboxmusic/.MainActivity
07-20 15:31:48.836  1945  2120 I sensors-hal: get_display_brightness:763, _use_black_mode: 1, _dft_scrn.blank_mode: 1, _dft_scrn.blank_mode_sec: 0
07-20 15:31:48.837 22607 22659 D BLASTBufferQueue: [VRI[sandboxmusic]#935](f:0,a:1) destructor()
07-20 15:31:48.837 22607 22659 D BufferQueueConsumer: [VRI[sandboxmusic]#935(BLAST Consumer)935](id:584f000003c0,api:0,p:-1,c:22607) disconnect
07-20 15:31:48.839  3535  8977 D WindowManager: NFW_findFocusedWindowIfNeeded:Window{c95a11 u0 rd.sheepskin.sandboxmusic/rd.sheepskin.sandboxmusic.MainActivity} mCurrentFocus:Window{c95a11 u0 rd.sheepskin.sandboxmusic/rd.sheepskin.sandboxmusic.MainActivity}
07-20 15:31:48.845  3535  3615 D SurfaceAnimationRunner: onAnimationStart:Surface(name=Surface(name=be1d63f Splash Screen rd.sheepskin.sandboxmusic)/@0xb97efda - animation-leash of window_animation)/@0x761bc0b
07-20 15:31:48.848 30051 15940 I metis_v2_OsenseCallBack: memLevel: 0 [Metis|com.oplus.metis|1.5.5-f48228a]
07-20 15:31:48.853  5540  5863 I TcpSyn  : updateFrontUidsToKernel, uids = [10448]
07-20 15:31:48.865 24888 24888 W Capacitor/Console: File: https://localhost/assets/tier34-client-D47rsZV3.js - Line 2 - Msg: Capacitor plugin "NativeExoPlayback" already registered. Cannot register plugins twice.
07-20 15:31:48.867 24888  1153 I OplusCameraManagerGlobal: setClientInfo, packageName: rd.sheepskin.sandboxmusic, uid: 10448, pid: 24888
07-20 15:31:48.868 24888  1153 I OplusCameraManagerGlobal: setClientInfo, packageName: rd.sheepskin.sandboxmusic, uid: 10448, pid: 24888
07-20 15:31:48.868 24888  1009 W cr_media: Requires MODIFY_AUDIO_SETTINGS and RECORD_AUDIO. No audio device will be available for recording
07-20 15:31:48.868 24888  1153 I OplusCameraManagerGlobal: setClientInfo, packageName: rd.sheepskin.sandboxmusic, uid: 10448, pid: 24888
07-20 15:31:48.869  2647  4413 E cameraserver: CameraServiceExtImpl_sm8650.cpp: 900 Set UX successfully for 4413
07-20 15:31:48.869  1945  2120 I sensors-hal: get_display_brightness:763, _use_black_mode: 1, _dft_scrn.blank_mode: 1, _dft_scrn.blank_mode_sec: 0
07-20 15:31:48.870  2647  4413 I AttributionAndPermissionUtils: checkPermission (forDataDelivery 0 startDataDelivery 0): Permission hard denied for client attribution [uid 10448, pid 24888, packageName "<unknown>"]
07-20 15:31:48.873 24888  1153 I OplusCameraManagerGlobal: setClientInfo, packageName: rd.sheepskin.sandboxmusic, uid: 10448, pid: 24888
07-20 15:31:48.873 24888  1153 I OplusCameraManagerGlobal: setClientInfo, packageName: rd.sheepskin.sandboxmusic, uid: 10448, pid: 24888
07-20 15:31:48.874 24888  1153 I OplusCameraManagerGlobal: setClientInfo, packageName: rd.sheepskin.sandboxmusic, uid: 10448, pid: 24888
07-20 15:31:48.874 27174   800 I ddwl    : (REDACTED) Writing metadata key: %s, corpus: %s
07-20 15:31:48.874  2647  4413 I AttributionAndPermissionUtils: checkPermission (forDataDelivery 0 startDataDelivery 0): Permission hard denied for client attribution [uid 10448, pid 24888, packageName "<unknown>"]
07-20 15:31:48.875 24888  1153 I OplusCameraManagerGlobal: setClientInfo, packageName: rd.sheepskin.sandboxmusic, uid: 10448, pid: 24888
07-20 15:31:48.875 27174   800 I ddwl    : (REDACTED) Writing metadata key: %s, corpus: %s
07-20 15:31:48.875 24888  1153 I OplusCameraManagerGlobal: setClientInfo, packageName: rd.sheepskin.sandboxmusic, uid: 10448, pid: 24888
07-20 15:31:48.875  2647  4413 I AttributionAndPermissionUtils: checkPermission (forDataDelivery 0 startDataDelivery 0): Permission hard denied for client attribution [uid 10448, pid 24888, packageName "<unknown>"]
07-20 15:31:48.876 24888  1153 I OplusCameraManagerGlobal: setClientInfo, packageName: rd.sheepskin.sandboxmusic, uid: 10448, pid: 24888
07-20 15:31:48.877 27174 27329 I ddsg    : (REDACTED) Starting batch sync for corpora: %s
07-20 15:31:48.877 24888  1153 I OplusCameraManagerGlobal: setClientInfo, packageName: rd.sheepskin.sandboxmusic, uid: 10448, pid: 24888
07-20 15:31:48.877  2647  4413 I AttributionAndPermissionUtils: checkPermission (forDataDelivery 0 startDataDelivery 0): Permission hard denied for client attribution [uid 10448, pid 24888, packageName "<unknown>"]
07-20 15:31:48.877 27174   849 I ddwl    : (REDACTED) Writing metadata key: %s, corpus: %s
07-20 15:31:48.878 24888  1153 I OplusCameraManagerGlobal: setClientInfo, packageName: rd.sheepskin.sandboxmusic, uid: 10448, pid: 24888
07-20 15:31:48.878 24888  1153 I OplusCameraManagerGlobal: setClientInfo, packageName: rd.sheepskin.sandboxmusic, uid: 10448, pid: 24888
07-20 15:31:48.878  2647  4413 I AttributionAndPermissionUtils: checkPermission (forDataDelivery 0 startDataDelivery 0): Permission hard denied for client attribution [uid 10448, pid 24888, packageName "<unknown>"]
07-20 15:31:48.878 27174   849 I ddwl    : (REDACTED) Writing metadata key: %s, corpus: %s
07-20 15:31:48.880 27174   849 I ddwl    : The GellerConfig is not present, returning null.
07-20 15:31:48.881  4749  5851 I FontLog : (REDACTED) Received query %s, URI %s
07-20 15:31:48.881  4749  5851 I FontLog : (REDACTED) Query [%s] resolved to %s
07-20 15:31:48.881 27174   849 I ddwl    : (REDACTED) The GellerConfig is not present, defaulting isUploadEnabled for corpus %s to true.
07-20 15:31:48.882  4749  5851 I FontLog : (REDACTED) Fetch %s end status %s
07-20 15:31:48.882 27174 27279 I ddsg    : (REDACTED) Starting batch sync for corpora: %s
07-20 15:31:48.883  4749  5851 I FontLog : (REDACTED) Pulling font file for id = %d, cache size = %d
07-20 15:31:48.883 27174   849 I ddsg    : (REDACTED) The syncToken for corpus %s is %s and the syncRequestReason is %s
07-20 15:31:48.886 27132  1180 I ddwl    : (REDACTED) Writing metadata key: %s, corpus: %s
07-20 15:31:48.886 27132  1180 I ddwl    : (REDACTED) Writing metadata key: %s, corpus: %s
07-20 15:31:48.886 24888  1153 I OplusCameraManagerGlobal: setClientInfo, packageName: rd.sheepskin.sandboxmusic, uid: 10448, pid: 24888
07-20 15:31:48.887 24888  1153 I OplusCameraManagerGlobal: setClientInfo, packageName: rd.sheepskin.sandboxmusic, uid: 10448, pid: 24888
07-20 15:31:48.888  2647  4413 I AttributionAndPermissionUtils: checkPermission (forDataDelivery 0 startDataDelivery 0): Permission hard denied for client attribution [uid 10448, pid 24888, packageName "<unknown>"]
07-20 15:31:48.889 24888  1153 I OplusCameraManagerGlobal: setClientInfo, packageName: rd.sheepskin.sandboxmusic, uid: 10448, pid: 24888
07-20 15:31:48.889 24888  1153 I OplusCameraManagerGlobal: setClientInfo, packageName: rd.sheepskin.sandboxmusic, uid: 10448, pid: 24888
07-20 15:31:48.889 24888  1153 I OplusCameraManagerGlobal: setClientInfo, packageName: rd.sheepskin.sandboxmusic, uid: 10448, pid: 24888
07-20 15:31:48.889 27174   817 I ddsg    : (REDACTED) The syncToken for corpus %s is %s and the syncRequestReason is %s
07-20 15:31:48.890  4749  5851 I FontLog : (REDACTED) Pulling font file for id = %d, cache size = %d
07-20 15:31:48.890  2647  4413 I AttributionAndPermissionUtils: checkPermission (forDataDelivery 0 startDataDelivery 0): Permission hard denied for client attribution [uid 10448, pid 24888, packageName "<unknown>"]
07-20 15:31:48.891 24888  1153 I OplusCameraManagerGlobal: setClientInfo, packageName: rd.sheepskin.sandboxmusic, uid: 10448, pid: 24888
07-20 15:31:48.891 24888  1153 I OplusCameraManagerGlobal: setClientInfo, packageName: rd.sheepskin.sandboxmusic, uid: 10448, pid: 24888
07-20 15:31:48.892  2647  4413 I AttributionAndPermissionUtils: checkPermission (forDataDelivery 0 startDataDelivery 0): Permission hard denied for client attribution [uid 10448, pid 24888, packageName "<unknown>"]
07-20 15:31:48.892  5727  5727 D SubsysEventListenerManager-SubsysTelephonyCallback[0]: onSignalStrengthsChanged
07-20 15:31:48.893 24888  1153 I OplusCameraManagerGlobal: setClientInfo, packageName: rd.sheepskin.sandboxmusic, uid: 10448, pid: 24888
07-20 15:31:48.893 22607 22607 D Tile.OplusCellularTile: refreshState: tile not listening, ignore
07-20 15:31:48.893 24888  1153 I OplusCameraManagerGlobal: setClientInfo, packageName: rd.sheepskin.sandboxmusic, uid: 10448, pid: 24888
07-20 15:31:48.893  5474  5474 D OplusTelephonyController: onSignalStrengthChanged: SignalStrength=SignalStrength:{mCdma=CellSignalStrengthCdma: cdmaDbm=2147483647 cdmaEcio=2147483647 evdoDbm=2147483647 evdoEcio=2147483647 evdoSnr=2147483647 level=0,mGsm=CellSignalStrengthGsm: rssi=2147483647 ber=2147483647 mTa=2147483647 mLevel=0,mWcdma=CellSignalStrengthWcdma: ss=2147483647 ber=2147483647 rscp=2147483647 ecno=2147483647 level=0,mTdscdma=CellSignalStrengthTdscdma: rssi=2147483647 ber=2147483647 rscp=2147483647 level=0,mLte=CellSignalStrengthLte: rssi=-53 rsrp=-84 rsrq=-13 rssnr=13 cqiTableIndex=2147483647 cqi=2147483647 ta=2147483647 level=4 parametersUseForLevel=0,mNr=CellSignalStrengthNr:{ csiRsrp = 2147483647 csiRsrq = 2147483647 csiCqiTableIndex = 2147483647 csiCqiReport = [] ssRsrp = -86 ssRsrq = -11 ssSinr = 22 level = 2 parametersUseForLevel = 0 timingAdvance = 2147483647 },primary=CellSignalStrengthLte}
07-20 15:31:48.893 22607 22684 I SystemUi--Statusbar: MobileConnectionRepositoryImpl-->subId:1 isSoftSimCard:false slotId:0
07-20 15:31:48.894  2647  4413 I AttributionAndPermissionUtils: checkPermission (forDataDelivery 0 startDataDelivery 0): Permission hard denied for client attribution [uid 10448, pid 24888, packageName "<unknown>"]
07-20 15:31:48.894 24888  1153 I OplusCameraManagerGlobal: setClientInfo, packageName: rd.sheepskin.sandboxmusic, uid: 10448, pid: 24888
07-20 15:31:48.894 24888  1153 I OplusCameraManagerGlobal: setClientInfo, packageName: rd.sheepskin.sandboxmusic, uid: 10448, pid: 24888
07-20 15:31:48.895  5826  6120 W Battery : Thermal.FpsControl: writeFps 0 rd.sheepskin.sandboxmusic
07-20 15:31:48.895  2647  4413 I AttributionAndPermissionUtils: checkPermission (forDataDelivery 0 startDataDelivery 0): Permission hard denied for client attribution [uid 10448, pid 24888, packageName "<unknown>"]
07-20 15:31:48.896  5727  5727 D SubsysEventListenerManager-SubsysTelephonyCallback[1]: onSignalStrengthsChanged
07-20 15:31:48.898 22607 22684 I SystemUi--Statusbar: MobileConnectionRepositoryImpl-->subId:2 isSoftSimCard:false slotId:1
07-20 15:31:48.899 27132 27287 I ddsg    : (REDACTED) Starting batch sync for corpora: %s
07-20 15:31:48.901 27132 27238 I eckp    : (REDACTED) getting App Capabilities %s
07-20 15:31:48.901  1945  2120 I sensors-hal: get_display_brightness:763, _use_black_mode: 1, _dft_scrn.blank_mode: 1, _dft_scrn.blank_mode_sec: 0
07-20 15:31:48.901 27132 27238 I echx    : Building Device Properties.
07-20 15:31:48.903 27132 27223 D AudioManager: isBluetoothScoOn()=false, calling application:com.google.android.googlequicksearchbox
07-20 15:31:48.905 24888  1153 I OplusCameraManagerGlobal: setClientInfo, packageName: rd.sheepskin.sandboxmusic, uid: 10448, pid: 24888
07-20 15:31:48.906 24888  1153 I OplusCameraManagerGlobal: setClientInfo, packageName: rd.sheepskin.sandboxmusic, uid: 10448, pid: 24888
07-20 15:31:48.906 27132  1178 I ddwl    : (REDACTED) Writing metadata key: %s, corpus: %s
07-20 15:31:48.906 27132  1178 I ddwl    : (REDACTED) Writing metadata key: %s, corpus: %s
07-20 15:31:48.906  2647  4413 I AttributionAndPermissionUtils: checkPermission (forDataDelivery 0 startDataDelivery 0): Permission hard denied for client attribution [uid 10448, pid 24888, packageName "<unknown>"]
07-20 15:31:48.907 27132  1178 I ddwl    : (REDACTED) Writing metadata key: %s, corpus: %s
07-20 15:31:48.907 27132  1178 I ddwl    : (REDACTED) Writing metadata key: %s, corpus: %s
07-20 15:31:48.907 24888  1153 I OplusCameraManagerGlobal: setClientInfo, packageName: rd.sheepskin.sandboxmusic, uid: 10448, pid: 24888
07-20 15:31:48.907 24888  1153 I OplusCameraManagerGlobal: setClientInfo, packageName: rd.sheepskin.sandboxmusic, uid: 10448, pid: 24888
07-20 15:31:48.908 24888  1153 I OplusCameraManagerGlobal: setClientInfo, packageName: rd.sheepskin.sandboxmusic, uid: 10448, pid: 24888
07-20 15:31:48.908 27132 27254 I ddsg    : (REDACTED) Starting batch sync for corpora: %s
07-20 15:31:48.908  2647  4413 I AttributionAndPermissionUtils: checkPermission (forDataDelivery 0 startDataDelivery 0): Permission hard denied for client attribution [uid 10448, pid 24888, packageName "<unknown>"]
07-20 15:31:48.909 27132 27242 I eckp    : (REDACTED) getting App Capabilities %s
07-20 15:31:48.909 27132 27242 I echx    : Building Device Properties.
07-20 15:31:48.910 24888  1153 I OplusCameraManagerGlobal: setClientInfo, packageName: rd.sheepskin.sandboxmusic, uid: 10448, pid: 24888
07-20 15:31:48.910 27132 27288 I ddsg    : (REDACTED) Starting batch sync for corpora: %s
07-20 15:31:48.910 24888  1153 I OplusCameraManagerGlobal: setClientInfo, packageName: rd.sheepskin.sandboxmusic, uid: 10448, pid: 24888
07-20 15:31:48.910 27132 27242 D AudioManager: isBluetoothScoOn()=false, calling application:com.google.android.googlequicksearchbox
07-20 15:31:48.911  2647  4413 I AttributionAndPermissionUtils: checkPermission (forDataDelivery 0 startDataDelivery 0): Permission hard denied for client attribution [uid 10448, pid 24888, packageName "<unknown>"]
07-20 15:31:48.911 24888  1153 I OplusCameraManagerGlobal: setClientInfo, packageName: rd.sheepskin.sandboxmusic, uid: 10448, pid: 24888
07-20 15:31:48.912 24888  1153 I OplusCameraManagerGlobal: setClientInfo, packageName: rd.sheepskin.sandboxmusic, uid: 10448, pid: 24888
07-20 15:31:48.913  2647  4413 I AttributionAndPermissionUtils: checkPermission (forDataDelivery 0 startDataDelivery 0): Permission hard denied for client attribution [uid 10448, pid 24888, packageName "<unknown>"]
07-20 15:31:48.913 27132 27238 I eckp    : (REDACTED) getting App Capabilities %s
07-20 15:31:48.913 24888  1153 I OplusCameraManagerGlobal: setClientInfo, packageName: rd.sheepskin.sandboxmusic, uid: 10448, pid: 24888
07-20 15:31:48.913 27132 27238 I echx    : Building Device Properties.
07-20 15:31:48.913 24888  1153 I OplusCameraManagerGlobal: setClientInfo, packageName: rd.sheepskin.sandboxmusic, uid: 10448, pid: 24888
07-20 15:31:48.914 27132 27238 D AudioManager: isBluetoothScoOn()=false, calling application:com.google.android.googlequicksearchbox
07-20 15:31:48.914  2647  4413 I AttributionAndPermissionUtils: checkPermission (forDataDelivery 0 startDataDelivery 0): Permission hard denied for client attribution [uid 10448, pid 24888, packageName "<unknown>"]
07-20 15:31:48.921 24888  1153 I OplusCameraManagerGlobal: setClientInfo, packageName: rd.sheepskin.sandboxmusic, uid: 10448, pid: 24888
07-20 15:31:48.921 27132 30283 I ddwl    : The GellerConfig is not present, returning null.
07-20 15:31:48.921 27132 30283 I ddwl    : (REDACTED) The GellerConfig is not present, defaulting isUploadEnabled for corpus %s to true.
07-20 15:31:48.922 24888  1153 I OplusCameraManagerGlobal: setClientInfo, packageName: rd.sheepskin.sandboxmusic, uid: 10448, pid: 24888
07-20 15:31:48.922 27132  1178 I ddsg    : (REDACTED) No previous syncToken for corpus %s found.
07-20 15:31:48.923  2647  4413 I AttributionAndPermissionUtils: checkPermission (forDataDelivery 0 startDataDelivery 0): Permission hard denied for client attribution [uid 10448, pid 24888, packageName "<unknown>"]
07-20 15:31:48.924 24888  1153 I OplusCameraManagerGlobal: setClientInfo, packageName: rd.sheepskin.sandboxmusic, uid: 10448, pid: 24888
07-20 15:31:48.924 27132 30283 I ddwl    : The GellerConfig is not present, returning null.
07-20 15:31:48.924 27132 30283 I ddwl    : (REDACTED) The GellerConfig is not present, defaulting isUploadEnabled for corpus %s to true.
07-20 15:31:48.924 24888  1153 I OplusCameraManagerGlobal: setClientInfo, packageName: rd.sheepskin.sandboxmusic, uid: 10448, pid: 24888
07-20 15:31:48.924 24888  1153 I OplusCameraManagerGlobal: setClientInfo, packageName: rd.sheepskin.sandboxmusic, uid: 10448, pid: 24888
07-20 15:31:48.925 27174   793 I ddwl    : (REDACTED) Writing metadata key: %s, corpus: %s
07-20 15:31:48.925 27174   793 I ddwl    : (REDACTED) Writing metadata key: %s, corpus: %s
07-20 15:31:48.925  2647  4413 I AttributionAndPermissionUtils: checkPermission (forDataDelivery 0 startDataDelivery 0): Permission hard denied for client attribution [uid 10448, pid 24888, packageName "<unknown>"]
07-20 15:31:48.925 27132  1179 I ddsg    : (REDACTED) No previous syncToken for corpus %s found.
07-20 15:31:48.926 24888  1153 I OplusCameraManagerGlobal: setClientInfo, packageName: rd.sheepskin.sandboxmusic, uid: 10448, pid: 24888
07-20 15:31:48.926 24888  1153 I OplusCameraManagerGlobal: setClientInfo, packageName: rd.sheepskin.sandboxmusic, uid: 10448, pid: 24888
07-20 15:31:48.926 27132  1179 I ddwl    : The GellerConfig is not present, returning null.
07-20 15:31:48.926 27132  1179 I ddwl    : (REDACTED) The GellerConfig is not present, defaulting isUploadEnabled for corpus %s to true.
07-20 15:31:48.927  2647  4413 I AttributionAndPermissionUtils: checkPermission (forDataDelivery 0 startDataDelivery 0): Permission hard denied for client attribution [uid 10448, pid 24888, packageName "<unknown>"]
07-20 15:31:48.927 27132  1158 I ddsg    : (REDACTED) No previous syncToken for corpus %s found.
07-20 15:31:48.927 24888  1153 I OplusCameraManagerGlobal: setClientInfo, packageName: rd.sheepskin.sandboxmusic, uid: 10448, pid: 24888
07-20 15:31:48.928 24888  1153 I OplusCameraManagerGlobal: setClientInfo, packageName: rd.sheepskin.sandboxmusic, uid: 10448, pid: 24888
07-20 15:31:48.928  2647  4413 I AttributionAndPermissionUtils: checkPermission (forDataDelivery 0 startDataDelivery 0): Permission hard denied for client attribution [uid 10448, pid 24888, packageName "<unknown>"]
07-20 15:31:48.929 24888  1153 I OplusCameraManagerGlobal: setClientInfo, packageName: rd.sheepskin.sandboxmusic, uid: 10448, pid: 24888
07-20 15:31:48.929 24888  1153 I OplusCameraManagerGlobal: setClientInfo, packageName: rd.sheepskin.sandboxmusic, uid: 10448, pid: 24888
07-20 15:31:48.930  2647  4413 I AttributionAndPermissionUtils: checkPermission (forDataDelivery 0 startDataDelivery 0): Permission hard denied for client attribution [uid 10448, pid 24888, packageName "<unknown>"]
07-20 15:31:48.934  1945  2120 I sensors-hal: get_display_brightness:763, _use_black_mode: 1, _dft_scrn.blank_mode: 1, _dft_scrn.blank_mode_sec: 0
07-20 15:31:48.935  2237  2763 E HwcComposer: getLuts failed Status(-129, EX_TRANSACTION_FAILED): 'UNKNOWN_TRANSACTION: '
07-20 15:31:48.935  1945 25577 I sensors-hal: handle_oplus_wise_rgb_event:189, high_pwm_light:lux 5.8,cct 5300.0,brl/algo/ir 1528.0/2.0/0.0,pwm/dc 1.0/0.0,rgbc 381.831970/290.752045/120.522964/678.661438,ts 147303192102675,cnt 48560,flag 0
07-20 15:31:48.936 27174 27329 I ddsg    : (REDACTED) Starting batch sync for corpora: %s
07-20 15:31:48.939 24888   983 D Capacitor: Handling local request: https://localhost/assets/index-BYOlyniU.js
07-20 15:31:48.939 27174   596 I ddsg    : (REDACTED) The syncToken for corpus %s is %s and the syncRequestReason is %s
07-20 15:31:48.939 24888 24888 W Capacitor/Console: File: https://localhost/assets/tier34-client-D47rsZV3.js - Line 2 - Msg: Capacitor plugin "NativeExoPlayback" already registered. Cannot register plugins twice.
07-20 15:31:48.947 24888 24888 I Capacitor/Console: File: https://localhost/assets/index-Bw8sIDAd.js - Line 2 - Msg: BUILD_ID sm-tracks-2026-07-20T08:31:48.938Z
07-20 15:31:48.950  3535  6231 I AICCTModule: SensorFilter: brightness threshold 1.2 screenNit is 142.22026 ave enviroment lux is 6.817682 luxForNit 20.817822demarcationPoint200.0 result is true
07-20 15:31:48.954 24888  1012 D Capacitor: Handling local request: https://localhost/assets/sandboxLayer3-CDm7Mekt.js
07-20 15:31:48.954 24888  1021 D Capacitor: Handling local request: https://localhost/assets/discover-feed-ycjfWzeH.js
07-20 15:31:48.955 24888   983 D Capacitor: Handling local request: https://localhost/assets/discover-shell-BHtaLtE1.js
07-20 15:31:48.955 24888 24888 W Capacitor/Console: File: https://localhost/assets/index-Bw8sIDAd.js - Line 2 - Msg: [Sandbox] Unhandled promise rejection: [object DOMException]
07-20 15:31:48.956 24888 24888 E Capacitor/Console: File: https://localhost/assets/tier34-client-D47rsZV3.js - Line 2 - Msg: Uncaught (in promise) AbortError: Service workers are disabled on Capacitor native
07-20 15:31:48.956 24888   986 D Capacitor: Handling local request: https://localhost/assets/station-sonic-CiWV5jP0.js
07-20 15:31:48.957 24888 24888 I Capacitor/Console: File:  - Line 349 - Msg: [object Object]
07-20 15:31:48.958 24888  1075 V Capacitor/Plugin: To native (Capacitor plugin): callbackId: 42213410, pluginId: App, methodName: addListener
07-20 15:31:48.958 24888  1075 V Capacitor: callback: 42213410, pluginId: App, methodName: addListener, methodData: {"eventName":"appStateChange"}
07-20 15:31:48.958 24888   984 D Capacitor: Handling local request: https://localhost/icon.svg
07-20 15:31:48.976 24888 24888 W Capacitor/Console: File: https://localhost/assets/tier34-client-D47rsZV3.js - Line 2 - Msg: Capacitor plugin "FollowedReleaseNative" already registered. Cannot register plugins twice.
07-20 15:31:48.992  3535  4693 I OplusHansManager : cgroup failed, unfreeze uid: 10192 com.linecorp.linemanth pids: [] reason: exitFF scene: LcdOn|FastFreezer
07-20 15:31:48.993  3535  4693 I OplusHansManager : unfreeze uid: 10192 com.linecorp.linemanth pids: [] reason: exitFF scene: LcdOn|FastFreezer
07-20 15:31:48.993  3535  4693 I OplusHansManager : cgroup failed, unfreeze uid: 10281 com.google.android.apps.adm pids: [] reason: exitFF scene: LcdOn|FastFreezer
07-20 15:31:48.993  3535  4693 I OplusHansManager : unfreeze uid: 10281 com.google.android.apps.adm pids: [] reason: exitFF scene: LcdOn|FastFreezer
07-20 15:31:48.993  3535  4693 I OplusHansManager : cgroup failed, unfreeze uid: 10299 jp.naver.line.android pids: [] reason: exitFF scene: LcdOn|FastFreezer
07-20 15:31:48.993  3535  4693 I OplusHansManager : unfreeze uid: 10299 jp.naver.line.android pids: [] reason: exitFF scene: LcdOn|FastFreezer
07-20 15:31:48.993  3535  4693 I OplusHansManager : cgroup failed, unfreeze uid: 10303 com.facebook.orca pids: [] reason: exitFF scene: LcdOn|FastFreezer
07-20 15:31:48.993  3535  4693 I OplusHansManager : unfreeze uid: 10303 com.facebook.orca pids: [] reason: exitFF scene: LcdOn|FastFreezer
07-20 15:31:48.993  3535  4693 I OplusHansManager : cgroup failed, unfreeze uid: 10307 com.shopee.th pids: [] reason: exitFF scene: LcdOn|FastFreezer
07-20 15:31:48.993  3535  4693 I OplusHansManager : unfreeze uid: 10307 com.shopee.th pids: [] reason: exitFF scene: LcdOn|FastFreezer
07-20 15:31:48.993  3535  4693 I OplusHansManager : cgroup failed, unfreeze uid: 10311 com.google.android.apps.translate pids: [] reason: exitFF scene: LcdOn|FastFreezer
07-20 15:31:48.993  3535  4693 I OplusHansManager : unfreeze uid: 10311 com.google.android.apps.translate pids: [] reason: exitFF scene: LcdOn|FastFreezer
07-20 15:31:48.993  3535  4693 I OplusHansManager : cgroup failed, unfreeze uid: 10318 com.google.android.apps.magazines pids: [] reason: exitFF scene: LcdOn|FastFreezer
07-20 15:31:48.993  3535  4693 I OplusHansManager : unfreeze uid: 10318 com.google.android.apps.magazines pids: [] reason: exitFF scene: LcdOn|FastFreezer
07-20 15:31:48.993  3535  4693 I OplusHansManager : cgroup failed, unfreeze uid: 10323 com.twitter.android pids: [] reason: exitFF scene: LcdOn|FastFreezer
07-20 15:31:48.993  3535  4693 I OplusHansManager : unfreeze uid: 10323 com.twitter.android pids: [] reason: exitFF scene: LcdOn|FastFreezer
07-20 15:31:48.994  3535  4693 I OplusHansManager : cgroup failed, unfreeze uid: 10327 com.google.android.apps.authenticator2 pids: [] reason: exitFF scene: LcdOn|FastFreezer
07-20 15:31:48.994  3535  4693 I OplusHansManager : unfreeze uid: 10327 com.google.android.apps.authenticator2 pids: [] reason: exitFF scene: LcdOn|FastFreezer
07-20 15:31:48.994  3535  4693 I OplusHansManager : cgroup failed, unfreeze uid: 10328 me.proton.android.calendar pids: [] reason: exitFF scene: LcdOn|FastFreezer
07-20 15:31:48.994  3535  4693 I OplusHansManager : unfreeze uid: 10328 me.proton.android.calendar pids: [] reason: exitFF scene: LcdOn|FastFreezer
07-20 15:31:48.994  3535  4693 I OplusHansManager : exit FF, ufzUids: [10328, 10327, 10323, 10318, 10311, 10307, 10303, 10299, 10281, 10192] thaw: [], r: exitFF
07-20 15:31:48.994  3535  4693 I OplusHansManager : notify state machine event=FF_EXIT to uids=[10039, 10180, 10192, 10281, 10299, 10303, 10305, 10307, 10311, 10318, 10323, 10327, 10328, 10333, 10357, 10374, 10403, 10405, 10410, 10422, 10426, 10438, 10441, 10448, 10470, 10491, 10499, 10505, 10506, 10510, 10514, 10519, 10525, 10526, 10533, 99910299]
