--------- beginning of main
07-20 22:53:16.754  1959  2644 I WifiHAL : event received NL80211_CMD_VENDOR, vendor_id = 0x1374, subcmd = 0xd
07-20 22:53:16.755  3256  3256 I cnss-daemon: nl80211 response handler invoked
07-20 22:53:16.755  3256  3256 I cnss-daemon: nl80211_response_handler: cmd 103, vendorID 4980, subcmd 13  received
07-20 22:53:16.803  2375  2375 I adbd    : adbd service requested 'shell,v2,TERM=dumb,raw:am start -a android.intent.action.VIEW -d "sandboxmusic://e2e/playback-scrub-stress?artist=21%20Savage&track=Nee%20Nah" -n rd.sheepskin.sandboxmusic/.MainActivity -f 0x14000000'
--------- beginning of system
07-20 22:53:16.857  3535  5890 W ActivityTaskManager: callingPackage for (uid=2000, pid=22274) has no WPC
07-20 22:53:16.857  3535  4675 I [UAH_CLIENT]: UahEventAcquire, cmdid:2, pkg:none, identity:com.android.server.wm
07-20 22:53:16.858  3535  5890 D WindowManager: NFW_setClientVisible:ActivityRecord{147641291 u0 rd.sheepskin.sandboxmusic/.MainActivity clientVisible:true
07-20 22:53:16.858  3535  5890 V GrammaticalInflectionUtils: AttributionSource: android.content.AttributionSource@587bfde0 does not have READ_SYSTEM_GRAMMATICAL_GENDER permission.
07-20 22:53:16.859  3535  5890 D ActivityTaskManager: The isLandscapeFullscreenEnabled is: rd.sheepskin.sandboxmusic/.MainActivity
07-20 22:53:16.859  3535  5890 D ActivityTaskManager: The isLandscapeFullscreenEnabled is: rd.sheepskin.sandboxmusic/.MainActivity
07-20 22:53:16.859  3535  5890 D ActivityTaskManager: The isLandscapeFullscreenEnabled is: rd.sheepskin.sandboxmusic/.MainActivity
07-20 22:53:16.859  3535  5890 D ActivityTaskManager: The isLandscapeFullscreenEnabled is: rd.sheepskin.sandboxmusic/.MainActivity
07-20 22:53:16.859  3535  5890 D ActivityTaskManager: The isLandscapeFullscreenEnabled is: rd.sheepskin.sandboxmusic/.MainActivity
07-20 22:53:16.859  3535  5890 D FlexibleTaskController: isSupportFlexibleWindow target = rd.sheepskin.sandboxmusic/.MainActivity callPkg = FlexibleTaskController support = true ,caller = 3535
07-20 22:53:16.859  3535  5890 I AppSnapshotController: init, sysSupport = true, mActivitySupport = false, activityRecord = ActivityRecord{147641291 u0 rd.sheepskin.sandboxmusic/.MainActivity t-1}
07-20 22:53:16.860  3535  5890 D FlexibleWindowManagerService: isIgnoreAppearedAcrossTask:false
07-20 22:53:16.861  3535  5890 D ActivityStarterExtImpl: setForceUpdateWindow, targetTask = Task{c867688 #3627 type=standard A=10448:rd.sheepskin.sandboxmusic} r = ActivityRecord{147641291 u0 rd.sheepskin.sandboxmusic/.MainActivity t-1} notFinish =false
07-20 22:53:16.861  3535  5890 D FlexibleWindowManagerService: isIgnoreAppearedAcrossTask:false
07-20 22:53:16.861  3535  5890 D FlexibleTaskController: adjustOptionsForFlexibleTask skip adjust options reason:7
07-20 22:53:16.861  3535  5890 I TaskFragmentExtImpl: reset pause in recents anim for mTaskFragment: Task{c867688 #3627 type=standard A=10448:rd.sheepskin.sandboxmusic}
07-20 22:53:16.861  3535  5890 D FlexibleTaskController: isSupportFlexibleWindow target = rd.sheepskin.sandboxmusic/.MainActivity callPkg = FlexibleTaskController support = true ,caller = 3535
07-20 22:53:16.861  3535  5890 D FlexibleTaskController: shouldKeepFlexibleTask flexibleTask not active.
07-20 22:53:16.861  3535  4433 D StartingSurfacePreviewController: checkSupportSurfacePreview, token=rd.sheepskin.sandboxmusic/.MainActivity, enableSurfacePreview=false, supportMultiLayout=false, unsupportedSkipViewAnimLv=null, disableSurfacePreviewAnimLv=null, ignoreFileExistAnimLv=null
07-20 22:53:16.861  3535  5890 D ActivityStarterExtImpl: isLaunchingRootActivity = true
07-20 22:53:16.862  3535  5890 D OplusDexSceneManager:  High temp 411 with highTemperatureThreshold 380 pkg:rd.sheepskin.sandboxmusic reason: extra-second-dex
07-20 22:53:16.863  3535  5890 D RefreshRate: don't do app switch boost,mPickRefreshRateData is:com.android.server.wm.OplusRefreshRatePolicyImpl$PickRefreshRateData@2c6ba63 mLastPickedWin is:null
07-20 22:53:16.863  3535  5890 D ActivityTaskManager: setAppVisibility(Token{28e1821 ActivityRecord{243874426 u0 rd.sheepskin.sandboxmusic/.MainActivity t3627}}, visible=true):  visible=false mVisibleRequested=false
07-20 22:53:16.863  3535  5890 D WindowManager: NFW_setClientVisible:ActivityRecord{243874426 u0 rd.sheepskin.sandboxmusic/.MainActivity t3627} clientVisible:true
07-20 22:53:16.863  3535  3625 E QosSceneRecognizer[ActivityStartScene]: notifyActivityStart get launchedFromUid failed through AppManager! launchedFromPackage: com.android.shell, pkg: rd.sheepskin.sandboxmusic
07-20 22:53:16.864  3535  5890 D ActivityTaskManager: setVisibility(Token{28e1821 ActivityRecord{243874426 u0 rd.sheepskin.sandboxmusic/.MainActivity t3627}}, visible=true) defer commitVisibility for transition collecting
07-20 22:53:16.864 14764 19382 D VRI[MainActivity]: dispatchAppVisibility visible:true mUpcomingWindowFocus:false
07-20 22:53:16.864  3535  5890 D ActivityTaskManager: NFW_setLastResumedActivityUncheckLocked:false r:ActivityRecord{243874426 u0 rd.sheepskin.sandboxmusic/.MainActivity t3627} currentFocus:Window{8e7b86e u0 NotificationShade}
07-20 22:53:16.864  3535  5890 I OplusAppSwitchManagerService: rd.sheepskin.sandboxmusic notifyGcSupression , firstStart = false
07-20 22:53:16.865  3535  5890 D ActivityTaskManager: setAppVisibility(Token{28e1821 ActivityRecord{243874426 u0 rd.sheepskin.sandboxmusic/.MainActivity t3627}}, visible=false):  visible=false mVisibleRequested=true
07-20 22:53:16.865  3535  5890 D ActivityTaskManager: setVisibility(Token{28e1821 ActivityRecord{243874426 u0 rd.sheepskin.sandboxmusic/.MainActivity t3627}}, visible=false) defer commitVisibility for transition collecting
07-20 22:53:16.865  3535 25022 D OplusAppSwitchRuleInfo: generateActivityEnterInfo - launch_source_type =  , launch_source_traceid = 
07-20 22:53:16.866  3535  5890 D FlexibleTaskController: isFullToFlexibleAnimating: false
07-20 22:53:16.866  3535  5890 D WindowManager: rotation(ROTATION_0) no changed  displayId = 0, lastOrientation = 5
07-20 22:53:16.866  3535  5890 D ActivityTaskManager: The isLandscapeFullscreenEnabled is: rd.sheepskin.sandboxmusic/.MainActivity
07-20 22:53:16.866  3535  5890 D ActivityTaskManager: The isLandscapeFullscreenEnabled is: rd.sheepskin.sandboxmusic/.MainActivity
07-20 22:53:16.866  3535  5890 D ActivityTaskManager: The isLandscapeFullscreenEnabled is: rd.sheepskin.sandboxmusic/.MainActivity
07-20 22:53:16.866  3535  5890 D ActivityTaskManager: The isLandscapeFullscreenEnabled is: rd.sheepskin.sandboxmusic/.MainActivity
07-20 22:53:16.866  3535  5890 D ActivityTaskManager: The isLandscapeFullscreenEnabled is: rd.sheepskin.sandboxmusic/.MainActivity
07-20 22:53:16.866  3535  5890 D ActivityTaskManager: The isLandscapeFullscreenEnabled is: rd.sheepskin.sandboxmusic/.MainActivity
07-20 22:53:16.866  3535  5890 I TaskOrganizerController: onTaskInfoChanged taskid 3627 config { mBounds=Rect(0, 0 - 1440, 3168) mAppBounds=Rect(0, 0 - 1440, 3168) mMaxBounds=Rect(0, 0 - 1440, 3168) mDisplayRotation=ROTATION_0 mWindowingMode=fullscreen mActivityType=standard mAlwaysOnTop=undefined mRotation=ROTATION_0}
07-20 22:53:16.867  3535  5890 D OplusFlexibleDragToSplitAnimController: visibleFlexibleTaskInfos delete:3627
07-20 22:53:16.867  3535  5890 E FlexibleWindowManagerService: notifyTaskObserverToAttachController not need to notify!
07-20 22:53:16.867  3535  5890 I FlexibleWindowManagerService: onFlexibleWindowTaskInfoChanged, return for cur task not embedded
07-20 22:53:16.867  3535  5890 E SchedAssist: binderSetThreadUxFlagByIoctl: ioctl failed, tid=-1 flag=1 ret=-1 errno=25 (Inappropriate ioctl for device)
07-20 22:53:16.867  3535  5890 E SchedAssist: binderSetThreadUxFlagByIoctl: ioctl failed, tid=-1 flag=0 ret=-1 errno=25 (Inappropriate ioctl for device)
07-20 22:53:16.867  3535 25022 D OplusAppSwitchRuleInfo: generateActivityEnterInfo - launch_source_type =  , launch_source_traceid = 
07-20 22:53:16.867  3535  5890 D ActivityTaskManager: The isLandscapeFullscreenEnabled is: rd.sheepskin.sandboxmusic/.MainActivity
07-20 22:53:16.867  3535  5890 D ActivityTrigger: ActivityTrigger activityPauseTrigger 
07-20 22:53:16.868  3535  8375 D BackgroundInstallControlService: Package event received: 0
07-20 22:53:16.868  3535  5890 E SchedAssist: binderSetThreadUxFlagByIoctl: ioctl failed, tid=-1 flag=1 ret=-1 errno=25 (Inappropriate ioctl for device)
07-20 22:53:16.868  3535  5890 E SchedAssist: binderSetThreadUxFlagByIoctl: ioctl failed, tid=-1 flag=0 ret=-1 errno=25 (Inappropriate ioctl for device)
07-20 22:53:16.868  3535  5890 D ActivityRecordExtImpl:  setIsWaitingForAppResume for ActivityRecord{243874426 u0 rd.sheepskin.sandboxmusic/.MainActivity t3627} isWaiting true
07-20 22:53:16.868 22607 22607 D CommandQueueLogger: appTransitionPending displayId=0 forced=false
07-20 22:53:16.868  3535  5890 E Transition: Aborting Transition mSyncId=6859, caller=com.android.server.wm.OplusTransitionUtil.abortTransitionImmediately:109 com.android.server.wm.OplusTransitionController.abortTransitionImmediately:123 com.android.server.wm.ActivityStarterExtImpl.abortTransitionImmediately:1896 
07-20 22:53:16.868  3535  5890 D OplusTransitionController: hookOnAbort, transition: TransitionRecord{b7058f9 id=6859 track=0 type=OPEN flags=0x0 state=0 c=[
07-20 22:53:16.868  3535  5890 D OplusTransitionController:    ChangeInfo{387f03e container=Display{#0 state=ON size=1440x3168 ROTATION_0} flags=0x0}
07-20 22:53:16.868  3535  5890 D OplusTransitionController:    ChangeInfo{a085e9f container=DefaultTaskDisplayArea@124522564 flags=0x0}
07-20 22:53:16.868  3535  5890 D OplusTransitionController:    ChangeInfo{5eebec container=ActivityRecord{147641291 u0 rd.sheepskin.sandboxmusic/.MainActivity t-1} flags=0x0}
07-20 22:53:16.868  3535  5890 D OplusTransitionController:    ChangeInfo{8d48bb5 container=Task{c867688 #3627 type=standard A=10448:rd.sheepskin.sandboxmusic} flags=0x0}
07-20 22:53:16.868  3535  5890 D OplusTransitionController:    ChangeInfo{80ed24a container=ActivityRecord{243874426 u0 rd.sheepskin.sandboxmusic/.MainActivity t3627} flags=0x0}
07-20 22:53:16.868  3535  5890 D OplusTransitionController: ]
07-20 22:53:16.868  3535  5890 D OplusTransitionController: }
07-20 22:53:16.868  3535  5890 E OplusAppQuickStart_AppQuickStartController: not start from launcher transition:6859
07-20 22:53:16.869  3535  5890 D KEYLOG_PhoneWindowManager: setKeyguardOccludedLw occluded=false,false,false
07-20 22:53:16.869  3535  5890 D KEYLOG_PhoneWindowManager: setKeyguardOccludedLw occluded=false,false,false
07-20 22:53:16.869 22607 26866 D KeyguardService: setOccluded(false)
07-20 22:53:16.869 22607 26866 D KeyguardService: setOccluded: false, animate= false
07-20 22:53:16.869 22607 26866 D KeyguardViewMediator: setOccluded(false)
07-20 22:53:16.869 22607 26866 D KeyguardViewMediator: setOccluded false
07-20 22:53:16.869 22607 22634 D ShellTaskOrganizerExt: visibleFlexibleTaskInfos delete:3627
07-20 22:53:16.869 22607 22634 D ShellTaskOrganizerExt: isOnCanvas size:0
07-20 22:53:16.869 22607 22634 D ShellTaskOrganizerExt: isOnThreeFlexibleCanvas size:0
07-20 22:53:16.869 22607 22607 D KeyguardViewMediator: handleSetOccluded(false)
07-20 22:53:16.869 22607 22607 D NotificationShadeWindowController: setIsAboutToOccluded:false, needApply:false
07-20 22:53:16.869 22607 22607 D KeyguardViewMediator: isOccluded=false,mPowerGestureIntercepted=false
07-20 22:53:16.869 22607 22607 I SystemUi--Keyguard: ChargingAnimationImpl-->onKeyguardOccludeChange occluded= false
07-20 22:53:16.869 22607 22607 I SystemUi--Keyguard: KeyguardSliderLayout-->onKeyguardOccludeChange occluded= false
07-20 22:53:16.869 22607 22607 D KeyguardViewMediator: KeyguardViewMediator queue processing message: SET_OCCLUDED
07-20 22:53:16.870  3535  5890 E SchedAssist: binderSetThreadUxFlagByIoctl: ioctl failed, tid=-1 flag=1 ret=-1 errno=25 (Inappropriate ioctl for device)
07-20 22:53:16.870 22607 26866 D KeyguardService: setOccluded(false)
07-20 22:53:16.870 22607 26866 D KeyguardService: setOccluded: false, animate= false
07-20 22:53:16.870 22607 26866 D KeyguardViewMediator: setOccluded(false)
07-20 22:53:16.870 22607 26866 D KeyguardViewMediator: setOccluded false
07-20 22:53:16.870 22607 22607 D KeyguardViewMediator: handleSetOccluded(false)
07-20 22:53:16.870  3535  5890 E SchedAssist: binderSetThreadUxFlagByIoctl: ioctl failed, tid=-1 flag=0 ret=-1 errno=25 (Inappropriate ioctl for device)
07-20 22:53:16.870 22607 22607 D NotificationShadeWindowController: setIsAboutToOccluded:false, needApply:false
07-20 22:53:16.870 22607 22607 D KeyguardViewMediator: isOccluded=false,mPowerGestureIntercepted=false
07-20 22:53:16.870 22607 22607 I SystemUi--Keyguard: ChargingAnimationImpl-->onKeyguardOccludeChange occluded= false
07-20 22:53:16.870 22607 22607 I SystemUi--Keyguard: KeyguardSliderLayout-->onKeyguardOccludeChange occluded= false
07-20 22:53:16.870 22607 22607 D KeyguardViewMediator: KeyguardViewMediator queue processing message: SET_OCCLUDED
07-20 22:53:16.870 22607 22607 D CommandQueueLogger: appTransitionCancelled displayId=0
07-20 22:53:16.870 22607 22607 D CommandQueueLogger: appTransitionCancelled displayId=0
07-20 22:53:16.870  3535  5890 I ActivityTaskManager: START u0 {act=android.intent.action.VIEW dat=sandboxmusic://e2e/... flg=0x14000000 xflg=0x4 cmp=rd.sheepskin.sandboxmusic/.MainActivity mCallingUid=2000} with LAUNCH_SINGLE_TASK from uid 2000 (BAL_ALLOW_PERMISSION (START_ACTIVITIES_FROM_BACKGROUND permission granted)) result code=3
07-20 22:53:16.870 14764 14764 V Capacitor/AppPlugin: Notifying listeners for event appUrlOpen
07-20 22:53:16.871 14764 14764 D VRI[MainActivity]: setWindowStopped stopped:false
07-20 22:53:16.871 14764 14764 D Capacitor: App restarted
07-20 22:53:16.873 14764 14764 D Capacitor: App started
07-20 22:53:16.873  3535  3613 D FlexibleTaskController: check task which not have enough child, isInSingleWhiteList:false isCloneTask:false
07-20 22:53:16.874 22607 22634 D WindowManagerShell: onActivityRestartAttempt: topActivity=ComponentInfo{rd.sheepskin.sandboxmusic/rd.sheepskin.sandboxmusic.MainActivity}, wasVisible=false
07-20 22:53:16.876  3535  3613 W ProcessStats: Tracking association SourceState{3fe6bee com.android.vending/10116 ImpBg #398643} whose proc state 6 is better than process ProcessState{f20546b com.android.vending:background/10116 pkg=com.android.vending} proc state 14 (15 skipped)
07-20 22:53:16.879  2375  2375 I adbd    : adbd service requested 'shell,v2,TERM=dumb,raw:am start -a android.intent.action.VIEW -d sandboxmusic://e2e/thumb-up -n rd.sheepskin.sandboxmusic/.MainActivity -f 0x14000000'
07-20 22:53:16.887  3535  5890 I BLASTSyncEngine: onCommitted syncId: 6859, timeout: false ran: false
07-20 22:53:16.890 14764 14764 E IPCThreadState: Binder transaction failure. id: 77020260, BR_*: 29201, error: -28 (No space left on device)
07-20 22:53:16.890 14764 14764 W BpBinder: Large outgoing transaction of 2428212 bytes, interface descriptor , code 9 was sent
07-20 22:53:16.890 14764 14764 E JavaBinder: !!! FAILED BINDER TRANSACTION !!!  (parcel size = 2428212)
07-20 22:53:16.890  3535  5890 W ActivityManager: pid 14764 rd.sheepskin.sandboxmusic sent binder code 9 with flags 2 to frozen apps and got error -2147483646
07-20 22:53:16.911  2375  2375 I adbd    : adbd service requested 'shell,v2,TERM=dumb:export ANDROID_LOG_TAGS=''; exec logcat '-d' '-t' '20000''
07-20 22:53:16.911  3535  4675 I [UAH_CLIENT]: UahEventAcquire, cmdid:2, pkg:none, identity:com.android.server.wm
07-20 22:53:16.911  3535  5890 W ActivityTaskManager: callingPackage for (uid=2000, pid=22283) has no WPC
07-20 22:53:16.912  3535  5890 D WindowManager: NFW_setClientVisible:ActivityRecord{145862963 u0 rd.sheepskin.sandboxmusic/.MainActivity clientVisible:true
07-20 22:53:16.912  3535  5890 V GrammaticalInflectionUtils: AttributionSource: android.content.AttributionSource@587bfde0 does not have READ_SYSTEM_GRAMMATICAL_GENDER permission.
07-20 22:53:16.912  3535  5890 D ActivityTaskManager: The isLandscapeFullscreenEnabled is: rd.sheepskin.sandboxmusic/.MainActivity
07-20 22:53:16.912  3535  5890 D ActivityTaskManager: The isLandscapeFullscreenEnabled is: rd.sheepskin.sandboxmusic/.MainActivity
07-20 22:53:16.912  3535  5890 D ActivityTaskManager: The isLandscapeFullscreenEnabled is: rd.sheepskin.sandboxmusic/.MainActivity
07-20 22:53:16.912  3535  5890 D ActivityTaskManager: The isLandscapeFullscreenEnabled is: rd.sheepskin.sandboxmusic/.MainActivity
07-20 22:53:16.912  3535  5890 D ActivityTaskManager: The isLandscapeFullscreenEnabled is: rd.sheepskin.sandboxmusic/.MainActivity
07-20 22:53:16.912  3535  5890 D FlexibleTaskController: isSupportFlexibleWindow target = rd.sheepskin.sandboxmusic/.MainActivity callPkg = FlexibleTaskController support = true ,caller = 3535
07-20 22:53:16.912  3535  5890 I AppSnapshotController: init, sysSupport = true, mActivitySupport = false, activityRecord = ActivityRecord{145862963 u0 rd.sheepskin.sandboxmusic/.MainActivity t-1}
07-20 22:53:16.913  3535  3625 E QosSceneRecognizer[ActivityStartScene]: notifyActivityStart get launchedFromUid failed through AppManager! launchedFromPackage: com.android.shell, pkg: rd.sheepskin.sandboxmusic
07-20 22:53:16.913  3535  4433 D StartingSurfacePreviewController: checkSupportSurfacePreview, token=rd.sheepskin.sandboxmusic/.MainActivity, enableSurfacePreview=false, supportMultiLayout=false, unsupportedSkipViewAnimLv=null, disableSurfacePreviewAnimLv=null, ignoreFileExistAnimLv=null
07-20 22:53:16.913  3535  5890 D FlexibleWindowManagerService: isIgnoreAppearedAcrossTask:false
07-20 22:53:16.913  3535  5890 D ActivityStarterExtImpl: setForceUpdateWindow, targetTask = Task{c867688 #3627 type=standard A=10448:rd.sheepskin.sandboxmusic} r = ActivityRecord{145862963 u0 rd.sheepskin.sandboxmusic/.MainActivity t-1} notFinish =false
07-20 22:53:16.913  3535  5890 D FlexibleWindowManagerService: isIgnoreAppearedAcrossTask:false
07-20 22:53:16.913  3535  5890 D FlexibleTaskController: adjustOptionsForFlexibleTask skip adjust options reason:7
07-20 22:53:16.913  3535  5890 I TaskFragmentExtImpl: reset pause in recents anim for mTaskFragment: Task{c867688 #3627 type=standard A=10448:rd.sheepskin.sandboxmusic}
07-20 22:53:16.913  3535  5890 D FlexibleTaskController: isSupportFlexibleWindow target = rd.sheepskin.sandboxmusic/.MainActivity callPkg = FlexibleTaskController support = true ,caller = 3535
07-20 22:53:16.913  3535  5890 D FlexibleTaskController: shouldKeepFlexibleTask flexibleTask not active.
07-20 22:53:16.914  3535  5890 D ActivityStarterExtImpl: isLaunchingRootActivity = true
07-20 22:53:16.914  3535  5890 E Transition: Aborting Transition mSyncId=6860, caller=com.android.server.wm.OplusTransitionUtil.abortTransitionImmediately:109 com.android.server.wm.OplusTransitionController.abortTransitionImmediately:123 com.android.server.wm.ActivityStarterExtImpl.abortTransitionImmediately:1896 
07-20 22:53:16.914  3535  5890 D OplusTransitionController: hookOnAbort, transition: TransitionRecord{aee4ee id=6860 track=0 type=OPEN flags=0x0 state=0 c=[
07-20 22:53:16.914  3535  5890 D OplusTransitionController:    ChangeInfo{24c2d8f container=ActivityRecord{145862963 u0 rd.sheepskin.sandboxmusic/.MainActivity t-1} flags=0x0}
07-20 22:53:16.914  3535  5890 D OplusTransitionController: ]
07-20 22:53:16.914  3535  5890 D OplusTransitionController: }
07-20 22:53:16.914 22607 22607 D CommandQueueLogger: appTransitionPending displayId=0 forced=false
07-20 22:53:16.915  3535  5890 E OplusAppQuickStart_AppQuickStartController: not start from launcher transition:6860
07-20 22:53:16.915  3535  5890 D KEYLOG_PhoneWindowManager: setKeyguardOccludedLw occluded=false,false,false
07-20 22:53:16.915  3535  5890 D KEYLOG_PhoneWindowManager: setKeyguardOccludedLw occluded=false,false,false
07-20 22:53:16.915 22607 23154 D KeyguardService: setOccluded(false)
07-20 22:53:16.915 22607 23154 D KeyguardService: setOccluded: false, animate= false
07-20 22:53:16.915 22607 23154 D KeyguardViewMediator: setOccluded(false)
07-20 22:53:16.915 22607 23154 D KeyguardViewMediator: setOccluded false
07-20 22:53:16.915  3535  5890 E SchedAssist: binderSetThreadUxFlagByIoctl: ioctl failed, tid=-1 flag=1 ret=-1 errno=25 (Inappropriate ioctl for device)
07-20 22:53:16.915 22607 22607 D KeyguardViewMediator: handleSetOccluded(false)
07-20 22:53:16.915 22607 22607 D NotificationShadeWindowController: setIsAboutToOccluded:false, needApply:false
07-20 22:53:16.915 22607 22607 D KeyguardViewMediator: isOccluded=false,mPowerGestureIntercepted=false
07-20 22:53:16.915 22607 22607 I SystemUi--Keyguard: ChargingAnimationImpl-->onKeyguardOccludeChange occluded= false
07-20 22:53:16.915 22607 22607 I SystemUi--Keyguard: KeyguardSliderLayout-->onKeyguardOccludeChange occluded= false
07-20 22:53:16.915 22607 22607 D KeyguardViewMediator: KeyguardViewMediator queue processing message: SET_OCCLUDED
07-20 22:53:16.915 22607 22607 D CommandQueueLogger: appTransitionCancelled displayId=0
07-20 22:53:16.915  3535  5890 E SchedAssist: binderSetThreadUxFlagByIoctl: ioctl failed, tid=-1 flag=0 ret=-1 errno=25 (Inappropriate ioctl for device)
07-20 22:53:16.915 22607 23154 D KeyguardService: setOccluded(false)
07-20 22:53:16.915 22607 23154 D KeyguardService: setOccluded: false, animate= false
07-20 22:53:16.915 22607 23154 D KeyguardViewMediator: setOccluded(false)
07-20 22:53:16.915 22607 23154 D KeyguardViewMediator: setOccluded false
07-20 22:53:16.915 22607 22607 D KeyguardViewMediator: handleSetOccluded(false)
07-20 22:53:16.915 22607 22607 D NotificationShadeWindowController: setIsAboutToOccluded:false, needApply:false
07-20 22:53:16.915 22607 22607 D KeyguardViewMediator: isOccluded=false,mPowerGestureIntercepted=false
07-20 22:53:16.915 22607 22607 I SystemUi--Keyguard: ChargingAnimationImpl-->onKeyguardOccludeChange occluded= false
07-20 22:53:16.915 22607 22607 I SystemUi--Keyguard: KeyguardSliderLayout-->onKeyguardOccludeChange occluded= false
07-20 22:53:16.915 22607 22607 D KeyguardViewMediator: KeyguardViewMediator queue processing message: SET_OCCLUDED
07-20 22:53:16.915 22607 22607 D CommandQueueLogger: appTransitionCancelled displayId=0
07-20 22:53:16.915  3535  5890 I ActivityTaskManager: START u0 {act=android.intent.action.VIEW dat=sandboxmusic://e2e/... flg=0x14000000 xflg=0x4 cmp=rd.sheepskin.sandboxmusic/.MainActivity mCallingUid=2000} with LAUNCH_SINGLE_TASK from uid 2000 (BAL_ALLOW_PERMISSION (START_ACTIVITIES_FROM_BACKGROUND permission granted)) result code=3
07-20 22:53:16.916 22607 22634 D WindowManagerShell: onActivityRestartAttempt: topActivity=ComponentInfo{rd.sheepskin.sandboxmusic/rd.sheepskin.sandboxmusic.MainActivity}, wasVisible=false
07-20 22:53:16.932  2091  6948 D charge_time: type=sdp,reserve_soc=3,soc=40,ui_soc=42,current=28,avg=53,not_chg_cnt=27,stable_cnt=7,fcc=4672,fcc_ratio=91,delta=0,debug=0,region=21,ttf=88793(24:39:53),ui_ttf=55217(15:20:17)
07-20 22:53:16.957  2375  2375 I adbd    : adbd service requested 'shell,v2,TERM=dumb:export ANDROID_LOG_TAGS=''; exec logcat '-d' '-t' '20000''
07-20 22:53:16.958  1981  2351 I SDM     : DisplayBase::CommitThread: Received idle timeout, panel: cmd, timeout: 70000 us
07-20 22:53:16.978 14764 14764 E JavaBinder:   #00 pc 00000000001feae8  /system/lib64/libandroid_runtime.so (android_os_BinderProxy_transact(_JNIEnv*, _jobject*, int, _jobject*, _jobject*, int)+2032) (BuildId: 998c17ca376f393bbfd607144c0accf9)
07-20 22:53:16.978 14764 14764 E JavaBinder:   #01 pc 000000000276d458  /memfd:jit-cache (deleted) (offset 0x2000000) (art_jni_trampoline+168)
07-20 22:53:16.978 14764 14764 E JavaBinder:   #02 pc 0000000002054418  /memfd:jit-cache (deleted) (offset 0x2000000) (android.os.BinderProxy.transact+1592)
07-20 22:53:16.978 14764 14764 E JavaBinder:   #03 pc 00000000028caf58  /memfd:jit-cache (deleted) (offset 0x2000000) (android.media.session.ISession$Stub$Proxy.setMetadata+360)
07-20 22:53:16.978 14764 14764 E JavaBinder:   #04 pc 00000000028c7bb8  /memfd:jit-cache (deleted) (offset 0x2000000) (android.media.session.MediaSession.setMetadata+616)
07-20 22:53:16.978 14764 14764 E JavaBinder:   #05 pc 00000000002aaf94  /apex/com.android.art/lib64/libart.so (art_quick_invoke_stub+612) (BuildId: cecb684d19b4f44ee3cbd66142c315f4)
07-20 22:53:16.978 14764 14764 E JavaBinder:   #06 pc 000000000087a868  /apex/com.android.art/lib64/libart.so (bool art::interpreter::DoCall<false>(art::ArtMethod*, art::Thread*, art::ShadowFrame&, art::Instruction const*, unsigned short, bool, art::JValue*)+1620) (BuildId: cecb684d19b4f44ee3cbd66142c315f4)
07-20 22:53:16.978 14764 14764 E JavaBinder:   #07 pc 00000000006fcf7c  /apex/com.android.art/lib64/libart.so (void art::interpreter::ExecuteSwitchImplCpp<false>(art::interpreter::SwitchImplContext*)+580) (BuildId: cecb684d19b4f44ee3cbd66142c315f4)
07-20 22:53:16.978 14764 14764 E JavaBinder:   #08 pc 00000000002fde48  /apex/com.android.art/lib64/libart.so (ExecuteSwitchImplAsm+8) (BuildId: cecb684d19b4f44ee3cbd66142c315f4)
07-20 22:53:16.978 14764 14764 E JavaBinder:   #09 pc 000000000017d384  [anon:dalvik-classes.dex extracte...in.sandboxmusic-2bG9QGhScCzhf35rKdNf4A==/base.apk]
07-20 22:53:16.978 14764 14764 E JavaBinder:   #10 pc 000000000087ab14  /apex/com.android.art/lib64/libart.so (bool art::interpreter::DoCall<false>(art::ArtMethod*, art::Thread*, art::ShadowFrame&, art::Instruction const*, unsigned short, bool, art::JValue*)+2304) (BuildId: cecb684d19b4f44ee3cbd66142c315f4)
07-20 22:53:16.978 14764 14764 E JavaBinder:   #11 pc 00000000006fd380  /apex/com.android.art/lib64/libart.so (void art::interpreter::ExecuteSwitchImplCpp<false>(art::interpreter::SwitchImplContext*)+1608) (BuildId: cecb684d19b4f44ee3cbd66142c315f4)
07-20 22:53:16.978 14764 14764 E JavaBinder:   #12 pc 00000000002fde48  /apex/com.android.art/lib64/libart.so (ExecuteSwitchImplAsm+8) (BuildId: cecb684d19b4f44ee3cbd66142c315f4)
07-20 22:53:16.978 14764 14764 E JavaBinder:   #13 pc 0000000000180948  [anon:dalvik-classes.dex extracte...in.sandboxmusic-2bG9QGhScCzhf35rKdNf4A==/base.apk]
07-20 22:53:16.978 14764 14764 E JavaBinder:   #14 pc 000000000087ab14  /apex/com.android.art/lib64/libart.so (bool art::interpreter::DoCall<false>(art::ArtMethod*, art::Thread*, art::ShadowFrame&, art::Instruction const*, unsigned short, bool, art::JValue*)+2304) (BuildId: cecb684d19b4f44ee3cbd66142c315f4)
07-20 22:53:16.978 14764 14764 E JavaBinder:   #15 pc 00000000006fcf7c  /apex/com.android.art/lib64/libart.so (void art::interpreter::ExecuteSwitchImplCpp<false>(art::interpreter::SwitchImplContext*)+580) (BuildId: cecb684d19b4f44ee3cbd66142c315f4)
07-20 22:53:16.978 14764 14764 E JavaBinder:   #16 pc 00000000002fde48  /apex/com.android.art/lib64/libart.so (ExecuteSwitchImplAsm+8) (BuildId: cecb684d19b4f44ee3cbd66142c315f4)
07-20 22:53:16.978 14764 14764 E JavaBinder:   #17 pc 0000000000013c68  [anon:dalvik-classes8.dex extract...in.sandboxmusic-2bG9QGhScCzhf35rKdNf4A==/base.apk] (rd.sheepskin.sandboxmusic.MediaPlaybackForegroundService.refreshSession)
07-20 22:53:16.978 14764 14764 E JavaBinder:   #18 pc 000000000087ab14  /apex/com.android.art/lib64/libart.so (bool art::interpreter::DoCall<false>(art::ArtMethod*, art::Thread*, art::ShadowFrame&, art::Instruction const*, unsigned short, bool, art::JValue*)+2304) (BuildId: cecb684d19b4f44ee3cbd66142c315f4)
07-20 22:53:16.978 14764 14764 E JavaBinder:   #19 pc 00000000006fce54  /apex/com.android.art/lib64/libart.so (void art::interpreter::ExecuteSwitchImplCpp<false>(art::interpreter::SwitchImplContext*)+284) (BuildId: cecb684d19b4f44ee3cbd66142c315f4)
07-20 22:53:16.978 14764 14764 E JavaBinder:   #20 pc 00000000002fde48  /apex/com.android.art/lib64/libart.so (ExecuteSwitchImplAsm+8) (BuildId: cecb684d19b4f44ee3cbd66142c315f4)
07-20 22:53:16.978 14764 14764 E JavaBinder:   #21 pc 00000000000134f8  [anon:dalvik-classes8.dex extract...in.sandboxmusic-2bG9QGhScCzhf35rKdNf4A==/base.apk] (rd.sheepskin.sandboxmusic.MediaPlaybackForegroundService.ensureServiceRunning)
07-20 22:53:16.978 14764 14764 E JavaBinder:   #22 pc 000000000087ab14  /apex/com.android.art/lib64/libart.so (bool art::interpreter::DoCall<false>(art::ArtMethod*, art::Thread*, art::ShadowFrame&, art::Instruction const*, unsigned short, bool, art::JValue*)+2304) (BuildId: cecb684d19b4f44ee3cbd66142c315f4)
07-20 22:53:16.978 14764 14764 E JavaBinder:   #23 pc 00000000006fce54  /apex/com.android.art/lib64/libart.so (void art::interpreter::ExecuteSwitchImplCpp<false>(art::interpreter::SwitchImplContext*)+284) (BuildId: cecb684d19b4f44ee3cbd66142c315f4)
07-20 22:53:16.978 14764 14764 E JavaBinder:   #24 pc 00000000002fde48  /apex/com.android.art/lib64/libart.so (ExecuteSwitchImplAsm+8) (BuildId: cecb684d19b4f44ee3cbd66142c315f4)
07-20 22:53:16.978 14764 14764 E JavaBinder:   #25 pc 000000000000b794  [anon:dalvik-classes8.dex extract...in.sandboxmusic-2bG9QGhScCzhf35rKdNf4A==/base.apk] (rd.sheepskin.sandboxmusic.BackgroundMediaPlugin.startServiceInternal)
07-20 22:53:16.978 14764 14764 E JavaBinder:   #26 pc 000000000087ab14  /apex/com.android.art/lib64/libart.so (bool art::interpreter::DoCall<false>(art::ArtMethod*, art::Thread*, art::ShadowFrame&, art::Instruction const*, unsigned short, bool, art::JValue*)+2304) (BuildId: cecb684d19b4f44ee3cbd66142c315f4)
07-20 22:53:16.978 14764 14764 E JavaBinder:   #27 pc 00000000006fce54  /apex/com.android.art/lib64/libart.so (void art::interpreter::ExecuteSwitchImplCpp<false>(art::interpreter::SwitchImplContext*)+284) (BuildId: cecb684d19b4f44ee3cbd66142c315f4)
07-20 22:53:16.978 14764 14764 E JavaBinder:   #28 pc 00000000002fde48  /apex/com.android.art/lib64/libart.so (ExecuteSwitchImplAsm+8) (BuildId: cecb684d19b4f44ee3cbd66142c315f4)
07-20 22:53:16.978 14764 14764 E JavaBinder:   #29 pc 000000000000b58c  [anon:dalvik-classes8.dex extract...in.sandboxmusic-2bG9QGhScCzhf35rKdNf4A==/base.apk] (rd.sheepskin.sandboxmusic.BackgroundMediaPlugin.notificationsPermsCallback)
07-20 22:53:16.978 14764 14764 E JavaBinder:   #30 pc 00000000002fda80  /apex/com.android.art/lib64/libart.so (art::interpreter::Execute(art::Thread*, art::CodeItemDataAccessor const&, art::ShadowFrame&, art::JValue, bool, bool) (.__uniq.112435418011751916792819755956732575238.llvm.8613519112829971472)+360) (BuildId: cecb684d19b4f44ee3cbd66142c315f4)
07-20 22:53:16.978 14764 14764 E JavaBinder:   #31 pc 00000000002fd404  /apex/com.android.art/lib64/libart.so (artQuickToInterpreterBridge+916) (BuildId: cecb684d19b4f44ee3cbd66142c315f4)
07-20 22:53:16.978 14764 14764 E JavaBinder:   #32 pc 00000000002c24d8  /apex/com.android.art/lib64/libart.so (art_quick_to_interpreter_bridge+88) (BuildId: cecb684d19b4f44ee3cbd66142c315f4)
07-20 22:53:16.978 14764 14764 E JavaBinder:   #33 pc 00000000002aaf94  /apex/com.android.art/lib64/libart.so (art_quick_invoke_stub+612) (BuildId: cecb684d19b4f44ee3cbd66142c315f4)
07-20 22:53:16.978 14764 14764 E JavaBinder:   #34 pc 000000000029c294  /apex/com.android.art/lib64/libart.so (_jobject* art::InvokeMethod<(art::PointerSize)8>(art::ScopedObjectAccessAlreadyRunnable const&, _jobject*, _jobject*, _jobject*, unsigned long)+1100) (BuildId: cecb684d19b4f44ee3cbd66142c315f4)
07-20 22:53:16.978 14764 14764 E JavaBinder:   #35 pc 0000000000635ed4  /apex/com.android.art/lib64/libart.so (art::Method_invoke(_JNIEnv*, _jobject*, _jobject*, _jobjectArray*) (.__uniq.165753521025965369065708152063621506277)+36) (BuildId: cecb684d19b4f44ee3cbd66142c315f4)
07-20 22:53:16.978 14764 14764 E JavaBinder:   #36 pc 000000000276ba00  /memfd:jit-cache (deleted) (offset 0x2000000) (art_jni_trampoline+144)
07-20 22:53:16.978 14764 14764 E JavaBinder:   #37 pc 00000000002aaf94  /apex/com.android.art/lib64/libart.so (art_quick_invoke_stub+612) (BuildId: cecb684d19b4f44ee3cbd66142c315f4)
07-20 22:53:16.978 14764 14764 E JavaBinder:   #38 pc 000000000087a868  /apex/com.android.art/lib64/libart.so (bool art::interpreter::DoCall<false>(art::ArtMethod*, art::Thread*, art::ShadowFrame&, art::Instruction const*, unsigned short, bool, art::JValue*)+1620) (BuildId: cecb684d19b4f44ee3cbd66142c315f4)
07-20 22:53:16.978 14764 14764 E JavaBinder:   #39 pc 00000000006fcf7c  /apex/com.android.art/lib64/libart.so (void art::interpreter::ExecuteSwitchImplCpp<false>(art::interpreter::SwitchImplContext*)+580) (BuildId: cecb684d19b4f44ee3cbd66142c315f4)
07-20 22:53:16.978 14764 14764 E JavaBinder:   #40 pc 00000000002fde48  /apex/com.android.art/lib64/libart.so (ExecuteSwitchImplAsm+8) (BuildId: cecb684d19b4f44ee3cbd66142c315f4)
07-20 22:53:16.978 14764 14764 E JavaBinder:   #41 pc 0000000000011d3c  [anon:dalvik-classes4.dex extract...in.sandboxmusic-2bG9QGhScCzhf35rKdNf4A==/base.apk] (com.getcapacitor.Plugin.triggerPermissionCallback)
07-20 22:53:16.978 14764 14764 E JavaBinder:   #42 pc 000000000087ab14  /apex/com.android.art/lib64/libart.so (bool art::interpreter::DoCall<false>(art::ArtMethod*, art::Thread*, art::ShadowFrame&, art::Instruction const*, unsigned short, bool, art::JValue*)+2304) (BuildId: cecb684d19b4f44ee3cbd66142c315f4)
07-20 22:53:16.978 14764 14764 E JavaBinder:   #43 pc 00000000006fce54  /apex/com.android.art/lib64/libart.so (void art::interpreter::ExecuteSwitchImplCpp<false>(art::interpreter::SwitchImplContext*)+284) (BuildId: cecb684d19b4f44ee3cbd66142c315f4)
07-20 22:53:16.978 14764 14764 E JavaBinder:   #44 pc 00000000002fde48  /apex/com.android.art/lib64/libart.so (ExecuteSwitchImplAsm+8) (BuildId: cecb684d19b4f44ee3cbd66142c315f4)
07-20 22:53:16.978 14764 14764 E JavaBinder:   #45 pc 0000000000011634  [anon:dalvik-classes4.dex extract...in.sandboxmusic-2bG9QGhScCzhf35rKdNf4A==/base.apk] (com.getcapacitor.Plugin.lambda$initializeActivityLaunchers$1)
07-20 22:53:16.978 14764 14764 E JavaBinder:   #46 pc 000000000087ab14  /apex/com.android.art/lib64/libart.so (bool art::interpreter::DoCall<false>(art::ArtMethod*, art::Thread*, art::ShadowFrame&, art::Instruction const*, unsigned short, bool, art::JValue*)+2304) (BuildId: cecb684d19b4f44ee3cbd66142c315f4)
07-20 22:53:16.978 14764 14764 E JavaBinder:   #47 pc 00000000006fce54  /apex/com.android.art/lib64/libart.so (void art::interpreter::ExecuteSwitchImplCpp<false>(art::interpreter::SwitchImplContext*)+284) (BuildId: cecb684d19b4f44ee3cbd66142c315f4)
07-20 22:53:16.978 14764 14764 E JavaBinder:   #48 pc 00000000002fde48  /apex/com.android.art/lib64/libart.so (ExecuteSwitchImplAsm+8) (BuildId: cecb684d19b4f44ee3cbd66142c315f4)
07-20 22:53:16.978 14764 14764 E JavaBinder:   #49 pc 00000000000111b4  [anon:dalvik-classes4.dex extract...in.sandboxmusic-2bG9QGhScCzhf35rKdNf4A==/base.apk] (com.getcapacitor.Plugin.$r8$lambda$MIUdFOWJqxyaYOIiq89xIboPNcM)
07-20 22:53:16.978 14764 14764 E JavaBinder:   #50 pc 000000000087ab14  /apex/com.android.art/lib64/libart.so (bool art::interpreter::DoCall<false>(art::ArtMethod*, art::Thread*, art::ShadowFrame&, art::Instruction const*, unsigned short, bool, art::JValue*)+2304) (BuildId: cecb684d19b4f44ee3cbd66142c315f4)
07-20 22:53:16.978 14764 14764 E JavaBinder:   #51 pc 00000000006fce54  /apex/com.android.art/lib64/libart.so (void art::interpreter::ExecuteSwitchImplCpp<false>(art::interpreter::SwitchImplContext*)+284) (BuildId: cecb684d19b4f44ee3cbd66142c315f4)
07-20 22:53:16.978 14764 14764 E JavaBinder:   #52 pc 00000000002fde48  /apex/com.android.art/lib64/libart.so (ExecuteSwitchImplAsm+8) (BuildId: cecb684d19b4f44ee3cbd66142c315f4)
07-20 22:53:16.978 14764 14764 E JavaBinder:   #53 pc 000000000000f9b4  [anon:dalvik-classes4.dex extract...in.sandboxmusic-2bG9QGhScCzhf35rKdNf4A==/base.apk] (com.getcapacitor.Plugin$$ExternalSyntheticLambda1.onActivityResult)
07-20 22:53:16.978 14764 14764 E JavaBinder:   #54 pc 000000000087ab14  /apex/com.android.art/lib64/libart.so (bool art::interpreter::DoCall<false>(art::ArtMethod*, art::Thread*, art::ShadowFrame&, art::Instruction const*, unsigned short, bool, art::JValue*)+2304) (BuildId: cecb684d19b4f44ee3cbd66142c315f4)
07-20 22:53:16.978 14764 14764 E JavaBinder:   #55 pc 00000000006fd380  /apex/com.android.art/lib64/libart.so (void art::interpreter::ExecuteSwitchImplCpp<false>(art::interpreter::SwitchImplContext*)+1608) (BuildId: cecb684d19b4f44ee3cbd66142c315f4)
07-20 22:53:16.978 14764 14764 E JavaBinder:   #56 pc 00000000002fde48  /apex/com.android.art/lib64/libart.so (ExecuteSwitchImplAsm+8) (BuildId: cecb684d19b4f44ee3cbd66142c315f4)
07-20 22:53:16.978 14764 14764 E JavaBinder:   #57 pc 0000000000188fe0  [anon:dalvik-classes.dex extracte...in.sandboxmusic-2bG9QGhScCzhf35rKdNf4A==/base.apk]
07-20 22:53:16.978 14764 14764 E JavaBinder:   #58 pc 00000000002c70fc  /apex/com.android.art/lib64/libart.so (art::interpreter::ArtInterpreterToInterpreterBridge(art::Thread*, art::CodeItemDataAccessor const&, art::ShadowFrame*, art::JValue*)+372) (BuildId: cecb684d19b4f44ee3cbd66142c315f4)
07-20 22:53:16.978 14764 14764 E JavaBinder:   #59 pc 000000000028a35c  /apex/com.android.art/lib64/libart.so (bool art::interpreter::DoCall<true>(art::ArtMethod*, art::Thread*, art::ShadowFrame&, art::Instruction const*, unsigned short, bool, art::JValue*)+1992) (BuildId: cecb684d19b4f44ee3cbd66142c315f4)
07-20 22:53:16.978 14764 14764 E JavaBinder:   #60 pc 00000000006ff70c  /apex/com.android.art/lib64/libart.so (void art::interpreter::ExecuteSwitchImplCpp<false>(art::interpreter::SwitchImplContext*)+10708) (BuildId: cecb684d19b4f44ee3cbd66142c315f4)
07-20 22:53:16.978 14764 14764 E JavaBinder:   #61 pc 00000000002fde48  /apex/com.android.art/lib64/libart.so (ExecuteSwitchImplAsm+8) (BuildId: cecb684d19b4f44ee3cbd66142c315f4)
07-20 22:53:16.978 14764 14764 E JavaBinder:   #62 pc 0000000000188ca4  [anon:dalvik-classes.dex extracte...in.sandboxmusic-2bG9QGhScCzhf35rKdNf4A==/base.apk]
07-20 22:53:16.978 14764 14764 E JavaBinder:   #63 pc 00000000002c70fc  /apex/com.android.art/lib64/libart.so (art::interpreter::ArtInterpreterToInterpreterBridge(art::Thread*, art::CodeItemDataAccessor const&, art::ShadowFrame*, art::JValue*)+372) (BuildId: cecb684d19b4f44ee3cbd66142c315f4)
07-20 22:53:16.978 14764 14764 E JavaBinder:   #64 pc 000000000028a35c  /apex/com.android.art/lib64/libart.so (bool art::interpreter::DoCall<true>(art::ArtMethod*, art::Thread*, art::ShadowFrame&, art::Instruction const*, unsigned short, bool, art::JValue*)+1992) (BuildId: cecb684d19b4f44ee3cbd66142c315f4)
07-20 22:53:16.978 14764 14764 E JavaBinder:   #65 pc 00000000006ff70c  /apex/com.android.art/lib64/libart.so (void art::interpreter::ExecuteSwitchImplCpp<false>(art::interpreter::SwitchImplContext*)+10708) (BuildId: cecb684d19b4f44ee3cbd66142c315f4)
07-20 22:53:16.978 14764 14764 E JavaBinder:   #66 pc 00000000002fde48  /apex/com.android.art/lib64/libart.so (ExecuteSwitchImplAsm+8) (BuildId: cecb684d19b4f44ee3cbd66142c315f4)
07-20 22:53:16.978 14764 14764 E JavaBinder:   #67 pc 000000000018845c  [anon:dalvik-classes.dex extracte...in.sandboxmusic-2bG9QGhScCzhf35rKdNf4A==/base.apk]
07-20 22:53:16.978 14764 14764 E JavaBinder:   #68 pc 000000000087ab14  /apex/com.android.art/lib64/libart.so (bool art::interpreter::DoCall<false>(art::ArtMethod*, art::Thread*, art::ShadowFrame&, art::Instruction const*, unsigned short, bool, art::JValue*)+2304) (BuildId: cecb684d19b4f44ee3cbd66142c315f4)
07-20 22:53:16.978 14764 14764 E JavaBinder:   #69 pc 00000000006fd380  /apex/com.android.art/lib64/libart.so (void art::interpreter::ExecuteSwitchImplCpp<false>(art::interpreter::SwitchImplContext*)+1608) (BuildId: cecb684d19b4f44ee3cbd66142c315f4)
07-20 22:53:16.978 14764 14764 E JavaBinder:   #70 pc 00000000002fde48  /apex/com.android.art/lib64/libart.so (ExecuteSwitchImplAsm+8) (BuildId: cecb684d19b4f44ee3cbd66142c315f4)
07-20 22:53:16.978 14764 14764 E JavaBinder:   #71 pc 00000000002d2a6c  [anon:dalvik-classes.dex extracte...in.sandboxmusic-2bG9QGhScCzhf35rKdNf4A==/base.apk]
07-20 22:53:16.978 14764 14764 E JavaBinder:   #72 pc 000000000087ab14  /apex/com.android.art/lib64/libart.so (bool art::interpreter::DoCall<false>(art::ArtMethod*, art::Thread*, art::ShadowFrame&, art::Instruction const*, unsigned short, bool, art::JValue*)+2304) (BuildId: cecb684d19b4f44ee3cbd66142c315f4)
07-20 22:53:16.978 14764 14764 E JavaBinder:   #73 pc 00000000006fcf7c  /apex/com.android.art/lib64/libart.so (void art::interpreter::ExecuteSwitchImplCpp<false>(art::interpreter::SwitchImplContext*)+580) (BuildId: cecb684d19b4f44ee3cbd66142c315f4)
07-20 22:53:16.978 14764 14764 E JavaBinder:   #74 pc 00000000002fde48  /apex/com.android.art/lib64/libart.so (ExecuteSwitchImplAsm+8) (BuildId: cecb684d19b4f44ee3cbd66142c315f4)
07-20 22:53:16.978 14764 14764 E JavaBinder:   #75 pc 00000000002d303c  [anon:dalvik-classes.dex extracte...in.sandboxmusic-2bG9QGhScCzhf35rKdNf4A==/base.apk]
07-20 22:53:16.978 14764 14764 E JavaBinder:   #76 pc 000000000087ab14  /apex/com.android.art/lib64/libart.so (bool art::interpreter::DoCall<false>(art::ArtMethod*, art::Thread*, art::ShadowFrame&, art::Instruction const*, unsigned short, bool, art::JValue*)+2304) (BuildId: cecb684d19b4f44ee3cbd66142c315f4)
07-20 22:53:16.978 14764 14764 E JavaBinder:   #77 pc 00000000006fce54  /apex/com.android.art/lib64/libart.so (void art::interpreter::ExecuteSwitchImplCpp<false>(art::interpreter::SwitchImplContext*)+284) (BuildId: cecb684d19b4f44ee3cbd66142c315f4)
07-20 22:53:16.978 14764 14764 E JavaBinder:   #78 pc 00000000002fde48  /apex/com.android.art/lib64/libart.so (ExecuteSwitchImplAsm+8) (BuildId: cecb684d19b4f44ee3cbd66142c315f4)
07-20 22:53:16.978 14764 14764 E JavaBinder:   #79 pc 00000000002d3338  [anon:dalvik-classes.dex extracte...in.sandboxmusic-2bG9QGhScCzhf35rKdNf4A==/base.apk]
07-20 22:53:16.978 14764 14764 E JavaBinder:   #80 pc 000000000087ab14  /apex/com.android.art/lib64/libart.so (bool art::interpreter::DoCall<false>(art::ArtMethod*, art::Thread*, art::ShadowFrame&, art::Instruction const*, unsigned short, bool, art::JValue*)+2304) (BuildId: cecb684d19b4f44ee3cbd66142c315f4)
07-20 22:53:16.978 14764 14764 E JavaBinder:   #81 pc 00000000006fce54  /apex/com.android.art/lib64/libart.so (void art::interpreter::ExecuteSwitchImplCpp<false>(art::interpreter::SwitchImplContext*)+284) (BuildId: cecb684d19b4f44ee3cbd66142c315f4)
07-20 22:53:16.978 14764 14764 E JavaBinder:   #82 pc 00000000002fde48  /apex/com.android.art/lib64/libart.so (ExecuteSwitchImplAsm+8) (BuildId: cecb684d19b4f44ee3cbd66142c315f4)
07-20 22:53:16.978 14764 14764 E JavaBinder:   #83 pc 00000000002d31a8  [anon:dalvik-classes.dex extracte...in.sandboxmusic-2bG9QGhScCzhf35rKdNf4A==/base.apk]
07-20 22:53:16.978 14764 14764 E JavaBinder:   #84 pc 000000000087ab14  /apex/com.android.art/lib64/libart.so (bool art::interpreter::DoCall<false>(art::ArtMethod*, art::Thread*, art::ShadowFrame&, art::Instruction const*, unsigned short, bool, art::JValue*)+2304) (BuildId: cecb684d19b4f44ee3cbd66142c315f4)
07-20 22:53:16.978 14764 14764 E JavaBinder:   #85 pc 00000000006fce54  /apex/com.android.art/lib64/libart.so (void art::interpreter::ExecuteSwitchImplCpp<false>(art::interpreter::SwitchImplContext*)+284) (BuildId: cecb684d19b4f44ee3cbd66142c315f4)
07-20 22:53:16.978 14764 14764 E JavaBinder:   #86 pc 00000000002fde48  /apex/com.android.art/lib64/libart.so (ExecuteSwitchImplAsm+8) (BuildId: cecb684d19b4f44ee3cbd66142c315f4)
07-20 22:53:16.978 14764 14764 E JavaBinder:   #87 pc 00000000002d3144  [anon:dalvik-classes.dex extracte...in.sandboxmusic-2bG9QGhScCzhf35rKdNf4A==/base.apk]
07-20 22:53:16.978 14764 14764 E JavaBinder:   #88 pc 000000000087ab14  /apex/com.android.art/lib64/libart.so (bool art::interpreter::DoCall<false>(art::ArtMethod*, art::Thread*, art::ShadowFrame&, art::Instruction const*, unsigned short, bool, art::JValue*)+2304) (BuildId: cecb684d19b4f44ee3cbd66142c315f4)
07-20 22:53:16.978 14764 14764 E JavaBinder:   #89 pc 00000000006fcf7c  /apex/com.android.art/lib64/libart.so (void art::interpreter::ExecuteSwitchImplCpp<false>(art::interpreter::SwitchImplContext*)+580) (BuildId: cecb684d19b4f44ee3cbd66142c315f4)
07-20 22:53:16.978 14764 14764 E JavaBinder:   #90 pc 00000000002fde48  /apex/com.android.art/lib64/libart.so (ExecuteSwitchImplAsm+8) (BuildId: cecb684d19b4f44ee3cbd66142c315f4)
07-20 22:53:16.978 14764 14764 E JavaBinder:   #91 pc 00000000002d501c  [anon:dalvik-classes.dex extracte...in.sandboxmusic-2bG9QGhScCzhf35rKdNf4A==/base.apk]
07-20 22:53:16.978 14764 14764 E JavaBinder:   #92 pc 000000000087ab14  /apex/com.android.art/lib64/libart.so (bool art::interpreter::DoCall<false>(art::ArtMethod*, art::Thread*, art::ShadowFrame&, art::Instruction const*, unsigned short, bool, art::JValue*)+2304) (BuildId: cecb684d19b4f44ee3cbd66142c315f4)
07-20 22:53:16.978 14764 14764 E JavaBinder:   #93 pc 00000000006fcf7c  /apex/com.android.art/lib64/libart.so (void art::interpreter::ExecuteSwitchImplCpp<false>(art::interpreter::SwitchImplContext*)+580) (BuildId: cecb684d19b4f44ee3cbd66142c315f4)
07-20 22:53:16.978 14764 14764 E JavaBinder:   #94 pc 00000000002fde48  /apex/com.android.art/lib64/libart.so (ExecuteSwitchImplAsm+8) (BuildId: cecb684d19b4f44ee3cbd66142c315f4)
07-20 22:53:16.978 14764 14764 E JavaBinder:   #95 pc 00000000002d525c  [anon:dalvik-classes.dex extracte...in.sandboxmusic-2bG9QGhScCzhf35rKdNf4A==/base.apk]
07-20 22:53:16.978 14764 14764 E JavaBinder:   #96 pc 00000000002fda80  /apex/com.android.art/lib64/libart.so (art::interpreter::Execute(art::Thread*, art::CodeItemDataAccessor const&, art::ShadowFrame&, art::JValue, bool, bool) (.__uniq.112435418011751916792819755956732575238.llvm.8613519112829971472)+360) (BuildId: cecb684d19b4f44ee3cbd66142c315f4)
07-20 22:53:16.978 14764 14764 E JavaBinder:   #97 pc 00000000002fd404  /apex/com.android.art/lib64/libart.so (artQuickToInterpreterBridge+916) (BuildId: cecb684d19b4f44ee3cbd66142c315f4)
07-20 22:53:16.978 14764 14764 E JavaBinder:   #98 pc 00000000002c24d8  /apex/com.android.art/lib64/libart.so (art_quick_to_interpreter_bridge+88) (BuildId: cecb684d19b4f44ee3cbd66142c315f4)
07-20 22:53:16.978 14764 14764 E JavaBinder:   #99 pc 00000000025027c8  /memfd:jit-cache (deleted) (offset 0x2000000) (android.app.Activity.dispatchActivityPostStarted+232)
07-20 22:53:16.978 14764 14764 E JavaBinder:   #100 pc 00000000024f97dc  /memfd:jit-cache (deleted) (offset 0x2000000) (android.app.Activity.performStart+1692)
07-20 22:53:16.978 14764 14764 E JavaBinder:   #101 pc 00000000024f8cd0  /memfd:jit-cache (deleted) (offset 0x2000000) (android.app.ActivityThread.handleStartActivity+288)
07-20 22:53:16.978 14764 14764 E JavaBinder:   #102 pc 00000000024f8838  /memfd:jit-cache (deleted) (offset 0x2000000) (android.app.servertransaction.TransactionExecutor.performLifecycleSequence+1048)
07-20 22:53:16.978 14764 14764 E JavaBinder:   #103 pc 00000000024f7254  /memfd:jit-cache (deleted) (offset 0x2000000) (android.app.servertransaction.TransactionExecutor.cycleToPath+692)
07-20 22:53:16.978 14764 14764 E JavaBinder:   #104 pc 00000000024f6e44  /memfd:jit-cache (deleted) (offset 0x2000000) (android.app.servertransaction.TransactionExecutor.executeLifecycleItem+740)
07-20 22:53:16.978 14764 14764 E JavaBinder:   #105 pc 0000000002200840  /memfd:jit-cache (deleted) (offset 0x2000000) (android.app.servertransaction.TransactionExecutor.executeTransactionItems+384)
07-20 22:53:16.978 14764 14764 E JavaBinder:   #106 pc 00000000022003f8  /memfd:jit-cache (deleted) (offset 0x2000000) (android.app.servertransaction.TransactionExecutor.execute+424)
07-20 22:53:16.978 14764 14764 E JavaBinder:   #107 pc 00000000020a5fd8  /memfd:jit-cache (deleted) (offset 0x2000000) (android.app.ActivityThread$H.handleMessage+2216)
07-20 22:53:16.978 14764 14764 E JavaBinder:   #108 pc 00000000020a5660  /memfd:jit-cache (deleted) (offset 0x2000000) (android.os.Handler.dispatchMessage+304)
07-20 22:53:16.978 14764 14764 E JavaBinder:   #109 pc 00000000020a331c  /memfd:jit-cache (deleted) (offset 0x2000000) (android.os.Looper.loopOnce+1708)
07-20 22:53:16.978 14764 14764 E JavaBinder:   #110 pc 00000000002ab260  /apex/com.android.art/lib64/libart.so (art_quick_invoke_static_stub+640) (BuildId: cecb684d19b4f44ee3cbd66142c315f4)
07-20 22:53:16.978 14764 14764 E JavaBinder:   #111 pc 000000000087a970  /apex/com.android.art/lib64/libart.so (bool art::interpreter::DoCall<false>(art::ArtMethod*, art::Thread*, art::ShadowFrame&, art::Instruction const*, unsigned short, bool, art::JValue*)+1884) (BuildId: cecb684d19b4f44ee3cbd66142c315f4)
07-20 22:53:16.978 14764 14764 E JavaBinder:   #112 pc 00000000006fce54  /apex/com.android.art/lib64/libart.so (void art::interpreter::ExecuteSwitchImplCpp<false>(art::interpreter::SwitchImplContext*)+284) (BuildId: cecb684d19b4f44ee3cbd66142c315f4)
07-20 22:53:16.978 14764 14764 E JavaBinder:   #113 pc 00000000002fde48  /apex/com.android.art/lib64/libart.so (ExecuteSwitchImplAsm+8) (BuildId: cecb684d19b4f44ee3cbd66142c315f4)
07-20 22:53:16.978 14764 14764 E JavaBinder:   #114 pc 00000000003a1780  /system/framework/framework.jar (offset 0x11cc000) (android.os.Looper.loop)
07-20 22:53:16.978 14764 14764 E JavaBinder:   #115 pc 000000000087ab14  /apex/com.android.art/lib64/libart.so (bool art::interpreter::DoCall<false>(art::ArtMethod*, art::Thread*, art::ShadowFrame&, art::Instruction const*, unsigned short, bool, art::JValue*)+2304) (BuildId: cecb684d19b4f44ee3cbd66142c315f4)
07-20 22:53:16.978 14764 14764 E JavaBinder:   #116 pc 00000000006fce54  /apex/com.android.art/lib64/libart.so (void art::interpreter::ExecuteSwitchImplCpp<false>(art::interpreter::SwitchImplContext*)+284) (BuildId: cecb684d19b4f44ee3cbd66142c315f4)
07-20 22:53:16.978 14764 14764 E JavaBinder:   #117 pc 00000000002fde48  /apex/com.android.art/lib64/libart.so (ExecuteSwitchImplAsm+8) (BuildId: cecb684d19b4f44ee3cbd66142c315f4)
07-20 22:53:16.978 14764 14764 E JavaBinder:   #118 pc 00000000001e0820  /system/framework/framework.jar (offset 0x7000) (android.app.ActivityThread.main)
