07-06 21:52:49.793  1894  4473 D OplusToneMapperFilter: [OplusTonemapFilterEnableSetter:L376]EnableSetter input:0
07-06 21:52:49.793  1894  4473 D OplusToneMapperFilter: [OplusTonemapFilterEnableSetter:L378]EnableSetter packageName:
07-06 21:52:49.793  1894  4473 D OplusToneMapperFilter: [OplusTonemapperFilter:L576]
07-06 21:52:49.793  1894  4473 I Codec2-OplusFilterWrapper: createFilters: c2.oplus.tone-mapper
07-06 21:52:49.794  1894  4473 I vendor.qti.media.c2@1.0-service: missing struct descriptor #Param::CoreIndex(--002) for field mastering of struct #Param::CoreIndex(--180a)
07-06 21:52:49.794  1894  4473 I Codec2-OplusFilterWrapper: createFilters: c2.video.vpp.filter
07-06 21:52:49.794  1894  4473 I Codec2-OplusFilterWrapper: WrappedDecoder:[c2.qti.avc.decoder] Filter:[c2.oplus.dumpoutput.filter_c2.oplus.tone-mapper_c2.video.vpp.filter_]
07-06 21:52:49.794  1894  4473 D OplusToneMapperFilter: [IsFilteringEnabled:L531] not requestEnable,disable
07-06 21:52:49.794  1894  4473 D Codec2-DumpInput: [DumpInput:L388][c2.qti.avc.decoder_369] this:0xb4000074f13f6718
07-06 21:52:49.795  1894  4473 I Codec2-OplusFilterWrapper: maybeWrapComponent Decoder :[c2.qti.avc.decoder] Filter:[c2.oplus.dumpoutput.filter_c2.oplus.tone-mapper_c2.video.vpp.filter_]
07-06 21:52:49.797  1894  1894 W QC2Interface: [avcD_993] Failed to query parameters
07-06 21:52:49.797  2649 21727 D CCodecConfig: read media type: video/avc
07-06 21:52:49.799  2649 21727 D ReflectedParamUpdater: ignored struct field vendor.output.configs.portConfigs
07-06 21:52:49.807  2649 21727 D ReflectedParamUpdater: extent() != 1 for single value type: vendor.qti-ext-transcode-info-stats.stats_info
07-06 21:52:49.818  2649 21727 D ReflectedParamUpdater: extent() != 1 for single value type: vendor.qti-ext-vpp-extradata.extradata-types
07-06 21:52:49.818  2649 21727 D ReflectedParamUpdater: ignored struct field vendor.input.configs.portConfigs
07-06 21:52:49.820  2649 21727 D ReflectedParamUpdater: extent() != 1 for single value type: output.buffers.pool-ids.values
07-06 21:52:49.822  2649 21727 D ReflectedParamUpdater: extent() != 1 for single value type: output.subscribed-indices.values
07-06 21:52:49.822  2649 21727 D ReflectedParamUpdater: Could not describe oplus.tonemap.filter
07-06 21:52:49.823  2649 21727 D ReflectedParamUpdater: Could not describe oplus.vpp.is.ff.mode
07-06 21:52:49.823  2649 21727 D ReflectedParamUpdater: Could not describe oplus.vpp.white.list
07-06 21:52:49.823  2649 21727 D ReflectedParamUpdater: Could not describe oplus.vpp.inputdelay
07-06 21:52:49.824  2649 21727 D ReflectedParamUpdater: Could not describe oplus.switch.by.app
07-06 21:52:49.824  2649 21727 D CCodecConfig: ignoring local param raw.size (0xd2001800) as it is already supported
07-06 21:52:49.824  2649 21727 D CCodecConfig: ignoring local param default.color (0x5200180b) as it is already supported
07-06 21:52:49.824  2649 21727 D CCodecConfig: ignoring local param raw.hdr-static-info (0xd200180a) as it is already supported
07-06 21:52:49.825  1894  1894 D OplusToneMapperFilter: [IsFilteringEnabled:L531] not requestEnable,disable
07-06 21:52:49.825  1894  1894 D OplusToneMapperFilter: [IsFilteringEnabled:L531] not requestEnable,disable
07-06 21:52:49.826  1894  1894 W QC2Interface: [avcD_993] Failed to query parameters
07-06 21:52:49.826  2649 21727 I CCodecConfig: query failed after returning 17 values (BAD_INDEX)
07-06 21:52:49.827  2649 21727 W ColorUtils: expected specified color aspects (0:0:0:0)
07-06 21:52:49.830  2649  2722 W ServiceManagerCppClient: Failed to get isDeclared for media_quality: Status(-1, EX_SECURITY): 'SELinux denied for service.'
07-06 21:52:49.830  2649 21725 D SurfaceUtils: connecting to surface 0xb4000074502c1810, reason connectToSurface
07-06 21:52:49.831  2649 21725 D BufferQueueProducer: [FrameDecoder](id:a59000014c5,api:3,p:2649,c:2649) connect: api=3 producerControlledByApp=false
07-06 21:52:49.831  2649 21725 D SurfaceUtils: disconnecting from surface 0xb4000074502c1810, reason connectToSurface(reconnect)
07-06 21:52:49.831  2649 21725 D BufferQueueProducer: [FrameDecoder](id:a59000014c5,api:3,p:2649,c:2649) disconnect: api 3
07-06 21:52:49.831  2649 21725 D SurfaceUtils: connecting to surface 0xb4000074502c1800, reason connectToSurface(reconnect-with-listener)
07-06 21:52:49.831  2649 21725 D BufferQueueProducer: [FrameDecoder](id:a59000014c5,api:3,p:2649,c:2649) connect: api=3 producerControlledByApp=false
07-06 21:52:49.831  2649 21725 D OplusAtlasMapsUtil: [doParser:67]ctype:1,platform:1,uid:1013,pid:2649,pkg:/system/bin/mediaserver
07-06 21:52:49.832  2678  2678 D MMListService: [insertToMultiMaps:456]update module:sr-osie-whitelist-new,ret:0,value:
07-06 21:52:49.833  2649 21726 D OplusMediaMonitor: codecSessionKey: -5476376647321724416, codecSessionInfo: b4000074503a4800
07-06 21:52:49.836  2649 24222 D AtlasEventUploadUtils: setEvent event:atlas_event_video_monitor_network_switch
07-06 21:52:49.836  2649 21726 I OplusMediaMonitor-VideoStutterObserver: IsAppInScoreSupportList:0 isDecoder:1 scorecalcValue:1, no need connect Network
07-06 21:52:49.837  4627 10011 V OplusAtlasVideo: callback success event:atlas_event_video_monitor_network_switch eventInfo:START,2649,Key,-5476376647321724416,Component,c2.qti.avc.decoder,Width,576,Height,1024,IsMediaPlayer,1
07-06 21:52:49.838  2649 21726 D OplusMediaMonitor-VideoJointMediaTurboObserver: [initEncDecParams][157] mts-video-decoder-statistics ret=0 uid=1013 listPrjname=
07-06 21:52:49.839  1894  1894 D OplusToneMapperFilter: [IsFilteringEnabled:L531] not requestEnable,disable
07-06 21:52:49.840  1894  1894 D OplusToneMapperFilter: [IsFilteringEnabled:L531] not requestEnable,disable
07-06 21:52:49.841  1894  1894 D OplusToneMapperFilter: [IsFilteringEnabled:L531] not requestEnable,disable
07-06 21:52:49.841  1894  1894 D OplusToneMapperFilter: [IsFilteringEnabled:L531] not requestEnable,disable
07-06 21:52:49.844  1894  1894 W QC2Interface: [avcD_993] Failed to query parameters
07-06 21:52:49.845  2649 21727 W Codec2Client: query -- param skipped: index = 1107298332.
07-06 21:52:49.845  2649 21727 W CCodec  : This behavior is subject to change. It is recommended that app developers double check whether the requested max input size is in reasonable range.
07-06 21:52:49.845  1894  1894 W QC2Interface: [avcD_993] Failed to query parameters
07-06 21:52:49.845  2649 21727 I CCodecConfig: query failed after returning 19 values (BAD_INDEX)
07-06 21:52:49.846  1894  1894 W QC2Interface: [avcD_993] Failed to query parameters
07-06 21:52:49.846  2649 21727 E mediaserver: Failed to query component interface for required system resources: 6
07-06 21:52:49.847  1894  1894 D OplusToneMapperFilter: [IsFilteringEnabled:L531] not requestEnable,disable
07-06 21:52:49.848  1894  1894 V Codec2-DumpInput: [start:L443][c2.qti.avc.decoder_369] this:0xb4000074f13f6718
07-06 21:52:49.848  1894 21731 V Codec2-DumpInput: [processLoop:L652][c2.qti.avc.decoder_369]thread Start.this:0xb4000074f13f6718
07-06 21:52:49.849  1890  1890 I [UAH_CLIENT]: UahPlatformResAcquire
07-06 21:52:49.849  1890  1890 I [UAH_CLIENT]: UahEventAcquire, cmdid:-3, pkg:1894 1894, identity:qcom-perfd
07-06 21:52:49.852  1890  2036 E ANDR-PERF-RESOURCEQS: ANDR-PERF-RESOURCEQS: AddAndApply() 125: Resource with major=16, minor=0 not supported
07-06 21:52:49.853  1894  1894 E QC2Comp : [avcD_993] configureIntf failed 95
07-06 21:52:49.856  1894 21735 E QC2V4l2Codec: [v4lavcD_993]  ? is not a supported pixel format!
07-06 21:52:49.858  2649 29762 D BufferPoolAccessor2.0: bufferpool2 0xb400007459f5be28 : 0(0 size) total buffers - 0(0 size) used buffers - 37/48 (recycle/alloc) - 11/47 (fetch/transfer)
07-06 21:52:49.858  2649 29762 D BufferPoolAccessor2.0: Destruction - bufferpool2 0xb400007459f5be28 cached: 0/0M, 0/0% in use; allocs: 48, 77% recycled; transfers: 47, 77% unfetched
07-06 21:52:49.863  1894  1894 W QC2Interface: [avcD_993] Failed to query parameters
07-06 21:52:49.863  1890  1890 I [UAH_CLIENT]: UahRelease, handle:160371
07-06 21:52:49.864  1894  1894 W QC2Interface: [avcD_993] Failed to query parameters
07-06 21:52:49.864  2649 21727 W Codec2Client: query -- param skipped: index = 1342179345.
07-06 21:52:49.864  2649 21727 W Codec2Client: query -- param skipped: index = 2415921170.
07-06 21:52:49.864  2649 21727 W Codec2Client: query -- param skipped: index = 1610614798.
07-06 21:52:49.865  1894  1894 W QC2Interface: [avcD_993] Failed to query parameters
07-06 21:52:49.867  1894  1894 W QC2Interface: [avcD_993] Failed to query parameters
07-06 21:52:49.867  1894  1894 W QC2Interface: [avcD_993] Failed to query parameters
07-06 21:52:49.870  2649 21727 D Codec2-OutputBufferQueue: C2SurfaceSyncMemory created 20(20)
07-06 21:52:49.870  2649 21727 D Codec2-OutputBufferQueue: remote graphic buffer migration 0/0
07-06 21:52:49.871  1894  1894 W QC2Interface: [avcD_993] Few parameters failed to configure
07-06 21:52:49.871  2649 21727 D Codec2Client: setOutputSurface -- failed to set consumer usage (6/BAD_INDEX)
07-06 21:52:49.871  2649 21727 D Codec2Client: setOutputSurface -- generation=2712773 consumer usage=0x900 sync
07-06 21:52:49.872  1894  1894 D C2BqBuffer: local generation change 2712773 , bqId: 11377368372421 migrated buffers # 0
07-06 21:52:49.872  2649 21727 D Codec2Client: Surface configure completed
07-06 21:52:49.872  2649 21725 W ResourceManagerServiceUtils: Ignoring request to add new resource entry with value <= 0
07-06 21:52:49.872  1894  1894 W QC2Interface: [avcD_993] Failed to query parameters
07-06 21:52:49.873  2646  4772 D MediaBufferGroup: creating MemoryDealer
07-06 21:52:49.876  1890  1890 I [UAH_CLIENT]: UahPlatformResAcquire
07-06 21:52:49.876  1890  1890 I [UAH_CLIENT]: UahEventAcquire, cmdid:-3, pkg:1894 1894, identity:qcom-perfd
07-06 21:52:49.879  1890  2036 E ANDR-PERF-RESOURCEQS: ANDR-PERF-RESOURCEQS: AddAndApply() 125: Resource with major=16, minor=0 not supported
07-06 21:52:49.879  1894  4461 D BufferPoolAccessor2.0: evictor expired: 3, evicted: 0
07-06 21:52:49.880  2649 29747 D BufferPoolAccessor2.0: evictor expired: 3, evicted: 0
07-06 21:52:49.885  5703  8119 D AppModule: onTriggerHookEvent: eventId=26, pid=19063, uid=10244, pkgName=com.oneplus.gallery
07-06 21:52:49.885  5703  8119 D SystemState: noteVideoStart,uid=10244, pid=19063
07-06 21:52:49.888  2649 21727 D Codec2-OutputBufferQueue: set max dequeue count 11 from update
07-06 21:52:49.896  1894 21728 W QC2Comp : [avcD_993] Skipping empty output buffer
07-06 21:52:49.896  1894 21728 W QC2Comp : [avcD_993] Skipping empty output buffer
07-06 21:52:49.915  1894  1894 D C2BqBuffer: configuring null producer: igbp_information(0)
07-06 21:52:49.916  1894 21731 V Codec2-DumpInput: [processLoop:L662]state:4
07-06 21:52:49.917  1894  1894 V Codec2-DumpInput: [stop:L476][c2.qti.avc.decoder_369] this:0xb4000074f13f6718
07-06 21:52:49.917  1890  1890 I [UAH_CLIENT]: UahPlatformResAcquire
07-06 21:52:49.917  1890  1890 I [UAH_CLIENT]: UahEventAcquire, cmdid:-3, pkg:1894 1894, identity:qcom-perfd
07-06 21:52:49.919  1890  2036 E ANDR-PERF-RESOURCEQS: ANDR-PERF-RESOURCEQS: AddAndApply() 125: Resource with major=16, minor=0 not supported
07-06 21:52:49.924  1894  1894 D BufferPoolAccessor2.0: Destruction - bufferpool2 0xb4000074facc8c28 cached: 0/0M, 0/0% in use; allocs: 8, 0% recycled; transfers: 0, 0% unfetched
07-06 21:52:49.925  1890  1890 I [UAH_CLIENT]: UahRelease, handle:160373
07-06 21:52:49.926  1894  1894 D OplusToneMapperFilter: [release:L1042]
07-06 21:52:49.926  2649 21725 D SurfaceUtils: disconnecting from surface 0xb4000074502c1810, reason disconnectFromSurface
07-06 21:52:49.926  2649 21725 D BufferQueueProducer: [FrameDecoder](id:a59000014c5,api:3,p:2649,c:2649) disconnect: api 3
07-06 21:52:49.926  2649 21727 I hw-BpHwBinder: onLastStrongRef automatically unlinking death recipients
07-06 21:52:49.927  1894  1894 I hw-BpHwBinder: onLastStrongRef automatically unlinking death recipients
07-06 21:52:49.927  1894  1894 D Codec2-DumpInput: [~DumpInput:L424][c2.qti.avc.decoder_369] this:0xb4000074f13f6718
07-06 21:52:49.927  1894  1894 D OplusToneMapperFilter: [~OplusTonemapperFilter:L662]
07-06 21:52:49.927  1894  1894 D OplusDumpOutputFilter: [~OplusDumpOutputFilter:L316]
07-06 21:52:49.927  2649 21727 D BufferPoolAccessor2.0: Destruction - bufferpool2 0xb400007459f17428 cached: 0/0M, 0/0% in use; allocs: 0, 0% recycled; transfers: 0, 0% unfetched
07-06 21:52:49.930  5703  8119 D AppModule: onTriggerHookEvent: eventId=27, pid=19063, uid=10244, pkgName=com.oneplus.gallery
07-06 21:52:49.931  5703  8119 D SystemState: noteVideoStop,uid=10244
07-06 21:52:49.932  2649 21729 D OplusAtlasMapsUtil: [~OplusAtlasMapsUtil][45]
07-06 21:52:49.932  2649 24222 D AtlasEventUploadUtils: setEvent event:atlas_event_video_monitor_network_switch
07-06 21:52:49.933  4627 10011 V OplusAtlasVideo: callback success event:atlas_event_video_monitor_network_switch eventInfo:STOP,2649,Key,-5476376647321724416
07-06 21:52:49.965 19063  8377 I transformer-lite: INFO: [lite_log.cpp:73->AutoLogLevelSetter] get min android log level: 1 and set lite log level to 1
07-06 21:52:49.966 19063  8377 I transformer-lite: INFO: [lite_engine.cpp:441->Run] begin engine run
07-06 21:52:49.966 19063  8377 I transformer-lite: INFO: [cl_rt_engine.cpp:211->Run] begin unexpose out tensor
07-06 21:52:49.966 19063  8377 I transformer-lite: INFO: [cl_rt_engine.cpp:213->Run] finish unexpose out tensor
07-06 21:52:49.966 19063  8377 I transformer-lite: INFO: [cl_rt_engine.cpp:243->Run] begin run kernels
07-06 21:52:49.967 19063  8377 I transformer-lite: INFO: [cl_rt_engine.cpp:249->Run] begin ExposeInTensor
07-06 21:52:49.967 19063  8377 I transformer-lite: INFO: [cl_rt_engine.cpp:251->Run] finish ExposeInTensor
07-06 21:52:49.975 19063  8377 I transformer-lite: INFO: [cl_rt_engine.cpp:255->Run] finish WaitRunFinish
07-06 21:52:49.976 19063  8377 I transformer-lite: INFO: [lite_engine.cpp:456->Run] finish engine run
07-06 21:52:49.976 19063  8377 I transformer-lite: INFO: [lite_log.cpp:79->~AutoLogLevelSetter] recover min android log level: 1
07-06 21:52:49.976 19063  8377 D VideoFrameExtractor: extractFrames, timeUs:11000000
07-06 21:52:49.980  2649 15243 D BufferQueueConsumer: [FrameDecoder](id:a59000014c6,api:0,p:-1,c:2649) connect: controlledByApp=false
07-06 21:52:49.981  2649 15243 W libc    : Access denied finding property "vendor.display.enable_optimal_refresh_rate"
07-06 21:52:49.981  2649 15243 W libc    : Access denied finding property "vendor.debug.stagefright.mediacodec.trace"
07-06 21:52:49.981  2649 15243 W libc    : Access denied finding property "persist.vendor.media.c2.frameworks.buffercount.trace"
07-06 21:52:49.982  2649 15243 W libc    : Access denied finding property "persist.vendor.media.c2.frameworks.buffercount.trace"
07-06 21:52:49.982  2649 15243 W libc    : Access denied finding property "persist.vendor.media.c2.frameworks.buffercount.trace"
07-06 21:52:49.982  2649 15243 W libc    : Access denied finding property "persist.vendor.media.c2.frameworks.buffercount.trace"
07-06 21:52:49.990  1894  1894 I vendor.qti.media.c2@1.0-service: missing struct descriptor #Param::CoreIndex(--002) for field mastering of struct #Param::CoreIndex(--180a)
07-06 21:52:49.990  1894  1894 I vendor.qti.media.c2@1.0-service: missing struct descriptor #Param::CoreIndex(-V8002) for field portConfigs of struct #Param::CoreIndex(FV1a100)
07-06 21:52:49.991  1894  1894 I vendor.qti.media.c2@1.0-service: missing struct descriptor #Param::CoreIndex(-V8002) for field portConfigs of struct #Param::CoreIndex(FV1a100)
07-06 21:52:49.991  1894  1894 D OplusDumpOutputFilter: [OutputBlockPoolSetter:L163]C2PortBlockPoolsTuning:1
07-06 21:52:49.992  1894  1894 I vendor.qti.media.c2@1.0-service: missing struct descriptor #Param::CoreIndex(--002) for field mastering of struct #Param::CoreIndex(--180a)
07-06 21:52:49.992  1894  1894 I vendor.qti.media.c2@1.0-service: missing struct descriptor #Param::CoreIndex(--002) for field mastering of struct #Param::CoreIndex(--180a)
07-06 21:52:49.992  1894  1894 D OplusDumpOutputFilter: [OplusDumpOutputFilter:L308]
07-06 21:52:49.992  1894  1894 I Codec2-OplusFilterWrapper: createFilters: c2.oplus.dumpoutput.filter
07-06 21:52:49.993  1894  1894 D OplusToneMapperFilter: [OutputBlockPoolSetter:L282]C2PortBlockPoolsTuning:1
07-06 21:52:49.993  1894  1894 I vendor.qti.media.c2@1.0-service: missing struct descriptor #Param::CoreIndex(--002) for field mastering of struct #Param::CoreIndex(--180a)
07-06 21:52:49.993  1894  1894 I vendor.qti.media.c2@1.0-service: missing struct descriptor #Param::CoreIndex(--002) for field mastering of struct #Param::CoreIndex(--180a)
07-06 21:52:49.993  1894  1894 D OplusToneMapperFilter: [OutputColorAspectsSetter:L342]:[0],[0],[0]
07-06 21:52:49.993  1894  1894 D OplusToneMapperFilter: [OplusTonemapFilterEnableSetter:L376]EnableSetter input:0
07-06 21:52:49.993  1894  1894 D OplusToneMapperFilter: [OplusTonemapFilterEnableSetter:L378]EnableSetter packageName:
07-06 21:52:49.993  1894  1894 D OplusToneMapperFilter: [OplusTonemapperFilter:L576]
07-06 21:52:49.993  1894  1894 I Codec2-OplusFilterWrapper: createFilters: c2.oplus.tone-mapper
07-06 21:52:49.993  1894  1894 I vendor.qti.media.c2@1.0-service: missing struct descriptor #Param::CoreIndex(--002) for field mastering of struct #Param::CoreIndex(--180a)
07-06 21:52:49.993  1894  1894 I Codec2-OplusFilterWrapper: createFilters: c2.video.vpp.filter
07-06 21:52:49.993  1894  1894 I Codec2-OplusFilterWrapper: WrappedDecoder:[c2.qti.avc.decoder] Filter:[c2.oplus.dumpoutput.filter_c2.oplus.tone-mapper_c2.video.vpp.filter_]
07-06 21:52:49.993  1894  1894 D OplusToneMapperFilter: [IsFilteringEnabled:L531] not requestEnable,disable
07-06 21:52:49.993  1894  1894 D Codec2-DumpInput: [DumpInput:L388][c2.qti.avc.decoder_370] this:0xb4000074f13f65d8
07-06 21:52:49.993  1894  1894 I Codec2-OplusFilterWrapper: maybeWrapComponent Decoder :[c2.qti.avc.decoder] Filter:[c2.oplus.dumpoutput.filter_c2.oplus.tone-mapper_c2.video.vpp.filter_]
07-06 21:52:49.995  1894  1894 W QC2Interface: [avcD_994] Failed to query parameters
07-06 21:52:49.995  2649 21749 D CCodecConfig: read media type: video/avc
07-06 21:52:49.996  2649 21749 D ReflectedParamUpdater: extent() != 1 for single value type: output.subscribed-indices.values
07-06 21:52:49.996  2649 21749 D ReflectedParamUpdater: ignored struct field vendor.output.configs.portConfigs
07-06 21:52:49.999  1890 21740 I [UAH_CLIENT]: UahRelease, handle:160372
07-06 21:52:50.002  2649 21749 D ReflectedParamUpdater: extent() != 1 for single value type: vendor.qti-ext-transcode-info-stats.stats_info
07-06 21:52:50.007  2649 21749 D ReflectedParamUpdater: extent() != 1 for single value type: vendor.qti-ext-vpp-extradata.extradata-types
07-06 21:52:50.007  2649 21749 D ReflectedParamUpdater: ignored struct field vendor.input.configs.portConfigs
07-06 21:52:50.008  2649 21749 D ReflectedParamUpdater: extent() != 1 for single value type: output.buffers.pool-ids.values
07-06 21:52:50.009  2649 21749 D ReflectedParamUpdater: Could not describe oplus.tonemap.filter
07-06 21:52:50.009  2649 21749 D ReflectedParamUpdater: Could not describe oplus.vpp.is.ff.mode
07-06 21:52:50.009  2649 21749 D ReflectedParamUpdater: Could not describe oplus.vpp.white.list
07-06 21:52:50.009  2649 21749 D ReflectedParamUpdater: Could not describe oplus.vpp.inputdelay
07-06 21:52:50.010  2649 21749 D ReflectedParamUpdater: Could not describe oplus.switch.by.app
07-06 21:52:50.010  2649 21749 D CCodecConfig: ignoring local param raw.size (0xd2001800) as it is already supported
07-06 21:52:50.010  2649 21749 D CCodecConfig: ignoring local param default.color (0x5200180b) as it is already supported
07-06 21:52:50.010  2649 21749 D CCodecConfig: ignoring local param raw.hdr-static-info (0xd200180a) as it is already supported
07-06 21:52:50.011  1894  4473 D OplusToneMapperFilter: [IsFilteringEnabled:L531] not requestEnable,disable
07-06 21:52:50.011  1894  4473 D OplusToneMapperFilter: [IsFilteringEnabled:L531] not requestEnable,disable
07-06 21:52:50.011  1894  4473 W QC2Interface: [avcD_994] Failed to query parameters
07-06 21:52:50.011  2649 21749 I CCodecConfig: query failed after returning 17 values (BAD_INDEX)
07-06 21:52:50.012  2649 21749 W ColorUtils: expected specified color aspects (0:0:0:0)
07-06 21:52:50.013  2649 15243 W ServiceManagerCppClient: Failed to get isDeclared for media_quality: Status(-1, EX_SECURITY): 'SELinux denied for service.'
07-06 21:52:50.013  2649 21747 D SurfaceUtils: connecting to surface 0xb400007459e80a10, reason connectToSurface
07-06 21:52:50.014  2649 21747 D BufferQueueProducer: [FrameDecoder](id:a59000014c6,api:3,p:2649,c:2649) connect: api=3 producerControlledByApp=false
07-06 21:52:50.014  2649 21747 D SurfaceUtils: disconnecting from surface 0xb400007459e80a10, reason connectToSurface(reconnect)
07-06 21:52:50.014  2649 21747 D BufferQueueProducer: [FrameDecoder](id:a59000014c6,api:3,p:2649,c:2649) disconnect: api 3
07-06 21:52:50.014  2649 21747 D SurfaceUtils: connecting to surface 0xb400007459e80a00, reason connectToSurface(reconnect-with-listener)
07-06 21:52:50.014  2649 21747 D BufferQueueProducer: [FrameDecoder](id:a59000014c6,api:3,p:2649,c:2649) connect: api=3 producerControlledByApp=false
07-06 21:52:50.014  2649 21747 D OplusAtlasMapsUtil: [doParser:67]ctype:1,platform:1,uid:1013,pid:2649,pkg:/system/bin/mediaserver
07-06 21:52:50.015  2678  2678 D MMListService: [insertToMultiMaps:456]update module:sr-osie-whitelist-new,ret:0,value:
07-06 21:52:50.016  2649 21748 D OplusMediaMonitor: codecSessionKey: -5476376647156497024, codecSessionInfo: b400007450359000
07-06 21:52:50.018  2649 24222 D AtlasEventUploadUtils: setEvent event:atlas_event_video_monitor_network_switch
07-06 21:52:50.018  2649 21748 I OplusMediaMonitor-VideoStutterObserver: IsAppInScoreSupportList:0 isDecoder:1 scorecalcValue:1, no need connect Network
07-06 21:52:50.019  1894  4473 D OplusToneMapperFilter: [IsFilteringEnabled:L531] not requestEnable,disable
07-06 21:52:50.019  1894  4473 D OplusToneMapperFilter: [IsFilteringEnabled:L531] not requestEnable,disable
07-06 21:52:50.019  1894  4473 D OplusToneMapperFilter: [IsFilteringEnabled:L531] not requestEnable,disable
07-06 21:52:50.019  1894  4473 D OplusToneMapperFilter: [IsFilteringEnabled:L531] not requestEnable,disable
07-06 21:52:50.020  4627 10011 V OplusAtlasVideo: callback success event:atlas_event_video_monitor_network_switch eventInfo:START,2649,Key,-5476376647156497024,Component,c2.qti.avc.decoder,Width,576,Height,1024,IsMediaPlayer,1
07-06 21:52:50.021  1894  4473 W QC2Interface: [avcD_994] Failed to query parameters
07-06 21:52:50.021  2649 21749 W Codec2Client: query -- param skipped: index = 1107298332.
07-06 21:52:50.021  2649 21749 W CCodec  : This behavior is subject to change. It is recommended that app developers double check whether the requested max input size is in reasonable range.
07-06 21:52:50.021  1894  4473 W QC2Interface: [avcD_994] Failed to query parameters
07-06 21:52:50.021  2649 21749 I CCodecConfig: query failed after returning 18 values (BAD_INDEX)
07-06 21:52:50.021  1894  4473 W QC2Interface: [avcD_994] Failed to query parameters
07-06 21:52:50.022  2649 21748 D OplusMediaMonitor-VideoJointMediaTurboObserver: [initEncDecParams][157] mts-video-decoder-statistics ret=0 uid=1013 listPrjname=
07-06 21:52:50.022  2649 21749 E mediaserver: Failed to query component interface for required system resources: 6
07-06 21:52:50.023  1894  4473 D OplusToneMapperFilter: [IsFilteringEnabled:L531] not requestEnable,disable
07-06 21:52:50.024  1894  4473 V Codec2-DumpInput: [start:L443][c2.qti.avc.decoder_370] this:0xb4000074f13f65d8
07-06 21:52:50.024  1894 21758 V Codec2-DumpInput: [processLoop:L652][c2.qti.avc.decoder_370]thread Start.this:0xb4000074f13f65d8
07-06 21:52:50.024  1890  1890 I [UAH_CLIENT]: UahPlatformResAcquire
07-06 21:52:50.024  1890  1890 I [UAH_CLIENT]: UahEventAcquire, cmdid:-3, pkg:1894 4473, identity:qcom-perfd
07-06 21:52:50.026  1890  2036 E ANDR-PERF-RESOURCEQS: ANDR-PERF-RESOURCEQS: AddAndApply() 125: Resource with major=16, minor=0 not supported
07-06 21:52:50.026  1894  4473 E QC2Comp : [avcD_994] configureIntf failed 95
07-06 21:52:50.029  1894 21764 E QC2V4l2Codec: [v4lavcD_994]  ? is not a supported pixel format!
07-06 21:52:50.036  1894  4473 W QC2Interface: [avcD_994] Failed to query parameters
07-06 21:52:50.036  1890  1890 I [UAH_CLIENT]: UahRelease, handle:160374
07-06 21:52:50.038  1894  4473 W QC2Interface: [avcD_994] Failed to query parameters
07-06 21:52:50.039  2649 21749 W Codec2Client: query -- param skipped: index = 1342179345.
07-06 21:52:50.039  2649 21749 W Codec2Client: query -- param skipped: index = 2415921170.
07-06 21:52:50.039  2649 21749 W Codec2Client: query -- param skipped: index = 1610614798.
07-06 21:52:50.040  1894  4473 W QC2Interface: [avcD_994] Failed to query parameters
07-06 21:52:50.042  1894  4473 W QC2Interface: [avcD_994] Failed to query parameters
07-06 21:52:50.043  1894  4473 W QC2Interface: [avcD_994] Failed to query parameters
07-06 21:52:50.045  2649 21749 D Codec2-OutputBufferQueue: C2SurfaceSyncMemory created 20(20)
07-06 21:52:50.045  2649 21749 D Codec2-OutputBufferQueue: remote graphic buffer migration 0/0
07-06 21:52:50.046  1894  4473 W QC2Interface: [avcD_994] Few parameters failed to configure
07-06 21:52:50.046  2649 21749 D Codec2Client: setOutputSurface -- failed to set consumer usage (6/BAD_INDEX)
07-06 21:52:50.046  2649 21749 D Codec2Client: setOutputSurface -- generation=2712774 consumer usage=0x900 sync
07-06 21:52:50.047  1894  4473 D C2BqBuffer: local generation change 2712774 , bqId: 11377368372422 migrated buffers # 0
07-06 21:52:50.047  2649 21749 D Codec2Client: Surface configure completed
07-06 21:52:50.058  2649 21747 W ResourceManagerServiceUtils: Ignoring request to add new resource entry with value <= 0
07-06 21:52:50.058  1894  4473 W QC2Interface: [avcD_994] Failed to query parameters
07-06 21:52:50.059  2646  4772 D MediaBufferGroup: creating MemoryDealer
07-06 21:52:50.060  2015  6827 D charge_time: type=sdp,reserve_soc=3,soc=85,ui_soc=88,current=82,avg=82,not_chg_cnt=0,stable_cnt=7,fcc=4678,fcc_ratio=91,delta=164,debug=0,region=12,ttf=11435(03:10:35),ui_ttf=4208(01:10:08)
07-06 21:52:50.062  1890  1890 I [UAH_CLIENT]: UahPlatformResAcquire
07-06 21:52:50.062  1890  1890 I [UAH_CLIENT]: UahEventAcquire, cmdid:-3, pkg:1894 4473, identity:qcom-perfd
07-06 21:52:50.064  1890  2036 E ANDR-PERF-RESOURCEQS: ANDR-PERF-RESOURCEQS: AddAndApply() 125: Resource with major=16, minor=0 not supported
07-06 21:52:50.071  5703  8119 D AppModule: onTriggerHookEvent: eventId=26, pid=19063, uid=10244, pkgName=com.oneplus.gallery
07-06 21:52:50.071  5703  8119 D SystemState: noteVideoStart,uid=10244, pid=19063
07-06 21:52:50.074  2649 21749 D Codec2-OutputBufferQueue: set max dequeue count 17 from update
07-06 21:52:50.096  1890  1890 I [UAH_CLIENT]: UahPlatformResAcquire
07-06 21:52:50.096  1890  1890 I [UAH_CLIENT]: UahEventAcquire, cmdid:-3, pkg:1894 4473, identity:qcom-perfd
07-06 21:52:50.097  1890  2036 E ANDR-PERF-RESOURCEQS: ANDR-PERF-RESOURCEQS: AddAndApply() 125: Resource with major=16, minor=0 not supported
07-06 21:52:50.099  6234  6288 E horae   : 0: target_temp:31600, back:31600,frame:31600,front:31600, 3, +(0), 0 ,31600, algo:0
07-06 21:52:50.185  1890 21769 I [UAH_CLIENT]: UahRelease, handle:160375
07-06 21:52:50.231  1894  4473 D C2BqBuffer: configuring null producer: igbp_information(0)
07-06 21:52:50.233  1894 21758 V Codec2-DumpInput: [processLoop:L662]state:4
07-06 21:52:50.234  1894  4473 V Codec2-DumpInput: [stop:L476][c2.qti.avc.decoder_370] this:0xb4000074f13f65d8
07-06 21:52:50.234  1890  1890 I [UAH_CLIENT]: UahPlatformResAcquire
07-06 21:52:50.234  1890  1890 I [UAH_CLIENT]: UahEventAcquire, cmdid:-3, pkg:1894 4473, identity:qcom-perfd
07-06 21:52:50.236  1890  2036 E ANDR-PERF-RESOURCEQS: ANDR-PERF-RESOURCEQS: AddAndApply() 125: Resource with major=16, minor=0 not supported
07-06 21:52:50.237  1894 21765 W QC2V4l2Decoder: [v4lavcD_994] Stopping buffer allocation as codec stopped
07-06 21:52:50.237  1894 21765 W QC2V4l2Decoder: [v4lavcD_994] Stopping buffer allocation as codec stopped
07-06 21:52:50.241  1894 21764 W QC2V4l2Codec: [v4lavcD_994] Queue outputs not allowed after stop
07-06 21:52:50.246  1894  4473 D BufferPoolAccessor2.0: Destruction - bufferpool2 0xb4000074faced028 cached: 0/0M, 0/0% in use; allocs: 30, 0% recycled; transfers: 0, 0% unfetched
07-06 21:52:50.247  1890  1890 I [UAH_CLIENT]: UahRelease, handle:160376
07-06 21:52:50.248  1890  1890 I [UAH_CLIENT]: UahRelease, handle:160377
07-06 21:52:50.249  1894  4473 D OplusToneMapperFilter: [release:L1042]
07-06 21:52:50.249  2649 21747 D SurfaceUtils: disconnecting from surface 0xb400007459e80a10, reason disconnectFromSurface
07-06 21:52:50.249  2649 21747 D BufferQueueProducer: [FrameDecoder](id:a59000014c6,api:3,p:2649,c:2649) disconnect: api 3
07-06 21:52:50.252  2649 21771 I hw-BpHwBinder: onLastStrongRef automatically unlinking death recipients
07-06 21:52:50.252  1894  1894 I hw-BpHwBinder: onLastStrongRef automatically unlinking death recipients
07-06 21:52:50.252  1894  1894 D Codec2-DumpInput: [~DumpInput:L424][c2.qti.avc.decoder_370] this:0xb4000074f13f65d8
07-06 21:52:50.253  1894  1894 D OplusToneMapperFilter: [~OplusTonemapperFilter:L662]
07-06 21:52:50.253  1894  1894 D OplusDumpOutputFilter: [~OplusDumpOutputFilter:L316]
07-06 21:52:50.254  5703  8119 D AppModule: onTriggerHookEvent: eventId=27, pid=19063, uid=10244, pkgName=com.oneplus.gallery
07-06 21:52:50.254  5703  8119 D SystemState: noteVideoStop,uid=10244
07-06 21:52:50.254  2649 15243 D OplusAtlasMapsUtil: [~OplusAtlasMapsUtil][45]
07-06 21:52:50.255  2649 24222 D AtlasEventUploadUtils: setEvent event:atlas_event_video_monitor_network_switch
07-06 21:52:50.259  4627 10011 V OplusAtlasVideo: callback success event:atlas_event_video_monitor_network_switch eventInfo:STOP,2649,Key,-5476376647156497024
07-06 21:52:50.301  3414  3693 W OPLUS_LOG_LOAD: ==LOGS PROG INFO, prog(system_server) ==
07-06 21:52:50.301  3414  3693 D osense.compress: org.telegram.messenger do shrink, target ratio = 10, final ratio = 20, cur ratio = 0
07-06 21:52:50.304 19063  8377 I transformer-lite: INFO: [lite_log.cpp:73->AutoLogLevelSetter] get min android log level: 1 and set lite log level to 1
07-06 21:52:50.305 19063  8377 I transformer-lite: INFO: [lite_engine.cpp:441->Run] begin engine run
07-06 21:52:50.305 19063  8377 I transformer-lite: INFO: [cl_rt_engine.cpp:211->Run] begin unexpose out tensor
07-06 21:52:50.305 19063  8377 I transformer-lite: INFO: [cl_rt_engine.cpp:213->Run] finish unexpose out tensor
07-06 21:52:50.305 19063  8377 I transformer-lite: INFO: [cl_rt_engine.cpp:243->Run] begin run kernels
07-06 21:52:50.308 19063  8377 I transformer-lite: INFO: [cl_rt_engine.cpp:249->Run] begin ExposeInTensor
07-06 21:52:50.308 19063  8377 I transformer-lite: INFO: [cl_rt_engine.cpp:251->Run] finish ExposeInTensor
07-06 21:52:50.317 19063  8377 I transformer-lite: INFO: [cl_rt_engine.cpp:255->Run] finish WaitRunFinish
07-06 21:52:50.317 19063  8377 I transformer-lite: INFO: [lite_engine.cpp:456->Run] finish engine run
07-06 21:52:50.317 19063  8377 I transformer-lite: INFO: [lite_log.cpp:79->~AutoLogLevelSetter] recover min android log level: 1
07-06 21:52:50.317 19063  8377 D VideoFrameExtractor: release
07-06 21:52:50.319 19063  8377 I oua_d   : Inference finished!
07-06 21:52:50.319  2649 15243 I mediaserver: ~HeifPerfBoost Perf Lock released successfully 
07-06 21:52:50.320 19063  8377 I com.oua.albumclassifier.AlbumClassifier: v2 final modelVersion=3.1 empty
07-06 21:52:50.411 15897 16043 W OPLUS_LOG_LOAD: ==LOGS PROG INFO, prog(com.oplus.camera) ==
07-06 21:52:50.411 15897 16043 I APS_ALOG: flushRoutine g_immediateFlush=0 g_pendingCount=0 g_oobCount=0
07-06 21:52:50.693  2015  2142 D BatteryChargeControl: bcc get no support from charging protocol
07-06 21:52:50.854 22225 19654 V Capacitor/Plugin: To native (Capacitor plugin): callbackId: 86136922, pluginId: NativeExoPlayback, methodName: getStatus
07-06 21:52:50.855 22225 19654 V Capacitor: callback: 86136922, pluginId: NativeExoPlayback, methodName: getStatus, methodData: {}
07-06 21:52:50.855 22225 22225 I Capacitor/Console: File:  - Line 349 - Msg: [object Object]
07-06 21:52:50.861 22225 22225 I Capacitor/Console: File:  - Line 333 - Msg: {"available":true,"wired":true,"message":"ExoPlayer gapless queue ÔÇö content:// locker bridge + HTTP streams.","state":"idle","positionSecs":0,"durationSecs":0,"queueIndex":0,"queueLength":0,"gaplessEnabled":true,"crossfadeEnabled":false,"bitPerfectActive":false}
07-06 21:52:50.879  1894  4461 D BufferPoolAccessor2.0: evictor expired: 5, evicted: 0
07-06 21:52:50.880  2649 29747 D BufferPoolAccessor2.0: bufferpool2 0xb400007459f98028 : 0(0 size) total buffers - 0(0 size) used buffers - 31/42 (recycle/alloc) - 11/40 (fetch/transfer)
07-06 21:52:50.880  2649 29747 D BufferPoolAccessor2.0: bufferpool2 0xb400007459f98428 : 0(0 size) total buffers - 0(0 size) used buffers - 15/26 (recycle/alloc) - 11/21 (fetch/transfer)
07-06 21:52:50.880  2649 29747 D BufferPoolAccessor2.0: bufferpool2 0xb400007459faf028 : 0(0 size) total buffers - 0(0 size) used buffers - 8/19 (recycle/alloc) - 9/10 (fetch/transfer)
07-06 21:52:50.880  2649 29747 D BufferPoolAccessor2.0: evictor expired: 8, evicted: 3
07-06 21:52:51.062  2015  6827 D charge_time: type=sdp,reserve_soc=3,soc=85,ui_soc=88,current=82,avg=82,not_chg_cnt=0,stable_cnt=7,fcc=4678,fcc_ratio=91,delta=165,debug=0,region=12,ttf=11434(03:10:34),ui_ttf=4207(01:10:07)
07-06 21:52:51.158  3414  4359 V AlarmManager: sending alarm Alarm{4585d49 type 3 origWhen 207214781 whenElapsed 207214781 android} uid 1000 whenElapsed 207214781 windowLength 0 maxWhenElapsed 207214781 repeatInterval 0 action null component null tag TIME_TICK flags 0x9 procName system_server
07-06 21:52:51.164  5703  5703 D SubsysBroadcastManager: onReceive action:android.intent.action.TIME_TICK
07-06 21:52:51.171  3414  4359 V AlarmManager: sending alarm Alarm{ede595a type 2 origWhen 207284986 whenElapsed 207284986 com.google.android.gms} uid 10119 whenElapsed 207284986 windowLength 260025 maxWhenElapsed 207545011 repeatInterval 0 action com.google.android.location.ALARM_WAKEUP_ACTIVITY_DETECTION component null flags 0x8 procName com.google.android.gms.persistent
07-06 21:52:51.173  3414  4359 V AlarmManager: sending alarm Alarm{981a78b type 2 origWhen 1 whenElapsed 207385938 com.google.android.gms} uid 10119 whenElapsed 207385938 windowLength 0 maxWhenElapsed 207385938 repeatInterval 0 action com.google.android.location.intent.action.ONLINE_CHECKIN_ALARM component null flags 0x8 procName com.google.android.gms.persistent
07-06 21:52:51.175  5522  5789 D AMC     : [TriggerSystem] handleLoopTick trigger:vowifihandover phoneId:0 voWifiHandoverCount:0
07-06 21:52:51.176  3414  4359 V AlarmManager: sending alarm Alarm{4c96c81 type 3 origWhen 207324994 whenElapsed 207324994 com.oplus.nhs} uid 1001 whenElapsed 207324994 windowLength 225000 maxWhenElapsed 207549994 repeatInterval 300000 action oplus.intent.action.INTERNAL_LOOP_UPDATE_ACTIVITYINFO_ALARM component ComponentInfo{com.oplus.nhs/com.oplus.nhs.pwr.ModemAci.ModemAciAlarmReceiver} flags 0x8 procName com.oplus.nhs
07-06 21:52:51.176  5522  5789 D AMC     : [TriggerSystem] handleLoopTick trigger:vowifihandover phoneId:1 voWifiHandoverCount:0
07-06 21:52:51.180  3414  4626 D CommSceneService: notify align tick changed state=1
07-06 21:52:51.181  3414  4626 I CommSceneListener: on scene=1006 state=1 pId=-1
07-06 21:52:51.183  3414  3736 D OplusDisplayBrightnessBroadcastReceiver: onReceive action = android.intent.action.TIME_TICK , listeners = [com.android.server.display.color.eyeprotect.manager.AiCurveManager$RhythmBroadcastReceiverWithUpgradeUI@13a7c71]
07-06 21:52:51.183  3414  4626 I CommSceneListener: on scene=1006 state=1 pId=-1
07-06 21:52:51.183  3414  4626 I LinkPower: [Main] handleCommSceneListener scene:1006 state:1 phoneId:-1
07-06 21:52:51.183  3414  4626 I LinkPower: [Main] notifyLoopTick in
07-06 21:52:51.184  3414  4626 I LinkPower: [JudgeRule] name:freeze finalCheckAction scene is 1001
07-06 21:52:51.184  3414  4626 I LinkPower: [JudgeCommSceneProcess] commInfo mRusTimeInfo is 300 mSceneState is 1 mActiveFlag is 1 runTime is 206912330
07-06 21:52:51.184  3414  4626 I LinkPower: [JudgeRule] name:freeze finalCheckAction TIME_SATISFY
07-06 21:52:51.184  3414  4626 E LinkPower: [JudgeMonitorProcess] failed to deleteLastRecord, mMonitorRecordAccumulate is empty!
07-06 21:52:51.184  3414  4626 E LinkPower: [JudgeMonitorProcess] failed to deleteLastRecord, mMonitorRecordAccumulate is empty!
07-06 21:52:51.184  3414  4626 I LinkPower: [JudgeRule] name:freeze finalCheckAction resule ruleState: false commSeceneFlag: 1 monitorFlag: 0
07-06 21:52:51.184  3414  4626 D OSysNetControlService: handle comm scene=1006 state=1 phoneId=-1
07-06 21:52:51.184  3414  4626 D OSysNetControlService: condition id=1 delay not match!
07-06 21:52:51.184  3414  4626 D OSysNetControlService: condition id=2 state=false not match!
07-06 21:52:51.189  8419  8521 V SystemSensorManagerExtImpl: cancelTriggerSensor by gytz@9484dc5 and its name is sns_smd  Wakeup, disable = true
07-06 21:52:51.191  8419 23253 I AlarmManager: setExactAndAllowWhileIdle [name: EQMon type: 2 triggerAtMillis: 210985972]
07-06 21:52:51.192  3414  4904 W SensorService: SensorEventConnection sensor handle=172, package = gytz disable
07-06 21:52:51.192  3414  4904 D SensorService: 0xb4000073228c1800 removeFd fd=1073
07-06 21:52:51.192  3414  4904 D SensorService: SensorDevice::activate: ident=0xb4000073228c1800, handle=0x000000ac, enabled=0, count=3
07-06 21:52:51.192  3414  4904 D SensorService: disable index=1
07-06 21:52:51.192  3414  4904 D SensorService: 	>>> actuating h/w batch 0x000000ac 1000000 0
07-06 21:52:51.193  5555  5555 I ModemAci: [Main] loop update aci alarm is triggered!
07-06 21:52:51.193  3414  4626 W BluetoothAdapterExtImpl: oplusBluetoothAdapter getBluetoothMonitorReport null!
07-06 21:52:51.195  3414  4626 I LinkPower: [MonitorService] update scene:S_OFF name:wifi_sta_conn_primary mr:{d=252146, t={android.uid.system=252146}}
07-06 21:52:51.196  3414  4626 I LinkPower: [MonitorService] update scene:S_OFF name:data_request_on_wifi mr:{d=252139, t={com.google.uid.shared=6926, com.lazada.android=252139}}
07-06 21:52:51.196  3414  4626 I LinkPower: [MonitorService] update scene:S_OFF name:wifi_out_wakeup mr:{c={org.telegram.messenger=1}, d=252144}
07-06 21:52:51.197  3414  4626 I LinkPower: [MonitorService] update scene:S_OFF name:wifi_wakeup_duration mr:{d=252145, t={app.revanced.android.gms=101, ch.protonmail.android=4978, com.android.vending=412, com.oplus.cosa=282, me.proton.android.drive=1016, com.instagram.android=156423, jp.naver.line.android=41, com.oplus.phonemanager=3269, rd.sheepskin.sandboxmusic=5771, org.unifiedpush.distributor.sunup=3808, com.google.android.gm=1, com.oplus.statistics.rom=1568, org.telegram.messenger=143172, com.teslacoilsw.launcher=74, com.facebook.orca=71123}}
07-06 21:52:51.197  5555  5674 E ModemAciRpmAidlUtils: getService exception caught java.lang.NoSuchMethodException: P0.a$a.asInterface [interface android.os.IBinder]
07-06 21:52:51.197  3414  4626 I LinkPower: [MonitorService] update scene:S_S_OFF name:wifi_sta_conn_primary mr:{d=252146, t={android.uid.system=252146}}
07-06 21:52:51.197  3414  4626 I LinkPower: [MonitorService] update scene:S_S_OFF name:data_request_on_wifi mr:{d=252139, t={com.google.uid.shared=6926, com.lazada.android=252139}}
07-06 21:52:51.197  3414  4626 I LinkPower: [MonitorService] update scene:S_S_OFF name:wifi_out_wakeup mr:{c={org.telegram.messenger=1}, d=252144}
07-06 21:52:51.197  3414  4626 I LinkPower: [MonitorService] update scene:S_S_OFF name:wifi_wakeup_duration mr:{d=252145, t={app.revanced.android.gms=101, ch.protonmail.android=4978, com.android.vending=412, com.oplus.cosa=282, me.proton.android.drive=1016, com.instagram.android=156423, jp.naver.line.android=41, com.oplus.phonemanager=3269, rd.sheepskin.sandboxmusic=5771, org.unifiedpush.distributor.sunup=3808, com.google.android.gm=1, com.oplus.statistics.rom=1568, org.telegram.messenger=143172, com.teslacoilsw.launcher=74, com.facebook.orca=71123}}
07-06 21:52:51.198  1115  1115 I hwservicemanager: getTransport: Cannot find entry vendor.oplus.hardware.rpmh@2.0::IRpmh/default in either framework or device VINTF manifest.
07-06 21:52:51.198  5555  5674 W System.err: java.lang.reflect.InvocationTargetException
07-06 21:52:51.198  5555  5674 W System.err: 	at java.lang.reflect.Method.invoke(Native Method)
07-06 21:52:51.198  5555  5674 W System.err: 	at com.oplus.nhs.pwr.helper.h.h(SourceFile:20)
07-06 21:52:51.198  5555  5674 W System.err: 	at com.oplus.nhs.pwr.helper.h.i(SourceFile:0)
07-06 21:52:51.198  5555  5674 W System.err: 	at com.oplus.nhs.pwr.info.RpmInfo.t(SourceFile:17)
07-06 21:52:51.198  5555  5674 W System.err: 	at com.oplus.nhs.pwr.info.b.l(SourceFile:24)
07-06 21:52:51.198  5555  5674 W System.err: 	at com.oplus.nhs.pwr.info.b.u(SourceFile:0)
07-06 21:52:51.198  5555  5674 W System.err: 	at Y.D.h0(SourceFile:2)
07-06 21:52:51.198  5555  5674 W System.err: 	at Y.D.u(SourceFile:0)
07-06 21:52:51.198  5555  5674 W System.err: 	at Y.y.run(SourceFile:2)
07-06 21:52:51.198  5555  5674 W System.err: 	at android.os.Handler.handleCallback(Handler.java:1001)
07-06 21:52:51.198  5555  5674 W System.err: 	at android.os.Handler.dispatchMessage(Handler.java:109)
07-06 21:52:51.198  5555  5674 W System.err: 	at android.os.Looper.loopOnce(Looper.java:306)
07-06 21:52:51.198  5555  5674 W System.err: 	at android.os.Looper.loop(Looper.java:416)
07-06 21:52:51.198  5555  5674 W System.err: 	at android.os.HandlerThread.run(HandlerThread.java:85)
07-06 21:52:51.199  3414  4626 I LinkPower: [JudgeRule] name:freeze JudgeRule info RuleID 1 Name freeze ActionName data_app_request_freeze PriorityID 20 TimeGap 0
07-06 21:52:51.199  3414  4626 I LinkPower: [JudgeRule] name:freeze finalCheckAction scene is 1001
07-06 21:52:51.199  3414  4626 I LinkPower: [JudgeCommSceneProcess] commInfo mRusTimeInfo is 300 mSceneState is 1 mActiveFlag is 3 runTime is 206912330
07-06 21:52:51.199  3414  4626 I LinkPower: [JudgeRule] name:freeze finalCheckAction TIME_SATISFY
07-06 21:52:51.199  3414  4626 E LinkPower: [JudgeMonitorProcess] failed to deleteLastRecord, mMonitorRecordAccumulate is empty!
07-06 21:52:51.199  3414  4626 E LinkPower: [JudgeMonitorProcess] failed to deleteLastRecord, mMonitorRecordAccumulate is empty!
07-06 21:52:51.199  3414  4626 I LinkPower: [JudgeRule] name:freeze finalCheckAction resule ruleState: false commSeceneFlag: 1 monitorFlag: 0
07-06 21:52:51.200  5555  5674 W System.err: Caused by: java.util.NoSuchElementException
07-06 21:52:51.200  5555  5674 W System.err: 	at android.os.HwBinder.getService(Native Method)
07-06 21:52:51.200  5555  5674 W System.err: 	at android.os.HwBinder.getService(HwBinder.java:93)
07-06 21:52:51.200  5555  5674 W System.err: 	at vendor.oplus.hardware.rpmh.V2_0.IRpmh.getService(IRpmh.java:74)
07-06 21:52:51.200  5555  5674 W System.err: 	at vendor.oplus.hardware.rpmh.V2_0.IRpmh.getService(IRpmh.java:84)
07-06 21:52:51.200  5555  5674 W System.err: 	... 14 more
07-06 21:52:51.200  5555  5674 E ModemAci: [RpmInfo] failed to request due to invalid state list!
07-06 21:52:51.203  1854  1854 I sensors-hal: batch:166, android.sensor.significant_motion/172, period=1000000, max_latency=0
07-06 21:52:51.203  1854  1854 I sensors-hal: batch:188, android.sensor.significant_motion/172, period=1000000, max_latency=0 request completed
07-06 21:52:51.203  3414  4904 D SensorService: activateHardware = 0
07-06 21:52:51.204  3414  4904 D SensorService: 12 active sensors
07-06 21:52:51.204  3414  4904 D SensorService: ~SensorEventConnection(0xb4000073228c1800)
07-06 21:52:51.207  8419  8521 V SystemSensorManagerExtImpl: RegisterListener bmi26x Accelerometer Non-wakeup type:1 delay:20000us by com.google.android.location.collectionlib.BatchSignalCollector$BatchSensorEventListener@a10dc35 from com.google.android.gms
07-06 21:52:51.207  3414  4172 D SensorService: createSensorEventConnection packageName = com.google.android.location.collectionlib.BatchSignalCollector$BatchSensorEventListener, opPackageName = com.google.android.gms, mCurrentOperatingMode = 0, requestedMode = 0
07-06 21:52:51.207  5432  6762 D PhoneInterfaceManager: QueryTelephonyChecker-getDataNetworkTypeForSubscriber: packageName = com.oplus.nhs, isGrant = true
07-06 21:52:51.208  3414  4172 D SensorService: SensorEventConnection type = 3, client = com.google.android.gms, listener = com.google.android.location.collectionlib.BatchSignalCollector$BatchSensorEventListener
07-06 21:52:51.208  3414  4172 W SensorService: SensorEventConnection sensor handle=11, package = com.google.android.location.collectionlib.BatchSignalCollector$BatchSensorEventListener enable
07-06 21:52:51.208  3414  4172 D SensorService: Calling batch handle==11 flags=0rate=20000000 timeout== 2147483647000
07-06 21:52:51.208  3414  4172 D SensorService: SensorDevice::batch: ident=0xb400007164873a00, handle=0x0000000b, flags=0, period_ns=20000000 timeout=2147483647000
07-06 21:52:51.208  3414  4172 D SensorService: 	>>> actuating h/w BATCH 0x0000000b 20000000 200000000
07-06 21:52:51.209  1854  1854 I sensors-hal: batch:166, android.sensor.accelerometer/11, period=20000000, max_latency=200000000
07-06 21:52:51.211  1854  1854 I sensors-hal: send_sensor_config_request:505, resampler is used, set resampler config
07-06 21:52:51.212  1854  1854 I sensors-hal: send_sync_sensor_request:445, send sync request
07-06 21:52:51.212  1854  1854 I sensors-hal: send_sync_sensor_request:455, send_sync_sensor_request before send_request for accel with SUID low=16722293198261467086 high=4777650670785151670
07-06 21:52:51.212  1854  1854 I sensors-hal: send_sync_sensor_request:475, wait for notification of response
07-06 21:52:51.221  5555  5674 I ModemAci: [CommonInfo] [LO, LS, DA]:{ stamp=207385981 duration=252 screenOnT=58151 wifiConnectT=171557 power=88 dataNetworkType=18 signalStrength=-55 batteryCapacity=3936 thermal[]=31.6 softAp=false charge=true simCount=2 defaultPhone=0 networkType=WIFI}
07-06 21:52:51.223  5522  5789 E AMC     : [P-lowpower_vowifi/0] execute failed in triggers[0]:[bcc:0][bcc:17, apsleept:null, deepsleep:false, mpsleept:null]
07-06 21:52:51.223  5522  5789 E AMC     : [P-lowpower_vowifi/1] execute failed in triggers[0]:[bcc:0][bcc:17, apsleept:null, deepsleep:false, mpsleept:null]
07-06 21:52:51.224  1854  2115 I sensors-hal: qsh_conn_resp_cb:799, resp_value = 0 for accel 
07-06 21:52:51.224  4915  4915 W OPLUS_LOG_LOAD: ==LOGS PROG INFO, prog(com.android.systemui) ==
07-06 21:52:51.224  4915  4915 I BaseClock: DateMessageViewAnimController-->cancerlAnimIfNeed
07-06 21:52:51.224  1854  1854 I sensors-hal: send_sync_sensor_request:481, takes 11 ms to receive the response with 0
07-06 21:52:51.224  1854  1854 I sensors-hal: batch:188, android.sensor.accelerometer/11, period=20000000, max_latency=200000000 request completed
07-06 21:52:51.224  3414  4172 D SensorService: 	>>> actuating h/w flush 11
07-06 21:52:51.225  1854  1854 I sensors-hal: flush:208, android.sensor.accelerometer/11
07-06 21:52:51.225  1854  1854 I sensors-hal: flush:671, dt=accel, sending SNS_STD_MSGID_SNS_STD_FLUSH_REQ, _pending_flush_requests=1, _wakeup_type=0
07-06 21:52:51.225  1854  1854 I sensors-hal: send_sync_sensor_request:445, send sync request
07-06 21:52:51.225  1854  1854 I sensors-hal: send_sync_sensor_request:455, send_sync_sensor_request before send_request for accel with SUID low=16722293198261467086 high=4777650670785151670
07-06 21:52:51.225  1854  1854 I sensors-hal: send_sync_sensor_request:475, wait for notification of response
07-06 21:52:51.226  1854  2115 I sensors-hal: qsh_conn_resp_cb:799, resp_value = 0 for accel 
07-06 21:52:51.226  1854  1854 I sensors-hal: send_sync_sensor_request:481, takes 1 ms to receive the response with 0
07-06 21:52:51.226  1854  1854 I sensors-hal: flush:214, android.sensor.accelerometer/11 completed
07-06 21:52:51.227  3414  4172 D SensorService: Calling activate on 11
07-06 21:52:51.227  3414  4172 D SensorService: SensorDevice::activate: ident=0xb400007164873a00, handle=0x0000000b, enabled=1, count=3
07-06 21:52:51.227  3414  4172 D SensorService: enable index=0
07-06 21:52:51.227  3414  4172 D SensorService: info.numActiveClients() = 2, info.isActive = 1
07-06 21:52:51.227  3414  4172 D SensorService: activateHardware = 0
07-06 21:52:51.228  5703  5703 D RadioMessenger: handleMessage Request msgid 2220
07-06 21:52:51.229  5703  5703 D RadioMessenger: handleSetSyncWithAp: -1, syncFlag: 1
07-06 21:52:51.232  8419 21784 V SystemSensorManagerExtImpl: RegisterListener bmi26x Accelerometer Non-wakeup type:1 delay:20000us by com.google.android.location.collectionlib.SensorScanner$SensorEventListenerAdapter@ef30579 from com.google.android.gms
07-06 21:52:51.232  3414  4172 D SensorService: createSensorEventConnection packageName = com.google.android.location.collectionlib.SensorScanner$SensorEventListenerAdapter, opPackageName = com.google.android.gms, mCurrentOperatingMode = 0, requestedMode = 0
07-06 21:52:51.232  3414  4172 D SensorService: SensorEventConnection type = 3, client = com.google.android.gms, listener = com.google.android.location.collectionlib.SensorScanner$SensorEventListenerAdapter
07-06 21:52:51.232  5703  5703 D QtiRadioService: setSyncWithAp
07-06 21:52:51.232  3414  4172 W SensorService: SensorEventConnection sensor handle=11, package = com.google.android.location.collectionlib.SensorScanner$SensorEventListenerAdapter enable
