07-06 21:52:51.232  3414  4172 D SensorService: Calling batch handle==11 flags=0rate=20000000 timeout== 0
07-06 21:52:51.232  3414  4172 D SensorService: SensorDevice::batch: ident=0xb40000732299a200, handle=0x0000000b, flags=0, period_ns=20000000 timeout=0
07-06 21:52:51.232  3414  4172 D SensorService: 	>>> actuating h/w BATCH 0x0000000b 20000000 0
07-06 21:52:51.232  1854  1854 I sensors-hal: batch:166, android.sensor.accelerometer/11, period=20000000, max_latency=0
07-06 21:52:51.233  1854  1854 I sensors-hal: send_sensor_config_request:505, resampler is used, set resampler config
07-06 21:52:51.233  1854  1854 I sensors-hal: send_sync_sensor_request:445, send sync request
07-06 21:52:51.233  1854  1854 I sensors-hal: send_sync_sensor_request:455, send_sync_sensor_request before send_request for accel with SUID low=16722293198261467086 high=4777650670785151670
07-06 21:52:51.233  1854  1854 I sensors-hal: send_sync_sensor_request:475, wait for notification of response
07-06 21:52:51.233  5703  5703 D RadioProxyJ[0]: [5256]> setSyncWithAp syncFlag:1
07-06 21:52:51.234  4915  4915 I BaseClock: ClockContainer-->RefreshColorHandler type=1
07-06 21:52:51.235  4915  4915 W OplusKeyguardColorController-MixColorRuntimeShader: MixColorRuntimeShader#120868652 --> shaderInfoChanged : area:Rect(136, 473 - 252, 707)|foregroundOffset:87.0,117.0
07-06 21:52:51.235  4915  4915 W OplusKeyguardColorController-MixColorRuntimeShader: MixColorRuntimeShader#158158325 --> shaderInfoChanged : area:Rect(252, 473 - 364, 707)|foregroundOffset:201.0,117.0
07-06 21:52:51.235  4915  4915 W OplusKeyguardColorController-MixColorRuntimeShader: MixColorRuntimeShader#29951882 --> shaderInfoChanged : area:Rect(423, 473 - 655, 707)|foregroundOffset:336.0,117.0
07-06 21:52:51.235  4915  4915 W OplusKeyguardColorController-MixColorRuntimeShader: MixColorRuntimeShader#27292155 --> shaderInfoChanged : area:Rect(364, 473 - 423, 707)|foregroundOffset:280.0,117.0
07-06 21:52:51.235  4915  4915 W OplusKeyguardColorController-MixColorRuntimeShader: MixColorRuntimeShader#146281046 --> shaderInfoChanged : area:Rect(784, 473 - 900, 707)|foregroundOffset:719.0,117.0
07-06 21:52:51.235  4915  4915 W OplusKeyguardColorController-MixColorRuntimeShader: MixColorRuntimeShader#8008407 --> shaderInfoChanged : area:Rect(900, 473 - 1012, 707)|foregroundOffset:833.0,117.0
07-06 21:52:51.235  1854  2115 I sensors-hal: qsh_conn_resp_cb:799, resp_value = 0 for accel 
07-06 21:52:51.235  4915  4915 W OplusKeyguardColorController-MixColorRuntimeShader: MixColorRuntimeShader#147806148 --> shaderInfoChanged : area:Rect(1071, 473 - 1303, 707)|foregroundOffset:999.0,117.0
07-06 21:52:51.235  4915  4915 W OplusKeyguardColorController-MixColorRuntimeShader: MixColorRuntimeShader#43927213 --> shaderInfoChanged : area:Rect(1012, 473 - 1071, 707)|foregroundOffset:943.0,117.0
07-06 21:52:51.235  1854  1854 I sensors-hal: send_sync_sensor_request:481, takes 2 ms to receive the response with 0
07-06 21:52:51.235  1854  1854 I sensors-hal: batch:188, android.sensor.accelerometer/11, period=20000000, max_latency=0 request completed
07-06 21:52:51.235  3414  4172 D SensorService: 	>>> actuating h/w flush 11
07-06 21:52:51.236  1854  1854 I sensors-hal: flush:208, android.sensor.accelerometer/11
07-06 21:52:51.236  1854  1854 I sensors-hal: flush:671, dt=accel, sending SNS_STD_MSGID_SNS_STD_FLUSH_REQ, _pending_flush_requests=2, _wakeup_type=0
07-06 21:52:51.236  1854  1854 I sensors-hal: send_sync_sensor_request:445, send sync request
07-06 21:52:51.236  1854  1854 I sensors-hal: send_sync_sensor_request:455, send_sync_sensor_request before send_request for accel with SUID low=16722293198261467086 high=4777650670785151670
07-06 21:52:51.236  1854  1854 I sensors-hal: send_sync_sensor_request:475, wait for notification of response
07-06 21:52:51.240  1854  2115 I sensors-hal: qsh_conn_resp_cb:799, resp_value = 0 for accel 
07-06 21:52:51.240  1854  1854 I sensors-hal: send_sync_sensor_request:481, takes 4 ms to receive the response with 0
07-06 21:52:51.240  1854  2115 I sensors-hal: handle_sns_std_flush_event:700, dt=accel, META_DATA_FLUSH_COMPLETE, _pending_flush_requests=2, _wakeup_type=0
07-06 21:52:51.240  1854  1854 I sensors-hal: flush:214, android.sensor.accelerometer/11 completed
07-06 21:52:51.240  1854  2115 I sensors-hal: handle_sns_std_flush_event:700, dt=accel, META_DATA_FLUSH_COMPLETE, _pending_flush_requests=1, _wakeup_type=0
07-06 21:52:51.241  3414  4172 D SensorService: Calling activate on 11
07-06 21:52:51.241  3414  4172 D SensorService: SensorDevice::activate: ident=0xb40000732299a200, handle=0x0000000b, enabled=1, count=4
07-06 21:52:51.241  3414  4172 D SensorService: enable index=3
07-06 21:52:51.241  3414  4172 D SensorService: info.numActiveClients() = 3, info.isActive = 1
07-06 21:52:51.241  3414  4172 D SensorService: activateHardware = 0
07-06 21:52:51.241  3414  4308 D SensorService: First flush event for sensor==11 
07-06 21:52:51.241  8419 21784 V SystemSensorManagerExtImpl: RegisterListener OPLUS Fusion Light Sensor Next Gen type:5 delay:200000us by com.google.android.location.collectionlib.SensorScanner$SensorEventListenerAdapter@ef30579 from com.google.android.gms
07-06 21:52:51.241  3414  4308 D SensorService: First flush event for sensor==11 
07-06 21:52:51.241  3414  8711 W SensorService: SensorEventConnection sensor handle=1001, package = com.google.android.location.collectionlib.SensorScanner$SensorEventListenerAdapter enable
07-06 21:52:51.242  3414  8711 D SensorService: Calling batch handle==1001 flags=0rate=200000000 timeout== 0
07-06 21:52:51.242  3414  8711 D FusionLightSensor: setDelay ns = 200000000
07-06 21:52:51.242  3414  8711 D SensorService: SensorDevice::batch: ident=0xb40000732299a200, handle=0x000003e9, flags=0, period_ns=200000000 timeout=0
07-06 21:52:51.242  3414  8711 D SensorService: 	>>> actuating h/w BATCH 0x000003e9 200000000 0
07-06 21:52:51.242  3414  8711 D SensorService: SensorDevice::batch: ident=0xb40000732299a200, handle=0x000006a5, flags=0, period_ns=200000000 timeout=0
07-06 21:52:51.242  3414  8711 D SensorService: 	>>> actuating h/w BATCH 0x000006a5 200000000 0
07-06 21:52:51.242  1854  1854 I sensors-hal: batch:166, qti.sensor.high_pwm_rgb/1701, period=200000000, max_latency=0
07-06 21:52:51.242  1854  1854 I sensors-hal: batch:188, qti.sensor.high_pwm_rgb/1701, period=200000000, max_latency=0 request completed
07-06 21:52:51.242  3414  8711 D SensorService: Calling activate on 1001
07-06 21:52:51.243  3414  8711 D FusionLightNextGen: activate light size = 1, rgb size = 0, ident = 0xb40000732299a200
07-06 21:52:51.243  3414  8711 D SensorService: SensorDevice::activate: ident=0xb40000732299a200, handle=0x000003e9, enabled=1, count=1
07-06 21:52:51.243  3414  8711 D SensorService: enable index=0
07-06 21:52:51.243  3414  8711 D SensorService: info.numActiveClients() = 1, info.isActive = 0
07-06 21:52:51.243  3414  8711 D SensorService: activateHardware = 1
07-06 21:52:51.243  3414  8711 D SensorService: 	>>> actuating h/w activate handle=1001 enabled=1
07-06 21:52:51.243  3414  8711 D FusionLightNextGen: activateInternal mIsRecordingConnection = 0, mIsFusionLightActivated = 1, mIsFusionRGBActivated = 0
07-06 21:52:51.243  3414  8711 D FusionLightConfig: loadLeakFromHal sensorType = 33171070.
07-06 21:52:51.245  2617  2617 D SensorFeature: getSensorCalibrationData getSensorCalibrationData sensor_type=33171070
07-06 21:52:51.245  2616  3827 D QmiClient: qmiServiceEventCallback recv msg id 1085
07-06 21:52:51.245  2616  3827 D QmiClient: enter -mServiceType 4 onQmiServiceEventCallback msgId 1085
07-06 21:52:51.245  2617  2617 D SensorFeature: getRGBSensorLeakCaliData 
07-06 21:52:51.245  2617  2617 D SensorFeature: sensorCaliParseNode try to open /mnt/vendor/persist/sensors/registry/registry/wise_rgb_comp_scale
07-06 21:52:51.246  2616  3827 D QmiClient: onQmiServiceEventCallback - enter. msgId=1085
07-06 21:52:51.246  2616  3827 D QmiVsClientEvent: qmiVsClientNotifyNecEvent - RADIO_EVENT_NEC_IND
07-06 21:52:51.246  2617  2617 D SensorFeature: sensorCaliParseNode return {
07-06 21:52:51.246  2617  2617 D SensorFeature: 	"comp0" : 
07-06 21:52:51.246  2617  2617 D SensorFeature: 	{
07-06 21:52:51.246  2617  2617 D SensorFeature: 		"B_comp" : 
07-06 21:52:51.246  2617  2617 D SensorFeature: 		{
07-06 21:52:51.246  2617  2617 D SensorFeature: 			"b" : "6140",
07-06 21:52:51.246  2617  2617 D SensorFeature: 			"c" : "8418",
07-06 21:52:51.246  2617  2617 D SensorFeature: 			"g" : "2177",
07-06 21:52:51.246  2617  2617 D SensorFeature: 			"r" : "818"
07-06 21:52:51.246  2617  2617 D SensorFeature: 		},
07-06 21:52:51.246  2617  2617 D SensorFeature: 		"C_comp" : 
07-06 21:52:51.246  2617  2617 D SensorFeature: 		{
07-06 21:52:51.246  2617  2617 D SensorFeature: 			"b" : "18825",
07-06 21:52:51.246  2617  2617 D SensorFeature: 			"c" : "86026",
07-06 21:52:51.246  2617  2617 D SensorFeature: 			"g" : "32927",
07-06 21:52:51.246  2617  2617 D SensorFeature: 			"r" : "42630"
07-06 21:52:51.246  2617  2617 D SensorFeature: 		},
07-06 21:52:51.246  2617  2617 D SensorFeature: 		"G_comp" : 
07-06 21:52:51.246  2617  2617 D SensorFeature: 		{
07-06 21:52:51.246  2617  2617 D SensorFeature: 			"b" : "9949",
07-06 21:52:51.246  2617  2617 D SensorFeature: 			"c" : "44842",
07-06 21:52:51.246  2617  2617 D SensorFeature: 			"g" : "27057",
07-06 21:52:51.246  2617  2617 D SensorFeature: 			"r" : "11799"
07-06 21:52:51.246  2617  2617 D SensorFeature: 		},
07-06 21:52:51.246  2617  2617 D SensorFeature: 		"R_comp" : 
07-06 21:52:51.246  2617  2617 D SensorFeature: 		{
07-06 21:52:51.246  2617  2617 D SensorFeature: 			"b" : "1738",
07-06 21:52:51.246  2617  2617 D SensorFeature: 			"c" : "27954",
07-06 21:52:51.246  2617  2617 D SensorFeature: 			"g" : "2090",
07-06 21:52:51.246  2617  2617 D SensorFeature: 			"r" : "27195"
07-06 21:52:51.246  2617  2617 D SensorFeature: 		}
07-06 21:52:51.246  2617  2617 D SensorFeature: 	},
07-06 21:52:51.246  2617  2617 D SensorFeature: 	"comp1" : 
07-06 21:52:51.246  2617  2617 D SensorFeature: 	{
07-06 21:52:51.246  2617  2617 D SensorFeature: 		"B_comp" : 
07-06 21:52:51.246  2617  2617 D SensorFeature: 		{
07-06 21:52:51.246  2617  2617 D SensorFeature: 			"b" : "539",
07-06 21:52:51.246  2617  2617 D SensorFeature: 			"c" : "738",
07-06 21:52:51.246  2617  2617 D SensorFeature: 			"g" : "188",
07-06 21:52:51.246  2617  2617 D SensorFeature: 			"r" : "61"
07-06 21:52:51.246  2617  2617 D SensorFeature: 		},
07-06 21:52:51.246  2617  2617 D SensorFeature: 		"C_comp" : 
07-06 21:52:51.246  2617  2617 D SensorFeature: 		{
07-06 21:52:51.246  2617  2617 D SensorFeature: 			"b" : "2136",
07-06 21:52:51.246  2617  2617 D SensorFeature: 			"c" : "10372",
07-06 21:52:51.246  2617  2617 D SensorFeature: 			"g" : "4506",
07-06 21:52:51.246  2617  2617 D SensorFeature: 			"r" : "4587"
07-06 21:52:51.246  2617  2617 D SensorFeature: 		},
07-06 21:52:51.246  2617  2617 D SensorFeature: 		"G_comp" : 
07-06 21:52:51.246  2617  2617 D SensorFeature: 		{
07-06 21:52:51.246  2617  2617 D SensorFeature: 			"b" : "1386",
07-06 21:52:51.246  2617  2617 D SensorFeature: 			"c" : "6970",
07-06 21:52:51.246  2617  2617 D SensorFeature: 			"g" : "4079",
07-06 21:52:51.246  2617  2617 D SensorFeature: 			"r" : "2000"
07-06 21:52:51.246  2617  2617 D SensorFeature: 		},
07-06 21:52:51.246  2617  2617 D SensorFeature: 		"R_comp" : 
07-06 21:52:51.246  2617  2617 D SensorFeature: 		{
07-06 21:52:51.246  2617  2617 D SensorFeature: 			"b" : "135",
07-06 21:52:51.246  2617  2617 D SensorFeature: 			"c" : "2364",
07-06 21:52:51.246  2617  2617 D SensorFeature: 			"g" : "159",
07-06 21:52:51.246  2617  2617 D SensorFeature: 			"r" : "2309"
07-06 21:52:51.246  2617  2617 D SensorFeature: 		}
07-06 21:52:51.246  2617  2617 D SensorFeature: 	},
07-06 21:52:51.246  2617  2617 D SensorFeature: 	"comp2" : 
07-06 21:52:51.246  2617  2617 D SensorFeature: 	{
07-06 21:52:51.246  2617  2617 D SensorFeature: 		"B_comp" : 
07-06 21:52:51.246  2617  2617 D SensorFeature: 		{
07-06 21:52:51.246  2617  2617 D SensorFeature: 			"b" : "693",
07-06 21:52:51.246  2617  2617 D SensorFeature: 			"c" : "950",
07-06 21:52:51.246  2617  2617 D SensorFeature: 			"g" : "241",
07-06 21:52:51.246  2617  2617 D SensorFeature: 			"r" : "88"
07-06 21:52:51.246  2617  2617 D SensorFeature: 		},
07-06 21:52:51.246  2617  2617 D SensorFeature: 		"C_comp" : 
07-06 21:52:51.246  2617  2617 D SensorFeature: 		{
07-06 21:52:51.246  2617  2617 D SensorFeature: 			"b" : "2612",
07-06 21:52:51.246  2617  2617 D SensorFeature: 			"c" : "12598",
07-06 21:52:51.246  2617  2617 D SensorFeature: 			"g" : "5386",
07-06 21:52:51.246  2617  2617 D SensorFeature: 			"r" : "5660"
07-06 21:52:51.246  2617  2617 D SensorFeature: 		},
07-06 21:52:51.246  2617  2617 D SensorFeature: 		"G_comp" : 
07-06 21:52:51.246  2617  2617 D SensorFeature: 		{
07-06 21:52:51.246  2617  2617 D SensorFeature: 			"b" : "1663",
07-06 21:52:51.246  2617  2617 D SensorFeature: 			"c" : "
07-06 21:52:51.247  3414  8711 D FusionLightConfig: loadLeakCalibration leakLoaded = 1
07-06 21:52:51.247  3414  8711 D FusionLightConfig: Leak=27195.0,2090.0,1738.0,27954.0,11799.0,27057.0,9949.0,44842.0,818.0,2177.0,6140.0,8418.0,42630.0,32927.0,18825.0,86026.0
07-06 21:52:51.247  3414  8711 D FusionLightConfig: loadLeakCalibration leakLoaded = 1
07-06 21:52:51.247  3414  8711 D FusionLightConfig: Leak=2966.0,218.0,180.0,3046.0,2355.0,4843.0,1663.0,8255.0,88.0,241.0,693.0,950.0,5660.0,5386.0,2612.0,12598.0
07-06 21:52:51.247  3414  8711 D FusionLightConfig: loadLeakCalibration leakLoaded = 1
07-06 21:52:51.247  3414  8711 D FusionLightConfig: Leak=2309.0,159.0,135.0,2364.0,2000.0,4079.0,1386.0,6970.0,61.0,188.0,539.0,738.0,4587.0,4506.0,2136.0,10372.0
07-06 21:52:51.249  2616  2668 D RadioService: setSyncWithAp with instance 0
07-06 21:52:51.249  2616  2668 D VendorService: VendorService::setSyncWithAp
07-06 21:52:51.250  1733  1733 D Zygote  : Forked child process 21791
07-06 21:52:51.250  3414  8711 I CwbClient: setCWBDisplayType set mFeatureID = CWB_RGB_VALUE
07-06 21:52:51.251  3414  8711 D SensorService: SensorDevice::activate: ident=0xb40000732299a200, handle=0x000006a5, enabled=1, count=1
07-06 21:52:51.251  3414  8711 D SensorService: enable index=0
07-06 21:52:51.251  3414  8711 D SensorService: info.numActiveClients() = 1, info.isActive = 0
07-06 21:52:51.251  3414  8711 D SensorService: activateHardware = 1
07-06 21:52:51.251  3414  8711 D SensorService: 	>>> actuating h/w activate handle=1701 enabled=1
07-06 21:52:51.251  1854  1854 I sensors-hal: activate:116, qti.sensor.high_pwm_rgb/1701 en=1
07-06 21:52:51.251  1854  1854 I sensors-hal: activate:82, oplus_high_pwm_light::activate, als_type 2
07-06 21:52:51.251  1854  1854 I sensors-hal: acquire_qsh_interface:126, acquire_qsh_interface with sensor_id 41 , conn_type 2 
07-06 21:52:51.251  3414  3661 I ActivityManager: Start proc 21791:com.google.android.gms.unstable/u0a119 for service {com.google.android.gms/com.google.android.gms.droidguard.DroidGuardService}
07-06 21:52:51.251  2616  2688 D VsProxy : handleMessage msg is 2403
07-06 21:52:51.252  2616  2688 D VsProxy : handleNecInd for instance 0
07-06 21:52:51.252  1939  1939 E qspmHal : setAppInfoH atPid = 21791, gpuFname:com.google.android.gms, gpuFver:2624340351
07-06 21:52:51.252  2616  2688 D QmiVsClient: setSyncWithAp - enter
07-06 21:52:51.252  2616  2688 E QmiVsClient: sendAsyncRequest QMI_VS_SET_SYNC_WITH_AP_REQ_MSG_V01 ret 0
07-06 21:52:51.252  3414  3602 I ActivityManager: ProcessObserver broadcast disabled
07-06 21:52:51.253  2616  2688 D VsProxy : handleMessage msg is 4001
07-06 21:52:51.253  2616  2688 D RadioProxy: setSyncWithAp : response cb for instance 0
07-06 21:52:51.254  2616  2616 D RadioServiceResponse: RadioServiceResponse::setSyncWithApResponse
07-06 21:52:51.254  5703 26679 D SubsysRadioIndication[0]: radioNecInd 
07-06 21:52:51.256  1854  1854 I sensors-hal: qsh_qmi:35, qsh_qmi
07-06 21:52:51.256  1854  1854 I sensors-hal: register_cb:314, suid(low=3900764143741002083,high=5859848608254341432) is new. register callbacks
07-06 21:52:51.256  1854  1854 I sensors-hal: send_sensor_config_request:575, dt=wise_rgb: convert sample_period=0 to batch_period=0
07-06 21:52:51.256  1854  1854 I sensors-hal: send_sensor_config_request:591, dt=wise_rgb, bp=0, fp=0, resampling=0, not set_batch_period
07-06 21:52:51.256  1854  1854 I sensors-hal: send_sync_sensor_request:445, send sync request
07-06 21:52:51.256  1854  1854 I sensors-hal: send_sync_sensor_request:455, send_sync_sensor_request before send_request for wise_rgb with SUID low=3900764143741002083 high=5859848608254341432
07-06 21:52:51.256  3414  3693 I MemoryOperationUtils: add 21791 to com.google.android.gms
07-06 21:52:51.256  1854  1854 I sensors-hal: send_sync_sensor_request:475, wait for notification of response
07-06 21:52:51.258  3414  5402 I CwbClient: R/G/B:0-0-0
07-06 21:52:51.258  1854 21798 I sensors-hal: qsh_conn_resp_cb:799, resp_value = 0 for wise_rgb 
07-06 21:52:51.259  3414  6003 W SurfaceComposerClient: Invalid layer stack -1
07-06 21:52:51.260  1854  1854 I sensors-hal: send_sync_sensor_request:481, takes 3 ms to receive the response with 0
07-06 21:52:51.260  1854  1854 I sensors-hal: config_connection:959, light_iface: config_connection type 0, on 1, result 1
07-06 21:52:51.260  1854  1854 I sensors-hal: creat_qmi_connection:915, light_iface: connect successful
07-06 21:52:51.262  5703  5703 D ModemChannel: handleMessage what:102
07-06 21:52:51.262  5703  5703 D ModemChannel: handleNecEvent
07-06 21:52:51.264 21791 21791 E id.gms.unstable: Unknown bits set in runtime_flags: 0x40000000
07-06 21:52:51.264 21791 21791 I id.gms.unstable: Using generational CollectorTypeCMC GC.
07-06 21:52:51.266  5703 26679 D SubsysRadioResponse: setSyncWithApResponse info.error = 0
07-06 21:52:51.266  5555  5629 E NhsUtils: ### DEBUG ### getChipsetType: platform=pineapple
07-06 21:52:51.266  5703 26679 D RadioProxyJ[0]: [5256]< setSyncWithApResponse 
07-06 21:52:51.266  5555  5674 I ModemAci: [ModemActivityInfo] [LO, LS, DA]:{ stamp=207386047 duration=252 sleepTMs=232884 idleTMs=2789 rxTMs=16532 5gRxTMs=0 txTMs=[0, 0, 0, 0, 0, 0, 0, 0] 5gTxTMs=[0, 0, 0, 0, 0, 0, 0, 0] rrc10sC[]=[0, 0] rrc20sC[]=[0, 0] rrcMore20sC[]=[0, 0] rrcC[]=[0, 0] rrcT[]=[0, 0] saRrc10sC[]=[0, 0] saRrc20sC[]=[0, 0] saRrcMore20sC[]=[0, 0] saRrcC[]=[0, 0] saRrcT[]=[0, 0] endcActT[]=[0, 0] wifiRrcT[]=[0, 0] csChgC[]=[0, 0] psChgC[]=[0, 0] iRatC[]=[0, 0] cellUpdC[]=[0, 0] handOverC[]=[0, 0] nwSrchC[]=[0, 0] nwSrchT[]=[0, 0] psRegT[]=[0, 0] csRegT[]=[0, 0] psNoRegT[]=[252, 252] csNoRegT[]=[252, 252] sigGrid0T[]=[0, 0] voWifiRegT[]=[0, 0] voLteRegT[]=[0, 0] voNrRegT[]=[0, 0] gpsTMs=223 wlanTMs=0 sim15gTxTMs[]=[0, 0, 0, 0, 0, 0, 0, 0] sim25gTxTMs[]=[0, 0, 0, 0, 0, 0, 0, 0] techTMs[]=[0, 0, 0, 0, 0, 5665, 11108, 0, 0] saActT[]=[0, 0] lteHoC[]=[0, 0] saHoC[]=[0, 0]}
07-06 21:52:51.267  1854  1854 I sensors-hal: qsh_qmi:35, qsh_qmi
07-06 21:52:51.267  1854  1854 I sensors-hal: register_cb:314, suid(low=3900764143741002083,high=5859848608254341432) is new. register callbacks
07-06 21:52:51.267  1854  1854 I sensors-hal: activate:139, qti.sensor.high_pwm_rgb/1701 en=1 completed
07-06 21:52:51.267  5522  5757 D SubsysCallManager: handleMessage what:102
07-06 21:52:51.267  5522  5757 D SubsysCallManager: parseMdmInfoData len:392
07-06 21:52:51.267  5522  5757 D SubsysCallManager: onMdmEvent moduleId:6,eventId:4
07-06 21:52:51.269 21791 21791 D nativeloader: Load libframework-connectivity-tiramisu-jni.so using APEX ns com_android_tethering for caller /apex/com.android.tethering/javalib/framework-connectivity-t.jar: ok
07-06 21:52:51.269 19063  8402 W g_db.GalleryProvider:  delete, deleteCount=0
07-06 21:52:51.268  5522  5757 D ModemDataAnalysis: phoneId = 0, moduleId = 6, onEvent...4, version = 0, size:380
07-06 21:52:51.270  2141  5972 E HwcComposer: getLuts failed Status(-129, EX_TRANSACTION_FAILED): 'UNKNOWN_TRANSACTION: '
07-06 21:52:51.270  5703  5703 D MessengerResponseHandler: handleMessage Response msgid 210
07-06 21:52:51.270  5522  5789 E AMC     : [P-ooslimited_deep/0] execute failed in triggers[0]:[nwsrcht:0][nwsrcht:6]
07-06 21:52:51.270  5522  5789 E AMC     : [P-ooslimited_deep/1] execute failed in triggers[0]:[nwsrcht:0][nwsrcht:9]
07-06 21:52:51.271  5522  5789 E AMC     : [P-idle_cs_ps_change/0] execute failed in triggers[0]:[cschgc:0][cschgc:0, pschgc:0]
07-06 21:52:51.271  5522  5789 I AMC     : [P-idle_cs_ps_change/0] execute single in triggers[1]:[cschgc:0][psnoregt:600, csnoregt:600] successfully!
07-06 21:52:51.271 21791 21791 D OplusActivityThreadExtImpl: java.lang.NoSuchMethodException: dalvik.system.VMRuntime.SupressionGC [int, int]
07-06 21:52:51.271  5522  5789 E AMC     : [P-idle_cs_ps_change/1] execute failed in triggers[0]:[cschgc:0][cschgc:0, pschgc:0]
07-06 21:52:51.271  5522  5789 I AMC     : [P-idle_cs_ps_change/1] execute single in triggers[1]:[cschgc:0][psnoregt:600, csnoregt:600] successfully!
07-06 21:52:51.271  5522  5789 E AMC     : [P-mpss_reset/0] execute failed in triggers[0]:[sleept:232][sleept:1551]
07-06 21:52:51.271  5522  5789 E AMC     : [P-mpss_reset/1] execute failed in triggers[0]:[sleept:232][sleept:1551]
07-06 21:52:51.271 21791 21791 W libc    : Access denied finding property "persist.vendor.sys.activitylog"
07-06 21:52:51.271  5522  5789 E AMC     : [P-pidnetdisable_recovery] execute failed in triggers[0]:[sleept:232][sleept:1551, pidnetdisable:null]
07-06 21:52:51.271 21791 21791 I OneTrace: Mark active for pid=21791? true
07-06 21:52:51.271 21791 21791 D cutils-dev: otrace_set_tracing_enabled? true tag:0
07-06 21:52:51.271  5522  5789 E AMC     : [P-standby_5gbackoff/0] execute failed in triggers[0]:[sleept:232][inactive:false, sleept:773]
07-06 21:52:51.271  5522  5789 E AMC     : [P-standby_5gbackoff/1] execute failed in triggers[0]:[sleept:232][inactive:false, sleept:773]
07-06 21:52:51.271  5522  5789 E AMC     : [P-idle_cs_ps_change/0] execute failed in triggers[0]:[psnoregt:252][cschgc:0, pschgc:0]
07-06 21:52:51.271  5522  5789 I AMC     : [P-idle_cs_ps_change/0] execute single in triggers[1]:[psnoregt:252][psnoregt:600, csnoregt:600] successfully!
07-06 21:52:51.272  5522  5789 E AMC     : [P-idle_cs_ps_change/1] execute failed in triggers[0]:[psnoregt:252][cschgc:0, pschgc:0]
07-06 21:52:51.272  5522  5789 I AMC     : [P-idle_cs_ps_change/1] execute single in triggers[1]:[psnoregt:252][psnoregt:600, csnoregt:600] successfully!
07-06 21:52:51.272  5522  5789 E AMC     : [P-idle_cs_ps_change/0] execute failed in triggers[0]:[pschgc:0][cschgc:0, pschgc:0]
07-06 21:52:51.272  5522  5789 I AMC     : [P-idle_cs_ps_change/0] execute single in triggers[1]:[pschgc:0][psnoregt:600, csnoregt:600] successfully!
07-06 21:52:51.272 21791 21791 D cutils-dev: properties changed in otrace_seq_number_changed!
07-06 21:52:51.272  5522  5789 E AMC     : [P-idle_cs_ps_change/1] execute failed in triggers[0]:[pschgc:0][cschgc:0, pschgc:0]
07-06 21:52:51.272  5522  5789 I AMC     : [P-idle_cs_ps_change/1] execute single in triggers[1]:[pschgc:0][psnoregt:600, csnoregt:600] successfully!
07-06 21:52:51.272  5522  5789 E AMC     : [P-idle_cs_ps_change/0] execute failed in triggers[0]:[csnoregt:252][cschgc:0, pschgc:0]
07-06 21:52:51.272  5522  5789 I AMC     : [P-idle_cs_ps_change/0] execute single in triggers[1]:[csnoregt:252][psnoregt:600, csnoregt:600] successfully!
07-06 21:52:51.272  5522  5789 E AMC     : [P-idle_cs_ps_change/1] execute failed in triggers[0]:[csnoregt:252][cschgc:0, pschgc:0]
07-06 21:52:51.272  5522  5789 I AMC     : [P-idle_cs_ps_change/1] execute single in triggers[1]:[csnoregt:252][psnoregt:600, csnoregt:600] successfully!
07-06 21:52:51.274  3414  8711 D SplitScreenAppReader: SPLIT_TOUCH support check:com.google.android.gms = false
07-06 21:52:51.274  3414  8711 D ActivityTaskManagerServiceExtImpl: preBindApplication record is null
07-06 21:52:51.274  3414  8711 D RGBNormalizeServer: OplusRGBNormalize feature enabled ? false
07-06 21:52:51.274  3414  8711 D ResourcesManagerCache: For package com.google.android.gms we got cacheList [null] appInfoExt is null ? false hasFeature ? false
07-06 21:52:51.278  1854 21798 I sensors-hal: qsh_conn_event_cb:726, SCHED_FIFO(10) for qmi_cbk
07-06 21:52:51.278 21791 21810 D OplusAppHeapManager: java.lang.NoSuchMethodException: dalvik.system.VMRuntime.updateProcessValue [int, int, int]
07-06 21:52:51.279 21791 21791 D CompactWindowAppManager: initCompactApplicationInfo CompactMode: , NormalMode: 
07-06 21:52:51.280 21791 21810 W OplusExSystemServiceHelper: checkOplusExSystemService intent getComponent is null
07-06 21:52:51.280 21791 21791 V Configuration: Updating configuration, locales updated from [] to [en_TH]
07-06 21:52:51.280 21791 21791 D OplusScrollToTopManager: setIsInWhiteList false
07-06 21:52:51.280 21791 21791 D OplusViewDebugManager: OplusViewDebugManager Constructor android.view.debug.OplusViewDebugManager@fa68559 [mHasViewDebugProperty true] [mHasMsgDebugProperty false] [DEBUG false] [EXTRAINFOENABLE false] [LIGHT_OS false]
07-06 21:52:51.281 21791 21791 E DynamicFramerate [AnimationConfigManager]: initAnimationConfig: animAwareItem is empty, return
07-06 21:52:51.283 21791 21791 W libc    : Access denied finding property "ro.odm.prev.product.name"
07-06 21:52:51.283 21791 21791 D ApplicationLoaders: Returning zygote-cached class loader: /system/framework/org.apache.http.legacy.jar
07-06 21:52:51.284 21791 21791 D ApplicationLoaders: Returning zygote-cached class loader: /system/framework/com.android.location.provider.jar
07-06 21:52:51.284 21791 21791 D ApplicationLoaders: Returning zygote-cached class loader: /system/framework/com.android.media.remotedisplay.jar
07-06 21:52:51.285 21791 21791 D nativeloader: Configuring clns-9 for other apk /system_ext/framework/com.android.extensions.appfunctions.jar. target_sdk_version=37, uses_libraries=ALL, library_path=/data/app/~~j-NDOH6rO_DK0XK7Q6EICQ==/com.google.android.gms-5_azHZMeCYBnZBO31-Mr2w==/lib/arm64:/data/app/~~j-NDOH6rO_DK0XK7Q6EICQ==/com.google.android.gms-5_azHZMeCYBnZBO31-Mr2w==/base.apk!/lib/arm64-v8a, permitted_path=/data:/mnt/expand:/data/user/0/com.google.android.gms
07-06 21:52:51.285 21791 21791 D nativeloader: Extending system_exposed_libraries: libbinauralrenderer_wrapper.qti.so:libhoaeffects.qti.so:libsuperNight.oplus.so:libAPSClient-cmd-jni-extension.oplus.so:libsatellite_audio_jni.oplus.so:libortc_so.oplus.so:libsoundtouch.oplus.so:libsoundtouch_jni.oplus.so:libOplusStringJNI-extension.oplus.so:libsatellite_ostx_jni.oplus.so:libapssuspend-jni.oplus.so:libupdateprof.qti.so:libthermalclient.qti.so:libqape.qti.so:libqesdk_ndk_platform.qti.so:liblistenjni.qti.so
07-06 21:52:51.285 21791 21791 D ApplicationLoaders: Returning zygote-cached class loader: /system_ext/framework/androidx.window.extensions.jar
07-06 21:52:51.285 21791 21791 D ApplicationLoaders: Returning zygote-cached class loader: /system_ext/framework/androidx.window.sidecar.jar
07-06 21:52:51.299  3414  4626 I LinkPower: [MonitorLeafBpfWakeup] Origin WakeupInfoMain Diff:252s InWakeup:null OutWakeup:{org.telegram.messenger=1} WakeupDuration(ms):{com.instagram.android=156423, org.telegram.messenger=143172, com.facebook.orca=71123, rd.sheepskin.sandboxmusic=5771, ch.protonmail.android=4978, org.unifiedpush.distributor.sunup=3808, com.oplus.phonemanager=3269, com.oplus.statistics.rom=1568, me.proton.android.drive=1016, com.android.vending=412, com.oplus.cosa=282, app.revanced.android.gms=101, com.teslacoilsw.launcher=74, jp.naver.line.android=41, com.google.android.gm=1}
07-06 21:52:51.299  3414  4626 I LinkPower: [MonitorLeafBpfWakeup] Origin WakeupInfoDetails Diff:252s OutImHbWakeup:null OutAlignWakeup:null InKeepWakeup:null ReInWakeup:null ReOutWakeup:null
07-06 21:52:51.301  5555  5674 W ModemAci: [KernelWakeupInfo] failed to update kernel wakeup due to empty map!
07-06 21:52:51.309  3414  5402 I CwbClient: R/G/B:0-0-0
07-06 21:52:51.320 21791 21791 D nativeloader: Configuring clns-10 for other apk /data/app/~~j-NDOH6rO_DK0XK7Q6EICQ==/com.google.android.gms-5_azHZMeCYBnZBO31-Mr2w==/base.apk. target_sdk_version=37, uses_libraries=, library_path=/data/app/~~j-NDOH6rO_DK0XK7Q6EICQ==/com.google.android.gms-5_azHZMeCYBnZBO31-Mr2w==/lib/arm64:/data/app/~~j-NDOH6rO_DK0XK7Q6EICQ==/com.google.android.gms-5_azHZMeCYBnZBO31-Mr2w==/base.apk!/lib/arm64-v8a, permitted_path=/data:/mnt/expand:/data/user/0/com.google.android.gms
07-06 21:52:51.325 21791 21791 I id.gms.unstable: AssetManager2(0xb40000735fff0a28) locale list changing from [] to [en-TH]
07-06 21:52:51.327 21791 21791 V GraphicsEnvironment: Currently set values for:
07-06 21:52:51.327 21791 21791 V GraphicsEnvironment:   angle_gl_driver_selection_pkgs=[""]
07-06 21:52:51.327 21791 21791 V GraphicsEnvironment:   angle_gl_driver_selection_values=[""]
07-06 21:52:51.327 21791 21791 V GraphicsEnvironment: com.google.android.gms is not listed in per-application setting
07-06 21:52:51.327 21791 21791 V GraphicsEnvironment: ANGLE allowlist from config: 
07-06 21:52:51.327 21791 21791 V GraphicsEnvironment: com.google.android.gms is not listed in ANGLE allowlist or settings, returning default
07-06 21:52:51.328 21791 21791 D ResourcesManagerExtImpl: applyConfigurationToAppResourcesLocked app.getDisplayId() return callback.displayId:-1
07-06 21:52:51.336  3414  6003 W SurfaceComposerClient: Invalid layer stack -1
07-06 21:52:51.337  2141  5972 E HwcComposer: getLuts failed Status(-129, EX_TRANSACTION_FAILED): 'UNKNOWN_TRANSACTION: '
07-06 21:52:51.343 19063  8377 W SizeConfigStrategy:  [get] result is null or recycled.
07-06 21:52:51.343  3414  4308 D FusionLightNextGen: raw_lux -1.0, raw_cct -1.0, r/g/b/c: 0.0/0.0/0.0/0.0, R/G/B: 0.0/0.0/0.0, bri 0.0, lux: 0.000000, cct: -1.0, ir: 0.000000, conf: 0, cnt: 0
07-06 21:52:51.344  3414  6003 W SurfaceComposerClient: Invalid layer stack -1
07-06 21:52:51.346  2141  5972 E HwcComposer: getLuts failed Status(-129, EX_TRANSACTION_FAILED): 'UNKNOWN_TRANSACTION: '
07-06 21:52:51.348 21791 21791 W ProviderHelper: Unknown dynamite feature providerinstaller.dynamite
07-06 21:52:51.348 21791 21791 I DynamiteModule: Considering local module com.google.android.gms.providerinstaller.dynamite:1 and remote module com.google.android.gms.providerinstaller.dynamite:0
07-06 21:52:51.348 21791 21791 I DynamiteModule: Selected local version of com.google.android.gms.providerinstaller.dynamite
07-06 21:52:51.355 21791 21791 D nativeloader: Load /data/app/~~j-NDOH6rO_DK0XK7Q6EICQ==/com.google.android.gms-5_azHZMeCYBnZBO31-Mr2w==/base.apk!/lib/arm64-v8a/libconscrypt_gmscore_jni.so using class loader ns clns-10 (caller=/data/app/~~j-NDOH6rO_DK0XK7Q6EICQ==/com.google.android.gms-5_azHZMeCYBnZBO31-Mr2w==/base.apk): ok
07-06 21:52:51.355 21791 21791 V NativeCrypto: Registering com/google/android/gms/org/conscrypt/NativeCrypto's 337 native methods...
07-06 21:52:51.361 21791 21791 I ProviderInstaller: Installed default security provider GmsCore_OpenSSL
07-06 21:52:51.364 21791 21838 I Watchcat: Started
07-06 21:52:51.368  3414  6028 I ActivityManager: Flag disabled. Ignoring finishAttachApplication from uid: 10119. pid: 21791
07-06 21:52:51.369 21791 21838 I GMS_MM_Logger: (REDACTED) Start time: %s
07-06 21:52:51.369 21791 21838 I GMS_MM_Logger: Started.
07-06 21:52:51.370 21791 21791 E ANDR-PERF-CLIENT-SYS: death recipent object is fine
07-06 21:52:51.370 21791 21791 W id.gms.unstable: AIBinder_linkToDeath is being called with a non-null cookie and no onUnlink callback set. This might not be intended. AIBinder_DeathRecipient_setOnUnlinked should be called first.
07-06 21:52:51.370 21791 21791 D OplusActivityManager: get AMS extension: android.os.BinderProxy@2a7783d
07-06 21:52:51.379 21791 21818 I gpkj    : (REDACTED) Shared storage file not found for %s
07-06 21:52:51.397 21791 21810 E ashmem  : Pinning is deprecated since Android Q. Please use trim or other methods.
07-06 21:52:51.401  5555  5674 I ModemAci: [AppInfo] [LO, LS, DA]:{ stamp=207386182 duration=252 inWakeupC={} outWakeupC={org.telegram.messenger=1} wakeupTime={app.revanced.android.gms=101, ch.protonmail.android=4978, com.android.vending=412, com.oplus.cosa=282, me.proton.android.drive=1016, com.instagram.android=156423, jp.naver.line.android=41, com.oplus.phonemanager=3269, rd.sheepskin.sandboxmusic=5771, org.unifiedpush.distributor.sunup=3808, com.google.android.gm=1, com.oplus.statistics.rom=1568, org.telegram.messenger=143172, com.facebook.orca=71123, com.teslacoilsw.launcher=74} trafficC={}}
07-06 21:52:51.419  8419  8419 D BoundBrokerSvc: onRebind: Intent { act=com.google.android.gms.libs.gmscorelogger.service.START dat=chimera-action:/... xflg=0x4 cmp=com.google.android.gms/.chimera.PersistentDirectBootAwareApiService mCallingUid=10119 }
07-06 21:52:51.435 21791 21814 I TracingHelper: (REDACTED) Mismatched RequestContext found for module %s. Module id from RequestContext is %s
07-06 21:52:51.454 21791 21814 D nativeloader: Configuring clns-11 for other apk . target_sdk_version=37, uses_libraries=ALL, library_path=, permitted_path=/data:/mnt/expand
07-06 21:52:51.454 21791 21814 D nativeloader: Extending system_exposed_libraries: libbinauralrenderer_wrapper.qti.so:libhoaeffects.qti.so:libsuperNight.oplus.so:libAPSClient-cmd-jni-extension.oplus.so:libsatellite_audio_jni.oplus.so:libortc_so.oplus.so:libsoundtouch.oplus.so:libsoundtouch_jni.oplus.so:libOplusStringJNI-extension.oplus.so:libsatellite_ostx_jni.oplus.so:libapssuspend-jni.oplus.so:libupdateprof.qti.so:libthermalclient.qti.so:libqape.qti.so:libqesdk_ndk_platform.qti.so:liblistenjni.qti.so
07-06 21:52:51.455 21791 21814 D nativeloader: Load /data/user/0/com.google.android.gms/app_dg_cache/574CF0A3144EB354068F133F674AB38CCBB02976/the.apk!/libd2F2B873E6597.so using isolated ns clns-11 (caller=/data/user/0/com.google.android.gms/app_dg_cache/574CF0A3144EB354068F133F674AB38CCBB02976/the.apk): ok
07-06 21:52:51.467  3414  6028 D SensorServiceExtImpl: isAllowOplusAMD opPackageName = com.google.android.gms
07-06 21:52:51.467 21791 21814 D ExtensionsLoader: createInstance(64bit) : createExtendedFactory
07-06 21:52:51.468 21791 21814 D ExtensionsLoader: Opened libsensorextimpl.so
07-06 21:52:51.468 21791 21814 V SystemSensorManagerExtImpl: RegisterListener linear_acceleration type:10 delay:20000us by com.google.ccc.abuse.droidguard.events.b@3abed6c from com.google.android.gms
07-06 21:52:51.468  3414  6028 D SensorService: createSensorEventConnection packageName = com.google.ccc.abuse.droidguard.events.b, opPackageName = com.google.android.gms, mCurrentOperatingMode = 0, requestedMode = 0
07-06 21:52:51.469  3414  6028 D SensorService: SensorEventConnection type = 3, client = com.google.android.gms, listener = com.google.ccc.abuse.droidguard.events.b
07-06 21:52:51.469  3414  6028 W SensorService: SensorEventConnection sensor handle=101, package = com.google.ccc.abuse.droidguard.events.b enable
07-06 21:52:51.469  3414  6028 D SensorService: Calling batch handle==101 flags=0rate=20000000 timeout== 0
07-06 21:52:51.469  3414  6028 D SensorService: SensorDevice::batch: ident=0xb4000071ff5e8800, handle=0x00000065, flags=0, period_ns=20000000 timeout=0
07-06 21:52:51.469  3414  6028 D SensorService: 	>>> actuating h/w BATCH 0x00000065 20000000 0
07-06 21:52:51.469  1854  1854 I sensors-hal: batch:166, android.sensor.linear_acceleration/101, period=20000000, max_latency=0
07-06 21:52:51.469  1854  1854 I sensors-hal: batch:188, android.sensor.linear_acceleration/101, period=20000000, max_latency=0 request completed
07-06 21:52:51.470  3414  6028 D SensorService: 	>>> actuating h/w flush 101
07-06 21:52:51.471  1854  1854 E sensors-hal: flush:204, invalid flush request, active=0, oneshot=0
07-06 21:52:51.471  3414  6028 D SensorService: Calling activate on 101
07-06 21:52:51.471  3414  6028 D SensorService: SensorDevice::activate: ident=0xb4000071ff5e8800, handle=0x00000065, enabled=1, count=2
07-06 21:52:51.471  3414  6028 D SensorService: enable index=1
07-06 21:52:51.471  3414  6028 D SensorService: info.numActiveClients() = 1, info.isActive = 0
07-06 21:52:51.471  3414  6028 D SensorService: activateHardware = 1
07-06 21:52:51.471  3414  6028 D SensorService: 	>>> actuating h/w activate handle=101 enabled=1
07-06 21:52:51.471  1854  1854 I sensors-hal: activate:116, android.sensor.linear_acceleration/101 en=1
07-06 21:52:51.471  1854  1854 I sensors-hal: acquire_qsh_interface:126, acquire_qsh_interface with sensor_id 34 , conn_type 2 
07-06 21:52:51.476  1854  1854 I sensors-hal: qsh_qmi:35, qsh_qmi
07-06 21:52:51.476  1854  1854 I sensors-hal: register_cb:314, suid(low=12052644982307943726,high=14255117871604606629) is new. register callbacks
07-06 21:52:51.476  1854  1854 I sensors-hal: send_sync_sensor_request:445, send sync request
07-06 21:52:51.476  1854  1854 I sensors-hal: send_sync_sensor_request:455, send_sync_sensor_request before send_request for gravity with SUID low=12052644982307943726 high=14255117871604606629
07-06 21:52:51.477  1854  1854 I sensors-hal: send_sync_sensor_request:475, wait for notification of response
07-06 21:52:51.479  1854 21849 I sensors-hal: qsh_conn_resp_cb:799, resp_value = 0 for gravity 
07-06 21:52:51.479  1854  1854 I sensors-hal: send_sync_sensor_request:481, takes 2 ms to receive the response with 0
07-06 21:52:51.479  1854  1854 I sensors-hal: activate:139, android.sensor.linear_acceleration/101 en=1 completed
07-06 21:52:51.479 21791 21814 V SystemSensorManagerExtImpl: RegisterListener Rotation Vector  Non-wakeup type:11 delay:20000us by com.google.ccc.abuse.droidguard.events.b@132f35 from com.google.android.gms
07-06 21:52:51.479  3414  6028 D SensorService: createSensorEventConnection packageName = com.google.ccc.abuse.droidguard.events.b, opPackageName = com.google.android.gms, mCurrentOperatingMode = 0, requestedMode = 0
07-06 21:52:51.480  3414  6028 D SensorService: SensorEventConnection type = 3, client = com.google.android.gms, listener = com.google.ccc.abuse.droidguard.events.b
07-06 21:52:51.480  3414  4172 W SensorService: SensorEventConnection sensor handle=111, package = com.google.ccc.abuse.droidguard.events.b enable
07-06 21:52:51.480  3414  4172 D SensorService: Calling batch handle==111 flags=0rate=20000000 timeout== 0
07-06 21:52:51.480  3414  4172 D SensorService: SensorDevice::batch: ident=0xb4000071d6e1d000, handle=0x0000006f, flags=0, period_ns=20000000 timeout=0
07-06 21:52:51.480  3414  4172 D SensorService: 	>>> actuating h/w BATCH 0x0000006f 20000000 0
07-06 21:52:51.481  1854  1854 I sensors-hal: batch:166, android.sensor.rotation_vector/111, period=20000000, max_latency=0
07-06 21:52:51.481  1854  1854 I sensors-hal: batch:188, android.sensor.rotation_vector/111, period=20000000, max_latency=0 request completed
07-06 21:52:51.481  3414  4172 D SensorService: Calling activate on 111
07-06 21:52:51.481  3414  4172 D SensorService: SensorDevice::activate: ident=0xb4000071d6e1d000, handle=0x0000006f, enabled=1, count=1
07-06 21:52:51.481  3414  4172 D SensorService: enable index=0
07-06 21:52:51.481  3414  4172 D SensorService: info.numActiveClients() = 1, info.isActive = 0
07-06 21:52:51.481  3414  4172 D SensorService: activateHardware = 1
07-06 21:52:51.481  3414  4172 D SensorService: 	>>> actuating h/w activate handle=111 enabled=1
07-06 21:52:51.481  1854  1854 I sensors-hal: activate:116, android.sensor.rotation_vector/111 en=1
07-06 21:52:51.481  1854  1854 I sensors-hal: acquire_qsh_interface:126, acquire_qsh_interface with sensor_id 4 , conn_type 2 
07-06 21:52:51.486  1854  1854 I sensors-hal: qsh_qmi:35, qsh_qmi
07-06 21:52:51.486  1854  1854 I sensors-hal: register_cb:314, suid(low=16650227176490521676,high=11591090518199008144) is new. register callbacks
07-06 21:52:51.486  1854  1854 I sensors-hal: send_sync_sensor_request:445, send sync request
07-06 21:52:51.486  1854  1854 I sensors-hal: send_sync_sensor_request:455, send_sync_sensor_request before send_request for rotv with SUID low=16650227176490521676 high=11591090518199008144
07-06 21:52:51.486  1854  1854 I sensors-hal: send_sync_sensor_request:475, wait for notification of response
07-06 21:52:51.487  1854 21851 I sensors-hal: qsh_conn_resp_cb:799, resp_value = 0 for rotv 
07-06 21:52:51.487  1854  1854 I sensors-hal: send_sync_sensor_request:481, takes 0 ms to receive the response with 0
07-06 21:52:51.487  1854  1854 I sensors-hal: activate:139, android.sensor.rotation_vector/111 en=1 completed
07-06 21:52:51.504 19063  8377 I Gallery : classify bitmap success!
07-06 21:52:51.505 21791 21814 W libc    : Access denied finding property "persist.adb.tls_server.enable"
07-06 21:52:51.505 21791 21814 W libc    : Access denied finding property "service.adb.tls.port"
07-06 21:52:51.507  1730  8338 E         : DNS_CACHE: hanle request << adddns: hostname:localhost, servername:^, ai_flags:1024, ai_family:0, ai_socktype:1, ai_protocol:0, netid:0, uid:10119
07-06 21:52:51.507 21791 21814 D DNS_CACHE: oplus_send_dns_response send hostname: localhost, servname: (null) response into netd: 0, *res = 0xb40000735ff30a00
07-06 21:52:51.511  5522  5756 D DnsDomainBlock: onDnsEvent: latencyMs=0, returnCode=0, uid=10119
07-06 21:52:51.516 19063 25318 W g_db.GalleryProvider:  delete, deleteCount=0
07-06 21:52:51.521 25021 13433 W OplusExSystemServiceHelper: checkOplusExSystemService intent getComponent is null
07-06 21:52:51.523 25021 25021 D BoundBrokerSvc: onBind: Intent { act=com.google.android.gms.checkin.START xflg=0x4 pkg=com.google.android.gms mCallingUid=10119 }
07-06 21:52:51.523 25021 25021 D BoundBrokerSvc: Loading bound service for intent: Intent { act=com.google.android.gms.checkin.START xflg=0x4 pkg=com.google.android.gms mCallingUid=10119 }
07-06 21:52:51.526 25021 13433 I Checkin : [CheckinApiChimeraService] onGetService
07-06 21:52:51.540  1854 21849 I sensors-hal: qsh_conn_event_cb:726, SCHED_FIFO(10) for qmi_cbk
07-06 21:52:51.543  1854 21851 I sensors-hal: qsh_conn_event_cb:726, SCHED_FIFO(10) for qmi_cbk
07-06 21:52:51.548  3414  4308 D FusionLightNextGen: raw_lux -1.0, raw_cct -1.0, r/g/b/c: 0.0/0.0/0.0/0.0, R/G/B: 0.0/0.0/0.0, bri 0.0, lux: 0.000000, cct: -1.0, ir: 0.000000, conf: 0, cnt: 0
07-06 21:52:51.549  8419  8419 D BoundBrokerSvc: onRebind: Intent { act=com.google.android.gms.common.telemetry.service.START dat=chimera-action:/... xflg=0x4 cmp=com.google.android.gms/.chimera.PersistentApiService mCallingUid=10119 }
07-06 21:52:51.559  8419 19237 E kcgz    : *~*~*~ Previous channel {0} was garbage collected without being shut down! ~*~*~*
07-06 21:52:51.559  8419 19237 E kcgz    :     Make sure to call shutdown()/shutdownNow()
07-06 21:52:51.559  8419 19237 E kcgz    : java.lang.RuntimeException: ManagedChannel allocation site
07-06 21:52:51.559  8419 19237 E kcgz    : 	at kcgy.<init>(:com.google.android.gms@262434035@26.24.34 (260400-938041327):21)
07-06 21:52:51.559  8419 19237 E kcgz    : 	at kcgz.<init>(:com.google.android.gms@262434035@26.24.34 (260400-938041327):10)
07-06 21:52:51.559  8419 19237 E kcgz    : 	at kcgx.a(:com.google.android.gms@262434035@26.24.34 (260400-938041327):300)
07-06 21:52:51.559  8419 19237 E kcgz    : 	at kbop.a(:com.google.android.gms@262434035@26.24.34 (260400-938041327):5)
07-06 21:52:51.559  8419 19237 E kcgz    : 	at deet.h(:com.google.android.gms@262434035@26.24.34 (260400-938041327):154)
07-06 21:52:51.559  8419 19237 E kcgz    : 	at htob.a(:com.google.android.gms@262434035@26.24.34 (260400-938041327):142)
07-06 21:52:51.559  8419 19237 E kcgz    : 	at hgwj.a(:com.google.android.gms@262434035@26.24.34 (260400-938041327):17)
07-06 21:52:51.559  8419 19237 E kcgz    : 	at hpzo.a(:com.google.android.gms@262434035@26.24.34 (260400-938041327):3)
07-06 21:52:51.559  8419 19237 E kcgz    : 	at hpyp.run(:com.google.android.gms@262434035@26.24.34 (260400-938041327):19)
07-06 21:52:51.559  8419 19237 E kcgz    : 	at hpzq.run(:com.google.android.gms@262434035@26.24.34 (260400-938041327):5)
07-06 21:52:51.559  8419 19237 E kcgz    : 	at blmv.c(:com.google.android.gms@262434035@26.24.34 (260400-938041327):50)
07-06 21:52:51.559  8419 19237 E kcgz    : 	at blmv.run(:com.google.android.gms@262434035@26.24.34 (260400-938041327):66)
07-06 21:52:51.559  8419 19237 E kcgz    : 	at java.util.concurrent.ThreadPoolExecutor.runWorker(ThreadPoolExecutor.java:1100)
07-06 21:52:51.559  8419 19237 E kcgz    : 	at java.util.concurrent.ThreadPoolExecutor$Worker.run(ThreadPoolExecutor.java:624)
07-06 21:52:51.559  8419 19237 E kcgz    : 	at blsn.run(:com.google.android.gms@262434035@26.24.34 (260400-938041327):8)
07-06 21:52:51.559  8419 19237 E kcgz    : 	at java.lang.Thread.run(Thread.java:1572)
07-06 21:52:51.560  8419 19237 E kcgz    : *~*~*~ Previous channel {0} was garbage collected without being shut down! ~*~*~*
07-06 21:52:51.560  8419 19237 E kcgz    :     Make sure to call shutdown()/shutdownNow()
07-06 21:52:51.560  8419 19237 E kcgz    : java.lang.RuntimeException: ManagedChannel allocation site
07-06 21:52:51.560  8419 19237 E kcgz    : 	at kcgy.<init>(:com.google.android.gms@262434035@26.24.34 (260400-938041327):21)
07-06 21:52:51.560  8419 19237 E kcgz    : 	at kcgz.<init>(:com.google.android.gms@262434035@26.24.34 (260400-938041327):10)
07-06 21:52:51.560  8419 19237 E kcgz    : 	at kcgx.a(:com.google.android.gms@262434035@26.24.34 (260400-938041327):300)
07-06 21:52:51.560  8419 19237 E kcgz    : 	at kbop.a(:com.google.android.gms@262434035@26.24.34 (260400-938041327):5)
07-06 21:52:51.560  8419 19237 E kcgz    : 	at deet.h(:com.google.android.gms@262434035@26.24.34 (260400-938041327):154)
07-06 21:52:51.560  8419 19237 E kcgz    : 	at htob.a(:com.google.android.gms@262434035@26.24.34 (260400-938041327):142)
07-06 21:52:51.560  8419 19237 E kcgz    : 	at hgwj.a(:com.google.android.gms@262434035@26.24.34 (260400-938041327):17)
07-06 21:52:51.560  8419 19237 E kcgz    : 	at hpzo.a(:com.google.android.gms@262434035@26.24.34 (260400-938041327):3)
07-06 21:52:51.560  8419 19237 E kcgz    : 	at hpyp.run(:com.google.android.gms@262434035@26.24.34 (260400-938041327):19)
07-06 21:52:51.560  8419 19237 E kcgz    : 	at hpzq.run(:com.google.android.gms@262434035@26.24.34 (260400-938041327):5)
07-06 21:52:51.560  8419 19237 E kcgz    : 	at blmv.c(:com.google.android.gms@262434035@26.24.34 (260400-938041327):50)
07-06 21:52:51.560  8419 19237 E kcgz    : 	at blmv.run(:com.google.android.gms@262434035@26.24.34 (260400-938041327):66)
07-06 21:52:51.560  8419 19237 E kcgz    : 	at java.util.concurrent.ThreadPoolExecutor.runWorker(ThreadPoolExecutor.java:1100)
07-06 21:52:51.560  8419 19237 E kcgz    : 	at java.util.concurrent.ThreadPoolExecutor$Worker.run(ThreadPoolExecutor.java:624)
07-06 21:52:51.560  8419 19237 E kcgz    : 	at blsn.run(:com.google.android.gms@262434035@26.24.34 (260400-938041327):8)
07-06 21:52:51.560  8419 19237 E kcgz    : 	at java.lang.Thread.run(Thread.java:1572)
07-06 21:52:51.560  8419 19237 E kcgz    : *~*~*~ Previous channel {0} was garbage collected without being shut down! ~*~*~*
07-06 21:52:51.560  8419 19237 E kcgz    :     Make sure to call shutdown()/shutdownNow()
07-06 21:52:51.560  8419 19237 E kcgz    : java.lang.RuntimeException: ManagedChannel allocation site
07-06 21:52:51.560  8419 19237 E kcgz    : 	at kcgy.<init>(:com.google.android.gms@262434035@26.24.34 (260400-938041327):21)
07-06 21:52:51.560  8419 19237 E kcgz    : 	at kcgz.<init>(:com.google.android.gms@262434035@26.24.34 (260400-938041327):10)
07-06 21:52:51.560  8419 19237 E kcgz    : 	at kcgx.a(:com.google.android.gms@262434035@26.24.34 (260400-938041327):300)
07-06 21:52:51.560  8419 19237 E kcgz    : 	at kbop.a(:com.google.android.gms@262434035@26.24.34 (260400-938041327):5)
07-06 21:52:51.560  8419 19237 E kcgz    : 	at deet.h(:com.google.android.gms@262434035@26.24.34 (260400-938041327):154)
07-06 21:52:51.560  8419 19237 E kcgz    : 	at htob.a(:com.google.android.gms@262434035@26.24.34 (260400-938041327):142)
07-06 21:52:51.560  8419 19237 E kcgz    : 	at hgwj.a(:com.google.android.gms@262434035@26.24.34 (260400-938041327):17)
07-06 21:52:51.560  8419 19237 E kcgz    : 	at hpzo.a(:com.google.android.gms@262434035@26.24.34 (260400-938041327):3)
07-06 21:52:51.560  8419 19237 E kcgz    : 	at hpyp.run(:com.google.android.gms@262434035@26.24.34 (260400-938041327):19)
07-06 21:52:51.560  8419 19237 E kcgz    : 	at hpzq.run(:com.google.android.gms@262434035@26.24.34 (260400-938041327):5)
07-06 21:52:51.560  8419 19237 E kcgz    : 	at blmv.c(:com.google.android.gms@262434035@26.24.34 (260400-938041327):50)
07-06 21:52:51.560  8419 19237 E kcgz    : 	at blmv.run(:com.google.android.gms@262434035@26.24.34 (260400-938041327):66)
07-06 21:52:51.560  8419 19237 E kcgz    : 	at java.util.concurrent.ThreadPoolExecutor.runWorker(ThreadPoolExecutor.java:1100)
07-06 21:52:51.560  8419 19237 E kcgz    : 	at java.util.concurrent.ThreadPoolExecutor$Worker.run(ThreadPoolExecutor.java:624)
07-06 21:52:51.560  8419 19237 E kcgz    : 	at blsn.run(:com.google.android.gms@262434035@26.24.34 (260400-938041327):8)
07-06 21:52:51.560  8419 19237 E kcgz    : 	at java.lang.Thread.run(Thread.java:1572)
07-06 21:52:51.564  8419  8923 W OplusExSystemServiceHelper: checkOplusExSystemService intent getComponent is null
07-06 21:52:51.603  1730  8338 E         : DNS_CACHE: hanle request << lookupdns: hostname:quake-pa.googleapis.com, servername:^, ai_flags:1024, ai_family:0, ai_socktype:1, ai_protocol:0, netid:0, uid:10119
07-06 21:52:51.604  8419 21854 D DNS_CACHE: oplus_oplus_getaddrinfo_proxy lookup from netd: hostname:quake-pa.googleapis.com, servname:(null) uid: 10119, result_code:408, res = 0x0, found = 0
07-06 21:52:51.613 19063  8377 W SizeConfigStrategy:  [get] result is null or recycled.
