07-06 21:52:48.653  1894  2611 D OplusToneMapperFilter: [IsFilteringEnabled:L531] not requestEnable,disable
07-06 21:52:48.653  1894  2611 D OplusToneMapperFilter: [IsFilteringEnabled:L531] not requestEnable,disable
07-06 21:52:48.653  1894  2611 W QC2Interface: [avcD_990] Failed to query parameters
07-06 21:52:48.653  2649 21659 I CCodecConfig: query failed after returning 17 values (BAD_INDEX)
07-06 21:52:48.654  2649 21659 W ColorUtils: expected specified color aspects (0:0:0:0)
07-06 21:52:48.656  2649  2722 W ServiceManagerCppClient: Failed to get isDeclared for media_quality: Status(-1, EX_SECURITY): 'SELinux denied for service.'
07-06 21:52:48.656  2649 21657 D SurfaceUtils: connecting to surface 0xb4000074502c1810, reason connectToSurface
07-06 21:52:48.656  2649 21657 D BufferQueueProducer: [FrameDecoder](id:a59000014c2,api:3,p:2649,c:2649) connect: api=3 producerControlledByApp=false
07-06 21:52:48.656  2649 21657 D SurfaceUtils: disconnecting from surface 0xb4000074502c1810, reason connectToSurface(reconnect)
07-06 21:52:48.656  2649 21657 D BufferQueueProducer: [FrameDecoder](id:a59000014c2,api:3,p:2649,c:2649) disconnect: api 3
07-06 21:52:48.656  2649 21657 D SurfaceUtils: connecting to surface 0xb4000074502c1800, reason connectToSurface(reconnect-with-listener)
07-06 21:52:48.656  2649 21657 D BufferQueueProducer: [FrameDecoder](id:a59000014c2,api:3,p:2649,c:2649) connect: api=3 producerControlledByApp=false
07-06 21:52:48.657  2649 21657 D OplusAtlasMapsUtil: [doParser:67]ctype:1,platform:1,uid:1013,pid:2649,pkg:/system/bin/mediaserver
07-06 21:52:48.657  2678  2741 D MMListService: [insertToMultiMaps:456]update module:sr-osie-whitelist-new,ret:0,value:
07-06 21:52:48.658  2649 21658 D OplusMediaMonitor: codecSessionKey: -5476376647157772608, codecSessionInfo: b4000074503a4800
07-06 21:52:48.659  2649 24222 D AtlasEventUploadUtils: setEvent event:atlas_event_video_monitor_network_switch
07-06 21:52:48.659  2649 21658 I OplusMediaMonitor-VideoStutterObserver: IsAppInScoreSupportList:0 isDecoder:1 scorecalcValue:1, no need connect Network
07-06 21:52:48.659  4627 10011 V OplusAtlasVideo: callback success event:atlas_event_video_monitor_network_switch eventInfo:START,2649,Key,-5476376647157772608,Component,c2.qti.avc.decoder,Width,576,Height,1024,IsMediaPlayer,1
07-06 21:52:48.660  2649 21658 D OplusMediaMonitor-VideoJointMediaTurboObserver: [initEncDecParams][157] mts-video-decoder-statistics ret=0 uid=1013 listPrjname=
07-06 21:52:48.660  1894  2611 D OplusToneMapperFilter: [IsFilteringEnabled:L531] not requestEnable,disable
07-06 21:52:48.661  1894  2611 D OplusToneMapperFilter: [IsFilteringEnabled:L531] not requestEnable,disable
07-06 21:52:48.661  1894  2611 D OplusToneMapperFilter: [IsFilteringEnabled:L531] not requestEnable,disable
07-06 21:52:48.661  1894  2611 D OplusToneMapperFilter: [IsFilteringEnabled:L531] not requestEnable,disable
07-06 21:52:48.662  1894  2611 W QC2Interface: [avcD_990] Failed to query parameters
07-06 21:52:48.663  2649 21659 W Codec2Client: query -- param skipped: index = 1107298332.
07-06 21:52:48.663  2649 21659 W CCodec  : This behavior is subject to change. It is recommended that app developers double check whether the requested max input size is in reasonable range.
07-06 21:52:48.663  1894  2611 W QC2Interface: [avcD_990] Failed to query parameters
07-06 21:52:48.663  2649 21659 I CCodecConfig: query failed after returning 18 values (BAD_INDEX)
07-06 21:52:48.663  1894  2611 W QC2Interface: [avcD_990] Failed to query parameters
07-06 21:52:48.664  2649 21659 E mediaserver: Failed to query component interface for required system resources: 6
07-06 21:52:48.664  1894  2611 D OplusToneMapperFilter: [IsFilteringEnabled:L531] not requestEnable,disable
07-06 21:52:48.665  1894  2611 V Codec2-DumpInput: [start:L443][c2.qti.avc.decoder_366] this:0xb4000074f96eb498
07-06 21:52:48.665  1894 21661 V Codec2-DumpInput: [processLoop:L652][c2.qti.avc.decoder_366]thread Start.this:0xb4000074f96eb498
07-06 21:52:48.665  1890  1890 I [UAH_CLIENT]: UahPlatformResAcquire
07-06 21:52:48.665  1890  1890 I [UAH_CLIENT]: UahEventAcquire, cmdid:-3, pkg:1894 2611, identity:qcom-perfd
07-06 21:52:48.668  1890  2036 E ANDR-PERF-RESOURCEQS: ANDR-PERF-RESOURCEQS: AddAndApply() 125: Resource with major=16, minor=0 not supported
07-06 21:52:48.668  1894  2611 E QC2Comp : [avcD_990] configureIntf failed 95
07-06 21:52:48.669  1894 21664 E QC2V4l2Codec: [v4lavcD_990]  ? is not a supported pixel format!
07-06 21:52:48.672  1894  2611 W QC2Interface: [avcD_990] Failed to query parameters
07-06 21:52:48.673  1890  1890 I [UAH_CLIENT]: UahRelease, handle:160360
07-06 21:52:48.674  1894  2611 W QC2Interface: [avcD_990] Failed to query parameters
07-06 21:52:48.674  2649 21659 W Codec2Client: query -- param skipped: index = 1342179345.
07-06 21:52:48.674  2649 21659 W Codec2Client: query -- param skipped: index = 2415921170.
07-06 21:52:48.674  2649 21659 W Codec2Client: query -- param skipped: index = 1610614798.
07-06 21:52:48.675  1894  2611 W QC2Interface: [avcD_990] Failed to query parameters
07-06 21:52:48.677  1894  2611 W QC2Interface: [avcD_990] Failed to query parameters
07-06 21:52:48.677  1894  2611 W QC2Interface: [avcD_990] Failed to query parameters
07-06 21:52:48.680  2649 21659 D Codec2-OutputBufferQueue: C2SurfaceSyncMemory created 20(20)
07-06 21:52:48.680  2649 21659 D Codec2-OutputBufferQueue: remote graphic buffer migration 0/0
07-06 21:52:48.680  1894  2611 W QC2Interface: [avcD_990] Few parameters failed to configure
07-06 21:52:48.680  2649 21659 D Codec2Client: setOutputSurface -- failed to set consumer usage (6/BAD_INDEX)
07-06 21:52:48.681  2649 21659 D Codec2Client: setOutputSurface -- generation=2712770 consumer usage=0x900 sync
07-06 21:52:48.681  1894  2611 D C2BqBuffer: local generation change 2712770 , bqId: 11377368372418 migrated buffers # 0
07-06 21:52:48.681  2649 21659 D Codec2Client: Surface configure completed
07-06 21:52:48.688  2649 21657 W ResourceManagerServiceUtils: Ignoring request to add new resource entry with value <= 0
07-06 21:52:48.688  1894  2611 W QC2Interface: [avcD_990] Failed to query parameters
07-06 21:52:48.690  2015  2142 D BatteryChargeControl: bcc get no support from charging protocol
07-06 21:52:48.690  2646  4772 D MediaBufferGroup: creating MemoryDealer
07-06 21:52:48.691  1890  1890 I [UAH_CLIENT]: UahPlatformResAcquire
07-06 21:52:48.691  1890  1890 I [UAH_CLIENT]: UahEventAcquire, cmdid:-3, pkg:1894 2611, identity:qcom-perfd
07-06 21:52:48.691 22225 19580 D Capacitor: Handling CapacitorHttp request: https://localhost/_capacitor_http_interceptor_?u=https%3A%2F%2Fitunes.apple.com%2Flookup%3Fid%3D1483480135%26entity%3Dalbum%26limit%3D100
07-06 21:52:48.692 22225 19580 I CapacitorCookies: Getting cookies at: 'https://itunes.apple.com/lookup?id=1483480135&entity=album&limit=100'
07-06 21:52:48.692  1890  2036 E ANDR-PERF-RESOURCEQS: ANDR-PERF-RESOURCEQS: AddAndApply() 125: Resource with major=16, minor=0 not supported
07-06 21:52:48.698  2649 21659 D Codec2-OutputBufferQueue: set max dequeue count 17 from update
07-06 21:52:48.699  5703  8119 D AppModule: onTriggerHookEvent: eventId=26, pid=19063, uid=10244, pkgName=com.oneplus.gallery
07-06 21:52:48.699  5703  8119 D SystemState: noteVideoStart,uid=10244, pid=19063
07-06 21:52:48.718  1890  1890 I [UAH_CLIENT]: UahPlatformResAcquire
07-06 21:52:48.718  1890  1890 I [UAH_CLIENT]: UahEventAcquire, cmdid:-3, pkg:1894 2611, identity:qcom-perfd
07-06 21:52:48.719  1890  2036 E ANDR-PERF-RESOURCEQS: ANDR-PERF-RESOURCEQS: AddAndApply() 125: Resource with major=16, minor=0 not supported
07-06 21:52:48.813  1890 21670 I [UAH_CLIENT]: UahRelease, handle:160361
07-06 21:52:48.867 21572 21572 I DMP-DMPWorkStateGlobalMonitor: dmp state idle,notify all observer
07-06 21:52:48.878  1894  4461 D BufferPoolAccessor2.0: evictor expired: 4, evicted: 0
07-06 21:52:48.879  2649 29747 D BufferPoolAccessor2.0: bufferpool2 0xb400007459f5ba28 : 0(0 size) total buffers - 0(0 size) used buffers - 43/54 (recycle/alloc) - 11/49 (fetch/transfer)
07-06 21:52:48.879  2649 29747 D BufferPoolAccessor2.0: evictor expired: 4, evicted: 1
07-06 21:52:48.902  1894  2611 D C2BqBuffer: configuring null producer: igbp_information(0)
07-06 21:52:48.903  1894 21661 V Codec2-DumpInput: [processLoop:L662]state:4
07-06 21:52:48.903  1894  2611 V Codec2-DumpInput: [stop:L476][c2.qti.avc.decoder_366] this:0xb4000074f96eb498
07-06 21:52:48.903  1890  1890 I [UAH_CLIENT]: UahPlatformResAcquire
07-06 21:52:48.903  1890  1890 I [UAH_CLIENT]: UahEventAcquire, cmdid:-3, pkg:1894 2611, identity:qcom-perfd
07-06 21:52:48.905  1890  2036 E ANDR-PERF-RESOURCEQS: ANDR-PERF-RESOURCEQS: AddAndApply() 125: Resource with major=16, minor=0 not supported
07-06 21:52:48.906  1894 21666 W QC2V4l2Decoder: [v4lavcD_990] Stopping buffer allocation as codec stopped
07-06 21:52:48.906  1894 21666 W QC2V4l2Decoder: [v4lavcD_990] Stopping buffer allocation as codec stopped
07-06 21:52:48.909  1894 21664 W QC2V4l2Codec: [v4lavcD_990] Queue outputs not allowed after stop
07-06 21:52:48.914  1894  2611 D BufferPoolAccessor2.0: Destruction - bufferpool2 0xb4000074f12d7828 cached: 0/0M, 0/0% in use; allocs: 28, 0% recycled; transfers: 0, 0% unfetched
07-06 21:52:48.915  1890  1890 I [UAH_CLIENT]: UahRelease, handle:160362
07-06 21:52:48.916  1890  1890 I [UAH_CLIENT]: UahRelease, handle:160363
07-06 21:52:48.917  1894  2611 D OplusToneMapperFilter: [release:L1042]
07-06 21:52:48.918  2649 21657 D SurfaceUtils: disconnecting from surface 0xb4000074502c1810, reason disconnectFromSurface
07-06 21:52:48.918  2649 21657 D BufferQueueProducer: [FrameDecoder](id:a59000014c2,api:3,p:2649,c:2649) disconnect: api 3
07-06 21:52:48.919  2649 21659 I hw-BpHwBinder: onLastStrongRef automatically unlinking death recipients
07-06 21:52:48.919  1894  2611 I hw-BpHwBinder: onLastStrongRef automatically unlinking death recipients
07-06 21:52:48.919  1894  2611 D Codec2-DumpInput: [~DumpInput:L424][c2.qti.avc.decoder_366] this:0xb4000074f96eb498
07-06 21:52:48.919  1894  2611 D OplusToneMapperFilter: [~OplusTonemapperFilter:L662]
07-06 21:52:48.920  1894  2611 D OplusDumpOutputFilter: [~OplusDumpOutputFilter:L316]
07-06 21:52:48.922  5703  8119 D AppModule: onTriggerHookEvent: eventId=27, pid=19063, uid=10244, pkgName=com.oneplus.gallery
07-06 21:52:48.922  5703  8119 D SystemState: noteVideoStop,uid=10244
07-06 21:52:48.923  2649  2722 D OplusAtlasMapsUtil: [~OplusAtlasMapsUtil][45]
07-06 21:52:48.924  2649 24222 D AtlasEventUploadUtils: setEvent event:atlas_event_video_monitor_network_switch
07-06 21:52:48.925  4627 10011 V OplusAtlasVideo: callback success event:atlas_event_video_monitor_network_switch eventInfo:STOP,2649,Key,-5476376647157772608
07-06 21:52:48.968 19063  8377 I transformer-lite: INFO: [lite_log.cpp:73->AutoLogLevelSetter] get min android log level: 1 and set lite log level to 1
07-06 21:52:48.968 19063  8377 I transformer-lite: INFO: [lite_engine.cpp:441->Run] begin engine run
07-06 21:52:48.968 19063  8377 I transformer-lite: INFO: [cl_rt_engine.cpp:211->Run] begin unexpose out tensor
07-06 21:52:48.969 19063  8377 I transformer-lite: INFO: [cl_rt_engine.cpp:213->Run] finish unexpose out tensor
07-06 21:52:48.969 19063  8377 I transformer-lite: INFO: [cl_rt_engine.cpp:243->Run] begin run kernels
07-06 21:52:48.970 19063  8377 I transformer-lite: INFO: [cl_rt_engine.cpp:249->Run] begin ExposeInTensor
07-06 21:52:48.970 19063  8377 I transformer-lite: INFO: [cl_rt_engine.cpp:251->Run] finish ExposeInTensor
07-06 21:52:48.980 19063  8377 I transformer-lite: INFO: [cl_rt_engine.cpp:255->Run] finish WaitRunFinish
07-06 21:52:48.980 19063  8377 I transformer-lite: INFO: [lite_engine.cpp:456->Run] finish engine run
07-06 21:52:48.980 19063  8377 I transformer-lite: INFO: [lite_log.cpp:79->~AutoLogLevelSetter] recover min android log level: 1
07-06 21:52:48.982 19063  8377 D VideoFrameExtractor: extractFrames, timeUs:8000000
07-06 21:52:48.986  2649  2722 D BufferQueueConsumer: [FrameDecoder](id:a59000014c3,api:0,p:-1,c:2649) connect: controlledByApp=false
07-06 21:52:48.986  2649  2722 W libc    : Access denied finding property "vendor.display.enable_optimal_refresh_rate"
07-06 21:52:48.987  2649  2722 W libc    : Access denied finding property "vendor.debug.stagefright.mediacodec.trace"
07-06 21:52:48.987  2649  2722 W libc    : Access denied finding property "persist.vendor.media.c2.frameworks.buffercount.trace"
07-06 21:52:48.987  2649  2722 W libc    : Access denied finding property "persist.vendor.media.c2.frameworks.buffercount.trace"
07-06 21:52:48.987  2649  2722 W libc    : Access denied finding property "persist.vendor.media.c2.frameworks.buffercount.trace"
07-06 21:52:48.987  2649  2722 W libc    : Access denied finding property "persist.vendor.media.c2.frameworks.buffercount.trace"
07-06 21:52:48.987  2656  2716 D AtlasService: Update top activity name: mUpdateActivityTime=207382985 currentTime=207383768 isSetEvent=0
07-06 21:52:48.991  4627 10011 V OplusAtlasVideo: callback success event:atlas_event_video_update_top_activity eventInfo:
07-06 21:52:48.994  1894  2611 I vendor.qti.media.c2@1.0-service: missing struct descriptor #Param::CoreIndex(--002) for field mastering of struct #Param::CoreIndex(--180a)
07-06 21:52:48.994  1894  2611 I vendor.qti.media.c2@1.0-service: missing struct descriptor #Param::CoreIndex(-V8002) for field portConfigs of struct #Param::CoreIndex(FV1a100)
07-06 21:52:48.994  1894  2611 I vendor.qti.media.c2@1.0-service: missing struct descriptor #Param::CoreIndex(-V8002) for field portConfigs of struct #Param::CoreIndex(FV1a100)
07-06 21:52:48.995  1894  2611 D OplusDumpOutputFilter: [OutputBlockPoolSetter:L163]C2PortBlockPoolsTuning:1
07-06 21:52:48.995  1894  2611 I vendor.qti.media.c2@1.0-service: missing struct descriptor #Param::CoreIndex(--002) for field mastering of struct #Param::CoreIndex(--180a)
07-06 21:52:48.995  1894  2611 I vendor.qti.media.c2@1.0-service: missing struct descriptor #Param::CoreIndex(--002) for field mastering of struct #Param::CoreIndex(--180a)
07-06 21:52:48.995  1894  2611 D OplusDumpOutputFilter: [OplusDumpOutputFilter:L308]
07-06 21:52:48.995  1894  2611 I Codec2-OplusFilterWrapper: createFilters: c2.oplus.dumpoutput.filter
07-06 21:52:48.996  1894  2611 D OplusToneMapperFilter: [OutputBlockPoolSetter:L282]C2PortBlockPoolsTuning:1
07-06 21:52:48.996  1894  2611 I vendor.qti.media.c2@1.0-service: missing struct descriptor #Param::CoreIndex(--002) for field mastering of struct #Param::CoreIndex(--180a)
07-06 21:52:48.996  1894  2611 I vendor.qti.media.c2@1.0-service: missing struct descriptor #Param::CoreIndex(--002) for field mastering of struct #Param::CoreIndex(--180a)
07-06 21:52:48.996  1894  2611 D OplusToneMapperFilter: [OutputColorAspectsSetter:L342]:[0],[0],[0]
07-06 21:52:48.996  1894  2611 D OplusToneMapperFilter: [OplusTonemapFilterEnableSetter:L376]EnableSetter input:0
07-06 21:52:48.996  1894  2611 D OplusToneMapperFilter: [OplusTonemapFilterEnableSetter:L378]EnableSetter packageName:
07-06 21:52:48.996  1894  2611 D OplusToneMapperFilter: [OplusTonemapperFilter:L576]
07-06 21:52:48.996  1894  2611 I Codec2-OplusFilterWrapper: createFilters: c2.oplus.tone-mapper
07-06 21:52:48.996  1894  2611 I vendor.qti.media.c2@1.0-service: missing struct descriptor #Param::CoreIndex(--002) for field mastering of struct #Param::CoreIndex(--180a)
07-06 21:52:48.996  1894  2611 I Codec2-OplusFilterWrapper: createFilters: c2.video.vpp.filter
07-06 21:52:48.996  1894  2611 I Codec2-OplusFilterWrapper: WrappedDecoder:[c2.qti.avc.decoder] Filter:[c2.oplus.dumpoutput.filter_c2.oplus.tone-mapper_c2.video.vpp.filter_]
07-06 21:52:48.996  1894  2611 D OplusToneMapperFilter: [IsFilteringEnabled:L531] not requestEnable,disable
07-06 21:52:48.996  1894  2611 D Codec2-DumpInput: [DumpInput:L388][c2.qti.avc.decoder_367] this:0xb4000074f96eb0d8
07-06 21:52:48.996  1894  2611 I Codec2-OplusFilterWrapper: maybeWrapComponent Decoder :[c2.qti.avc.decoder] Filter:[c2.oplus.dumpoutput.filter_c2.oplus.tone-mapper_c2.video.vpp.filter_]
07-06 21:52:48.997  4627 10011 D OplusAtlasVideo: Update top activity name: .MainActivity
07-06 21:52:48.998  1894  2611 W QC2Interface: [avcD_991] Failed to query parameters
07-06 21:52:48.998  2649 21681 D CCodecConfig: read media type: video/avc
07-06 21:52:48.999  2649 21681 D ReflectedParamUpdater: extent() != 1 for single value type: output.buffers.pool-ids.values
07-06 21:52:49.001  2649 21681 D ReflectedParamUpdater: extent() != 1 for single value type: output.subscribed-indices.values
07-06 21:52:49.001  2649 21681 D ReflectedParamUpdater: ignored struct field vendor.output.configs.portConfigs
07-06 21:52:49.004  2649 21681 D ReflectedParamUpdater: extent() != 1 for single value type: vendor.qti-ext-transcode-info-stats.stats_info
07-06 21:52:49.008  2649 21681 D ReflectedParamUpdater: extent() != 1 for single value type: vendor.qti-ext-vpp-extradata.extradata-types
07-06 21:52:49.009  2649 21681 D ReflectedParamUpdater: ignored struct field vendor.input.configs.portConfigs
07-06 21:52:49.010  2649 21681 D ReflectedParamUpdater: Could not describe oplus.tonemap.filter
07-06 21:52:49.010  2649 21681 D ReflectedParamUpdater: Could not describe oplus.vpp.is.ff.mode
07-06 21:52:49.010  2649 21681 D ReflectedParamUpdater: Could not describe oplus.vpp.white.list
07-06 21:52:49.010  2649 21681 D ReflectedParamUpdater: Could not describe oplus.vpp.inputdelay
07-06 21:52:49.011  2649 21681 D ReflectedParamUpdater: Could not describe oplus.switch.by.app
07-06 21:52:49.011  2649 21681 D CCodecConfig: ignoring local param raw.size (0xd2001800) as it is already supported
07-06 21:52:49.011  2649 21681 D CCodecConfig: ignoring local param default.color (0x5200180b) as it is already supported
07-06 21:52:49.011  2649 21681 D CCodecConfig: ignoring local param raw.hdr-static-info (0xd200180a) as it is already supported
07-06 21:52:49.011  1894  4473 D OplusToneMapperFilter: [IsFilteringEnabled:L531] not requestEnable,disable
07-06 21:52:49.011  1894  4473 D OplusToneMapperFilter: [IsFilteringEnabled:L531] not requestEnable,disable
07-06 21:52:49.012  1894  4473 W QC2Interface: [avcD_991] Failed to query parameters
07-06 21:52:49.012  2649 21681 I CCodecConfig: query failed after returning 17 values (BAD_INDEX)
07-06 21:52:49.012  2649 21681 W ColorUtils: expected specified color aspects (0:0:0:0)
07-06 21:52:49.013  2649  2722 W ServiceManagerCppClient: Failed to get isDeclared for media_quality: Status(-1, EX_SECURITY): 'SELinux denied for service.'
07-06 21:52:49.014  2649 21679 D SurfaceUtils: connecting to surface 0xb4000074502c1810, reason connectToSurface
07-06 21:52:49.014  2649 21679 D BufferQueueProducer: [FrameDecoder](id:a59000014c3,api:3,p:2649,c:2649) connect: api=3 producerControlledByApp=false
07-06 21:52:49.014  2649 21679 D SurfaceUtils: disconnecting from surface 0xb4000074502c1810, reason connectToSurface(reconnect)
07-06 21:52:49.014  2649 21679 D BufferQueueProducer: [FrameDecoder](id:a59000014c3,api:3,p:2649,c:2649) disconnect: api 3
07-06 21:52:49.014  2649 21679 D SurfaceUtils: connecting to surface 0xb4000074502c1800, reason connectToSurface(reconnect-with-listener)
07-06 21:52:49.014  2649 21679 D BufferQueueProducer: [FrameDecoder](id:a59000014c3,api:3,p:2649,c:2649) connect: api=3 producerControlledByApp=false
07-06 21:52:49.014  2649 21679 D OplusAtlasMapsUtil: [doParser:67]ctype:1,platform:1,uid:1013,pid:2649,pkg:/system/bin/mediaserver
07-06 21:52:49.014  2678  2741 D MMListService: [insertToMultiMaps:456]update module:sr-osie-whitelist-new,ret:0,value:
07-06 21:52:49.015  2649 21680 D OplusMediaMonitor: codecSessionKey: -5476376647156506624, codecSessionInfo: b4000074503a4800
07-06 21:52:49.017  1894  4473 D OplusToneMapperFilter: [IsFilteringEnabled:L531] not requestEnable,disable
07-06 21:52:49.017  1894  4473 D OplusToneMapperFilter: [IsFilteringEnabled:L531] not requestEnable,disable
07-06 21:52:49.017  1894  4473 D OplusToneMapperFilter: [IsFilteringEnabled:L531] not requestEnable,disable
07-06 21:52:49.017  1894  4473 D OplusToneMapperFilter: [IsFilteringEnabled:L531] not requestEnable,disable
07-06 21:52:49.018  2649 24222 D AtlasEventUploadUtils: setEvent event:atlas_event_video_monitor_network_switch
07-06 21:52:49.018  1894  4473 W QC2Interface: [avcD_991] Failed to query parameters
07-06 21:52:49.018  2649 21681 W Codec2Client: query -- param skipped: index = 1107298332.
07-06 21:52:49.018  2649 21681 W CCodec  : This behavior is subject to change. It is recommended that app developers double check whether the requested max input size is in reasonable range.
07-06 21:52:49.018  1894  4473 W QC2Interface: [avcD_991] Failed to query parameters
07-06 21:52:49.018  2649 21681 I CCodecConfig: query failed after returning 19 values (BAD_INDEX)
07-06 21:52:49.018  1894  4473 W QC2Interface: [avcD_991] Failed to query parameters
07-06 21:52:49.019  2649 21681 E mediaserver: Failed to query component interface for required system resources: 6
07-06 21:52:49.019  4627 10011 V OplusAtlasVideo: callback success event:atlas_event_video_monitor_network_switch eventInfo:START,2649,Key,-5476376647156506624,Component,c2.qti.avc.decoder,Width,576,Height,1024,IsMediaPlayer,1
07-06 21:52:49.019  1894  4473 D OplusToneMapperFilter: [IsFilteringEnabled:L531] not requestEnable,disable
07-06 21:52:49.020  1894  4473 V Codec2-DumpInput: [start:L443][c2.qti.avc.decoder_367] this:0xb4000074f96eb0d8
07-06 21:52:49.020  1894 21684 V Codec2-DumpInput: [processLoop:L652][c2.qti.avc.decoder_367]thread Start.this:0xb4000074f96eb0d8
07-06 21:52:49.020  2649 21680 I OplusMediaMonitor-VideoStutterObserver: IsAppInScoreSupportList:0 isDecoder:1 scorecalcValue:1, no need connect Network
07-06 21:52:49.020  1890  1890 I [UAH_CLIENT]: UahPlatformResAcquire
07-06 21:52:49.020  1890  1890 I [UAH_CLIENT]: UahEventAcquire, cmdid:-3, pkg:1894 4473, identity:qcom-perfd
07-06 21:52:49.023  1890  2036 E ANDR-PERF-RESOURCEQS: ANDR-PERF-RESOURCEQS: AddAndApply() 125: Resource with major=16, minor=0 not supported
07-06 21:52:49.023  2649 21680 D OplusMediaMonitor-VideoJointMediaTurboObserver: [initEncDecParams][157] mts-video-decoder-statistics ret=0 uid=1013 listPrjname=
07-06 21:52:49.023  1894  4473 E QC2Comp : [avcD_991] configureIntf failed 95
07-06 21:52:49.024  1894 21689 E QC2V4l2Codec: [v4lavcD_991]  ? is not a supported pixel format!
07-06 21:52:49.026  2649 29748 D BufferPoolAccessor2.0: Destruction - bufferpool2 0xb400007459f5ba28 cached: 0/0M, 0/0% in use; allocs: 54, 80% recycled; transfers: 49, 78% unfetched
07-06 21:52:49.029  1894  4473 W QC2Interface: [avcD_991] Failed to query parameters
07-06 21:52:49.029  1890  1890 I [UAH_CLIENT]: UahRelease, handle:160364
07-06 21:52:49.029  1894  4473 W QC2Interface: [avcD_991] Failed to query parameters
07-06 21:52:49.029  2649 21681 W Codec2Client: query -- param skipped: index = 1342179345.
07-06 21:52:49.029  2649 21681 W Codec2Client: query -- param skipped: index = 2415921170.
07-06 21:52:49.030  2649 21681 W Codec2Client: query -- param skipped: index = 1610614798.
07-06 21:52:49.030  1894  4473 W QC2Interface: [avcD_991] Failed to query parameters
07-06 21:52:49.031  1894  4473 W QC2Interface: [avcD_991] Failed to query parameters
07-06 21:52:49.031  1894  4473 W QC2Interface: [avcD_991] Failed to query parameters
07-06 21:52:49.032  2649 21681 D Codec2-OutputBufferQueue: C2SurfaceSyncMemory created 20(20)
07-06 21:52:49.032  2649 21681 D Codec2-OutputBufferQueue: remote graphic buffer migration 0/0
07-06 21:52:49.032  1894  4473 W QC2Interface: [avcD_991] Few parameters failed to configure
07-06 21:52:49.032  2649 21681 D Codec2Client: setOutputSurface -- failed to set consumer usage (6/BAD_INDEX)
07-06 21:52:49.032  2649 21681 D Codec2Client: setOutputSurface -- generation=2712771 consumer usage=0x900 sync
07-06 21:52:49.033  1894  4473 D C2BqBuffer: local generation change 2712771 , bqId: 11377368372419 migrated buffers # 0
07-06 21:52:49.033  2649 21681 D Codec2Client: Surface configure completed
07-06 21:52:49.033  1894  4473 W QC2Interface: [avcD_991] Failed to query parameters
07-06 21:52:49.033  2649 21679 W ResourceManagerServiceUtils: Ignoring request to add new resource entry with value <= 0
07-06 21:52:49.033  2646  4772 D MediaBufferGroup: creating MemoryDealer
07-06 21:52:49.034  1890  1890 I [UAH_CLIENT]: UahPlatformResAcquire
07-06 21:52:49.035  1890  1890 I [UAH_CLIENT]: UahEventAcquire, cmdid:-3, pkg:1894 4473, identity:qcom-perfd
07-06 21:52:49.036  1890  2036 E ANDR-PERF-RESOURCEQS: ANDR-PERF-RESOURCEQS: AddAndApply() 125: Resource with major=16, minor=0 not supported
07-06 21:52:49.040  5703  8119 D AppModule: onTriggerHookEvent: eventId=26, pid=19063, uid=10244, pkgName=com.oneplus.gallery
07-06 21:52:49.040  5703  8119 D SystemState: noteVideoStart,uid=10244, pid=19063
07-06 21:52:49.040  2649 21681 D Codec2-OutputBufferQueue: set max dequeue count 11 from update
07-06 21:52:49.046  1894 21682 W QC2Comp : [avcD_991] Skipping empty output buffer
07-06 21:52:49.047  1894 21682 W QC2Comp : [avcD_991] Skipping empty output buffer
07-06 21:52:49.053  1894  4473 D C2BqBuffer: configuring null producer: igbp_information(0)
07-06 21:52:49.054  1894 21684 V Codec2-DumpInput: [processLoop:L662]state:4
07-06 21:52:49.054  1894  4473 V Codec2-DumpInput: [stop:L476][c2.qti.avc.decoder_367] this:0xb4000074f96eb0d8
07-06 21:52:49.054  1890  1890 I [UAH_CLIENT]: UahPlatformResAcquire
07-06 21:52:49.055  1890  1890 I [UAH_CLIENT]: UahEventAcquire, cmdid:-3, pkg:1894 4473, identity:qcom-perfd
07-06 21:52:49.055  1890  2036 E ANDR-PERF-RESOURCEQS: ANDR-PERF-RESOURCEQS: AddAndApply() 125: Resource with major=16, minor=0 not supported
07-06 21:52:49.057  2015  6827 D charge_time: type=sdp,reserve_soc=3,soc=85,ui_soc=88,current=43,avg=83,not_chg_cnt=5,stable_cnt=7,fcc=4678,fcc_ratio=91,delta=0,debug=0,region=12,ttf=11302(03:08:22),ui_ttf=4209(01:10:09)
--------- beginning of system
07-06 21:52:49.059  1446 20739 I keystore2: system/security/keystore2/watchdog/src/lib.rs:377 - Watchdog thread idle -> terminating. Have a great day.
07-06 21:52:49.060  1894  4473 D BufferPoolAccessor2.0: Destruction - bufferpool2 0xb4000074faced428 cached: 0/0M, 0/0% in use; allocs: 8, 0% recycled; transfers: 0, 0% unfetched
07-06 21:52:49.061  1890  1890 I [UAH_CLIENT]: UahRelease, handle:160366
07-06 21:52:49.062  1894  4473 D OplusToneMapperFilter: [release:L1042]
07-06 21:52:49.062  2649 21679 D SurfaceUtils: disconnecting from surface 0xb4000074502c1810, reason disconnectFromSurface
07-06 21:52:49.062 22225 19580 D Capacitor: Handling CapacitorHttp request: https://localhost/_capacitor_http_interceptor_?u=https%3A%2F%2Fitunes.apple.com%2Fsearch%3Fterm%3Dboomin%2Bsuperhero%26entity%3DmusicArtist%26limit%3D8
07-06 21:52:49.063  2649 21679 D BufferQueueProducer: [FrameDecoder](id:a59000014c3,api:3,p:2649,c:2649) disconnect: api 3
07-06 21:52:49.063  2649 21681 I hw-BpHwBinder: onLastStrongRef automatically unlinking death recipients
07-06 21:52:49.063  2649 21681 D BufferPoolAccessor2.0: Destruction - bufferpool2 0xb400007459f04c28 cached: 0/0M, 0/0% in use; allocs: 0, 0% recycled; transfers: 0, 0% unfetched
07-06 21:52:49.063  1894  4473 I hw-BpHwBinder: onLastStrongRef automatically unlinking death recipients
07-06 21:52:49.063  1894  4473 D Codec2-DumpInput: [~DumpInput:L424][c2.qti.avc.decoder_367] this:0xb4000074f96eb0d8
07-06 21:52:49.063  1894  4473 D OplusToneMapperFilter: [~OplusTonemapperFilter:L662]
07-06 21:52:49.063  1894  4473 D OplusDumpOutputFilter: [~OplusDumpOutputFilter:L316]
07-06 21:52:49.065  2649  2722 D OplusAtlasMapsUtil: [~OplusAtlasMapsUtil][45]
07-06 21:52:49.066  2649 24222 D AtlasEventUploadUtils: setEvent event:atlas_event_video_monitor_network_switch
07-06 21:52:49.067  5703  8119 D AppModule: onTriggerHookEvent: eventId=27, pid=19063, uid=10244, pkgName=com.oneplus.gallery
07-06 21:52:49.067  5703  8119 D SystemState: noteVideoStop,uid=10244
07-06 21:52:49.068  4627 10011 V OplusAtlasVideo: callback success event:atlas_event_video_monitor_network_switch eventInfo:STOP,2649,Key,-5476376647156506624
07-06 21:52:49.068 22225 19580 I CapacitorCookies: Getting cookies at: 'https://itunes.apple.com/search?term=boomin+superhero&entity=musicArtist&limit=8'
07-06 21:52:49.111 19063  8377 I transformer-lite: INFO: [lite_log.cpp:73->AutoLogLevelSetter] get min android log level: 1 and set lite log level to 1
07-06 21:52:49.111 19063  8377 I transformer-lite: INFO: [lite_engine.cpp:441->Run] begin engine run
07-06 21:52:49.111 19063  8377 I transformer-lite: INFO: [cl_rt_engine.cpp:211->Run] begin unexpose out tensor
07-06 21:52:49.111 19063  8377 I transformer-lite: INFO: [cl_rt_engine.cpp:213->Run] finish unexpose out tensor
07-06 21:52:49.112 19063  8377 I transformer-lite: INFO: [cl_rt_engine.cpp:243->Run] begin run kernels
07-06 21:52:49.113 19063  8377 I transformer-lite: INFO: [cl_rt_engine.cpp:249->Run] begin ExposeInTensor
07-06 21:52:49.113 19063  8377 I transformer-lite: INFO: [cl_rt_engine.cpp:251->Run] finish ExposeInTensor
07-06 21:52:49.121 19063  8377 I transformer-lite: INFO: [cl_rt_engine.cpp:255->Run] finish WaitRunFinish
07-06 21:52:49.121 19063  8377 I transformer-lite: INFO: [lite_engine.cpp:456->Run] finish engine run
07-06 21:52:49.121 19063  8377 I transformer-lite: INFO: [lite_log.cpp:79->~AutoLogLevelSetter] recover min android log level: 1
07-06 21:52:49.122 19063  8377 D VideoFrameExtractor: extractFrames, timeUs:9000000
07-06 21:52:49.128  2649  2722 D BufferQueueConsumer: [FrameDecoder](id:a59000014c4,api:0,p:-1,c:2649) connect: controlledByApp=false
07-06 21:52:49.128  2649  2722 W libc    : Access denied finding property "vendor.display.enable_optimal_refresh_rate"
07-06 21:52:49.129  2649  2722 W libc    : Access denied finding property "vendor.debug.stagefright.mediacodec.trace"
07-06 21:52:49.129  2649  2722 W libc    : Access denied finding property "persist.vendor.media.c2.frameworks.buffercount.trace"
07-06 21:52:49.129  2649  2722 W libc    : Access denied finding property "persist.vendor.media.c2.frameworks.buffercount.trace"
07-06 21:52:49.130  2649  2722 W libc    : Access denied finding property "persist.vendor.media.c2.frameworks.buffercount.trace"
07-06 21:52:49.130  2649  2722 W libc    : Access denied finding property "persist.vendor.media.c2.frameworks.buffercount.trace"
07-06 21:52:49.139  1894  4473 I vendor.qti.media.c2@1.0-service: missing struct descriptor #Param::CoreIndex(--002) for field mastering of struct #Param::CoreIndex(--180a)
07-06 21:52:49.139  1894  4473 I vendor.qti.media.c2@1.0-service: missing struct descriptor #Param::CoreIndex(-V8002) for field portConfigs of struct #Param::CoreIndex(FV1a100)
07-06 21:52:49.139  1894  4473 I vendor.qti.media.c2@1.0-service: missing struct descriptor #Param::CoreIndex(-V8002) for field portConfigs of struct #Param::CoreIndex(FV1a100)
07-06 21:52:49.140  1894  4473 D OplusDumpOutputFilter: [OutputBlockPoolSetter:L163]C2PortBlockPoolsTuning:1
07-06 21:52:49.140  1894  4473 I vendor.qti.media.c2@1.0-service: missing struct descriptor #Param::CoreIndex(--002) for field mastering of struct #Param::CoreIndex(--180a)
07-06 21:52:49.140  1894  4473 I vendor.qti.media.c2@1.0-service: missing struct descriptor #Param::CoreIndex(--002) for field mastering of struct #Param::CoreIndex(--180a)
07-06 21:52:49.140  1894  4473 D OplusDumpOutputFilter: [OplusDumpOutputFilter:L308]
07-06 21:52:49.141  1894  4473 I Codec2-OplusFilterWrapper: createFilters: c2.oplus.dumpoutput.filter
07-06 21:52:49.141  1894  4473 D OplusToneMapperFilter: [OutputBlockPoolSetter:L282]C2PortBlockPoolsTuning:1
07-06 21:52:49.141  1894  4473 I vendor.qti.media.c2@1.0-service: missing struct descriptor #Param::CoreIndex(--002) for field mastering of struct #Param::CoreIndex(--180a)
07-06 21:52:49.141  1894  4473 I vendor.qti.media.c2@1.0-service: missing struct descriptor #Param::CoreIndex(--002) for field mastering of struct #Param::CoreIndex(--180a)
07-06 21:52:49.141  1894  4473 D OplusToneMapperFilter: [OutputColorAspectsSetter:L342]:[0],[0],[0]
07-06 21:52:49.141  1894  4473 D OplusToneMapperFilter: [OplusTonemapFilterEnableSetter:L376]EnableSetter input:0
07-06 21:52:49.141  1894  4473 D OplusToneMapperFilter: [OplusTonemapFilterEnableSetter:L378]EnableSetter packageName:
07-06 21:52:49.141  1894  4473 D OplusToneMapperFilter: [OplusTonemapperFilter:L576]
07-06 21:52:49.141  1894  4473 I Codec2-OplusFilterWrapper: createFilters: c2.oplus.tone-mapper
07-06 21:52:49.142  1894  4473 I vendor.qti.media.c2@1.0-service: missing struct descriptor #Param::CoreIndex(--002) for field mastering of struct #Param::CoreIndex(--180a)
07-06 21:52:49.142  1894  4473 I Codec2-OplusFilterWrapper: createFilters: c2.video.vpp.filter
07-06 21:52:49.142  1894  4473 I Codec2-OplusFilterWrapper: WrappedDecoder:[c2.qti.avc.decoder] Filter:[c2.oplus.dumpoutput.filter_c2.oplus.tone-mapper_c2.video.vpp.filter_]
07-06 21:52:49.142  1894  4473 D OplusToneMapperFilter: [IsFilteringEnabled:L531] not requestEnable,disable
07-06 21:52:49.142  1894  4473 D Codec2-DumpInput: [DumpInput:L388][c2.qti.avc.decoder_368] this:0xb4000074f13f5f98
07-06 21:52:49.142  1894  4473 I Codec2-OplusFilterWrapper: maybeWrapComponent Decoder :[c2.qti.avc.decoder] Filter:[c2.oplus.dumpoutput.filter_c2.oplus.tone-mapper_c2.video.vpp.filter_]
07-06 21:52:49.145  1894  1894 W QC2Interface: [avcD_992] Failed to query parameters
07-06 21:52:49.145  2649 21704 D CCodecConfig: read media type: video/avc
07-06 21:52:49.146  2649 21704 D ReflectedParamUpdater: extent() != 1 for single value type: output.subscribed-indices.values
07-06 21:52:49.147  2649 21704 D ReflectedParamUpdater: ignored struct field vendor.output.configs.portConfigs
07-06 21:52:49.151  2649 21704 D ReflectedParamUpdater: extent() != 1 for single value type: vendor.qti-ext-transcode-info-stats.stats_info
07-06 21:52:49.157  1890 21695 I [UAH_CLIENT]: UahRelease, handle:160365
07-06 21:52:49.158  2649 21704 D ReflectedParamUpdater: extent() != 1 for single value type: vendor.qti-ext-vpp-extradata.extradata-types
07-06 21:52:49.159  2649 21704 D ReflectedParamUpdater: ignored struct field vendor.input.configs.portConfigs
07-06 21:52:49.161  2649 21704 D ReflectedParamUpdater: extent() != 1 for single value type: output.buffers.pool-ids.values
07-06 21:52:49.164  2649 21704 D ReflectedParamUpdater: Could not describe oplus.tonemap.filter
07-06 21:52:49.164  2649 21704 D ReflectedParamUpdater: Could not describe oplus.vpp.is.ff.mode
07-06 21:52:49.164  2649 21704 D ReflectedParamUpdater: Could not describe oplus.vpp.white.list
07-06 21:52:49.165  2649 21704 D ReflectedParamUpdater: Could not describe oplus.vpp.inputdelay
07-06 21:52:49.165  2649 21704 D ReflectedParamUpdater: Could not describe oplus.switch.by.app
07-06 21:52:49.165  2649 21704 D CCodecConfig: ignoring local param raw.size (0xd2001800) as it is already supported
07-06 21:52:49.165  2649 21704 D CCodecConfig: ignoring local param default.color (0x5200180b) as it is already supported
07-06 21:52:49.165  2649 21704 D CCodecConfig: ignoring local param raw.hdr-static-info (0xd200180a) as it is already supported
07-06 21:52:49.167  1894  4473 D OplusToneMapperFilter: [IsFilteringEnabled:L531] not requestEnable,disable
07-06 21:52:49.167  1894  4473 D OplusToneMapperFilter: [IsFilteringEnabled:L531] not requestEnable,disable
07-06 21:52:49.167  1894  4473 W QC2Interface: [avcD_992] Failed to query parameters
07-06 21:52:49.167  2649 21704 I CCodecConfig: query failed after returning 17 values (BAD_INDEX)
07-06 21:52:49.168  2649 21704 W ColorUtils: expected specified color aspects (0:0:0:0)
07-06 21:52:49.170  2649  2722 W ServiceManagerCppClient: Failed to get isDeclared for media_quality: Status(-1, EX_SECURITY): 'SELinux denied for service.'
07-06 21:52:49.170  2649 21702 D SurfaceUtils: connecting to surface 0xb4000074502c1810, reason connectToSurface
07-06 21:52:49.170  2649 21702 D BufferQueueProducer: [FrameDecoder](id:a59000014c4,api:3,p:2649,c:2649) connect: api=3 producerControlledByApp=false
07-06 21:52:49.170  2649 21702 D SurfaceUtils: disconnecting from surface 0xb4000074502c1810, reason connectToSurface(reconnect)
07-06 21:52:49.170  2649 21702 D BufferQueueProducer: [FrameDecoder](id:a59000014c4,api:3,p:2649,c:2649) disconnect: api 3
07-06 21:52:49.170  2649 21702 D SurfaceUtils: connecting to surface 0xb4000074502c1800, reason connectToSurface(reconnect-with-listener)
07-06 21:52:49.170  2649 21702 D BufferQueueProducer: [FrameDecoder](id:a59000014c4,api:3,p:2649,c:2649) connect: api=3 producerControlledByApp=false
07-06 21:52:49.171  2649 21702 D OplusAtlasMapsUtil: [doParser:67]ctype:1,platform:1,uid:1013,pid:2649,pkg:/system/bin/mediaserver
07-06 21:52:49.172  2678  2678 D MMListService: [insertToMultiMaps:456]update module:sr-osie-whitelist-new,ret:0,value:
07-06 21:52:49.173  2649 21703 D OplusMediaMonitor: codecSessionKey: -5476376647156497664, codecSessionInfo: b4000074503a4800
07-06 21:52:49.175  2649 24222 D AtlasEventUploadUtils: setEvent event:atlas_event_video_monitor_network_switch
07-06 21:52:49.176  2649 21703 I OplusMediaMonitor-VideoStutterObserver: IsAppInScoreSupportList:0 isDecoder:1 scorecalcValue:1, no need connect Network
07-06 21:52:49.176  1894  4473 D OplusToneMapperFilter: [IsFilteringEnabled:L531] not requestEnable,disable
07-06 21:52:49.176  1894  4473 D OplusToneMapperFilter: [IsFilteringEnabled:L531] not requestEnable,disable
07-06 21:52:49.177  4627 10011 V OplusAtlasVideo: callback success event:atlas_event_video_monitor_network_switch eventInfo:START,2649,Key,-5476376647156497664,Component,c2.qti.avc.decoder,Width,576,Height,1024,IsMediaPlayer,1
07-06 21:52:49.177  1894  4473 D OplusToneMapperFilter: [IsFilteringEnabled:L531] not requestEnable,disable
07-06 21:52:49.177  1894  4473 D OplusToneMapperFilter: [IsFilteringEnabled:L531] not requestEnable,disable
07-06 21:52:49.178  2649 21703 D OplusMediaMonitor-VideoJointMediaTurboObserver: [initEncDecParams][157] mts-video-decoder-statistics ret=0 uid=1013 listPrjname=
07-06 21:52:49.179  1894  4473 W QC2Interface: [avcD_992] Failed to query parameters
07-06 21:52:49.179  2649 21704 W Codec2Client: query -- param skipped: index = 1107298332.
07-06 21:52:49.179  2649 21704 W CCodec  : This behavior is subject to change. It is recommended that app developers double check whether the requested max input size is in reasonable range.
07-06 21:52:49.180  1894  4473 W QC2Interface: [avcD_992] Failed to query parameters
07-06 21:52:49.180  2649 21704 I CCodecConfig: query failed after returning 18 values (BAD_INDEX)
07-06 21:52:49.180  1894  4473 W QC2Interface: [avcD_992] Failed to query parameters
07-06 21:52:49.180  2649 21704 E mediaserver: Failed to query component interface for required system resources: 6
07-06 21:52:49.182  1894  4473 D OplusToneMapperFilter: [IsFilteringEnabled:L531] not requestEnable,disable
07-06 21:52:49.183  1894  4473 V Codec2-DumpInput: [start:L443][c2.qti.avc.decoder_368] this:0xb4000074f13f5f98
07-06 21:52:49.183  1894 21708 V Codec2-DumpInput: [processLoop:L652][c2.qti.avc.decoder_368]thread Start.this:0xb4000074f13f5f98
07-06 21:52:49.183  1890  1890 I [UAH_CLIENT]: UahPlatformResAcquire
07-06 21:52:49.183  1890  1890 I [UAH_CLIENT]: UahEventAcquire, cmdid:-3, pkg:1894 4473, identity:qcom-perfd
07-06 21:52:49.185  1890  2036 E ANDR-PERF-RESOURCEQS: ANDR-PERF-RESOURCEQS: AddAndApply() 125: Resource with major=16, minor=0 not supported
07-06 21:52:49.185  1894  4473 E QC2Comp : [avcD_992] configureIntf failed 95
07-06 21:52:49.188  1894 21711 E QC2V4l2Codec: [v4lavcD_992]  ? is not a supported pixel format!
07-06 21:52:49.195  1894  4473 W QC2Interface: [avcD_992] Failed to query parameters
07-06 21:52:49.196  1890  1890 I [UAH_CLIENT]: UahRelease, handle:160367
07-06 21:52:49.197  1894  4473 W QC2Interface: [avcD_992] Failed to query parameters
07-06 21:52:49.197  2649 21704 W Codec2Client: query -- param skipped: index = 1342179345.
07-06 21:52:49.197  2649 21704 W Codec2Client: query -- param skipped: index = 2415921170.
07-06 21:52:49.197  2649 21704 W Codec2Client: query -- param skipped: index = 1610614798.
07-06 21:52:49.199  1894  4473 W QC2Interface: [avcD_992] Failed to query parameters
07-06 21:52:49.201  1894  4473 W QC2Interface: [avcD_992] Failed to query parameters
07-06 21:52:49.201  1894  4473 W QC2Interface: [avcD_992] Failed to query parameters
07-06 21:52:49.204  2649 21704 D Codec2-OutputBufferQueue: C2SurfaceSyncMemory created 20(20)
07-06 21:52:49.204  2649 21704 D Codec2-OutputBufferQueue: remote graphic buffer migration 0/0
07-06 21:52:49.204  1894  4473 W QC2Interface: [avcD_992] Few parameters failed to configure
07-06 21:52:49.205  2649 21704 D Codec2Client: setOutputSurface -- failed to set consumer usage (6/BAD_INDEX)
07-06 21:52:49.205  2649 21704 D Codec2Client: setOutputSurface -- generation=2712772 consumer usage=0x900 sync
07-06 21:52:49.205  1894  4473 D C2BqBuffer: local generation change 2712772 , bqId: 11377368372420 migrated buffers # 0
07-06 21:52:49.206  2649 21704 D Codec2Client: Surface configure completed
07-06 21:52:49.217  2649 21702 W ResourceManagerServiceUtils: Ignoring request to add new resource entry with value <= 0
07-06 21:52:49.217  1894  4473 W QC2Interface: [avcD_992] Failed to query parameters
07-06 21:52:49.218  2646  4772 D MediaBufferGroup: creating MemoryDealer
07-06 21:52:49.221  1890  1890 I [UAH_CLIENT]: UahPlatformResAcquire
07-06 21:52:49.221  1890  1890 I [UAH_CLIENT]: UahEventAcquire, cmdid:-3, pkg:1894 4473, identity:qcom-perfd
07-06 21:52:49.223  1890  2036 E ANDR-PERF-RESOURCEQS: ANDR-PERF-RESOURCEQS: AddAndApply() 125: Resource with major=16, minor=0 not supported
07-06 21:52:49.232  5703  8119 D AppModule: onTriggerHookEvent: eventId=26, pid=19063, uid=10244, pkgName=com.oneplus.gallery
07-06 21:52:49.232  5703  8119 D SystemState: noteVideoStart,uid=10244, pid=19063
07-06 21:52:49.235  2649 21704 D Codec2-OutputBufferQueue: set max dequeue count 17 from update
07-06 21:52:49.255  1890  1890 I [UAH_CLIENT]: UahPlatformResAcquire
07-06 21:52:49.255  1890  1890 I [UAH_CLIENT]: UahEventAcquire, cmdid:-3, pkg:1894 4473, identity:qcom-perfd
07-06 21:52:49.256  1890  2036 E ANDR-PERF-RESOURCEQS: ANDR-PERF-RESOURCEQS: AddAndApply() 125: Resource with major=16, minor=0 not supported
07-06 21:52:49.265  2015  2140 D vendor.oplus.hardware.charger-V10-service: ret_value:123, read content:,316,316,4219,4218,-43,85,88,1,1,0,456,5000,88,0,4430,300,500,0,0,4500,0,0,1,0,2,0,0,0,1,5397,93,0,3936,4678,0,0,0,0,0,105
07-06 21:52:49.265  2015  2140 D vendor.oplus.hardware.charger-V10-service: gmtime: 2026-07-06-21-52-49
07-06 21:52:49.265  2015  2140 D vendor.oplus.hardware.charger-V10-service: usb_online:1, ac_online:-2147483648, wireless_online:0
07-06 21:52:49.343  1890 21717 I [UAH_CLIENT]: UahRelease, handle:160368
07-06 21:52:49.667  1894  4473 D C2BqBuffer: configuring null producer: igbp_information(0)
07-06 21:52:49.669  1894 21708 V Codec2-DumpInput: [processLoop:L662]state:4
07-06 21:52:49.670  1894  4473 V Codec2-DumpInput: [stop:L476][c2.qti.avc.decoder_368] this:0xb4000074f13f5f98
07-06 21:52:49.671  1890  1890 I [UAH_CLIENT]: UahPlatformResAcquire
07-06 21:52:49.671  1890  1890 I [UAH_CLIENT]: UahEventAcquire, cmdid:-3, pkg:1894 4473, identity:qcom-perfd
07-06 21:52:49.673  1894 21712 W QC2V4l2Decoder: [v4lavcD_992] Stopping buffer allocation as codec stopped
07-06 21:52:49.673  1890  2036 E ANDR-PERF-RESOURCEQS: ANDR-PERF-RESOURCEQS: AddAndApply() 125: Resource with major=16, minor=0 not supported
07-06 21:52:49.673  1894 21712 W QC2V4l2Decoder: [v4lavcD_992] Stopping buffer allocation as codec stopped
07-06 21:52:49.677  1894 21711 W QC2V4l2Codec: [v4lavcD_992] Queue outputs not allowed after stop
07-06 21:52:49.683  1894  4473 D BufferPoolAccessor2.0: Destruction - bufferpool2 0xb4000074facedc28 cached: 0/0M, 0/0% in use; allocs: 30, 0% recycled; transfers: 0, 0% unfetched
07-06 21:52:49.683  1890  1890 I [UAH_CLIENT]: UahRelease, handle:160369
07-06 21:52:49.685  1890  1890 I [UAH_CLIENT]: UahRelease, handle:160370
07-06 21:52:49.686  1894  4473 D OplusToneMapperFilter: [release:L1042]
07-06 21:52:49.686  2649 21702 D SurfaceUtils: disconnecting from surface 0xb4000074502c1810, reason disconnectFromSurface
07-06 21:52:49.686  2649 21702 D BufferQueueProducer: [FrameDecoder](id:a59000014c4,api:3,p:2649,c:2649) disconnect: api 3
07-06 21:52:49.687  2649 21704 I hw-BpHwBinder: onLastStrongRef automatically unlinking death recipients
07-06 21:52:49.688  1894  4473 I hw-BpHwBinder: onLastStrongRef automatically unlinking death recipients
07-06 21:52:49.688  1894  4473 D Codec2-DumpInput: [~DumpInput:L424][c2.qti.avc.decoder_368] this:0xb4000074f13f5f98
07-06 21:52:49.688  1894  4473 D OplusToneMapperFilter: [~OplusTonemapperFilter:L662]
07-06 21:52:49.688  1894  4473 D OplusDumpOutputFilter: [~OplusDumpOutputFilter:L316]
07-06 21:52:49.691  2015  2142 D BatteryChargeControl: bcc get no support from charging protocol
07-06 21:52:49.692  2649  2722 D OplusAtlasMapsUtil: [~OplusAtlasMapsUtil][45]
07-06 21:52:49.693  2649 24222 D AtlasEventUploadUtils: setEvent event:atlas_event_video_monitor_network_switch
07-06 21:52:49.693  4627 10011 V OplusAtlasVideo: callback success event:atlas_event_video_monitor_network_switch eventInfo:STOP,2649,Key,-5476376647156497664
07-06 21:52:49.693  5703  8119 D AppModule: onTriggerHookEvent: eventId=27, pid=19063, uid=10244, pkgName=com.oneplus.gallery
07-06 21:52:49.693  5703  8119 D SystemState: noteVideoStop,uid=10244
07-06 21:52:49.758 19063  8377 I transformer-lite: INFO: [lite_log.cpp:73->AutoLogLevelSetter] get min android log level: 1 and set lite log level to 1
07-06 21:52:49.758 19063  8377 I transformer-lite: INFO: [lite_engine.cpp:441->Run] begin engine run
07-06 21:52:49.758 19063  8377 I transformer-lite: INFO: [cl_rt_engine.cpp:211->Run] begin unexpose out tensor
07-06 21:52:49.758 19063  8377 I transformer-lite: INFO: [cl_rt_engine.cpp:213->Run] finish unexpose out tensor
07-06 21:52:49.758 19063  8377 I transformer-lite: INFO: [cl_rt_engine.cpp:243->Run] begin run kernels
07-06 21:52:49.759 19063  8377 I transformer-lite: INFO: [cl_rt_engine.cpp:249->Run] begin ExposeInTensor
07-06 21:52:49.759 19063  8377 I transformer-lite: INFO: [cl_rt_engine.cpp:251->Run] finish ExposeInTensor
07-06 21:52:49.769 19063  8377 I transformer-lite: INFO: [cl_rt_engine.cpp:255->Run] finish WaitRunFinish
07-06 21:52:49.769 19063  8377 I transformer-lite: INFO: [lite_engine.cpp:456->Run] finish engine run
07-06 21:52:49.769 19063  8377 I transformer-lite: INFO: [lite_log.cpp:79->~AutoLogLevelSetter] recover min android log level: 1
07-06 21:52:49.770 19063  8377 D VideoFrameExtractor: extractFrames, timeUs:10000000
07-06 21:52:49.778  2649  2722 D BufferQueueConsumer: [FrameDecoder](id:a59000014c5,api:0,p:-1,c:2649) connect: controlledByApp=false
07-06 21:52:49.778  2649  2722 W libc    : Access denied finding property "vendor.display.enable_optimal_refresh_rate"
07-06 21:52:49.779  2649  2722 W libc    : Access denied finding property "vendor.debug.stagefright.mediacodec.trace"
07-06 21:52:49.779  2649  2722 W libc    : Access denied finding property "persist.vendor.media.c2.frameworks.buffercount.trace"
07-06 21:52:49.779  2649  2722 W libc    : Access denied finding property "persist.vendor.media.c2.frameworks.buffercount.trace"
07-06 21:52:49.780  2649  2722 W libc    : Access denied finding property "persist.vendor.media.c2.frameworks.buffercount.trace"
07-06 21:52:49.780  2656  2716 D AtlasService: Update top activity name: mUpdateActivityTime=207383768 currentTime=207384561 isSetEvent=0
07-06 21:52:49.780  2649  2722 W libc    : Access denied finding property "persist.vendor.media.c2.frameworks.buffercount.trace"
07-06 21:52:49.783  4627 10011 V OplusAtlasVideo: callback success event:atlas_event_video_update_top_activity eventInfo:
07-06 21:52:49.789  1894  4473 I vendor.qti.media.c2@1.0-service: missing struct descriptor #Param::CoreIndex(--002) for field mastering of struct #Param::CoreIndex(--180a)
07-06 21:52:49.789  1894  4473 I vendor.qti.media.c2@1.0-service: missing struct descriptor #Param::CoreIndex(-V8002) for field portConfigs of struct #Param::CoreIndex(FV1a100)
07-06 21:52:49.789  1894  4473 I vendor.qti.media.c2@1.0-service: missing struct descriptor #Param::CoreIndex(-V8002) for field portConfigs of struct #Param::CoreIndex(FV1a100)
07-06 21:52:49.790  1894  4473 D OplusDumpOutputFilter: [OutputBlockPoolSetter:L163]C2PortBlockPoolsTuning:1
07-06 21:52:49.790  1894  4473 I vendor.qti.media.c2@1.0-service: missing struct descriptor #Param::CoreIndex(--002) for field mastering of struct #Param::CoreIndex(--180a)
07-06 21:52:49.790  1894  4473 I vendor.qti.media.c2@1.0-service: missing struct descriptor #Param::CoreIndex(--002) for field mastering of struct #Param::CoreIndex(--180a)
07-06 21:52:49.790  1894  4473 D OplusDumpOutputFilter: [OplusDumpOutputFilter:L308]
07-06 21:52:49.792  4627 10011 D OplusAtlasVideo: Update top activity name: .MainActivity
07-06 21:52:49.792  1894  4473 I Codec2-OplusFilterWrapper: createFilters: c2.oplus.dumpoutput.filter
07-06 21:52:49.793  1894  4473 D OplusToneMapperFilter: [OutputBlockPoolSetter:L282]C2PortBlockPoolsTuning:1
07-06 21:52:49.793  1894  4473 I vendor.qti.media.c2@1.0-service: missing struct descriptor #Param::CoreIndex(--002) for field mastering of struct #Param::CoreIndex(--180a)
07-06 21:52:49.793  1894  4473 I vendor.qti.media.c2@1.0-service: missing struct descriptor #Param::CoreIndex(--002) for field mastering of struct #Param::CoreIndex(--180a)
07-06 21:52:49.793  1894  4473 D OplusToneMapperFilter: [OutputColorAspectsSetter:L342]:[0],[0],[0]
