07-06 21:52:54.670 25021 25021 D BoundBrokerSvc: onBind: Intent { act=com.google.android.gms.onboardingconsent.api.ConsentManagerApiService.START dat=chimera-action:/... xflg=0x4 cmp=com.google.android.gms/.chimera.GmsApiService mCallingUid=10119 }
07-06 21:52:54.670 25021 25021 D BoundBrokerSvc: Loading bound service for intent: Intent { act=com.google.android.gms.onboardingconsent.api.ConsentManagerApiService.START dat=chimera-action:/... xflg=0x4 cmp=com.google.android.gms/.chimera.GmsApiService mCallingUid=10119 }
07-06 21:52:54.670  1854  1854 I sensors-hal: activate:116, qti.sensor.high_pwm_rgb/1701 en=0
07-06 21:52:54.670  1854  1854 I sensors-hal: config_connection:959, light_iface: config_connection type 0, on 0, result 0
07-06 21:52:54.670  1854  1854 I sensors-hal: delect_qmi_connection:931, light_iface: delect_qmi_connection
07-06 21:52:54.670  2649 21969 D ReflectedParamUpdater: ignored struct field vendor.output.configs.portConfigs
07-06 21:52:54.671  1854  1854 I sensors-hal: ~qsh_qmi:62, ~qsh_qmi
07-06 21:52:54.671  1854  1854 I sensors-hal: send_sync_sensor_request:445, send sync request
07-06 21:52:54.671  1854  1854 I sensors-hal: send_sync_sensor_request:455, send_sync_sensor_request before send_request for wise_rgb with SUID low=3900764143741002083 high=5859848608254341432
07-06 21:52:54.671  1854  1854 I sensors-hal: send_sync_sensor_request:475, wait for notification of response
07-06 21:52:54.672  1854 21798 I sensors-hal: qsh_conn_resp_cb:799, resp_value = 0 for wise_rgb 
07-06 21:52:54.673  1854  1854 I sensors-hal: send_sync_sensor_request:481, takes 1 ms to receive the response with 0
07-06 21:52:54.673  1854  1854 I sensors-hal: ~qsh_qmi:62, ~qsh_qmi
07-06 21:52:54.673  8419  8419 D BoundBrokerSvc: onRebind: Intent { act=com.google.android.gms.auth.aang.events.services.START dat=chimera-action:/... xflg=0x4 cmp=com.google.android.gms/.chimera.PersistentApiService mCallingUid=10255 }
07-06 21:52:54.673  1854  1854 I sensors-hal: activate:139, qti.sensor.high_pwm_rgb/1701 en=0 completed
07-06 21:52:54.673  3414  5458 D SensorServiceExtImpl: setLastEventStateForDisable reset the mRecentEvent handle = 1001
07-06 21:52:54.674  3414  5458 D SensorServiceExtImpl: disable reset the lastEvent handle = 1001 in disable
07-06 21:52:54.674  3414  4172 D SensorService: 12 active sensors
07-06 21:52:54.674  2649 21969 D ReflectedParamUpdater: extent() != 1 for single value type: vendor.qti-ext-transcode-info-stats.stats_info
07-06 21:52:54.674  3414  6028 D SensorService: ~SensorEventConnection(0xb40000732299a200)
07-06 21:52:54.676 25021 13433 I ConsentManagerApiServic: (REDACTED) ConsentManagerApiService onGetService success %s
07-06 21:52:54.680  2649 21969 D ReflectedParamUpdater: extent() != 1 for single value type: vendor.qti-ext-vpp-extradata.extradata-types
07-06 21:52:54.680  2649 21969 D ReflectedParamUpdater: ignored struct field vendor.input.configs.portConfigs
07-06 21:52:54.681  2649 21969 D ReflectedParamUpdater: extent() != 1 for single value type: output.buffers.pool-ids.values
07-06 21:52:54.683  2649 21969 D ReflectedParamUpdater: Could not describe oplus.tonemap.filter
07-06 21:52:54.684  2649 21969 D ReflectedParamUpdater: Could not describe oplus.vpp.is.ff.mode
07-06 21:52:54.684  2649 21969 D ReflectedParamUpdater: Could not describe oplus.vpp.white.list
07-06 21:52:54.684  2649 21969 D ReflectedParamUpdater: Could not describe oplus.vpp.inputdelay
07-06 21:52:54.684  2649 21969 D ReflectedParamUpdater: Could not describe oplus.switch.by.app
07-06 21:52:54.684  2649 21969 D CCodecConfig: ignoring local param raw.size (0xd2001800) as it is already supported
07-06 21:52:54.684  2649 21969 D CCodecConfig: ignoring local param default.color (0x5200180b) as it is already supported
07-06 21:52:54.684  2649 21969 D CCodecConfig: ignoring local param raw.hdr-static-info (0xd200180a) as it is already supported
07-06 21:52:54.685  1894  4476 D OplusToneMapperFilter: [IsFilteringEnabled:L531] not requestEnable,disable
07-06 21:52:54.685  1894  4476 D OplusToneMapperFilter: [IsFilteringEnabled:L531] not requestEnable,disable
07-06 21:52:54.685  1894  4476 W QC2Interface: [avcD_999] Failed to query parameters
07-06 21:52:54.685  2649 21969 I CCodecConfig: query failed after returning 17 values (BAD_INDEX)
07-06 21:52:54.686  2649 21969 W ColorUtils: expected specified color aspects (0:0:0:0)
07-06 21:52:54.687  2649  2722 W ServiceManagerCppClient: Failed to get isDeclared for media_quality: Status(-1, EX_SECURITY): 'SELinux denied for service.'
07-06 21:52:54.687  2649 21967 D SurfaceUtils: connecting to surface 0xb4000074502c0610, reason connectToSurface
07-06 21:52:54.687  2649 21967 D BufferQueueProducer: [FrameDecoder](id:a59000014cb,api:3,p:2649,c:2649) connect: api=3 producerControlledByApp=false
07-06 21:52:54.687  2649 21967 D SurfaceUtils: disconnecting from surface 0xb4000074502c0610, reason connectToSurface(reconnect)
07-06 21:52:54.687  2649 21967 D BufferQueueProducer: [FrameDecoder](id:a59000014cb,api:3,p:2649,c:2649) disconnect: api 3
07-06 21:52:54.687  2649 21967 D SurfaceUtils: connecting to surface 0xb4000074502c0600, reason connectToSurface(reconnect-with-listener)
07-06 21:52:54.687  2649 21967 D BufferQueueProducer: [FrameDecoder](id:a59000014cb,api:3,p:2649,c:2649) connect: api=3 producerControlledByApp=false
07-06 21:52:54.687  2649 21967 D OplusAtlasMapsUtil: [doParser:67]ctype:1,platform:1,uid:1013,pid:2649,pkg:/system/bin/mediaserver
07-06 21:52:54.687  2678  2678 D MMListService: [insertToMultiMaps:456]update module:sr-osie-whitelist-new,ret:0,value:
07-06 21:52:54.688  2649 21968 D OplusMediaMonitor: codecSessionKey: -5476376647156491584, codecSessionInfo: b400007450303000
07-06 21:52:54.689  2649 21968 I OplusMediaMonitor-VideoStutterObserver: IsAppInScoreSupportList:0 isDecoder:1 scorecalcValue:1, no need connect Network
07-06 21:52:54.689  2649 24222 D AtlasEventUploadUtils: setEvent event:atlas_event_video_monitor_network_switch
07-06 21:52:54.689  2649 21968 D OplusMediaMonitor-VideoJointMediaTurboObserver: [initEncDecParams][157] mts-video-decoder-statistics ret=0 uid=1013 listPrjname=
07-06 21:52:54.689  1894  4476 D OplusToneMapperFilter: [IsFilteringEnabled:L531] not requestEnable,disable
07-06 21:52:54.689  1894  4476 D OplusToneMapperFilter: [IsFilteringEnabled:L531] not requestEnable,disable
07-06 21:52:54.689  4627 10011 V OplusAtlasVideo: callback success event:atlas_event_video_monitor_network_switch eventInfo:START,2649,Key,-5476376647156491584,Component,c2.qti.avc.decoder,Width,720,Height,1280,IsMediaPlayer,1
07-06 21:52:54.689  1894  4476 D OplusToneMapperFilter: [IsFilteringEnabled:L531] not requestEnable,disable
07-06 21:52:54.689  1894  4476 D OplusToneMapperFilter: [IsFilteringEnabled:L531] not requestEnable,disable
07-06 21:52:54.690  1894  4476 W QC2Interface: [avcD_999] Failed to query parameters
07-06 21:52:54.690  2649 21969 W Codec2Client: query -- param skipped: index = 1107298332.
07-06 21:52:54.690  2649 21969 W CCodec  : This behavior is subject to change. It is recommended that app developers double check whether the requested max input size is in reasonable range.
07-06 21:52:54.690  1894  4476 W QC2Interface: [avcD_999] Failed to query parameters
07-06 21:52:54.690  2649 21969 I CCodecConfig: query failed after returning 19 values (BAD_INDEX)
07-06 21:52:54.690  1894  4476 W QC2Interface: [avcD_999] Failed to query parameters
07-06 21:52:54.690  2649 21969 E mediaserver: Failed to query component interface for required system resources: 6
07-06 21:52:54.691  1894  4476 D OplusToneMapperFilter: [IsFilteringEnabled:L531] not requestEnable,disable
07-06 21:52:54.691  1894  4476 V Codec2-DumpInput: [start:L443][c2.qti.avc.decoder_375] this:0xb4000074f13f65d8
07-06 21:52:54.691  1894 21974 V Codec2-DumpInput: [processLoop:L652][c2.qti.avc.decoder_375]thread Start.this:0xb4000074f13f65d8
07-06 21:52:54.691  1890  1890 I [UAH_CLIENT]: UahPlatformResAcquire
07-06 21:52:54.691  1890  1890 I [UAH_CLIENT]: UahEventAcquire, cmdid:-3, pkg:1894 4476, identity:qcom-perfd
07-06 21:52:54.692  1890  2036 E ANDR-PERF-RESOURCEQS: ANDR-PERF-RESOURCEQS: AddAndApply() 125: Resource with major=16, minor=0 not supported
07-06 21:52:54.692  1894  4476 E QC2Comp : [avcD_999] configureIntf failed 95
07-06 21:52:54.693  1894 21977 E QC2V4l2Codec: [v4lavcD_999]  ? is not a supported pixel format!
07-06 21:52:54.694  2649 29763 D BufferPoolAccessor2.0: bufferpool2 0xb400007459f04c28 : 0(0 size) total buffers - 0(0 size) used buffers - 119/130 (recycle/alloc) - 11/126 (fetch/transfer)
07-06 21:52:54.694  2649 29763 D BufferPoolAccessor2.0: Destruction - bufferpool2 0xb400007459f04c28 cached: 0/0M, 0/0% in use; allocs: 130, 92% recycled; transfers: 126, 91% unfetched
07-06 21:52:54.695  1894  4476 W QC2Interface: [avcD_999] Failed to query parameters
07-06 21:52:54.695  1890  1890 I [UAH_CLIENT]: UahRelease, handle:160392
07-06 21:52:54.696  1894  4476 W QC2Interface: [avcD_999] Failed to query parameters
07-06 21:52:54.696  2649 21969 W Codec2Client: query -- param skipped: index = 1342179345.
07-06 21:52:54.696  2649 21969 W Codec2Client: query -- param skipped: index = 2415921170.
07-06 21:52:54.696  2649 21969 W Codec2Client: query -- param skipped: index = 1610614798.
07-06 21:52:54.696  1894  4476 W QC2Interface: [avcD_999] Failed to query parameters
07-06 21:52:54.697  1894  4476 W QC2Interface: [avcD_999] Failed to query parameters
07-06 21:52:54.697  1894  4476 W QC2Interface: [avcD_999] Failed to query parameters
07-06 21:52:54.697  2015  2142 D BatteryChargeControl: bcc get no support from charging protocol
07-06 21:52:54.698  2649 21969 D Codec2-OutputBufferQueue: C2SurfaceSyncMemory created 20(20)
07-06 21:52:54.698  2649 21969 D Codec2-OutputBufferQueue: remote graphic buffer migration 0/0
07-06 21:52:54.698  1894  4476 W QC2Interface: [avcD_999] Few parameters failed to configure
07-06 21:52:54.698  2649 21969 D Codec2Client: setOutputSurface -- failed to set consumer usage (6/BAD_INDEX)
07-06 21:52:54.698  2649 21969 D Codec2Client: setOutputSurface -- generation=2712779 consumer usage=0x900 sync
07-06 21:52:54.699  1894  4476 D C2BqBuffer: local generation change 2712779 , bqId: 11377368372427 migrated buffers # 0
07-06 21:52:54.699  2649 21969 D Codec2Client: Surface configure completed
07-06 21:52:54.699  2649 21967 W ResourceManagerServiceUtils: Ignoring request to add new resource entry with value <= 0
07-06 21:52:54.699  1894  4476 W QC2Interface: [avcD_999] Failed to query parameters
07-06 21:52:54.699  2646  4772 D MediaBufferGroup: creating MemoryDealer
07-06 21:52:54.700  1890  1890 I [UAH_CLIENT]: UahPlatformResAcquire
07-06 21:52:54.700  1890  1890 I [UAH_CLIENT]: UahEventAcquire, cmdid:-3, pkg:1894 4476, identity:qcom-perfd
07-06 21:52:54.701  1890  2036 E ANDR-PERF-RESOURCEQS: ANDR-PERF-RESOURCEQS: AddAndApply() 125: Resource with major=16, minor=0 not supported
07-06 21:52:54.705  2649 21969 D Codec2-OutputBufferQueue: set max dequeue count 11 from update
07-06 21:52:54.705  5703  8119 D AppModule: onTriggerHookEvent: eventId=26, pid=19063, uid=10244, pkgName=com.oneplus.gallery
07-06 21:52:54.705  5703  8119 D SystemState: noteVideoStart,uid=10244, pid=19063
07-06 21:52:54.711  1894 21970 W QC2Comp : [avcD_999] Skipping empty output buffer
07-06 21:52:54.711  1894 21970 W QC2Comp : [avcD_999] Skipping empty output buffer
07-06 21:52:54.716  8419 19237 I TFLite-in-PlayServices: Created interpreter.
07-06 21:52:54.716  1894  4476 D C2BqBuffer: configuring null producer: igbp_information(0)
07-06 21:52:54.717  1894 21974 V Codec2-DumpInput: [processLoop:L662]state:4
07-06 21:52:54.717  1894  4476 V Codec2-DumpInput: [stop:L476][c2.qti.avc.decoder_375] this:0xb4000074f13f65d8
07-06 21:52:54.717  1890  1890 I [UAH_CLIENT]: UahPlatformResAcquire
07-06 21:52:54.717  1890  1890 I [UAH_CLIENT]: UahEventAcquire, cmdid:-3, pkg:1894 4476, identity:qcom-perfd
07-06 21:52:54.718  1890  2036 E ANDR-PERF-RESOURCEQS: ANDR-PERF-RESOURCEQS: AddAndApply() 125: Resource with major=16, minor=0 not supported
07-06 21:52:54.721  1894  4476 D BufferPoolAccessor2.0: Destruction - bufferpool2 0xb4000074f12df228 cached: 0/0M, 0/0% in use; allocs: 8, 0% recycled; transfers: 0, 0% unfetched
07-06 21:52:54.722  1890  1890 I [UAH_CLIENT]: UahRelease, handle:160394
07-06 21:52:54.722  1894  4476 D OplusToneMapperFilter: [release:L1042]
07-06 21:52:54.723  2649 21967 D SurfaceUtils: disconnecting from surface 0xb4000074502c0610, reason disconnectFromSurface
07-06 21:52:54.723  2649 21967 D BufferQueueProducer: [FrameDecoder](id:a59000014cb,api:3,p:2649,c:2649) disconnect: api 3
07-06 21:52:54.723  2649 21969 I hw-BpHwBinder: onLastStrongRef automatically unlinking death recipients
07-06 21:52:54.723  1894  4476 I hw-BpHwBinder: onLastStrongRef automatically unlinking death recipients
07-06 21:52:54.723  2649 21969 D BufferPoolAccessor2.0: Destruction - bufferpool2 0xb400007459f17228 cached: 0/0M, 0/0% in use; allocs: 0, 0% recycled; transfers: 0, 0% unfetched
07-06 21:52:54.723  1894  4476 D Codec2-DumpInput: [~DumpInput:L424][c2.qti.avc.decoder_375] this:0xb4000074f13f65d8
07-06 21:52:54.723  1894  4476 D OplusToneMapperFilter: [~OplusTonemapperFilter:L662]
07-06 21:52:54.723  1894  4476 D OplusDumpOutputFilter: [~OplusDumpOutputFilter:L316]
07-06 21:52:54.724  5703  8119 D AppModule: onTriggerHookEvent: eventId=27, pid=19063, uid=10244, pkgName=com.oneplus.gallery
07-06 21:52:54.724  5703  8119 D SystemState: noteVideoStop,uid=10244
07-06 21:52:54.725  2649  2722 D OplusAtlasMapsUtil: [~OplusAtlasMapsUtil][45]
07-06 21:52:54.725  2649 24222 D AtlasEventUploadUtils: setEvent event:atlas_event_video_monitor_network_switch
07-06 21:52:54.726  8419 19237 I TFLite-in-PlayServices: Created interpreter.
07-06 21:52:54.726  4627 10011 V OplusAtlasVideo: callback success event:atlas_event_video_monitor_network_switch eventInfo:STOP,2649,Key,-5476376647156491584
07-06 21:52:54.730  8419 19237 I SemanticLocation: (REDACTED) [Inferrer] %s%s
07-06 21:52:54.764 19063  8377 I transformer-lite: INFO: [lite_log.cpp:73->AutoLogLevelSetter] get min android log level: 1 and set lite log level to 1
07-06 21:52:54.764 19063  8377 I transformer-lite: INFO: [lite_engine.cpp:441->Run] begin engine run
07-06 21:52:54.764 19063  8377 I transformer-lite: INFO: [cl_rt_engine.cpp:211->Run] begin unexpose out tensor
07-06 21:52:54.764 19063  8377 I transformer-lite: INFO: [cl_rt_engine.cpp:213->Run] finish unexpose out tensor
07-06 21:52:54.764 19063  8377 I transformer-lite: INFO: [cl_rt_engine.cpp:243->Run] begin run kernels
07-06 21:52:54.765 19063  8377 I transformer-lite: INFO: [cl_rt_engine.cpp:249->Run] begin ExposeInTensor
07-06 21:52:54.765 19063  8377 I transformer-lite: INFO: [cl_rt_engine.cpp:251->Run] finish ExposeInTensor
07-06 21:52:54.773 19063  8377 I transformer-lite: INFO: [cl_rt_engine.cpp:255->Run] finish WaitRunFinish
07-06 21:52:54.773 19063  8377 I transformer-lite: INFO: [lite_engine.cpp:456->Run] finish engine run
07-06 21:52:54.773 19063  8377 I transformer-lite: INFO: [lite_log.cpp:79->~AutoLogLevelSetter] recover min android log level: 1
07-06 21:52:54.773 19063  8377 D VideoFrameExtractor: extractFrames, timeUs:5000000
07-06 21:52:54.779  2649  2722 D BufferQueueConsumer: [FrameDecoder](id:a59000014cc,api:0,p:-1,c:2649) connect: controlledByApp=false
07-06 21:52:54.780  2649  2722 W libc    : Access denied finding property "vendor.display.enable_optimal_refresh_rate"
07-06 21:52:54.780  2649  2722 W libc    : Access denied finding property "vendor.debug.stagefright.mediacodec.trace"
07-06 21:52:54.781  2649  2722 W libc    : Access denied finding property "persist.vendor.media.c2.frameworks.buffercount.trace"
07-06 21:52:54.781  2649  2722 W libc    : Access denied finding property "persist.vendor.media.c2.frameworks.buffercount.trace"
07-06 21:52:54.781  2649  2722 W libc    : Access denied finding property "persist.vendor.media.c2.frameworks.buffercount.trace"
07-06 21:52:54.781  2649  2722 W libc    : Access denied finding property "persist.vendor.media.c2.frameworks.buffercount.trace"
07-06 21:52:54.790  1894  4476 I vendor.qti.media.c2@1.0-service: missing struct descriptor #Param::CoreIndex(--002) for field mastering of struct #Param::CoreIndex(--180a)
07-06 21:52:54.790  1894  4476 I vendor.qti.media.c2@1.0-service: missing struct descriptor #Param::CoreIndex(-V8002) for field portConfigs of struct #Param::CoreIndex(FV1a100)
07-06 21:52:54.790  1894  4476 I vendor.qti.media.c2@1.0-service: missing struct descriptor #Param::CoreIndex(-V8002) for field portConfigs of struct #Param::CoreIndex(FV1a100)
07-06 21:52:54.791  1894  4476 D OplusDumpOutputFilter: [OutputBlockPoolSetter:L163]C2PortBlockPoolsTuning:1
07-06 21:52:54.791  1894  4476 I vendor.qti.media.c2@1.0-service: missing struct descriptor #Param::CoreIndex(--002) for field mastering of struct #Param::CoreIndex(--180a)
07-06 21:52:54.791  1894  4476 I vendor.qti.media.c2@1.0-service: missing struct descriptor #Param::CoreIndex(--002) for field mastering of struct #Param::CoreIndex(--180a)
07-06 21:52:54.791  1894  4476 D OplusDumpOutputFilter: [OplusDumpOutputFilter:L308]
07-06 21:52:54.792  1894  4476 I Codec2-OplusFilterWrapper: createFilters: c2.oplus.dumpoutput.filter
07-06 21:52:54.792  1894  4476 D OplusToneMapperFilter: [OutputBlockPoolSetter:L282]C2PortBlockPoolsTuning:1
07-06 21:52:54.792  1894  4476 I vendor.qti.media.c2@1.0-service: missing struct descriptor #Param::CoreIndex(--002) for field mastering of struct #Param::CoreIndex(--180a)
07-06 21:52:54.792  1894  4476 I vendor.qti.media.c2@1.0-service: missing struct descriptor #Param::CoreIndex(--002) for field mastering of struct #Param::CoreIndex(--180a)
07-06 21:52:54.793  1894  4476 D OplusToneMapperFilter: [OutputColorAspectsSetter:L342]:[0],[0],[0]
07-06 21:52:54.793  1894  4476 D OplusToneMapperFilter: [OplusTonemapFilterEnableSetter:L376]EnableSetter input:0
07-06 21:52:54.793  1894  4476 D OplusToneMapperFilter: [OplusTonemapFilterEnableSetter:L378]EnableSetter packageName:
07-06 21:52:54.793  1894  4476 D OplusToneMapperFilter: [OplusTonemapperFilter:L576]
07-06 21:52:54.793  1894  4476 I Codec2-OplusFilterWrapper: createFilters: c2.oplus.tone-mapper
07-06 21:52:54.793  1894  4476 I vendor.qti.media.c2@1.0-service: missing struct descriptor #Param::CoreIndex(--002) for field mastering of struct #Param::CoreIndex(--180a)
07-06 21:52:54.793  1894  4476 I Codec2-OplusFilterWrapper: createFilters: c2.video.vpp.filter
07-06 21:52:54.793  1894  4476 I Codec2-OplusFilterWrapper: WrappedDecoder:[c2.qti.avc.decoder] Filter:[c2.oplus.dumpoutput.filter_c2.oplus.tone-mapper_c2.video.vpp.filter_]
07-06 21:52:54.793  1894  4476 D OplusToneMapperFilter: [IsFilteringEnabled:L531] not requestEnable,disable
07-06 21:52:54.793  1894  4476 D Codec2-DumpInput: [DumpInput:L388][c2.qti.avc.decoder_376] this:0xb4000074f96e9e18
07-06 21:52:54.793  1894  4476 I Codec2-OplusFilterWrapper: maybeWrapComponent Decoder :[c2.qti.avc.decoder] Filter:[c2.oplus.dumpoutput.filter_c2.oplus.tone-mapper_c2.video.vpp.filter_]
07-06 21:52:54.796  1894  4473 W QC2Interface: [avcD_0] Failed to query parameters
07-06 21:52:54.796  2649 21992 D CCodecConfig: read media type: video/avc
07-06 21:52:54.800  2649 21992 D ReflectedParamUpdater: extent() != 1 for single value type: output.buffers.pool-ids.values
07-06 21:52:54.803  2649 21992 D ReflectedParamUpdater: extent() != 1 for single value type: output.subscribed-indices.values
07-06 21:52:54.804  2649 21992 D ReflectedParamUpdater: ignored struct field vendor.output.configs.portConfigs
07-06 21:52:54.809  2649 21992 D ReflectedParamUpdater: extent() != 1 for single value type: vendor.qti-ext-transcode-info-stats.stats_info
07-06 21:52:54.818  2649 21992 D ReflectedParamUpdater: extent() != 1 for single value type: vendor.qti-ext-vpp-extradata.extradata-types
07-06 21:52:54.819  2649 21992 D ReflectedParamUpdater: ignored struct field vendor.input.configs.portConfigs
07-06 21:52:54.820  2649 21992 D ReflectedParamUpdater: Could not describe oplus.tonemap.filter
07-06 21:52:54.820  2649 21992 D ReflectedParamUpdater: Could not describe oplus.vpp.is.ff.mode
07-06 21:52:54.820  2649 21992 D ReflectedParamUpdater: Could not describe oplus.vpp.white.list
07-06 21:52:54.820  2649 21992 D ReflectedParamUpdater: Could not describe oplus.vpp.inputdelay
07-06 21:52:54.821  2649 21992 D ReflectedParamUpdater: Could not describe oplus.switch.by.app
07-06 21:52:54.821  2649 21992 D CCodecConfig: ignoring local param raw.size (0xd2001800) as it is already supported
07-06 21:52:54.821  2649 21992 D CCodecConfig: ignoring local param default.color (0x5200180b) as it is already supported
07-06 21:52:54.821  2649 21992 D CCodecConfig: ignoring local param raw.hdr-static-info (0xd200180a) as it is already supported
07-06 21:52:54.822  1890 21983 I [UAH_CLIENT]: UahRelease, handle:160393
07-06 21:52:54.823  1894  4476 D OplusToneMapperFilter: [IsFilteringEnabled:L531] not requestEnable,disable
07-06 21:52:54.823  1894  4476 D OplusToneMapperFilter: [IsFilteringEnabled:L531] not requestEnable,disable
07-06 21:52:54.824  1894  4473 W QC2Interface: [avcD_0] Failed to query parameters
07-06 21:52:54.824  2649 21992 I CCodecConfig: query failed after returning 17 values (BAD_INDEX)
07-06 21:52:54.825  2649 21992 W ColorUtils: expected specified color aspects (0:0:0:0)
07-06 21:52:54.826  2649  2722 W ServiceManagerCppClient: Failed to get isDeclared for media_quality: Status(-1, EX_SECURITY): 'SELinux denied for service.'
07-06 21:52:54.826  2649 21990 D SurfaceUtils: connecting to surface 0xb4000074502c0610, reason connectToSurface
07-06 21:52:54.826  2649 21990 D BufferQueueProducer: [FrameDecoder](id:a59000014cc,api:3,p:2649,c:2649) connect: api=3 producerControlledByApp=false
07-06 21:52:54.827  2649 21990 D SurfaceUtils: disconnecting from surface 0xb4000074502c0610, reason connectToSurface(reconnect)
07-06 21:52:54.827  2649 21990 D BufferQueueProducer: [FrameDecoder](id:a59000014cc,api:3,p:2649,c:2649) disconnect: api 3
07-06 21:52:54.827  2649 21990 D SurfaceUtils: connecting to surface 0xb4000074502c0600, reason connectToSurface(reconnect-with-listener)
07-06 21:52:54.827  2649 21990 D BufferQueueProducer: [FrameDecoder](id:a59000014cc,api:3,p:2649,c:2649) connect: api=3 producerControlledByApp=false
07-06 21:52:54.827  2649 21990 D OplusAtlasMapsUtil: [doParser:67]ctype:1,platform:1,uid:1013,pid:2649,pkg:/system/bin/mediaserver
07-06 21:52:54.827  2678  2678 D MMListService: [insertToMultiMaps:456]update module:sr-osie-whitelist-new,ret:0,value:
07-06 21:52:54.828  2649 21991 D OplusMediaMonitor: codecSessionKey: -5476376647156499264, codecSessionInfo: b400007450303000
07-06 21:52:54.829  2649 21991 I OplusMediaMonitor-VideoStutterObserver: IsAppInScoreSupportList:0 isDecoder:1 scorecalcValue:1, no need connect Network
07-06 21:52:54.829  2649 24222 D AtlasEventUploadUtils: setEvent event:atlas_event_video_monitor_network_switch
07-06 21:52:54.829  2649 21991 D OplusMediaMonitor-VideoJointMediaTurboObserver: [initEncDecParams][157] mts-video-decoder-statistics ret=0 uid=1013 listPrjname=
07-06 21:52:54.829  4627 10011 V OplusAtlasVideo: callback success event:atlas_event_video_monitor_network_switch eventInfo:START,2649,Key,-5476376647156499264,Component,c2.qti.avc.decoder,Width,720,Height,1280,IsMediaPlayer,1
07-06 21:52:54.831  1894  4473 D OplusToneMapperFilter: [IsFilteringEnabled:L531] not requestEnable,disable
07-06 21:52:54.831  1894  4473 D OplusToneMapperFilter: [IsFilteringEnabled:L531] not requestEnable,disable
07-06 21:52:54.832  1894  4473 D OplusToneMapperFilter: [IsFilteringEnabled:L531] not requestEnable,disable
07-06 21:52:54.832  1894  4473 D OplusToneMapperFilter: [IsFilteringEnabled:L531] not requestEnable,disable
07-06 21:52:54.833  1894  4473 W QC2Interface: [avcD_0] Failed to query parameters
07-06 21:52:54.833  2649 21992 W Codec2Client: query -- param skipped: index = 1107298332.
07-06 21:52:54.833  2649 21992 W CCodec  : This behavior is subject to change. It is recommended that app developers double check whether the requested max input size is in reasonable range.
07-06 21:52:54.833  1894  4473 W QC2Interface: [avcD_0] Failed to query parameters
07-06 21:52:54.834  2649 21992 I CCodecConfig: query failed after returning 18 values (BAD_INDEX)
07-06 21:52:54.834  1894  4473 W QC2Interface: [avcD_0] Failed to query parameters
07-06 21:52:54.834  2649 21992 E mediaserver: Failed to query component interface for required system resources: 6
07-06 21:52:54.835  1894  4473 D OplusToneMapperFilter: [IsFilteringEnabled:L531] not requestEnable,disable
07-06 21:52:54.835  1894  4473 V Codec2-DumpInput: [start:L443][c2.qti.avc.decoder_376] this:0xb4000074f96e9e18
07-06 21:52:54.835  1894 21994 V Codec2-DumpInput: [processLoop:L652][c2.qti.avc.decoder_376]thread Start.this:0xb4000074f96e9e18
07-06 21:52:54.836  1890  1890 I [UAH_CLIENT]: UahPlatformResAcquire
07-06 21:52:54.836  1890  1890 I [UAH_CLIENT]: UahEventAcquire, cmdid:-3, pkg:1894 4473, identity:qcom-perfd
07-06 21:52:54.837  1890  2036 E ANDR-PERF-RESOURCEQS: ANDR-PERF-RESOURCEQS: AddAndApply() 125: Resource with major=16, minor=0 not supported
07-06 21:52:54.838  1894  4473 E QC2Comp : [avcD_0] configureIntf failed 95
07-06 21:52:54.840  1894 21998 E QC2V4l2Codec: [v4lavcD_0]  ? is not a supported pixel format!
07-06 21:52:54.845  1894  4473 W QC2Interface: [avcD_0] Failed to query parameters
07-06 21:52:54.845  1890  1890 I [UAH_CLIENT]: UahRelease, handle:160395
07-06 21:52:54.847  1894  4473 W QC2Interface: [avcD_0] Failed to query parameters
07-06 21:52:54.848  2649 21992 W Codec2Client: query -- param skipped: index = 1342179345.
07-06 21:52:54.848  2649 21992 W Codec2Client: query -- param skipped: index = 2415921170.
07-06 21:52:54.848  2649 21992 W Codec2Client: query -- param skipped: index = 1610614798.
07-06 21:52:54.848  1894  4473 W QC2Interface: [avcD_0] Failed to query parameters
07-06 21:52:54.850  1894  4473 W QC2Interface: [avcD_0] Failed to query parameters
07-06 21:52:54.851  1894  4473 W QC2Interface: [avcD_0] Failed to query parameters
07-06 21:52:54.853  2649 21992 D Codec2-OutputBufferQueue: C2SurfaceSyncMemory created 20(20)
07-06 21:52:54.853  2649 21992 D Codec2-OutputBufferQueue: remote graphic buffer migration 0/0
07-06 21:52:54.853  1894  4473 W QC2Interface: [avcD_0] Few parameters failed to configure
07-06 21:52:54.854  2649 21992 D Codec2Client: setOutputSurface -- failed to set consumer usage (6/BAD_INDEX)
07-06 21:52:54.854  2649 21992 D Codec2Client: setOutputSurface -- generation=2712780 consumer usage=0x900 sync
07-06 21:52:54.854  1894  4476 D C2BqBuffer: local generation change 2712780 , bqId: 11377368372428 migrated buffers # 0
07-06 21:52:54.855  2649 21992 D Codec2Client: Surface configure completed
07-06 21:52:54.864  1894  4476 W QC2Interface: [avcD_0] Failed to query parameters
07-06 21:52:54.865  2649 21990 W ResourceManagerServiceUtils: Ignoring request to add new resource entry with value <= 0
07-06 21:52:54.865  2646 21270 D MediaBufferGroup: creating MemoryDealer
07-06 21:52:54.866  1890  1890 I [UAH_CLIENT]: UahPlatformResAcquire
07-06 21:52:54.866  1890  1890 I [UAH_CLIENT]: UahEventAcquire, cmdid:-3, pkg:1894 4476, identity:qcom-perfd
07-06 21:52:54.868  1890  2036 E ANDR-PERF-RESOURCEQS: ANDR-PERF-RESOURCEQS: AddAndApply() 125: Resource with major=16, minor=0 not supported
07-06 21:52:54.872  5703  8119 D AppModule: onTriggerHookEvent: eventId=26, pid=19063, uid=10244, pkgName=com.oneplus.gallery
07-06 21:52:54.872  5703  8119 D SystemState: noteVideoStart,uid=10244, pid=19063
07-06 21:52:54.873  2649 21992 D Codec2-OutputBufferQueue: set max dequeue count 17 from update
07-06 21:52:54.881  2649 29747 D BufferPoolAccessor2.0: evictor expired: 4, evicted: 0
07-06 21:52:54.882  1894  4461 D BufferPoolAccessor2.0: evictor expired: 3, evicted: 0
07-06 21:52:54.896  1894  4476 D C2BqBuffer: configuring null producer: igbp_information(0)
07-06 21:52:54.896  1894 21994 V Codec2-DumpInput: [processLoop:L662]state:4
07-06 21:52:54.896  1894  4476 V Codec2-DumpInput: [stop:L476][c2.qti.avc.decoder_376] this:0xb4000074f96e9e18
07-06 21:52:54.897  1890  1890 I [UAH_CLIENT]: UahPlatformResAcquire
07-06 21:52:54.897  1890  1890 I [UAH_CLIENT]: UahEventAcquire, cmdid:-3, pkg:1894 4476, identity:qcom-perfd
07-06 21:52:54.898  1890  2036 E ANDR-PERF-RESOURCEQS: ANDR-PERF-RESOURCEQS: AddAndApply() 125: Resource with major=16, minor=0 not supported
07-06 21:52:54.902  1894  4476 D BufferPoolAccessor2.0: Destruction - bufferpool2 0xb4000074facc8c28 cached: 0/0M, 0/0% in use; allocs: 25, 0% recycled; transfers: 0, 0% unfetched
07-06 21:52:54.904  1890  1890 I [UAH_CLIENT]: UahRelease, handle:160397
07-06 21:52:54.904  1894  4476 D OplusToneMapperFilter: [release:L1042]
07-06 21:52:54.905  2649 21990 D SurfaceUtils: disconnecting from surface 0xb4000074502c0610, reason disconnectFromSurface
07-06 21:52:54.905  2649 21990 D BufferQueueProducer: [FrameDecoder](id:a59000014cc,api:3,p:2649,c:2649) disconnect: api 3
07-06 21:52:54.906  2649 22004 I hw-BpHwBinder: onLastStrongRef automatically unlinking death recipients
07-06 21:52:54.907  1894  4476 I hw-BpHwBinder: onLastStrongRef automatically unlinking death recipients
07-06 21:52:54.907  1894  4476 D Codec2-DumpInput: [~DumpInput:L424][c2.qti.avc.decoder_376] this:0xb4000074f96e9e18
07-06 21:52:54.907  1894  4476 D OplusToneMapperFilter: [~OplusTonemapperFilter:L662]
07-06 21:52:54.907  1894  4476 D OplusDumpOutputFilter: [~OplusDumpOutputFilter:L316]
07-06 21:52:54.907  5703  8119 D AppModule: onTriggerHookEvent: eventId=27, pid=19063, uid=10244, pkgName=com.oneplus.gallery
07-06 21:52:54.908  5703  8119 D SystemState: noteVideoStop,uid=10244
07-06 21:52:54.909  2649  2722 D OplusAtlasMapsUtil: [~OplusAtlasMapsUtil][45]
07-06 21:52:54.909  2649 24222 D AtlasEventUploadUtils: setEvent event:atlas_event_video_monitor_network_switch
07-06 21:52:54.910  4627 10011 V OplusAtlasVideo: callback success event:atlas_event_video_monitor_network_switch eventInfo:STOP,2649,Key,-5476376647156499264
07-06 21:52:54.956 19063  8377 I transformer-lite: INFO: [lite_log.cpp:73->AutoLogLevelSetter] get min android log level: 1 and set lite log level to 1
07-06 21:52:54.956 19063  8377 I transformer-lite: INFO: [lite_engine.cpp:441->Run] begin engine run
07-06 21:52:54.956 19063  8377 I transformer-lite: INFO: [cl_rt_engine.cpp:211->Run] begin unexpose out tensor
07-06 21:52:54.956 19063  8377 I transformer-lite: INFO: [cl_rt_engine.cpp:213->Run] finish unexpose out tensor
07-06 21:52:54.957 19063  8377 I transformer-lite: INFO: [cl_rt_engine.cpp:243->Run] begin run kernels
07-06 21:52:54.958 19063  8377 I transformer-lite: INFO: [cl_rt_engine.cpp:249->Run] begin ExposeInTensor
07-06 21:52:54.958 19063  8377 I transformer-lite: INFO: [cl_rt_engine.cpp:251->Run] finish ExposeInTensor
07-06 21:52:54.967 19063  8377 I transformer-lite: INFO: [cl_rt_engine.cpp:255->Run] finish WaitRunFinish
07-06 21:52:54.968 19063  8377 I transformer-lite: INFO: [lite_engine.cpp:456->Run] finish engine run
07-06 21:52:54.968 19063  8377 I transformer-lite: INFO: [lite_log.cpp:79->~AutoLogLevelSetter] recover min android log level: 1
07-06 21:52:54.969 19063  8377 D VideoFrameExtractor: extractFrames, timeUs:6000000
07-06 21:52:54.976  2649  2722 D BufferQueueConsumer: [FrameDecoder](id:a59000014cd,api:0,p:-1,c:2649) connect: controlledByApp=false
07-06 21:52:54.977  2649  2722 W libc    : Access denied finding property "vendor.display.enable_optimal_refresh_rate"
07-06 21:52:54.977  2649  2722 W libc    : Access denied finding property "vendor.debug.stagefright.mediacodec.trace"
07-06 21:52:54.978  2649  2722 W libc    : Access denied finding property "persist.vendor.media.c2.frameworks.buffercount.trace"
07-06 21:52:54.978  2649  2722 W libc    : Access denied finding property "persist.vendor.media.c2.frameworks.buffercount.trace"
07-06 21:52:54.979  2649  2722 W libc    : Access denied finding property "persist.vendor.media.c2.frameworks.buffercount.trace"
07-06 21:52:54.979  2649  2722 W libc    : Access denied finding property "persist.vendor.media.c2.frameworks.buffercount.trace"
07-06 21:52:54.988  1890 22003 I [UAH_CLIENT]: UahRelease, handle:160396
07-06 21:52:54.989  1894  4476 I vendor.qti.media.c2@1.0-service: missing struct descriptor #Param::CoreIndex(--002) for field mastering of struct #Param::CoreIndex(--180a)
07-06 21:52:54.989  1894  4476 I vendor.qti.media.c2@1.0-service: missing struct descriptor #Param::CoreIndex(-V8002) for field portConfigs of struct #Param::CoreIndex(FV1a100)
07-06 21:52:54.989  1894  4476 I vendor.qti.media.c2@1.0-service: missing struct descriptor #Param::CoreIndex(-V8002) for field portConfigs of struct #Param::CoreIndex(FV1a100)
07-06 21:52:54.990  1894  4476 D OplusDumpOutputFilter: [OutputBlockPoolSetter:L163]C2PortBlockPoolsTuning:1
07-06 21:52:54.990  1894  4476 I vendor.qti.media.c2@1.0-service: missing struct descriptor #Param::CoreIndex(--002) for field mastering of struct #Param::CoreIndex(--180a)
07-06 21:52:54.990  1894  4476 I vendor.qti.media.c2@1.0-service: missing struct descriptor #Param::CoreIndex(--002) for field mastering of struct #Param::CoreIndex(--180a)
07-06 21:52:54.990  1894  4476 D OplusDumpOutputFilter: [OplusDumpOutputFilter:L308]
07-06 21:52:54.991  1894  4476 I Codec2-OplusFilterWrapper: createFilters: c2.oplus.dumpoutput.filter
07-06 21:52:54.991  1894  4476 D OplusToneMapperFilter: [OutputBlockPoolSetter:L282]C2PortBlockPoolsTuning:1
07-06 21:52:54.991  1894  4476 I vendor.qti.media.c2@1.0-service: missing struct descriptor #Param::CoreIndex(--002) for field mastering of struct #Param::CoreIndex(--180a)
07-06 21:52:54.991  1894  4476 I vendor.qti.media.c2@1.0-service: missing struct descriptor #Param::CoreIndex(--002) for field mastering of struct #Param::CoreIndex(--180a)
07-06 21:52:54.992  1894  4476 D OplusToneMapperFilter: [OutputColorAspectsSetter:L342]:[0],[0],[0]
07-06 21:52:54.992  1894  4476 D OplusToneMapperFilter: [OplusTonemapFilterEnableSetter:L376]EnableSetter input:0
07-06 21:52:54.992  1894  4476 D OplusToneMapperFilter: [OplusTonemapFilterEnableSetter:L378]EnableSetter packageName:
07-06 21:52:54.992  1894  4476 D OplusToneMapperFilter: [OplusTonemapperFilter:L576]
07-06 21:52:54.992  1894  4476 I Codec2-OplusFilterWrapper: createFilters: c2.oplus.tone-mapper
07-06 21:52:54.992  1894  4476 I vendor.qti.media.c2@1.0-service: missing struct descriptor #Param::CoreIndex(--002) for field mastering of struct #Param::CoreIndex(--180a)
07-06 21:52:54.992  1894  4476 I Codec2-OplusFilterWrapper: createFilters: c2.video.vpp.filter
07-06 21:52:54.992  1894  4476 I Codec2-OplusFilterWrapper: WrappedDecoder:[c2.qti.avc.decoder] Filter:[c2.oplus.dumpoutput.filter_c2.oplus.tone-mapper_c2.video.vpp.filter_]
07-06 21:52:54.992  1894  4476 D OplusToneMapperFilter: [IsFilteringEnabled:L531] not requestEnable,disable
07-06 21:52:54.992  1894  4476 D Codec2-DumpInput: [DumpInput:L388][c2.qti.avc.decoder_377] this:0xb4000074f96ea818
07-06 21:52:54.992  1894  4476 I Codec2-OplusFilterWrapper: maybeWrapComponent Decoder :[c2.qti.avc.decoder] Filter:[c2.oplus.dumpoutput.filter_c2.oplus.tone-mapper_c2.video.vpp.filter_]
07-06 21:52:54.996  1894  4472 W QC2Interface: [avcD_1] Failed to query parameters
07-06 21:52:54.996  2649 22012 D CCodecConfig: read media type: video/avc
07-06 21:52:55.000  2649 22012 D ReflectedParamUpdater: extent() != 1 for single value type: output.subscribed-indices.values
07-06 21:52:55.001  2649 22012 D ReflectedParamUpdater: ignored struct field vendor.output.configs.portConfigs
07-06 21:52:55.007  2649 22012 D ReflectedParamUpdater: extent() != 1 for single value type: vendor.qti-ext-transcode-info-stats.stats_info
07-06 21:52:55.015  2649 22012 D ReflectedParamUpdater: extent() != 1 for single value type: vendor.qti-ext-vpp-extradata.extradata-types
07-06 21:52:55.015  2649 22012 D ReflectedParamUpdater: ignored struct field vendor.input.configs.portConfigs
07-06 21:52:55.017  2649 22012 D ReflectedParamUpdater: extent() != 1 for single value type: output.buffers.pool-ids.values
07-06 21:52:55.018  2649 22012 D ReflectedParamUpdater: Could not describe oplus.tonemap.filter
07-06 21:52:55.018  2649 22012 D ReflectedParamUpdater: Could not describe oplus.vpp.is.ff.mode
07-06 21:52:55.018  2649 22012 D ReflectedParamUpdater: Could not describe oplus.vpp.white.list
07-06 21:52:55.019  2649 22012 D ReflectedParamUpdater: Could not describe oplus.vpp.inputdelay
07-06 21:52:55.019  2649 22012 D ReflectedParamUpdater: Could not describe oplus.switch.by.app
07-06 21:52:55.019  2649 22012 D CCodecConfig: ignoring local param raw.size (0xd2001800) as it is already supported
07-06 21:52:55.019  2649 22012 D CCodecConfig: ignoring local param default.color (0x5200180b) as it is already supported
07-06 21:52:55.019  2649 22012 D CCodecConfig: ignoring local param raw.hdr-static-info (0xd200180a) as it is already supported
07-06 21:52:55.021  1894  4473 D OplusToneMapperFilter: [IsFilteringEnabled:L531] not requestEnable,disable
07-06 21:52:55.021  1894  4473 D OplusToneMapperFilter: [IsFilteringEnabled:L531] not requestEnable,disable
07-06 21:52:55.021  1894  4473 W QC2Interface: [avcD_1] Failed to query parameters
07-06 21:52:55.021  2649 22012 I CCodecConfig: query failed after returning 17 values (BAD_INDEX)
07-06 21:52:55.022  2649 22012 W ColorUtils: expected specified color aspects (0:0:0:0)
07-06 21:52:55.025  2649  2722 W ServiceManagerCppClient: Failed to get isDeclared for media_quality: Status(-1, EX_SECURITY): 'SELinux denied for service.'
07-06 21:52:55.025  2649 22010 D SurfaceUtils: connecting to surface 0xb4000074502c0610, reason connectToSurface
07-06 21:52:55.026  2649 22010 D BufferQueueProducer: [FrameDecoder](id:a59000014cd,api:3,p:2649,c:2649) connect: api=3 producerControlledByApp=false
07-06 21:52:55.026  2649 22010 D SurfaceUtils: disconnecting from surface 0xb4000074502c0610, reason connectToSurface(reconnect)
07-06 21:52:55.026  2649 22010 D BufferQueueProducer: [FrameDecoder](id:a59000014cd,api:3,p:2649,c:2649) disconnect: api 3
07-06 21:52:55.026  2649 22010 D SurfaceUtils: connecting to surface 0xb4000074502c0600, reason connectToSurface(reconnect-with-listener)
07-06 21:52:55.026  2649 22010 D BufferQueueProducer: [FrameDecoder](id:a59000014cd,api:3,p:2649,c:2649) connect: api=3 producerControlledByApp=false
07-06 21:52:55.026  2649 22010 D OplusAtlasMapsUtil: [doParser:67]ctype:1,platform:1,uid:1013,pid:2649,pkg:/system/bin/mediaserver
07-06 21:52:55.027  2678  2678 D MMListService: [insertToMultiMaps:456]update module:sr-osie-whitelist-new,ret:0,value:
07-06 21:52:55.027  2649 22011 D OplusMediaMonitor: codecSessionKey: -5476376647157790848, codecSessionInfo: b400007450303000
07-06 21:52:55.028  2649 22011 I OplusMediaMonitor-VideoStutterObserver: IsAppInScoreSupportList:0 isDecoder:1 scorecalcValue:1, no need connect Network
07-06 21:52:55.028  2649 24222 D AtlasEventUploadUtils: setEvent event:atlas_event_video_monitor_network_switch
07-06 21:52:55.029  2649 22011 D OplusMediaMonitor-VideoJointMediaTurboObserver: [initEncDecParams][157] mts-video-decoder-statistics ret=0 uid=1013 listPrjname=
07-06 21:52:55.029  4627 10011 V OplusAtlasVideo: callback success event:atlas_event_video_monitor_network_switch eventInfo:START,2649,Key,-5476376647157790848,Component,c2.qti.avc.decoder,Width,720,Height,1280,IsMediaPlayer,1
07-06 21:52:55.031  1894  4473 D OplusToneMapperFilter: [IsFilteringEnabled:L531] not requestEnable,disable
07-06 21:52:55.031  1894  4473 D OplusToneMapperFilter: [IsFilteringEnabled:L531] not requestEnable,disable
07-06 21:52:55.032  1894  4473 D OplusToneMapperFilter: [IsFilteringEnabled:L531] not requestEnable,disable
07-06 21:52:55.032  1894  4473 D OplusToneMapperFilter: [IsFilteringEnabled:L531] not requestEnable,disable
07-06 21:52:55.034  1894  4473 W QC2Interface: [avcD_1] Failed to query parameters
07-06 21:52:55.034  2649 22012 W Codec2Client: query -- param skipped: index = 1107298332.
07-06 21:52:55.034  2649 22012 W CCodec  : This behavior is subject to change. It is recommended that app developers double check whether the requested max input size is in reasonable range.
07-06 21:52:55.034  1894  4473 W QC2Interface: [avcD_1] Failed to query parameters
07-06 21:52:55.035  2649 22012 I CCodecConfig: query failed after returning 19 values (BAD_INDEX)
07-06 21:52:55.035  1894  4473 W QC2Interface: [avcD_1] Failed to query parameters
07-06 21:52:55.035  2649 22012 E mediaserver: Failed to query component interface for required system resources: 6
07-06 21:52:55.036  1894  4473 D OplusToneMapperFilter: [IsFilteringEnabled:L531] not requestEnable,disable
07-06 21:52:55.037  1894  4473 V Codec2-DumpInput: [start:L443][c2.qti.avc.decoder_377] this:0xb4000074f96ea818
07-06 21:52:55.037  1894 22015 V Codec2-DumpInput: [processLoop:L652][c2.qti.avc.decoder_377]thread Start.this:0xb4000074f96ea818
07-06 21:52:55.037  1890  1890 I [UAH_CLIENT]: UahPlatformResAcquire
07-06 21:52:55.037  1890  1890 I [UAH_CLIENT]: UahEventAcquire, cmdid:-3, pkg:1894 4473, identity:qcom-perfd
07-06 21:52:55.040  1890  2036 E ANDR-PERF-RESOURCEQS: ANDR-PERF-RESOURCEQS: AddAndApply() 125: Resource with major=16, minor=0 not supported
07-06 21:52:55.040  1894  4473 E QC2Comp : [avcD_1] configureIntf failed 95
07-06 21:52:55.042  1894 22018 E QC2V4l2Codec: [v4lavcD_1]  ? is not a supported pixel format!
07-06 21:52:55.047  1894  4473 W QC2Interface: [avcD_1] Failed to query parameters
07-06 21:52:55.048  1890  1890 I [UAH_CLIENT]: UahRelease, handle:160398
07-06 21:52:55.050  1894  4473 W QC2Interface: [avcD_1] Failed to query parameters
07-06 21:52:55.050  2649 22012 W Codec2Client: query -- param skipped: index = 1342179345.
07-06 21:52:55.051  2649 22012 W Codec2Client: query -- param skipped: index = 2415921170.
07-06 21:52:55.051  2649 22012 W Codec2Client: query -- param skipped: index = 1610614798.
07-06 21:52:55.051  1894  4473 W QC2Interface: [avcD_1] Failed to query parameters
07-06 21:52:55.053  1894  4473 W QC2Interface: [avcD_1] Failed to query parameters
07-06 21:52:55.053  1894  4473 W QC2Interface: [avcD_1] Failed to query parameters
07-06 21:52:55.057  2649 22012 D Codec2-OutputBufferQueue: C2SurfaceSyncMemory created 20(20)
07-06 21:52:55.057  2649 22012 D Codec2-OutputBufferQueue: remote graphic buffer migration 0/0
07-06 21:52:55.057  1894  4473 W QC2Interface: [avcD_1] Few parameters failed to configure
07-06 21:52:55.058  2649 22012 D Codec2Client: setOutputSurface -- failed to set consumer usage (6/BAD_INDEX)
07-06 21:52:55.058  2649 22012 D Codec2Client: setOutputSurface -- generation=2712781 consumer usage=0x900 sync
07-06 21:52:55.058  1894  4473 D C2BqBuffer: local generation change 2712781 , bqId: 11377368372429 migrated buffers # 0
07-06 21:52:55.059  2649 22012 D Codec2Client: Surface configure completed
07-06 21:52:55.059  2649 22010 W ResourceManagerServiceUtils: Ignoring request to add new resource entry with value <= 0
07-06 21:52:55.059  1894  4473 W QC2Interface: [avcD_1] Failed to query parameters
07-06 21:52:55.060  2646  4772 D MediaBufferGroup: creating MemoryDealer
07-06 21:52:55.062  1890  1890 I [UAH_CLIENT]: UahPlatformResAcquire
07-06 21:52:55.062  1890  1890 I [UAH_CLIENT]: UahEventAcquire, cmdid:-3, pkg:1894 4473, identity:qcom-perfd
07-06 21:52:55.064  1890  2036 E ANDR-PERF-RESOURCEQS: ANDR-PERF-RESOURCEQS: AddAndApply() 125: Resource with major=16, minor=0 not supported
07-06 21:52:55.067  2015  6827 D charge_time: type=sdp,reserve_soc=3,soc=85,ui_soc=88,current=105,avg=86,not_chg_cnt=0,stable_cnt=7,fcc=4678,fcc_ratio=91,delta=169,debug=0,region=12,ttf=10892(03:01:32),ui_ttf=4203(01:10:03)
07-06 21:52:55.074  2649 22012 D Codec2-OutputBufferQueue: set max dequeue count 11 from update
07-06 21:52:55.074  5703  8119 D AppModule: onTriggerHookEvent: eventId=26, pid=19063, uid=10244, pkgName=com.oneplus.gallery
07-06 21:52:55.074  5703  8119 D SystemState: noteVideoStart,uid=10244, pid=19063
07-06 21:52:55.079  1894 22013 W QC2Comp : [avcD_1] Skipping empty output buffer
07-06 21:52:55.080  1894 22013 W QC2Comp : [avcD_1] Skipping empty output buffer
07-06 21:52:55.100  1894  4473 D C2BqBuffer: configuring null producer: igbp_information(0)
07-06 21:52:55.100  6234  6288 E horae   : 0: target_temp:31600, back:31600,frame:31600,front:31600, 3, +(0), 0 ,31600, algo:0
07-06 21:52:55.101  1894 22015 V Codec2-DumpInput: [processLoop:L662]state:4
07-06 21:52:55.101  1894  4473 V Codec2-DumpInput: [stop:L476][c2.qti.avc.decoder_377] this:0xb4000074f96ea818
07-06 21:52:55.102  1890  1890 I [UAH_CLIENT]: UahPlatformResAcquire
07-06 21:52:55.102  1890  1890 I [UAH_CLIENT]: UahEventAcquire, cmdid:-3, pkg:1894 4473, identity:qcom-perfd
07-06 21:52:55.104  1890  2036 E ANDR-PERF-RESOURCEQS: ANDR-PERF-RESOURCEQS: AddAndApply() 125: Resource with major=16, minor=0 not supported
07-06 21:52:55.112  1894  4473 D BufferPoolAccessor2.0: Destruction - bufferpool2 0xb4000074f12df828 cached: 0/0M, 0/0% in use; allocs: 8, 0% recycled; transfers: 0, 0% unfetched
07-06 21:52:55.113  1890  1890 I [UAH_CLIENT]: UahRelease, handle:160400
07-06 21:52:55.114  1894  4473 D OplusToneMapperFilter: [release:L1042]
07-06 21:52:55.115  2649 22010 D SurfaceUtils: disconnecting from surface 0xb4000074502c0610, reason disconnectFromSurface
07-06 21:52:55.115  2649 22010 D BufferQueueProducer: [FrameDecoder](id:a59000014cd,api:3,p:2649,c:2649) disconnect: api 3
07-06 21:52:55.115  2649 22012 D BufferPoolAccessor2.0: Destruction - bufferpool2 0xb400007459f98428 cached: 0/0M, 0/0% in use; allocs: 0, 0% recycled; transfers: 0, 0% unfetched
07-06 21:52:55.115  1894  4473 I hw-BpHwBinder: onLastStrongRef automatically unlinking death recipients
07-06 21:52:55.116  1894  4473 D Codec2-DumpInput: [~DumpInput:L424][c2.qti.avc.decoder_377] this:0xb4000074f96ea818
07-06 21:52:55.116  1894  4473 D OplusToneMapperFilter: [~OplusTonemapperFilter:L662]
07-06 21:52:55.116  1894  4473 D OplusDumpOutputFilter: [~OplusDumpOutputFilter:L316]
07-06 21:52:55.116  2649 22024 I hw-BpHwBinder: onLastStrongRef automatically unlinking death recipients
07-06 21:52:55.119  5703  8119 D AppModule: onTriggerHookEvent: eventId=27, pid=19063, uid=10244, pkgName=com.oneplus.gallery
07-06 21:52:55.119  5703  8119 D SystemState: noteVideoStop,uid=10244
07-06 21:52:55.120  2649  2722 D OplusAtlasMapsUtil: [~OplusAtlasMapsUtil][45]
07-06 21:52:55.121  2649 24222 D AtlasEventUploadUtils: setEvent event:atlas_event_video_monitor_network_switch
07-06 21:52:55.122  4627 10011 V OplusAtlasVideo: callback success event:atlas_event_video_monitor_network_switch eventInfo:STOP,2649,Key,-5476376647157790848
07-06 21:52:55.130 13325 13618 E msys    : E[N WCCConnectionMEM]_WCCConnectionMEMEmitStateChange(3230)=>[INFO] connection/new_state/connecting [connection_id=675937361, wcc_source=1, wcc_reason=2]
07-06 21:52:55.132 13325 13618 E msys    : E[C MEMConnectionManager]_MEMConnectionManagerStateChangeHandler(627)=>[Critical] MEMConnectionState updated to ID: 1 with connectionId: 675937361
07-06 21:52:55.169  1730  8338 E         : DNS_CACHE: hanle request << lookupdns: hostname:z-p42-chat-e2ee-ig-fallback.facebook.com, servername:^, ai_flags:1024, ai_family:0, ai_socktype:1, ai_protocol:0, netid:0, uid:10526
07-06 21:52:55.169 13325 13455 D DNS_CACHE: oplus_oplus_getaddrinfo_proxy lookup from netd: hostname:z-p42-chat-e2ee-ig-fallback.facebook.com, servname:(null) uid: 10526, result_code:408, res = 0x0, found = 0
07-06 21:52:55.170 13325 13618 E msys    : E[N WCCConnectionMEM]_WCCConnectionMEMDoConnectWithAuthKeys(1576)=>[INFO] connection/connect/start/[host=z-p42-chat-e2ee-ig.facebook.com port=443]/[57.144.222.36:443]/socketAddressCount=1
07-06 21:52:55.171  5522  5756 D DnsDomainBlock: onDnsEvent: latencyMs=0, returnCode=4, uid=10526
07-06 21:52:55.171 13325 13618 E msys    : E[N WCCConnectionMEM]_WCCConnectionMEMLifecycleEventHandler(2206)=>[INFO] connection/xmpp/lifecycle_event/will-connect
07-06 21:52:55.171 13325 13618 E msys    : E[A WA]WCCHandshakeCreate(191)=>handshake/create, pq mode:0
07-06 21:52:55.176 19063  8377 I transformer-lite: INFO: [lite_log.cpp:73->AutoLogLevelSetter] get min android log level: 1 and set lite log level to 1
07-06 21:52:55.177 19063  8377 I transformer-lite: INFO: [lite_engine.cpp:441->Run] begin engine run
07-06 21:52:55.177 19063  8377 I transformer-lite: INFO: [cl_rt_engine.cpp:211->Run] begin unexpose out tensor
07-06 21:52:55.177 19063  8377 I transformer-lite: INFO: [cl_rt_engine.cpp:213->Run] finish unexpose out tensor
07-06 21:52:55.177 19063  8377 I transformer-lite: INFO: [cl_rt_engine.cpp:243->Run] begin run kernels
07-06 21:52:55.177 19063  8377 I transformer-lite: INFO: [cl_rt_engine.cpp:249->Run] begin ExposeInTensor
07-06 21:52:55.177 19063  8377 I transformer-lite: INFO: [cl_rt_engine.cpp:251->Run] finish ExposeInTensor
07-06 21:52:55.183 13325 13455 W secondary_dns: I/O Exception while trying to resolve z-p42-chat-e2ee-ig-fallback.facebook.com
07-06 21:52:55.183 13325 13455 W secondary_dns: java.io.IOException: sendto failed: EPERM (Operation not permitted)
07-06 21:52:55.183 13325 13455 W secondary_dns: 	at libcore.io.IoBridge.maybeThrowAfterSendto(IoBridge.java:721)
07-06 21:52:55.183 13325 13455 W secondary_dns: 	at libcore.io.IoBridge.sendto(IoBridge.java:688)
07-06 21:52:55.183 13325 13455 W secondary_dns: 	at java.net.PlainDatagramSocketImpl.send(PlainDatagramSocketImpl.java:126)
07-06 21:52:55.183 13325 13455 W secondary_dns: 	at java.net.DatagramSocket.send(DatagramSocket.java:723)
07-06 21:52:55.183 13325 13455 W secondary_dns: 	at X.BDy.A00(:532)
07-06 21:52:55.183 13325 13455 W secondary_dns: 	at X.57H.call(:6)
