06-13 20:37:03.244 15804 29620 V Capacitor: callback: 65296387, pluginId: NativeExoPlayback, methodName: getStatus, methodData: {}
06-13 20:37:03.246 15804 15804 I Capacitor/Console: File:  - Line 333 - Msg: {"available":true,"wired":true,"message":"ExoPlayer gapless queue — content:// locker bridge + HTTP streams.","state":"idle","positionSecs":0,"durationSecs":0,"queueIndex":0,"queueLength":0,"gaplessEnabled":true}
06-13 20:37:03.469  2138  2762 E HwcComposer: getLuts failed Status(-129, EX_TRANSACTION_FAILED): 'UNKNOWN_TRANSACTION: '
06-13 20:37:03.486 15804 29620 V Capacitor/Plugin: To native (Capacitor plugin): callbackId: 65296388, pluginId: NativeExoPlayback, methodName: getStatus
06-13 20:37:03.486 15804 29620 V Capacitor: callback: 65296388, pluginId: NativeExoPlayback, methodName: getStatus, methodData: {}
06-13 20:37:03.494 15804 15804 I Capacitor/Console: File:  - Line 333 - Msg: {"available":true,"wired":true,"message":"ExoPlayer gapless queue — content:// locker bridge + HTTP streams.","state":"idle","positionSecs":0,"durationSecs":0,"queueIndex":0,"queueLength":0,"gaplessEnabled":true}
06-13 20:37:03.735 15804 29620 V Capacitor/Plugin: To native (Capacitor plugin): callbackId: 65296389, pluginId: NativeExoPlayback, methodName: getStatus
06-13 20:37:03.735 15804 29620 V Capacitor: callback: 65296389, pluginId: NativeExoPlayback, methodName: getStatus, methodData: {}
06-13 20:37:03.745 15804 15804 I Capacitor/Console: File:  - Line 333 - Msg: {"available":true,"wired":true,"message":"ExoPlayer gapless queue — content:// locker bridge + HTTP streams.","state":"idle","positionSecs":0,"durationSecs":0,"queueIndex":0,"queueLength":0,"gaplessEnabled":true}
06-13 20:37:03.846  2138  2762 E HwcComposer: getLuts failed Status(-129, EX_TRANSACTION_FAILED): 'UNKNOWN_TRANSACTION: '
06-13 20:37:03.985 15804 29620 V Capacitor/Plugin: To native (Capacitor plugin): callbackId: 65296390, pluginId: NativeExoPlayback, methodName: getStatus
06-13 20:37:03.985 15804 29620 V Capacitor: callback: 65296390, pluginId: NativeExoPlayback, methodName: getStatus, methodData: {}
06-13 20:37:03.990 15804 15804 I Capacitor/Console: File:  - Line 333 - Msg: {"available":true,"wired":true,"message":"ExoPlayer gapless queue — content:// locker bridge + HTTP streams.","state":"idle","positionSecs":0,"durationSecs":0,"queueIndex":0,"queueLength":0,"gaplessEnabled":true}
06-13 20:37:04.234 15804 29620 V Capacitor/Plugin: To native (Capacitor plugin): callbackId: 65296391, pluginId: NativeExoPlayback, methodName: getStatus
06-13 20:37:04.235 15804 29620 V Capacitor: callback: 65296391, pluginId: NativeExoPlayback, methodName: getStatus, methodData: {}
06-13 20:37:04.243 15804 15804 I Capacitor/Console: File:  - Line 333 - Msg: {"available":true,"wired":true,"message":"ExoPlayer gapless queue — content:// locker bridge + HTTP streams.","state":"idle","positionSecs":0,"durationSecs":0,"queueIndex":0,"queueLength":0,"gaplessEnabled":true}
06-13 20:37:04.484 15804 29620 V Capacitor/Plugin: To native (Capacitor plugin): callbackId: 65296392, pluginId: NativeExoPlayback, methodName: getStatus
06-13 20:37:04.485 15804 29620 V Capacitor: callback: 65296392, pluginId: NativeExoPlayback, methodName: getStatus, methodData: {}
06-13 20:37:04.493 15804 15804 I Capacitor/Console: File:  - Line 333 - Msg: {"available":true,"wired":true,"message":"ExoPlayer gapless queue — content:// locker bridge + HTTP streams.","state":"idle","positionSecs":0,"durationSecs":0,"queueIndex":0,"queueLength":0,"gaplessEnabled":true}
06-13 20:37:04.735 15804 29620 V Capacitor/Plugin: To native (Capacitor plugin): callbackId: 65296393, pluginId: NativeExoPlayback, methodName: getStatus
06-13 20:37:04.735 15804 29620 V Capacitor: callback: 65296393, pluginId: NativeExoPlayback, methodName: getStatus, methodData: {}
06-13 20:37:04.744 15804 15804 I Capacitor/Console: File:  - Line 333 - Msg: {"available":true,"wired":true,"message":"ExoPlayer gapless queue — content:// locker bridge + HTTP streams.","state":"idle","positionSecs":0,"durationSecs":0,"queueIndex":0,"queueLength":0,"gaplessEnabled":true}
06-13 20:37:04.985 15804 29620 V Capacitor/Plugin: To native (Capacitor plugin): callbackId: 65296394, pluginId: NativeExoPlayback, methodName: getStatus
06-13 20:37:04.985 15804 29620 V Capacitor: callback: 65296394, pluginId: NativeExoPlayback, methodName: getStatus, methodData: {}
06-13 20:37:04.994 15804 15804 I Capacitor/Console: File:  - Line 333 - Msg: {"available":true,"wired":true,"message":"ExoPlayer gapless queue — content:// locker bridge + HTTP streams.","state":"idle","positionSecs":0,"durationSecs":0,"queueIndex":0,"queueLength":0,"gaplessEnabled":true}
06-13 20:37:05.217  3250  4158 E msys    : E[N mns:DGWClient]_LogError(280)=>Failed to resolve using system DNS resolver, getaddrinfo(): No address associated with hostname
06-13 20:37:05.220  3250  4158 E msys    : E[N mns:DGWClient]_LogError(280)=>Failed to resolve using system DNS resolver, getaddrinfo(): No address associated with hostname
06-13 20:37:05.235 15804 29620 V Capacitor/Plugin: To native (Capacitor plugin): callbackId: 65296395, pluginId: NativeExoPlayback, methodName: getStatus
06-13 20:37:05.235 15804 29620 V Capacitor: callback: 65296395, pluginId: NativeExoPlayback, methodName: getStatus, methodData: {}
06-13 20:37:05.243 15804 15804 I Capacitor/Console: File:  - Line 333 - Msg: {"available":true,"wired":true,"message":"ExoPlayer gapless queue — content:// locker bridge + HTTP streams.","state":"idle","positionSecs":0,"durationSecs":0,"queueIndex":0,"queueLength":0,"gaplessEnabled":true}
06-13 20:37:05.318 10560 28885 W PTC.DISC.NetRegisterCentral: registerLanInfo failed. msg=Account not logged in desc=wlanAvailable(repeat=0)
06-13 20:37:05.485 15804 29620 V Capacitor/Plugin: To native (Capacitor plugin): callbackId: 65296396, pluginId: NativeExoPlayback, methodName: getStatus
06-13 20:37:05.486 15804 29620 V Capacitor: callback: 65296396, pluginId: NativeExoPlayback, methodName: getStatus, methodData: {}
06-13 20:37:05.497 15804 15804 I Capacitor/Console: File:  - Line 333 - Msg: {"available":true,"wired":true,"message":"ExoPlayer gapless queue — content:// locker bridge + HTTP streams.","state":"idle","positionSecs":0,"durationSecs":0,"queueIndex":0,"queueLength":0,"gaplessEnabled":true}
06-13 20:37:05.737 15804 29620 V Capacitor/Plugin: To native (Capacitor plugin): callbackId: 65296397, pluginId: NativeExoPlayback, methodName: getStatus
06-13 20:37:05.737 15804 29620 V Capacitor: callback: 65296397, pluginId: NativeExoPlayback, methodName: getStatus, methodData: {}
06-13 20:37:05.744 15804 15804 I Capacitor/Console: File:  - Line 333 - Msg: {"available":true,"wired":true,"message":"ExoPlayer gapless queue — content:// locker bridge + HTTP streams.","state":"idle","positionSecs":0,"durationSecs":0,"queueIndex":0,"queueLength":0,"gaplessEnabled":true}
06-13 20:37:05.984 15804 29620 V Capacitor/Plugin: To native (Capacitor plugin): callbackId: 65296398, pluginId: NativeExoPlayback, methodName: getStatus
06-13 20:37:05.985 15804 29620 V Capacitor: callback: 65296398, pluginId: NativeExoPlayback, methodName: getStatus, methodData: {}
06-13 20:37:05.994 15804 15804 I Capacitor/Console: File:  - Line 333 - Msg: {"available":true,"wired":true,"message":"ExoPlayer gapless queue — content:// locker bridge + HTTP streams.","state":"idle","positionSecs":0,"durationSecs":0,"queueIndex":0,"queueLength":0,"gaplessEnabled":true}
06-13 20:37:06.234 15804 29620 V Capacitor/Plugin: To native (Capacitor plugin): callbackId: 65296399, pluginId: NativeExoPlayback, methodName: getStatus
06-13 20:37:06.235 15804 29620 V Capacitor: callback: 65296399, pluginId: NativeExoPlayback, methodName: getStatus, methodData: {}
06-13 20:37:06.244 15804 15804 I Capacitor/Console: File:  - Line 333 - Msg: {"available":true,"wired":true,"message":"ExoPlayer gapless queue — content:// locker bridge + HTTP streams.","state":"idle","positionSecs":0,"durationSecs":0,"queueIndex":0,"queueLength":0,"gaplessEnabled":true}
06-13 20:37:06.485 15804 29620 V Capacitor/Plugin: To native (Capacitor plugin): callbackId: 65296400, pluginId: NativeExoPlayback, methodName: getStatus
06-13 20:37:06.486 15804 29620 V Capacitor: callback: 65296400, pluginId: NativeExoPlayback, methodName: getStatus, methodData: {}
06-13 20:37:06.498 15804 15804 I Capacitor/Console: File:  - Line 333 - Msg: {"available":true,"wired":true,"message":"ExoPlayer gapless queue — content:// locker bridge + HTTP streams.","state":"idle","positionSecs":0,"durationSecs":0,"queueIndex":0,"queueLength":0,"gaplessEnabled":true}
06-13 20:37:06.735 15804 29620 V Capacitor/Plugin: To native (Capacitor plugin): callbackId: 65296401, pluginId: NativeExoPlayback, methodName: getStatus
06-13 20:37:06.736 15804 29620 V Capacitor: callback: 65296401, pluginId: NativeExoPlayback, methodName: getStatus, methodData: {}
06-13 20:37:06.743 15804 15804 I Capacitor/Console: File:  - Line 333 - Msg: {"available":true,"wired":true,"message":"ExoPlayer gapless queue — content:// locker bridge + HTTP streams.","state":"idle","positionSecs":0,"durationSecs":0,"queueIndex":0,"queueLength":0,"gaplessEnabled":true}
06-13 20:37:06.985 15804 29620 V Capacitor/Plugin: To native (Capacitor plugin): callbackId: 65296402, pluginId: NativeExoPlayback, methodName: getStatus
06-13 20:37:06.986 15804 29620 V Capacitor: callback: 65296402, pluginId: NativeExoPlayback, methodName: getStatus, methodData: {}
06-13 20:37:06.994 15804 15804 I Capacitor/Console: File:  - Line 333 - Msg: {"available":true,"wired":true,"message":"ExoPlayer gapless queue — content:// locker bridge + HTTP streams.","state":"idle","positionSecs":0,"durationSecs":0,"queueIndex":0,"queueLength":0,"gaplessEnabled":true}
06-13 20:37:07.234 15804 29620 V Capacitor/Plugin: To native (Capacitor plugin): callbackId: 65296403, pluginId: NativeExoPlayback, methodName: getStatus
06-13 20:37:07.235 15804 29620 V Capacitor: callback: 65296403, pluginId: NativeExoPlayback, methodName: getStatus, methodData: {}
06-13 20:37:07.244 15804 15804 I Capacitor/Console: File:  - Line 333 - Msg: {"available":true,"wired":true,"message":"ExoPlayer gapless queue — content:// locker bridge + HTTP streams.","state":"idle","positionSecs":0,"durationSecs":0,"queueIndex":0,"queueLength":0,"gaplessEnabled":true}
06-13 20:37:07.377  2138  2762 E HwcComposer: getLuts failed Status(-129, EX_TRANSACTION_FAILED): 'UNKNOWN_TRANSACTION: '
06-13 20:37:07.486 15804 29620 V Capacitor/Plugin: To native (Capacitor plugin): callbackId: 65296404, pluginId: NativeExoPlayback, methodName: getStatus
06-13 20:37:07.486 15804 29620 V Capacitor: callback: 65296404, pluginId: NativeExoPlayback, methodName: getStatus, methodData: {}
06-13 20:37:07.498 15804 15804 I Capacitor/Console: File:  - Line 333 - Msg: {"available":true,"wired":true,"message":"ExoPlayer gapless queue — content:// locker bridge + HTTP streams.","state":"idle","positionSecs":0,"durationSecs":0,"queueIndex":0,"queueLength":0,"gaplessEnabled":true}
06-13 20:37:07.629  2138  2762 E HwcComposer: getLuts failed Status(-129, EX_TRANSACTION_FAILED): 'UNKNOWN_TRANSACTION: '
06-13 20:37:07.735 15804 29620 V Capacitor/Plugin: To native (Capacitor plugin): callbackId: 65296405, pluginId: NativeExoPlayback, methodName: getStatus
06-13 20:37:07.736 15804 29620 V Capacitor: callback: 65296405, pluginId: NativeExoPlayback, methodName: getStatus, methodData: {}
06-13 20:37:07.746 15804 15804 I Capacitor/Console: File:  - Line 333 - Msg: {"available":true,"wired":true,"message":"ExoPlayer gapless queue — content:// locker bridge + HTTP streams.","state":"idle","positionSecs":0,"durationSecs":0,"queueIndex":0,"queueLength":0,"gaplessEnabled":true}
06-13 20:37:07.893  2138  2762 E HwcComposer: getLuts failed Status(-129, EX_TRANSACTION_FAILED): 'UNKNOWN_TRANSACTION: '
06-13 20:37:07.974  4908  5083 I SystemUi--Statusbar: PrivacyDotViewController-->resolveState ViewState(viewInitialized=true, systemPrivacyEventIsActive=false, shadeExpanded=false, needShow=true, portraitRect=Rect(0, 0 - 1440, 160), landscapeRect=Rect(160, 0 - 3168, 160), upsideDownRect=Rect(0, 0 - 1440, 160), seascapeRect=Rect(0, 0 - 2990, 160), layoutRtl=false, rotation=0, paddingTop=13, paddingBottom=13, cornerIndex=-1, corner=TopRight, designatedCorner=android.widget.FrameLayout{5c62b44 I.E...... .......D 1365,0-1440,160 #7f0a0ad3 app:id/privacy_dot_top_right_container alpha=0.0 viewInfo = }, contentDescription=Applications are using your microphone., dotMargin=93)
06-13 20:37:07.985 15804 29620 V Capacitor/Plugin: To native (Capacitor plugin): callbackId: 65296406, pluginId: NativeExoPlayback, methodName: getStatus
06-13 20:37:07.988 15804 29620 V Capacitor: callback: 65296406, pluginId: NativeExoPlayback, methodName: getStatus, methodData: {}
06-13 20:37:07.996 15804 15804 I Capacitor/Console: File:  - Line 333 - Msg: {"available":true,"wired":true,"message":"ExoPlayer gapless queue — content:// locker bridge + HTTP streams.","state":"idle","positionSecs":0,"durationSecs":0,"queueIndex":0,"queueLength":0,"gaplessEnabled":true}
06-13 20:37:08.145  2138  2762 E HwcComposer: getLuts failed Status(-129, EX_TRANSACTION_FAILED): 'UNKNOWN_TRANSACTION: '
06-13 20:37:08.234 15804 29620 V Capacitor/Plugin: To native (Capacitor plugin): callbackId: 65296407, pluginId: NativeExoPlayback, methodName: getStatus
06-13 20:37:08.235 15804 29620 V Capacitor: callback: 65296407, pluginId: NativeExoPlayback, methodName: getStatus, methodData: {}
06-13 20:37:08.246 15804 15804 I Capacitor/Console: File:  - Line 333 - Msg: {"available":true,"wired":true,"message":"ExoPlayer gapless queue — content:// locker bridge + HTTP streams.","state":"idle","positionSecs":0,"durationSecs":0,"queueIndex":0,"queueLength":0,"gaplessEnabled":true}
06-13 20:37:08.334 10560 28885 W PTC.DISC.NetRegisterCentral: registerLanInfo failed. msg=Account not logged in desc=wlanAvailable(repeat=0)
06-13 20:37:08.485 15804 29620 V Capacitor/Plugin: To native (Capacitor plugin): callbackId: 65296408, pluginId: NativeExoPlayback, methodName: getStatus
06-13 20:37:08.485 15804 29620 V Capacitor: callback: 65296408, pluginId: NativeExoPlayback, methodName: getStatus, methodData: {}
06-13 20:37:08.494 15804 15804 I Capacitor/Console: File:  - Line 333 - Msg: {"available":true,"wired":true,"message":"ExoPlayer gapless queue — content:// locker bridge + HTTP streams.","state":"idle","positionSecs":0,"durationSecs":0,"queueIndex":0,"queueLength":0,"gaplessEnabled":true}
06-13 20:37:08.733 15804 29620 V Capacitor/Plugin: To native (Capacitor plugin): callbackId: 65296409, pluginId: NativeExoPlayback, methodName: getStatus
06-13 20:37:08.734 15804 29620 V Capacitor: callback: 65296409, pluginId: NativeExoPlayback, methodName: getStatus, methodData: {}
06-13 20:37:08.736 15804 15804 I Capacitor/Console: File:  - Line 333 - Msg: {"available":true,"wired":true,"message":"ExoPlayer gapless queue — content:// locker bridge + HTTP streams.","state":"idle","positionSecs":0,"durationSecs":0,"queueIndex":0,"queueLength":0,"gaplessEnabled":true}
06-13 20:37:08.742  4908  4908 I SystemUi--Notification: OplusNotificationTempla-->resolveContentMargin: marginTop=144 isChildInGroup=false hasSubtitle=false params.topMargin=144
06-13 20:37:08.742  4908  4908 I SystemUi--Notification: OplusNotificationTempla-->resolveContentMargin: marginTop=144 isChildInGroup=false hasSubtitle=false params.topMargin=144
06-13 20:37:08.985 15804 29620 V Capacitor/Plugin: To native (Capacitor plugin): callbackId: 65296410, pluginId: NativeExoPlayback, methodName: getStatus
06-13 20:37:08.985 15804 29620 V Capacitor: callback: 65296410, pluginId: NativeExoPlayback, methodName: getStatus, methodData: {}
06-13 20:37:08.994 15804 15804 I Capacitor/Console: File:  - Line 333 - Msg: {"available":true,"wired":true,"message":"ExoPlayer gapless queue — content:// locker bridge + HTTP streams.","state":"idle","positionSecs":0,"durationSecs":0,"queueIndex":0,"queueLength":0,"gaplessEnabled":true}
06-13 20:37:08.994  2138  2762 E HwcComposer: getLuts failed Status(-129, EX_TRANSACTION_FAILED): 'UNKNOWN_TRANSACTION: '
06-13 20:37:09.223  4908  5101 D LocalImageResolver: Couldn't use ImageDecoder for drawable, falling back to non-resized load.
06-13 20:37:09.228  4908  5101 D LocalImageResolver: Couldn't use ImageDecoder for drawable, falling back to non-resized load.
06-13 20:37:09.229  4908  5101 D LocalImageResolver: Couldn't use ImageDecoder for drawable, falling back to non-resized load.
06-13 20:37:09.234 15804 29620 V Capacitor/Plugin: To native (Capacitor plugin): callbackId: 65296411, pluginId: NativeExoPlayback, methodName: getStatus
06-13 20:37:09.235 15804 29620 V Capacitor: callback: 65296411, pluginId: NativeExoPlayback, methodName: getStatus, methodData: {}
06-13 20:37:09.247 15804 15804 I Capacitor/Console: File:  - Line 333 - Msg: {"available":true,"wired":true,"message":"ExoPlayer gapless queue — content:// locker bridge + HTTP streams.","state":"idle","positionSecs":0,"durationSecs":0,"queueIndex":0,"queueLength":0,"gaplessEnabled":true}
06-13 20:37:09.256  4908  4908 I SystemUi--Notification: OplusNotificationTempla-->resolveContentMargin: marginTop=144 isChildInGroup=false hasSubtitle=true params.topMargin=144
06-13 20:37:09.257  4908  4908 I SystemUi--Notification: OplusNotificationTempla-->resolveContentMargin: marginTop=144 isChildInGroup=false hasSubtitle=false params.topMargin=144
06-13 20:37:09.257  4908  4908 I SystemUi--Notification: OplusNotificationTempla-->resolveContentMargin: marginTop=144 isChildInGroup=false hasSubtitle=false params.topMargin=144
06-13 20:37:09.486 15804 29620 V Capacitor/Plugin: To native (Capacitor plugin): callbackId: 65296412, pluginId: NativeExoPlayback, methodName: getStatus
06-13 20:37:09.486 15804 29620 V Capacitor: callback: 65296412, pluginId: NativeExoPlayback, methodName: getStatus, methodData: {}
06-13 20:37:09.497 15804 15804 I Capacitor/Console: File:  - Line 333 - Msg: {"available":true,"wired":true,"message":"ExoPlayer gapless queue — content:// locker bridge + HTTP streams.","state":"idle","positionSecs":0,"durationSecs":0,"queueIndex":0,"queueLength":0,"gaplessEnabled":true}
06-13 20:37:09.735 15804 29620 V Capacitor/Plugin: To native (Capacitor plugin): callbackId: 65296413, pluginId: NativeExoPlayback, methodName: getStatus
06-13 20:37:09.736 15804 29620 V Capacitor: callback: 65296413, pluginId: NativeExoPlayback, methodName: getStatus, methodData: {}
06-13 20:37:09.744 15804 15804 I Capacitor/Console: File:  - Line 333 - Msg: {"available":true,"wired":true,"message":"ExoPlayer gapless queue — content:// locker bridge + HTTP streams.","state":"idle","positionSecs":0,"durationSecs":0,"queueIndex":0,"queueLength":0,"gaplessEnabled":true}
06-13 20:37:09.858  2138  2762 E HwcComposer: getLuts failed Status(-129, EX_TRANSACTION_FAILED): 'UNKNOWN_TRANSACTION: '
06-13 20:37:09.985 15804 29620 V Capacitor/Plugin: To native (Capacitor plugin): callbackId: 65296414, pluginId: NativeExoPlayback, methodName: getStatus
06-13 20:37:09.986 15804 29620 V Capacitor: callback: 65296414, pluginId: NativeExoPlayback, methodName: getStatus, methodData: {}
06-13 20:37:09.996 15804 15804 I Capacitor/Console: File:  - Line 333 - Msg: {"available":true,"wired":true,"message":"ExoPlayer gapless queue — content:// locker bridge + HTTP streams.","state":"idle","positionSecs":0,"durationSecs":0,"queueIndex":0,"queueLength":0,"gaplessEnabled":true}
06-13 20:37:10.234 15804 29620 V Capacitor/Plugin: To native (Capacitor plugin): callbackId: 65296415, pluginId: NativeExoPlayback, methodName: getStatus
06-13 20:37:10.235 15804 29620 V Capacitor: callback: 65296415, pluginId: NativeExoPlayback, methodName: getStatus, methodData: {}
06-13 20:37:10.241 15804 15804 I Capacitor/Console: File:  - Line 333 - Msg: {"available":true,"wired":true,"message":"ExoPlayer gapless queue — content:// locker bridge + HTTP streams.","state":"idle","positionSecs":0,"durationSecs":0,"queueIndex":0,"queueLength":0,"gaplessEnabled":true}
06-13 20:37:10.484 15804 29620 V Capacitor/Plugin: To native (Capacitor plugin): callbackId: 65296416, pluginId: NativeExoPlayback, methodName: getStatus
06-13 20:37:10.485 15804 29620 V Capacitor: callback: 65296416, pluginId: NativeExoPlayback, methodName: getStatus, methodData: {}
06-13 20:37:10.494 15804 15804 I Capacitor/Console: File:  - Line 333 - Msg: {"available":true,"wired":true,"message":"ExoPlayer gapless queue — content:// locker bridge + HTTP streams.","state":"idle","positionSecs":0,"durationSecs":0,"queueIndex":0,"queueLength":0,"gaplessEnabled":true}
06-13 20:37:10.734 15804 29620 V Capacitor/Plugin: To native (Capacitor plugin): callbackId: 65296417, pluginId: NativeExoPlayback, methodName: getStatus
06-13 20:37:10.736 15804 29620 V Capacitor: callback: 65296417, pluginId: NativeExoPlayback, methodName: getStatus, methodData: {}
06-13 20:37:10.746 15804 15804 I Capacitor/Console: File:  - Line 333 - Msg: {"available":true,"wired":true,"message":"ExoPlayer gapless queue — content:// locker bridge + HTTP streams.","state":"idle","positionSecs":0,"durationSecs":0,"queueIndex":0,"queueLength":0,"gaplessEnabled":true}
06-13 20:37:10.985 15804 29620 V Capacitor/Plugin: To native (Capacitor plugin): callbackId: 65296418, pluginId: NativeExoPlayback, methodName: getStatus
06-13 20:37:10.986 15804 29620 V Capacitor: callback: 65296418, pluginId: NativeExoPlayback, methodName: getStatus, methodData: {}
06-13 20:37:10.994 15804 15804 I Capacitor/Console: File:  - Line 333 - Msg: {"available":true,"wired":true,"message":"ExoPlayer gapless queue — content:// locker bridge + HTTP streams.","state":"idle","positionSecs":0,"durationSecs":0,"queueIndex":0,"queueLength":0,"gaplessEnabled":true}
06-13 20:37:11.234 15804 29620 V Capacitor/Plugin: To native (Capacitor plugin): callbackId: 65296419, pluginId: NativeExoPlayback, methodName: getStatus
06-13 20:37:11.235 15804 29620 V Capacitor: callback: 65296419, pluginId: NativeExoPlayback, methodName: getStatus, methodData: {}
06-13 20:37:11.245 15804 15804 I Capacitor/Console: File:  - Line 333 - Msg: {"available":true,"wired":true,"message":"ExoPlayer gapless queue — content:// locker bridge + HTTP streams.","state":"idle","positionSecs":0,"durationSecs":0,"queueIndex":0,"queueLength":0,"gaplessEnabled":true}
06-13 20:37:11.362 10560 16645 W PTC.DISC.NetRegisterCentral: registerLanInfo failed. msg=Account not logged in desc=wlanAvailable(repeat=0)
06-13 20:37:11.488 15804 29620 V Capacitor/Plugin: To native (Capacitor plugin): callbackId: 65296420, pluginId: NativeExoPlayback, methodName: getStatus
06-13 20:37:11.488 15804 29620 V Capacitor: callback: 65296420, pluginId: NativeExoPlayback, methodName: getStatus, methodData: {}
06-13 20:37:11.496 15804 15804 I Capacitor/Console: File:  - Line 333 - Msg: {"available":true,"wired":true,"message":"ExoPlayer gapless queue — content:// locker bridge + HTTP streams.","state":"idle","positionSecs":0,"durationSecs":0,"queueIndex":0,"queueLength":0,"gaplessEnabled":true}
06-13 20:37:11.735 15804 29620 V Capacitor/Plugin: To native (Capacitor plugin): callbackId: 65296421, pluginId: NativeExoPlayback, methodName: getStatus
06-13 20:37:11.736 15804 29620 V Capacitor: callback: 65296421, pluginId: NativeExoPlayback, methodName: getStatus, methodData: {}
06-13 20:37:11.744 15804 15804 I Capacitor/Console: File:  - Line 333 - Msg: {"available":true,"wired":true,"message":"ExoPlayer gapless queue — content:// locker bridge + HTTP streams.","state":"idle","positionSecs":0,"durationSecs":0,"queueIndex":0,"queueLength":0,"gaplessEnabled":true}
06-13 20:37:11.907  3250  3958 E msys    : E[N mns:TigonMNS]_LogError(280)=>Failed to resolve using system DNS resolver, getaddrinfo(): No address associated with hostname
06-13 20:37:11.908  3250  3958 E msys    : E[N mns:TigonMNS]_LogError(280)=>Failed to resolve using system DNS resolver, getaddrinfo(): No address associated with hostname
06-13 20:37:11.986 15804 29620 V Capacitor/Plugin: To native (Capacitor plugin): callbackId: 65296422, pluginId: NativeExoPlayback, methodName: getStatus
06-13 20:37:11.987 15804 29620 V Capacitor: callback: 65296422, pluginId: NativeExoPlayback, methodName: getStatus, methodData: {}
06-13 20:37:11.996 15804 15804 I Capacitor/Console: File:  - Line 333 - Msg: {"available":true,"wired":true,"message":"ExoPlayer gapless queue — content:// locker bridge + HTTP streams.","state":"idle","positionSecs":0,"durationSecs":0,"queueIndex":0,"queueLength":0,"gaplessEnabled":true}
06-13 20:37:12.236 15804 29620 V Capacitor/Plugin: To native (Capacitor plugin): callbackId: 65296423, pluginId: NativeExoPlayback, methodName: getStatus
06-13 20:37:12.236 15804 29620 V Capacitor: callback: 65296423, pluginId: NativeExoPlayback, methodName: getStatus, methodData: {}
06-13 20:37:12.244 15804 15804 I Capacitor/Console: File:  - Line 333 - Msg: {"available":true,"wired":true,"message":"ExoPlayer gapless queue — content:// locker bridge + HTTP streams.","state":"idle","positionSecs":0,"durationSecs":0,"queueIndex":0,"queueLength":0,"gaplessEnabled":true}
06-13 20:37:12.440  3250  4158 E msys    : E[N mns:DGWClient]_LogError(280)=>Failed to resolve using system DNS resolver, getaddrinfo(): No address associated with hostname
06-13 20:37:12.444  3250  4158 E msys    : E[N mns:DGWClient]_LogError(280)=>Failed to resolve using system DNS resolver, getaddrinfo(): No address associated with hostname
06-13 20:37:12.485 15804 29620 V Capacitor/Plugin: To native (Capacitor plugin): callbackId: 65296424, pluginId: NativeExoPlayback, methodName: getStatus
06-13 20:37:12.486 15804 29620 V Capacitor: callback: 65296424, pluginId: NativeExoPlayback, methodName: getStatus, methodData: {}
06-13 20:37:12.491 15804 15804 I Capacitor/Console: File:  - Line 333 - Msg: {"available":true,"wired":true,"message":"ExoPlayer gapless queue — content:// locker bridge + HTTP streams.","state":"idle","positionSecs":0,"durationSecs":0,"queueIndex":0,"queueLength":0,"gaplessEnabled":true}
06-13 20:37:12.528  3250  4158 E msys    : E[N mns:DGWClient]_LogError(280)=>Failed to resolve using system DNS resolver, getaddrinfo(): No address associated with hostname
06-13 20:37:12.734 15804 29620 V Capacitor/Plugin: To native (Capacitor plugin): callbackId: 65296425, pluginId: NativeExoPlayback, methodName: getStatus
06-13 20:37:12.734 15804 29620 V Capacitor: callback: 65296425, pluginId: NativeExoPlayback, methodName: getStatus, methodData: {}
06-13 20:37:12.743 15804 15804 I Capacitor/Console: File:  - Line 333 - Msg: {"available":true,"wired":true,"message":"ExoPlayer gapless queue — content:// locker bridge + HTTP streams.","state":"idle","positionSecs":0,"durationSecs":0,"queueIndex":0,"queueLength":0,"gaplessEnabled":true}
06-13 20:37:12.984 15804 29620 V Capacitor/Plugin: To native (Capacitor plugin): callbackId: 65296426, pluginId: NativeExoPlayback, methodName: getStatus
06-13 20:37:12.985 15804 29620 V Capacitor: callback: 65296426, pluginId: NativeExoPlayback, methodName: getStatus, methodData: {}
06-13 20:37:12.990 15804 15804 I Capacitor/Console: File:  - Line 333 - Msg: {"available":true,"wired":true,"message":"ExoPlayer gapless queue — content:// locker bridge + HTTP streams.","state":"idle","positionSecs":0,"durationSecs":0,"queueIndex":0,"queueLength":0,"gaplessEnabled":true}
06-13 20:37:13.234 15804 29620 V Capacitor/Plugin: To native (Capacitor plugin): callbackId: 65296427, pluginId: NativeExoPlayback, methodName: getStatus
06-13 20:37:13.234 15804 29620 V Capacitor: callback: 65296427, pluginId: NativeExoPlayback, methodName: getStatus, methodData: {}
06-13 20:37:13.239 15804 15804 I Capacitor/Console: File:  - Line 333 - Msg: {"available":true,"wired":true,"message":"ExoPlayer gapless queue — content:// locker bridge + HTTP streams.","state":"idle","positionSecs":0,"durationSecs":0,"queueIndex":0,"queueLength":0,"gaplessEnabled":true}
06-13 20:37:13.484 15804 29620 V Capacitor/Plugin: To native (Capacitor plugin): callbackId: 65296428, pluginId: NativeExoPlayback, methodName: getStatus
06-13 20:37:13.485 15804 29620 V Capacitor: callback: 65296428, pluginId: NativeExoPlayback, methodName: getStatus, methodData: {}
06-13 20:37:13.492 15804 15804 I Capacitor/Console: File:  - Line 333 - Msg: {"available":true,"wired":true,"message":"ExoPlayer gapless queue — content:// locker bridge + HTTP streams.","state":"idle","positionSecs":0,"durationSecs":0,"queueIndex":0,"queueLength":0,"gaplessEnabled":true}
06-13 20:37:13.737 15804 29620 V Capacitor/Plugin: To native (Capacitor plugin): callbackId: 65296429, pluginId: NativeExoPlayback, methodName: getStatus
06-13 20:37:13.737 15804 29620 V Capacitor: callback: 65296429, pluginId: NativeExoPlayback, methodName: getStatus, methodData: {}
06-13 20:37:13.742 15804 15804 I Capacitor/Console: File:  - Line 333 - Msg: {"available":true,"wired":true,"message":"ExoPlayer gapless queue — content:// locker bridge + HTTP streams.","state":"idle","positionSecs":0,"durationSecs":0,"queueIndex":0,"queueLength":0,"gaplessEnabled":true}
06-13 20:37:13.985 15804 29620 V Capacitor/Plugin: To native (Capacitor plugin): callbackId: 65296430, pluginId: NativeExoPlayback, methodName: getStatus
06-13 20:37:13.986 15804 29620 V Capacitor: callback: 65296430, pluginId: NativeExoPlayback, methodName: getStatus, methodData: {}
06-13 20:37:13.998 15804 15804 I Capacitor/Console: File:  - Line 333 - Msg: {"available":true,"wired":true,"message":"ExoPlayer gapless queue — content:// locker bridge + HTTP streams.","state":"idle","positionSecs":0,"durationSecs":0,"queueIndex":0,"queueLength":0,"gaplessEnabled":true}
06-13 20:37:14.235 15804 29620 V Capacitor/Plugin: To native (Capacitor plugin): callbackId: 65296431, pluginId: NativeExoPlayback, methodName: getStatus
06-13 20:37:14.235 15804 29620 V Capacitor: callback: 65296431, pluginId: NativeExoPlayback, methodName: getStatus, methodData: {}
06-13 20:37:14.246 15804 15804 I Capacitor/Console: File:  - Line 333 - Msg: {"available":true,"wired":true,"message":"ExoPlayer gapless queue — content:// locker bridge + HTTP streams.","state":"idle","positionSecs":0,"durationSecs":0,"queueIndex":0,"queueLength":0,"gaplessEnabled":true}
06-13 20:37:14.394  2138  2762 E HwcComposer: getLuts failed Status(-129, EX_TRANSACTION_FAILED): 'UNKNOWN_TRANSACTION: '
06-13 20:37:14.486 15804 29620 V Capacitor/Plugin: To native (Capacitor plugin): callbackId: 65296432, pluginId: NativeExoPlayback, methodName: getStatus
06-13 20:37:14.486 15804 29620 V Capacitor: callback: 65296432, pluginId: NativeExoPlayback, methodName: getStatus, methodData: {}
06-13 20:37:14.494 15804 15804 I Capacitor/Console: File:  - Line 333 - Msg: {"available":true,"wired":true,"message":"ExoPlayer gapless queue — content:// locker bridge + HTTP streams.","state":"idle","positionSecs":0,"durationSecs":0,"queueIndex":0,"queueLength":0,"gaplessEnabled":true}
06-13 20:37:14.645  2138  2762 E HwcComposer: getLuts failed Status(-129, EX_TRANSACTION_FAILED): 'UNKNOWN_TRANSACTION: '
06-13 20:37:14.737 15804 29620 V Capacitor/Plugin: To native (Capacitor plugin): callbackId: 65296433, pluginId: NativeExoPlayback, methodName: getStatus
06-13 20:37:14.738 15804 29620 V Capacitor: callback: 65296433, pluginId: NativeExoPlayback, methodName: getStatus, methodData: {}
06-13 20:37:14.747 15804 15804 I Capacitor/Console: File:  - Line 333 - Msg: {"available":true,"wired":true,"message":"ExoPlayer gapless queue — content:// locker bridge + HTTP streams.","state":"idle","positionSecs":0,"durationSecs":0,"queueIndex":0,"queueLength":0,"gaplessEnabled":true}
06-13 20:37:14.985 15804 29620 V Capacitor/Plugin: To native (Capacitor plugin): callbackId: 65296434, pluginId: NativeExoPlayback, methodName: getStatus
06-13 20:37:14.986 15804 29620 V Capacitor: callback: 65296434, pluginId: NativeExoPlayback, methodName: getStatus, methodData: {}
06-13 20:37:14.996 15804 15804 I Capacitor/Console: File:  - Line 333 - Msg: {"available":true,"wired":true,"message":"ExoPlayer gapless queue — content:// locker bridge + HTTP streams.","state":"idle","positionSecs":0,"durationSecs":0,"queueIndex":0,"queueLength":0,"gaplessEnabled":true}
06-13 20:37:15.237 15804 29620 V Capacitor/Plugin: To native (Capacitor plugin): callbackId: 65296435, pluginId: NativeExoPlayback, methodName: getStatus
06-13 20:37:15.237 15804 29620 V Capacitor: callback: 65296435, pluginId: NativeExoPlayback, methodName: getStatus, methodData: {}
06-13 20:37:15.245 15804 15804 I Capacitor/Console: File:  - Line 333 - Msg: {"available":true,"wired":true,"message":"ExoPlayer gapless queue — content:// locker bridge + HTTP streams.","state":"idle","positionSecs":0,"durationSecs":0,"queueIndex":0,"queueLength":0,"gaplessEnabled":true}
06-13 20:37:15.485 15804 29620 V Capacitor/Plugin: To native (Capacitor plugin): callbackId: 65296436, pluginId: NativeExoPlayback, methodName: getStatus
06-13 20:37:15.486 15804 29620 V Capacitor: callback: 65296436, pluginId: NativeExoPlayback, methodName: getStatus, methodData: {}
06-13 20:37:15.491 15804 15804 I Capacitor/Console: File:  - Line 333 - Msg: {"available":true,"wired":true,"message":"ExoPlayer gapless queue — content:// locker bridge + HTTP streams.","state":"idle","positionSecs":0,"durationSecs":0,"queueIndex":0,"queueLength":0,"gaplessEnabled":true}
06-13 20:37:15.737 15804 29620 V Capacitor/Plugin: To native (Capacitor plugin): callbackId: 65296437, pluginId: NativeExoPlayback, methodName: getStatus
06-13 20:37:15.737 15804 29620 V Capacitor: callback: 65296437, pluginId: NativeExoPlayback, methodName: getStatus, methodData: {}
06-13 20:37:15.745 15804 15804 I Capacitor/Console: File:  - Line 333 - Msg: {"available":true,"wired":true,"message":"ExoPlayer gapless queue — content:// locker bridge + HTTP streams.","state":"idle","positionSecs":0,"durationSecs":0,"queueIndex":0,"queueLength":0,"gaplessEnabled":true}
06-13 20:37:15.984 15804 29620 V Capacitor/Plugin: To native (Capacitor plugin): callbackId: 65296438, pluginId: NativeExoPlayback, methodName: getStatus
06-13 20:37:15.985 15804 29620 V Capacitor: callback: 65296438, pluginId: NativeExoPlayback, methodName: getStatus, methodData: {}
06-13 20:37:15.992 15804 15804 I Capacitor/Console: File:  - Line 333 - Msg: {"available":true,"wired":true,"message":"ExoPlayer gapless queue — content:// locker bridge + HTTP streams.","state":"idle","positionSecs":0,"durationSecs":0,"queueIndex":0,"queueLength":0,"gaplessEnabled":true}
06-13 20:37:16.235 15804 29620 V Capacitor/Plugin: To native (Capacitor plugin): callbackId: 65296439, pluginId: NativeExoPlayback, methodName: getStatus
06-13 20:37:16.235 15804 29620 V Capacitor: callback: 65296439, pluginId: NativeExoPlayback, methodName: getStatus, methodData: {}
06-13 20:37:16.244 15804 15804 I Capacitor/Console: File:  - Line 333 - Msg: {"available":true,"wired":true,"message":"ExoPlayer gapless queue — content:// locker bridge + HTTP streams.","state":"idle","positionSecs":0,"durationSecs":0,"queueIndex":0,"queueLength":0,"gaplessEnabled":true}
06-13 20:37:16.484 15804 29620 V Capacitor/Plugin: To native (Capacitor plugin): callbackId: 65296440, pluginId: NativeExoPlayback, methodName: getStatus
06-13 20:37:16.485 15804 29620 V Capacitor: callback: 65296440, pluginId: NativeExoPlayback, methodName: getStatus, methodData: {}
06-13 20:37:16.491 15804 15804 I Capacitor/Console: File:  - Line 333 - Msg: {"available":true,"wired":true,"message":"ExoPlayer gapless queue — content:// locker bridge + HTTP streams.","state":"idle","positionSecs":0,"durationSecs":0,"queueIndex":0,"queueLength":0,"gaplessEnabled":true}
06-13 20:37:16.734 15804 29620 V Capacitor/Plugin: To native (Capacitor plugin): callbackId: 65296441, pluginId: NativeExoPlayback, methodName: getStatus
06-13 20:37:16.735 15804 29620 V Capacitor: callback: 65296441, pluginId: NativeExoPlayback, methodName: getStatus, methodData: {}
06-13 20:37:16.743 15804 15804 I Capacitor/Console: File:  - Line 333 - Msg: {"available":true,"wired":true,"message":"ExoPlayer gapless queue — content:// locker bridge + HTTP streams.","state":"idle","positionSecs":0,"durationSecs":0,"queueIndex":0,"queueLength":0,"gaplessEnabled":true}
06-13 20:37:16.985 15804 29620 V Capacitor/Plugin: To native (Capacitor plugin): callbackId: 65296442, pluginId: NativeExoPlayback, methodName: getStatus
06-13 20:37:16.985 15804 29620 V Capacitor: callback: 65296442, pluginId: NativeExoPlayback, methodName: getStatus, methodData: {}
06-13 20:37:16.998 15804 15804 I Capacitor/Console: File:  - Line 333 - Msg: {"available":true,"wired":true,"message":"ExoPlayer gapless queue — content:// locker bridge + HTTP streams.","state":"idle","positionSecs":0,"durationSecs":0,"queueIndex":0,"queueLength":0,"gaplessEnabled":true}
06-13 20:37:17.235 15804 29620 V Capacitor/Plugin: To native (Capacitor plugin): callbackId: 65296443, pluginId: NativeExoPlayback, methodName: getStatus
06-13 20:37:17.235 15804 29620 V Capacitor: callback: 65296443, pluginId: NativeExoPlayback, methodName: getStatus, methodData: {}
06-13 20:37:17.244 15804 15804 I Capacitor/Console: File:  - Line 333 - Msg: {"available":true,"wired":true,"message":"ExoPlayer gapless queue — content:// locker bridge + HTTP streams.","state":"idle","positionSecs":0,"durationSecs":0,"queueIndex":0,"queueLength":0,"gaplessEnabled":true}
06-13 20:37:17.485 15804 29620 V Capacitor/Plugin: To native (Capacitor plugin): callbackId: 65296444, pluginId: NativeExoPlayback, methodName: getStatus
06-13 20:37:17.486 15804 29620 V Capacitor: callback: 65296444, pluginId: NativeExoPlayback, methodName: getStatus, methodData: {}
06-13 20:37:17.495 15804 15804 I Capacitor/Console: File:  - Line 333 - Msg: {"available":true,"wired":true,"message":"ExoPlayer gapless queue — content:// locker bridge + HTTP streams.","state":"idle","positionSecs":0,"durationSecs":0,"queueIndex":0,"queueLength":0,"gaplessEnabled":true}
06-13 20:37:17.736 15804 29620 V Capacitor/Plugin: To native (Capacitor plugin): callbackId: 65296445, pluginId: NativeExoPlayback, methodName: getStatus
06-13 20:37:17.736 15804 29620 V Capacitor: callback: 65296445, pluginId: NativeExoPlayback, methodName: getStatus, methodData: {}
06-13 20:37:17.744 15804 15804 I Capacitor/Console: File:  - Line 333 - Msg: {"available":true,"wired":true,"message":"ExoPlayer gapless queue — content:// locker bridge + HTTP streams.","state":"idle","positionSecs":0,"durationSecs":0,"queueIndex":0,"queueLength":0,"gaplessEnabled":true}
06-13 20:37:17.985 15804 29620 V Capacitor/Plugin: To native (Capacitor plugin): callbackId: 65296446, pluginId: NativeExoPlayback, methodName: getStatus
06-13 20:37:17.985 15804 29620 V Capacitor: callback: 65296446, pluginId: NativeExoPlayback, methodName: getStatus, methodData: {}
06-13 20:37:17.994 15804 15804 I Capacitor/Console: File:  - Line 333 - Msg: {"available":true,"wired":true,"message":"ExoPlayer gapless queue — content:// locker bridge + HTTP streams.","state":"idle","positionSecs":0,"durationSecs":0,"queueIndex":0,"queueLength":0,"gaplessEnabled":true}
06-13 20:37:18.234 15804 29620 V Capacitor/Plugin: To native (Capacitor plugin): callbackId: 65296447, pluginId: NativeExoPlayback, methodName: getStatus
06-13 20:37:18.234 15804 29620 V Capacitor: callback: 65296447, pluginId: NativeExoPlayback, methodName: getStatus, methodData: {}
06-13 20:37:18.239 15804 15804 I Capacitor/Console: File:  - Line 333 - Msg: {"available":true,"wired":true,"message":"ExoPlayer gapless queue — content:// locker bridge + HTTP streams.","state":"idle","positionSecs":0,"durationSecs":0,"queueIndex":0,"queueLength":0,"gaplessEnabled":true}
06-13 20:37:18.485 15804 29620 V Capacitor/Plugin: To native (Capacitor plugin): callbackId: 65296448, pluginId: NativeExoPlayback, methodName: getStatus
06-13 20:37:18.485 15804 29620 V Capacitor: callback: 65296448, pluginId: NativeExoPlayback, methodName: getStatus, methodData: {}
06-13 20:37:18.494 15804 15804 I Capacitor/Console: File:  - Line 333 - Msg: {"available":true,"wired":true,"message":"ExoPlayer gapless queue — content:// locker bridge + HTTP streams.","state":"idle","positionSecs":0,"durationSecs":0,"queueIndex":0,"queueLength":0,"gaplessEnabled":true}
06-13 20:37:18.735 15804 29620 V Capacitor/Plugin: To native (Capacitor plugin): callbackId: 65296449, pluginId: NativeExoPlayback, methodName: getStatus
06-13 20:37:18.735 15804 29620 V Capacitor: callback: 65296449, pluginId: NativeExoPlayback, methodName: getStatus, methodData: {}
06-13 20:37:18.743 15804 15804 I Capacitor/Console: File:  - Line 333 - Msg: {"available":true,"wired":true,"message":"ExoPlayer gapless queue — content:// locker bridge + HTTP streams.","state":"idle","positionSecs":0,"durationSecs":0,"queueIndex":0,"queueLength":0,"gaplessEnabled":true}
06-13 20:37:18.986 15804 29620 V Capacitor/Plugin: To native (Capacitor plugin): callbackId: 65296450, pluginId: NativeExoPlayback, methodName: getStatus
06-13 20:37:18.986 15804 29620 V Capacitor: callback: 65296450, pluginId: NativeExoPlayback, methodName: getStatus, methodData: {}
06-13 20:37:18.994 15804 15804 I Capacitor/Console: File:  - Line 333 - Msg: {"available":true,"wired":true,"message":"ExoPlayer gapless queue — content:// locker bridge + HTTP streams.","state":"idle","positionSecs":0,"durationSecs":0,"queueIndex":0,"queueLength":0,"gaplessEnabled":true}
06-13 20:37:19.234 15804 29620 V Capacitor/Plugin: To native (Capacitor plugin): callbackId: 65296451, pluginId: NativeExoPlayback, methodName: getStatus
06-13 20:37:19.234 15804 29620 V Capacitor: callback: 65296451, pluginId: NativeExoPlayback, methodName: getStatus, methodData: {}
06-13 20:37:19.239 15804 15804 I Capacitor/Console: File:  - Line 333 - Msg: {"available":true,"wired":true,"message":"ExoPlayer gapless queue — content:// locker bridge + HTTP streams.","state":"idle","positionSecs":0,"durationSecs":0,"queueIndex":0,"queueLength":0,"gaplessEnabled":true}
06-13 20:37:19.485 15804 29620 V Capacitor/Plugin: To native (Capacitor plugin): callbackId: 65296452, pluginId: NativeExoPlayback, methodName: getStatus
06-13 20:37:19.485 15804 29620 V Capacitor: callback: 65296452, pluginId: NativeExoPlayback, methodName: getStatus, methodData: {}
06-13 20:37:19.492 15804 15804 I Capacitor/Console: File:  - Line 333 - Msg: {"available":true,"wired":true,"message":"ExoPlayer gapless queue — content:// locker bridge + HTTP streams.","state":"idle","positionSecs":0,"durationSecs":0,"queueIndex":0,"queueLength":0,"gaplessEnabled":true}
06-13 20:37:19.668  3250  4158 E msys    : E[N mns:DGWClient]_LogError(280)=>Failed to resolve using system DNS resolver, getaddrinfo(): No address associated with hostname
06-13 20:37:19.675  3250  4158 E msys    : E[N mns:DGWClient]_LogError(280)=>Failed to resolve using system DNS resolver, getaddrinfo(): No address associated with hostname
06-13 20:37:19.734 15804 29620 V Capacitor/Plugin: To native (Capacitor plugin): callbackId: 65296453, pluginId: NativeExoPlayback, methodName: getStatus
06-13 20:37:19.735 15804 29620 V Capacitor: callback: 65296453, pluginId: NativeExoPlayback, methodName: getStatus, methodData: {}
06-13 20:37:19.743 15804 15804 I Capacitor/Console: File:  - Line 333 - Msg: {"available":true,"wired":true,"message":"ExoPlayer gapless queue — content:// locker bridge + HTTP streams.","state":"idle","positionSecs":0,"durationSecs":0,"queueIndex":0,"queueLength":0,"gaplessEnabled":true}
06-13 20:37:19.984 15804 29620 V Capacitor/Plugin: To native (Capacitor plugin): callbackId: 65296454, pluginId: NativeExoPlayback, methodName: getStatus
06-13 20:37:19.985 15804 29620 V Capacitor: callback: 65296454, pluginId: NativeExoPlayback, methodName: getStatus, methodData: {}
06-13 20:37:19.993 15804 15804 I Capacitor/Console: File:  - Line 333 - Msg: {"available":true,"wired":true,"message":"ExoPlayer gapless queue — content:// locker bridge + HTTP streams.","state":"idle","positionSecs":0,"durationSecs":0,"queueIndex":0,"queueLength":0,"gaplessEnabled":true}
06-13 20:37:20.234 15804 29620 V Capacitor/Plugin: To native (Capacitor plugin): callbackId: 65296455, pluginId: NativeExoPlayback, methodName: getStatus
06-13 20:37:20.235 15804 29620 V Capacitor: callback: 65296455, pluginId: NativeExoPlayback, methodName: getStatus, methodData: {}
06-13 20:37:20.241 15804 15804 I Capacitor/Console: File:  - Line 333 - Msg: {"available":true,"wired":true,"message":"ExoPlayer gapless queue — content:// locker bridge + HTTP streams.","state":"idle","positionSecs":0,"durationSecs":0,"queueIndex":0,"queueLength":0,"gaplessEnabled":true}
06-13 20:37:20.430  2138  2762 E HwcComposer: getLuts failed Status(-129, EX_TRANSACTION_FAILED): 'UNKNOWN_TRANSACTION: '
06-13 20:37:20.486 15804 29620 V Capacitor/Plugin: To native (Capacitor plugin): callbackId: 65296456, pluginId: NativeExoPlayback, methodName: getStatus
06-13 20:37:20.487 15804 29620 V Capacitor: callback: 65296456, pluginId: NativeExoPlayback, methodName: getStatus, methodData: {}
06-13 20:37:20.496 15804 15804 I Capacitor/Console: File:  - Line 333 - Msg: {"available":true,"wired":true,"message":"ExoPlayer gapless queue — content:// locker bridge + HTTP streams.","state":"idle","positionSecs":0,"durationSecs":0,"queueIndex":0,"queueLength":0,"gaplessEnabled":true}
06-13 20:37:20.734 15804 29620 V Capacitor/Plugin: To native (Capacitor plugin): callbackId: 65296457, pluginId: NativeExoPlayback, methodName: getStatus
06-13 20:37:20.734 15804 29620 V Capacitor: callback: 65296457, pluginId: NativeExoPlayback, methodName: getStatus, methodData: {}
06-13 20:37:20.743 15804 15804 I Capacitor/Console: File:  - Line 333 - Msg: {"available":true,"wired":true,"message":"ExoPlayer gapless queue — content:// locker bridge + HTTP streams.","state":"idle","positionSecs":0,"durationSecs":0,"queueIndex":0,"queueLength":0,"gaplessEnabled":true}
06-13 20:37:20.985 15804 29620 V Capacitor/Plugin: To native (Capacitor plugin): callbackId: 65296458, pluginId: NativeExoPlayback, methodName: getStatus
06-13 20:37:20.985 15804 29620 V Capacitor: callback: 65296458, pluginId: NativeExoPlayback, methodName: getStatus, methodData: {}
06-13 20:37:20.992 15804 15804 I Capacitor/Console: File:  - Line 333 - Msg: {"available":true,"wired":true,"message":"ExoPlayer gapless queue — content:// locker bridge + HTTP streams.","state":"idle","positionSecs":0,"durationSecs":0,"queueIndex":0,"queueLength":0,"gaplessEnabled":true}
06-13 20:37:21.234 15804 29620 V Capacitor/Plugin: To native (Capacitor plugin): callbackId: 65296459, pluginId: NativeExoPlayback, methodName: getStatus
06-13 20:37:21.235 15804 29620 V Capacitor: callback: 65296459, pluginId: NativeExoPlayback, methodName: getStatus, methodData: {}
06-13 20:37:21.245 15804 15804 I Capacitor/Console: File:  - Line 333 - Msg: {"available":true,"wired":true,"message":"ExoPlayer gapless queue — content:// locker bridge + HTTP streams.","state":"idle","positionSecs":0,"durationSecs":0,"queueIndex":0,"queueLength":0,"gaplessEnabled":true}
06-13 20:37:21.407  3250  4158 E msys    : E[N mns:DGWClient]_LogError(280)=>Failed to resolve using system DNS resolver, getaddrinfo(): No address associated with hostname
06-13 20:37:21.485 15804 29620 V Capacitor/Plugin: To native (Capacitor plugin): callbackId: 65296460, pluginId: NativeExoPlayback, methodName: getStatus
06-13 20:37:21.486 15804 29620 V Capacitor: callback: 65296460, pluginId: NativeExoPlayback, methodName: getStatus, methodData: {}
06-13 20:37:21.494 15804 15804 I Capacitor/Console: File:  - Line 333 - Msg: {"available":true,"wired":true,"message":"ExoPlayer gapless queue — content:// locker bridge + HTTP streams.","state":"idle","positionSecs":0,"durationSecs":0,"queueIndex":0,"queueLength":0,"gaplessEnabled":true}
06-13 20:37:21.736 15804 29620 V Capacitor/Plugin: To native (Capacitor plugin): callbackId: 65296461, pluginId: NativeExoPlayback, methodName: getStatus
06-13 20:37:21.736 15804 29620 V Capacitor: callback: 65296461, pluginId: NativeExoPlayback, methodName: getStatus, methodData: {}
06-13 20:37:21.747 15804 15804 I Capacitor/Console: File:  - Line 333 - Msg: {"available":true,"wired":true,"message":"ExoPlayer gapless queue — content:// locker bridge + HTTP streams.","state":"idle","positionSecs":0,"durationSecs":0,"queueIndex":0,"queueLength":0,"gaplessEnabled":true}
06-13 20:37:21.858  2138  2762 E HwcComposer: getLuts failed Status(-129, EX_TRANSACTION_FAILED): 'UNKNOWN_TRANSACTION: '
06-13 20:37:21.986 15804 29620 V Capacitor/Plugin: To native (Capacitor plugin): callbackId: 65296462, pluginId: NativeExoPlayback, methodName: getStatus
06-13 20:37:21.986 15804 29620 V Capacitor: callback: 65296462, pluginId: NativeExoPlayback, methodName: getStatus, methodData: {}
06-13 20:37:21.992 15804 15804 I Capacitor/Console: File:  - Line 333 - Msg: {"available":true,"wired":true,"message":"ExoPlayer gapless queue — content:// locker bridge + HTTP streams.","state":"idle","positionSecs":0,"durationSecs":0,"queueIndex":0,"queueLength":0,"gaplessEnabled":true}
06-13 20:37:22.235 15804 29620 V Capacitor/Plugin: To native (Capacitor plugin): callbackId: 65296463, pluginId: NativeExoPlayback, methodName: getStatus
06-13 20:37:22.236 15804 29620 V Capacitor: callback: 65296463, pluginId: NativeExoPlayback, methodName: getStatus, methodData: {}
06-13 20:37:22.243 15804 15804 I Capacitor/Console: File:  - Line 333 - Msg: {"available":true,"wired":true,"message":"ExoPlayer gapless queue — content:// locker bridge + HTTP streams.","state":"idle","positionSecs":0,"durationSecs":0,"queueIndex":0,"queueLength":0,"gaplessEnabled":true}
06-13 20:37:22.485 15804 29620 V Capacitor/Plugin: To native (Capacitor plugin): callbackId: 65296464, pluginId: NativeExoPlayback, methodName: getStatus
06-13 20:37:22.485 15804 29620 V Capacitor: callback: 65296464, pluginId: NativeExoPlayback, methodName: getStatus, methodData: {}
