06-13 20:37:22.493 15804 15804 I Capacitor/Console: File:  - Line 333 - Msg: {"available":true,"wired":true,"message":"ExoPlayer gapless queue — content:// locker bridge + HTTP streams.","state":"idle","positionSecs":0,"durationSecs":0,"queueIndex":0,"queueLength":0,"gaplessEnabled":true}
06-13 20:37:22.734 15804 29620 V Capacitor/Plugin: To native (Capacitor plugin): callbackId: 65296465, pluginId: NativeExoPlayback, methodName: getStatus
06-13 20:37:22.735 15804 29620 V Capacitor: callback: 65296465, pluginId: NativeExoPlayback, methodName: getStatus, methodData: {}
06-13 20:37:22.742 15804 15804 I Capacitor/Console: File:  - Line 333 - Msg: {"available":true,"wired":true,"message":"ExoPlayer gapless queue — content:// locker bridge + HTTP streams.","state":"idle","positionSecs":0,"durationSecs":0,"queueIndex":0,"queueLength":0,"gaplessEnabled":true}
06-13 20:37:22.985 15804 29620 V Capacitor/Plugin: To native (Capacitor plugin): callbackId: 65296466, pluginId: NativeExoPlayback, methodName: getStatus
06-13 20:37:22.985 15804 29620 V Capacitor: callback: 65296466, pluginId: NativeExoPlayback, methodName: getStatus, methodData: {}
06-13 20:37:22.992 15804 15804 I Capacitor/Console: File:  - Line 333 - Msg: {"available":true,"wired":true,"message":"ExoPlayer gapless queue — content:// locker bridge + HTTP streams.","state":"idle","positionSecs":0,"durationSecs":0,"queueIndex":0,"queueLength":0,"gaplessEnabled":true}
06-13 20:37:23.234 15804 29620 V Capacitor/Plugin: To native (Capacitor plugin): callbackId: 65296467, pluginId: NativeExoPlayback, methodName: getStatus
06-13 20:37:23.234 15804 29620 V Capacitor: callback: 65296467, pluginId: NativeExoPlayback, methodName: getStatus, methodData: {}
06-13 20:37:23.239 15804 15804 I Capacitor/Console: File:  - Line 333 - Msg: {"available":true,"wired":true,"message":"ExoPlayer gapless queue — content:// locker bridge + HTTP streams.","state":"idle","positionSecs":0,"durationSecs":0,"queueIndex":0,"queueLength":0,"gaplessEnabled":true}
06-13 20:37:23.465 10560 17053 W PTC.DISC.NetRegisterCentral: registerLanInfo failed. msg=Account not logged in desc=wlanAvailable(repeat=0)
06-13 20:37:23.483 15804 29620 V Capacitor/Plugin: To native (Capacitor plugin): callbackId: 65296468, pluginId: NativeExoPlayback, methodName: getStatus
06-13 20:37:23.483 15804 29620 V Capacitor: callback: 65296468, pluginId: NativeExoPlayback, methodName: getStatus, methodData: {}
06-13 20:37:23.486 15804 15804 I Capacitor/Console: File:  - Line 333 - Msg: {"available":true,"wired":true,"message":"ExoPlayer gapless queue — content:// locker bridge + HTTP streams.","state":"idle","positionSecs":0,"durationSecs":0,"queueIndex":0,"queueLength":0,"gaplessEnabled":true}
06-13 20:37:23.735 15804 29620 V Capacitor/Plugin: To native (Capacitor plugin): callbackId: 65296469, pluginId: NativeExoPlayback, methodName: getStatus
06-13 20:37:23.735 15804 29620 V Capacitor: callback: 65296469, pluginId: NativeExoPlayback, methodName: getStatus, methodData: {}
06-13 20:37:23.748 15804 15804 I Capacitor/Console: File:  - Line 333 - Msg: {"available":true,"wired":true,"message":"ExoPlayer gapless queue — content:// locker bridge + HTTP streams.","state":"idle","positionSecs":0,"durationSecs":0,"queueIndex":0,"queueLength":0,"gaplessEnabled":true}
06-13 20:37:23.984 15804 29620 V Capacitor/Plugin: To native (Capacitor plugin): callbackId: 65296470, pluginId: NativeExoPlayback, methodName: getStatus
06-13 20:37:23.984 15804 29620 V Capacitor: callback: 65296470, pluginId: NativeExoPlayback, methodName: getStatus, methodData: {}
06-13 20:37:23.993 15804 15804 I Capacitor/Console: File:  - Line 333 - Msg: {"available":true,"wired":true,"message":"ExoPlayer gapless queue — content:// locker bridge + HTTP streams.","state":"idle","positionSecs":0,"durationSecs":0,"queueIndex":0,"queueLength":0,"gaplessEnabled":true}
06-13 20:37:24.234 15804 29620 V Capacitor/Plugin: To native (Capacitor plugin): callbackId: 65296471, pluginId: NativeExoPlayback, methodName: getStatus
06-13 20:37:24.235 15804 29620 V Capacitor: callback: 65296471, pluginId: NativeExoPlayback, methodName: getStatus, methodData: {}
06-13 20:37:24.243 15804 15804 I Capacitor/Console: File:  - Line 333 - Msg: {"available":true,"wired":true,"message":"ExoPlayer gapless queue — content:// locker bridge + HTTP streams.","state":"idle","positionSecs":0,"durationSecs":0,"queueIndex":0,"queueLength":0,"gaplessEnabled":true}
06-13 20:37:24.485 15804 29620 V Capacitor/Plugin: To native (Capacitor plugin): callbackId: 65296472, pluginId: NativeExoPlayback, methodName: getStatus
06-13 20:37:24.485 15804 29620 V Capacitor: callback: 65296472, pluginId: NativeExoPlayback, methodName: getStatus, methodData: {}
06-13 20:37:24.496 15804 15804 I Capacitor/Console: File:  - Line 333 - Msg: {"available":true,"wired":true,"message":"ExoPlayer gapless queue — content:// locker bridge + HTTP streams.","state":"idle","positionSecs":0,"durationSecs":0,"queueIndex":0,"queueLength":0,"gaplessEnabled":true}
06-13 20:37:24.734 15804 29620 V Capacitor/Plugin: To native (Capacitor plugin): callbackId: 65296473, pluginId: NativeExoPlayback, methodName: getStatus
06-13 20:37:24.735 15804 29620 V Capacitor: callback: 65296473, pluginId: NativeExoPlayback, methodName: getStatus, methodData: {}
06-13 20:37:24.743 15804 15804 I Capacitor/Console: File:  - Line 333 - Msg: {"available":true,"wired":true,"message":"ExoPlayer gapless queue — content:// locker bridge + HTTP streams.","state":"idle","positionSecs":0,"durationSecs":0,"queueIndex":0,"queueLength":0,"gaplessEnabled":true}
06-13 20:37:24.987 15804 29620 V Capacitor/Plugin: To native (Capacitor plugin): callbackId: 65296474, pluginId: NativeExoPlayback, methodName: getStatus
06-13 20:37:24.988 15804 29620 V Capacitor: callback: 65296474, pluginId: NativeExoPlayback, methodName: getStatus, methodData: {}
06-13 20:37:24.994 15804 15804 I Capacitor/Console: File:  - Line 333 - Msg: {"available":true,"wired":true,"message":"ExoPlayer gapless queue — content:// locker bridge + HTTP streams.","state":"idle","positionSecs":0,"durationSecs":0,"queueIndex":0,"queueLength":0,"gaplessEnabled":true}
06-13 20:37:25.234 15804 29620 V Capacitor/Plugin: To native (Capacitor plugin): callbackId: 65296475, pluginId: NativeExoPlayback, methodName: getStatus
06-13 20:37:25.235 15804 29620 V Capacitor: callback: 65296475, pluginId: NativeExoPlayback, methodName: getStatus, methodData: {}
06-13 20:37:25.242 15804 15804 I Capacitor/Console: File:  - Line 333 - Msg: {"available":true,"wired":true,"message":"ExoPlayer gapless queue — content:// locker bridge + HTTP streams.","state":"idle","positionSecs":0,"durationSecs":0,"queueIndex":0,"queueLength":0,"gaplessEnabled":true}
06-13 20:37:25.485 15804 29620 V Capacitor/Plugin: To native (Capacitor plugin): callbackId: 65296476, pluginId: NativeExoPlayback, methodName: getStatus
06-13 20:37:25.486 15804 29620 V Capacitor: callback: 65296476, pluginId: NativeExoPlayback, methodName: getStatus, methodData: {}
06-13 20:37:25.494 15804 15804 I Capacitor/Console: File:  - Line 333 - Msg: {"available":true,"wired":true,"message":"ExoPlayer gapless queue — content:// locker bridge + HTTP streams.","state":"idle","positionSecs":0,"durationSecs":0,"queueIndex":0,"queueLength":0,"gaplessEnabled":true}
06-13 20:37:25.736 15804 29620 V Capacitor/Plugin: To native (Capacitor plugin): callbackId: 65296477, pluginId: NativeExoPlayback, methodName: getStatus
06-13 20:37:25.738 15804 29620 V Capacitor: callback: 65296477, pluginId: NativeExoPlayback, methodName: getStatus, methodData: {}
06-13 20:37:25.746 15804 15804 I Capacitor/Console: File:  - Line 333 - Msg: {"available":true,"wired":true,"message":"ExoPlayer gapless queue — content:// locker bridge + HTTP streams.","state":"idle","positionSecs":0,"durationSecs":0,"queueIndex":0,"queueLength":0,"gaplessEnabled":true}
06-13 20:37:25.985 15804 29620 V Capacitor/Plugin: To native (Capacitor plugin): callbackId: 65296478, pluginId: NativeExoPlayback, methodName: getStatus
06-13 20:37:25.985 15804 29620 V Capacitor: callback: 65296478, pluginId: NativeExoPlayback, methodName: getStatus, methodData: {}
06-13 20:37:25.993 15804 15804 I Capacitor/Console: File:  - Line 333 - Msg: {"available":true,"wired":true,"message":"ExoPlayer gapless queue — content:// locker bridge + HTTP streams.","state":"idle","positionSecs":0,"durationSecs":0,"queueIndex":0,"queueLength":0,"gaplessEnabled":true}
06-13 20:37:26.235 15804 29620 V Capacitor/Plugin: To native (Capacitor plugin): callbackId: 65296479, pluginId: NativeExoPlayback, methodName: getStatus
06-13 20:37:26.236 15804 29620 V Capacitor: callback: 65296479, pluginId: NativeExoPlayback, methodName: getStatus, methodData: {}
06-13 20:37:26.243 15804 15804 I Capacitor/Console: File:  - Line 333 - Msg: {"available":true,"wired":true,"message":"ExoPlayer gapless queue — content:// locker bridge + HTTP streams.","state":"idle","positionSecs":0,"durationSecs":0,"queueIndex":0,"queueLength":0,"gaplessEnabled":true}
06-13 20:37:26.485 15804 29620 V Capacitor/Plugin: To native (Capacitor plugin): callbackId: 65296480, pluginId: NativeExoPlayback, methodName: getStatus
06-13 20:37:26.485 15804 29620 V Capacitor: callback: 65296480, pluginId: NativeExoPlayback, methodName: getStatus, methodData: {}
06-13 20:37:26.496 15804 15804 I Capacitor/Console: File:  - Line 333 - Msg: {"available":true,"wired":true,"message":"ExoPlayer gapless queue — content:// locker bridge + HTTP streams.","state":"idle","positionSecs":0,"durationSecs":0,"queueIndex":0,"queueLength":0,"gaplessEnabled":true}
06-13 20:37:26.736 15804 29620 V Capacitor/Plugin: To native (Capacitor plugin): callbackId: 65296481, pluginId: NativeExoPlayback, methodName: getStatus
06-13 20:37:26.736 15804 29620 V Capacitor: callback: 65296481, pluginId: NativeExoPlayback, methodName: getStatus, methodData: {}
06-13 20:37:26.742 15804 15804 I Capacitor/Console: File:  - Line 333 - Msg: {"available":true,"wired":true,"message":"ExoPlayer gapless queue — content:// locker bridge + HTTP streams.","state":"idle","positionSecs":0,"durationSecs":0,"queueIndex":0,"queueLength":0,"gaplessEnabled":true}
06-13 20:37:26.889  3250  4158 E msys    : E[N mns:DGWClient]_LogError(280)=>Failed to resolve using system DNS resolver, getaddrinfo(): No address associated with hostname
06-13 20:37:26.894  3250  4158 E msys    : E[N mns:DGWClient]_LogError(280)=>Failed to resolve using system DNS resolver, getaddrinfo(): No address associated with hostname
06-13 20:37:26.984 15804 29620 V Capacitor/Plugin: To native (Capacitor plugin): callbackId: 65296482, pluginId: NativeExoPlayback, methodName: getStatus
06-13 20:37:26.986 15804 29620 V Capacitor: callback: 65296482, pluginId: NativeExoPlayback, methodName: getStatus, methodData: {}
06-13 20:37:26.996 15804 15804 I Capacitor/Console: File:  - Line 333 - Msg: {"available":true,"wired":true,"message":"ExoPlayer gapless queue — content:// locker bridge + HTTP streams.","state":"idle","positionSecs":0,"durationSecs":0,"queueIndex":0,"queueLength":0,"gaplessEnabled":true}
06-13 20:37:27.234 15804 29620 V Capacitor/Plugin: To native (Capacitor plugin): callbackId: 65296483, pluginId: NativeExoPlayback, methodName: getStatus
06-13 20:37:27.235 15804 29620 V Capacitor: callback: 65296483, pluginId: NativeExoPlayback, methodName: getStatus, methodData: {}
06-13 20:37:27.245 15804 15804 I Capacitor/Console: File:  - Line 333 - Msg: {"available":true,"wired":true,"message":"ExoPlayer gapless queue — content:// locker bridge + HTTP streams.","state":"idle","positionSecs":0,"durationSecs":0,"queueIndex":0,"queueLength":0,"gaplessEnabled":true}
06-13 20:37:27.484 15804 29620 V Capacitor/Plugin: To native (Capacitor plugin): callbackId: 65296484, pluginId: NativeExoPlayback, methodName: getStatus
06-13 20:37:27.485 15804 29620 V Capacitor: callback: 65296484, pluginId: NativeExoPlayback, methodName: getStatus, methodData: {}
06-13 20:37:27.493 15804 15804 I Capacitor/Console: File:  - Line 333 - Msg: {"available":true,"wired":true,"message":"ExoPlayer gapless queue — content:// locker bridge + HTTP streams.","state":"idle","positionSecs":0,"durationSecs":0,"queueIndex":0,"queueLength":0,"gaplessEnabled":true}
06-13 20:37:27.734 15804 29620 V Capacitor/Plugin: To native (Capacitor plugin): callbackId: 65296485, pluginId: NativeExoPlayback, methodName: getStatus
06-13 20:37:27.734 15804 29620 V Capacitor: callback: 65296485, pluginId: NativeExoPlayback, methodName: getStatus, methodData: {}
06-13 20:37:27.742 15804 15804 I Capacitor/Console: File:  - Line 333 - Msg: {"available":true,"wired":true,"message":"ExoPlayer gapless queue — content:// locker bridge + HTTP streams.","state":"idle","positionSecs":0,"durationSecs":0,"queueIndex":0,"queueLength":0,"gaplessEnabled":true}
06-13 20:37:27.984 15804 29620 V Capacitor/Plugin: To native (Capacitor plugin): callbackId: 65296486, pluginId: NativeExoPlayback, methodName: getStatus
06-13 20:37:27.984 15804 29620 V Capacitor: callback: 65296486, pluginId: NativeExoPlayback, methodName: getStatus, methodData: {}
06-13 20:37:27.990 15804 15804 I Capacitor/Console: File:  - Line 333 - Msg: {"available":true,"wired":true,"message":"ExoPlayer gapless queue — content:// locker bridge + HTTP streams.","state":"idle","positionSecs":0,"durationSecs":0,"queueIndex":0,"queueLength":0,"gaplessEnabled":true}
06-13 20:37:28.234 15804 29620 V Capacitor/Plugin: To native (Capacitor plugin): callbackId: 65296487, pluginId: NativeExoPlayback, methodName: getStatus
06-13 20:37:28.235 15804 29620 V Capacitor: callback: 65296487, pluginId: NativeExoPlayback, methodName: getStatus, methodData: {}
06-13 20:37:28.244 15804 15804 I Capacitor/Console: File:  - Line 333 - Msg: {"available":true,"wired":true,"message":"ExoPlayer gapless queue — content:// locker bridge + HTTP streams.","state":"idle","positionSecs":0,"durationSecs":0,"queueIndex":0,"queueLength":0,"gaplessEnabled":true}
06-13 20:37:28.349  3250  4158 E msys    : E[N mns:DGWClient]_LogError(280)=>Failed to resolve using system DNS resolver, getaddrinfo(): No address associated with hostname
06-13 20:37:28.485 15804 29620 V Capacitor/Plugin: To native (Capacitor plugin): callbackId: 65296488, pluginId: NativeExoPlayback, methodName: getStatus
06-13 20:37:28.486 15804 29620 V Capacitor: callback: 65296488, pluginId: NativeExoPlayback, methodName: getStatus, methodData: {}
06-13 20:37:28.493 15804 15804 I Capacitor/Console: File:  - Line 333 - Msg: {"available":true,"wired":true,"message":"ExoPlayer gapless queue — content:// locker bridge + HTTP streams.","state":"idle","positionSecs":0,"durationSecs":0,"queueIndex":0,"queueLength":0,"gaplessEnabled":true}
06-13 20:37:28.736 15804 29620 V Capacitor/Plugin: To native (Capacitor plugin): callbackId: 65296489, pluginId: NativeExoPlayback, methodName: getStatus
06-13 20:37:28.737 15804 29620 V Capacitor: callback: 65296489, pluginId: NativeExoPlayback, methodName: getStatus, methodData: {}
06-13 20:37:28.745 15804 15804 I Capacitor/Console: File:  - Line 333 - Msg: {"available":true,"wired":true,"message":"ExoPlayer gapless queue — content:// locker bridge + HTTP streams.","state":"idle","positionSecs":0,"durationSecs":0,"queueIndex":0,"queueLength":0,"gaplessEnabled":true}
06-13 20:37:28.986 15804 29620 V Capacitor/Plugin: To native (Capacitor plugin): callbackId: 65296490, pluginId: NativeExoPlayback, methodName: getStatus
06-13 20:37:28.986 15804 29620 V Capacitor: callback: 65296490, pluginId: NativeExoPlayback, methodName: getStatus, methodData: {}
06-13 20:37:28.993 15804 15804 I Capacitor/Console: File:  - Line 333 - Msg: {"available":true,"wired":true,"message":"ExoPlayer gapless queue — content:// locker bridge + HTTP streams.","state":"idle","positionSecs":0,"durationSecs":0,"queueIndex":0,"queueLength":0,"gaplessEnabled":true}
06-13 20:37:29.235 15804 29620 V Capacitor/Plugin: To native (Capacitor plugin): callbackId: 65296491, pluginId: NativeExoPlayback, methodName: getStatus
06-13 20:37:29.236 15804 29620 V Capacitor: callback: 65296491, pluginId: NativeExoPlayback, methodName: getStatus, methodData: {}
06-13 20:37:29.242 15804 15804 I Capacitor/Console: File:  - Line 333 - Msg: {"available":true,"wired":true,"message":"ExoPlayer gapless queue — content:// locker bridge + HTTP streams.","state":"idle","positionSecs":0,"durationSecs":0,"queueIndex":0,"queueLength":0,"gaplessEnabled":true}
06-13 20:37:29.484 15804 29620 V Capacitor/Plugin: To native (Capacitor plugin): callbackId: 65296492, pluginId: NativeExoPlayback, methodName: getStatus
06-13 20:37:29.484 15804 29620 V Capacitor: callback: 65296492, pluginId: NativeExoPlayback, methodName: getStatus, methodData: {}
06-13 20:37:29.488 15804 15804 I Capacitor/Console: File:  - Line 333 - Msg: {"available":true,"wired":true,"message":"ExoPlayer gapless queue — content:// locker bridge + HTTP streams.","state":"idle","positionSecs":0,"durationSecs":0,"queueIndex":0,"queueLength":0,"gaplessEnabled":true}
06-13 20:37:29.735 15804 29620 V Capacitor/Plugin: To native (Capacitor plugin): callbackId: 65296493, pluginId: NativeExoPlayback, methodName: getStatus
06-13 20:37:29.735 15804 29620 V Capacitor: callback: 65296493, pluginId: NativeExoPlayback, methodName: getStatus, methodData: {}
06-13 20:37:29.743 15804 15804 I Capacitor/Console: File:  - Line 333 - Msg: {"available":true,"wired":true,"message":"ExoPlayer gapless queue — content:// locker bridge + HTTP streams.","state":"idle","positionSecs":0,"durationSecs":0,"queueIndex":0,"queueLength":0,"gaplessEnabled":true}
06-13 20:37:29.984 15804 29620 V Capacitor/Plugin: To native (Capacitor plugin): callbackId: 65296494, pluginId: NativeExoPlayback, methodName: getStatus
06-13 20:37:29.984 15804 29620 V Capacitor: callback: 65296494, pluginId: NativeExoPlayback, methodName: getStatus, methodData: {}
06-13 20:37:29.992 15804 15804 I Capacitor/Console: File:  - Line 333 - Msg: {"available":true,"wired":true,"message":"ExoPlayer gapless queue — content:// locker bridge + HTTP streams.","state":"idle","positionSecs":0,"durationSecs":0,"queueIndex":0,"queueLength":0,"gaplessEnabled":true}
06-13 20:37:30.236 15804 29620 V Capacitor/Plugin: To native (Capacitor plugin): callbackId: 65296495, pluginId: NativeExoPlayback, methodName: getStatus
06-13 20:37:30.236 15804 29620 V Capacitor: callback: 65296495, pluginId: NativeExoPlayback, methodName: getStatus, methodData: {}
06-13 20:37:30.244 15804 15804 I Capacitor/Console: File:  - Line 333 - Msg: {"available":true,"wired":true,"message":"ExoPlayer gapless queue — content:// locker bridge + HTTP streams.","state":"idle","positionSecs":0,"durationSecs":0,"queueIndex":0,"queueLength":0,"gaplessEnabled":true}
06-13 20:37:30.484 15804 29620 V Capacitor/Plugin: To native (Capacitor plugin): callbackId: 65296496, pluginId: NativeExoPlayback, methodName: getStatus
06-13 20:37:30.485 15804 29620 V Capacitor: callback: 65296496, pluginId: NativeExoPlayback, methodName: getStatus, methodData: {}
06-13 20:37:30.493 15804 15804 I Capacitor/Console: File:  - Line 333 - Msg: {"available":true,"wired":true,"message":"ExoPlayer gapless queue — content:// locker bridge + HTTP streams.","state":"idle","positionSecs":0,"durationSecs":0,"queueIndex":0,"queueLength":0,"gaplessEnabled":true}
06-13 20:37:30.734 15804 29620 V Capacitor/Plugin: To native (Capacitor plugin): callbackId: 65296497, pluginId: NativeExoPlayback, methodName: getStatus
06-13 20:37:30.735 15804 29620 V Capacitor: callback: 65296497, pluginId: NativeExoPlayback, methodName: getStatus, methodData: {}
06-13 20:37:30.745 15804 15804 I Capacitor/Console: File:  - Line 333 - Msg: {"available":true,"wired":true,"message":"ExoPlayer gapless queue — content:// locker bridge + HTTP streams.","state":"idle","positionSecs":0,"durationSecs":0,"queueIndex":0,"queueLength":0,"gaplessEnabled":true}
06-13 20:37:30.984 15804 29620 V Capacitor/Plugin: To native (Capacitor plugin): callbackId: 65296498, pluginId: NativeExoPlayback, methodName: getStatus
06-13 20:37:30.984 15804 29620 V Capacitor: callback: 65296498, pluginId: NativeExoPlayback, methodName: getStatus, methodData: {}
06-13 20:37:30.993 15804 15804 I Capacitor/Console: File:  - Line 333 - Msg: {"available":true,"wired":true,"message":"ExoPlayer gapless queue — content:// locker bridge + HTTP streams.","state":"idle","positionSecs":0,"durationSecs":0,"queueIndex":0,"queueLength":0,"gaplessEnabled":true}
06-13 20:37:31.235 15804 29620 V Capacitor/Plugin: To native (Capacitor plugin): callbackId: 65296499, pluginId: NativeExoPlayback, methodName: getStatus
06-13 20:37:31.236 15804 29620 V Capacitor: callback: 65296499, pluginId: NativeExoPlayback, methodName: getStatus, methodData: {}
06-13 20:37:31.243 15804 15804 I Capacitor/Console: File:  - Line 333 - Msg: {"available":true,"wired":true,"message":"ExoPlayer gapless queue — content:// locker bridge + HTTP streams.","state":"idle","positionSecs":0,"durationSecs":0,"queueIndex":0,"queueLength":0,"gaplessEnabled":true}
06-13 20:37:31.485 15804 29620 V Capacitor/Plugin: To native (Capacitor plugin): callbackId: 65296500, pluginId: NativeExoPlayback, methodName: getStatus
06-13 20:37:31.486 15804 29620 V Capacitor: callback: 65296500, pluginId: NativeExoPlayback, methodName: getStatus, methodData: {}
06-13 20:37:31.496 15804 15804 I Capacitor/Console: File:  - Line 333 - Msg: {"available":true,"wired":true,"message":"ExoPlayer gapless queue — content:// locker bridge + HTTP streams.","state":"idle","positionSecs":0,"durationSecs":0,"queueIndex":0,"queueLength":0,"gaplessEnabled":true}
06-13 20:37:31.734 15804 29620 V Capacitor/Plugin: To native (Capacitor plugin): callbackId: 65296501, pluginId: NativeExoPlayback, methodName: getStatus
06-13 20:37:31.734 15804 29620 V Capacitor: callback: 65296501, pluginId: NativeExoPlayback, methodName: getStatus, methodData: {}
06-13 20:37:31.740 15804 15804 I Capacitor/Console: File:  - Line 333 - Msg: {"available":true,"wired":true,"message":"ExoPlayer gapless queue — content:// locker bridge + HTTP streams.","state":"idle","positionSecs":0,"durationSecs":0,"queueIndex":0,"queueLength":0,"gaplessEnabled":true}
06-13 20:37:31.985 15804 29620 V Capacitor/Plugin: To native (Capacitor plugin): callbackId: 65296502, pluginId: NativeExoPlayback, methodName: getStatus
06-13 20:37:31.985 15804 29620 V Capacitor: callback: 65296502, pluginId: NativeExoPlayback, methodName: getStatus, methodData: {}
06-13 20:37:31.994 15804 15804 I Capacitor/Console: File:  - Line 333 - Msg: {"available":true,"wired":true,"message":"ExoPlayer gapless queue — content:// locker bridge + HTTP streams.","state":"idle","positionSecs":0,"durationSecs":0,"queueIndex":0,"queueLength":0,"gaplessEnabled":true}
06-13 20:37:32.237 15804 29620 V Capacitor/Plugin: To native (Capacitor plugin): callbackId: 65296503, pluginId: NativeExoPlayback, methodName: getStatus
06-13 20:37:32.238 15804 29620 V Capacitor: callback: 65296503, pluginId: NativeExoPlayback, methodName: getStatus, methodData: {}
06-13 20:37:32.245 15804 15804 I Capacitor/Console: File:  - Line 333 - Msg: {"available":true,"wired":true,"message":"ExoPlayer gapless queue — content:// locker bridge + HTTP streams.","state":"idle","positionSecs":0,"durationSecs":0,"queueIndex":0,"queueLength":0,"gaplessEnabled":true}
06-13 20:37:32.485 15804 29620 V Capacitor/Plugin: To native (Capacitor plugin): callbackId: 65296504, pluginId: NativeExoPlayback, methodName: getStatus
06-13 20:37:32.485 15804 29620 V Capacitor: callback: 65296504, pluginId: NativeExoPlayback, methodName: getStatus, methodData: {}
06-13 20:37:32.492 15804 15804 I Capacitor/Console: File:  - Line 333 - Msg: {"available":true,"wired":true,"message":"ExoPlayer gapless queue — content:// locker bridge + HTTP streams.","state":"idle","positionSecs":0,"durationSecs":0,"queueIndex":0,"queueLength":0,"gaplessEnabled":true}
06-13 20:37:32.734 15804 29620 V Capacitor/Plugin: To native (Capacitor plugin): callbackId: 65296505, pluginId: NativeExoPlayback, methodName: getStatus
06-13 20:37:32.734 15804 29620 V Capacitor: callback: 65296505, pluginId: NativeExoPlayback, methodName: getStatus, methodData: {}
06-13 20:37:32.741 15804 15804 I Capacitor/Console: File:  - Line 333 - Msg: {"available":true,"wired":true,"message":"ExoPlayer gapless queue — content:// locker bridge + HTTP streams.","state":"idle","positionSecs":0,"durationSecs":0,"queueIndex":0,"queueLength":0,"gaplessEnabled":true}
06-13 20:37:32.985 15804 29620 V Capacitor/Plugin: To native (Capacitor plugin): callbackId: 65296506, pluginId: NativeExoPlayback, methodName: getStatus
06-13 20:37:32.986 15804 29620 V Capacitor: callback: 65296506, pluginId: NativeExoPlayback, methodName: getStatus, methodData: {}
06-13 20:37:32.993 15804 15804 I Capacitor/Console: File:  - Line 333 - Msg: {"available":true,"wired":true,"message":"ExoPlayer gapless queue — content:// locker bridge + HTTP streams.","state":"idle","positionSecs":0,"durationSecs":0,"queueIndex":0,"queueLength":0,"gaplessEnabled":true}
06-13 20:37:33.235 15804 29620 V Capacitor/Plugin: To native (Capacitor plugin): callbackId: 65296507, pluginId: NativeExoPlayback, methodName: getStatus
06-13 20:37:33.236 15804 29620 V Capacitor: callback: 65296507, pluginId: NativeExoPlayback, methodName: getStatus, methodData: {}
06-13 20:37:33.244 15804 15804 I Capacitor/Console: File:  - Line 333 - Msg: {"available":true,"wired":true,"message":"ExoPlayer gapless queue — content:// locker bridge + HTTP streams.","state":"idle","positionSecs":0,"durationSecs":0,"queueIndex":0,"queueLength":0,"gaplessEnabled":true}
06-13 20:37:33.484 15804 29620 V Capacitor/Plugin: To native (Capacitor plugin): callbackId: 65296508, pluginId: NativeExoPlayback, methodName: getStatus
06-13 20:37:33.486 15804 29620 V Capacitor: callback: 65296508, pluginId: NativeExoPlayback, methodName: getStatus, methodData: {}
06-13 20:37:33.493 15804 15804 I Capacitor/Console: File:  - Line 333 - Msg: {"available":true,"wired":true,"message":"ExoPlayer gapless queue — content:// locker bridge + HTTP streams.","state":"idle","positionSecs":0,"durationSecs":0,"queueIndex":0,"queueLength":0,"gaplessEnabled":true}
06-13 20:37:33.735 15804 29620 V Capacitor/Plugin: To native (Capacitor plugin): callbackId: 65296509, pluginId: NativeExoPlayback, methodName: getStatus
06-13 20:37:33.735 15804 29620 V Capacitor: callback: 65296509, pluginId: NativeExoPlayback, methodName: getStatus, methodData: {}
06-13 20:37:33.742 15804 15804 I Capacitor/Console: File:  - Line 333 - Msg: {"available":true,"wired":true,"message":"ExoPlayer gapless queue — content:// locker bridge + HTTP streams.","state":"idle","positionSecs":0,"durationSecs":0,"queueIndex":0,"queueLength":0,"gaplessEnabled":true}
06-13 20:37:33.984 15804 29620 V Capacitor/Plugin: To native (Capacitor plugin): callbackId: 65296510, pluginId: NativeExoPlayback, methodName: getStatus
06-13 20:37:33.985 15804 29620 V Capacitor: callback: 65296510, pluginId: NativeExoPlayback, methodName: getStatus, methodData: {}
06-13 20:37:33.995 15804 15804 I Capacitor/Console: File:  - Line 333 - Msg: {"available":true,"wired":true,"message":"ExoPlayer gapless queue — content:// locker bridge + HTTP streams.","state":"idle","positionSecs":0,"durationSecs":0,"queueIndex":0,"queueLength":0,"gaplessEnabled":true}
06-13 20:37:34.114  3250  4158 E msys    : E[N mns:DGWClient]_LogError(280)=>Failed to resolve using system DNS resolver, getaddrinfo(): No address associated with hostname
06-13 20:37:34.120  3250  4158 E msys    : E[N mns:DGWClient]_LogError(280)=>Failed to resolve using system DNS resolver, getaddrinfo(): No address associated with hostname
06-13 20:37:34.236 15804 29620 V Capacitor/Plugin: To native (Capacitor plugin): callbackId: 65296511, pluginId: NativeExoPlayback, methodName: getStatus
06-13 20:37:34.236 15804 29620 V Capacitor: callback: 65296511, pluginId: NativeExoPlayback, methodName: getStatus, methodData: {}
06-13 20:37:34.246 15804 15804 I Capacitor/Console: File:  - Line 333 - Msg: {"available":true,"wired":true,"message":"ExoPlayer gapless queue — content:// locker bridge + HTTP streams.","state":"idle","positionSecs":0,"durationSecs":0,"queueIndex":0,"queueLength":0,"gaplessEnabled":true}
06-13 20:37:34.484 15804 29620 V Capacitor/Plugin: To native (Capacitor plugin): callbackId: 65296512, pluginId: NativeExoPlayback, methodName: getStatus
06-13 20:37:34.485 15804 29620 V Capacitor: callback: 65296512, pluginId: NativeExoPlayback, methodName: getStatus, methodData: {}
06-13 20:37:34.492 15804 15804 I Capacitor/Console: File:  - Line 333 - Msg: {"available":true,"wired":true,"message":"ExoPlayer gapless queue — content:// locker bridge + HTTP streams.","state":"idle","positionSecs":0,"durationSecs":0,"queueIndex":0,"queueLength":0,"gaplessEnabled":true}
06-13 20:37:34.734 15804 29620 V Capacitor/Plugin: To native (Capacitor plugin): callbackId: 65296513, pluginId: NativeExoPlayback, methodName: getStatus
06-13 20:37:34.735 15804 29620 V Capacitor: callback: 65296513, pluginId: NativeExoPlayback, methodName: getStatus, methodData: {}
06-13 20:37:34.744 15804 15804 I Capacitor/Console: File:  - Line 333 - Msg: {"available":true,"wired":true,"message":"ExoPlayer gapless queue — content:// locker bridge + HTTP streams.","state":"idle","positionSecs":0,"durationSecs":0,"queueIndex":0,"queueLength":0,"gaplessEnabled":true}
06-13 20:37:34.985 15804 29620 V Capacitor/Plugin: To native (Capacitor plugin): callbackId: 65296514, pluginId: NativeExoPlayback, methodName: getStatus
06-13 20:37:34.986 15804 29620 V Capacitor: callback: 65296514, pluginId: NativeExoPlayback, methodName: getStatus, methodData: {}
06-13 20:37:34.994 15804 15804 I Capacitor/Console: File:  - Line 333 - Msg: {"available":true,"wired":true,"message":"ExoPlayer gapless queue — content:// locker bridge + HTTP streams.","state":"idle","positionSecs":0,"durationSecs":0,"queueIndex":0,"queueLength":0,"gaplessEnabled":true}
06-13 20:37:35.234 15804 29620 V Capacitor/Plugin: To native (Capacitor plugin): callbackId: 65296515, pluginId: NativeExoPlayback, methodName: getStatus
06-13 20:37:35.235 15804 29620 V Capacitor: callback: 65296515, pluginId: NativeExoPlayback, methodName: getStatus, methodData: {}
06-13 20:37:35.246 15804 15804 I Capacitor/Console: File:  - Line 333 - Msg: {"available":true,"wired":true,"message":"ExoPlayer gapless queue — content:// locker bridge + HTTP streams.","state":"idle","positionSecs":0,"durationSecs":0,"queueIndex":0,"queueLength":0,"gaplessEnabled":true}
06-13 20:37:35.486 15804 29620 V Capacitor/Plugin: To native (Capacitor plugin): callbackId: 65296516, pluginId: NativeExoPlayback, methodName: getStatus
06-13 20:37:35.487 15804 29620 V Capacitor: callback: 65296516, pluginId: NativeExoPlayback, methodName: getStatus, methodData: {}
06-13 20:37:35.494 15804 15804 I Capacitor/Console: File:  - Line 333 - Msg: {"available":true,"wired":true,"message":"ExoPlayer gapless queue — content:// locker bridge + HTTP streams.","state":"idle","positionSecs":0,"durationSecs":0,"queueIndex":0,"queueLength":0,"gaplessEnabled":true}
06-13 20:37:35.735 15804 29620 V Capacitor/Plugin: To native (Capacitor plugin): callbackId: 65296517, pluginId: NativeExoPlayback, methodName: getStatus
06-13 20:37:35.736 15804 29620 V Capacitor: callback: 65296517, pluginId: NativeExoPlayback, methodName: getStatus, methodData: {}
06-13 20:37:35.743 15804 15804 I Capacitor/Console: File:  - Line 333 - Msg: {"available":true,"wired":true,"message":"ExoPlayer gapless queue — content:// locker bridge + HTTP streams.","state":"idle","positionSecs":0,"durationSecs":0,"queueIndex":0,"queueLength":0,"gaplessEnabled":true}
06-13 20:37:35.752  3250  4158 E msys    : E[N mns:DGWClient]_LogError(280)=>Failed to resolve using system DNS resolver, getaddrinfo(): No address associated with hostname
06-13 20:37:35.987 15804 29620 V Capacitor/Plugin: To native (Capacitor plugin): callbackId: 65296518, pluginId: NativeExoPlayback, methodName: getStatus
06-13 20:37:35.988 15804 29620 V Capacitor: callback: 65296518, pluginId: NativeExoPlayback, methodName: getStatus, methodData: {}
06-13 20:37:35.995 15804 15804 I Capacitor/Console: File:  - Line 333 - Msg: {"available":true,"wired":true,"message":"ExoPlayer gapless queue — content:// locker bridge + HTTP streams.","state":"idle","positionSecs":0,"durationSecs":0,"queueIndex":0,"queueLength":0,"gaplessEnabled":true}
06-13 20:37:36.235 15804 29620 V Capacitor/Plugin: To native (Capacitor plugin): callbackId: 65296519, pluginId: NativeExoPlayback, methodName: getStatus
06-13 20:37:36.236 15804 29620 V Capacitor: callback: 65296519, pluginId: NativeExoPlayback, methodName: getStatus, methodData: {}
06-13 20:37:36.242 15804 15804 I Capacitor/Console: File:  - Line 333 - Msg: {"available":true,"wired":true,"message":"ExoPlayer gapless queue — content:// locker bridge + HTTP streams.","state":"idle","positionSecs":0,"durationSecs":0,"queueIndex":0,"queueLength":0,"gaplessEnabled":true}
06-13 20:37:36.484 15804 29620 V Capacitor/Plugin: To native (Capacitor plugin): callbackId: 65296520, pluginId: NativeExoPlayback, methodName: getStatus
06-13 20:37:36.484 15804 29620 V Capacitor: callback: 65296520, pluginId: NativeExoPlayback, methodName: getStatus, methodData: {}
06-13 20:37:36.491 15804 15804 I Capacitor/Console: File:  - Line 333 - Msg: {"available":true,"wired":true,"message":"ExoPlayer gapless queue — content:// locker bridge + HTTP streams.","state":"idle","positionSecs":0,"durationSecs":0,"queueIndex":0,"queueLength":0,"gaplessEnabled":true}
06-13 20:37:36.734 15804 29620 V Capacitor/Plugin: To native (Capacitor plugin): callbackId: 65296521, pluginId: NativeExoPlayback, methodName: getStatus
06-13 20:37:36.734 15804 29620 V Capacitor: callback: 65296521, pluginId: NativeExoPlayback, methodName: getStatus, methodData: {}
06-13 20:37:36.740 15804 15804 I Capacitor/Console: File:  - Line 333 - Msg: {"available":true,"wired":true,"message":"ExoPlayer gapless queue — content:// locker bridge + HTTP streams.","state":"idle","positionSecs":0,"durationSecs":0,"queueIndex":0,"queueLength":0,"gaplessEnabled":true}
06-13 20:37:36.984 15804 29620 V Capacitor/Plugin: To native (Capacitor plugin): callbackId: 65296522, pluginId: NativeExoPlayback, methodName: getStatus
06-13 20:37:36.985 15804 29620 V Capacitor: callback: 65296522, pluginId: NativeExoPlayback, methodName: getStatus, methodData: {}
06-13 20:37:36.990 15804 15804 I Capacitor/Console: File:  - Line 333 - Msg: {"available":true,"wired":true,"message":"ExoPlayer gapless queue — content:// locker bridge + HTTP streams.","state":"idle","positionSecs":0,"durationSecs":0,"queueIndex":0,"queueLength":0,"gaplessEnabled":true}
06-13 20:37:37.235 15804 29620 V Capacitor/Plugin: To native (Capacitor plugin): callbackId: 65296523, pluginId: NativeExoPlayback, methodName: getStatus
06-13 20:37:37.235 15804 29620 V Capacitor: callback: 65296523, pluginId: NativeExoPlayback, methodName: getStatus, methodData: {}
06-13 20:37:37.242 15804 15804 I Capacitor/Console: File:  - Line 333 - Msg: {"available":true,"wired":true,"message":"ExoPlayer gapless queue — content:// locker bridge + HTTP streams.","state":"idle","positionSecs":0,"durationSecs":0,"queueIndex":0,"queueLength":0,"gaplessEnabled":true}
06-13 20:37:37.460  2138  2762 E HwcComposer: getLuts failed Status(-129, EX_TRANSACTION_FAILED): 'UNKNOWN_TRANSACTION: '
06-13 20:37:37.484 15804 29620 V Capacitor/Plugin: To native (Capacitor plugin): callbackId: 65296524, pluginId: NativeExoPlayback, methodName: getStatus
06-13 20:37:37.484 15804 29620 V Capacitor: callback: 65296524, pluginId: NativeExoPlayback, methodName: getStatus, methodData: {}
06-13 20:37:37.487 15804 15804 I Capacitor/Console: File:  - Line 333 - Msg: {"available":true,"wired":true,"message":"ExoPlayer gapless queue — content:// locker bridge + HTTP streams.","state":"idle","positionSecs":0,"durationSecs":0,"queueIndex":0,"queueLength":0,"gaplessEnabled":true}
06-13 20:37:37.712  2138  2762 E HwcComposer: getLuts failed Status(-129, EX_TRANSACTION_FAILED): 'UNKNOWN_TRANSACTION: '
06-13 20:37:37.734 15804 29620 V Capacitor/Plugin: To native (Capacitor plugin): callbackId: 65296525, pluginId: NativeExoPlayback, methodName: getStatus
06-13 20:37:37.734 15804 29620 V Capacitor: callback: 65296525, pluginId: NativeExoPlayback, methodName: getStatus, methodData: {}
06-13 20:37:37.741 15804 15804 I Capacitor/Console: File:  - Line 333 - Msg: {"available":true,"wired":true,"message":"ExoPlayer gapless queue — content:// locker bridge + HTTP streams.","state":"idle","positionSecs":0,"durationSecs":0,"queueIndex":0,"queueLength":0,"gaplessEnabled":true}
06-13 20:37:37.985 15804 29620 V Capacitor/Plugin: To native (Capacitor plugin): callbackId: 65296526, pluginId: NativeExoPlayback, methodName: getStatus
06-13 20:37:37.986 15804 29620 V Capacitor: callback: 65296526, pluginId: NativeExoPlayback, methodName: getStatus, methodData: {}
06-13 20:37:37.996 15804 15804 I Capacitor/Console: File:  - Line 333 - Msg: {"available":true,"wired":true,"message":"ExoPlayer gapless queue — content:// locker bridge + HTTP streams.","state":"idle","positionSecs":0,"durationSecs":0,"queueIndex":0,"queueLength":0,"gaplessEnabled":true}
06-13 20:37:38.235 15804 29620 V Capacitor/Plugin: To native (Capacitor plugin): callbackId: 65296527, pluginId: NativeExoPlayback, methodName: getStatus
06-13 20:37:38.236 15804 29620 V Capacitor: callback: 65296527, pluginId: NativeExoPlayback, methodName: getStatus, methodData: {}
06-13 20:37:38.244 15804 15804 I Capacitor/Console: File:  - Line 333 - Msg: {"available":true,"wired":true,"message":"ExoPlayer gapless queue — content:// locker bridge + HTTP streams.","state":"idle","positionSecs":0,"durationSecs":0,"queueIndex":0,"queueLength":0,"gaplessEnabled":true}
06-13 20:37:38.458  2138  2762 E HwcComposer: getLuts failed Status(-129, EX_TRANSACTION_FAILED): 'UNKNOWN_TRANSACTION: '
06-13 20:37:38.484 15804 29620 V Capacitor/Plugin: To native (Capacitor plugin): callbackId: 65296528, pluginId: NativeExoPlayback, methodName: getStatus
06-13 20:37:38.485 15804 29620 V Capacitor: callback: 65296528, pluginId: NativeExoPlayback, methodName: getStatus, methodData: {}
06-13 20:37:38.496 15804 15804 I Capacitor/Console: File:  - Line 333 - Msg: {"available":true,"wired":true,"message":"ExoPlayer gapless queue — content:// locker bridge + HTTP streams.","state":"idle","positionSecs":0,"durationSecs":0,"queueIndex":0,"queueLength":0,"gaplessEnabled":true}
06-13 20:37:38.735 15804 29620 V Capacitor/Plugin: To native (Capacitor plugin): callbackId: 65296529, pluginId: NativeExoPlayback, methodName: getStatus
06-13 20:37:38.735 15804 29620 V Capacitor: callback: 65296529, pluginId: NativeExoPlayback, methodName: getStatus, methodData: {}
06-13 20:37:38.743 15804 15804 I Capacitor/Console: File:  - Line 333 - Msg: {"available":true,"wired":true,"message":"ExoPlayer gapless queue — content:// locker bridge + HTTP streams.","state":"idle","positionSecs":0,"durationSecs":0,"queueIndex":0,"queueLength":0,"gaplessEnabled":true}
06-13 20:37:38.986 15804 29620 V Capacitor/Plugin: To native (Capacitor plugin): callbackId: 65296530, pluginId: NativeExoPlayback, methodName: getStatus
06-13 20:37:38.988 15804 29620 V Capacitor: callback: 65296530, pluginId: NativeExoPlayback, methodName: getStatus, methodData: {}
06-13 20:37:38.996 15804 15804 I Capacitor/Console: File:  - Line 333 - Msg: {"available":true,"wired":true,"message":"ExoPlayer gapless queue — content:// locker bridge + HTTP streams.","state":"idle","positionSecs":0,"durationSecs":0,"queueIndex":0,"queueLength":0,"gaplessEnabled":true}
06-13 20:37:39.234 15804 29620 V Capacitor/Plugin: To native (Capacitor plugin): callbackId: 65296531, pluginId: NativeExoPlayback, methodName: getStatus
06-13 20:37:39.234 15804 29620 V Capacitor: callback: 65296531, pluginId: NativeExoPlayback, methodName: getStatus, methodData: {}
06-13 20:37:39.243 15804 15804 I Capacitor/Console: File:  - Line 333 - Msg: {"available":true,"wired":true,"message":"ExoPlayer gapless queue — content:// locker bridge + HTTP streams.","state":"idle","positionSecs":0,"durationSecs":0,"queueIndex":0,"queueLength":0,"gaplessEnabled":true}
06-13 20:37:39.486 15804 29620 V Capacitor/Plugin: To native (Capacitor plugin): callbackId: 65296532, pluginId: NativeExoPlayback, methodName: getStatus
06-13 20:37:39.487 15804 29620 V Capacitor: callback: 65296532, pluginId: NativeExoPlayback, methodName: getStatus, methodData: {}
06-13 20:37:39.492 15804 15804 I Capacitor/Console: File:  - Line 333 - Msg: {"available":true,"wired":true,"message":"ExoPlayer gapless queue — content:// locker bridge + HTTP streams.","state":"idle","positionSecs":0,"durationSecs":0,"queueIndex":0,"queueLength":0,"gaplessEnabled":true}
06-13 20:37:39.734 15804 29620 V Capacitor/Plugin: To native (Capacitor plugin): callbackId: 65296533, pluginId: NativeExoPlayback, methodName: getStatus
06-13 20:37:39.735 15804 29620 V Capacitor: callback: 65296533, pluginId: NativeExoPlayback, methodName: getStatus, methodData: {}
06-13 20:37:39.742 15804 15804 I Capacitor/Console: File:  - Line 333 - Msg: {"available":true,"wired":true,"message":"ExoPlayer gapless queue — content:// locker bridge + HTTP streams.","state":"idle","positionSecs":0,"durationSecs":0,"queueIndex":0,"queueLength":0,"gaplessEnabled":true}
06-13 20:37:39.985 15804 29620 V Capacitor/Plugin: To native (Capacitor plugin): callbackId: 65296534, pluginId: NativeExoPlayback, methodName: getStatus
06-13 20:37:39.985 15804 29620 V Capacitor: callback: 65296534, pluginId: NativeExoPlayback, methodName: getStatus, methodData: {}
06-13 20:37:39.991 15804 15804 I Capacitor/Console: File:  - Line 333 - Msg: {"available":true,"wired":true,"message":"ExoPlayer gapless queue — content:// locker bridge + HTTP streams.","state":"idle","positionSecs":0,"durationSecs":0,"queueIndex":0,"queueLength":0,"gaplessEnabled":true}
06-13 20:37:40.235 15804 29620 V Capacitor/Plugin: To native (Capacitor plugin): callbackId: 65296535, pluginId: NativeExoPlayback, methodName: getStatus
06-13 20:37:40.236 15804 29620 V Capacitor: callback: 65296535, pluginId: NativeExoPlayback, methodName: getStatus, methodData: {}
06-13 20:37:40.242 15804 15804 I Capacitor/Console: File:  - Line 333 - Msg: {"available":true,"wired":true,"message":"ExoPlayer gapless queue — content:// locker bridge + HTTP streams.","state":"idle","positionSecs":0,"durationSecs":0,"queueIndex":0,"queueLength":0,"gaplessEnabled":true}
06-13 20:37:40.484 15804 29620 V Capacitor/Plugin: To native (Capacitor plugin): callbackId: 65296536, pluginId: NativeExoPlayback, methodName: getStatus
06-13 20:37:40.484 15804 29620 V Capacitor: callback: 65296536, pluginId: NativeExoPlayback, methodName: getStatus, methodData: {}
06-13 20:37:40.489 15804 15804 I Capacitor/Console: File:  - Line 333 - Msg: {"available":true,"wired":true,"message":"ExoPlayer gapless queue — content:// locker bridge + HTTP streams.","state":"idle","positionSecs":0,"durationSecs":0,"queueIndex":0,"queueLength":0,"gaplessEnabled":true}
06-13 20:37:40.734 15804 29620 V Capacitor/Plugin: To native (Capacitor plugin): callbackId: 65296537, pluginId: NativeExoPlayback, methodName: getStatus
06-13 20:37:40.734 15804 29620 V Capacitor: callback: 65296537, pluginId: NativeExoPlayback, methodName: getStatus, methodData: {}
06-13 20:37:40.739 15804 15804 I Capacitor/Console: File:  - Line 333 - Msg: {"available":true,"wired":true,"message":"ExoPlayer gapless queue — content:// locker bridge + HTTP streams.","state":"idle","positionSecs":0,"durationSecs":0,"queueIndex":0,"queueLength":0,"gaplessEnabled":true}
06-13 20:37:40.984 15804 29620 V Capacitor/Plugin: To native (Capacitor plugin): callbackId: 65296538, pluginId: NativeExoPlayback, methodName: getStatus
06-13 20:37:40.985 15804 29620 V Capacitor: callback: 65296538, pluginId: NativeExoPlayback, methodName: getStatus, methodData: {}
06-13 20:37:40.993 15804 15804 I Capacitor/Console: File:  - Line 333 - Msg: {"available":true,"wired":true,"message":"ExoPlayer gapless queue — content:// locker bridge + HTTP streams.","state":"idle","positionSecs":0,"durationSecs":0,"queueIndex":0,"queueLength":0,"gaplessEnabled":true}
06-13 20:37:41.234 15804 29620 V Capacitor/Plugin: To native (Capacitor plugin): callbackId: 65296539, pluginId: NativeExoPlayback, methodName: getStatus
06-13 20:37:41.235 15804 29620 V Capacitor: callback: 65296539, pluginId: NativeExoPlayback, methodName: getStatus, methodData: {}
06-13 20:37:41.242 15804 15804 I Capacitor/Console: File:  - Line 333 - Msg: {"available":true,"wired":true,"message":"ExoPlayer gapless queue — content:// locker bridge + HTTP streams.","state":"idle","positionSecs":0,"durationSecs":0,"queueIndex":0,"queueLength":0,"gaplessEnabled":true}
06-13 20:37:41.341  3250  4158 E msys    : E[N mns:DGWClient]_LogError(280)=>Failed to resolve using system DNS resolver, getaddrinfo(): No address associated with hostname
06-13 20:37:41.346  3250  4158 E msys    : E[N mns:DGWClient]_LogError(280)=>Failed to resolve using system DNS resolver, getaddrinfo(): No address associated with hostname
06-13 20:37:41.429 29811 29921 E UMS.BreenoAdvicePrivacyStatus: setObserver error: java.lang.SecurityException: Failed to find provider com.oplus.advice.settings.combine.external.pas for user 12; expected to find a valid ContentProvider for this authority
06-13 20:37:41.432 29811 29921 E UMS.BreenoAdvicePermissionGuideStatus: setObserver error: java.lang.SecurityException: Failed to find provider com.oplus.advice.settings.combine.external.pas for user 12; expected to find a valid ContentProvider for this authority
06-13 20:37:41.433 29811 29921 E UMS.BreenoAdviceSwitchStatus: setObserver error: java.lang.SecurityException: Failed to find provider com.oplus.advice.settings.combine.external.pas for user 12; expected to find a valid ContentProvider for this authority
06-13 20:37:41.449 29811 29921 E ActivityThread: Failed to find provider info for com.oplus.advice.settings.combine.external.pas
06-13 20:37:41.450 29811 29921 E ActivityThread: Failed to find provider info for com.oplus.advice.settings.combine.external.pas
06-13 20:37:41.451 29811 29921 E ActivityThread: Failed to find provider info for com.oplus.advice.settings.combine.external.pas
06-13 20:37:41.485 15804 29620 V Capacitor/Plugin: To native (Capacitor plugin): callbackId: 65296540, pluginId: NativeExoPlayback, methodName: getStatus
06-13 20:37:41.485 15804 29620 V Capacitor: callback: 65296540, pluginId: NativeExoPlayback, methodName: getStatus, methodData: {}
06-13 20:37:41.489 15804 15804 I Capacitor/Console: File:  - Line 333 - Msg: {"available":true,"wired":true,"message":"ExoPlayer gapless queue — content:// locker bridge + HTTP streams.","state":"idle","positionSecs":0,"durationSecs":0,"queueIndex":0,"queueLength":0,"gaplessEnabled":true}
06-13 20:37:41.592 10560 17053 W PTC.DISC.NetRegisterCentral: registerLanInfo failed. msg=Account not logged in desc=wlanAvailable(repeat=0)
06-13 20:37:41.736 15804 29620 V Capacitor/Plugin: To native (Capacitor plugin): callbackId: 65296541, pluginId: NativeExoPlayback, methodName: getStatus
06-13 20:37:41.737 15804 29620 V Capacitor: callback: 65296541, pluginId: NativeExoPlayback, methodName: getStatus, methodData: {}
06-13 20:37:41.744 15804 15804 I Capacitor/Console: File:  - Line 333 - Msg: {"available":true,"wired":true,"message":"ExoPlayer gapless queue — content:// locker bridge + HTTP streams.","state":"idle","positionSecs":0,"durationSecs":0,"queueIndex":0,"queueLength":0,"gaplessEnabled":true}
06-13 20:37:41.985 15804 29620 V Capacitor/Plugin: To native (Capacitor plugin): callbackId: 65296542, pluginId: NativeExoPlayback, methodName: getStatus
06-13 20:37:41.986 15804 29620 V Capacitor: callback: 65296542, pluginId: NativeExoPlayback, methodName: getStatus, methodData: {}
06-13 20:37:41.994 15804 15804 I Capacitor/Console: File:  - Line 333 - Msg: {"available":true,"wired":true,"message":"ExoPlayer gapless queue — content:// locker bridge + HTTP streams.","state":"idle","positionSecs":0,"durationSecs":0,"queueIndex":0,"queueLength":0,"gaplessEnabled":true}
06-13 20:37:42.234 15804 29620 V Capacitor/Plugin: To native (Capacitor plugin): callbackId: 65296543, pluginId: NativeExoPlayback, methodName: getStatus
06-13 20:37:42.235 15804 29620 V Capacitor: callback: 65296543, pluginId: NativeExoPlayback, methodName: getStatus, methodData: {}
06-13 20:37:42.244 15804 15804 I Capacitor/Console: File:  - Line 333 - Msg: {"available":true,"wired":true,"message":"ExoPlayer gapless queue — content:// locker bridge + HTTP streams.","state":"idle","positionSecs":0,"durationSecs":0,"queueIndex":0,"queueLength":0,"gaplessEnabled":true}
06-13 20:37:42.487 15804 29620 V Capacitor/Plugin: To native (Capacitor plugin): callbackId: 65296544, pluginId: NativeExoPlayback, methodName: getStatus
06-13 20:37:42.487 15804 29620 V Capacitor: callback: 65296544, pluginId: NativeExoPlayback, methodName: getStatus, methodData: {}
06-13 20:37:42.494 15804 15804 I Capacitor/Console: File:  - Line 333 - Msg: {"available":true,"wired":true,"message":"ExoPlayer gapless queue — content:// locker bridge + HTTP streams.","state":"idle","positionSecs":0,"durationSecs":0,"queueIndex":0,"queueLength":0,"gaplessEnabled":true}
06-13 20:37:42.639  3250  4158 E msys    : E[N mns:DGWClient]_LogError(280)=>Failed to resolve using system DNS resolver, getaddrinfo(): No address associated with hostname
06-13 20:37:42.734 15804 29620 V Capacitor/Plugin: To native (Capacitor plugin): callbackId: 65296545, pluginId: NativeExoPlayback, methodName: getStatus
06-13 20:37:42.735 15804 29620 V Capacitor: callback: 65296545, pluginId: NativeExoPlayback, methodName: getStatus, methodData: {}
