06-13 20:38:03.021  3250  4158 E msys    : E[N mns:DGWClient]_LogError(280)=>Failed to resolve using system DNS resolver, getaddrinfo(): No address associated with hostname
06-13 20:38:03.234 15804 29620 V Capacitor/Plugin: To native (Capacitor plugin): callbackId: 65296627, pluginId: NativeExoPlayback, methodName: getStatus
06-13 20:38:03.234 15804 29620 V Capacitor: callback: 65296627, pluginId: NativeExoPlayback, methodName: getStatus, methodData: {}
06-13 20:38:03.243 15804 15804 I Capacitor/Console: File:  - Line 333 - Msg: {"available":true,"wired":true,"message":"ExoPlayer gapless queue — content:// locker bridge + HTTP streams.","state":"idle","positionSecs":0,"durationSecs":0,"queueIndex":0,"queueLength":0,"gaplessEnabled":true}
06-13 20:38:03.485 15804 29620 V Capacitor/Plugin: To native (Capacitor plugin): callbackId: 65296628, pluginId: NativeExoPlayback, methodName: getStatus
06-13 20:38:03.487 15804 29620 V Capacitor: callback: 65296628, pluginId: NativeExoPlayback, methodName: getStatus, methodData: {}
06-13 20:38:03.494 15804 15804 I Capacitor/Console: File:  - Line 333 - Msg: {"available":true,"wired":true,"message":"ExoPlayer gapless queue — content:// locker bridge + HTTP streams.","state":"idle","positionSecs":0,"durationSecs":0,"queueIndex":0,"queueLength":0,"gaplessEnabled":true}
06-13 20:38:03.736 15804 29620 V Capacitor/Plugin: To native (Capacitor plugin): callbackId: 65296629, pluginId: NativeExoPlayback, methodName: getStatus
06-13 20:38:03.736 15804 29620 V Capacitor: callback: 65296629, pluginId: NativeExoPlayback, methodName: getStatus, methodData: {}
06-13 20:38:03.744 15804 15804 I Capacitor/Console: File:  - Line 333 - Msg: {"available":true,"wired":true,"message":"ExoPlayer gapless queue — content:// locker bridge + HTTP streams.","state":"idle","positionSecs":0,"durationSecs":0,"queueIndex":0,"queueLength":0,"gaplessEnabled":true}
06-13 20:38:03.985 15804 29620 V Capacitor/Plugin: To native (Capacitor plugin): callbackId: 65296630, pluginId: NativeExoPlayback, methodName: getStatus
06-13 20:38:03.985 15804 29620 V Capacitor: callback: 65296630, pluginId: NativeExoPlayback, methodName: getStatus, methodData: {}
06-13 20:38:03.995 15804 15804 I Capacitor/Console: File:  - Line 333 - Msg: {"available":true,"wired":true,"message":"ExoPlayer gapless queue — content:// locker bridge + HTTP streams.","state":"idle","positionSecs":0,"durationSecs":0,"queueIndex":0,"queueLength":0,"gaplessEnabled":true}
06-13 20:38:04.232  3250  4158 E msys    : E[N mns:DGWClient]_LogError(280)=>Failed to resolve using system DNS resolver, getaddrinfo(): No address associated with hostname
06-13 20:38:04.234 15804 29620 V Capacitor/Plugin: To native (Capacitor plugin): callbackId: 65296631, pluginId: NativeExoPlayback, methodName: getStatus
06-13 20:38:04.235 15804 29620 V Capacitor: callback: 65296631, pluginId: NativeExoPlayback, methodName: getStatus, methodData: {}
06-13 20:38:04.244 15804 15804 I Capacitor/Console: File:  - Line 333 - Msg: {"available":true,"wired":true,"message":"ExoPlayer gapless queue — content:// locker bridge + HTTP streams.","state":"idle","positionSecs":0,"durationSecs":0,"queueIndex":0,"queueLength":0,"gaplessEnabled":true}
06-13 20:38:04.447  2138  2762 E HwcComposer: getLuts failed Status(-129, EX_TRANSACTION_FAILED): 'UNKNOWN_TRANSACTION: '
06-13 20:38:04.485 15804 29620 V Capacitor/Plugin: To native (Capacitor plugin): callbackId: 65296632, pluginId: NativeExoPlayback, methodName: getStatus
06-13 20:38:04.485 15804 29620 V Capacitor: callback: 65296632, pluginId: NativeExoPlayback, methodName: getStatus, methodData: {}
06-13 20:38:04.493 15804 15804 I Capacitor/Console: File:  - Line 333 - Msg: {"available":true,"wired":true,"message":"ExoPlayer gapless queue — content:// locker bridge + HTTP streams.","state":"idle","positionSecs":0,"durationSecs":0,"queueIndex":0,"queueLength":0,"gaplessEnabled":true}
06-13 20:38:04.734 15804 29620 V Capacitor/Plugin: To native (Capacitor plugin): callbackId: 65296633, pluginId: NativeExoPlayback, methodName: getStatus
06-13 20:38:04.735 15804 29620 V Capacitor: callback: 65296633, pluginId: NativeExoPlayback, methodName: getStatus, methodData: {}
06-13 20:38:04.743 15804 15804 I Capacitor/Console: File:  - Line 333 - Msg: {"available":true,"wired":true,"message":"ExoPlayer gapless queue — content:// locker bridge + HTTP streams.","state":"idle","positionSecs":0,"durationSecs":0,"queueIndex":0,"queueLength":0,"gaplessEnabled":true}
06-13 20:38:04.985 15804 29620 V Capacitor/Plugin: To native (Capacitor plugin): callbackId: 65296634, pluginId: NativeExoPlayback, methodName: getStatus
06-13 20:38:04.986 15804 29620 V Capacitor: callback: 65296634, pluginId: NativeExoPlayback, methodName: getStatus, methodData: {}
06-13 20:38:04.997 15804 15804 I Capacitor/Console: File:  - Line 333 - Msg: {"available":true,"wired":true,"message":"ExoPlayer gapless queue — content:// locker bridge + HTTP streams.","state":"idle","positionSecs":0,"durationSecs":0,"queueIndex":0,"queueLength":0,"gaplessEnabled":true}
06-13 20:38:05.234 15804 29620 V Capacitor/Plugin: To native (Capacitor plugin): callbackId: 65296635, pluginId: NativeExoPlayback, methodName: getStatus
06-13 20:38:05.235 15804 29620 V Capacitor: callback: 65296635, pluginId: NativeExoPlayback, methodName: getStatus, methodData: {}
06-13 20:38:05.243 15804 15804 I Capacitor/Console: File:  - Line 333 - Msg: {"available":true,"wired":true,"message":"ExoPlayer gapless queue — content:// locker bridge + HTTP streams.","state":"idle","positionSecs":0,"durationSecs":0,"queueIndex":0,"queueLength":0,"gaplessEnabled":true}
06-13 20:38:05.486 15804 29620 V Capacitor/Plugin: To native (Capacitor plugin): callbackId: 65296636, pluginId: NativeExoPlayback, methodName: getStatus
06-13 20:38:05.487 15804 29620 V Capacitor: callback: 65296636, pluginId: NativeExoPlayback, methodName: getStatus, methodData: {}
06-13 20:38:05.492 15804 15804 I Capacitor/Console: File:  - Line 333 - Msg: {"available":true,"wired":true,"message":"ExoPlayer gapless queue — content:// locker bridge + HTTP streams.","state":"idle","positionSecs":0,"durationSecs":0,"queueIndex":0,"queueLength":0,"gaplessEnabled":true}
06-13 20:38:05.736 15804 29620 V Capacitor/Plugin: To native (Capacitor plugin): callbackId: 65296637, pluginId: NativeExoPlayback, methodName: getStatus
06-13 20:38:05.737 15804 29620 V Capacitor: callback: 65296637, pluginId: NativeExoPlayback, methodName: getStatus, methodData: {}
06-13 20:38:05.744 15804 15804 I Capacitor/Console: File:  - Line 333 - Msg: {"available":true,"wired":true,"message":"ExoPlayer gapless queue — content:// locker bridge + HTTP streams.","state":"idle","positionSecs":0,"durationSecs":0,"queueIndex":0,"queueLength":0,"gaplessEnabled":true}
06-13 20:38:05.986 15804 29620 V Capacitor/Plugin: To native (Capacitor plugin): callbackId: 65296638, pluginId: NativeExoPlayback, methodName: getStatus
06-13 20:38:05.987 15804 29620 V Capacitor: callback: 65296638, pluginId: NativeExoPlayback, methodName: getStatus, methodData: {}
06-13 20:38:05.994 15804 15804 I Capacitor/Console: File:  - Line 333 - Msg: {"available":true,"wired":true,"message":"ExoPlayer gapless queue — content:// locker bridge + HTTP streams.","state":"idle","positionSecs":0,"durationSecs":0,"queueIndex":0,"queueLength":0,"gaplessEnabled":true}
06-13 20:38:06.234 15804 29620 V Capacitor/Plugin: To native (Capacitor plugin): callbackId: 65296639, pluginId: NativeExoPlayback, methodName: getStatus
06-13 20:38:06.234 15804 29620 V Capacitor: callback: 65296639, pluginId: NativeExoPlayback, methodName: getStatus, methodData: {}
06-13 20:38:06.242 15804 15804 I Capacitor/Console: File:  - Line 333 - Msg: {"available":true,"wired":true,"message":"ExoPlayer gapless queue — content:// locker bridge + HTTP streams.","state":"idle","positionSecs":0,"durationSecs":0,"queueIndex":0,"queueLength":0,"gaplessEnabled":true}
06-13 20:38:06.451  3480  4642 E LinkPower: [JudgeMonitorProcess] failed to deleteLastRecord, mMonitorRecordAccumulate is empty!
06-13 20:38:06.451  3480  4642 E LinkPower: [JudgeMonitorProcess] failed to deleteLastRecord, mMonitorRecordAccumulate is empty!
06-13 20:38:06.479  3480  4642 E LinkPower: [JudgeMonitorProcess] failed to deleteLastRecord, mMonitorRecordAccumulate is empty!
06-13 20:38:06.479  3480  4642 E LinkPower: [JudgeMonitorProcess] failed to deleteLastRecord, mMonitorRecordAccumulate is empty!
06-13 20:38:06.483 15804 29620 V Capacitor/Plugin: To native (Capacitor plugin): callbackId: 65296640, pluginId: NativeExoPlayback, methodName: getStatus
06-13 20:38:06.483 15804 29620 V Capacitor: callback: 65296640, pluginId: NativeExoPlayback, methodName: getStatus, methodData: {}
06-13 20:38:06.488 15804 15804 I Capacitor/Console: File:  - Line 333 - Msg: {"available":true,"wired":true,"message":"ExoPlayer gapless queue — content:// locker bridge + HTTP streams.","state":"idle","positionSecs":0,"durationSecs":0,"queueIndex":0,"queueLength":0,"gaplessEnabled":true}
06-13 20:38:06.587  5584  5783 W ModemAci: [KernelWakeupInfo] failed to update kernel wakeup due to empty map!
06-13 20:38:06.686  5584  5783 W ModemAci: [AppInfo] failed to update app info due to empty map!
06-13 20:38:06.734 15804 29620 V Capacitor/Plugin: To native (Capacitor plugin): callbackId: 65296641, pluginId: NativeExoPlayback, methodName: getStatus
06-13 20:38:06.734 15804 29620 V Capacitor: callback: 65296641, pluginId: NativeExoPlayback, methodName: getStatus, methodData: {}
06-13 20:38:06.739 15804 15804 I Capacitor/Console: File:  - Line 333 - Msg: {"available":true,"wired":true,"message":"ExoPlayer gapless queue — content:// locker bridge + HTTP streams.","state":"idle","positionSecs":0,"durationSecs":0,"queueIndex":0,"queueLength":0,"gaplessEnabled":true}
06-13 20:38:06.897  2138  2762 E HwcComposer: getLuts failed Status(-129, EX_TRANSACTION_FAILED): 'UNKNOWN_TRANSACTION: '
06-13 20:38:06.909 10560 17053 W PTC.DISC.NetRegisterCentral: registerLanInfo failed. msg=Account not logged in desc=wlanAvailable(repeat=0)
06-13 20:38:06.985 15804 29620 V Capacitor/Plugin: To native (Capacitor plugin): callbackId: 65296642, pluginId: NativeExoPlayback, methodName: getStatus
06-13 20:38:06.985 15804 29620 V Capacitor: callback: 65296642, pluginId: NativeExoPlayback, methodName: getStatus, methodData: {}
06-13 20:38:06.996 15804 15804 I Capacitor/Console: File:  - Line 333 - Msg: {"available":true,"wired":true,"message":"ExoPlayer gapless queue — content:// locker bridge + HTTP streams.","state":"idle","positionSecs":0,"durationSecs":0,"queueIndex":0,"queueLength":0,"gaplessEnabled":true}
06-13 20:38:07.150  2138  2762 E HwcComposer: getLuts failed Status(-129, EX_TRANSACTION_FAILED): 'UNKNOWN_TRANSACTION: '
06-13 20:38:07.234 15804 29620 V Capacitor/Plugin: To native (Capacitor plugin): callbackId: 65296643, pluginId: NativeExoPlayback, methodName: getStatus
06-13 20:38:07.237 15804 29620 V Capacitor: callback: 65296643, pluginId: NativeExoPlayback, methodName: getStatus, methodData: {}
06-13 20:38:07.246 15804 15804 I Capacitor/Console: File:  - Line 333 - Msg: {"available":true,"wired":true,"message":"ExoPlayer gapless queue — content:// locker bridge + HTTP streams.","state":"idle","positionSecs":0,"durationSecs":0,"queueIndex":0,"queueLength":0,"gaplessEnabled":true}
06-13 20:38:07.486 15804 29620 V Capacitor/Plugin: To native (Capacitor plugin): callbackId: 65296644, pluginId: NativeExoPlayback, methodName: getStatus
06-13 20:38:07.487 15804 29620 V Capacitor: callback: 65296644, pluginId: NativeExoPlayback, methodName: getStatus, methodData: {}
06-13 20:38:07.494 15804 15804 I Capacitor/Console: File:  - Line 333 - Msg: {"available":true,"wired":true,"message":"ExoPlayer gapless queue — content:// locker bridge + HTTP streams.","state":"idle","positionSecs":0,"durationSecs":0,"queueIndex":0,"queueLength":0,"gaplessEnabled":true}
06-13 20:38:07.561  2138  2762 E HwcComposer: getLuts failed Status(-129, EX_TRANSACTION_FAILED): 'UNKNOWN_TRANSACTION: '
06-13 20:38:07.735 15804 29620 V Capacitor/Plugin: To native (Capacitor plugin): callbackId: 65296645, pluginId: NativeExoPlayback, methodName: getStatus
06-13 20:38:07.736 15804 29620 V Capacitor: callback: 65296645, pluginId: NativeExoPlayback, methodName: getStatus, methodData: {}
06-13 20:38:07.744 15804 15804 I Capacitor/Console: File:  - Line 333 - Msg: {"available":true,"wired":true,"message":"ExoPlayer gapless queue — content:// locker bridge + HTTP streams.","state":"idle","positionSecs":0,"durationSecs":0,"queueIndex":0,"queueLength":0,"gaplessEnabled":true}
06-13 20:38:07.814  2138  2762 E HwcComposer: getLuts failed Status(-129, EX_TRANSACTION_FAILED): 'UNKNOWN_TRANSACTION: '
06-13 20:38:07.980  4908  5083 I SystemUi--Statusbar: PrivacyDotViewController-->resolveState ViewState(viewInitialized=true, systemPrivacyEventIsActive=false, shadeExpanded=false, needShow=true, portraitRect=Rect(0, 0 - 1440, 160), landscapeRect=Rect(160, 0 - 3168, 160), upsideDownRect=Rect(0, 0 - 1440, 160), seascapeRect=Rect(0, 0 - 2990, 160), layoutRtl=false, rotation=0, paddingTop=13, paddingBottom=13, cornerIndex=-1, corner=TopRight, designatedCorner=android.widget.FrameLayout{5c62b44 I.E...... .......D 1365,0-1440,160 #7f0a0ad3 app:id/privacy_dot_top_right_container alpha=0.0 viewInfo = }, contentDescription=Applications are using your microphone., dotMargin=94)
06-13 20:38:07.985 15804 29620 V Capacitor/Plugin: To native (Capacitor plugin): callbackId: 65296646, pluginId: NativeExoPlayback, methodName: getStatus
06-13 20:38:07.985 15804 29620 V Capacitor: callback: 65296646, pluginId: NativeExoPlayback, methodName: getStatus, methodData: {}
06-13 20:38:07.994 15804 15804 I Capacitor/Console: File:  - Line 333 - Msg: {"available":true,"wired":true,"message":"ExoPlayer gapless queue — content:// locker bridge + HTTP streams.","state":"idle","positionSecs":0,"durationSecs":0,"queueIndex":0,"queueLength":0,"gaplessEnabled":true}
06-13 20:38:08.064  2138  2762 E HwcComposer: getLuts failed Status(-129, EX_TRANSACTION_FAILED): 'UNKNOWN_TRANSACTION: '
06-13 20:38:08.234 15804 29620 V Capacitor/Plugin: To native (Capacitor plugin): callbackId: 65296647, pluginId: NativeExoPlayback, methodName: getStatus
06-13 20:38:08.235 15804 29620 V Capacitor: callback: 65296647, pluginId: NativeExoPlayback, methodName: getStatus, methodData: {}
06-13 20:38:08.246 15804 15804 I Capacitor/Console: File:  - Line 333 - Msg: {"available":true,"wired":true,"message":"ExoPlayer gapless queue — content:// locker bridge + HTTP streams.","state":"idle","positionSecs":0,"durationSecs":0,"queueIndex":0,"queueLength":0,"gaplessEnabled":true}
06-13 20:38:08.485 15804 29620 V Capacitor/Plugin: To native (Capacitor plugin): callbackId: 65296648, pluginId: NativeExoPlayback, methodName: getStatus
06-13 20:38:08.486 15804 29620 V Capacitor: callback: 65296648, pluginId: NativeExoPlayback, methodName: getStatus, methodData: {}
06-13 20:38:08.495 15804 15804 I Capacitor/Console: File:  - Line 333 - Msg: {"available":true,"wired":true,"message":"ExoPlayer gapless queue — content:// locker bridge + HTTP streams.","state":"idle","positionSecs":0,"durationSecs":0,"queueIndex":0,"queueLength":0,"gaplessEnabled":true}
06-13 20:38:08.736 15804 29620 V Capacitor/Plugin: To native (Capacitor plugin): callbackId: 65296649, pluginId: NativeExoPlayback, methodName: getStatus
06-13 20:38:08.736 15804 29620 V Capacitor: callback: 65296649, pluginId: NativeExoPlayback, methodName: getStatus, methodData: {}
06-13 20:38:08.745 15804 15804 I Capacitor/Console: File:  - Line 333 - Msg: {"available":true,"wired":true,"message":"ExoPlayer gapless queue — content:// locker bridge + HTTP streams.","state":"idle","positionSecs":0,"durationSecs":0,"queueIndex":0,"queueLength":0,"gaplessEnabled":true}
06-13 20:38:08.985 15804 29620 V Capacitor/Plugin: To native (Capacitor plugin): callbackId: 65296650, pluginId: NativeExoPlayback, methodName: getStatus
06-13 20:38:08.985 15804 29620 V Capacitor: callback: 65296650, pluginId: NativeExoPlayback, methodName: getStatus, methodData: {}
06-13 20:38:08.994 15804 15804 I Capacitor/Console: File:  - Line 333 - Msg: {"available":true,"wired":true,"message":"ExoPlayer gapless queue — content:// locker bridge + HTTP streams.","state":"idle","positionSecs":0,"durationSecs":0,"queueIndex":0,"queueLength":0,"gaplessEnabled":true}
06-13 20:38:09.237 15804 29620 V Capacitor/Plugin: To native (Capacitor plugin): callbackId: 65296651, pluginId: NativeExoPlayback, methodName: getStatus
06-13 20:38:09.237 15804 29620 V Capacitor: callback: 65296651, pluginId: NativeExoPlayback, methodName: getStatus, methodData: {}
06-13 20:38:09.245 15804 15804 I Capacitor/Console: File:  - Line 333 - Msg: {"available":true,"wired":true,"message":"ExoPlayer gapless queue — content:// locker bridge + HTTP streams.","state":"idle","positionSecs":0,"durationSecs":0,"queueIndex":0,"queueLength":0,"gaplessEnabled":true}
06-13 20:38:09.255  2138  2762 E HwcComposer: getLuts failed Status(-129, EX_TRANSACTION_FAILED): 'UNKNOWN_TRANSACTION: '
06-13 20:38:09.484 15804 29620 V Capacitor/Plugin: To native (Capacitor plugin): callbackId: 65296652, pluginId: NativeExoPlayback, methodName: getStatus
06-13 20:38:09.484 15804 29620 V Capacitor: callback: 65296652, pluginId: NativeExoPlayback, methodName: getStatus, methodData: {}
06-13 20:38:09.492 15804 15804 I Capacitor/Console: File:  - Line 333 - Msg: {"available":true,"wired":true,"message":"ExoPlayer gapless queue — content:// locker bridge + HTTP streams.","state":"idle","positionSecs":0,"durationSecs":0,"queueIndex":0,"queueLength":0,"gaplessEnabled":true}
06-13 20:38:09.736 15804 29620 V Capacitor/Plugin: To native (Capacitor plugin): callbackId: 65296653, pluginId: NativeExoPlayback, methodName: getStatus
06-13 20:38:09.737 15804 29620 V Capacitor: callback: 65296653, pluginId: NativeExoPlayback, methodName: getStatus, methodData: {}
06-13 20:38:09.742 15804 15804 I Capacitor/Console: File:  - Line 333 - Msg: {"available":true,"wired":true,"message":"ExoPlayer gapless queue — content:// locker bridge + HTTP streams.","state":"idle","positionSecs":0,"durationSecs":0,"queueIndex":0,"queueLength":0,"gaplessEnabled":true}
06-13 20:38:09.985 15804 29620 V Capacitor/Plugin: To native (Capacitor plugin): callbackId: 65296654, pluginId: NativeExoPlayback, methodName: getStatus
06-13 20:38:09.985 15804 29620 V Capacitor: callback: 65296654, pluginId: NativeExoPlayback, methodName: getStatus, methodData: {}
06-13 20:38:09.992 15804 15804 I Capacitor/Console: File:  - Line 333 - Msg: {"available":true,"wired":true,"message":"ExoPlayer gapless queue — content:// locker bridge + HTTP streams.","state":"idle","positionSecs":0,"durationSecs":0,"queueIndex":0,"queueLength":0,"gaplessEnabled":true}
06-13 20:38:10.235 15804 29620 V Capacitor/Plugin: To native (Capacitor plugin): callbackId: 65296655, pluginId: NativeExoPlayback, methodName: getStatus
06-13 20:38:10.235 15804 29620 V Capacitor: callback: 65296655, pluginId: NativeExoPlayback, methodName: getStatus, methodData: {}
06-13 20:38:10.236  3250  4158 E msys    : E[N mns:DGWClient]_LogError(280)=>Failed to resolve using system DNS resolver, getaddrinfo(): No address associated with hostname
06-13 20:38:10.241 15804 15804 I Capacitor/Console: File:  - Line 333 - Msg: {"available":true,"wired":true,"message":"ExoPlayer gapless queue — content:// locker bridge + HTTP streams.","state":"idle","positionSecs":0,"durationSecs":0,"queueIndex":0,"queueLength":0,"gaplessEnabled":true}
06-13 20:38:10.242  3250  4158 E msys    : E[N mns:DGWClient]_LogError(280)=>Failed to resolve using system DNS resolver, getaddrinfo(): No address associated with hostname
06-13 20:38:10.485 15804 29620 V Capacitor/Plugin: To native (Capacitor plugin): callbackId: 65296656, pluginId: NativeExoPlayback, methodName: getStatus
06-13 20:38:10.485 15804 29620 V Capacitor: callback: 65296656, pluginId: NativeExoPlayback, methodName: getStatus, methodData: {}
06-13 20:38:10.493 15804 15804 I Capacitor/Console: File:  - Line 333 - Msg: {"available":true,"wired":true,"message":"ExoPlayer gapless queue — content:// locker bridge + HTTP streams.","state":"idle","positionSecs":0,"durationSecs":0,"queueIndex":0,"queueLength":0,"gaplessEnabled":true}
06-13 20:38:10.734 15804 29620 V Capacitor/Plugin: To native (Capacitor plugin): callbackId: 65296657, pluginId: NativeExoPlayback, methodName: getStatus
06-13 20:38:10.735 15804 29620 V Capacitor: callback: 65296657, pluginId: NativeExoPlayback, methodName: getStatus, methodData: {}
06-13 20:38:10.745 15804 15804 I Capacitor/Console: File:  - Line 333 - Msg: {"available":true,"wired":true,"message":"ExoPlayer gapless queue — content:// locker bridge + HTTP streams.","state":"idle","positionSecs":0,"durationSecs":0,"queueIndex":0,"queueLength":0,"gaplessEnabled":true}
06-13 20:38:10.986 15804 29620 V Capacitor/Plugin: To native (Capacitor plugin): callbackId: 65296658, pluginId: NativeExoPlayback, methodName: getStatus
06-13 20:38:10.986 15804 29620 V Capacitor: callback: 65296658, pluginId: NativeExoPlayback, methodName: getStatus, methodData: {}
06-13 20:38:10.994 15804 15804 I Capacitor/Console: File:  - Line 333 - Msg: {"available":true,"wired":true,"message":"ExoPlayer gapless queue — content:// locker bridge + HTTP streams.","state":"idle","positionSecs":0,"durationSecs":0,"queueIndex":0,"queueLength":0,"gaplessEnabled":true}
06-13 20:38:11.234 15804 29620 V Capacitor/Plugin: To native (Capacitor plugin): callbackId: 65296659, pluginId: NativeExoPlayback, methodName: getStatus
06-13 20:38:11.234 15804 29620 V Capacitor: callback: 65296659, pluginId: NativeExoPlayback, methodName: getStatus, methodData: {}
06-13 20:38:11.241 15804 15804 I Capacitor/Console: File:  - Line 333 - Msg: {"available":true,"wired":true,"message":"ExoPlayer gapless queue — content:// locker bridge + HTTP streams.","state":"idle","positionSecs":0,"durationSecs":0,"queueIndex":0,"queueLength":0,"gaplessEnabled":true}
06-13 20:38:11.485 15804 29620 V Capacitor/Plugin: To native (Capacitor plugin): callbackId: 65296660, pluginId: NativeExoPlayback, methodName: getStatus
06-13 20:38:11.485 15804 29620 V Capacitor: callback: 65296660, pluginId: NativeExoPlayback, methodName: getStatus, methodData: {}
06-13 20:38:11.494 15804 15804 I Capacitor/Console: File:  - Line 333 - Msg: {"available":true,"wired":true,"message":"ExoPlayer gapless queue — content:// locker bridge + HTTP streams.","state":"idle","positionSecs":0,"durationSecs":0,"queueIndex":0,"queueLength":0,"gaplessEnabled":true}
06-13 20:38:11.734 15804 29620 V Capacitor/Plugin: To native (Capacitor plugin): callbackId: 65296661, pluginId: NativeExoPlayback, methodName: getStatus
06-13 20:38:11.735 15804 29620 V Capacitor: callback: 65296661, pluginId: NativeExoPlayback, methodName: getStatus, methodData: {}
06-13 20:38:11.745 15804 15804 I Capacitor/Console: File:  - Line 333 - Msg: {"available":true,"wired":true,"message":"ExoPlayer gapless queue — content:// locker bridge + HTTP streams.","state":"idle","positionSecs":0,"durationSecs":0,"queueIndex":0,"queueLength":0,"gaplessEnabled":true}
06-13 20:38:11.905  3250  4190 E MQTTBypassDGWStreamGroupConnection.cpp: connect failed. Callbacks terminated before ack received
06-13 20:38:11.942 10560 31220 W PTC.DISC.NetRegisterCentral: registerLanInfo failed. msg=Account not logged in desc=wlanAvailable(repeat=0)
06-13 20:38:11.984 15804 29620 V Capacitor/Plugin: To native (Capacitor plugin): callbackId: 65296662, pluginId: NativeExoPlayback, methodName: getStatus
06-13 20:38:11.984 15804 29620 V Capacitor: callback: 65296662, pluginId: NativeExoPlayback, methodName: getStatus, methodData: {}
06-13 20:38:11.988 15804 15804 I Capacitor/Console: File:  - Line 333 - Msg: {"available":true,"wired":true,"message":"ExoPlayer gapless queue — content:// locker bridge + HTTP streams.","state":"idle","positionSecs":0,"durationSecs":0,"queueIndex":0,"queueLength":0,"gaplessEnabled":true}
06-13 20:38:12.237 15804 29620 V Capacitor/Plugin: To native (Capacitor plugin): callbackId: 65296663, pluginId: NativeExoPlayback, methodName: getStatus
06-13 20:38:12.237 15804 29620 V Capacitor: callback: 65296663, pluginId: NativeExoPlayback, methodName: getStatus, methodData: {}
06-13 20:38:12.245 15804 15804 I Capacitor/Console: File:  - Line 333 - Msg: {"available":true,"wired":true,"message":"ExoPlayer gapless queue — content:// locker bridge + HTTP streams.","state":"idle","positionSecs":0,"durationSecs":0,"queueIndex":0,"queueLength":0,"gaplessEnabled":true}
06-13 20:38:12.486 15804 29620 V Capacitor/Plugin: To native (Capacitor plugin): callbackId: 65296664, pluginId: NativeExoPlayback, methodName: getStatus
06-13 20:38:12.486 15804 29620 V Capacitor: callback: 65296664, pluginId: NativeExoPlayback, methodName: getStatus, methodData: {}
06-13 20:38:12.493 15804 15804 I Capacitor/Console: File:  - Line 333 - Msg: {"available":true,"wired":true,"message":"ExoPlayer gapless queue — content:// locker bridge + HTTP streams.","state":"idle","positionSecs":0,"durationSecs":0,"queueIndex":0,"queueLength":0,"gaplessEnabled":true}
06-13 20:38:12.735 15804 29620 V Capacitor/Plugin: To native (Capacitor plugin): callbackId: 65296665, pluginId: NativeExoPlayback, methodName: getStatus
06-13 20:38:12.735 15804 29620 V Capacitor: callback: 65296665, pluginId: NativeExoPlayback, methodName: getStatus, methodData: {}
06-13 20:38:12.742 15804 15804 I Capacitor/Console: File:  - Line 333 - Msg: {"available":true,"wired":true,"message":"ExoPlayer gapless queue — content:// locker bridge + HTTP streams.","state":"idle","positionSecs":0,"durationSecs":0,"queueIndex":0,"queueLength":0,"gaplessEnabled":true}
06-13 20:38:12.936  3250  4158 E msys    : E[N mns:DGWClient]_LogError(280)=>Failed to resolve using system DNS resolver, getaddrinfo(): No address associated with hostname
06-13 20:38:12.985 15804 29620 V Capacitor/Plugin: To native (Capacitor plugin): callbackId: 65296666, pluginId: NativeExoPlayback, methodName: getStatus
06-13 20:38:12.986 15804 29620 V Capacitor: callback: 65296666, pluginId: NativeExoPlayback, methodName: getStatus, methodData: {}
06-13 20:38:12.992 15804 15804 I Capacitor/Console: File:  - Line 333 - Msg: {"available":true,"wired":true,"message":"ExoPlayer gapless queue — content:// locker bridge + HTTP streams.","state":"idle","positionSecs":0,"durationSecs":0,"queueIndex":0,"queueLength":0,"gaplessEnabled":true}
06-13 20:38:13.234 15804 29620 V Capacitor/Plugin: To native (Capacitor plugin): callbackId: 65296667, pluginId: NativeExoPlayback, methodName: getStatus
06-13 20:38:13.234 15804 29620 V Capacitor: callback: 65296667, pluginId: NativeExoPlayback, methodName: getStatus, methodData: {}
06-13 20:38:13.241 15804 15804 I Capacitor/Console: File:  - Line 333 - Msg: {"available":true,"wired":true,"message":"ExoPlayer gapless queue — content:// locker bridge + HTTP streams.","state":"idle","positionSecs":0,"durationSecs":0,"queueIndex":0,"queueLength":0,"gaplessEnabled":true}
06-13 20:38:13.484 15804 29620 V Capacitor/Plugin: To native (Capacitor plugin): callbackId: 65296668, pluginId: NativeExoPlayback, methodName: getStatus
06-13 20:38:13.485 15804 29620 V Capacitor: callback: 65296668, pluginId: NativeExoPlayback, methodName: getStatus, methodData: {}
06-13 20:38:13.492 15804 15804 I Capacitor/Console: File:  - Line 333 - Msg: {"available":true,"wired":true,"message":"ExoPlayer gapless queue — content:// locker bridge + HTTP streams.","state":"idle","positionSecs":0,"durationSecs":0,"queueIndex":0,"queueLength":0,"gaplessEnabled":true}
06-13 20:38:13.735 15804 29620 V Capacitor/Plugin: To native (Capacitor plugin): callbackId: 65296669, pluginId: NativeExoPlayback, methodName: getStatus
06-13 20:38:13.735 15804 29620 V Capacitor: callback: 65296669, pluginId: NativeExoPlayback, methodName: getStatus, methodData: {}
06-13 20:38:13.742 15804 15804 I Capacitor/Console: File:  - Line 333 - Msg: {"available":true,"wired":true,"message":"ExoPlayer gapless queue — content:// locker bridge + HTTP streams.","state":"idle","positionSecs":0,"durationSecs":0,"queueIndex":0,"queueLength":0,"gaplessEnabled":true}
