06-13 20:35:43.705  3480  3580 E QosSceneRecognizer[ActivityStartScene]: notifyActivityStart get launchedFromUid failed through AppManager! launchedFromPackage: com.android.shell, pkg: rd.sheepskin.sandboxmusic
06-13 20:35:43.890  3480  3580 W QosScheduler: executeSceneQosStrategy failed! qos feature no enable
06-13 20:35:54.198  3480  3580 W QosScheduler: executeSceneQosStrategy failed! qos feature no enable
06-13 20:36:07.685  3480  3580 W QosSceneRecognizer[NotificationScene]: get pid failed while enterNotificationScene, processInfos is null! uid: -1
06-13 20:36:07.934  3480  3580 W QosSceneRecognizer[NotificationScene]: get pid failed while enterNotificationScene, processInfos is null! uid: -1
06-13 20:36:07.934  3480  3580 W QosSceneRecognizer[NotificationScene]: get pid failed while enterNotificationScene, processInfos is null! uid: -1
06-13 20:36:08.685  3480  3580 W QosScheduler: executeSceneQosStrategy failed! qos feature no enable
06-13 20:36:08.934  3480  3580 W QosScheduler: executeSceneQosStrategy failed! qos feature no enable
06-13 20:36:08.934  3480  3580 W QosScheduler: executeSceneQosStrategy failed! qos feature no enable
06-13 20:36:44.171 31427 31427 W chbox:googleapp: Failed to find entry 'classes.dex': Entry not found
06-13 20:36:44.171 31427 31427 W chbox:googleapp: Failed to find entry 'classes.dex': Entry not found
06-13 20:36:44.172 31427 31427 W chbox:googleapp: Failed to find entry 'classes.dex': Entry not found
06-13 20:36:44.173 31427 31427 W chbox:googleapp: Failed to find entry 'classes.dex': Entry not found
06-13 20:36:44.235 15804 29620 V Capacitor/Plugin: To native (Capacitor plugin): callbackId: 65296311, pluginId: NativeExoPlayback, methodName: getStatus
06-13 20:36:44.235 15804 29620 V Capacitor: callback: 65296311, pluginId: NativeExoPlayback, methodName: getStatus, methodData: {}
06-13 20:36:44.240 15804 15804 I Capacitor/Console: File:  - Line 333 - Msg: {"available":true,"wired":true,"message":"ExoPlayer gapless queue — content:// locker bridge + HTTP streams.","state":"idle","positionSecs":0,"durationSecs":0,"queueIndex":0,"queueLength":0,"gaplessEnabled":true}
06-13 20:36:44.349 31427 31427 E SchedAssist: open sharedFd failed with error=Permission denied
06-13 20:36:44.385  2138  2762 E HwcComposer: getLuts failed Status(-129, EX_TRANSACTION_FAILED): 'UNKNOWN_TRANSACTION: '
06-13 20:36:44.483 15804 29620 V Capacitor/Plugin: To native (Capacitor plugin): callbackId: 65296312, pluginId: NativeExoPlayback, methodName: getStatus
06-13 20:36:44.483 15804 29620 V Capacitor: callback: 65296312, pluginId: NativeExoPlayback, methodName: getStatus, methodData: {}
06-13 20:36:44.485 15804 15804 I Capacitor/Console: File:  - Line 333 - Msg: {"available":true,"wired":true,"message":"ExoPlayer gapless queue — content:// locker bridge + HTTP streams.","state":"idle","positionSecs":0,"durationSecs":0,"queueIndex":0,"queueLength":0,"gaplessEnabled":true}
06-13 20:36:44.596  3250  4158 E msys    : E[N mns:DGWClient]_LogError(280)=>Failed to resolve using system DNS resolver, getaddrinfo(): No address associated with hostname
06-13 20:36:44.734 15804 29620 V Capacitor/Plugin: To native (Capacitor plugin): callbackId: 65296313, pluginId: NativeExoPlayback, methodName: getStatus
06-13 20:36:44.734 15804 29620 V Capacitor: callback: 65296313, pluginId: NativeExoPlayback, methodName: getStatus, methodData: {}
06-13 20:36:44.740 15804 15804 I Capacitor/Console: File:  - Line 333 - Msg: {"available":true,"wired":true,"message":"ExoPlayer gapless queue — content:// locker bridge + HTTP streams.","state":"idle","positionSecs":0,"durationSecs":0,"queueIndex":0,"queueLength":0,"gaplessEnabled":true}
06-13 20:36:44.984 15804 29620 V Capacitor/Plugin: To native (Capacitor plugin): callbackId: 65296314, pluginId: NativeExoPlayback, methodName: getStatus
06-13 20:36:44.984 15804 29620 V Capacitor: callback: 65296314, pluginId: NativeExoPlayback, methodName: getStatus, methodData: {}
06-13 20:36:44.989 15804 15804 I Capacitor/Console: File:  - Line 333 - Msg: {"available":true,"wired":true,"message":"ExoPlayer gapless queue — content:// locker bridge + HTTP streams.","state":"idle","positionSecs":0,"durationSecs":0,"queueIndex":0,"queueLength":0,"gaplessEnabled":true}
06-13 20:36:45.233 15804 29620 V Capacitor/Plugin: To native (Capacitor plugin): callbackId: 65296315, pluginId: NativeExoPlayback, methodName: getStatus
06-13 20:36:45.233 15804 29620 V Capacitor: callback: 65296315, pluginId: NativeExoPlayback, methodName: getStatus, methodData: {}
06-13 20:36:45.235 15804 15804 I Capacitor/Console: File:  - Line 333 - Msg: {"available":true,"wired":true,"message":"ExoPlayer gapless queue — content:// locker bridge + HTTP streams.","state":"idle","positionSecs":0,"durationSecs":0,"queueIndex":0,"queueLength":0,"gaplessEnabled":true}
06-13 20:36:45.245 21207 21234 I FontLog : (REDACTED) Query [%s] resolved to %s
06-13 20:36:45.251 21207 21234 I FontLog : (REDACTED) Query [%s] resolved to %s
06-13 20:36:45.267 21207 21234 I FontLog : (REDACTED) Query [%s] resolved to %s
06-13 20:36:45.273 21207 15359 I FontLog : (REDACTED) Query [%s] resolved to %s
06-13 20:36:45.282 21207 15359 I FontLog : (REDACTED) Query [%s] resolved to %s
06-13 20:36:45.485 15804 29620 V Capacitor/Plugin: To native (Capacitor plugin): callbackId: 65296316, pluginId: NativeExoPlayback, methodName: getStatus
06-13 20:36:45.485 15804 29620 V Capacitor: callback: 65296316, pluginId: NativeExoPlayback, methodName: getStatus, methodData: {}
06-13 20:36:45.488 15804 15804 I Capacitor/Console: File:  - Line 333 - Msg: {"available":true,"wired":true,"message":"ExoPlayer gapless queue — content:// locker bridge + HTTP streams.","state":"idle","positionSecs":0,"durationSecs":0,"queueIndex":0,"queueLength":0,"gaplessEnabled":true}
06-13 20:36:45.736 15804 29620 V Capacitor/Plugin: To native (Capacitor plugin): callbackId: 65296317, pluginId: NativeExoPlayback, methodName: getStatus
06-13 20:36:45.737 15804 29620 V Capacitor: callback: 65296317, pluginId: NativeExoPlayback, methodName: getStatus, methodData: {}
06-13 20:36:45.744 15804 15804 I Capacitor/Console: File:  - Line 333 - Msg: {"available":true,"wired":true,"message":"ExoPlayer gapless queue — content:// locker bridge + HTTP streams.","state":"idle","positionSecs":0,"durationSecs":0,"queueIndex":0,"queueLength":0,"gaplessEnabled":true}
06-13 20:36:45.985 15804 29620 V Capacitor/Plugin: To native (Capacitor plugin): callbackId: 65296318, pluginId: NativeExoPlayback, methodName: getStatus
06-13 20:36:45.985 15804 29620 V Capacitor: callback: 65296318, pluginId: NativeExoPlayback, methodName: getStatus, methodData: {}
06-13 20:36:45.997 15804 15804 I Capacitor/Console: File:  - Line 333 - Msg: {"available":true,"wired":true,"message":"ExoPlayer gapless queue — content:// locker bridge + HTTP streams.","state":"idle","positionSecs":0,"durationSecs":0,"queueIndex":0,"queueLength":0,"gaplessEnabled":true}
06-13 20:36:46.235 15804 29620 V Capacitor/Plugin: To native (Capacitor plugin): callbackId: 65296319, pluginId: NativeExoPlayback, methodName: getStatus
06-13 20:36:46.235 15804 29620 V Capacitor: callback: 65296319, pluginId: NativeExoPlayback, methodName: getStatus, methodData: {}
06-13 20:36:46.244 15804 15804 I Capacitor/Console: File:  - Line 333 - Msg: {"available":true,"wired":true,"message":"ExoPlayer gapless queue — content:// locker bridge + HTTP streams.","state":"idle","positionSecs":0,"durationSecs":0,"queueIndex":0,"queueLength":0,"gaplessEnabled":true}
06-13 20:36:46.486 15804 29620 V Capacitor/Plugin: To native (Capacitor plugin): callbackId: 65296320, pluginId: NativeExoPlayback, methodName: getStatus
06-13 20:36:46.486 15804 29620 V Capacitor: callback: 65296320, pluginId: NativeExoPlayback, methodName: getStatus, methodData: {}
06-13 20:36:46.496 15804 15804 I Capacitor/Console: File:  - Line 333 - Msg: {"available":true,"wired":true,"message":"ExoPlayer gapless queue — content:// locker bridge + HTTP streams.","state":"idle","positionSecs":0,"durationSecs":0,"queueIndex":0,"queueLength":0,"gaplessEnabled":true}
06-13 20:36:46.735 15804 29620 V Capacitor/Plugin: To native (Capacitor plugin): callbackId: 65296321, pluginId: NativeExoPlayback, methodName: getStatus
06-13 20:36:46.735 15804 29620 V Capacitor: callback: 65296321, pluginId: NativeExoPlayback, methodName: getStatus, methodData: {}
06-13 20:36:46.744 15804 15804 I Capacitor/Console: File:  - Line 333 - Msg: {"available":true,"wired":true,"message":"ExoPlayer gapless queue — content:// locker bridge + HTTP streams.","state":"idle","positionSecs":0,"durationSecs":0,"queueIndex":0,"queueLength":0,"gaplessEnabled":true}
06-13 20:36:46.984 15804 29620 V Capacitor/Plugin: To native (Capacitor plugin): callbackId: 65296322, pluginId: NativeExoPlayback, methodName: getStatus
06-13 20:36:46.985 15804 29620 V Capacitor: callback: 65296322, pluginId: NativeExoPlayback, methodName: getStatus, methodData: {}
06-13 20:36:46.994 15804 15804 I Capacitor/Console: File:  - Line 333 - Msg: {"available":true,"wired":true,"message":"ExoPlayer gapless queue — content:// locker bridge + HTTP streams.","state":"idle","positionSecs":0,"durationSecs":0,"queueIndex":0,"queueLength":0,"gaplessEnabled":true}
06-13 20:36:47.160  2138  2762 E HwcComposer: getLuts failed Status(-129, EX_TRANSACTION_FAILED): 'UNKNOWN_TRANSACTION: '
06-13 20:36:47.236 15804 29620 V Capacitor/Plugin: To native (Capacitor plugin): callbackId: 65296323, pluginId: NativeExoPlayback, methodName: getStatus
06-13 20:36:47.236 15804 29620 V Capacitor: callback: 65296323, pluginId: NativeExoPlayback, methodName: getStatus, methodData: {}
06-13 20:36:47.244 15804 15804 I Capacitor/Console: File:  - Line 333 - Msg: {"available":true,"wired":true,"message":"ExoPlayer gapless queue — content:// locker bridge + HTTP streams.","state":"idle","positionSecs":0,"durationSecs":0,"queueIndex":0,"queueLength":0,"gaplessEnabled":true}
06-13 20:36:47.486 15804 29620 V Capacitor/Plugin: To native (Capacitor plugin): callbackId: 65296324, pluginId: NativeExoPlayback, methodName: getStatus
06-13 20:36:47.486 15804 29620 V Capacitor: callback: 65296324, pluginId: NativeExoPlayback, methodName: getStatus, methodData: {}
06-13 20:36:47.494 15804 15804 I Capacitor/Console: File:  - Line 333 - Msg: {"available":true,"wired":true,"message":"ExoPlayer gapless queue — content:// locker bridge + HTTP streams.","state":"idle","positionSecs":0,"durationSecs":0,"queueIndex":0,"queueLength":0,"gaplessEnabled":true}
06-13 20:36:47.735 15804 29620 V Capacitor/Plugin: To native (Capacitor plugin): callbackId: 65296325, pluginId: NativeExoPlayback, methodName: getStatus
06-13 20:36:47.735 15804 29620 V Capacitor: callback: 65296325, pluginId: NativeExoPlayback, methodName: getStatus, methodData: {}
06-13 20:36:47.739 15804 15804 I Capacitor/Console: File:  - Line 333 - Msg: {"available":true,"wired":true,"message":"ExoPlayer gapless queue — content:// locker bridge + HTTP streams.","state":"idle","positionSecs":0,"durationSecs":0,"queueIndex":0,"queueLength":0,"gaplessEnabled":true}
06-13 20:36:47.986 15804 29620 V Capacitor/Plugin: To native (Capacitor plugin): callbackId: 65296326, pluginId: NativeExoPlayback, methodName: getStatus
06-13 20:36:47.987 15804 29620 V Capacitor: callback: 65296326, pluginId: NativeExoPlayback, methodName: getStatus, methodData: {}
06-13 20:36:47.997 15804 15804 I Capacitor/Console: File:  - Line 333 - Msg: {"available":true,"wired":true,"message":"ExoPlayer gapless queue — content:// locker bridge + HTTP streams.","state":"idle","positionSecs":0,"durationSecs":0,"queueIndex":0,"queueLength":0,"gaplessEnabled":true}
06-13 20:36:48.234 15804 29620 V Capacitor/Plugin: To native (Capacitor plugin): callbackId: 65296327, pluginId: NativeExoPlayback, methodName: getStatus
06-13 20:36:48.235 15804 29620 V Capacitor: callback: 65296327, pluginId: NativeExoPlayback, methodName: getStatus, methodData: {}
06-13 20:36:48.240 15804 15804 I Capacitor/Console: File:  - Line 333 - Msg: {"available":true,"wired":true,"message":"ExoPlayer gapless queue — content:// locker bridge + HTTP streams.","state":"idle","positionSecs":0,"durationSecs":0,"queueIndex":0,"queueLength":0,"gaplessEnabled":true}
06-13 20:36:48.486 15804 29620 V Capacitor/Plugin: To native (Capacitor plugin): callbackId: 65296328, pluginId: NativeExoPlayback, methodName: getStatus
06-13 20:36:48.486 15804 29620 V Capacitor: callback: 65296328, pluginId: NativeExoPlayback, methodName: getStatus, methodData: {}
06-13 20:36:48.491 15804 15804 I Capacitor/Console: File:  - Line 333 - Msg: {"available":true,"wired":true,"message":"ExoPlayer gapless queue — content:// locker bridge + HTTP streams.","state":"idle","positionSecs":0,"durationSecs":0,"queueIndex":0,"queueLength":0,"gaplessEnabled":true}
06-13 20:36:48.647  2138  2762 E HwcComposer: getLuts failed Status(-129, EX_TRANSACTION_FAILED): 'UNKNOWN_TRANSACTION: '
06-13 20:36:48.734 15804 29620 V Capacitor/Plugin: To native (Capacitor plugin): callbackId: 65296329, pluginId: NativeExoPlayback, methodName: getStatus
06-13 20:36:48.734 15804 29620 V Capacitor: callback: 65296329, pluginId: NativeExoPlayback, methodName: getStatus, methodData: {}
06-13 20:36:48.745 15804 15804 I Capacitor/Console: File:  - Line 333 - Msg: {"available":true,"wired":true,"message":"ExoPlayer gapless queue — content:// locker bridge + HTTP streams.","state":"idle","positionSecs":0,"durationSecs":0,"queueIndex":0,"queueLength":0,"gaplessEnabled":true}
06-13 20:36:48.984 15804 29620 V Capacitor/Plugin: To native (Capacitor plugin): callbackId: 65296330, pluginId: NativeExoPlayback, methodName: getStatus
06-13 20:36:48.985 15804 29620 V Capacitor: callback: 65296330, pluginId: NativeExoPlayback, methodName: getStatus, methodData: {}
06-13 20:36:48.990 15804 15804 I Capacitor/Console: File:  - Line 333 - Msg: {"available":true,"wired":true,"message":"ExoPlayer gapless queue — content:// locker bridge + HTTP streams.","state":"idle","positionSecs":0,"durationSecs":0,"queueIndex":0,"queueLength":0,"gaplessEnabled":true}
06-13 20:36:49.235 15804 29620 V Capacitor/Plugin: To native (Capacitor plugin): callbackId: 65296331, pluginId: NativeExoPlayback, methodName: getStatus
06-13 20:36:49.236 15804 29620 V Capacitor: callback: 65296331, pluginId: NativeExoPlayback, methodName: getStatus, methodData: {}
06-13 20:36:49.250 15804 15804 I Capacitor/Console: File:  - Line 333 - Msg: {"available":true,"wired":true,"message":"ExoPlayer gapless queue — content:// locker bridge + HTTP streams.","state":"idle","positionSecs":0,"durationSecs":0,"queueIndex":0,"queueLength":0,"gaplessEnabled":true}
06-13 20:36:49.486 15804 29620 V Capacitor/Plugin: To native (Capacitor plugin): callbackId: 65296332, pluginId: NativeExoPlayback, methodName: getStatus
06-13 20:36:49.486 15804 29620 V Capacitor: callback: 65296332, pluginId: NativeExoPlayback, methodName: getStatus, methodData: {}
06-13 20:36:49.494 15804 15804 I Capacitor/Console: File:  - Line 333 - Msg: {"available":true,"wired":true,"message":"ExoPlayer gapless queue — content:// locker bridge + HTTP streams.","state":"idle","positionSecs":0,"durationSecs":0,"queueIndex":0,"queueLength":0,"gaplessEnabled":true}
06-13 20:36:49.736 15804 29620 V Capacitor/Plugin: To native (Capacitor plugin): callbackId: 65296333, pluginId: NativeExoPlayback, methodName: getStatus
06-13 20:36:49.736 15804 29620 V Capacitor: callback: 65296333, pluginId: NativeExoPlayback, methodName: getStatus, methodData: {}
06-13 20:36:49.745 15804 15804 I Capacitor/Console: File:  - Line 333 - Msg: {"available":true,"wired":true,"message":"ExoPlayer gapless queue — content:// locker bridge + HTTP streams.","state":"idle","positionSecs":0,"durationSecs":0,"queueIndex":0,"queueLength":0,"gaplessEnabled":true}
06-13 20:36:49.984 15804 29620 V Capacitor/Plugin: To native (Capacitor plugin): callbackId: 65296334, pluginId: NativeExoPlayback, methodName: getStatus
06-13 20:36:49.985 15804 29620 V Capacitor: callback: 65296334, pluginId: NativeExoPlayback, methodName: getStatus, methodData: {}
06-13 20:36:49.991 15804 15804 I Capacitor/Console: File:  - Line 333 - Msg: {"available":true,"wired":true,"message":"ExoPlayer gapless queue — content:// locker bridge + HTTP streams.","state":"idle","positionSecs":0,"durationSecs":0,"queueIndex":0,"queueLength":0,"gaplessEnabled":true}
06-13 20:36:50.234 15804 29620 V Capacitor/Plugin: To native (Capacitor plugin): callbackId: 65296335, pluginId: NativeExoPlayback, methodName: getStatus
06-13 20:36:50.236 15804 29620 V Capacitor: callback: 65296335, pluginId: NativeExoPlayback, methodName: getStatus, methodData: {}
06-13 20:36:50.243 15804 15804 I Capacitor/Console: File:  - Line 333 - Msg: {"available":true,"wired":true,"message":"ExoPlayer gapless queue — content:// locker bridge + HTTP streams.","state":"idle","positionSecs":0,"durationSecs":0,"queueIndex":0,"queueLength":0,"gaplessEnabled":true}
06-13 20:36:50.485 15804 29620 V Capacitor/Plugin: To native (Capacitor plugin): callbackId: 65296336, pluginId: NativeExoPlayback, methodName: getStatus
06-13 20:36:50.485 15804 29620 V Capacitor: callback: 65296336, pluginId: NativeExoPlayback, methodName: getStatus, methodData: {}
06-13 20:36:50.492 15804 15804 I Capacitor/Console: File:  - Line 333 - Msg: {"available":true,"wired":true,"message":"ExoPlayer gapless queue — content:// locker bridge + HTTP streams.","state":"idle","positionSecs":0,"durationSecs":0,"queueIndex":0,"queueLength":0,"gaplessEnabled":true}
06-13 20:36:50.733 15804 29620 V Capacitor/Plugin: To native (Capacitor plugin): callbackId: 65296337, pluginId: NativeExoPlayback, methodName: getStatus
06-13 20:36:50.734 15804 29620 V Capacitor: callback: 65296337, pluginId: NativeExoPlayback, methodName: getStatus, methodData: {}
06-13 20:36:50.737 15804 15804 I Capacitor/Console: File:  - Line 333 - Msg: {"available":true,"wired":true,"message":"ExoPlayer gapless queue — content:// locker bridge + HTTP streams.","state":"idle","positionSecs":0,"durationSecs":0,"queueIndex":0,"queueLength":0,"gaplessEnabled":true}
06-13 20:36:50.779  3250  4158 E msys    : E[N mns:DGWClient]_LogError(280)=>Failed to resolve using system DNS resolver, getaddrinfo(): No address associated with hostname
06-13 20:36:50.783  3250  4158 E msys    : E[N mns:DGWClient]_LogError(280)=>Failed to resolve using system DNS resolver, getaddrinfo(): No address associated with hostname
06-13 20:36:50.985 15804 29620 V Capacitor/Plugin: To native (Capacitor plugin): callbackId: 65296338, pluginId: NativeExoPlayback, methodName: getStatus
06-13 20:36:50.986 15804 29620 V Capacitor: callback: 65296338, pluginId: NativeExoPlayback, methodName: getStatus, methodData: {}
06-13 20:36:50.991 15804 15804 I Capacitor/Console: File:  - Line 333 - Msg: {"available":true,"wired":true,"message":"ExoPlayer gapless queue — content:// locker bridge + HTTP streams.","state":"idle","positionSecs":0,"durationSecs":0,"queueIndex":0,"queueLength":0,"gaplessEnabled":true}
06-13 20:36:51.236 15804 29620 V Capacitor/Plugin: To native (Capacitor plugin): callbackId: 65296339, pluginId: NativeExoPlayback, methodName: getStatus
06-13 20:36:51.237 15804 29620 V Capacitor: callback: 65296339, pluginId: NativeExoPlayback, methodName: getStatus, methodData: {}
06-13 20:36:51.245 15804 15804 I Capacitor/Console: File:  - Line 333 - Msg: {"available":true,"wired":true,"message":"ExoPlayer gapless queue — content:// locker bridge + HTTP streams.","state":"idle","positionSecs":0,"durationSecs":0,"queueIndex":0,"queueLength":0,"gaplessEnabled":true}
06-13 20:36:51.485 15804 29620 V Capacitor/Plugin: To native (Capacitor plugin): callbackId: 65296340, pluginId: NativeExoPlayback, methodName: getStatus
06-13 20:36:51.485 15804 29620 V Capacitor: callback: 65296340, pluginId: NativeExoPlayback, methodName: getStatus, methodData: {}
06-13 20:36:51.496 15804 15804 I Capacitor/Console: File:  - Line 333 - Msg: {"available":true,"wired":true,"message":"ExoPlayer gapless queue — content:// locker bridge + HTTP streams.","state":"idle","positionSecs":0,"durationSecs":0,"queueIndex":0,"queueLength":0,"gaplessEnabled":true}
06-13 20:36:51.735 15804 29620 V Capacitor/Plugin: To native (Capacitor plugin): callbackId: 65296341, pluginId: NativeExoPlayback, methodName: getStatus
06-13 20:36:51.735 15804 29620 V Capacitor: callback: 65296341, pluginId: NativeExoPlayback, methodName: getStatus, methodData: {}
06-13 20:36:51.743 15804 15804 I Capacitor/Console: File:  - Line 333 - Msg: {"available":true,"wired":true,"message":"ExoPlayer gapless queue — content:// locker bridge + HTTP streams.","state":"idle","positionSecs":0,"durationSecs":0,"queueIndex":0,"queueLength":0,"gaplessEnabled":true}
06-13 20:36:51.985 15804 29620 V Capacitor/Plugin: To native (Capacitor plugin): callbackId: 65296342, pluginId: NativeExoPlayback, methodName: getStatus
06-13 20:36:51.986 15804 29620 V Capacitor: callback: 65296342, pluginId: NativeExoPlayback, methodName: getStatus, methodData: {}
06-13 20:36:51.993 15804 15804 I Capacitor/Console: File:  - Line 333 - Msg: {"available":true,"wired":true,"message":"ExoPlayer gapless queue — content:// locker bridge + HTTP streams.","state":"idle","positionSecs":0,"durationSecs":0,"queueIndex":0,"queueLength":0,"gaplessEnabled":true}
06-13 20:36:52.234 15804 29620 V Capacitor/Plugin: To native (Capacitor plugin): callbackId: 65296343, pluginId: NativeExoPlayback, methodName: getStatus
06-13 20:36:52.235 15804 29620 V Capacitor: callback: 65296343, pluginId: NativeExoPlayback, methodName: getStatus, methodData: {}
06-13 20:36:52.243 15804 15804 I Capacitor/Console: File:  - Line 333 - Msg: {"available":true,"wired":true,"message":"ExoPlayer gapless queue — content:// locker bridge + HTTP streams.","state":"idle","positionSecs":0,"durationSecs":0,"queueIndex":0,"queueLength":0,"gaplessEnabled":true}
06-13 20:36:52.484 15804 29620 V Capacitor/Plugin: To native (Capacitor plugin): callbackId: 65296344, pluginId: NativeExoPlayback, methodName: getStatus
06-13 20:36:52.484 15804 29620 V Capacitor: callback: 65296344, pluginId: NativeExoPlayback, methodName: getStatus, methodData: {}
06-13 20:36:52.491 15804 15804 I Capacitor/Console: File:  - Line 333 - Msg: {"available":true,"wired":true,"message":"ExoPlayer gapless queue — content:// locker bridge + HTTP streams.","state":"idle","positionSecs":0,"durationSecs":0,"queueIndex":0,"queueLength":0,"gaplessEnabled":true}
06-13 20:36:52.735 15804 29620 V Capacitor/Plugin: To native (Capacitor plugin): callbackId: 65296345, pluginId: NativeExoPlayback, methodName: getStatus
06-13 20:36:52.735 15804 29620 V Capacitor: callback: 65296345, pluginId: NativeExoPlayback, methodName: getStatus, methodData: {}
06-13 20:36:52.740 15804 15804 I Capacitor/Console: File:  - Line 333 - Msg: {"available":true,"wired":true,"message":"ExoPlayer gapless queue — content:// locker bridge + HTTP streams.","state":"idle","positionSecs":0,"durationSecs":0,"queueIndex":0,"queueLength":0,"gaplessEnabled":true}
06-13 20:36:52.986 15804 29620 V Capacitor/Plugin: To native (Capacitor plugin): callbackId: 65296346, pluginId: NativeExoPlayback, methodName: getStatus
06-13 20:36:52.987 15804 29620 V Capacitor: callback: 65296346, pluginId: NativeExoPlayback, methodName: getStatus, methodData: {}
06-13 20:36:52.994 15804 15804 I Capacitor/Console: File:  - Line 333 - Msg: {"available":true,"wired":true,"message":"ExoPlayer gapless queue — content:// locker bridge + HTTP streams.","state":"idle","positionSecs":0,"durationSecs":0,"queueIndex":0,"queueLength":0,"gaplessEnabled":true}
06-13 20:36:52.999  3250  4158 E msys    : E[N mns:DGWClient]_LogError(280)=>Failed to resolve using system DNS resolver, getaddrinfo(): No address associated with hostname
06-13 20:36:53.235 15804 29620 V Capacitor/Plugin: To native (Capacitor plugin): callbackId: 65296347, pluginId: NativeExoPlayback, methodName: getStatus
06-13 20:36:53.235 15804 29620 V Capacitor: callback: 65296347, pluginId: NativeExoPlayback, methodName: getStatus, methodData: {}
06-13 20:36:53.245 15804 15804 I Capacitor/Console: File:  - Line 333 - Msg: {"available":true,"wired":true,"message":"ExoPlayer gapless queue — content:// locker bridge + HTTP streams.","state":"idle","positionSecs":0,"durationSecs":0,"queueIndex":0,"queueLength":0,"gaplessEnabled":true}
06-13 20:36:53.484 15804 29620 V Capacitor/Plugin: To native (Capacitor plugin): callbackId: 65296348, pluginId: NativeExoPlayback, methodName: getStatus
06-13 20:36:53.485 15804 29620 V Capacitor: callback: 65296348, pluginId: NativeExoPlayback, methodName: getStatus, methodData: {}
06-13 20:36:53.496 15804 15804 I Capacitor/Console: File:  - Line 333 - Msg: {"available":true,"wired":true,"message":"ExoPlayer gapless queue — content:// locker bridge + HTTP streams.","state":"idle","positionSecs":0,"durationSecs":0,"queueIndex":0,"queueLength":0,"gaplessEnabled":true}
06-13 20:36:53.736 15804 29620 V Capacitor/Plugin: To native (Capacitor plugin): callbackId: 65296349, pluginId: NativeExoPlayback, methodName: getStatus
06-13 20:36:53.736 15804 29620 V Capacitor: callback: 65296349, pluginId: NativeExoPlayback, methodName: getStatus, methodData: {}
06-13 20:36:53.746 15804 15804 I Capacitor/Console: File:  - Line 333 - Msg: {"available":true,"wired":true,"message":"ExoPlayer gapless queue — content:// locker bridge + HTTP streams.","state":"idle","positionSecs":0,"durationSecs":0,"queueIndex":0,"queueLength":0,"gaplessEnabled":true}
06-13 20:36:53.985 15804 29620 V Capacitor/Plugin: To native (Capacitor plugin): callbackId: 65296350, pluginId: NativeExoPlayback, methodName: getStatus
06-13 20:36:53.985 15804 29620 V Capacitor: callback: 65296350, pluginId: NativeExoPlayback, methodName: getStatus, methodData: {}
06-13 20:36:53.995 15804 15804 I Capacitor/Console: File:  - Line 333 - Msg: {"available":true,"wired":true,"message":"ExoPlayer gapless queue — content:// locker bridge + HTTP streams.","state":"idle","positionSecs":0,"durationSecs":0,"queueIndex":0,"queueLength":0,"gaplessEnabled":true}
06-13 20:36:54.236 15804 29620 V Capacitor/Plugin: To native (Capacitor plugin): callbackId: 65296351, pluginId: NativeExoPlayback, methodName: getStatus
06-13 20:36:54.236 15804 29620 V Capacitor: callback: 65296351, pluginId: NativeExoPlayback, methodName: getStatus, methodData: {}
06-13 20:36:54.246 15804 15804 I Capacitor/Console: File:  - Line 333 - Msg: {"available":true,"wired":true,"message":"ExoPlayer gapless queue — content:// locker bridge + HTTP streams.","state":"idle","positionSecs":0,"durationSecs":0,"queueIndex":0,"queueLength":0,"gaplessEnabled":true}
06-13 20:36:54.486 15804 29620 V Capacitor/Plugin: To native (Capacitor plugin): callbackId: 65296352, pluginId: NativeExoPlayback, methodName: getStatus
06-13 20:36:54.486 15804 29620 V Capacitor: callback: 65296352, pluginId: NativeExoPlayback, methodName: getStatus, methodData: {}
06-13 20:36:54.495 15804 15804 I Capacitor/Console: File:  - Line 333 - Msg: {"available":true,"wired":true,"message":"ExoPlayer gapless queue — content:// locker bridge + HTTP streams.","state":"idle","positionSecs":0,"durationSecs":0,"queueIndex":0,"queueLength":0,"gaplessEnabled":true}
06-13 20:36:54.734 15804 29620 V Capacitor/Plugin: To native (Capacitor plugin): callbackId: 65296353, pluginId: NativeExoPlayback, methodName: getStatus
06-13 20:36:54.735 15804 29620 V Capacitor: callback: 65296353, pluginId: NativeExoPlayback, methodName: getStatus, methodData: {}
06-13 20:36:54.742 15804 15804 I Capacitor/Console: File:  - Line 333 - Msg: {"available":true,"wired":true,"message":"ExoPlayer gapless queue — content:// locker bridge + HTTP streams.","state":"idle","positionSecs":0,"durationSecs":0,"queueIndex":0,"queueLength":0,"gaplessEnabled":true}
06-13 20:36:54.985 15804 29620 V Capacitor/Plugin: To native (Capacitor plugin): callbackId: 65296354, pluginId: NativeExoPlayback, methodName: getStatus
06-13 20:36:54.985 15804 29620 V Capacitor: callback: 65296354, pluginId: NativeExoPlayback, methodName: getStatus, methodData: {}
06-13 20:36:54.994 15804 15804 I Capacitor/Console: File:  - Line 333 - Msg: {"available":true,"wired":true,"message":"ExoPlayer gapless queue — content:// locker bridge + HTTP streams.","state":"idle","positionSecs":0,"durationSecs":0,"queueIndex":0,"queueLength":0,"gaplessEnabled":true}
06-13 20:36:55.234 15804 29620 V Capacitor/Plugin: To native (Capacitor plugin): callbackId: 65296355, pluginId: NativeExoPlayback, methodName: getStatus
06-13 20:36:55.235 15804 29620 V Capacitor: callback: 65296355, pluginId: NativeExoPlayback, methodName: getStatus, methodData: {}
06-13 20:36:55.241 15804 15804 I Capacitor/Console: File:  - Line 333 - Msg: {"available":true,"wired":true,"message":"ExoPlayer gapless queue — content:// locker bridge + HTTP streams.","state":"idle","positionSecs":0,"durationSecs":0,"queueIndex":0,"queueLength":0,"gaplessEnabled":true}
06-13 20:36:55.350 22848 22899 E connection::usb::device: [usb_device][usb_device]Failed to start tcp proxy server, error: 01-002-102: proxy socket bind error -- Address already in use (os error 98)
06-13 20:36:55.350 22848 22900 E connection::usb::device: [usb_device][usb_device]Failed to start tcp ip sync server, error: 01-002-102: proxy socket bind error -- Address already in use (os error 98)
06-13 20:36:55.484 15804 29620 V Capacitor/Plugin: To native (Capacitor plugin): callbackId: 65296356, pluginId: NativeExoPlayback, methodName: getStatus
06-13 20:36:55.484 15804 29620 V Capacitor: callback: 65296356, pluginId: NativeExoPlayback, methodName: getStatus, methodData: {}
06-13 20:36:55.494 15804 15804 I Capacitor/Console: File:  - Line 333 - Msg: {"available":true,"wired":true,"message":"ExoPlayer gapless queue — content:// locker bridge + HTTP streams.","state":"idle","positionSecs":0,"durationSecs":0,"queueIndex":0,"queueLength":0,"gaplessEnabled":true}
06-13 20:36:55.734 15804 29620 V Capacitor/Plugin: To native (Capacitor plugin): callbackId: 65296357, pluginId: NativeExoPlayback, methodName: getStatus
06-13 20:36:55.734 15804 29620 V Capacitor: callback: 65296357, pluginId: NativeExoPlayback, methodName: getStatus, methodData: {}
06-13 20:36:55.740 15804 15804 I Capacitor/Console: File:  - Line 333 - Msg: {"available":true,"wired":true,"message":"ExoPlayer gapless queue — content:// locker bridge + HTTP streams.","state":"idle","positionSecs":0,"durationSecs":0,"queueIndex":0,"queueLength":0,"gaplessEnabled":true}
06-13 20:36:55.985 15804 29620 V Capacitor/Plugin: To native (Capacitor plugin): callbackId: 65296358, pluginId: NativeExoPlayback, methodName: getStatus
06-13 20:36:55.985 15804 29620 V Capacitor: callback: 65296358, pluginId: NativeExoPlayback, methodName: getStatus, methodData: {}
06-13 20:36:55.993 15804 15804 I Capacitor/Console: File:  - Line 333 - Msg: {"available":true,"wired":true,"message":"ExoPlayer gapless queue — content:// locker bridge + HTTP streams.","state":"idle","positionSecs":0,"durationSecs":0,"queueIndex":0,"queueLength":0,"gaplessEnabled":true}
06-13 20:36:56.234 15804 29620 V Capacitor/Plugin: To native (Capacitor plugin): callbackId: 65296359, pluginId: NativeExoPlayback, methodName: getStatus
06-13 20:36:56.234 15804 29620 V Capacitor: callback: 65296359, pluginId: NativeExoPlayback, methodName: getStatus, methodData: {}
06-13 20:36:56.237  2138  2762 E HwcComposer: getLuts failed Status(-129, EX_TRANSACTION_FAILED): 'UNKNOWN_TRANSACTION: '
06-13 20:36:56.242 15804 15804 I Capacitor/Console: File:  - Line 333 - Msg: {"available":true,"wired":true,"message":"ExoPlayer gapless queue — content:// locker bridge + HTTP streams.","state":"idle","positionSecs":0,"durationSecs":0,"queueIndex":0,"queueLength":0,"gaplessEnabled":true}
06-13 20:36:56.485 15804 29620 V Capacitor/Plugin: To native (Capacitor plugin): callbackId: 65296360, pluginId: NativeExoPlayback, methodName: getStatus
06-13 20:36:56.486 15804 29620 V Capacitor: callback: 65296360, pluginId: NativeExoPlayback, methodName: getStatus, methodData: {}
06-13 20:36:56.492 15804 15804 I Capacitor/Console: File:  - Line 333 - Msg: {"available":true,"wired":true,"message":"ExoPlayer gapless queue — content:// locker bridge + HTTP streams.","state":"idle","positionSecs":0,"durationSecs":0,"queueIndex":0,"queueLength":0,"gaplessEnabled":true}
06-13 20:36:56.735 15804 29620 V Capacitor/Plugin: To native (Capacitor plugin): callbackId: 65296361, pluginId: NativeExoPlayback, methodName: getStatus
06-13 20:36:56.735 15804 29620 V Capacitor: callback: 65296361, pluginId: NativeExoPlayback, methodName: getStatus, methodData: {}
06-13 20:36:56.741 15804 15804 I Capacitor/Console: File:  - Line 333 - Msg: {"available":true,"wired":true,"message":"ExoPlayer gapless queue — content:// locker bridge + HTTP streams.","state":"idle","positionSecs":0,"durationSecs":0,"queueIndex":0,"queueLength":0,"gaplessEnabled":true}
06-13 20:36:56.984 15804 29620 V Capacitor/Plugin: To native (Capacitor plugin): callbackId: 65296362, pluginId: NativeExoPlayback, methodName: getStatus
06-13 20:36:56.984 15804 29620 V Capacitor: callback: 65296362, pluginId: NativeExoPlayback, methodName: getStatus, methodData: {}
06-13 20:36:56.990 15804 15804 I Capacitor/Console: File:  - Line 333 - Msg: {"available":true,"wired":true,"message":"ExoPlayer gapless queue — content:// locker bridge + HTTP streams.","state":"idle","positionSecs":0,"durationSecs":0,"queueIndex":0,"queueLength":0,"gaplessEnabled":true}
06-13 20:36:57.234 15804 29620 V Capacitor/Plugin: To native (Capacitor plugin): callbackId: 65296363, pluginId: NativeExoPlayback, methodName: getStatus
06-13 20:36:57.234 15804 29620 V Capacitor: callback: 65296363, pluginId: NativeExoPlayback, methodName: getStatus, methodData: {}
06-13 20:36:57.242 15804 15804 I Capacitor/Console: File:  - Line 333 - Msg: {"available":true,"wired":true,"message":"ExoPlayer gapless queue — content:// locker bridge + HTTP streams.","state":"idle","positionSecs":0,"durationSecs":0,"queueIndex":0,"queueLength":0,"gaplessEnabled":true}
06-13 20:36:57.486 15804 29620 V Capacitor/Plugin: To native (Capacitor plugin): callbackId: 65296364, pluginId: NativeExoPlayback, methodName: getStatus
06-13 20:36:57.486 15804 29620 V Capacitor: callback: 65296364, pluginId: NativeExoPlayback, methodName: getStatus, methodData: {}
06-13 20:36:57.492 15804 15804 I Capacitor/Console: File:  - Line 333 - Msg: {"available":true,"wired":true,"message":"ExoPlayer gapless queue — content:// locker bridge + HTTP streams.","state":"idle","positionSecs":0,"durationSecs":0,"queueIndex":0,"queueLength":0,"gaplessEnabled":true}
06-13 20:36:57.735 15804 29620 V Capacitor/Plugin: To native (Capacitor plugin): callbackId: 65296365, pluginId: NativeExoPlayback, methodName: getStatus
06-13 20:36:57.735 15804 29620 V Capacitor: callback: 65296365, pluginId: NativeExoPlayback, methodName: getStatus, methodData: {}
06-13 20:36:57.744 15804 15804 I Capacitor/Console: File:  - Line 333 - Msg: {"available":true,"wired":true,"message":"ExoPlayer gapless queue — content:// locker bridge + HTTP streams.","state":"idle","positionSecs":0,"durationSecs":0,"queueIndex":0,"queueLength":0,"gaplessEnabled":true}
06-13 20:36:57.985 15804 29620 V Capacitor/Plugin: To native (Capacitor plugin): callbackId: 65296366, pluginId: NativeExoPlayback, methodName: getStatus
06-13 20:36:57.985 15804 29620 V Capacitor: callback: 65296366, pluginId: NativeExoPlayback, methodName: getStatus, methodData: {}
06-13 20:36:57.996 15804 15804 I Capacitor/Console: File:  - Line 333 - Msg: {"available":true,"wired":true,"message":"ExoPlayer gapless queue — content:// locker bridge + HTTP streams.","state":"idle","positionSecs":0,"durationSecs":0,"queueIndex":0,"queueLength":0,"gaplessEnabled":true}
06-13 20:36:57.998  3250  4158 E msys    : E[N mns:DGWClient]_LogError(280)=>Failed to resolve using system DNS resolver, getaddrinfo(): No address associated with hostname
06-13 20:36:58.005  3250  4158 E msys    : E[N mns:DGWClient]_LogError(280)=>Failed to resolve using system DNS resolver, getaddrinfo(): No address associated with hostname
06-13 20:36:58.051  2138  2762 E HwcComposer: getLuts failed Status(-129, EX_TRANSACTION_FAILED): 'UNKNOWN_TRANSACTION: '
06-13 20:36:58.235 15804 29620 V Capacitor/Plugin: To native (Capacitor plugin): callbackId: 65296367, pluginId: NativeExoPlayback, methodName: getStatus
06-13 20:36:58.236 15804 29620 V Capacitor: callback: 65296367, pluginId: NativeExoPlayback, methodName: getStatus, methodData: {}
06-13 20:36:58.244 15804 15804 I Capacitor/Console: File:  - Line 333 - Msg: {"available":true,"wired":true,"message":"ExoPlayer gapless queue — content:// locker bridge + HTTP streams.","state":"idle","positionSecs":0,"durationSecs":0,"queueIndex":0,"queueLength":0,"gaplessEnabled":true}
06-13 20:36:58.487 15804 29620 V Capacitor/Plugin: To native (Capacitor plugin): callbackId: 65296368, pluginId: NativeExoPlayback, methodName: getStatus
06-13 20:36:58.487 15804 29620 V Capacitor: callback: 65296368, pluginId: NativeExoPlayback, methodName: getStatus, methodData: {}
06-13 20:36:58.496 15804 15804 I Capacitor/Console: File:  - Line 333 - Msg: {"available":true,"wired":true,"message":"ExoPlayer gapless queue — content:// locker bridge + HTTP streams.","state":"idle","positionSecs":0,"durationSecs":0,"queueIndex":0,"queueLength":0,"gaplessEnabled":true}
06-13 20:36:58.734 15804 29620 V Capacitor/Plugin: To native (Capacitor plugin): callbackId: 65296369, pluginId: NativeExoPlayback, methodName: getStatus
06-13 20:36:58.735 15804 29620 V Capacitor: callback: 65296369, pluginId: NativeExoPlayback, methodName: getStatus, methodData: {}
06-13 20:36:58.742 15804 15804 I Capacitor/Console: File:  - Line 333 - Msg: {"available":true,"wired":true,"message":"ExoPlayer gapless queue — content:// locker bridge + HTTP streams.","state":"idle","positionSecs":0,"durationSecs":0,"queueIndex":0,"queueLength":0,"gaplessEnabled":true}
06-13 20:36:58.984 15804 29620 V Capacitor/Plugin: To native (Capacitor plugin): callbackId: 65296370, pluginId: NativeExoPlayback, methodName: getStatus
06-13 20:36:58.985 15804 29620 V Capacitor: callback: 65296370, pluginId: NativeExoPlayback, methodName: getStatus, methodData: {}
06-13 20:36:58.990 15804 15804 I Capacitor/Console: File:  - Line 333 - Msg: {"available":true,"wired":true,"message":"ExoPlayer gapless queue — content:// locker bridge + HTTP streams.","state":"idle","positionSecs":0,"durationSecs":0,"queueIndex":0,"queueLength":0,"gaplessEnabled":true}
06-13 20:36:59.234 15804 29620 V Capacitor/Plugin: To native (Capacitor plugin): callbackId: 65296371, pluginId: NativeExoPlayback, methodName: getStatus
06-13 20:36:59.234 15804 29620 V Capacitor: callback: 65296371, pluginId: NativeExoPlayback, methodName: getStatus, methodData: {}
06-13 20:36:59.240 15804 15804 I Capacitor/Console: File:  - Line 333 - Msg: {"available":true,"wired":true,"message":"ExoPlayer gapless queue — content:// locker bridge + HTTP streams.","state":"idle","positionSecs":0,"durationSecs":0,"queueIndex":0,"queueLength":0,"gaplessEnabled":true}
06-13 20:36:59.249  2138  2762 E HwcComposer: getLuts failed Status(-129, EX_TRANSACTION_FAILED): 'UNKNOWN_TRANSACTION: '
06-13 20:36:59.486 15804 29620 V Capacitor/Plugin: To native (Capacitor plugin): callbackId: 65296372, pluginId: NativeExoPlayback, methodName: getStatus
06-13 20:36:59.486 15804 29620 V Capacitor: callback: 65296372, pluginId: NativeExoPlayback, methodName: getStatus, methodData: {}
06-13 20:36:59.498 15804 15804 I Capacitor/Console: File:  - Line 333 - Msg: {"available":true,"wired":true,"message":"ExoPlayer gapless queue — content:// locker bridge + HTTP streams.","state":"idle","positionSecs":0,"durationSecs":0,"queueIndex":0,"queueLength":0,"gaplessEnabled":true}
06-13 20:36:59.735 15804 29620 V Capacitor/Plugin: To native (Capacitor plugin): callbackId: 65296373, pluginId: NativeExoPlayback, methodName: getStatus
06-13 20:36:59.736 15804 29620 V Capacitor: callback: 65296373, pluginId: NativeExoPlayback, methodName: getStatus, methodData: {}
06-13 20:36:59.744 15804 15804 I Capacitor/Console: File:  - Line 333 - Msg: {"available":true,"wired":true,"message":"ExoPlayer gapless queue — content:// locker bridge + HTTP streams.","state":"idle","positionSecs":0,"durationSecs":0,"queueIndex":0,"queueLength":0,"gaplessEnabled":true}
06-13 20:36:59.984 15804 29620 V Capacitor/Plugin: To native (Capacitor plugin): callbackId: 65296374, pluginId: NativeExoPlayback, methodName: getStatus
06-13 20:36:59.986 15804 29620 V Capacitor: callback: 65296374, pluginId: NativeExoPlayback, methodName: getStatus, methodData: {}
06-13 20:36:59.994 15804 15804 I Capacitor/Console: File:  - Line 333 - Msg: {"available":true,"wired":true,"message":"ExoPlayer gapless queue — content:// locker bridge + HTTP streams.","state":"idle","positionSecs":0,"durationSecs":0,"queueIndex":0,"queueLength":0,"gaplessEnabled":true}
06-13 20:37:00.028  2138  2762 E HwcComposer: getLuts failed Status(-129, EX_TRANSACTION_FAILED): 'UNKNOWN_TRANSACTION: '
06-13 20:37:00.236 15804 29620 V Capacitor/Plugin: To native (Capacitor plugin): callbackId: 65296375, pluginId: NativeExoPlayback, methodName: getStatus
06-13 20:37:00.236 15804 29620 V Capacitor: callback: 65296375, pluginId: NativeExoPlayback, methodName: getStatus, methodData: {}
06-13 20:37:00.245 15804 15804 I Capacitor/Console: File:  - Line 333 - Msg: {"available":true,"wired":true,"message":"ExoPlayer gapless queue — content:// locker bridge + HTTP streams.","state":"idle","positionSecs":0,"durationSecs":0,"queueIndex":0,"queueLength":0,"gaplessEnabled":true}
06-13 20:37:00.450  2138  2762 E HwcComposer: getLuts failed Status(-129, EX_TRANSACTION_FAILED): 'UNKNOWN_TRANSACTION: '
06-13 20:37:00.484 15804 29620 V Capacitor/Plugin: To native (Capacitor plugin): callbackId: 65296376, pluginId: NativeExoPlayback, methodName: getStatus
06-13 20:37:00.485 15804 29620 V Capacitor: callback: 65296376, pluginId: NativeExoPlayback, methodName: getStatus, methodData: {}
06-13 20:37:00.495 15804 15804 I Capacitor/Console: File:  - Line 333 - Msg: {"available":true,"wired":true,"message":"ExoPlayer gapless queue — content:// locker bridge + HTTP streams.","state":"idle","positionSecs":0,"durationSecs":0,"queueIndex":0,"queueLength":0,"gaplessEnabled":true}
06-13 20:37:00.610  3250  4190 E MQTTBypassDGWStreamGroupConnection.cpp: connect failed. Callbacks terminated before ack received
06-13 20:37:00.735 15804 29620 V Capacitor/Plugin: To native (Capacitor plugin): callbackId: 65296377, pluginId: NativeExoPlayback, methodName: getStatus
06-13 20:37:00.736 15804 29620 V Capacitor: callback: 65296377, pluginId: NativeExoPlayback, methodName: getStatus, methodData: {}
06-13 20:37:00.743 15804 15804 I Capacitor/Console: File:  - Line 333 - Msg: {"available":true,"wired":true,"message":"ExoPlayer gapless queue — content:// locker bridge + HTTP streams.","state":"idle","positionSecs":0,"durationSecs":0,"queueIndex":0,"queueLength":0,"gaplessEnabled":true}
06-13 20:37:00.986 15804 29620 V Capacitor/Plugin: To native (Capacitor plugin): callbackId: 65296378, pluginId: NativeExoPlayback, methodName: getStatus
06-13 20:37:00.986 15804 29620 V Capacitor: callback: 65296378, pluginId: NativeExoPlayback, methodName: getStatus, methodData: {}
06-13 20:37:00.994 15804 15804 I Capacitor/Console: File:  - Line 333 - Msg: {"available":true,"wired":true,"message":"ExoPlayer gapless queue — content:// locker bridge + HTTP streams.","state":"idle","positionSecs":0,"durationSecs":0,"queueIndex":0,"queueLength":0,"gaplessEnabled":true}
06-13 20:37:01.236 15804 29620 V Capacitor/Plugin: To native (Capacitor plugin): callbackId: 65296379, pluginId: NativeExoPlayback, methodName: getStatus
06-13 20:37:01.236 15804 29620 V Capacitor: callback: 65296379, pluginId: NativeExoPlayback, methodName: getStatus, methodData: {}
06-13 20:37:01.244 15804 15804 I Capacitor/Console: File:  - Line 333 - Msg: {"available":true,"wired":true,"message":"ExoPlayer gapless queue — content:// locker bridge + HTTP streams.","state":"idle","positionSecs":0,"durationSecs":0,"queueIndex":0,"queueLength":0,"gaplessEnabled":true}
06-13 20:37:01.325  2138  2762 E HwcComposer: getLuts failed Status(-129, EX_TRANSACTION_FAILED): 'UNKNOWN_TRANSACTION: '
06-13 20:37:01.354  3480  3580 W QosScheduler: executeSceneQosStrategy failed! qos feature no enable
06-13 20:37:01.483 15804 29620 V Capacitor/Plugin: To native (Capacitor plugin): callbackId: 65296380, pluginId: NativeExoPlayback, methodName: getStatus
06-13 20:37:01.484 15804 29620 V Capacitor: callback: 65296380, pluginId: NativeExoPlayback, methodName: getStatus, methodData: {}
06-13 20:37:01.490 15804 15804 I Capacitor/Console: File:  - Line 333 - Msg: {"available":true,"wired":true,"message":"ExoPlayer gapless queue — content:// locker bridge + HTTP streams.","state":"idle","positionSecs":0,"durationSecs":0,"queueIndex":0,"queueLength":0,"gaplessEnabled":true}
06-13 20:37:01.582  2138  2762 E HwcComposer: getLuts failed Status(-129, EX_TRANSACTION_FAILED): 'UNKNOWN_TRANSACTION: '
06-13 20:37:01.636  3250  4158 E msys    : E[N mns:DGWClient]_LogError(280)=>Failed to resolve using system DNS resolver, getaddrinfo(): No address associated with hostname
06-13 20:37:01.734 15804 29620 V Capacitor/Plugin: To native (Capacitor plugin): callbackId: 65296381, pluginId: NativeExoPlayback, methodName: getStatus
06-13 20:37:01.734 15804 29620 V Capacitor: callback: 65296381, pluginId: NativeExoPlayback, methodName: getStatus, methodData: {}
06-13 20:37:01.740 15804 15804 I Capacitor/Console: File:  - Line 333 - Msg: {"available":true,"wired":true,"message":"ExoPlayer gapless queue — content:// locker bridge + HTTP streams.","state":"idle","positionSecs":0,"durationSecs":0,"queueIndex":0,"queueLength":0,"gaplessEnabled":true}
06-13 20:37:01.834  2138  2762 E HwcComposer: getLuts failed Status(-129, EX_TRANSACTION_FAILED): 'UNKNOWN_TRANSACTION: '
06-13 20:37:01.838  3480  3580 W QosScheduler: executeSceneQosStrategy failed! qos feature no enable
06-13 20:37:01.985 15804 29620 V Capacitor/Plugin: To native (Capacitor plugin): callbackId: 65296382, pluginId: NativeExoPlayback, methodName: getStatus
06-13 20:37:01.986 15804 29620 V Capacitor: callback: 65296382, pluginId: NativeExoPlayback, methodName: getStatus, methodData: {}
06-13 20:37:01.994 15804 15804 I Capacitor/Console: File:  - Line 333 - Msg: {"available":true,"wired":true,"message":"ExoPlayer gapless queue — content:// locker bridge + HTTP streams.","state":"idle","positionSecs":0,"durationSecs":0,"queueIndex":0,"queueLength":0,"gaplessEnabled":true}
06-13 20:37:02.238 15804 29620 V Capacitor/Plugin: To native (Capacitor plugin): callbackId: 65296383, pluginId: NativeExoPlayback, methodName: getStatus
06-13 20:37:02.238 15804 29620 V Capacitor: callback: 65296383, pluginId: NativeExoPlayback, methodName: getStatus, methodData: {}
06-13 20:37:02.245 15804 15804 I Capacitor/Console: File:  - Line 333 - Msg: {"available":true,"wired":true,"message":"ExoPlayer gapless queue — content:// locker bridge + HTTP streams.","state":"idle","positionSecs":0,"durationSecs":0,"queueIndex":0,"queueLength":0,"gaplessEnabled":true}
06-13 20:37:02.485 15804 29620 V Capacitor/Plugin: To native (Capacitor plugin): callbackId: 65296384, pluginId: NativeExoPlayback, methodName: getStatus
06-13 20:37:02.486 15804 29620 V Capacitor: callback: 65296384, pluginId: NativeExoPlayback, methodName: getStatus, methodData: {}
06-13 20:37:02.493 15804 15804 I Capacitor/Console: File:  - Line 333 - Msg: {"available":true,"wired":true,"message":"ExoPlayer gapless queue — content:// locker bridge + HTTP streams.","state":"idle","positionSecs":0,"durationSecs":0,"queueIndex":0,"queueLength":0,"gaplessEnabled":true}
06-13 20:37:02.735 15804 29620 V Capacitor/Plugin: To native (Capacitor plugin): callbackId: 65296385, pluginId: NativeExoPlayback, methodName: getStatus
06-13 20:37:02.735 15804 29620 V Capacitor: callback: 65296385, pluginId: NativeExoPlayback, methodName: getStatus, methodData: {}
06-13 20:37:02.743 15804 15804 I Capacitor/Console: File:  - Line 333 - Msg: {"available":true,"wired":true,"message":"ExoPlayer gapless queue — content:// locker bridge + HTTP streams.","state":"idle","positionSecs":0,"durationSecs":0,"queueIndex":0,"queueLength":0,"gaplessEnabled":true}
06-13 20:37:02.985 15804 29620 V Capacitor/Plugin: To native (Capacitor plugin): callbackId: 65296386, pluginId: NativeExoPlayback, methodName: getStatus
06-13 20:37:02.985 15804 29620 V Capacitor: callback: 65296386, pluginId: NativeExoPlayback, methodName: getStatus, methodData: {}
06-13 20:37:02.993 15804 15804 I Capacitor/Console: File:  - Line 333 - Msg: {"available":true,"wired":true,"message":"ExoPlayer gapless queue — content:// locker bridge + HTTP streams.","state":"idle","positionSecs":0,"durationSecs":0,"queueIndex":0,"queueLength":0,"gaplessEnabled":true}
06-13 20:37:03.219  2138  2762 E HwcComposer: getLuts failed Status(-129, EX_TRANSACTION_FAILED): 'UNKNOWN_TRANSACTION: '
06-13 20:37:03.226  3480  3567 E SchedAssist: binderSetThreadUxFlagByIoctl: ioctl failed, tid=-1 flag=1 ret=-1 errno=25 (Inappropriate ioctl for device)
06-13 20:37:03.228  3480  3567 E SchedAssist: binderSetThreadUxFlagByIoctl: ioctl failed, tid=-1 flag=0 ret=-1 errno=25 (Inappropriate ioctl for device)
06-13 20:37:03.231  3480  3567 E SchedAssist: binderSetThreadUxFlagByIoctl: ioctl failed, tid=-1 flag=1 ret=-1 errno=25 (Inappropriate ioctl for device)
06-13 20:37:03.231  3480  3567 E SchedAssist: binderSetThreadUxFlagByIoctl: ioctl failed, tid=-1 flag=0 ret=-1 errno=25 (Inappropriate ioctl for device)
06-13 20:37:03.244 15804 29620 V Capacitor/Plugin: To native (Capacitor plugin): callbackId: 65296387, pluginId: NativeExoPlayback, methodName: getStatus
