06-15 19:54:54.844  1084  1084 W MediaPlayerWrapper: onPlaybackStateChanged(): rd.sheepskin.sandboxmusic tried to update with no new data
06-15 19:54:54.848  8884  8884 I Capacitor/Console: File:  - Line 349 - Msg: [object Object]
06-15 19:54:54.848  1084  1084 W MediaPlayerWrapper: onPlaybackStateChanged(): rd.sheepskin.sandboxmusic tried to update with no new data
06-15 19:54:54.852  8884  8884 I Capacitor/Console: File:  - Line 333 - Msg: {"available":true,"wired":true,"message":"ExoPlayer gapless queue — content:// locker bridge + HTTP streams.","state":"loading","positionSecs":0,"durationSecs":126,"queueIndex":1,"queueLength":2,"gaplessEnabled":true,"currentUrl":"content://rd.sheepskin.sandboxmusic.locker/locker/locker-1781526510052-z8kea7","envelopeId":"local-locker-1781526510052-z8kea7","title":"King","artist":"Kanye West","artworkUrl":"blob:https://localhost/ec4710e8-9811-4827-8ace-e6b1ae2ca8f3"}
06-15 19:54:54.853  8884  8884 I Capacitor/Console: File:  - Line 333 - Msg: {"available":true,"wired":true,"message":"ExoPlayer gapless queue — content:// locker bridge + HTTP streams.","state":"loading","positionSecs":0,"durationSecs":126,"queueIndex":1,"queueLength":2,"gaplessEnabled":true,"currentUrl":"content://rd.sheepskin.sandboxmusic.locker/locker/locker-1781526510052-z8kea7","envelopeId":"local-locker-1781526510052-z8kea7","title":"King","artist":"Kanye West","artworkUrl":"blob:https://localhost/ec4710e8-9811-4827-8ace-e6b1ae2ca8f3"}
06-15 19:54:54.855  8884  8884 I Capacitor/Console: File:  - Line 349 - Msg: [object Object]
06-15 19:54:54.860  8884  9003 D MediaCodec: keep callback message for reclaim
06-15 19:54:54.861  8884  9042 I CCodecConfig: query failed after returning 21 values (BAD_INDEX)
06-15 19:54:54.862  8884  9042 W Codec2Client: query -- param skipped: index = 1342179345.
06-15 19:54:54.862  8884  9042 W Codec2Client: query -- param skipped: index = 2415921170.
06-15 19:54:54.864  8884  9042 W Codec2Client: query -- param skipped: index = 1610614798.
06-15 19:54:54.878  8884  8884 I Capacitor/Console: File:  - Line 333 - Msg: {"available":true,"wired":true,"message":"ExoPlayer gapless queue — content:// locker bridge + HTTP streams.","state":"loading","positionSecs":0,"durationSecs":126,"queueIndex":1,"queueLength":2,"gaplessEnabled":true,"currentUrl":"content://rd.sheepskin.sandboxmusic.locker/locker/locker-1781526510052-z8kea7","envelopeId":"local-locker-1781526510052-z8kea7","title":"King","artist":"Kanye West","artworkUrl":"blob:https://localhost/ec4710e8-9811-4827-8ace-e6b1ae2ca8f3"}
06-15 19:54:54.888  8884  8884 I Capacitor/Console: File:  - Line 333 - Msg: {"available":true,"wired":true,"message":"ExoPlayer gapless queue — content:// locker bridge + HTTP streams.","state":"loading","positionSecs":0,"durationSecs":126,"queueIndex":1,"queueLength":2,"gaplessEnabled":true,"currentUrl":"content://rd.sheepskin.sandboxmusic.locker/locker/locker-1781526510052-z8kea7","envelopeId":"local-locker-1781526510052-z8kea7","title":"King","artist":"Kanye West","artworkUrl":"blob:https://localhost/ec4710e8-9811-4827-8ace-e6b1ae2ca8f3"}
06-15 19:54:54.909  8884  8884 I AudioManager: dispatching onAudioFocusChange(-1) to android.media.AudioManager@314fe36rd.sheepskin.sandboxmusic.AndroidAudioSessionHelper$$ExternalSyntheticLambda0@2de8859
06-15 19:54:54.918  8884  8966 V Capacitor/Plugin: To native (Capacitor plugin): callbackId: 78208703, pluginId: NativeExoPlayback, methodName: getStatus
06-15 19:54:54.918  8884  8966 V Capacitor: callback: 78208703, pluginId: NativeExoPlayback, methodName: getStatus, methodData: {}
06-15 19:54:54.921   720  1635 I MediaFocusControl: requestAudioFocus() from uid/pid 10218/8884 AA=USAGE_MEDIA/CONTENT_TYPE_MUSIC clientId=android.media.AudioManager@314fe36rd.sheepskin.sandboxmusic.AndroidAudioSessionHelper$$ExternalSyntheticLambda0@1908dcd callingPack=rd.sheepskin.sandboxmusic req=1 flags=0x1 sdk=36
06-15 19:54:54.933   720  1635 I AS.FadeOutManager: unfadeOutUid() uid:10218
06-15 19:54:54.947  8884  8966 V Capacitor/Plugin: To native (Capacitor plugin): callbackId: 78208704, pluginId: NativeExoPlayback, methodName: getStatus
06-15 19:54:54.949   720  1635 D MediaSessionService: onSessionPlaybackStateChanged: record=rd.sheepskin.sandboxmusic/SovereignMusicConsole/78 (userId=0) playbackState=PlaybackState {state=PLAYING(3), position=0, buffered position=0, speed=1.0, updated=1781528094947, actions=894, custom actions=[], active item id=-1, error=null}
06-15 19:54:54.950  1084  1084 W MediaPlayerWrapper: onMetadataChanged(): rd.sheepskin.sandboxmusic tried to update with no new data
06-15 19:54:54.950  8884  8966 V Capacitor: callback: 78208704, pluginId: NativeExoPlayback, methodName: getStatus, methodData: {}
06-15 19:54:54.953  1084  1084 W MediaPlayerWrapper: onMetadataChanged(): rd.sheepskin.sandboxmusic tried to update with no new data
06-15 19:54:54.971  1084  1084 W MediaPlayerWrapper: onPlaybackStateChanged(): rd.sheepskin.sandboxmusic tried to update with no new data
06-15 19:54:54.998  1084  1084 W MediaPlayerWrapper: onPlaybackStateChanged(): rd.sheepskin.sandboxmusic tried to update with no new data
06-15 19:54:55.012   720  1635 D MediaSessionService: onSessionPlaybackStateChanged: record=rd.sheepskin.sandboxmusic/SovereignMusicConsole/78 (userId=0) playbackState=PlaybackState {state=PLAYING(3), position=0, buffered position=0, speed=1.0, updated=1781528095008, actions=894, custom actions=[], active item id=-1, error=null}
06-15 19:54:55.019  1084  1084 W MediaPlayerWrapper: onMetadataChanged(): rd.sheepskin.sandboxmusic tried to update with no new data
06-15 19:54:55.031  1084  1084 W MediaPlayerWrapper: onPlaybackStateChanged(): rd.sheepskin.sandboxmusic tried to update with no new data
06-15 19:54:55.055  1084  1084 W MediaPlayerWrapper: onMetadataChanged(): rd.sheepskin.sandboxmusic tried to update with no new data
06-15 19:54:55.056  8884  8884 I Capacitor/Console: File:  - Line 349 - Msg: [object Object]
06-15 19:54:55.062  8884  8884 I Capacitor/Console: File:  - Line 349 - Msg: [object Object]
06-15 19:54:55.062  1084  1084 W MediaPlayerWrapper: onPlaybackStateChanged(): rd.sheepskin.sandboxmusic tried to update with no new data
06-15 19:54:55.097  8884  9003 D MediaCodec: keep callback message for reclaim
06-15 19:54:55.098  8884  8884 I AudioManager: dispatching onAudioFocusChange(-1) to android.media.AudioManager@bbe24a0rd.sheepskin.sandboxmusic.MediaPlaybackForegroundService@59812e9
06-15 19:54:55.098  8884  8884 V Capacitor/BackgroundMediaPlugin: Notifying listeners for event mediaAction
06-15 19:54:55.098  8884  9032 I CCodecConfig: query failed after returning 12 values (BAD_INDEX)
06-15 19:54:55.101  8884  8884 I Capacitor/Console: File:  - Line 333 - Msg: undefined
06-15 19:54:55.115  1126  1126 I NotificationListener: received notification removed event - rd.sheepskin.sandboxmusic#UserHandle{0},category=-1
06-15 19:54:55.124  8884  9032 W Codec2Client: query -- param skipped: index = 1342179345.
06-15 19:54:55.132  8884  9032 W Codec2Client: query -- param skipped: index = 2415921170.
06-15 19:54:55.132  8884  9032 W Codec2Client: query -- param skipped: index = 1610614798.
06-15 19:54:55.153  1456  2068 W AiAiEcho: LyftNotificationParser Ridesharing ETA not enabled
06-15 19:54:55.153  1456  2068 I AiAiEcho: SmartspaceNotificationPredictor no parser can handle this notification or notification is invalid
06-15 19:54:55.157  1126  1126 I NotificationListener: received notification removed event - rd.sheepskin.sandboxmusic#UserHandle{0},category=-1
06-15 19:54:55.159  8884  8884 I Capacitor/Console: File:  - Line 333 - Msg: undefined
06-15 19:54:55.165  8884  8884 I Capacitor/Console: File:  - Line 333 - Msg: undefined
06-15 19:54:55.186  1456  2068 W AiAiEcho: LyftNotificationParser Ridesharing ETA not enabled
06-15 19:54:55.187  1456  2068 I AiAiEcho: SmartspaceNotificationPredictor no parser can handle this notification or notification is invalid
06-15 19:54:55.191  8884  8884 I Capacitor/Console: File:  - Line 333 - Msg: {"available":true,"wired":true,"message":"ExoPlayer gapless queue — content:// locker bridge + HTTP streams.","state":"loading","positionSecs":0,"durationSecs":126,"queueIndex":1,"queueLength":2,"gaplessEnabled":true,"currentUrl":"content://rd.sheepskin.sandboxmusic.locker/locker/locker-1781526510052-z8kea7","envelopeId":"local-locker-1781526510052-z8kea7","title":"King","artist":"Kanye West","artworkUrl":"blob:https://localhost/ec4710e8-9811-4827-8ace-e6b1ae2ca8f3"}
06-15 19:54:55.197  8884  9003 D MediaCodec: keep callback message for reclaim
06-15 19:54:55.198  8884  8966 V Capacitor/Plugin: To native (Capacitor plugin): callbackId: 78208705, pluginId: NativeExoPlayback, methodName: pause
06-15 19:54:55.198  8884  8884 I Capacitor/Console: File:  - Line 333 - Msg: {"action":"pause"}
06-15 19:54:55.198  8884  9042 I CCodecConfig: query failed after returning 21 values (BAD_INDEX)
06-15 19:54:55.202  8884  8966 V Capacitor: callback: 78208705, pluginId: NativeExoPlayback, methodName: pause, methodData: {}
06-15 19:54:55.214  8884  9042 W Codec2Client: query -- param skipped: index = 1342179345.
06-15 19:54:55.215  8884  9042 W Codec2Client: query -- param skipped: index = 2415921170.
06-15 19:54:55.215  8884  9042 W Codec2Client: query -- param skipped: index = 1610614798.
06-15 19:54:55.221  8884  8884 I Capacitor/Console: File:  - Line 349 - Msg: [object Object]
06-15 19:54:55.245  1456  2068 W AiAiEcho: LyftNotificationParser Ridesharing ETA not enabled
06-15 19:54:55.245  1456  2068 I AiAiEcho: SmartspaceNotificationPredictor no parser can handle this notification or notification is invalid
06-15 19:54:55.314  1126  1126 I NotificationListener: received notification removed event - rd.sheepskin.sandboxmusic#UserHandle{0},category=-1
06-15 19:54:55.328  8884  8966 V Capacitor/Plugin: To native (Capacitor plugin): callbackId: 78208706, pluginId: NativeExoPlayback, methodName: getStatus
06-15 19:54:55.329  8884  8884 I Capacitor/Console: File:  - Line 333 - Msg: {"available":true,"wired":true,"message":"ExoPlayer gapless queue — content:// locker bridge + HTTP streams.","state":"loading","positionSecs":0,"durationSecs":126,"queueIndex":1,"queueLength":2,"gaplessEnabled":true,"currentUrl":"content://rd.sheepskin.sandboxmusic.locker/locker/locker-1781526510052-z8kea7","envelopeId":"local-locker-1781526510052-z8kea7","title":"King","artist":"Kanye West","artworkUrl":"blob:https://localhost/ec4710e8-9811-4827-8ace-e6b1ae2ca8f3"}
06-15 19:54:55.331  8884  8884 I Capacitor/Console: File:  - Line 349 - Msg: [object Object]
06-15 19:54:55.334  8884  8966 V Capacitor: callback: 78208706, pluginId: NativeExoPlayback, methodName: getStatus, methodData: {}
06-15 19:54:55.336  1456  2068 W AiAiEcho: LyftNotificationParser Ridesharing ETA not enabled
06-15 19:54:55.336  1456  2068 I AiAiEcho: SmartspaceNotificationPredictor no parser can handle this notification or notification is invalid
06-15 19:54:55.336  1126  1126 I NotificationListener: received notification removed event - rd.sheepskin.sandboxmusic#UserHandle{0},category=-1
06-15 19:54:55.425   977  1060 W Looper  : Slow delivery took 74ms wmshell.main app=com.android.systemui main=false group=FOREGROUND h=android.os.Handler c=com.android.wm.shell.bubbles.BubbleController$BubblesImpl$$ExternalSyntheticLambda15@4007dd2 m=0
06-15 19:54:55.546  8884  9033 D CCodecConfig: c2 config diff is   c2::u32 raw.crop.height = 360
06-15 19:54:55.546  8884  9033 D CCodecConfig:   c2::u32 raw.crop.left = 0
06-15 19:54:55.546  8884  9033 D CCodecConfig:   c2::u32 raw.crop.top = 0
06-15 19:54:55.546  8884  9033 D CCodecConfig:   c2::u32 raw.crop.width = 640
06-15 19:54:55.701  8884  8884 I Capacitor/Console: File:  - Line 349 - Msg: [object Object]
06-15 19:54:55.702  8884  8966 V Capacitor/Plugin: To native (Capacitor plugin): callbackId: 78208707, pluginId: NativeExoPlayback, methodName: getStatus
06-15 19:54:55.703  8884  8966 V Capacitor: callback: 78208707, pluginId: NativeExoPlayback, methodName: getStatus, methodData: {}
06-15 19:54:55.711   556   556 D NativePermissionController: checkPermission: missing 1 for 10218
06-15 19:54:55.711   556   556 D NativePermissionController: checkPermission: missing 3 for 10218
06-15 19:54:55.711   556   556 D NativePermissionController: checkPermission: missing 5 for 10218
06-15 19:54:55.778   556   556 W AudioFlinger: createTrack_l(): mismatch between requested flags (00000008) and output flags (00000002)
06-15 19:54:55.783   556   556 D AudioFlinger: Client defaulted notificationFrames to 8024 for frameCount 16048
06-15 19:54:55.783   556   556 I AF::PthrPatchRecord: creating track with enforcement level 0
06-15 19:54:55.760     0     0 I logd    : logdr: UID=2000 GID=2000 PID=9047 n tail=16000 logMask=99 pid=0 start=0ns deadline=0ns
06-15 19:54:55.853  8884  8966 V Capacitor/Plugin: To native (Capacitor plugin): callbackId: 78208708, pluginId: NativeExoPlayback, methodName: getStatus
06-15 19:54:55.853  8884  8966 V Capacitor: callback: 78208708, pluginId: NativeExoPlayback, methodName: getStatus, methodData: {}
06-15 19:54:55.867  8884  8884 I Capacitor/Console: File:  - Line 349 - Msg: [object Object]
06-15 19:54:55.874  8884  8884 I Capacitor/Console: File:  - Line 333 - Msg: undefined
06-15 19:54:55.902  8884  8966 V Capacitor/Plugin: To native (Capacitor plugin): callbackId: 78208709, pluginId: NativeExoPlayback, methodName: setGaplessEnabled
06-15 19:54:55.913  8884  8884 I Capacitor/Console: File:  - Line 349 - Msg: [object Object]
06-15 19:54:55.915  8884  8966 V Capacitor: callback: 78208709, pluginId: NativeExoPlayback, methodName: setGaplessEnabled, methodData: {"enabled":true}
06-15 19:54:55.921  8884  8966 V Capacitor/Plugin: To native (Capacitor plugin): callbackId: 78208710, pluginId: NativeExoPlayback, methodName: enqueueNext
06-15 19:54:55.925  8884  8966 V Capacitor: callback: 78208710, pluginId: NativeExoPlayback, methodName: enqueueNext, methodData: {"url":"file:\/\/\/data\/user\/0\/rd.sheepskin.sandboxmusic\/cache\/ytdlp-playback\/HBMy-y2wb4I.mp4"}
06-15 19:54:55.926  8884  8884 I Capacitor/Console: File:  - Line 349 - Msg: [object Object]
06-15 19:54:55.936  8884  8966 V Capacitor/Plugin: To native (Capacitor plugin): callbackId: 78208711, pluginId: BackgroundMedia, methodName: startForeground
06-15 19:54:55.937  8884  8884 I Capacitor/Console: File:  - Line 349 - Msg: [object Object]
06-15 19:54:55.940  8884  8966 V Capacitor: callback: 78208711, pluginId: BackgroundMedia, methodName: startForeground, methodData: {}
06-15 19:54:55.947  8884  8966 V Capacitor/Plugin: To native (Capacitor plugin): callbackId: 78208712, pluginId: NativeExoPlayback, methodName: resume
06-15 19:54:55.948  8884  8966 V Capacitor: callback: 78208712, pluginId: NativeExoPlayback, methodName: resume, methodData: {}
06-15 19:54:55.950  8884  8884 I Capacitor/Console: File:  - Line 333 - Msg: {"available":true,"wired":true,"message":"ExoPlayer gapless queue — content:// locker bridge + HTTP streams.","state":"loading","positionSecs":0,"durationSecs":126.967,"queueIndex":1,"queueLength":2,"gaplessEnabled":true,"currentUrl":"content://rd.sheepskin.sandboxmusic.locker/locker/locker-1781526510052-z8kea7","envelopeId":"local-locker-1781526510052-z8kea7","title":"King","artist":"Kanye West","artworkUrl":"blob:https://localhost/ec4710e8-9811-4827-8ace-e6b1ae2ca8f3"}
06-15 19:54:55.953  8884  8884 I Capacitor/Console: File:  - Line 349 - Msg: [object Object]
06-15 19:54:55.961  8884  8884 I Capacitor/Console: File:  - Line 333 - Msg: {"available":true,"wired":true,"message":"ExoPlayer gapless queue — content:// locker bridge + HTTP streams.","state":"loading","positionSecs":0,"durationSecs":126.967,"queueIndex":1,"queueLength":2,"gaplessEnabled":true,"currentUrl":"content://rd.sheepskin.sandboxmusic.locker/locker/locker-1781526510052-z8kea7","envelopeId":"local-locker-1781526510052-z8kea7","title":"King","artist":"Kanye West","artworkUrl":"blob:https://localhost/ec4710e8-9811-4827-8ace-e6b1ae2ca8f3"}
06-15 19:54:55.964  8884  8884 I Capacitor/Console: File:  - Line 349 - Msg: [object Object]
06-15 19:54:55.973  8884  8966 V Capacitor/Plugin: To native (Capacitor plugin): callbackId: 78208713, pluginId: NativeExoPlayback, methodName: getStatus
06-15 19:54:55.976  8884  8966 V Capacitor: callback: 78208713, pluginId: NativeExoPlayback, methodName: getStatus, methodData: {}
06-15 19:54:55.992   720  1635 D MediaSessionService: onSessionPlaybackStateChanged: record=rd.sheepskin.sandboxmusic/SovereignMusicConsole/78 (userId=0) playbackState=PlaybackState {state=PLAYING(3), position=0, buffered position=0, speed=1.0, updated=1781528095992, actions=894, custom actions=[], active item id=-1, error=null}
06-15 19:54:55.993  1084  1084 W MediaPlayerWrapper: onMetadataChanged(): rd.sheepskin.sandboxmusic tried to update with no new data
06-15 19:54:56.017  1084  1084 W MediaPlayerWrapper: onMetadataChanged(): rd.sheepskin.sandboxmusic tried to update with no new data
06-15 19:54:56.021   720  1639 I MediaFocusControl: requestAudioFocus() from uid/pid 10218/8884 AA=USAGE_MEDIA/CONTENT_TYPE_MUSIC clientId=android.media.AudioManager@bbe24a0rd.sheepskin.sandboxmusic.MediaPlaybackForegroundService@59812e9 callingPack=rd.sheepskin.sandboxmusic req=1 flags=0x1 sdk=36
06-15 19:54:56.032  1084  1084 W MediaPlayerWrapper: onPlaybackStateChanged(): rd.sheepskin.sandboxmusic tried to update with no new data
06-15 19:54:56.035   720  1639 I AS.FadeOutManager: unfadeOutUid() uid:10218
06-15 19:54:56.037  1084  1084 W MediaPlayerWrapper: onPlaybackStateChanged(): rd.sheepskin.sandboxmusic tried to update with no new data
06-15 19:54:56.038  8884  8966 V Capacitor/Plugin: To native (Capacitor plugin): callbackId: 78208714, pluginId: BackgroundMedia, methodName: updateMetadata
06-15 19:54:56.039  8884  8966 V Capacitor: callback: 78208714, pluginId: BackgroundMedia, methodName: updateMetadata, methodData: {"title":"King","artist":"Kanye West","artworkUrl":"blob:https:\/\/localhost\/ec4710e8-9811-4827-8ace-e6b1ae2ca8f3"}
06-15 19:54:56.050   720  2031 D MediaSessionService: onSessionPlaybackStateChanged: record=rd.sheepskin.sandboxmusic/SovereignMusicConsole/78 (userId=0) playbackState=PlaybackState {state=PLAYING(3), position=0, buffered position=0, speed=1.0, updated=1781528096047, actions=894, custom actions=[], active item id=-1, error=null}
06-15 19:54:56.060  8884  8966 V Capacitor/Plugin: To native (Capacitor plugin): callbackId: 78208715, pluginId: NativeExoPlayback, methodName: setGaplessEnabled
06-15 19:54:56.061  8884  8966 V Capacitor: callback: 78208715, pluginId: NativeExoPlayback, methodName: setGaplessEnabled, methodData: {"enabled":true}
06-15 19:54:56.063  8884  8884 I Capacitor/Console: File:  - Line 333 - Msg: {"available":true,"wired":true,"message":"ExoPlayer gapless queue — content:// locker bridge + HTTP streams.","state":"loading","positionSecs":0,"durationSecs":126.967,"queueIndex":1,"queueLength":2,"gaplessEnabled":true,"currentUrl":"content://rd.sheepskin.sandboxmusic.locker/locker/locker-1781526510052-z8kea7","envelopeId":"local-locker-1781526510052-z8kea7","title":"King","artist":"Kanye West","artworkUrl":"blob:https://localhost/ec4710e8-9811-4827-8ace-e6b1ae2ca8f3"}
06-15 19:54:56.064  8884  8884 I Capacitor/Console: File:  - Line 333 - Msg: {"ok":true,"gaplessEnabled":true}
06-15 19:54:56.067  1084  1084 W MediaPlayerWrapper: onMetadataChanged(): rd.sheepskin.sandboxmusic tried to update with no new data
06-15 19:54:56.068  1084  1084 W MediaPlayerWrapper: onPlaybackStateChanged(): rd.sheepskin.sandboxmusic tried to update with no new data
06-15 19:54:56.070  8884  8884 I Capacitor/Console: File:  - Line 333 - Msg: {"ok":true,"alreadyQueued":true}
06-15 19:54:56.074  8884  8966 V Capacitor/Plugin: To native (Capacitor plugin): callbackId: 78208716, pluginId: NativeExoPlayback, methodName: prepare
06-15 19:54:56.075  8884  8966 V Capacitor: callback: 78208716, pluginId: NativeExoPlayback, methodName: prepare, methodData: {}
06-15 19:54:56.075  8884  8884 I Capacitor/Console: File:  - Line 333 - Msg: undefined
06-15 19:54:56.087  8884  8884 I Capacitor/Console: File:  - Line 349 - Msg: [object Object]
06-15 19:54:56.091  1084  1084 W MediaPlayerWrapper: onMetadataChanged(): rd.sheepskin.sandboxmusic tried to update with no new data
06-15 19:54:56.091  8884  8884 I Capacitor/Console: File:  - Line 349 - Msg: [object Object]
06-15 19:54:56.097  1084  1084 W MediaPlayerWrapper: onPlaybackStateChanged(): rd.sheepskin.sandboxmusic tried to update with no new data
06-15 19:54:56.098  8884  8966 V Capacitor/Plugin: To native (Capacitor plugin): callbackId: 78208717, pluginId: NativeExoPlayback, methodName: resume
06-15 19:54:56.098  8884  8966 V Capacitor: callback: 78208717, pluginId: NativeExoPlayback, methodName: resume, methodData: {}
06-15 19:54:56.098  8884  8884 I Capacitor/Console: File:  - Line 349 - Msg: [object Object]
06-15 19:54:56.101  8884  8884 I Capacitor/Console: File:  - Line 349 - Msg: [object Object]
06-15 19:54:56.108   720   796 D MediaSessionService: onSessionPlaybackStateChanged: record=rd.sheepskin.sandboxmusic/SovereignMusicConsole/78 (userId=0) playbackState=PlaybackState {state=PLAYING(3), position=0, buffered position=0, speed=1.0, updated=1781528096107, actions=894, custom actions=[], active item id=-1, error=null}
06-15 19:54:56.108  8884  8966 V Capacitor/Plugin: To native (Capacitor plugin): callbackId: 78208718, pluginId: NativeExoPlayback, methodName: enqueueNext
06-15 19:54:56.108  8884  8966 V Capacitor: callback: 78208718, pluginId: NativeExoPlayback, methodName: enqueueNext, methodData: {"url":"file:\/\/\/data\/user\/0\/rd.sheepskin.sandboxmusic\/cache\/ytdlp-playback\/HBMy-y2wb4I.mp4"}
06-15 19:54:56.109  1084  1084 W MediaPlayerWrapper: onMetadataChanged(): rd.sheepskin.sandboxmusic tried to update with no new data
06-15 19:54:56.112  1084  1084 W MediaPlayerWrapper: onMetadataChanged(): rd.sheepskin.sandboxmusic tried to update with no new data
06-15 19:54:56.118  8884  8966 V Capacitor/Plugin: To native (Capacitor plugin): callbackId: 78208719, pluginId: BackgroundMedia, methodName: startForeground
06-15 19:54:56.118  8884  8966 V Capacitor: callback: 78208719, pluginId: BackgroundMedia, methodName: startForeground, methodData: {}
06-15 19:54:56.128  1084  1084 W MediaPlayerWrapper: onPlaybackStateChanged(): rd.sheepskin.sandboxmusic tried to update with no new data
06-15 19:54:56.131  1084  1084 W MediaPlayerWrapper: onPlaybackStateChanged(): rd.sheepskin.sandboxmusic tried to update with no new data
06-15 19:54:56.142   720  2031 D MediaSessionService: onSessionPlaybackStateChanged: record=rd.sheepskin.sandboxmusic/SovereignMusicConsole/78 (userId=0) playbackState=PlaybackState {state=PLAYING(3), position=0, buffered position=0, speed=1.0, updated=1781528096138, actions=894, custom actions=[], active item id=-1, error=null}
06-15 19:54:56.147   720  2031 E AppOps  : attributionTag  not declared in manifest of rd.sheepskin.sandboxmusic
06-15 19:54:56.148   720  1635 E AppOps  : attributionTag  not declared in manifest of rd.sheepskin.sandboxmusic
06-15 19:54:56.157   556   556 D NativePermissionController: checkPermission: missing 13 for 10218
06-15 19:54:56.157  8884  8966 V Capacitor/Plugin: To native (Capacitor plugin): callbackId: 78208720, pluginId: NativeExoPlayback, methodName: getStatus
06-15 19:54:56.158   556   556 D NativePermissionController: checkPermission: missing 13 for 10218
06-15 19:54:56.161   556   595 D NativePermissionController: checkPermission: missing 13 for 10218
06-15 19:54:56.168  8884  8884 I Capacitor/Console: File:  - Line 349 - Msg: [object Object]
06-15 19:54:56.168   556   595 D NativePermissionController: checkPermission: missing 13 for 10218
06-15 19:54:56.169  8884  8884 I Capacitor/Console: File:  - Line 349 - Msg: [object Object]
06-15 19:54:56.170  8884  8884 I Capacitor/Console: File:  - Line 349 - Msg: [object Object]
06-15 19:54:56.269     0     0 I binder_alloc: 2540: pid 720 spamming oneway? 1676 buffers allocated for a total size of 436648
06-15 19:54:56.368   977   977 W ConstraintSet: id unknown center_vertical_guideline
06-15 19:54:56.369   977   977 W ConstraintSet: id unknown action_button_guideline
06-15 19:54:56.369  8884  8966 V Capacitor: callback: 78208720, pluginId: NativeExoPlayback, methodName: getStatus, methodData: {}
06-15 19:54:56.369   977   977 W ConstraintSet: id unknown icon
06-15 19:54:56.369   977   977 W ConstraintSet: id unknown media_seamless
06-15 19:54:56.370   977   977 W ConstraintSet: id unknown media_action_barrier_start
06-15 19:54:56.370   977   977 W ConstraintSet: id unknown media_action_barrier_end
06-15 19:54:56.376  8884  8884 I AudioManager: dispatching onAudioFocusChange(-1) to android.media.AudioManager@314fe36rd.sheepskin.sandboxmusic.AndroidAudioSessionHelper$$ExternalSyntheticLambda0@1908dcd
06-15 19:54:56.380   720   720 W Looper  : Slow dispatch took 183ms main app=system_server main=true group=FOREGROUND h=android.media.AudioManager$ServiceEventHandlerDelegate$1 c=null m=2
06-15 19:54:56.380  1084  1084 I MediaPlayerList: sendMediaUpdate: Creating a one item queue for a player with no queue
06-15 19:54:56.380   720   894 W IPCThreadState: Sending oneway calls to frozen process.
06-15 19:54:56.381  1084  1084 I droid.bluetooth: AssetManager2(0x727138c67e18) locale list changing from [] to [en-US]
06-15 19:54:56.384  1084  1084 W MediaControlGattService: Feature TRACK_POSITION(BIT 7) support: true
06-15 19:54:56.384   977   977 W ConstraintSet: id unknown media_action_barrier_top
06-15 19:54:56.385  1084  1084 W MediaControlGattService: Feature TRACK_POSITION_NOTIFY support: true
06-15 19:54:56.385   977   977 W ConstraintSet: id unknown remove_text
06-15 19:54:56.397  1084  1084 W MediaControlGattService: Feature MEDIA_STATE(BIT 17) support: true
06-15 19:54:56.397   977   977 W ConstraintSet: id unknown settings
06-15 19:54:56.397  1084  1084 W MediaControlGattService: Feature MEDIA_STATE(BIT 17) support: true
06-15 19:54:56.407   977   977 W ConstraintSet: id unknown dismiss
06-15 19:54:56.408   977   977 W ConstraintSet: id unknown cancel
06-15 19:54:56.416   499  9004 W android.hardware.audio@7.1-impl.ranchu: pcmWrite:259 pcm_writei failed with 'cannot read/write stream data: I/O error' (-1)
06-15 19:54:56.448   499  9004 E android.hardware.audio@7.1-impl.ranchu: pcmWrite:260 failure: -1
06-15 19:54:56.448   720  1639 W AppOps  : Noting op not finished: uid 10218 pkg rd.sheepskin.sandboxmusic code 154 startTime of in progress event=1781528096148
06-15 19:54:56.449   720  1639 I MediaFocusControl: requestAudioFocus() from uid/pid 10218/8884 AA=USAGE_MEDIA/CONTENT_TYPE_MUSIC clientId=android.media.AudioManager@314fe36rd.sheepskin.sandboxmusic.AndroidAudioSessionHelper$$ExternalSyntheticLambda0@32d9193 callingPack=rd.sheepskin.sandboxmusic req=1 flags=0x1 sdk=36
06-15 19:54:56.450   720  1639 I AS.FadeOutManager: unfadeOutUid() uid:10218
06-15 19:54:56.474   720  1639 D MediaSessionService: onSessionPlaybackStateChanged: record=rd.sheepskin.sandboxmusic/SovereignMusicConsole/78 (userId=0) playbackState=PlaybackState {state=PLAYING(3), position=0, buffered position=0, speed=1.0, updated=1781528096473, actions=894, custom actions=[], active item id=-1, error=null}
06-15 19:54:56.563  1084  1084 I AdapterProperties: getBondedDevices: length=0
06-15 19:54:56.566  1084  1084 W MediaControlGattService: Feature PLAYER_NAME(BIT 1) support: true
06-15 19:54:56.566  1084  1084 W MediaControlGattService: Feature PLAYER_NAME(BIT 1) support: true
06-15 19:54:56.566   499  9004 W android.hardware.audio@7.1-impl.ranchu: pcmWrite:259 pcm_writei failed with 'cannot read/write stream data: I/O error' (-1)
06-15 19:54:56.566   499  9004 E android.hardware.audio@7.1-impl.ranchu: pcmWrite:260 failure: -1
06-15 19:54:56.566  1084  1084 W MediaControlGattService: Feature TRACK_TITLE(BIT 5) support: true
06-15 19:54:56.593   649  9043 D SimpleC2Component: applied 2 configUpdates => OK (0)
06-15 19:54:56.596   720   720 W Looper  : Slow dispatch took 213ms main app=system_server main=true group=FOREGROUND h=com.android.server.notification.NotificationManagerService$WorkerHandler c=com.android.server.notification.NotificationManagerService$PostNotificationRunnable@90bdc00 m=0
06-15 19:54:56.601  1084  1084 W MediaControlGattService: Feature TRACK_DURATION(BIT 6) support: true
06-15 19:54:56.601   720   720 W Looper  : Slow delivery took 329ms main app=system_server main=true group=FOREGROUND h=com.android.server.notification.NotificationManagerService$WorkerHandler c=com.android.server.notification.NotificationManagerService$PostNotificationRunnable@f14dc39 m=0
06-15 19:54:56.627   720  1639 D MediaSessionService: onSessionPlaybackStateChanged: record=rd.sheepskin.sandboxmusic/SovereignMusicConsole/78 (userId=0) playbackState=PlaybackState {state=PLAYING(3), position=0, buffered position=0, speed=1.0, updated=1781528096616, actions=894, custom actions=[], active item id=-1, error=null}
06-15 19:54:56.633  1084  1084 W MediaControlGattService: Feature TRACK_DURATION(BIT 6) support: true
06-15 19:54:56.653  1126  1126 I NotificationListener: received notification removed event - rd.sheepskin.sandboxmusic#UserHandle{0},category=-1
06-15 19:54:56.669   499  9004 W android.hardware.audio@7.1-impl.ranchu: pcmWrite:259 pcm_writei failed with 'cannot read/write stream data: I/O error' (-1)
06-15 19:54:56.670   499  9004 E android.hardware.audio@7.1-impl.ranchu: pcmWrite:260 failure: -1
06-15 19:54:56.679  8884  8966 V Capacitor/Plugin: To native (Capacitor plugin): callbackId: 78208721, pluginId: NativeExoPlayback, methodName: getStatus
06-15 19:54:56.681  1126  1126 I NotificationListener: received notification removed event - rd.sheepskin.sandboxmusic#UserHandle{0},category=-1
06-15 19:54:56.681  1126  1126 I NotificationListener: received notification removed event - rd.sheepskin.sandboxmusic#UserHandle{0},category=-1
06-15 19:54:56.686  8884  8966 V Capacitor: callback: 78208721, pluginId: NativeExoPlayback, methodName: getStatus, methodData: {}
06-15 19:54:56.695  8884  8884 I Capacitor/Console: File:  - Line 349 - Msg: [object Object]
06-15 19:54:56.703  1126  1126 I NotificationListener: received notification removed event - rd.sheepskin.sandboxmusic#UserHandle{0},category=-1
06-15 19:54:56.709  1126  1126 I NotificationListener: received notification removed event - rd.sheepskin.sandboxmusic#UserHandle{0},category=-1
06-15 19:54:56.778   499  9004 W android.hardware.audio@7.1-impl.ranchu: pcmWrite:259 pcm_writei failed with 'cannot read/write stream data: I/O error' (-1)
06-15 19:54:56.778   499  9004 E android.hardware.audio@7.1-impl.ranchu: pcmWrite:260 failure: -1
06-15 19:54:56.871  1456  2068 W AiAiEcho: LyftNotificationParser Ridesharing ETA not enabled
06-15 19:54:56.871  1456  2068 I AiAiEcho: SmartspaceNotificationPredictor no parser can handle this notification or notification is invalid
06-15 19:54:56.875  1456  2068 W AiAiEcho: LyftNotificationParser Ridesharing ETA not enabled
06-15 19:54:56.875  1456  2068 I AiAiEcho: SmartspaceNotificationPredictor no parser can handle this notification or notification is invalid
06-15 19:54:56.875  1084  1084 W MediaControlGattService: Feature TRACK_DURATION_NOTIFY support: true
06-15 19:54:56.877  1084  1084 I AdapterProperties: getBondedDevices: length=0
06-15 19:54:56.877  1084  1084 W MediaControlGattService: Feature MEDIA_STATE(BIT 17) support: true
06-15 19:54:56.877  1084  1084 W MediaControlGattService: Feature TRACK_CHANGED(BIT 4) support: true
06-15 19:54:56.884   499  9004 W android.hardware.audio@7.1-impl.ranchu: pcmWrite:259 pcm_writei failed with 'cannot read/write stream data: I/O error' (-1)
06-15 19:54:56.884   499  9004 E android.hardware.audio@7.1-impl.ranchu: pcmWrite:260 failure: -1
06-15 19:54:56.886  8884  8884 D MediaRouter: onRestoreRoute() : route=RouteInfo{ name=Phone, description=null, status=null, category=RouteCategory{ name=System types=ROUTE_TYPE_LIVE_AUDIO ROUTE_TYPE_LIVE_VIDEO  groupable=false }, supportedTypes=ROUTE_TYPE_LIVE_AUDIO ROUTE_TYPE_LIVE_VIDEO , presentationDisplay=null }
06-15 19:54:56.954  1456  2068 W AiAiEcho: LyftNotificationParser Ridesharing ETA not enabled
06-15 19:54:56.954  1456  2068 I AiAiEcho: SmartspaceNotificationPredictor no parser can handle this notification or notification is invalid
06-15 19:54:56.965  1126  1126 I NotificationListener: received notification removed event - rd.sheepskin.sandboxmusic#UserHandle{0},category=-1
06-15 19:54:56.965  8884  8884 V MediaRouter: Selecting route: RouteInfo{ name=Phone, description=null, status=null, category=RouteCategory{ name=System types=ROUTE_TYPE_LIVE_AUDIO ROUTE_TYPE_LIVE_VIDEO  groupable=false }, supportedTypes=ROUTE_TYPE_LIVE_AUDIO ROUTE_TYPE_LIVE_VIDEO , presentationDisplay=null }
06-15 19:54:56.966  1084  1084 I AdapterProperties: getBondedDevices: length=0
06-15 19:54:56.966  8884  8884 I Choreographer: Skipped 40 frames!  The application may be doing too much work on its main thread.
06-15 19:54:56.971  1084  1084 I MediaPlayerList: sendMediaUpdate: Creating a one item queue for a player with no queue
06-15 19:54:56.973  1084  1084 I bluetooth: system/btif/avrcp/avrcp_service.cc:536 SendMediaUpdate: track_changed=true :  play_state=false :  queue=false
06-15 19:54:56.985  1084  1084 W MediaPlayerWrapper: onPlaybackStateChanged(): rd.sheepskin.sandboxmusic tried to update with no new data
06-15 19:54:56.988  1084  1084 W MediaPlayerWrapper: onPlaybackStateChanged(): rd.sheepskin.sandboxmusic tried to update with no new data
06-15 19:54:56.988  8884  8966 V Capacitor/Plugin: To native (Capacitor plugin): callbackId: 78208722, pluginId: BackgroundMedia, methodName: updatePlaybackState
06-15 19:54:56.989  8884  8966 V Capacitor: callback: 78208722, pluginId: BackgroundMedia, methodName: updatePlaybackState, methodData: {"isPlaying":false,"positionMs":0,"durationMs":126000,"playbackRate":1}
06-15 19:54:56.995   499  9004 W android.hardware.audio@7.1-impl.ranchu: pcmWrite:259 pcm_writei failed with 'cannot read/write stream data: I/O error' (-1)
06-15 19:54:56.995   499  9004 E android.hardware.audio@7.1-impl.ranchu: pcmWrite:260 failure: -1
06-15 19:54:56.996   720   720 W Looper  : Drained
06-15 19:54:56.998   720   720 W Looper  : Slow dispatch took 110ms main app=system_server main=true group=FOREGROUND h=com.android.server.notification.NotificationManagerService$WorkerHandler c=com.android.server.notification.NotificationManagerService$$ExternalSyntheticLambda16@df6b3df m=0
06-15 19:54:57.097   720   720 W Looper  : Slow delivery took 213ms main app=system_server main=true group=FOREGROUND h=com.android.server.notification.NotificationManagerService$WorkerHandler c=com.android.server.notification.NotificationManagerService$$ExternalSyntheticLambda8@a52b82c m=0
06-15 19:54:57.109   499  9004 W android.hardware.audio@7.1-impl.ranchu: pcmWrite:259 pcm_writei failed with 'cannot read/write stream data: I/O error' (-1)
06-15 19:54:57.109   499  9004 E android.hardware.audio@7.1-impl.ranchu: pcmWrite:260 failure: -1
06-15 19:54:57.121  1456  2068 W AiAiEcho: LyftNotificationParser Ridesharing ETA not enabled
06-15 19:54:57.121  1456  2068 I AiAiEcho: SmartspaceNotificationPredictor no parser can handle this notification or notification is invalid
06-15 19:54:57.126  1084  1084 W MediaPlayerWrapper: onMetadataChanged(): rd.sheepskin.sandboxmusic tried to update with no new data
06-15 19:54:57.127  8884  8884 I Capacitor/Console: File:  - Line 333 - Msg: undefined
06-15 19:54:57.135   556   662 I AudioFlinger: prepareTracks_l BUFFER TIMEOUT: remove track(120) from active list due to underrun on thread 13
06-15 19:54:57.138  8884  9003 W AudioTrack: restartIfDisabled(80): releaseBuffer() track 0x727228c7dbe0 disabled due to previous underrun, restarting
06-15 19:54:57.144   977  1060 W Looper  : Drained
06-15 19:54:57.233  1084  1084 W MediaPlayerWrapper: onMetadataChanged(): rd.sheepskin.sandboxmusic tried to update with no new data
06-15 19:54:57.233  8884  8884 I Capacitor/Console: File:  - Line 349 - Msg: [object Object]
06-15 19:54:57.234   499  9004 W android.hardware.audio@7.1-impl.ranchu: pcmWrite:259 pcm_writei failed with 'cannot read/write stream data: I/O error' (-1)
06-15 19:54:57.234   977  1060 W Looper  : Slow delivery took 95ms wmshell.main app=com.android.systemui main=false group=FOREGROUND h=android.os.Handler c=com.android.wm.shell.bubbles.BubbleController$BubblesImpl$$ExternalSyntheticLambda15@df4ee15 m=0
06-15 19:54:57.234   499  9004 E android.hardware.audio@7.1-impl.ranchu: pcmWrite:260 failure: -1
06-15 19:54:57.237   977  1060 W Looper  : Drained
06-15 19:54:57.321   556   595 W AppOpsSession: Redundant beginDeliveryRequest ignored
06-15 19:54:57.322   556   595 W AppOpsSession: Redundant beginDeliveryRequest ignored
06-15 19:54:57.326  1084  1084 W MediaPlayerWrapper: onPlaybackStateChanged(): rd.sheepskin.sandboxmusic tried to update with no new data
06-15 19:54:57.328   720   720 W Looper  : Slow dispatch took 198ms main app=system_server main=true group=FOREGROUND h=com.android.server.notification.NotificationManagerService$WorkerHandler c=com.android.server.notification.NotificationManagerService$PostNotificationRunnable@66c188a m=0
06-15 19:54:57.395   499  9004 W android.hardware.audio@7.1-impl.ranchu: pcmWrite:259 pcm_writei failed with 'cannot read/write stream data: I/O error' (-1)
06-15 19:54:57.397   499  9004 E android.hardware.audio@7.1-impl.ranchu: pcmWrite:260 failure: -1
06-15 19:54:57.406   720   720 W Looper  : Drained
06-15 19:54:57.408  1084  1084 W MediaPlayerWrapper: onPlaybackStateChanged(): rd.sheepskin.sandboxmusic tried to update with no new data
06-15 19:54:57.408   556   595 D NativePermissionController: checkPermission: missing 13 for 10218
06-15 19:54:57.409  1084  1084 W MediaPlayerWrapper: onMetadataChanged(): rd.sheepskin.sandboxmusic tried to update with no new data
06-15 19:54:57.410  1456  2068 W AiAiEcho: LyftNotificationParser Ridesharing ETA not enabled
06-15 19:54:57.410  1456  2068 I AiAiEcho: SmartspaceNotificationPredictor no parser can handle this notification or notification is invalid
06-15 19:54:57.419  1084  1084 W MediaPlayerWrapper: onPlaybackStateChanged(): rd.sheepskin.sandboxmusic tried to update with no new data
06-15 19:54:57.420   720  2031 D MediaSessionService: onSessionPlaybackStateChanged: record=rd.sheepskin.sandboxmusic/SovereignMusicConsole/78 (userId=0) playbackState=PlaybackState {state=PAUSED(2), position=0, buffered position=0, speed=1.0, updated=1781528097420, actions=894, custom actions=[], active item id=-1, error=null}
06-15 19:54:57.425   720   929 D BackgroundInstallControlService: Package event received: 0
06-15 19:54:57.425  1084  1084 E MediaPlayerWrapper: The callback metadata doesn't match controller metadata
06-15 19:54:57.425  1084  1084 W MediaPlayerWrapper: onMetadataChanged(): rd.sheepskin.sandboxmusic tried to update with no new data
06-15 19:54:57.435  1084  1084 E MediaPlayerWrapper: The callback playback state doesn't match the current state
06-15 19:54:57.435  1084  1084 W MediaPlayerWrapper: onPlaybackStateChanged(): rd.sheepskin.sandboxmusic tried to update with no new data
06-15 19:54:57.441  8884  9003 D AudioTrack: getTimestamp_l(80): device stall time corrected using current time 22440035576200
06-15 19:54:57.447  1126  1126 I NotificationListener: received notification removed event - rd.sheepskin.sandboxmusic#UserHandle{0},category=-1
06-15 19:54:57.448  1084  1084 I MediaPlayerList: sendMediaUpdate: Creating a one item queue for a player with no queue
06-15 19:54:57.448  1456  2068 W AiAiEcho: LyftNotificationParser Ridesharing ETA not enabled
06-15 19:54:57.448  1084  1084 I bluetooth: system/btif/avrcp/avrcp_service.cc:536 SendMediaUpdate: track_changed=true :  play_state=true :  queue=false
06-15 19:54:57.448   556   595 D NativePermissionController: checkPermission: missing 13 for 10218
06-15 19:54:57.503   499  9004 W android.hardware.audio@7.1-impl.ranchu: pcmWrite:259 pcm_writei failed with 'cannot read/write stream data: I/O error' (-1)
06-15 19:54:57.503   499  9004 E android.hardware.audio@7.1-impl.ranchu: pcmWrite:260 failure: -1
06-15 19:54:57.503  1456  2068 I AiAiEcho: SmartspaceNotificationPredictor no parser can handle this notification or notification is invalid
06-15 19:54:57.505   556   595 D NativePermissionController: checkPermission: missing 13 for 10218
06-15 19:54:57.517   556   595 D NativePermissionController: checkPermission: missing 13 for 10218
06-15 19:54:57.525  1456  2068 W AiAiEcho: LyftNotificationParser Ridesharing ETA not enabled
06-15 19:54:57.525  1456  2068 I AiAiEcho: SmartspaceNotificationPredictor no parser can handle this notification or notification is invalid
06-15 19:54:57.534   720   877 D InetDiagMessage: Destroyed 0 sockets, proto=IPPROTO_TCP, family=AF_INET, states=14
06-15 19:54:57.541   720   877 D InetDiagMessage: Destroyed 0 sockets, proto=IPPROTO_TCP, family=AF_INET6, states=14
06-15 19:54:57.542   720   877 D InetDiagMessage: Destroyed live tcp sockets for uids={10135} in 221ms
06-15 19:54:57.551   720   877 D InetDiagMessage: Destroyed 0 sockets, proto=IPPROTO_TCP, family=AF_INET, states=14
06-15 19:54:57.556   720   877 D InetDiagMessage: Destroyed 0 sockets, proto=IPPROTO_TCP, family=AF_INET6, states=14
06-15 19:54:57.556   720   877 D InetDiagMessage: Destroyed live tcp sockets for uids={20135} in 14ms
06-15 19:54:57.567  1084  1084 I MediaPlayerList: sendMediaUpdate: Creating a one item queue for a player with no queue
06-15 19:54:57.567  1084  1084 E MediaControlProfile: onCurrentPlayerStateUpdated: base actions not supported, player actions= 37e, expected at least= 7f
06-15 19:54:57.568  1084  1084 W MediaControlGattService: Feature PLAYBACK_SPEED(BIT 8) support: true
06-15 19:54:57.578  1084  1084 W MediaControlGattService: Feature PLAYBACK_SPEED(BIT 8) support: true
06-15 19:54:57.578  1084  1084 W MediaControlGattService: Feature PLAYBACK_SPEED(BIT 8) support: true
06-15 19:54:57.578  1084  1084 W MediaControlGattService: Feature TRACK_POSITION(BIT 7) support: true
06-15 19:54:57.579  1084  1084 W MediaControlGattService: Feature TRACK_POSITION_NOTIFY support: true
06-15 19:54:57.579  1084  1084 W MediaControlGattService: Feature MEDIA_STATE(BIT 17) support: true
06-15 19:54:57.579  1084  1084 W MediaControlGattService: Feature MEDIA_STATE(BIT 17) support: true
06-15 19:54:57.586  1084  1084 I AdapterProperties: getBondedDevices: length=0
06-15 19:54:57.586  1084  1084 W MediaControlGattService: Feature PLAYER_NAME(BIT 1) support: true
06-15 19:54:57.586  1084  1084 W MediaControlGattService: Feature PLAYER_NAME(BIT 1) support: true
06-15 19:54:57.586  1084  1084 W MediaControlGattService: Feature MEDIA_CONTROL_POINT_OPCODES_SUPPORTED(BIT 19) support: true
06-15 19:54:57.587  1084  1084 W MediaControlGattService: Feature TRACK_TITLE(BIT 5) support: true
06-15 19:54:57.595  1084  1084 W MediaControlGattService: Feature TRACK_DURATION(BIT 6) support: true
06-15 19:54:57.595  1084  1084 W MediaControlGattService: Feature TRACK_DURATION(BIT 6) support: true
06-15 19:54:57.595  1084  1084 W MediaControlGattService: Feature TRACK_DURATION_NOTIFY support: true
06-15 19:54:57.599  8884  8966 V Capacitor/Plugin: To native (Capacitor plugin): callbackId: 78208723, pluginId: NativeExoPlayback, methodName: getStatus
06-15 19:54:57.599  8884  8966 V Capacitor: callback: 78208723, pluginId: NativeExoPlayback, methodName: getStatus, methodData: {}
06-15 19:54:57.599  1084  1084 I AdapterProperties: getBondedDevices: length=0
06-15 19:54:57.599  8884  8884 I Capacitor/Console: File:  - Line 333 - Msg: {"ok":true,"gaplessEnabled":true}
06-15 19:54:57.599  1084  1084 W MediaControlGattService: Feature MEDIA_STATE(BIT 17) support: true
06-15 19:54:57.599  1084  1084 W MediaControlGattService: Feature MEDIA_STATE(BIT 17) support: true
06-15 19:54:57.600  8884  8884 I Capacitor/Console: File:  - Line 349 - Msg: [object Object]
06-15 19:54:57.600  1084  1084 I AdapterProperties: getBondedDevices: length=0
06-15 19:54:57.601  1084  1084 W MediaControlGattService: Feature MEDIA_STATE(BIT 17) support: true
06-15 19:54:57.601  1084  1084 W MediaControlGattService: Feature SEEKING_SPEED(BIT 9) support: true
06-15 19:54:57.602  1084  1084 W MediaControlGattService: Feature SEEKING_SPEED(BIT 9) support: true
06-15 19:54:57.602  1084  1084 W MediaControlGattService: Feature SEEKING_SPEED(BIT 9) support: true
06-15 19:54:57.602  1084  1084 W MediaControlGattService: Feature TRACK_CHANGED(BIT 4) support: true
06-15 19:54:57.604  1084  1084 I AdapterProperties: getBondedDevices: length=0
06-15 19:54:57.605  8884  8884 I AudioManager: dispatching onAudioFocusChange(-1) to android.media.AudioManager@bbe24a0rd.sheepskin.sandboxmusic.MediaPlaybackForegroundService@59812e9
06-15 19:54:57.609  1084  1084 W MediaPlayerWrapper: onPlaybackStateChanged(): rd.sheepskin.sandboxmusic tried to update with no new data
06-15 19:54:57.612   499  9004 W android.hardware.audio@7.1-impl.ranchu: pcmWrite:259 pcm_writei failed with 'cannot read/write stream data: I/O error' (-1)
06-15 19:54:57.612   499  9004 E android.hardware.audio@7.1-impl.ranchu: pcmWrite:260 failure: -1
06-15 19:54:57.614  1084  1084 W MediaPlayerWrapper: onPlaybackStateChanged(): rd.sheepskin.sandboxmusic tried to update with no new data
06-15 19:54:57.614  8884  8884 V Capacitor/BackgroundMediaPlugin: Notifying listeners for event mediaAction
06-15 19:54:57.628  8884  8966 V Capacitor/Plugin: To native (Capacitor plugin): callbackId: 78208724, pluginId: NativeExoPlayback, methodName: resume
06-15 19:54:57.628  8884  8966 V Capacitor: callback: 78208724, pluginId: NativeExoPlayback, methodName: resume, methodData: {}
06-15 19:54:57.641   556   662 D AudioFlinger: mixer(0x7b8f594d9770) throttle end: throttle time(7)
06-15 19:54:57.665   720   796 D MediaSessionService: onSessionPlaybackStateChanged: record=rd.sheepskin.sandboxmusic/SovereignMusicConsole/78 (userId=0) playbackState=PlaybackState {state=PAUSED(2), position=0, buffered position=0, speed=1.0, updated=1781528097656, actions=894, custom actions=[], active item id=-1, error=null}
06-15 19:54:57.666  8884  8966 V Capacitor/Plugin: To native (Capacitor plugin): callbackId: 78208725, pluginId: NativeExoPlayback, methodName: getStatus
06-15 19:54:57.666  8884  8966 V Capacitor: callback: 78208725, pluginId: NativeExoPlayback, methodName: getStatus, methodData: {}
06-15 19:54:57.668  1084  1084 W MediaPlayerWrapper: onMetadataChanged(): rd.sheepskin.sandboxmusic tried to update with no new data
06-15 19:54:57.671  1084  1084 W MediaPlayerWrapper: onMetadataChanged(): rd.sheepskin.sandboxmusic tried to update with no new data
06-15 19:54:57.678   556   662 D AudioFlinger: mixer(0x7b8f594d9770) throttle end: throttle time(4)
06-15 19:54:57.679   977  1219 D MediaDataManager: State updated outside of notification
06-15 19:54:57.681  1084  1084 W MediaPlayerWrapper: onPlaybackStateChanged(): rd.sheepskin.sandboxmusic tried to update with no new data
06-15 19:54:57.682  1084  1084 W MediaPlayerWrapper: onPlaybackStateChanged(): rd.sheepskin.sandboxmusic tried to update with no new data
06-15 19:54:57.699  8884  8884 I Capacitor/Console: File:  - Line 333 - Msg: undefined
06-15 19:54:57.702  8884  8884 I Capacitor/Console: File:  - Line 333 - Msg: {"available":true,"wired":true,"message":"ExoPlayer gapless queue — content:// locker bridge + HTTP streams.","state":"playing","positionSecs":0,"durationSecs":126.967,"queueIndex":1,"queueLength":2,"gaplessEnabled":true,"currentUrl":"content://rd.sheepskin.sandboxmusic.locker/locker/locker-1781526510052-z8kea7","envelopeId":"local-locker-1781526510052-z8kea7","title":"King","artist":"Kanye West","artworkUrl":"blob:https://localhost/ec4710e8-9811-4827-8ace-e6b1ae2ca8f3"}
06-15 19:54:57.710  8884  8884 I Capacitor/Console: File:  - Line 349 - Msg: [object Object]
06-15 19:54:57.710   556   662 D AudioFlinger: mixer(0x7b8f594d9770) throttle end: throttle time(5)
06-15 19:54:57.717  8884  8966 V Capacitor/Plugin: To native (Capacitor plugin): callbackId: 78208726, pluginId: NativeExoPlayback, methodName: getStatus
06-15 19:54:57.717  8884  8884 I Capacitor/Console: File:  - Line 349 - Msg: [object Object]
06-15 19:54:57.718  8884  8884 I Capacitor/Console: File:  - Line 333 - Msg: {"ok":true,"message":"ExoPlayer ready."}
06-15 19:54:57.718  8884  8884 I Capacitor/Console: File:  - Line 333 - Msg: undefined
06-15 19:54:57.719  8884  8884 I Capacitor/Console: File:  - Line 349 - Msg: [object Object]
06-15 19:54:57.719  8884  8884 I Choreographer: Skipped 35 frames!  The application may be doing too much work on its main thread.
06-15 19:54:57.721   499  9004 W android.hardware.audio@7.1-impl.ranchu: pcmWrite:259 pcm_writei failed with 'cannot read/write stream data: I/O error' (-1)
06-15 19:54:57.721   499  9004 E android.hardware.audio@7.1-impl.ranchu: pcmWrite:260 failure: -1
06-15 19:54:57.722  8884  8966 V Capacitor: callback: 78208726, pluginId: NativeExoPlayback, methodName: getStatus, methodData: {}
06-15 19:54:57.737   977   977 W ConstraintSet: id unknown center_vertical_guideline
06-15 19:54:57.737   977   977 W ConstraintSet: id unknown action_button_guideline
06-15 19:54:57.737   977   977 W ConstraintSet: id unknown icon
06-15 19:54:57.745   977   977 W ConstraintSet: id unknown media_seamless
06-15 19:54:57.754   977   977 W ConstraintSet: id unknown media_action_barrier_start
06-15 19:54:57.754   977   977 W ConstraintSet: id unknown media_action_barrier_end
06-15 19:54:57.754   977   977 W ConstraintSet: id unknown media_action_barrier_top
06-15 19:54:57.757   556   662 D AudioFlinger: mixer(0x7b8f594d9770) throttle end: throttle time(4)
