06-15 19:55:00.473  1084  1084 W MediaPlayerWrapper: onMetadataChanged(): rd.sheepskin.sandboxmusic tried to update with no new data
06-15 19:55:00.447     0     0 I binder_alloc: 2540: pid 720 spamming oneway? 1677 buffers allocated for a total size of 436936
06-15 19:55:00.482  1084  1084 E MediaPlayerWrapper: The callback playback state doesn't match the current state
06-15 19:55:00.483  1084  1084 W MediaPlayerWrapper: onPlaybackStateChanged(): rd.sheepskin.sandboxmusic tried to update with no new data
06-15 19:55:00.486  8884  8966 V Capacitor/Plugin: To native (Capacitor plugin): callbackId: 78208752, pluginId: NativeExoPlayback, methodName: setGaplessEnabled
06-15 19:55:00.488  8884  8966 V Capacitor: callback: 78208752, pluginId: NativeExoPlayback, methodName: setGaplessEnabled, methodData: {"enabled":true}
06-15 19:55:00.492  1084  1084 W MediaPlayerWrapper: onMetadataChanged(): rd.sheepskin.sandboxmusic tried to update with no new data
06-15 19:55:00.504  1126  1126 I NotificationListener: received notification removed event - rd.sheepskin.sandboxmusic#UserHandle{0},category=-1
06-15 19:55:00.505  1084  1084 E MediaPlayerWrapper: The callback playback state doesn't match the current state
06-15 19:55:00.505  1084  1084 W MediaPlayerWrapper: onPlaybackStateChanged(): rd.sheepskin.sandboxmusic tried to update with no new data
06-15 19:55:00.520   499  9004 W android.hardware.audio@7.1-impl.ranchu: pcmWrite:259 pcm_writei failed with 'cannot read/write stream data: I/O error' (-1)
06-15 19:55:00.538   499  9004 E android.hardware.audio@7.1-impl.ranchu: pcmWrite:260 failure: -1
06-15 19:55:00.554  1456  2068 W AiAiEcho: LyftNotificationParser Ridesharing ETA not enabled
06-15 19:55:00.554  1456  2068 I AiAiEcho: SmartspaceNotificationPredictor no parser can handle this notification or notification is invalid
06-15 19:55:00.558  8884  8966 V Capacitor/Plugin: To native (Capacitor plugin): callbackId: 78208753, pluginId: NativeExoPlayback, methodName: enqueueNext
06-15 19:55:00.559  8884  8966 V Capacitor: callback: 78208753, pluginId: NativeExoPlayback, methodName: enqueueNext, methodData: {"url":"file:\/\/\/data\/user\/0\/rd.sheepskin.sandboxmusic\/cache\/ytdlp-playback\/HBMy-y2wb4I.mp4"}
06-15 19:55:00.559  1084  1084 W MediaPlayerWrapper: onMetadataChanged(): rd.sheepskin.sandboxmusic tried to update with no new data
06-15 19:55:00.565  1084  1084 W MediaPlayerWrapper: onMetadataChanged(): rd.sheepskin.sandboxmusic tried to update with no new data
06-15 19:55:00.569  8884  8966 V Capacitor/Plugin: To native (Capacitor plugin): callbackId: 78208754, pluginId: BackgroundMedia, methodName: startForeground
06-15 19:55:00.569  8884  8966 V Capacitor: callback: 78208754, pluginId: BackgroundMedia, methodName: startForeground, methodData: {}
06-15 19:55:00.585  1084  1084 E MediaPlayerWrapper: The callback playback state doesn't match the current state
06-15 19:55:00.585  1084  1084 W MediaPlayerWrapper: onPlaybackStateChanged(): rd.sheepskin.sandboxmusic tried to update with no new data
06-15 19:55:00.603  8884  8884 I Capacitor/Console: File:  - Line 349 - Msg: [object Object]
06-15 19:55:00.608   720   894 W IPCThreadState: Sending oneway calls to frozen process.
06-15 19:55:00.611  1084  1084 E MediaPlayerWrapper: The callback playback state doesn't match the current state
06-15 19:55:00.612  1084  1084 W MediaPlayerWrapper: onPlaybackStateChanged(): rd.sheepskin.sandboxmusic tried to update with no new data
06-15 19:55:00.619  1084  1084 W MediaPlayerWrapper: onMetadataChanged(): rd.sheepskin.sandboxmusic tried to update with no new data
06-15 19:55:00.626  8884  8884 I Capacitor/Console: File:  - Line 349 - Msg: [object Object]
06-15 19:55:00.631  8884  8884 I Capacitor/Console: File:  - Line 333 - Msg: undefined
06-15 19:55:00.634  8884  8966 V Capacitor/Plugin: To native (Capacitor plugin): callbackId: 78208755, pluginId: NativeExoPlayback, methodName: getStatus
06-15 19:55:00.634  1084  1084 W MediaPlayerWrapper: onMetadataChanged(): rd.sheepskin.sandboxmusic tried to update with no new data
06-15 19:55:00.635   649  9043 D SimpleC2Component: applied 2 configUpdates => OK (0)
06-15 19:55:00.640  8884  8966 V Capacitor: callback: 78208755, pluginId: NativeExoPlayback, methodName: getStatus, methodData: {}
06-15 19:55:00.640  8884  8884 I Capacitor/Console: File:  - Line 349 - Msg: [object Object]
06-15 19:55:00.642  8884  8884 I Capacitor/Console: File:  - Line 349 - Msg: [object Object]
06-15 19:55:00.662   499  9004 W android.hardware.audio@7.1-impl.ranchu: pcmWrite:259 pcm_writei failed with 'cannot read/write stream data: I/O error' (-1)
06-15 19:55:00.663   499  9004 E android.hardware.audio@7.1-impl.ranchu: pcmWrite:260 failure: -1
06-15 19:55:00.681  8884  8966 V Capacitor/Plugin: To native (Capacitor plugin): callbackId: 78208756, pluginId: NativeExoPlayback, methodName: getStatus
06-15 19:55:00.692  8884  8966 V Capacitor: callback: 78208756, pluginId: NativeExoPlayback, methodName: getStatus, methodData: {}
06-15 19:55:00.692  8884  8884 I Capacitor/Console: File:  - Line 349 - Msg: [object Object]
06-15 19:55:00.693  8884  8884 I Capacitor/Console: File:  - Line 349 - Msg: [object Object]
06-15 19:55:00.693  8884  8884 I Capacitor/Console: File:  - Line 349 - Msg: [object Object]
06-15 19:55:00.696  1084  1084 E MediaPlayerWrapper: The callback playback state doesn't match the current state
06-15 19:55:00.709  8884  8884 I Capacitor/Console: File:  - Line 349 - Msg: [object Object]
06-15 19:55:00.715  1084  1084 I MediaPlayerList: sendMediaUpdate: Creating a one item queue for a player with no queue
06-15 19:55:00.717  1084  1084 I bluetooth: system/btif/avrcp/avrcp_service.cc:536 SendMediaUpdate: track_changed=false :  play_state=true :  queue=false
06-15 19:55:00.717  1084  1084 E MediaPlayerWrapper: The callback playback state doesn't match the current state
06-15 19:55:00.720   556   662 D AudioFlinger: mixer(0x7b8f594d9770) throttle end: throttle time(8)
06-15 19:55:00.720   977  1060 W Looper  : Drained
06-15 19:55:00.735  1084  1084 I MediaPlayerList: sendMediaUpdate: Creating a one item queue for a player with no queue
06-15 19:55:00.736  1084  1084 E MediaControlProfile: onCurrentPlayerStateUpdated: base actions not supported, player actions= 37e, expected at least= 7f
06-15 19:55:00.737  1084  1084 W MediaControlGattService: Feature PLAYBACK_SPEED(BIT 8) support: true
06-15 19:55:00.740  1084  1084 W MediaControlGattService: Feature PLAYBACK_SPEED(BIT 8) support: true
06-15 19:55:00.741  1084  1084 W MediaControlGattService: Feature PLAYBACK_SPEED(BIT 8) support: true
06-15 19:55:00.741  1084  1084 W MediaControlGattService: Feature TRACK_POSITION(BIT 7) support: true
06-15 19:55:00.741  1084  1084 W MediaControlGattService: Feature TRACK_POSITION_NOTIFY support: true
06-15 19:55:00.750  1084  1084 W MediaControlGattService: Feature MEDIA_STATE(BIT 17) support: true
06-15 19:55:00.750  1084  1084 I AdapterProperties: getBondedDevices: length=0
06-15 19:55:00.752  1084  1084 W MediaControlGattService: Feature PLAYER_NAME(BIT 1) support: true
06-15 19:55:00.753  1084  1084 W MediaControlGattService: Feature PLAYER_NAME(BIT 1) support: true
06-15 19:55:00.754  1084  1084 W MediaControlGattService: Feature MEDIA_CONTROL_POINT_OPCODES_SUPPORTED(BIT 19) support: true
06-15 19:55:00.754  1084  1084 W MediaControlGattService: Feature MEDIA_STATE(BIT 17) support: true
06-15 19:55:00.754  1084  1084 W MediaControlGattService: Feature MEDIA_STATE(BIT 17) support: true
06-15 19:55:00.755  1084  1084 I AdapterProperties: getBondedDevices: length=0
06-15 19:55:00.755  1084  1084 W MediaControlGattService: Feature MEDIA_STATE(BIT 17) support: true
06-15 19:55:00.758  1122  1364 D SatelliteController: iisInCarrierRoamingNbIotNtn: satellite is disabled
06-15 19:55:00.761  8884  8884 I Capacitor/Console: File:  - Line 349 - Msg: [object Object]
06-15 19:55:00.763  1084  1084 W MediaControlGattService: Feature SEEKING_SPEED(BIT 9) support: true
06-15 19:55:00.767   556   662 D AF::Track: interceptBuffer: took 939us to intercept 0 tracks
06-15 19:55:00.767   499  9004 W android.hardware.audio@7.1-impl.ranchu: pcmWrite:259 pcm_writei failed with 'cannot read/write stream data: I/O error' (-1)
06-15 19:55:00.767   499  9004 E android.hardware.audio@7.1-impl.ranchu: pcmWrite:260 failure: -1
06-15 19:55:00.776  1084  1084 W MediaControlGattService: Feature SEEKING_SPEED(BIT 9) support: true
06-15 19:55:00.776  1084  1084 W MediaControlGattService: Feature SEEKING_SPEED(BIT 9) support: true
06-15 19:55:00.781   977  1219 D MediaDataManager: State updated outside of notification
06-15 19:55:00.817  8884  8884 I Choreographer: Skipped 47 frames!  The application may be doing too much work on its main thread.
06-15 19:55:00.864   720   720 W Looper  : Drained
06-15 19:55:00.868   977   977 W ConstraintSet: id unknown center_vertical_guideline
06-15 19:55:00.868  1126  1126 I NotificationListener: received notification removed event - rd.sheepskin.sandboxmusic#UserHandle{0},category=-1
06-15 19:55:00.869  1456  2068 W AiAiEcho: LyftNotificationParser Ridesharing ETA not enabled
06-15 19:55:00.876   499  9004 W android.hardware.audio@7.1-impl.ranchu: pcmWrite:259 pcm_writei failed with 'cannot read/write stream data: I/O error' (-1)
06-15 19:55:00.877   499  9004 E android.hardware.audio@7.1-impl.ranchu: pcmWrite:260 failure: -1
06-15 19:55:00.885  8884  8884 I AudioManager: dispatching onAudioFocusChange(-1) to android.media.AudioManager@bbe24a0rd.sheepskin.sandboxmusic.MediaPlaybackForegroundService@59812e9
06-15 19:55:00.868   977   977 W ConstraintSet: id unknown action_button_guideline
06-15 19:55:00.893   977   977 W ConstraintSet: id unknown icon
06-15 19:55:00.895  8884  8884 V Capacitor/BackgroundMediaPlugin: Notifying listeners for event mediaAction
06-15 19:55:00.895   977   977 W ConstraintSet: id unknown media_seamless
06-15 19:55:00.895   977   977 W ConstraintSet: id unknown media_action_barrier_start
06-15 19:55:00.895   977   977 W ConstraintSet: id unknown media_action_barrier_end
06-15 19:55:00.895   977   977 W ConstraintSet: id unknown media_action_barrier_top
06-15 19:55:00.896   977   977 W ConstraintSet: id unknown remove_text
06-15 19:55:00.896   977   977 W ConstraintSet: id unknown settings
06-15 19:55:00.897   977   977 W ConstraintSet: id unknown dismiss
06-15 19:55:00.897   977   977 W ConstraintSet: id unknown cancel
06-15 19:55:00.902  1456  2068 I AiAiEcho: SmartspaceNotificationPredictor no parser can handle this notification or notification is invalid
06-15 19:55:00.906  8884  8884 I Capacitor/Console: File:  - Line 333 - Msg: {"ok":true,"gaplessEnabled":true}
06-15 19:55:00.920  8884  8966 V Capacitor/Plugin: To native (Capacitor plugin): callbackId: 78208757, pluginId: NativeExoPlayback, methodName: getStatus
06-15 19:55:00.936  1456  2068 W AiAiEcho: LyftNotificationParser Ridesharing ETA not enabled
06-15 19:55:00.940  1456  2068 I AiAiEcho: SmartspaceNotificationPredictor no parser can handle this notification or notification is invalid
06-15 19:55:00.941  1126  1126 I NotificationListener: received notification removed event - rd.sheepskin.sandboxmusic#UserHandle{0},category=-1
06-15 19:55:00.944  8884  8884 I Capacitor/Console: File:  - Line 349 - Msg: [object Object]
06-15 19:55:00.951  8884  8966 V Capacitor: callback: 78208757, pluginId: NativeExoPlayback, methodName: getStatus, methodData: {}
06-15 19:55:00.969  8884  8884 I Capacitor/Console: File:  - Line 333 - Msg: {"available":true,"wired":true,"message":"ExoPlayer gapless queue — content:// locker bridge + HTTP streams.","state":"paused","positionSecs":1.16,"durationSecs":126.967,"queueIndex":1,"queueLength":2,"gaplessEnabled":true,"currentUrl":"content://rd.sheepskin.sandboxmusic.locker/locker/locker-1781526510052-z8kea7","envelopeId":"local-locker-1781526510052-z8kea7","title":"King","artist":"Kanye West","artworkUrl":"blob:https://localhost/ec4710e8-9811-4827-8ace-e6b1ae2ca8f3"}
06-15 19:55:00.984  1084  1088 W droid.bluetooth: Suspending all threads took: 15.572ms
06-15 19:55:00.992   499  9004 W android.hardware.audio@7.1-impl.ranchu: pcmWrite:259 pcm_writei failed with 'cannot read/write stream data: I/O error' (-1)
06-15 19:55:00.993   499  9004 E android.hardware.audio@7.1-impl.ranchu: pcmWrite:260 failure: -1
06-15 19:55:01.017   977   977 W ConstraintSet: id unknown center_vertical_guideline
06-15 19:55:01.018   977   977 W ConstraintSet: id unknown action_button_guideline
06-15 19:55:01.018   977   977 W ConstraintSet: id unknown icon
06-15 19:55:01.018   977   977 W ConstraintSet: id unknown media_seamless
06-15 19:55:01.018   977   977 W ConstraintSet: id unknown media_action_barrier_start
06-15 19:55:01.018   977   977 W ConstraintSet: id unknown media_action_barrier_end
06-15 19:55:01.019   977   977 W ConstraintSet: id unknown media_action_barrier_top
06-15 19:55:01.019   977   977 W ConstraintSet: id unknown remove_text
06-15 19:55:01.019   977   977 W ConstraintSet: id unknown settings
06-15 19:55:01.019   977   977 W ConstraintSet: id unknown dismiss
06-15 19:55:01.019   977   977 W ConstraintSet: id unknown cancel
06-15 19:55:01.042  1126  1126 I NotificationListener: received notification removed event - rd.sheepskin.sandboxmusic#UserHandle{0},category=-1
06-15 19:55:01.047  8884  8884 D MediaRouter: onRestoreRoute() : route=RouteInfo{ name=Phone, description=null, status=null, category=RouteCategory{ name=System types=ROUTE_TYPE_LIVE_AUDIO ROUTE_TYPE_LIVE_VIDEO  groupable=false }, supportedTypes=ROUTE_TYPE_LIVE_AUDIO ROUTE_TYPE_LIVE_VIDEO , presentationDisplay=null }
06-15 19:55:01.048  8884  8884 V MediaRouter: Selecting route: RouteInfo{ name=Phone, description=null, status=null, category=RouteCategory{ name=System types=ROUTE_TYPE_LIVE_AUDIO ROUTE_TYPE_LIVE_VIDEO  groupable=false }, supportedTypes=ROUTE_TYPE_LIVE_AUDIO ROUTE_TYPE_LIVE_VIDEO , presentationDisplay=null }
06-15 19:55:01.068  1456  2068 W AiAiEcho: LyftNotificationParser Ridesharing ETA not enabled
06-15 19:55:01.069  1456  2068 I AiAiEcho: SmartspaceNotificationPredictor no parser can handle this notification or notification is invalid
06-15 19:55:01.076   720  1639 D MediaSessionService: onSessionPlaybackStateChanged: record=rd.sheepskin.sandboxmusic/SovereignMusicConsole/78 (userId=0) playbackState=PlaybackState {state=PLAYING(3), position=1160, buffered position=0, speed=1.0, updated=1781528101071, actions=894, custom actions=[], active item id=-1, error=null}
06-15 19:55:01.077  1084  1084 W MediaPlayerWrapper: onMetadataChanged(): rd.sheepskin.sandboxmusic tried to update with no new data
06-15 19:55:01.078   720  2030 W AppOps  : Noting op not finished: uid 10218 pkg rd.sheepskin.sandboxmusic code 154 startTime of in progress event=1781528100446
06-15 19:55:01.082   720  2030 I MediaFocusControl: requestAudioFocus() from uid/pid 10218/8884 AA=USAGE_MEDIA/CONTENT_TYPE_MUSIC clientId=android.media.AudioManager@bbe24a0rd.sheepskin.sandboxmusic.MediaPlaybackForegroundService@59812e9 callingPack=rd.sheepskin.sandboxmusic req=1 flags=0x1 sdk=36
06-15 19:55:01.082  1084  1084 W MediaPlayerWrapper: onMetadataChanged(): rd.sheepskin.sandboxmusic tried to update with no new data
06-15 19:55:01.095   499  9004 W android.hardware.audio@7.1-impl.ranchu: pcmWrite:259 pcm_writei failed with 'cannot read/write stream data: I/O error' (-1)
06-15 19:55:01.095   499  9004 E android.hardware.audio@7.1-impl.ranchu: pcmWrite:260 failure: -1
06-15 19:55:01.100   720  2030 I AS.FadeOutManager: unfadeOutUid() uid:10218
06-15 19:55:01.100  1084  1084 E MediaPlayerWrapper: The callback playback state doesn't match the current state
06-15 19:55:01.111  1084  1084 I MediaPlayerList: sendMediaUpdate: Creating a one item queue for a player with no queue
06-15 19:55:01.115  1084  1084 I bluetooth: system/btif/avrcp/avrcp_service.cc:536 SendMediaUpdate: track_changed=false :  play_state=false :  queue=false
06-15 19:55:01.125  1084  1084 E MediaPlayerWrapper: The callback playback state doesn't match the current state
06-15 19:55:01.133  8884  8884 I Capacitor/Console: File:  - Line 333 - Msg: {"available":true,"wired":true,"message":"ExoPlayer gapless queue — content:// locker bridge + HTTP streams.","state":"paused","positionSecs":1.16,"durationSecs":126.967,"queueIndex":1,"queueLength":2,"gaplessEnabled":true,"currentUrl":"content://rd.sheepskin.sandboxmusic.locker/locker/locker-1781526510052-z8kea7","envelopeId":"local-locker-1781526510052-z8kea7","title":"King","artist":"Kanye West","artworkUrl":"blob:https://localhost/ec4710e8-9811-4827-8ace-e6b1ae2ca8f3"}
06-15 19:55:01.135  8884  8884 I Capacitor/Console: File:  - Line 333 - Msg: undefined
06-15 19:55:01.142  8884  8966 V Capacitor/Plugin: To native (Capacitor plugin): callbackId: 78208758, pluginId: BackgroundMedia, methodName: updatePlaybackState
06-15 19:55:01.142  1084  1084 I MediaPlayerList: sendMediaUpdate: Creating a one item queue for a player with no queue
06-15 19:55:01.142  1084  1084 W MediaControlGattService: Feature PLAYER_NAME(BIT 1) support: true
06-15 19:55:01.146  1084  1084 W MediaControlGattService: Feature PLAYER_NAME(BIT 1) support: true
06-15 19:55:01.146  8884  8966 V Capacitor: callback: 78208758, pluginId: BackgroundMedia, methodName: updatePlaybackState, methodData: {"isPlaying":false,"positionMs":0,"durationMs":126967,"playbackRate":1}
06-15 19:55:01.146  1084  1084 W MediaControlGattService: Feature MEDIA_STATE(BIT 17) support: true
06-15 19:55:01.175   720  1639 D MediaSessionService: onSessionPlaybackStateChanged: record=rd.sheepskin.sandboxmusic/SovereignMusicConsole/78 (userId=0) playbackState=PlaybackState {state=PAUSED(2), position=0, buffered position=0, speed=1.0, updated=1781528101163, actions=894, custom actions=[], active item id=-1, error=null}
06-15 19:55:01.177   720   929 D BackgroundInstallControlService: Package event received: 0
06-15 19:55:01.181  1084  1084 W MediaPlayerWrapper: onMetadataChanged(): rd.sheepskin.sandboxmusic tried to update with no new data
06-15 19:55:01.183  8884  8884 I Capacitor/Console: File:  - Line 349 - Msg: [object Object]
06-15 19:55:01.187  1084  1084 W MediaPlayerWrapper: onMetadataChanged(): rd.sheepskin.sandboxmusic tried to update with no new data
06-15 19:55:01.199   499  9004 W android.hardware.audio@7.1-impl.ranchu: pcmWrite:259 pcm_writei failed with 'cannot read/write stream data: I/O error' (-1)
06-15 19:55:01.199   499  9004 E android.hardware.audio@7.1-impl.ranchu: pcmWrite:260 failure: -1
06-15 19:55:01.217   720  2030 E NotificationService: Package enqueue rate is 5.086826. Shedding 0|rd.sheepskin.sandboxmusic|88001|null|10218. package=rd.sheepskin.sandboxmusic
06-15 19:55:01.222   720  1646 D MediaSessionService: onSessionPlaybackStateChanged: record=rd.sheepskin.sandboxmusic/SovereignMusicConsole/78 (userId=0) playbackState=PlaybackState {state=PAUSED(2), position=0, buffered position=0, speed=1.0, updated=1781528101221, actions=894, custom actions=[], active item id=-1, error=null}
06-15 19:55:01.234  1084  1084 I MediaPlayerList: sendMediaUpdate: Creating a one item queue for a player with no queue
06-15 19:55:01.234  1084  1084 I bluetooth: system/btif/avrcp/avrcp_service.cc:536 SendMediaUpdate: track_changed=false :  play_state=true :  queue=false
06-15 19:55:01.249  1084  1084 I MediaPlayerList: sendMediaUpdate: Creating a one item queue for a player with no queue
06-15 19:55:01.249  1084  1084 E MediaControlProfile: onCurrentPlayerStateUpdated: base actions not supported, player actions= 37e, expected at least= 7f
06-15 19:55:01.250  1084  1084 W MediaControlGattService: Feature PLAYBACK_SPEED(BIT 8) support: true
06-15 19:55:01.250  1084  1084 W MediaControlGattService: Feature PLAYBACK_SPEED(BIT 8) support: true
06-15 19:55:01.250  1084  1084 W MediaControlGattService: Feature PLAYBACK_SPEED(BIT 8) support: true
06-15 19:55:01.250  1084  1084 W MediaControlGattService: Feature TRACK_POSITION(BIT 7) support: true
06-15 19:55:01.253  1084  1084 W MediaControlGattService: Feature TRACK_POSITION_NOTIFY support: true
06-15 19:55:01.254  1084  1084 W MediaControlGattService: Feature MEDIA_STATE(BIT 17) support: true
06-15 19:55:01.254  1084  1084 W MediaControlGattService: Feature MEDIA_STATE(BIT 17) support: true
06-15 19:55:01.254  1084  1084 I AdapterProperties: getBondedDevices: length=0
06-15 19:55:01.255  1084  1084 W MediaControlGattService: Feature PLAYER_NAME(BIT 1) support: true
06-15 19:55:01.259  1084  1084 W MediaControlGattService: Feature PLAYER_NAME(BIT 1) support: true
06-15 19:55:01.259  1084  1084 W MediaControlGattService: Feature MEDIA_CONTROL_POINT_OPCODES_SUPPORTED(BIT 19) support: true
06-15 19:55:01.259  1084  1084 W MediaControlGattService: Feature MEDIA_STATE(BIT 17) support: true
06-15 19:55:01.260  1084  1084 W MediaControlGattService: Feature MEDIA_STATE(BIT 17) support: true
06-15 19:55:01.267  1084  1084 I AdapterProperties: getBondedDevices: length=0
06-15 19:55:01.268  1084  1084 W MediaControlGattService: Feature MEDIA_STATE(BIT 17) support: true
06-15 19:55:01.269  1084  1084 W MediaControlGattService: Feature SEEKING_SPEED(BIT 9) support: true
06-15 19:55:01.269  1084  1084 W MediaControlGattService: Feature SEEKING_SPEED(BIT 9) support: true
06-15 19:55:01.270  1084  1084 W MediaControlGattService: Feature SEEKING_SPEED(BIT 9) support: true
06-15 19:55:01.285  1126  1126 I NotificationListener: received notification removed event - rd.sheepskin.sandboxmusic#UserHandle{0},category=-1
06-15 19:55:01.291  8884  8884 I AudioManager: dispatching onAudioFocusChange(-1) to android.media.AudioManager@314fe36rd.sheepskin.sandboxmusic.AndroidAudioSessionHelper$$ExternalSyntheticLambda0@773f5d0
06-15 19:55:01.292  1084  1084 W MediaPlayerWrapper: onMetadataChanged(): rd.sheepskin.sandboxmusic tried to update with no new data
06-15 19:55:01.301  1084  1084 W MediaPlayerWrapper: onMetadataChanged(): rd.sheepskin.sandboxmusic tried to update with no new data
06-15 19:55:01.301  1084  1084 W MediaPlayerWrapper: onPlaybackStateChanged(): rd.sheepskin.sandboxmusic tried to update with no new data
06-15 19:55:01.302  1456  2068 W AiAiEcho: LyftNotificationParser Ridesharing ETA not enabled
06-15 19:55:01.302  1456  2068 I AiAiEcho: SmartspaceNotificationPredictor no parser can handle this notification or notification is invalid
06-15 19:55:01.304  1084  1084 W MediaPlayerWrapper: onPlaybackStateChanged(): rd.sheepskin.sandboxmusic tried to update with no new data
06-15 19:55:01.308   499  9004 W android.hardware.audio@7.1-impl.ranchu: pcmWrite:259 pcm_writei failed with 'cannot read/write stream data: I/O error' (-1)
06-15 19:55:01.308   499  9004 E android.hardware.audio@7.1-impl.ranchu: pcmWrite:260 failure: -1
06-15 19:55:01.317   977   977 W ConstraintSet: id unknown center_vertical_guideline
06-15 19:55:01.317   977   977 W ConstraintSet: id unknown action_button_guideline
06-15 19:55:01.317   977   977 W ConstraintSet: id unknown icon
06-15 19:55:01.317   977   977 W ConstraintSet: id unknown media_seamless
06-15 19:55:01.318   977   977 W ConstraintSet: id unknown media_action_barrier_start
06-15 19:55:01.318   977   977 W ConstraintSet: id unknown media_action_barrier_end
06-15 19:55:01.325   977   977 W ConstraintSet: id unknown media_action_barrier_top
06-15 19:55:01.325   977   977 W ConstraintSet: id unknown remove_text
06-15 19:55:01.328   977   977 W ConstraintSet: id unknown settings
06-15 19:55:01.328   977   977 W ConstraintSet: id unknown dismiss
06-15 19:55:01.329   977   977 W ConstraintSet: id unknown cancel
06-15 19:55:01.341  8884  8966 V Capacitor/Plugin: To native (Capacitor plugin): callbackId: 78208759, pluginId: NativeExoPlayback, methodName: getStatus
06-15 19:55:01.342  8884  8966 V Capacitor: callback: 78208759, pluginId: NativeExoPlayback, methodName: getStatus, methodData: {}
06-15 19:55:01.376  1126  1126 I NotificationListener: received notification removed event - rd.sheepskin.sandboxmusic#UserHandle{0},category=-1
06-15 19:55:01.379  1456  2068 W AiAiEcho: LyftNotificationParser Ridesharing ETA not enabled
06-15 19:55:01.379  1456  2068 I AiAiEcho: SmartspaceNotificationPredictor no parser can handle this notification or notification is invalid
06-15 19:55:01.412   499  9004 W android.hardware.audio@7.1-impl.ranchu: pcmWrite:259 pcm_writei failed with 'cannot read/write stream data: I/O error' (-1)
06-15 19:55:01.414  8884  8884 I Capacitor/Console: File:  - Line 349 - Msg: [object Object]
06-15 19:55:01.415   499  9004 E android.hardware.audio@7.1-impl.ranchu: pcmWrite:260 failure: -1
06-15 19:55:01.491   556   662 D AudioFlinger: mixer(0x7b8f594d9770) throttle end: throttle time(12)
06-15 19:55:01.533   499  9004 W android.hardware.audio@7.1-impl.ranchu: pcmWrite:259 pcm_writei failed with 'cannot read/write stream data: I/O error' (-1)
06-15 19:55:01.533   499  9004 E android.hardware.audio@7.1-impl.ranchu: pcmWrite:260 failure: -1
06-15 19:55:01.541  1126  1126 I NotificationListener: received notification removed event - rd.sheepskin.sandboxmusic#UserHandle{0},category=-1
06-15 19:55:01.553   977  1105 I ndroid.systemui: AssetManager2(0x727138cb6fb8) locale list changing from [] to [en-US]
06-15 19:55:01.569  1456  2068 W AiAiEcho: LyftNotificationParser Ridesharing ETA not enabled
06-15 19:55:01.569  1456  2068 I AiAiEcho: SmartspaceNotificationPredictor no parser can handle this notification or notification is invalid
06-15 19:55:01.591  8884  8966 V Capacitor/Plugin: To native (Capacitor plugin): callbackId: 78208760, pluginId: NativeExoPlayback, methodName: getStatus
06-15 19:55:01.591  8884  8966 V Capacitor: callback: 78208760, pluginId: NativeExoPlayback, methodName: getStatus, methodData: {}
06-15 19:55:01.593   977  1219 D MediaDataManager: State updated outside of notification
06-15 19:55:01.594  8884  8884 I Capacitor/Console: File:  - Line 333 - Msg: {"ok":true,"gaplessEnabled":true}
06-15 19:55:01.598   977   977 W ConstraintSet: id unknown center_vertical_guideline
06-15 19:55:01.599   977   977 W ConstraintSet: id unknown action_button_guideline
06-15 19:55:01.599   977   977 W ConstraintSet: id unknown icon
06-15 19:55:01.604  8884  8884 I Capacitor/Console: File:  - Line 333 - Msg: undefined
06-15 19:55:01.605  8884  8884 I Capacitor/Console: File:  - Line 349 - Msg: [object Object]
06-15 19:55:01.612   977   977 W ConstraintSet: id unknown media_seamless
06-15 19:55:01.612   977   977 W ConstraintSet: id unknown media_action_barrier_start
06-15 19:55:01.612   977   977 W ConstraintSet: id unknown media_action_barrier_end
06-15 19:55:01.612   977   977 W ConstraintSet: id unknown media_action_barrier_top
06-15 19:55:01.612   977   977 W ConstraintSet: id unknown remove_text
06-15 19:55:01.612   977   977 W ConstraintSet: id unknown settings
06-15 19:55:01.613   977   977 W ConstraintSet: id unknown dismiss
06-15 19:55:01.613   977   977 W ConstraintSet: id unknown cancel
06-15 19:55:01.625  8884  8966 V Capacitor/Plugin: To native (Capacitor plugin): callbackId: 78208761, pluginId: BackgroundMedia, methodName: updateMetadata
06-15 19:55:01.625  8884  8966 V Capacitor: callback: 78208761, pluginId: BackgroundMedia, methodName: updateMetadata, methodData: {"title":"King","artist":"Kanye West","artworkUrl":"blob:https:\/\/localhost\/ec4710e8-9811-4827-8ace-e6b1ae2ca8f3"}
06-15 19:55:01.633  8884  8884 I Capacitor/Console: File:  - Line 333 - Msg: {"ok":true,"alreadyQueued":true}
06-15 19:55:01.636   977   977 W ConstraintSet: id unknown center_vertical_guideline
06-15 19:55:01.637   977   977 W ConstraintSet: id unknown action_button_guideline
06-15 19:55:01.637   977   977 W ConstraintSet: id unknown icon
06-15 19:55:01.637   977   977 W ConstraintSet: id unknown media_seamless
06-15 19:55:01.638   977   977 W ConstraintSet: id unknown media_action_barrier_start
06-15 19:55:01.638   977   977 W ConstraintSet: id unknown media_action_barrier_end
06-15 19:55:01.638  8884  8884 I Capacitor/Console: File:  - Line 333 - Msg: undefined
06-15 19:55:01.638   977   977 W ConstraintSet: id unknown media_action_barrier_top
06-15 19:55:01.638   977   977 W ConstraintSet: id unknown remove_text
06-15 19:55:01.638   977   977 W ConstraintSet: id unknown settings
06-15 19:55:01.639  8884  8884 I Capacitor/Console: File:  - Line 349 - Msg: [object Object]
06-15 19:55:01.642   499  9004 W android.hardware.audio@7.1-impl.ranchu: pcmWrite:259 pcm_writei failed with 'cannot read/write stream data: I/O error' (-1)
06-15 19:55:01.642   499  9004 E android.hardware.audio@7.1-impl.ranchu: pcmWrite:260 failure: -1
06-15 19:55:01.643   977   977 W ConstraintSet: id unknown dismiss
06-15 19:55:01.643  8884  8884 I Capacitor/Console: File:  - Line 333 - Msg: {"action":"pause"}
06-15 19:55:01.643   977   977 W ConstraintSet: id unknown cancel
06-15 19:55:01.644  8884  8884 I Capacitor/Console: File:  - Line 349 - Msg: [object Object]
06-15 19:55:01.649  8884  8966 V Capacitor/Plugin: To native (Capacitor plugin): callbackId: 78208762, pluginId: NativeExoPlayback, methodName: pause
06-15 19:55:01.653  8884  8966 V Capacitor: callback: 78208762, pluginId: NativeExoPlayback, methodName: pause, methodData: {}
06-15 19:55:01.659   720  2031 D MediaSessionService: onSessionPlaybackStateChanged: record=rd.sheepskin.sandboxmusic/SovereignMusicConsole/78 (userId=0) playbackState=PlaybackState {state=PAUSED(2), position=0, buffered position=0, speed=1.0, updated=1781528101659, actions=894, custom actions=[], active item id=-1, error=null}
06-15 19:55:01.665  1084  1084 W MediaPlayerWrapper: onMetadataChanged(): rd.sheepskin.sandboxmusic tried to update with no new data
06-15 19:55:01.679   556   662 D AF::Track: interceptBuffer: took 915us to intercept 0 tracks
06-15 19:55:01.693  1084  1084 W MediaPlayerWrapper: onMetadataChanged(): rd.sheepskin.sandboxmusic tried to update with no new data
06-15 19:55:01.694  8884  8884 I Capacitor/Console: File:  - Line 333 - Msg: {"available":true,"wired":true,"message":"ExoPlayer gapless queue — content:// locker bridge + HTTP streams.","state":"playing","positionSecs":1.16,"durationSecs":126.967,"queueIndex":1,"queueLength":2,"gaplessEnabled":true,"currentUrl":"content://rd.sheepskin.sandboxmusic.locker/locker/locker-1781526510052-z8kea7","envelopeId":"local-locker-1781526510052-z8kea7","title":"King","artist":"Kanye West","artworkUrl":"blob:https://localhost/ec4710e8-9811-4827-8ace-e6b1ae2ca8f3"}
06-15 19:55:01.697  1084  1084 W MediaPlayerWrapper: onPlaybackStateChanged(): rd.sheepskin.sandboxmusic tried to update with no new data
06-15 19:55:01.700  8884  8966 V Capacitor/Plugin: To native (Capacitor plugin): callbackId: 78208763, pluginId: YtDlpMobile, methodName: cancel
06-15 19:55:01.701  8884  8966 V Capacitor: callback: 78208763, pluginId: YtDlpMobile, methodName: cancel, methodData: {}
06-15 19:55:01.709  1084  1084 W MediaPlayerWrapper: onPlaybackStateChanged(): rd.sheepskin.sandboxmusic tried to update with no new data
06-15 19:55:01.720  8884  8966 V Capacitor/Plugin: To native (Capacitor plugin): callbackId: 78208764, pluginId: NativeExoPlayback, methodName: stop
06-15 19:55:01.720  8884  8966 V Capacitor: callback: 78208764, pluginId: NativeExoPlayback, methodName: stop, methodData: {}
06-15 19:55:01.735  8884  8884 I Capacitor/Console: File:  - Line 333 - Msg: {"available":true,"wired":true,"message":"ExoPlayer gapless queue — content:// locker bridge + HTTP streams.","state":"playing","positionSecs":1.16,"durationSecs":126.967,"queueIndex":1,"queueLength":2,"gaplessEnabled":true,"currentUrl":"content://rd.sheepskin.sandboxmusic.locker/locker/locker-1781526510052-z8kea7","envelopeId":"local-locker-1781526510052-z8kea7","title":"King","artist":"Kanye West","artworkUrl":"blob:https://localhost/ec4710e8-9811-4827-8ace-e6b1ae2ca8f3"}
06-15 19:55:01.736  8884  8884 I Capacitor/Console: File:  - Line 333 - Msg: {"available":true,"wired":true,"message":"ExoPlayer gapless queue — content:// locker bridge + HTTP streams.","state":"playing","positionSecs":1.16,"durationSecs":126.967,"queueIndex":1,"queueLength":2,"gaplessEnabled":true,"currentUrl":"content://rd.sheepskin.sandboxmusic.locker/locker/locker-1781526510052-z8kea7","envelopeId":"local-locker-1781526510052-z8kea7","title":"King","artist":"Kanye West","artworkUrl":"blob:https://localhost/ec4710e8-9811-4827-8ace-e6b1ae2ca8f3"}
06-15 19:55:01.748   499  9004 W android.hardware.audio@7.1-impl.ranchu: pcmWrite:259 pcm_writei failed with 'cannot read/write stream data: I/O error' (-1)
06-15 19:55:01.748   499  9004 E android.hardware.audio@7.1-impl.ranchu: pcmWrite:260 failure: -1
06-15 19:55:01.749  8884  8884 I Capacitor/Console: File:  - Line 349 - Msg: [object Object]
06-15 19:55:01.750  8884  8884 I Capacitor/Console: File:  - Line 349 - Msg: [object Object]
06-15 19:55:01.759   720  2030 E AppOps  : attributionTag  not declared in manifest of rd.sheepskin.sandboxmusic
06-15 19:55:01.761   720  2030 E AppOps  : attributionTag  not declared in manifest of rd.sheepskin.sandboxmusic
06-15 19:55:01.778  8884  8884 V Capacitor/NativeExoPlaybackPlugin: Notifying listeners for event playbackEvent
06-15 19:55:01.797  8884  8884 I Capacitor/Console: File:  - Line 333 - Msg: {"available":true,"wired":true,"message":"ExoPlayer gapless queue — content:// locker bridge + HTTP streams.","state":"playing","positionSecs":1.16,"durationSecs":126.967,"queueIndex":1,"queueLength":2,"gaplessEnabled":true,"currentUrl":"content://rd.sheepskin.sandboxmusic.locker/locker/locker-1781526510052-z8kea7","envelopeId":"local-locker-1781526510052-z8kea7","title":"King","artist":"Kanye West","artworkUrl":"blob:https://localhost/ec4710e8-9811-4827-8ace-e6b1ae2ca8f3"}
06-15 19:55:01.813   977   977 W ConstraintSet: id unknown center_vertical_guideline
06-15 19:55:01.813   977   977 W ConstraintSet: id unknown action_button_guideline
06-15 19:55:01.813   977   977 W ConstraintSet: id unknown icon
06-15 19:55:01.814   977   977 W ConstraintSet: id unknown media_seamless
06-15 19:55:01.815   977   977 W ConstraintSet: id unknown media_action_barrier_start
06-15 19:55:01.815   977   977 W ConstraintSet: id unknown media_action_barrier_end
06-15 19:55:01.815   977   977 W ConstraintSet: id unknown media_action_barrier_top
06-15 19:55:01.815   977   977 W ConstraintSet: id unknown remove_text
06-15 19:55:01.815   977   977 W ConstraintSet: id unknown settings
06-15 19:55:01.815   977   977 W ConstraintSet: id unknown dismiss
06-15 19:55:01.815   977   977 W ConstraintSet: id unknown cancel
06-15 19:55:01.820  8884  8884 I Capacitor/Console: File:  - Line 333 - Msg: {"available":true,"wired":true,"message":"ExoPlayer gapless queue — content:// locker bridge + HTTP streams.","state":"playing","positionSecs":1.468,"durationSecs":126.967,"queueIndex":1,"queueLength":2,"gaplessEnabled":true,"currentUrl":"content://rd.sheepskin.sandboxmusic.locker/locker/locker-1781526510052-z8kea7","envelopeId":"local-locker-1781526510052-z8kea7","title":"King","artist":"Kanye West","artworkUrl":"blob:https://localhost/ec4710e8-9811-4827-8ace-e6b1ae2ca8f3"}
06-15 19:55:01.821  8884  8884 I Capacitor/Console: File:  - Line 333 - Msg: {"ok":true,"alreadyQueued":true}
06-15 19:55:01.827  8884  8884 I Capacitor/Console: File:  - Line 333 - Msg: undefined
06-15 19:55:01.830  8884  8884 I Capacitor/Console: File:  - Line 349 - Msg: [object Object]
06-15 19:55:01.834   508  9038 D SimpleC2Component: work form old generation: was 3 now 2
06-15 19:55:01.867   499  9004 W android.hardware.audio@7.1-impl.ranchu: pcmWrite:259 pcm_writei failed with 'cannot read/write stream data: I/O error' (-1)
06-15 19:55:01.869   499  9004 E android.hardware.audio@7.1-impl.ranchu: pcmWrite:260 failure: -1
06-15 19:55:01.882  8884  9003 D MediaCodec: keep callback message for reclaim
06-15 19:55:01.882  8884  8966 V Capacitor/Plugin: To native (Capacitor plugin): callbackId: 78208765, pluginId: BackgroundMedia, methodName: updateMetadata
06-15 19:55:01.882  8884  8966 V Capacitor: callback: 78208765, pluginId: BackgroundMedia, methodName: updateMetadata, methodData: {"title":"King","artist":"Kanye West","artworkUrl":"blob:https:\/\/localhost\/ec4710e8-9811-4827-8ace-e6b1ae2ca8f3"}
06-15 19:55:01.883  8884  9032 I CCodecConfig: query failed after returning 12 values (BAD_INDEX)
06-15 19:55:01.883  8884  9032 D CCodecConfig: c2 config diff is   c2::u32 coded.vui.color.matrix = 1
06-15 19:55:01.883  8884  9032 D CCodecConfig:   c2::u32 coded.vui.color.primaries = 1
06-15 19:55:01.883  8884  9032 D CCodecConfig:   c2::u32 coded.vui.color.transfer = 3
06-15 19:55:01.904  8884  9032 W Codec2Client: query -- param skipped: index = 1342179345.
06-15 19:55:01.904  8884  9032 W Codec2Client: query -- param skipped: index = 2415921170.
06-15 19:55:01.904  8884  9032 W Codec2Client: query -- param skipped: index = 1610614798.
06-15 19:55:01.917  1084  1084 W MediaPlayerWrapper: onMetadataChanged(): rd.sheepskin.sandboxmusic tried to update with no new data
06-15 19:55:01.925   720   796 D MediaSessionService: onSessionPlaybackStateChanged: record=rd.sheepskin.sandboxmusic/SovereignMusicConsole/78 (userId=0) playbackState=PlaybackState {state=PAUSED(2), position=0, buffered position=0, speed=1.0, updated=1781528101925, actions=894, custom actions=[], active item id=-1, error=null}
06-15 19:55:01.929  8884  8884 I Capacitor/Console: File:  - Line 333 - Msg: {"available":true,"wired":true,"message":"ExoPlayer gapless queue — content:// locker bridge + HTTP streams.","state":"playing","positionSecs":1.52,"durationSecs":126.967,"queueIndex":1,"queueLength":2,"gaplessEnabled":true,"currentUrl":"content://rd.sheepskin.sandboxmusic.locker/locker/locker-1781526510052-z8kea7","envelopeId":"local-locker-1781526510052-z8kea7","title":"King","artist":"Kanye West","artworkUrl":"blob:https://localhost/ec4710e8-9811-4827-8ace-e6b1ae2ca8f3"}
06-15 19:55:01.929  8884  8966 V Capacitor/Plugin: To native (Capacitor plugin): callbackId: 78208766, pluginId: NativeExoPlayback, methodName: getStatus
06-15 19:55:01.929  8884  8966 V Capacitor: callback: 78208766, pluginId: NativeExoPlayback, methodName: getStatus, methodData: {}
06-15 19:55:01.937  8884  8884 I Capacitor/Console: File:  - Line 333 - Msg: {"available":true,"wired":true,"message":"ExoPlayer gapless queue — content:// locker bridge + HTTP streams.","state":"playing","positionSecs":1.52,"durationSecs":126.967,"queueIndex":1,"queueLength":2,"gaplessEnabled":true,"currentUrl":"content://rd.sheepskin.sandboxmusic.locker/locker/locker-1781526510052-z8kea7","envelopeId":"local-locker-1781526510052-z8kea7","title":"King","artist":"Kanye West","artworkUrl":"blob:https://localhost/ec4710e8-9811-4827-8ace-e6b1ae2ca8f3"}
06-15 19:55:01.943  8884  9003 D MediaCodec: keep callback message for reclaim
06-15 19:55:01.944  1084  1084 W MediaPlayerWrapper: onMetadataChanged(): rd.sheepskin.sandboxmusic tried to update with no new data
06-15 19:55:01.949  8884  8884 I Capacitor/Console: File:  - Line 333 - Msg: {"available":true,"wired":true,"message":"ExoPlayer gapless queue — content:// locker bridge + HTTP streams.","state":"playing","positionSecs":1.707,"durationSecs":126.967,"queueIndex":1,"queueLength":2,"gaplessEnabled":true,"currentUrl":"content://rd.sheepskin.sandboxmusic.locker/locker/locker-1781526510052-z8kea7","envelopeId":"local-locker-1781526510052-z8kea7","title":"King","artist":"Kanye West","artworkUrl":"blob:https://localhost/ec4710e8-9811-4827-8ace-e6b1ae2ca8f3"}
06-15 19:55:01.956  1084  1084 W MediaPlayerWrapper: onPlaybackStateChanged(): rd.sheepskin.sandboxmusic tried to update with no new data
06-15 19:55:01.957  1126  1126 I NotificationListener: received notification removed event - rd.sheepskin.sandboxmusic#UserHandle{0},category=-1
06-15 19:55:01.965  8884  8884 I Capacitor/Console: File:  - Line 349 - Msg: [object Object]
06-15 19:55:01.965   641   715 D AudioAnalytics: gc(1700, 2000): log size:1700 item map size:11, item map items:1700
06-15 19:55:01.968  1456  2068 W AiAiEcho: LyftNotificationParser Ridesharing ETA not enabled
06-15 19:55:01.968  1456  2068 I AiAiEcho: SmartspaceNotificationPredictor no parser can handle this notification or notification is invalid
06-15 19:55:01.970  8884  8884 I Capacitor/Console: File:  - Line 333 - Msg: undefined
06-15 19:55:01.974  8884  8884 I Capacitor/Console: File:  - Line 333 - Msg: {"available":true,"wired":true,"message":"ExoPlayer gapless queue — content:// locker bridge + HTTP streams.","state":"playing","positionSecs":1.98,"durationSecs":126.967,"queueIndex":1,"queueLength":2,"gaplessEnabled":true,"currentUrl":"content://rd.sheepskin.sandboxmusic.locker/locker/locker-1781526510052-z8kea7","envelopeId":"local-locker-1781526510052-z8kea7","title":"King","artist":"Kanye West","artworkUrl":"blob:https://localhost/ec4710e8-9811-4827-8ace-e6b1ae2ca8f3"}
06-15 19:55:01.977  1084  1084 W MediaPlayerWrapper: onPlaybackStateChanged(): rd.sheepskin.sandboxmusic tried to update with no new data
06-15 19:55:01.977  8884  8966 V Capacitor/Plugin: To native (Capacitor plugin): callbackId: 78208767, pluginId: NativeExoPlayback, methodName: setGaplessEnabled
06-15 19:55:01.978  8884  8966 V Capacitor: callback: 78208767, pluginId: NativeExoPlayback, methodName: setGaplessEnabled, methodData: {"enabled":true}
06-15 19:55:01.979   499  9004 W android.hardware.audio@7.1-impl.ranchu: pcmWrite:259 pcm_writei failed with 'cannot read/write stream data: I/O error' (-1)
06-15 19:55:01.979   499  9004 E android.hardware.audio@7.1-impl.ranchu: pcmWrite:260 failure: -1
06-15 19:55:01.983  8884  8966 V Capacitor/Plugin: To native (Capacitor plugin): callbackId: 78208768, pluginId: NativeExoPlayback, methodName: enqueueNext
06-15 19:55:01.983  8884  8966 V Capacitor: callback: 78208768, pluginId: NativeExoPlayback, methodName: enqueueNext, methodData: {"url":"file:\/\/\/data\/user\/0\/rd.sheepskin.sandboxmusic\/cache\/ytdlp-playback\/HBMy-y2wb4I.mp4"}
06-15 19:55:01.984  8884  9042 I CCodecConfig: query failed after returning 21 values (BAD_INDEX)
06-15 19:55:01.987  8884  9042 W Codec2Client: query -- param skipped: index = 1342179345.
06-15 19:55:01.987  8884  9042 W Codec2Client: query -- param skipped: index = 2415921170.
06-15 19:55:01.987  8884  9042 W Codec2Client: query -- param skipped: index = 1610614798.
06-15 19:55:01.989  8884  8966 V Capacitor/Plugin: To native (Capacitor plugin): callbackId: 78208769, pluginId: BackgroundMedia, methodName: startForeground
06-15 19:55:01.990  8884  8966 V Capacitor: callback: 78208769, pluginId: BackgroundMedia, methodName: startForeground, methodData: {}
06-15 19:55:01.990  8884  8884 I Capacitor/Console: File:  - Line 349 - Msg: [object Object]
06-15 19:55:01.993  8884  9032 I MediaCodec: [c2.goldfish.h264.decoder] connecting to the same surface. Nothing to do.
06-15 19:55:01.997  8884  9032 D CCodecBufferChannel: [c2.goldfish.h264.decoder#914] MediaCodec discarded an unknown buffer
06-15 19:55:01.997  8884  9032 D CCodecBufferChannel: [c2.goldfish.h264.decoder#914] MediaCodec discarded an unknown buffer
06-15 19:55:01.997  8884  9032 D CCodecBufferChannel: [c2.goldfish.h264.decoder#914] MediaCodec discarded an unknown buffer
06-15 19:55:01.998  8884  9032 D CCodecBufferChannel: [c2.goldfish.h264.decoder#914] MediaCodec discarded an unknown buffer
06-15 19:55:02.000   508  9286 D C2BqBuffer: configuring null producer: igbp_information(0)
06-15 19:55:02.050  8884  8966 V Capacitor/Plugin: To native (Capacitor plugin): callbackId: 78208770, pluginId: NativeExoPlayback, methodName: getStatus
06-15 19:55:02.061  8884  9032 D SurfaceUtils: disconnecting from surface 0x727228c7f5b0, reason disconnectFromSurface
06-15 19:55:02.061  8884  8966 V Capacitor: callback: 78208770, pluginId: NativeExoPlayback, methodName: getStatus, methodData: {}
06-15 19:55:02.071  8884  8884 I Capacitor/Console: File:  - Line 349 - Msg: [object Object]
06-15 19:55:02.072  8884  8884 I Capacitor/Console: File:  - Line 349 - Msg: [object Object]
06-15 19:55:02.077  8884  8966 V Capacitor/Plugin: To native (Capacitor plugin): callbackId: 78208771, pluginId: BackgroundMedia, methodName: updatePlaybackState
06-15 19:55:02.077  8884  8966 V Capacitor: callback: 78208771, pluginId: BackgroundMedia, methodName: updatePlaybackState, methodData: {"isPlaying":true,"positionMs":952,"durationMs":126967,"playbackRate":1}
06-15 19:55:02.083  8884  8884 I Capacitor/Console: File:  - Line 333 - Msg: {"available":true,"wired":true,"message":"ExoPlayer gapless queue — content:// locker bridge + HTTP streams.","state":"playing","positionSecs":2.112,"durationSecs":126.967,"queueIndex":1,"queueLength":2,"gaplessEnabled":true,"currentUrl":"content://rd.sheepskin.sandboxmusic.locker/locker/locker-1781526510052-z8kea7","envelopeId":"local-locker-1781526510052-z8kea7","title":"King","artist":"Kanye West","artworkUrl":"blob:https://localhost/ec4710e8-9811-4827-8ace-e6b1ae2ca8f3"}
06-15 19:55:02.088  8884  8966 V Capacitor/Plugin: To native (Capacitor plugin): callbackId: 78208772, pluginId: NativeExoPlayback, methodName: stop
06-15 19:55:02.088  8884  8966 V Capacitor: callback: 78208772, pluginId: NativeExoPlayback, methodName: stop, methodData: {}
06-15 19:55:02.090   499  9004 W android.hardware.audio@7.1-impl.ranchu: pcmWrite:259 pcm_writei failed with 'cannot read/write stream data: I/O error' (-1)
06-15 19:55:02.090   499  9004 E android.hardware.audio@7.1-impl.ranchu: pcmWrite:260 failure: -1
06-15 19:55:02.094  8884  8884 I Capacitor/Console: File:  - Line 349 - Msg: [object Object]
06-15 19:55:02.097  8884  8884 I Capacitor/Console: File:  - Line 333 - Msg: undefined
06-15 19:55:02.099  1084  1084 W MediaPlayerWrapper: onMetadataChanged(): rd.sheepskin.sandboxmusic tried to update with no new data
06-15 19:55:02.101  8884  9042 D CCodecBufferChannel: [c2.android.aac.decoder#581] MediaCodec discarded an unknown buffer
06-15 19:55:02.101   720  2030 I MediaSessionStack: onPlaybackStateChanged - Pushing session to top | record: rd.sheepskin.sandboxmusic/SovereignMusicConsole/78 (userId=0)
06-15 19:55:02.103  8884  9042 D CCodecBufferChannel: [c2.android.aac.decoder#581] MediaCodec discarded an unknown buffer
06-15 19:55:02.103   720  2030 D MediaSessionService: onSessionPlaybackStateChanged: record=rd.sheepskin.sandboxmusic/SovereignMusicConsole/78 (userId=0) playbackState=PlaybackState {state=PLAYING(3), position=952, buffered position=0, speed=1.0, updated=1781528102101, actions=894, custom actions=[], active item id=-1, error=null}
06-15 19:55:02.103  8884  9042 D CCodecBufferChannel: [c2.android.aac.decoder#581] MediaCodec discarded an unknown buffer
06-15 19:55:02.103  8884  9042 D CCodecBufferChannel: [c2.android.aac.decoder#581] MediaCodec discarded an unknown buffer
06-15 19:55:02.104   720   929 D BackgroundInstallControlService: Package event received: 0
06-15 19:55:02.104  1084  1084 W MediaPlayerWrapper: onMetadataChanged(): rd.sheepskin.sandboxmusic tried to update with no new data
06-15 19:55:02.105  8884  8884 I Capacitor/Console: File:  - Line 349 - Msg: [object Object]
06-15 19:55:02.106  8884  8884 I Capacitor/Console: File:  - Line 333 - Msg: undefined
06-15 19:55:02.113  1084  1084 E MediaPlayerWrapper: The callback playback state doesn't match the current state
06-15 19:55:02.125  8884  9042 I hw-BpHwBinder: onLastStrongRef automatically unlinking death recipients
06-15 19:55:02.126   649   694 I hw-BpHwBinder: onLastStrongRef automatically unlinking death recipients
06-15 19:55:02.126   649   694 I hw-BpHwBinder: onLastStrongRef automatically unlinking death recipients
06-15 19:55:02.126  8884  9033 I hw-BpHwBinder: onLastStrongRef automatically unlinking death recipients
06-15 19:55:02.127   508  9286 I hw-BpHwBinder: onLastStrongRef automatically unlinking death recipients
06-15 19:55:02.127   649   694 D BufferPoolAccessor2.0: Destruction - bufferpool2 0x7a22a5a98c28 cached: 0/0M, 0/0% in use; allocs: 0, 0% recycled; transfers: 0, 0% unfetched
06-15 19:55:02.130   508  9286 I GoldfishComponentStore: in ~ComponentModule
06-15 19:55:02.130   508  9286 I GoldfishComponentStore: unloading dll
06-15 19:55:02.130  8884  8884 I Capacitor/Console: File:  - Line 333 - Msg: undefined
06-15 19:55:02.152  8884  8884 I Capacitor/Console: File:  - Line 333 - Msg: {"event":"mediaItemTransition","index":0,"queueLength":0,"reason":3}
06-15 19:55:02.152  8884  8884 I Capacitor/Console: File:  - Line 333 - Msg: undefined
06-15 19:55:02.152  1084  1084 I MediaPlayerList: sendMediaUpdate: Creating a one item queue for a player with no queue
06-15 19:55:02.153  8884  8884 I Capacitor/Console: File:  - Line 349 - Msg: [object Object]
06-15 19:55:02.159  1084  1084 I bluetooth: system/btif/avrcp/avrcp_service.cc:536 SendMediaUpdate: track_changed=false :  play_state=true :  queue=false
06-15 19:55:02.161  8884  8884 I Capacitor/Console: File:  - Line 349 - Msg: [object Object]
06-15 19:55:02.161  1084  1084 E MediaPlayerWrapper: The callback playback state doesn't match the current state
06-15 19:55:02.166  8884  8966 V Capacitor/Plugin: To native (Capacitor plugin): callbackId: 78208773, pluginId: BackgroundMedia, methodName: stopForeground
06-15 19:55:02.169  8884  8966 V Capacitor: callback: 78208773, pluginId: BackgroundMedia, methodName: stopForeground, methodData: {}
06-15 19:55:02.170   977  1219 D MediaDataManager: State updated outside of notification
06-15 19:55:02.180  1084  1084 I MediaPlayerList: sendMediaUpdate: Creating a one item queue for a player with no queue
06-15 19:55:02.183  1084  1084 E MediaControlProfile: onCurrentPlayerStateUpdated: base actions not supported, player actions= 37e, expected at least= 7f
06-15 19:55:02.184  1084  1084 W MediaControlGattService: Feature PLAYBACK_SPEED(BIT 8) support: true
06-15 19:55:02.184  1084  1084 W MediaControlGattService: Feature PLAYBACK_SPEED(BIT 8) support: true
