06-15 19:55:02.184  1084  1084 W MediaControlGattService: Feature PLAYBACK_SPEED(BIT 8) support: true
06-15 19:55:02.184  1084  1084 W MediaControlGattService: Feature TRACK_POSITION(BIT 7) support: true
06-15 19:55:02.184  8884  8966 V Capacitor/Plugin: To native (Capacitor plugin): callbackId: 78208774, pluginId: NativeExoPlayback, methodName: getStatus
06-15 19:55:02.184  1084  1084 W MediaControlGattService: Feature TRACK_POSITION_NOTIFY support: true
06-15 19:55:02.184  1084  1084 W MediaControlGattService: Feature MEDIA_STATE(BIT 17) support: true
06-15 19:55:02.185  8884  8884 I Capacitor/Console: File:  - Line 349 - Msg: [object Object]
06-15 19:55:02.185  8884  8966 V Capacitor: callback: 78208774, pluginId: NativeExoPlayback, methodName: getStatus, methodData: {}
06-15 19:55:02.192  1084  1084 I AdapterProperties: getBondedDevices: length=0
06-15 19:55:02.192   499  9004 W android.hardware.audio@7.1-impl.ranchu: pcmWrite:259 pcm_writei failed with 'cannot read/write stream data: I/O error' (-1)
06-15 19:55:02.192   499  9004 E android.hardware.audio@7.1-impl.ranchu: pcmWrite:260 failure: -1
06-15 19:55:02.193  1084  1084 W MediaControlGattService: Feature PLAYER_NAME(BIT 1) support: true
06-15 19:55:02.193  1084  1084 W MediaControlGattService: Feature PLAYER_NAME(BIT 1) support: true
06-15 19:55:02.193  1084  1084 W MediaControlGattService: Feature MEDIA_CONTROL_POINT_OPCODES_SUPPORTED(BIT 19) support: true
06-15 19:55:02.193  1084  1084 W MediaControlGattService: Feature MEDIA_STATE(BIT 17) support: true
06-15 19:55:02.193  1084  1084 W MediaControlGattService: Feature MEDIA_STATE(BIT 17) support: true
06-15 19:55:02.194  8884  8884 V Capacitor/NativeExoPlaybackPlugin: Notifying listeners for event playbackEvent
06-15 19:55:02.194  1084  1084 I AdapterProperties: getBondedDevices: length=0
06-15 19:55:02.195  1084  1084 W MediaControlGattService: Feature MEDIA_STATE(BIT 17) support: true
06-15 19:55:02.202  1084  1084 W MediaControlGattService: Feature SEEKING_SPEED(BIT 9) support: true
06-15 19:55:02.202  1084  1084 W MediaControlGattService: Feature SEEKING_SPEED(BIT 9) support: true
06-15 19:55:02.204  1084  1084 W MediaControlGattService: Feature SEEKING_SPEED(BIT 9) support: true
06-15 19:55:02.207  8884  8884 I Capacitor/Console: File:  - Line 349 - Msg: [object Object]
06-15 19:55:02.218  8884  8966 V Capacitor/Plugin: To native (Capacitor plugin): callbackId: 78208775, pluginId: NativeExoPlayback, methodName: getStatus
06-15 19:55:02.219  8884  8966 V Capacitor: callback: 78208775, pluginId: NativeExoPlayback, methodName: getStatus, methodData: {}
06-15 19:55:02.250   977   977 W ConstraintSet: id unknown center_vertical_guideline
06-15 19:55:02.254  8884  8966 V Capacitor/Plugin: To native (Capacitor plugin): callbackId: 78208776, pluginId: BackgroundMedia, methodName: updatePlaybackState
06-15 19:55:02.254  8884  8966 V Capacitor: callback: 78208776, pluginId: BackgroundMedia, methodName: updatePlaybackState, methodData: {"isPlaying":false,"positionMs":952,"durationMs":126967,"playbackRate":1}
06-15 19:55:02.265  8884  8884 I Capacitor/Console: File:  - Line 333 - Msg: undefined
06-15 19:55:02.266   977   977 W ConstraintSet: id unknown action_button_guideline
06-15 19:55:02.267   977   977 W ConstraintSet: id unknown icon
06-15 19:55:02.267   977   977 W ConstraintSet: id unknown media_seamless
06-15 19:55:02.267   977   977 W ConstraintSet: id unknown media_action_barrier_start
06-15 19:55:02.267   977   977 W ConstraintSet: id unknown media_action_barrier_end
06-15 19:55:02.267   977   977 W ConstraintSet: id unknown media_action_barrier_top
06-15 19:55:02.267   977   977 W ConstraintSet: id unknown remove_text
06-15 19:55:02.267  8884  8884 I Capacitor/Console: File:  - Line 349 - Msg: [object Object]
06-15 19:55:02.268   977   977 W ConstraintSet: id unknown settings
06-15 19:55:02.268   977   977 W ConstraintSet: id unknown dismiss
06-15 19:55:02.269   977   977 W ConstraintSet: id unknown cancel
06-15 19:55:02.274  1084  1084 W MediaPlayerWrapper: onMetadataChanged(): rd.sheepskin.sandboxmusic tried to update with no new data
06-15 19:55:02.281  8884  8884 I Capacitor/Console: File:  - Line 333 - Msg: {"ok":true,"gaplessEnabled":true}
06-15 19:55:02.294   720  1639 D MediaSessionService: onSessionPlaybackStateChanged: record=rd.sheepskin.sandboxmusic/SovereignMusicConsole/78 (userId=0) playbackState=PlaybackState {state=PAUSED(2), position=952, buffered position=0, speed=1.0, updated=1781528102284, actions=894, custom actions=[], active item id=-1, error=null}
06-15 19:55:02.308   499  9004 W android.hardware.audio@7.1-impl.ranchu: pcmWrite:259 pcm_writei failed with 'cannot read/write stream data: I/O error' (-1)
06-15 19:55:02.309   499  9004 E android.hardware.audio@7.1-impl.ranchu: pcmWrite:260 failure: -1
06-15 19:55:02.316   720   929 D BackgroundInstallControlService: Package event received: 0
06-15 19:55:02.319  1084  1084 W MediaPlayerWrapper: onMetadataChanged(): rd.sheepskin.sandboxmusic tried to update with no new data
06-15 19:55:02.319   720  2030 D MediaSessionService: onSessionPlaybackStateChanged: record=rd.sheepskin.sandboxmusic/SovereignMusicConsole/78 (userId=0) playbackState=PlaybackState {state=PAUSED(2), position=952, buffered position=0, speed=1.0, updated=1781528102319, actions=894, custom actions=[], active item id=-1, error=null}
06-15 19:55:02.325  1126  1126 I NotificationListener: received notification removed event - rd.sheepskin.sandboxmusic#UserHandle{0},category=-1
06-15 19:55:02.361  8884  8884 I Capacitor/Console: File:  - Line 333 - Msg: {"available":true,"wired":true,"message":"ExoPlayer gapless queue — content:// locker bridge + HTTP streams.","state":"idle","positionSecs":0,"durationSecs":126,"queueIndex":0,"queueLength":0,"gaplessEnabled":true,"envelopeId":"local-locker-1781526510052-z8kea7","title":"King","artist":"Kanye West","artworkUrl":"blob:https://localhost/ec4710e8-9811-4827-8ace-e6b1ae2ca8f3"}
06-15 19:55:02.362  8884  8884 I Capacitor/Console: File:  - Line 333 - Msg: {"event":"mediaItemTransition","index":0,"queueLength":1,"reason":3,"url":"file:///data/user/0/rd.sheepskin.sandboxmusic/cache/ytdlp-playback/HBMy-y2wb4I.mp4"}
06-15 19:55:02.386  1456  2068 W AiAiEcho: LyftNotificationParser Ridesharing ETA not enabled
06-15 19:55:02.386  1456  2068 I AiAiEcho: SmartspaceNotificationPredictor no parser can handle this notification or notification is invalid
06-15 19:55:02.392  8884  8884 I Capacitor/Console: File:  - Line 333 - Msg: {"ok":true,"queueLength":1}
06-15 19:55:02.394  1084  1084 I MediaPlayerList: sendMediaUpdate: Creating a one item queue for a player with no queue
06-15 19:55:02.395   720  1639 I MediaFocusControl: abandonAudioFocus() from uid/pid 10218/8884 clientId=android.media.AudioManager@bbe24a0rd.sheepskin.sandboxmusic.MediaPlaybackForegroundService@59812e9 callingPack=rd.sheepskin.sandboxmusic
06-15 19:55:02.400  1084  1084 E MediaControlProfile: onCurrentPlayerStateUpdated: base actions not supported, player actions= 37e, expected at least= 7f
06-15 19:55:02.400  1084  1084 W MediaControlGattService: Feature PLAYBACK_SPEED(BIT 8) support: true
06-15 19:55:02.400  1084  1084 W MediaControlGattService: Feature PLAYBACK_SPEED(BIT 8) support: true
06-15 19:55:02.401  1084  1084 W MediaControlGattService: Feature PLAYBACK_SPEED(BIT 8) support: true
06-15 19:55:02.401  1084  1084 W MediaControlGattService: Feature TRACK_POSITION(BIT 7) support: true
06-15 19:55:02.401  1084  1084 W MediaControlGattService: Feature TRACK_POSITION_NOTIFY support: true
06-15 19:55:02.402  1084  1084 W MediaControlGattService: Feature MEDIA_STATE(BIT 17) support: true
06-15 19:55:02.402  1084  1084 W MediaControlGattService: Feature MEDIA_STATE(BIT 17) support: true
06-15 19:55:02.402   720   796 D MediaSessionService: onSessionActiveStateChanged: record=rd.sheepskin.sandboxmusic/SovereignMusicConsole/78 (userId=0) playbackState=PlaybackState {state=PAUSED(2), position=952, buffered position=0, speed=1.0, updated=1781528102319, actions=894, custom actions=[], active item id=-1, error=null}
06-15 19:55:02.403   720  2030 I MediaSessionStack: removeSession | record: rd.sheepskin.sandboxmusic/SovereignMusicConsole/78 (userId=0)
06-15 19:55:02.404   720  2030 D MediaSessionService: Media button session is changed to null
06-15 19:55:02.404  8884  8966 V Capacitor/Plugin: To native (Capacitor plugin): callbackId: 78208777, pluginId: BackgroundMedia, methodName: stopForeground
06-15 19:55:02.409  8884  8966 V Capacitor: callback: 78208777, pluginId: BackgroundMedia, methodName: stopForeground, methodData: {}
06-15 19:55:02.409  1084  1084 I AdapterProperties: getBondedDevices: length=0
06-15 19:55:02.409  1084  1084 W MediaControlGattService: Feature PLAYER_NAME(BIT 1) support: true
06-15 19:55:02.410  1084  1084 W MediaControlGattService: Feature PLAYER_NAME(BIT 1) support: true
06-15 19:55:02.410  1084  1084 W MediaControlGattService: Feature MEDIA_CONTROL_POINT_OPCODES_SUPPORTED(BIT 19) support: true
06-15 19:55:02.410  1084  1084 W MediaControlGattService: Feature MEDIA_STATE(BIT 17) support: true
06-15 19:55:02.410  1084  1084 W MediaControlGattService: Feature MEDIA_STATE(BIT 17) support: true
06-15 19:55:02.414   499  9004 W android.hardware.audio@7.1-impl.ranchu: pcmWrite:259 pcm_writei failed with 'cannot read/write stream data: I/O error' (-1)
06-15 19:55:02.414  1084  1084 I AdapterProperties: getBondedDevices: length=0
06-15 19:55:02.414   720  2030 D MediaSessionService: destroySessionLocked: record=rd.sheepskin.sandboxmusic/SovereignMusicConsole/78 (userId=0)
06-15 19:55:02.414   499  9004 E android.hardware.audio@7.1-impl.ranchu: pcmWrite:260 failure: -1
06-15 19:55:02.414  1084  1084 W MediaControlGattService: Feature MEDIA_STATE(BIT 17) support: true
06-15 19:55:02.414  1084  1084 W MediaControlGattService: Feature SEEKING_SPEED(BIT 9) support: true
06-15 19:55:02.414  1084  1084 W MediaControlGattService: Feature SEEKING_SPEED(BIT 9) support: true
06-15 19:55:02.430  8884  8966 V Capacitor/Plugin: To native (Capacitor plugin): callbackId: 78208778, pluginId: BackgroundMedia, methodName: updateMetadata
06-15 19:55:02.435  8884  8966 V Capacitor: callback: 78208778, pluginId: BackgroundMedia, methodName: updateMetadata, methodData: {"title":"King","artist":"Kanye West","artworkUrl":"blob:https:\/\/localhost\/ec4710e8-9811-4827-8ace-e6b1ae2ca8f3"}
06-15 19:55:02.436  8884  8958 E Capacitor: Serious error executing plugin
06-15 19:55:02.436  8884  8958 E Capacitor: java.lang.reflect.InvocationTargetException
06-15 19:55:02.436  8884  8958 E Capacitor: 	at java.lang.reflect.Method.invoke(Native Method)
06-15 19:55:02.436  8884  8958 E Capacitor: 	at com.getcapacitor.PluginHandle.invoke(PluginHandle.java:138)
06-15 19:55:02.436  8884  8958 E Capacitor: 	at com.getcapacitor.Bridge.lambda$callPluginMethod$0(Bridge.java:841)
06-15 19:55:02.436  8884  8958 E Capacitor: 	at com.getcapacitor.Bridge.$r8$lambda$FNYM7cvgeBk0k8YXQH7M96Mrf-c(Unknown Source:0)
06-15 19:55:02.436  8884  8958 E Capacitor: 	at com.getcapacitor.Bridge$$ExternalSyntheticLambda0.run(D8$$SyntheticClass:0)
06-15 19:55:02.436  8884  8958 E Capacitor: 	at android.os.Handler.handleCallback(Handler.java:995)
06-15 19:55:02.436  8884  8958 E Capacitor: 	at android.os.Handler.dispatchMessage(Handler.java:103)
06-15 19:55:02.436  8884  8958 E Capacitor: 	at android.os.Looper.loopOnce(Looper.java:248)
06-15 19:55:02.436  8884  8958 E Capacitor: 	at android.os.Looper.loop(Looper.java:338)
06-15 19:55:02.436  8884  8958 E Capacitor: 	at android.os.HandlerThread.run(HandlerThread.java:85)
06-15 19:55:02.436  8884  8958 E Capacitor: Caused by: java.lang.NullPointerException: Attempt to invoke virtual method 'void android.support.v4.media.session.MediaSessionCompat.setMetadata(android.support.v4.media.MediaMetadataCompat)' on a null object reference
06-15 19:55:02.436  8884  8958 E Capacitor: 	at rd.sheepskin.sandboxmusic.MediaPlaybackForegroundService.refreshSession(MediaPlaybackForegroundService.java:264)
06-15 19:55:02.436  8884  8958 E Capacitor: 	at rd.sheepskin.sandboxmusic.MediaPlaybackForegroundService.requestRefresh(MediaPlaybackForegroundService.java:151)
06-15 19:55:02.436  8884  8958 E Capacitor: 	at rd.sheepskin.sandboxmusic.BackgroundMediaPlugin.updateMetadata(BackgroundMediaPlugin.java:115)
06-15 19:55:02.436  8884  8958 E Capacitor: 	... 10 more
--------- beginning of crash
06-15 19:55:02.436  8884  8958 E AndroidRuntime: FATAL EXCEPTION: CapacitorPlugins
06-15 19:55:02.436  8884  8958 E AndroidRuntime: Process: rd.sheepskin.sandboxmusic, PID: 8884
06-15 19:55:02.436  8884  8958 E AndroidRuntime: java.lang.RuntimeException: java.lang.reflect.InvocationTargetException
06-15 19:55:02.436  8884  8958 E AndroidRuntime: 	at com.getcapacitor.Bridge.lambda$callPluginMethod$0(Bridge.java:850)
06-15 19:55:02.436  8884  8958 E AndroidRuntime: 	at com.getcapacitor.Bridge.$r8$lambda$FNYM7cvgeBk0k8YXQH7M96Mrf-c(Unknown Source:0)
06-15 19:55:02.436  8884  8958 E AndroidRuntime: 	at com.getcapacitor.Bridge$$ExternalSyntheticLambda0.run(D8$$SyntheticClass:0)
06-15 19:55:02.436  8884  8958 E AndroidRuntime: 	at android.os.Handler.handleCallback(Handler.java:995)
06-15 19:55:02.436  8884  8958 E AndroidRuntime: 	at android.os.Handler.dispatchMessage(Handler.java:103)
06-15 19:55:02.436  8884  8958 E AndroidRuntime: 	at android.os.Looper.loopOnce(Looper.java:248)
06-15 19:55:02.436  8884  8958 E AndroidRuntime: 	at android.os.Looper.loop(Looper.java:338)
06-15 19:55:02.436  8884  8958 E AndroidRuntime: 	at android.os.HandlerThread.run(HandlerThread.java:85)
06-15 19:55:02.436  8884  8958 E AndroidRuntime: Caused by: java.lang.reflect.InvocationTargetException
06-15 19:55:02.436  8884  8958 E AndroidRuntime: 	at java.lang.reflect.Method.invoke(Native Method)
06-15 19:55:02.436  8884  8958 E AndroidRuntime: 	at com.getcapacitor.PluginHandle.invoke(PluginHandle.java:138)
06-15 19:55:02.436  8884  8958 E AndroidRuntime: 	at com.getcapacitor.Bridge.lambda$callPluginMethod$0(Bridge.java:841)
06-15 19:55:02.436  8884  8958 E AndroidRuntime: 	... 7 more
06-15 19:55:02.436  8884  8958 E AndroidRuntime: Caused by: java.lang.NullPointerException: Attempt to invoke virtual method 'void android.support.v4.media.session.MediaSessionCompat.setMetadata(android.support.v4.media.MediaMetadataCompat)' on a null object reference
06-15 19:55:02.436  8884  8958 E AndroidRuntime: 	at rd.sheepskin.sandboxmusic.MediaPlaybackForegroundService.refreshSession(MediaPlaybackForegroundService.java:264)
06-15 19:55:02.436  8884  8958 E AndroidRuntime: 	at rd.sheepskin.sandboxmusic.MediaPlaybackForegroundService.requestRefresh(MediaPlaybackForegroundService.java:151)
06-15 19:55:02.436  8884  8958 E AndroidRuntime: 	at rd.sheepskin.sandboxmusic.BackgroundMediaPlugin.updateMetadata(BackgroundMediaPlugin.java:115)
06-15 19:55:02.436  8884  8958 E AndroidRuntime: 	... 10 more
06-15 19:55:02.452   720   929 D BackgroundInstallControlService: Package event received: 0
06-15 19:55:02.455  1084  1084 W MediaControlGattService: Feature SEEKING_SPEED(BIT 9) support: true
06-15 19:55:02.464  8884  8966 V Capacitor/Plugin: To native (Capacitor plugin): callbackId: 78208779, pluginId: BackgroundMedia, methodName: requestBatteryOptimizationExemption
06-15 19:55:02.469  8884  8966 V Capacitor: callback: 78208779, pluginId: BackgroundMedia, methodName: requestBatteryOptimizationExemption, methodData: {}
06-15 19:55:02.471  8884  8884 I Capacitor/Console: File:  - Line 349 - Msg: [object Object]
06-15 19:55:02.472  8884  8884 I Capacitor/Console: File:  - Line 333 - Msg: undefined
06-15 19:55:02.488  8884  8884 I Capacitor/Console: File:  - Line 349 - Msg: [object Object]
06-15 19:55:02.489  8884  8884 I Capacitor/Console: File:  - Line 333 - Msg: {"available":true,"wired":true,"message":"ExoPlayer gapless queue — content:// locker bridge + HTTP streams.","state":"loading","positionSecs":0,"durationSecs":126,"queueIndex":0,"queueLength":1,"gaplessEnabled":true,"currentUrl":"file:///data/user/0/rd.sheepskin.sandboxmusic/cache/ytdlp-playback/HBMy-y2wb4I.mp4","envelopeId":"local-locker-1781526510052-z8kea7","title":"King","artist":"Kanye West","artworkUrl":"blob:https://localhost/ec4710e8-9811-4827-8ace-e6b1ae2ca8f3"}
06-15 19:55:02.492  8884  8884 I Capacitor/Console: File:  - Line 333 - Msg: undefined
06-15 19:55:02.494  8884  8884 I Capacitor/Console: File:  - Line 349 - Msg: [object Object]
06-15 19:55:02.508   720  9063 I DropBoxManagerService: add tag=data_app_crash isTagEnabled=true flags=0x2
06-15 19:55:02.509   720   720 W Looper  : Slow dispatch took 100ms main app=system_server main=true group=FOREGROUND h=com.android.server.media.MediaSessionService$MessageHandler c=null m=1
06-15 19:55:02.519   499  9004 W android.hardware.audio@7.1-impl.ranchu: pcmWrite:259 pcm_writei failed with 'cannot read/write stream data: I/O error' (-1)
06-15 19:55:02.519   499  9004 E android.hardware.audio@7.1-impl.ranchu: pcmWrite:260 failure: -1
06-15 19:55:02.508     0     0 I logd    : logdr: UID=2000 GID=2000 PID=9061 n tail=16000 logMask=99 pid=0 start=0ns deadline=0ns
06-15 19:55:02.568  1126  1126 I NotificationListener: received notification removed event - rd.sheepskin.sandboxmusic#UserHandle{0},category=-1
06-15 19:55:02.583  1084  1084 W MediaPlayerWrapper: onMetadataChanged(): rd.sheepskin.sandboxmusic tried to update with no new data
06-15 19:55:02.586  1456  2068 W AiAiEcho: LyftNotificationParser Ridesharing ETA not enabled
06-15 19:55:02.596  1456  2068 I AiAiEcho: SmartspaceNotificationPredictor no parser can handle this notification or notification is invalid
06-15 19:55:02.597   720  2030 W ActivityTaskManager:   Force finishing activity rd.sheepskin.sandboxmusic/.MainActivity
06-15 19:55:02.602  1084  1084 W MediaPlayerWrapper: onMetadataChanged(): rd.sheepskin.sandboxmusic tried to update with no new data
06-15 19:55:02.604   977  1060 V WindowManagerShell: Transition requested (#393): android.os.BinderProxy@4cb11e2 TransitionRequestInfo { type = CLOSE, triggerTask = TaskInfo{userId=0 taskId=76 effectiveUid=10218 displayId=0 isRunning=true baseIntent=Intent { act=android.intent.action.VIEW dat=sandboxmusic://e2e/... flg=0x14000000 pkg=rd.sheepskin.sandboxmusic cmp=rd.sheepskin.sandboxmusic/.MainActivity } baseActivity=ComponentInfo{rd.sheepskin.sandboxmusic/rd.sheepskin.sandboxmusic.MainActivity} topActivity=ComponentInfo{rd.sheepskin.sandboxmusic/rd.sheepskin.sandboxmusic.MainActivity} origActivity=null realActivity=ComponentInfo{rd.sheepskin.sandboxmusic/rd.sheepskin.sandboxmusic.MainActivity} numActivities=1 lastActiveTime=22416587 supportsMultiWindow=true resizeMode=2 isResizeable=true minWidth=-1 minHeight=-1 defaultMinSize=220 token=WCT{android.window.IWindowContainerToken$Stub$Proxy@b5a973} topActivityType=1 pictureInPictureParams=null shouldDockBigOverlays=false launchIntoPipHostTaskId=-1 lastParentTaskIdBeforePip=-1 displayCutoutSafeInsets=Rect(0, 0 - 0, 0) topActivityInfo=ActivityInfo{8ec6030 rd.sheepskin.sandboxmusic.MainActivity} launchCookies=[] positionInParent=Point(0, 0) parentTaskId=-1 isFocused=true isVisible=true isVisibleRequested=true isTopActivityNoDisplay=false isSleeping=false locusId=null displayAreaFeatureId=1 isTopActivityTransparent=false isActivityStackTransparent=false lastNonFullscreenBounds=Rect(276, 696 - 805, 1776) capturedLink=null capturedLinkTimestamp=0 requestedVisibleTypes=-9 topActivityRequestOpenInBrowserEducationTimestamp=0 appCompatTaskInfo=AppCompatTaskInfo { topActivityInSizeCompat=false eligibleForLetterboxEducation= false isLetterboxEducationEnabled= true isLetterboxDoubleTapEnabled= false eligibleForUserAspectRatioButton= false topActivityBoundsLetterboxed= false isFromLetterboxDoubleTap= false topActivityLetterboxVerticalPosition= -1 topActivityLetterboxHorizontalPosition= -1 topActivityLetterboxWidth=-1 topActivityLetterboxHeight=-1 topActivityAppBounds=Rect(0, 0 - 1080, 2400) isUserFullscreenOverrideEnabled=false isSystemFullscreenOverrideEnabled=false hasMinAspectRatioOverride=false topActivityLetterboxBounds=null cameraCompatTaskInfo=CameraCompatTaskInfo { freeformCameraCompatMode=inactive}} topActivityMainWindowFrame=null}, pipChange = null, remoteTransition = null, displayChange = null, flags = 16, debugId = 393 }
06-15 19:55:02.605   720   720 I NotificationService: Cannot find enqueued record for key: 0|rd.sheepskin.sandboxmusic|88001|null|10218
06-15 19:55:02.609  1084  1084 W MediaPlayerWrapper: The session was destroyed rd.sheepskin.sandboxmusic
06-15 19:55:02.610  1084  1084 W MediaControlGattService: Feature MEDIA_STATE(BIT 17) support: true
06-15 19:55:02.614  1084  1084 I AdapterProperties: getBondedDevices: length=0
06-15 19:55:02.618  1084  1084 W MediaControlGattService: Feature PLAYER_NAME(BIT 1) support: true
06-15 19:55:02.620  1084  1084 W MediaControlGattService: Feature PLAYER_ICON_URL(BIT 3) support: false
06-15 19:55:02.620  1084  1084 W MediaControlGattService: Feature PLAYER_ICON_OBJ_ID(BIT 2) support: false
06-15 19:55:02.620  1084  1084 W MediaControlGattService: Feature CURRENT_TRACK_SEGMENT_OBJ_ID(BIT 10) support: false
06-15 19:55:02.620  1084  1084 W MediaControlGattService: Feature CURRENT_TRACK_OBJ_ID(BIT 11) support: false
06-15 19:55:02.620  1084  1084 W MediaControlGattService: Feature NEXT_TRACK_OBJ_ID(BIT 12) support: false
06-15 19:55:02.620  1084  1084 W MediaControlGattService: Feature CURRENT_GROUP_OBJ_ID(BIT 13) support: false
06-15 19:55:02.621  1084  1084 W MediaControlGattService: Feature PARENT_GROUP_OBJ_ID(BIT 14) support: false
06-15 19:55:02.621  1084  1084 W MediaControlGattService: Feature SEARCH_RESULT_OBJ_ID(BIT 20) support: false
06-15 19:55:02.621  1084  1084 W MediaControlGattService: Feature TRACK_TITLE(BIT 5) support: true
06-15 19:55:02.621  1084  1084 W MediaControlGattService: Feature TRACK_DURATION(BIT 6) support: true
06-15 19:55:02.623  1084  1084 W MediaControlGattService: Feature TRACK_POSITION(BIT 7) support: true
06-15 19:55:02.623  1084  1084 W MediaControlGattService: Feature TRACK_POSITION_NOTIFY support: true
06-15 19:55:02.625   499  9004 W android.hardware.audio@7.1-impl.ranchu: pcmWrite:259 pcm_writei failed with 'cannot read/write stream data: I/O error' (-1)
06-15 19:55:02.626   499  9004 E android.hardware.audio@7.1-impl.ranchu: pcmWrite:260 failure: -1
06-15 19:55:02.659  1084  1084 W MediaControlGattService: Feature MEDIA_STATE(BIT 17) support: true
06-15 19:55:02.667  8884  8966 V Capacitor/Plugin: To native (Capacitor plugin): callbackId: 78208780, pluginId: NativeExoPlayback, methodName: getStatus
06-15 19:55:02.668  8884  8966 V Capacitor: callback: 78208780, pluginId: NativeExoPlayback, methodName: getStatus, methodData: {}
06-15 19:55:02.678  1126  1126 I NotificationListener: received notification removed event - rd.sheepskin.sandboxmusic#UserHandle{0},category=-1
06-15 19:55:02.679  8884  8966 V Capacitor/Plugin: To native (Capacitor plugin): callbackId: 78208781, pluginId: NativeExoPlayback, methodName: getStatus
06-15 19:55:02.733  1084  1084 I AdapterProperties: getBondedDevices: length=0
06-15 19:55:02.733  1084  1084 W MediaControlGattService: Feature PLAYBACK_SPEED(BIT 8) support: true
06-15 19:55:02.735  1084  1084 W MediaControlGattService: Feature PLAYBACK_SPEED(BIT 8) support: true
06-15 19:55:02.735  1084  1084 W MediaControlGattService: Feature PLAYBACK_SPEED(BIT 8) support: true
06-15 19:55:02.735  1084  1084 W MediaControlGattService: Feature SEEKING_SPEED(BIT 9) support: true
06-15 19:55:02.736  1084  1084 W MediaControlGattService: Feature SEEKING_SPEED(BIT 9) support: true
06-15 19:55:02.736  1084  1084 W MediaControlGattService: Feature SEEKING_SPEED(BIT 9) support: true
06-15 19:55:02.736  1084  1084 W MediaControlGattService: Feature PLAYING_ORDER_SUPPORTED(BIT 16) support: true
06-15 19:55:02.744  8884  8966 V Capacitor: callback: 78208781, pluginId: NativeExoPlayback, methodName: getStatus, methodData: {}
06-15 19:55:02.789   499  9004 W android.hardware.audio@7.1-impl.ranchu: pcmWrite:259 pcm_writei failed with 'cannot read/write stream data: I/O error' (-1)
06-15 19:55:02.789   499  9004 E android.hardware.audio@7.1-impl.ranchu: pcmWrite:260 failure: -1
06-15 19:55:02.789  1084  1084 W MediaControlGattService: Feature PLAYING_ORDER(BIT 15) support: true
06-15 19:55:02.789  1084  1084 W MediaControlGattService: Feature MEDIA_CONTROL_POINT_OPCODES_SUPPORTED(BIT 19) support: true
06-15 19:55:02.789  1084  1084 W MediaControlGattService: Feature TRACK_POSITION(BIT 7) support: true
06-15 19:55:02.789  1084  1084 W MediaControlGattService: Feature TRACK_POSITION_NOTIFY support: true
06-15 19:55:02.790  1084  1084 W MediaControlGattService: Feature MEDIA_STATE(BIT 17) support: true
06-15 19:55:02.802  1084  1084 I AdapterProperties: getBondedDevices: length=0
06-15 19:55:02.802  1084  1084 W MediaControlGattService: Feature TRACK_TITLE(BIT 5) support: true
06-15 19:55:02.803  1084  1084 W MediaControlGattService: Feature TRACK_TITLE(BIT 5) support: true
06-15 19:55:02.803  1084  1084 W MediaControlGattService: Feature TRACK_TITLE_NOTIFY support: true
06-15 19:55:02.845   564   690 I BpBinder: onLastStrongRef automatically unlinking death recipients: 
06-15 19:55:02.849   720  1646 W system_server: Long monitor contention with owner binder:720_1A (2030) at int com.android.server.wm.ActivityTaskManagerService$LocalService.finishTopCrashedActivities(com.android.server.wm.WindowProcessController, java.lang.String)(ActivityTaskManagerService.java:7183) waiters=0 in android.os.IBinder com.android.server.wm.WindowOrganizerController.startTransition(int, android.os.IBinder, android.window.WindowContainerTransaction) for 231ms
06-15 19:55:02.851  1084  1084 I AdapterProperties: getBondedDevices: length=0
06-15 19:55:02.851   977  1060 W Looper  : Slow dispatch took 249ms wmshell.main app=com.android.systemui main=false group=FOREGROUND h=android.os.Handler c=com.android.wm.shell.transition.Transitions$ShellTransitionImpl$$ExternalSyntheticLambda1@d0c6a2e m=0
06-15 19:55:02.851  1084  1084 W MediaControlGattService: Feature TRACK_DURATION(BIT 6) support: true
06-15 19:55:02.855  1084  1084 W MediaControlGattService: Feature TRACK_DURATION(BIT 6) support: true
06-15 19:55:02.857  1084  1084 W MediaControlGattService: Feature TRACK_DURATION_NOTIFY support: true
06-15 19:55:02.860  8884  8958 I Process : Sending signal. PID: 8884 SIG: 9
06-15 19:55:02.868   564   564 I BpBinder: onLastStrongRef automatically unlinking death recipients: 
06-15 19:55:02.868   720   750 W system_server: Long monitor contention with owner binder:720_1A (2030) at int com.android.server.wm.ActivityTaskManagerService$LocalService.finishTopCrashedActivities(com.android.server.wm.WindowProcessController, java.lang.String)(ActivityTaskManagerService.java:7183) waiters=1 in void com.android.server.wm.InputMonitor$UpdateInputWindows.run() for 247ms
06-15 19:55:02.868  1084  1084 I AdapterProperties: getBondedDevices: length=0
06-15 19:55:02.868  1084  1084 W MediaControlGattService: Feature MEDIA_STATE(BIT 17) support: true
06-15 19:55:02.868  1084  1084 W MediaControlGattService: Feature MEDIA_STATE(BIT 17) support: true
06-15 19:55:02.877  1084  1084 I AdapterProperties: getBondedDevices: length=0
06-15 19:55:02.877   977  1107 W HWUI    : Image decoding logging dropped!
06-15 19:55:02.885  1084  1084 W MediaControlGattService: Feature TRACK_CHANGED(BIT 4) support: true
06-15 19:55:02.892   499  9004 W android.hardware.audio@7.1-impl.ranchu: pcmWrite:259 pcm_writei failed with 'cannot read/write stream data: I/O error' (-1)
06-15 19:55:02.892   499  9004 E android.hardware.audio@7.1-impl.ranchu: pcmWrite:260 failure: -1
06-15 19:55:02.900  1084  1084 I AdapterProperties: getBondedDevices: length=0
06-15 19:55:02.901  1084  1084 W MediaPlayerWrapper: The session was destroyed rd.sheepskin.sandboxmusic
06-15 19:55:02.901   977  1107 W HWUI    : Image decoding logging dropped!
06-15 19:55:02.916  1084  1084 I bluetooth: system/btif/avrcp/avrcp_service.cc:536 SendMediaUpdate: track_changed=true :  play_state=true :  queue=true
06-15 19:55:02.916  1084  1084 I PlayerSettingsManager: getPlayerRepeatMode: no active player
06-15 19:55:02.926  1084  1084 I PlayerSettingsManager: getPlayerShuffleMode: no active player
06-15 19:55:02.928  1084  1084 I PlayerSettingsManager: updateRemoteDevice: STATE_REPEAT_OFF, STATE_SHUFFLE_OFF
06-15 19:55:02.928  1084  1084 I bluetooth: system/btif/avrcp/avrcp_service.cc:582 SendPlayerSettingsChanged: {attribute=PlayerAttribute::REPEAT : value=PlayerRepeatValue::OFF}, {attribute=PlayerAttribute::SHUFFLE : value=PlayerShuffleValue::OFF}
06-15 19:55:02.928  1084  1084 I PlayerSettingsManager: getPlayerRepeatMode: no active player
06-15 19:55:02.928  1084  1084 I PlayerSettingsManager: getPlayerShuffleMode: no active player
06-15 19:55:02.929  1084  1084 I PlayerSettingsManager: updateRemoteDevice: STATE_REPEAT_OFF, STATE_SHUFFLE_OFF
06-15 19:55:02.930  1084  1084 I bluetooth: system/btif/avrcp/avrcp_service.cc:582 SendPlayerSettingsChanged: {attribute=PlayerAttribute::REPEAT : value=PlayerRepeatValue::OFF}, {attribute=PlayerAttribute::SHUFFLE : value=PlayerShuffleValue::OFF}
06-15 19:55:02.930   720   747 W Looper  : Slow dispatch took 104ms android.ui app=system_server main=false group=TOP_APP h=com.android.server.am.ActivityManagerService$UiHandler c=null m=1
06-15 19:55:02.938   977  1107 W HWUI    : Image decoding logging dropped!
06-15 19:55:02.975   649  1003 D BufferPoolAccessor2.0: Destruction - bufferpool2 0x7a22a5a96bc8 cached: 0/0M, 0/0% in use; allocs: 118, 97% recycled; transfers: 118, 95% unfetched
06-15 19:55:02.984   720  2045 I WindowManager: WIN DEATH: Window{926b25e u0 rd.sheepskin.sandboxmusic/rd.sheepskin.sandboxmusic.MainActivity}
06-15 19:55:02.985   573   573 I adbd    : Remote process closed the socket (on MSG_PEEK)
06-15 19:55:02.988   720   877 D ConnectivityService: releasing NetworkRequest [ REQUEST id=330, [ Capabilities: INTERNET&NOT_RESTRICTED&TRUSTED&NOT_VCN_MANAGED&NOT_BANDWIDTH_CONSTRAINED Uid: 10218 RequestorUid: 10218 RequestorPkg: rd.sheepskin.sandboxmusic UnderlyingNetworks: Null] ] (release request)
06-15 19:55:02.993   499  9004 W android.hardware.audio@7.1-impl.ranchu: pcmWrite:259 pcm_writei failed with 'cannot read/write stream data: I/O error' (-1)
06-15 19:55:02.993   499  9004 E android.hardware.audio@7.1-impl.ranchu: pcmWrite:260 failure: -1
06-15 19:55:02.993  2231  2231 W DiscoveryManager: BroadcastReceiver is already registered
06-15 19:55:02.994  2231  8655 I DiscoveryManager: Filter criteria(CFE7FEDA,%urn:x-cast:com.google.cast.media) scannerFlags(0)
06-15 19:55:03.000   491   491 I Zygote  : Process 8884 exited due to signal 9 (Killed)
06-15 19:55:03.000  2231  2231 I CastMediaRouteProvider: Published 0 routes
06-15 19:55:03.005   720   796 I ActivityManager: Process rd.sheepskin.sandboxmusic (pid 8884) has died: fg  TOP 
06-15 19:55:03.007   508  4956 D C2BqPoolInvalidator: invalidated 1 bqpool items
06-15 19:55:03.017   720   796 I ActivityManager: Killing 8924:com.google.android.webview:sandboxed_process0:org.chromium.content.app.SandboxedProcessService0:0/u0a218i21 (adj 0): isolated not needed
06-15 19:55:03.028   720   757 I libprocessgroup: Removed cgroup /sys/fs/cgroup/apps/uid_10218/pid_8884
06-15 19:55:03.065   977  1108 W HWUI    : Image decoding logging dropped!
06-15 19:55:03.068   977  1105 D MediaDataManager: session destroyed for 0|rd.sheepskin.sandboxmusic|88001|null|10218
06-15 19:55:03.071   720   929 D BackgroundInstallControlService: Package event received: 0
06-15 19:55:03.060     0     0 I binder  : undelivered transaction 6350199, process died.
06-15 19:55:03.061     0     0 I binder  : undelivered transaction 6350201, process died.
06-15 19:55:03.063     0     0 I binder  : undelivered transaction 6350198, process died.
06-15 19:55:03.088   488   546 I netd    : tetherGetStats() -> {[]} <2.40ms>
06-15 19:55:03.088   642   661 I ResourceManagerMetrics: pushConcurrentUsageReport: Concurrent Codec Usage Report for the Process[pid(8884): uid(10218)] is Peak { AudioDec[ SW: 1 ] VideoDec[ HW: 1 ] } Peak Pixels: 230400
06-15 19:55:03.095   499  9004 W android.hardware.audio@7.1-impl.ranchu: pcmWrite:259 pcm_writei failed with 'cannot read/write stream data: I/O error' (-1)
06-15 19:55:03.095   499  9004 E android.hardware.audio@7.1-impl.ranchu: pcmWrite:260 failure: -1
06-15 19:55:03.097   720   929 D BackgroundInstallControlService: Package event received: 0
06-15 19:55:03.097  1126  1126 D ViewRootImpl: Skipping stats log for color mode
06-15 19:55:03.102  1046  1046 I Zygote  : Process 8924 exited cleanly (0)
06-15 19:55:03.102   720   796 I AppWidgetServiceImpl: startListening() 0
06-15 19:55:03.102   720   929 D BackgroundInstallControlService: Package event received: 0
06-15 19:55:03.102  1126  1126 D StatsLog: LAUNCHER_ONRESUME
06-15 19:55:03.117  1126  1126 D NexusLauncherModelDelegate: notifySmartspaceEvent: SmartspaceTargetEvent{mSmartspaceTarget=null, mSmartspaceActionId='null', mEventType=6}
06-15 19:55:03.126   977  1060 D WindowManagerShell: setLauncherKeepClearAreaHeight: visible=true, height=527
06-15 19:55:03.169   720   749 W ActivityTaskManager: Activity top resumed state loss timeout for ActivityRecord{155104508 u0 rd.sheepskin.sandboxmusic/.MainActivity t76 f} isExiting}
06-15 19:55:03.177  1126  1126 D BaseDepthController: setSurface:
06-15 19:55:03.177  1126  1126 D BaseDepthController: 	mWaitingOnSurfaceValidity: false
06-15 19:55:03.177  1126  1126 D BaseDepthController: 	mBaseSurface: Surface(name=com.google.android.apps.nexuslauncher/com.google.android.apps.nexuslauncher.NexusLauncherActivity)/@0x4d173c
06-15 19:55:03.214   499  9004 W android.hardware.audio@7.1-impl.ranchu: pcmWrite:259 pcm_writei failed with 'cannot read/write stream data: I/O error' (-1)
06-15 19:55:03.217   499  9004 E android.hardware.audio@7.1-impl.ranchu: pcmWrite:260 failure: -1
06-15 19:55:03.228  1126  1180 D QuickstepModelDelegate: notifyAppTargetEvent action=1 launchLocation=workspace/0/[-1,-1]/[1,1]
06-15 19:55:03.311   720   757 I libprocessgroup: Removed cgroup /sys/fs/cgroup/apps/uid_99021/pid_8924
06-15 19:55:03.310   977   977 D NotificationMediaManager: Not dismissing 0|rd.sheepskin.sandboxmusic|88001|null|10218 because it was removed by the system
06-15 19:55:03.317  1126  1126 I NotificationListener: Handling notification state refresh for android#0
06-15 19:55:03.318   720   739 W system_server: Long monitor contention with owner android.anim (750) at void com.android.server.wm.WindowAnimator.lambda$new$1(long)(WindowAnimator.java:118) waiters=1 in void com.android.server.wm.Session.setWallpaperZoomOut(android.os.IBinder, float) for 104ms
06-15 19:55:03.346   499  9004 W android.hardware.audio@7.1-impl.ranchu: pcmWrite:259 pcm_writei failed with 'cannot read/write stream data: I/O error' (-1)
06-15 19:55:03.347   499  9004 E android.hardware.audio@7.1-impl.ranchu: pcmWrite:260 failure: -1
06-15 19:55:03.350  1456  1840 I AiAiEcho: Predicting[0]:  [CONTEXT sampling_count=5 ]
06-15 19:55:03.360  1456  1840 I AiAiEcho: EchoTargets: 
06-15 19:55:03.360  1456  1840 I AiAiEcho: Filtered by AiAi flag check: 
06-15 19:55:03.360  1456  1840 I AiAiEcho: [CONTEXT ratelimit_period="10 SECONDS" ]
06-15 19:55:03.365  1456  1840 I AiAiEcho: #remoteViewsTwiddler: feature disabled.
06-15 19:55:03.368  1456  1840 I AiAiEcho: #postPredictionTargets: Sending updates to UISurface home with targets# 0 (types=[])
06-15 19:55:03.376  1126  1126 D SsBaseTemplateCard: No text view can be set up
06-15 19:55:03.376  1126  1126 D SsBaseTemplateCard: Passed-in item info is null
06-15 19:55:03.377  1126  1126 D SsBaseTemplateCard: Passed-in item info is null
06-15 19:55:03.377  1126  1126 D SsBaseTemplateCard: Passed-in item info is null
06-15 19:55:03.380  1126  1126 I SsBaseTemplateCard: Secondary card pane is null
06-15 19:55:03.383   977   987 V WindowManagerShell: onTransitionReady(transaction=3092376456348)
06-15 19:55:03.384   977  1060 V WindowManagerShell: onTransitionReady (#393) android.os.BinderProxy@4cb11e2: {id=393 t=CLOSE f=0x10 trk=0 r=[0@Point(0, 0)] c=[
06-15 19:55:03.384   977  1060 V WindowManagerShell:         {m=TO_FRONT f=SHOW_WALLPAPER|MOVE_TO_TOP leash=Surface(name=Task=1)/@0x66d1c0c sb=Rect(0, 0 - 1080, 2400) eb=Rect(0, 0 - 1080, 2400) epz=Point(1080, 2400) d=0 taskParent=-1},
06-15 19:55:03.384   977  1060 V WindowManagerShell:         {m=CLOSE f=NONE leash=Surface(name=Task=76)/@0x848c955 sb=Rect(0, 0 - 1080, 2400) eb=Rect(0, 0 - 1080, 2400) epz=Point(1080, 2400) d=0 taskParent=-1},
06-15 19:55:03.384   977  1060 V WindowManagerShell:         {m=TO_FRONT f=IS_WALLPAPER leash=Surface(name=WallpaperWindowToken{284f3bc showWhenLocked=false})/@0x113cf6a sb=Rect(0, 0 - 1080, 2400) eb=Rect(0, 0 - 1080, 2400) epz=Point(1080, 2400) d=0}
06-15 19:55:03.384   977  1060 V WindowManagerShell:     ]}
06-15 19:55:03.415   977  1060 V WindowManagerShell: Playing animation for (#393) android.os.BinderProxy@4cb11e2@0
06-15 19:55:03.416   977  1060 V ShellRecents: RecentsTransitionHandler.startAnimation: no controller found
06-15 19:55:03.418   977  1060 V WindowManagerShell: Transition doesn't have explicit remote, search filters for match for {id=393 t=CLOSE f=0x10 trk=0 r=[0@Point(0, 0)] c=[{m=TO_FRONT f=SHOW_WALLPAPER|MOVE_TO_TOP leash=Surface(name=Task=1)/@0x66d1c0c sb=Rect(0, 0 - 1080, 2400) eb=Rect(0, 0 - 1080, 2400) epz=Point(1080, 2400) d=0 taskParent=-1},{m=CLOSE f=NONE leash=Surface(name=Task=76)/@0x848c955 sb=Rect(0, 0 - 1080, 2400) eb=Rect(0, 0 - 1080, 2400) epz=Point(1080, 2400) d=0 taskParent=-1},{m=TO_FRONT f=IS_WALLPAPER leash=Surface(name=WallpaperWindowToken{284f3bc showWhenLocked=false})/@0x113cf6a sb=Rect(0, 0 - 1080, 2400) eb=Rect(0, 0 - 1080, 2400) epz=Point(1080, 2400) d=0}]}
06-15 19:55:03.421   977  1060 V WindowManagerShell:  Checking filter Pair{{types=[] flags=0x0] notFlags=0x0 checks=[{atype=undefined independent=true modes=[CLOSE,TO_BACK] flags=IN_TASK_WITH_EMBEDDED_ACTIVITY mustBeTask=false order=ANY topActivity=null launchCookie=null taskFragmentToken=android.os.BinderProxy@9b4b86f windowingMode=undefined}]} RemoteTransition { remoteTransition = android.window.IRemoteTransition$Stub$Proxy@6fe897c, appThread = android.app.IApplicationThread$Stub$Proxy@a2c8205, debugName = overlayBackTransition }}
06-15 19:55:03.421   977  1060 V WindowManagerShell:  Checking filter Pair{{types=[] flags=0x0] notFlags=0x0 checks=[{atype=dream independent=true modes=[OPEN,TO_FRONT] flags=NONE mustBeTask=false order=ANY topActivity=null launchCookie=null windowingMode=undefined},{atype=home independent=true modes=[CLOSE,TO_BACK] flags=NONE mustBeTask=false order=ANY topActivity=null launchCookie=null windowingMode=undefined}]} RemoteTransition { remoteTransition = android.window.IRemoteTransition$Stub$Proxy@96f125a, appThread = android.app.IApplicationThread$Stub$Proxy@77e6c8b, debugName = LauncherToDream }}
06-15 19:55:03.421   977  1060 V WindowManagerShell:  Checking filter Pair{{types=[] flags=0x0] notFlags=0x100 checks=[{atype=home independent=true modes=[OPEN,TO_FRONT] flags=NONE mustBeTask=false order=TOP topActivity=ComponentInfo{com.google.android.apps.nexuslauncher/com.google.android.apps.nexuslauncher.NexusLauncherActivity} launchCookie=null windowingMode=undefined},{atype=standard independent=true modes=[CLOSE,TO_BACK] flags=NONE mustBeTask=false order=ANY topActivity=null launchCookie=null windowingMode=undefined},{NOT atype=undefined independent=true modes=[] flags=NONE mustBeTask=true order=ANY topActivity=null launchCookie=null customAnim=true windowingMode=undefined}]} RemoteTransition { remoteTransition = android.window.IRemoteTransition$Stub$Proxy@468c168, appThread = android.app.IApplicationThread$Stub$Proxy@9f83981, debugName = QuickstepLaunchHome }}
06-15 19:55:03.421   977  1060 D RemoteTransitionHandler: Found filterPair{{types=[] flags=0x0] notFlags=0x100 checks=[{atype=home independent=true modes=[OPEN,TO_FRONT] flags=NONE mustBeTask=false order=TOP topActivity=ComponentInfo{com.google.android.apps.nexuslauncher/com.google.android.apps.nexuslauncher.NexusLauncherActivity} launchCookie=null windowingMode=undefined},{atype=standard independent=true modes=[CLOSE,TO_BACK] flags=NONE mustBeTask=false order=ANY topActivity=null launchCookie=null windowingMode=undefined},{NOT atype=undefined independent=true modes=[] flags=NONE mustBeTask=true order=ANY topActivity=null launchCookie=null customAnim=true windowingMode=undefined}]} RemoteTransition { remoteTransition = android.window.IRemoteTransition$Stub$Proxy@468c168, appThread = android.app.IApplicationThread$Stub$Proxy@9f83981, debugName = QuickstepLaunchHome }}
06-15 19:55:03.422   977  1060 V WindowManagerShell:  Delegate animation for (#393) to RemoteTransition { remoteTransition = android.window.IRemoteTransition$Stub$Proxy@468c168, appThread = android.app.IApplicationThread$Stub$Proxy@9f83981, debugName = QuickstepLaunchHome }
06-15 19:55:03.434   720   746 V WindowManager: Sent Transition (#393) createdAt=06-15 19:55:02.597 via request=TransitionRequestInfo { type = CLOSE, triggerTask = TaskInfo{userId=0 taskId=76 effectiveUid=10218 displayId=0 isRunning=true baseIntent=Intent { act=android.intent.action.VIEW dat=sandboxmusic://e2e/... flg=0x14000000 pkg=rd.sheepskin.sandboxmusic cmp=rd.sheepskin.sandboxmusic/.MainActivity } baseActivity=ComponentInfo{rd.sheepskin.sandboxmusic/rd.sheepskin.sandboxmusic.MainActivity} topActivity=ComponentInfo{rd.sheepskin.sandboxmusic/rd.sheepskin.sandboxmusic.MainActivity} origActivity=null realActivity=ComponentInfo{rd.sheepskin.sandboxmusic/rd.sheepskin.sandboxmusic.MainActivity} numActivities=1 lastActiveTime=22416587 supportsMultiWindow=true resizeMode=2 isResizeable=true minWidth=-1 minHeight=-1 defaultMinSize=220 token=WCT{RemoteToken{b7f94ad Task{1c00785 #76 type=standard A=10218:rd.sheepskin.sandboxmusic}}} topActivityType=1 pictureInPictureParams=null shouldDockBigOverlays=false launchIntoPipHostTaskId=-1 lastParentTaskIdBeforePip=-1 displayCutoutSafeInsets=Rect(0, 0 - 0, 0) topActivityInfo=ActivityInfo{f6d33e2 rd.sheepskin.sandboxmusic.MainActivity} launchCookies=[] positionInParent=Point(0, 0) parentTaskId=-1 isFocused=true isVisible=true isVisibleRequested=true isTopActivityNoDisplay=false isSleeping=false locusId=null displayAreaFeatureId=1 isTopActivityTransparent=false isActivityStackTransparent=false lastNonFullscreenBounds=Rect(276, 696 - 805, 1776) capturedLink=null capturedLinkTimestamp=0 requestedVisibleTypes=-9 topActivityRequestOpenInBrowserEducationTimestamp=0 appCompatTaskInfo=AppCompatTaskInfo { topActivityInSizeCompat=false eligibleForLetterboxEducation= false isLetterboxEducationEnabled= true isLetterboxDoubleTapEnabled= false eligibleForUserAspectRatioButton= false topActivityBoundsLetterboxed= false isFromLetterboxDoubleTap= false topActivityLetterboxVerticalPosition= -1 topActivityLetterboxHorizontalPosition= -1 topActivityLetterboxWidth=-1 topActivityLetterboxHeight=-1 topActivityAppBounds=Rect(0, 0 - 1080, 2400) isUserFullscreenOverrideEnabled=false isSystemFullscreenOverrideEnabled=false hasMinAspectRatioOverride=false topActivityLetterboxBounds=null cameraCompatTaskInfo=CameraCompatTaskInfo { freeformCameraCompatMode=inactive}} topActivityMainWindowFrame=null}, pipChange = null, remoteTransition = null, displayChange = null, flags = 16, debugId = 393 }
06-15 19:55:03.436   720   746 V WindowManager:     startWCT=WindowContainerTransaction { changes= {} hops= [] errorCallbackToken=null taskFragmentOrganizer=null }
06-15 19:55:03.437   720   746 V WindowManager:     info={id=393 t=CLOSE f=0x10 trk=0 r=[0@Point(0, 0)] c=[
06-15 19:55:03.437   720   746 V WindowManager:         {WCT{RemoteToken{5e9e51a Task{874527d #1 type=home}}} m=TO_FRONT f=SHOW_WALLPAPER|MOVE_TO_TOP leash=Surface(name=Task=1)/@0xd9b1409 sb=Rect(0, 0 - 1080, 2400) eb=Rect(0, 0 - 1080, 2400) epz=Point(1080, 2400) d=0 taskParent=-1},
06-15 19:55:03.437   720   746 V WindowManager:         {WCT{RemoteToken{b7f94ad Task{1c00785 #76 type=standard A=10218:rd.sheepskin.sandboxmusic}}} m=CLOSE f=NONE leash=Surface(name=Task=76)/@0x1db50d7 sb=Rect(0, 0 - 1080, 2400) eb=Rect(0, 0 - 1080, 2400) epz=Point(1080, 2400) d=0 taskParent=-1},
06-15 19:55:03.437   720   746 V WindowManager:         {m=TO_FRONT f=IS_WALLPAPER leash=Surface(name=WallpaperWindowToken{284f3bc showWhenLocked=false})/@0xe8bd110 sb=Rect(0, 0 - 1080, 2400) eb=Rect(0, 0 - 1080, 2400) epz=Point(1080, 2400) d=0}
06-15 19:55:03.437   720   746 V WindowManager:     ]}
06-15 19:55:03.437   977  1060 V WindowManagerShell:  animated by com.android.wm.shell.transition.RemoteTransitionHandler@afbfa26
06-15 19:55:03.437   977  1060 W Looper  : Slow dispatch took 54ms wmshell.main app=com.android.systemui main=false group=FOREGROUND h=android.os.Handler c=com.android.wm.shell.transition.Transitions$TransitionPlayerImpl$$ExternalSyntheticLambda0@5177836 m=0
06-15 19:55:03.479   499  9004 W android.hardware.audio@7.1-impl.ranchu: pcmWrite:259 pcm_writei failed with 'cannot read/write stream data: I/O error' (-1)
06-15 19:55:03.480   499  9004 E android.hardware.audio@7.1-impl.ranchu: pcmWrite:260 failure: -1
06-15 19:55:03.499  1126  1126 D StateManager: createAtomicAnimation - fromState: Background, toState: Normal, partial trace:
06-15 19:55:03.499  1126  1126 D StateManager: 	at com.android.quickstep.util.ScalingWorkspaceRevealAnim.<init>(go/retraceme 43e00d9cd0eb17b3d9dd30fc1741b1c71445c4c0f7c8c9b81300265c86c5b873:39)
06-15 19:55:03.499  1126  1126 D StateManager: 	at com.android.launcher3.QuickstepTransitionManager.createWallpaperOpenAnimations(go/retraceme 43e00d9cd0eb17b3d9dd30fc1741b1c71445c4c0f7c8c9b81300265c86c5b873:168)
06-15 19:55:03.499  1126  1126 D StateManager: 	at com.android.launcher3.QuickstepTransitionManager$WallpaperOpenLauncherAnimationRunner.onAnimationStart(go/retraceme 43e00d9cd0eb17b3d9dd30fc1741b1c71445c4c0f7c8c9b81300265c86c5b873:17)
06-15 19:55:03.531  1126  1126 D b/311077782: LauncherAnimationRunner.setAnimation
06-15 19:55:03.621   499  9004 W android.hardware.audio@7.1-impl.ranchu: pcmWrite:259 pcm_writei failed with 'cannot read/write stream data: I/O error' (-1)
06-15 19:55:03.621   499  9004 E android.hardware.audio@7.1-impl.ranchu: pcmWrite:260 failure: -1
06-15 19:55:03.745   499  9004 W android.hardware.audio@7.1-impl.ranchu: pcmWrite:259 pcm_writei failed with 'cannot read/write stream data: I/O error' (-1)
06-15 19:55:03.759   720   749 W IPCThreadState: Sending oneway calls to frozen process.
06-15 19:55:03.770   977  1060 W Looper  : Slow delivery took 32ms wmshell.main app=com.android.systemui main=false group=FOREGROUND h=android.os.Handler c=null m=2
06-15 19:55:03.784   499  9004 E android.hardware.audio@7.1-impl.ranchu: pcmWrite:260 failure: -1
06-15 19:55:03.784   720   747 W Looper  : Slow dispatch took 205ms android.ui app=system_server main=false group=TOP_APP h=com.android.server.am.ActivityManagerService$UiHandler c=com.android.server.am.UidObserverController$$ExternalSyntheticLambda0@7af9ec1 m=0
06-15 19:55:03.840   720   749 W IPCThreadState: Sending oneway calls to frozen process.
06-15 19:55:03.840   720   749 W IPCThreadState: Sending oneway calls to frozen process.
06-15 19:55:03.841   720   749 W IPCThreadState: Sending oneway calls to frozen process.
06-15 19:55:03.865   720   749 W IPCThreadState: Sending oneway calls to frozen process.
06-15 19:55:03.865   720   749 W IPCThreadState: Sending oneway calls to frozen process.
06-15 19:55:03.866   720   749 W IPCThreadState: Sending oneway calls to frozen process.
06-15 19:55:03.866   720   749 W IPCThreadState: Sending oneway calls to frozen process.
06-15 19:55:03.881   564   564 I BpBinder: onLastStrongRef automatically unlinking death recipients: 
06-15 19:55:03.881   720   749 W IPCThreadState: Sending oneway calls to frozen process.
06-15 19:55:03.882   720   749 W IPCThreadState: Sending oneway calls to frozen process.
06-15 19:55:03.882   720   749 W IPCThreadState: Sending oneway calls to frozen process.
06-15 19:55:03.882   720   749 W IPCThreadState: Sending oneway calls to frozen process.
06-15 19:55:03.882   720   749 W IPCThreadState: Sending oneway calls to frozen process.
06-15 19:55:03.887   499  9004 W android.hardware.audio@7.1-impl.ranchu: pcmWrite:259 pcm_writei failed with 'cannot read/write stream data: I/O error' (-1)
06-15 19:55:03.887   499  9004 E android.hardware.audio@7.1-impl.ranchu: pcmWrite:260 failure: -1
06-15 19:55:03.934   720   749 W IPCThreadState: Sending oneway calls to frozen process.
06-15 19:55:03.954   720   749 W IPCThreadState: Sending oneway calls to frozen process.
06-15 19:55:03.977   720   749 W IPCThreadState: Sending oneway calls to frozen process.
06-15 19:55:03.978   720   749 W IPCThreadState: Sending oneway calls to frozen process.
06-15 19:55:03.979   720   749 W IPCThreadState: Sending oneway calls to frozen process.
06-15 19:55:03.979   720   749 W IPCThreadState: Sending oneway calls to frozen process.
06-15 19:55:03.982   720   749 W IPCThreadState: Sending oneway calls to frozen process.
06-15 19:55:03.982   720   749 W IPCThreadState: Sending oneway calls to frozen process.
06-15 19:55:03.983   720   749 W IPCThreadState: Sending oneway calls to frozen process.
06-15 19:55:03.988   720   749 W IPCThreadState: Sending oneway calls to frozen process.
06-15 19:55:03.994   720   749 W IPCThreadState: Sending oneway calls to frozen process.
06-15 19:55:03.994   720   749 W IPCThreadState: Sending oneway calls to frozen process.
06-15 19:55:03.972     0     0 I binder_alloc: 2540: pid 720 spamming oneway? 1678 buffers allocated for a total size of 437224
