06-15 19:55:04.022   499  9004 W android.hardware.audio@7.1-impl.ranchu: pcmWrite:259 pcm_writei failed with 'cannot read/write stream data: I/O error' (-1)
06-15 19:55:04.022   499  9004 E android.hardware.audio@7.1-impl.ranchu: pcmWrite:260 failure: -1
06-15 19:55:04.023   720   749 W IPCThreadState: Sending oneway calls to frozen process.
06-15 19:55:04.028   720   749 W IPCThreadState: Sending oneway calls to frozen process.
06-15 19:55:04.059   720   749 W IPCThreadState: Sending oneway calls to frozen process.
06-15 19:55:04.116   720   749 W IPCThreadState: Sending oneway calls to frozen process.
06-15 19:55:04.121   720   749 W IPCThreadState: Sending oneway calls to frozen process.
06-15 19:55:04.130   499  9004 W android.hardware.audio@7.1-impl.ranchu: pcmWrite:259 pcm_writei failed with 'cannot read/write stream data: I/O error' (-1)
06-15 19:55:04.130   499  9004 E android.hardware.audio@7.1-impl.ranchu: pcmWrite:260 failure: -1
06-15 19:55:04.249   720   749 W IPCThreadState: Sending oneway calls to frozen process.
06-15 19:55:04.251   720   749 W IPCThreadState: Sending oneway calls to frozen process.
06-15 19:55:04.267   720   749 W IPCThreadState: Sending oneway calls to frozen process.
06-15 19:55:04.284   499  9004 W android.hardware.audio@7.1-impl.ranchu: pcmWrite:259 pcm_writei failed with 'cannot read/write stream data: I/O error' (-1)
06-15 19:55:04.284   720   749 W IPCThreadState: Sending oneway calls to frozen process.
06-15 19:55:04.284   499  9004 E android.hardware.audio@7.1-impl.ranchu: pcmWrite:260 failure: -1
06-15 19:55:04.286   720   749 W IPCThreadState: Sending oneway calls to frozen process.
06-15 19:55:04.289   720   749 W IPCThreadState: Sending oneway calls to frozen process.
06-15 19:55:04.290   720   749 W IPCThreadState: Sending oneway calls to frozen process.
06-15 19:55:04.344   720   749 W IPCThreadState: Sending oneway calls to frozen process.
06-15 19:55:04.361   720   749 W IPCThreadState: Sending oneway calls to frozen process.
06-15 19:55:04.361   720   749 W IPCThreadState: Sending oneway calls to frozen process.
06-15 19:55:04.361   720   749 W IPCThreadState: Sending oneway calls to frozen process.
06-15 19:55:04.362   720   749 W IPCThreadState: Sending oneway calls to frozen process.
06-15 19:55:04.362   720   749 W IPCThreadState: Sending oneway calls to frozen process.
06-15 19:55:04.362   720   749 W IPCThreadState: Sending oneway calls to frozen process.
06-15 19:55:04.368   720   749 W IPCThreadState: Sending oneway calls to frozen process.
06-15 19:55:04.368   720   749 W IPCThreadState: Sending oneway calls to frozen process.
06-15 19:55:04.370   720   749 W IPCThreadState: Sending oneway calls to frozen process.
06-15 19:55:04.380   720   797 W system_server: Long monitor contention with owner android.display (749) at void com.android.server.am.ActivityManagerService.trimApplications(boolean, int)(ActivityManagerService.java:15819) waiters=0 in void com.android.server.am.ActivityManagerService.serviceDoneExecuting(android.os.IBinder, int, int, int, android.content.Intent) for 680ms
06-15 19:55:04.393   499  9004 W android.hardware.audio@7.1-impl.ranchu: pcmWrite:259 pcm_writei failed with 'cannot read/write stream data: I/O error' (-1)
06-15 19:55:04.393   499  9004 E android.hardware.audio@7.1-impl.ranchu: pcmWrite:260 failure: -1
06-15 19:55:04.485   720  2030 W system_server: Long monitor contention with owner android.display (749) at void com.android.server.am.ActivityManagerService.trimApplications(boolean, int)(ActivityManagerService.java:15819) waiters=2 in java.lang.String com.android.server.am.ActivityManagerService.getTagForIntentSender(android.content.IIntentSender, java.lang.String) for 699ms
06-15 19:55:04.486   720   739 W system_server: Long monitor contention with owner android.display (749) at void com.android.server.am.ActivityManagerService.trimApplications(boolean, int)(ActivityManagerService.java:15819) waiters=3 in boolean com.android.server.am.ActivityManagerService.unbindService(android.app.IServiceConnection) for 605ms
06-15 19:55:04.502   499  9004 W android.hardware.audio@7.1-impl.ranchu: pcmWrite:259 pcm_writei failed with 'cannot read/write stream data: I/O error' (-1)
06-15 19:55:04.511   499  9004 E android.hardware.audio@7.1-impl.ranchu: pcmWrite:260 failure: -1
06-15 19:55:04.587   720   747 W Looper  : Slow dispatch took 202ms android.ui app=system_server main=false group=TOP_APP h=com.android.server.am.ActivityManagerService$UiHandler c=com.android.server.am.UidObserverController$$ExternalSyntheticLambda0@7af9ec1 m=0
06-15 19:55:04.626   499  9004 W android.hardware.audio@7.1-impl.ranchu: pcmWrite:259 pcm_writei failed with 'cannot read/write stream data: I/O error' (-1)
06-15 19:55:04.655   499  9004 E android.hardware.audio@7.1-impl.ranchu: pcmWrite:260 failure: -1
06-15 19:55:04.712  1126  1126 D ScalingWorkspaceRevealAnim: alpha of workspace at the end of animation: 1.0
06-15 19:55:04.723   720   797 W system_server: Long monitor contention with owner binder:720_2 (739) at android.util.Pair com.android.server.am.ProcessList.getNumForegroundServices()(ProcessList.java:5735) waiters=2 in void com.android.server.am.BroadcastController.unregisterReceiverTraced(android.content.IIntentReceiver) for 188ms
06-15 19:55:04.797   499  9004 W android.hardware.audio@7.1-impl.ranchu: pcmWrite:259 pcm_writei failed with 'cannot read/write stream data: I/O error' (-1)
06-15 19:55:04.797   499  9004 E android.hardware.audio@7.1-impl.ranchu: pcmWrite:260 failure: -1
06-15 19:55:04.798  1856  1856 I NearbySharing: SharingTileService destroyed
06-15 19:55:04.802   499  4775 D android.hardware.audio@7.1-impl.ranchu: threadLoop: entering standby, frames: 122501184
06-15 19:55:04.803   499  4775 D android.hardware.audio@7.1-impl.ranchu: ~TinyalsaSink: joining consumeThread
06-15 19:55:04.779     0     0 I logd    : logdr: UID=2000 GID=2000 PID=9068 n tail=16000 logMask=99 pid=0 start=0ns deadline=0ns
06-15 19:55:04.850   977  1060 V WindowManagerShell: Transition animation finished (aborted=false), notifying core (#393) android.os.BinderProxy@4cb11e2@0
06-15 19:55:04.912   499  9004 W android.hardware.audio@7.1-impl.ranchu: pcmWrite:259 pcm_writei failed with 'cannot read/write stream data: I/O error' (-1)
06-15 19:55:04.912   499  9004 E android.hardware.audio@7.1-impl.ranchu: pcmWrite:260 failure: -1
06-15 19:55:04.912   499  9004 D android.hardware.audio@7.1-impl.ranchu: consumeThread: exiting
06-15 19:55:04.912   499  4775 D android.hardware.audio@7.1-impl.ranchu: ~TinyalsaSink: stopping PCM stream
06-15 19:55:05.014   720   746 V WindowManager: Finish Transition (#393): created at 06-15 19:55:02.597 collect-started=0.065ms request-sent=0.315ms started=251.966ms ready=496.114ms sent=784.773ms commit=67.209ms finished=2416.575ms
06-15 19:55:04.992     0     0 I binder  : 2030:720 cannot find target node
06-15 19:55:05.015     0     0 I binder  : 720:2030 transaction async to 0:0 failed 6350889/29189/-22, size 64-0 line 3348
06-15 19:55:05.068   720   797 W system_server: Long monitor contention with owner binder:720_F (1635) at android.content.ComponentName com.android.server.am.ActivityManagerService.startService(android.app.IApplicationThread, android.content.Intent, java.lang.String, boolean, java.lang.String, java.lang.String, int, boolean, int, java.lang.String, java.lang.String)(ActivityManagerService.java:13756) waiters=0 in void com.android.server.am.ActivityManagerService.serviceDoneExecuting(android.os.IBinder, int, int, int, android.content.Intent) for 229ms
06-15 19:55:05.236   720  2030 E IPCThreadState: Binder transaction failure. id: 6350889, BR_*: 29189, error: -22 (Invalid argument)
06-15 19:55:05.237   720  2030 W ActivityManager: pid 720 system sent binder code 7 with flags 1 to frozen apps and got error -32
06-15 19:55:05.246   720  2030 W WindowManager: Exception thrown during dispatchAppVisibility Window{926b25e u0 rd.sheepskin.sandboxmusic/rd.sheepskin.sandboxmusic.MainActivity EXITING}
06-15 19:55:05.246   720  2030 W WindowManager: android.os.DeadObjectException
06-15 19:55:05.246   720  2030 W WindowManager: 	at android.os.BinderProxy.transactNative(Native Method)
06-15 19:55:05.246   720  2030 W WindowManager: 	at android.os.BinderProxy.transact(BinderProxy.java:592)
06-15 19:55:05.246   720  2030 W WindowManager: 	at android.view.IWindow$Stub$Proxy.dispatchAppVisibility(IWindow.java:557)
06-15 19:55:05.246   720  2030 W WindowManager: 	at com.android.server.wm.WindowState.sendAppVisibilityToClients(WindowState.java:3151)
06-15 19:55:05.246   720  2030 W WindowManager: 	at com.android.server.wm.WindowContainer.sendAppVisibilityToClients(WindowContainer.java:1311)
06-15 19:55:05.246   720  2030 W WindowManager: 	at com.android.server.wm.WindowToken.setClientVisible(WindowToken.java:389)
06-15 19:55:05.246   720  2030 W WindowManager: 	at com.android.server.wm.ActivityRecord.setClientVisible(ActivityRecord.java:6650)
06-15 19:55:05.246   720  2030 W WindowManager: 	at com.android.server.wm.ActivityRecord.commitVisibility(ActivityRecord.java:5561)
06-15 19:55:05.246   720  2030 W WindowManager: 	at com.android.server.wm.Transition.finishTransition(Transition.java:1391)
06-15 19:55:05.246   720  2030 W WindowManager: 	at com.android.server.wm.TransitionController.finishTransition(TransitionController.java:1029)
06-15 19:55:05.246   720  2030 W WindowManager: 	at com.android.server.wm.WindowOrganizerController.finishTransition(WindowOrganizerController.java:496)
06-15 19:55:05.246   720  2030 W WindowManager: 	at android.window.IWindowOrganizerController$Stub.onTransact(IWindowOrganizerController.java:261)
06-15 19:55:05.246   720  2030 W WindowManager: 	at com.android.server.wm.WindowOrganizerController.onTransact(WindowOrganizerController.java:223)
06-15 19:55:05.246   720  2030 W WindowManager: 	at android.os.Binder.execTransactInternal(Binder.java:1421)
06-15 19:55:05.246   720  2030 W WindowManager: 	at android.os.Binder.execTransact(Binder.java:1365)
06-15 19:55:05.286   720  2030 W Process : Unable to open /proc/8884/status
06-15 19:55:05.297   720   747 W Looper  : Slow dispatch took 196ms android.ui app=system_server main=false group=TOP_APP h=com.android.server.am.ActivityManagerService$UiHandler c=com.android.server.am.UidObserverController$$ExternalSyntheticLambda0@7af9ec1 m=0
06-15 19:55:05.303   720   755 W system_server: Long monitor contention with owner android.display (749) at void com.android.server.am.ProcessRecord.setRunningRemoteAnimation(boolean)(ProcessRecord.java:1697) waiters=0 in void com.android.server.am.BroadcastQueueImpl.handleProcessFreezableChanged(com.android.server.am.ProcessRecord) for 192ms
06-15 19:55:05.305   720   797 W system_server: Long monitor contention with owner android.display (749) at void com.android.server.am.ProcessRecord.setRunningRemoteAnimation(boolean)(ProcessRecord.java:1697) waiters=1 in void com.android.server.am.ActivityManagerService.serviceDoneExecuting(android.os.IBinder, int, int, int, android.content.Intent) for 141ms
06-15 19:55:05.386   720   750 W system_server: Long monitor contention with owner binder:720_1A (2030) at void com.android.server.wm.WindowManagerService.notifyWindowRemovedListeners(android.os.IBinder)(WindowManagerService.java:5391) waiters=0 in void com.android.server.wm.InputMonitor$UpdateInputWindows.run() for 346ms
06-15 19:55:05.403   977  1060 V WindowManagerShell: Track 0 became idle
06-15 19:55:05.403   977  1060 V WindowManagerShell: All active transition animations finished
06-15 19:55:05.405   977  1060 W Looper  : Slow dispatch took 553ms wmshell.main app=com.android.systemui main=false group=FOREGROUND h=android.os.Handler c=com.android.wm.shell.transition.RemoteTransitionHandler$1$$ExternalSyntheticLambda0@356310 m=0
06-15 19:55:05.407  1126  1126 D RecentsView: onTaskRemoved: 76, not handling task stack changes
06-15 19:55:05.445  1126  1126 D RecentsView: onTaskRemoved: 76, not handling task stack changes
06-15 19:55:05.451   977  1060 W Looper  : Slow dispatch took 37ms wmshell.main app=com.android.systemui main=false group=FOREGROUND h=android.os.Handler c=android.window.TaskOrganizer$1$$ExternalSyntheticLambda4@94a3e09 m=0
06-15 19:55:05.471   977  1060 W Looper  : Drained
06-15 19:55:05.473   977  1060 W Looper  : Slow delivery took 45ms wmshell.main app=com.android.systemui main=false group=FOREGROUND h=android.os.Handler c=null m=11
06-15 19:55:05.475   977  1060 W Looper  : Drained
06-15 19:55:05.501   564   564 E BpTransactionCompletedListener: Failed to transact (-32)
06-15 19:55:07.249   720   822 D ActivityManager: freezing 1698 com.google.android.settings.intelligence
06-15 19:55:07.254   720   877 D InetDiagMessage: Destroyed 0 sockets, proto=IPPROTO_TCP, family=AF_INET, states=14
06-15 19:55:07.254   720   877 D InetDiagMessage: Destroyed 0 sockets, proto=IPPROTO_TCP, family=AF_INET6, states=14
06-15 19:55:07.254   720   877 D InetDiagMessage: Destroyed live tcp sockets for uids={10135} in 1ms
06-15 19:55:07.284     0     0 I logd    : logdr: UID=2000 GID=2000 PID=9072 n tail=16000 logMask=99 pid=0 start=0ns deadline=0ns
06-15 19:55:07.494   649   685 D BufferPoolAccessor2.0: evictor expired: 1, evicted: 0
06-15 19:55:08.375   720  1547 E TaskPersister: File error accessing recents directory (directory doesn't exist?).
06-15 19:55:08.498   649   685 D BufferPoolAccessor2.0: evictor expired: 1, evicted: 0
06-15 19:55:09.431     0     0 I logd    : logdr: UID=2000 GID=2000 PID=9075 n tail=16000 logMask=99 pid=0 start=0ns deadline=0ns
06-15 19:55:09.671   720   822 D ActivityManager: freezing 2497 com.google.android.apps.messaging
06-15 19:55:10.713  1122  1364 D SatelliteController: iisInCarrierRoamingNbIotNtn: satellite is disabled
06-15 19:55:11.573     0     0 I logd    : logdr: UID=2000 GID=2000 PID=9078 n tail=16000 logMask=99 pid=0 start=0ns deadline=0ns
06-15 19:55:11.770   720   940 E ClipboardService: Denying clipboard access to com.android.chrome, application is not in focus nor is it a system service for user 0
06-15 19:55:11.779  1456  1873 I AiAiTranslate: C2T - not in a conversation
06-15 19:55:11.785   977   977 I ClipboardListener: Clipboard overlay suppressed.
06-15 19:55:13.711     0     0 I logd    : logdr: UID=2000 GID=2000 PID=9081 n tail=16000 logMask=99 pid=0 start=0ns deadline=0ns
06-15 19:55:15.089   720   822 D ActivityManager: freezing 1856 com.google.android.gms
06-15 19:55:15.872     0     0 I logd    : logdr: UID=2000 GID=2000 PID=9084 n tail=16000 logMask=99 pid=0 start=0ns deadline=0ns
06-15 19:55:18.009     0     0 I logd    : logdr: UID=2000 GID=2000 PID=9087 n tail=16000 logMask=99 pid=0 start=0ns deadline=0ns
06-15 19:55:20.210     0     0 I logd    : logdr: UID=2000 GID=2000 PID=9090 n tail=16000 logMask=99 pid=0 start=0ns deadline=0ns
06-15 19:55:20.720  1122  1364 D SatelliteController: iisInCarrierRoamingNbIotNtn: satellite is disabled
06-15 19:55:22.412     0     0 I logd    : logdr: UID=2000 GID=2000 PID=9093 n tail=16000 logMask=99 pid=0 start=0ns deadline=0ns
06-15 19:55:24.578     0     0 I logd    : logdr: UID=2000 GID=2000 PID=9096 n tail=16000 logMask=99 pid=0 start=0ns deadline=0ns
06-15 19:55:26.486  1474  2187 I bbax    : (REDACTED) getHotwordActive::active query: %s, watch: %s, devices connected: %s
06-15 19:55:26.698     0     0 I logd    : logdr: UID=2000 GID=2000 PID=9099 n tail=16000 logMask=99 pid=0 start=0ns deadline=0ns
06-15 19:55:28.827     0     0 I logd    : logdr: UID=2000 GID=2000 PID=9102 n tail=16000 logMask=99 pid=0 start=0ns deadline=0ns
06-15 19:55:30.713  1122  1364 D SatelliteController: iisInCarrierRoamingNbIotNtn: satellite is disabled
06-15 19:55:30.970     0     0 I logd    : logdr: UID=2000 GID=2000 PID=9105 n tail=16000 logMask=99 pid=0 start=0ns deadline=0ns
06-15 19:55:33.179     0     0 I logd    : logdr: UID=2000 GID=2000 PID=9108 n tail=16000 logMask=99 pid=0 start=0ns deadline=0ns
06-15 19:55:35.367     0     0 I logd    : logdr: UID=2000 GID=2000 PID=9111 n tail=16000 logMask=99 pid=0 start=0ns deadline=0ns
06-15 19:55:37.506     0     0 I logd    : logdr: UID=2000 GID=2000 PID=9114 n tail=16000 logMask=99 pid=0 start=0ns deadline=0ns
06-15 19:55:39.648     0     0 I logd    : logdr: UID=2000 GID=2000 PID=9117 n tail=16000 logMask=99 pid=0 start=0ns deadline=0ns
06-15 19:55:40.720  1122  1364 D SatelliteController: iisInCarrierRoamingNbIotNtn: satellite is disabled
06-15 19:55:41.807     0     0 I logd    : logdr: UID=2000 GID=2000 PID=9120 n tail=16000 logMask=99 pid=0 start=0ns deadline=0ns
06-15 19:55:44.021     0     0 I logd    : logdr: UID=2000 GID=2000 PID=9123 n tail=16000 logMask=99 pid=0 start=0ns deadline=0ns
06-15 19:55:46.220     0     0 I logd    : logdr: UID=2000 GID=2000 PID=9126 n tail=16000 logMask=99 pid=0 start=0ns deadline=0ns
06-15 19:55:48.335     0     0 I logd    : logdr: UID=2000 GID=2000 PID=9129 n tail=16000 logMask=99 pid=0 start=0ns deadline=0ns
06-15 19:55:50.464     0     0 I logd    : logdr: UID=2000 GID=2000 PID=9132 n tail=16000 logMask=99 pid=0 start=0ns deadline=0ns
06-15 19:55:50.712  1122  1364 D SatelliteController: iisInCarrierRoamingNbIotNtn: satellite is disabled
06-15 19:55:52.598     0     0 I logd    : logdr: UID=2000 GID=2000 PID=9135 n tail=16000 logMask=99 pid=0 start=0ns deadline=0ns
06-15 19:55:52.673   720   818 W CpuMonitorService: Current CPU frequency (3990441) is greater than maximum CPU frequency (2) for policy ID (0). Skipping CPU frequency policy
06-15 19:55:52.676   720   818 W CpuMonitorService: Current CPU frequency (3989921) is greater than maximum CPU frequency (2) for policy ID (1). Skipping CPU frequency policy
06-15 19:55:52.679   720   818 W CpuMonitorService: Current CPU frequency (3971318) is greater than maximum CPU frequency (2) for policy ID (2). Skipping CPU frequency policy
06-15 19:55:52.679   720   818 W CpuMonitorService: Current CPU frequency (3992086) is greater than maximum CPU frequency (2) for policy ID (3). Skipping CPU frequency policy
06-15 19:55:54.730     0     0 I logd    : logdr: UID=2000 GID=2000 PID=9138 n tail=16000 logMask=99 pid=0 start=0ns deadline=0ns
06-15 19:55:56.858     0     0 I logd    : logdr: UID=2000 GID=2000 PID=9141 n tail=16000 logMask=99 pid=0 start=0ns deadline=0ns
06-15 19:55:59.036     0     0 I logd    : logdr: UID=2000 GID=2000 PID=9144 n tail=16000 logMask=99 pid=0 start=0ns deadline=0ns
06-15 19:56:00.451   720   755 D ActivityManager: sync unfroze 1677 com.android.keychain for 10
06-15 19:56:00.455   720   755 D ActivityManager: sync unfroze 1246 com.android.settings for 10
06-15 19:56:00.457   720   755 D ActivityManager: sync unfroze 2616 com.android.dynsystem:dynsystem for 10
06-15 19:56:00.460   720   755 D ActivityManager: sync unfroze 2580 com.android.dynsystem for 10
06-15 19:56:00.461   720   755 D ActivityManager: sync unfroze 1730 com.android.localtransport for 10
06-15 19:56:00.715  1122  1364 D SatelliteController: iisInCarrierRoamingNbIotNtn: satellite is disabled
06-15 19:56:01.160     0     0 I logd    : logdr: UID=2000 GID=2000 PID=9147 n tail=16000 logMask=99 pid=0 start=0ns deadline=0ns
06-15 19:56:03.068   720   765 I WifiService: isFeatureSupported uid=1000 returns [WIFI_FEATURE_INFRA, WIFI_FEATURE_P2P, WIFI_FEATURE_MOBILE_HOTSPOT, WIFI_FEATURE_WPA3_SAE, WIFI_FEATURE_WPA3_SUITE_B, WIFI_FEATURE_OWE, WIFI_FEATURE_DPP, WIFI_FEATURE_AP_RAND_MAC, WIFI_FEATURE_MBO, WIFI_FEATURE_FILS_SHA256, WIFI_FEATURE_FILS_SHA384, WIFI_FEATURE_SAE_PK, WIFI_FEATURE_DPP_ENROLLEE_RESPONDER, WIFI_FEATURE_PASSPOINT_TERMS_AND_CONDITIONS, WIFI_FEATURE_SAE_H2E, WIFI_FEATURE_WFD_R2, WIFI_FEATURE_DECORATED_IDENTITY, WIFI_FEATURE_TRUST_ON_FIRST_USE, WIFI_FEATURE_SET_TLS_MINIMUM_VERSION, WIFI_FEATURE_TLS_V1_3, WIFI_FEATURE_WEP, WIFI_FEATURE_WPA_PERSONAL]
06-15 19:56:03.273     0     0 I logd    : logdr: UID=2000 GID=2000 PID=9150 n tail=16000 logMask=99 pid=0 start=0ns deadline=0ns
06-15 19:56:05.422     0     0 I logd    : logdr: UID=2000 GID=2000 PID=9153 n tail=16000 logMask=99 pid=0 start=0ns deadline=0ns
06-15 19:56:07.572     0     0 I logd    : logdr: UID=2000 GID=2000 PID=9156 n tail=16000 logMask=99 pid=0 start=0ns deadline=0ns
06-15 19:56:09.771     0     0 I logd    : logdr: UID=2000 GID=2000 PID=9159 n tail=16000 logMask=99 pid=0 start=0ns deadline=0ns
06-15 19:56:10.502  1677  1687 W ndroid.keychain: Reducing the number of considered missed Gc histogram windows from 175 to 100
06-15 19:56:10.714  1122  1364 D SatelliteController: iisInCarrierRoamingNbIotNtn: satellite is disabled
06-15 19:56:11.943     0     0 I logd    : logdr: UID=2000 GID=2000 PID=9162 n tail=16000 logMask=99 pid=0 start=0ns deadline=0ns
06-15 19:56:14.122     0     0 I logd    : logdr: UID=2000 GID=2000 PID=9165 n tail=16000 logMask=99 pid=0 start=0ns deadline=0ns
06-15 19:56:16.016   720   940 E ClipboardService: Denying clipboard access to com.android.chrome, application is not in focus nor is it a system service for user 0
06-15 19:56:16.035   720   940 E ClipboardService: Denying clipboard access to com.android.chrome, application is not in focus nor is it a system service for user 0
06-15 19:56:16.043  1456  1873 I AiAiTranslate: C2T - not in a conversation
06-15 19:56:16.053  1366  8980 D androidtc: Initializing SystemTextClassifier, type = System
06-15 19:56:16.057   977   977 I ClipboardListener: Clipboard overlay suppressed.
06-15 19:56:16.062  1456  1873 I AiAiTranslate: C2T - not in a conversation
06-15 19:56:16.063   977   977 I ClipboardListener: Clipboard overlay suppressed.
06-15 19:56:16.323     0     0 I logd    : logdr: UID=2000 GID=2000 PID=9168 n tail=16000 logMask=99 pid=0 start=0ns deadline=0ns
06-15 19:56:18.455     0     0 I logd    : logdr: UID=2000 GID=2000 PID=9172 n tail=16000 logMask=99 pid=0 start=0ns deadline=0ns
06-15 19:56:20.532   720   822 D ActivityManager: freezing 1677 com.android.keychain
06-15 19:56:20.532   720   822 D ActivityManager: freezing 1246 com.android.settings
06-15 19:56:20.533   720   822 D ActivityManager: freezing 2616 com.android.dynsystem:dynsystem
06-15 19:56:20.534   720   822 D ActivityManager: freezing 2580 com.android.dynsystem
06-15 19:56:20.535   720   822 D ActivityManager: freezing 1730 com.android.localtransport
06-15 19:56:20.575     0     0 I logd    : logdr: UID=2000 GID=2000 PID=9175 n tail=16000 logMask=99 pid=0 start=0ns deadline=0ns
06-15 19:56:20.716  1122  1364 D SatelliteController: iisInCarrierRoamingNbIotNtn: satellite is disabled
06-15 19:56:22.736     0     0 I logd    : logdr: UID=2000 GID=2000 PID=9178 n tail=16000 logMask=99 pid=0 start=0ns deadline=0ns
06-15 19:56:24.963     0     0 I logd    : logdr: UID=2000 GID=2000 PID=9181 n tail=16000 logMask=99 pid=0 start=0ns deadline=0ns
06-15 19:56:26.479  1474  2187 I bbax    : (REDACTED) getHotwordActive::active query: %s, watch: %s, devices connected: %s
06-15 19:56:27.092     0     0 I logd    : logdr: UID=2000 GID=2000 PID=9184 n tail=16000 logMask=99 pid=0 start=0ns deadline=0ns
06-15 19:56:29.202     0     0 I logd    : logdr: UID=2000 GID=2000 PID=9187 n tail=16000 logMask=99 pid=0 start=0ns deadline=0ns
06-15 19:56:30.718  1122  1364 D SatelliteController: iisInCarrierRoamingNbIotNtn: satellite is disabled
06-15 19:56:31.335     0     0 I logd    : logdr: UID=2000 GID=2000 PID=9190 n tail=16000 logMask=99 pid=0 start=0ns deadline=0ns
06-15 19:56:33.482     0     0 I logd    : logdr: UID=2000 GID=2000 PID=9193 n tail=16000 logMask=99 pid=0 start=0ns deadline=0ns
06-15 19:56:35.727     0     0 I logd    : logdr: UID=2000 GID=2000 PID=9197 n tail=16000 logMask=99 pid=0 start=0ns deadline=0ns
06-15 19:56:38.100     0     0 I logd    : logdr: UID=2000 GID=2000 PID=9200 n tail=16000 logMask=99 pid=0 start=0ns deadline=0ns
06-15 19:56:40.427     0     0 I logd    : logdr: UID=2000 GID=2000 PID=9204 n tail=16000 logMask=99 pid=0 start=0ns deadline=0ns
06-15 19:56:40.724  1122  1364 D SatelliteController: iisInCarrierRoamingNbIotNtn: satellite is disabled
06-15 19:56:42.763     0     0 I logd    : logdr: UID=2000 GID=2000 PID=9207 n tail=16000 logMask=99 pid=0 start=0ns deadline=0ns
06-15 19:56:45.011     0     0 I logd    : logdr: UID=2000 GID=2000 PID=9210 n tail=16000 logMask=99 pid=0 start=0ns deadline=0ns
06-15 19:56:47.282     0     0 I logd    : logdr: UID=2000 GID=2000 PID=9213 n tail=16000 logMask=99 pid=0 start=0ns deadline=0ns
06-15 19:56:49.444     0     0 I logd    : logdr: UID=2000 GID=2000 PID=9216 n tail=16000 logMask=99 pid=0 start=0ns deadline=0ns
06-15 19:56:50.724  1122  1364 D SatelliteController: iisInCarrierRoamingNbIotNtn: satellite is disabled
06-15 19:56:51.730     0     0 I logd    : logdr: UID=2000 GID=2000 PID=9219 n tail=16000 logMask=99 pid=0 start=0ns deadline=0ns
06-15 19:56:52.675   720   818 W CpuMonitorService: Current CPU frequency (3533983) is greater than maximum CPU frequency (2) for policy ID (3). Skipping CPU frequency policy
06-15 19:56:53.962     0     0 I logd    : logdr: UID=2000 GID=2000 PID=9222 n tail=16000 logMask=99 pid=0 start=0ns deadline=0ns
06-15 19:56:56.153     0     0 I logd    : logdr: UID=2000 GID=2000 PID=9225 n tail=16000 logMask=99 pid=0 start=0ns deadline=0ns
06-15 19:56:58.290     0     0 I logd    : logdr: UID=2000 GID=2000 PID=9228 n tail=16000 logMask=99 pid=0 start=0ns deadline=0ns
06-15 19:56:59.021   720   940 D androidtc: Initializing SystemTextClassifier, type = System
06-15 19:56:59.022   720   940 E ClipboardService: Denying clipboard access to com.android.chrome, application is not in focus nor is it a system service for user 0
06-15 19:56:59.023  1456  1456 I AiAiTextClassifier: onCreateTextClassificationSession = TextClassificationSessionId {ab60b066-2cad-498b-bbbf-8957b8115a47}
06-15 19:56:59.039  1456  1873 I AiAiTranslate: C2T - not in a conversation
06-15 19:56:59.043  1456  1912 I AiAiTextClassifier: GenerateLinks did not find valid links, returning empty result
06-15 19:56:59.043   977   977 I ClipboardListener: Clipboard overlay suppressed.
06-15 19:56:59.046   720   941 E ClipboardService: Denying clipboard access to com.android.chrome, application is not in focus nor is it a system service for user 0
06-15 19:56:59.054   977   977 I ClipboardListener: Clipboard overlay suppressed.
06-15 19:56:59.056  1456  1912 I AiAiTextClassifier: GenerateLinks did not find valid links, returning empty result
06-15 19:57:00.414     0     0 I logd    : logdr: UID=2000 GID=2000 PID=9231 n tail=16000 logMask=99 pid=0 start=0ns deadline=0ns
06-15 19:57:00.720  1122  1364 D SatelliteController: iisInCarrierRoamingNbIotNtn: satellite is disabled
06-15 19:57:02.551     0     0 I logd    : logdr: UID=2000 GID=2000 PID=9234 n tail=16000 logMask=99 pid=0 start=0ns deadline=0ns
06-15 19:57:04.724     0     0 I logd    : logdr: UID=2000 GID=2000 PID=9237 n tail=16000 logMask=99 pid=0 start=0ns deadline=0ns
06-15 19:57:06.929     0     0 I logd    : logdr: UID=2000 GID=2000 PID=9240 n tail=16000 logMask=99 pid=0 start=0ns deadline=0ns
06-15 19:57:09.223     0     0 I logd    : logdr: UID=2000 GID=2000 PID=9243 n tail=16000 logMask=99 pid=0 start=0ns deadline=0ns
06-15 19:57:10.721  1122  1364 D SatelliteController: iisInCarrierRoamingNbIotNtn: satellite is disabled
06-15 19:57:11.628     0     0 I logd    : logdr: UID=2000 GID=2000 PID=9246 n tail=16000 logMask=99 pid=0 start=0ns deadline=0ns
06-15 19:57:13.777     0     0 I logd    : logdr: UID=2000 GID=2000 PID=9249 n tail=16000 logMask=99 pid=0 start=0ns deadline=0ns
06-15 19:57:15.915     0     0 I logd    : logdr: UID=2000 GID=2000 PID=9252 n tail=16000 logMask=99 pid=0 start=0ns deadline=0ns
06-15 19:57:17.837   720   940 E ClipboardService: Denying clipboard access to com.android.chrome, application is not in focus nor is it a system service for user 0
06-15 19:57:17.842  1456  1873 I AiAiTranslate: C2T - not in a conversation
06-15 19:57:17.849   720   940 E ClipboardService: Denying clipboard access to com.android.chrome, application is not in focus nor is it a system service for user 0
06-15 19:57:17.849   977   977 I ClipboardListener: Clipboard overlay suppressed.
06-15 19:57:17.863   977   977 I ClipboardListener: Clipboard overlay suppressed.
06-15 19:57:17.864  1456  1873 I AiAiTranslate: C2T - not in a conversation
06-15 19:57:18.051     0     0 I logd    : logdr: UID=2000 GID=2000 PID=9256 n tail=16000 logMask=99 pid=0 start=0ns deadline=0ns
06-15 19:57:18.498   720   940 E ClipboardService: Denying clipboard access to com.android.chrome, application is not in focus nor is it a system service for user 0
06-15 19:57:18.504  1456  1873 I AiAiTranslate: C2T - not in a conversation
06-15 19:57:18.505   977   977 I ClipboardListener: Clipboard overlay suppressed.
06-15 19:57:20.168     0     0 I logd    : logdr: UID=2000 GID=2000 PID=9259 n tail=16000 logMask=99 pid=0 start=0ns deadline=0ns
06-15 19:57:20.795  1122  1364 D SatelliteController: iisInCarrierRoamingNbIotNtn: satellite is disabled
06-15 19:57:22.307     0     0 I logd    : logdr: UID=2000 GID=2000 PID=9262 n tail=16000 logMask=99 pid=0 start=0ns deadline=0ns
06-15 19:57:24.503     0     0 I logd    : logdr: UID=2000 GID=2000 PID=9265 n tail=16000 logMask=99 pid=0 start=0ns deadline=0ns
06-15 19:57:26.481  1474  2190 I bbax    : (REDACTED) getHotwordActive::active query: %s, watch: %s, devices connected: %s
06-15 19:57:26.796     0     0 I logd    : logdr: UID=2000 GID=2000 PID=9268 n tail=16000 logMask=99 pid=0 start=0ns deadline=0ns
06-15 19:57:28.943     0     0 I logd    : logdr: UID=2000 GID=2000 PID=9271 n tail=16000 logMask=99 pid=0 start=0ns deadline=0ns
06-15 19:57:30.735  1122  1364 D SatelliteController: iisInCarrierRoamingNbIotNtn: satellite is disabled
06-15 19:57:31.095     0     0 I logd    : logdr: UID=2000 GID=2000 PID=9274 n tail=16000 logMask=99 pid=0 start=0ns deadline=0ns
06-15 19:57:33.213     0     0 I logd    : logdr: UID=2000 GID=2000 PID=9277 n tail=16000 logMask=99 pid=0 start=0ns deadline=0ns
06-15 19:57:33.884  2231  2721 I NearbyDiscovery: FastPair: isDestroyable: Scanner is alive. [CONTEXT service_id=265 ]
06-15 19:57:33.884  2231  2721 I NearbyDiscovery: DiscoveryService: Skip stopSelf(), fast pair controller is not destroyable. [CONTEXT service_id=265 ]
06-15 19:57:35.355     0     0 I logd    : logdr: UID=2000 GID=2000 PID=9280 n tail=16000 logMask=99 pid=0 start=0ns deadline=0ns
06-15 19:57:37.471     0     0 I logd    : logdr: UID=2000 GID=2000 PID=9284 n tail=16000 logMask=99 pid=0 start=0ns deadline=0ns
06-15 19:57:39.618     0     0 I logd    : logdr: UID=2000 GID=2000 PID=9289 n tail=16000 logMask=99 pid=0 start=0ns deadline=0ns
06-15 19:57:40.733  1122  1364 D SatelliteController: iisInCarrierRoamingNbIotNtn: satellite is disabled
06-15 19:57:41.782     0     0 I logd    : logdr: UID=2000 GID=2000 PID=9297 n tail=16000 logMask=99 pid=0 start=0ns deadline=0ns
06-15 19:57:43.951     0     0 I logd    : logdr: UID=2000 GID=2000 PID=9302 n tail=16000 logMask=99 pid=0 start=0ns deadline=0ns
06-15 19:57:46.059     0     0 I logd    : logdr: UID=2000 GID=2000 PID=9308 n tail=16000 logMask=99 pid=0 start=0ns deadline=0ns
06-15 19:57:48.149  1084  1244 I bluetooth: system/gd/hci/le_address_manager.cc:576 GetNextPrivateAddressIntervalRange: client=LeAddressManager, nonwake=7m28s, wake=13m44s
06-15 19:57:48.158  1084  1244 I bluetooth: system/gd/hci/le_address_manager.cc:777 OnCommandComplete: Received command complete with op_code LE_SET_RANDOM_ADDRESS(0x2005)
06-15 19:57:48.158  1084  1244 I bluetooth: system/gd/hci/le_address_manager.cc:797 OnCommandComplete: update random address : xx:xx:xx:xx:61:f9
06-15 19:57:48.158  1084  1244 I bluetooth: system/gd/hci/le_address_manager.cc:392 resume_registered_clients: Resuming registered clients
06-15 19:57:48.158  1084  1244 I bluetooth: system/gd/hci/le_scanning_manager.cc:601 stop_scan: Scanning already stopped, return!
06-15 19:57:48.206     0     0 I logd    : logdr: UID=2000 GID=2000 PID=9311 n tail=16000 logMask=99 pid=0 start=0ns deadline=0ns
06-15 19:57:50.346     0     0 I logd    : logdr: UID=2000 GID=2000 PID=9314 n tail=16000 logMask=99 pid=0 start=0ns deadline=0ns
06-15 19:57:50.733  1122  1364 D SatelliteController: iisInCarrierRoamingNbIotNtn: satellite is disabled
06-15 19:57:52.520     0     0 I logd    : logdr: UID=2000 GID=2000 PID=9317 n tail=16000 logMask=99 pid=0 start=0ns deadline=0ns
06-15 19:57:52.782   720   818 W CpuMonitorService: Current CPU frequency (3975137) is greater than maximum CPU frequency (2) for policy ID (0). Skipping CPU frequency policy
06-15 19:57:52.782   720   818 W CpuMonitorService: Current CPU frequency (3984361) is greater than maximum CPU frequency (2) for policy ID (1). Skipping CPU frequency policy
06-15 19:57:52.783   720   818 W CpuMonitorService: Current CPU frequency (3979871) is greater than maximum CPU frequency (2) for policy ID (2). Skipping CPU frequency policy
06-15 19:57:52.783   720   818 W CpuMonitorService: Current CPU frequency (4016974) is greater than maximum CPU frequency (2) for policy ID (3). Skipping CPU frequency policy
06-15 19:57:54.771     0     0 I logd    : logdr: UID=2000 GID=2000 PID=9320 n tail=16000 logMask=99 pid=0 start=0ns deadline=0ns
06-15 19:57:56.907     0     0 I logd    : logdr: UID=2000 GID=2000 PID=9323 n tail=16000 logMask=99 pid=0 start=0ns deadline=0ns
06-15 19:57:59.071     0     0 I logd    : logdr: UID=2000 GID=2000 PID=9326 n tail=16000 logMask=99 pid=0 start=0ns deadline=0ns
06-15 19:58:00.090  2231  8899 I CastDatabase: Saving the database
06-15 19:58:00.121  2231  8899 I SQLiteCastStore: [CastNetworkInfo] saved: 0, skipped: 0, [CastDeviceInfo]: saved 0, skipped 0, [Paired Guest Mode DeviceInfo] saved: 0, skipped: 0. [ProbedNetworks]: saved 0, skipped: 0, [ProbedSocketAddress]: saved 0, skipped: 0, [Network-Device pairs]: saved: 0
06-15 19:58:00.750  1122  1364 D SatelliteController: iisInCarrierRoamingNbIotNtn: satellite is disabled
06-15 19:58:01.293     0     0 I logd    : logdr: UID=2000 GID=2000 PID=9329 n tail=16000 logMask=99 pid=0 start=0ns deadline=0ns
06-15 19:58:03.468     0     0 I logd    : logdr: UID=2000 GID=2000 PID=9332 n tail=16000 logMask=99 pid=0 start=0ns deadline=0ns
06-15 19:58:05.625     0     0 I logd    : logdr: UID=2000 GID=2000 PID=9335 n tail=16000 logMask=99 pid=0 start=0ns deadline=0ns
06-15 19:58:07.710   720   940 E ClipboardService: Denying clipboard access to com.android.chrome, application is not in focus nor is it a system service for user 0
06-15 19:58:07.719  1456  1873 I AiAiTranslate: C2T - not in a conversation
06-15 19:58:07.721   977   977 I ClipboardListener: Clipboard overlay suppressed.
06-15 19:58:07.724  1366  9255 D androidtc: Initializing SystemTextClassifier, type = System
06-15 19:58:07.778     0     0 I logd    : logdr: UID=2000 GID=2000 PID=9338 n tail=16000 logMask=99 pid=0 start=0ns deadline=0ns
06-15 19:58:07.823  1456  1912 I AiAiTextClassifier: GenerateLinks did not find valid links, returning empty result
06-15 19:58:10.162     0     0 I logd    : logdr: UID=2000 GID=2000 PID=9341 n tail=16000 logMask=99 pid=0 start=0ns deadline=0ns
06-15 19:58:10.741  1122  1364 D SatelliteController: iisInCarrierRoamingNbIotNtn: satellite is disabled
06-15 19:58:12.305     0     0 I logd    : logdr: UID=2000 GID=2000 PID=9344 n tail=16000 logMask=99 pid=0 start=0ns deadline=0ns
06-15 19:58:14.513     0     0 I logd    : logdr: UID=2000 GID=2000 PID=9347 n tail=16000 logMask=99 pid=0 start=0ns deadline=0ns
06-15 19:58:16.686     0     0 I logd    : logdr: UID=2000 GID=2000 PID=9350 n tail=16000 logMask=99 pid=0 start=0ns deadline=0ns
06-15 19:58:18.862     0     0 I logd    : logdr: UID=2000 GID=2000 PID=9353 n tail=16000 logMask=99 pid=0 start=0ns deadline=0ns
06-15 19:58:20.744  1122  1364 D SatelliteController: iisInCarrierRoamingNbIotNtn: satellite is disabled
06-15 19:58:21.044     0     0 I logd    : logdr: UID=2000 GID=2000 PID=9356 n tail=16000 logMask=99 pid=0 start=0ns deadline=0ns
06-15 19:58:23.204     0     0 I logd    : logdr: UID=2000 GID=2000 PID=9359 n tail=16000 logMask=99 pid=0 start=0ns deadline=0ns
06-15 19:58:25.003     0     0 W healthd : battery l=100 v=5000 t=25.0 h=2 st=4 c=900000 fc=3000000 cc=10 chg=
06-15 19:58:25.430     0     0 I logd    : logdr: UID=2000 GID=2000 PID=9362 n tail=16000 logMask=99 pid=0 start=0ns deadline=0ns
06-15 19:58:26.483  1474  2191 I bbax    : (REDACTED) getHotwordActive::active query: %s, watch: %s, devices connected: %s
06-15 19:58:27.618     0     0 I logd    : logdr: UID=2000 GID=2000 PID=9365 n tail=16000 logMask=99 pid=0 start=0ns deadline=0ns
06-15 19:58:29.872     0     0 I logd    : logdr: UID=2000 GID=2000 PID=9368 n tail=16000 logMask=99 pid=0 start=0ns deadline=0ns
06-15 19:58:30.759  1122  1364 D SatelliteController: iisInCarrierRoamingNbIotNtn: satellite is disabled
06-15 19:58:32.198     0     0 I logd    : logdr: UID=2000 GID=2000 PID=9371 n tail=16000 logMask=99 pid=0 start=0ns deadline=0ns
06-15 19:58:34.456     0     0 I logd    : logdr: UID=2000 GID=2000 PID=9374 n tail=16000 logMask=99 pid=0 start=0ns deadline=0ns
06-15 19:58:36.750     0     0 I logd    : logdr: UID=2000 GID=2000 PID=9377 n tail=16000 logMask=99 pid=0 start=0ns deadline=0ns
06-15 19:58:38.953     0     0 I logd    : logdr: UID=2000 GID=2000 PID=9380 n tail=16000 logMask=99 pid=0 start=0ns deadline=0ns
06-15 19:58:40.744  1122  1364 D SatelliteController: iisInCarrierRoamingNbIotNtn: satellite is disabled
06-15 19:58:41.148     0     0 I logd    : logdr: UID=2000 GID=2000 PID=9383 n tail=16000 logMask=99 pid=0 start=0ns deadline=0ns
06-15 19:58:43.311     0     0 I logd    : logdr: UID=2000 GID=2000 PID=9386 n tail=16000 logMask=99 pid=0 start=0ns deadline=0ns
06-15 19:58:45.530     0     0 I logd    : logdr: UID=2000 GID=2000 PID=9389 n tail=16000 logMask=99 pid=0 start=0ns deadline=0ns
06-15 19:58:47.718     0     0 I logd    : logdr: UID=2000 GID=2000 PID=9392 n tail=16000 logMask=99 pid=0 start=0ns deadline=0ns
06-15 19:58:49.940     0     0 I logd    : logdr: UID=2000 GID=2000 PID=9395 n tail=16000 logMask=99 pid=0 start=0ns deadline=0ns
06-15 19:58:50.742  1122  1364 D SatelliteController: iisInCarrierRoamingNbIotNtn: satellite is disabled
06-15 19:58:52.111     0     0 I logd    : logdr: UID=2000 GID=2000 PID=9398 n tail=16000 logMask=99 pid=0 start=0ns deadline=0ns
06-15 19:58:54.256     0     0 I logd    : logdr: UID=2000 GID=2000 PID=9403 n tail=16000 logMask=99 pid=0 start=0ns deadline=0ns
06-15 19:58:56.379     0     0 I logd    : logdr: UID=2000 GID=2000 PID=9406 n tail=16000 logMask=99 pid=0 start=0ns deadline=0ns
06-15 19:58:58.502     0     0 I logd    : logdr: UID=2000 GID=2000 PID=9409 n tail=16000 logMask=99 pid=0 start=0ns deadline=0ns
06-15 19:59:00.628     0     0 I logd    : logdr: UID=2000 GID=2000 PID=9412 n tail=16000 logMask=99 pid=0 start=0ns deadline=0ns
06-15 19:59:00.743  1122  1364 D SatelliteController: iisInCarrierRoamingNbIotNtn: satellite is disabled
06-15 19:59:02.743     0     0 I logd    : logdr: UID=2000 GID=2000 PID=9415 n tail=16000 logMask=99 pid=0 start=0ns deadline=0ns
06-15 19:59:04.739   720   940 E ClipboardService: Denying clipboard access to com.android.chrome, application is not in focus nor is it a system service for user 0
06-15 19:59:04.750  1456  1873 I AiAiTranslate: C2T - not in a conversation
06-15 19:59:04.758   977   977 I ClipboardListener: Clipboard overlay suppressed.
06-15 19:59:04.939     0     0 I logd    : logdr: UID=2000 GID=2000 PID=9419 n tail=16000 logMask=99 pid=0 start=0ns deadline=0ns
06-15 19:59:07.094     0     0 I logd    : logdr: UID=2000 GID=2000 PID=9422 n tail=16000 logMask=99 pid=0 start=0ns deadline=0ns
06-15 19:59:09.310     0     0 I logd    : logdr: UID=2000 GID=2000 PID=9425 n tail=16000 logMask=99 pid=0 start=0ns deadline=0ns
06-15 19:59:10.799  1122  1364 D SatelliteController: iisInCarrierRoamingNbIotNtn: satellite is disabled
06-15 19:59:11.500     0     0 I logd    : logdr: UID=2000 GID=2000 PID=9428 n tail=16000 logMask=99 pid=0 start=0ns deadline=0ns
06-15 19:59:13.819     0     0 I logd    : logdr: UID=2000 GID=2000 PID=9431 n tail=16000 logMask=99 pid=0 start=0ns deadline=0ns
06-15 19:59:14.629   720   739 W AppOps  : Noting op not finished: uid 10146 pkg com.google.android.gms code 113 startTime of in progress event=1781505761441
06-15 19:59:14.665   720   739 W AppOps  : Noting op not finished: uid 10146 pkg com.google.android.gms code 79 startTime of in progress event=1781505789530
06-15 19:59:14.742  2231  2577 I ActivityScheduler: nextTriggerTime: 22935440, in 238100ms, detectorType: 39, FULL_TYPE alarmWindowMillis: 80000
06-15 19:59:15.636   720   739 W AppOps  : Noting op not finished: uid 10146 pkg com.google.android.gms code 113 startTime of in progress event=1781505761441
06-15 19:59:16.047     0     0 I logd    : logdr: UID=2000 GID=2000 PID=9437 n tail=16000 logMask=99 pid=0 start=0ns deadline=0ns
06-15 19:59:18.244     0     0 I logd    : logdr: UID=2000 GID=2000 PID=9440 n tail=16000 logMask=99 pid=0 start=0ns deadline=0ns
06-15 19:59:20.453     0     0 I logd    : logdr: UID=2000 GID=2000 PID=9443 n tail=16000 logMask=99 pid=0 start=0ns deadline=0ns
06-15 19:59:20.781  1122  1364 D SatelliteController: iisInCarrierRoamingNbIotNtn: satellite is disabled
06-15 19:59:22.635     0     0 I logd    : logdr: UID=2000 GID=2000 PID=9446 n tail=16000 logMask=99 pid=0 start=0ns deadline=0ns
06-15 19:59:24.858     0     0 I logd    : logdr: UID=2000 GID=2000 PID=9449 n tail=16000 logMask=99 pid=0 start=0ns deadline=0ns
06-15 19:59:26.480  1474  2187 I bbax    : (REDACTED) getHotwordActive::active query: %s, watch: %s, devices connected: %s
06-15 19:59:27.183     0     0 I logd    : logdr: UID=2000 GID=2000 PID=9452 n tail=16000 logMask=99 pid=0 start=0ns deadline=0ns
06-15 19:59:29.330     0     0 I logd    : logdr: UID=2000 GID=2000 PID=9455 n tail=16000 logMask=99 pid=0 start=0ns deadline=0ns
06-15 19:59:30.808  1122  1364 D SatelliteController: iisInCarrierRoamingNbIotNtn: satellite is disabled
06-15 19:59:31.478     0     0 I logd    : logdr: UID=2000 GID=2000 PID=9458 n tail=16000 logMask=99 pid=0 start=0ns deadline=0ns
06-15 19:59:33.631     0     0 I logd    : logdr: UID=2000 GID=2000 PID=9461 n tail=16000 logMask=99 pid=0 start=0ns deadline=0ns
06-15 19:59:35.774     0     0 I logd    : logdr: UID=2000 GID=2000 PID=9464 n tail=16000 logMask=99 pid=0 start=0ns deadline=0ns
06-15 19:59:37.937     0     0 I logd    : logdr: UID=2000 GID=2000 PID=9467 n tail=16000 logMask=99 pid=0 start=0ns deadline=0ns
06-15 19:59:40.125     0     0 I logd    : logdr: UID=2000 GID=2000 PID=9470 n tail=16000 logMask=99 pid=0 start=0ns deadline=0ns
06-15 19:59:40.805  1122  1364 D SatelliteController: iisInCarrierRoamingNbIotNtn: satellite is disabled
06-15 19:59:42.517     0     0 I logd    : logdr: UID=2000 GID=2000 PID=9473 n tail=16000 logMask=99 pid=0 start=0ns deadline=0ns
06-15 19:59:44.879     0     0 I logd    : logdr: UID=2000 GID=2000 PID=9476 n tail=16000 logMask=99 pid=0 start=0ns deadline=0ns
06-15 19:59:47.070     0     0 I logd    : logdr: UID=2000 GID=2000 PID=9479 n tail=16000 logMask=99 pid=0 start=0ns deadline=0ns
06-15 19:59:49.390     0     0 I logd    : logdr: UID=2000 GID=2000 PID=9482 n tail=16000 logMask=99 pid=0 start=0ns deadline=0ns
06-15 19:59:50.795  1122  1364 D SatelliteController: iisInCarrierRoamingNbIotNtn: satellite is disabled
06-15 19:59:51.687     0     0 I logd    : logdr: UID=2000 GID=2000 PID=9485 n tail=16000 logMask=99 pid=0 start=0ns deadline=0ns
06-15 19:59:52.926   720   818 W CpuMonitorService: Current CPU frequency (3882960) is greater than maximum CPU frequency (2) for policy ID (1). Skipping CPU frequency policy
06-15 19:59:52.929   720   818 W CpuMonitorService: Current CPU frequency (3928135) is greater than maximum CPU frequency (2) for policy ID (2). Skipping CPU frequency policy
06-15 19:59:52.929   720   818 W CpuMonitorService: Current CPU frequency (3906468) is greater than maximum CPU frequency (2) for policy ID (3). Skipping CPU frequency policy
06-15 19:59:53.875     0     0 I logd    : logdr: UID=2000 GID=2000 PID=9489 n tail=16000 logMask=99 pid=0 start=0ns deadline=0ns
06-15 19:59:56.111     0     0 I logd    : logdr: UID=2000 GID=2000 PID=9493 n tail=16000 logMask=99 pid=0 start=0ns deadline=0ns
06-15 19:59:58.411     0     0 I logd    : logdr: UID=2000 GID=2000 PID=9496 n tail=16000 logMask=99 pid=0 start=0ns deadline=0ns
06-15 20:00:00.029   720   755 D ActivityManager: sync unfroze 1246 com.android.settings for 3
06-15 20:00:00.038   720   755 D ActivityManager: sync unfroze 1677 com.android.keychain for 10
06-15 20:00:00.038   720   755 D ActivityManager: sync unfroze 2616 com.android.dynsystem:dynsystem for 10
06-15 20:00:00.042   720   755 D ActivityManager: sync unfroze 2580 com.android.dynsystem for 10
06-15 20:00:00.045   720   755 D ActivityManager: sync unfroze 1730 com.android.localtransport for 10
06-15 20:00:00.245  1246   356 D BatteryUsageDataLoader: loadUsageDataSafely() in the AsyncTask
06-15 20:00:00.249  1246  1246 D PeriodicJobReceiver: refresh periodic job from action=com.android.settings.battery.action.PERIODIC_JOB_UPDATE
06-15 20:00:00.293   720   765 E BluetoothPowerStatsCollector: Cannot acquire BluetoothActivityEnergyInfo
06-15 20:00:00.293   720   765 E BluetoothPowerStatsCollector: java.util.concurrent.ExecutionException: java.lang.RuntimeException: error: 11
06-15 20:00:00.293   720   765 E BluetoothPowerStatsCollector: 	at java.util.concurrent.CompletableFuture.reportGet(CompletableFuture.java:372)
06-15 20:00:00.293   720   765 E BluetoothPowerStatsCollector: 	at java.util.concurrent.CompletableFuture.get(CompletableFuture.java:2072)
06-15 20:00:00.293   720   765 E BluetoothPowerStatsCollector: 	at com.android.server.power.stats.BluetoothPowerStatsCollector.collectBluetoothActivityInfo(BluetoothPowerStatsCollector.java:192)
06-15 20:00:00.293   720   765 E BluetoothPowerStatsCollector: 	at com.android.server.power.stats.BluetoothPowerStatsCollector.collectStats(BluetoothPowerStatsCollector.java:155)
06-15 20:00:00.293   720   765 E BluetoothPowerStatsCollector: 	at com.android.server.power.stats.PowerStatsCollector.collectAndDeliverStats(PowerStatsCollector.java:176)
06-15 20:00:00.293   720   765 E BluetoothPowerStatsCollector: 	at com.android.server.power.stats.PowerStatsCollector$$ExternalSyntheticLambda0.run(R8$$SyntheticClass:0)
06-15 20:00:00.293   720   765 E BluetoothPowerStatsCollector: 	at android.os.Handler.handleCallback(Handler.java:995)
06-15 20:00:00.293   720   765 E BluetoothPowerStatsCollector: 	at android.os.Handler.dispatchMessage(Handler.java:103)
06-15 20:00:00.293   720   765 E BluetoothPowerStatsCollector: 	at android.os.Looper.loopOnce(Looper.java:248)
06-15 20:00:00.293   720   765 E BluetoothPowerStatsCollector: 	at android.os.Looper.loop(Looper.java:338)
06-15 20:00:00.293   720   765 E BluetoothPowerStatsCollector: 	at android.os.HandlerThread.run(HandlerThread.java:85)
06-15 20:00:00.293   720   765 E BluetoothPowerStatsCollector: Caused by: java.lang.RuntimeException: error: 11
06-15 20:00:00.293   720   765 E BluetoothPowerStatsCollector: 	at com.android.server.power.stats.BluetoothPowerStatsCollector$1.onBluetoothActivityEnergyInfoError(BluetoothPowerStatsCollector.java:181)
06-15 20:00:00.293   720   765 E BluetoothPowerStatsCollector: 	at android.bluetooth.BluetoothAdapter$OnBluetoothActivityEnergyInfoProxy.lambda$onBluetoothActivityEnergyInfoAvailable$0(BluetoothAdapter.java:1037)
06-15 20:00:00.293   720   765 E BluetoothPowerStatsCollector: 	at android.bluetooth.BluetoothAdapter$OnBluetoothActivityEnergyInfoProxy$$ExternalSyntheticLambda1.run(D8$$SyntheticClass:0)
06-15 20:00:00.293   720   765 E BluetoothPowerStatsCollector: 	at android.bluetooth.BluetoothUtils.lambda$executeFromBinder$0(BluetoothUtils.java:343)
06-15 20:00:00.293   720   765 E BluetoothPowerStatsCollector: 	at android.bluetooth.BluetoothUtils$$ExternalSyntheticLambda1.run(D8$$SyntheticClass:0)
06-15 20:00:00.293   720   765 E BluetoothPowerStatsCollector: 	at com.android.server.SystemServerInitThreadPool$$ExternalSyntheticLambda0.execute(R8$$SyntheticClass:0)
06-15 20:00:00.293   720   765 E BluetoothPowerStatsCollector: 	at android.bluetooth.BluetoothUtils.executeFromBinder(BluetoothUtils.java:343)
06-15 20:00:00.293   720   765 E BluetoothPowerStatsCollector: 	at android.bluetooth.BluetoothAdapter$OnBluetoothActivityEnergyInfoProxy.onBluetoothActivityEnergyInfoAvailable(BluetoothAdapter.java:1035)
06-15 20:00:00.293   720   765 E BluetoothPowerStatsCollector: 	at android.bluetooth.IBluetoothActivityEnergyInfoListener$Stub.onTransact(IBluetoothActivityEnergyInfoListener.java:98)
06-15 20:00:00.293   720   765 E BluetoothPowerStatsCollector: 	at android.os.Binder.execTransactInternal(Binder.java:1426)
06-15 20:00:00.293   720   765 E BluetoothPowerStatsCollector: 	at android.os.Binder.execTransact(Binder.java:1365)
06-15 20:00:00.295  1246  1246 D PeriodicJobManager: schedule next alarm job at Jun 15, 2026, 21:00:00
06-15 20:00:00.341   488   546 I netd    : tetherGetStats() -> {[]} <0.86ms>
06-15 20:00:00.358   720  1635 D TelephonyManager: requestModemActivityInfo: Sending result to app: ModemActivityInfo{ mTimestamp=22742954 mSleepTimeMs=2562 mIdleTimeMs=854 mActivityStatsTechSpecificInfo=[{mRat=UNKNOWN,mFrequencyRange=UNKNOWN,mTxTimeMs[]=[61, 183, 366, 488, 549],mRxTimeMs=549}]}
06-15 20:00:00.389   488   546 I netd    : tetherGetStats() -> {[]} <1.79ms>
