07-08 23:04:14.970  1888  1922 D DlbEffectContext: onDapParamUpdate() mEffectContext = 0xb4000072546223d8, back from updateEffectParams()
07-08 23:04:14.970  1888 30044 D AGM: graph: graph_open: 595 entry
07-08 23:04:14.970  1888 30044 D AGM: metadata: metadata_print: 79 *************************Metadata*************************
07-08 23:04:14.970  1888 30044 D AGM: metadata: metadata_print: 80 GKV size:4
07-08 23:04:14.970  1888 30044 D AGM: metadata: metadata_print: 83 key:0xa1000000, value:0xa100000e 
07-08 23:04:14.970  1888 30044 D AGM: metadata: metadata_print: 83 key:0xab000000, value:0x1 
07-08 23:04:14.970  1888 30044 D AGM: metadata: metadata_print: 83 key:0xa2000000, value:0xa2000001 
07-08 23:04:14.970  1888 30044 D AGM: metadata: metadata_print: 83 key:0xac000000, value:0xac000002 
07-08 23:04:14.970  1888 30044 D AGM: metadata: metadata_print: 89 CKV count:4
07-08 23:04:14.970  1888 30044 D AGM: metadata: metadata_print: 95 key:0xa4000000, value:0xf 
07-08 23:04:14.970  1888 30044 D AGM: metadata: metadata_print: 95 key:0xd2000000, value:0x0 
07-08 23:04:14.970  1888 30044 D AGM: metadata: metadata_print: 95 key:0xbe000000, value:0x3 
07-08 23:04:14.970  1888 30044 D AGM: metadata: metadata_print: 95 key:0xef000000, value:0x0 
07-08 23:04:14.970  1888 30044 D AGM: metadata: metadata_print: 102 Property ID:134217744
07-08 23:04:14.970  1888 30044 D AGM: metadata: metadata_print: 103 property count:4
07-08 23:04:14.970  1888 30044 D AGM: metadata: metadata_print: 106 Property Values: 
07-08 23:04:14.970  1888 30044 D AGM: metadata: metadata_print: 108 0x1 
07-08 23:04:14.970  1888 30044 D AGM: metadata: metadata_print: 108 0x3 
07-08 23:04:14.970  1888 30044 D AGM: metadata: metadata_print: 108 0x2 
07-08 23:04:14.970  1888 30044 D AGM: metadata: metadata_print: 108 0x5 
07-08 23:04:14.970  1888 30044 D AGM: metadata: metadata_print: 115 ****************Metadata Done***************************
07-08 23:04:14.970  1888 30044 D AGM: graph: graph_open: 690 miid 40bd mid 7001000 tag c0000002
07-08 23:04:14.970  1888 30044 D AGM: graph: graph_open: 746 miid 42c8 mid 700100a tag c0000004
07-08 23:04:14.970  1888 30044 D AGM: graph: graph_open: 690 miid 40c4 mid 7001019 tag c0000006
07-08 23:04:14.970  1888 30044 D AGM: graph: graph_open: 690 miid 40bf mid 7001005 tag c000000e
07-08 23:04:14.970  1888 30044 D AGM: graph: graph_open: 690 miid 40c0 mid 7001003 tag c0000010
07-08 23:04:14.970  1888 30044 D AGM: graph: graph_open: 690 miid 4165 mid 7001032 tag c0000013
07-08 23:04:14.970  1888 30044 I GPR:    : __gpr_cmd_register_v2:931 GPR Register: Source Port is 8210 heap_index: 0
07-08 23:04:14.970  1888 30044 I gsl     : gsl_send_spf_cmd:236 sending pkt opcode 0x1001000 token 0x00b98000
07-08 23:04:14.971   544  3103 D audioadsprpcd: vendor/qcom/proprietary/adsprpc/src/apps_std_imp.c:381: apps_std_fopen_fd done for /odm/lib/rfsa/adsp/adsp/./nlc_bgth_v1_5.so with       fopen:15us, read:0us, rpc_alloc:0us,       mmap:0us fd 0x0 error_code 0x2
07-08 23:04:14.972   544  3103 D audioadsprpcd: vendor/qcom/proprietary/adsprpc/src/apps_std_imp.c:381: apps_std_fopen_fd done for /odm/lib/rfsa/adsp/./nlc_bgth_v1_5.so with       fopen:9us, read:17us, rpc_alloc:44us,       mmap:321us fd 0xc error_code 0x0
07-08 23:04:14.972   544  3103 I audioadsprpcd: vendor/qcom/proprietary/adsprpc/src/apps_std_imp.c:1159: Successfully opened file /odm/lib/rfsa/adsp/./nlc_bgth_v1_5.so
07-08 23:04:14.972   544  3103 D audioadsprpcd: vendor/qcom/proprietary/adsprpc/src/apps_std_imp.c:381: apps_std_fopen_fd done for /odm/lib/rfsa/adsp/adsp/./libtfadsp_sb4_0_rx.so with       fopen:9us, read:0us, rpc_alloc:0us,       mmap:0us fd 0x0 error_code 0x2
07-08 23:04:14.972   544  3103 D audioadsprpcd: vendor/qcom/proprietary/adsprpc/src/apps_std_imp.c:381: apps_std_fopen_fd done for /odm/lib/rfsa/adsp/./libtfadsp_sb4_0_rx.so with       fopen:5us, read:67us, rpc_alloc:34us,       mmap:162us fd 0xe error_code 0x0
07-08 23:04:14.972   544  3103 I audioadsprpcd: vendor/qcom/proprietary/adsprpc/src/apps_std_imp.c:1159: Successfully opened file /odm/lib/rfsa/adsp/./libtfadsp_sb4_0_rx.so
07-08 23:04:14.973 31151 31151 I Capacitor/Console: File:  - Line 333 - Msg: {"ok":true,"wiredDacStabilityEnabled":true}
07-08 23:04:14.973 31151  3354 V Capacitor/Plugin: To native (Capacitor plugin): callbackId: 23866512, pluginId: NativeExoPlayback, methodName: setGaplessEnabled
07-08 23:04:14.973 31151  3354 V Capacitor: callback: 23866512, pluginId: NativeExoPlayback, methodName: setGaplessEnabled, methodData: {"enabled":false}
07-08 23:04:14.973 31151 31151 I Capacitor/Console: File:  - Line 349 - Msg: [object Object]
07-08 23:04:14.973 31151 31151 I Capacitor/Console: File:  - Line 333 - Msg: {"ok":true,"message":"ExoPlayer ready."}
07-08 23:04:14.974 31151  3354 V Capacitor/Plugin: To native (Capacitor plugin): callbackId: 23866513, pluginId: NativeExoPlayback, methodName: setCrossfadeEnabled
07-08 23:04:14.974 31151 31151 I Capacitor/Console: File:  - Line 333 - Msg: {"ok":true,"gaplessEnabled":false}
07-08 23:04:14.974 31151  3354 V Capacitor: callback: 23866513, pluginId: NativeExoPlayback, methodName: setCrossfadeEnabled, methodData: {"enabled":false,"durationMs":2500,"gaplessDurationMs":600}
07-08 23:04:14.974 31151 31151 I Capacitor/Console: File:  - Line 349 - Msg: [object Object]
07-08 23:04:14.976 31151  3354 V Capacitor/Plugin: To native (Capacitor plugin): callbackId: 23866514, pluginId: NativeExoPlayback, methodName: getLockerBlobUri
07-08 23:04:14.976 31151 31151 I Capacitor/Console: File:  - Line 349 - Msg: [object Object]
07-08 23:04:14.976 31151  3354 V Capacitor: callback: 23866514, pluginId: NativeExoPlayback, methodName: getLockerBlobUri, methodData: {"id":"locker-1783418629869-k1cw5k"}
07-08 23:04:14.977  1888 30044 I gsl     : gsl_send_spf_cmd:282 rcvd pkt token : 0xb98000
07-08 23:04:14.977  1888 30044 E gsl     : gsl_graph_check_ckvs:900 CKVs mismatched. ACDB CKVs count 2 CKVs sent from HAL count 4
07-08 23:04:14.977  1888 30044 I gsl     : gsl_graph_check_kv:792 can't find ckv: 0xd2000000, 0
07-08 23:04:14.977  1888 30044 I gsl     : gsl_graph_check_kv:792 can't find ckv: 0xbe000000, 3
07-08 23:04:14.977  1888 30044 I gsl     : gsl_send_spf_cmd:236 sending pkt opcode 0x1001006 token 0x00b99000
07-08 23:04:14.978 31151  3354 V Capacitor/Plugin: To native (Capacitor plugin): callbackId: 23866515, pluginId: NativeExoPlayback, methodName: setCrossfadeEnabled
07-08 23:04:14.978 31151  3354 V Capacitor: callback: 23866515, pluginId: NativeExoPlayback, methodName: setCrossfadeEnabled, methodData: {"enabled":false,"durationMs":2500,"gaplessDurationMs":600}
07-08 23:04:14.979  1888 30044 I gsl     : gsl_send_spf_cmd:282 rcvd pkt token : 0xb99000
07-08 23:04:14.979  1888 30044 E ACDB    : AcdbCmdGetProcSubgraphCalDataPersist:8250 Error[19]: No calibration found
07-08 23:04:14.979  1888 30044 E ACDB    : AcdbCmdGetProcSubgraphCalDataPersist:8250 Error[19]: No calibration found
07-08 23:04:14.979  1888 30044 E ACDB    : AcdbCmdGetProcSubgraphCalDataPersist:8250 Error[19]: No calibration found
07-08 23:04:14.979  1888 30044 E ACDB    : AcdbCmdGetProcSubgraphCalDataPersist:8250 Error[19]: No calibration found
07-08 23:04:14.979  1888 30044 D AGM: graph: graph_open: 790 graph_handle 0x247534c
07-08 23:04:14.979  1888 30044 D AGM: graph: graph_open: 830 exit, ret 0
07-08 23:04:14.979  1888 30044 D AGM: graph: graph_set_config: 1225 entry graph_handle 0x247534c
07-08 23:04:14.979  1888 30044 I gsl     : gsl_send_spf_cmd:236 sending pkt opcode 0x1001006 token 0x00b9a000
07-08 23:04:14.979 31151 31151 I Capacitor/Console: File:  - Line 333 - Msg: {"ok":true,"gaplessEnabled":false}
07-08 23:04:14.979  1888 30044 I gsl     : gsl_send_spf_cmd:282 rcvd pkt token : 0xb9a000
07-08 23:04:14.979  1888 30044 D AGM: graph: graph_set_config: 1233 exit, graph handle 0x247534c, ret 0
07-08 23:04:14.979  1888 30044 D agm_client_wrapper: agm_session_open Received handle = 0x72308d6790 , *handle = b400007256176880
07-08 23:04:14.979  1888 30044 D PLUGIN: pcm: agm_pcm_hw_params: 505 agm_pcm_hw_params: mode: 0
07-08 23:04:14.979 31151 31151 I Capacitor/Console: File:  - Line 349 - Msg: [object Object]
07-08 23:04:14.979  1888 30044 I PAL: SessionAlsaUtils: getModuleInstanceId: 1247: tag_id 0xc0000019, MIID is 0x40c8
07-08 23:04:14.979  1888 30044 D PAL: Session: configureMFC: 950: miid : 40c8 id = 126, data MI2S-LPAIF-RX-SECONDARY, dev id = 3
07-08 23:04:14.979  1888 30044 I PAL_PayloadBuilder: payloadMFCConfig: 977: sample_rate:48000 bit_width:24 num_channels:2 Miid:16584
07-08 23:04:14.979  1888 30044 I PAL: Session: updateCustomPayload: 622: customPayloadSize = 32
07-08 23:04:14.979  1888 30044 D AGM: graph: graph_set_config: 1225 entry graph_handle 0x247534c
07-08 23:04:14.979  1888 30044 I gsl     : gsl_send_spf_cmd:236 sending pkt opcode 0x1001006 token 0x00b9b000
07-08 23:04:14.979 31151 31151 I Capacitor/Console: File:  - Line 333 - Msg: {"ok":true,"crossfadeEnabled":false,"durationMs":2500}
07-08 23:04:14.979  1888 30044 I gsl     : gsl_send_spf_cmd:282 rcvd pkt token : 0xb9b000
07-08 23:04:14.979  1888 30044 D AGM: graph: graph_set_config: 1233 exit, graph handle 0x247534c, ret 0
07-08 23:04:14.979  1888 30044 I PAL: SessionAlsaUtils: getModuleInstanceId: 1247: tag_id 0xc0000039, MIID is 0x4176
07-08 23:04:14.979  1888 30044 D PAL: Session: handleDeviceRotation: 714: miid : 4176 id = 126, data MI2S-LPAIF-RX-SECONDARY, dev id = 3
07-08 23:04:14.979  1888 30044 I PAL: Session: updateCustomPayload: 622: customPayloadSize = 40
07-08 23:04:14.979  1888 30044 D AGM: graph: graph_set_config: 1225 entry graph_handle 0x247534c
07-08 23:04:14.979  1888 30044 I gsl     : gsl_send_spf_cmd:236 sending pkt opcode 0x1001006 token 0x00b9c000
07-08 23:04:14.979 31151  3354 V Capacitor/Plugin: To native (Capacitor plugin): callbackId: 23866516, pluginId: NativeExoPlayback, methodName: setBitPerfectEnabled
07-08 23:04:14.979 31151  3354 V Capacitor: callback: 23866516, pluginId: NativeExoPlayback, methodName: setBitPerfectEnabled, methodData: {"enabled":false}
07-08 23:04:14.979  1888 30044 I gsl     : gsl_send_spf_cmd:282 rcvd pkt token : 0xb9c000
07-08 23:04:14.979  1888 30044 D AGM: graph: graph_set_config: 1233 exit, graph handle 0x247534c, ret 0
07-08 23:04:14.979  1888 30044 D PAL: Session: setInitialVolume: 1242: Enter
07-08 23:04:14.979 31151 31151 I Capacitor/Console: File:  - Line 349 - Msg: [object Object]
07-08 23:04:14.979  1888 30044 D PAL: SessionAlsaPcm: setConfig: 664: Enter tag: -1073741811
07-08 23:04:14.980  1888 30044 D PAL: Stream: getVolumeData: 747: num config 1
07-08 23:04:14.980  1888 30044 I gsl     : gsl_send_spf_cmd:236 sending pkt opcode 0x1001006 token 0x00b9d000
07-08 23:04:14.980 31151 31151 I AudioEffect: setParameter(): 0xb4000070b5e61800, param: 0, param2: -1
07-08 23:04:14.980  2212  4516 D EffectHalHidl: audioSchedBoost, set audiohal task boost, pid=2212, tid=4516, ret=0
07-08 23:04:14.980  1888 30044 I gsl     : gsl_send_spf_cmd:282 rcvd pkt token : 0xb9d000
07-08 23:04:14.980  1888 30044 E ACDB    : AcdbCmdGetProcSubgraphCalDataPersist:8250 Error[19]: No calibration found
07-08 23:04:14.980  1888 30044 E ACDB    : AcdbCmdGetProcSubgraphCalDataPersist:8250 Error[19]: No calibration found
07-08 23:04:14.980  1888 30044 E ACDB    : AcdbCmdGetProcSubgraphCalDataPersist:8250 Error[19]: No calibration found
07-08 23:04:14.980  1888 30044 E ACDB    : AcdbCmdGetProcSubgraphCalDataPersist:8250 Error[19]: No calibration found
07-08 23:04:14.980  1888 30044 D PAL: SessionAlsaPcm: setConfig: 810: exit status: 0 
07-08 23:04:14.980  1888 30044 D PAL: Session: setInitialVolume: 1335: Exit status: 0
07-08 23:04:14.980  1888 30044 D PAL: SessionAlsaPcm: start: 1820: pcmLpmRefCnt 0
07-08 23:04:14.980  1888 30044 D audio_route: Apply path: PM_QOS_Vote
07-08 23:04:14.980  1888 30044 D PAL: Session: setPmQosMixerCtl: 112: mixer control enabled for PM_QOS Vote 
07-08 23:04:14.980  1888 30044 D AGM: graph: graph_prepare: 906 entry graph_handle 0x247534c
07-08 23:04:14.980  1888 30044 D AGM: graph_module: configure_pcm_shared_mem_ep: 1769 entry mod tag c0000002 miid 40bd mid 7001000
07-08 23:04:14.980  1888 30044 I gsl     : gsl_send_spf_cmd:236 sending pkt opcode 0x1001006 token 0x00b9e000
07-08 23:04:14.980  2212  4516 D EffectHalHidl: audioSchedBoost, set audiohal task boost, pid=2212, tid=4516, ret=0
07-08 23:04:14.980 31151  3274 D Capacitor: Handling local request: https://localhost/
07-08 23:04:14.980  1888 30044 I gsl     : gsl_send_spf_cmd:282 rcvd pkt token : 0xb9e000
07-08 23:04:14.980  1888 30044 D AGM: graph_module: configure_pcm_shared_mem_ep: 1845 exit, ret 0
07-08 23:04:14.980  1888 30044 D AGM: graph_module: configure_hw_ep_media_config: 705 entry mod tag c0000004 miid 42c8 mid 700100a
07-08 23:04:14.980  1888 30044 D AGM: graph_module: configure_hw_ep_media_config: 735 rate 48000 bw 24 ch 2, data_fmt 1
07-08 23:04:14.980  1888 30044 I gsl     : gsl_send_spf_cmd:236 sending pkt opcode 0x1001006 token 0x00b9f000
07-08 23:04:14.980  1888 30044 I gsl     : gsl_send_spf_cmd:282 rcvd pkt token : 0xb9f000
07-08 23:04:14.980  1888 30044 D AGM: graph_module: configure_hw_ep_media_config: 745 exit, ret 0
07-08 23:04:14.980 31151 31151 I Capacitor/Console: File:  - Line 333 - Msg: {}
07-08 23:04:14.980  1888 30044 I gsl     : gsl_send_spf_cmd:236 sending pkt opcode 0x1001006 token 0x00ba0000
07-08 23:04:14.980 31151  3354 V Capacitor/Plugin: To native (Capacitor plugin): callbackId: 23866517, pluginId: NativeExoPlayback, methodName: importLockerBlobFromPath
07-08 23:04:14.981 31151  3354 V Capacitor: callback: 23866517, pluginId: NativeExoPlayback, methodName: importLockerBlobFromPath, methodData: {"id":"locker-1783418629869-k1cw5k","sourcePath":"file:\/\/\/data\/user\/0\/rd.sheepskin.sandboxmusic\/cache\/ytdlp-playback\/A8bE-MPs0K0.mp4"}
07-08 23:04:14.981  1888 30044 I gsl     : gsl_send_spf_cmd:282 rcvd pkt token : 0xba0000
07-08 23:04:14.981  1888 30044 D AGM: graph_module: configure_i2s_ep: 426 exit, ret 0
07-08 23:04:14.981  1888 30044 D AGM: graph_module: configure_output_media_format: 828 entry mod tag c000000e miid 40bf mid 7001005
07-08 23:04:14.981  1888 30044 I gsl     : gsl_send_spf_cmd:236 sending pkt opcode 0x1001006 token 0x00ba1000
07-08 23:04:14.981 31151 31151 I Capacitor/Console: File:  - Line 349 - Msg: [object Object]
07-08 23:04:14.981  1888 30044 I gsl     : gsl_send_spf_cmd:282 rcvd pkt token : 0xba1000
07-08 23:04:14.981  1888 30044 D AGM: graph_module: configure_output_media_format: 959 exit, ret 0
07-08 23:04:14.981  1888 30044 D AGM: graph_module: configure_output_media_format: 828 entry mod tag c0000010 miid 40c0 mid 7001003
07-08 23:04:14.981  1888 30044 I gsl     : gsl_send_spf_cmd:236 sending pkt opcode 0x1001006 token 0x00ba2000
07-08 23:04:14.981  1888 30044 I gsl     : gsl_send_spf_cmd:282 rcvd pkt token : 0xba2000
07-08 23:04:14.981  1888 30044 D AGM: graph_module: configure_output_media_format: 959 exit, ret 0
07-08 23:04:14.981  1888 30044 D AGM: graph_module: configure_spr: 1973 SPR module IID 4165
07-08 23:04:14.981  1888 30044 D AGM: graph_module: configure_spr: 1996 HW EP module IID 42c8
07-08 23:04:14.982 31151 31151 D Capacitor: Sending plugin error: {"save":false,"callbackId":"23866517","pluginId":"NativeExoPlayback","methodName":"importLockerBlobFromPath","success":false,"error":{"message":"source file missing: \/data\/user\/0\/rd.sheepskin.sandboxmusic\/cache\/ytdlp-playback\/A8bE-MPs0K0.mp4"}}
07-08 23:04:14.984 31151 31151 I Capacitor/Console: File:  - Line 333 - Msg: {"ok":true,"crossfadeEnabled":false,"durationMs":2500}
07-08 23:04:14.984 31151  3354 V Capacitor/Plugin: To native (Capacitor plugin): callbackId: 23866518, pluginId: NativeExoPlayback, methodName: setBitPerfectEnabled
07-08 23:04:14.984 31151  3354 V Capacitor: callback: 23866518, pluginId: NativeExoPlayback, methodName: setBitPerfectEnabled, methodData: {"enabled":false}
07-08 23:04:14.984 31151 31151 I Capacitor/Console: File:  - Line 349 - Msg: [object Object]
07-08 23:04:14.984 31151 31151 I AudioEffect: setParameter(): 0xb4000070b5e61800, param: 0, param2: -1
07-08 23:04:14.984  2212  4516 D EffectHalHidl: audioSchedBoost, set audiohal task boost, pid=2212, tid=4516, ret=0
07-08 23:04:14.984  2212  4516 D EffectHalHidl: audioSchedBoost, set audiohal task boost, pid=2212, tid=4516, ret=0
07-08 23:04:14.985 31151 31151 I Capacitor/Console: File:  - Line 333 - Msg: {"ok":true,"bitPerfectEnabled":false,"bitPerfectActive":false}
07-08 23:04:14.985 31151 31151 E Capacitor/Console: File:  - Line 330 - Msg: [object Object]
07-08 23:04:14.986 31151 31151 W Capacitor/Console: File: https://localhost/assets/tier34-client-Cl7SVO_u.js - Line 2 - Msg: [nativeExoLockerBridge] import from file failed: Error: source file missing: /data/user/0/rd.sheepskin.sandboxmusic/cache/ytdlp-playback/A8bE-MPs0K0.mp4
07-08 23:04:14.986  5767  9796 I AEC.a   : getDapParameter(2, 104) return: [0]
07-08 23:04:14.986  5767  9796 I AEC.a   : getDapParameter(104) return: [0]
07-08 23:04:14.986  5767  9796 I AEC.a   : getIeqPreset() return: 0
07-08 23:04:14.987  5767  9796 D AudioEffect-JAVA: getParameter is not Oplus command!
07-08 23:04:14.987  5767  9796 I AudioEffect: getParameter: param: 2, param2: -1
07-08 23:04:14.987  2212  4516 D EffectHalHidl: audioSchedBoost, set audiohal task boost, pid=2212, tid=4516, ret=0
07-08 23:04:14.987  2212  4516 D EffectHalHidl: audioSchedBoost, set audiohal task boost, pid=2212, tid=4516, ret=0
07-08 23:04:14.987  5767  9796 I AEC.a   : getPortDeviceNameLength(0) return: 745
07-08 23:04:14.988  5767  9796 D AudioEffect-JAVA: getParameter is not Oplus command!
07-08 23:04:14.988  5767  9796 I AudioEffect: getParameter: param: 4, param2: -1
07-08 23:04:14.988  2212  4516 D EffectHalHidl: audioSchedBoost, set audiohal task boost, pid=2212, tid=4516, ret=0
07-08 23:04:14.988  2212  4516 D EffectHalHidl: audioSchedBoost, set audiohal task boost, pid=2212, tid=4516, ret=0
07-08 23:04:14.988  5767  9796 I AEC.a   : getSelectedTuningDevice(0) return: default_speaker_landscape_music_vol3Ŕ€Ŕ€Ŕ€Ŕ€Ŕ€Ŕ€Ŕ€Ŕ€Ŕ€Ŕ€Ŕ€Ŕ€Ŕ€Ŕ€Ŕ€Ŕ€Ŕ€Ŕ€Ŕ€Ŕ€Ŕ€Ŕ€Ŕ€Ŕ€Ŕ€Ŕ€Ŕ€Ŕ€Ŕ€Ŕ€Ŕ€Ŕ€Ŕ€Ŕ€Ŕ€Ŕ€Ŕ€Ŕ€Ŕ€Ŕ€Ŕ€Ŕ€Ŕ€Ŕ€Ŕ€Ŕ€Ŕ€Ŕ€Ŕ€Ŕ€Ŕ€Ŕ€Ŕ€Ŕ€Ŕ€Ŕ€Ŕ€Ŕ€Ŕ€Ŕ€Ŕ€Ŕ€Ŕ€Ŕ€Ŕ€Ŕ€Ŕ€Ŕ€Ŕ€Ŕ€Ŕ€Ŕ€Ŕ€Ŕ€Ŕ€Ŕ€Ŕ€Ŕ€Ŕ€Ŕ€Ŕ€Ŕ€Ŕ€Ŕ€Ŕ€Ŕ€Ŕ€Ŕ€Ŕ€Ŕ€Ŕ€Ŕ€Ŕ€Ŕ€Ŕ€Ŕ€Ŕ€Ŕ€Ŕ€Ŕ€Ŕ€Ŕ€Ŕ€Ŕ€Ŕ€Ŕ€Ŕ€Ŕ€Ŕ€Ŕ€Ŕ€Ŕ€Ŕ€Ŕ€Ŕ€Ŕ€Ŕ€Ŕ€Ŕ€Ŕ€Ŕ€Ŕ€Ŕ€Ŕ€Ŕ€Ŕ€Ŕ€Ŕ€Ŕ€Ŕ€Ŕ€Ŕ€Ŕ€Ŕ€Ŕ€Ŕ€Ŕ€Ŕ€Ŕ€Ŕ€Ŕ€Ŕ€Ŕ€Ŕ€Ŕ€Ŕ€Ŕ€Ŕ€Ŕ€Ŕ€Ŕ€Ŕ€Ŕ€Ŕ€Ŕ€Ŕ€Ŕ€Ŕ€Ŕ€Ŕ€Ŕ€Ŕ€Ŕ€Ŕ€Ŕ€Ŕ€Ŕ€Ŕ€Ŕ€Ŕ€Ŕ€Ŕ€Ŕ€Ŕ€Ŕ€Ŕ€Ŕ€Ŕ€Ŕ€Ŕ€Ŕ€Ŕ€Ŕ€Ŕ€Ŕ€Ŕ€Ŕ€Ŕ€Ŕ€Ŕ€Ŕ€Ŕ€Ŕ€Ŕ€Ŕ€Ŕ€Ŕ€Ŕ€Ŕ€Ŕ€Ŕ€Ŕ€Ŕ€Ŕ€Ŕ€Ŕ€Ŕ€Ŕ€Ŕ€Ŕ€Ŕ€Ŕ€Ŕ€Ŕ€Ŕ€Ŕ€Ŕ€Ŕ€Ŕ€Ŕ€Ŕ€Ŕ€Ŕ€Ŕ€Ŕ€Ŕ€Ŕ€Ŕ€Ŕ€Ŕ€Ŕ€Ŕ€Ŕ€Ŕ€Ŕ€Ŕ€Ŕ€Ŕ€Ŕ€Ŕ€Ŕ€Ŕ€Ŕ€Ŕ€Ŕ€Ŕ€Ŕ€Ŕ€Ŕ€Ŕ€Ŕ€Ŕ€Ŕ€Ŕ€Ŕ€Ŕ€Ŕ€Ŕ€Ŕ€Ŕ€Ŕ€Ŕ€Ŕ€Ŕ€Ŕ€Ŕ€Ŕ€Ŕ€Ŕ€Ŕ€Ŕ€Ŕ€Ŕ€Ŕ€Ŕ€Ŕ€Ŕ€Ŕ€Ŕ€Ŕ€Ŕ€Ŕ€Ŕ€Ŕ€Ŕ€Ŕ€Ŕ€Ŕ€Ŕ€Ŕ€Ŕ€Ŕ€Ŕ€Ŕ€Ŕ€Ŕ€Ŕ€Ŕ€Ŕ€Ŕ€Ŕ€Ŕ€Ŕ€Ŕ€Ŕ€Ŕ€Ŕ€Ŕ€Ŕ€Ŕ€Ŕ€Ŕ€Ŕ€Ŕ€Ŕ€Ŕ€Ŕ€Ŕ€Ŕ€Ŕ€Ŕ€Ŕ€Ŕ€Ŕ€Ŕ€Ŕ€Ŕ€Ŕ€Ŕ€Ŕ€Ŕ€Ŕ€Ŕ€Ŕ€Ŕ€Ŕ€Ŕ€Ŕ€Ŕ€Ŕ€Ŕ€Ŕ€Ŕ€Ŕ€Ŕ€Ŕ€Ŕ€Ŕ€Ŕ€Ŕ€Ŕ€Ŕ€Ŕ€Ŕ€Ŕ€Ŕ€Ŕ€Ŕ€Ŕ€Ŕ€Ŕ€Ŕ€Ŕ€Ŕ€Ŕ€Ŕ€Ŕ€Ŕ€Ŕ€Ŕ€Ŕ€Ŕ€Ŕ€Ŕ€Ŕ€Ŕ€Ŕ€Ŕ€Ŕ€Ŕ€Ŕ€Ŕ€Ŕ€Ŕ€Ŕ€Ŕ€Ŕ€Ŕ€Ŕ€Ŕ€Ŕ€Ŕ€Ŕ€Ŕ€Ŕ€Ŕ€Ŕ€Ŕ€Ŕ€Ŕ€Ŕ€Ŕ€Ŕ€Ŕ€Ŕ€Ŕ€Ŕ€Ŕ€Ŕ€Ŕ€Ŕ€Ŕ€Ŕ€Ŕ€Ŕ€Ŕ€Ŕ€Ŕ€Ŕ€Ŕ€Ŕ€Ŕ€Ŕ€Ŕ€Ŕ€Ŕ€Ŕ€Ŕ€Ŕ€Ŕ€Ŕ€Ŕ€Ŕ€Ŕ€Ŕ€Ŕ€Ŕ€Ŕ€Ŕ€Ŕ€Ŕ€Ŕ€Ŕ€Ŕ€Ŕ€Ŕ€Ŕ€Ŕ€Ŕ€Ŕ€Ŕ€Ŕ€Ŕ€Ŕ€Ŕ€Ŕ€Ŕ€Ŕ€Ŕ€Ŕ€Ŕ€Ŕ€Ŕ€Ŕ€Ŕ€Ŕ€Ŕ€Ŕ€Ŕ€Ŕ€Ŕ€Ŕ€Ŕ€Ŕ€Ŕ€Ŕ€Ŕ€Ŕ€Ŕ€Ŕ€Ŕ€Ŕ€Ŕ€Ŕ€Ŕ€Ŕ€Ŕ€Ŕ€Ŕ€Ŕ€Ŕ€Ŕ€Ŕ€Ŕ€Ŕ€Ŕ€Ŕ€Ŕ€Ŕ€Ŕ€Ŕ€Ŕ€Ŕ€Ŕ€Ŕ€Ŕ€Ŕ€Ŕ€Ŕ€Ŕ€Ŕ€Ŕ€Ŕ€Ŕ€Ŕ€Ŕ€Ŕ€Ŕ€Ŕ€Ŕ€Ŕ€Ŕ€Ŕ€Ŕ€Ŕ€Ŕ€Ŕ€Ŕ€Ŕ€Ŕ€Ŕ€Ŕ€Ŕ€Ŕ€Ŕ€Ŕ€Ŕ€Ŕ€Ŕ€Ŕ€Ŕ€Ŕ€Ŕ€Ŕ€Ŕ€Ŕ€Ŕ€Ŕ€Ŕ€Ŕ€Ŕ€Ŕ€Ŕ€Ŕ€Ŕ€Ŕ€Ŕ€Ŕ€Ŕ€Ŕ€Ŕ€Ŕ€Ŕ€Ŕ€Ŕ€Ŕ€Ŕ€Ŕ€Ŕ€Ŕ€Ŕ€Ŕ€Ŕ€Ŕ€Ŕ€Ŕ€Ŕ€Ŕ€Ŕ€Ŕ€Ŕ€Ŕ€Ŕ€Ŕ€Ŕ€Ŕ€Ŕ€Ŕ€Ŕ€Ŕ€Ŕ€Ŕ€Ŕ€Ŕ€Ŕ€Ŕ€Ŕ€Ŕ€Ŕ€Ŕ€Ŕ€Ŕ€Ŕ€Ŕ€Ŕ€Ŕ€Ŕ€Ŕ€Ŕ€Ŕ€Ŕ€Ŕ€Ŕ€Ŕ€Ŕ€Ŕ€Ŕ€Ŕ€Ŕ€Ŕ€Ŕ€Ŕ€Ŕ€Ŕ€Ŕ€Ŕ€Ŕ€Ŕ€Ŕ€Ŕ€Ŕ€Ŕ€Ŕ€Ŕ€Ŕ€Ŕ€Ŕ€Ŕ€Ŕ€Ŕ€Ŕ€Ŕ€Ŕ€Ŕ€Ŕ€Ŕ€Ŕ€Ŕ€Ŕ€Ŕ€Ŕ€Ŕ€Ŕ€Ŕ€Ŕ€Ŕ€Ŕ€Ŕ€Ŕ€Ŕ€Ŕ€Ŕ€Ŕ€Ŕ€Ŕ€Ŕ€Ŕ€Ŕ€Ŕ€Ŕ€Ŕ€Ŕ€Ŕ€Ŕ€Ŕ€Ŕ€Ŕ€Ŕ€Ŕ€Ŕ€Ŕ€Ŕ€Ŕ€Ŕ€Ŕ€Ŕ€Ŕ€Ŕ€Ŕ€Ŕ€Ŕ€Ŕ€Ŕ€Ŕ€Ŕ€Ŕ€Ŕ€Ŕ€Ŕ€Ŕ€Ŕ€Ŕ€Ŕ€Ŕ€Ŕ€Ŕ€Ŕ€Ŕ€Ŕ€Ŕ€Ŕ€Ŕ€
07-08 23:04:14.988  5767  9796 I AEC.a   : setSelectedTuningDevice(0, default_speaker_landscape_music_vol3)
07-08 23:04:14.988  5767  9796 I AudioEffect: setParameter(): 0xb4000073d2025200, param: 4, param2: -1
07-08 23:04:14.988  2212  4516 D EffectHalHidl: audioSchedBoost, set audiohal task boost, pid=2212, tid=4516, ret=0
07-08 23:04:14.989  2212  4516 D EffectHalHidl: audioSchedBoost, set audiohal task boost, pid=2212, tid=4516, ret=0
07-08 23:04:14.989  2029  2110 V DolbyManagerService: doOnDapParamUpdate() entry
07-08 23:04:14.989  2029  2110 V DolbyManagerService: doOnDapParamUpdate() exit
07-08 23:04:14.989  3425  4788 V AudioServiceExtImpl: oplusGetParameters() keyValuePairs:OPLUS_AUDIO_GET_DEVICE_VOLUME_INDEX_FORMUSIC:2, uid: 1000
07-08 23:04:14.989  3425  4788 D AudioServiceExtImpl: KEYS_GET_DEVICE_VOLUME_INDEX vol:102 device2
07-08 23:04:14.990  3425  4788 V AudioServiceExtImpl: oplusGetParameters() keyValuePairs:OPLUS_AUDIO_GET_DEVICE_FORSTREAM:3, uid: 1000
07-08 23:04:14.990  5767  9796 E AEC.h   : setSpkVolParam(): new value: 10; old value: -1
07-08 23:04:14.990  3425  4788 I AS.SpatializerHelper: isEnabled false
07-08 23:04:14.990  5767  9796 E AEC.h   : setParameter failed because spatializer is not available! 
07-08 23:04:14.990  5767  9796 E AEC.h   : setFlodingModeParam param is the same
07-08 23:04:14.990  3425  4788 V AudioServiceExtImpl: oplusGetParameters() keyValuePairs:OPLUS_AUDIO_GET_DEVICE_FORSTREAM:3, uid: 1000
07-08 23:04:14.991  5767  9796 E AEC.h   : setRevChnParam param is the same
07-08 23:04:14.991  5767  9796 E AEC.h   : setRotationParam(): new value: 0; old value: -1
07-08 23:04:14.991  3425  4788 I AS.SpatializerHelper: isEnabled false
07-08 23:04:14.991  5767  9796 E AEC.h   : setParameter failed because spatializer is not available! 
07-08 23:04:14.991  5767  9796 E AEC.h   : setSpatBtTypeParam Bluetooth is not connected! 
07-08 23:04:14.991  5767  9796 I AEC.h   : restoreValue mBackupProfile: 0
07-08 23:04:14.991  5767  9796 E AEC.h   : setSpatProfileParam(): new value: 0; old value:-1
07-08 23:04:14.991  3425  4788 I AS.SpatializerHelper: isEnabled false
07-08 23:04:14.991  5767  9796 E AEC.h   : setParameter failed because spatializer is not available! 
07-08 23:04:15.002  3425  4615 I OplusHansManager : cgroup failed, unfreeze uid: 10299 jp.naver.line.android pids: [] reason: exitFF scene: LcdOn|FastFreezer
07-08 23:04:15.003  3425  4615 I OplusHansManager : unfreeze uid: 10299 jp.naver.line.android pids: [] reason: exitFF scene: LcdOn|FastFreezer
07-08 23:04:15.003  3425  4615 I OplusHansManager : cgroup failed, unfreeze uid: 10303 com.facebook.orca pids: [] reason: exitFF scene: LcdOn|FastFreezer
07-08 23:04:15.003  3425  4615 I OplusHansManager : unfreeze uid: 10303 com.facebook.orca pids: [] reason: exitFF scene: LcdOn|FastFreezer
07-08 23:04:15.003  3425  4615 I OplusHansManager : cgroup failed, unfreeze uid: 10307 com.shopee.th pids: [] reason: exitFF scene: LcdOn|FastFreezer
07-08 23:04:15.003  3425  4615 I OplusHansManager : unfreeze uid: 10307 com.shopee.th pids: [] reason: exitFF scene: LcdOn|FastFreezer
07-08 23:04:15.003  3425  4615 I OplusHansManager : cgroup failed, unfreeze uid: 10323 com.twitter.android pids: [] reason: exitFF scene: LcdOn|FastFreezer
07-08 23:04:15.003 31151 31151 I Capacitor/Console: File:  - Line 333 - Msg: {"ok":true,"bitPerfectEnabled":false,"bitPerfectActive":false}
07-08 23:04:15.003  3425  4615 I OplusHansManager : unfreeze uid: 10323 com.twitter.android pids: [] reason: exitFF scene: LcdOn|FastFreezer
07-08 23:04:15.003  3425  4615 I OplusHansManager : cgroup failed, unfreeze uid: 10328 me.proton.android.calendar pids: [] reason: exitFF scene: LcdOn|FastFreezer
07-08 23:04:15.004  3425  4615 I OplusHansManager : unfreeze uid: 10328 me.proton.android.calendar pids: [] reason: exitFF scene: LcdOn|FastFreezer
07-08 23:04:15.004  3425  4615 I OplusHansManager : cgroup failed, unfreeze uid: 10341 me.proton.android.drive pids: [] reason: exitFF scene: LcdOn|FastFreezer
07-08 23:04:15.004  3425  4615 I OplusHansManager : unfreeze uid: 10341 me.proton.android.drive pids: [] reason: exitFF scene: LcdOn|FastFreezer
07-08 23:04:15.004  3425  4615 I OplusHansManager : cgroup failed, unfreeze uid: 10357 ch.protonvpn.android pids: [] reason: exitFF scene: LcdOn|FastFreezer
07-08 23:04:15.004  3425  4615 I OplusHansManager : unfreeze uid: 10357 ch.protonvpn.android pids: [] reason: exitFF scene: LcdOn|FastFreezer
07-08 23:04:15.004  3425  4615 I OplusHansManager : cgroup failed, unfreeze uid: 10429 org.mozilla.firefox pids: [] reason: exitFF scene: LcdOn|FastFreezer
07-08 23:04:15.004  3425  4615 I OplusHansManager : unfreeze uid: 10429 org.mozilla.firefox pids: [] reason: exitFF scene: LcdOn|FastFreezer
07-08 23:04:15.004  3425  4615 I OplusHansManager : cgroup failed, unfreeze uid: 10438 ch.protonmail.android pids: [] reason: exitFF scene: LcdOn|FastFreezer
07-08 23:04:15.004  3425  4615 I OplusHansManager : unfreeze uid: 10438 ch.protonmail.android pids: [] reason: exitFF scene: LcdOn|FastFreezer
07-08 23:04:15.005  3425  4615 I OplusHansManager : cgroup failed, unfreeze uid: 10441 com.jorlek.queqcustomer pids: [] reason: exitFF scene: LcdOn|FastFreezer
07-08 23:04:15.005  3425  4615 I OplusHansManager : unfreeze uid: 10441 com.jorlek.queqcustomer pids: [] reason: exitFF scene: LcdOn|FastFreezer
07-08 23:04:15.005  3425  4615 I OplusHansManager : exit FF, ufzUids: [10441, 10438, 10429, 10357, 10341, 10328, 10323, 10307, 10303, 10299] thaw: [], r: exitFF
07-08 23:04:15.006  6216  6321 E horae   : 0: target_temp:37500, back:37500,frame:37500,front:37500, 5, +(0), 1 ,37500, algo:0
07-08 23:04:15.006  3247  3320 I chromium: [INFO:media/base/audio_latency.cc:142] audioHardwareBufferSize = 192
07-08 23:04:15.006  3425  4615 I OplusHansManager : notify state machine event=FF_EXIT to uids=[10039, 10180, 10299, 10303, 10305, 10307, 10323, 10328, 10341, 10357, 10410, 10429, 10438, 10441, 10447, 10470, 10491, 10496, 10498, 10505, 10506, 10507, 10510, 10511, 10519, 10521, 10526, 10533, 10544]
07-08 23:04:15.007 31151  3354 V Capacitor/Plugin: To native (Capacitor plugin): callbackId: 23866519, pluginId: NativeExoPlayback, methodName: getLockerBlobUri
07-08 23:04:15.007 31151 31151 I Capacitor/Console: File:  - Line 349 - Msg: [object Object]
07-08 23:04:15.007 31151  3295 I AAudio  : AAudioStreamBuilder_openStream() called ----------------------------------------
07-08 23:04:15.007 31151  3295 I AudioStreamBuilder: rate   =  48000, channels  = 2, channelMask = 0x3, format   = 5, sharing = SH, dir = OUTPUT
07-08 23:04:15.007 31151  3295 I AudioStreamBuilder: device = AUDIO_PORT_HANDLE_NONE, sessionId = -1, perfMode = 12, callback: ON with frames = 192, error callback: ON
07-08 23:04:15.007 31151  3295 I AudioStreamBuilder: usage  =      1, contentType = 0, inputPreset = 0, allowedCapturePolicy = 0
07-08 23:04:15.007 31151  3295 I AudioStreamBuilder: privacy sensitive = false, opPackageName = (null), attributionTag = (null)
07-08 23:04:15.007 31151  3295 D AudioStreamBuilder: build, global mmap policy is 0
07-08 23:04:15.007 31151  3354 V Capacitor: callback: 23866519, pluginId: NativeExoPlayback, methodName: getLockerBlobUri, methodData: {"id":"locker-1783418629869-k1cw5k"}
07-08 23:04:15.008 31151  3295 D AudioStreamBuilder: build, system mmap policy is 2
07-08 23:04:15.008 31151  3295 D AudioStreamBuilder: build, final mmap policy is 2
07-08 23:04:15.003  2212  2212 W AudioRtBoostThr: type=1400 audit(0.0:14567): avc:  denied  { getsched } for  scontext=u:r:audioserver:s0 tcontext=u:r:untrusted_app:s0:c191,c257,c512,c768 tclass=process permissive=0
07-08 23:04:15.008 31151  3295 D AudioStreamBuilder: build, system mmap exclusive policy is 2
07-08 23:04:15.008 31151  3295 D AudioStreamBuilder: build, final mmap exclusive policy is 2
07-08 23:04:15.008 31151  3295 D in.sandboxmusic: PlayerBase::PlayerBase()
07-08 23:04:15.008  2212  3463 D AudioBoost: tryRtBoost, try boost audio rt, pid 31151, tid 3459, ret 0
07-08 23:04:15.008  2212  3774 D AFExtImpl: checkTrackBuffer1() track 0xb400007a05baeb18 get INFO from NEW, channelCount 2, pid 31151
07-08 23:04:15.008  2212  4516 E AAudioServiceExtImpl: isAAudioCompatible call  getListValueByUid(aaudio-compatible-apps) but return null
07-08 23:04:15.008  2212  4516 I AAudioService: openStream(callingPid:31151, callingUid: 10447): aaudio denied with imcompatible policy such as peformance noise
07-08 23:04:15.008 31151  3295 D in.sandboxmusic: PlayerBase::PlayerBase()
07-08 23:04:15.008  2212  3774 D AFExtImpl: initFromProperty() 0xb400007a1e85f680, sAdSwitch 1, typeCheck 0, logdumpEnable 0, pcmdumpEnable 0, trackPid 31151
07-08 23:04:15.008 31151  3295 D AudioStreamInternal_Client: ~AudioStreamInternal() 0xb4000072f858f800 called
07-08 23:04:15.008 31151  3295 D AAudioStream: ~AudioStream(s#3) mPlayerBase strongCount = 1
07-08 23:04:15.008 31151  3295 D in.sandboxmusic: PlayerBase::~PlayerBase()
07-08 23:04:15.008 31151  3295 D AudioStreamTrack: open(), request notificationFrames = -8, frameCount = 0
07-08 23:04:15.008 31151  3295 I AudioTrack: set(): type=audio,case=1,attributes=1,content_type=2,usage=1,source=0,flags=0x100
07-08 23:04:15.009 31151  3295 D AudioTrackExtImpl: AudioTrackExtImpl init
07-08 23:04:15.009 31151  3295 D AudioTrack: set(): streamType -1, sampleRate 48000, format 0x5, channelMask 0x3, frameCount 0, flags #104, notificationFrames -8, sessionId 0, transferType 1, uid -1, pid -1
07-08 23:04:15.009 31151  3459 D AAudioStream: setState(s#2) from 3 to 4
07-08 23:04:15.009 31151  3295 I AudioTrack: set(): 0xb4000072f8580c00, Create AudioTrackThread, tid = 3480
07-08 23:04:15.009  2212  4516 D AudioFlingerExtImpl: oplusGetParametersBypassLock:only system or list app is allowed to get oplus parameters:DetectPulseEnable, uid:10447
07-08 23:04:15.009 31151  3295 D AudioDetectPulse: setDetectPulse, mIsDetectPulse 0, 0x74c77e3108
07-08 23:04:15.009 31151  3295 D AudioTrackExtImpl: doSchedBoost, set audioapp task boost, pid=31151, tid=3295, enable=1, ret=0
07-08 23:04:15.010  2212  4516 D AudioBoost: audioSchedBoost, pid=2212, tid=4516, enable=1, ret=0
07-08 23:04:15.010  2212  4516 D AudioFlingerExtImpl: addActiveAudioSession, add 1641, uid 10447, map size 2
07-08 23:04:15.010  2212  4516 D AudioFlingerExtImpl: updateSelectDevByRedirectSetting: clientUid=10447, pid=31151
07-08 23:04:15.010  2212  4516 D AudioFlingerExtImpl: updateSelectDevByRedirectSetting: mOplusRedirectOutputSupport=0, mOplusRedirectOutputEnable=0
07-08 23:04:15.010  2212  4516 D NativePermissionController: checkPermission: missing 1 for 10447
07-08 23:04:15.010  2212  4516 D NativePermissionController: checkPermission: missing 3 for 10447
07-08 23:04:15.010  2212  4516 D NativePermissionController: checkPermission: missing 5 for 10447
07-08 23:04:15.010  2212  4516 D AudioPolicyManagerExtImpl: checkUllCompatible() denied raw flag on session 1641 for performance noise
07-08 23:04:15.010  2212  4516 D AudioPolicyManagerExtImpl: forceOutputForMusicEffects Enter: session 1641, dev {AUDIO_DEVICE_OUT_SPEAKER, @:}, streamType 3, flags 4, forced_deep 0
07-08 23:04:15.010  2212  4516 D AudioPolicyManagerExtImpl: check callingUid 10447 whose pacakge name is not in fast-audio-effects
07-08 23:04:15.010  2212  4516 D AudioPolicyManagerExtImpl: forceOutputForMusicEffects Done:  flags 4,  forced_deep 0
07-08 23:04:15.010  2212  4516 D APM_AudioPolicyManager: mSpatializerOutput is null, canBeSpatializedInt=0, forceSpatialized:0 forceMss 0 forceMeta 0
07-08 23:04:15.011  2212  4516 D AudioBoost: audioSchedBoost, pid=2212, tid=4516, enable=1, ret=0
07-08 23:04:15.011  2212  4516 W AudioFlinger: createTrack_l(): mismatch between requested flags (00000104) and output flags (00000006)
07-08 23:04:15.011  2212  4516 D AudioFlinger: AF createTrack_l, skip effectchain::checkOutputFlagCompatibility to avoid fast flag to be denied by global effects, pid 31151, session -1
07-08 23:04:15.011  2212  2960 E GameAudioEffects: outputSelected: call getListValueByUid(fast-audio-effects) but return null
07-08 23:04:15.011  2212  4516 D AudioFlinger: createTrack_l output(13) original frameCount 192  mNormalFrameCount 960 mFrameCount(hal) 192 minFrameCount 1536 notificationsPerBuffer 8 mSampleRate 48000 halLatencyMs 61
07-08 23:04:15.011  2212  4516 D AudioFlinger: Client defaulted notificationFrames to 192 for frameCount 1536
07-08 23:04:15.011  2212  4516 D AudioFlinger: createTrack_l output(13) final frameCount 1536 for track session 1641 , mFrameCount 192, mNormalFrameCount 960, notificationFrameCount 192
07-08 23:04:15.011  2212  4516 I AF::PthrPatchRecord: creating track with enforcement level 0
07-08 23:04:15.012 31151 31151 I Capacitor/Console: File:  - Line 333 - Msg: {}
07-08 23:04:15.012 31151 31151 I Capacitor/Console: File:  - Line 349 - Msg: [object Object]
07-08 23:04:15.012 31151  3354 V Capacitor/Plugin: To native (Capacitor plugin): callbackId: 23866520, pluginId: NativeExoPlayback, methodName: importLockerBlobFromPath
07-08 23:04:15.012  2212  4516 D AudioFlinger_PlaybackThread_TrackExtImpl: HoloAudio, create track pkg name:rd.sheepskin.sandboxmusic
07-08 23:04:15.012 31151  3354 V Capacitor: callback: 23866520, pluginId: NativeExoPlayback, methodName: importLockerBlobFromPath, methodData: {"id":"locker-1783418629869-k1cw5k","sourcePath":"file:\/\/\/data\/user\/0\/rd.sheepskin.sandboxmusic\/cache\/ytdlp-playback\/A8bE-MPs0K0.mp4"}
07-08 23:04:15.012  2689  2757 D HoloAudio::SpecailizerPLService_Aidl: getMetaInfoByPkgName, 
07-08 23:04:15.012  2212  4516 D AudioFlingerExtImpl: HoloAudio: audioFlingerExt getMetaInfo valueis:
07-08 23:04:15.012  2212  4516 D AudioFlinger_PlaybackThread_TrackExtImpl: HoloAudio, there is no policy for this pkg:rd.sheepskin.sandboxmusic
07-08 23:04:15.012  2212  4516 I AF::Track: Track, track(0xb400007a003e9000): mFastIndex 2, mStreamType 3, mId 288, mPortId 266, mFrameCount 1536, mSampleRate 48000, mFormat 5, mChannelCount 2, thread 0xb400007a05a52690, sessionId 1641, AudioOut_D, primary-6
07-08 23:04:15.013  2212  4516 D AudioBoost: audioSchedBoost, pid=2212, tid=4516, enable=0, ret=0
07-08 23:04:15.013  2212  4516 D AudioBoost: audioSchedBoost, pid=2212, tid=4516, enable=0, ret=0
07-08 23:04:15.014 31151  3295 D AudioTrack: createTrack state 0 output.outputId=13
07-08 23:04:15.014  2212  4538 D AudioFlingerExtImpl: oplusGetParametersBypassLock:only system or list app is allowed to get oplus parameters:is_direct_pcm_track, uid:10447
07-08 23:04:15.014  2212  4538 D AudioFlingerExtImpl: oplusGetParameters:only system or list app is allowed to get oplus parameters:is_direct_pcm_track, uid:10447
07-08 23:04:15.015 31151  3295 I AudioTrack: createTrack_l(0): AUDIO_OUTPUT_FLAG_FAST successful; frameCount 0 -> 1536
07-08 23:04:15.015 31151  3295 I AudioTrack: createTrack_l(266) on outputId(13) : 0xb4000072f8580c00, mCblk = 0x74b4e3b000,  mLatency = 93, mAfLatency = 61, frameCount = 1536, mSampleRate = 48000, mFlags = 0x4, mReqFrameCount = 1536, mNotificationFramesAct = 192
07-08 23:04:15.016 31151  3295 D AudioTrackExtImpl: doSchedBoost, set audioapp task boost, pid=31151, tid=3295, enable=0, ret=0
07-08 23:04:15.017 31151  3295 E AudioTrackExtImpl: get fade type, but return null, pid 31151, uid 10447
07-08 23:04:15.017 31151  3295 D AudioTrack: set: pop_optimize mIsPopOptimizeSupport:0, mIsPopOptimizeFlush:0
07-08 23:04:15.017 31151  3295 D AudioTrack: setVolume(266) left 1.000 right 1.000 , callingPid 31151
07-08 23:04:15.017 31151 31151 D Capacitor: Sending plugin error: {"save":false,"callbackId":"23866520","pluginId":"NativeExoPlayback","methodName":"importLockerBlobFromPath","success":false,"error":{"message":"source file missing: \/data\/user\/0\/rd.sheepskin.sandboxmusic\/cache\/ytdlp-playback\/A8bE-MPs0K0.mp4"}}
07-08 23:04:15.018 31151  3295 D AudioStreamTrack: open() flags changed from 0x00000104 to 0x00000004
07-08 23:04:15.018 31151  3295 D AAudioStream: setState(s#4) from 0 to 2
07-08 23:04:15.019 31151  3295 I AAudio  : AAudioStreamBuilder_openStream() returns 0 = AAUDIO_OK for s#4 ----------------
07-08 23:04:15.020  2212  4538 D AF::Track: start(288): calling pid 31151 portId 266 session 1641 thresholdFrames 384 mFrameCount 1536
07-08 23:04:15.020  2212  4538 D AudioBoost: audioSchedBoost, pid=2212, tid=4538, enable=1, ret=0
07-08 23:04:15.020  2212  4538 D AudioBoost: AudioUclampBoost: set invalid schedMinValue: 1025, ignored
07-08 23:04:15.020  2212  4538 D AudioBoost: AudioUclampBoost: sched_setattr success. attr(flags 120, min 1024, max 1024, tid 4538, enable 1)
07-08 23:04:15.020  2212  4538 E AudioBoost: start  AudioUclampBoost pid:2212 tid:4538 sucess
07-08 23:04:15.020  2212  2854 D AudioPolicyEffects: addOutputSessionEffects(): session: 1641, refCount: 1
07-08 23:04:15.020  2212  2854 I AudioEffect: set 0xb400007a34ea8800 timeLow 00000000
07-08 23:04:15.020  2212  2854 I AudioFlinger: createEffect pid 2212, effectClient 0xb400007a1e82b1b0, priority 0, sessionId 1641, io 13, factory 0xb400007a34e66aa0
07-08 23:04:15.020  2212  2854 I AudioFlinger: createEffect_l() thread 0xb400007a05a0dd80 effect Music Listener on session 1641
07-08 23:04:15.015  2212  2212 W AudioRtBoostThr: type=1400 audit(0.0:14568): avc:  denied  { getsched } for  scontext=u:r:audioserver:s0 tcontext=u:r:untrusted_app:s0:c191,c257,c512,c768 tclass=process permissive=0
07-08 23:04:15.021  2212  2854 I AudioFlinger: createEffect_l() new effect chain for session 1641
07-08 23:04:15.021  2212  2854 I EffectChain: EffectChain(): new EffectChain = 0xb400007a1e834800
07-08 23:04:15.021  2212  2854 D AudioFlinger_EffectsExtImpl: HoloAudio AudioFlinger_EffectsExtImpl :0xb400007a1e834bc0: mFrameCount = 960, mSampleRate = 48000, mChannelCount = 2, mSessionId=1641
07-08 23:04:15.024  2212  2854 D EffectHalHidl: audioSchedBoost, set audiohal task boost, pid=2212, tid=2854, ret=0
07-08 23:04:15.024  2212  2854 D EffectHalHidl: audioSchedBoost, set audiohal task boost, pid=2212, tid=2854, ret=0
07-08 23:04:15.024  2212  2854 D EffectHalHidl: audioSchedBoost, set audiohal task boost, pid=2212, tid=2854, ret=0
07-08 23:04:15.024  2212  2854 D EffectHalHidl: audioSchedBoost, set audiohal task boost, pid=2212, tid=2854, ret=0
07-08 23:04:15.025  2212  2854 D EffectHalHidl: audioSchedBoost, set audiohal task boost, pid=2212, tid=2854, ret=0
07-08 23:04:15.025  2212  2854 D EffectHalHidl: audioSchedBoost, set audiohal task boost, pid=2212, tid=2854, ret=0
07-08 23:04:15.025  2212  2854 D EffectHalHidl: audioSchedBoost, set audiohal task boost, pid=2212, tid=2854, ret=0
07-08 23:04:15.025  2212  2854 D EffectHalHidl: audioSchedBoost, set audiohal task boost, pid=2212, tid=2854, ret=0
07-08 23:04:15.025  2212  2854 D EffectHalHidl: audioSchedBoost, set audiohal task boost, pid=2212, tid=2854, ret=0
07-08 23:04:15.025  2212  2854 D EffectHalHidl: audioSchedBoost, set audiohal task boost, pid=2212, tid=2854, ret=0
07-08 23:04:15.025  2212  2854 I EffectChain: addEffect_l() effect 0xb400007a1e8ce100, added in chain 0xb400007a1e834800 at rank 0
07-08 23:04:15.025  2212  2854 D AudioFlinger_EffectsExtImpl: HoloAudio, checkAndEnbaleMetaAudio enable:0, sessionid:1641
07-08 23:04:15.026  2212  2854 D EffectHalHidl: audioSchedBoost, set audiohal task boost, pid=2212, tid=2854, ret=0
07-08 23:04:15.026  2212  2854 D EffectHalHidl: audioSchedBoost, set audiohal task boost, pid=2212, tid=2854, ret=0
07-08 23:04:15.026  2212  2854 I AudioEffect: set() 0xb400007a34ea8800 OK effect: Music Listener id: 1723 status 0 enabled 0 pid 2212
07-08 23:04:15.026  2212  2854 D AudioPolicyEffects: addOutputSessionEffects(): added Fx dlb_music_listener on session: 1641 for stream: 3
07-08 23:04:15.026  2212  2854 I AudioEffect: enable 0xb400007a34ea8800
07-08 23:04:15.026  2212  2854 D APM_AudioPolicyManager: startOutput() output 13, stream 3, portId 266, session 1641
07-08 23:04:15.027  3247  3320 I chromium: [INFO:media/base/audio_latency.cc:142] audioHardwareBufferSize = 192
07-08 23:04:15.028  2212  2854 D GameAudioEffects: hasAliveFastEffectTracks  return (0)
07-08 23:04:15.028  2212  2854 D AudioPolicyManagerExtImpl: oplusSelectOutputForMusicEffects: pendingOutput  => 13  flags => 0x00000006  outputTageName =>primary output outputs.size(4) older music effect ouput(29), hasAliveGameTracks(0)
07-08 23:04:15.028  2212  2854 D AudioPolicyManagerExtImpl: oplusSelectOutputForMusicEffects pending music output is low latency output, but no alive fast effect tracks, block effectchain fallback to primary, set deepbuffer as defaultEffectsOutput instead
07-08 23:04:15.028  2212  2854 D GameAudioEffects: hasAliveRequestFastTracks  return (0)
07-08 23:04:15.028  2212  2854 D AudioPolicyInterfaceImpl: mSessionLatestHandleList add Item on session 1641, port = 266
07-08 23:04:15.028  2212  4538 D AudioFlingerExtImpl: updateMetaScenes mMetaScenesOwnerMap[4]=[0,-1]
07-08 23:04:15.028  2212  4538 D AudioFlingerExtImpl: updateMetaScenes mMetaScenesOwnerMap[5]=[0,-1]
07-08 23:04:15.029  2212  4538 D AudioFlinger_PlaybackThreadExtImpl: HoloAudio:addActiveTrack,isSpatialzierTrackPlaying:0 isMetaTrackPlaying:0 isMetaTrack:0
07-08 23:04:15.029  2212  4538 D AudioFlingerExtImpl: getSplitScreenSwitch: screenSwitch = 0
07-08 23:04:15.029  2212  4538 D AudioFlinger_PlaybackThreadExtImpl: notifyAudioTrackCreate event:atlas_event_audio_track_create info:pid:31151,sessionId:1641,streamType:3,sampleRate:48000,format:5,startvl:1.000,startvr:1.000,balance:0.000,channelcount:2,flags:6,deviceTypes:2,hasFastMixer:1,isOffloadThread:0,isSpatialized:0,id:13,effectChains:2,frameCount:1536,requestFC:0,minFC:1536,metaAudioScene:0,metaAudioPos:[0.0|0.0|0.0],window_rendering:0,active_record:0
07-08 23:04:15.029  2212  4538 D AtlasEventUploadUtils: setEvent event:atlas_event_audio_track_create
07-08 23:04:15.029  2212  4538 D AudioFlinger_EffectsExtImpl: HoloAudio, checkAndEnbaleMetaAudio enable:0, sessionid:1641
07-08 23:04:15.029  2689  2750 D EventTest: handleEvent atlas_event_audio_track_create pid:31151,sessionId:1641,streamType:3,flags:6,deviceTypes:2,hasFastMixer:1
07-08 23:04:15.029  2212  4538 D AudioTrackServerProxyExtImpl: AudioTrackServerProxyExtImpl init
07-08 23:04:15.029  2212  4538 D AudioTrackServerProxyExtImpl: audioTrackServerProxyTest
07-08 23:04:15.029  2212  4538 D AudioTrackServerProxyExtImpl: audioTrackServerProxy, initialize
07-08 23:04:15.029  2212  4538 D AudioTrackServerProxyExtImpl: initSupportAudioRamp ,  mIsSupport = 0.
07-08 23:04:15.029  3425  4788 I IPCThreadState: oneway function results for code 10006 on binder at 0xb40000729131eb80 will be dropped but finished with status UNKNOWN_TRANSACTION
07-08 23:04:15.029  3425  3564 E AppOps  : attributionTag  not declared in manifest of rd.sheepskin.sandboxmusic
07-08 23:04:15.029  3425  3564 E AppOps  : attributionTag  not declared in manifest of rd.sheepskin.sandboxmusic
07-08 23:04:15.029  2212  4538 D AudioBoost: audioSchedBoost, pid=2212, tid=4538, enable=0, ret=0
07-08 23:04:15.030  2212  4538 D AudioBoost: AudioUclampBoost: set invalid schedMinValue: 1025, ignored
07-08 23:04:15.030  2212  4538 D AudioBoost: AudioUclampBoost: sched_setattr success. attr(flags 120, min 0, max 1024, tid 4538, enable 0)
07-08 23:04:15.030  2212  4538 E AudioBoost: stop  AudioUclampBoost pid:2212 tid:4538 sucess
07-08 23:04:15.030  2212  4538 D AudioBoost: audioAppKeyThreadReport() pid 31151, tid 3295, enable 1, inUid 0, eventIt -1, threadType 0, id 288
07-08 23:04:15.030  2212  4538 D AudioBoost: appThreadInfo update:start 3295, write -1, cbk 3480 read -1
07-08 23:04:15.030  2212  4538 D AudioBoost: audioAppKeyThreadReport(), restore boost for threadType 0, tid 3295
07-08 23:04:15.030  2212  4538 D AudioBoost: audioAppKeyThreadReport(), restore boost for threadType 2, tid 3480
07-08 23:04:15.030  2212  2793 D AudioBoost: startBoostForWake mId 288, p 31151, t 3295, wp 31151, wt 3295.
07-08 23:04:15.030  2212  2793 D AudioBoost: audioSchedBoost, pid=31151, tid=3295, enable=1, ret=0
07-08 23:04:15.031  2212  3482 D AudioBoost: tryRtBoost, try boost audio rt, pid 31151, tid 3480, ret 0
07-08 23:04:15.032  2212  4538 D audioserver: OplusMMListWrapper checkInListByUid end module:allow-get-parameters uid:10208 return true
07-08 23:04:15.032  2212  4538 D audioserver: OplusMMListWrapper checkInListByUid end module:allow-get-parameters uid:10208 return true
07-08 23:04:15.032  2212  4538 E AAudioServiceExtImpl: isAAudioCompatible call  getListValueByUid(aaudio-compatible-apps) but return null
07-08 23:04:15.032  2212  4538 I AAudioService: openStream(callingPid:31151, callingUid: 10447): aaudio denied with imcompatible policy such as peformance noise
07-08 23:04:15.032  5669  5669 D SysBroadcastReceiver: android.media.ACTION_AUDIO_PLAYBACK_STATE_CHANGED
07-08 23:04:15.032  5669  5669 D SysBroadcastReceiver: EventId=1010003	ID_AUDIO_PLAYBACK_STATE_CHANGED	TimeStamp =1783548255032	Intent =Intent { act=android.media.ACTION_AUDIO_PLAYBACK_STATE_CHANGED flg=0x4000010 xflg=0x4 (has extras) }	Content =null	Pid =0	PkgName =null
07-08 23:04:15.032  2212  4538 D AudioFlingerExtImpl: oplusGetParametersBypassLock:only system or list app is allowed to get oplus parameters:DetectPulseEnable, uid:10447
07-08 23:04:15.034  2212  4538 D AudioBoost: audioSchedBoost, pid=2212, tid=4538, enable=1, ret=0
07-08 23:04:15.034  2212  4538 D AudioFlingerExtImpl: addActiveAudioSession, add 1649, uid 10447, map size 3
07-08 23:04:15.034  2212  4538 D AudioFlingerExtImpl: updateSelectDevByRedirectSetting: clientUid=10447, pid=31151
07-08 23:04:15.034  2212  4538 D AudioFlingerExtImpl: updateSelectDevByRedirectSetting: mOplusRedirectOutputSupport=0, mOplusRedirectOutputEnable=0
07-08 23:04:15.035  2212  4538 D NativePermissionController: checkPermission: missing 1 for 10447
07-08 23:04:15.035  2212  4538 D NativePermissionController: checkPermission: missing 3 for 10447
07-08 23:04:15.035  2212  4538 D NativePermissionController: checkPermission: missing 5 for 10447
07-08 23:04:15.035  2212  4538 D AudioPolicyManagerExtImpl: checkUllCompatible() denied raw flag on session 1649 for performance noise
07-08 23:04:15.035  2212  4538 D AudioPolicyManagerExtImpl: forceOutputForMusicEffects Enter: session 1649, dev {AUDIO_DEVICE_OUT_SPEAKER, @:}, streamType 3, flags 4, forced_deep 0
07-08 23:04:15.035  2212  4538 D AudioPolicyManagerExtImpl: check callingUid 10447 whose pacakge name is not in fast-audio-effects
07-08 23:04:15.035  2212  4538 D AudioPolicyManagerExtImpl: forceOutputForMusicEffects Done:  flags 4,  forced_deep 0
07-08 23:04:15.035  2212  4538 D APM_AudioPolicyManager: mSpatializerOutput is null, canBeSpatializedInt=0, forceSpatialized:0 forceMss 0 forceMeta 0
07-08 23:04:15.035  2212  4538 D AudioBoost: audioSchedBoost, pid=2212, tid=4538, enable=1, ret=0
07-08 23:04:15.035  2212  4538 W AudioFlinger: createTrack_l(): mismatch between requested flags (00000104) and output flags (00000006)
07-08 23:04:15.035  2212  4538 D AudioFlinger: AF createTrack_l, skip effectchain::checkOutputFlagCompatibility to avoid fast flag to be denied by global effects, pid 31151, session -1
07-08 23:04:15.035  2212  4538 D AudioFlinger: createTrack_l output(13) original frameCount 192  mNormalFrameCount 960 mFrameCount(hal) 192 minFrameCount 1536 notificationsPerBuffer 8 mSampleRate 48000 halLatencyMs 61
07-08 23:04:15.035  2212  2960 E GameAudioEffects: outputSelected: call getListValueByUid(fast-audio-effects) but return null
07-08 23:04:15.035  2212  4538 D AudioFlinger: Client defaulted notificationFrames to 192 for frameCount 1536
07-08 23:04:15.035  2212  4538 D AudioFlinger: createTrack_l output(13) final frameCount 1536 for track session 1649 , mFrameCount 192, mNormalFrameCount 960, notificationFrameCount 192
07-08 23:04:15.035  2212  4538 I AF::PthrPatchRecord: creating track with enforcement level 0
07-08 23:04:15.037  2212  4538 D AudioFlinger_PlaybackThread_TrackExtImpl: HoloAudio, create track pkg name:rd.sheepskin.sandboxmusic
07-08 23:04:15.037  2689  2757 D HoloAudio::SpecailizerPLService_Aidl: getMetaInfoByPkgName, 
07-08 23:04:15.037  2212  4538 D AudioFlingerExtImpl: HoloAudio: audioFlingerExt getMetaInfo valueis:
07-08 23:04:15.037  2212  4538 D AudioFlinger_PlaybackThread_TrackExtImpl: HoloAudio, there is no policy for this pkg:rd.sheepskin.sandboxmusic
07-08 23:04:15.037  2212  4538 I AF::Track: Track, track(0xb400007a0039c000): mFastIndex 3, mStreamType 3, mId 289, mPortId 267, mFrameCount 1536, mSampleRate 48000, mFormat 5, mChannelCount 2, thread 0xb400007a05a52690, sessionId 1649, AudioOut_D, primary-6
07-08 23:04:15.037  2212  4538 D AudioBoost: audioSchedBoost, pid=2212, tid=4538, enable=0, ret=0
07-08 23:04:15.037  2212  4538 D AudioBoost: audioSchedBoost, pid=2212, tid=4538, enable=0, ret=0
07-08 23:04:15.038  2212  4538 D AudioFlingerExtImpl: oplusGetParametersBypassLock:only system or list app is allowed to get oplus parameters:is_direct_pcm_track, uid:10447
07-08 23:04:15.038  2212  4538 D AudioFlingerExtImpl: oplusGetParameters:only system or list app is allowed to get oplus parameters:is_direct_pcm_track, uid:10447
07-08 23:04:15.038  3247  3320 I chromium: [INFO:media/base/audio_latency.cc:142] audioHardwareBufferSize = 192
07-08 23:04:15.041  2212  2793 D AudioBoost: startBoostForWake mId 288, p 31151, t 3480, wp 31151, wt 3480.
07-08 23:04:15.041  2212  3775 I AF::PthrPatchRecord: processMuteEvent(288): processed mute state for port ID 266 from 0 to 0
07-08 23:04:15.041  2212  2793 D AudioBoost: audioSchedBoost, pid=31151, tid=3480, enable=1, ret=0
07-08 23:04:15.041  2212  3775 D AudioFlinger: updateWakeLockUids_l AudioOut_D uids:10447 
07-08 23:04:15.041  2035  2035 E PerformanceService: [WAKER_IDENTIFY] pid message 3480;0;1 is writen to proc
07-08 23:04:15.041  2212  3775 D EffectHalHidl: audioSchedBoost, set audiohal task boost, pid=2212, tid=3775, ret=0
07-08 23:04:15.041  2212  3775 D EffectHalHidl: audioSchedBoost, set audiohal task boost, pid=2212, tid=3775, ret=0
07-08 23:04:15.041  2212  2793 D AudioBoost: audioWakeTracing setWakeSeedThread end, pid 31151, tid 3480, inUid 0, id 288, isWakee 1, -> handle = 324.
07-08 23:04:15.041  2212  3775 D EffectChain: process reset volume
07-08 23:04:15.042  3425  4361 I CwbClient: setCWBDisplayType set mFeatureID = CWB_RGB_VALUE
07-08 23:04:15.043  2212  4538 D AF::Track: start(289): calling pid 31151 portId 267 session 1649 thresholdFrames 384 mFrameCount 1536
