06-17 14:12:20.051  3480  6040 I AICCTModule: SensorFilter: findSecondNearestValue, sensorValue: 18.244905 nearestMaxValue:18.050114 secondNearestValue: 18.050114
06-17 14:12:20.302  1851 17883 I sensors-hal: handle_oplus_wise_rgb_event:160, wise_rgb:(59066)(cct,lux,ir)[5300.00, 20.80, 0.000000](rgbc)[717.84, 552.43, 346.50, 1447.81](pwm,hbm,brl,algo)[0.0 0.0 36.0 2.0],flag 0
06-17 14:12:20.394 13819 20282 V Capacitor/Plugin: To native (Capacitor plugin): callbackId: 122403962, pluginId: NativeExoPlayback, methodName: getStatus
06-17 14:12:20.394 13819 20282 V Capacitor: callback: 122403962, pluginId: NativeExoPlayback, methodName: getStatus, methodData: {}
06-17 14:12:20.395 13819 13819 I Capacitor/Console: File:  - Line 349 - Msg: [object Object]
06-17 14:12:20.400 13819 13819 I Capacitor/Console: File:  - Line 333 - Msg: {"available":true,"wired":true,"message":"ExoPlayer gapless queue — content:// locker bridge + HTTP streams.","state":"idle","positionSecs":0,"durationSecs":0,"queueIndex":0,"queueLength":0,"gaplessEnabled":true,"crossfadeEnabled":false,"bitPerfectActive":false}
06-17 14:12:20.440  3480  4824 I Osense-PsiDetector: 2993,405,123,5631,98,432,527,2202,3114,1148,1639,0,12,10959
06-17 14:12:20.440  1115  1115 E lowmemorykiller: device has enough memory 3065580Kib, freeMemory 413768Kib, cmafree 4384Kib, file_cache 2855104Kib, disable killing (limit_killing:1024000Kib)
06-17 14:12:20.441  3480  4817 I Osense-BaseDecisionMaker: notifySceneToAthenaPolicy: SCENE_RES_MEM_PSI_NORMAL, bundle: Bundle[{memLevel=4}]
06-17 14:12:20.442 27029 27066 I metis_v2_OsenseCallBack: memLevel: 4
06-17 14:12:20.443 27029 27096 D HLog-UpMgr: [metis]CheckWhetherUploadBody Mgr:f8.c@94a6a9a
06-17 14:12:20.443 27029 27096 D HLog-MultiConfigManage: [metis]checkAllPushTask
06-17 14:12:20.443 27029 27096 D HLog-MultiConfigManage: [metis]checkAllPushTask existPushInfo : 
06-17 14:12:20.443 27029 27096 D HLog-UpMgr: [metis]CheckWhetherUploadBody mCheckUploadTime：4 Mgr:f8.c@94a6a9a
06-17 14:12:20.448  3480  4817 I Osense-BaseDecisionMaker: notifySceneToAthenaPolicy: SCENE_RES_MEM_PSI_LEAK, bundle: Bundle[{memLevel=4}]
06-17 14:12:20.450 27029 27096 D HLog-HLog: [metis]updateMemoryCache existPushInfo : 
06-17 14:12:20.450 27029 27096 D HLog-HLog: [metis]findCurrentTraceDto existPushInfo : 
06-17 14:12:20.518  1960  1986 D BatteryChargeControl: bcc get no support from charging protocol
06-17 14:12:20.652  8076  8112 I Finsky:background: [176504] RF::PP-Verify: starting to verify for [group:mainline_train_primary[iid:1548] [isid:JxbyqBzdQcu2PZOLs4pxHw] [tid: 1000001620]], com.google.android.media.swcodec [isid:py6WFtZiQLK20tuY3Vkirw] [tid: 1000001640].
06-17 14:12:20.656  8076  8118 I Finsky:background: [176510] RF::TC: Skipping intermediate file cleanup due to sufficient space on device
06-17 14:12:20.659  8076  8112 I Finsky:background: [176504] RF: With real time bandwidth check, rest nugget is present: false, shouldDownloadRestNugget: false
06-17 14:12:20.678  8076  8104 I Finsky:background: [176496] RF: No TaskData found for a new request.
06-17 14:12:20.681  8076  8103 I Finsky:background: [176495] RF: RowId of the upserted row is 1000001641.
06-17 14:12:20.682  8076  8103 I Finsky:background: [176495] RF: Start fetching and post processing all artifacts with real time bandwidth check.
06-17 14:12:20.685  8076  8106 I Finsky:background: [176498] RM: create resource request id f7123632-2dbe-41d2-be07-131e59691553 for request com.google.android.art.apex reason: auto_update isid: TkwNVSfSTFqQS7ocixdDQw
06-17 14:12:20.694  8076  8105 I Finsky:background: [176497] DSC: enqueue()
06-17 14:12:20.710  8076 23527 I Finsky:background: [176571] DS: request_id=9210 generated with shared preferences
06-17 14:12:20.710  8076 23527 I Finsky:background: [176571] DS: enqueue(request_id=9210, files_to_download=[com.google.android.art.apex(size:7240343)], context[group_id=com.google.android.art:TkwNVSfSTFqQS7ocixdDQw], display_data[invisible=true, title=Google Play system update], network_restrictions=ANY_NETWORK
06-17 14:12:20.724  8076 23527 I Finsky:background: [176571] DS: enqueue with parallel downloads (request_id=9210,groupId=com.google.android.art:TkwNVSfSTFqQS7ocixdDQw)
06-17 14:12:20.724  8076 23527 I Finsky:background: [176571] DS::CD: download(9210)
06-17 14:12:20.725  8076 23527 I Finsky:background: [176571] DSC::L: Update all listeners for download <9210:QUEUED with WAITING_FOR_START:0%[0%]> in group com.google.android.art:TkwNVSfSTFqQS7ocixdDQw
06-17 14:12:20.726  8076 23527 I Finsky:background: [176571] DSC::L: Updating listener DownloadServiceManagerListener::aoso@48b8c30 for download <9210:QUEUED with WAITING_FOR_START:0%[0%]>
06-17 14:12:20.726  8076 23527 I Finsky:background: [176571] DSC::L: Updating listener vdc@38a7256 for download <9210:QUEUED with WAITING_FOR_START:0%[0%]>
06-17 14:12:20.727  8076 23527 I Finsky:background: [176571] DSC::L: Updating listener DownloadServiceManagerListener::sut@d31b471 for download <9210:QUEUED with WAITING_FOR_START:0%[0%]>
06-17 14:12:20.727  8076 23527 I Finsky:background: [176571] DS::IDC: updateWith: <9210:QUEUED with WAITING_FOR_START:0%[0%]>
06-17 14:12:20.728  8076 23527 I Finsky:background: [176571] DS::ISM: Starting invisible download job
06-17 14:12:20.729  8076 23495 I Finsky:background: [176557] SCH: Received scheduling request: Id: 40-9998, Constraints: [{ L: 0, D: 86400000, C: CHARGING_NONE, I: IDLE_NONE, N: NET_ANY, B: BATTERY_ANY }]
06-17 14:12:20.730  8076 23527 I Finsky:background: [176571] DSC::L: Update all listeners for download <9210:RUNNING:0%[0%]> in group com.google.android.art:TkwNVSfSTFqQS7ocixdDQw
06-17 14:12:20.730  8076 23527 I Finsky:background: [176571] DSC::L: Updating listener DownloadServiceManagerListener::aoso@48b8c30 for download <9210:RUNNING:0%[0%]>
06-17 14:12:20.730  8076 23527 I Finsky:background: [176571] DS: Received onProgress request_id=9210
06-17 14:12:20.731  8076 23527 I Finsky:background: [176571] RM: receive resource status onStart com.google.android.art.apex reason: auto_update isid: TkwNVSfSTFqQS7ocixdDQw, 2, 192, size: 0/7240343
06-17 14:12:20.731  8076 23527 I Finsky:background: [176571] RM: receive resource status onProgress download_request_id=9210, group_id=com.google.android.art.apex reason: auto_update isid: TkwNVSfSTFqQS7ocixdDQw, status_code=RESOURCE_STATUS_IN_PROGRESS, legacy_status_code=192, size: 0/7240343
06-17 14:12:20.732  8076 23527 I Finsky:background: [176571] DSC::L: Updating listener vdc@38a7256 for download <9210:RUNNING:0%[0%]>
06-17 14:12:20.732  8076 23527 I Finsky:background: [176571] DSC::L: Updating listener DownloadServiceManagerListener::sut@d31b471 for download <9210:RUNNING:0%[0%]>
06-17 14:12:20.732  8076  8118 I Finsky:background: [176510] RM: new request resourceRequestId=f7123632-2dbe-41d2-be07-131e59691553 requestId=9210 package=com.google.android.art artifact=com.google.android.art.apex isid=TkwNVSfSTFqQS7ocixdDQw
06-17 14:12:20.733  8076 23527 I Finsky:background: [176571] DS::IDC: updateWith: <9210:RUNNING:0%[0%]>
06-17 14:12:20.733  8076 23527 I Finsky:background: [176571] DS::CD: Using Cronet.
06-17 14:12:20.734  8076 23527 I Finsky:background: [176571] DS: Current runningDownloadsCount: 0, queuedCount: 1
06-17 14:12:20.735  8076 23527 I Finsky:background: [176571] DS: Incremented runningDownloadsCount to: 1
06-17 14:12:20.740  8076  8105 I Finsky:background: [176497] RM: getStatus resourceRequestId=f7123632-2dbe-41d2-be07-131e59691553 requestId=9210 package=com.google.android.art artifact=com.google.android.art.apex isid=TkwNVSfSTFqQS7ocixdDQw
06-17 14:12:20.740  8076  8105 I Finsky:background: [176497] DSC: reviveDownload(9210)
06-17 14:12:20.741  8076  8116 I Finsky:background: [176508] DS: reviveDownload(request_id=9210)
06-17 14:12:20.742  8076 23527 I Finsky:background: [176571] DS: DS: onReviveDownload(request_id=9210, files_to_download=[com.google.android.art.apex(size:7240343)], context[group_id=com.google.android.art:TkwNVSfSTFqQS7ocixdDQw], display_data[invisible=true, title=Google Play system update], network_restrictions=ANY_NETWORK status=running, bytes_downloaded=0, total_bytes=7240343, retry[count=0, next_retry=n/a])
06-17 14:12:20.751  1115  1115 E lowmemorykiller: device has enough memory 3064080Kib, freeMemory 448184Kib, cmafree 60Kib, file_cache 2820344Kib, disable killing (limit_killing:1024000Kib)
06-17 14:12:20.761  8076  8098 I Finsky:background: [176490] WM::SCH: Logging work initialize for 40-9998
06-17 14:12:20.764  8076  8112 I Finsky:background: [176504] SCH: Scheduling phonesky job Id: 40-9998, CT: 1781680340730, Constraints: [{ L: 0, D: 86400000, C: CHARGING_NONE, I: IDLE_NONE, N: NET_ANY, B: BATTERY_ANY }, { L: 0, D: 0, C: CHARGING_NONE, I: IDLE_NONE, N: NET_NONE, B: BATTERY_ANY }]
06-17 14:12:20.764  8076  8112 I Finsky:background: [176504] SCH: Scheduling system job 10711 to resume after 0 ms
06-17 14:12:20.765  8076  8112 I Finsky:background: [176504] SCH: Scheduling system job 10712 to resume after 0 ms
06-17 14:12:20.765  8076  8106 I Finsky:background: [176498] SCH: Resuming system job 10711 from hub.
06-17 14:12:20.765  8076  8103 I Finsky:background: [176495] SCH: Resuming system job 10712 from hub.
06-17 14:12:20.769  8076  8112 I Finsky:background: [176504] SCH: Scheduling 0 system job(s)
06-17 14:12:20.771  8076 23495 I Finsky:background: [176557] SCH: Satisfied jobs for 10711 are: 3-36727, 40-9998
06-17 14:12:20.772  8076 23500 I Finsky:background: [176558] SCH: Job 40-9998 starting
06-17 14:12:20.772  8076 23495 I Finsky:background: [176557] SCH: Satisfied jobs for 10712 are: 3-36727, 40-9998
06-17 14:12:20.773  8076  8076 I Finsky:background: [2] WM::SCH: Logging work start for 40-9998
06-17 14:12:20.773  8076  8076 I Finsky:background: [2] DS::IRJ: Running InvisibleRunJob
06-17 14:12:20.794 13819 20282 V Capacitor/Plugin: To native (Capacitor plugin): callbackId: 122403963, pluginId: NativeExoPlayback, methodName: getStatus
06-17 14:12:20.795 13819 13819 I Capacitor/Console: File:  - Line 349 - Msg: [object Object]
06-17 14:12:20.796 13819 20282 V Capacitor: callback: 122403963, pluginId: NativeExoPlayback, methodName: getStatus, methodData: {}
06-17 14:12:20.796  8076 24166 I Finsky:background: [176605] CronetDownloader: onRedirectReceived
06-17 14:12:20.798  5717  7539 D CommonApp-227-10445: transport layer data is invalid
06-17 14:12:20.803 13819 13819 I Capacitor/Console: File:  - Line 333 - Msg: {"available":true,"wired":true,"message":"ExoPlayer gapless queue — content:// locker bridge + HTTP streams.","state":"idle","positionSecs":0,"durationSecs":0,"queueIndex":0,"queueLength":0,"gaplessEnabled":true,"crossfadeEnabled":false,"bitPerfectActive":false}
06-17 14:12:20.819  1858 21547 I WifiHAL : event received NL80211_CMD_VENDOR, vendor_id = 0x1374, subcmd = 0xd
06-17 14:12:20.820  3084  3084 I cnss-daemon: nl80211 response handler invoked
06-17 14:12:20.820  3084  3084 I cnss-daemon: nl80211_response_handler: cmd 103, vendorID 4980, subcmd 13  received
06-17 14:12:20.825  8076 23527 I Finsky:background: [176571] DSC::L: Update all listeners for download <9210:RUNNING:0%[0%]> in group com.google.android.art:TkwNVSfSTFqQS7ocixdDQw
06-17 14:12:20.825  8076 23527 I Finsky:background: [176571] DSC::L: Updating listener DownloadServiceManagerListener::aoso@48b8c30 for download <9210:RUNNING:0%[0%]>
06-17 14:12:20.826  8076 23527 I Finsky:background: [176571] DS: Received onProgress request_id=9210
06-17 14:12:20.826  8076 23527 I Finsky:background: [176571] RM: receive resource status onProgress download_request_id=9210, group_id=com.google.android.art.apex reason: auto_update isid: TkwNVSfSTFqQS7ocixdDQw, status_code=RESOURCE_STATUS_IN_PROGRESS, legacy_status_code=192, size: 0/7240343
06-17 14:12:20.827  8076 23527 I Finsky:background: [176571] DSC::L: Updating listener vdc@38a7256 for download <9210:RUNNING:0%[0%]>
06-17 14:12:20.827  8076 23527 I Finsky:background: [176571] DSC::L: Updating listener DownloadServiceManagerListener::sut@d31b471 for download <9210:RUNNING:0%[0%]>
06-17 14:12:20.827  8076 23527 I Finsky:background: [176571] DS::IDC: updateWith: <9210:RUNNING:0%[0%]>
06-17 14:12:20.829  8076  8105 I Finsky:background: [176497] RM: getStatus resourceRequestId=f7123632-2dbe-41d2-be07-131e59691553 requestId=9210 package=com.google.android.art artifact=com.google.android.art.apex isid=TkwNVSfSTFqQS7ocixdDQw
06-17 14:12:20.829  8076  8105 I Finsky:background: [176497] DSC: reviveDownload(9210)
06-17 14:12:20.830  8076  8116 I Finsky:background: [176508] DS: reviveDownload(request_id=9210)
06-17 14:12:20.831  8076 23527 I Finsky:background: [176571] DS: DS: onReviveDownload(request_id=9210, files_to_download=[com.google.android.art.apex(size:7240343)], context[group_id=com.google.android.art:TkwNVSfSTFqQS7ocixdDQw], display_data[invisible=true, title=Google Play system update], network_restrictions=ANY_NETWORK status=running, bytes_downloaded=0, total_bytes=7240343, retry[count=0, next_retry=n/a])
06-17 14:12:20.832  8076  8076 I Finsky:background: [2] RF: onProgress request_id=9210 isid=TkwNVSfSTFqQS7ocixdDQw
06-17 14:12:20.833  8076  8076 I Finsky:background: [2] RF: resourceStatus for request_id=9210 group=com.google.android.art artifact=com.google.android.art.apex collectedBytes= 0 / 7240343
06-17 14:12:20.835  8076  8076 I Finsky:background: [2] RF: Group=com.google.android.art totalBytesDownloaded= 0 / 7240343 for 1 artifacts
06-17 14:12:20.839  8076  8076 I Finsky:background: [2] Updated time lastBroadcast=2026-06-17T07:12:18.679Z current=2026-06-17T07:12:20.839Z
06-17 14:12:20.840  8076  8076 I Finsky:background: [2] bytesCompleted/bytesTotal/ratio = 0 / 7240343 / 0.000000
06-17 14:12:20.844  5058  5099 D BaseModelUpdateTask: Ignoring model task since loader is pending=com.android.launcher3.model.PackageInstallStateChangedTask@96b086c
06-17 14:12:20.845  8076 24107 I Finsky:background: [176579] IV2: onTaskProgress mainline_train_primary[iid:1548] [isid:JxbyqBzdQcu2PZOLs4pxHw] status:RESOURCE_FETCH_PROGRESS, size: 34568357/47888569
06-17 14:12:20.851  8076 24099 I Finsky:background: [176574] IQ: Notifying installation update. [Package:mainline_train_primary, isid:JxbyqBzdQcu2PZOLs4pxHw] state:DOWNLOADING, status=DOWNLOADING, status_code=0, reason=auto_update, tsc=PT23.69S, attempt=0
06-17 14:12:20.856  8076  8076 I Finsky:background: [2] PIM: Handling install package event for: mainline_train_primary status:  DOWNLOADING, isid: JxbyqBzdQcu2PZOLs4pxHw
06-17 14:12:20.862  7103  7103 I Finsky  : [2] DL: Data loader session turned off due to Incremental install not requested: mainline_train_primary
06-17 14:12:20.902  3480  4315 I CwbClient: setCWBDisplayType set mFeatureID = CWB_RGB_VALUE
06-17 14:12:20.938  1960  6585 E charge_time: charging current less than 50mA,stop
06-17 14:12:20.939  1960  6585 D charge_time: force write 0s(00:00:00) to ttf, rc=12
06-17 14:12:20.947  1843  1843 D healthd : system healthd: battery l=80 v=4132 t=31.9 h=2 st=2 c=11 fc=5400000 cc=924 chg=u
06-17 14:12:20.950  1960  1960 D ChargerInfo: getInfo: type: 0x1, update: 1
06-17 14:12:20.951  1960  1973 D ChargerInfo: chargerInfoUpdateThread: update start
06-17 14:12:20.959  1960  1973 D ChargerInfo: wlsAdapterPower: path(/sys/class/oplus_chg/wireless/max_w_power): not exist
06-17 14:12:20.959  1960  1973 D ChargerInfo: unknown: path(/sys/class/oplus_chg/ac/online) and backupPath(/sys/class/power_supply/ac/online) not exist
06-17 14:12:20.959  1960  1973 D ChargerInfo: get_ui_charge_icon_type: [0 0] [0 0] 1
06-17 14:12:20.959  1960  1973 D ChargerInfo: unknown: path(/sys/class/oplus_chg/ac/online) and backupPath(/sys/class/power_supply/ac/online) not exist
06-17 14:12:20.959  1960  1973 D ChargerInfo: cpaPower:2500 isChargeOnline:1 isSupportRetentionTopic:0
06-17 14:12:20.959  1960  1973 E ChargerInfo: SingleHyperPath not found
06-17 14:12:20.960  1960  1973 D ChargerInfo: chargerInfoUpdateThread: update end
06-17 14:12:20.960  1960  1973 D ChargerInfo: chargerInfoUpdateThread: update wait
06-17 14:12:20.960  1960  1960 D ChargerInfo: wlsAdapterPower: path(/sys/class/oplus_chg/wireless/max_w_power): not exist
06-17 14:12:20.960  1960  1960 D ChargerInfo: getInfo: {"Update":{"batteryFcc":4226,"batteryRm":3220,"bddLeakCurr":0,"bmsStatus":0,"bypassChgStatus":2,"chargeTimeRemaining":0,"cpaPower":2,"enableTx":"disable","fastCharge":0,"isSupportSpeedCharge":0,"notifyCode":0,"otgOnline":1,"ppsChargePower":0,"ppsCharging":0,"shortCHwStatus":0,"shortIcOtpStatus":0,"uiIconType":0,"uiPower":0,"usbStatus":0,"wlsAdapterPower":0}}
06-17 14:12:20.962  3480  4410 D OplusWifiService: notifyBatteryInfoChanged: feature not supported
06-17 14:12:20.964  3480  3596 D BatteryStatsImplExtImpl: mActiveProcesses size = 88
06-17 14:12:20.964  3480  3480 I OplusDexoptController:  chargingReceiver after schargeType is  0
06-17 14:12:20.964  3480  3596 D BatteryStatsImplExtImpl: rpmhStats is null or interval time is too short.
06-17 14:12:20.970  4908  4908 I SystemUi--Statusbar: BatteryControllerExt-->updateIntent():broadcast = android.intent.action.ADDITIONAL_BATTERY_CHANGED,OplusAddBatteryStatus(plugged = 2, status = 2, batteryCharging = true, chargerTechnology = 0, chargerWattage = 0, chargerWattageOrigin = 2, isWirelessCharging = false, isWirelessChargingReverse = false, isHeatStateActive = false, notifyCode = 0, realCharging = true, keyguardCharging = true, level = 80, lowLevelChange = false, supportSingleSmartCharge = false)
06-17 14:12:20.972  4908  4908 I SystemUi--Keyguard: ChargingAnimationImpl-->onAdditionalBatteryStateChanged mLastTipKey=Charging %s,tipKey=Charging %s
06-17 14:12:20.972  4908  4908 W SystemUi--Keyguard: ChargingAnimationImpl-->oplusAddBatteryStatus is same as last time , return
06-17 14:12:21.071  8076 23527 I Finsky:background: [176571] DSC::L: Update all listeners for download <9210:RUNNING:100%[100%]> in group com.google.android.art:TkwNVSfSTFqQS7ocixdDQw
06-17 14:12:21.071  8076 23527 I Finsky:background: [176571] DSC::L: Updating listener DownloadServiceManagerListener::aoso@48b8c30 for download <9210:RUNNING:100%[100%]>
06-17 14:12:21.071  8076 23527 I Finsky:background: [176571] DS: Received onProgress request_id=9210
06-17 14:12:21.072  8076 23527 I Finsky:background: [176571] RM: receive resource status onProgress download_request_id=9210, group_id=com.google.android.art.apex reason: auto_update isid: TkwNVSfSTFqQS7ocixdDQw, status_code=RESOURCE_STATUS_IN_PROGRESS, legacy_status_code=192, size: 7240343/7240343
06-17 14:12:21.072  8076 23527 I Finsky:background: [176571] DSC::L: Updating listener vdc@38a7256 for download <9210:RUNNING:100%[100%]>
06-17 14:12:21.072  8076 23527 I Finsky:background: [176571] DSC::L: Updating listener DownloadServiceManagerListener::sut@d31b471 for download <9210:RUNNING:100%[100%]>
06-17 14:12:21.072  8076 23527 I Finsky:background: [176571] DS::IDC: updateWith: <9210:RUNNING:100%[100%]>
06-17 14:12:21.073  8076 23527 I Finsky:background: [176571] DS: Decremented runningDownloadsCount to: 0
06-17 14:12:21.073  8076 23527 I Finsky:background: [176571] DS: Current runningDownloadsCount: 0, queuedCount: 0
06-17 14:12:21.074  8076 23527 I Finsky:background: [176571] DSC::L: Update all listeners for download <9210:SUCCEEDED> in group com.google.android.art:TkwNVSfSTFqQS7ocixdDQw
06-17 14:12:21.074  8076 23527 I Finsky:background: [176571] DSC::L: Updating listener DownloadServiceManagerListener::aoso@48b8c30 for download <9210:SUCCEEDED>
06-17 14:12:21.075  8076 23527 I Finsky:background: [176571] RM: receive resource status onSuccess com.google.android.art.apex reason: auto_update isid: TkwNVSfSTFqQS7ocixdDQw, 3, 200, size: 7240343/7240343
06-17 14:12:21.075  8076 23527 I Finsky:background: [176571] DSC::L: Updating listener vdc@38a7256 for download <9210:SUCCEEDED>
06-17 14:12:21.075  8076 23527 I Finsky:background: [176571] DSC::L: Updating listener DownloadServiceManagerListener::sut@d31b471 for download <9210:SUCCEEDED>
06-17 14:12:21.076  8076 23527 I Finsky:background: [176571] DS::IDC: updateWith: <9210:SUCCEEDED>
06-17 14:12:21.076  8076 23527 I Finsky:background: [176571] DS::IDC: All invisible downloads are finished.
06-17 14:12:21.076  8076 23527 I Finsky:background: [176571] DS::ISM: Stopping invisible download job
06-17 14:12:21.078  8076  8110 I Finsky:background: [176502] RM: getStatus resourceRequestId=f7123632-2dbe-41d2-be07-131e59691553 requestId=9210 package=com.google.android.art artifact=com.google.android.art.apex isid=TkwNVSfSTFqQS7ocixdDQw
06-17 14:12:21.079  8076  8110 I Finsky:background: [176502] DSC: reviveDownload(9210)
06-17 14:12:21.080  8076 23495 I Finsky:background: [176557] SCH: Canceling job 40-9998
06-17 14:12:21.080  8076  8105 I Finsky:background: [176497] RM: getStatus resourceRequestId=f7123632-2dbe-41d2-be07-131e59691553 requestId=9210 package=com.google.android.art artifact=com.google.android.art.apex isid=TkwNVSfSTFqQS7ocixdDQw
06-17 14:12:21.080  8076  8105 I Finsky:background: [176497] DSC: reviveDownload(9210)
06-17 14:12:21.080  8076 23495 I Finsky:background: [176557] WM::SCH: Logging work end for 40-9998
06-17 14:12:21.081  8076  8105 I Finsky:background: [176497] DS: reviveDownload(request_id=9210)
06-17 14:12:21.081  8076 23509 I Finsky:background: [176559] DU: Stored data usage stats for package com.google.android.art; completed bytes: 7240343.
06-17 14:12:21.082  8076  8110 I Finsky:background: [176502] DS: reviveDownload(request_id=9210)
06-17 14:12:21.082  8076  8076 I Finsky:background: [2] Job 40-9998 is canceled while running
06-17 14:12:21.083  8076 23527 I Finsky:background: [176571] DS: DS: onReviveDownload(request_id=9210, files_to_download=[com.google.android.art.apex(size:7240343)], context[group_id=com.google.android.art:TkwNVSfSTFqQS7ocixdDQw], display_data[invisible=true, title=Google Play system update], network_restrictions=ANY_NETWORK status=succeeded, bytes_downloaded=7240343, total_bytes=7240343, retry[count=0, next_retry=n/a])
06-17 14:12:21.083  8076  8076 I Finsky:background: [2] SCH: jobStopped: 40-9998. TimeElapsed: 310ms. EventType: 2544
06-17 14:12:21.083  8076  8076 I Finsky:background: [2] WM::SCH: Logging work stop for 40-9998
06-17 14:12:21.083  8076  8076 I Finsky:background: [2] DS::IDC: has 0 invisibleDownloads
06-17 14:12:21.084  8076 23527 I Finsky:background: [176571] DS: DS: onReviveDownload(request_id=9210, files_to_download=[com.google.android.art.apex(size:7240343)], context[group_id=com.google.android.art:TkwNVSfSTFqQS7ocixdDQw], display_data[invisible=true, title=Google Play system update], network_restrictions=ANY_NETWORK status=succeeded, bytes_downloaded=7240343, total_bytes=7240343, retry[count=0, next_retry=n/a])
06-17 14:12:21.084  8076  8076 I Finsky:background: [2] DS::IRJ: onStopJob: false, stopReason: 3
06-17 14:12:21.085  8076  8076 I Finsky:background: [2] RF: onResourceSuccess request_id=9210 isid=TkwNVSfSTFqQS7ocixdDQw
06-17 14:12:21.085  8076  8076 I Finsky:background: [2] RF: resourceStatus for request_id=9210 group=com.google.android.art artifact=com.google.android.art.apex collectedBytes= 7240343 / 7240343
06-17 14:12:21.085  8076  8076 I Finsky:background: [2] RF: Group=com.google.android.art totalBytesDownloaded= 7240343 / 7240343 for 1 artifacts
06-17 14:12:21.085  8076  8076 I Finsky:background: [2] bytesCompleted/bytesTotal/ratio = 7240343 / 7240343 / 1.000000
06-17 14:12:21.086  8076  8076 I Finsky:background: [2] RF: onSuccess request_id=9210 isid=TkwNVSfSTFqQS7ocixdDQw
06-17 14:12:21.087  8076  8076 I Finsky:background: [2] RF: resourceStatus for request_id=9210 group=com.google.android.art artifact=com.google.android.art.apex collectedBytes= 7240343 / 7240343
06-17 14:12:21.087  8076  8076 I Finsky:background: [2] RF: Group=com.google.android.art totalBytesDownloaded= 7240343 / 7240343 for 1 artifacts
06-17 14:12:21.089  8076  8103 I Finsky:background: [176495] SCH: Scheduling phonesky job Id: 3-36727, CT: 1781680318553, Constraints: [{ L: 0, D: 86400000, C: CHARGING_NONE, I: IDLE_NONE, N: NET_ANY, B: BATTERY_ANY }, { L: 0, D: 0, C: CHARGING_NONE, I: IDLE_NONE, N: NET_NONE, B: BATTERY_ANY }]
06-17 14:12:21.090  5058  5099 D BaseModelUpdateTask: Ignoring model task since loader is pending=com.android.launcher3.model.PackageInstallStateChangedTask@eabae35
06-17 14:12:21.091  8076  8076 I Finsky:background: [2] RF: onProgress request_id=9210 isid=TkwNVSfSTFqQS7ocixdDQw
06-17 14:12:21.091  8076  8076 I Finsky:background: [2] RF: resourceStatus for request_id=9210 group=com.google.android.art artifact=com.google.android.art.apex collectedBytes= 7240343 / 7240343
06-17 14:12:21.091  8076  8076 I Finsky:background: [2] RF: Group=com.google.android.art totalBytesDownloaded= 7240343 / 7240343 for 1 artifacts
06-17 14:12:21.092  8076  8103 I Finsky:background: [176495] RF: starting postprocessing for com.google.android.art.apex
06-17 14:12:21.092  8076  8076 I Finsky:background: [2] RF: Preventing total bytes update to listeners
06-17 14:12:21.092  8076  8103 I Finsky:background: [176495] RF::PP-Patch: starting to apply patch for [group:mainline_train_primary[iid:1548] [isid:JxbyqBzdQcu2PZOLs4pxHw] [tid: 1000001620]], com.google.android.art [isid:TkwNVSfSTFqQS7ocixdDQw] [tid: 1000001641].
06-17 14:12:21.092  8076  8103 I Finsky:background: [176495] IV2::PP: Get source file from installed app for com.google.android.art.apex
06-17 14:12:21.094  8076 24107 I Finsky:background: [176579] IV2: onTaskProgress mainline_train_primary[iid:1548] [isid:JxbyqBzdQcu2PZOLs4pxHw] status:RESOURCE_FETCH_PROGRESS, size: 41808700/47888569
06-17 14:12:21.094  8076  8112 I Finsky:background: [176504] SCH: Scheduling system job 10711 to resume after 0 ms
06-17 14:12:21.095  8076  8112 I Finsky:background: [176504] SCH: Scheduling system job 10712 to resume after 0 ms
06-17 14:12:21.096  8076  8112 I Finsky:background: [176504] SCH: Resuming system job 10712 from hub.
06-17 14:12:21.096  8076  8106 I Finsky:background: [176498] SCH: Resuming system job 10711 from hub.
06-17 14:12:21.096  3480  9566 D PackageInstallerSessionExtImpl: no pre: undesired name
06-17 14:12:21.099  8076 24107 I Finsky:background: [176579] IV2: onTaskProgress mainline_train_primary[iid:1548] [isid:JxbyqBzdQcu2PZOLs4pxHw] status:RESOURCE_FETCH_PROGRESS, size: 41808700/47888569
06-17 14:12:21.100  8076 24099 I Finsky:background: [176574] IQ: Notifying installation update. [Package:mainline_train_primary, isid:JxbyqBzdQcu2PZOLs4pxHw] state:DOWNLOADING, status=DOWNLOADING, status_code=0, reason=auto_update, tsc=PT23.939S, attempt=0
06-17 14:12:21.101  1115  1115 E lowmemorykiller: device has enough memory 3063024Kib, freeMemory 440084Kib, cmafree 0Kib, file_cache 2827376Kib, disable killing (limit_killing:1024000Kib)
06-17 14:12:21.101  8076  8104 I Finsky:background: [176496] SCH: Scheduling 0 system job(s)
06-17 14:12:21.101  3480  4315 D FusionLightNextGen: raw_lux -1.0, raw_cct -1.0, r/g/b/c: 717.8/552.4/346.5/1432.7, R/G/B: 27.0/26.0/23.0, bri 36.0, lux: 18.050114, cct: 5300.0, ir: 0.065568, conf: 2, cnt: 0
06-17 14:12:21.102  8076 23495 I Finsky:background: [176557] SCH: Satisfied jobs for 10712 are: 3-36727
06-17 14:12:21.104  8076 23495 I Finsky:background: [176557] SCH: Satisfied jobs for 10711 are: 3-36727
06-17 14:12:21.104  8076  8076 I Finsky:background: [2] PIM: Handling install package event for: mainline_train_primary status:  DOWNLOADING, isid: JxbyqBzdQcu2PZOLs4pxHw
06-17 14:12:21.106  8076 24099 I Finsky:background: [176574] IQ: Notifying installation update. [Package:mainline_train_primary, isid:JxbyqBzdQcu2PZOLs4pxHw] state:DOWNLOADING, status=DOWNLOADING, status_code=0, reason=auto_update, tsc=PT23.945S, attempt=0
06-17 14:12:21.109  7103  7103 I Finsky  : [2] DL: Data loader session turned off due to Incremental install not requested: mainline_train_primary
06-17 14:12:21.110  8076  8076 I Finsky:background: [2] PIM: Handling install package event for: mainline_train_primary status:  DOWNLOADING, isid: JxbyqBzdQcu2PZOLs4pxHw
06-17 14:12:21.114  7103  7103 I Finsky  : [2] DL: Data loader session turned off due to Incremental install not requested: mainline_train_primary
06-17 14:12:21.193 13819 13819 I Capacitor/Console: File:  - Line 349 - Msg: [object Object]
06-17 14:12:21.194 13819 20282 V Capacitor/Plugin: To native (Capacitor plugin): callbackId: 122403964, pluginId: NativeExoPlayback, methodName: getStatus
06-17 14:12:21.194 13819 20282 V Capacitor: callback: 122403964, pluginId: NativeExoPlayback, methodName: getStatus, methodData: {}
06-17 14:12:21.202 13819 13819 I Capacitor/Console: File:  - Line 333 - Msg: {"available":true,"wired":true,"message":"ExoPlayer gapless queue — content:// locker bridge + HTTP streams.","state":"idle","positionSecs":0,"durationSecs":0,"queueIndex":0,"queueLength":0,"gaplessEnabled":true,"crossfadeEnabled":false,"bitPerfectActive":false}
06-17 14:12:21.274  1851 17912 I sensors-hal: handle_sns_std_sensor_event:104, oplus rgb_rear sample: (cct, lux, ir, x, y)[10990, 0, 300000, 391, 87]
06-17 14:12:21.275  1851 17912 I sensors-hal: handle_sns_std_sensor_event:106, oplus rgb_rear sample: (r, g, b, c w)[3, 1, 3, 1, 3]
06-17 14:12:21.302  1851 17883 I sensors-hal: handle_oplus_wise_rgb_event:160, wise_rgb:(59071)(cct,lux,ir)[5300.00, 20.08, 0.000000](rgbc)[717.84, 552.43, 346.50, 1432.73](pwm,hbm,brl,algo)[0.0 0.0 36.0 2.0],flag 0
06-17 14:12:21.446 27029 27066 I metis_v2_OsenseCallBack: memLevel: 0
06-17 14:12:21.481  3480  4824 I Osense-PsiDetector: 2988,419,118,5631,98,432,527,2200,3092,1140,1628,0,12,10956
06-17 14:12:21.482 27029 27066 I metis_v2_OsenseCallBack: memLevel: 4
06-17 14:12:21.483  3480  4817 I Osense-BaseDecisionMaker: notifySceneToAthenaPolicy: SCENE_RES_MEM_PSI_NORMAL, bundle: Bundle[{memLevel=4}]
06-17 14:12:21.486  3480  4817 I Osense-BaseDecisionMaker: notifySceneToAthenaPolicy: SCENE_RES_MEM_PSI_LEAK, bundle: Bundle[{memLevel=4}]
06-17 14:12:21.520  1960  1986 D BatteryChargeControl: bcc get no support from charging protocol
06-17 14:12:21.596 13819 20282 V Capacitor/Plugin: To native (Capacitor plugin): callbackId: 122403965, pluginId: NativeExoPlayback, methodName: getStatus
06-17 14:12:21.596 13819 13819 I Capacitor/Console: File:  - Line 349 - Msg: [object Object]
06-17 14:12:21.596 13819 20282 V Capacitor: callback: 122403965, pluginId: NativeExoPlayback, methodName: getStatus, methodData: {}
06-17 14:12:21.602 13819 13819 I Capacitor/Console: File:  - Line 333 - Msg: {"available":true,"wired":true,"message":"ExoPlayer gapless queue — content:// locker bridge + HTTP streams.","state":"idle","positionSecs":0,"durationSecs":0,"queueIndex":0,"queueLength":0,"gaplessEnabled":true,"crossfadeEnabled":false,"bitPerfectActive":false}
06-17 14:12:21.721  1115  1115 E lowmemorykiller: device has enough memory 3062048Kib, freeMemory 425568Kib, cmafree 1560Kib, file_cache 2840908Kib, disable killing (limit_killing:1024000Kib)
