--------- beginning of system
06-19 00:33:57.492  3480  4187 D osense.compress: co.mona.android do shrink, target ratio = 45, final ratio = 90, cur ratio = 0
06-19 00:33:57.534  3480  4180 W ActivityTaskManager: callingPackage for (uid=2000, pid=16323) has no WPC
06-19 00:33:57.537  3480  4355 D StartingSurfacePreviewController: checkSupportSurfacePreview, token=rd.sheepskin.sandboxmusic/.MainActivity, enableSurfacePreview=false, supportMultiLayout=false, unsupportedSkipViewAnimLv=null, disableSurfacePreviewAnimLv=null, ignoreFileExistAnimLv=null
06-19 00:33:57.541  3480  4180 D WindowManager: NFW_setClientVisible:ActivityRecord{219643959 u0 rd.sheepskin.sandboxmusic/.MainActivity clientVisible:true
06-19 00:33:57.541  3480  4180 D ActivityTaskManager: The isLandscapeFullscreenEnabled is: rd.sheepskin.sandboxmusic/.MainActivity
06-19 00:33:57.542  3480  4180 D ActivityTaskManager: The isLandscapeFullscreenEnabled is: rd.sheepskin.sandboxmusic/.MainActivity
06-19 00:33:57.542  3480  4180 D ActivityTaskManager: The isLandscapeFullscreenEnabled is: rd.sheepskin.sandboxmusic/.MainActivity
06-19 00:33:57.542  3480  4180 D ActivityTaskManager: The isLandscapeFullscreenEnabled is: rd.sheepskin.sandboxmusic/.MainActivity
06-19 00:33:57.542  3480  4180 D ActivityTaskManager: The isLandscapeFullscreenEnabled is: rd.sheepskin.sandboxmusic/.MainActivity
06-19 00:33:57.543  3480  4180 D FlexibleTaskController: isSupportFlexibleWindow target = rd.sheepskin.sandboxmusic/.MainActivity callPkg = FlexibleTaskController support = true ,caller = 3480
06-19 00:33:57.543  3480  4180 I AppSnapshotController: init, sysSupport = true, mActivitySupport = false, activityRecord = ActivityRecord{219643959 u0 rd.sheepskin.sandboxmusic/.MainActivity t-1}
06-19 00:33:57.543  3480  3580 E QosSceneRecognizer[ActivityStartScene]: notifyActivityStart get launchedFromUid failed through AppManager! launchedFromPackage: com.android.shell, pkg: rd.sheepskin.sandboxmusic
06-19 00:33:57.544  3480  4180 D FlexibleWindowManagerService: isIgnoreAppearedAcrossTask:false
06-19 00:33:57.544  3480  4180 D FlexibleWindowManagerService: isIgnoreAppearedAcrossTask:false
06-19 00:33:57.545  3480  4180 D FlexibleTaskController: findSourceTaskForFreeForm: sourceRecord = null ,realCallingPid:16323 ,launchFromZoomMode:false ,prevTopTask:Task{4e13f85 #6 type=home I=com.teslacoilsw.launcher/.NovaLauncher}
06-19 00:33:57.545  3480  4180 D FlexibleTaskController: findSourceTaskForFreeForm: the caller is not a flexible freeform window application and does not have a zoom windowMode startup parameter
06-19 00:33:57.545  3480  4180 D FlexibleTaskController: adjustOptionsForFlexibleTask not allow options follow process task's options, reason:9 ,reusedOptions:null
06-19 00:33:57.545  3480  4180 E FlexibleWindowManagerService: setProcessFrameRate error wpc null 
06-19 00:33:57.545  3480  4180 D FlexibleTaskController: isSupportFlexibleWindow target = rd.sheepskin.sandboxmusic/.MainActivity callPkg = FlexibleTaskController support = true ,caller = 3480
06-19 00:33:57.545  3480  4180 D CompactServiceDelegate: updateDecorsManagerIfNeed return because not attachToProcess task:Task{66ec30d #12358 type=standard}
06-19 00:33:57.546  3480  4180 D CompactServiceDelegate: updateDecorsManagerIfNeed return because not attachToProcess task:Task{66ec30d #12358 type=standard}
06-19 00:33:57.547  3480  4180 D ActivityTaskManager: The isLandscapeFullscreenEnabled is: rd.sheepskin.sandboxmusic/.MainActivity
06-19 00:33:57.548  3480  4180 D ActivityTaskManager: The isLandscapeFullscreenEnabled is: rd.sheepskin.sandboxmusic/.MainActivity
06-19 00:33:57.548  3480  4180 D ActivityTaskManager: The isLandscapeFullscreenEnabled is: rd.sheepskin.sandboxmusic/.MainActivity
06-19 00:33:57.548  3480  4180 D ActivityTaskManager: The isLandscapeFullscreenEnabled is: rd.sheepskin.sandboxmusic/.MainActivity
06-19 00:33:57.548  3480  4180 D ActivityTaskManager: The isLandscapeFullscreenEnabled is: rd.sheepskin.sandboxmusic/.MainActivity
06-19 00:33:57.549  3480  4180 D ActivityTaskManager: The isLandscapeFullscreenEnabled is: rd.sheepskin.sandboxmusic/.MainActivity
06-19 00:33:57.550  3480  4180 D SecondaryPageStartupPolicy: checkSecondaryPageStartupStatus not support sourcePackage=com.android.shell
06-19 00:33:57.551  3480  4180 D OplusStartingWindowManager: we don't revise window flags for third app
06-19 00:33:57.551  3480  4180 D ActivityTaskManager: validateStartingWindowTheme:  Pkg=rd.sheepskin.sandboxmusic, Translucent=false, Floating=false, ShowWallpaper=false, Disable=false, LaunchSource=4, Prev=null, LaunchedFromPackage=com.android.shell
06-19 00:33:57.551  3480  4180 D ActivityTaskManager: addStartingWindow for ActivityRecord{219643959 u0 rd.sheepskin.sandboxmusic/.MainActivity t12358}, mainWin=null, state=INITIALIZING, isKeyguardLocked=false, isKeyguardGoingAway=false
06-19 00:33:57.551  3480  4180 D ActivityTaskManager: getStartingWindowType: , newTask=true, taskSwitch=true, processRunning=false, allowTaskSnapshot=true, activityCreated=false, activityAllDrawn=false, snapshot exist: false
06-19 00:33:57.551  3480  4180 D ActivityRecordExtImpl: handleStartingWindowForCompactWindow origin type:2, adjustType : 2
06-19 00:33:57.552  4908  4998 D PhoneStartingWindowTypeAlgorithm: preferredStartingWindowType newTask=true, taskSwitch=true, processRunning=false, allowTaskSnapshot=true, activityCreated=false, isSolidColorSplashScreen=false, legacySplashScreen=false, activityDrawn=false, windowless=false, topIsHome=false
06-19 00:33:57.553  4908  4998 D OplusShellStartingWindowManager: getReviseStartingWindowType not support, windowInfo is null
06-19 00:33:57.554  4908  4998 D OplusShellStartingWindowManager: adjustSuggestedWindowType originType: 1, wi: StartingWindowInfo{taskId=12358 targetActivityInfo=null displayId=0 topActivityType=1 preferredStartingWindowType=8b mainWindowLayoutParams=null splashScreenThemeResId 7f100007, exi: OplusStartingWindowExtendedInfo{mAppToken=android.os.BinderProxy@fc93f4c, mSupportSplashScreenPreview=false, mIsSystemApp=false, mIsExceptionListApp=false, mPreviewBitmap=null, mShouldDrawBackground=false, mForceLightMode=false, mForceNightMode=false, mNotSupportNightMode=false, mForcePreview=false, mForceBigIcon=false, mQuickStartingSurface=null, mForceSolidColorSplash=false}
06-19 00:33:57.554  4908  4998 D OplusShellStartingWindowManager: adjustSuggestedWindowType: skip no-system app and no-exception list app
06-19 00:33:57.554  3480  4741 D CompatChangeReporter: Compat change id reported: 377864165; UID 10445; state: ENABLED
06-19 00:33:57.555  4908  4999 D ShellStartingWindow: getWindowAttrs SplashScreenWindowAttrs{ mWindowBgResId: 106009b, mWindowBgColor: 0, mWindowBgImage: false, mSplashScreenIcon: false, mBrandingImage: false, mIconBgColor: 0, uiMode: 0}
06-19 00:33:57.556  3480  4180 D ActivityTaskManager: notifyTaskRemoved, task: Task{4f1eb01 #12357 type=standard A=10445:rd.sheepskin.sandboxmusic} trace:com.android.server.wm.RecentTasks.removeForAddTask:1893 com.android.server.wm.RecentTasks.add:1382 com.android.server.wm.ActivityStarter.startActivityInner:3072 com.android.server.wm.ActivityStarter.startActivityUnchecked:2181 com.android.server.wm.ActivityStarter.executeRequest:1931 
06-19 00:33:57.556  4908  4999 I ShellStartingWindow: makeSplashScreenContentView themeBGColor: ff211e28, isDark: true, last config hash: -1425740600
06-19 00:33:57.557  4908  4999 D ShellStartingWindow: inconsize = 720
06-19 00:33:57.558  4908  4978 V WindowManagerShell: Transition requested (#16757): android.os.BinderProxy@bdd4377 TransitionRequestInfo { type = OPEN, triggerTask = TaskInfo{userId=0 taskId=12358 effectiveUid=10445 displayId=0 isRunning=true baseIntent=Intent { act=android.intent.action.VIEW dat=sandboxmusic://e2e/... flg=0x14000000 cmp=rd.sheepskin.sandboxmusic/.MainActivity mCallingUid=2000 } baseActivity=ComponentInfo{rd.sheepskin.sandboxmusic/rd.sheepskin.sandboxmusic.MainActivity} topActivity=ComponentInfo{rd.sheepskin.sandboxmusic/rd.sheepskin.sandboxmusic.MainActivity} origActivity=null realActivity=ComponentInfo{rd.sheepskin.sandboxmusic/rd.sheepskin.sandboxmusic.MainActivity}
06-19 00:33:57.558  4908  4978 V WindowManagerShell:  numActivities=1 lastActiveTime=1074359241 supportsSplitScreenMultiWindow=true supportsMultiWindow=true supportsPocketStudioMultiWindow=true isInFlexibleEmbedded = false uid = 10445 pid = 0 resizeMode=2 isResizeable=true minWidth=-1 minHeight=-1 defaultMinSize=220 token=WCT{android.window.IWindowContainerToken$Stub$Proxy@cce2be4} topActivityType=1 pictureInPictureParams=null shouldDockBigOverlays=false launchIntoPipHostTaskId=-1 lastParentTaskIdBeforePip=-1 displayCutoutSafeInsets=Rect(0, 160 - 0, 0)
06-19 00:33:57.558  4908  4978 V WindowManagerShell:  topActivityInfo=ActivityInfo{b80584d rd.sheepskin.sandboxmusic.MainActivity} launchCookies=[] positionInParent=Point(0, 0) parentTaskId=-1 isFocused=false isVisible=false isVisibleRequested=false isTopActivityNoDisplay=false isSleeping=false locusId=null displayAreaFeatureId=1 isTopActivityTransparent=false isActivityStackTransparent=false lastNonFullscreenBounds=Rect(352, 845 - 1089, 2285) capturedLink=null capturedLinkTimestamp=0 requestedVisibleTypes=-9 topActivityRequestOpenInBrowserEducationTimestamp=0
06-19 00:33:57.558  4908  4978 V WindowManagerShell:  appCompatTaskInfo=AppCompatTaskInfo { topActivityInSizeCompat=false topActivityInOplusCompatMode=false eligibleForLetterboxEducation= false isLetterboxEducationEnabled= false isLetterboxDoubleTapEnabled= false eligibleForUserAspectRatioButton= false topActivityBoundsLetterboxed= false isFromLetterboxDoubleTap= false topActivityLetterboxVerticalPosition= -1 topActivityLetterboxHorizontalPosition= -1 topActivityLetterboxWidth=-1 topActivityLetterboxHeight=-1 topActivityAppBounds=Rect(0, 0 - 1440, 3168) isUserFullscreenOverrideEnabled=false isSystemFullscreenOverrideEnabled=false hasMinAspectRatioOverride=false topActivityLetterboxBounds=null cameraCompatTaskInfo=CameraCompatTaskInfo { freeformCameraCompatMode=inactive}} topActivityMainWindowFrame=null topActivityLetterboxInsets=Rect(0, 0 - 0, 0)
06-19 00:33:57.558  4908  4978 V WindowManagerShell:  mOplusExtraBundle = Bundle[mParcelledData.dataSize=1776]}, pipChange = null, remoteTransition = null, displayChange = null, flags = 0, debugId = 16757 }
06-19 00:33:57.558  4908  4978 D ShellSplitScreen: logExit: no-op, mLoggerSessionId is null
06-19 00:33:57.558  3480  4180 D osense.compress: notifyActivityLaunched pkgName = rd.sheepskin.sandboxmusic, userId = 0
06-19 00:33:57.558  3480  4180 I ActivityTaskManager: START u0 {act=android.intent.action.VIEW dat=sandboxmusic://e2e/... flg=0x14000000 xflg=0x4 cmp=rd.sheepskin.sandboxmusic/.MainActivity mCallingUid=2000} with LAUNCH_SINGLE_TASK from uid 2000 (BAL_ALLOW_PERMISSION (START_ACTIVITIES_FROM_BACKGROUND permission granted)) result code=0
06-19 00:33:57.561  3480  4741 I AppSnapshotController: attachStartingWindow, win = Window{b23897d u0 Splash Screen rd.sheepskin.sandboxmusic}, shouldAppSnapshot = false
06-19 00:33:57.561  3480  4741 D ActivityTaskManager: attachStartingWindow: mStartingData=SplashScreenStartingData{13eacc3 removeAfterTransaction= 0}, mAssociatedTask=null, mStartingWindow=Window{b23897d u0 Splash Screen rd.sheepskin.sandboxmusic}
06-19 00:33:57.561  3480  4741 I WindowManager: addWindow: New client android.os.BinderProxy@207a3d4 : window=Window{b23897d u0 Splash Screen rd.sheepskin.sandboxmusic}
06-19 00:33:57.563  3480  4180 D RefreshRate: not enable app switch boost in low brightness mode!
06-19 00:33:57.563  3480  4180 D ActivityTaskManager: setAppVisibility(Token{5a532c2 ActivityRecord{219643959 u0 rd.sheepskin.sandboxmusic/.MainActivity t12358}}, visible=true):  visible=false mVisibleRequested=false
06-19 00:33:57.563  3480  4180 D ActivityTaskManager: setVisibility(Token{5a532c2 ActivityRecord{219643959 u0 rd.sheepskin.sandboxmusic/.MainActivity t12358}}, visible=true) defer commitVisibility for transition collecting
06-19 00:33:57.563  3480  4180 D ActivityTaskManager: setAppVisibility(Token{fd66cf8 ActivityRecord{251678570 u0 com.teslacoilsw.launcher/.NovaLauncher t6}}, visible=false):  visible=true mVisibleRequested=true
06-19 00:33:57.564  3480  4180 D ActivityTaskManager: setVisibility(Token{fd66cf8 ActivityRecord{251678570 u0 com.teslacoilsw.launcher/.NovaLauncher t6}}, visible=false) defer commitVisibility for transition collecting
06-19 00:33:57.567  3480  4741 V WindowManager: Relayout Window{b23897d u0 Splash Screen rd.sheepskin.sandboxmusic}: viewVisibility=0, oldvis=0, req=1440x3168 , apr = 0, , x=0, y=0
06-19 00:33:57.567  3480  4741 I WindowManager: Window{b23897d u0 Splash Screen rd.sheepskin.sandboxmusic} state from NO_SURFACE to DRAW_PENDING; reason: resetDrawState
06-19 00:33:57.568  5573  6768 I iopgp   : Iopgp: TRANSACTION_IOPGP_PRELOAD Sequence_id = 385 pkg_name = rd.sheepskin.sandboxmusic uid = 10445 size = 1 isProfile = 1
06-19 00:33:57.569  3480  4741 D WindowManager: NFW_findFocusedWindowIfNeeded:null mCurrentFocus:Window{44f2fa7 u0 com.teslacoilsw.launcher/com.teslacoilsw.launcher.NovaLauncher}
06-19 00:33:57.569  3480  4741 D WindowManager: attachImeScreenshotOnTargetIfNeeded, mImeHiding = false, requestedVisibleTypes = -9
06-19 00:33:57.569  3480  4741 V WindowManager: Changing focus from Window{44f2fa7 u0 com.teslacoilsw.launcher/com.teslacoilsw.launcher.NovaLauncher} to null,diplayid=0
06-19 00:33:57.570  3480  4741 D ActivityTaskManager: The isLandscapeFullscreenEnabled is: rd.sheepskin.sandboxmusic/.MainActivity
06-19 00:33:57.570  3480  4741 D ActivityTaskManager: The isLandscapeFullscreenEnabled is: rd.sheepskin.sandboxmusic/.MainActivity
06-19 00:33:57.570  3480  4741 D FlexibleTaskController: isFullToFlexibleAnimating: false
06-19 00:33:57.570  3480  4741 D WindowManager: rotation(ROTATION_0) no changed  displayId = 0, lastOrientation = -1
06-19 00:33:57.570  4908  4998 W VRI[sandboxmusic]: updateBlastSurfaceIfNeeded, surfaceSize:Point(1440, 3168), lastSurfaceSize:Point(0, 0), format:-3, blastBufferQueue:null
06-19 00:33:57.571  3480  3585 I ActivityManager: Start proc 13036:rd.sheepskin.sandboxmusic/u0a445 for next-top-activity {rd.sheepskin.sandboxmusic/rd.sheepskin.sandboxmusic.MainActivity}
06-19 00:33:57.571  3480  3585 W ContextImpl: Calling a method in the system process without a qualified user: android.app.ContextImpl.sendBroadcast:1281 com.android.server.am.OplusAppStartupConfig.sendAbnormalNotify:2320 com.android.server.am.OplusAppStartupConfig.notifyAbnormalInfo:2253 com.android.server.am.OplusAppStartupManager.handleStartAppInfo:5836 com.android.server.am.ProcessListExtImpl.hookHandleProcessStart:305 
06-19 00:33:57.571  3480  3567 I ActivityManager: ProcessObserver broadcast disabled
06-19 00:33:57.572  3480  5996 D BackgroundInstallControlService: Package event received: 0
06-19 00:33:57.572  3480  4187 I MemoryOperationUtils: add 13036 to rd.sheepskin.sandboxmusic
06-19 00:33:57.577  3480  4180 D WindowManager: onSyncFinishedDrawing: Window{b23897d u0 Splash Screen rd.sheepskin.sandboxmusic}
06-19 00:33:57.577  3480  4180 I WindowManager: finishDrawing skipLayout:false,syncSeqId=0,mPrepareSyncSeqId=0 Window{b23897d u0 Splash Screen rd.sheepskin.sandboxmusic} com.android.server.wm.WindowManagerService.finishDrawingWindow:3230 com.android.server.wm.Session.finishDrawing:403 android.view.IWindowSession$Stub.onTransact:807 
06-19 00:33:57.577  3480  4180 I WindowManager: Window{b23897d u0 Splash Screen rd.sheepskin.sandboxmusic} state from DRAW_PENDING to COMMIT_DRAW_PENDING; reason: finishDrawingLocked
06-19 00:33:57.578  3480  3571 I WindowManager: Window{b23897d u0 Splash Screen rd.sheepskin.sandboxmusic} state from COMMIT_DRAW_PENDING to READY_TO_SHOW; reason: commitFinishDrawingLocked
06-19 00:33:57.578  3480  3571 D ActivityTaskManager: onStartingWindowDrawn: app=null, mStartingData=SplashScreenStartingData{13eacc3 removeAfterTransaction= 0}, finishing=false,mLaunchedFromBubble=false, mVisibleRequested=true, mDisplayContent=Display{#0 state=ON size=1440x3168 ROTATION_0}, isZoomMode=false
06-19 00:33:57.579  3480  3571 D ActivityTaskManager: commitVisibility: ActivityRecord{219643959 u0 rd.sheepskin.sandboxmusic/.MainActivity t12358}: visible=true visibleRequested=true, isInTransition=true 
06-19 00:33:57.579  3480  3571 I WindowManager: Window{b23897d u0 Splash Screen rd.sheepskin.sandboxmusic} state from READY_TO_SHOW to HAS_DRAWN; reason: performShowLocked
06-19 00:33:57.579  3480  3571 I WindowStateExtImpl: onSurfaceShowChange show = true mPackageName = rd.sheepskin.sandboxmusic parentPkgName = rd.sheepskin.sandboxmusic
06-19 00:33:57.579  3480  3571 D CoreBackPreview:  return markWindowHasDrawn mComposed: false  mWaitTransition: false
06-19 00:33:57.579  3480  3571 E OplusAppQuickStart_AppQuickStartController: not start from launcher transition:16757
06-19 00:33:57.579  3480 10983 W ContextImpl: Calling a method in the system process without a qualified user: android.app.ContextImpl.sendBroadcast:1281 com.qualcomm.qti.Performance$SendGameLaunchBroadcast.run:313 com.oplus.dispatch.DispatchObject.runDispatchObject:253 com.oplus.dispatch.OThread.dispatchConcurrentDrain:425 com.oplus.dispatch.OThread.dispatchQueueDrain:384 
06-19 00:33:57.580  3480  3571 D OplusTransitionAnimationManager: activityRecordCount0fullScreenArBeHindStartingWindow null
06-19 00:33:57.581  3480  3571 D OplusSplitScreenManagerService: com.teslacoilsw.launcher unSupportsSplitScreen by blockList or ForbidActivityList
06-19 00:33:57.581  3480  3570 W ProcessStats: Tracking association SourceState{b56f683 system/1000 BFgs #2021309} whose proc state 4 is better than process ProcessState{a75c4ab com.android.wallpaper.livepicker:wallpaperService/10229 pkg=com.android.wallpaper.livepicker} proc state 5 (1 skipped)
06-19 00:33:57.581  3480  3571 D OplusTransitionAnimationManager: activityRecordCount0fullScreenArBeHindStartingWindow null
06-19 00:33:57.581  3480  3571 D OplusTransitionAnimationManager: markCanUseSpringSlideAnim for TransitionRecord{6f13b id=16757 track=0 type=OPEN flags=0x0 state=2 c=[
06-19 00:33:57.581  3480  3571 D OplusTransitionAnimationManager:    ChangeInfo{f16e058 container=Task{4e13f85 #6 type=home I=com.teslacoilsw.launcher/.NovaLauncher} flags=0x10}
06-19 00:33:57.581  3480  3571 D OplusTransitionAnimationManager:    ChangeInfo{12885b1 container=Task{66ec30d #12358 type=standard A=10445:rd.sheepskin.sandboxmusic} flags=0x10}
06-19 00:33:57.581  3480  3571 D OplusTransitionAnimationManager:    ChangeInfo{ee30a96 container=WallpaperWindowToken{8b32c71 showWhenLocked=true} flags=0x0}
06-19 00:33:57.581  3480  3571 D OplusTransitionAnimationManager:    ChangeInfo{9e96617 container=WallpaperWindowToken{9f35f3a showWhenLocked=false} flags=0x0}
06-19 00:33:57.581  3480  3571 D OplusTransitionAnimationManager:    ChangeInfo{245aa04 container=DefaultTaskDisplayArea@185862508 flags=0x0}
06-19 00:33:57.581  3480  3571 D OplusTransitionAnimationManager:    ChangeInfo{48ecbed container=Task{b16ebca #1 type=home} flags=0x10}
06-19 00:33:57.581  3480  3571 D OplusTransitionAnimationManager:    ChangeInfo{93d3a22 container=ActivityRecord{219643959 u0 rd.sheepskin.sandboxmusic/.MainActivity t12358} flags=0x0}
06-19 00:33:57.581  3480  3571 D OplusTransitionAnimationManager:    ChangeInfo{f144cb3 container=Display{#0 state=ON size=1440x3168 ROTATION_0} flags=0x0}
06-19 00:33:57.581  3480  3571 D OplusTransitionAnimationManager:    ChangeInfo{756270 container=ActivityRecord{251678570 u0 com.teslacoilsw.launcher/.NovaLauncher t6} flags=0x0}
06-19 00:33:57.581  3480  3571 D OplusTransitionAnimationManager: ]
06-19 00:33:57.581  3480  3571 D OplusTransitionAnimationManager: }
06-19 00:33:57.581  3480  3571 D QuickBackInputPolicy: resetInputInterceptState for remoteTransition: false
06-19 00:33:57.583  4908  7227 V WindowManagerShell: onTransitionReady(transaction=14946488637076)
06-19 00:33:57.584  3480  3566 V WindowManager: Sent Transition (#16757) createdAt=06-19 00:33:57.543 via request=TransitionRequestInfo { type = OPEN, triggerTask = TaskInfo{userId=0 taskId=12358 effectiveUid=10445 displayId=0 isRunning=true baseIntent=Intent { act=android.intent.action.VIEW dat=sandboxmusic://e2e/... flg=0x14000000 cmp=rd.sheepskin.sandboxmusic/.MainActivity mCallingUid=2000 } baseActivity=ComponentInfo{rd.sheepskin.sandboxmusic/rd.sheepskin.sandboxmusic.MainActivity} topActivity=ComponentInfo{rd.sheepskin.sandboxmusic/rd.sheepskin.sandboxmusic.MainActivity} origActivity=null realActivity=ComponentInfo{rd.sheepskin.sandboxmusic/rd.sheepskin.sandboxmusic.MainActivity}
06-19 00:33:57.584  3480  3566 V WindowManager:  numActivities=1 lastActiveTime=1074359241 supportsSplitScreenMultiWindow=true supportsMultiWindow=true supportsPocketStudioMultiWindow=true isInFlexibleEmbedded = false uid = 10445 pid = 0 resizeMode=2 isResizeable=true minWidth=-1 minHeight=-1 defaultMinSize=220 token=WCT{RemoteToken{ffeb7a Task{66ec30d #12358 type=standard A=10445:rd.sheepskin.sandboxmusic}}} topActivityType=1 pictureInPictureParams=null shouldDockBigOverlays=false launchIntoPipHostTaskId=-1 lastParentTaskIdBeforePip=-1 displayCutoutSafeInsets=Rect(0, 160 - 0, 0)
06-19 00:33:57.584  3480  3566 V WindowManager:  topActivityInfo=ActivityInfo{1129f2b rd.sheepskin.sandboxmusic.MainActivity} launchCookies=[] positionInParent=Point(0, 0) parentTaskId=-1 isFocused=false isVisible=false isVisibleRequested=false isTopActivityNoDisplay=false isSleeping=false locusId=null displayAreaFeatureId=1 isTopActivityTransparent=false isActivityStackTransparent=false lastNonFullscreenBounds=Rect(352, 845 - 1089, 2285) capturedLink=null capturedLinkTimestamp=0 requestedVisibleTypes=-9 topActivityRequestOpenInBrowserEducationTimestamp=0
06-19 00:33:57.584  3480  3566 V WindowManager:  appCompatTaskInfo=AppCompatTaskInfo { topActivityInSizeCompat=false topActivityInOplusCompatMode=false eligibleForLetterboxEducation= false isLetterboxEducationEnabled= false isLetterboxDoubleTapEnabled= false eligibleForUserAspectRatioButton= false topActivityBoundsLetterboxed= false isFromLetterboxDoubleTap= false topActivityLetterboxVerticalPosition= -1 topActivityLetterboxHorizontalPosition= -1 topActivityLetterboxWidth=-1 topActivityLetterboxHeight=-1 topActivityAppBounds=Rect(0, 0 - 1440, 3168) isUserFullscreenOverrideEnabled=false isSystemFullscreenOverrideEnabled=false hasMinAspectRatioOverride=false topActivityLetterboxBounds=null cameraCompatTaskInfo=CameraCompatTaskInfo { freeformCameraCompatMode=inactive}} topActivityMainWindowFrame=null topActivityLetterboxInsets=Rect(0, 0 - 0, 0)
06-19 00:33:57.584  3480  3566 V WindowManager:  mOplusExtraBundle = Bundle[{androidx.flexible.taskFrame=Rect(0, 0 - 0, 0), androidx.flexible.Alpha=1.0, androidx.activity.task.attach.blur=0, androidx.flexible.task_snapshot_mode=0, androidx.activity.LaunchInsensible=0, androidx.activity.LaunchCornerRadius=0, key_flexible_task_state=0, topActivitySupportAppInnerSplit=false, key_flexible_task_animating_type=-1, key_flexible_task_root_activity_processname=rd.sheepskin.sandboxmusic, androidx.activity.LaunchScenario=0, is_oplus_clone_task=false, flexible_super_mini_state=false, topRunningActivityHash=219643959, flexible.floatwindow.is_multi_instance=false, androidx.activity.LaunchScale=1.0, androidx.activity.LaunchShadowRadius=0, is_transient_hide_for_task_info=false, androidx.activity.key_flexible_task_pending_exit_to=0, key_flexible_task_root_activity_pid=0, key_flexible_task_root_activity_uid=10445}]}, pipChange = null, remoteTransition = null, displayChange = null, flags = 0, debugId = 16757 }
06-19 00:33:57.584  3480  3566 V WindowManager:     startWCT=WindowContainerTransaction { changes= {} hops= [] errorCallbackToken=null taskFragmentOrganizer=null }
06-19 00:33:57.584  3480  3566 V WindowManager:     info={id=16757 t=OPEN f=0x0 trk=0 r=[0@Point(0, 0)] c=[
06-19 00:33:57.584  3480  3566 V WindowManager:         {WCT{RemoteToken{ffeb7a Task{66ec30d #12358 type=standard A=10445:rd.sheepskin.sandboxmusic}}} m=OPEN f=NONE leash=Surface(name=Task=12358)/@0xc48fbca sb=Rect(0, 0 - 1440, 3168) eb=Rect(0, 0 - 1440, 3168) epz=Point(1440, 3168) d=0 taskParent=-1},
06-19 00:33:57.584  3480  3566 V WindowManager:         {WCT{RemoteToken{3a62267 Task{b16ebca #1 type=home}}} m=TO_BACK f=SHOW_WALLPAPER leash=Surface(name=Task=1)/@0x80e7102 sb=Rect(0, 0 - 1440, 3168) eb=Rect(0, 0 - 1440, 3168) epz=Point(1440, 3168) d=0 taskParent=-1}
06-19 00:33:57.584  3480  3566 V WindowManager:     ] 
06-19 00:33:57.584  3480  3566 V WindowManager: extendInfo=[
06-19 00:33:57.584  3480  3566 V WindowManager:  OplusTransitionExtendedInfo{mTmpFinishT=null, mInOplusCompatMode=false, mIsProcessRunning=false, mHasMismatchBoundsTarget=false, mRecentsController=null, mRemoteTransition=null, mIsTranslucentActivityToHome=false, mAvoidInterceptKeyEventToHome=false, mIsFromHome=false, mParentLeash=null, mBackAnimClosingLeash=null, mReparentToRecentsSurface=null, mIsOplusAnimRes=false, mKeepBgForContinuous=false, mIsBalAllow=true, mTaskNotInRecent=false, mIsPredictiveBackAnim=false, mIsMergedWithPredictive=false, mIsLaunchFromSpruce=false, mIsLaunchFromDrive=false, mGlobalSearchPageSwitch=false, mNeedNoAlphaGlobalSearchScene=false, mAssistScreenShowing=false, mSwipeUpBrowserScreenShowing=false, mUserIdTransition=0
06-19 00:33:57.584  3480  3566 V WindowManager: , mInRemoteScene=false, mInPreReady=false, mPreStart=false, mToken=null, mAbortByRemoteFromHome=false, mShellApplyToken=null, mRequestTransitionTaskId=12358, mAbortTransitionOnShell=0, mStartFromShortcut=false, mRemovedTaskId=-1, mTransitionInterruptType=0, mMergeSecondTaskId=-1, mIsStartAheadSpruce=false, mTaskIdStartFromRecents=0, mTransitionId=16757, mCanUseSpringSlideAnim=true, mTransitionLaunchFrom=0, mFoldChangeType=-1, mAnimStartingPosition=[0, 0, 0, 0], mIsOpeningStkDialogActivity=false, mSecondaryHomeToFrontWhenUnFolding=false, mIsNeedApplyStartTForEmbedded=false
06-19 00:33:57.584  3480  3566 V WindowManager: , mNeedCanvasExitAnim=false, mMergeSecondTaskAnimation=false, mIsLaunchUnityStart=false, mIsLaunchFromAssistantByDefault=false, mSkipRemoteTransitionfalse, mPromoteTaskWhenKeyguard-1, mIsStartFromKeyguard=false, mMatchRemoteFilter=false flags=0x0, mFlexibleTaskIdList=[], mExpectEndRectState=-1, mFlexibleWindowForRecentTasks=false, mRecentTaskIdList=[], mWCT=null, mIsOpenMergeToInValidPredictive=false, mRootLayerZOrderArray={}}]}
06-19 00:33:57.584  4908  4978 V WindowManagerShell: onTransitionReady (#16757) android.os.BinderProxy@bdd4377: {id=16757 t=OPEN f=0x0 trk=0 r=[0@Point(0, 0)] c=[
06-19 00:33:57.584  4908  4978 V WindowManagerShell:         {m=OPEN f=NONE leash=Surface(name=Task=12358)/@0xf6ff867 sb=Rect(0, 0 - 1440, 3168) eb=Rect(0, 0 - 1440, 3168) epz=Point(1440, 3168) d=0 taskParent=-1},
06-19 00:33:57.584  4908  4978 V WindowManagerShell:         {m=TO_BACK f=SHOW_WALLPAPER leash=Surface(name=Task=1)/@0x7065614 sb=Rect(0, 0 - 1440, 3168) eb=Rect(0, 0 - 1440, 3168) epz=Point(1440, 3168) d=0 taskParent=-1}
06-19 00:33:57.584  4908  4978 V WindowManagerShell:     ] 
06-19 00:33:57.584  4908  4978 V WindowManagerShell: extendInfo=[
06-19 00:33:57.584  4908  4978 V WindowManagerShell:  OplusTransitionExtendedInfo{mTmpFinishT=null, mInOplusCompatMode=false, mIsProcessRunning=false, mHasMismatchBoundsTarget=false, mRecentsController=null, mRemoteTransition=null, mIsTranslucentActivityToHome=false, mAvoidInterceptKeyEventToHome=false, mIsFromHome=false, mParentLeash=null, mBackAnimClosingLeash=null, mReparentToRecentsSurface=null, mIsOplusAnimRes=false, mKeepBgForContinuous=false, mIsBalAllow=true, mTaskNotInRecent=false, mIsPredictiveBackAnim=false, mIsMergedWithPredictive=false, mIsLaunchFromSpruce=false, mIsLaunchFromDrive=false, mGlobalSearchPageSwitch=false, mNeedNoAlphaGlobalSearchScene=false, mAssistScreenShowing=false, mSwipeUpBrowserScreenShowing=false, mUserIdTransition=0
06-19 00:33:57.584  4908  4978 V WindowManagerShell: , mInRemoteScene=false, mInPreReady=false, mPreStart=false, mToken=null, mAbortByRemoteFromHome=false, mShellApplyToken=null, mRequestTransitionTaskId=12358, mAbortTransitionOnShell=0, mStartFromShortcut=false, mRemovedTaskId=-1, mTransitionInterruptType=0, mMergeSecondTaskId=-1, mIsStartAheadSpruce=false, mTaskIdStartFromRecents=0, mTransitionId=16757, mCanUseSpringSlideAnim=true, mTransitionLaunchFrom=0, mFoldChangeType=-1, mAnimStartingPosition=[0, 0, 0, 0], mIsOpeningStkDialogActivity=false, mSecondaryHomeToFrontWhenUnFolding=false, mIsNeedApplyStartTForEmbedded=false
06-19 00:33:57.584  4908  4978 V WindowManagerShell: , mNeedCanvasExitAnim=false, mMergeSecondTaskAnimation=false, mIsLaunchUnityStart=false, mIsLaunchFromAssistantByDefault=false, mSkipRemoteTransitionfalse, mPromoteTaskWhenKeyguard-1, mIsStartFromKeyguard=false, mMatchRemoteFilter=false flags=0x0, mFlexibleTaskIdList=[], mExpectEndRectState=-1, mFlexibleWindowForRecentTasks=false, mRecentTaskIdList=[], mWCT=null, mIsOpenMergeToInValidPredictive=false, mRootLayerZOrderArray={}}]}
06-19 00:33:57.585  4908  4978 V WindowManagerShell: Playing animation for (#16757) android.os.BinderProxy@bdd4377@0
06-19 00:33:57.585  4908  4978 E TaskViewTransitions: Found a launching TaskView in the wrong transition. All TaskView launches should be initiated by shell and in their own transition: 12358
06-19 00:33:57.585  4908  4978 V ShellRecents: RecentsTransitionHandler.startAnimation: no controller found
06-19 00:33:57.585  4908  4978 V WindowManagerShell: start OnePuttTransition animation, info = {id=16757 t=OPEN f=0x0 trk=0 r=[0@Point(0, 0)] c=[{m=OPEN f=NONE leash=Surface(name=Task=12358)/@0xf6ff867 sb=Rect(0, 0 - 1440, 3168) eb=Rect(0, 0 - 1440, 3168) epz=Point(1440, 3168) d=0 taskParent=-1},{m=TO_BACK f=SHOW_WALLPAPER leash=Surface(name=Task=1)/@0x7065614 sb=Rect(0, 0 - 1440, 3168) eb=Rect(0, 0 - 1440, 3168) epz=Point(1440, 3168) d=0 taskParent=-1}] 
06-19 00:33:57.585  4908  4978 V WindowManagerShell: extendInfo=[
06-19 00:33:57.585  4908  4978 V WindowManagerShell:  OplusTransitionExtendedInfo{mTmpFinishT=null, mInOplusCompatMode=false, mIsProcessRunning=false, mHasMismatchBoundsTarget=false, mRecentsController=null, mRemoteTransition=null, mIsTranslucentActivityToHome=false, mAvoidInterceptKeyEventToHome=false, mIsFromHome=false, mParentLeash=null, mBackAnimClosingLeash=null, mReparentToRecentsSurface=null, mIsOplusAnimRes=false, mKeepBgForContinuous=false, mIsBalAllow=true, mTaskNotInRecent=false, mIsPredictiveBackAnim=false, mIsMergedWithPredictive=false, mIsLaunchFromSpruce=false, mIsLaunchFromDrive=false, mGlobalSearchPageSwitch=false, mNeedNoAlphaGlobalSearchScene=false, mAssistScreenShowing=false, mSwipeUpBrowserScreenShowing=false, mUserIdTransition=0
06-19 00:33:57.585  4908  4978 V WindowManagerShell: , mInRemoteScene=false, mInPreReady=false, mPreStart=false, mToken=null, mAbortByRemoteFromHome=false, mShellApplyToken=null, mRequestTransitionTaskId=12358, mAbortTransitionOnShell=0, mStartFromShortcut=false, mRemovedTaskId=-1, mTransitionInterruptType=0, mMergeSecondTaskId=-1, mIsStartAheadSpruce=false, mTaskIdStartFromRecents=0, mTransitionId=16757, mCanUseSpringSlideAnim=true, mTransitionLaunchFrom=0, mFoldChangeType=-1, mAnimStartingPosition=[0, 0, 0, 0], mIsOpeningStkDialogActivity=false, mSecondaryHomeToFrontWhenUnFolding=false, mIsNeedApplyStartTForEmbedded=false
06-19 00:33:57.585  4908  4978 V WindowManagerShell: , mNeedCanvasExitAnim=false, mMergeSecondTaskAnimation=false, mIsLaunchUnityStart=false, mIsLaunchFromAssistantByDefault=false, mSkipRemoteTransitionfalse, mPromoteTaskWhenKeyguard-1, mIsStartFromKeyguard=false, mMatchRemoteFilter=false flags=0x0, mFlexibleTaskIdList=[], mExpectEndRectState=-1, mFlexibleWindowForRecentTasks=false, mRecentTaskIdList=[], mWCT=null, mIsOpenMergeToInValidPredictive=false, mRootLayerZOrderArray={}}]}
06-19 00:33:57.585  4908  4978 V WindowManagerShell: Transition doesn't have explicit remote, search filters for match for {id=16757 t=OPEN f=0x0 trk=0 r=[0@Point(0, 0)] c=[{m=OPEN f=NONE leash=Surface(name=Task=12358)/@0xf6ff867 sb=Rect(0, 0 - 1440, 3168) eb=Rect(0, 0 - 1440, 3168) epz=Point(1440, 3168) d=0 taskParent=-1},{m=TO_BACK f=SHOW_WALLPAPER leash=Surface(name=Task=1)/@0x7065614 sb=Rect(0, 0 - 1440, 3168) eb=Rect(0, 0 - 1440, 3168) epz=Point(1440, 3168) d=0 taskParent=-1}] 
06-19 00:33:57.585  4908  4978 V WindowManagerShell: extendInfo=[
06-19 00:33:57.585  4908  4978 V WindowManagerShell:  OplusTransitionExtendedInfo{mTmpFinishT=null, mInOplusCompatMode=false, mIsProcessRunning=false, mHasMismatchBoundsTarget=false, mRecentsController=null, mRemoteTransition=null, mIsTranslucentActivityToHome=false, mAvoidInterceptKeyEventToHome=false, mIsFromHome=false, mParentLeash=null, mBackAnimClosingLeash=null, mReparentToRecentsSurface=null, mIsOplusAnimRes=false, mKeepBgForContinuous=false, mIsBalAllow=true, mTaskNotInRecent=false, mIsPredictiveBackAnim=false, mIsMergedWithPredictive=false, mIsLaunchFromSpruce=false, mIsLaunchFromDrive=false, mGlobalSearchPageSwitch=false, mNeedNoAlphaGlobalSearchScene=false, mAssistScreenShowing=false, mSwipeUpBrowserScreenShowing=false, mUserIdTransition=0
06-19 00:33:57.585  4908  4978 V WindowManagerShell: , mInRemoteScene=false, mInPreReady=false, mPreStart=false, mToken=null, mAbortByRemoteFromHome=false, mShellApplyToken=null, mRequestTransitionTaskId=12358, mAbortTransitionOnShell=0, mStartFromShortcut=false, mRemovedTaskId=-1, mTransitionInterruptType=0, mMergeSecondTaskId=-1, mIsStartAheadSpruce=false, mTaskIdStartFromRecents=0, mTransitionId=16757, mCanUseSpringSlideAnim=true, mTransitionLaunchFrom=0, mFoldChangeType=-1, mAnimStartingPosition=[0, 0, 0, 0], mIsOpeningStkDialogActivity=false, mSecondaryHomeToFrontWhenUnFolding=false, mIsNeedApplyStartTForEmbedded=false
06-19 00:33:57.585  4908  4978 V WindowManagerShell: , mNeedCanvasExitAnim=false, mMergeSecondTaskAnimation=false, mIsLaunchUnityStart=false, mIsLaunchFromAssistantByDefault=false, mSkipRemoteTransitionfalse, mPromoteTaskWhenKeyguard-1, mIsStartFromKeyguard=false, mMatchRemoteFilter=false flags=0x0, mFlexibleTaskIdList=[], mExpectEndRectState=-1, mFlexibleWindowForRecentTasks=false, mRecentTaskIdList=[], mWCT=null, mIsOpenMergeToInValidPredictive=false, mRootLayerZOrderArray={}}]}
06-19 00:33:57.585  4908  4978 V WindowManagerShell:  Delegate animation for (#16757) to null
06-19 00:33:57.585  3480  3571 D FlexibleWindowManagerService: onFlexibleWindowTaskAppeared: task = 12358, visible = true
06-19 00:33:57.585  4908  4978 V WindowManagerShell: start default transition animation, info = {id=16757 t=OPEN f=0x0 trk=0 r=[0@Point(0, 0)] c=[{m=OPEN f=NONE leash=Surface(name=Task=12358)/@0xf6ff867 sb=Rect(0, 0 - 1440, 3168) eb=Rect(0, 0 - 1440, 3168) epz=Point(1440, 3168) d=0 taskParent=-1},{m=TO_BACK f=SHOW_WALLPAPER leash=Surface(name=Task=1)/@0x7065614 sb=Rect(0, 0 - 1440, 3168) eb=Rect(0, 0 - 1440, 3168) epz=Point(1440, 3168) d=0 taskParent=-1}] 
06-19 00:33:57.585  4908  4978 V WindowManagerShell: extendInfo=[
06-19 00:33:57.585  4908  4978 V WindowManagerShell:  OplusTransitionExtendedInfo{mTmpFinishT=null, mInOplusCompatMode=false, mIsProcessRunning=false, mHasMismatchBoundsTarget=false, mRecentsController=null, mRemoteTransition=null, mIsTranslucentActivityToHome=false, mAvoidInterceptKeyEventToHome=false, mIsFromHome=false, mParentLeash=null, mBackAnimClosingLeash=null, mReparentToRecentsSurface=null, mIsOplusAnimRes=false, mKeepBgForContinuous=false, mIsBalAllow=true, mTaskNotInRecent=false, mIsPredictiveBackAnim=false, mIsMergedWithPredictive=false, mIsLaunchFromSpruce=false, mIsLaunchFromDrive=false, mGlobalSearchPageSwitch=false, mNeedNoAlphaGlobalSearchScene=false, mAssistScreenShowing=false, mSwipeUpBrowserScreenShowing=false, mUserIdTransition=0
06-19 00:33:57.585  4908  4978 V WindowManagerShell: , mInRemoteScene=false, mInPreReady=false, mPreStart=false, mToken=null, mAbortByRemoteFromHome=false, mShellApplyToken=null, mRequestTransitionTaskId=12358, mAbortTransitionOnShell=0, mStartFromShortcut=false, mRemovedTaskId=-1, mTransitionInterruptType=0, mMergeSecondTaskId=-1, mIsStartAheadSpruce=false, mTaskIdStartFromRecents=0, mTransitionId=16757, mCanUseSpringSlideAnim=true, mTransitionLaunchFrom=0, mFoldChangeType=-1, mAnimStartingPosition=[0, 0, 0, 0], mIsOpeningStkDialogActivity=false, mSecondaryHomeToFrontWhenUnFolding=false, mIsNeedApplyStartTForEmbedded=false
06-19 00:33:57.585  4908  4978 V WindowManagerShell: , mNeedCanvasExitAnim=false, mMergeSecondTaskAnimation=false, mIsLaunchUnityStart=false, mIsLaunchFromAssistantByDefault=false, mSkipRemoteTransitionfalse, mPromoteTaskWhenKeyguard-1, mIsStartFromKeyguard=false, mMatchRemoteFilter=false flags=0x0, mFlexibleTaskIdList=[], mExpectEndRectState=-1, mFlexibleWindowForRecentTasks=false, mRecentTaskIdList=[], mWCT=null, mIsOpenMergeToInValidPredictive=false, mRootLayerZOrderArray={}}]}
06-19 00:33:57.585  3480  3571 D OplusFlexibleWindowMinimizedManagerHelper: onTaskAppered taskInfo:12358
06-19 00:33:57.585  3480  3571 D OplusFlexibleDragToSplitAnimController: visibleFlexibleTaskInfos delete:12358
06-19 00:33:57.585  3480  3571 E FlexibleWindowManagerService: notifyTaskObserverToAttachController not need to notify!
06-19 00:33:57.585  3480  3571 D FlexibleWindowManagerService: should not dispatch appeared task Task{66ec30d #12358 type=standard A=10445:rd.sheepskin.sandboxmusic}
06-19 00:33:57.586  3480  3570 D CompatChangeReporter: Compat change id reported: 151861875; UID 10230; state: ENABLED
06-19 00:33:57.586  4908  4978 V WindowManagerShell: loadAnimation: anim=android.view.animation.AnimationSet@d79b403 animAttr=0x13 type=OPEN isEntrance=false
06-19 00:33:57.587  4908  4978 V WindowManagerShell: loadAnimation: anim=android.view.animation.AnimationSet@52e53ac animAttr=0x12 type=OPEN isEntrance=true
06-19 00:33:57.587  4908  4978 V WindowManagerShell:  animated by com.android.wm.shell.transition.DefaultTransitionHandler@97529ba
06-19 00:33:57.591  3480  4180 I BLASTSyncEngine: onCommitted syncId: 16757, timeout: false ran: false
06-19 00:33:57.613  3480  4741 D ActivityTaskManager: The isLandscapeFullscreenEnabled is: rd.sheepskin.sandboxmusic/.MainActivity
06-19 00:33:57.613  3480  4741 D FlexibleTaskController: isFullToFlexibleAnimating: false
06-19 00:33:57.613  3480  4741 D WindowManager: rotation(ROTATION_0) no changed  displayId = 0, lastOrientation = -1
06-19 00:33:57.613  3480  4741 D ActivityTaskManager: The isLandscapeFullscreenEnabled is: rd.sheepskin.sandboxmusic/.MainActivity
06-19 00:33:57.613  3480  4741 D ActivityTaskManager: The isLandscapeFullscreenEnabled is: rd.sheepskin.sandboxmusic/.MainActivity
06-19 00:33:57.613  3480  4741 D ActivityTaskManager: The isLandscapeFullscreenEnabled is: rd.sheepskin.sandboxmusic/.MainActivity
06-19 00:33:57.613  3480  4741 D ActivityTaskManager: The isLandscapeFullscreenEnabled is: rd.sheepskin.sandboxmusic/.MainActivity
06-19 00:33:57.613  3480  4741 D ActivityTaskManager: The isLandscapeFullscreenEnabled is: rd.sheepskin.sandboxmusic/.MainActivity
06-19 00:33:57.613  3480  4741 D ActivityTaskManager: The isLandscapeFullscreenEnabled is: rd.sheepskin.sandboxmusic/.MainActivity
06-19 00:33:57.613  3480  4741 D ActivityTaskManager: The isLandscapeFullscreenEnabled is: rd.sheepskin.sandboxmusic/.MainActivity
06-19 00:33:57.614  3480  4741 I TaskOrganizerController: onTaskInfoChanged taskid 12358 config { mBounds=Rect(0, 0 - 1440, 3168) mAppBounds=Rect(0, 0 - 1440, 3168) mMaxBounds=Rect(0, 0 - 1440, 3168) mDisplayRotation=ROTATION_0 mWindowingMode=fullscreen mActivityType=standard mAlwaysOnTop=undefined mRotation=ROTATION_0}
06-19 00:33:57.614  3480  4741 D OplusFlexibleDragToSplitAnimController: visibleFlexibleTaskInfos delete:12358
06-19 00:33:57.614  3480  4741 E FlexibleWindowManagerService: notifyTaskObserverToAttachController not need to notify!
06-19 00:33:57.614  3480  4741 I FlexibleWindowManagerService: onFlexibleWindowTaskInfoChanged, return for cur task not embedded
06-19 00:33:57.614  3480  4741 D OplusDexOptimizeManager: androidPackage inappropriate state!
06-19 00:33:57.615  3480  4741 D ActivityTaskManager: onWindowFocusChanged Task{66ec30d #12358 type=standard A=10445:rd.sheepskin.sandboxmusic} would transfer to compact
06-19 00:33:57.615  3480  3580 I UserAwareMgr: handleTopAppChanged: rd.sheepskin.sandboxmusic, pid: 13036, uid: 10445
06-19 00:33:57.615  3480  4741 D ActivityTaskManager: NFW_setLastResumedActivityUncheckLocked:true r:ActivityRecord{219643959 u0 rd.sheepskin.sandboxmusic/.MainActivity t12358} currentFocus:null
06-19 00:33:57.615  3480  4741 D WindowManager: NFW_findFocusedWindowIfNeeded:null mCurrentFocus:null
06-19 00:33:57.615  3480  4741 D FlexibleTaskController: onTaskFocusChanged prevTask:Task{4e13f85 #6 type=home I=com.teslacoilsw.launcher/.NovaLauncher} ,currentTask:Task{66ec30d #12358 type=standard A=10445:rd.sheepskin.sandboxmusic}, reason: realStartActivityLocked - onActivityStateChanged
06-19 00:33:57.615  3480  4741 D OplusFlexibleDCSManager: onNextPkgChanged pkg = rd.sheepskin.sandboxmusic
06-19 00:33:57.616  3480  4741 D OplusVisibleTasks:  notifyTaskFocusChange no need.
06-19 00:33:57.616  3480  4741 I OplusAppSwitchManagerService: appswitch hasProcess ActivityRecord{219643959 u0 rd.sheepskin.sandboxmusic/.MainActivity t12358}
06-19 00:33:57.616  3480  4741 I OplusJoystickManager: handleApplicationSwitch deprecated!
06-19 00:33:57.616  3480  4741 I GameManagerServiceExt-GameManagerServiceExt: on FG change: com.teslacoilsw.launcher|rd.sheepskin.sandboxmusic
06-19 00:33:57.616  3480  4741 I OplusAppSwitchManagerService: appswitch hasProcess ActivityRecord{219643959 u0 rd.sheepskin.sandboxmusic/.MainActivity t12358}
06-19 00:33:57.617  3480  4741 D ActivityTaskManager: The isLandscapeFullscreenEnabled is: rd.sheepskin.sandboxmusic/.MainActivity
06-19 00:33:57.618  3480  3585 I ActivityManager: Start proc 16361:com.qualcomm.qti.workloadclassifier/u0a230 for broadcast {com.qualcomm.qti.workloadclassifier/com.qualcomm.qti.workloadclassifier.WLCReceiver}
06-19 00:33:57.618  3480  3726 D OplusAppSwitchListener: App Activity Change
06-19 00:33:57.618  3480  3726 D OplusAppSwitchListener: Detect com.teslacoilsw.launcher switch to background
06-19 00:33:57.618  3480  3726 D OplusFeatureReduceBrightness: onAppExit , info = com.teslacoilsw.launcher
06-19 00:33:57.618  3480  3726 D OplusAppSwitchListener: Detect rd.sheepskin.sandboxmusic switch to foreground
06-19 00:33:57.619  3480  3570 D FlexibleTaskController: check task which not have enough child, isInSingleWhiteList:false isCloneTask:false
06-19 00:33:57.619  3480  4187 I MemoryOperationUtils: add 16361 to inactive
06-19 00:33:57.622  3480  3567 D OplusSplitScreenManagerService: com.teslacoilsw.launcher unSupportsSplitScreen by blockList or ForbidActivityList
06-19 00:33:57.622 13036 13036 V Configuration: Updating configuration, locales updated from [] to [en_TH]
06-19 00:33:57.623  3480  3596 E OplusThermalStats: Error getting package info: rd.sheepskin.sandboxmusic
06-19 00:33:57.624  3480  4741 D ActivityTaskManagerServiceExtImpl: preBindApplication record is null
06-19 00:33:57.626  3480  3567 I ActivityManager: ProcessObserver broadcast disabled
06-19 00:33:57.629  3480 10657 D OplusSplitScreenManagerService: com.teslacoilsw.launcher unSupportsSplitScreen by blockList or ForbidActivityList
06-19 00:33:57.631 16361 16361 V Configuration: Updating configuration, locales updated from [] to [en_TH]
06-19 00:33:57.632  3480 17777 D OplusEapManager: mTargetExitName :com.teslacoilsw.launcher
06-19 00:33:57.632  3480  3728 D VRR [OPlusRefreshRateService]: handleFrontAppChange pkgName: null
06-19 00:33:57.632  3480 17777 D OplusAppSwitchRuleInfo: generateAppEnterInfo - launch_source_type =  , launch_source_traceid = 
06-19 00:33:57.632  3480 17777 D ActivityTaskManager: The isLandscapeFullscreenEnabled is: rd.sheepskin.sandboxmusic/.MainActivity
06-19 00:33:57.632  3480 17777 D ActivityTaskManager: The isLandscapeFullscreenEnabled is: rd.sheepskin.sandboxmusic/.MainActivity
06-19 00:33:57.633  3480 17777 D OplusAppSwitchRuleInfo: generateAppEnterInfo - launch_source_type =  , launch_source_traceid = 
06-19 00:33:57.633  3480 17777 D ActivityTaskManager: The isLandscapeFullscreenEnabled is: rd.sheepskin.sandboxmusic/.MainActivity
06-19 00:33:57.633  3480 17777 D ActivityTaskManager: The isLandscapeFullscreenEnabled is: rd.sheepskin.sandboxmusic/.MainActivity
06-19 00:33:57.633  3480 17777 D OplusAppSwitchRuleInfo: generateAppEnterInfo - launch_source_type =  , launch_source_traceid = 
06-19 00:33:57.633  3480 17777 D ActivityTaskManager: The isLandscapeFullscreenEnabled is: rd.sheepskin.sandboxmusic/.MainActivity
06-19 00:33:57.633  3480 17777 D ActivityTaskManager: The isLandscapeFullscreenEnabled is: rd.sheepskin.sandboxmusic/.MainActivity
06-19 00:33:57.633  3480 17777 D OplusEapManager: mTargetEnterName :rd.sheepskin.sandboxmusic
06-19 00:33:57.635  3480  3728 D VRR [OPlusRefreshRateService]: handleFrontAppChange pkgName: rd.sheepskin.sandboxmusic
06-19 00:33:57.635  3480  4741 D OplusBatteryServiceFeature: setSmartCoolDown: coolDown = 7, normalCoolDown = 7, pkgName = rd.sheepskin.sandboxmusic
06-19 00:33:57.635  3480  3728 D VRR [OPlusSAManager]: updateAutoMinfps for 4630946450791512195 with nits: 2.3480973, mHistOK true, mAmbientOK true, mCctOK true, mIrOK true, mBrightnessOK true, isPkgOK true, SA min fps: 0
06-19 00:33:57.635  3480 17777 D OplusAppSwitchRuleInfo: generateAppEnterInfo - launch_source_type =  , launch_source_traceid = 
06-19 00:33:57.635  3480 17777 D ActivityTaskManager: The isLandscapeFullscreenEnabled is: rd.sheepskin.sandboxmusic/.MainActivity
06-19 00:33:57.635  3480 17777 D ActivityTaskManager: The isLandscapeFullscreenEnabled is: rd.sheepskin.sandboxmusic/.MainActivity
06-19 00:33:57.635  3480  5996 D BackgroundInstallControlService: Package event received: 0
06-19 00:33:57.635  3480 17777 D OplusAppSwitchRuleInfo: generateAppEnterInfo - launch_source_type =  , launch_source_traceid = 
06-19 00:33:57.635  3480 17777 D ActivityTaskManager: The isLandscapeFullscreenEnabled is: rd.sheepskin.sandboxmusic/.MainActivity
06-19 00:33:57.635  3480 17777 D ActivityTaskManager: The isLandscapeFullscreenEnabled is: rd.sheepskin.sandboxmusic/.MainActivity
06-19 00:33:57.635  3480 17777 D OplusAppSwitchRuleInfo: generateAppEnterInfo - launch_source_type =  , launch_source_traceid = 
06-19 00:33:57.635  3480 17777 D ActivityTaskManager: The isLandscapeFullscreenEnabled is: rd.sheepskin.sandboxmusic/.MainActivity
06-19 00:33:57.635  3480 17777 D ActivityTaskManager: The isLandscapeFullscreenEnabled is: rd.sheepskin.sandboxmusic/.MainActivity
06-19 00:33:57.638  3480 17777 D OplusAppSwitchRuleInfo: generateActivityEnterInfo - launch_source_type =  , launch_source_traceid = 
06-19 00:33:57.640  3480 31333 E KernelCpuUidFreqTimeReader: Negative delta from freq time for uid: 99364, delta: -9433
06-19 00:33:57.640  3480 31333 E KernelCpuUidFreqTimeReader: Negative delta from freq time for uid: 99383, delta: -160
06-19 00:33:57.640  3480 31333 E KernelCpuUidFreqTimeReader: Negative delta from freq time for uid: 99409, delta: -98
06-19 00:33:57.640  3480 31333 E KernelCpuUidFreqTimeReader: Negative delta from freq time for uid: 99417, delta: -112
06-19 00:33:57.647 16361 16361 D ResourcesManagerExtImpl: applyConfigurationToAppResourcesLocked app.getDisplayId() return callback.displayId:-1
06-19 00:33:57.648  3480  4741 I ActivityManager: Flag disabled. Ignoring finishAttachApplication from uid: 10230. pid: 16361
06-19 00:33:57.750 13036 13036 D ResourcesManagerExtImpl: applyConfigurationToAppResourcesLocked app.getDisplayId() return callback.displayId:-1
06-19 00:33:57.759  3480  4180 I ActivityManager: Flag disabled. Ignoring finishAttachApplication from uid: 10445. pid: 13036
06-19 00:33:57.762 13036 16397 I DisplayManager: Choreographer implicitly registered for the refresh rate.
06-19 00:33:57.765 13036 13036 D ResourcesManagerExtImpl: applyConfigurationToAppResourcesLocked app.getDisplayId() return callback.displayId:0
06-19 00:33:57.790 13036 13036 D OplusPredictiveBackController: should not HookOnBackInvokedCallbackEnabled for application rd.sheepskin.sandboxmusic.MainActivity@deb527b sdk: 36
06-19 00:33:57.862  3480  3585 I ActivityManager: Start proc 16412:com.google.android.webview:sandboxed_process0:org.chromium.content.app.SandboxedProcessService0:0/u0i418 for  {rd.sheepskin.sandboxmusic/org.chromium.content.app.SandboxedProcessService0:0}
06-19 00:33:57.863  3480  3567 I ActivityManager: ProcessObserver broadcast disabled
06-19 00:33:57.864  3480  4187 I MemoryOperationUtils: add 16412 to rd.sheepskin.sandboxmusic
06-19 00:33:57.864  4908  4978 V WindowManagerShell: Transition animation finished (aborted=false), notifying core (#16757) android.os.BinderProxy@bdd4377@0
06-19 00:33:57.864  4908  4978 D SplitScreen-->AppLockManager: setStartFromSafeControl mStartFromSafeControl=false
06-19 00:33:57.866  3480  4741 D Transition: finishTransition ar ActivityRecord{219643959 u0 rd.sheepskin.sandboxmusic/.MainActivity t12358}, isVisibleRequested=true, state=RESUMED, visibleAtTransitionEndTokens={WallpaperWindowToken{9f35f3a showWhenLocked=false}, ActivityRecord{219643959 u0 rd.sheepskin.sandboxmusic/.MainActivity t12358}}, this=TransitionRecord{6f13b id=16757 track=0 type=OPEN flags=0x0 state=2 c=[
06-19 00:33:57.866  3480  4741 D Transition:    ChangeInfo{f16e058 container=Task{4e13f85 #6 type=home I=com.teslacoilsw.launcher/.NovaLauncher} flags=0x10}
06-19 00:33:57.866  3480  4741 D Transition:    ChangeInfo{12885b1 container=Task{66ec30d #12358 type=standard A=10445:rd.sheepskin.sandboxmusic} flags=0x10}
06-19 00:33:57.866  3480  4741 D Transition:    ChangeInfo{ee30a96 container=WallpaperWindowToken{8b32c71 showWhenLocked=true} flags=0x0}
