06-19 00:34:14.322  3480  4180 W ActivityManager: Permission Denial: getTopApplicationInfo from pid=13036, uid=10445 requires oplus.permission.OPLUS_COMPONENT_SAFE
06-19 00:34:14.322  3480  3480 D NotificationService--OplusNotificationManagerServiceExtImpl: isForwardToAssistants: true, case : Is local notification
06-19 00:34:14.322  3480  3480 D NotificationService: This application enqueue notifications is need postDelayed mcsAssistantDelayTime: 200
06-19 00:34:14.324  3480  4181 D OplusMediaControlService: players is empty
06-19 00:34:14.325  3480  4181 I OplusMediaControlService: sendEvent type: 2, player: 244704328
06-19 00:34:14.325  3480  4181 I OplusMediaControlService: onEventFromRequestData: 2, player: 244704328
06-19 00:34:14.325  3480  4181 D OplusMediaControlService: players is empty
06-19 00:34:14.325  3480  4705 W ForegroundServiceTypeLoggerModule: Logger should be tracking FGS types correctly for UID 10445 in package rd.sheepskin.sandboxmusic
06-19 00:34:14.325  3480  4741 I OplusMediaControlService: unregisterEventObserver start, observer: android.os.BinderProxy@92c5b33, callerUid: 10208
06-19 00:34:14.325  3480  4741 I OplusMediaControlService: unregisterEventObserver successfully.
06-19 00:34:14.325  3480  4181 I OplusMediaControlService: registerEventObserver start, observer: android.os.BinderProxy@92c5b33, callerUid: 10208
06-19 00:34:14.327  3480  3480 I OplusMediaControlService: onActiveSessionsChanged begin
06-19 00:34:14.327  3480  3480 I OplusMediaControlService: onEventFromMediaControllerList controller size = 1
06-19 00:34:14.327  3480  3480 I OplusMediaControlService: getPlayerInfo, playerId: 244704328, pkgname: app.morphe.android.apps.youtube.music
06-19 00:34:14.327  3480  3480 I OplusMediaControlService: updateControllerMap begin
06-19 00:34:14.327  3480  3480 I OplusMediaControlService: updataPlayStateMap begin
06-19 00:34:14.327  3480  3480 I OplusMediaControlService: updateMetadataMap begin
06-19 00:34:14.327  3480  3480 I OplusMediaControlService: updatePlayerInfoList event = com.oplus.media.OplusMediaEvent@2575f08
06-19 00:34:14.327  3480  3480 I OplusMediaControlService: sendOnEventMessage begin, eventType: 6, observer: android.os.BinderProxy@92c5b33
06-19 00:34:14.327  3480  3480 I OplusMediaControlService: on event EventType: 6
06-19 00:34:14.327  3480  4705 I MediaSessionStack: removeSession | record: rd.sheepskin.sandboxmusic/SovereignMusicConsole/3247 (userId=0)
06-19 00:34:14.328  3480  4180 I OplusMediaControlService: sendEvent type: 2, player: 244704328
06-19 00:34:14.328  3480  4180 I OplusMediaControlService: onEventFromRequestData: 1, player: 244704328
06-19 00:34:14.328  3480  4180 I OplusMediaControlService: getTitleAndArtist, title: Troubles (Cold Blooded Soul Version), artist: Denzel Curry, playerId: 244704328
06-19 00:34:14.330  3480  3480 I OplusMediaControlService: onActiveSessionsChanged begin
06-19 00:34:14.330  3480  3480 I OplusMediaControlService: onEventFromMediaControllerList controller size = 1
06-19 00:34:14.330  3480  3480 I OplusMediaControlService: getPlayerInfo, playerId: 244704328, pkgname: app.morphe.android.apps.youtube.music
06-19 00:34:14.330  3480  3480 I OplusMediaControlService: updateControllerMap begin
06-19 00:34:14.330  3480  3480 I OplusMediaControlService: updataPlayStateMap begin
06-19 00:34:14.330  3480  3480 I OplusMediaControlService: updateMetadataMap begin
06-19 00:34:14.330  3480  3480 I OplusMediaControlService: updatePlayerInfoList event = com.oplus.media.OplusMediaEvent@bece0c6
06-19 00:34:14.330  3480  3480 I OplusMediaControlService: sendOnEventMessage begin, eventType: 6, observer: android.os.BinderProxy@92c5b33
06-19 00:34:14.330  3480  3480 I OplusMediaControlService: onActiveSessionsChanged begin
06-19 00:34:14.330  3480  3480 I OplusMediaControlService: onEventFromMediaControllerList controller size = 1
06-19 00:34:14.330  3480  3480 I OplusMediaControlService: getPlayerInfo, playerId: 244704328, pkgname: app.morphe.android.apps.youtube.music
06-19 00:34:14.330  3480  3480 I OplusMediaControlService: updateControllerMap begin
06-19 00:34:14.330  3480  3480 I OplusMediaControlService: updataPlayStateMap begin
06-19 00:34:14.330  3480  3480 I OplusMediaControlService: updateMetadataMap begin
06-19 00:34:14.330  3480  3480 I OplusMediaControlService: updatePlayerInfoList event = com.oplus.media.OplusMediaEvent@8763b4
06-19 00:34:14.330  3480  3480 I OplusMediaControlService: sendOnEventMessage begin, eventType: 6, observer: android.os.BinderProxy@92c5b33
06-19 00:34:14.331  3480  3480 I OplusMediaControlService: on event EventType: 6
06-19 00:34:14.331  3480  3480 I OplusMediaControlService: on event EventType: 6
06-19 00:34:14.331  3480  4180 D OplusMediaControlService: players is empty
06-19 00:34:14.332  3480  4181 I OplusMediaControlService: sendEvent type: 2, player: 244704328
06-19 00:34:14.332  3480  4181 I OplusMediaControlService: onEventFromRequestData: 2, player: 244704328
06-19 00:34:14.332  3480  4181 D OplusMediaControlService: players is empty
06-19 00:34:14.332  3480  4741 I OplusMediaControlService: unregisterEventObserver start, observer: android.os.BinderProxy@92c5b33, callerUid: 10208
06-19 00:34:14.332  3480  4741 I OplusMediaControlService: unregisterEventObserver successfully.
06-19 00:34:14.332  3480  4180 I OplusMediaControlService: registerEventObserver start, observer: android.os.BinderProxy@92c5b33, callerUid: 10208
06-19 00:34:14.334  3480  4180 I OplusMediaControlService: sendEvent type: 2, player: 244704328
06-19 00:34:14.334  3480  4180 I OplusMediaControlService: onEventFromRequestData: 1, player: 244704328
06-19 00:34:14.334  3480  4180 I OplusMediaControlService: getTitleAndArtist, title: Troubles (Cold Blooded Soul Version), artist: Denzel Curry, playerId: 244704328
06-19 00:34:14.334  3480  4181 I ActivityManager: Background started FGS: Allowed [callingPackage: rd.sheepskin.sandboxmusic; callingUid: 10445; uidState: TOP ; uidBFSL: [BFSL]; intent: Intent { act=rd.sheepskin.sandboxmusic.action.MEDIA_UPDATE xflg=0x4 cmp=rd.sheepskin.sandboxmusic/.MediaPlaybackForegroundService mCallingUid=10445 }; code:PROC_STATE_TOP; tempAllowListReason:<,reasonCode:SYSTEM_ALLOW_LISTED,duration:9223372036854775807,callingUid:-1>; allowWiu:12; targetSdkVersion:36; callerTargetSdkVersion:36; startForegroundCount:0; bindFromPackage:null: isBindService:false]
06-19 00:34:14.338  3480  4181 I MediaSessionStack: addSession to bottom of stack | record: rd.sheepskin.sandboxmusic/SovereignMusicConsole/3248 (userId=0)
06-19 00:34:14.339  3480  3480 I OplusMediaControlService: onActiveSessionsChanged begin
06-19 00:34:14.339  3480  3480 I OplusMediaControlService: onEventFromMediaControllerList controller size = 1
06-19 00:34:14.339  3480  3480 I OplusMediaControlService: getPlayerInfo, playerId: 244704328, pkgname: app.morphe.android.apps.youtube.music
06-19 00:34:14.340  3480  3480 I OplusMediaControlService: updateControllerMap begin
06-19 00:34:14.340  3480  3480 I OplusMediaControlService: updataPlayStateMap begin
06-19 00:34:14.340  3480  3480 I OplusMediaControlService: updateMetadataMap begin
06-19 00:34:14.340  3480  3480 I OplusMediaControlService: updatePlayerInfoList event = com.oplus.media.OplusMediaEvent@2d9d623
06-19 00:34:14.340  3480  3480 I OplusMediaControlService: sendOnEventMessage begin, eventType: 6, observer: android.os.BinderProxy@92c5b33
06-19 00:34:14.340  3480  3480 I OplusMediaControlService: on event EventType: 6
06-19 00:34:14.341  3480  3480 I OplusMediaControlService: onActiveSessionsChanged begin
06-19 00:34:14.341  3480  3480 I OplusMediaControlService: onEventFromMediaControllerList controller size = 2
06-19 00:34:14.341  3480  3480 I OplusMediaControlService: getPlayerInfo, playerId: 244704328, pkgname: app.morphe.android.apps.youtube.music
06-19 00:34:14.341  3480  3480 I OplusMediaControlService: getPlayerInfo, playerId: 36759980, pkgname: rd.sheepskin.sandboxmusic
06-19 00:34:14.342  3480  3480 I OplusMediaControlService: updateControllerMap begin
06-19 00:34:14.342  3480  3480 I OplusMediaControlService: updataPlayStateMap begin
06-19 00:34:14.342  3480  3480 I OplusMediaControlService: updateMetadataMap begin
06-19 00:34:14.342  3480  3480 I OplusMediaControlService: updatePlayerInfoList event = com.oplus.media.OplusMediaEvent@361429e
06-19 00:34:14.342  3480  3480 I OplusMediaControlService: sendOnEventMessage begin, eventType: 6, observer: android.os.BinderProxy@92c5b33
06-19 00:34:14.342  3480  3480 I OplusMediaControlService: on event EventType: 6
06-19 00:34:14.344  3480  3584 D NotificationService--OplusNotificationFixHelper: fixAppIcon: pkg=rd.sheepskin.sandboxmusic
06-19 00:34:14.344  3480  3584 D NotificationService--OplusNotificationFixHelper: fixAppIcon: appIcon = null, pkg = rd.sheepskin.sandboxmusic
06-19 00:34:14.345  3480  3584 I OplusStatusBarManagerServiceEnhance:  getTopIsFullscreen mTopIsFullscreen: false
06-19 00:34:14.345  3480  4181 D NotificationService--OplusNotificationFixHelper: fixAppIcon: pkg=rd.sheepskin.sandboxmusic
06-19 00:34:14.345  3480  4181 D NotificationService--OplusNotificationFixHelper: fixAppIcon: appIcon = null, pkg = rd.sheepskin.sandboxmusic
06-19 00:34:14.346  3480  4181 I OplusStatusBarManagerServiceEnhance:  getTopIsFullscreen mTopIsFullscreen: false
06-19 00:34:14.346  3480  4181 W ActivityManager: Permission Denial: getTopApplicationInfo from pid=13036, uid=10445 requires oplus.permission.OPLUS_COMPONENT_SAFE
06-19 00:34:14.346  3480  4180 D OplusMediaControlService: players is empty
06-19 00:34:14.346  3480  3480 D NotificationService--OplusNotificationManagerServiceExtImpl: isForwardToAssistants: true, case : Is local notification
06-19 00:34:14.346  3480  3480 D NotificationService: This application enqueue notifications is need postDelayed mcsAssistantDelayTime: 200
06-19 00:34:14.346  3480  4705 I OplusMediaControlService: sendEvent type: 2, player: 244704328
06-19 00:34:14.346  3480  4705 I OplusMediaControlService: onEventFromRequestData: 2, player: 244704328
06-19 00:34:14.346  3480  4705 D OplusMediaControlService: players is empty
06-19 00:34:14.347  3480  3480 D NotificationService--OplusNotificationManagerServiceExtImpl: isForwardToAssistants: true, case : Is local notification
06-19 00:34:14.347  3480  3480 D NotificationService: This application enqueue notifications is need postDelayed mcsAssistantDelayTime: 200
06-19 00:34:14.347  3480  4705 I OplusMediaControlService: unregisterEventObserver start, observer: android.os.BinderProxy@92c5b33, callerUid: 10208
06-19 00:34:14.347  3480  4705 I OplusMediaControlService: unregisterEventObserver successfully.
06-19 00:34:14.347  3480  4181 I OplusMediaControlService: registerEventObserver start, observer: android.os.BinderProxy@92c5b33, callerUid: 10208
06-19 00:34:14.348  3480  4180 I OplusMediaControlService: sendEvent type: 2, player: 244704328
06-19 00:34:14.348  3480  4180 I OplusMediaControlService: onEventFromRequestData: 1, player: 244704328
06-19 00:34:14.348  3480  4180 I OplusMediaControlService: getTitleAndArtist, title: Troubles (Cold Blooded Soul Version), artist: Denzel Curry, playerId: 244704328
06-19 00:34:14.353  3480  4180 D OplusMediaControlService: players is empty
06-19 00:34:14.353  3480  4180 I OplusMediaControlService: sendEvent type: 2, player: 244704328
06-19 00:34:14.353  3480  4180 I OplusMediaControlService: onEventFromRequestData: 2, player: 244704328
06-19 00:34:14.353  3480  4180 D OplusMediaControlService: players is empty
06-19 00:34:14.353  3480  4181 I OplusMediaControlService: unregisterEventObserver start, observer: android.os.BinderProxy@92c5b33, callerUid: 10208
06-19 00:34:14.353  3480  4181 I OplusMediaControlService: unregisterEventObserver successfully.
06-19 00:34:14.354  3480  4705 I OplusMediaControlService: registerEventObserver start, observer: android.os.BinderProxy@92c5b33, callerUid: 10208
06-19 00:34:14.354  3480  4180 I OplusMediaControlService: sendEvent type: 2, player: 244704328
06-19 00:34:14.354  3480  4180 I OplusMediaControlService: onEventFromRequestData: 1, player: 244704328
06-19 00:34:14.354  3480  4180 I OplusMediaControlService: getTitleAndArtist, title: Troubles (Cold Blooded Soul Version), artist: Denzel Curry, playerId: 244704328
06-19 00:34:14.358  3480  4180 D OplusMediaControlService: players is empty
06-19 00:34:14.359  3480  4705 I OplusMediaControlService: sendEvent type: 2, player: 244704328
06-19 00:34:14.359  3480  4705 I OplusMediaControlService: onEventFromRequestData: 2, player: 244704328
06-19 00:34:14.359  3480  4705 D OplusMediaControlService: players is empty
06-19 00:34:14.359  3480  4180 I OplusMediaControlService: unregisterEventObserver start, observer: android.os.BinderProxy@92c5b33, callerUid: 10208
06-19 00:34:14.359  3480  4180 I OplusMediaControlService: unregisterEventObserver successfully.
06-19 00:34:14.359  3480  4705 I OplusMediaControlService: registerEventObserver start, observer: android.os.BinderProxy@92c5b33, callerUid: 10208
06-19 00:34:14.360  3480  4180 I OplusMediaControlService: sendEvent type: 2, player: 36759980
06-19 00:34:14.360  3480  4180 I OplusMediaControlService: onEventFromRequestData: 1, player: 36759980
06-19 00:34:14.360  3480  4180 I OplusMediaControlService: getTitleAndArtist, title: , artist: , playerId: 36759980
06-19 00:34:14.360  3480  4180 D OplusMediaControlService: players is empty
06-19 00:34:14.360  3480  4705 I OplusMediaControlService: sendEvent type: 2, player: 36759980
06-19 00:34:14.360  3480  4705 I OplusMediaControlService: onEventFromRequestData: 2, player: 36759980
06-19 00:34:14.360  3480  4705 D OplusMediaControlService: players is empty
06-19 00:34:14.360  3480  4180 I OplusMediaControlService: sendEvent type: 2, player: 244704328
06-19 00:34:14.360  3480  4180 I OplusMediaControlService: onEventFromRequestData: 1, player: 244704328
06-19 00:34:14.360  3480  4180 I OplusMediaControlService: getTitleAndArtist, title: Troubles (Cold Blooded Soul Version), artist: Denzel Curry, playerId: 244704328
06-19 00:34:14.365  3480  4180 D OplusMediaControlService: players is empty
06-19 00:34:14.365  3480  4741 I OplusMediaControlService: sendEvent type: 2, player: 244704328
06-19 00:34:14.365  3480  4741 I OplusMediaControlService: onEventFromRequestData: 2, player: 244704328
06-19 00:34:14.365  3480  4741 D OplusMediaControlService: players is empty
06-19 00:34:14.365  3480  4705 I OplusMediaControlService: unregisterEventObserver start, observer: android.os.BinderProxy@92c5b33, callerUid: 10208
06-19 00:34:14.365  3480  4705 I OplusMediaControlService: unregisterEventObserver successfully.
06-19 00:34:14.365  3480  4741 I OplusMediaControlService: registerEventObserver start, observer: android.os.BinderProxy@92c5b33, callerUid: 10208
06-19 00:34:14.409  3480  4741 W ForegroundServiceTypeLoggerModule: Logger should be tracking FGS types correctly for UID 10445 in package rd.sheepskin.sandboxmusic
06-19 00:34:14.415  3480  3480 I OplusMediaControlService: onActiveSessionsChanged begin
06-19 00:34:14.415  3480  3480 I OplusMediaControlService: onEventFromMediaControllerList controller size = 1
06-19 00:34:14.415  3480  3480 I OplusMediaControlService: getPlayerInfo, playerId: 244704328, pkgname: app.morphe.android.apps.youtube.music
06-19 00:34:14.415  3480  3480 I OplusMediaControlService: updateControllerMap begin
06-19 00:34:14.415  3480  3480 I OplusMediaControlService: updataPlayStateMap begin
06-19 00:34:14.415  3480  3480 I OplusMediaControlService: updateMetadataMap begin
06-19 00:34:14.415  3480  3480 I OplusMediaControlService: updatePlayerInfoList event = com.oplus.media.OplusMediaEvent@1fc8e13
06-19 00:34:14.415  3480  3480 I OplusMediaControlService: sendOnEventMessage begin, eventType: 6, observer: android.os.BinderProxy@92c5b33
06-19 00:34:14.415  3480  4180 I MediaSessionStack: removeSession | record: rd.sheepskin.sandboxmusic/SovereignMusicConsole/3248 (userId=0)
06-19 00:34:14.415  3480  3480 I OplusMediaControlService: on event EventType: 6
06-19 00:34:14.416  3480  4705 I OplusMediaControlService: sendEvent type: 2, player: 244704328
06-19 00:34:14.416  3480  4705 I OplusMediaControlService: onEventFromRequestData: 1, player: 244704328
06-19 00:34:14.416  3480  4705 I OplusMediaControlService: getTitleAndArtist, title: Troubles (Cold Blooded Soul Version), artist: Denzel Curry, playerId: 244704328
06-19 00:34:14.416  3480  4520 V MediaSessionRecord: Exception while executing: pushSessionDestroyed, this=rd.sheepskin.sandboxmusic/SovereignMusicConsole/3248 (userId=0), callback package=com.android.systemui, exception=java.util.NoSuchElementException: Death link does not exist (NAME_NOT_FOUND)
06-19 00:34:14.417  3480  3480 I OplusMediaControlService: onActiveSessionsChanged begin
06-19 00:34:14.417  3480  3480 I OplusMediaControlService: onEventFromMediaControllerList controller size = 1
06-19 00:34:14.417  3480  3480 I OplusMediaControlService: getPlayerInfo, playerId: 244704328, pkgname: app.morphe.android.apps.youtube.music
06-19 00:34:14.418  3480  3480 I OplusMediaControlService: updateControllerMap begin
06-19 00:34:14.418  3480  3480 I OplusMediaControlService: updataPlayStateMap begin
06-19 00:34:14.418  3480  3480 I OplusMediaControlService: updateMetadataMap begin
06-19 00:34:14.418  3480  3480 I OplusMediaControlService: updatePlayerInfoList event = com.oplus.media.OplusMediaEvent@6318f4e
06-19 00:34:14.418  3480  3480 I OplusMediaControlService: sendOnEventMessage begin, eventType: 6, observer: android.os.BinderProxy@92c5b33
06-19 00:34:14.418  3480  3480 I OplusMediaControlService: on event EventType: 6
06-19 00:34:14.421  3480  9564 W MediaSessionRecord: error unlinking to binder death
06-19 00:34:14.421  3480  9564 W MediaSessionRecord: java.util.NoSuchElementException: Death link does not exist (NAME_NOT_FOUND)
06-19 00:34:14.421  3480  9564 W MediaSessionRecord: 	at android.os.BinderProxy.unlinkToDeathNative(Native Method)
06-19 00:34:14.421  3480  9564 W MediaSessionRecord: 	at android.os.BinderProxy.unlinkToDeath(BinderProxy.java:766)
06-19 00:34:14.421  3480  9564 W MediaSessionRecord: 	at com.android.server.media.MediaSessionRecord$ControllerStub.unregisterCallback(MediaSessionRecord.java:1820)
06-19 00:34:14.421  3480  9564 W MediaSessionRecord: 	at android.media.session.ISessionController$Stub.onTransact(ISessionController.java:396)
06-19 00:34:14.421  3480  9564 W MediaSessionRecord: 	at android.os.Binder.execTransactInternal(Binder.java:1444)
06-19 00:34:14.421  3480  9564 W MediaSessionRecord: 	at android.os.Binder.execTransact(Binder.java:1378)
06-19 00:34:14.421  3480  4705 D OplusMediaControlService: players is empty
06-19 00:34:14.422  3480  9564 I OplusMediaControlService: sendEvent type: 2, player: 244704328
06-19 00:34:14.422  3480  9564 I OplusMediaControlService: onEventFromRequestData: 2, player: 244704328
06-19 00:34:14.422  3480  9564 D OplusMediaControlService: players is empty
06-19 00:34:14.422  3480  4705 I OplusMediaControlService: unregisterEventObserver start, observer: android.os.BinderProxy@92c5b33, callerUid: 10208
06-19 00:34:14.422  3480  4705 I OplusMediaControlService: unregisterEventObserver successfully.
06-19 00:34:14.422  3480  9564 I OplusMediaControlService: registerEventObserver start, observer: android.os.BinderProxy@92c5b33, callerUid: 10208
06-19 00:34:14.423  3480  4705 I OplusMediaControlService: sendEvent type: 2, player: 244704328
06-19 00:34:14.423  3480  4705 I OplusMediaControlService: onEventFromRequestData: 1, player: 244704328
06-19 00:34:14.423  3480  4705 I OplusMediaControlService: getTitleAndArtist, title: Troubles (Cold Blooded Soul Version), artist: Denzel Curry, playerId: 244704328
06-19 00:34:14.427  3480  4705 D OplusMediaControlService: players is empty
06-19 00:34:14.427  3480  9564 I OplusMediaControlService: sendEvent type: 2, player: 244704328
06-19 00:34:14.427  3480  9564 I OplusMediaControlService: onEventFromRequestData: 2, player: 244704328
06-19 00:34:14.427  3480  9564 D OplusMediaControlService: players is empty
06-19 00:34:14.428  3480  4705 I OplusMediaControlService: unregisterEventObserver start, observer: android.os.BinderProxy@92c5b33, callerUid: 10208
06-19 00:34:14.428  3480  4705 I OplusMediaControlService: unregisterEventObserver successfully.
06-19 00:34:14.428  3480  9564 I OplusMediaControlService: registerEventObserver start, observer: android.os.BinderProxy@92c5b33, callerUid: 10208
06-19 00:34:14.508  3480  4187 D osense.compress: com.google.android.gms do shrink, target ratio = 45, final ratio = 90, cur ratio = 0
06-19 00:34:14.523  3480  3480 I NotificationService: Cannot find enqueued record for key: 0|rd.sheepskin.sandboxmusic|88001|null|10445
06-19 00:34:14.528  3480  3480 I NotificationService: Cannot find enqueued record for key: 0|rd.sheepskin.sandboxmusic|88001|null|10445
06-19 00:34:14.548  3480  3480 I NotificationService: Cannot find enqueued record for key: 0|rd.sheepskin.sandboxmusic|88001|null|10445
06-19 00:34:14.550  3480  3480 I NotificationService: Cannot find enqueued record for key: 0|rd.sheepskin.sandboxmusic|88001|null|10445
06-19 00:34:27.402  3480 24309 D UsageStatsService: User[0] type=0 b=1781803746772 e=1781804067401 cb=1781790777289 ce=1781804064979 disk=0 all=11
06-19 00:34:31.819  3480 15685 D UsageStatsService: User[999] type=0 b=1781803346896 e=1781804071819 cb=1781774505481 ce=1781803733983 disk=0 all=1
06-19 00:34:34.038  3480  4181 W PackageManager: package com.oplus.ndsf uid 10114 pid 21895 call SetEnabledSetting(com.oplus.ndsf component = androidx.work.impl.background.systemalarm.RescheduleReceiver, 2, 0)
06-19 00:34:34.046  3480  9564 W ActivityManager: Receiver with filter android.content.IntentFilter@c4c4c6b already registered for pid 21895, callerPackage is com.oplus.ndsf
06-19 00:34:34.058  3480  4181 W PackageManager: package com.oplus.ndsf uid 10114 pid 21895 call SetEnabledSetting(com.oplus.ndsf component = androidx.work.impl.background.systemalarm.RescheduleReceiver, 1, 0)
06-19 00:34:34.997  3480  3596 V BatteryExternalStatsWorker: WiFi energy data was reset, new WiFi energy data is WifiActivityEnergyInfo{ mTimeSinceBootMillis=1074396680 mStackState=3 mControllerTxDurationMillis=0 mControllerRxDurationMillis=0 mControllerScanDurationMillis=0 mControllerIdleDurationMillis=0 mControllerEnergyUsedMicroJoules=0 }
06-19 00:34:35.042  3480  3770 I AppsFilter: interaction: PackageSetting{8c0c61b com.android.microdroid.empty_payload/10275} -> PackageSetting{153c386 com.oplus.ndsf/10114} BLOCKED
06-19 00:34:35.042  3480  3770 I AppsFilter: interaction: PackageSetting{fe9bed rd.sheepskin.sandboxmusic/10445} -> PackageSetting{153c386 com.oplus.ndsf/10114} BLOCKED
06-19 00:34:35.043  3480  3770 I AppsFilter: interaction: PackageSetting{52f9591 com.oplus.locationproxy/10173} -> PackageSetting{153c386 com.oplus.ndsf/10114} BLOCKED
06-19 00:34:35.043  3480  3770 I AppsFilter: interaction: PackageSetting{3fb0cf6 com.android.certinstaller/10210} -> PackageSetting{153c386 com.oplus.ndsf/10114} BLOCKED
06-19 00:34:35.043  3480  3770 I AppsFilter: interaction: PackageSetting{c1ba8f7 com.oplus.location/10218} -> PackageSetting{153c386 com.oplus.ndsf/10114} BLOCKED
06-19 00:34:35.060  3480  3480 D LockSettingsService: [getSeparateProfileChallengeEnabled] userId = 12
06-19 00:34:35.069  3480  4416 I VibrationEffectConvertor: onInputMethodListUpdated received, info.size = 4
06-19 00:34:35.069  3480  4416 I VibrationEffectConvertor: userid = 0, packageName = com.google.android.tts
06-19 00:34:35.069  3480  4416 I VibrationEffectConvertor: userid = 0, packageName = helium314.keyboard
06-19 00:34:35.069  3480  4416 I VibrationEffectConvertor: userid = 0, packageName = com.google.android.inputmethod.latin
06-19 00:34:35.069  3480  4416 I VibrationEffectConvertor: userid = 0, packageName = com.oplus.securitykeyboard
06-19 00:34:35.076  3480  4420 V AccessibilityManagerService: onUserStateChangedLocked for user 0 with forceUpdate: false mEnabledServices = [ComponentInfo{com.android.systemui.accessibility.accessibilitymenu/com.android.systemui.accessibility.accessibilitymenu.AccessibilityMenuService}] mCrashedServices = [] hasMagnificationConnection=false
06-19 00:34:35.077  3480  4420 W MagnificationConnectionManager: requestConnection duplicated request: connect=false, mConnectionState=DISCONNECTED
06-19 00:34:35.089  3480  3480 D AccessibilityManagerService: [updateInputFilter] flags = 4, mInputFilter=com.android.server.accessibility.AccessibilityInputFilter@d050e7, mHasInputFilter=true, mForceSetInputFilter=false
06-19 00:34:44.219  3480  4705 E AppOps  : attributionTag  not declared in manifest of rd.sheepskin.sandboxmusic
06-19 00:34:44.222  3480  9566 E AppOps  : attributionTag  not declared in manifest of rd.sheepskin.sandboxmusic
06-19 00:34:44.300  3480  3580 W QosScheduler: executeSceneQosStrategy failed! qos feature no enable
06-19 00:34:46.101  3480  4187 D osense.compress: try do inactive compress task
06-19 00:34:50.435  3480  4345 V AlarmManager: sending alarm Alarm{3d56c6a type 3 origWhen 1074412118 whenElapsed 1074412118 android} uid 1000 whenElapsed 1074412118 windowLength 0 maxWhenElapsed 1074412118 repeatInterval 0 action null component null tag *job.delay* flags 0x0 procName system_server
06-19 00:34:50.448  3480  4345 V AlarmManager: sending alarm Alarm{ce3a55b type 3 origWhen 1074362720 whenElapsed 1074362720 com.oplus.metis} uid 10126 whenElapsed 1074362720 windowLength 225000 maxWhenElapsed 1074587720 repeatInterval 300000 action oplus.intent.action.SORT_ALARM_ACTION component null flags 0x8 procName com.oplus.metis
06-19 00:34:51.103  3480  4187 D osense.compress: try do inactive compress task
06-19 00:34:54.516  3480  4187 D osense.compress: com.google.android.gms do shrink, target ratio = 45, final ratio = 90, cur ratio = 0
06-19 00:34:56.106  3480  4187 D osense.compress: try do inactive compress task
06-19 00:34:57.623  3480  3726 D OplusFeatureCameraBrightness[0]: handleMessage MSG_MODE_RECOVERY_BRIGHTNESS -1
06-19 00:35:00.000  3480  4345 V AlarmManager: sending alarm Alarm{559c41a type 3 origWhen 1074421684 whenElapsed 1074421684 android} uid 1000 whenElapsed 1074421684 windowLength 0 maxWhenElapsed 1074421684 repeatInterval 0 action null component null tag TIME_TICK flags 0x9 procName system_server
06-19 00:35:00.016  3480  3480 D LightsServiceExtImpl: currentTime is not belong to 700 - 2330
06-19 00:35:00.017  3480  3726 D OplusDisplayBrightnessBroadcastReceiver: onReceive action = android.intent.action.TIME_TICK , listeners = [com.android.server.display.color.eyeprotect.manager.AiCurveManager$RhythmBroadcastReceiverWithUpgradeUI@52658db]
06-19 00:35:00.991  3480  3596 D BatteryStatsImplExtImpl: mActiveProcesses size = 83
06-19 00:35:00.991  3480  3596 D BatteryStatsImplExtImpl: rpmhStats is null or interval time is too short.
06-19 00:35:01.001  3480  3726 D OplusDisplayBrightnessBroadcastReceiver: onReceive action = android.intent.action.BATTERY_CHANGED , listeners = [com.android.server.display.feature.postprocess.OplusFeatureEdrEnhanceBrightness$PhoneInfoReceiver@93ba4e]
06-19 00:35:01.109  3480  4187 D osense.compress: try do inactive compress task
06-19 00:35:04.106  3480  9568 W PackageManager: package com.oplus.ndsf uid 10114 pid 21895 call SetEnabledSetting(com.oplus.ndsf component = androidx.work.impl.background.systemalarm.RescheduleReceiver, 2, 0)
06-19 00:35:04.118  3480  9568 W ActivityManager: Receiver with filter android.content.IntentFilter@3c4b604 already registered for pid 21895, callerPackage is com.oplus.ndsf
06-19 00:35:04.128  3480  9568 W PackageManager: package com.oplus.ndsf uid 10114 pid 21895 call SetEnabledSetting(com.oplus.ndsf component = androidx.work.impl.background.systemalarm.RescheduleReceiver, 1, 0)
06-19 00:35:05.109  3480  3770 I AppsFilter: interaction: PackageSetting{8c0c61b com.android.microdroid.empty_payload/10275} -> PackageSetting{6b7c8b3 com.oplus.ndsf/10114} BLOCKED
06-19 00:35:05.110  3480  3770 I AppsFilter: interaction: PackageSetting{fe9bed rd.sheepskin.sandboxmusic/10445} -> PackageSetting{6b7c8b3 com.oplus.ndsf/10114} BLOCKED
06-19 00:35:05.110  3480  3770 I AppsFilter: interaction: PackageSetting{52f9591 com.oplus.locationproxy/10173} -> PackageSetting{6b7c8b3 com.oplus.ndsf/10114} BLOCKED
06-19 00:35:05.110  3480  3770 I AppsFilter: interaction: PackageSetting{3fb0cf6 com.android.certinstaller/10210} -> PackageSetting{6b7c8b3 com.oplus.ndsf/10114} BLOCKED
06-19 00:35:05.110  3480  3770 I AppsFilter: interaction: PackageSetting{c1ba8f7 com.oplus.location/10218} -> PackageSetting{6b7c8b3 com.oplus.ndsf/10114} BLOCKED
06-19 00:35:05.140  3480  4420 V AccessibilityManagerService: onUserStateChangedLocked for user 0 with forceUpdate: false mEnabledServices = [ComponentInfo{com.android.systemui.accessibility.accessibilitymenu/com.android.systemui.accessibility.accessibilitymenu.AccessibilityMenuService}] mCrashedServices = [] hasMagnificationConnection=false
06-19 00:35:05.140  3480  4420 W MagnificationConnectionManager: requestConnection duplicated request: connect=false, mConnectionState=DISCONNECTED
06-19 00:35:05.141  3480  4416 I VibrationEffectConvertor: onInputMethodListUpdated received, info.size = 4
06-19 00:35:05.141  3480  4416 I VibrationEffectConvertor: userid = 0, packageName = com.google.android.tts
06-19 00:35:05.142  3480  4416 I VibrationEffectConvertor: userid = 0, packageName = helium314.keyboard
06-19 00:35:05.142  3480  4416 I VibrationEffectConvertor: userid = 0, packageName = com.google.android.inputmethod.latin
06-19 00:35:05.142  3480  4416 I VibrationEffectConvertor: userid = 0, packageName = com.oplus.securitykeyboard
06-19 00:35:05.150  3480  3480 D LockSettingsService: [getSeparateProfileChallengeEnabled] userId = 12
06-19 00:35:05.161  3480  3480 D AccessibilityManagerService: [updateInputFilter] flags = 4, mInputFilter=com.android.server.accessibility.AccessibilityInputFilter@d050e7, mHasInputFilter=true, mForceSetInputFilter=false
06-19 00:35:06.111  3480  4187 D osense.compress: try do inactive compress task
06-19 00:35:11.112  3480  4187 D osense.compress: try do inactive compress task
06-19 00:35:14.270  3480  4345 V AlarmManager: sending alarm Alarm{7c0cc7b type 2 origWhen 1074435953 whenElapsed 1074435953 android} uid 1000 whenElapsed 1074435953 windowLength 0 maxWhenElapsed 1074435953 repeatInterval 0 action com.android.server.audio.action.CHECK_MUSIC_ACTIVE component null flags 0x9 procName system_server
06-19 00:35:16.114  3480  4187 D osense.compress: try do inactive compress task
06-19 00:35:21.116  3480  4187 D osense.compress: try do inactive compress task
06-19 00:35:26.118  3480  4187 D osense.compress: try do inactive compress task
06-19 00:35:26.121  3480  4187 D osense.compress: inactive do shrink, target ratio = 27, final ratio = 55, cur ratio = 0
06-19 00:35:34.165  3480  4705 W PackageManager: package com.oplus.ndsf uid 10114 pid 21895 call SetEnabledSetting(com.oplus.ndsf component = androidx.work.impl.background.systemalarm.RescheduleReceiver, 2, 0)
06-19 00:35:34.176  3480  9568 W ActivityManager: Receiver with filter android.content.IntentFilter@c47bbba already registered for pid 21895, callerPackage is com.oplus.ndsf
06-19 00:35:34.200  3480  4705 W PackageManager: package com.oplus.ndsf uid 10114 pid 21895 call SetEnabledSetting(com.oplus.ndsf component = androidx.work.impl.background.systemalarm.RescheduleReceiver, 1, 0)
06-19 00:35:35.127  3480  3596 V BatteryExternalStatsWorker: WiFi energy data was reset, new WiFi energy data is WifiActivityEnergyInfo{ mTimeSinceBootMillis=1074456811 mStackState=3 mControllerTxDurationMillis=0 mControllerRxDurationMillis=0 mControllerScanDurationMillis=0 mControllerIdleDurationMillis=0 mControllerEnergyUsedMicroJoules=0 }
06-19 00:35:35.169  3480  3770 I AppsFilter: interaction: PackageSetting{8c0c61b com.android.microdroid.empty_payload/10275} -> PackageSetting{fa5d986 com.oplus.ndsf/10114} BLOCKED
06-19 00:35:35.169  3480  3770 I AppsFilter: interaction: PackageSetting{fe9bed rd.sheepskin.sandboxmusic/10445} -> PackageSetting{fa5d986 com.oplus.ndsf/10114} BLOCKED
06-19 00:35:35.170  3480  3770 I AppsFilter: interaction: PackageSetting{52f9591 com.oplus.locationproxy/10173} -> PackageSetting{fa5d986 com.oplus.ndsf/10114} BLOCKED
06-19 00:35:35.170  3480  3770 I AppsFilter: interaction: PackageSetting{3fb0cf6 com.android.certinstaller/10210} -> PackageSetting{fa5d986 com.oplus.ndsf/10114} BLOCKED
06-19 00:35:35.170  3480  3770 I AppsFilter: interaction: PackageSetting{c1ba8f7 com.oplus.location/10218} -> PackageSetting{fa5d986 com.oplus.ndsf/10114} BLOCKED
06-19 00:35:35.195  3480  3480 D LockSettingsService: [getSeparateProfileChallengeEnabled] userId = 12
06-19 00:35:35.219  3480  4420 V AccessibilityManagerService: onUserStateChangedLocked for user 0 with forceUpdate: false mEnabledServices = [ComponentInfo{com.android.systemui.accessibility.accessibilitymenu/com.android.systemui.accessibility.accessibilitymenu.AccessibilityMenuService}] mCrashedServices = [] hasMagnificationConnection=false
06-19 00:35:35.219  3480  4420 W MagnificationConnectionManager: requestConnection duplicated request: connect=false, mConnectionState=DISCONNECTED
06-19 00:35:35.227  3480  4416 I VibrationEffectConvertor: onInputMethodListUpdated received, info.size = 4
06-19 00:35:35.227  3480  4416 I VibrationEffectConvertor: userid = 0, packageName = com.google.android.tts
06-19 00:35:35.227  3480  4416 I VibrationEffectConvertor: userid = 0, packageName = helium314.keyboard
06-19 00:35:35.227  3480  4416 I VibrationEffectConvertor: userid = 0, packageName = com.google.android.inputmethod.latin
06-19 00:35:35.227  3480  4416 I VibrationEffectConvertor: userid = 0, packageName = com.oplus.securitykeyboard
06-19 00:35:35.230  3480  3480 D AccessibilityManagerService: [updateInputFilter] flags = 4, mInputFilter=com.android.server.accessibility.AccessibilityInputFilter@d050e7, mHasInputFilter=true, mForceSetInputFilter=false
06-19 00:35:47.232  3480  4187 D osense.compress: app.morphe.android.apps.youtube.music do shrink, target ratio = 45, final ratio = 90, cur ratio = 0
06-19 00:35:47.232  3480  4187 D osense.compress: com.instagram.android do shrink, target ratio = 45, final ratio = 90, cur ratio = 0
06-19 00:35:47.233  3480  4187 D osense.compress: com.google.android.googlequicksearchbox do shrink, target ratio = 45, final ratio = 90, cur ratio = 0
06-19 00:35:47.375  3480  3580 E UserAwareMgr: thread exist: {threadName='cameraservice', tid=2542, reporterPid=2542, currentThreadCount=9, maxThreadCount=16, extendTids=[2755, 2754, 17582, 17553, 4799, 15853, 11004, 11008]}
06-19 00:35:51.696  3480  4187 D osense.compress: ch.protonmail.android do shrink, target ratio = 45, final ratio = 90, cur ratio = 0
06-19 00:35:52.507  3480  4187 D osense.compress: co.mona.android do shrink, target ratio = 45, final ratio = 90, cur ratio = 0
06-19 00:35:53.039  3480  4187 D osense.compress: jp.naver.line.android_u999 do shrink, target ratio = 10, final ratio = 20, cur ratio = 0
06-19 00:35:54.528  3480  4187 D osense.compress: com.google.android.gms do shrink, target ratio = 45, final ratio = 90, cur ratio = 0
06-19 00:35:57.739  3480  5770 D CompatChangeReporter: Compat change id reported: 311208629; UID 10230; state: ENABLED
06-19 00:35:57.788  3480  5770 I ActivityManager: Death received, pid = 16361, processName = com.qualcomm.qti.workloadclassifier for thread android.os.BinderProxy@308f1e8
06-19 00:35:57.789  3480  4869 I ActivityManager: Process com.qualcomm.qti.workloadclassifier (pid 16361) has died: cch+5 CEM 
06-19 00:35:59.447  3480  9564 E AppOps  : attributionTag OplusLBS not declared in manifest of android
06-19 00:36:00.002  3480  4345 V AlarmManager: sending alarm Alarm{8eb3024 type 3 origWhen 1074481685 whenElapsed 1074481685 android} uid 1000 whenElapsed 1074481685 windowLength 0 maxWhenElapsed 1074481685 repeatInterval 0 action null component null tag TIME_TICK flags 0x9 procName system_server
06-19 00:36:00.018  3480  3480 D LightsServiceExtImpl: currentTime is not belong to 700 - 2330
06-19 00:36:00.018  3480  3726 D OplusDisplayBrightnessBroadcastReceiver: onReceive action = android.intent.action.TIME_TICK , listeners = [com.android.server.display.color.eyeprotect.manager.AiCurveManager$RhythmBroadcastReceiverWithUpgradeUI@52658db]
06-19 00:36:00.991  3480  3596 D BatteryStatsImplExtImpl: mActiveProcesses size = 83
06-19 00:36:00.991  3480  3596 D BatteryStatsImplExtImpl: rpmhStats is null or interval time is too short.
06-19 00:36:04.230  3480  4181 W PackageManager: package com.oplus.ndsf uid 10114 pid 21895 call SetEnabledSetting(com.oplus.ndsf component = androidx.work.impl.background.systemalarm.RescheduleReceiver, 2, 0)
06-19 00:36:04.234  3480  5770 W ActivityManager: Receiver with filter android.content.IntentFilter@ee3bba8 already registered for pid 21895, callerPackage is com.oplus.ndsf
06-19 00:36:04.263  3480  9568 W PackageManager: package com.oplus.ndsf uid 10114 pid 21895 call SetEnabledSetting(com.oplus.ndsf component = androidx.work.impl.background.systemalarm.RescheduleReceiver, 1, 0)
06-19 00:36:05.231  3480  3770 I AppsFilter: interaction: PackageSetting{8c0c61b com.android.microdroid.empty_payload/10275} -> PackageSetting{79422b4 com.oplus.ndsf/10114} BLOCKED
06-19 00:36:05.231  3480  3770 I AppsFilter: interaction: PackageSetting{fe9bed rd.sheepskin.sandboxmusic/10445} -> PackageSetting{79422b4 com.oplus.ndsf/10114} BLOCKED
06-19 00:36:05.232  3480  3770 I AppsFilter: interaction: PackageSetting{52f9591 com.oplus.locationproxy/10173} -> PackageSetting{79422b4 com.oplus.ndsf/10114} BLOCKED
06-19 00:36:05.232  3480  3770 I AppsFilter: interaction: PackageSetting{3fb0cf6 com.android.certinstaller/10210} -> PackageSetting{79422b4 com.oplus.ndsf/10114} BLOCKED
06-19 00:36:05.233  3480  3770 I AppsFilter: interaction: PackageSetting{c1ba8f7 com.oplus.location/10218} -> PackageSetting{79422b4 com.oplus.ndsf/10114} BLOCKED
06-19 00:36:05.243  3480  3480 D LockSettingsService: [getSeparateProfileChallengeEnabled] userId = 12
06-19 00:36:05.260  3480  4416 I VibrationEffectConvertor: onInputMethodListUpdated received, info.size = 4
06-19 00:36:05.260  3480  4416 I VibrationEffectConvertor: userid = 0, packageName = com.google.android.tts
06-19 00:36:05.260  3480  4416 I VibrationEffectConvertor: userid = 0, packageName = helium314.keyboard
06-19 00:36:05.260  3480  4416 I VibrationEffectConvertor: userid = 0, packageName = com.google.android.inputmethod.latin
06-19 00:36:05.260  3480  4416 I VibrationEffectConvertor: userid = 0, packageName = com.oplus.securitykeyboard
06-19 00:36:05.261  3480  4420 V AccessibilityManagerService: onUserStateChangedLocked for user 0 with forceUpdate: false mEnabledServices = [ComponentInfo{com.android.systemui.accessibility.accessibilitymenu/com.android.systemui.accessibility.accessibilitymenu.AccessibilityMenuService}] mCrashedServices = [] hasMagnificationConnection=false
06-19 00:36:05.262  3480  4420 W MagnificationConnectionManager: requestConnection duplicated request: connect=false, mConnectionState=DISCONNECTED
06-19 00:36:05.270  3480  3480 D AccessibilityManagerService: [updateInputFilter] flags = 4, mInputFilter=com.android.server.accessibility.AccessibilityInputFilter@d050e7, mHasInputFilter=true, mForceSetInputFilter=false
06-19 00:36:09.558  3480  5770 D StorageStatsService: getFreeBytes: 28131237888
06-19 00:36:11.700  3480  4187 D osense.compress: ch.protonmail.android do shrink, target ratio = 45, final ratio = 90, cur ratio = 0
06-19 00:36:12.022  3480  3596 D BatteryStatsImplExtImpl: mActiveProcesses size = 82
06-19 00:36:12.022  3480  3596 D BatteryStatsImplExtImpl: rpmhStats is null or interval time is too short.
06-19 00:36:12.234  3480  4187 D osense.compress: app.morphe.android.apps.youtube.music do shrink, target ratio = 45, final ratio = 90, cur ratio = 0
06-19 00:36:12.236  3480  4187 D osense.compress: com.instagram.android do shrink, target ratio = 45, final ratio = 90, cur ratio = 0
06-19 00:36:12.236  3480  4187 D osense.compress: com.google.android.googlequicksearchbox do shrink, target ratio = 45, final ratio = 90, cur ratio = 0
06-19 00:36:14.091  3480  4345 V AlarmManager: sending alarm Alarm{5f0b9de type 3 origWhen 1074495775 whenElapsed 1074495775 android} uid 1000 whenElapsed 1074495775 windowLength 0 maxWhenElapsed 1074495775 repeatInterval 0 action null component null tag *job.delay* flags 0x0 procName system_server
06-19 00:36:18.865  3480  9566 E AppOps  : attributionTag OplusLBS not declared in manifest of android
06-19 00:36:26.119  3480  4187 D osense.compress: try do inactive compress task
--------- beginning of main
06-19 00:36:27.129  1927  2069 I [UAH_CLIENT]: UahEventAcquire, cmdid:-3, pkg:2138 9271, identity:qcom-perfd
06-19 00:36:27.130  1927  2059 E ANDR-PERF-RESOURCEQS: ANDR-PERF-RESOURCEQS: AddAndApply() 125: Resource with major=16, minor=0 not supported
06-19 00:36:27.148  1927 17625 I [UAH_CLIENT]: UahRelease, handle:471336
06-19 00:36:27.282  5717  7539 D CommonApp-242-10445: transport layer data is invalid
06-19 00:36:27.370  1960  1986 D BatteryChargeControl: bcc get no support from charging protocol
06-19 00:36:27.402  3480 31408 W OPLUS_LOG_LOAD: ==LOGS PROG INFO, prog(system_server) ==
06-19 00:36:27.402  3480 31408 D UsageStatsService: User[0] type=0 b=1781804053348 e=1781804187400 cb=1781790777289 ce=1781804170687 disk=0 all=1
06-19 00:36:27.464  3084  3084 I cnss-daemon: nl80211 response handler invoked
06-19 00:36:27.464  3084  3084 I cnss-daemon: nl80211_response_handler: cmd 103, vendorID 4980, subcmd 13  received
06-19 00:36:27.465  1858  7547 I WifiHAL : event received NL80211_CMD_VENDOR, vendor_id = 0x1374, subcmd = 0xd
06-19 00:36:27.569  1851  9701 I sensors-hal: handle_oplus_wise_rgb_event:160, wise_rgb:(55184)(cct,lux,ir)[5300.00, 14.37, 0.000000](rgbc)[840.03, 319.83, 165.72, 1206.51](pwm,hbm,brl,algo)[0.0 0.0 36.0 2.0],flag 0
06-19 00:36:27.729  4908  5001 I SystemUi--Statusbar: OplusNetworkSpeedControllExImpl-->updateNetworkSpeed: isConnected:true,isSwitchOn:true,isSuspend:false,isPause:false
06-19 00:36:27.734  4908  5001 I SystemUi--Statusbar: OplusNetworkSpeedControllExImpl-->getTotalByte: totalRxBytes:22928671291,totalTxBytes:2291632439,loopbackTxBytes:369568423,loopbackRxBytes:355635147 ,totalBytes:24495100160
06-19 00:36:27.758  1927  2069 I [UAH_CLIENT]: UahPlatformResAcquire
06-19 00:36:27.758  1927  2069 I [UAH_CLIENT]: UahEventAcquire, cmdid:-3, pkg:2138 9272, identity:qcom-perfd
06-19 00:36:27.760  1927  2059 E ANDR-PERF-RESOURCEQS: ANDR-PERF-RESOURCEQS: AddAndApply() 125: Resource with major=16, minor=0 not supported
06-19 00:36:27.778  1927 17627 I [UAH_CLIENT]: UahRelease, handle:471337
06-19 00:36:27.779  1960  1985 D vendor.oplus.hardware.charger-V10-service: ret_value:124, read content:,314,314,3963,3963,-171,59,61,1,1,0,453,5000,61,1,4430,300,500,0,7,9500,7,0,1,0,2,0,0,0,1,5522,95,0,2492,4226,0,0,0,0,0,105
06-19 00:36:27.780  1960  1985 D vendor.oplus.hardware.charger-V10-service: gmtime: 2026-06-19-00-36-27
06-19 00:36:27.781 13036 13036 I Capacitor/Console: File:  - Line 349 - Msg: [object Object]
06-19 00:36:27.781 13036 16451 V Capacitor/Plugin: To native (Capacitor plugin): callbackId: 79098084, pluginId: NativeExoPlayback, methodName: getStatus
06-19 00:36:27.781  1960  1985 D vendor.oplus.hardware.charger-V10-service: usb_online:1, ac_online:-2147483648, wireless_online:0
06-19 00:36:27.781 13036 16451 V Capacitor: callback: 79098084, pluginId: NativeExoPlayback, methodName: getStatus, methodData: {}
06-19 00:36:27.790 13036 13036 I Capacitor/Console: File:  - Line 333 - Msg: {"available":true,"wired":true,"message":"ExoPlayer gapless queue ÔÇö content:// locker bridge + HTTP streams.","state":"idle","positionSecs":0,"durationSecs":0,"queueIndex":0,"queueLength":0,"gaplessEnabled":true,"crossfadeEnabled":false,"bitPerfectActive":false}
06-19 00:36:27.935  1960  6585 D charge_time: write 14558s(04:02:38) to ttf, rc=7
06-19 00:36:27.935  1960  6585 D charge_time: type=sdp,reserve_soc=3,soc=59,ui_soc=61,current=171,avg=168,not_chg_cnt=0,stable_cnt=7,fcc=4226,fcc_ratio=82,delta=640,debug=0,region=15,ttf=16056(04:27:36),ui_ttf=14558(04:02:38)
06-19 00:36:27.968  3480  4315 I CwbClient: setCWBDisplayType set mFeatureID = CWB_RGB_VALUE
06-19 00:36:27.977  1927  2069 I [UAH_CLIENT]: UahPlatformResAcquire
06-19 00:36:27.978  1927  2069 I [UAH_CLIENT]: UahEventAcquire, cmdid:-3, pkg:2138 9273, identity:qcom-perfd
06-19 00:36:27.979  1927  2059 E ANDR-PERF-RESOURCEQS: ANDR-PERF-RESOURCEQS: AddAndApply() 125: Resource with major=16, minor=0 not supported
06-19 00:36:27.985  2138  2762 E HwcComposer: getLuts failed Status(-129, EX_TRANSACTION_FAILED): 'UNKNOWN_TRANSACTION: '
06-19 00:36:27.997  1927 17633 I [UAH_CLIENT]: UahRelease, handle:471338
06-19 00:36:28.054  1871  2342 I SDM     : DisplayBase::CommitThread: Received idle timeout, panel: cmd, timeout: 70000 us
06-19 00:36:28.091  1722  9292 E         : DNS_CACHE: hanle request << lookupdns: hostname:test-gateway.instagram.com, servername:443, ai_flags:1024, ai_family:0, ai_socktype:2, ai_protocol:0, netid:0, uid:10526
06-19 00:36:28.092  5320  6990 D DNS_CACHE: oplus_oplus_getaddrinfo_proxy lookup from netd: hostname:test-gateway.instagram.com, servname:443 uid: 10526, result_code:408, res = 0x0, found = 0
06-19 00:36:28.096  5320  6986 E msys    : E[N mns:DGWClient]_LogError(289)=>Failed to resolve using system DNS resolver, getaddrinfo(): No address associated with hostname
06-19 00:36:28.100  5566  5859 D DnsDomainBlock: onDnsEvent: latencyMs=0, returnCode=4, uid=10526
06-19 00:36:28.101  1722  9292 E         : DNS_CACHE: hanle request << lookupdns: hostname:test-gateway.instagram.com, servername:443, ai_flags:1024, ai_family:0, ai_socktype:1, ai_protocol:0, netid:0, uid:10526
06-19 00:36:28.101  5320  6991 D DNS_CACHE: oplus_oplus_getaddrinfo_proxy lookup from netd: hostname:test-gateway.instagram.com, servname:443 uid: 10526, result_code:408, res = 0x0, found = 0
06-19 00:36:28.105  5320  6986 E msys    : E[N mns:DGWClient]_LogError(289)=>Failed to resolve using system DNS resolver, getaddrinfo(): No address associated with hostname
06-19 00:36:28.168  3480  4315 D FusionLightNextGen: raw_lux -1.0, raw_cct -1.0, r/g/b/c: 824.8/334.4/165.7/1206.5, R/G/B: 28.0/27.0/24.0, bri 36.0, lux: 15.107589, cct: 5300.0, ir: 0.050226, conf: 2, cnt: 0
06-19 00:36:28.307  5717  7539 D CommonApp-242-10445: transport layer data is invalid
06-19 00:36:28.371  1960  1986 D BatteryChargeControl: bcc get no support from charging protocol
06-19 00:36:28.543 13036 16451 V Capacitor/Plugin: To native (Capacitor plugin): callbackId: 79098085, pluginId: NativeExoPlayback, methodName: getStatus
06-19 00:36:28.543 13036 16451 V Capacitor: callback: 79098085, pluginId: NativeExoPlayback, methodName: getStatus, methodData: {}
06-19 00:36:28.544 13036 13036 I Capacitor/Console: File:  - Line 349 - Msg: [object Object]
06-19 00:36:28.553 13036 13036 I Capacitor/Console: File:  - Line 333 - Msg: {"available":true,"wired":true,"message":"ExoPlayer gapless queue ÔÇö content:// locker bridge + HTTP streams.","state":"idle","positionSecs":0,"durationSecs":0,"queueIndex":0,"queueLength":0,"gaplessEnabled":true,"crossfadeEnabled":false,"bitPerfectActive":false}
06-19 00:36:28.568  1851  9701 I sensors-hal: handle_oplus_wise_rgb_event:160, wise_rgb:(55189)(cct,lux,ir)[5300.00, 14.51, 0.000000](rgbc)[794.21, 334.36, 165.72, 1191.43](pwm,hbm,brl,algo)[0.0 0.0 36.0 2.0],flag 0
06-19 00:36:28.768  1851  9623 I sensors-hal: handle_oplus_wise_rgb_event:189, high_pwm_light:lux 14.0,cct 5300.0,brl/algo/ir 36.0/2.0/0.0,pwm/dc 0.0/0.0,rgbc 794.210510/348.902466/180.784454/1191.427856,ts 1074510446575926,cnt 55190,flag 0
06-19 00:36:28.822  3480  4186 E OsenseCommonUtils: write /dev/memcg/memory.force_shrink_file failed
06-19 00:36:28.822  3480  4186 E OsenseCommonUtils: java.io.IOException: write failed: EBUSY (Device or resource busy)
06-19 00:36:28.822  3480  4186 E OsenseCommonUtils: 	at libcore.io.IoBridge.write(IoBridge.java:651)
06-19 00:36:28.822  3480  4186 E OsenseCommonUtils: 	at java.io.FileOutputStream.write(FileOutputStream.java:436)
06-19 00:36:28.822  3480  4186 E OsenseCommonUtils: 	at sun.nio.cs.StreamEncoder.writeBytes(StreamEncoder.java:233)
06-19 00:36:28.822  3480  4186 E OsenseCommonUtils: 	at sun.nio.cs.StreamEncoder.implFlushBuffer(StreamEncoder.java:309)
06-19 00:36:28.822  3480  4186 E OsenseCommonUtils: 	at sun.nio.cs.StreamEncoder.implFlush(StreamEncoder.java:313)
06-19 00:36:28.822  3480  4186 E OsenseCommonUtils: 	at sun.nio.cs.StreamEncoder.flush(StreamEncoder.java:153)
06-19 00:36:28.822  3480  4186 E OsenseCommonUtils: 	at java.io.OutputStreamWriter.flush(OutputStreamWriter.java:248)
06-19 00:36:28.822  3480  4186 E OsenseCommonUtils: 	at com.android.server.oplus.osense.utils.OsenseCommonUtils.writeFile(OsenseCommonUtils.java:163)
06-19 00:36:28.822  3480  4186 E OsenseCommonUtils: 	at com.android.server.am.OplusOsenseCompressAction.doGlobalShrink(OplusOsenseCompressAction.java:1805)
06-19 00:36:28.822  3480  4186 E OsenseCommonUtils: 	at com.android.server.am.OplusOsenseCompressAction.-$$Nest$mdoGlobalShrink(Unknown Source:0)
06-19 00:36:28.822  3480  4186 E OsenseCommonUtils: 	at com.android.server.am.OplusOsenseCompressAction$CompressHandler.handleMessage(OplusOsenseCompressAction.java:1270)
06-19 00:36:28.822  3480  4186 E OsenseCommonUtils: 	at android.os.Handler.dispatchMessage(Handler.java:116)
06-19 00:36:28.822  3480  4186 E OsenseCommonUtils: 	at android.os.Looper.loopOnce(Looper.java:306)
06-19 00:36:28.822  3480  4186 E OsenseCommonUtils: 	at android.os.Looper.loop(Looper.java:416)
06-19 00:36:28.822  3480  4186 E OsenseCommonUtils: 	at android.os.HandlerThread.run(HandlerThread.java:85)
