07-08 17:42:19.695  3414  3414 D NotificationService--OplusNotificationManagerServiceExtImpl: isForwardToAssistants: true, case : Is local notification
07-08 17:42:19.695  3414  3414 D NotificationService: This application enqueue notifications is need postDelayed mcsAssistantDelayTime: 200
07-08 17:42:19.700  3414  4904 D NotificationService--OplusNotificationFixHelper: fixAppIcon: pkg=rd.sheepskin.sandboxmusic
07-08 17:42:19.700  3414  4904 D NotificationService--OplusNotificationFixHelper: fixAppIcon: appIcon = null, pkg = rd.sheepskin.sandboxmusic
07-08 17:42:19.701  3414  4904 I OplusStatusBarManagerServiceEnhance:  getTopIsFullscreen mTopIsFullscreen: false
07-08 17:42:19.701  3414  4904 W ActivityManager: Permission Denial: getTopApplicationInfo from pid=1361, uid=10447 requires oplus.permission.OPLUS_COMPONENT_SAFE
07-08 17:42:19.705  3414  4904 D NotificationService--OplusNotificationFixHelper: fixAppIcon: pkg=rd.sheepskin.sandboxmusic
07-08 17:42:19.705  3414  4904 D NotificationService--OplusNotificationFixHelper: fixAppIcon: appIcon = null, pkg = rd.sheepskin.sandboxmusic
07-08 17:42:19.708  3414  4904 I OplusStatusBarManagerServiceEnhance:  getTopIsFullscreen mTopIsFullscreen: false
07-08 17:42:19.709  3414  4904 W ActivityManager: Permission Denial: getTopApplicationInfo from pid=1361, uid=10447 requires oplus.permission.OPLUS_COMPONENT_SAFE
07-08 17:42:19.713  3414  3414 D NotificationService--OplusNotificationManagerServiceExtImpl: isForwardToAssistants: true, case : Is local notification
07-08 17:42:19.713  3414  3414 D NotificationService: This application enqueue notifications is need postDelayed mcsAssistantDelayTime: 200
07-08 17:42:19.715  3414  3414 D NotificationService--OplusNotificationManagerServiceExtImpl: isForwardToAssistants: true, case : Is local notification
07-08 17:42:19.715  3414  3414 D NotificationService: This application enqueue notifications is need postDelayed mcsAssistantDelayTime: 200
07-08 17:42:19.905  3414  3414 D LockSettingsService: [getSeparateProfileChallengeEnabled] userId = 12
07-08 17:42:19.905  3414  3414 D LockSettingsService: [getSeparateProfileChallengeEnabled] userId = 12
07-08 17:42:19.927  3414  3414 D LockSettingsService: [getSeparateProfileChallengeEnabled] userId = 12
07-08 17:42:19.927  3414  3414 D LockSettingsService: [getSeparateProfileChallengeEnabled] userId = 12
07-08 17:42:19.931  3414  3414 D LockSettingsService: [getSeparateProfileChallengeEnabled] userId = 12
07-08 17:42:19.931  3414  3414 D LockSettingsService: [getSeparateProfileChallengeEnabled] userId = 12
07-08 17:42:20.178  3414  5233 D OplusBatteryServiceFeature: setSmartCoolDown: coolDown = 7, normalCoolDown = 7, pkgName = rd.sheepskin.sandboxmusic
07-08 17:42:20.181  3414  5233 D OplusDisplayManagerServiceEnhance: setSpecBrightness gear = 13 reason = rd.sheepskin.sandboxmusic_scene_101@temperature@33@normal rate = -1
07-08 17:42:20.182  3414  3736 I OplusDisplayFeatureManager: handleMessage MSG_TEMPERATURE_LIMIT_BRIGHTNESS_CHANGED.
07-08 17:42:20.182  3414  3736 D OplusFeatureTemperatureLimitBrightness: new parameter!ControlInfo:[ gear = 13 reason = rd.sheepskin.sandboxmusic_scene_101@temperature@33@normal gearNit = 900.0 package = rd.sheepskin.sandboxmusic_scene_101 type = temperature temperature = 33 priority = normal rate = -1] HadDragPoint = false mode = 0
07-08 17:42:20.182  3414  3736 D OplusFeatureTemperatureLimitBrightness: isResetUpdate = false isNormalUpdate = false isSafetyRegulationsForceUpdate = false mLastLimitNit = 600.0
07-08 17:42:20.185  3414  3702 D OplusBiometricsDisplayHelper: isFold: false, isUnblockByFp: null
07-08 17:42:20.794  3414  4904 D NotificationService--OplusNotificationFixHelper: fixAppIcon: pkg=rd.sheepskin.sandboxmusic
07-08 17:42:20.794  3414  4904 D NotificationService--OplusNotificationFixHelper: fixAppIcon: appIcon = null, pkg = rd.sheepskin.sandboxmusic
07-08 17:42:20.795  3414  4904 I OplusStatusBarManagerServiceEnhance:  getTopIsFullscreen mTopIsFullscreen: false
07-08 17:42:20.795  3414  4904 W ActivityManager: Permission Denial: getTopApplicationInfo from pid=1361, uid=10447 requires oplus.permission.OPLUS_COMPONENT_SAFE
07-08 17:42:20.796  3414  3414 D NotificationService--OplusNotificationManagerServiceExtImpl: isForwardToAssistants: true, case : Is local notification
07-08 17:42:20.796  3414  3414 D NotificationService: This application enqueue notifications is need postDelayed mcsAssistantDelayTime: 200
07-08 17:42:20.800  3414  4904 D NotificationService--OplusNotificationFixHelper: fixAppIcon: pkg=rd.sheepskin.sandboxmusic
07-08 17:42:20.800  3414  4904 D NotificationService--OplusNotificationFixHelper: fixAppIcon: appIcon = null, pkg = rd.sheepskin.sandboxmusic
07-08 17:42:20.805  3414  4904 I OplusStatusBarManagerServiceEnhance:  getTopIsFullscreen mTopIsFullscreen: false
07-08 17:42:20.805  3414  4904 W ActivityManager: Permission Denial: getTopApplicationInfo from pid=1361, uid=10447 requires oplus.permission.OPLUS_COMPONENT_SAFE
07-08 17:42:20.806  3414  3414 D NotificationService--OplusNotificationManagerServiceExtImpl: isForwardToAssistants: true, case : Is local notification
07-08 17:42:20.806  3414  3414 D NotificationService: This application enqueue notifications is need postDelayed mcsAssistantDelayTime: 200
07-08 17:42:20.819  3414  8738 D NotificationService--OplusNotificationFixHelper: fixAppIcon: pkg=rd.sheepskin.sandboxmusic
07-08 17:42:20.819  3414  8738 D NotificationService--OplusNotificationFixHelper: fixAppIcon: appIcon = null, pkg = rd.sheepskin.sandboxmusic
07-08 17:42:20.820  3414  8738 I OplusStatusBarManagerServiceEnhance:  getTopIsFullscreen mTopIsFullscreen: false
07-08 17:42:20.820  3414  8738 W ActivityManager: Permission Denial: getTopApplicationInfo from pid=1361, uid=10447 requires oplus.permission.OPLUS_COMPONENT_SAFE
07-08 17:42:20.820  3414  3414 D NotificationService--OplusNotificationManagerServiceExtImpl: isForwardToAssistants: true, case : Is local notification
07-08 17:42:20.820  3414  3414 D NotificationService: This application enqueue notifications is need postDelayed mcsAssistantDelayTime: 200
07-08 17:42:21.008  3414  3414 D LockSettingsService: [getSeparateProfileChallengeEnabled] userId = 12
07-08 17:42:21.008  3414  3414 D LockSettingsService: [getSeparateProfileChallengeEnabled] userId = 12
07-08 17:42:21.017  3414  3414 D LockSettingsService: [getSeparateProfileChallengeEnabled] userId = 12
07-08 17:42:21.017  3414  3414 D LockSettingsService: [getSeparateProfileChallengeEnabled] userId = 12
07-08 17:42:21.031  3414  3414 D LockSettingsService: [getSeparateProfileChallengeEnabled] userId = 12
07-08 17:42:21.031  3414  3414 D LockSettingsService: [getSeparateProfileChallengeEnabled] userId = 12
07-08 17:42:21.892  3414  4904 D NotificationService--OplusNotificationFixHelper: fixAppIcon: pkg=rd.sheepskin.sandboxmusic
07-08 17:42:21.892  3414  4904 D NotificationService--OplusNotificationFixHelper: fixAppIcon: appIcon = null, pkg = rd.sheepskin.sandboxmusic
07-08 17:42:21.893  3414  4904 I OplusStatusBarManagerServiceEnhance:  getTopIsFullscreen mTopIsFullscreen: false
07-08 17:42:21.893  3414  4904 W ActivityManager: Permission Denial: getTopApplicationInfo from pid=1361, uid=10447 requires oplus.permission.OPLUS_COMPONENT_SAFE
07-08 17:42:21.895  3414  3414 D NotificationService--OplusNotificationManagerServiceExtImpl: isForwardToAssistants: true, case : Is local notification
07-08 17:42:21.895  3414  3414 D NotificationService: This application enqueue notifications is need postDelayed mcsAssistantDelayTime: 200
07-08 17:42:21.897  3414  4904 D NotificationService--OplusNotificationFixHelper: fixAppIcon: pkg=rd.sheepskin.sandboxmusic
07-08 17:42:21.897  3414  4904 D NotificationService--OplusNotificationFixHelper: fixAppIcon: appIcon = null, pkg = rd.sheepskin.sandboxmusic
07-08 17:42:21.910  3414  4904 I OplusStatusBarManagerServiceEnhance:  getTopIsFullscreen mTopIsFullscreen: false
07-08 17:42:21.911  3414  4904 W ActivityManager: Permission Denial: getTopApplicationInfo from pid=1361, uid=10447 requires oplus.permission.OPLUS_COMPONENT_SAFE
07-08 17:42:21.911  3414  3414 D NotificationService--OplusNotificationManagerServiceExtImpl: isForwardToAssistants: true, case : Is local notification
07-08 17:42:21.911  3414  3414 D NotificationService: This application enqueue notifications is need postDelayed mcsAssistantDelayTime: 200
07-08 17:42:21.927  3414  8738 D NotificationService--OplusNotificationFixHelper: fixAppIcon: pkg=rd.sheepskin.sandboxmusic
07-08 17:42:21.927  3414  8738 D NotificationService--OplusNotificationFixHelper: fixAppIcon: appIcon = null, pkg = rd.sheepskin.sandboxmusic
07-08 17:42:21.928  3414  8738 I OplusStatusBarManagerServiceEnhance:  getTopIsFullscreen mTopIsFullscreen: false
07-08 17:42:21.928  3414  8738 W ActivityManager: Permission Denial: getTopApplicationInfo from pid=1361, uid=10447 requires oplus.permission.OPLUS_COMPONENT_SAFE
07-08 17:42:21.928  3414  3414 D NotificationService--OplusNotificationManagerServiceExtImpl: isForwardToAssistants: true, case : Is local notification
07-08 17:42:21.928  3414  3414 D NotificationService: This application enqueue notifications is need postDelayed mcsAssistantDelayTime: 200
07-08 17:42:21.997  3414  8738 E BatteryStatsService: Invalid uid for waking network packet: -1
07-08 17:42:22.118  3414  3414 D LockSettingsService: [getSeparateProfileChallengeEnabled] userId = 12
07-08 17:42:22.118  3414  3414 D LockSettingsService: [getSeparateProfileChallengeEnabled] userId = 12
07-08 17:42:22.129  3414  3414 D LockSettingsService: [getSeparateProfileChallengeEnabled] userId = 12
07-08 17:42:22.129  3414  3414 D LockSettingsService: [getSeparateProfileChallengeEnabled] userId = 12
07-08 17:42:22.146  3414  3414 D LockSettingsService: [getSeparateProfileChallengeEnabled] userId = 12
07-08 17:42:22.146  3414  3414 D LockSettingsService: [getSeparateProfileChallengeEnabled] userId = 12
07-08 17:42:22.993  3414  4181 D NotificationService--OplusNotificationFixHelper: fixAppIcon: pkg=rd.sheepskin.sandboxmusic
07-08 17:42:22.993  3414  4181 D NotificationService--OplusNotificationFixHelper: fixAppIcon: appIcon = null, pkg = rd.sheepskin.sandboxmusic
07-08 17:42:22.995  3414  4181 I OplusStatusBarManagerServiceEnhance:  getTopIsFullscreen mTopIsFullscreen: false
07-08 17:42:22.995  3414  4181 W ActivityManager: Permission Denial: getTopApplicationInfo from pid=1361, uid=10447 requires oplus.permission.OPLUS_COMPONENT_SAFE
07-08 17:42:22.995  3414  3414 D NotificationService--OplusNotificationManagerServiceExtImpl: isForwardToAssistants: true, case : Is local notification
07-08 17:42:22.995  3414  3414 D NotificationService: This application enqueue notifications is need postDelayed mcsAssistantDelayTime: 200
07-08 17:42:23.001  3414  4859 D NotificationService--OplusNotificationFixHelper: fixAppIcon: pkg=rd.sheepskin.sandboxmusic
07-08 17:42:23.001  3414  4859 D NotificationService--OplusNotificationFixHelper: fixAppIcon: appIcon = null, pkg = rd.sheepskin.sandboxmusic
07-08 17:42:23.001  3414  4859 I OplusStatusBarManagerServiceEnhance:  getTopIsFullscreen mTopIsFullscreen: false
07-08 17:42:23.001  3414  4859 W ActivityManager: Permission Denial: getTopApplicationInfo from pid=1361, uid=10447 requires oplus.permission.OPLUS_COMPONENT_SAFE
07-08 17:42:23.002  3414  3414 D NotificationService--OplusNotificationManagerServiceExtImpl: isForwardToAssistants: true, case : Is local notification
07-08 17:42:23.002  3414  3414 D NotificationService: This application enqueue notifications is need postDelayed mcsAssistantDelayTime: 200
07-08 17:42:23.022  3414  8738 D NotificationService--OplusNotificationFixHelper: fixAppIcon: pkg=rd.sheepskin.sandboxmusic
07-08 17:42:23.022  3414  8738 D NotificationService--OplusNotificationFixHelper: fixAppIcon: appIcon = null, pkg = rd.sheepskin.sandboxmusic
07-08 17:42:23.023  3414  8738 I OplusStatusBarManagerServiceEnhance:  getTopIsFullscreen mTopIsFullscreen: false
07-08 17:42:23.023  3414  8738 W ActivityManager: Permission Denial: getTopApplicationInfo from pid=1361, uid=10447 requires oplus.permission.OPLUS_COMPONENT_SAFE
07-08 17:42:23.024  3414  3414 D NotificationService--OplusNotificationManagerServiceExtImpl: isForwardToAssistants: true, case : Is local notification
07-08 17:42:23.024  3414  3414 D NotificationService: This application enqueue notifications is need postDelayed mcsAssistantDelayTime: 200
07-08 17:42:23.202  3414  3414 D LockSettingsService: [getSeparateProfileChallengeEnabled] userId = 12
07-08 17:42:23.202  3414  3414 D LockSettingsService: [getSeparateProfileChallengeEnabled] userId = 12
07-08 17:42:23.224  3414  3414 D LockSettingsService: [getSeparateProfileChallengeEnabled] userId = 12
07-08 17:42:23.224  3414  3414 D LockSettingsService: [getSeparateProfileChallengeEnabled] userId = 12
07-08 17:42:23.228  3414  3414 D LockSettingsService: [getSeparateProfileChallengeEnabled] userId = 12
07-08 17:42:23.228  3414  3414 D LockSettingsService: [getSeparateProfileChallengeEnabled] userId = 12
07-08 17:42:24.093  3414  4904 D NotificationService--OplusNotificationFixHelper: fixAppIcon: pkg=rd.sheepskin.sandboxmusic
07-08 17:42:24.093  3414  4904 D NotificationService--OplusNotificationFixHelper: fixAppIcon: appIcon = null, pkg = rd.sheepskin.sandboxmusic
07-08 17:42:24.093  3414  4904 I OplusStatusBarManagerServiceEnhance:  getTopIsFullscreen mTopIsFullscreen: false
07-08 17:42:24.093  3414  4904 W ActivityManager: Permission Denial: getTopApplicationInfo from pid=1361, uid=10447 requires oplus.permission.OPLUS_COMPONENT_SAFE
07-08 17:42:24.094  3414  4181 D NotificationService--OplusNotificationFixHelper: fixAppIcon: pkg=rd.sheepskin.sandboxmusic
07-08 17:42:24.094  3414  4181 D NotificationService--OplusNotificationFixHelper: fixAppIcon: appIcon = null, pkg = rd.sheepskin.sandboxmusic
07-08 17:42:24.094  3414  3414 D NotificationService--OplusNotificationManagerServiceExtImpl: isForwardToAssistants: true, case : Is local notification
07-08 17:42:24.094  3414  3414 D NotificationService: This application enqueue notifications is need postDelayed mcsAssistantDelayTime: 200
07-08 17:42:24.098  3414  8738 D NotificationService--OplusNotificationFixHelper: fixAppIcon: pkg=rd.sheepskin.sandboxmusic
07-08 17:42:24.098  3414  8738 D NotificationService--OplusNotificationFixHelper: fixAppIcon: appIcon = null, pkg = rd.sheepskin.sandboxmusic
07-08 17:42:24.101  3414  8738 I OplusStatusBarManagerServiceEnhance:  getTopIsFullscreen mTopIsFullscreen: false
07-08 17:42:24.101  3414  4181 I OplusStatusBarManagerServiceEnhance:  getTopIsFullscreen mTopIsFullscreen: false
07-08 17:42:24.101  3414  4181 W ActivityManager: Permission Denial: getTopApplicationInfo from pid=1361, uid=10447 requires oplus.permission.OPLUS_COMPONENT_SAFE
07-08 17:42:24.101  3414  8738 W ActivityManager: Permission Denial: getTopApplicationInfo from pid=1361, uid=10447 requires oplus.permission.OPLUS_COMPONENT_SAFE
07-08 17:42:24.103  3414  3414 D NotificationService--OplusNotificationManagerServiceExtImpl: isForwardToAssistants: true, case : Is local notification
07-08 17:42:24.103  3414  3414 D NotificationService: This application enqueue notifications is need postDelayed mcsAssistantDelayTime: 200
07-08 17:42:24.104  3414  3414 D NotificationService--OplusNotificationManagerServiceExtImpl: isForwardToAssistants: true, case : Is local notification
07-08 17:42:24.104  3414  3414 D NotificationService: This application enqueue notifications is need postDelayed mcsAssistantDelayTime: 200
07-08 17:42:24.303  3414  3414 D LockSettingsService: [getSeparateProfileChallengeEnabled] userId = 12
07-08 17:42:24.303  3414  3414 D LockSettingsService: [getSeparateProfileChallengeEnabled] userId = 12
07-08 17:42:24.309  3414  3414 D LockSettingsService: [getSeparateProfileChallengeEnabled] userId = 12
07-08 17:42:24.309  3414  3414 D LockSettingsService: [getSeparateProfileChallengeEnabled] userId = 12
07-08 17:42:24.314  3414  3414 D LockSettingsService: [getSeparateProfileChallengeEnabled] userId = 12
07-08 17:42:24.314  3414  3414 D LockSettingsService: [getSeparateProfileChallengeEnabled] userId = 12
07-08 17:42:25.185  3414  4181 D NotificationService--OplusNotificationFixHelper: fixAppIcon: pkg=rd.sheepskin.sandboxmusic
07-08 17:42:25.185  3414  4181 D NotificationService--OplusNotificationFixHelper: fixAppIcon: appIcon = null, pkg = rd.sheepskin.sandboxmusic
07-08 17:42:25.185  3414  4181 I OplusStatusBarManagerServiceEnhance:  getTopIsFullscreen mTopIsFullscreen: false
07-08 17:42:25.185  3414  4181 W ActivityManager: Permission Denial: getTopApplicationInfo from pid=1361, uid=10447 requires oplus.permission.OPLUS_COMPONENT_SAFE
07-08 17:42:25.186  3414  3414 D NotificationService--OplusNotificationManagerServiceExtImpl: isForwardToAssistants: true, case : Is local notification
07-08 17:42:25.186  3414  3414 D NotificationService: This application enqueue notifications is need postDelayed mcsAssistantDelayTime: 200
07-08 17:42:25.190  3414  8738 D NotificationService--OplusNotificationFixHelper: fixAppIcon: pkg=rd.sheepskin.sandboxmusic
07-08 17:42:25.190  3414  8738 D NotificationService--OplusNotificationFixHelper: fixAppIcon: appIcon = null, pkg = rd.sheepskin.sandboxmusic
07-08 17:42:25.190  3414  8738 I OplusStatusBarManagerServiceEnhance:  getTopIsFullscreen mTopIsFullscreen: false
07-08 17:42:25.190  3414  8738 W ActivityManager: Permission Denial: getTopApplicationInfo from pid=1361, uid=10447 requires oplus.permission.OPLUS_COMPONENT_SAFE
07-08 17:42:25.191  3414  3414 D NotificationService--OplusNotificationManagerServiceExtImpl: isForwardToAssistants: true, case : Is local notification
07-08 17:42:25.191  3414  3414 D NotificationService: This application enqueue notifications is need postDelayed mcsAssistantDelayTime: 200
07-08 17:42:25.199  3414  4859 D NotificationService--OplusNotificationFixHelper: fixAppIcon: pkg=rd.sheepskin.sandboxmusic
07-08 17:42:25.199  3414  4859 D NotificationService--OplusNotificationFixHelper: fixAppIcon: appIcon = null, pkg = rd.sheepskin.sandboxmusic
07-08 17:42:25.200  3414  4859 I OplusStatusBarManagerServiceEnhance:  getTopIsFullscreen mTopIsFullscreen: false
07-08 17:42:25.200  3414  4859 W ActivityManager: Permission Denial: getTopApplicationInfo from pid=1361, uid=10447 requires oplus.permission.OPLUS_COMPONENT_SAFE
07-08 17:42:25.202  3414  3414 D NotificationService--OplusNotificationManagerServiceExtImpl: isForwardToAssistants: true, case : Is local notification
07-08 17:42:25.202  3414  3414 D NotificationService: This application enqueue notifications is need postDelayed mcsAssistantDelayTime: 200
07-08 17:42:25.390  3414  3414 D LockSettingsService: [getSeparateProfileChallengeEnabled] userId = 12
07-08 17:42:25.390  3414  3414 D LockSettingsService: [getSeparateProfileChallengeEnabled] userId = 12
07-08 17:42:25.397  3414  3414 D LockSettingsService: [getSeparateProfileChallengeEnabled] userId = 12
07-08 17:42:25.397  3414  3414 D LockSettingsService: [getSeparateProfileChallengeEnabled] userId = 12
07-08 17:42:25.421  3414  3414 D LockSettingsService: [getSeparateProfileChallengeEnabled] userId = 12
07-08 17:42:25.421  3414  3414 D LockSettingsService: [getSeparateProfileChallengeEnabled] userId = 12
07-08 17:42:26.311  3414  4859 D NotificationService--OplusNotificationFixHelper: fixAppIcon: pkg=rd.sheepskin.sandboxmusic
07-08 17:42:26.311  3414  4859 D NotificationService--OplusNotificationFixHelper: fixAppIcon: appIcon = null, pkg = rd.sheepskin.sandboxmusic
07-08 17:42:26.312  3414  4859 I OplusStatusBarManagerServiceEnhance:  getTopIsFullscreen mTopIsFullscreen: false
07-08 17:42:26.312  3414  4859 W ActivityManager: Permission Denial: getTopApplicationInfo from pid=1361, uid=10447 requires oplus.permission.OPLUS_COMPONENT_SAFE
07-08 17:42:26.313  3414  3414 D NotificationService--OplusNotificationManagerServiceExtImpl: isForwardToAssistants: true, case : Is local notification
07-08 17:42:26.313  3414  3414 D NotificationService: This application enqueue notifications is need postDelayed mcsAssistantDelayTime: 200
07-08 17:42:26.316  3414  8738 D NotificationService--OplusNotificationFixHelper: fixAppIcon: pkg=rd.sheepskin.sandboxmusic
07-08 17:42:26.317  3414  8738 D NotificationService--OplusNotificationFixHelper: fixAppIcon: appIcon = null, pkg = rd.sheepskin.sandboxmusic
07-08 17:42:26.317  3414  8738 I OplusStatusBarManagerServiceEnhance:  getTopIsFullscreen mTopIsFullscreen: false
07-08 17:42:26.317  3414  8738 W ActivityManager: Permission Denial: getTopApplicationInfo from pid=1361, uid=10447 requires oplus.permission.OPLUS_COMPONENT_SAFE
07-08 17:42:26.318  3414  3414 D NotificationService--OplusNotificationManagerServiceExtImpl: isForwardToAssistants: true, case : Is local notification
07-08 17:42:26.318  3414  3414 D NotificationService: This application enqueue notifications is need postDelayed mcsAssistantDelayTime: 200
07-08 17:42:26.318  3414  4746 D NotificationService--OplusNotificationFixHelper: fixAppIcon: pkg=rd.sheepskin.sandboxmusic
07-08 17:42:26.319  3414  4746 D NotificationService--OplusNotificationFixHelper: fixAppIcon: appIcon = null, pkg = rd.sheepskin.sandboxmusic
07-08 17:42:26.320  3414  4746 I OplusStatusBarManagerServiceEnhance:  getTopIsFullscreen mTopIsFullscreen: false
07-08 17:42:26.321  3414  4746 W ActivityManager: Permission Denial: getTopApplicationInfo from pid=1361, uid=10447 requires oplus.permission.OPLUS_COMPONENT_SAFE
07-08 17:42:26.323  3414  3414 D NotificationService--OplusNotificationManagerServiceExtImpl: isForwardToAssistants: true, case : Is local notification
07-08 17:42:26.323  3414  3414 D NotificationService: This application enqueue notifications is need postDelayed mcsAssistantDelayTime: 200
07-08 17:42:26.518  3414  3414 D LockSettingsService: [getSeparateProfileChallengeEnabled] userId = 12
07-08 17:42:26.519  3414  3414 D LockSettingsService: [getSeparateProfileChallengeEnabled] userId = 12
07-08 17:42:26.526  3414  3414 D LockSettingsService: [getSeparateProfileChallengeEnabled] userId = 12
07-08 17:42:26.526  3414  3414 D LockSettingsService: [getSeparateProfileChallengeEnabled] userId = 12
07-08 17:42:26.539  3414  3414 D LockSettingsService: [getSeparateProfileChallengeEnabled] userId = 12
07-08 17:42:26.539  3414  3414 D LockSettingsService: [getSeparateProfileChallengeEnabled] userId = 12
07-08 17:42:26.926  3414  4859 E BatteryStatsService: Invalid uid for waking network packet: -1
07-08 17:42:27.387  3414  8738 D NotificationService--OplusNotificationFixHelper: fixAppIcon: pkg=rd.sheepskin.sandboxmusic
07-08 17:42:27.387  3414  8738 D NotificationService--OplusNotificationFixHelper: fixAppIcon: appIcon = null, pkg = rd.sheepskin.sandboxmusic
07-08 17:42:27.388  3414  8738 I OplusStatusBarManagerServiceEnhance:  getTopIsFullscreen mTopIsFullscreen: false
07-08 17:42:27.388  3414  8738 W ActivityManager: Permission Denial: getTopApplicationInfo from pid=1361, uid=10447 requires oplus.permission.OPLUS_COMPONENT_SAFE
07-08 17:42:27.389  3414  3414 D NotificationService--OplusNotificationManagerServiceExtImpl: isForwardToAssistants: true, case : Is local notification
07-08 17:42:27.389  3414  3414 D NotificationService: This application enqueue notifications is need postDelayed mcsAssistantDelayTime: 200
07-08 17:42:27.390  3414  4859 D NotificationService--OplusNotificationFixHelper: fixAppIcon: pkg=rd.sheepskin.sandboxmusic
07-08 17:42:27.390  3414  4859 D NotificationService--OplusNotificationFixHelper: fixAppIcon: appIcon = null, pkg = rd.sheepskin.sandboxmusic
07-08 17:42:27.391  3414  4859 I OplusStatusBarManagerServiceEnhance:  getTopIsFullscreen mTopIsFullscreen: false
07-08 17:42:27.391  3414  4859 W ActivityManager: Permission Denial: getTopApplicationInfo from pid=1361, uid=10447 requires oplus.permission.OPLUS_COMPONENT_SAFE
07-08 17:42:27.391  3414  3414 D NotificationService--OplusNotificationManagerServiceExtImpl: isForwardToAssistants: true, case : Is local notification
07-08 17:42:27.391  3414  3414 D NotificationService: This application enqueue notifications is need postDelayed mcsAssistantDelayTime: 200
07-08 17:42:27.392  3414  8738 D NotificationService--OplusNotificationFixHelper: fixAppIcon: pkg=rd.sheepskin.sandboxmusic
07-08 17:42:27.392  3414  8738 D NotificationService--OplusNotificationFixHelper: fixAppIcon: appIcon = null, pkg = rd.sheepskin.sandboxmusic
07-08 17:42:27.393  3414  8738 I OplusStatusBarManagerServiceEnhance:  getTopIsFullscreen mTopIsFullscreen: false
07-08 17:42:27.393  3414  8738 W ActivityManager: Permission Denial: getTopApplicationInfo from pid=1361, uid=10447 requires oplus.permission.OPLUS_COMPONENT_SAFE
07-08 17:42:27.393  3414  3414 D NotificationService--OplusNotificationManagerServiceExtImpl: isForwardToAssistants: true, case : Is local notification
07-08 17:42:27.393  3414  3414 D NotificationService: This application enqueue notifications is need postDelayed mcsAssistantDelayTime: 200
07-08 17:42:27.594  3414  3414 D LockSettingsService: [getSeparateProfileChallengeEnabled] userId = 12
07-08 17:42:27.595  3414  3414 D LockSettingsService: [getSeparateProfileChallengeEnabled] userId = 12
07-08 17:42:27.603  3414  3414 D LockSettingsService: [getSeparateProfileChallengeEnabled] userId = 12
07-08 17:42:27.603  3414  3414 D LockSettingsService: [getSeparateProfileChallengeEnabled] userId = 12
07-08 17:42:27.609  3414  3414 D LockSettingsService: [getSeparateProfileChallengeEnabled] userId = 12
07-08 17:42:27.609  3414  3414 D LockSettingsService: [getSeparateProfileChallengeEnabled] userId = 12
07-08 17:42:27.632  1446 11527 I keystore2: system/security/keystore2/watchdog/src/lib.rs:377 - Watchdog thread idle -> terminating. Have a great day.
07-08 17:42:28.504  3414  4859 D NotificationService--OplusNotificationFixHelper: fixAppIcon: pkg=rd.sheepskin.sandboxmusic
07-08 17:42:28.504  3414  4859 D NotificationService--OplusNotificationFixHelper: fixAppIcon: appIcon = null, pkg = rd.sheepskin.sandboxmusic
07-08 17:42:28.505  3414  4859 I OplusStatusBarManagerServiceEnhance:  getTopIsFullscreen mTopIsFullscreen: false
07-08 17:42:28.505  3414  4859 W ActivityManager: Permission Denial: getTopApplicationInfo from pid=1361, uid=10447 requires oplus.permission.OPLUS_COMPONENT_SAFE
07-08 17:42:28.507  3414  3414 D NotificationService--OplusNotificationManagerServiceExtImpl: isForwardToAssistants: true, case : Is local notification
07-08 17:42:28.507  3414  3414 D NotificationService: This application enqueue notifications is need postDelayed mcsAssistantDelayTime: 200
07-08 17:42:28.511  3414  4746 D NotificationService--OplusNotificationFixHelper: fixAppIcon: pkg=rd.sheepskin.sandboxmusic
07-08 17:42:28.511  3414  4746 D NotificationService--OplusNotificationFixHelper: fixAppIcon: appIcon = null, pkg = rd.sheepskin.sandboxmusic
07-08 17:42:28.511  3414  4859 D NotificationService--OplusNotificationFixHelper: fixAppIcon: pkg=rd.sheepskin.sandboxmusic
07-08 17:42:28.511  3414  4859 D NotificationService--OplusNotificationFixHelper: fixAppIcon: appIcon = null, pkg = rd.sheepskin.sandboxmusic
07-08 17:42:28.518  3414  4746 I OplusStatusBarManagerServiceEnhance:  getTopIsFullscreen mTopIsFullscreen: false
07-08 17:42:28.518  3414  4859 I OplusStatusBarManagerServiceEnhance:  getTopIsFullscreen mTopIsFullscreen: false
07-08 17:42:28.518  3414  4746 W ActivityManager: Permission Denial: getTopApplicationInfo from pid=1361, uid=10447 requires oplus.permission.OPLUS_COMPONENT_SAFE
07-08 17:42:28.518  3414  4859 W ActivityManager: Permission Denial: getTopApplicationInfo from pid=1361, uid=10447 requires oplus.permission.OPLUS_COMPONENT_SAFE
07-08 17:42:28.518  3414  3414 D NotificationService--OplusNotificationManagerServiceExtImpl: isForwardToAssistants: true, case : Is local notification
07-08 17:42:28.518  3414  3414 D NotificationService: This application enqueue notifications is need postDelayed mcsAssistantDelayTime: 200
07-08 17:42:28.519  3414  3414 D NotificationService--OplusNotificationManagerServiceExtImpl: isForwardToAssistants: true, case : Is local notification
07-08 17:42:28.519  3414  3414 D NotificationService: This application enqueue notifications is need postDelayed mcsAssistantDelayTime: 200
07-08 17:42:28.721  3414  3414 D LockSettingsService: [getSeparateProfileChallengeEnabled] userId = 12
07-08 17:42:28.721  3414  3414 D LockSettingsService: [getSeparateProfileChallengeEnabled] userId = 12
07-08 17:42:28.725  3414  3414 D LockSettingsService: [getSeparateProfileChallengeEnabled] userId = 12
07-08 17:42:28.725  3414  3414 D LockSettingsService: [getSeparateProfileChallengeEnabled] userId = 12
07-08 17:42:28.728  3414  3414 D LockSettingsService: [getSeparateProfileChallengeEnabled] userId = 12
07-08 17:42:28.728  3414  3414 D LockSettingsService: [getSeparateProfileChallengeEnabled] userId = 12
07-08 17:42:29.584  3414  8731 D NotificationService--OplusNotificationFixHelper: fixAppIcon: pkg=rd.sheepskin.sandboxmusic
07-08 17:42:29.584  3414  8731 D NotificationService--OplusNotificationFixHelper: fixAppIcon: appIcon = null, pkg = rd.sheepskin.sandboxmusic
07-08 17:42:29.585  3414  8731 I OplusStatusBarManagerServiceEnhance:  getTopIsFullscreen mTopIsFullscreen: false
07-08 17:42:29.585  3414  8731 W ActivityManager: Permission Denial: getTopApplicationInfo from pid=1361, uid=10447 requires oplus.permission.OPLUS_COMPONENT_SAFE
07-08 17:42:29.586  3414  3414 D NotificationService--OplusNotificationManagerServiceExtImpl: isForwardToAssistants: true, case : Is local notification
07-08 17:42:29.586  3414  3414 D NotificationService: This application enqueue notifications is need postDelayed mcsAssistantDelayTime: 200
07-08 17:42:29.591  3414  8731 D NotificationService--OplusNotificationFixHelper: fixAppIcon: pkg=rd.sheepskin.sandboxmusic
07-08 17:42:29.591  3414  8731 D NotificationService--OplusNotificationFixHelper: fixAppIcon: appIcon = null, pkg = rd.sheepskin.sandboxmusic
07-08 17:42:29.591  3414  8731 I OplusStatusBarManagerServiceEnhance:  getTopIsFullscreen mTopIsFullscreen: false
07-08 17:42:29.591  3414  8731 W ActivityManager: Permission Denial: getTopApplicationInfo from pid=1361, uid=10447 requires oplus.permission.OPLUS_COMPONENT_SAFE
07-08 17:42:29.592  3414  3414 D NotificationService--OplusNotificationManagerServiceExtImpl: isForwardToAssistants: true, case : Is local notification
07-08 17:42:29.592  3414  3414 D NotificationService: This application enqueue notifications is need postDelayed mcsAssistantDelayTime: 200
07-08 17:42:29.604  3414  3441 D NotificationService--OplusNotificationFixHelper: fixAppIcon: pkg=rd.sheepskin.sandboxmusic
07-08 17:42:29.604  3414  3441 D NotificationService--OplusNotificationFixHelper: fixAppIcon: appIcon = null, pkg = rd.sheepskin.sandboxmusic
07-08 17:42:29.605  3414  3441 I OplusStatusBarManagerServiceEnhance:  getTopIsFullscreen mTopIsFullscreen: false
07-08 17:42:29.605  3414  3441 W ActivityManager: Permission Denial: getTopApplicationInfo from pid=1361, uid=10447 requires oplus.permission.OPLUS_COMPONENT_SAFE
07-08 17:42:29.605  3414  3414 D NotificationService--OplusNotificationManagerServiceExtImpl: isForwardToAssistants: true, case : Is local notification
07-08 17:42:29.605  3414  3414 D NotificationService: This application enqueue notifications is need postDelayed mcsAssistantDelayTime: 200
07-08 17:42:29.792  3414  3414 D LockSettingsService: [getSeparateProfileChallengeEnabled] userId = 12
07-08 17:42:29.793  3414  3414 D LockSettingsService: [getSeparateProfileChallengeEnabled] userId = 12
07-08 17:42:29.806  3414  3414 D LockSettingsService: [getSeparateProfileChallengeEnabled] userId = 12
07-08 17:42:29.807  3414  3414 D LockSettingsService: [getSeparateProfileChallengeEnabled] userId = 12
07-08 17:42:29.812  3414  3414 D LockSettingsService: [getSeparateProfileChallengeEnabled] userId = 12
07-08 17:42:29.813  3414  3414 D LockSettingsService: [getSeparateProfileChallengeEnabled] userId = 12
07-08 17:42:30.695  3414  4690 D NotificationService--OplusNotificationFixHelper: fixAppIcon: pkg=rd.sheepskin.sandboxmusic
07-08 17:42:30.695  3414  4690 D NotificationService--OplusNotificationFixHelper: fixAppIcon: appIcon = null, pkg = rd.sheepskin.sandboxmusic
07-08 17:42:30.696  3414  4690 I OplusStatusBarManagerServiceEnhance:  getTopIsFullscreen mTopIsFullscreen: false
07-08 17:42:30.696  3414  4690 W ActivityManager: Permission Denial: getTopApplicationInfo from pid=1361, uid=10447 requires oplus.permission.OPLUS_COMPONENT_SAFE
07-08 17:42:30.697  3414  3414 D NotificationService--OplusNotificationManagerServiceExtImpl: isForwardToAssistants: true, case : Is local notification
07-08 17:42:30.697  3414  3414 D NotificationService: This application enqueue notifications is need postDelayed mcsAssistantDelayTime: 200
07-08 17:42:30.702  3414  3441 D NotificationService--OplusNotificationFixHelper: fixAppIcon: pkg=rd.sheepskin.sandboxmusic
07-08 17:42:30.702  3414  3441 D NotificationService--OplusNotificationFixHelper: fixAppIcon: appIcon = null, pkg = rd.sheepskin.sandboxmusic
07-08 17:42:30.703  3414  3441 I OplusStatusBarManagerServiceEnhance:  getTopIsFullscreen mTopIsFullscreen: false
07-08 17:42:30.703  3414  3441 W ActivityManager: Permission Denial: getTopApplicationInfo from pid=1361, uid=10447 requires oplus.permission.OPLUS_COMPONENT_SAFE
07-08 17:42:30.706  3414  3414 D NotificationService--OplusNotificationManagerServiceExtImpl: isForwardToAssistants: true, case : Is local notification
07-08 17:42:30.706  3414  3414 D NotificationService: This application enqueue notifications is need postDelayed mcsAssistantDelayTime: 200
07-08 17:42:30.714  3414  4690 D NotificationService--OplusNotificationFixHelper: fixAppIcon: pkg=rd.sheepskin.sandboxmusic
07-08 17:42:30.714  3414  4690 D NotificationService--OplusNotificationFixHelper: fixAppIcon: appIcon = null, pkg = rd.sheepskin.sandboxmusic
07-08 17:42:30.715  3414  4690 I OplusStatusBarManagerServiceEnhance:  getTopIsFullscreen mTopIsFullscreen: false
07-08 17:42:30.715  3414  4690 W ActivityManager: Permission Denial: getTopApplicationInfo from pid=1361, uid=10447 requires oplus.permission.OPLUS_COMPONENT_SAFE
07-08 17:42:30.716  3414  3414 D NotificationService--OplusNotificationManagerServiceExtImpl: isForwardToAssistants: true, case : Is local notification
07-08 17:42:30.716  3414  3414 D NotificationService: This application enqueue notifications is need postDelayed mcsAssistantDelayTime: 200
07-08 17:42:30.901  3414  3414 D LockSettingsService: [getSeparateProfileChallengeEnabled] userId = 12
07-08 17:42:30.901  3414  3414 D LockSettingsService: [getSeparateProfileChallengeEnabled] userId = 12
07-08 17:42:30.914  3414  3414 D LockSettingsService: [getSeparateProfileChallengeEnabled] userId = 12
07-08 17:42:30.915  3414  3414 D LockSettingsService: [getSeparateProfileChallengeEnabled] userId = 12
07-08 17:42:30.918  3414  3414 D LockSettingsService: [getSeparateProfileChallengeEnabled] userId = 12
07-08 17:42:30.918  3414  3414 D LockSettingsService: [getSeparateProfileChallengeEnabled] userId = 12
07-08 17:42:31.783  3414  4859 D NotificationService--OplusNotificationFixHelper: fixAppIcon: pkg=rd.sheepskin.sandboxmusic
07-08 17:42:31.783  3414  4859 D NotificationService--OplusNotificationFixHelper: fixAppIcon: appIcon = null, pkg = rd.sheepskin.sandboxmusic
07-08 17:42:31.784  3414  4859 I OplusStatusBarManagerServiceEnhance:  getTopIsFullscreen mTopIsFullscreen: false
07-08 17:42:31.784  3414  4859 W ActivityManager: Permission Denial: getTopApplicationInfo from pid=1361, uid=10447 requires oplus.permission.OPLUS_COMPONENT_SAFE
07-08 17:42:31.785  3414  3414 D NotificationService--OplusNotificationManagerServiceExtImpl: isForwardToAssistants: true, case : Is local notification
07-08 17:42:31.785  3414  3414 D NotificationService: This application enqueue notifications is need postDelayed mcsAssistantDelayTime: 200
07-08 17:42:31.790  3414  8738 D NotificationService--OplusNotificationFixHelper: fixAppIcon: pkg=rd.sheepskin.sandboxmusic
07-08 17:42:31.790  3414  8738 D NotificationService--OplusNotificationFixHelper: fixAppIcon: appIcon = null, pkg = rd.sheepskin.sandboxmusic
07-08 17:42:31.790  3414  8738 I OplusStatusBarManagerServiceEnhance:  getTopIsFullscreen mTopIsFullscreen: false
07-08 17:42:31.790  3414  8738 W ActivityManager: Permission Denial: getTopApplicationInfo from pid=1361, uid=10447 requires oplus.permission.OPLUS_COMPONENT_SAFE
07-08 17:42:31.791  3414  3414 D NotificationService--OplusNotificationManagerServiceExtImpl: isForwardToAssistants: true, case : Is local notification
07-08 17:42:31.791  3414  3414 D NotificationService: This application enqueue notifications is need postDelayed mcsAssistantDelayTime: 200
07-08 17:42:31.798  3414  4859 D NotificationService--OplusNotificationFixHelper: fixAppIcon: pkg=rd.sheepskin.sandboxmusic
07-08 17:42:31.798  3414  4859 D NotificationService--OplusNotificationFixHelper: fixAppIcon: appIcon = null, pkg = rd.sheepskin.sandboxmusic
07-08 17:42:31.799  3414  4859 I OplusStatusBarManagerServiceEnhance:  getTopIsFullscreen mTopIsFullscreen: false
07-08 17:42:31.799  3414  4859 W ActivityManager: Permission Denial: getTopApplicationInfo from pid=1361, uid=10447 requires oplus.permission.OPLUS_COMPONENT_SAFE
07-08 17:42:31.800  3414  3414 D NotificationService--OplusNotificationManagerServiceExtImpl: isForwardToAssistants: true, case : Is local notification
07-08 17:42:31.800  3414  3414 D NotificationService: This application enqueue notifications is need postDelayed mcsAssistantDelayTime: 200
07-08 17:42:31.989  3414  3414 D LockSettingsService: [getSeparateProfileChallengeEnabled] userId = 12
07-08 17:42:31.989  3414  3414 D LockSettingsService: [getSeparateProfileChallengeEnabled] userId = 12
07-08 17:42:31.997  3414  3414 D LockSettingsService: [getSeparateProfileChallengeEnabled] userId = 12
07-08 17:42:31.997  3414  3414 D LockSettingsService: [getSeparateProfileChallengeEnabled] userId = 12
07-08 17:42:32.011  3414  3414 D LockSettingsService: [getSeparateProfileChallengeEnabled] userId = 12
07-08 17:42:32.011  3414  3414 D LockSettingsService: [getSeparateProfileChallengeEnabled] userId = 12
07-08 17:42:32.044  3414  3441 E BatteryStatsService: Invalid uid for waking network packet: -1
07-08 17:42:32.886  3414  8731 D NotificationService--OplusNotificationFixHelper: fixAppIcon: pkg=rd.sheepskin.sandboxmusic
07-08 17:42:32.886  3414  8731 D NotificationService--OplusNotificationFixHelper: fixAppIcon: appIcon = null, pkg = rd.sheepskin.sandboxmusic
07-08 17:42:32.887  3414  8731 I OplusStatusBarManagerServiceEnhance:  getTopIsFullscreen mTopIsFullscreen: false
07-08 17:42:32.887  3414  8731 W ActivityManager: Permission Denial: getTopApplicationInfo from pid=1361, uid=10447 requires oplus.permission.OPLUS_COMPONENT_SAFE
07-08 17:42:32.887  3414  3414 D NotificationService--OplusNotificationManagerServiceExtImpl: isForwardToAssistants: true, case : Is local notification
07-08 17:42:32.887  3414  3414 D NotificationService: This application enqueue notifications is need postDelayed mcsAssistantDelayTime: 200
07-08 17:42:32.894  3414  4859 D NotificationService--OplusNotificationFixHelper: fixAppIcon: pkg=rd.sheepskin.sandboxmusic
07-08 17:42:32.894  3414  4859 D NotificationService--OplusNotificationFixHelper: fixAppIcon: appIcon = null, pkg = rd.sheepskin.sandboxmusic
07-08 17:42:32.895  3414  4859 I OplusStatusBarManagerServiceEnhance:  getTopIsFullscreen mTopIsFullscreen: false
07-08 17:42:32.895  3414  4859 W ActivityManager: Permission Denial: getTopApplicationInfo from pid=1361, uid=10447 requires oplus.permission.OPLUS_COMPONENT_SAFE
07-08 17:42:32.896  3414  3414 D NotificationService--OplusNotificationManagerServiceExtImpl: isForwardToAssistants: true, case : Is local notification
07-08 17:42:32.896  3414  3414 D NotificationService: This application enqueue notifications is need postDelayed mcsAssistantDelayTime: 200
07-08 17:42:32.904  3414  8738 D NotificationService--OplusNotificationFixHelper: fixAppIcon: pkg=rd.sheepskin.sandboxmusic
07-08 17:42:32.904  3414  8738 D NotificationService--OplusNotificationFixHelper: fixAppIcon: appIcon = null, pkg = rd.sheepskin.sandboxmusic
07-08 17:42:32.910  3414  8738 I OplusStatusBarManagerServiceEnhance:  getTopIsFullscreen mTopIsFullscreen: false
07-08 17:42:32.910  3414  8738 W ActivityManager: Permission Denial: getTopApplicationInfo from pid=1361, uid=10447 requires oplus.permission.OPLUS_COMPONENT_SAFE
07-08 17:42:32.911  3414  3414 D NotificationService--OplusNotificationManagerServiceExtImpl: isForwardToAssistants: true, case : Is local notification
07-08 17:42:32.911  3414  3414 D NotificationService: This application enqueue notifications is need postDelayed mcsAssistantDelayTime: 200
07-08 17:42:33.093  3414  3414 D LockSettingsService: [getSeparateProfileChallengeEnabled] userId = 12
07-08 17:42:33.093  3414  3414 D LockSettingsService: [getSeparateProfileChallengeEnabled] userId = 12
07-08 17:42:33.109  3414  3414 D LockSettingsService: [getSeparateProfileChallengeEnabled] userId = 12
07-08 17:42:33.109  3414  3414 D LockSettingsService: [getSeparateProfileChallengeEnabled] userId = 12
07-08 17:42:33.120  3414  3414 D LockSettingsService: [getSeparateProfileChallengeEnabled] userId = 12
07-08 17:42:33.120  3414  3414 D LockSettingsService: [getSeparateProfileChallengeEnabled] userId = 12
07-08 17:42:33.987  3414  8738 D NotificationService--OplusNotificationFixHelper: fixAppIcon: pkg=rd.sheepskin.sandboxmusic
07-08 17:42:33.987  3414  8738 D NotificationService--OplusNotificationFixHelper: fixAppIcon: appIcon = null, pkg = rd.sheepskin.sandboxmusic
07-08 17:42:33.988  3414  8738 I OplusStatusBarManagerServiceEnhance:  getTopIsFullscreen mTopIsFullscreen: false
07-08 17:42:33.988  3414  8738 W ActivityManager: Permission Denial: getTopApplicationInfo from pid=1361, uid=10447 requires oplus.permission.OPLUS_COMPONENT_SAFE
07-08 17:42:33.991  3414  3414 D NotificationService--OplusNotificationManagerServiceExtImpl: isForwardToAssistants: true, case : Is local notification
07-08 17:42:33.991  3414  3414 D NotificationService: This application enqueue notifications is need postDelayed mcsAssistantDelayTime: 200
07-08 17:42:33.994  3414  8731 D NotificationService--OplusNotificationFixHelper: fixAppIcon: pkg=rd.sheepskin.sandboxmusic
07-08 17:42:33.995  3414  4859 D NotificationService--OplusNotificationFixHelper: fixAppIcon: pkg=rd.sheepskin.sandboxmusic
07-08 17:42:33.995  3414  4859 D NotificationService--OplusNotificationFixHelper: fixAppIcon: appIcon = null, pkg = rd.sheepskin.sandboxmusic
07-08 17:42:33.995  3414  8731 D NotificationService--OplusNotificationFixHelper: fixAppIcon: appIcon = null, pkg = rd.sheepskin.sandboxmusic
07-08 17:42:33.995  3414  4859 I OplusStatusBarManagerServiceEnhance:  getTopIsFullscreen mTopIsFullscreen: false
07-08 17:42:33.995  3414  4859 W ActivityManager: Permission Denial: getTopApplicationInfo from pid=1361, uid=10447 requires oplus.permission.OPLUS_COMPONENT_SAFE
07-08 17:42:33.996  3414  8731 I OplusStatusBarManagerServiceEnhance:  getTopIsFullscreen mTopIsFullscreen: false
07-08 17:42:33.996  3414  8731 W ActivityManager: Permission Denial: getTopApplicationInfo from pid=1361, uid=10447 requires oplus.permission.OPLUS_COMPONENT_SAFE
07-08 17:42:33.997  3414  3414 D NotificationService--OplusNotificationManagerServiceExtImpl: isForwardToAssistants: true, case : Is local notification
07-08 17:42:33.997  3414  3414 D NotificationService: This application enqueue notifications is need postDelayed mcsAssistantDelayTime: 200
07-08 17:42:34.000  3414  3414 D NotificationService--OplusNotificationManagerServiceExtImpl: isForwardToAssistants: true, case : Is local notification
07-08 17:42:34.000  3414  3414 D NotificationService: This application enqueue notifications is need postDelayed mcsAssistantDelayTime: 200
07-08 17:42:34.197  3414  3414 D LockSettingsService: [getSeparateProfileChallengeEnabled] userId = 12
07-08 17:42:34.197  3414  3414 D LockSettingsService: [getSeparateProfileChallengeEnabled] userId = 12
07-08 17:42:34.203  3414  3414 D LockSettingsService: [getSeparateProfileChallengeEnabled] userId = 12
07-08 17:42:34.203  3414  3414 D LockSettingsService: [getSeparateProfileChallengeEnabled] userId = 12
07-08 17:42:34.217  3414  3414 D LockSettingsService: [getSeparateProfileChallengeEnabled] userId = 12
07-08 17:42:34.217  3414  3414 D LockSettingsService: [getSeparateProfileChallengeEnabled] userId = 12
07-08 17:42:35.086  3414  4690 D NotificationService--OplusNotificationFixHelper: fixAppIcon: pkg=rd.sheepskin.sandboxmusic
07-08 17:42:35.086  3414  4690 D NotificationService--OplusNotificationFixHelper: fixAppIcon: appIcon = null, pkg = rd.sheepskin.sandboxmusic
07-08 17:42:35.087  3414  4690 I OplusStatusBarManagerServiceEnhance:  getTopIsFullscreen mTopIsFullscreen: false
07-08 17:42:35.088  3414  4690 W ActivityManager: Permission Denial: getTopApplicationInfo from pid=1361, uid=10447 requires oplus.permission.OPLUS_COMPONENT_SAFE
07-08 17:42:35.088  3414  3414 D NotificationService--OplusNotificationManagerServiceExtImpl: isForwardToAssistants: true, case : Is local notification
07-08 17:42:35.088  3414  3414 D NotificationService: This application enqueue notifications is need postDelayed mcsAssistantDelayTime: 200
07-08 17:42:35.091  3414  4690 D NotificationService--OplusNotificationFixHelper: fixAppIcon: pkg=rd.sheepskin.sandboxmusic
07-08 17:42:35.091  3414  4690 D NotificationService--OplusNotificationFixHelper: fixAppIcon: appIcon = null, pkg = rd.sheepskin.sandboxmusic
07-08 17:42:35.092  3414  4690 I OplusStatusBarManagerServiceEnhance:  getTopIsFullscreen mTopIsFullscreen: false
07-08 17:42:35.092  3414  4690 W ActivityManager: Permission Denial: getTopApplicationInfo from pid=1361, uid=10447 requires oplus.permission.OPLUS_COMPONENT_SAFE
07-08 17:42:35.093  3414  3414 D NotificationService--OplusNotificationManagerServiceExtImpl: isForwardToAssistants: true, case : Is local notification
07-08 17:42:35.093  3414  3414 D NotificationService: This application enqueue notifications is need postDelayed mcsAssistantDelayTime: 200
07-08 17:42:35.113  3414  3440 D NotificationService--OplusNotificationFixHelper: fixAppIcon: pkg=rd.sheepskin.sandboxmusic
07-08 17:42:35.113  3414  3440 D NotificationService--OplusNotificationFixHelper: fixAppIcon: appIcon = null, pkg = rd.sheepskin.sandboxmusic
07-08 17:42:35.116  3414  3440 I OplusStatusBarManagerServiceEnhance:  getTopIsFullscreen mTopIsFullscreen: false
07-08 17:42:35.116  3414  3440 W ActivityManager: Permission Denial: getTopApplicationInfo from pid=1361, uid=10447 requires oplus.permission.OPLUS_COMPONENT_SAFE
07-08 17:42:35.116  3414  3414 D NotificationService--OplusNotificationManagerServiceExtImpl: isForwardToAssistants: true, case : Is local notification
07-08 17:42:35.116  3414  3414 D NotificationService: This application enqueue notifications is need postDelayed mcsAssistantDelayTime: 200
07-08 17:42:35.292  3414  3414 D LockSettingsService: [getSeparateProfileChallengeEnabled] userId = 12
07-08 17:42:35.292  3414  3414 D LockSettingsService: [getSeparateProfileChallengeEnabled] userId = 12
07-08 17:42:35.306  3414  3414 D LockSettingsService: [getSeparateProfileChallengeEnabled] userId = 12
07-08 17:42:35.306  3414  3414 D LockSettingsService: [getSeparateProfileChallengeEnabled] userId = 12
07-08 17:42:35.319  3414  3414 D LockSettingsService: [getSeparateProfileChallengeEnabled] userId = 12
07-08 17:42:35.319  3414  3414 D LockSettingsService: [getSeparateProfileChallengeEnabled] userId = 12
07-08 17:42:35.470  3414  4690 W PackageManager: package com.oplus.ndsf uid 10114 pid 8953 call SetEnabledSetting(com.oplus.ndsf component = androidx.work.impl.background.systemalarm.RescheduleReceiver, 2, 0)
07-08 17:42:35.493  3414  4690 W ActivityManager: Receiver with filter android.content.IntentFilter@146a02f already registered for pid 8953, callerPackage is com.oplus.ndsf
07-08 17:42:35.499  3414  4690 W PackageManager: package com.oplus.ndsf uid 10114 pid 8953 call SetEnabledSetting(com.oplus.ndsf component = androidx.work.impl.background.systemalarm.RescheduleReceiver, 1, 0)
07-08 17:42:36.200  3414  4690 D NotificationService--OplusNotificationFixHelper: fixAppIcon: pkg=rd.sheepskin.sandboxmusic
07-08 17:42:36.200  3414  4690 D NotificationService--OplusNotificationFixHelper: fixAppIcon: appIcon = null, pkg = rd.sheepskin.sandboxmusic
07-08 17:42:36.201  3414  4690 I OplusStatusBarManagerServiceEnhance:  getTopIsFullscreen mTopIsFullscreen: false
07-08 17:42:36.202  3414  4690 W ActivityManager: Permission Denial: getTopApplicationInfo from pid=1361, uid=10447 requires oplus.permission.OPLUS_COMPONENT_SAFE
07-08 17:42:36.202  3414  3414 D NotificationService--OplusNotificationManagerServiceExtImpl: isForwardToAssistants: true, case : Is local notification
07-08 17:42:36.202  3414  3414 D NotificationService: This application enqueue notifications is need postDelayed mcsAssistantDelayTime: 200
07-08 17:42:36.207  3414  4690 D NotificationService--OplusNotificationFixHelper: fixAppIcon: pkg=rd.sheepskin.sandboxmusic
07-08 17:42:36.207  3414  4690 D NotificationService--OplusNotificationFixHelper: fixAppIcon: appIcon = null, pkg = rd.sheepskin.sandboxmusic
07-08 17:42:36.217  3414  4690 I OplusStatusBarManagerServiceEnhance:  getTopIsFullscreen mTopIsFullscreen: false
07-08 17:42:36.217  3414  4690 W ActivityManager: Permission Denial: getTopApplicationInfo from pid=1361, uid=10447 requires oplus.permission.OPLUS_COMPONENT_SAFE
07-08 17:42:36.218  3414  3414 D NotificationService--OplusNotificationManagerServiceExtImpl: isForwardToAssistants: true, case : Is local notification
