06-19 00:37:19.957  3480  3527 I BpBinder: onLastStrongRef automatically unlinking death recipients: 
06-19 00:37:19.957  3480  3527 I BpBinder: onLastStrongRef automatically unlinking death recipients: 
06-19 00:37:19.957  3480  3527 I BpBinder: onLastStrongRef automatically unlinking death recipients: 
06-19 00:37:19.957  3480  3527 I BpBinder: onLastStrongRef automatically unlinking death recipients: 
06-19 00:37:19.957  3480  3527 I BpBinder: onLastStrongRef automatically unlinking death recipients: 
06-19 00:37:19.957  3480  3527 I BpBinder: onLastStrongRef automatically unlinking death recipients: 
06-19 00:37:19.957  3480  3527 I BpBinder: onLastStrongRef automatically unlinking death recipients: 
06-19 00:37:19.958  3480  3527 I BpBinder: onLastStrongRef automatically unlinking death recipients: 
06-19 00:37:19.958  3480  3527 I BpBinder: onLastStrongRef automatically unlinking death recipients: 
06-19 00:37:19.958  3480  3527 I BpBinder: onLastStrongRef automatically unlinking death recipients: 
06-19 00:37:19.958  3480  3527 I BpBinder: onLastStrongRef automatically unlinking death recipients: 
06-19 00:37:19.958  3480  3527 I BpBinder: onLastStrongRef automatically unlinking death recipients: 
06-19 00:37:19.958  3480  3527 I BpBinder: onLastStrongRef automatically unlinking death recipients: 
06-19 00:37:19.958  3480  3527 I BpBinder: onLastStrongRef automatically unlinking death recipients: 
06-19 00:37:19.958  3480  3527 I BpBinder: onLastStrongRef automatically unlinking death recipients: 
06-19 00:37:19.958  3480  3527 I BpBinder: onLastStrongRef automatically unlinking death recipients: 
06-19 00:37:19.958  3480  3527 I BpBinder: onLastStrongRef automatically unlinking death recipients: 
06-19 00:37:19.958  3480  3527 I BpBinder: onLastStrongRef automatically unlinking death recipients: 
06-19 00:37:19.984  3274  3274 I OplusTouchDaemon: ts_run_service: shellback temperature updated 31 (31300)
06-19 00:37:20.068  1960  6585 D charge_time: type=sdp,reserve_soc=3,soc=60,ui_soc=62,current=159,avg=139,not_chg_cnt=0,stable_cnt=7,fcc=4226,fcc_ratio=82,delta=47,debug=0,region=15,ttf=19587(05:26:27),ui_ttf=14506(04:01:46)
06-19 00:37:20.201 13036 16451 V Capacitor/Plugin: To native (Capacitor plugin): callbackId: 79098191, pluginId: NativeExoPlayback, methodName: getStatus
06-19 00:37:20.201 13036 16451 V Capacitor: callback: 79098191, pluginId: NativeExoPlayback, methodName: getStatus, methodData: {}
06-19 00:37:20.202 13036 13036 I Capacitor/Console: File:  - Line 349 - Msg: [object Object]
06-19 00:37:20.211 13036 13036 I Capacitor/Console: File:  - Line 333 - Msg: {"available":true,"wired":true,"message":"ExoPlayer gapless queue ÔÇö content:// locker bridge + HTTP streams.","state":"idle","positionSecs":0,"durationSecs":0,"queueIndex":0,"queueLength":0,"gaplessEnabled":true,"crossfadeEnabled":false,"bitPerfectActive":false}
06-19 00:37:20.307  3480  6040 I AICCTModule: SensorFilter: brightness threshold 1.2 screenNit is 2.012943 ave enviroment lux is 13.938844 luxForNit 36.44784demarcationPoint200.0 result is false
06-19 00:37:20.307  3480  6040 I AICCTModule: SensorFilter: findSecondNearestValue, sensorValue: 5300.0 nearestMaxValue:5300.0 secondNearestValue: 5300.0
06-19 00:37:20.307  3480  6040 I AICCTModule: SensorFilter: findSecondNearestValue, sensorValue: 14.523217 nearestMaxValue:14.133635 secondNearestValue: 14.133635
06-19 00:37:20.440  1960  1986 D BatteryChargeControl: bcc get no support from charging protocol
06-19 00:37:20.493 13036 16451 V Capacitor/Plugin: To native (Capacitor plugin): callbackId: 79098192, pluginId: NativeExoPlayback, methodName: getStatus
06-19 00:37:20.494 13036 16451 V Capacitor: callback: 79098192, pluginId: NativeExoPlayback, methodName: getStatus, methodData: {}
06-19 00:37:20.494 13036 13036 I Capacitor/Console: File:  - Line 349 - Msg: [object Object]
06-19 00:37:20.503 13036 13036 I Capacitor/Console: File:  - Line 333 - Msg: {"available":true,"wired":true,"message":"ExoPlayer gapless queue ÔÇö content:// locker bridge + HTTP streams.","state":"idle","positionSecs":0,"durationSecs":0,"queueIndex":0,"queueLength":0,"gaplessEnabled":true,"crossfadeEnabled":false,"bitPerfectActive":false}
06-19 00:37:20.531  5717  7539 D CommonApp-242-10445: transport layer data is invalid
06-19 00:37:20.568  1851  9701 I sensors-hal: handle_oplus_wise_rgb_event:160, wise_rgb:(55449)(cct,lux,ir)[5300.00, 17.54, 0.000000](rgbc)[519.29, 421.59, 286.24, 1116.02](pwm,hbm,brl,algo)[0.0 0.0 36.0 2.0],flag 0
06-19 00:37:20.569  3480  4315 I CwbClient: setCWBDisplayType set mFeatureID = CWB_RGB_VALUE
06-19 00:37:20.752  5717  5717 D VendorWifiService: onEvent event:9,action:1
06-19 00:37:20.759  1927  2069 I [UAH_CLIENT]: UahPlatformResAcquire
06-19 00:37:20.759  1927  2069 I [UAH_CLIENT]: UahEventAcquire, cmdid:-3, pkg:2138 9272, identity:qcom-perfd
06-19 00:37:20.762  3480  4584 D ScorerUtils: isLowTraffic: txTputKBps=0, rxTputKBps=1
06-19 00:37:20.762  1927  2059 E ANDR-PERF-RESOURCEQS: ANDR-PERF-RESOURCEQS: AddAndApply() 125: Resource with major=16, minor=0 not supported
06-19 00:37:20.763  3480  4584 D OplusWifiPower_TriggerCenter: mComponentCallback: wifistat
06-19 00:37:20.768  1851  9623 I sensors-hal: handle_oplus_wise_rgb_event:189, high_pwm_light:lux 17.7,cct 5300.0,brl/algo/ir 36.0/2.0/0.0,pwm/dc 0.0/0.0,rgbc 519.291504/436.128082/301.307404/1131.102295,ts 1074562446573738,cnt 55450,flag 0
06-19 00:37:20.768  3480  4315 D FusionLightNextGen: raw_lux -1.0, raw_cct -1.0, r/g/b/c: 519.3/436.1/301.3/1131.1, R/G/B: 28.0/27.0/24.0, bri 36.0, lux: 14.133635, cct: 5300.0, ir: 0.057019, conf: 2, cnt: 0
06-19 00:37:20.773  2138  2762 E HwcComposer: getLuts failed Status(-129, EX_TRANSACTION_FAILED): 'UNKNOWN_TRANSACTION: '
06-19 00:37:20.780  1927 17909 I [UAH_CLIENT]: UahRelease, handle:471381
06-19 00:37:20.841  1871  2342 I SDM     : DisplayBase::CommitThread: Received idle timeout, panel: cmd, timeout: 70000 us
06-19 00:37:21.041 28671 28904 I APS_ALOG: flushRoutine g_immediateFlush=0 g_pendingCount=0 g_oobCount=0
06-19 00:37:21.071  1960  6585 D charge_time: type=sdp,reserve_soc=3,soc=60,ui_soc=62,current=159,avg=146,not_chg_cnt=0,stable_cnt=7,fcc=4226,fcc_ratio=82,delta=48,debug=0,region=15,ttf=18645(05:10:45),ui_ttf=14505(04:01:45)
06-19 00:37:21.204  1851  9736 I sensors-hal: handle_sns_std_sensor_event:104, oplus rgb_rear sample: (cct, lux, ir, x, y)[14030, 0, 150000, 372, 137]
06-19 00:37:21.204  1851  9736 I sensors-hal: handle_sns_std_sensor_event:106, oplus rgb_rear sample: (r, g, b, c w)[2, 1, 2, 2, 3]
06-19 00:37:21.255 13036 13036 I Capacitor/Console: File:  - Line 349 - Msg: [object Object]
06-19 00:37:21.256 13036 16451 V Capacitor/Plugin: To native (Capacitor plugin): callbackId: 79098193, pluginId: NativeExoPlayback, methodName: getStatus
06-19 00:37:21.257 13036 16451 V Capacitor: callback: 79098193, pluginId: NativeExoPlayback, methodName: getStatus, methodData: {}
06-19 00:37:21.266 13036 13036 I Capacitor/Console: File:  - Line 333 - Msg: {"available":true,"wired":true,"message":"ExoPlayer gapless queue ÔÇö content:// locker bridge + HTTP streams.","state":"idle","positionSecs":0,"durationSecs":0,"queueIndex":0,"queueLength":0,"gaplessEnabled":true,"crossfadeEnabled":false,"bitPerfectActive":false}
06-19 00:37:21.441  1960  1986 D BatteryChargeControl: bcc get no support from charging protocol
06-19 00:37:21.510  1927  2069 I [UAH_CLIENT]: UahPlatformResAcquire
06-19 00:37:21.510  1927  2069 I [UAH_CLIENT]: UahEventAcquire, cmdid:-3, pkg:2138 9273, identity:qcom-perfd
06-19 00:37:21.513  1927  2059 E ANDR-PERF-RESOURCEQS: ANDR-PERF-RESOURCEQS: AddAndApply() 125: Resource with major=16, minor=0 not supported
06-19 00:37:21.532  1927 17911 I [UAH_CLIENT]: UahRelease, handle:471382
06-19 00:37:21.555  5717  7539 D CommonApp-242-10445: transport layer data is invalid
06-19 00:37:21.566  1858  7547 I WifiHAL : event received NL80211_CMD_VENDOR, vendor_id = 0x1374, subcmd = 0xd
06-19 00:37:21.567  3084  3084 I cnss-daemon: nl80211 response handler invoked
06-19 00:37:21.567  3084  3084 I cnss-daemon: nl80211_response_handler: cmd 103, vendorID 4980, subcmd 13  received
06-19 00:37:21.569  1851  9701 I sensors-hal: handle_oplus_wise_rgb_event:160, wise_rgb:(55454)(cct,lux,ir)[5300.00, 18.45, 0.000000](rgbc)[519.29, 421.59, 301.31, 1131.10](pwm,hbm,brl,algo)[0.0 0.0 36.0 2.0],flag 0
06-19 00:37:22.019 13036 16451 V Capacitor/Plugin: To native (Capacitor plugin): callbackId: 79098194, pluginId: NativeExoPlayback, methodName: getStatus
06-19 00:37:22.020 13036 16451 V Capacitor: callback: 79098194, pluginId: NativeExoPlayback, methodName: getStatus, methodData: {}
06-19 00:37:22.022 13036 13036 I Capacitor/Console: File:  - Line 349 - Msg: [object Object]
06-19 00:37:22.032 13036 13036 I Capacitor/Console: File:  - Line 333 - Msg: {"available":true,"wired":true,"message":"ExoPlayer gapless queue ÔÇö content:// locker bridge + HTTP streams.","state":"idle","positionSecs":0,"durationSecs":0,"queueIndex":0,"queueLength":0,"gaplessEnabled":true,"crossfadeEnabled":false,"bitPerfectActive":false}
06-19 00:37:22.074  1960  6585 D charge_time: type=sdp,reserve_soc=3,soc=60,ui_soc=62,current=159,avg=152,not_chg_cnt=0,stable_cnt=7,fcc=4226,fcc_ratio=82,delta=49,debug=0,region=15,ttf=17907(04:58:27),ui_ttf=14504(04:01:44)
06-19 00:37:22.254 18897 17799 I AlarmManager: setExactAndAllowWhileIdle [name: GCM_HB_ALARM type: 2 triggerAtMillis: 1076183938]
06-19 00:37:22.267 18897 17398 I AlarmManager: setExactAndAllowWhileIdle [name: FcmRetry type: 2 triggerAtMillis: 1074683950]
06-19 00:37:22.285 15051 17923 I Braze v41.1.1 .BrazeFirebaseMessagingService: Remote message did not originate from Braze. Not consuming remote message: com.google.firebase.messaging.t0@9d83f8d
06-19 00:37:22.287 18897 20824 W OplusExSystemServiceHelper: checkOplusExSystemService intent getComponent is null
06-19 00:37:22.290 15051 15433 D WM-WorkConstraintsTrack: NetworkRequestConstraintController onBlockedStatusChanged callback false
06-19 00:37:22.290 15051 15462 D WM-GreedyScheduler: Constraints met: Scheduling work ID WorkGenerationalId(workSpecId=f53179cb-81e6-4df6-9c0c-a3696d16e813, generation=0)
06-19 00:37:22.292 15051 15478 W Braze v41.1.1 .BrazeConfigurationProvider: ****************************************************
06-19 00:37:22.292 15051 15478 W Braze v41.1.1 .BrazeConfigurationProvider: **                                                **
06-19 00:37:22.292 15051 15478 W Braze v41.1.1 .BrazeConfigurationProvider: **                 !! WARNING !!                  **
06-19 00:37:22.292 15051 15478 W Braze v41.1.1 .BrazeConfigurationProvider: **                                                **
06-19 00:37:22.292 15051 15478 W Braze v41.1.1 .BrazeConfigurationProvider: **     No API key set in res/values/braze.xml     **
06-19 00:37:22.292 15051 15478 W Braze v41.1.1 .BrazeConfigurationProvider: ** No cached API Key found from Braze.configure   **
06-19 00:37:22.293 15051 15478 W Braze v41.1.1 .BrazeConfigurationProvider: **          Braze functionality disabled          **
06-19 00:37:22.293 15051 15478 W Braze v41.1.1 .BrazeConfigurationProvider: **                                                **
06-19 00:37:22.293 15051 15478 W Braze v41.1.1 .BrazeConfigurationProvider: ****************************************************
06-19 00:37:22.293 15051 15478 E Braze v41.1.1 .Braze: Caught exception while retrieving API key.
06-19 00:37:22.293 15051 15478 E Braze v41.1.1 .Braze: java.lang.RuntimeException: Unable to read the Braze API key from the res/values/braze.xml file or from runtime configuration via BrazeConfig. See log for more details.
06-19 00:37:22.293 15051 15478 E Braze v41.1.1 .Braze: 	at com.braze.configuration.BrazeConfigurationProvider.getBrazeApiKey(Unknown Source:210)
06-19 00:37:22.293 15051 15478 E Braze v41.1.1 .Braze: 	at com.braze.Braze$Companion.getConfiguredApiKey(Unknown Source:5)
06-19 00:37:22.293 15051 15478 E Braze v41.1.1 .Braze: 	at com.braze.Braze._init_$lambda$27(Unknown Source:23)
06-19 00:37:22.293 15051 15478 E Braze v41.1.1 .Braze: 	at com.braze.Braze.K(Unknown Source:0)
06-19 00:37:22.293 15051 15478 E Braze v41.1.1 .Braze: 	at com.braze.i3.invoke(Unknown Source:4)
06-19 00:37:22.293 15051 15478 E Braze v41.1.1 .Braze: 	at com.braze.o.invokeSuspend(Unknown Source:74)
06-19 00:37:22.293 15051 15478 E Braze v41.1.1 .Braze: 	at kotlin.coroutines.jvm.internal.BaseContinuationImpl.resumeWith(Unknown Source:8)
06-19 00:37:22.293 15051 15478 E Braze v41.1.1 .Braze: 	at kotlinx.coroutines.z0.run(Unknown Source:116)
06-19 00:37:22.293 15051 15478 E Braze v41.1.1 .Braze: 	at kotlinx.coroutines.j1.C0(Unknown Source:75)
06-19 00:37:22.293 15051 15478 E Braze v41.1.1 .Braze: 	at kotlinx.coroutines.h.d(Unknown Source:100)
06-19 00:37:22.293 15051 15478 E Braze v41.1.1 .Braze: 	at kotlinx.coroutines.h.e(Unknown Source:2)
06-19 00:37:22.293 15051 15478 E Braze v41.1.1 .Braze: 	at com.braze.p.invokeSuspend(Unknown Source:24)
06-19 00:37:22.293 15051 15478 E Braze v41.1.1 .Braze: 	at kotlin.coroutines.jvm.internal.BaseContinuationImpl.resumeWith(Unknown Source:8)
06-19 00:37:22.293 15051 15478 E Braze v41.1.1 .Braze: 	at kotlinx.coroutines.z0.run(Unknown Source:116)
06-19 00:37:22.293 15051 15478 E Braze v41.1.1 .Braze: 	at java.util.concurrent.ThreadPoolExecutor.runWorker(ThreadPoolExecutor.java:1154)
06-19 00:37:22.293 15051 15478 E Braze v41.1.1 .Braze: 	at java.util.concurrent.ThreadPoolExecutor$Worker.run(ThreadPoolExecutor.java:652)
06-19 00:37:22.293 15051 15478 E Braze v41.1.1 .Braze: 	at java.lang.Thread.run(Thread.java:1564)
06-19 00:37:22.294 15051 15462 D WM-Processor: s: processing WorkGenerationalId(workSpecId=f53179cb-81e6-4df6-9c0c-a3696d16e813, generation=0)
06-19 00:37:22.296 15051 15478 W Braze v41.1.1 .b: DataStoreKey not found for key: com_braze_enable_delayed_initialization
06-19 00:37:22.299 15051 15478 W Braze v41.1.1 .b: DataStoreKey not found for key: com_braze_delayed_initialization_analytics_behavior
06-19 00:37:22.302 15051 15051 D WM-WorkerWrapper: Starting work for com.twitter.analytics.service.core.workmanager.AnalyticsFlushWorker
06-19 00:37:22.302 15051 15478 I Braze v41.1.1 .t0: Setting delayed initialization analytics behavior to: QUEUE
06-19 00:37:22.306 18897 20824 W OplusExSystemServiceHelper: checkOplusExSystemService intent getComponent is null
06-19 00:37:22.312 15051 15478 W Braze v41.1.1 .b: DataStoreKey not found for key: com_braze_logger_initial_log_level
06-19 00:37:22.314 15051 15462 I WM-WorkerWrapper: Worker result SUCCESS for Work [ id=f53179cb-81e6-4df6-9c0c-a3696d16e813, tags={ com.twitter.analytics.service.core.workmanager.AnalyticsFlushWorker } ]
06-19 00:37:22.319 15051 15051 D WM-Processor: s f53179cb-81e6-4df6-9c0c-a3696d16e813 executed; reschedule = false
06-19 00:37:22.319 15051 15051 D WM-GreedyScheduler: Stopping tracking for WorkGenerationalId(workSpecId=f53179cb-81e6-4df6-9c0c-a3696d16e813, generation=0)
06-19 00:37:22.322  1722  9292 E         : DNS_CACHE: hanle request << lookupdns: hostname:api.twitter.com, servername:^, ai_flags:1024, ai_family:0, ai_socktype:1, ai_protocol:0, netid:0, uid:10323
06-19 00:37:22.322 15051 15419 D DNS_CACHE: oplus_oplus_getaddrinfo_proxy lookup from netd: hostname:api.twitter.com, servname:(null) uid: 10323, result_code:408, res = 0x0, found = 0
06-19 00:37:22.323 15051 15444 D WM-GreedyScheduler: Cancelling work ID f53179cb-81e6-4df6-9c0c-a3696d16e813
06-19 00:37:22.323 15051 15444 D WM-WorkConstraintsTrack: NetworkRequestConstraintController unregister shared callback
06-19 00:37:22.327  1722  9292 E         : DNS_CACHE: hanle request << adddns: hostname:api.twitter.com, servername:^, ai_flags:1024, ai_family:0, ai_socktype:1, ai_protocol:0, netid:0, uid:10323
06-19 00:37:22.327 15051 15419 D DNS_CACHE: oplus_send_dns_response send hostname: api.twitter.com, servname: (null) response into netd: 0, *res = 0x74aaf40100
06-19 00:37:22.329  5566  5859 D DnsDomainBlock: onDnsEvent: latencyMs=1, returnCode=0, uid=10323
06-19 00:37:22.348 15051 15478 W Braze v41.1.1 .BrazeConfigurationProvider: ****************************************************
06-19 00:37:22.348 15051 15478 W Braze v41.1.1 .BrazeConfigurationProvider: **                                                **
06-19 00:37:22.349 15051 15478 W Braze v41.1.1 .BrazeConfigurationProvider: **                 !! WARNING !!                  **
06-19 00:37:22.349 15051 15478 W Braze v41.1.1 .BrazeConfigurationProvider: **                                                **
06-19 00:37:22.349 15051 15478 W Braze v41.1.1 .BrazeConfigurationProvider: **     No API key set in res/values/braze.xml     **
06-19 00:37:22.349 15051 15478 W Braze v41.1.1 .BrazeConfigurationProvider: ** No cached API Key found from Braze.configure   **
06-19 00:37:22.349 15051 15478 W Braze v41.1.1 .BrazeConfigurationProvider: **          Braze functionality disabled          **
06-19 00:37:22.349 15051 15478 W Braze v41.1.1 .BrazeConfigurationProvider: **                                                **
06-19 00:37:22.349 15051 15478 W Braze v41.1.1 .BrazeConfigurationProvider: ****************************************************
06-19 00:37:22.350 15051 15478 E Braze v41.1.1 .f: Child job of SerialCoroutineScope got exception: java.lang.RuntimeException: Unable to read the Braze API key from the res/values/braze.xml file or from runtime configuration via BrazeConfig. See log for more details.
06-19 00:37:22.350 15051 15478 E Braze v41.1.1 .f: java.lang.RuntimeException: Unable to read the Braze API key from the res/values/braze.xml file or from runtime configuration via BrazeConfig. See log for more details.
06-19 00:37:22.350 15051 15478 E Braze v41.1.1 .f: 	at com.braze.configuration.BrazeConfigurationProvider.getBrazeApiKey(Unknown Source:210)
06-19 00:37:22.350 15051 15478 E Braze v41.1.1 .f: 	at com.braze.Braze._init_$lambda$27(Unknown Source:150)
06-19 00:37:22.350 15051 15478 E Braze v41.1.1 .f: 	at com.braze.Braze.K(Unknown Source:0)
06-19 00:37:22.350 15051 15478 E Braze v41.1.1 .f: 	at com.braze.i3.invoke(Unknown Source:4)
06-19 00:37:22.350 15051 15478 E Braze v41.1.1 .f: 	at com.braze.o.invokeSuspend(Unknown Source:74)
06-19 00:37:22.350 15051 15478 E Braze v41.1.1 .f: 	at kotlin.coroutines.jvm.internal.BaseContinuationImpl.resumeWith(Unknown Source:8)
06-19 00:37:22.350 15051 15478 E Braze v41.1.1 .f: 	at kotlinx.coroutines.z0.run(Unknown Source:116)
06-19 00:37:22.350 15051 15478 E Braze v41.1.1 .f: 	at kotlinx.coroutines.j1.C0(Unknown Source:75)
06-19 00:37:22.350 15051 15478 E Braze v41.1.1 .f: 	at kotlinx.coroutines.h.d(Unknown Source:100)
06-19 00:37:22.350 15051 15478 E Braze v41.1.1 .f: 	at kotlinx.coroutines.h.e(Unknown Source:2)
06-19 00:37:22.350 15051 15478 E Braze v41.1.1 .f: 	at com.braze.p.invokeSuspend(Unknown Source:24)
06-19 00:37:22.350 15051 15478 E Braze v41.1.1 .f: 	at kotlin.coroutines.jvm.internal.BaseContinuationImpl.resumeWith(Unknown Source:8)
06-19 00:37:22.350 15051 15478 E Braze v41.1.1 .f: 	at kotlinx.coroutines.z0.run(Unknown Source:116)
06-19 00:37:22.350 15051 15478 E Braze v41.1.1 .f: 	at java.util.concurrent.ThreadPoolExecutor.runWorker(ThreadPoolExecutor.java:1154)
06-19 00:37:22.350 15051 15478 E Braze v41.1.1 .f: 	at java.util.concurrent.ThreadPoolExecutor$Worker.run(ThreadPoolExecutor.java:652)
06-19 00:37:22.350 15051 15478 E Braze v41.1.1 .f: 	at java.lang.Thread.run(Thread.java:1564)
06-19 00:37:22.442  1960  1986 D BatteryChargeControl: bcc get no support from charging protocol
06-19 00:37:22.522 18897 17917 I CastDatabase: Saving the database
06-19 00:37:22.528 18897 17917 I SQLiteCastStore: [CastNetworkInfo] saved: 1, skipped: 0, [CastDeviceInfo]: saved 2, skipped 0, [ProbedNetworks]: saved 0, skipped: 0, [ProbedSocketAddress]: saved 2, skipped: 0, [Network-Device pairs]: saved: 2
06-19 00:37:22.567  1851  9701 I sensors-hal: handle_oplus_wise_rgb_event:160, wise_rgb:(55459)(cct,lux,ir)[5300.00, 20.08, 0.000000](rgbc)[519.29, 407.05, 316.37, 1146.18](pwm,hbm,brl,algo)[0.0 0.0 36.0 2.0],flag 0
06-19 00:37:22.567  4908  5083 I SystemUi--Statusbar: PrivacyDotViewController-->scheduleUpdate: 
06-19 00:37:22.574  1927  2069 I [UAH_CLIENT]: UahPlatformResAcquire
06-19 00:37:22.575  1927  2069 I [UAH_CLIENT]: UahEventAcquire, cmdid:-3, pkg:2138 9274, identity:qcom-perfd
06-19 00:37:22.577  1927  2059 E ANDR-PERF-RESOURCEQS: ANDR-PERF-RESOURCEQS: AddAndApply() 125: Resource with major=16, minor=0 not supported
06-19 00:37:22.579  5717  7539 D CommonApp-242-10445: transport layer data is invalid
06-19 00:37:22.584  2138  2762 E HwcComposer: getLuts failed Status(-129, EX_TRANSACTION_FAILED): 'UNKNOWN_TRANSACTION: '
06-19 00:37:22.594  1927 17939 I [UAH_CLIENT]: UahRelease, handle:471383
06-19 00:37:22.664  1871  2342 I SDM     : DisplayBase::CommitThread: Received idle timeout, panel: cmd, timeout: 70000 us
06-19 00:37:22.670  4908  5083 I SystemUi--Statusbar: PrivacyDotViewController-->processNextViewState: 
06-19 00:37:22.671  4908  5083 I SystemUi--Statusbar: PrivacyDotViewController-->resolveState ViewState(viewInitialized=true, systemPrivacyEventIsActive=false, shadeExpanded=false, needShow=true, portraitRect=Rect(0, 0 - 1440, 160), landscapeRect=Rect(160, 0 - 3168, 160), upsideDownRect=Rect(0, 0 - 1440, 160), seascapeRect=Rect(0, 0 - 2990, 160), layoutRtl=false, rotation=0, paddingTop=13, paddingBottom=13, cornerIndex=-1, corner=TopRight, designatedCorner=android.widget.FrameLayout{5c62b44 I.E...... .......D 1363,0-1440,160 #7f0a0ad3 app:id/privacy_dot_top_right_container alpha=0.0 viewInfo = }, contentDescription=Applications are using your microphone., dotMargin=77)
06-19 00:37:22.763  3480  9566 D StorageStatsService: getFreeBytes: 28131569664
06-19 00:37:22.768  1851  9623 I sensors-hal: handle_oplus_wise_rgb_event:189, high_pwm_light:lux 19.7,cct 5300.0,brl/algo/ir 36.0/2.0/0.0,pwm/dc 0.0/0.0,rgbc 534.564758/407.052856/331.438141/1146.183716,ts 1074564446576863,cnt 55460,flag 0
06-19 00:37:22.782 13036 13036 I Capacitor/Console: File:  - Line 349 - Msg: [object Object]
06-19 00:37:22.783 13036 16451 V Capacitor/Plugin: To native (Capacitor plugin): callbackId: 79098195, pluginId: NativeExoPlayback, methodName: getStatus
06-19 00:37:22.783 13036 16451 V Capacitor: callback: 79098195, pluginId: NativeExoPlayback, methodName: getStatus, methodData: {}
06-19 00:37:22.794 13036 13036 I Capacitor/Console: File:  - Line 333 - Msg: {"available":true,"wired":true,"message":"ExoPlayer gapless queue ÔÇö content:// locker bridge + HTTP streams.","state":"idle","positionSecs":0,"durationSecs":0,"queueIndex":0,"queueLength":0,"gaplessEnabled":true,"crossfadeEnabled":false,"bitPerfectActive":false}
06-19 00:37:22.804  1960  1985 D vendor.oplus.hardware.charger-V10-service: ret_value:124, read content:,313,313,3964,3962,-159,60,62,1,1,0,456,5002,62,1,4430,300,500,0,7,9500,7,0,1,0,2,0,0,0,1,5522,95,0,2496,4226,0,0,0,0,0,105
06-19 00:37:22.804  1960  1985 D vendor.oplus.hardware.charger-V10-service: gmtime: 2026-06-19-00-37-22
06-19 00:37:22.804  1960  1985 D vendor.oplus.hardware.charger-V10-service: usb_online:1, ac_online:-2147483648, wireless_online:0
06-19 00:37:22.836  2138  2762 E HwcComposer: getLuts failed Status(-129, EX_TRANSACTION_FAILED): 'UNKNOWN_TRANSACTION: '
06-19 00:37:22.969  3480  4315 I CwbClient: setCWBDisplayType set mFeatureID = CWB_RGB_VALUE
06-19 00:37:22.974  1927  2069 I [UAH_CLIENT]: UahPlatformResAcquire
06-19 00:37:22.974  1927  2069 I [UAH_CLIENT]: UahEventAcquire, cmdid:-3, pkg:2138 9271, identity:qcom-perfd
06-19 00:37:22.978  1927  2059 E ANDR-PERF-RESOURCEQS: ANDR-PERF-RESOURCEQS: AddAndApply() 125: Resource with major=16, minor=0 not supported
06-19 00:37:22.996  1927 17943 I [UAH_CLIENT]: UahRelease, handle:471384
06-19 00:37:23.001 13036 13036 I Capacitor/Console: File:  - Line 349 - Msg: [object Object]
06-19 00:37:23.001 13036 16451 V Capacitor/Plugin: To native (Capacitor plugin): callbackId: 79098196, pluginId: NativeExoPlayback, methodName: getStatus
06-19 00:37:23.002 13036 16451 V Capacitor: callback: 79098196, pluginId: NativeExoPlayback, methodName: getStatus, methodData: {}
06-19 00:37:23.011 13036 13036 I Capacitor/Console: File:  - Line 333 - Msg: {"available":true,"wired":true,"message":"ExoPlayer gapless queue ÔÇö content:// locker bridge + HTTP streams.","state":"idle","positionSecs":0,"durationSecs":0,"queueIndex":0,"queueLength":0,"gaplessEnabled":true,"crossfadeEnabled":false,"bitPerfectActive":false}
06-19 00:37:23.030  3480  6040 I AICCTModule: SensorFilter: brightness threshold 1.2 screenNit is 2.012943 ave enviroment lux is 14.133634 luxForNit 36.728874demarcationPoint200.0 result is false
06-19 00:37:23.033  3480  6040 I AICCTModule: SensorFilter: findSecondNearestValue, sensorValue: 5300.0 nearestMaxValue:5300.0 secondNearestValue: 5300.0
06-19 00:37:23.033  3480  6040 I AICCTModule: SensorFilter: findSecondNearestValue, sensorValue: 14.133635 nearestMaxValue:14.133635 secondNearestValue: 14.133635
06-19 00:37:23.052  1871  2342 I SDM     : DisplayBase::CommitThread: Received idle timeout, panel: cmd, timeout: 69999 us
06-19 00:37:23.076  1960  6585 D charge_time: write 14503s(04:01:43) to ttf, rc=7
06-19 00:37:23.076  1960  6585 D charge_time: type=sdp,reserve_soc=3,soc=60,ui_soc=62,current=159,avg=159,not_chg_cnt=0,stable_cnt=7,fcc=4226,fcc_ratio=82,delta=50,debug=0,region=15,ttf=17115(04:45:15),ui_ttf=14503(04:01:43)
06-19 00:37:23.087  2138  2762 E HwcComposer: getLuts failed Status(-129, EX_TRANSACTION_FAILED): 'UNKNOWN_TRANSACTION: '
06-19 00:37:23.168  3480  4315 D FusionLightNextGen: raw_lux -1.0, raw_cct -1.0, r/g/b/c: 519.3/392.5/316.4/1131.1, R/G/B: 28.0/27.0/24.0, bri 36.0, lux: 14.133635, cct: 5300.0, ir: 0.043975, conf: 2, cnt: 0
06-19 00:37:23.297 13036 13036 I Capacitor/Console: File:  - Line 349 - Msg: [object Object]
06-19 00:37:23.298 13036 16451 V Capacitor/Plugin: To native (Capacitor plugin): callbackId: 79098197, pluginId: NativeExoPlayback, methodName: getStatus
06-19 00:37:23.299 13036 16451 V Capacitor: callback: 79098197, pluginId: NativeExoPlayback, methodName: getStatus, methodData: {}
06-19 00:37:23.308 13036 16451 V Capacitor/Plugin: To native (Capacitor plugin): callbackId: 79098198, pluginId: NativeExoPlayback, methodName: getStatus
06-19 00:37:23.309 13036 13036 I Capacitor/Console: File:  - Line 333 - Msg: {"available":true,"wired":true,"message":"ExoPlayer gapless queue ÔÇö content:// locker bridge + HTTP streams.","state":"idle","positionSecs":0,"durationSecs":0,"queueIndex":0,"queueLength":0,"gaplessEnabled":true,"crossfadeEnabled":false,"bitPerfectActive":false}
06-19 00:37:23.309 13036 16451 V Capacitor: callback: 79098198, pluginId: NativeExoPlayback, methodName: getStatus, methodData: {}
06-19 00:37:23.309 13036 13036 I Capacitor/Console: File:  - Line 349 - Msg: [object Object]
06-19 00:37:23.313 13036 13036 I Capacitor/Console: File:  - Line 333 - Msg: {"available":true,"wired":true,"message":"ExoPlayer gapless queue ÔÇö content:// locker bridge + HTTP streams.","state":"idle","positionSecs":0,"durationSecs":0,"queueIndex":0,"queueLength":0,"gaplessEnabled":true,"crossfadeEnabled":false,"bitPerfectActive":false}
06-19 00:37:23.323  1927  2069 I [UAH_CLIENT]: UahPlatformResAcquire
06-19 00:37:23.324  1927  2069 I [UAH_CLIENT]: UahEventAcquire, cmdid:-3, pkg:2138 9272, identity:qcom-perfd
06-19 00:37:23.326  1927  2059 E ANDR-PERF-RESOURCEQS: ANDR-PERF-RESOURCEQS: AddAndApply() 125: Resource with major=16, minor=0 not supported
06-19 00:37:23.344  1927 17945 I [UAH_CLIENT]: UahRelease, handle:471385
06-19 00:37:23.443  1960  1986 D BatteryChargeControl: bcc get no support from charging protocol
06-19 00:37:23.568  1851  9701 I sensors-hal: handle_oplus_wise_rgb_event:160, wise_rgb:(55464)(cct,lux,ir)[5300.00, 20.27, 0.000000](rgbc)[519.29, 392.52, 331.44, 1131.10](pwm,hbm,brl,algo)[0.0 0.0 36.0 2.0],flag 0
06-19 00:37:23.570  1858  7547 I WifiHAL : event received NL80211_CMD_VENDOR, vendor_id = 0x1374, subcmd = 0xd
06-19 00:37:23.570  3084  3084 I cnss-daemon: nl80211 response handler invoked
06-19 00:37:23.570  3084  3084 I cnss-daemon: nl80211_response_handler: cmd 103, vendorID 4980, subcmd 13  received
06-19 00:37:23.603  5717  7539 D CommonApp-242-10445: transport layer data is invalid
06-19 00:37:23.781 10374 18035 D gaia-GaiaConnectChecker: start connect check++
06-19 00:37:23.780  4908  5029 D WifiPickerTracker: handleNetworkCapabilitiesChanged network:242
06-19 00:37:23.785  3480  4584 D ScorerUtils: isLowTraffic: txTputKBps=0, rxTputKBps=2
06-19 00:37:23.786  3480  4584 D OplusWifiPower_TriggerCenter: mComponentCallback: wifistat
06-19 00:37:23.789  3480  4584 D MultiNetworkStatsMonitor: wifi network 242 nc changed, primary=true, iface=wlan0
06-19 00:37:23.789  5717  5717 D SubsysEventListenerManager: onCapabilitiesChanged network:242
06-19 00:37:23.789  5717  5717 D DataStateTracker: getCurDataChannel, channel:1
06-19 00:37:23.789  4908  5029 I WifiPickerTracker: wifi connected status realConnectedWifiEntry not null: true
06-19 00:37:23.789  3480  4584 D OplusInterfaceMonitor: interface:wlan0 primary:true
06-19 00:37:23.789  4908  5001 D WifiStatusTracker: mNetworkCallback onCapabilitiesChanged network:242 mPrimaryNetworkId:242
06-19 00:37:23.789  5717  5717 D SubsysEventListenerManager: onCapabilitiesChanged def network:242
06-19 00:37:23.789  3480  4584 D FastSwitchPolicyHandler: Network Capabiliteis changed 242
06-19 00:37:23.789  5717  5717 D VendorWifiService: onEvent event:9,action:1
06-19 00:37:23.790  3480  4621 D OplusSlaNetworkManager: isPrimaryWifi:true network:242
06-19 00:37:23.793  5537  6179 D cneJni  : sendWifiStatus start
06-19 00:37:23.794 10560 11596 I SettingImpl: export quick device toggle value is 0
06-19 00:37:23.794 10560 11596 D WifiImpl: WiFi-STA Connected to AP
06-19 00:37:23.795 10560 11596 D WifiImpl: WiFi Band: 5GHz (5785 MHz)
06-19 00:37:23.797  5537  6179 D QCNEJ/NativeAidlConnector: -> SND notifyDefaultNetworkChanged(1)
06-19 00:37:23.797  5537  6179 D cneJni  : sendDefaultNwMsg start
06-19 00:37:23.800  4908  5001 D WifiStatusTracker: mNetworkCallback onCapabilitiesChanged network:242 mPrimaryNetworkId:242
06-19 00:37:23.800 10560 11596 D adapter::platform::an..: adapter/src/platform/android/wifi.rs:102: invokeStateCallbackAP entry
06-19 00:37:23.800 10560 11596 D adapter::platform::an..: invoke return [JoinHandle { id: Id(33244) }]
06-19 00:37:23.801 10560 11313 D connection::networkin..: [networking]LinkAdapter state_callback_ap callback closure called with info: WifiInfo { seq: 13271, ssid: "<u**********d>", ip: "19********34", ip_prefix_len: Some(24), gateway: "19*******.1", state: true, freq: Some(5785), channel_width: None, phy_standard: None, signal_strength: None, security_type: None, bssid: None, tx_rate: None, rx_rate: None, phy_dev_name: Some("wlan0"), interface_address: Some("96*************26") }
06-19 00:37:23.801 10560 11313 D jni::wrapper::java_vm..: Attached thread tokio-rt-worker (ThreadId(5)). 1 threads attached
06-19 00:37:23.802 10560 11313 I PTC.DISC.FusionProvider: registerService: serviceId=LinkSwitchMgr
06-19 00:37:23.802 29010 29200 I BugleRcsEngine: handleMessage processing message:[NOTIFY_UPTIME_IGNORE_STATE_CHANGED] with [non-null]:RcsEngineImpl reference [CONTEXT log_prefix="RcsEngineImpl[DUAL_REG]:[3cc5ce84-d714]>Handler" thread_id=185950 ]
06-19 00:37:23.803 10560 11313 I SettingImpl: export quick device toggle value is 0
06-19 00:37:23.803 10560  6431 I PTC.DISC.WifiConnectivityObserver: Receive NetworkCapabilitiesChanged.
06-19 00:37:23.803 29010 29152 I BugleRcsEngine: Connected state: [1], networkType: [WIFI] [CONTEXT thread_id=185945 ]
06-19 00:37:23.803 29010 29200 I BugleRcsEngine: Cannot use CS.apk as it's battery optimized [CONTEXT thread_id=185950 ]
06-19 00:37:23.806 29490 29580 I AIUnit-NetworkPublisher: onNetworkChanged [onCapabilitiesChanged, 242]
06-19 00:37:23.807 18897 26045 I NullBinder: NullBinder for android.net.action.RECOMMEND_NETWORKS triggering remote TransactionTooLargeException due to Service without Chimera impl, calling uid: 1000, calling pid: 0
06-19 00:37:23.807 18897 26045 W .gms.persistent: Large reply transaction of 2113536 bytes, interface descriptor , code 1
06-19 00:37:23.808  4908  5001 I SystemUi--Statusbar: NetworkController.WifiSignalController-->handleStatusUpdated state=3 enabled=true connected=true isDefaultNetwork=true rssi=-31 level=4 statusLabel=null isDirty=false
06-19 00:37:23.808  4908  5001 I SystemUi--Statusbar: NetworkController.WifiSignalController-->handleStatusUpdated state=3 enabled=true connected=true isDefaultNetwork=true rssi=-31 level=4 statusLabel=null isDirty=false
06-19 00:37:23.808  4908  5001 I SystemUi--Statusbar: NetworkController.WifiSignalController-->handleStatusUpdated state=3 enabled=true connected=true isDefaultNetwork=true rssi=-31 level=4 statusLabel=null isDirty=false
06-19 00:37:23.809 10560 11313 D cpkit::jni_sdp::jni: jni_sdp: [SDP]  discoveryService
06-19 00:37:23.809 10560 11313 D cpkit::jni_sdp::jni_f..: jni_fusion_discovery: [SDP] discoveryService options:DiscoverOptions { discover_type: LAN, duration: 0, interval: 0, screen_off_discoverable: false, accept_sticky_result: true, sticky_ttl: 0, wakeup: None }
06-19 00:37:23.809 10560 11313 I cpkit::jni_sdp::jni: jni_sdp: [SDP] discover param parse:,service_id:"LinkSwitchMgr",options:DiscoverOptions { discover_type: LAN, duration: 0, interval: 0, screen_off_discoverable: false, accept_sticky_result: true, sticky_ttl: 0, wakeup: None },state:CommonDeviceState { screen_state: ScreenOn, quick_device_switch_open: true, is_system_user: true }
06-19 00:37:23.809 10560 11313 D cpkit::jni_sdp::jni: jni_sdp:  discover cmd sent done
06-19 00:37:23.809 18897 26045 I NullBinder: NullBinder for android.net.action.RECOMMEND_NETWORKS triggering remote TransactionTooLargeException due to Service without Chimera impl, calling uid: 1000, calling pid: 0
06-19 00:37:23.809 18897 26045 W .gms.persistent: Large reply transaction of 2113536 bytes, interface descriptor , code 1
06-19 00:37:23.810 10560 11313 W PTC.DEVICEMGR.DeviceInfoCollectUtil: Bluetooth not enable!
06-19 00:37:23.811 18897 26045 I NullBinder: NullBinder for android.net.action.RECOMMEND_NETWORKS triggering remote TransactionTooLargeException due to Service without Chimera impl, calling uid: 1000, calling pid: 0
06-19 00:37:23.811 18897 26045 W .gms.persistent: Large reply transaction of 2113536 bytes, interface descriptor , code 1
06-19 00:37:23.813 18897 26045 I NullBinder: NullBinder for android.net.action.RECOMMEND_NETWORKS triggering remote TransactionTooLargeException due to Service without Chimera impl, calling uid: 1000, calling pid: 0
06-19 00:37:23.813 18897 26045 W .gms.persistent: Large reply transaction of 2113536 bytes, interface descriptor , code 1
06-19 00:37:23.813  3480  4456 D ConnectivityService: NetReassign [no changes] [c 0] [a 1] [i 1]
06-19 00:37:23.815  3480  4456 D ConnectivityService: NetReassign [no changes] [c 0] [a 1] [i 1]
06-19 00:37:23.816 10560 11313 D AudioManager: isBluetoothScoOn()=false, calling application:com.heytap.accessory
06-19 00:37:23.816 10560 11313 V AudioManagerExtImpl: isBluetoothA2dpOnCacheAPP result = false, uid = 10110
06-19 00:37:23.817 10560 11313 D jni::wrapper::java_vm..: Detached thread tokio-rt-worker (ThreadId(5)). 0 threads remain attached
06-19 00:37:23.817 10560 11313 D connection::networkin..: [networking]LinkAdapter enableLinkSwitchMgrDiscovery success: 0
06-19 00:37:23.817 10560 15844 W PTC.DISC.NetRegisterCentral: registerLanInfo failed. msg=Account not logged in desc=wlanAvailable(repeat=0)
06-19 00:37:23.818 18897  4626 I NearbyMediums: Wifi changed new SSID: "REH 5G"
06-19 00:37:23.818 18897  4626 I NearbyMediums: WifiLanConnectivityInfo is not changed, skip notify.
06-19 00:37:23.820 10560 11313 I connection::networkin..: Interface 1: SafeInterfaceInfo { index: 48, name: "rmnet_data5", friendly_name: None, description: None, if_type: "Unknown", mac_addr: None, ipv4: [], ipv6: ["fe***********************64", "24*************************************64"], flags: 65, transmit_speed: None, receive_speed: None, gateway: None, dns_servers: [], default: false }
06-19 00:37:23.820 10560 11313 I connection::networkin..: Interface 2: SafeInterfaceInfo { index: 32, name: "vgate0", friendly_name: None, description: None, if_type: "Unknown", mac_addr: None, ipv4: ["17************32"], ipv6: ["fe************************64"], flags: 4294964181, transmit_speed: None, receive_speed: None, gateway: Some("Ne********************************************************************************** }"), dns_servers: [], default: false }
06-19 00:37:23.820 10560 11313 I connection::networkin..: Interface 3: SafeInterfaceInfo { index: 31, name: "rmnet_data4", friendly_name: None, description: None, if_type: "Unknown", mac_addr: None, ipv4: [], ipv6: ["fe************************64", "24**************************************64"], flags: 65, transmit_speed: None, receive_speed: None, gateway: None, dns_servers: [], default: false }
06-19 00:37:23.820 10560 11313 I connection::networkin..: Interface 4: SafeInterfaceInfo { index: 27, name: "wlan0", friendly_name: None, description: None, if_type: "Unknown", mac_addr: None, ipv4: ["19***********24"], ipv6: ["fe************************64"], flags: 4163, transmit_speed: None, receive_speed: None, gateway: None, dns_servers: [], default: true }
06-19 00:37:23.820 10560 11313 I connection::networkin..: Interface 5: SafeInterfaceInfo { index: 23, name: "r_rmnet_data0", friendly_name: None, description: None, if_type: "Unknown", mac_addr: None, ipv4: [], ipv6: ["fe************************64"], flags: 65, transmit_speed: None, receive_speed: None, gateway: None, dns_servers: [], default: false }
06-19 00:37:23.820 10560 11313 I connection::networkin..: Interface 6: SafeInterfaceInfo { index: 21, name: "rmnet_data0", friendly_name: None, description: None, if_type: "Unknown", mac_addr: None, ipv4: [], ipv6: ["fe************************64"], flags: 65, transmit_speed: None, receive_speed: None, gateway: None, dns_servers: [], default: false }
06-19 00:37:23.820 10560 11313 I connection::networkin..: Interface 7: SafeInterfaceInfo { index: 19, name: "ifb2", friendly_name: None, description: None, if_type: "Unknown", mac_addr: None, ipv4: [], ipv6: ["fe************************64"], flags: 195, transmit_speed: None, receive_speed: None, gateway: None, dns_servers: [], default: false }
06-19 00:37:23.820 10560 11313 I connection::networkin..: Interface 8: SafeInterfaceInfo { index: 4, name: "ifb1", friendly_name: None, description: None, if_type: "Unknown", mac_addr: None, ipv4: [], ipv6: ["fe***********************64"], flags: 195, transmit_speed: None, receive_speed: None, gateway: None, dns_servers: [], default: false }
06-19 00:37:23.820 10560 11313 I connection::networkin..: Interface 9: SafeInterfaceInfo { index: 3, name: "ifb0", friendly_name: None, description: None, if_type: "Unknown", mac_addr: None, ipv4: [], ipv6: ["fe***********************64"], flags: 195, transmit_speed: None, receive_speed: None, gateway: None, dns_servers: [], default: false }
06-19 00:37:23.820 10560 11313 I connection::networkin..: Interface 10: SafeInterfaceInfo { index: 2, name: "dummy0", friendly_name: None, description: None, if_type: "Unknown", mac_addr: None, ipv4: [], ipv6: ["fe************************64"], flags: 195, transmit_speed: None, receive_speed: None, gateway: None, dns_servers: [], default: false }
06-19 00:37:23.820 10560 11313 I connection::networkin..: Interface 11: SafeInterfaceInfo { index: 1, name: "lo", friendly_name: None, description: None, if_type: "Unknown", mac_addr: None, ipv4: ["12*******/8"], ipv6: ["::***28"], flags: 73, transmit_speed: None, receive_speed: None, gateway: None, dns_servers: [], default: false }
06-19 00:37:23.820 10560 11313 D connection::networkin..: [networking]LinkAdapter update sta iface info to iface wlan0, ip 19********34
06-19 00:37:23.820 10560 11313 D connection::networkin..: [networking]LinkSwitchMgr state_operation_mutex lock handle_link_status_event
06-19 00:37:23.820 10560 11313 D connection::networkin..: [networking]LinkSwitchMgr Link status event status: LinkStatus { link_state: Connected, link_type: WlanSta, link_freq: Some(5785), link_phy_type: WiFi5G, link_phy_dev_name: "wlan0", link_bw: None, qos_capability: None, qos_score: None, local_mac_addr: Some("96*************26"), local_link_ip: Some("192.**.1.**"), local_link_ip_prefix_len: Some(24), local_gateway: Some("192.**.1.**"), peer_devices: {} }
06-19 00:37:23.820 10560 11313 D connection::networkin..: connection::networking::link_switch::link_detection:155:[link_detection_listener_start] Link detection listener with same instance_id WLAN_STA and ip 19********34 already running, returning OK
06-19 00:37:23.820 10560 11313 D connection::networkin..: connection::networking::link_switch::link_detection:266:[link_detection_sender_start] Link detection sender with same instance_id WLAN_STA and ip 19*******.1 already running, returning OK
06-19 00:37:23.820 10560 11313 D connection::networkin..: [networking]LinkSwitchMgr Updated existing link WlanSta with peer_devices={}
06-19 00:37:23.820 10560 11313 I connection::networkin..: [networking]QoeEngine Set default QoE for WlanSta(WiFi5G): score=72.0
06-19 00:37:23.820 10560 11313 D connection::networkin..: [networking]LinkSwitchMgr Link status event device info no change, skipping publish
06-19 00:37:23.820 10560 11313 D connection::networkin..: [networking]LinkSwitchMgr handle_link_status_event done
06-19 00:37:23.820 10560 11313 D connection::networkin..: [networking]LinkSwitchMgr state_operation_mutex unlock handle_link_status_event
06-19 00:37:23.820 10560 11313 D connection::networkin..: [networking]LinkSwitchEventHub Hub delivered event LinkStatusUpdateEvent(LinkStatus { link_state: Connected, link_type: WlanSta, link_freq: Some(5785), link_phy_type: WiFi5G, link_phy_dev_name: "wlan0", link_bw: None, qos_capability: None, qos_score: None, local_mac_addr: Some("96*************26"), local_link_ip: Some("192.**.1.**"), local_link_ip_prefix_len: Some(24), local_gateway: Some("192.**.1.**"), peer_devices: {} }) to module: LinkManager
06-19 00:37:23.820 10560 11313 D connection::networkin..: [networking]LinkSwitchEventHub [start event loop] End of event loop iteration
06-19 00:37:23.820 10560 11313 I connection::networkin..: [networking]LinkMgr  Receive LinkStatusUpdateEvent and callback to jni
06-19 00:37:23.820 10560 11313 D jni::wrapper::java_vm..: Attached thread tokio-rt-worker (ThreadId(5)). 1 threads attached
06-19 00:37:23.820 10560 11313 I PTC.APPCORE.CpkitCallback: onLinkStatusUpdate: linkState:4, linkType:0
06-19 00:37:23.820 10560 11313 D jni::wrapper::java_vm..: Detached thread tokio-rt-worker (ThreadId(5)). 0 threads remain attached
06-19 00:37:23.827  3480  4181 D ConnectivityService: Returning BLOCKED NetworkInfo to uid=10526
06-19 00:37:23.827 29490 29580 D Track.TrackUpload: onCapabilitiesChanged is calling.
06-19 00:37:23.828 21926 22025 I NearbyMediums: Wifi changed new SSID: "REH 5G"
06-19 00:37:23.828 21926 22025 I NearbyMediums: WifiLanConnectivityInfo is not changed, skip notify.
06-19 00:37:23.834  4908  5001 I SystemUi--Statusbar: OplusNetworkSpeedControllExImpl-->updateNetworkSpeed: isConnected:true,isSwitchOn:true,isSuspend:false,isPause:false
06-19 00:37:23.834  4908  5001 I SystemUi--Statusbar: OplusNetworkSpeedControllExImpl-->getTotalByte: totalRxBytes:22928752002,totalTxBytes:2291666445,loopbackTxBytes:369571303,loopbackRxBytes:355638027 ,totalBytes:24495209117
06-19 00:37:23.845  1927  2069 I [UAH_CLIENT]: UahPlatformResAcquire
06-19 00:37:23.845  1927  2069 I [UAH_CLIENT]: UahEventAcquire, cmdid:-3, pkg:2138 9273, identity:qcom-perfd
06-19 00:37:23.845  1927  2059 E ANDR-PERF-RESOURCEQS: ANDR-PERF-RESOURCEQS: AddAndApply() 125: Resource with major=16, minor=0 not supported
06-19 00:37:23.858  2138  2762 E HwcComposer: getLuts failed Status(-129, EX_TRANSACTION_FAILED): 'UNKNOWN_TRANSACTION: '
06-19 00:37:23.863  1927 17957 I [UAH_CLIENT]: UahRelease, handle:471386
06-19 00:37:23.902  6118  6155 W android.vending: Reducing the number of considered missed Gc histogram windows from 478 to 100
06-19 00:37:23.918  1156  1156 E KeymasterUtils: IKMHal_sendCmd failed with rsp_header->status: -28
06-19 00:37:23.918  1156  1156 E KeyMasterHalDevice: abort_operation
06-19 00:37:23.918  1156  1156 E KeyMasterHalDevice: ret: -28
06-19 00:37:23.927  1871  2342 I SDM     : DisplayBase::CommitThread: Received idle timeout, panel: cmd, timeout: 70000 us
06-19 00:37:24.066 13036 16451 V Capacitor/Plugin: To native (Capacitor plugin): callbackId: 79098199, pluginId: NativeExoPlayback, methodName: getStatus
06-19 00:37:24.066 13036 16451 V Capacitor: callback: 79098199, pluginId: NativeExoPlayback, methodName: getStatus, methodData: {}
06-19 00:37:24.067 13036 13036 I Capacitor/Console: File:  - Line 349 - Msg: [object Object]
06-19 00:37:24.077 13036 13036 I Capacitor/Console: File:  - Line 333 - Msg: {"available":true,"wired":true,"message":"ExoPlayer gapless queue ÔÇö content:// locker bridge + HTTP streams.","state":"idle","positionSecs":0,"durationSecs":0,"queueIndex":0,"queueLength":0,"gaplessEnabled":true,"crossfadeEnabled":false,"bitPerfectActive":false}
06-19 00:37:24.078  1960  6585 D charge_time: type=sdp,reserve_soc=3,soc=60,ui_soc=62,current=140,avg=155,not_chg_cnt=0,stable_cnt=7,fcc=4226,fcc_ratio=82,delta=51,debug=0,region=15,ttf=17557(04:52:37),ui_ttf=14502(04:01:42)
06-19 00:37:24.228  1851  9736 I sensors-hal: handle_sns_std_sensor_event:104, oplus rgb_rear sample: (cct, lux, ir, x, y)[123511, 0, 150000, 402, 168]
06-19 00:37:24.229  1851  9736 I sensors-hal: handle_sns_std_sensor_event:106, oplus rgb_rear sample: (r, g, b, c w)[3, 2, 4, 2, 3]
06-19 00:37:24.301 18897  4626 I NearbySharing: Network state changed: NetworkState(isRestricted=false, isOnline=true, isCongested=false, isMetered=false, isWifiConnected=true)
06-19 00:37:24.358  5507  5507 D OplusTelephonyController: onSignalStrengthChanged: SignalStrength=SignalStrength:{mCdma=CellSignalStrengthCdma: cdmaDbm=2147483647 cdmaEcio=2147483647 evdoDbm=2147483647 evdoEcio=2147483647 evdoSnr=2147483647 level=0,mGsm=CellSignalStrengthGsm: rssi=2147483647 ber=2147483647 mTa=2147483647 mLevel=0,mWcdma=CellSignalStrengthWcdma: ss=2147483647 ber=2147483647 rscp=2147483647 ecno=2147483647 level=0,mTdscdma=CellSignalStrengthTdscdma: rssi=2147483647 ber=2147483647 rscp=2147483647 level=0,mLte=CellSignalStrengthLte: rssi=-51 rsrp=-78 rsrq=-15 rssnr=13 cqiTableIndex=2147483647 cqi=2147483647 ta=2147483647 level=4 parametersUseForLevel=0,mNr=CellSignalStrengthNr:{ csiRsrp = 2147483647 csiRsrq = 2147483647 csiCqiTableIndex = 2147483647 csiCqiReport = [] ssRsrp = 2147483647 ssRsrq = 2147483647 ssSinr = 2147483647 level = 0 parametersUseForLevel = 0 timingAdvance = 2147483647 },primary=CellSignalStrengthLte}
06-19 00:37:24.362  4908  4908 D Tile.OplusCellularTile: refreshState: tile not listening, ignore
06-19 00:37:24.363  4908  5027 I SystemUi--Statusbar: MobileConnectionRepositoryImpl-->subId:1 isSoftSimCard:false slotId:0
06-19 00:37:24.365  5717  5717 D SubsysEventListenerManager-SubsysTelephonyCallback[0]: onSignalStrengthsChanged
06-19 00:37:24.368  4908  5027 I SystemUi--Statusbar: MobileConnectionRepositoryImpl-->subId:2 isSoftSimCard:false slotId:1
06-19 00:37:24.370  5717  5717 D SubsysEventListenerManager-SubsysTelephonyCallback[1]: onSignalStrengthsChanged
06-19 00:37:24.445  1960  1986 D BatteryChargeControl: bcc get no support from charging protocol
06-19 00:37:24.553  3480  4187 D osense.compress: com.google.android.gms do shrink, target ratio = 45, final ratio = 90, cur ratio = 0
06-19 00:37:24.568  1851  9701 I sensors-hal: handle_oplus_wise_rgb_event:160, wise_rgb:(55469)(cct,lux,ir)[5300.00, 20.28, 0.000000](rgbc)[519.29, 377.98, 331.44, 1116.02](pwm,hbm,brl,algo)[0.0 0.0 36.0 2.0],flag 0
06-19 00:37:24.596  1927  2069 I [UAH_CLIENT]: UahPlatformResAcquire
06-19 00:37:24.596  1927  2069 I [UAH_CLIENT]: UahEventAcquire, cmdid:-3, pkg:2138 9274, identity:qcom-perfd
06-19 00:37:24.599  1927  2059 E ANDR-PERF-RESOURCEQS: ANDR-PERF-RESOURCEQS: AddAndApply() 125: Resource with major=16, minor=0 not supported
06-19 00:37:24.616  1927 17964 I [UAH_CLIENT]: UahRelease, handle:471387
06-19 00:37:24.625  5717  7539 D CommonApp-242-10445: transport layer data is invalid
06-19 00:37:24.725  1722  9292 E         : DNS_CACHE: hanle request << lookupdns: hostname:test-gateway.instagram.com, servername:443, ai_flags:1024, ai_family:0, ai_socktype:2, ai_protocol:0, netid:0, uid:10526
06-19 00:37:24.726  5320  6989 D DNS_CACHE: oplus_oplus_getaddrinfo_proxy lookup from netd: hostname:test-gateway.instagram.com, servname:443 uid: 10526, result_code:408, res = 0x0, found = 0
06-19 00:37:24.731  5320  6986 E msys    : E[N mns:DGWClient]_LogError(289)=>Failed to resolve using system DNS resolver, getaddrinfo(): No address associated with hostname
06-19 00:37:24.733  1722  9292 E         : DNS_CACHE: hanle request << lookupdns: hostname:test-gateway.instagram.com, servername:443, ai_flags:1024, ai_family:0, ai_socktype:1, ai_protocol:0, netid:0, uid:10526
06-19 00:37:24.735  5320  6990 D DNS_CACHE: oplus_oplus_getaddrinfo_proxy lookup from netd: hostname:test-gateway.instagram.com, servname:443 uid: 10526, result_code:408, res = 0x0, found = 0
06-19 00:37:24.732  5566  5859 D DnsDomainBlock: onDnsEvent: latencyMs=0, returnCode=4, uid=10526
06-19 00:37:24.736  5320  6986 E msys    : E[N mns:DGWClient]_LogError(289)=>Failed to resolve using system DNS resolver, getaddrinfo(): No address associated with hostname
