06-17 14:38:32.208  3480  6040 I AICCTModule: SensorFilter: brightness threshold 1.2 screenNit is 2.012943 ave enviroment lux is 18.938478 luxForNit 43.66335demarcationPoint200.0 result is false
06-17 14:38:32.209  3480  6040 I AICCTModule: SensorFilter: findSecondNearestValue, sensorValue: 5300.0 nearestMaxValue:5300.0 secondNearestValue: 5300.0
06-17 14:38:32.209  3480  6040 I AICCTModule: SensorFilter: findSecondNearestValue, sensorValue: 18.808617 nearestMaxValue:18.613827 secondNearestValue: 18.613827
06-17 14:38:32.213  9623  9623 I Capacitor/Console: File:  - Line 333 - Msg: {"available":true,"wired":true,"message":"ExoPlayer gapless queue  content:// locker bridge + HTTP streams.","state":"idle","positionSecs":0,"durationSecs":0,"queueIndex":0,"queueLength":0,"gaplessEnabled":true,"crossfadeEnabled":false,"bitPerfectActive":false}
06-17 14:38:32.377  1851 14865 I sensors-hal: handle_sns_client_event:316, accel_sample: 0: ts=952234047861496 ns; value = [-0.233734, 0.411503, 9.847351], status=3
06-17 14:38:32.449  5717  5717 D VendorWifiService: onEvent event:9,action:1
06-17 14:38:32.461  3480  4584 D ScorerUtils: isLowTraffic: txTputKBps=0, rxTputKBps=1
06-17 14:38:32.461  3480  4584 D OplusWifiPower_TriggerCenter: mComponentCallback: wifistat
06-17 14:38:32.602  9623 12253 V Capacitor/Plugin: To native (Capacitor plugin): callbackId: 76175991, pluginId: NativeExoPlayback, methodName: getStatus
06-17 14:38:32.602  9623 12253 V Capacitor: callback: 76175991, pluginId: NativeExoPlayback, methodName: getStatus, methodData: {}
06-17 14:38:32.603  9623  9623 I Capacitor/Console: File:  - Line 349 - Msg: [object Object]
06-17 14:38:32.612  9623  9623 I Capacitor/Console: File:  - Line 333 - Msg: {"available":true,"wired":true,"message":"ExoPlayer gapless queue  content:// locker bridge + HTTP streams.","state":"idle","positionSecs":0,"durationSecs":0,"queueIndex":0,"queueLength":0,"gaplessEnabled":true,"crossfadeEnabled":false,"bitPerfectActive":false}
06-17 14:38:32.637  5717  7539 D CommonApp-227-10445: transport layer data is invalid
06-17 14:38:32.686 12561 12564 W ocessService0:0: userfaultfd: MOVE ioctl seems unsupported: Connection timed out
06-17 14:38:32.702  1851 17756 I sensors-hal: handle_oplus_wise_rgb_event:189, high_pwm_light:lux 21.2,cct 5300.0,brl/algo/ir 36.0/2.0/0.0,pwm/dc 0.0/0.0,rgbc 748.390686/566.966492/346.503510/1493.055054,ts 952234380593944,cnt 1394,flag 0
06-17 14:38:32.735  1960  1986 D BatteryChargeControl: bcc get no support from charging protocol
06-17 14:38:32.778  1960  6585 D charge_time: type=sdp,reserve_soc=3,soc=79,ui_soc=82,current=-79,avg=153,not_chg_cnt=4,stable_cnt=7,fcc=4226,fcc_ratio=82,delta=0,debug=0,region=12,ttf=8100(02:15:00),ui_ttf=6984(01:56:24)
06-17 14:38:33.001  9623  9623 I Capacitor/Console: File:  - Line 349 - Msg: [object Object]
06-17 14:38:33.002  9623 12253 V Capacitor/Plugin: To native (Capacitor plugin): callbackId: 76175992, pluginId: NativeExoPlayback, methodName: getStatus
06-17 14:38:33.002  9623 12253 V Capacitor: callback: 76175992, pluginId: NativeExoPlayback, methodName: getStatus, methodData: {}
06-17 14:38:33.011  9623  9623 I Capacitor/Console: File:  - Line 333 - Msg: {"available":true,"wired":true,"message":"ExoPlayer gapless queue  content:// locker bridge + HTTP streams.","state":"idle","positionSecs":0,"durationSecs":0,"queueIndex":0,"queueLength":0,"gaplessEnabled":true,"crossfadeEnabled":false,"bitPerfectActive":false}
06-17 14:38:33.021  3480  4614 D OplusNetKit: in getLpByInterface name from LP: [rmnet_data5]
06-17 14:38:33.021  3480  4614 D OplusNetKit: in getLpByInterface name from LP: [wlan0]
06-17 14:38:33.045 27029 27071 I metis_v2_OsenseCallBack: memLevel: 0
06-17 14:38:33.062  5717  6032 D CpuUsageCalculator: Handler received message: 1001
06-17 14:38:33.062  5717  6032 D CpuUsageCalculator: handleMeasurePower started, mIsRunning=true
06-17 14:38:33.064  3480  4614 D OplusNetRttKit: getIcmpEchoRtt addr:192.168.1.*** avgRtt: 10
06-17 14:38:33.102  1851 17883 I sensors-hal: handle_oplus_wise_rgb_event:160, wise_rgb:(1396)(cct,lux,ir)[5300.00, 21.37, 0.000000](rgbc)[748.39, 566.97, 361.57, 1493.06](pwm,hbm,brl,algo)[0.0 0.0 36.0 2.0],flag 0
06-17 14:38:33.117  5717  6032 E CpuUsageCalculator: File not found: /proc/task_cpustats
06-17 14:38:33.118  5717  6032 D CpuUsageCalculator: No significant CPU usage changes detected
06-17 14:38:33.118  5717  6032 D CpuUsageCalculator: Scheduling next measurement in 120 seconds
06-17 14:38:33.119  5717  5717 D CpuUsageCalculator: Processing power delta report:SystemLoadResult {   cpuStats=CpuTimeStats{user=6260, nice=831, system=10270, idle=75128, iowait=145, irq=2585, softirq=303, total=95522},   processSummaries=[     (empty)   ],   topThreads=[     (empty)   ],   timestamp=1781681913118 }
06-17 14:38:33.119  5717  5717 D CpuUsageCalculator:   - Time period: 120 seconds
06-17 14:38:33.403  9623 12253 V Capacitor/Plugin: To native (Capacitor plugin): callbackId: 76175993, pluginId: NativeExoPlayback, methodName: getStatus
06-17 14:38:33.404  9623 12253 V Capacitor: callback: 76175993, pluginId: NativeExoPlayback, methodName: getStatus, methodData: {}
06-17 14:38:33.404  9623  9623 I Capacitor/Console: File:  - Line 349 - Msg: [object Object]
06-17 14:38:33.412  9623  9623 I Capacitor/Console: File:  - Line 333 - Msg: {"available":true,"wired":true,"message":"ExoPlayer gapless queue  content:// locker bridge + HTTP streams.","state":"idle","positionSecs":0,"durationSecs":0,"queueIndex":0,"queueLength":0,"gaplessEnabled":true,"crossfadeEnabled":false,"bitPerfectActive":false}
06-17 14:38:33.503  3480  4315 I CwbClient: setCWBDisplayType set mFeatureID = CWB_RGB_VALUE
06-17 14:38:33.661  5717  7539 D CommonApp-227-10445: transport layer data is invalid
06-17 14:38:33.667  5507  5507 D OplusTelephonyController: onSignalStrengthChanged: SignalStrength=SignalStrength:{mCdma=CellSignalStrengthCdma: cdmaDbm=2147483647 cdmaEcio=2147483647 evdoDbm=2147483647 evdoEcio=2147483647 evdoSnr=2147483647 level=0,mGsm=CellSignalStrengthGsm: rssi=2147483647 ber=2147483647 mTa=2147483647 mLevel=0,mWcdma=CellSignalStrengthWcdma: ss=2147483647 ber=2147483647 rscp=2147483647 ecno=2147483647 level=0,mTdscdma=CellSignalStrengthTdscdma: rssi=2147483647 ber=2147483647 rscp=2147483647 level=0,mLte=CellSignalStrengthLte: rssi=-51 rsrp=-85 rsrq=-16 rssnr=11 cqiTableIndex=2147483647 cqi=2147483647 ta=2147483647 level=4 parametersUseForLevel=0,mNr=CellSignalStrengthNr:{ csiRsrp = 2147483647 csiRsrq = 2147483647 csiCqiTableIndex = 2147483647 csiCqiReport = [] ssRsrp = 2147483647 ssRsrq = 2147483647 ssSinr = 2147483647 level = 0 parametersUseForLevel = 0 timingAdvance = 2147483647 },primary=CellSignalStrengthLte}
06-17 14:38:33.669  5717  5717 D SubsysEventListenerManager-SubsysTelephonyCallback[0]: onSignalStrengthsChanged
06-17 14:38:33.670  4908  4908 D Tile.OplusCellularTile: refreshState: tile not listening, ignore
06-17 14:38:33.674  4908  5027 I SystemUi--Statusbar: MobileConnectionRepositoryImpl-->subId:1 isSoftSimCard:false slotId:0
06-17 14:38:33.679  5717  5717 D SubsysEventListenerManager-SubsysTelephonyCallback[1]: onSignalStrengthsChanged
06-17 14:38:33.680  4908  5027 I SystemUi--Statusbar: MobileConnectionRepositoryImpl-->subId:2 isSoftSimCard:false slotId:1
06-17 14:38:33.703  3480  4315 D FusionLightNextGen: raw_lux -1.0, raw_cct -1.0, r/g/b/c: 748.4/567.0/346.5/1478.0, R/G/B: 28.0/27.0/24.0, bri 36.0, lux: 18.613827, cct: 5300.0, ir: 0.063509, conf: 2, cnt: 0
06-17 14:38:33.728  4908  5001 I SystemUi--Statusbar: OplusNetworkSpeedControllExImpl-->updateNetworkSpeed: isConnected:true,isSwitchOn:true,isSuspend:false,isPause:false
06-17 14:38:33.732  4908  5001 I SystemUi--Statusbar: OplusNetworkSpeedControllExImpl-->getTotalByte: totalRxBytes:20700435599,totalTxBytes:1848543992,loopbackTxBytes:73545697,loopbackRxBytes:59624421 ,totalBytes:22415809473
06-17 14:38:33.737  1960  1986 D BatteryChargeControl: bcc get no support from charging protocol
06-17 14:38:33.751  1927  2069 I [UAH_CLIENT]: UahPlatformResAcquire
06-17 14:38:33.752  1927  2069 I [UAH_CLIENT]: UahEventAcquire, cmdid:-3, pkg:2138 9272, identity:qcom-perfd
06-17 14:38:33.757  1927  2059 E ANDR-PERF-RESOURCEQS: ANDR-PERF-RESOURCEQS: AddAndApply() 125: Resource with major=16, minor=0 not supported
06-17 14:38:33.770  2138  2762 E HwcComposer: getLuts failed Status(-129, EX_TRANSACTION_FAILED): 'UNKNOWN_TRANSACTION: '
06-17 14:38:33.775  1927 12787 I [UAH_CLIENT]: UahRelease, handle:419787
06-17 14:38:33.779  1960  6585 D charge_time: type=sdp,reserve_soc=3,soc=79,ui_soc=82,current=-79,avg=153,not_chg_cnt=5,stable_cnt=7,fcc=4226,fcc_ratio=82,delta=0,debug=0,region=12,ttf=8100(02:15:00),ui_ttf=6983(01:56:23)
06-17 14:38:33.800  9623 12253 V Capacitor/Plugin: To native (Capacitor plugin): callbackId: 76175994, pluginId: NativeExoPlayback, methodName: getStatus
06-17 14:38:33.800  9623  9623 I Capacitor/Console: File:  - Line 349 - Msg: [object Object]
06-17 14:38:33.800  9623 12253 V Capacitor: callback: 76175994, pluginId: NativeExoPlayback, methodName: getStatus, methodData: {}
06-17 14:38:33.805  9623  9623 I Capacitor/Console: File:  - Line 333 - Msg: {"available":true,"wired":true,"message":"ExoPlayer gapless queue  content:// locker bridge + HTTP streams.","state":"idle","positionSecs":0,"durationSecs":0,"queueIndex":0,"queueLength":0,"gaplessEnabled":true,"crossfadeEnabled":false,"bitPerfectActive":false}
06-17 14:38:33.839  1871  2342 I SDM     : DisplayBase::CommitThread: Received idle timeout, panel: cmd, timeout: 70000 us
06-17 14:38:34.055  3084  3084 I cnss-daemon: nl80211 response handler invoked
06-17 14:38:34.055  3084  3084 I cnss-daemon: nl80211_response_handler: cmd 103, vendorID 4980, subcmd 13  received
06-17 14:38:34.055  1858 21547 I WifiHAL : event received NL80211_CMD_VENDOR, vendor_id = 0x1374, subcmd = 0xd
06-17 14:38:34.082 10560 11310 I discovery::core::moni..: DiscMonitor: [trace_id=77006682990]DiscoveryComponentStatus { adaptive_sdp_client_status: Some("{\"1\":null,\"0\":\"0.0.0.0\"}"), adaptive_sdp_server_status: None, network_interface_states: Some({}) }
06-17 14:38:34.102  1851 17883 I sensors-hal: handle_oplus_wise_rgb_event:160, wise_rgb:(1401)(cct,lux,ir)[5300.00, 21.18, 0.000000](rgbc)[748.39, 566.97, 346.50, 1493.06](pwm,hbm,brl,algo)[0.0 0.0 36.0 2.0],flag 0
06-17 14:38:34.156 18122 18734 E msys    : E[N mns:DGWClient]_OnDiskCacheGetData(1091)=>Start post callback cache refresh DNS resolution
06-17 14:38:34.157  1722  9292 E         : DNS_CACHE: hanle request << lookupdns: hostname:test-gateway.instagram.com, servername:443, ai_flags:1024, ai_family:0, ai_socktype:2, ai_protocol:0, netid:0, uid:10526
06-17 14:38:34.158 18122 18739 D DNS_CACHE: oplus_oplus_getaddrinfo_proxy lookup from netd: hostname:test-gateway.instagram.com, servname:443 uid: 10526, result_code:408, res = 0x0, found = 0
06-17 14:38:34.159 18122 18734 E msys    : E[N mns:DGWClient]_OnDiskCacheGetData(1091)=>Start post callback cache refresh DNS resolution
06-17 14:38:34.160  1722  9292 E         : DNS_CACHE: hanle request << lookupdns: hostname:test-gateway.instagram.com, servername:443, ai_flags:1024, ai_family:0, ai_socktype:1, ai_protocol:0, netid:0, uid:10526
06-17 14:38:34.160 18122 18737 D DNS_CACHE: oplus_oplus_getaddrinfo_proxy lookup from netd: hostname:test-gateway.instagram.com, servname:443 uid: 10526, result_code:408, res = 0x0, found = 0
06-17 14:38:34.162 18122 18734 E msys    : E[N mns:DGWClient]_LogError(280)=>Failed to resolve using system DNS resolver, getaddrinfo(): No address associated with hostname
06-17 14:38:34.164  5566  5859 D DnsDomainBlock: onDnsEvent: latencyMs=0, returnCode=4, uid=10526
06-17 14:38:34.164 18122 18734 E msys    : E[N mns:DGWClient]_LogError(280)=>Failed to resolve using system DNS resolver, getaddrinfo(): No address associated with hostname
06-17 14:38:34.200  9623  9623 I Capacitor/Console: File:  - Line 349 - Msg: [object Object]
06-17 14:38:34.200  9623 12253 V Capacitor/Plugin: To native (Capacitor plugin): callbackId: 76175995, pluginId: NativeExoPlayback, methodName: getStatus
06-17 14:38:34.201  9623 12253 V Capacitor: callback: 76175995, pluginId: NativeExoPlayback, methodName: getStatus, methodData: {}
06-17 14:38:34.205  9623  9623 I Capacitor/Console: File:  - Line 333 - Msg: {"available":true,"wired":true,"message":"ExoPlayer gapless queue  content:// locker bridge + HTTP streams.","state":"idle","positionSecs":0,"durationSecs":0,"queueIndex":0,"queueLength":0,"gaplessEnabled":true,"crossfadeEnabled":false,"bitPerfectActive":false}
06-17 14:38:34.504  1927  2069 I [UAH_CLIENT]: UahPlatformResAcquire
06-17 14:38:34.504  1927  2069 I [UAH_CLIENT]: UahEventAcquire, cmdid:-3, pkg:2138 9273, identity:qcom-perfd
06-17 14:38:34.507  1927  2059 E ANDR-PERF-RESOURCEQS: ANDR-PERF-RESOURCEQS: AddAndApply() 125: Resource with major=16, minor=0 not supported
06-17 14:38:34.525  1927 12791 I [UAH_CLIENT]: UahRelease, handle:419788
06-17 14:38:34.602  9623 12253 V Capacitor/Plugin: To native (Capacitor plugin): callbackId: 76175996, pluginId: NativeExoPlayback, methodName: getStatus
06-17 14:38:34.603  9623  9623 I Capacitor/Console: File:  - Line 349 - Msg: [object Object]
06-17 14:38:34.603  9623 12253 V Capacitor: callback: 76175996, pluginId: NativeExoPlayback, methodName: getStatus, methodData: {}
06-17 14:38:34.613  9623  9623 I Capacitor/Console: File:  - Line 333 - Msg: {"available":true,"wired":true,"message":"ExoPlayer gapless queue  content:// locker bridge + HTTP streams.","state":"idle","positionSecs":0,"durationSecs":0,"queueIndex":0,"queueLength":0,"gaplessEnabled":true,"crossfadeEnabled":false,"bitPerfectActive":false}
06-17 14:38:34.685  5717  7539 D CommonApp-227-10445: transport layer data is invalid
06-17 14:38:34.702  1851 17756 I sensors-hal: handle_oplus_wise_rgb_event:189, high_pwm_light:lux 21.0,cct 5300.0,brl/algo/ir 36.0/2.0/0.0,pwm/dc 0.0/0.0,rgbc 733.117432/566.966492/346.503510/1477.973755,ts 952236380598475,cnt 1404,flag 0
06-17 14:38:34.738  1960  1986 D BatteryChargeControl: bcc get no support from charging protocol
06-17 14:38:34.781  1960  6585 D charge_time: type=sdp,reserve_soc=3,soc=79,ui_soc=82,current=140,avg=150,not_chg_cnt=0,stable_cnt=7,fcc=4226,fcc_ratio=82,delta=307,debug=0,region=12,ttf=8261(02:17:41),ui_ttf=6982(01:56:22)
06-17 14:38:34.800  1960  1985 D vendor.oplus.hardware.charger-V10-service: ret_value:124, read content:,325,326,4176,4173,-139,79,82,1,1,0,456,5010,82,1,4430,300,500,0,0,9500,0,0,1,0,2,0,0,0,1,5522,95,0,3314,4226,0,0,0,0,0,105
06-17 14:38:34.800  1960  1985 D vendor.oplus.hardware.charger-V10-service: gmtime: 2026-06-17-14-38-34
06-17 14:38:34.800  1960  1985 D vendor.oplus.hardware.charger-V10-service: usb_online:1, ac_online:-2147483648, wireless_online:0
06-17 14:38:34.931  3480  6040 I AICCTModule: SensorFilter: brightness threshold 1.2 screenNit is 2.012943 ave enviroment lux is 18.613829 luxForNit 43.23196demarcationPoint200.0 result is false
06-17 14:38:34.931  3480  6040 I AICCTModule: SensorFilter: findSecondNearestValue, sensorValue: 5300.0 nearestMaxValue:5300.0 secondNearestValue: 5300.0
06-17 14:38:34.931  3480  6040 I AICCTModule: SensorFilter: findSecondNearestValue, sensorValue: 18.613827 nearestMaxValue:18.613827 secondNearestValue: 18.613827
06-17 14:38:34.940 18122 18502 E msys    : E[N mns:TigonMNS]_OnDiskCacheGetData(1091)=>Start post callback cache refresh DNS resolution
06-17 14:38:34.943  1722  9292 E         : DNS_CACHE: hanle request << lookupdns: hostname:graph.facebook.com, servername:443, ai_flags:1024, ai_family:0, ai_socktype:2, ai_protocol:0, netid:0, uid:10526
06-17 14:38:34.944 18122 18502 E msys    : E[N mns:TigonMNS]_OnDiskCacheGetData(1091)=>Start post callback cache refresh DNS resolution
06-17 14:38:34.944 18122 18492 D DNS_CACHE: oplus_oplus_getaddrinfo_proxy lookup from netd: hostname:graph.facebook.com, servname:443 uid: 10526, result_code:408, res = 0x0, found = 0
06-17 14:38:34.945  1722  9292 E         : DNS_CACHE: hanle request << lookupdns: hostname:graph.facebook.com, servername:443, ai_flags:1024, ai_family:0, ai_socktype:1, ai_protocol:0, netid:0, uid:10526
06-17 14:38:34.945 18122 18495 D DNS_CACHE: oplus_oplus_getaddrinfo_proxy lookup from netd: hostname:graph.facebook.com, servname:443 uid: 10526, result_code:408, res = 0x0, found = 0
06-17 14:38:34.946 18122 18502 E msys    : E[N mns:TigonMNS]_LogError(280)=>Failed to resolve using system DNS resolver, getaddrinfo(): No address associated with hostname
06-17 14:38:34.947 18122 18502 E msys    : E[N mns:TigonMNS]_LogError(280)=>Failed to resolve using system DNS resolver, getaddrinfo(): No address associated with hostname
06-17 14:38:34.949  5566  5859 D DnsDomainBlock: onDnsEvent: latencyMs=0, returnCode=4, uid=10526
06-17 14:38:35.001  9623 12253 V Capacitor/Plugin: To native (Capacitor plugin): callbackId: 76175997, pluginId: NativeExoPlayback, methodName: getStatus
06-17 14:38:35.001  9623  9623 I Capacitor/Console: File:  - Line 349 - Msg: [object Object]
06-17 14:38:35.002  9623 12253 V Capacitor: callback: 76175997, pluginId: NativeExoPlayback, methodName: getStatus, methodData: {}
06-17 14:38:35.012  9623  9623 I Capacitor/Console: File:  - Line 333 - Msg: {"available":true,"wired":true,"message":"ExoPlayer gapless queue  content:// locker bridge + HTTP streams.","state":"idle","positionSecs":0,"durationSecs":0,"queueIndex":0,"queueLength":0,"gaplessEnabled":true,"crossfadeEnabled":false,"bitPerfectActive":false}
06-17 14:38:35.101  1851 17883 I sensors-hal: handle_oplus_wise_rgb_event:160, wise_rgb:(1406)(cct,lux,ir)[5300.00, 20.99, 0.000000](rgbc)[733.12, 566.97, 346.50, 1477.97](pwm,hbm,brl,algo)[0.0 0.0 36.0 2.0],flag 0
06-17 14:38:35.227  3480  5206 W ActivityTaskManager: callingPackage for (uid=2000, pid=12796) has no WPC
06-17 14:38:35.227  3480  4575 I [UAH_CLIENT]: UahEventAcquire, cmdid:2, pkg:none, identity:com.android.server.wm
06-17 14:38:35.229  3480  5206 D WindowManager: NFW_setClientVisible:ActivityRecord{124688619 u0 rd.sheepskin.sandboxmusic/.MainActivity clientVisible:true
06-17 14:38:35.229  3480  4355 D StartingSurfacePreviewController: checkSupportSurfacePreview, token=rd.sheepskin.sandboxmusic/.MainActivity, enableSurfacePreview=false, supportMultiLayout=false, unsupportedSkipViewAnimLv=null, disableSurfacePreviewAnimLv=null, ignoreFileExistAnimLv=null
06-17 14:38:35.229  3480  5206 V GrammaticalInflectionUtils: AttributionSource: android.content.AttributionSource@3d00b63f does not have READ_SYSTEM_GRAMMATICAL_GENDER permission.
06-17 14:38:35.229  3480  5206 D ActivityTaskManager: The isLandscapeFullscreenEnabled is: rd.sheepskin.sandboxmusic/.MainActivity
06-17 14:38:35.230  3480  5206 D ActivityTaskManager: The isLandscapeFullscreenEnabled is: rd.sheepskin.sandboxmusic/.MainActivity
06-17 14:38:35.230  3480  5206 D ActivityTaskManager: The isLandscapeFullscreenEnabled is: rd.sheepskin.sandboxmusic/.MainActivity
06-17 14:38:35.230  3480  5206 D ActivityTaskManager: The isLandscapeFullscreenEnabled is: rd.sheepskin.sandboxmusic/.MainActivity
06-17 14:38:35.230  3480  5206 D ActivityTaskManager: The isLandscapeFullscreenEnabled is: rd.sheepskin.sandboxmusic/.MainActivity
06-17 14:38:35.231  1851 17912 I sensors-hal: handle_sns_std_sensor_event:104, oplus rgb_rear sample: (cct, lux, ir, x, y)[1569, 0, 150000, 391, 237]
06-17 14:38:35.231  1851 17912 I sensors-hal: handle_sns_std_sensor_event:106, oplus rgb_rear sample: (r, g, b, c w)[2, 2, 3, 2, 3]
06-17 14:38:35.231  3480  5206 D FlexibleTaskController: isSupportFlexibleWindow target = rd.sheepskin.sandboxmusic/.MainActivity callPkg = FlexibleTaskController support = true ,caller = 3480
06-17 14:38:35.232  3480  5206 I AppSnapshotController: init, sysSupport = true, mActivitySupport = false, activityRecord = ActivityRecord{124688619 u0 rd.sheepskin.sandboxmusic/.MainActivity t-1}
06-17 14:38:35.233  3480  3580 E QosSceneRecognizer[ActivityStartScene]: notifyActivityStart get launchedFromUid failed through AppManager! launchedFromPackage: com.android.shell, pkg: rd.sheepskin.sandboxmusic
06-17 14:38:35.233  3480  5206 D FlexibleWindowManagerService: isIgnoreAppearedAcrossTask:false
06-17 14:38:35.233  3480  5206 D ActivityStarterExtImpl: setForceUpdateWindow, targetTask = Task{f33898d #12219 type=standard A=10445:rd.sheepskin.sandboxmusic} r = ActivityRecord{124688619 u0 rd.sheepskin.sandboxmusic/.MainActivity t-1} notFinish =false
06-17 14:38:35.233  3480  5206 D FlexibleWindowManagerService: isIgnoreAppearedAcrossTask:false
06-17 14:38:35.233  3480  5206 D FlexibleTaskController: findSourceTaskForFreeForm: sourceRecord = null ,realCallingPid:12796 ,launchFromZoomMode:false ,prevTopTask:Task{f33898d #12219 type=standard A=10445:rd.sheepskin.sandboxmusic}
06-17 14:38:35.234  3480  5206 D FlexibleTaskController: findSourceTaskForFreeForm: the caller is not a flexible freeform window application and does not have a zoom windowMode startup parameter
06-17 14:38:35.234  3480  5206 D FlexibleTaskController: adjustOptionsForFlexibleTask not allow options follow process task's options, reason:9 ,reusedOptions:null
06-17 14:38:35.234  3480  5206 I TaskFragmentExtImpl: reset pause in recents anim for mTaskFragment: Task{f33898d #12219 type=standard A=10445:rd.sheepskin.sandboxmusic}
06-17 14:38:35.234  3480  5206 D FlexibleTaskController: isSupportFlexibleWindow target = rd.sheepskin.sandboxmusic/.MainActivity callPkg = FlexibleTaskController support = true ,caller = 3480
06-17 14:38:35.234  3480  5206 D FlexibleTaskController: shouldKeepFlexibleTask flexibleTask not active.
06-17 14:38:35.234  3480  5206 D ActivityStarterExtImpl: isLaunchingRootActivity = true
06-17 14:38:35.235  3480  5206 D ActivityTaskManager: The isLandscapeFullscreenEnabled is: rd.sheepskin.sandboxmusic/.MainActivity
06-17 14:38:35.235 28671 28904 I APS_ALOG: flushRoutine g_immediateFlush=0 g_pendingCount=0 g_oobCount=0
06-17 14:38:35.235  4908  4908 D CommandQueueLogger: appTransitionPending displayId=0 forced=false
06-17 14:38:35.236  3480  5206 D ActivityTaskManager: The isLandscapeFullscreenEnabled is: rd.sheepskin.sandboxmusic/.MainActivity
06-17 14:38:35.236  3480  5206 E Transition: Aborting Transition mSyncId=15432, caller=com.android.server.wm.OplusTransitionUtil.abortTransitionImmediately:109 com.android.server.wm.OplusTransitionController.abortTransitionImmediately:123 com.android.server.wm.ActivityStarterExtImpl.abortTransitionImmediately:1850 
06-17 14:38:35.236  3480  5206 D OplusTransitionController: hookOnAbort, transition: TransitionRecord{b41da06 id=15432 track=0 type=OPEN flags=0x0 state=0 c=[
06-17 14:38:35.236  3480  5206 D OplusTransitionController:    ChangeInfo{21bd8c7 container=ActivityRecord{124688619 u0 rd.sheepskin.sandboxmusic/.MainActivity t-1} flags=0x0}
06-17 14:38:35.236  3480  5206 D OplusTransitionController: ]
06-17 14:38:35.236  3480  5206 D OplusTransitionController: }
06-17 14:38:35.236  3480  5206 E OplusAppQuickStart_AppQuickStartController: not start from launcher transition:15432
06-17 14:38:35.237  3480  5206 D KEYLOG_PhoneWindowManager: setKeyguardOccludedLw occluded=false,false,false
06-17 14:38:35.237  3480  5206 D KEYLOG_PhoneWindowManager: setKeyguardOccludedLw occluded=false,false,false
06-17 14:38:35.237  3480  5206 E SchedAssist: binderSetThreadUxFlagByIoctl: ioctl failed, tid=-1 flag=1 ret=-1 errno=25 (Inappropriate ioctl for device)
06-17 14:38:35.238  3480  5206 E SchedAssist: binderSetThreadUxFlagByIoctl: ioctl failed, tid=-1 flag=0 ret=-1 errno=25 (Inappropriate ioctl for device)
06-17 14:38:35.238  3480  5206 I ActivityTaskManager: START u0 {act=android.intent.action.VIEW dat=sandboxmusic://e2e/... flg=0x14000000 xflg=0x4 cmp=rd.sheepskin.sandboxmusic/.MainActivity mCallingUid=2000} with LAUNCH_SINGLE_TASK from uid 2000 (BAL_ALLOW_PERMISSION (START_ACTIVITIES_FROM_BACKGROUND permission granted)) result code=3
06-17 14:38:35.240  4908  4942 D KeyguardService: setOccluded(false)
06-17 14:38:35.240  4908  4978 D WindowManagerShell: onActivityRestartAttempt: topActivity=ComponentInfo{rd.sheepskin.sandboxmusic/rd.sheepskin.sandboxmusic.MainActivity}, wasVisible=true
06-17 14:38:35.241  4908  4942 D KeyguardService: setOccluded: false, animate= false
06-17 14:38:35.241  4908  4942 D KeyguardViewMediator: setOccluded(false)
06-17 14:38:35.241  9623  9623 V Capacitor/AppPlugin: Notifying listeners for event pause
06-17 14:38:35.241  9623  9623 D Capacitor/AppPlugin: No listeners found for event pause
06-17 14:38:35.241  4908  4942 D KeyguardViewMediator: setOccluded false
06-17 14:38:35.241  9623  9623 D Capacitor: App paused
06-17 14:38:35.241  4908  4942 D KeyguardService: setOccluded(false)
06-17 14:38:35.241  4908  4942 D KeyguardService: setOccluded: false, animate= false
06-17 14:38:35.241  9623  9623 V Capacitor/AppPlugin: Notifying listeners for event appUrlOpen
06-17 14:38:35.242  9623  9623 D ActivityThread: ComponentInfo{rd.sheepskin.sandboxmusic/rd.sheepskin.sandboxmusic.MainActivity} checkFinished=false 4
06-17 14:38:35.242  9623  9623 D ResourcesManagerExtImpl: applyConfigurationToAppResourcesLocked app.getDisplayId() return callback.displayId:0
06-17 14:38:35.242  4908  4942 D KeyguardViewMediator: setOccluded(false)
06-17 14:38:35.242  9623  9623 D Capacitor/AppPlugin: Firing change: true
06-17 14:38:35.242  9623  9623 V Capacitor/AppPlugin: Notifying listeners for event appStateChange
06-17 14:38:35.242  4908  4942 D KeyguardViewMediator: setOccluded false
06-17 14:38:35.242  9623  9623 V Capacitor/AppPlugin: Notifying listeners for event resume
06-17 14:38:35.242  9623  9623 D Capacitor/AppPlugin: No listeners found for event resume
06-17 14:38:35.242  9623  9623 D Capacitor: App resumed
06-17 14:38:35.243  3480  5206 V AS.AudioService: uid 10445, callingApp = rd.sheepskin.sandboxmusic
06-17 14:38:35.243  9623  9623 I AudioManager: In setSpeakerphoneOn(), on: false, calling application: rd.sheepskin.sandboxmusic
06-17 14:38:35.243  3480  5206 W AS.AudioService: Audio Settings Permission Denial: setSpeakerphoneOn() from pid=9623, uid=10445
06-17 14:38:35.243  9623  9623 W BluetoothAdapterExtImpl: setSpeakerphoneOn register null!
06-17 14:38:35.250  9623  9623 D ViewRootImplExtImpl: wrapConfigInfoIntoFlags rotation=0, smallestScreenWidthDp=320, residentWS=false, scenario=0, bounds=Rect(0, 0 - 1440, 3168), isFirstDraw=false, relayoutAsync=true, flags=0, newFlags=1660954624, title=rd.sheepskin.sandboxmusic/rd.sheepskin.sandboxmusic.MainActivity
06-17 14:38:35.250  3480  5206 V WindowManager: Relayout Window{3023f81 u0 rd.sheepskin.sandboxmusic/rd.sheepskin.sandboxmusic.MainActivity}: viewVisibility=0, oldvis=0, req=1440x3168 , apr = 0, , x=0, y=0
06-17 14:38:35.250  9623  9623 D VRI[MainActivity]: relayoutWindow result, sizeChanged:false, surfaceControlChanged:false, transformHintChanged:false, mSurfaceSize:Point(1440, 3168), mLastSurfaceSize:Point(1440, 3168), mWidth:1440, mHeight:3168, requestedWidth:1440, requestedHeight:3168, transformHint:0, installOrientation:0, displayRotation:0, isSurfaceValid:true, attr.flag:-2122252032, tmpFrames:ClientWindowFrames{frame=[0,0][1440,3168] display=[0,0][1440,3168] parentFrame=[0,0][1440,3168]}, relayoutResult:0, relayoutAsync:true, mSyncSeqId:0
06-17 14:38:35.251  9623  9623 W VRI[MainActivity]: updateBlastSurfaceIfNeeded, surfaceSize:Point(1440, 3168), lastSurfaceSize:Point(1440, 3168), format:-1, blastBufferQueue:android.graphics.BLASTBufferQueue@ab73701
06-17 14:38:35.251  9623  9623 I Capacitor/Console: File:  - Line 333 - Msg: {"url":"sandboxmusic://e2e/skip-onboarding"}
06-17 14:38:35.252  3480  5206 D ActivityTaskManager: The isLandscapeFullscreenEnabled is: rd.sheepskin.sandboxmusic/.MainActivity
06-17 14:38:35.252  1927  2069 I [UAH_CLIENT]: UahPlatformResAcquire
06-17 14:38:35.252  1927  2069 I [UAH_CLIENT]: UahEventAcquire, cmdid:-3, pkg:2138 9274, identity:qcom-perfd
06-17 14:38:35.254  1927  2059 E ANDR-PERF-RESOURCEQS: ANDR-PERF-RESOURCEQS: AddAndApply() 125: Resource with major=16, minor=0 not supported
06-17 14:38:35.254  3480  4817 I Osense-BaseDecisionMaker: notifySceneToAthenaPolicy: SCENE_ACTIVITY_IDLE, bundle: Bundle[{scene=SCENE_ACTIVITY_IDLE}]
06-17 14:38:35.254  3480  4817 I Osense-BaseDecisionMaker: OSense not supported scene! SCENE_ACTIVITY_IDLE
06-17 14:38:35.258  4908  4908 D CommandQueueLogger: appTransitionCancelled displayId=0
06-17 14:38:35.259  4908  4908 D CommandQueueLogger: appTransitionCancelled displayId=0
06-17 14:38:35.259  4908  4908 D KeyguardViewMediator: handleSetOccluded(false)
06-17 14:38:35.259  4908  4908 D NotificationShadeWindowController: setIsAboutToOccluded:false, needApply:false
06-17 14:38:35.259  4908  4908 D KeyguardViewMediator: isOccluded=false,mPowerGestureIntercepted=false
06-17 14:38:35.259  4908  4908 I SystemUi--Keyguard: ChargingAnimationImpl-->onKeyguardOccludeChange occluded= false
06-17 14:38:35.259  4908  4908 I SystemUi--Keyguard: KeyguardSliderLayout-->onKeyguardOccludeChange occluded= false
06-17 14:38:35.261  3480  3570 W ProcessStats: Tracking association SourceState{b56f683 system/1000 BFgs #1867197} whose proc state 4 is better than process ProcessState{a75c4ab com.android.wallpaper.livepicker:wallpaperService/10229 pkg=com.android.wallpaper.livepicker} proc state 5 (36 skipped)
06-17 14:38:35.262  4908  4908 D KeyguardViewMediator: KeyguardViewMediator queue processing message: SET_OCCLUDED
06-17 14:38:35.264  9623  9623 I Capacitor/Console: File: https://localhost/assets/index-DP3B5cQ_.js - Line 2 - Msg: [SandboxE2E] AREA=onboarding RESULT=PASS skipped
06-17 14:38:35.264  9623 12253 V Capacitor/Plugin: To native (Capacitor plugin): callbackId: 76175998, pluginId: NativeExoPlayback, methodName: getStatus
06-17 14:38:35.264  9623  9623 I Capacitor/Console: File:  - Line 349 - Msg: [object Object]
06-17 14:38:35.265  9623 12253 V Capacitor: callback: 76175998, pluginId: NativeExoPlayback, methodName: getStatus, methodData: {}
06-17 14:38:35.265  9623 12253 V Capacitor/Plugin: To native (Capacitor plugin): callbackId: 76175999, pluginId: NativeExoPlayback, methodName: getStatus
06-17 14:38:35.265  9623  9623 I Capacitor/Console: File:  - Line 349 - Msg: [object Object]
06-17 14:38:35.265  9623 12253 V Capacitor: callback: 76175999, pluginId: NativeExoPlayback, methodName: getStatus, methodData: {}
06-17 14:38:35.266  9623  9623 I Capacitor/Console: File:  - Line 333 - Msg: {"url":"sandboxmusic://e2e/skip-onboarding"}
06-17 14:38:35.266  9623  9623 I Capacitor/Console: File:  - Line 333 - Msg: {"isActive":true}
06-17 14:38:35.271  1927 12801 I [UAH_CLIENT]: UahRelease, handle:419790
06-17 14:38:35.272  3480  5206 I BLASTSyncEngine: onCommitted syncId: 15432, timeout: false ran: false
06-17 14:38:35.273  2138  2762 E HwcComposer: getLuts failed Status(-129, EX_TRANSACTION_FAILED): 'UNKNOWN_TRANSACTION: '
06-17 14:38:35.275  9623  9623 I Capacitor/Console: File:  - Line 333 - Msg: {"available":true,"wired":true,"message":"ExoPlayer gapless queue  content:// locker bridge + HTTP streams.","state":"idle","positionSecs":0,"durationSecs":0,"queueIndex":0,"queueLength":0,"gaplessEnabled":true,"crossfadeEnabled":false,"bitPerfectActive":false}
06-17 14:38:35.276  9623  9623 I Capacitor/Console: File:  - Line 349 - Msg: [object Object]
06-17 14:38:35.276  9623 12253 V Capacitor/Plugin: To native (Capacitor plugin): callbackId: 76176000, pluginId: NativeExoPlayback, methodName: prepare
06-17 14:38:35.276  9623 12253 V Capacitor: callback: 76176000, pluginId: NativeExoPlayback, methodName: prepare, methodData: {}
06-17 14:38:35.276  9623 12253 V Capacitor/Plugin: To native (Capacitor plugin): callbackId: 76176001, pluginId: NativeExoPlayback, methodName: setGaplessEnabled
06-17 14:38:35.277  9623 12253 V Capacitor: callback: 76176001, pluginId: NativeExoPlayback, methodName: setGaplessEnabled, methodData: {"enabled":true}
06-17 14:38:35.277  9623  9623 I Capacitor/Console: File:  - Line 349 - Msg: [object Object]
06-17 14:38:35.277  9623 12253 V Capacitor/Plugin: To native (Capacitor plugin): callbackId: 76176002, pluginId: NativeExoPlayback, methodName: prepare
06-17 14:38:35.278  9623  9623 I Capacitor/Console: File:  - Line 333 - Msg: {"available":true,"wired":true,"message":"ExoPlayer gapless queue  content:// locker bridge + HTTP streams.","state":"idle","positionSecs":0,"durationSecs":0,"queueIndex":0,"queueLength":0,"gaplessEnabled":true,"crossfadeEnabled":false,"bitPerfectActive":false}
06-17 14:38:35.278  9623 12253 V Capacitor: callback: 76176002, pluginId: NativeExoPlayback, methodName: prepare, methodData: {}
06-17 14:38:35.278  9623  9623 I Capacitor/Console: File:  - Line 349 - Msg: [object Object]
06-17 14:38:35.278  9623 12253 V Capacitor/Plugin: To native (Capacitor plugin): callbackId: 76176003, pluginId: NativeExoPlayback, methodName: setGaplessEnabled
06-17 14:38:35.278  9623  9623 I Capacitor/Console: File:  - Line 349 - Msg: [object Object]
06-17 14:38:35.279  9623 12253 V Capacitor: callback: 76176003, pluginId: NativeExoPlayback, methodName: setGaplessEnabled, methodData: {"enabled":true}
06-17 14:38:35.280  9623  9623 I SurfaceControl:  setExtendedRangeBrightness sc=Surface(name=rd.sheepskin.sandboxmusic/rd.sheepskin.sandboxmusic.MainActivity)/@0x147494a,currentBufferRatio=1.0,desiredRatio=1.0
06-17 14:38:35.282  9623  9623 I Capacitor/Console: File:  - Line 333 - Msg: {"ok":true,"message":"ExoPlayer ready."}
06-17 14:38:35.282  9623 12253 V Capacitor/Plugin: To native (Capacitor plugin): callbackId: 76176004, pluginId: NativeExoPlayback, methodName: setCrossfadeEnabled
06-17 14:38:35.282  9623 12253 V Capacitor: callback: 76176004, pluginId: NativeExoPlayback, methodName: setCrossfadeEnabled, methodData: {"enabled":false,"durationMs":2500,"gaplessDurationMs":600}
06-17 14:38:35.282  9623  9623 I Capacitor/Console: File:  - Line 333 - Msg: {"ok":true,"gaplessEnabled":true}
06-17 14:38:35.282  9623  9623 I Capacitor/Console: File:  - Line 349 - Msg: [object Object]
06-17 14:38:35.283  9623  9623 I Capacitor/Console: File:  - Line 333 - Msg: {"ok":true,"message":"ExoPlayer ready."}
06-17 14:38:35.283  9623  9623 I Capacitor/Console: File:  - Line 333 - Msg: {"ok":true,"gaplessEnabled":true}
06-17 14:38:35.283  9623 12253 V Capacitor/Plugin: To native (Capacitor plugin): callbackId: 76176005, pluginId: NativeExoPlayback, methodName: setCrossfadeEnabled
06-17 14:38:35.283  9623 12253 V Capacitor: callback: 76176005, pluginId: NativeExoPlayback, methodName: setCrossfadeEnabled, methodData: {"enabled":false,"durationMs":2500,"gaplessDurationMs":600}
06-17 14:38:35.283  9623  9623 I Capacitor/Console: File:  - Line 349 - Msg: [object Object]
06-17 14:38:35.284  9623  9623 I Capacitor/Console: File:  - Line 333 - Msg: {"ok":true,"crossfadeEnabled":false,"durationMs":2500}
06-17 14:38:35.284  9623 12253 V Capacitor/Plugin: To native (Capacitor plugin): callbackId: 76176006, pluginId: NativeExoPlayback, methodName: setBitPerfectEnabled
06-17 14:38:35.284  9623 12253 V Capacitor: callback: 76176006, pluginId: NativeExoPlayback, methodName: setBitPerfectEnabled, methodData: {"enabled":false}
06-17 14:38:35.284  9623  9623 I Capacitor/Console: File:  - Line 349 - Msg: [object Object]
06-17 14:38:35.284  9623  9623 I Capacitor/Console: File:  - Line 333 - Msg: {"ok":true,"crossfadeEnabled":false,"durationMs":2500}
06-17 14:38:35.284  9623 12253 V Capacitor/Plugin: To native (Capacitor plugin): callbackId: 76176007, pluginId: NativeExoPlayback, methodName: setBitPerfectEnabled
06-17 14:38:35.284  9623 12253 V Capacitor: callback: 76176007, pluginId: NativeExoPlayback, methodName: setBitPerfectEnabled, methodData: {"enabled":false}
06-17 14:38:35.284  9623  9623 I Capacitor/Console: File:  - Line 349 - Msg: [object Object]
06-17 14:38:35.285  9623  9623 I Capacitor/Console: File:  - Line 333 - Msg: {"ok":true,"bitPerfectEnabled":false,"bitPerfectActive":false}
06-17 14:38:35.285  9623  9623 I Capacitor/Console: File:  - Line 333 - Msg: {"ok":true,"bitPerfectEnabled":false,"bitPerfectActive":false}
06-17 14:38:35.285  3480  4187 I resRelease: policy type is 2
06-17 14:38:35.365  1871  2342 I SDM     : DisplayBase::CommitThread: Received idle timeout, panel: cmd, timeout: 70000 us
06-17 14:38:35.400  9623  9623 I Capacitor/Console: File:  - Line 349 - Msg: [object Object]
06-17 14:38:35.401  9623 12253 V Capacitor/Plugin: To native (Capacitor plugin): callbackId: 76176008, pluginId: NativeExoPlayback, methodName: getStatus
06-17 14:38:35.401  9623 12253 V Capacitor: callback: 76176008, pluginId: NativeExoPlayback, methodName: getStatus, methodData: {}
06-17 14:38:35.405  9623  9623 I Capacitor/Console: File:  - Line 333 - Msg: {"available":true,"wired":true,"message":"ExoPlayer gapless queue  content:// locker bridge + HTTP streams.","state":"idle","positionSecs":0,"durationSecs":0,"queueIndex":0,"queueLength":0,"gaplessEnabled":true,"crossfadeEnabled":false,"bitPerfectActive":false}
06-17 14:38:35.465  5717  5717 D VendorWifiService: onEvent event:9,action:1
06-17 14:38:35.470  3480  4584 D ScorerUtils: isLowTraffic: txTputKBps=1, rxTputKBps=2
06-17 14:38:35.470  3480  4584 D OplusWifiPower_TriggerCenter: mComponentCallback: wifistat
06-17 14:38:35.526  2138  2762 E HwcComposer: getLuts failed Status(-129, EX_TRANSACTION_FAILED): 'UNKNOWN_TRANSACTION: '
06-17 14:38:35.684  1927  2069 I [UAH_CLIENT]: UahPlatformResAcquire
06-17 14:38:35.685  1927  2069 I [UAH_CLIENT]: UahEventAcquire, cmdid:-3, pkg:2138 9271, identity:qcom-perfd
06-17 14:38:35.688  1927  2059 E ANDR-PERF-RESOURCEQS: ANDR-PERF-RESOURCEQS: AddAndApply() 125: Resource with major=16, minor=0 not supported
06-17 14:38:35.706  1927 12803 I [UAH_CLIENT]: UahRelease, handle:419791
06-17 14:38:35.707  5717  7539 D CommonApp-227-10445: transport layer data is invalid
06-17 14:38:35.740  1960  1986 D BatteryChargeControl: bcc get no support from charging protocol
06-17 14:38:35.763  1871  2342 I SDM     : DisplayBase::CommitThread: Received idle timeout, panel: cmd, timeout: 70000 us
06-17 14:38:35.777  2138  2762 E HwcComposer: getLuts failed Status(-129, EX_TRANSACTION_FAILED): 'UNKNOWN_TRANSACTION: '
06-17 14:38:35.785  1960  6585 D charge_time: write 6981s(01:56:21) to ttf, rc=6
06-17 14:38:35.785  1960  6585 D charge_time: type=sdp,reserve_soc=3,soc=79,ui_soc=82,current=140,avg=147,not_chg_cnt=0,stable_cnt=7,fcc=4226,fcc_ratio=82,delta=308,debug=0,region=12,ttf=8435(02:20:35),ui_ttf=6981(01:56:21)
06-17 14:38:35.800  9623 12253 V Capacitor/Plugin: To native (Capacitor plugin): callbackId: 76176009, pluginId: NativeExoPlayback, methodName: getStatus
06-17 14:38:35.800  9623 12253 V Capacitor: callback: 76176009, pluginId: NativeExoPlayback, methodName: getStatus, methodData: {}
06-17 14:38:35.800  9623  9623 I Capacitor/Console: File:  - Line 349 - Msg: [object Object]
06-17 14:38:35.804  9623  9623 I Capacitor/Console: File:  - Line 333 - Msg: {"available":true,"wired":true,"message":"ExoPlayer gapless queue  content:// locker bridge + HTTP streams.","state":"idle","positionSecs":0,"durationSecs":0,"queueIndex":0,"queueLength":0,"gaplessEnabled":true,"crossfadeEnabled":false,"bitPerfectActive":false}
06-17 14:38:35.904  3480  4315 I CwbClient: setCWBDisplayType set mFeatureID = CWB_RGB_VALUE
06-17 14:38:35.910  1927  2069 I [UAH_CLIENT]: UahPlatformResAcquire
06-17 14:38:35.910  1927  2069 I [UAH_CLIENT]: UahEventAcquire, cmdid:-3, pkg:2138 9272, identity:qcom-perfd
06-17 14:38:35.913  1927  2059 E ANDR-PERF-RESOURCEQS: ANDR-PERF-RESOURCEQS: AddAndApply() 125: Resource with major=16, minor=0 not supported
06-17 14:38:35.931  1927 12807 I [UAH_CLIENT]: UahRelease, handle:419793
06-17 14:38:35.995  1871  2342 I SDM     : DisplayBase::CommitThread: Received idle timeout, panel: cmd, timeout: 69999 us
06-17 14:38:36.027  2138  2762 E HwcComposer: getLuts failed Status(-129, EX_TRANSACTION_FAILED): 'UNKNOWN_TRANSACTION: '
06-17 14:38:36.047  4908 10282 I PluginSeedling--Origin: OSenseManager-->isMEMHighPressure oldState:false newState: false isMEMHighPressure:false
06-17 14:38:36.059  1858 21547 I WifiHAL : event received NL80211_CMD_VENDOR, vendor_id = 0x1374, subcmd = 0xd
06-17 14:38:36.061  3084  3084 I cnss-daemon: nl80211 response handler invoked
06-17 14:38:36.061  3084  3084 I cnss-daemon: nl80211_response_handler: cmd 103, vendorID 4980, subcmd 13  received
06-17 14:38:36.102  1851 17883 I sensors-hal: handle_oplus_wise_rgb_event:160, wise_rgb:(1411)(cct,lux,ir)[5300.00, 21.37, 0.000000](rgbc)[748.39, 566.97, 361.57, 1493.06](pwm,hbm,brl,algo)[0.0 0.0 36.0 2.0],flag 0
06-17 14:38:36.102  3480  4315 D FusionLightNextGen: raw_lux -1.0, raw_cct -1.0, r/g/b/c: 748.4/567.0/361.6/1493.1, R/G/B: 28.0/27.0/24.0, bri 36.0, lux: 18.808617, cct: 5300.0, ir: 0.062846, conf: 2, cnt: 0
06-17 14:38:36.199  9623 12253 V Capacitor/Plugin: To native (Capacitor plugin): callbackId: 76176010, pluginId: NativeExoPlayback, methodName: getStatus
06-17 14:38:36.200  9623  9623 I Capacitor/Console: File:  - Line 349 - Msg: [object Object]
06-17 14:38:36.200  9623 12253 V Capacitor: callback: 76176010, pluginId: NativeExoPlayback, methodName: getStatus, methodData: {}
06-17 14:38:36.205  9623  9623 I Capacitor/Console: File:  - Line 333 - Msg: {"available":true,"wired":true,"message":"ExoPlayer gapless queue  content:// locker bridge + HTTP streams.","state":"idle","positionSecs":0,"durationSecs":0,"queueIndex":0,"queueLength":0,"gaplessEnabled":true,"crossfadeEnabled":false,"bitPerfectActive":false}
06-17 14:38:36.405  1851 14865 I sensors-hal: handle_sns_client_event:316, accel_sample: 0: ts=952238077551600 ns; value = [-0.245705, 0.404321, 9.840169], status=3
06-17 14:38:36.429  1927  2069 I [UAH_CLIENT]: UahPlatformResAcquire
06-17 14:38:36.429  1927  2069 I [UAH_CLIENT]: UahEventAcquire, cmdid:-3, pkg:2138 9273, identity:qcom-perfd
06-17 14:38:36.432  1927  2059 E ANDR-PERF-RESOURCEQS: ANDR-PERF-RESOURCEQS: AddAndApply() 125: Resource with major=16, minor=0 not supported
06-17 14:38:36.451  1927 12811 I [UAH_CLIENT]: UahRelease, handle:419794
06-17 14:38:36.500  2138  2762 E HwcComposer: getLuts failed Status(-129, EX_TRANSACTION_FAILED): 'UNKNOWN_TRANSACTION: '
06-17 14:38:36.568  1871  2342 I SDM     : DisplayBase::CommitThread: Received idle timeout, panel: cmd, timeout: 70000 us
06-17 14:38:36.601  9623 12253 V Capacitor/Plugin: To native (Capacitor plugin): callbackId: 76176011, pluginId: NativeExoPlayback, methodName: getStatus
06-17 14:38:36.602  9623 12253 V Capacitor: callback: 76176011, pluginId: NativeExoPlayback, methodName: getStatus, methodData: {}
06-17 14:38:36.602  9623  9623 I Capacitor/Console: File:  - Line 349 - Msg: [object Object]
06-17 14:38:36.614  9623  9623 I Capacitor/Console: File:  - Line 333 - Msg: {"available":true,"wired":true,"message":"ExoPlayer gapless queue  content:// locker bridge + HTTP streams.","state":"idle","positionSecs":0,"durationSecs":0,"queueIndex":0,"queueLength":0,"gaplessEnabled":true,"crossfadeEnabled":false,"bitPerfectActive":false}
06-17 14:38:36.658  3480 22978 D UsageStatsService: User[0] type=0 b=1781681638092 e=1781681916657 cb=1781617793767 ce=1781681899141 disk=0 all=7
06-17 14:38:36.702  1851 17756 I sensors-hal: handle_oplus_wise_rgb_event:189, high_pwm_light:lux 21.4,cct 5300.0,brl/algo/ir 36.0/2.0/0.0,pwm/dc 0.0/0.0,rgbc 748.390686/566.966492/361.568909/1493.055054,ts 952238380758944,cnt 1414,flag 0
06-17 14:38:36.734  5717  7539 D CommonApp-227-10445: transport layer data is invalid
06-17 14:38:36.741  1960  1986 D BatteryChargeControl: bcc get no support from charging protocol
06-17 14:38:36.789  1960  6585 D charge_time: type=sdp,reserve_soc=3,soc=79,ui_soc=82,current=140,avg=145,not_chg_cnt=0,stable_cnt=7,fcc=4226,fcc_ratio=82,delta=309,debug=0,region=12,ttf=8555(02:22:35),ui_ttf=6980(01:56:20)
06-17 14:38:36.946 30095 30129 I OplusLog_main_host: [IPhoneConnectionProvider] call: method = get_bound_iphone, callingUid = 10110, callingPid = 10560, callingPackage = com.heytap.accessory
06-17 14:38:36.950 30095 30195 D OplusLog_DeviceKit_com.oplus.linker: [SynergyDeviceManager-246647336] queryOriginalDeviceList from: com.oplus.linker, [11, 12, 6, 10, 8, 16], com.oplus.linker.datalayer.local.LocalDbRepositoryDelegate$getAllSynergyDeviceInfoWithProperty$2$1@5374faa
06-17 14:38:36.961 30095 30195 D OplusLog_DeviceKit_com.oplus.linker: [OpDeviceServiceClient-246647336] queryOriginalDeviceList onResult: []
06-17 14:38:37.002  9623 12253 V Capacitor/Plugin: To native (Capacitor plugin): callbackId: 76176012, pluginId: NativeExoPlayback, methodName: getStatus
06-17 14:38:37.002  9623  9623 I Capacitor/Console: File:  - Line 349 - Msg: [object Object]
06-17 14:38:37.003  9623 12253 V Capacitor: callback: 76176012, pluginId: NativeExoPlayback, methodName: getStatus, methodData: {}
06-17 14:38:37.014  9623  9623 I Capacitor/Console: File:  - Line 333 - Msg: {"available":true,"wired":true,"message":"ExoPlayer gapless queue  content:// locker bridge + HTTP streams.","state":"idle","positionSecs":0,"durationSecs":0,"queueIndex":0,"queueLength":0,"gaplessEnabled":true,"crossfadeEnabled":false,"bitPerfectActive":false}
06-17 14:38:37.103  1851 17883 I sensors-hal: handle_oplus_wise_rgb_event:160, wise_rgb:(1416)(cct,lux,ir)[5300.00, 21.37, 0.000000](rgbc)[748.39, 566.97, 361.57, 1493.06](pwm,hbm,brl,algo)[0.0 0.0 36.0 2.0],flag 0
06-17 14:38:37.225  1927  2069 I [UAH_CLIENT]: UahPlatformResAcquire
06-17 14:38:37.225  1927  2069 I [UAH_CLIENT]: UahEventAcquire, cmdid:-3, pkg:2138 9274, identity:qcom-perfd
06-17 14:38:37.229  1927  2059 E ANDR-PERF-RESOURCEQS: ANDR-PERF-RESOURCEQS: AddAndApply() 125: Resource with major=16, minor=0 not supported
06-17 14:38:37.248  1927 12815 I [UAH_CLIENT]: UahRelease, handle:419795
06-17 14:38:37.275  3274  3274 I OplusTouchDaemon: ts_run_service: shellback temperature updated 32 (32500)
06-17 14:38:37.282  3480  4187 D osense.compress: com.instagram.android do shrink, target ratio = 45, final ratio = 90, cur ratio = 0
06-17 14:38:37.284  3480  4187 D osense.compress: com.google.android.gms do shrink, target ratio = 45, final ratio = 90, cur ratio = 0
06-17 14:38:37.399  9623 12253 V Capacitor/Plugin: To native (Capacitor plugin): callbackId: 76176013, pluginId: NativeExoPlayback, methodName: getStatus
06-17 14:38:37.400  9623 12253 V Capacitor: callback: 76176013, pluginId: NativeExoPlayback, methodName: getStatus, methodData: {}
06-17 14:38:37.400  9623  9623 I Capacitor/Console: File:  - Line 349 - Msg: [object Object]
06-17 14:38:37.406  9623  9623 I Capacitor/Console: File:  - Line 333 - Msg: {"available":true,"wired":true,"message":"ExoPlayer gapless queue  content:// locker bridge + HTTP streams.","state":"idle","positionSecs":0,"durationSecs":0,"queueIndex":0,"queueLength":0,"gaplessEnabled":true,"crossfadeEnabled":false,"bitPerfectActive":false}
06-17 14:38:37.659  3480  6040 I AICCTModule: SensorFilter: brightness threshold 1.2 screenNit is 2.012943 ave enviroment lux is 18.808617 luxForNit 43.491943demarcationPoint200.0 result is false
06-17 14:38:37.660  3480  6040 I AICCTModule: SensorFilter: findSecondNearestValue, sensorValue: 5300.0 nearestMaxValue:5300.0 secondNearestValue: 5300.0
06-17 14:38:37.660  3480  6040 I AICCTModule: SensorFilter: findSecondNearestValue, sensorValue: 18.613827 nearestMaxValue:18.613827 secondNearestValue: 18.613827
06-17 14:38:37.737  4908  5001 I SystemUi--Statusbar: OplusNetworkSpeedControllExImpl-->updateNetworkSpeed: isConnected:true,isSwitchOn:true,isSuspend:false,isPause:false
06-17 14:38:37.740  4908  5001 I SystemUi--Statusbar: OplusNetworkSpeedControllExImpl-->getTotalByte: totalRxBytes:20700443588,totalTxBytes:1848547665,loopbackTxBytes:73545937,loopbackRxBytes:59624661 ,totalBytes:22415820655
06-17 14:38:37.743  1960  1986 D BatteryChargeControl: bcc get no support from charging protocol
06-17 14:38:37.757  5717  7539 D CommonApp-227-10445: transport layer data is invalid
06-17 14:38:37.764  1927  2069 I [UAH_CLIENT]: UahPlatformResAcquire
06-17 14:38:37.764  1927  2069 I [UAH_CLIENT]: UahEventAcquire, cmdid:-3, pkg:2138 9271, identity:qcom-perfd
06-17 14:38:37.768  1927  2059 E ANDR-PERF-RESOURCEQS: ANDR-PERF-RESOURCEQS: AddAndApply() 125: Resource with major=16, minor=0 not supported
06-17 14:38:37.785  1927 12817 I [UAH_CLIENT]: UahRelease, handle:419796
06-17 14:38:37.791  1960  6585 D charge_time: type=sdp,reserve_soc=3,soc=79,ui_soc=82,current=140,avg=142,not_chg_cnt=0,stable_cnt=7,fcc=4226,fcc_ratio=82,delta=310,debug=0,region=12,ttf=8741(02:25:41),ui_ttf=6979(01:56:19)
06-17 14:38:37.800  9623  9623 I Capacitor/Console: File:  - Line 349 - Msg: [object Object]
06-17 14:38:37.801  9623 12253 V Capacitor/Plugin: To native (Capacitor plugin): callbackId: 76176014, pluginId: NativeExoPlayback, methodName: getStatus
06-17 14:38:37.801  9623 12253 V Capacitor: callback: 76176014, pluginId: NativeExoPlayback, methodName: getStatus, methodData: {}
06-17 14:38:37.807  9623  9623 I Capacitor/Console: File:  - Line 333 - Msg: {"available":true,"wired":true,"message":"ExoPlayer gapless queue  content:// locker bridge + HTTP streams.","state":"idle","positionSecs":0,"durationSecs":0,"queueIndex":0,"queueLength":0,"gaplessEnabled":true,"crossfadeEnabled":false,"bitPerfectActive":false}
06-17 14:38:37.944 10754 10789 I ForwardSyncCache: reclaimMemory: Clearing caches
06-17 14:38:37.945 10754 10789 I BugleSpam: HadesBitmapStore: Purged 0 images during memory reclamation
06-17 14:38:37.945 10754 10789 I BugleRestore: reclaimMemory: Clearing persistent caches
06-17 14:38:37.947 10754 10789 W Bugle   : TextClassifierLibManagerImpl: Reclaiming memory at level: 40
06-17 14:38:38.064  3084  3084 I cnss-daemon: nl80211 response handler invoked
06-17 14:38:38.064  3084  3084 I cnss-daemon: nl80211_response_handler: cmd 103, vendorID 4980, subcmd 13  received
