07-08 17:52:38.172  3414  3784 I AppsFilter: interaction: PackageSetting{2bf2628 com.android.microdroid.empty_payload/10275} -> PackageSetting{4188373 com.oplus.ndsf/10114} BLOCKED
07-08 17:52:38.173  3414  3784 I AppsFilter: interaction: PackageSetting{8acca2b rd.sheepskin.sandboxmusic/10447} -> PackageSetting{4188373 com.oplus.ndsf/10114} BLOCKED
07-08 17:52:38.174  3414  3784 I AppsFilter: interaction: PackageSetting{41019c3 com.oplus.locationproxy/10173} -> PackageSetting{4188373 com.oplus.ndsf/10114} BLOCKED
07-08 17:52:38.175  3414  3784 I AppsFilter: interaction: PackageSetting{2869240 com.android.certinstaller/10210} -> PackageSetting{4188373 com.oplus.ndsf/10114} BLOCKED
07-08 17:52:38.175  3414  3784 I AppsFilter: interaction: PackageSetting{cd08f1f com.oplus.location/10218} -> PackageSetting{4188373 com.oplus.ndsf/10114} BLOCKED
07-08 17:52:38.199  3414  3414 D LockSettingsService: [getSeparateProfileChallengeEnabled] userId = 12
07-08 17:52:38.200  3414  4410 V AccessibilityManagerService: onUserStateChangedLocked for user 0 with forceUpdate: false mEnabledServices = [ComponentInfo{com.android.systemui.accessibility.accessibilitymenu/com.android.systemui.accessibility.accessibilitymenu.AccessibilityMenuService}] mCrashedServices = [] hasMagnificationConnection=false
07-08 17:52:38.201  3414  4410 W MagnificationConnectionManager: requestConnection duplicated request: connect=false, mConnectionState=DISCONNECTED
07-08 17:52:38.206  3414  3414 D AccessibilityManagerService: [updateInputFilter] flags = 4, mInputFilter=com.android.server.accessibility.AccessibilityInputFilter@bebb322, mHasInputFilter=true, mForceSetInputFilter=false
07-08 17:52:38.212  3414  4405 I VibrationEffectConvertor: onInputMethodListUpdated received, info.size = 4
07-08 17:52:38.212  3414  4405 I VibrationEffectConvertor: userid = 0, packageName = com.google.android.tts
07-08 17:52:38.212  3414  4405 I VibrationEffectConvertor: userid = 0, packageName = helium314.keyboard
07-08 17:52:38.212  3414  4405 I VibrationEffectConvertor: userid = 0, packageName = com.google.android.inputmethod.latin
07-08 17:52:38.212  3414  4405 I VibrationEffectConvertor: userid = 0, packageName = com.oplus.securitykeyboard
07-08 17:52:38.839  3414  4405 D InputMethodManagerService: isSecurity: attribute.packageName = rd.sheepskin.sandboxmusic mCurMethodId = com.google.android.inputmethod.latin/com.android.inputmethod.latin.LatinIME isSecurity = false ( enable = false needShow = false inBlackList = false isExist = true )
07-08 17:52:38.850  3414  4746 W PackageConfigPersister: App-specific configuration not found for packageName: rd.sheepskin.sandboxmusic and userId: 0
07-08 17:52:39.719  3414  3440 W PackageConfigPersister: App-specific configuration not found for packageName: rd.sheepskin.sandboxmusic and userId: 0
07-08 17:52:44.874  3414  4755 I AS.FadeOutManager: unfadeOutUid() uid:10447
07-08 17:52:44.878  3031  3031 I AudioManager: dispatching onAudioFocusChange(-3) to android.media.AudioManager@8c0e15frd.sheepskin.sandboxmusic.AndroidAudioSessionHelper$$ExternalSyntheticLambda0@d4517ac
07-08 17:52:44.883  3414  3440 I MediaSessionStack: addSession to bottom of stack | record: rd.sheepskin.sandboxmusic/SovereignMusicConsole/8564 (userId=0)
07-08 17:52:44.885  3414  3414 I OplusMediaControlService: onActiveSessionsChanged begin
07-08 17:52:44.885  3414  3414 I OplusMediaControlService: onEventFromMediaControllerList controller size = 0
07-08 17:52:44.886  3414  3414 I OplusMediaControlService: updateControllerMap begin
07-08 17:52:44.886  3414  3414 I OplusMediaControlService: updataPlayStateMap begin
07-08 17:52:44.886  3414  3414 I OplusMediaControlService: updateMetadataMap begin
07-08 17:52:44.886  3414  3414 I OplusMediaControlService: updatePlayerInfoList event = com.oplus.media.OplusMediaEvent@d19a782
07-08 17:52:44.886  3414  3414 I OplusMediaControlService: sendOnEventMessage begin, eventType: 6, observer: android.os.BinderProxy@53ef40b
07-08 17:52:44.886  3414  3414 I OplusMediaControlService: on event EventType: 6
07-08 17:52:44.886  3414  4755 I OplusMediaControlService: unregisterEventObserver start, observer: android.os.BinderProxy@53ef40b, callerUid: 10208
07-08 17:52:44.887  3414  4755 I OplusMediaControlService: unregisterEventObserver successfully.
07-08 17:52:44.887  3414  3440 I OplusMediaControlService: registerEventObserver start, observer: android.os.BinderProxy@53ef40b, callerUid: 10208
07-08 17:52:44.887  3414  3414 I OplusMediaControlService: onActiveSessionsChanged begin
07-08 17:52:44.888  3414  3414 I OplusMediaControlService: onEventFromMediaControllerList controller size = 1
07-08 17:52:44.888  3414  3414 I OplusMediaControlService: getPlayerInfo, playerId: 92737444, pkgname: rd.sheepskin.sandboxmusic
07-08 17:52:44.888  3414  3414 I OplusMediaControlService: updateControllerMap begin
07-08 17:52:44.888  3414  3414 I OplusMediaControlService: updataPlayStateMap begin
07-08 17:52:44.888  3414  3414 I OplusMediaControlService: updateMetadataMap begin
07-08 17:52:44.888  3414  3414 I OplusMediaControlService: updatePlayerInfoList event = com.oplus.media.OplusMediaEvent@669fed0
07-08 17:52:44.888  3414  3414 I OplusMediaControlService: sendOnEventMessage begin, eventType: 6, observer: android.os.BinderProxy@53ef40b
07-08 17:52:44.888  3414  3414 I OplusMediaControlService: on event EventType: 6
07-08 17:52:44.889  3414  4746 I OplusMediaControlService: sendEvent type: 2, player: 92737444
07-08 17:52:44.889  3414  4746 I OplusMediaControlService: onEventFromRequestData: 1, player: 92737444
07-08 17:52:44.889  3414  4746 E OplusMediaControlService: getTitleAndArtist is null
07-08 17:52:44.889  3414  4746 E OplusMediaControlService: getMediaMetadata is null
07-08 17:52:44.889  3414  3440 I ActivityManager: Background started FGS: Allowed [callingPackage: rd.sheepskin.sandboxmusic; callingUid: 10447; uidState: TOP ; uidBFSL: [BFSL]; intent: Intent { act=rd.sheepskin.sandboxmusic.action.MEDIA_STOP xflg=0x4 cmp=rd.sheepskin.sandboxmusic/.MediaPlaybackForegroundService mCallingUid=10447 }; code:PROC_STATE_TOP; tempAllowListReason:<,reasonCode:SYSTEM_ALLOW_LISTED,duration:9223372036854775807,callingUid:-1>; allowWiu:12; targetSdkVersion:36; callerTargetSdkVersion:36; startForegroundCount:0; bindFromPackage:null: isBindService:false]
07-08 17:52:44.889  3414  4746 D OplusMediaControlService: players is empty
07-08 17:52:44.890  3414  4755 I OplusMediaControlService: sendEvent type: 2, player: 92737444
07-08 17:52:44.890  3414  4755 I OplusMediaControlService: onEventFromRequestData: 2, player: 92737444
07-08 17:52:44.890  3414  4755 E OplusMediaControlService: playbackState is null
07-08 17:52:44.890  3414  4755 D OplusMediaControlService: players is empty
07-08 17:52:44.891  3414  4746 I OplusMediaControlService: unregisterEventObserver start, observer: android.os.BinderProxy@53ef40b, callerUid: 10208
07-08 17:52:44.891  3414  4746 I OplusMediaControlService: unregisterEventObserver successfully.
07-08 17:52:44.892  3414  3660 D NotificationService--OplusNotificationFixHelper: fixAppIcon: pkg=rd.sheepskin.sandboxmusic
07-08 17:52:44.892  3414  3660 D NotificationService--OplusNotificationFixHelper: fixAppIcon: appIcon = null, pkg = rd.sheepskin.sandboxmusic
07-08 17:52:44.892  3414  8731 I OplusMediaControlService: registerEventObserver start, observer: android.os.BinderProxy@53ef40b, callerUid: 10208
07-08 17:52:44.894  3414  4746 W ForegroundServiceTypeLoggerModule: Logger should be tracking FGS types correctly for UID 10447 in package rd.sheepskin.sandboxmusic
07-08 17:52:44.895  3414  3660 I OplusStatusBarManagerServiceEnhance:  getTopIsFullscreen mTopIsFullscreen: false
07-08 17:52:44.897  3414  3414 D NotificationService--OplusNotificationManagerServiceExtImpl: isForwardToAssistants: true, case : Is local notification
07-08 17:52:44.897  3414  3414 D NotificationService: This application enqueue notifications is need postDelayed mcsAssistantDelayTime: 200
07-08 17:52:44.898  3414  6025 I MediaSessionStack: removeSession | record: rd.sheepskin.sandboxmusic/SovereignMusicConsole/8564 (userId=0)
07-08 17:52:44.901  3414  3414 I OplusMediaControlService: onActiveSessionsChanged begin
07-08 17:52:44.901  3414  3414 I OplusMediaControlService: onEventFromMediaControllerList controller size = 0
07-08 17:52:44.901  3414  3414 I OplusMediaControlService: updateControllerMap begin
07-08 17:52:44.901  3414  3414 I OplusMediaControlService: updataPlayStateMap begin
07-08 17:52:44.901  3414  3414 I OplusMediaControlService: updateMetadataMap begin
07-08 17:52:44.901  3414  3414 I OplusMediaControlService: updatePlayerInfoList event = com.oplus.media.OplusMediaEvent@d6ccd0b
07-08 17:52:44.901  3414  3414 I OplusMediaControlService: sendOnEventMessage begin, eventType: 6, observer: android.os.BinderProxy@53ef40b
07-08 17:52:44.903  3414  3414 I OplusMediaControlService: on event EventType: 6
07-08 17:52:44.903  3414  3414 I OplusMediaControlService: onActiveSessionsChanged begin
07-08 17:52:44.903  3414  3414 I OplusMediaControlService: onEventFromMediaControllerList controller size = 0
07-08 17:52:44.903  3414  3414 I OplusMediaControlService: updateControllerMap begin
07-08 17:52:44.903  3414  3414 I OplusMediaControlService: updataPlayStateMap begin
07-08 17:52:44.903  3414  3414 I OplusMediaControlService: updateMetadataMap begin
07-08 17:52:44.903  3414  3414 I OplusMediaControlService: updatePlayerInfoList event = com.oplus.media.OplusMediaEvent@f4ed7e8
07-08 17:52:44.903  3414  3414 I OplusMediaControlService: sendOnEventMessage begin, eventType: 6, observer: android.os.BinderProxy@53ef40b
07-08 17:52:44.903  3414  3414 I OplusMediaControlService: on event EventType: 6
07-08 17:52:44.904  3414  8731 I OplusMediaControlService: unregisterEventObserver start, observer: android.os.BinderProxy@53ef40b, callerUid: 10208
07-08 17:52:44.904  3414  8731 I OplusMediaControlService: unregisterEventObserver successfully.
07-08 17:52:44.904  3414  4746 I OplusMediaControlService: registerEventObserver start, observer: android.os.BinderProxy@53ef40b, callerUid: 10208
07-08 17:52:44.905  3414  6025 I OplusMediaControlService: unregisterEventObserver start, observer: android.os.BinderProxy@53ef40b, callerUid: 10208
07-08 17:52:44.905  3414  6025 I OplusMediaControlService: unregisterEventObserver successfully.
07-08 17:52:44.905  3414  4746 I OplusMediaControlService: registerEventObserver start, observer: android.os.BinderProxy@53ef40b, callerUid: 10208
07-08 17:52:44.929  3414  3631 W QosScheduler: executeSceneQosStrategy failed! qos feature no enable
07-08 17:52:44.932  3414  4746 E AppOps  : attributionTag  not declared in manifest of rd.sheepskin.sandboxmusic
07-08 17:52:44.933  3414  4746 E AppOps  : attributionTag  not declared in manifest of rd.sheepskin.sandboxmusic
07-08 17:52:44.967  3414  6025 I ActivityManager: Background started FGS: Allowed [callingPackage: rd.sheepskin.sandboxmusic; callingUid: 10447; uidState: TOP ; uidBFSL: [BFSL]; intent: Intent { act=rd.sheepskin.sandboxmusic.action.MEDIA_START xflg=0x4 cmp=rd.sheepskin.sandboxmusic/.MediaPlaybackForegroundService mCallingUid=10447 }; code:PROC_STATE_TOP; tempAllowListReason:<,reasonCode:SYSTEM_ALLOW_LISTED,duration:9223372036854775807,callingUid:-1>; allowWiu:12; targetSdkVersion:36; callerTargetSdkVersion:36; startForegroundCount:0; bindFromPackage:null: isBindService:false]
07-08 17:52:44.972  3414  6025 I MediaSessionStack: addSession to bottom of stack | record: rd.sheepskin.sandboxmusic/SovereignMusicConsole/8565 (userId=0)
07-08 17:52:44.973  3414  3414 I OplusMediaControlService: onActiveSessionsChanged begin
07-08 17:52:44.973  3414  3414 I OplusMediaControlService: onEventFromMediaControllerList controller size = 0
07-08 17:52:44.973  3414  3414 I OplusMediaControlService: updateControllerMap begin
07-08 17:52:44.973  3414  3414 I OplusMediaControlService: updataPlayStateMap begin
07-08 17:52:44.973  3414  3414 I OplusMediaControlService: updateMetadataMap begin
07-08 17:52:44.973  3414  3414 I OplusMediaControlService: updatePlayerInfoList event = com.oplus.media.OplusMediaEvent@54bf88a
07-08 17:52:44.973  3414  3414 I OplusMediaControlService: sendOnEventMessage begin, eventType: 6, observer: android.os.BinderProxy@53ef40b
07-08 17:52:44.973  3414  3414 I OplusMediaControlService: on event EventType: 6
07-08 17:52:44.974  3414  6025 I OplusMediaControlService: unregisterEventObserver start, observer: android.os.BinderProxy@53ef40b, callerUid: 10208
07-08 17:52:44.974  3414  6025 I OplusMediaControlService: unregisterEventObserver successfully.
07-08 17:52:44.974  3414  4746 I OplusMediaControlService: registerEventObserver start, observer: android.os.BinderProxy@53ef40b, callerUid: 10208
07-08 17:52:44.976  3414  3414 I OplusMediaControlService: onActiveSessionsChanged begin
07-08 17:52:44.976  3414  3414 I OplusMediaControlService: onEventFromMediaControllerList controller size = 1
07-08 17:52:44.976  3414  3414 I OplusMediaControlService: getPlayerInfo, playerId: 198443020, pkgname: rd.sheepskin.sandboxmusic
07-08 17:52:44.976  3414  3414 I OplusMediaControlService: updateControllerMap begin
07-08 17:52:44.976  3414  3414 I OplusMediaControlService: updataPlayStateMap begin
07-08 17:52:44.976  3414  3414 I OplusMediaControlService: updateMetadataMap begin
07-08 17:52:44.976  3414  3414 I OplusMediaControlService: updatePlayerInfoList event = com.oplus.media.OplusMediaEvent@edc0b18
07-08 17:52:44.976  3414  3414 I OplusMediaControlService: sendOnEventMessage begin, eventType: 6, observer: android.os.BinderProxy@53ef40b
07-08 17:52:44.977  3414  3414 I OplusMediaControlService: on event EventType: 6
07-08 17:52:44.978  3414  8731 I OplusMediaControlService: sendEvent type: 2, player: 198443020
07-08 17:52:44.978  3414  8731 I OplusMediaControlService: onEventFromRequestData: 1, player: 198443020
07-08 17:52:44.978  3414  8731 E OplusMediaControlService: getTitleAndArtist is null
07-08 17:52:44.978  3414  8731 E OplusMediaControlService: getMediaMetadata is null
07-08 17:52:44.978  3414  8731 D OplusMediaControlService: players is empty
07-08 17:52:44.978  3414  4746 I OplusMediaControlService: sendEvent type: 2, player: 198443020
07-08 17:52:44.978  3414  4746 I OplusMediaControlService: onEventFromRequestData: 2, player: 198443020
07-08 17:52:44.978  3414  4746 E OplusMediaControlService: playbackState is null
07-08 17:52:44.978  3414  4746 D OplusMediaControlService: players is empty
07-08 17:52:44.979  3414  3660 D NotificationService--OplusNotificationFixHelper: fixAppIcon: pkg=rd.sheepskin.sandboxmusic
07-08 17:52:44.979  3414  3660 D NotificationService--OplusNotificationFixHelper: fixAppIcon: appIcon = null, pkg = rd.sheepskin.sandboxmusic
07-08 17:52:44.980  3414  3660 I OplusStatusBarManagerServiceEnhance:  getTopIsFullscreen mTopIsFullscreen: false
07-08 17:52:44.981  3414  4746 I OplusMediaControlService: unregisterEventObserver start, observer: android.os.BinderProxy@53ef40b, callerUid: 10208
07-08 17:52:44.981  3414  4746 I OplusMediaControlService: unregisterEventObserver successfully.
07-08 17:52:44.981  3414  3414 D NotificationService--OplusNotificationManagerServiceExtImpl: isForwardToAssistants: true, case : Is local notification
07-08 17:52:44.981  3414  3414 D NotificationService: This application enqueue notifications is need postDelayed mcsAssistantDelayTime: 200
07-08 17:52:44.981  3414  4746 I OplusMediaControlService: registerEventObserver start, observer: android.os.BinderProxy@53ef40b, callerUid: 10208
07-08 17:52:44.984  3414  4746 I AS.FadeOutManager: unfadeOutUid() uid:10447
07-08 17:52:44.989  3414  6025 D NotificationService--OplusNotificationFixHelper: fixAppIcon: pkg=rd.sheepskin.sandboxmusic
07-08 17:52:44.989  3414  6025 D NotificationService--OplusNotificationFixHelper: fixAppIcon: appIcon = null, pkg = rd.sheepskin.sandboxmusic
07-08 17:52:44.989  3414  6025 I OplusStatusBarManagerServiceEnhance:  getTopIsFullscreen mTopIsFullscreen: false
07-08 17:52:44.989  3414  6025 W ActivityManager: Permission Denial: getTopApplicationInfo from pid=3031, uid=10447 requires oplus.permission.OPLUS_COMPONENT_SAFE
07-08 17:52:44.990  3414  3414 D NotificationService--OplusNotificationManagerServiceExtImpl: isForwardToAssistants: true, case : Is local notification
07-08 17:52:44.990  3414  3414 D NotificationService: This application enqueue notifications is need postDelayed mcsAssistantDelayTime: 200
07-08 17:52:44.994  3414  4746 D NotificationService--OplusNotificationFixHelper: fixAppIcon: pkg=rd.sheepskin.sandboxmusic
07-08 17:52:44.994  3414  4746 D NotificationService--OplusNotificationFixHelper: fixAppIcon: appIcon = null, pkg = rd.sheepskin.sandboxmusic
07-08 17:52:44.995  3414  4746 I OplusStatusBarManagerServiceEnhance:  getTopIsFullscreen mTopIsFullscreen: false
07-08 17:52:44.995  3414  4746 W ActivityManager: Permission Denial: getTopApplicationInfo from pid=3031, uid=10447 requires oplus.permission.OPLUS_COMPONENT_SAFE
07-08 17:52:45.000  3414  3414 D NotificationService--OplusNotificationManagerServiceExtImpl: isForwardToAssistants: true, case : Is local notification
07-08 17:52:45.000  3414  3414 D NotificationService: This application enqueue notifications is need postDelayed mcsAssistantDelayTime: 200
07-08 17:52:45.006  3414  4746 E AppOps  : attributionTag  not declared in manifest of rd.sheepskin.sandboxmusic
07-08 17:52:45.007  3414  3440 E AppOps  : attributionTag  not declared in manifest of rd.sheepskin.sandboxmusic
07-08 17:52:45.011  3414  4755 E AppOps  : attributionTag  not declared in manifest of rd.sheepskin.sandboxmusic
07-08 17:52:45.012  3414  4755 E AppOps  : attributionTag  not declared in manifest of rd.sheepskin.sandboxmusic
07-08 17:52:45.019  3414  4755 D NotificationService--OplusNotificationFixHelper: fixAppIcon: pkg=rd.sheepskin.sandboxmusic
07-08 17:52:45.019  3414  4755 D NotificationService--OplusNotificationFixHelper: fixAppIcon: appIcon = null, pkg = rd.sheepskin.sandboxmusic
07-08 17:52:45.019  3414  4755 I OplusStatusBarManagerServiceEnhance:  getTopIsFullscreen mTopIsFullscreen: false
07-08 17:52:45.019  3414  4755 W ActivityManager: Permission Denial: getTopApplicationInfo from pid=3031, uid=10447 requires oplus.permission.OPLUS_COMPONENT_SAFE
07-08 17:52:45.020  3414  3414 D NotificationService--OplusNotificationManagerServiceExtImpl: isForwardToAssistants: true, case : Is local notification
07-08 17:52:45.020  3414  3414 D NotificationService: This application enqueue notifications is need postDelayed mcsAssistantDelayTime: 200
07-08 17:52:45.047  3414  4755 I MediaSessionStack: onPlaybackStateChanged - Pushing session to top | record: rd.sheepskin.sandboxmusic/SovereignMusicConsole/8565 (userId=0)
07-08 17:52:45.050  3414  3440 W AppOps  : Noting op not finished: uid 10447 pkg rd.sheepskin.sandboxmusic code 154 startTime of in progress event=1783529564933
07-08 17:52:45.051  3414  3440 I AS.FadeOutManager: unfadeOutUid() uid:10447
07-08 17:52:45.055  3414  4755 D NotificationService--OplusNotificationFixHelper: fixAppIcon: pkg=rd.sheepskin.sandboxmusic
07-08 17:52:45.055  3414  4755 D NotificationService--OplusNotificationFixHelper: fixAppIcon: appIcon = null, pkg = rd.sheepskin.sandboxmusic
07-08 17:52:45.055  3414  4755 I OplusStatusBarManagerServiceEnhance:  getTopIsFullscreen mTopIsFullscreen: false
07-08 17:52:45.056  3414  4755 W ActivityManager: Permission Denial: getTopApplicationInfo from pid=3031, uid=10447 requires oplus.permission.OPLUS_COMPONENT_SAFE
07-08 17:52:45.056  3414  3414 D NotificationService--OplusNotificationManagerServiceExtImpl: isForwardToAssistants: true, case : Is local notification
07-08 17:52:45.056  3414  3414 D NotificationService: This application enqueue notifications is need postDelayed mcsAssistantDelayTime: 200
07-08 17:52:45.060  3414  4755 W AppOps  : Noting op not finished: uid 10447 pkg rd.sheepskin.sandboxmusic code 154 startTime of in progress event=1783529564933
07-08 17:52:45.060  3414  4755 I AS.FadeOutManager: unfadeOutUid() uid:10447
07-08 17:52:45.064  3414  3440 D NotificationService--OplusNotificationFixHelper: fixAppIcon: pkg=rd.sheepskin.sandboxmusic
07-08 17:52:45.064  3414  3440 D NotificationService--OplusNotificationFixHelper: fixAppIcon: appIcon = null, pkg = rd.sheepskin.sandboxmusic
07-08 17:52:45.064  3414  3440 I OplusStatusBarManagerServiceEnhance:  getTopIsFullscreen mTopIsFullscreen: false
07-08 17:52:45.064  3414  3440 W ActivityManager: Permission Denial: getTopApplicationInfo from pid=3031, uid=10447 requires oplus.permission.OPLUS_COMPONENT_SAFE
07-08 17:52:45.065  3414  3414 D NotificationService--OplusNotificationManagerServiceExtImpl: isForwardToAssistants: true, case : Is local notification
07-08 17:52:45.065  3414  3414 D NotificationService: This application enqueue notifications is need postDelayed mcsAssistantDelayTime: 200
07-08 17:52:45.069  3414  3440 D NotificationService--OplusNotificationFixHelper: fixAppIcon: pkg=rd.sheepskin.sandboxmusic
07-08 17:52:45.069  3414  3440 D NotificationService--OplusNotificationFixHelper: fixAppIcon: appIcon = null, pkg = rd.sheepskin.sandboxmusic
07-08 17:52:45.069  3414  3440 I OplusStatusBarManagerServiceEnhance:  getTopIsFullscreen mTopIsFullscreen: false
07-08 17:52:45.069  3414  3440 W ActivityManager: Permission Denial: getTopApplicationInfo from pid=3031, uid=10447 requires oplus.permission.OPLUS_COMPONENT_SAFE
07-08 17:52:45.070  3414  3414 D NotificationService--OplusNotificationManagerServiceExtImpl: isForwardToAssistants: true, case : Is local notification
07-08 17:52:45.070  3414  3414 D NotificationService: This application enqueue notifications is need postDelayed mcsAssistantDelayTime: 200
07-08 17:52:45.073  3414  8731 D NotificationService--OplusNotificationFixHelper: fixAppIcon: pkg=rd.sheepskin.sandboxmusic
07-08 17:52:45.073  3414  8731 D NotificationService--OplusNotificationFixHelper: fixAppIcon: appIcon = null, pkg = rd.sheepskin.sandboxmusic
07-08 17:52:45.073  3414  8731 I OplusStatusBarManagerServiceEnhance:  getTopIsFullscreen mTopIsFullscreen: false
07-08 17:52:45.073  3414  8731 W ActivityManager: Permission Denial: getTopApplicationInfo from pid=3031, uid=10447 requires oplus.permission.OPLUS_COMPONENT_SAFE
07-08 17:52:45.074  3414  3414 D NotificationService--OplusNotificationManagerServiceExtImpl: isForwardToAssistants: true, case : Is local notification
07-08 17:52:45.074  3414  3414 D NotificationService: This application enqueue notifications is need postDelayed mcsAssistantDelayTime: 200
07-08 17:52:45.074  3414  4755 D NotificationService--OplusNotificationFixHelper: fixAppIcon: pkg=rd.sheepskin.sandboxmusic
07-08 17:52:45.075  3414  4755 D NotificationService--OplusNotificationFixHelper: fixAppIcon: appIcon = null, pkg = rd.sheepskin.sandboxmusic
07-08 17:52:45.075  3414  4755 I OplusStatusBarManagerServiceEnhance:  getTopIsFullscreen mTopIsFullscreen: false
07-08 17:52:45.075  3414  4755 W ActivityManager: Permission Denial: getTopApplicationInfo from pid=3031, uid=10447 requires oplus.permission.OPLUS_COMPONENT_SAFE
07-08 17:52:45.076  3414  3414 D NotificationService--OplusNotificationManagerServiceExtImpl: isForwardToAssistants: true, case : Is local notification
07-08 17:52:45.076  3414  3414 D NotificationService: This application enqueue notifications is need postDelayed mcsAssistantDelayTime: 200
07-08 17:52:45.102  3414  3414 D LockSettingsService: [getSeparateProfileChallengeEnabled] userId = 12
07-08 17:52:45.102  3414  3414 D LockSettingsService: [getSeparateProfileChallengeEnabled] userId = 12
07-08 17:52:45.113  3414  3414 W NotificationHistory: Attempted to add notif for locked/gone/disabled user 0
07-08 17:52:45.118  3414  4391 W ForegroundServiceTypeLoggerModule: Logger should be tracking FGS types correctly for UID 10447 in package rd.sheepskin.sandboxmusic
07-08 17:52:45.120  3414  3631 W QosSceneRecognizer[NotificationScene]: get pid failed while enterNotificationScene, processInfos is null! uid: -1
07-08 17:52:45.122  3414  3414 I OplusMediaControlService: onActiveSessionsChanged begin
07-08 17:52:45.122  3414  3414 I OplusMediaControlService: onEventFromMediaControllerList controller size = 0
07-08 17:52:45.122  3414  3414 I OplusMediaControlService: updateControllerMap begin
07-08 17:52:45.122  3414  3414 I OplusMediaControlService: updataPlayStateMap begin
07-08 17:52:45.122  3414  3414 I OplusMediaControlService: updateMetadataMap begin
07-08 17:52:45.122  3414  3414 I OplusMediaControlService: updatePlayerInfoList event = com.oplus.media.OplusMediaEvent@8fd5b7
07-08 17:52:45.122  3414  3414 I OplusMediaControlService: sendOnEventMessage begin, eventType: 6, observer: android.os.BinderProxy@53ef40b
07-08 17:52:45.123  3414  8738 I MediaSessionStack: removeSession | record: rd.sheepskin.sandboxmusic/SovereignMusicConsole/8565 (userId=0)
07-08 17:52:45.124  3414  3414 D NotificationGroupType: maybeUngroupOplus:after all cleared
07-08 17:52:45.124  3414  3414 I OplusMediaControlService: on event EventType: 6
07-08 17:52:45.125  3414  4859 W MediaSessionRecord: error unlinking to binder death
07-08 17:52:45.125  3414  4859 W MediaSessionRecord: java.util.NoSuchElementException: Death link does not exist (NAME_NOT_FOUND)
07-08 17:52:45.125  3414  4859 W MediaSessionRecord: 	at android.os.BinderProxy.unlinkToDeathNative(Native Method)
07-08 17:52:45.125  3414  4859 W MediaSessionRecord: 	at android.os.BinderProxy.unlinkToDeath(BinderProxy.java:766)
07-08 17:52:45.125  3414  4859 W MediaSessionRecord: 	at com.android.server.media.MediaSessionRecord$ControllerStub.unregisterCallback(MediaSessionRecord.java:1820)
07-08 17:52:45.125  3414  4859 W MediaSessionRecord: 	at android.media.session.ISessionController$Stub.onTransact(ISessionController.java:396)
07-08 17:52:45.125  3414  4859 W MediaSessionRecord: 	at android.os.Binder.execTransactInternal(Binder.java:1443)
07-08 17:52:45.125  3414  4859 W MediaSessionRecord: 	at android.os.Binder.execTransact(Binder.java:1382)
07-08 17:52:45.126  3414  3414 I OplusMediaControlService: onActiveSessionsChanged begin
07-08 17:52:45.126  3414  3414 I OplusMediaControlService: onEventFromMediaControllerList controller size = 0
07-08 17:52:45.126  3414  3414 I OplusMediaControlService: updateControllerMap begin
07-08 17:52:45.126  3414  3414 I OplusMediaControlService: updataPlayStateMap begin
07-08 17:52:45.126  3414  3414 I OplusMediaControlService: updateMetadataMap begin
07-08 17:52:45.126  3414  3414 I OplusMediaControlService: updatePlayerInfoList event = com.oplus.media.OplusMediaEvent@138d48d
07-08 17:52:45.126  3414  3414 I OplusMediaControlService: sendOnEventMessage begin, eventType: 6, observer: android.os.BinderProxy@53ef40b
07-08 17:52:45.126  3414  3414 I OplusMediaControlService: on event EventType: 6
07-08 17:52:45.168  3414  8731 I OplusMediaControlService: unregisterEventObserver start, observer: android.os.BinderProxy@53ef40b, callerUid: 10208
07-08 17:52:45.168  3414  8731 I OplusMediaControlService: unregisterEventObserver successfully.
07-08 17:52:45.169  3414  8465 I OplusMediaControlService: registerEventObserver start, observer: android.os.BinderProxy@53ef40b, callerUid: 10208
07-08 17:52:45.169  3414  4391 I OplusMediaControlService: unregisterEventObserver start, observer: android.os.BinderProxy@53ef40b, callerUid: 10208
07-08 17:52:45.169  3414  4391 I OplusMediaControlService: unregisterEventObserver successfully.
07-08 17:52:45.169  3414  8741 I OplusMediaControlService: registerEventObserver start, observer: android.os.BinderProxy@53ef40b, callerUid: 10208
07-08 17:52:45.184  3414  3414 I NotificationService: Cannot find enqueued record for key: 0|rd.sheepskin.sandboxmusic|88001|null|10447
07-08 17:52:45.192  3414  3414 I NotificationService: Cannot find enqueued record for key: 0|rd.sheepskin.sandboxmusic|88001|null|10447
07-08 17:52:45.203  3414  3414 I NotificationService: Cannot find enqueued record for key: 0|rd.sheepskin.sandboxmusic|88001|null|10447
07-08 17:52:45.223  3414  3414 I NotificationService: Cannot find enqueued record for key: 0|rd.sheepskin.sandboxmusic|88001|null|10447
07-08 17:52:45.257  3414  3414 I NotificationService: Cannot find enqueued record for key: 0|rd.sheepskin.sandboxmusic|88001|null|10447
07-08 17:52:45.266  3414  3414 I NotificationService: Cannot find enqueued record for key: 0|rd.sheepskin.sandboxmusic|88001|null|10447
07-08 17:52:45.273  3414  3414 I NotificationService: Cannot find enqueued record for key: 0|rd.sheepskin.sandboxmusic|88001|null|10447
07-08 17:52:45.275  3414  3414 I NotificationService: Cannot find enqueued record for key: 0|rd.sheepskin.sandboxmusic|88001|null|10447
07-08 17:52:45.278  3414  3414 I NotificationService: Cannot find enqueued record for key: 0|rd.sheepskin.sandboxmusic|88001|null|10447
07-08 17:52:45.293  3414  8731 I MediaSessionStack: addSession to bottom of stack | record: rd.sheepskin.sandboxmusic/SovereignMusicConsole/8566 (userId=0)
07-08 17:52:45.295  3414  3414 I OplusMediaControlService: onActiveSessionsChanged begin
07-08 17:52:45.295  3414  3414 I OplusMediaControlService: onEventFromMediaControllerList controller size = 0
07-08 17:52:45.296  3414  3414 I OplusMediaControlService: updateControllerMap begin
07-08 17:52:45.296  3414  3414 I OplusMediaControlService: updataPlayStateMap begin
07-08 17:52:45.296  3414  3414 I OplusMediaControlService: updateMetadataMap begin
07-08 17:52:45.297  3414  3414 I OplusMediaControlService: updatePlayerInfoList event = com.oplus.media.OplusMediaEvent@8bbfccb
07-08 17:52:45.297  3414  3414 I OplusMediaControlService: sendOnEventMessage begin, eventType: 6, observer: android.os.BinderProxy@53ef40b
07-08 17:52:45.299  3414  4391 I ActivityManager: Background started FGS: Allowed [callingPackage: rd.sheepskin.sandboxmusic; callingUid: 10447; uidState: TOP ; uidBFSL: [BFSL]; intent: Intent { act=rd.sheepskin.sandboxmusic.action.MEDIA_STOP xflg=0x4 cmp=rd.sheepskin.sandboxmusic/.MediaPlaybackForegroundService mCallingUid=10447 }; code:PROC_STATE_TOP; tempAllowListReason:<,reasonCode:SYSTEM_ALLOW_LISTED,duration:9223372036854775807,callingUid:-1>; allowWiu:12; targetSdkVersion:36; callerTargetSdkVersion:36; startForegroundCount:0; bindFromPackage:null: isBindService:false]
07-08 17:52:45.302  3414  3414 I OplusMediaControlService: on event EventType: 6
07-08 17:52:45.302  3414  3660 D NotificationService--OplusNotificationFixHelper: fixAppIcon: pkg=rd.sheepskin.sandboxmusic
07-08 17:52:45.302  3414  3660 D NotificationService--OplusNotificationFixHelper: fixAppIcon: appIcon = null, pkg = rd.sheepskin.sandboxmusic
07-08 17:52:45.302  3414  3414 I OplusMediaControlService: onActiveSessionsChanged begin
07-08 17:52:45.303  3414  3414 I OplusMediaControlService: onEventFromMediaControllerList controller size = 1
07-08 17:52:45.303  3414  8741 W ForegroundServiceTypeLoggerModule: Logger should be tracking FGS types correctly for UID 10447 in package rd.sheepskin.sandboxmusic
07-08 17:52:45.303  3414  3414 I OplusMediaControlService: getPlayerInfo, playerId: 56224782, pkgname: rd.sheepskin.sandboxmusic
07-08 17:52:45.305  3414  3660 I OplusStatusBarManagerServiceEnhance:  getTopIsFullscreen mTopIsFullscreen: false
07-08 17:52:45.306  3414  3414 I OplusMediaControlService: updateControllerMap begin
07-08 17:52:45.306  3414  3414 I OplusMediaControlService: updataPlayStateMap begin
07-08 17:52:45.306  3414  3414 I OplusMediaControlService: updateMetadataMap begin
07-08 17:52:45.306  3414  3414 I OplusMediaControlService: updatePlayerInfoList event = com.oplus.media.OplusMediaEvent@c5623f2
07-08 17:52:45.306  3414  3414 I OplusMediaControlService: sendOnEventMessage begin, eventType: 6, observer: android.os.BinderProxy@53ef40b
07-08 17:52:45.306  3414  8731 I OplusMediaControlService: unregisterEventObserver start, observer: android.os.BinderProxy@53ef40b, callerUid: 10208
07-08 17:52:45.306  3414  8731 I OplusMediaControlService: unregisterEventObserver successfully.
07-08 17:52:45.307  3414  8465 I OplusMediaControlService: registerEventObserver start, observer: android.os.BinderProxy@53ef40b, callerUid: 10208
07-08 17:52:45.309  3414  8731 I MediaSessionStack: removeSession | record: rd.sheepskin.sandboxmusic/SovereignMusicConsole/8566 (userId=0)
07-08 17:52:45.309  3414  3414 D NotificationService--OplusNotificationManagerServiceExtImpl: isForwardToAssistants: true, case : Is local notification
07-08 17:52:45.309  3414  3414 D NotificationService: This application enqueue notifications is need postDelayed mcsAssistantDelayTime: 200
07-08 17:52:45.310  3414  3414 I OplusMediaControlService: on event EventType: 6
07-08 17:52:45.311  3414  3414 I OplusMediaControlService: onActiveSessionsChanged begin
07-08 17:52:45.311  3414  3414 I OplusMediaControlService: onEventFromMediaControllerList controller size = 0
07-08 17:52:45.311  3414  3414 I OplusMediaControlService: updateControllerMap begin
07-08 17:52:45.311  3414  3414 I OplusMediaControlService: updataPlayStateMap begin
07-08 17:52:45.311  3414  3414 I OplusMediaControlService: updateMetadataMap begin
07-08 17:52:45.311  3414  3414 I OplusMediaControlService: updatePlayerInfoList event = com.oplus.media.OplusMediaEvent@7f468c0
07-08 17:52:45.311  3414  8731 I OplusMediaControlService: sendEvent type: 2, player: 56224782
07-08 17:52:45.311  3414  3414 I OplusMediaControlService: sendOnEventMessage begin, eventType: 6, observer: android.os.BinderProxy@53ef40b
07-08 17:52:45.311  3414  8731 E OplusMediaControlService: sendEventNullControl error eventType is: 2, player = 56224782
07-08 17:52:45.311  3414  8465 I OplusMediaControlService: sendEvent type: 2, player: 56224782
07-08 17:52:45.311  3414  8465 E OplusMediaControlService: sendEventNullControl error eventType is: 2, player = 56224782
07-08 17:52:45.312  3414  8465 I OplusMediaControlService: unregisterEventObserver start, observer: android.os.BinderProxy@53ef40b, callerUid: 10208
07-08 17:52:45.312  3414  8465 I OplusMediaControlService: unregisterEventObserver successfully.
07-08 17:52:45.313  3414  3414 I OplusMediaControlService: on event EventType: 6
07-08 17:52:45.313  3414  8741 I OplusMediaControlService: registerEventObserver start, observer: android.os.BinderProxy@53ef40b, callerUid: 10208
07-08 17:52:45.313  3414  3414 I OplusMediaControlService: onActiveSessionsChanged begin
07-08 17:52:45.313  3414  3414 I OplusMediaControlService: onEventFromMediaControllerList controller size = 0
07-08 17:52:45.313  3414  3414 I OplusMediaControlService: updateControllerMap begin
07-08 17:52:45.313  3414  3414 I OplusMediaControlService: updataPlayStateMap begin
07-08 17:52:45.313  3414  3414 I OplusMediaControlService: updateMetadataMap begin
07-08 17:52:45.313  3414  3414 I OplusMediaControlService: updatePlayerInfoList event = com.oplus.media.OplusMediaEvent@f7b49f9
07-08 17:52:45.313  3414  3414 I OplusMediaControlService: sendOnEventMessage begin, eventType: 6, observer: android.os.BinderProxy@53ef40b
07-08 17:52:45.313  3414  3414 I OplusMediaControlService: on event EventType: 6
07-08 17:52:45.313  3414  8741 I OplusMediaControlService: unregisterEventObserver start, observer: android.os.BinderProxy@53ef40b, callerUid: 10208
07-08 17:52:45.313  3414  8741 I OplusMediaControlService: unregisterEventObserver successfully.
07-08 17:52:45.314  3414  8738 I OplusMediaControlService: registerEventObserver start, observer: android.os.BinderProxy@53ef40b, callerUid: 10208
07-08 17:52:45.315  3414  4391 I OplusMediaControlService: unregisterEventObserver start, observer: android.os.BinderProxy@53ef40b, callerUid: 10208
07-08 17:52:45.315  3414  4391 I OplusMediaControlService: unregisterEventObserver successfully.
07-08 17:52:45.315  3414  8731 I OplusMediaControlService: registerEventObserver start, observer: android.os.BinderProxy@53ef40b, callerUid: 10208
07-08 17:52:45.510  3414  3414 I NotificationService: Cannot find enqueued record for key: 0|rd.sheepskin.sandboxmusic|88001|null|10447
07-08 17:52:45.587  3414  8741 I ActivityManager: Background started FGS: Allowed [callingPackage: rd.sheepskin.sandboxmusic; callingUid: 10447; uidState: TOP ; uidBFSL: [BFSL]; intent: Intent { act=rd.sheepskin.sandboxmusic.action.MEDIA_START xflg=0x4 cmp=rd.sheepskin.sandboxmusic/.MediaPlaybackForegroundService mCallingUid=10447 }; code:PROC_STATE_TOP; tempAllowListReason:<,reasonCode:SYSTEM_ALLOW_LISTED,duration:9223372036854775807,callingUid:-1>; allowWiu:12; targetSdkVersion:36; callerTargetSdkVersion:36; startForegroundCount:0; bindFromPackage:null: isBindService:false]
07-08 17:52:45.601  3414  8741 I MediaSessionStack: addSession to bottom of stack | record: rd.sheepskin.sandboxmusic/SovereignMusicConsole/8567 (userId=0)
07-08 17:52:45.602  3414  3414 I OplusMediaControlService: onActiveSessionsChanged begin
07-08 17:52:45.602  3414  3414 I OplusMediaControlService: onEventFromMediaControllerList controller size = 0
07-08 17:52:45.602  3414  3414 I OplusMediaControlService: updateControllerMap begin
07-08 17:52:45.602  3414  3414 I OplusMediaControlService: updataPlayStateMap begin
07-08 17:52:45.602  3414  3414 I OplusMediaControlService: updateMetadataMap begin
07-08 17:52:45.602  3414  3414 I OplusMediaControlService: updatePlayerInfoList event = com.oplus.media.OplusMediaEvent@97f379f
07-08 17:52:45.602  3414  3414 I OplusMediaControlService: sendOnEventMessage begin, eventType: 6, observer: android.os.BinderProxy@53ef40b
07-08 17:52:45.602  3414  3414 I OplusMediaControlService: on event EventType: 6
07-08 17:52:45.605  3414  3414 I OplusMediaControlService: onActiveSessionsChanged begin
07-08 17:52:45.607  3414  3414 I OplusMediaControlService: onEventFromMediaControllerList controller size = 1
07-08 17:52:45.607  3414  3414 I OplusMediaControlService: getPlayerInfo, playerId: 144933097, pkgname: rd.sheepskin.sandboxmusic
07-08 17:52:45.607  3414  3414 I OplusMediaControlService: updateControllerMap begin
07-08 17:52:45.607  3414  3414 I OplusMediaControlService: updataPlayStateMap begin
07-08 17:52:45.607  3414  3414 I OplusMediaControlService: updateMetadataMap begin
07-08 17:52:45.607  3414  3414 I OplusMediaControlService: updatePlayerInfoList event = com.oplus.media.OplusMediaEvent@4673f31
07-08 17:52:45.607  3414  3414 I OplusMediaControlService: sendOnEventMessage begin, eventType: 6, observer: android.os.BinderProxy@53ef40b
07-08 17:52:45.608  3414  3414 I OplusMediaControlService: on event EventType: 6
07-08 17:52:45.609  3414  3660 D NotificationService--OplusNotificationFixHelper: fixAppIcon: pkg=rd.sheepskin.sandboxmusic
07-08 17:52:45.610  3414  3660 D NotificationService--OplusNotificationFixHelper: fixAppIcon: appIcon = null, pkg = rd.sheepskin.sandboxmusic
07-08 17:52:45.610  3414  3660 I OplusStatusBarManagerServiceEnhance:  getTopIsFullscreen mTopIsFullscreen: false
07-08 17:52:45.611  3414  3414 D NotificationService--OplusNotificationManagerServiceExtImpl: isForwardToAssistants: true, case : Is local notification
07-08 17:52:45.611  3414  3414 D NotificationService: This application enqueue notifications is need postDelayed mcsAssistantDelayTime: 200
07-08 17:52:45.612  3414  8731 D NotificationService--OplusNotificationFixHelper: fixAppIcon: pkg=rd.sheepskin.sandboxmusic
07-08 17:52:45.612  3414  8731 D NotificationService--OplusNotificationFixHelper: fixAppIcon: appIcon = null, pkg = rd.sheepskin.sandboxmusic
07-08 17:52:45.613  3414  8465 I OplusMediaControlService: unregisterEventObserver start, observer: android.os.BinderProxy@53ef40b, callerUid: 10208
07-08 17:52:45.613  3414  8465 I OplusMediaControlService: unregisterEventObserver successfully.
07-08 17:52:45.613  3414  8731 I OplusStatusBarManagerServiceEnhance:  getTopIsFullscreen mTopIsFullscreen: false
07-08 17:52:45.613  3414  8731 W ActivityManager: Permission Denial: getTopApplicationInfo from pid=3031, uid=10447 requires oplus.permission.OPLUS_COMPONENT_SAFE
07-08 17:52:45.613  3414  3414 D NotificationService--OplusNotificationManagerServiceExtImpl: isForwardToAssistants: true, case : Is local notification
07-08 17:52:45.613  3414  3414 D NotificationService: This application enqueue notifications is need postDelayed mcsAssistantDelayTime: 200
07-08 17:52:45.613  3414  8741 I OplusMediaControlService: registerEventObserver start, observer: android.os.BinderProxy@53ef40b, callerUid: 10208
07-08 17:52:45.614  3414  4903 I OplusMediaControlService: sendEvent type: 2, player: 144933097
07-08 17:52:45.614  3414  4903 I OplusMediaControlService: onEventFromRequestData: 1, player: 144933097
07-08 17:52:45.614  3414  4903 I OplusMediaControlService: getTitleAndArtist, title: , artist: , playerId: 144933097
07-08 17:52:45.614  3414  4903 D OplusMediaControlService: players is empty
07-08 17:52:45.615  3414  4391 I OplusMediaControlService: sendEvent type: 2, player: 144933097
07-08 17:52:45.615  3414  4391 I OplusMediaControlService: onEventFromRequestData: 2, player: 144933097
07-08 17:52:45.615  3414  4391 D OplusMediaControlService: players is empty
07-08 17:52:45.615  3414  8465 I OplusMediaControlService: unregisterEventObserver start, observer: android.os.BinderProxy@53ef40b, callerUid: 10208
07-08 17:52:45.615  3414  8465 I OplusMediaControlService: unregisterEventObserver successfully.
07-08 17:52:45.616  3414  8741 I OplusMediaControlService: registerEventObserver start, observer: android.os.BinderProxy@53ef40b, callerUid: 10208
07-08 17:52:45.617  3414  4903 D NotificationService--OplusNotificationFixHelper: fixAppIcon: pkg=rd.sheepskin.sandboxmusic
07-08 17:52:45.617  3414  4903 D NotificationService--OplusNotificationFixHelper: fixAppIcon: appIcon = null, pkg = rd.sheepskin.sandboxmusic
07-08 17:52:45.617  3414  4903 I OplusStatusBarManagerServiceEnhance:  getTopIsFullscreen mTopIsFullscreen: false
07-08 17:52:45.617  3414  4903 W ActivityManager: Permission Denial: getTopApplicationInfo from pid=3031, uid=10447 requires oplus.permission.OPLUS_COMPONENT_SAFE
07-08 17:52:45.618  3414  3414 D NotificationService--OplusNotificationManagerServiceExtImpl: isForwardToAssistants: true, case : Is local notification
07-08 17:52:45.618  3414  3414 D NotificationService: This application enqueue notifications is need postDelayed mcsAssistantDelayTime: 200
07-08 17:52:45.673  3414  4391 D OplusMediaControlService: dispatch getHistoryMediaPlayerInfoList
07-08 17:52:45.673  3414  4391 I OplusMediaControlService: getHistoryMediaPlayerInfoList historyInfoList size: 0
07-08 17:52:45.815  3414  3414 D LockSettingsService: [getSeparateProfileChallengeEnabled] userId = 12
07-08 17:52:45.816  3414  3414 D LockSettingsService: [getSeparateProfileChallengeEnabled] userId = 12
07-08 17:52:45.831  3414  3414 W NotificationHistory: Attempted to add notif for locked/gone/disabled user 0
07-08 17:52:45.833  3414  3414 D LockSettingsService: [getSeparateProfileChallengeEnabled] userId = 12
07-08 17:52:45.834  3414  3414 D LockSettingsService: [getSeparateProfileChallengeEnabled] userId = 12
07-08 17:52:45.837  3414  3414 D LockSettingsService: [getSeparateProfileChallengeEnabled] userId = 12
07-08 17:52:45.837  3414  3414 D LockSettingsService: [getSeparateProfileChallengeEnabled] userId = 12
07-08 17:52:45.848  3414  3631 W QosSceneRecognizer[NotificationScene]: get pid failed while enterNotificationScene, processInfos is null! uid: -1
07-08 17:52:46.120  3414  3631 W QosScheduler: executeSceneQosStrategy failed! qos feature no enable
07-08 17:52:46.136  3414  4391 D NotificationService--OplusNotificationFixHelper: fixAppIcon: pkg=rd.sheepskin.sandboxmusic
07-08 17:52:46.136  3414  4391 D NotificationService--OplusNotificationFixHelper: fixAppIcon: appIcon = null, pkg = rd.sheepskin.sandboxmusic
07-08 17:52:46.138  3414  4391 I OplusStatusBarManagerServiceEnhance:  getTopIsFullscreen mTopIsFullscreen: false
07-08 17:52:46.138  3414  4391 W ActivityManager: Permission Denial: getTopApplicationInfo from pid=3031, uid=10447 requires oplus.permission.OPLUS_COMPONENT_SAFE
07-08 17:52:46.138  3414  3414 D NotificationService--OplusNotificationManagerServiceExtImpl: isForwardToAssistants: true, case : Is local notification
07-08 17:52:46.138  3414  3414 D NotificationService: This application enqueue notifications is need postDelayed mcsAssistantDelayTime: 200
07-08 17:52:46.346  3414  3414 D LockSettingsService: [getSeparateProfileChallengeEnabled] userId = 12
07-08 17:52:46.346  3414  3414 D LockSettingsService: [getSeparateProfileChallengeEnabled] userId = 12
07-08 17:52:46.653  3414  8731 D NotificationService--OplusNotificationFixHelper: fixAppIcon: pkg=rd.sheepskin.sandboxmusic
07-08 17:52:46.653  3414  8731 D NotificationService--OplusNotificationFixHelper: fixAppIcon: appIcon = null, pkg = rd.sheepskin.sandboxmusic
07-08 17:52:46.654  3414  8731 I OplusStatusBarManagerServiceEnhance:  getTopIsFullscreen mTopIsFullscreen: false
07-08 17:52:46.654  3414  8731 W ActivityManager: Permission Denial: getTopApplicationInfo from pid=3031, uid=10447 requires oplus.permission.OPLUS_COMPONENT_SAFE
07-08 17:52:46.654  3414  3414 D NotificationService--OplusNotificationManagerServiceExtImpl: isForwardToAssistants: true, case : Is local notification
07-08 17:52:46.654  3414  3414 D NotificationService: This application enqueue notifications is need postDelayed mcsAssistantDelayTime: 200
07-08 17:52:46.849  3414  3631 W QosScheduler: executeSceneQosStrategy failed! qos feature no enable
07-08 17:52:46.858  3414  3414 D LockSettingsService: [getSeparateProfileChallengeEnabled] userId = 12
07-08 17:52:46.858  3414  3414 D LockSettingsService: [getSeparateProfileChallengeEnabled] userId = 12
07-08 17:52:47.175  3414  8731 D NotificationService--OplusNotificationFixHelper: fixAppIcon: pkg=rd.sheepskin.sandboxmusic
07-08 17:52:47.175  3414  8731 D NotificationService--OplusNotificationFixHelper: fixAppIcon: appIcon = null, pkg = rd.sheepskin.sandboxmusic
07-08 17:52:47.176  3414  8731 I OplusStatusBarManagerServiceEnhance:  getTopIsFullscreen mTopIsFullscreen: false
07-08 17:52:47.176  3414  8731 W ActivityManager: Permission Denial: getTopApplicationInfo from pid=3031, uid=10447 requires oplus.permission.OPLUS_COMPONENT_SAFE
07-08 17:52:47.177  3414  3414 D NotificationService--OplusNotificationManagerServiceExtImpl: isForwardToAssistants: true, case : Is local notification
07-08 17:52:47.177  3414  3414 D NotificationService: This application enqueue notifications is need postDelayed mcsAssistantDelayTime: 200
07-08 17:52:47.386  3414  3414 D LockSettingsService: [getSeparateProfileChallengeEnabled] userId = 12
07-08 17:52:47.386  3414  3414 D LockSettingsService: [getSeparateProfileChallengeEnabled] userId = 12
07-08 17:52:47.690  3414  8465 D NotificationService--OplusNotificationFixHelper: fixAppIcon: pkg=rd.sheepskin.sandboxmusic
07-08 17:52:47.690  3414  8465 D NotificationService--OplusNotificationFixHelper: fixAppIcon: appIcon = null, pkg = rd.sheepskin.sandboxmusic
07-08 17:52:47.691  3414  8465 I OplusStatusBarManagerServiceEnhance:  getTopIsFullscreen mTopIsFullscreen: false
07-08 17:52:47.691  3414  8465 W ActivityManager: Permission Denial: getTopApplicationInfo from pid=3031, uid=10447 requires oplus.permission.OPLUS_COMPONENT_SAFE
07-08 17:52:47.691  3414  3414 D NotificationService--OplusNotificationManagerServiceExtImpl: isForwardToAssistants: true, case : Is local notification
07-08 17:52:47.691  3414  3414 D NotificationService: This application enqueue notifications is need postDelayed mcsAssistantDelayTime: 200
07-08 17:52:47.897  3414  3414 D LockSettingsService: [getSeparateProfileChallengeEnabled] userId = 12
07-08 17:52:47.897  3414  3414 D LockSettingsService: [getSeparateProfileChallengeEnabled] userId = 12
07-08 17:52:54.597  3414  3673 D BatteryStatsImplExtImpl: mActiveProcesses size = 69
07-08 17:52:54.597  3414  3673 D BatteryStatsImplExtImpl: rpmhStats is null or interval time is too short.
07-08 17:52:54.607  3414  3736 D OplusDisplayBrightnessBroadcastReceiver: onReceive action = android.intent.action.BATTERY_CHANGED , listeners = [com.android.server.display.feature.postprocess.OplusFeatureEdrEnhanceBrightness$PhoneInfoReceiver@5e9ea87]
07-08 17:53:00.001  3414  4359 V AlarmManager: sending alarm Alarm{350c98a type 3 origWhen 365794781 whenElapsed 365794781 android} uid 1000 whenElapsed 365794781 windowLength 0 maxWhenElapsed 365794781 repeatInterval 0 action null component null tag TIME_TICK flags 0x9 procName system_server
07-08 17:53:00.020  3414  3736 D OplusDisplayBrightnessBroadcastReceiver: onReceive action = android.intent.action.TIME_TICK , listeners = [com.android.server.display.color.eyeprotect.manager.AiCurveManager$RhythmBroadcastReceiverWithUpgradeUI@13a7c71, com.android.server.display.feature.ambience.events.event.TimeEvent$TimeChangeReceiver@883f75c]
07-08 17:53:02.221  3414  8741 E BatteryStatsService: Invalid uid for waking network packet: -1
07-08 17:53:02.954  3414 16352 D UsageStatsService: User[0] type=0 b=1783529447844 e=1783529582953 cb=1783519581251 ce=1783529566590 disk=0 all=26
07-08 17:53:03.765  3414 11227 D UsageStatsService: User[999] type=0 b=1783528434041 e=1783529583765 cb=1783504674467 ce=1783529262492 disk=0 all=1
07-08 17:53:07.199  3414  4359 V AlarmManager: sending alarm Alarm{82b10ad type 3 origWhen 365788020 whenElapsed 365788020 android} uid 1000 whenElapsed 365788020 windowLength 740996 maxWhenElapsed 366529016 repeatInterval 0 action null component null tag *CountQuotaTracker.cleanup* flags 0x8 procName system_server
07-08 17:53:07.202  3414  4359 V AlarmManager: sending alarm Alarm{d07ff73 type 3 origWhen 365791199 whenElapsed 365791199 android} uid 1000 whenElapsed 365791199 windowLength 443145 maxWhenElapsed 366234344 repeatInterval 0 action null component null tag *job.cleanup* flags 0x8 procName system_server
