07-08 17:42:52.699  3414  3414 D NotificationService--OplusNotificationManagerServiceExtImpl: isForwardToAssistants: true, case : Is local notification
07-08 17:42:52.699  3414  3414 D NotificationService: This application enqueue notifications is need postDelayed mcsAssistantDelayTime: 200
07-08 17:42:52.735  3414  8731 D NotificationService--OplusNotificationFixHelper: fixAppIcon: pkg=rd.sheepskin.sandboxmusic
07-08 17:42:52.735  3414  8731 D NotificationService--OplusNotificationFixHelper: fixAppIcon: appIcon = null, pkg = rd.sheepskin.sandboxmusic
07-08 17:42:52.736  3414  8731 I OplusStatusBarManagerServiceEnhance:  getTopIsFullscreen mTopIsFullscreen: false
07-08 17:42:52.736  3414  8731 W ActivityManager: Permission Denial: getTopApplicationInfo from pid=1361, uid=10447 requires oplus.permission.OPLUS_COMPONENT_SAFE
07-08 17:42:52.737  3414  3414 D NotificationService--OplusNotificationManagerServiceExtImpl: isForwardToAssistants: true, case : Is local notification
07-08 17:42:52.737  3414  3414 D NotificationService: This application enqueue notifications is need postDelayed mcsAssistantDelayTime: 200
07-08 17:42:52.896  3414  3414 D LockSettingsService: [getSeparateProfileChallengeEnabled] userId = 12
07-08 17:42:52.896  3414  3414 D LockSettingsService: [getSeparateProfileChallengeEnabled] userId = 12
07-08 17:42:52.907  3414  3414 D LockSettingsService: [getSeparateProfileChallengeEnabled] userId = 12
07-08 17:42:52.907  3414  3414 D LockSettingsService: [getSeparateProfileChallengeEnabled] userId = 12
07-08 17:42:52.939  3414  3414 D LockSettingsService: [getSeparateProfileChallengeEnabled] userId = 12
07-08 17:42:52.939  3414  3414 D LockSettingsService: [getSeparateProfileChallengeEnabled] userId = 12
07-08 17:42:53.792  3414  4859 D NotificationService--OplusNotificationFixHelper: fixAppIcon: pkg=rd.sheepskin.sandboxmusic
07-08 17:42:53.792  3414  4859 D NotificationService--OplusNotificationFixHelper: fixAppIcon: appIcon = null, pkg = rd.sheepskin.sandboxmusic
07-08 17:42:53.793  3414  4859 I OplusStatusBarManagerServiceEnhance:  getTopIsFullscreen mTopIsFullscreen: false
07-08 17:42:53.793  3414  4859 W ActivityManager: Permission Denial: getTopApplicationInfo from pid=1361, uid=10447 requires oplus.permission.OPLUS_COMPONENT_SAFE
07-08 17:42:53.794  3414  3414 D NotificationService--OplusNotificationManagerServiceExtImpl: isForwardToAssistants: true, case : Is local notification
07-08 17:42:53.795  3414  3414 D NotificationService: This application enqueue notifications is need postDelayed mcsAssistantDelayTime: 200
07-08 17:42:53.800  3414  4859 D NotificationService--OplusNotificationFixHelper: fixAppIcon: pkg=rd.sheepskin.sandboxmusic
07-08 17:42:53.800  3414  4859 D NotificationService--OplusNotificationFixHelper: fixAppIcon: appIcon = null, pkg = rd.sheepskin.sandboxmusic
07-08 17:42:53.802  3414  4859 I OplusStatusBarManagerServiceEnhance:  getTopIsFullscreen mTopIsFullscreen: false
07-08 17:42:53.802  3414  4859 W ActivityManager: Permission Denial: getTopApplicationInfo from pid=1361, uid=10447 requires oplus.permission.OPLUS_COMPONENT_SAFE
07-08 17:42:53.802  3414  3414 D NotificationService--OplusNotificationManagerServiceExtImpl: isForwardToAssistants: true, case : Is local notification
07-08 17:42:53.802  3414  3414 D NotificationService: This application enqueue notifications is need postDelayed mcsAssistantDelayTime: 200
07-08 17:42:53.824  3414  4181 D NotificationService--OplusNotificationFixHelper: fixAppIcon: pkg=rd.sheepskin.sandboxmusic
07-08 17:42:53.824  3414  4181 D NotificationService--OplusNotificationFixHelper: fixAppIcon: appIcon = null, pkg = rd.sheepskin.sandboxmusic
07-08 17:42:53.825  3414  4181 I OplusStatusBarManagerServiceEnhance:  getTopIsFullscreen mTopIsFullscreen: false
07-08 17:42:53.826  3414  4181 W ActivityManager: Permission Denial: getTopApplicationInfo from pid=1361, uid=10447 requires oplus.permission.OPLUS_COMPONENT_SAFE
07-08 17:42:53.826  3414  3414 D NotificationService--OplusNotificationManagerServiceExtImpl: isForwardToAssistants: true, case : Is local notification
07-08 17:42:53.826  3414  3414 D NotificationService: This application enqueue notifications is need postDelayed mcsAssistantDelayTime: 200
07-08 17:42:54.004  3414  3414 D LockSettingsService: [getSeparateProfileChallengeEnabled] userId = 12
07-08 17:42:54.004  3414  3414 D LockSettingsService: [getSeparateProfileChallengeEnabled] userId = 12
07-08 17:42:54.010  3414  3414 D LockSettingsService: [getSeparateProfileChallengeEnabled] userId = 12
07-08 17:42:54.010  3414  3414 D LockSettingsService: [getSeparateProfileChallengeEnabled] userId = 12
07-08 17:42:54.029  3414  3414 D LockSettingsService: [getSeparateProfileChallengeEnabled] userId = 12
07-08 17:42:54.029  3414  3414 D LockSettingsService: [getSeparateProfileChallengeEnabled] userId = 12
07-08 17:42:54.593  3414  3673 D BatteryStatsImplExtImpl: mActiveProcesses size = 55
07-08 17:42:54.593  3414  3673 D BatteryStatsImplExtImpl: rpmhStats is null or interval time is too short.
07-08 17:42:54.895  3414  8731 D NotificationService--OplusNotificationFixHelper: fixAppIcon: pkg=rd.sheepskin.sandboxmusic
07-08 17:42:54.895  3414  8731 D NotificationService--OplusNotificationFixHelper: fixAppIcon: appIcon = null, pkg = rd.sheepskin.sandboxmusic
07-08 17:42:54.896  3414  8731 I OplusStatusBarManagerServiceEnhance:  getTopIsFullscreen mTopIsFullscreen: false
07-08 17:42:54.896  3414  8731 W ActivityManager: Permission Denial: getTopApplicationInfo from pid=1361, uid=10447 requires oplus.permission.OPLUS_COMPONENT_SAFE
07-08 17:42:54.903  3414  8731 D NotificationService--OplusNotificationFixHelper: fixAppIcon: pkg=rd.sheepskin.sandboxmusic
07-08 17:42:54.903  3414  8731 D NotificationService--OplusNotificationFixHelper: fixAppIcon: appIcon = null, pkg = rd.sheepskin.sandboxmusic
07-08 17:42:54.904  3414  3414 D NotificationService--OplusNotificationManagerServiceExtImpl: isForwardToAssistants: true, case : Is local notification
07-08 17:42:54.904  3414  3414 D NotificationService: This application enqueue notifications is need postDelayed mcsAssistantDelayTime: 200
07-08 17:42:54.912  3414  8731 I OplusStatusBarManagerServiceEnhance:  getTopIsFullscreen mTopIsFullscreen: false
07-08 17:42:54.912  3414  8731 W ActivityManager: Permission Denial: getTopApplicationInfo from pid=1361, uid=10447 requires oplus.permission.OPLUS_COMPONENT_SAFE
07-08 17:42:54.914  3414  3414 D NotificationService--OplusNotificationManagerServiceExtImpl: isForwardToAssistants: true, case : Is local notification
07-08 17:42:54.914  3414  3414 D NotificationService: This application enqueue notifications is need postDelayed mcsAssistantDelayTime: 200
07-08 17:42:54.931  3414  4181 D NotificationService--OplusNotificationFixHelper: fixAppIcon: pkg=rd.sheepskin.sandboxmusic
07-08 17:42:54.931  3414  4181 D NotificationService--OplusNotificationFixHelper: fixAppIcon: appIcon = null, pkg = rd.sheepskin.sandboxmusic
07-08 17:42:54.932  3414  4181 I OplusStatusBarManagerServiceEnhance:  getTopIsFullscreen mTopIsFullscreen: false
07-08 17:42:54.932  3414  4181 W ActivityManager: Permission Denial: getTopApplicationInfo from pid=1361, uid=10447 requires oplus.permission.OPLUS_COMPONENT_SAFE
07-08 17:42:54.933  3414  3414 D NotificationService--OplusNotificationManagerServiceExtImpl: isForwardToAssistants: true, case : Is local notification
07-08 17:42:54.933  3414  3414 D NotificationService: This application enqueue notifications is need postDelayed mcsAssistantDelayTime: 200
07-08 17:42:55.120  3414  3414 D LockSettingsService: [getSeparateProfileChallengeEnabled] userId = 12
07-08 17:42:55.120  3414  3414 D LockSettingsService: [getSeparateProfileChallengeEnabled] userId = 12
07-08 17:42:55.130  3414  3414 D LockSettingsService: [getSeparateProfileChallengeEnabled] userId = 12
07-08 17:42:55.130  3414  3414 D LockSettingsService: [getSeparateProfileChallengeEnabled] userId = 12
07-08 17:42:55.148  3414  3414 D LockSettingsService: [getSeparateProfileChallengeEnabled] userId = 12
07-08 17:42:55.148  3414  3414 D LockSettingsService: [getSeparateProfileChallengeEnabled] userId = 12
07-08 17:42:55.985  3414  8733 D NotificationService--OplusNotificationFixHelper: fixAppIcon: pkg=rd.sheepskin.sandboxmusic
07-08 17:42:55.985  3414  8733 D NotificationService--OplusNotificationFixHelper: fixAppIcon: appIcon = null, pkg = rd.sheepskin.sandboxmusic
07-08 17:42:55.986  3414  8733 I OplusStatusBarManagerServiceEnhance:  getTopIsFullscreen mTopIsFullscreen: false
07-08 17:42:55.986  3414  8733 W ActivityManager: Permission Denial: getTopApplicationInfo from pid=1361, uid=10447 requires oplus.permission.OPLUS_COMPONENT_SAFE
07-08 17:42:55.994  3414  3414 D NotificationService--OplusNotificationManagerServiceExtImpl: isForwardToAssistants: true, case : Is local notification
07-08 17:42:55.994  3414  3414 D NotificationService: This application enqueue notifications is need postDelayed mcsAssistantDelayTime: 200
07-08 17:42:55.995  3414  8733 D NotificationService--OplusNotificationFixHelper: fixAppIcon: pkg=rd.sheepskin.sandboxmusic
07-08 17:42:55.995  3414  8733 D NotificationService--OplusNotificationFixHelper: fixAppIcon: appIcon = null, pkg = rd.sheepskin.sandboxmusic
07-08 17:42:55.995  3414  8741 D NotificationService--OplusNotificationFixHelper: fixAppIcon: pkg=rd.sheepskin.sandboxmusic
07-08 17:42:55.995  3414  8741 D NotificationService--OplusNotificationFixHelper: fixAppIcon: appIcon = null, pkg = rd.sheepskin.sandboxmusic
07-08 17:42:56.000  3414  8741 I OplusStatusBarManagerServiceEnhance:  getTopIsFullscreen mTopIsFullscreen: false
07-08 17:42:56.000  3414  8733 I OplusStatusBarManagerServiceEnhance:  getTopIsFullscreen mTopIsFullscreen: false
07-08 17:42:56.000  3414  8741 W ActivityManager: Permission Denial: getTopApplicationInfo from pid=1361, uid=10447 requires oplus.permission.OPLUS_COMPONENT_SAFE
07-08 17:42:56.000  3414  8733 W ActivityManager: Permission Denial: getTopApplicationInfo from pid=1361, uid=10447 requires oplus.permission.OPLUS_COMPONENT_SAFE
07-08 17:42:56.003  3414  3414 D NotificationService--OplusNotificationManagerServiceExtImpl: isForwardToAssistants: true, case : Is local notification
07-08 17:42:56.003  3414  3414 D NotificationService: This application enqueue notifications is need postDelayed mcsAssistantDelayTime: 200
07-08 17:42:56.007  3414  3414 D NotificationService--OplusNotificationManagerServiceExtImpl: isForwardToAssistants: true, case : Is local notification
07-08 17:42:56.007  3414  3414 D NotificationService: This application enqueue notifications is need postDelayed mcsAssistantDelayTime: 200
07-08 17:42:56.203  3414  3414 D LockSettingsService: [getSeparateProfileChallengeEnabled] userId = 12
07-08 17:42:56.203  3414  3414 D LockSettingsService: [getSeparateProfileChallengeEnabled] userId = 12
07-08 17:42:56.210  3414  3414 D LockSettingsService: [getSeparateProfileChallengeEnabled] userId = 12
07-08 17:42:56.210  3414  3414 D LockSettingsService: [getSeparateProfileChallengeEnabled] userId = 12
07-08 17:42:56.221  3414  3414 D LockSettingsService: [getSeparateProfileChallengeEnabled] userId = 12
07-08 17:42:56.221  3414  3414 D LockSettingsService: [getSeparateProfileChallengeEnabled] userId = 12
07-08 17:42:57.089  3414  8711 D NotificationService--OplusNotificationFixHelper: fixAppIcon: pkg=rd.sheepskin.sandboxmusic
07-08 17:42:57.089  3414  8711 D NotificationService--OplusNotificationFixHelper: fixAppIcon: appIcon = null, pkg = rd.sheepskin.sandboxmusic
07-08 17:42:57.091  3414  8711 I OplusStatusBarManagerServiceEnhance:  getTopIsFullscreen mTopIsFullscreen: false
07-08 17:42:57.091  3414  8711 W ActivityManager: Permission Denial: getTopApplicationInfo from pid=1361, uid=10447 requires oplus.permission.OPLUS_COMPONENT_SAFE
07-08 17:42:57.093  3414  3414 D NotificationService--OplusNotificationManagerServiceExtImpl: isForwardToAssistants: true, case : Is local notification
07-08 17:42:57.093  3414  3414 D NotificationService: This application enqueue notifications is need postDelayed mcsAssistantDelayTime: 200
07-08 17:42:57.098  3414  8711 D NotificationService--OplusNotificationFixHelper: fixAppIcon: pkg=rd.sheepskin.sandboxmusic
07-08 17:42:57.098  3414  8711 D NotificationService--OplusNotificationFixHelper: fixAppIcon: appIcon = null, pkg = rd.sheepskin.sandboxmusic
07-08 17:42:57.098  3414  5458 D NotificationService--OplusNotificationFixHelper: fixAppIcon: pkg=rd.sheepskin.sandboxmusic
07-08 17:42:57.098  3414  5458 D NotificationService--OplusNotificationFixHelper: fixAppIcon: appIcon = null, pkg = rd.sheepskin.sandboxmusic
07-08 17:42:57.099  3414  8711 I OplusStatusBarManagerServiceEnhance:  getTopIsFullscreen mTopIsFullscreen: false
07-08 17:42:57.099  3414  8711 W ActivityManager: Permission Denial: getTopApplicationInfo from pid=1361, uid=10447 requires oplus.permission.OPLUS_COMPONENT_SAFE
07-08 17:42:57.099  3414  5458 I OplusStatusBarManagerServiceEnhance:  getTopIsFullscreen mTopIsFullscreen: false
07-08 17:42:57.099  3414  5458 W ActivityManager: Permission Denial: getTopApplicationInfo from pid=1361, uid=10447 requires oplus.permission.OPLUS_COMPONENT_SAFE
07-08 17:42:57.100  3414  3414 D NotificationService--OplusNotificationManagerServiceExtImpl: isForwardToAssistants: true, case : Is local notification
07-08 17:42:57.100  3414  3414 D NotificationService: This application enqueue notifications is need postDelayed mcsAssistantDelayTime: 200
07-08 17:42:57.107  3414  3414 D NotificationService--OplusNotificationManagerServiceExtImpl: isForwardToAssistants: true, case : Is local notification
07-08 17:42:57.107  3414  3414 D NotificationService: This application enqueue notifications is need postDelayed mcsAssistantDelayTime: 200
07-08 17:42:57.298  3414  3414 D LockSettingsService: [getSeparateProfileChallengeEnabled] userId = 12
07-08 17:42:57.298  3414  3414 D LockSettingsService: [getSeparateProfileChallengeEnabled] userId = 12
07-08 17:42:57.317  3414  3414 D LockSettingsService: [getSeparateProfileChallengeEnabled] userId = 12
07-08 17:42:57.317  3414  3414 D LockSettingsService: [getSeparateProfileChallengeEnabled] userId = 12
07-08 17:42:57.322  3414  3414 D LockSettingsService: [getSeparateProfileChallengeEnabled] userId = 12
07-08 17:42:57.322  3414  3414 D LockSettingsService: [getSeparateProfileChallengeEnabled] userId = 12
07-08 17:42:58.198  3414  8711 D NotificationService--OplusNotificationFixHelper: fixAppIcon: pkg=rd.sheepskin.sandboxmusic
07-08 17:42:58.198  3414  8711 D NotificationService--OplusNotificationFixHelper: fixAppIcon: appIcon = null, pkg = rd.sheepskin.sandboxmusic
07-08 17:42:58.199  3414  8711 I OplusStatusBarManagerServiceEnhance:  getTopIsFullscreen mTopIsFullscreen: false
07-08 17:42:58.199  3414  8711 W ActivityManager: Permission Denial: getTopApplicationInfo from pid=1361, uid=10447 requires oplus.permission.OPLUS_COMPONENT_SAFE
07-08 17:42:58.202  3414  3414 D NotificationService--OplusNotificationManagerServiceExtImpl: isForwardToAssistants: true, case : Is local notification
07-08 17:42:58.202  3414  3414 D NotificationService: This application enqueue notifications is need postDelayed mcsAssistantDelayTime: 200
07-08 17:42:58.208  3414  8711 D NotificationService--OplusNotificationFixHelper: fixAppIcon: pkg=rd.sheepskin.sandboxmusic
07-08 17:42:58.208  3414  8711 D NotificationService--OplusNotificationFixHelper: fixAppIcon: appIcon = null, pkg = rd.sheepskin.sandboxmusic
07-08 17:42:58.209  3414  8711 I OplusStatusBarManagerServiceEnhance:  getTopIsFullscreen mTopIsFullscreen: false
07-08 17:42:58.209  3414  8711 W ActivityManager: Permission Denial: getTopApplicationInfo from pid=1361, uid=10447 requires oplus.permission.OPLUS_COMPONENT_SAFE
07-08 17:42:58.210  3414  3414 D NotificationService--OplusNotificationManagerServiceExtImpl: isForwardToAssistants: true, case : Is local notification
07-08 17:42:58.210  3414  3414 D NotificationService: This application enqueue notifications is need postDelayed mcsAssistantDelayTime: 200
07-08 17:42:58.233  3414  8711 D NotificationService--OplusNotificationFixHelper: fixAppIcon: pkg=rd.sheepskin.sandboxmusic
07-08 17:42:58.233  3414  8711 D NotificationService--OplusNotificationFixHelper: fixAppIcon: appIcon = null, pkg = rd.sheepskin.sandboxmusic
07-08 17:42:58.234  3414  8711 I OplusStatusBarManagerServiceEnhance:  getTopIsFullscreen mTopIsFullscreen: false
07-08 17:42:58.234  3414  8711 W ActivityManager: Permission Denial: getTopApplicationInfo from pid=1361, uid=10447 requires oplus.permission.OPLUS_COMPONENT_SAFE
07-08 17:42:58.235  3414  3414 D NotificationService--OplusNotificationManagerServiceExtImpl: isForwardToAssistants: true, case : Is local notification
07-08 17:42:58.235  3414  3414 D NotificationService: This application enqueue notifications is need postDelayed mcsAssistantDelayTime: 200
07-08 17:42:58.410  3414  3414 D LockSettingsService: [getSeparateProfileChallengeEnabled] userId = 12
07-08 17:42:58.411  3414  3414 D LockSettingsService: [getSeparateProfileChallengeEnabled] userId = 12
07-08 17:42:58.418  3414  3414 D LockSettingsService: [getSeparateProfileChallengeEnabled] userId = 12
07-08 17:42:58.418  3414  3414 D LockSettingsService: [getSeparateProfileChallengeEnabled] userId = 12
07-08 17:42:58.441  3414  3414 D LockSettingsService: [getSeparateProfileChallengeEnabled] userId = 12
07-08 17:42:58.442  3414  3414 D LockSettingsService: [getSeparateProfileChallengeEnabled] userId = 12
07-08 17:42:59.293  3414  8731 D NotificationService--OplusNotificationFixHelper: fixAppIcon: pkg=rd.sheepskin.sandboxmusic
07-08 17:42:59.293  3414  8731 D NotificationService--OplusNotificationFixHelper: fixAppIcon: appIcon = null, pkg = rd.sheepskin.sandboxmusic
07-08 17:42:59.294  3414  8731 I OplusStatusBarManagerServiceEnhance:  getTopIsFullscreen mTopIsFullscreen: false
07-08 17:42:59.294  3414  8731 W ActivityManager: Permission Denial: getTopApplicationInfo from pid=1361, uid=10447 requires oplus.permission.OPLUS_COMPONENT_SAFE
07-08 17:42:59.295  3414  3414 D NotificationService--OplusNotificationManagerServiceExtImpl: isForwardToAssistants: true, case : Is local notification
07-08 17:42:59.296  3414  3414 D NotificationService: This application enqueue notifications is need postDelayed mcsAssistantDelayTime: 200
07-08 17:42:59.302  3414  8731 D NotificationService--OplusNotificationFixHelper: fixAppIcon: pkg=rd.sheepskin.sandboxmusic
07-08 17:42:59.302  3414  8731 D NotificationService--OplusNotificationFixHelper: fixAppIcon: appIcon = null, pkg = rd.sheepskin.sandboxmusic
07-08 17:42:59.308  3414  8731 I OplusStatusBarManagerServiceEnhance:  getTopIsFullscreen mTopIsFullscreen: false
07-08 17:42:59.308  3414  8731 W ActivityManager: Permission Denial: getTopApplicationInfo from pid=1361, uid=10447 requires oplus.permission.OPLUS_COMPONENT_SAFE
07-08 17:42:59.309  3414  3414 D NotificationService--OplusNotificationManagerServiceExtImpl: isForwardToAssistants: true, case : Is local notification
07-08 17:42:59.309  3414  3414 D NotificationService: This application enqueue notifications is need postDelayed mcsAssistantDelayTime: 200
07-08 17:42:59.321  3414  5458 D NotificationService--OplusNotificationFixHelper: fixAppIcon: pkg=rd.sheepskin.sandboxmusic
07-08 17:42:59.321  3414  5458 D NotificationService--OplusNotificationFixHelper: fixAppIcon: appIcon = null, pkg = rd.sheepskin.sandboxmusic
07-08 17:42:59.322  3414  5458 I OplusStatusBarManagerServiceEnhance:  getTopIsFullscreen mTopIsFullscreen: false
07-08 17:42:59.322  3414  5458 W ActivityManager: Permission Denial: getTopApplicationInfo from pid=1361, uid=10447 requires oplus.permission.OPLUS_COMPONENT_SAFE
07-08 17:42:59.323  3414  3414 D NotificationService--OplusNotificationManagerServiceExtImpl: isForwardToAssistants: true, case : Is local notification
07-08 17:42:59.323  3414  3414 D NotificationService: This application enqueue notifications is need postDelayed mcsAssistantDelayTime: 200
07-08 17:42:59.515  3414  3414 D LockSettingsService: [getSeparateProfileChallengeEnabled] userId = 12
07-08 17:42:59.516  3414  3414 D LockSettingsService: [getSeparateProfileChallengeEnabled] userId = 12
07-08 17:42:59.524  3414  3414 D LockSettingsService: [getSeparateProfileChallengeEnabled] userId = 12
07-08 17:42:59.524  3414  3414 D LockSettingsService: [getSeparateProfileChallengeEnabled] userId = 12
07-08 17:42:59.536  3414  3414 D LockSettingsService: [getSeparateProfileChallengeEnabled] userId = 12
07-08 17:42:59.536  3414  3414 D LockSettingsService: [getSeparateProfileChallengeEnabled] userId = 12
07-08 17:43:00.001  3414  4359 V AlarmManager: sending alarm Alarm{e86e3b1 type 3 origWhen 365194781 whenElapsed 365194781 android} uid 1000 whenElapsed 365194781 windowLength 0 maxWhenElapsed 365194781 repeatInterval 0 action null component null tag TIME_TICK flags 0x9 procName system_server
07-08 17:43:00.014  3414  3736 D OplusDisplayBrightnessBroadcastReceiver: onReceive action = android.intent.action.TIME_TICK , listeners = [com.android.server.display.color.eyeprotect.manager.AiCurveManager$RhythmBroadcastReceiverWithUpgradeUI@13a7c71, com.android.server.display.feature.ambience.events.event.TimeEvent$TimeChangeReceiver@883f75c]
07-08 17:43:00.385  3414  5233 D NotificationService--OplusNotificationFixHelper: fixAppIcon: pkg=rd.sheepskin.sandboxmusic
07-08 17:43:00.385  3414  5233 D NotificationService--OplusNotificationFixHelper: fixAppIcon: appIcon = null, pkg = rd.sheepskin.sandboxmusic
07-08 17:43:00.387  3414  5233 I OplusStatusBarManagerServiceEnhance:  getTopIsFullscreen mTopIsFullscreen: false
07-08 17:43:00.387  3414  5233 W ActivityManager: Permission Denial: getTopApplicationInfo from pid=1361, uid=10447 requires oplus.permission.OPLUS_COMPONENT_SAFE
07-08 17:43:00.391  3414  3414 D NotificationService--OplusNotificationManagerServiceExtImpl: isForwardToAssistants: true, case : Is local notification
07-08 17:43:00.391  3414  3414 D NotificationService: This application enqueue notifications is need postDelayed mcsAssistantDelayTime: 200
07-08 17:43:00.398  3414  5233 D NotificationService--OplusNotificationFixHelper: fixAppIcon: pkg=rd.sheepskin.sandboxmusic
07-08 17:43:00.398  3414  5233 D NotificationService--OplusNotificationFixHelper: fixAppIcon: appIcon = null, pkg = rd.sheepskin.sandboxmusic
07-08 17:43:00.405  3414  5233 I OplusStatusBarManagerServiceEnhance:  getTopIsFullscreen mTopIsFullscreen: false
07-08 17:43:00.405  3414  5233 W ActivityManager: Permission Denial: getTopApplicationInfo from pid=1361, uid=10447 requires oplus.permission.OPLUS_COMPONENT_SAFE
07-08 17:43:00.406  3414  8711 D NotificationService--OplusNotificationFixHelper: fixAppIcon: pkg=rd.sheepskin.sandboxmusic
07-08 17:43:00.406  3414  8711 D NotificationService--OplusNotificationFixHelper: fixAppIcon: appIcon = null, pkg = rd.sheepskin.sandboxmusic
07-08 17:43:00.407  3414  8711 I OplusStatusBarManagerServiceEnhance:  getTopIsFullscreen mTopIsFullscreen: false
07-08 17:43:00.407  3414  8711 W ActivityManager: Permission Denial: getTopApplicationInfo from pid=1361, uid=10447 requires oplus.permission.OPLUS_COMPONENT_SAFE
07-08 17:43:00.407  3414  3414 D NotificationService--OplusNotificationManagerServiceExtImpl: isForwardToAssistants: true, case : Is local notification
07-08 17:43:00.407  3414  3414 D NotificationService: This application enqueue notifications is need postDelayed mcsAssistantDelayTime: 200
07-08 17:43:00.409  3414  3414 D NotificationService--OplusNotificationManagerServiceExtImpl: isForwardToAssistants: true, case : Is local notification
07-08 17:43:00.409  3414  3414 D NotificationService: This application enqueue notifications is need postDelayed mcsAssistantDelayTime: 200
07-08 17:43:00.611  3414  3414 D LockSettingsService: [getSeparateProfileChallengeEnabled] userId = 12
07-08 17:43:00.612  3414  3414 D LockSettingsService: [getSeparateProfileChallengeEnabled] userId = 12
07-08 17:43:00.632  3414  3414 D LockSettingsService: [getSeparateProfileChallengeEnabled] userId = 12
07-08 17:43:00.632  3414  3414 D LockSettingsService: [getSeparateProfileChallengeEnabled] userId = 12
07-08 17:43:00.635  3414  3414 D LockSettingsService: [getSeparateProfileChallengeEnabled] userId = 12
07-08 17:43:00.636  3414  3414 D LockSettingsService: [getSeparateProfileChallengeEnabled] userId = 12
07-08 17:43:01.497  3414  5458 D NotificationService--OplusNotificationFixHelper: fixAppIcon: pkg=rd.sheepskin.sandboxmusic
07-08 17:43:01.497  3414  5458 D NotificationService--OplusNotificationFixHelper: fixAppIcon: appIcon = null, pkg = rd.sheepskin.sandboxmusic
07-08 17:43:01.498  3414  5458 I OplusStatusBarManagerServiceEnhance:  getTopIsFullscreen mTopIsFullscreen: false
07-08 17:43:01.498  3414  5458 W ActivityManager: Permission Denial: getTopApplicationInfo from pid=1361, uid=10447 requires oplus.permission.OPLUS_COMPONENT_SAFE
07-08 17:43:01.499  3414  3414 D NotificationService--OplusNotificationManagerServiceExtImpl: isForwardToAssistants: true, case : Is local notification
07-08 17:43:01.499  3414  3414 D NotificationService: This application enqueue notifications is need postDelayed mcsAssistantDelayTime: 200
07-08 17:43:01.505  3414  6046 D NotificationService--OplusNotificationFixHelper: fixAppIcon: pkg=rd.sheepskin.sandboxmusic
07-08 17:43:01.505  3414  6046 D NotificationService--OplusNotificationFixHelper: fixAppIcon: appIcon = null, pkg = rd.sheepskin.sandboxmusic
07-08 17:43:01.507  3414  6046 I OplusStatusBarManagerServiceEnhance:  getTopIsFullscreen mTopIsFullscreen: false
07-08 17:43:01.507  3414  6046 W ActivityManager: Permission Denial: getTopApplicationInfo from pid=1361, uid=10447 requires oplus.permission.OPLUS_COMPONENT_SAFE
07-08 17:43:01.509  3414  3414 D NotificationService--OplusNotificationManagerServiceExtImpl: isForwardToAssistants: true, case : Is local notification
07-08 17:43:01.509  3414  3414 D NotificationService: This application enqueue notifications is need postDelayed mcsAssistantDelayTime: 200
07-08 17:43:01.522  3414  4904 D NotificationService--OplusNotificationFixHelper: fixAppIcon: pkg=rd.sheepskin.sandboxmusic
07-08 17:43:01.522  3414  4904 D NotificationService--OplusNotificationFixHelper: fixAppIcon: appIcon = null, pkg = rd.sheepskin.sandboxmusic
07-08 17:43:01.523  3414  4904 I OplusStatusBarManagerServiceEnhance:  getTopIsFullscreen mTopIsFullscreen: false
07-08 17:43:01.523  3414  4904 W ActivityManager: Permission Denial: getTopApplicationInfo from pid=1361, uid=10447 requires oplus.permission.OPLUS_COMPONENT_SAFE
07-08 17:43:01.524  3414  3414 D NotificationService--OplusNotificationManagerServiceExtImpl: isForwardToAssistants: true, case : Is local notification
07-08 17:43:01.524  3414  3414 D NotificationService: This application enqueue notifications is need postDelayed mcsAssistantDelayTime: 200
07-08 17:43:01.709  3414  3414 D LockSettingsService: [getSeparateProfileChallengeEnabled] userId = 12
07-08 17:43:01.709  3414  3414 D LockSettingsService: [getSeparateProfileChallengeEnabled] userId = 12
07-08 17:43:01.714  3414  3414 D LockSettingsService: [getSeparateProfileChallengeEnabled] userId = 12
07-08 17:43:01.714  3414  3414 D LockSettingsService: [getSeparateProfileChallengeEnabled] userId = 12
07-08 17:43:01.738  3414  3414 D LockSettingsService: [getSeparateProfileChallengeEnabled] userId = 12
07-08 17:43:01.738  3414  3414 D LockSettingsService: [getSeparateProfileChallengeEnabled] userId = 12
07-08 17:43:02.578  3414  5458 D NotificationService--OplusNotificationFixHelper: fixAppIcon: pkg=rd.sheepskin.sandboxmusic
07-08 17:43:02.578  3414  5458 D NotificationService--OplusNotificationFixHelper: fixAppIcon: appIcon = null, pkg = rd.sheepskin.sandboxmusic
07-08 17:43:02.579  3414  5458 I OplusStatusBarManagerServiceEnhance:  getTopIsFullscreen mTopIsFullscreen: false
07-08 17:43:02.579  3414  5458 W ActivityManager: Permission Denial: getTopApplicationInfo from pid=1361, uid=10447 requires oplus.permission.OPLUS_COMPONENT_SAFE
07-08 17:43:02.580  3414  3414 D NotificationService--OplusNotificationManagerServiceExtImpl: isForwardToAssistants: true, case : Is local notification
07-08 17:43:02.580  3414  3414 D NotificationService: This application enqueue notifications is need postDelayed mcsAssistantDelayTime: 200
07-08 17:43:02.586  3414  6046 D NotificationService--OplusNotificationFixHelper: fixAppIcon: pkg=rd.sheepskin.sandboxmusic
07-08 17:43:02.586  3414  6046 D NotificationService--OplusNotificationFixHelper: fixAppIcon: appIcon = null, pkg = rd.sheepskin.sandboxmusic
07-08 17:43:02.591  3414  6046 I OplusStatusBarManagerServiceEnhance:  getTopIsFullscreen mTopIsFullscreen: false
07-08 17:43:02.591  3414  6046 W ActivityManager: Permission Denial: getTopApplicationInfo from pid=1361, uid=10447 requires oplus.permission.OPLUS_COMPONENT_SAFE
07-08 17:43:02.592  3414  3414 D NotificationService--OplusNotificationManagerServiceExtImpl: isForwardToAssistants: true, case : Is local notification
07-08 17:43:02.592  3414  3414 D NotificationService: This application enqueue notifications is need postDelayed mcsAssistantDelayTime: 200
07-08 17:43:02.616  3414  6046 D NotificationService--OplusNotificationFixHelper: fixAppIcon: pkg=rd.sheepskin.sandboxmusic
07-08 17:43:02.616  3414  6046 D NotificationService--OplusNotificationFixHelper: fixAppIcon: appIcon = null, pkg = rd.sheepskin.sandboxmusic
07-08 17:43:02.617  3414  6046 I OplusStatusBarManagerServiceEnhance:  getTopIsFullscreen mTopIsFullscreen: false
07-08 17:43:02.617  3414  6046 W ActivityManager: Permission Denial: getTopApplicationInfo from pid=1361, uid=10447 requires oplus.permission.OPLUS_COMPONENT_SAFE
07-08 17:43:02.617  3414  3414 D NotificationService--OplusNotificationManagerServiceExtImpl: isForwardToAssistants: true, case : Is local notification
07-08 17:43:02.617  3414  3414 D NotificationService: This application enqueue notifications is need postDelayed mcsAssistantDelayTime: 200
07-08 17:43:02.794  3414  3414 D LockSettingsService: [getSeparateProfileChallengeEnabled] userId = 12
07-08 17:43:02.794  3414  3414 D LockSettingsService: [getSeparateProfileChallengeEnabled] userId = 12
07-08 17:43:02.805  3414  3414 D LockSettingsService: [getSeparateProfileChallengeEnabled] userId = 12
07-08 17:43:02.805  3414  3414 D LockSettingsService: [getSeparateProfileChallengeEnabled] userId = 12
07-08 17:43:02.821  3414  3414 D LockSettingsService: [getSeparateProfileChallengeEnabled] userId = 12
07-08 17:43:02.824  3414  3414 D LockSettingsService: [getSeparateProfileChallengeEnabled] userId = 12
07-08 17:43:02.956  3414 16352 D UsageStatsService: User[0] type=0 b=1783528750228 e=1783528982955 cb=1783519581251 ce=1783528983464 disk=0 all=9
07-08 17:43:02.991  1446 11957 W keystore2: system/security/keystore2/watchdog/src/lib.rs:143 - ### Keystore Watchdog report - BEGIN ###
07-08 17:43:02.991  1446 11957 W keystore2: system/security/keystore2/watchdog/src/lib.rs:152 - When extracting from a bug report, please include this header and all 1 records below (to footer)
07-08 17:43:02.991  1446 11957 W keystore2: system/security/keystore2/watchdog/src/lib.rs:199 - ThreadId(81) Calling get_rkpd_attestation_key() Started: 07-08 16:43:01.991 UTC Pending: 1.000612604s Overdue 613.021┬Ás
07-08 17:43:02.991  1446 11957 W keystore2: system/security/keystore2/watchdog/src/lib.rs:211 - ### Keystore Watchdog report - END ###
07-08 17:43:03.688  3414  4861 D NotificationService--OplusNotificationFixHelper: fixAppIcon: pkg=rd.sheepskin.sandboxmusic
07-08 17:43:03.688  3414  4861 D NotificationService--OplusNotificationFixHelper: fixAppIcon: appIcon = null, pkg = rd.sheepskin.sandboxmusic
07-08 17:43:03.689  3414  4861 I OplusStatusBarManagerServiceEnhance:  getTopIsFullscreen mTopIsFullscreen: false
07-08 17:43:03.689  3414  4861 W ActivityManager: Permission Denial: getTopApplicationInfo from pid=1361, uid=10447 requires oplus.permission.OPLUS_COMPONENT_SAFE
07-08 17:43:03.689  3414  3414 D NotificationService--OplusNotificationManagerServiceExtImpl: isForwardToAssistants: true, case : Is local notification
07-08 17:43:03.689  3414  3414 D NotificationService: This application enqueue notifications is need postDelayed mcsAssistantDelayTime: 200
07-08 17:43:03.695  3414  4861 D NotificationService--OplusNotificationFixHelper: fixAppIcon: pkg=rd.sheepskin.sandboxmusic
07-08 17:43:03.695  3414  4861 D NotificationService--OplusNotificationFixHelper: fixAppIcon: appIcon = null, pkg = rd.sheepskin.sandboxmusic
07-08 17:43:03.699  3414  4861 I OplusStatusBarManagerServiceEnhance:  getTopIsFullscreen mTopIsFullscreen: false
07-08 17:43:03.699  3414  4861 W ActivityManager: Permission Denial: getTopApplicationInfo from pid=1361, uid=10447 requires oplus.permission.OPLUS_COMPONENT_SAFE
07-08 17:43:03.703  3414  3414 D NotificationService--OplusNotificationManagerServiceExtImpl: isForwardToAssistants: true, case : Is local notification
07-08 17:43:03.703  3414  3414 D NotificationService: This application enqueue notifications is need postDelayed mcsAssistantDelayTime: 200
07-08 17:43:03.713  3414  6046 D NotificationService--OplusNotificationFixHelper: fixAppIcon: pkg=rd.sheepskin.sandboxmusic
07-08 17:43:03.713  3414  6046 D NotificationService--OplusNotificationFixHelper: fixAppIcon: appIcon = null, pkg = rd.sheepskin.sandboxmusic
07-08 17:43:03.719  3414  6046 I OplusStatusBarManagerServiceEnhance:  getTopIsFullscreen mTopIsFullscreen: false
07-08 17:43:03.720  3414  6046 W ActivityManager: Permission Denial: getTopApplicationInfo from pid=1361, uid=10447 requires oplus.permission.OPLUS_COMPONENT_SAFE
07-08 17:43:03.720  3414  3414 D NotificationService--OplusNotificationManagerServiceExtImpl: isForwardToAssistants: true, case : Is local notification
07-08 17:43:03.720  3414  3414 D NotificationService: This application enqueue notifications is need postDelayed mcsAssistantDelayTime: 200
07-08 17:43:03.763  3414 11227 D UsageStatsService: User[999] type=0 b=1783528434041 e=1783528983762 cb=1783504674467 ce=1783528663841 disk=0 all=1
07-08 17:43:03.905  3414  3414 D LockSettingsService: [getSeparateProfileChallengeEnabled] userId = 12
07-08 17:43:03.905  3414  3414 D LockSettingsService: [getSeparateProfileChallengeEnabled] userId = 12
07-08 17:43:03.919  3414  3414 D LockSettingsService: [getSeparateProfileChallengeEnabled] userId = 12
07-08 17:43:03.919  3414  3414 D LockSettingsService: [getSeparateProfileChallengeEnabled] userId = 12
07-08 17:43:03.923  3414  3414 D LockSettingsService: [getSeparateProfileChallengeEnabled] userId = 12
07-08 17:43:03.924  3414  3414 D LockSettingsService: [getSeparateProfileChallengeEnabled] userId = 12
07-08 17:43:04.774  3414  5458 D NotificationService--OplusNotificationFixHelper: fixAppIcon: pkg=rd.sheepskin.sandboxmusic
07-08 17:43:04.774  3414  5458 D NotificationService--OplusNotificationFixHelper: fixAppIcon: appIcon = null, pkg = rd.sheepskin.sandboxmusic
07-08 17:43:04.775  3414  5458 I OplusStatusBarManagerServiceEnhance:  getTopIsFullscreen mTopIsFullscreen: false
07-08 17:43:04.775  3414  5458 W ActivityManager: Permission Denial: getTopApplicationInfo from pid=1361, uid=10447 requires oplus.permission.OPLUS_COMPONENT_SAFE
07-08 17:43:04.776  3414  3414 D NotificationService--OplusNotificationManagerServiceExtImpl: isForwardToAssistants: true, case : Is local notification
07-08 17:43:04.776  3414  3414 D NotificationService: This application enqueue notifications is need postDelayed mcsAssistantDelayTime: 200
07-08 17:43:04.783  3414  5458 D NotificationService--OplusNotificationFixHelper: fixAppIcon: pkg=rd.sheepskin.sandboxmusic
07-08 17:43:04.783  3414  5458 D NotificationService--OplusNotificationFixHelper: fixAppIcon: appIcon = null, pkg = rd.sheepskin.sandboxmusic
07-08 17:43:04.784  3414  5458 I OplusStatusBarManagerServiceEnhance:  getTopIsFullscreen mTopIsFullscreen: false
07-08 17:43:04.784  3414  5458 W ActivityManager: Permission Denial: getTopApplicationInfo from pid=1361, uid=10447 requires oplus.permission.OPLUS_COMPONENT_SAFE
07-08 17:43:04.784  3414  3414 D NotificationService--OplusNotificationManagerServiceExtImpl: isForwardToAssistants: true, case : Is local notification
07-08 17:43:04.784  3414  3414 D NotificationService: This application enqueue notifications is need postDelayed mcsAssistantDelayTime: 200
07-08 17:43:04.802  3414  5458 D NotificationService--OplusNotificationFixHelper: fixAppIcon: pkg=rd.sheepskin.sandboxmusic
07-08 17:43:04.802  3414  5458 D NotificationService--OplusNotificationFixHelper: fixAppIcon: appIcon = null, pkg = rd.sheepskin.sandboxmusic
07-08 17:43:04.804  3414  5458 I OplusStatusBarManagerServiceEnhance:  getTopIsFullscreen mTopIsFullscreen: false
07-08 17:43:04.804  3414  5458 W ActivityManager: Permission Denial: getTopApplicationInfo from pid=1361, uid=10447 requires oplus.permission.OPLUS_COMPONENT_SAFE
07-08 17:43:04.805  3414  3414 D NotificationService--OplusNotificationManagerServiceExtImpl: isForwardToAssistants: true, case : Is local notification
07-08 17:43:04.805  3414  3414 D NotificationService: This application enqueue notifications is need postDelayed mcsAssistantDelayTime: 200
07-08 17:43:04.981  3414  3414 D LockSettingsService: [getSeparateProfileChallengeEnabled] userId = 12
07-08 17:43:04.982  3414  3414 D LockSettingsService: [getSeparateProfileChallengeEnabled] userId = 12
07-08 17:43:04.992  3414  3414 D LockSettingsService: [getSeparateProfileChallengeEnabled] userId = 12
07-08 17:43:04.992  3414  3414 D LockSettingsService: [getSeparateProfileChallengeEnabled] userId = 12
07-08 17:43:05.017  3414  3414 D LockSettingsService: [getSeparateProfileChallengeEnabled] userId = 12
07-08 17:43:05.017  3414  3414 D LockSettingsService: [getSeparateProfileChallengeEnabled] userId = 12
07-08 17:43:05.496  3414  4359 V AlarmManager: sending alarm Alarm{6c3a94 type 3 origWhen 365200276 whenElapsed 365200276 android} uid 1000 whenElapsed 365200276 windowLength 0 maxWhenElapsed 365200276 repeatInterval 0 action null component null tag *job.delay* flags 0x0 procName system_server
07-08 17:43:05.551  3414  5458 W PackageManager: package com.oplus.ndsf uid 10114 pid 8953 call SetEnabledSetting(com.oplus.ndsf component = androidx.work.impl.background.systemalarm.RescheduleReceiver, 2, 0)
07-08 17:43:05.580  3414  5458 W ActivityManager: Receiver with filter android.content.IntentFilter@cd052f5 already registered for pid 8953, callerPackage is com.oplus.ndsf
07-08 17:43:05.585  3414  5458 W PackageManager: package com.oplus.ndsf uid 10114 pid 8953 call SetEnabledSetting(com.oplus.ndsf component = androidx.work.impl.background.systemalarm.RescheduleReceiver, 1, 0)
07-08 17:43:05.880  3414  5458 D NotificationService--OplusNotificationFixHelper: fixAppIcon: pkg=rd.sheepskin.sandboxmusic
07-08 17:43:05.880  3414  5458 D NotificationService--OplusNotificationFixHelper: fixAppIcon: appIcon = null, pkg = rd.sheepskin.sandboxmusic
07-08 17:43:05.881  3414  5458 I OplusStatusBarManagerServiceEnhance:  getTopIsFullscreen mTopIsFullscreen: false
07-08 17:43:05.881  3414  5458 W ActivityManager: Permission Denial: getTopApplicationInfo from pid=1361, uid=10447 requires oplus.permission.OPLUS_COMPONENT_SAFE
07-08 17:43:05.885  3414  3414 D NotificationService--OplusNotificationManagerServiceExtImpl: isForwardToAssistants: true, case : Is local notification
07-08 17:43:05.885  3414  3414 D NotificationService: This application enqueue notifications is need postDelayed mcsAssistantDelayTime: 200
07-08 17:43:05.889  3414  5458 D NotificationService--OplusNotificationFixHelper: fixAppIcon: pkg=rd.sheepskin.sandboxmusic
07-08 17:43:05.890  3414  5458 D NotificationService--OplusNotificationFixHelper: fixAppIcon: appIcon = null, pkg = rd.sheepskin.sandboxmusic
07-08 17:43:05.891  3414  5458 I OplusStatusBarManagerServiceEnhance:  getTopIsFullscreen mTopIsFullscreen: false
07-08 17:43:05.891  3414  5458 W ActivityManager: Permission Denial: getTopApplicationInfo from pid=1361, uid=10447 requires oplus.permission.OPLUS_COMPONENT_SAFE
07-08 17:43:05.894  3414  3414 D NotificationService--OplusNotificationManagerServiceExtImpl: isForwardToAssistants: true, case : Is local notification
07-08 17:43:05.894  3414  3414 D NotificationService: This application enqueue notifications is need postDelayed mcsAssistantDelayTime: 200
07-08 17:43:05.913  3414  4861 D NotificationService--OplusNotificationFixHelper: fixAppIcon: pkg=rd.sheepskin.sandboxmusic
07-08 17:43:05.913  3414  4861 D NotificationService--OplusNotificationFixHelper: fixAppIcon: appIcon = null, pkg = rd.sheepskin.sandboxmusic
07-08 17:43:05.914  3414  4861 I OplusStatusBarManagerServiceEnhance:  getTopIsFullscreen mTopIsFullscreen: false
07-08 17:43:05.914  3414  4861 W ActivityManager: Permission Denial: getTopApplicationInfo from pid=1361, uid=10447 requires oplus.permission.OPLUS_COMPONENT_SAFE
07-08 17:43:05.915  3414  3414 D NotificationService--OplusNotificationManagerServiceExtImpl: isForwardToAssistants: true, case : Is local notification
07-08 17:43:05.915  3414  3414 D NotificationService: This application enqueue notifications is need postDelayed mcsAssistantDelayTime: 200
07-08 17:43:06.092  3414  3414 D LockSettingsService: [getSeparateProfileChallengeEnabled] userId = 12
07-08 17:43:06.092  3414  3414 D LockSettingsService: [getSeparateProfileChallengeEnabled] userId = 12
07-08 17:43:06.105  3414  3414 D LockSettingsService: [getSeparateProfileChallengeEnabled] userId = 12
07-08 17:43:06.105  3414  3414 D LockSettingsService: [getSeparateProfileChallengeEnabled] userId = 12
07-08 17:43:06.124  3414  3414 D LockSettingsService: [getSeparateProfileChallengeEnabled] userId = 12
07-08 17:43:06.124  3414  3414 D LockSettingsService: [getSeparateProfileChallengeEnabled] userId = 12
07-08 17:43:06.221  1446 15667 E keystore2: system/security/keystore2/rkpd_client/src/lib.rs:193 - IGetKeyCallback failed: ERROR_PERMANENT: HTTP error status encountered: 444
07-08 17:43:06.221  1446 17294 I keystore2: system/security/keystore2/watchdog/src/lib.rs:230 - Watchdog complete for: ThreadId(81) Calling get_rkpd_attestation_key() Started: 07-08 16:43:01.991 UTC Pending: 4.230539165s Overdue 3.230539686s
07-08 17:43:06.221  1446 17294 W keystore2: system/security/keystore2/src/remote_provisioning.rs:97 - Error occurred: system/security/keystore2/rkpd_client/src/lib.rs:194: GetKeyCallback failed: r#ERROR_PERMANENT "ERROR_PERMANENT: HTTP error status encountered: 444"
07-08 17:43:06.221  1446 17294 W keystore2: 
07-08 17:43:06.221  1446 17294 W keystore2: Caused by:
07-08 17:43:06.221  1446 17294 W keystore2:     Failed to get key: r#ERROR_PERMANENT
07-08 17:43:06.366  1446 17294 E keystore2: system/security/keystore2/src/error.rs:183 - system/security/keystore2/src/security_level.rs:684
07-08 17:43:06.366  1446 17294 E keystore2: 
07-08 17:43:06.366  1446 17294 E keystore2: Caused by:
07-08 17:43:06.366  1446 17294 E keystore2:     0: system/security/keystore2/src/security_level.rs:678: While generating without a provided attestation key and params: [KeyParameter { tag: r#KEY_SIZE, value: Integer(256) }, KeyParameter { tag: r#ALGORITHM, value: Algorithm(r#EC) }, KeyParameter { tag: r#EC_CURVE, value: EcCurve(r#P_256) }, KeyParameter { tag: r#PURPOSE, value: KeyPurpose(r#SIGN) }, KeyParameter { tag: r#PURPOSE, value: KeyPurpose(r#VERIFY) }, KeyParameter { tag: r#DIGEST, value: Digest(r#SHA_2_256) }, KeyParameter { tag: r#NO_AUTH_REQUIRED, value: BoolValue(true) }, KeyParameter { tag: r#CERTIFICATE_NOT_AFTER, value: DateTime(2099148181986) }, KeyParameter { tag: r#CERTIFICATE_NOT_BEFORE, value: DateTime(1783528981986) }, KeyParameter { tag: r#CERTIFICATE_SERIAL, value: Blob([1]) }, KeyParameter { tag: r#CERTIFICATE_SUBJECT, value: Blob([48, 31, 49, 29, 48, 27, 6, 3, 85, 4, 3, 19, 20, 65, 110, 100, 114, 111, 105, 100, 32, 75, 101, 121, 115, 116, 111, 114, 101, 32, 75, 101, 121]) }, KeyParameter { tag: r#ATTESTATION_CHALLENGE, value: Blob([55, 107, 88, 49, 104, 80, 118, 110, 53, 121, 89, 117, 57, 71, 99, 82, 119, 68, 50, 77, 54, 67, 65, 51, 70, 48, 108, 100, 52, 105, 112, 103]) }, KeyParameter { tag: r#CREATION_DATETIME, value: DateTime(1783528986221) }, KeyParameter { tag: r#ATTESTATION_APPLICATION_ID, value: Blob([48, 69, 49, 31, 48, 29, 4, 21, 99, 111, 109, 46, 105, 110, 115, 116, 97, 103, 114, 97, 109, 46, 97, 110, 100, 114, 111, 105, 100, 2, 4, 127, 255, 255, 255, 49, 34, 4, 32, 65, 112, 68, 170, 9, 39, 0, 24, 203, 213, 45, 83, 184, 227, 153, 51, 99, 130, 88, 148, 69, 227, 157, 210, 109, 228, 22, 21, 58, 76, 45, 142]) }].
07-08 17:43:06.366  1446 17294 E keystore2:     1: Error::Km(r#ATTESTATION_KEYS_NOT_PROVISIONED)
07-08 17:43:06.371  1446 17294 E keystore2: system/security/keystore2/src/database.rs:1696 - transaction failed Trying to get access tuple.
07-08 17:43:06.371  1446 17294 E keystore2: 
07-08 17:43:06.371  1446 17294 E keystore2: Caused by:
07-08 17:43:06.371  1446 17294 E keystore2:     0: With key.domain = r#APP.
07-08 17:43:06.371  1446 17294 E keystore2:     1: system/security/keystore2/src/database.rs:2176
07-08 17:43:06.371  1446 17294 E keystore2:     2: Error::Rc(r#KEY_NOT_FOUND), name:Some("TX_unbind_key")
07-08 17:43:06.554  3414  3784 I AppsFilter: interaction: PackageSetting{2bf2628 com.android.microdroid.empty_payload/10275} -> PackageSetting{98145c com.oplus.ndsf/10114} BLOCKED
07-08 17:43:06.554  3414  3784 I AppsFilter: interaction: PackageSetting{581767d rd.sheepskin.sandboxmusic/10447} -> PackageSetting{98145c com.oplus.ndsf/10114} BLOCKED
07-08 17:43:06.556  3414  3784 I AppsFilter: interaction: PackageSetting{41019c3 com.oplus.locationproxy/10173} -> PackageSetting{98145c com.oplus.ndsf/10114} BLOCKED
07-08 17:43:06.557  3414  3784 I AppsFilter: interaction: PackageSetting{2869240 com.android.certinstaller/10210} -> PackageSetting{98145c com.oplus.ndsf/10114} BLOCKED
07-08 17:43:06.557  3414  3784 I AppsFilter: interaction: PackageSetting{cd08f1f com.oplus.location/10218} -> PackageSetting{98145c com.oplus.ndsf/10114} BLOCKED
07-08 17:43:06.582  3414  3414 D LockSettingsService: [getSeparateProfileChallengeEnabled] userId = 12
07-08 17:43:06.585  3414  4410 V AccessibilityManagerService: onUserStateChangedLocked for user 0 with forceUpdate: false mEnabledServices = [ComponentInfo{com.android.systemui.accessibility.accessibilitymenu/com.android.systemui.accessibility.accessibilitymenu.AccessibilityMenuService}] mCrashedServices = [] hasMagnificationConnection=false
07-08 17:43:06.586  3414  4405 I VibrationEffectConvertor: onInputMethodListUpdated received, info.size = 4
07-08 17:43:06.586  3414  4405 I VibrationEffectConvertor: userid = 0, packageName = com.google.android.tts
07-08 17:43:06.586  3414  4405 I VibrationEffectConvertor: userid = 0, packageName = helium314.keyboard
07-08 17:43:06.586  3414  4405 I VibrationEffectConvertor: userid = 0, packageName = com.google.android.inputmethod.latin
07-08 17:43:06.586  3414  4405 I VibrationEffectConvertor: userid = 0, packageName = com.oplus.securitykeyboard
07-08 17:43:06.592  3414  4410 W MagnificationConnectionManager: requestConnection duplicated request: connect=false, mConnectionState=DISCONNECTED
07-08 17:43:06.593  3414  3414 D AccessibilityManagerService: [updateInputFilter] flags = 4, mInputFilter=com.android.server.accessibility.AccessibilityInputFilter@bebb322, mHasInputFilter=true, mForceSetInputFilter=false
07-08 17:43:06.984  3414  8733 D NotificationService--OplusNotificationFixHelper: fixAppIcon: pkg=rd.sheepskin.sandboxmusic
07-08 17:43:06.984  3414  8733 D NotificationService--OplusNotificationFixHelper: fixAppIcon: appIcon = null, pkg = rd.sheepskin.sandboxmusic
07-08 17:43:06.985  3414  8733 I OplusStatusBarManagerServiceEnhance:  getTopIsFullscreen mTopIsFullscreen: false
07-08 17:43:06.985  3414  8733 W ActivityManager: Permission Denial: getTopApplicationInfo from pid=1361, uid=10447 requires oplus.permission.OPLUS_COMPONENT_SAFE
07-08 17:43:06.986  3414  3414 D NotificationService--OplusNotificationManagerServiceExtImpl: isForwardToAssistants: true, case : Is local notification
07-08 17:43:06.986  3414  3414 D NotificationService: This application enqueue notifications is need postDelayed mcsAssistantDelayTime: 200
07-08 17:43:06.993  3414  4391 D NotificationService--OplusNotificationFixHelper: fixAppIcon: pkg=rd.sheepskin.sandboxmusic
07-08 17:43:06.993  3414  4391 D NotificationService--OplusNotificationFixHelper: fixAppIcon: appIcon = null, pkg = rd.sheepskin.sandboxmusic
07-08 17:43:06.994  3414  8711 D NotificationService--OplusNotificationFixHelper: fixAppIcon: pkg=rd.sheepskin.sandboxmusic
07-08 17:43:06.994  3414  8711 D NotificationService--OplusNotificationFixHelper: fixAppIcon: appIcon = null, pkg = rd.sheepskin.sandboxmusic
07-08 17:43:06.994  3414  4391 I OplusStatusBarManagerServiceEnhance:  getTopIsFullscreen mTopIsFullscreen: false
07-08 17:43:06.994  3414  4391 W ActivityManager: Permission Denial: getTopApplicationInfo from pid=1361, uid=10447 requires oplus.permission.OPLUS_COMPONENT_SAFE
07-08 17:43:06.994  3414  8711 I OplusStatusBarManagerServiceEnhance:  getTopIsFullscreen mTopIsFullscreen: false
07-08 17:43:06.994  3414  8711 W ActivityManager: Permission Denial: getTopApplicationInfo from pid=1361, uid=10447 requires oplus.permission.OPLUS_COMPONENT_SAFE
07-08 17:43:06.995  3414  3414 D NotificationService--OplusNotificationManagerServiceExtImpl: isForwardToAssistants: true, case : Is local notification
07-08 17:43:06.995  3414  3414 D NotificationService: This application enqueue notifications is need postDelayed mcsAssistantDelayTime: 200
07-08 17:43:06.996  3414  3414 D NotificationService--OplusNotificationManagerServiceExtImpl: isForwardToAssistants: true, case : Is local notification
