--------- beginning of system
06-17 14:08:18.040 13819 13819 V Configuration: Updating configuration, locales updated from [] to [en_TH]
06-17 14:08:18.167 13819 13819 D ResourcesManagerExtImpl: applyConfigurationToAppResourcesLocked app.getDisplayId() return callback.displayId:-1
06-17 14:08:18.185 13819 20227 I DisplayManager: Choreographer implicitly registered for the refresh rate.
06-17 14:08:18.188 13819 13819 D ResourcesManagerExtImpl: applyConfigurationToAppResourcesLocked app.getDisplayId() return callback.displayId:0
06-17 14:08:18.211 13819 13819 D OplusPredictiveBackController: should not HookOnBackInvokedCallbackEnabled for application rd.sheepskin.sandboxmusic.MainActivity@deb527b sdk: 36
06-17 14:08:18.340 13819 13819 I Quality : InflateViewInfo:116470468,androidx.coordinatorlayout.widget.CoordinatorLayout
06-17 14:08:18.342 13819 20241 D OplusInputMethodUtil: init sDebug to false, init sDebugIme to false, init sAlwaysOn to false
06-17 14:08:18.343 13819 20241 D OplusInputMethodUtil: updateDebugToClass InputMethodManager.DEBUG = false
06-17 14:08:18.343 13819 20241 D OplusInputMethodUtil: updateDebugToClass ImeFocusController.DEBUG = false
06-17 14:08:18.343 13819 20241 D OplusInputMethodUtil: updateDebugToClass OnBackInvokedDispatcher.DEBUG = false
06-17 14:08:18.343 13819 20241 D OplusInputMethodUtil: updateDebugToClass InsetsController.DEBUG = false
06-17 14:08:18.343 13819 20241 D OplusInputMethodUtil: updateDebugToClass BaseInputConnection.DEBUG = false
06-17 14:08:18.462 13819 13819 D ActivityThread: ComponentInfo{rd.sheepskin.sandboxmusic/rd.sheepskin.sandboxmusic.MainActivity} checkFinished=false 2
06-17 14:08:18.462 13819 13819 D ResourcesManagerExtImpl: applyConfigurationToAppResourcesLocked app.getDisplayId() return callback.displayId:0
06-17 14:08:18.497 13819 13819 D ResourcesManagerExtImpl: applyConfigurationToAppResourcesLocked app.getDisplayId() return callback.displayId:0
06-17 14:08:18.511 13819 13819 D VRI[MainActivity]: relayoutWindow result, sizeChanged:true, surfaceControlChanged:true, transformHintChanged:false, mSurfaceSize:Point(1440, 3168), mLastSurfaceSize:Point(0, 0), mWidth:-1, mHeight:-1, requestedWidth:1440, requestedHeight:3168, transformHint:0, installOrientation:0, displayRotation:0, isSurfaceValid:true, attr.flag:-2122252032, tmpFrames:ClientWindowFrames{frame=[0,0][1440,3168] display=[0,0][1440,3168] parentFrame=[0,0][0,0]}, relayoutResult:3, relayoutAsync:false, mSyncSeqId:0
06-17 14:08:18.511 13819 13819 W VRI[MainActivity]: updateBlastSurfaceIfNeeded, surfaceSize:Point(1440, 3168), lastSurfaceSize:Point(0, 0), format:-1, blastBufferQueue:null
06-17 14:08:18.558 13819 13819 W VRI[MainActivity]: handleResized, msg:, frameChanged:false, configChanged:false, displayChanged:false, attachedFrameChanged:false, compatScaleChanged:false, pendingDragResizing=false
06-17 14:08:26.327 13819 13819 D OplusInputMethodManagerInternal: get inputMethodManager extension: com.android.internal.view.IInputMethodManager$Stub$Proxy@4eece0b
06-17 14:08:29.906 13819 13819 D ResourcesManagerExtImpl: applyConfigurationToAppResourcesLocked app.getDisplayId() return callback.displayId:0
06-17 14:08:29.915 13819 13819 W VRI[MainActivity]: handleResized, msg:, frameChanged:true, configChanged:true, displayChanged:false, attachedFrameChanged:false, compatScaleChanged:false, pendingDragResizing=false
06-17 14:08:29.917 13819 13819 D VRI[MainActivity]: relayoutWindow result, sizeChanged:true, surfaceControlChanged:false, transformHintChanged:true, mSurfaceSize:Point(3168, 1440), mLastSurfaceSize:Point(1440, 3168), mWidth:1440, mHeight:3168, requestedWidth:3168, requestedHeight:1440, transformHint:7, installOrientation:0, displayRotation:3, isSurfaceValid:true, attr.flag:-2122252032, tmpFrames:ClientWindowFrames{frame=[0,0][3168,1440] display=[0,0][3168,1440] parentFrame=[0,0][3168,1440]}, relayoutResult:0, relayoutAsync:true, mSyncSeqId:0
06-17 14:08:29.917 13819 13819 W VRI[MainActivity]: updateBlastSurfaceIfNeeded, surfaceSize:Point(3168, 1440), lastSurfaceSize:Point(1440, 3168), format:-1, blastBufferQueue:android.graphics.BLASTBufferQueue@ba3fe7
06-17 14:08:30.147 13819 13819 W VRI[MainActivity]: handleResized abandoned!
06-17 14:08:30.486 13819 13819 D ResourcesManagerExtImpl: applyConfigurationToAppResourcesLocked app.getDisplayId() return callback.displayId:0
06-17 14:08:30.489 13819 13819 W VRI[MainActivity]: handleResized, msg:, frameChanged:true, configChanged:true, displayChanged:false, attachedFrameChanged:false, compatScaleChanged:false, pendingDragResizing=false
06-17 14:08:30.491 13819 13819 D VRI[MainActivity]: relayoutWindow result, sizeChanged:true, surfaceControlChanged:false, transformHintChanged:true, mSurfaceSize:Point(1440, 3168), mLastSurfaceSize:Point(3168, 1440), mWidth:3168, mHeight:1440, requestedWidth:1440, requestedHeight:3168, transformHint:0, installOrientation:0, displayRotation:0, isSurfaceValid:true, attr.flag:-2122252032, tmpFrames:ClientWindowFrames{frame=[0,0][1440,3168] display=[0,0][1440,3168] parentFrame=[0,0][1440,3168]}, relayoutResult:0, relayoutAsync:true, mSyncSeqId:0
06-17 14:08:30.491 13819 13819 W VRI[MainActivity]: updateBlastSurfaceIfNeeded, surfaceSize:Point(1440, 3168), lastSurfaceSize:Point(3168, 1440), format:-1, blastBufferQueue:android.graphics.BLASTBufferQueue@ba3fe7
06-17 14:08:31.446 13819 13819 W VRI[MainActivity]: handleResized abandoned!
06-17 14:08:36.446 13819 13819 D InsetsController: Setting requestedVisibleTypes to -1 (was -9)
06-17 14:08:36.467 13819 13819 W VRI[MainActivity]: handleResized abandoned!
06-17 14:08:36.535 13819 13819 W VRI[MainActivity]: handleResized abandoned!
06-17 14:08:36.550 13819 13819 W VRI[MainActivity]: handleResized abandoned!
06-17 14:08:39.073 13819 13819 D InsetsController: Setting requestedVisibleTypes to -9 (was -1)
06-17 14:08:39.091 13819 13819 W VRI[MainActivity]: handleResized abandoned!
06-17 14:08:39.340 13819 13819 W VRI[MainActivity]: handleResized abandoned!
06-17 14:08:39.344 13819 13819 W VRI[MainActivity]: handleResized abandoned!
--------- beginning of main
06-17 14:10:06.792 13819 13819 I Capacitor/Console: File:  - Line 349 - Msg: [object Object]
06-17 14:10:06.796 13819 20282 V Capacitor/Plugin: To native (Capacitor plugin): callbackId: 122403628, pluginId: NativeExoPlayback, methodName: getStatus
06-17 14:10:06.796 13819 20282 V Capacitor: callback: 122403628, pluginId: NativeExoPlayback, methodName: getStatus, methodData: {}
06-17 14:10:06.798 13819 13819 I Capacitor/Console: File:  - Line 333 - Msg: {"available":true,"wired":true,"message":"ExoPlayer gapless queue  content:// locker bridge + HTTP streams.","state":"idle","positionSecs":0,"durationSecs":0,"queueIndex":0,"queueLength":0,"gaplessEnabled":true,"crossfadeEnabled":false,"bitPerfectActive":false}
06-17 14:10:07.192 13819 13819 I Capacitor/Console: File:  - Line 349 - Msg: [object Object]
06-17 14:10:07.193 13819 20282 V Capacitor/Plugin: To native (Capacitor plugin): callbackId: 122403629, pluginId: NativeExoPlayback, methodName: getStatus
06-17 14:10:07.193 13819 20282 V Capacitor: callback: 122403629, pluginId: NativeExoPlayback, methodName: getStatus, methodData: {}
06-17 14:10:07.196 13819 13819 I Capacitor/Console: File:  - Line 333 - Msg: {"available":true,"wired":true,"message":"ExoPlayer gapless queue  content:// locker bridge + HTTP streams.","state":"idle","positionSecs":0,"durationSecs":0,"queueIndex":0,"queueLength":0,"gaplessEnabled":true,"crossfadeEnabled":false,"bitPerfectActive":false}
06-17 14:10:07.593 13819 13819 I Capacitor/Console: File:  - Line 349 - Msg: [object Object]
06-17 14:10:07.593 13819 20282 V Capacitor/Plugin: To native (Capacitor plugin): callbackId: 122403630, pluginId: NativeExoPlayback, methodName: getStatus
06-17 14:10:07.593 13819 20282 V Capacitor: callback: 122403630, pluginId: NativeExoPlayback, methodName: getStatus, methodData: {}
06-17 14:10:07.598 13819 13819 I Capacitor/Console: File:  - Line 333 - Msg: {"available":true,"wired":true,"message":"ExoPlayer gapless queue  content:// locker bridge + HTTP streams.","state":"idle","positionSecs":0,"durationSecs":0,"queueIndex":0,"queueLength":0,"gaplessEnabled":true,"crossfadeEnabled":false,"bitPerfectActive":false}
06-17 14:10:07.995 13819 13819 I Capacitor/Console: File:  - Line 349 - Msg: [object Object]
06-17 14:10:07.996 13819 20282 V Capacitor/Plugin: To native (Capacitor plugin): callbackId: 122403631, pluginId: NativeExoPlayback, methodName: getStatus
06-17 14:10:07.996 13819 20282 V Capacitor: callback: 122403631, pluginId: NativeExoPlayback, methodName: getStatus, methodData: {}
06-17 14:10:08.001 13819 13819 I Capacitor/Console: File:  - Line 333 - Msg: {"available":true,"wired":true,"message":"ExoPlayer gapless queue  content:// locker bridge + HTTP streams.","state":"idle","positionSecs":0,"durationSecs":0,"queueIndex":0,"queueLength":0,"gaplessEnabled":true,"crossfadeEnabled":false,"bitPerfectActive":false}
06-17 14:10:08.393 13819 13819 I Capacitor/Console: File:  - Line 349 - Msg: [object Object]
06-17 14:10:08.394 13819 20282 V Capacitor/Plugin: To native (Capacitor plugin): callbackId: 122403632, pluginId: NativeExoPlayback, methodName: getStatus
06-17 14:10:08.394 13819 20282 V Capacitor: callback: 122403632, pluginId: NativeExoPlayback, methodName: getStatus, methodData: {}
06-17 14:10:08.400 13819 13819 I Capacitor/Console: File:  - Line 333 - Msg: {"available":true,"wired":true,"message":"ExoPlayer gapless queue  content:// locker bridge + HTTP streams.","state":"idle","positionSecs":0,"durationSecs":0,"queueIndex":0,"queueLength":0,"gaplessEnabled":true,"crossfadeEnabled":false,"bitPerfectActive":false}
06-17 14:10:08.796 13819 13819 I Capacitor/Console: File:  - Line 349 - Msg: [object Object]
06-17 14:10:08.796 13819 20282 V Capacitor/Plugin: To native (Capacitor plugin): callbackId: 122403633, pluginId: NativeExoPlayback, methodName: getStatus
06-17 14:10:08.796 13819 20282 V Capacitor: callback: 122403633, pluginId: NativeExoPlayback, methodName: getStatus, methodData: {}
06-17 14:10:08.803 13819 13819 I Capacitor/Console: File:  - Line 333 - Msg: {"available":true,"wired":true,"message":"ExoPlayer gapless queue  content:// locker bridge + HTTP streams.","state":"idle","positionSecs":0,"durationSecs":0,"queueIndex":0,"queueLength":0,"gaplessEnabled":true,"crossfadeEnabled":false,"bitPerfectActive":false}
06-17 14:10:09.193 13819 13819 I Capacitor/Console: File:  - Line 349 - Msg: [object Object]
06-17 14:10:09.193 13819 20282 V Capacitor/Plugin: To native (Capacitor plugin): callbackId: 122403634, pluginId: NativeExoPlayback, methodName: getStatus
06-17 14:10:09.193 13819 20282 V Capacitor: callback: 122403634, pluginId: NativeExoPlayback, methodName: getStatus, methodData: {}
06-17 14:10:09.200 13819 13819 I Capacitor/Console: File:  - Line 333 - Msg: {"available":true,"wired":true,"message":"ExoPlayer gapless queue  content:// locker bridge + HTTP streams.","state":"idle","positionSecs":0,"durationSecs":0,"queueIndex":0,"queueLength":0,"gaplessEnabled":true,"crossfadeEnabled":false,"bitPerfectActive":false}
06-17 14:10:09.593 13819 13819 I Capacitor/Console: File:  - Line 349 - Msg: [object Object]
06-17 14:10:09.593 13819 20282 V Capacitor/Plugin: To native (Capacitor plugin): callbackId: 122403635, pluginId: NativeExoPlayback, methodName: getStatus
06-17 14:10:09.593 13819 20282 V Capacitor: callback: 122403635, pluginId: NativeExoPlayback, methodName: getStatus, methodData: {}
06-17 14:10:09.596 13819 13819 I Capacitor/Console: File:  - Line 333 - Msg: {"available":true,"wired":true,"message":"ExoPlayer gapless queue  content:// locker bridge + HTTP streams.","state":"idle","positionSecs":0,"durationSecs":0,"queueIndex":0,"queueLength":0,"gaplessEnabled":true,"crossfadeEnabled":false,"bitPerfectActive":false}
06-17 14:10:09.993 13819 20282 V Capacitor/Plugin: To native (Capacitor plugin): callbackId: 122403636, pluginId: NativeExoPlayback, methodName: getStatus
06-17 14:10:09.994 13819 13819 I Capacitor/Console: File:  - Line 349 - Msg: [object Object]
06-17 14:10:09.994 13819 20282 V Capacitor: callback: 122403636, pluginId: NativeExoPlayback, methodName: getStatus, methodData: {}
06-17 14:10:09.997 13819 13819 I Capacitor/Console: File:  - Line 333 - Msg: {"available":true,"wired":true,"message":"ExoPlayer gapless queue  content:// locker bridge + HTTP streams.","state":"idle","positionSecs":0,"durationSecs":0,"queueIndex":0,"queueLength":0,"gaplessEnabled":true,"crossfadeEnabled":false,"bitPerfectActive":false}
06-17 14:10:10.392 13819 13819 I Capacitor/Console: File:  - Line 349 - Msg: [object Object]
06-17 14:10:10.393 13819 20282 V Capacitor/Plugin: To native (Capacitor plugin): callbackId: 122403637, pluginId: NativeExoPlayback, methodName: getStatus
06-17 14:10:10.393 13819 20282 V Capacitor: callback: 122403637, pluginId: NativeExoPlayback, methodName: getStatus, methodData: {}
06-17 14:10:10.398 13819 13819 I Capacitor/Console: File:  - Line 333 - Msg: {"available":true,"wired":true,"message":"ExoPlayer gapless queue  content:// locker bridge + HTTP streams.","state":"idle","positionSecs":0,"durationSecs":0,"queueIndex":0,"queueLength":0,"gaplessEnabled":true,"crossfadeEnabled":false,"bitPerfectActive":false}
06-17 14:10:10.794 13819 13819 I Capacitor/Console: File:  - Line 349 - Msg: [object Object]
06-17 14:10:10.795 13819 20282 V Capacitor/Plugin: To native (Capacitor plugin): callbackId: 122403638, pluginId: NativeExoPlayback, methodName: getStatus
06-17 14:10:10.795 13819 20282 V Capacitor: callback: 122403638, pluginId: NativeExoPlayback, methodName: getStatus, methodData: {}
06-17 14:10:10.803 13819 13819 I Capacitor/Console: File:  - Line 333 - Msg: {"available":true,"wired":true,"message":"ExoPlayer gapless queue  content:// locker bridge + HTTP streams.","state":"idle","positionSecs":0,"durationSecs":0,"queueIndex":0,"queueLength":0,"gaplessEnabled":true,"crossfadeEnabled":false,"bitPerfectActive":false}
06-17 14:10:11.195 13819 13819 I Capacitor/Console: File:  - Line 349 - Msg: [object Object]
06-17 14:10:11.195 13819 20282 V Capacitor/Plugin: To native (Capacitor plugin): callbackId: 122403639, pluginId: NativeExoPlayback, methodName: getStatus
06-17 14:10:11.195 13819 20282 V Capacitor: callback: 122403639, pluginId: NativeExoPlayback, methodName: getStatus, methodData: {}
06-17 14:10:11.200 13819 13819 I Capacitor/Console: File:  - Line 333 - Msg: {"available":true,"wired":true,"message":"ExoPlayer gapless queue  content:// locker bridge + HTTP streams.","state":"idle","positionSecs":0,"durationSecs":0,"queueIndex":0,"queueLength":0,"gaplessEnabled":true,"crossfadeEnabled":false,"bitPerfectActive":false}
06-17 14:10:11.594 13819 13819 I Capacitor/Console: File:  - Line 349 - Msg: [object Object]
06-17 14:10:11.596 13819 20282 V Capacitor/Plugin: To native (Capacitor plugin): callbackId: 122403640, pluginId: NativeExoPlayback, methodName: getStatus
06-17 14:10:11.596 13819 20282 V Capacitor: callback: 122403640, pluginId: NativeExoPlayback, methodName: getStatus, methodData: {}
06-17 14:10:11.601 13819 13819 I Capacitor/Console: File:  - Line 333 - Msg: {"available":true,"wired":true,"message":"ExoPlayer gapless queue  content:// locker bridge + HTTP streams.","state":"idle","positionSecs":0,"durationSecs":0,"queueIndex":0,"queueLength":0,"gaplessEnabled":true,"crossfadeEnabled":false,"bitPerfectActive":false}
06-17 14:10:11.993 13819 20282 V Capacitor/Plugin: To native (Capacitor plugin): callbackId: 122403641, pluginId: NativeExoPlayback, methodName: getStatus
06-17 14:10:11.993 13819 20282 V Capacitor: callback: 122403641, pluginId: NativeExoPlayback, methodName: getStatus, methodData: {}
06-17 14:10:11.993 13819 13819 I Capacitor/Console: File:  - Line 349 - Msg: [object Object]
06-17 14:10:11.996 13819 13819 I Capacitor/Console: File:  - Line 333 - Msg: {"available":true,"wired":true,"message":"ExoPlayer gapless queue  content:// locker bridge + HTTP streams.","state":"idle","positionSecs":0,"durationSecs":0,"queueIndex":0,"queueLength":0,"gaplessEnabled":true,"crossfadeEnabled":false,"bitPerfectActive":false}
06-17 14:10:12.394 13819 13819 I Capacitor/Console: File:  - Line 349 - Msg: [object Object]
06-17 14:10:12.394 13819 20282 V Capacitor/Plugin: To native (Capacitor plugin): callbackId: 122403642, pluginId: NativeExoPlayback, methodName: getStatus
06-17 14:10:12.395 13819 20282 V Capacitor: callback: 122403642, pluginId: NativeExoPlayback, methodName: getStatus, methodData: {}
06-17 14:10:12.401 13819 13819 I Capacitor/Console: File:  - Line 333 - Msg: {"available":true,"wired":true,"message":"ExoPlayer gapless queue  content:// locker bridge + HTTP streams.","state":"idle","positionSecs":0,"durationSecs":0,"queueIndex":0,"queueLength":0,"gaplessEnabled":true,"crossfadeEnabled":false,"bitPerfectActive":false}
06-17 14:10:12.794 13819 13819 I Capacitor/Console: File:  - Line 349 - Msg: [object Object]
06-17 14:10:12.794 13819 20282 V Capacitor/Plugin: To native (Capacitor plugin): callbackId: 122403643, pluginId: NativeExoPlayback, methodName: getStatus
06-17 14:10:12.795 13819 20282 V Capacitor: callback: 122403643, pluginId: NativeExoPlayback, methodName: getStatus, methodData: {}
06-17 14:10:12.806 13819 13819 I Capacitor/Console: File:  - Line 333 - Msg: {"available":true,"wired":true,"message":"ExoPlayer gapless queue  content:// locker bridge + HTTP streams.","state":"idle","positionSecs":0,"durationSecs":0,"queueIndex":0,"queueLength":0,"gaplessEnabled":true,"crossfadeEnabled":false,"bitPerfectActive":false}
06-17 14:10:13.195 13819 20282 V Capacitor/Plugin: To native (Capacitor plugin): callbackId: 122403644, pluginId: NativeExoPlayback, methodName: getStatus
06-17 14:10:13.196 13819 13819 I Capacitor/Console: File:  - Line 349 - Msg: [object Object]
06-17 14:10:13.197 13819 20282 V Capacitor: callback: 122403644, pluginId: NativeExoPlayback, methodName: getStatus, methodData: {}
06-17 14:10:13.207 13819 13819 I Capacitor/Console: File:  - Line 333 - Msg: {"available":true,"wired":true,"message":"ExoPlayer gapless queue  content:// locker bridge + HTTP streams.","state":"idle","positionSecs":0,"durationSecs":0,"queueIndex":0,"queueLength":0,"gaplessEnabled":true,"crossfadeEnabled":false,"bitPerfectActive":false}
06-17 14:10:13.593 13819 13819 I Capacitor/Console: File:  - Line 349 - Msg: [object Object]
06-17 14:10:13.594 13819 20282 V Capacitor/Plugin: To native (Capacitor plugin): callbackId: 122403645, pluginId: NativeExoPlayback, methodName: getStatus
06-17 14:10:13.595 13819 20282 V Capacitor: callback: 122403645, pluginId: NativeExoPlayback, methodName: getStatus, methodData: {}
06-17 14:10:13.601 13819 13819 I Capacitor/Console: File:  - Line 333 - Msg: {"available":true,"wired":true,"message":"ExoPlayer gapless queue  content:// locker bridge + HTTP streams.","state":"idle","positionSecs":0,"durationSecs":0,"queueIndex":0,"queueLength":0,"gaplessEnabled":true,"crossfadeEnabled":false,"bitPerfectActive":false}
06-17 14:10:13.996 13819 20282 V Capacitor/Plugin: To native (Capacitor plugin): callbackId: 122403646, pluginId: NativeExoPlayback, methodName: getStatus
06-17 14:10:13.996 13819 20282 V Capacitor: callback: 122403646, pluginId: NativeExoPlayback, methodName: getStatus, methodData: {}
06-17 14:10:13.997 13819 13819 I Capacitor/Console: File:  - Line 349 - Msg: [object Object]
06-17 14:10:14.006 13819 13819 I Capacitor/Console: File:  - Line 333 - Msg: {"available":true,"wired":true,"message":"ExoPlayer gapless queue  content:// locker bridge + HTTP streams.","state":"idle","positionSecs":0,"durationSecs":0,"queueIndex":0,"queueLength":0,"gaplessEnabled":true,"crossfadeEnabled":false,"bitPerfectActive":false}
06-17 14:10:14.394 13819 20282 V Capacitor/Plugin: To native (Capacitor plugin): callbackId: 122403647, pluginId: NativeExoPlayback, methodName: getStatus
06-17 14:10:14.394 13819 13819 I Capacitor/Console: File:  - Line 349 - Msg: [object Object]
06-17 14:10:14.394 13819 20282 V Capacitor: callback: 122403647, pluginId: NativeExoPlayback, methodName: getStatus, methodData: {}
06-17 14:10:14.400 13819 13819 I Capacitor/Console: File:  - Line 333 - Msg: {"available":true,"wired":true,"message":"ExoPlayer gapless queue  content:// locker bridge + HTTP streams.","state":"idle","positionSecs":0,"durationSecs":0,"queueIndex":0,"queueLength":0,"gaplessEnabled":true,"crossfadeEnabled":false,"bitPerfectActive":false}
06-17 14:10:14.794 13819 20282 V Capacitor/Plugin: To native (Capacitor plugin): callbackId: 122403648, pluginId: NativeExoPlayback, methodName: getStatus
06-17 14:10:14.795 13819 13819 I Capacitor/Console: File:  - Line 349 - Msg: [object Object]
06-17 14:10:14.796 13819 20282 V Capacitor: callback: 122403648, pluginId: NativeExoPlayback, methodName: getStatus, methodData: {}
06-17 14:10:14.801 13819 13819 I Capacitor/Console: File:  - Line 333 - Msg: {"available":true,"wired":true,"message":"ExoPlayer gapless queue  content:// locker bridge + HTTP streams.","state":"idle","positionSecs":0,"durationSecs":0,"queueIndex":0,"queueLength":0,"gaplessEnabled":true,"crossfadeEnabled":false,"bitPerfectActive":false}
06-17 14:10:15.195 13819 13819 I Capacitor/Console: File:  - Line 349 - Msg: [object Object]
06-17 14:10:15.196 13819 20282 V Capacitor/Plugin: To native (Capacitor plugin): callbackId: 122403649, pluginId: NativeExoPlayback, methodName: getStatus
06-17 14:10:15.196 13819 20282 V Capacitor: callback: 122403649, pluginId: NativeExoPlayback, methodName: getStatus, methodData: {}
06-17 14:10:15.208 13819 13819 I Capacitor/Console: File:  - Line 333 - Msg: {"available":true,"wired":true,"message":"ExoPlayer gapless queue  content:// locker bridge + HTTP streams.","state":"idle","positionSecs":0,"durationSecs":0,"queueIndex":0,"queueLength":0,"gaplessEnabled":true,"crossfadeEnabled":false,"bitPerfectActive":false}
06-17 14:10:15.594 13819 20282 V Capacitor/Plugin: To native (Capacitor plugin): callbackId: 122403650, pluginId: NativeExoPlayback, methodName: getStatus
06-17 14:10:15.595 13819 13819 I Capacitor/Console: File:  - Line 349 - Msg: [object Object]
06-17 14:10:15.596 13819 20282 V Capacitor: callback: 122403650, pluginId: NativeExoPlayback, methodName: getStatus, methodData: {}
06-17 14:10:15.604 13819 13819 I Capacitor/Console: File:  - Line 333 - Msg: {"available":true,"wired":true,"message":"ExoPlayer gapless queue  content:// locker bridge + HTTP streams.","state":"idle","positionSecs":0,"durationSecs":0,"queueIndex":0,"queueLength":0,"gaplessEnabled":true,"crossfadeEnabled":false,"bitPerfectActive":false}
06-17 14:10:15.994 13819 13819 I Capacitor/Console: File:  - Line 349 - Msg: [object Object]
06-17 14:10:15.994 13819 20282 V Capacitor/Plugin: To native (Capacitor plugin): callbackId: 122403651, pluginId: NativeExoPlayback, methodName: getStatus
06-17 14:10:15.995 13819 20282 V Capacitor: callback: 122403651, pluginId: NativeExoPlayback, methodName: getStatus, methodData: {}
06-17 14:10:16.003 13819 13819 I Capacitor/Console: File:  - Line 333 - Msg: {"available":true,"wired":true,"message":"ExoPlayer gapless queue  content:// locker bridge + HTTP streams.","state":"idle","positionSecs":0,"durationSecs":0,"queueIndex":0,"queueLength":0,"gaplessEnabled":true,"crossfadeEnabled":false,"bitPerfectActive":false}
06-17 14:10:16.395 13819 20282 V Capacitor/Plugin: To native (Capacitor plugin): callbackId: 122403652, pluginId: NativeExoPlayback, methodName: getStatus
06-17 14:10:16.395 13819 20282 V Capacitor: callback: 122403652, pluginId: NativeExoPlayback, methodName: getStatus, methodData: {}
06-17 14:10:16.395 13819 13819 I Capacitor/Console: File:  - Line 349 - Msg: [object Object]
06-17 14:10:16.406 13819 13819 I Capacitor/Console: File:  - Line 333 - Msg: {"available":true,"wired":true,"message":"ExoPlayer gapless queue  content:// locker bridge + HTTP streams.","state":"idle","positionSecs":0,"durationSecs":0,"queueIndex":0,"queueLength":0,"gaplessEnabled":true,"crossfadeEnabled":false,"bitPerfectActive":false}
06-17 14:10:16.795 13819 20282 V Capacitor/Plugin: To native (Capacitor plugin): callbackId: 122403653, pluginId: NativeExoPlayback, methodName: getStatus
06-17 14:10:16.795 13819 20282 V Capacitor: callback: 122403653, pluginId: NativeExoPlayback, methodName: getStatus, methodData: {}
06-17 14:10:16.796 13819 13819 I Capacitor/Console: File:  - Line 349 - Msg: [object Object]
06-17 14:10:16.806 13819 13819 I Capacitor/Console: File:  - Line 333 - Msg: {"available":true,"wired":true,"message":"ExoPlayer gapless queue  content:// locker bridge + HTTP streams.","state":"idle","positionSecs":0,"durationSecs":0,"queueIndex":0,"queueLength":0,"gaplessEnabled":true,"crossfadeEnabled":false,"bitPerfectActive":false}
06-17 14:10:17.195 13819 20282 V Capacitor/Plugin: To native (Capacitor plugin): callbackId: 122403654, pluginId: NativeExoPlayback, methodName: getStatus
06-17 14:10:17.196 13819 20282 V Capacitor: callback: 122403654, pluginId: NativeExoPlayback, methodName: getStatus, methodData: {}
06-17 14:10:17.198 13819 13819 I Capacitor/Console: File:  - Line 349 - Msg: [object Object]
06-17 14:10:17.205 13819 13819 I Capacitor/Console: File:  - Line 333 - Msg: {"available":true,"wired":true,"message":"ExoPlayer gapless queue  content:// locker bridge + HTTP streams.","state":"idle","positionSecs":0,"durationSecs":0,"queueIndex":0,"queueLength":0,"gaplessEnabled":true,"crossfadeEnabled":false,"bitPerfectActive":false}
06-17 14:10:17.595 13819 13819 I Capacitor/Console: File:  - Line 349 - Msg: [object Object]
06-17 14:10:17.596 13819 20282 V Capacitor/Plugin: To native (Capacitor plugin): callbackId: 122403655, pluginId: NativeExoPlayback, methodName: getStatus
06-17 14:10:17.596 13819 20282 V Capacitor: callback: 122403655, pluginId: NativeExoPlayback, methodName: getStatus, methodData: {}
06-17 14:10:17.604 13819 13819 I Capacitor/Console: File:  - Line 333 - Msg: {"available":true,"wired":true,"message":"ExoPlayer gapless queue  content:// locker bridge + HTTP streams.","state":"idle","positionSecs":0,"durationSecs":0,"queueIndex":0,"queueLength":0,"gaplessEnabled":true,"crossfadeEnabled":false,"bitPerfectActive":false}
06-17 14:10:17.995 13819 20282 V Capacitor/Plugin: To native (Capacitor plugin): callbackId: 122403656, pluginId: NativeExoPlayback, methodName: getStatus
06-17 14:10:17.996 13819 20282 V Capacitor: callback: 122403656, pluginId: NativeExoPlayback, methodName: getStatus, methodData: {}
06-17 14:10:17.996 13819 13819 I Capacitor/Console: File:  - Line 349 - Msg: [object Object]
06-17 14:10:18.004 13819 13819 I Capacitor/Console: File:  - Line 333 - Msg: {"available":true,"wired":true,"message":"ExoPlayer gapless queue  content:// locker bridge + HTTP streams.","state":"idle","positionSecs":0,"durationSecs":0,"queueIndex":0,"queueLength":0,"gaplessEnabled":true,"crossfadeEnabled":false,"bitPerfectActive":false}
06-17 14:10:18.395 13819 20282 V Capacitor/Plugin: To native (Capacitor plugin): callbackId: 122403657, pluginId: NativeExoPlayback, methodName: getStatus
06-17 14:10:18.395 13819 20282 V Capacitor: callback: 122403657, pluginId: NativeExoPlayback, methodName: getStatus, methodData: {}
06-17 14:10:18.399 13819 13819 I Capacitor/Console: File:  - Line 349 - Msg: [object Object]
06-17 14:10:18.407 13819 13819 I Capacitor/Console: File:  - Line 333 - Msg: {"available":true,"wired":true,"message":"ExoPlayer gapless queue  content:// locker bridge + HTTP streams.","state":"idle","positionSecs":0,"durationSecs":0,"queueIndex":0,"queueLength":0,"gaplessEnabled":true,"crossfadeEnabled":false,"bitPerfectActive":false}
06-17 14:10:18.794 13819 20282 V Capacitor/Plugin: To native (Capacitor plugin): callbackId: 122403658, pluginId: NativeExoPlayback, methodName: getStatus
06-17 14:10:18.794 13819 20282 V Capacitor: callback: 122403658, pluginId: NativeExoPlayback, methodName: getStatus, methodData: {}
06-17 14:10:18.794 13819 13819 I Capacitor/Console: File:  - Line 349 - Msg: [object Object]
06-17 14:10:18.803 13819 13819 I Capacitor/Console: File:  - Line 333 - Msg: {"available":true,"wired":true,"message":"ExoPlayer gapless queue  content:// locker bridge + HTTP streams.","state":"idle","positionSecs":0,"durationSecs":0,"queueIndex":0,"queueLength":0,"gaplessEnabled":true,"crossfadeEnabled":false,"bitPerfectActive":false}
06-17 14:10:19.194 13819 13819 I Capacitor/Console: File:  - Line 349 - Msg: [object Object]
06-17 14:10:19.195 13819 20282 V Capacitor/Plugin: To native (Capacitor plugin): callbackId: 122403659, pluginId: NativeExoPlayback, methodName: getStatus
06-17 14:10:19.196 13819 20282 V Capacitor: callback: 122403659, pluginId: NativeExoPlayback, methodName: getStatus, methodData: {}
06-17 14:10:19.225 13819 13819 I Capacitor/Console: File:  - Line 333 - Msg: {"available":true,"wired":true,"message":"ExoPlayer gapless queue  content:// locker bridge + HTTP streams.","state":"idle","positionSecs":0,"durationSecs":0,"queueIndex":0,"queueLength":0,"gaplessEnabled":true,"crossfadeEnabled":false,"bitPerfectActive":false}
06-17 14:10:19.594 13819 13819 I Capacitor/Console: File:  - Line 349 - Msg: [object Object]
06-17 14:10:19.595 13819 20282 V Capacitor/Plugin: To native (Capacitor plugin): callbackId: 122403660, pluginId: NativeExoPlayback, methodName: getStatus
06-17 14:10:19.596 13819 20282 V Capacitor: callback: 122403660, pluginId: NativeExoPlayback, methodName: getStatus, methodData: {}
06-17 14:10:19.604 13819 13819 I Capacitor/Console: File:  - Line 333 - Msg: {"available":true,"wired":true,"message":"ExoPlayer gapless queue  content:// locker bridge + HTTP streams.","state":"idle","positionSecs":0,"durationSecs":0,"queueIndex":0,"queueLength":0,"gaplessEnabled":true,"crossfadeEnabled":false,"bitPerfectActive":false}
06-17 14:10:19.995 13819 13819 I Capacitor/Console: File:  - Line 349 - Msg: [object Object]
06-17 14:10:19.996 13819 20282 V Capacitor/Plugin: To native (Capacitor plugin): callbackId: 122403661, pluginId: NativeExoPlayback, methodName: getStatus
06-17 14:10:19.997 13819 20282 V Capacitor: callback: 122403661, pluginId: NativeExoPlayback, methodName: getStatus, methodData: {}
06-17 14:10:20.005 13819 13819 I Capacitor/Console: File:  - Line 333 - Msg: {"available":true,"wired":true,"message":"ExoPlayer gapless queue  content:// locker bridge + HTTP streams.","state":"idle","positionSecs":0,"durationSecs":0,"queueIndex":0,"queueLength":0,"gaplessEnabled":true,"crossfadeEnabled":false,"bitPerfectActive":false}
06-17 14:10:20.395 13819 20282 V Capacitor/Plugin: To native (Capacitor plugin): callbackId: 122403662, pluginId: NativeExoPlayback, methodName: getStatus
06-17 14:10:20.396 13819 20282 V Capacitor: callback: 122403662, pluginId: NativeExoPlayback, methodName: getStatus, methodData: {}
06-17 14:10:20.396 13819 13819 I Capacitor/Console: File:  - Line 349 - Msg: [object Object]
06-17 14:10:20.403 13819 13819 I Capacitor/Console: File:  - Line 333 - Msg: {"available":true,"wired":true,"message":"ExoPlayer gapless queue  content:// locker bridge + HTTP streams.","state":"idle","positionSecs":0,"durationSecs":0,"queueIndex":0,"queueLength":0,"gaplessEnabled":true,"crossfadeEnabled":false,"bitPerfectActive":false}
06-17 14:10:20.795 13819 20282 V Capacitor/Plugin: To native (Capacitor plugin): callbackId: 122403663, pluginId: NativeExoPlayback, methodName: getStatus
06-17 14:10:20.796 13819 13819 I Capacitor/Console: File:  - Line 349 - Msg: [object Object]
06-17 14:10:20.796 13819 20282 V Capacitor: callback: 122403663, pluginId: NativeExoPlayback, methodName: getStatus, methodData: {}
06-17 14:10:20.803 13819 13819 I Capacitor/Console: File:  - Line 333 - Msg: {"available":true,"wired":true,"message":"ExoPlayer gapless queue  content:// locker bridge + HTTP streams.","state":"idle","positionSecs":0,"durationSecs":0,"queueIndex":0,"queueLength":0,"gaplessEnabled":true,"crossfadeEnabled":false,"bitPerfectActive":false}
06-17 14:10:21.193 13819 13819 I Capacitor/Console: File:  - Line 349 - Msg: [object Object]
06-17 14:10:21.193 13819 20282 V Capacitor/Plugin: To native (Capacitor plugin): callbackId: 122403664, pluginId: NativeExoPlayback, methodName: getStatus
06-17 14:10:21.193 13819 20282 V Capacitor: callback: 122403664, pluginId: NativeExoPlayback, methodName: getStatus, methodData: {}
06-17 14:10:21.198 13819 13819 I Capacitor/Console: File:  - Line 333 - Msg: {"available":true,"wired":true,"message":"ExoPlayer gapless queue  content:// locker bridge + HTTP streams.","state":"idle","positionSecs":0,"durationSecs":0,"queueIndex":0,"queueLength":0,"gaplessEnabled":true,"crossfadeEnabled":false,"bitPerfectActive":false}
06-17 14:10:21.595 13819 20282 V Capacitor/Plugin: To native (Capacitor plugin): callbackId: 122403665, pluginId: NativeExoPlayback, methodName: getStatus
06-17 14:10:21.596 13819 13819 I Capacitor/Console: File:  - Line 349 - Msg: [object Object]
06-17 14:10:21.596 13819 20282 V Capacitor: callback: 122403665, pluginId: NativeExoPlayback, methodName: getStatus, methodData: {}
06-17 14:10:21.607 13819 13819 I Capacitor/Console: File:  - Line 333 - Msg: {"available":true,"wired":true,"message":"ExoPlayer gapless queue  content:// locker bridge + HTTP streams.","state":"idle","positionSecs":0,"durationSecs":0,"queueIndex":0,"queueLength":0,"gaplessEnabled":true,"crossfadeEnabled":false,"bitPerfectActive":false}
06-17 14:10:21.995 13819 20282 V Capacitor/Plugin: To native (Capacitor plugin): callbackId: 122403666, pluginId: NativeExoPlayback, methodName: getStatus
06-17 14:10:21.995 13819 13819 I Capacitor/Console: File:  - Line 349 - Msg: [object Object]
06-17 14:10:21.996 13819 20282 V Capacitor: callback: 122403666, pluginId: NativeExoPlayback, methodName: getStatus, methodData: {}
06-17 14:10:22.007 13819 13819 I Capacitor/Console: File:  - Line 333 - Msg: {"available":true,"wired":true,"message":"ExoPlayer gapless queue  content:// locker bridge + HTTP streams.","state":"idle","positionSecs":0,"durationSecs":0,"queueIndex":0,"queueLength":0,"gaplessEnabled":true,"crossfadeEnabled":false,"bitPerfectActive":false}
06-17 14:10:22.393 13819 13819 I Capacitor/Console: File:  - Line 349 - Msg: [object Object]
06-17 14:10:22.394 13819 20282 V Capacitor/Plugin: To native (Capacitor plugin): callbackId: 122403667, pluginId: NativeExoPlayback, methodName: getStatus
06-17 14:10:22.395 13819 20282 V Capacitor: callback: 122403667, pluginId: NativeExoPlayback, methodName: getStatus, methodData: {}
06-17 14:10:22.406 13819 13819 I Capacitor/Console: File:  - Line 333 - Msg: {"available":true,"wired":true,"message":"ExoPlayer gapless queue  content:// locker bridge + HTTP streams.","state":"idle","positionSecs":0,"durationSecs":0,"queueIndex":0,"queueLength":0,"gaplessEnabled":true,"crossfadeEnabled":false,"bitPerfectActive":false}
06-17 14:10:22.795 13819 13819 I Capacitor/Console: File:  - Line 349 - Msg: [object Object]
06-17 14:10:22.798 13819 20282 V Capacitor/Plugin: To native (Capacitor plugin): callbackId: 122403668, pluginId: NativeExoPlayback, methodName: getStatus
06-17 14:10:22.799 13819 20282 V Capacitor: callback: 122403668, pluginId: NativeExoPlayback, methodName: getStatus, methodData: {}
06-17 14:10:22.808 13819 13819 I Capacitor/Console: File:  - Line 333 - Msg: {"available":true,"wired":true,"message":"ExoPlayer gapless queue  content:// locker bridge + HTTP streams.","state":"idle","positionSecs":0,"durationSecs":0,"queueIndex":0,"queueLength":0,"gaplessEnabled":true,"crossfadeEnabled":false,"bitPerfectActive":false}
06-17 14:10:23.196 13819 20282 V Capacitor/Plugin: To native (Capacitor plugin): callbackId: 122403669, pluginId: NativeExoPlayback, methodName: getStatus
06-17 14:10:23.196 13819 20282 V Capacitor: callback: 122403669, pluginId: NativeExoPlayback, methodName: getStatus, methodData: {}
06-17 14:10:23.196 13819 13819 I Capacitor/Console: File:  - Line 349 - Msg: [object Object]
06-17 14:10:23.206 13819 13819 I Capacitor/Console: File:  - Line 333 - Msg: {"available":true,"wired":true,"message":"ExoPlayer gapless queue  content:// locker bridge + HTTP streams.","state":"idle","positionSecs":0,"durationSecs":0,"queueIndex":0,"queueLength":0,"gaplessEnabled":true,"crossfadeEnabled":false,"bitPerfectActive":false}
06-17 14:10:23.595 13819 20282 V Capacitor/Plugin: To native (Capacitor plugin): callbackId: 122403670, pluginId: NativeExoPlayback, methodName: getStatus
06-17 14:10:23.595 13819 20282 V Capacitor: callback: 122403670, pluginId: NativeExoPlayback, methodName: getStatus, methodData: {}
06-17 14:10:23.596 13819 13819 I Capacitor/Console: File:  - Line 349 - Msg: [object Object]
06-17 14:10:23.602 13819 13819 I Capacitor/Console: File:  - Line 333 - Msg: {"available":true,"wired":true,"message":"ExoPlayer gapless queue  content:// locker bridge + HTTP streams.","state":"idle","positionSecs":0,"durationSecs":0,"queueIndex":0,"queueLength":0,"gaplessEnabled":true,"crossfadeEnabled":false,"bitPerfectActive":false}
06-17 14:10:23.995 13819 20282 V Capacitor/Plugin: To native (Capacitor plugin): callbackId: 122403671, pluginId: NativeExoPlayback, methodName: getStatus
06-17 14:10:23.996 13819 13819 I Capacitor/Console: File:  - Line 349 - Msg: [object Object]
06-17 14:10:23.996 13819 20282 V Capacitor: callback: 122403671, pluginId: NativeExoPlayback, methodName: getStatus, methodData: {}
06-17 14:10:24.004 13819 13819 I Capacitor/Console: File:  - Line 333 - Msg: {"available":true,"wired":true,"message":"ExoPlayer gapless queue  content:// locker bridge + HTTP streams.","state":"idle","positionSecs":0,"durationSecs":0,"queueIndex":0,"queueLength":0,"gaplessEnabled":true,"crossfadeEnabled":false,"bitPerfectActive":false}
06-17 14:10:24.395 13819 20282 V Capacitor/Plugin: To native (Capacitor plugin): callbackId: 122403672, pluginId: NativeExoPlayback, methodName: getStatus
06-17 14:10:24.396 13819 13819 I Capacitor/Console: File:  - Line 349 - Msg: [object Object]
06-17 14:10:24.396 13819 20282 V Capacitor: callback: 122403672, pluginId: NativeExoPlayback, methodName: getStatus, methodData: {}
06-17 14:10:24.404 13819 13819 I Capacitor/Console: File:  - Line 333 - Msg: {"available":true,"wired":true,"message":"ExoPlayer gapless queue  content:// locker bridge + HTTP streams.","state":"idle","positionSecs":0,"durationSecs":0,"queueIndex":0,"queueLength":0,"gaplessEnabled":true,"crossfadeEnabled":false,"bitPerfectActive":false}
06-17 14:10:24.794 13819 20282 V Capacitor/Plugin: To native (Capacitor plugin): callbackId: 122403673, pluginId: NativeExoPlayback, methodName: getStatus
06-17 14:10:24.795 13819 20282 V Capacitor: callback: 122403673, pluginId: NativeExoPlayback, methodName: getStatus, methodData: {}
06-17 14:10:24.795 13819 13819 I Capacitor/Console: File:  - Line 349 - Msg: [object Object]
06-17 14:10:24.807 13819 13819 I Capacitor/Console: File:  - Line 333 - Msg: {"available":true,"wired":true,"message":"ExoPlayer gapless queue  content:// locker bridge + HTTP streams.","state":"idle","positionSecs":0,"durationSecs":0,"queueIndex":0,"queueLength":0,"gaplessEnabled":true,"crossfadeEnabled":false,"bitPerfectActive":false}
06-17 14:10:25.194 13819 13819 I Capacitor/Console: File:  - Line 349 - Msg: [object Object]
06-17 14:10:25.195 13819 20282 V Capacitor/Plugin: To native (Capacitor plugin): callbackId: 122403674, pluginId: NativeExoPlayback, methodName: getStatus
06-17 14:10:25.195 13819 20282 V Capacitor: callback: 122403674, pluginId: NativeExoPlayback, methodName: getStatus, methodData: {}
06-17 14:10:25.207 13819 13819 I Capacitor/Console: File:  - Line 333 - Msg: {"available":true,"wired":true,"message":"ExoPlayer gapless queue  content:// locker bridge + HTTP streams.","state":"idle","positionSecs":0,"durationSecs":0,"queueIndex":0,"queueLength":0,"gaplessEnabled":true,"crossfadeEnabled":false,"bitPerfectActive":false}
06-17 14:10:25.595 13819 13819 I Capacitor/Console: File:  - Line 349 - Msg: [object Object]
06-17 14:10:25.596 13819 20282 V Capacitor/Plugin: To native (Capacitor plugin): callbackId: 122403675, pluginId: NativeExoPlayback, methodName: getStatus
06-17 14:10:25.596 13819 20282 V Capacitor: callback: 122403675, pluginId: NativeExoPlayback, methodName: getStatus, methodData: {}
06-17 14:10:25.605 13819 13819 I Capacitor/Console: File:  - Line 333 - Msg: {"available":true,"wired":true,"message":"ExoPlayer gapless queue  content:// locker bridge + HTTP streams.","state":"idle","positionSecs":0,"durationSecs":0,"queueIndex":0,"queueLength":0,"gaplessEnabled":true,"crossfadeEnabled":false,"bitPerfectActive":false}
06-17 14:10:25.995 13819 20282 V Capacitor/Plugin: To native (Capacitor plugin): callbackId: 122403676, pluginId: NativeExoPlayback, methodName: getStatus
06-17 14:10:25.995 13819 20282 V Capacitor: callback: 122403676, pluginId: NativeExoPlayback, methodName: getStatus, methodData: {}
06-17 14:10:25.996 13819 13819 I Capacitor/Console: File:  - Line 349 - Msg: [object Object]
06-17 14:10:26.006 13819 13819 I Capacitor/Console: File:  - Line 333 - Msg: {"available":true,"wired":true,"message":"ExoPlayer gapless queue  content:// locker bridge + HTTP streams.","state":"idle","positionSecs":0,"durationSecs":0,"queueIndex":0,"queueLength":0,"gaplessEnabled":true,"crossfadeEnabled":false,"bitPerfectActive":false}
06-17 14:10:26.395 13819 20282 V Capacitor/Plugin: To native (Capacitor plugin): callbackId: 122403677, pluginId: NativeExoPlayback, methodName: getStatus
06-17 14:10:26.396 13819 13819 I Capacitor/Console: File:  - Line 349 - Msg: [object Object]
06-17 14:10:26.396 13819 20282 V Capacitor: callback: 122403677, pluginId: NativeExoPlayback, methodName: getStatus, methodData: {}
06-17 14:10:26.406 13819 13819 I Capacitor/Console: File:  - Line 333 - Msg: {"available":true,"wired":true,"message":"ExoPlayer gapless queue  content:// locker bridge + HTTP streams.","state":"idle","positionSecs":0,"durationSecs":0,"queueIndex":0,"queueLength":0,"gaplessEnabled":true,"crossfadeEnabled":false,"bitPerfectActive":false}
06-17 14:10:26.796 13819 20282 V Capacitor/Plugin: To native (Capacitor plugin): callbackId: 122403678, pluginId: NativeExoPlayback, methodName: getStatus
06-17 14:10:26.797 13819 20282 V Capacitor: callback: 122403678, pluginId: NativeExoPlayback, methodName: getStatus, methodData: {}
06-17 14:10:26.797 13819 13819 I Capacitor/Console: File:  - Line 349 - Msg: [object Object]
06-17 14:10:26.805 13819 13819 I Capacitor/Console: File:  - Line 333 - Msg: {"available":true,"wired":true,"message":"ExoPlayer gapless queue  content:// locker bridge + HTTP streams.","state":"idle","positionSecs":0,"durationSecs":0,"queueIndex":0,"queueLength":0,"gaplessEnabled":true,"crossfadeEnabled":false,"bitPerfectActive":false}
06-17 14:10:27.195 13819 20282 V Capacitor/Plugin: To native (Capacitor plugin): callbackId: 122403679, pluginId: NativeExoPlayback, methodName: getStatus
06-17 14:10:27.195 13819 13819 I Capacitor/Console: File:  - Line 349 - Msg: [object Object]
06-17 14:10:27.196 13819 20282 V Capacitor: callback: 122403679, pluginId: NativeExoPlayback, methodName: getStatus, methodData: {}
06-17 14:10:27.202 13819 13819 I Capacitor/Console: File:  - Line 333 - Msg: {"available":true,"wired":true,"message":"ExoPlayer gapless queue  content:// locker bridge + HTTP streams.","state":"idle","positionSecs":0,"durationSecs":0,"queueIndex":0,"queueLength":0,"gaplessEnabled":true,"crossfadeEnabled":false,"bitPerfectActive":false}
06-17 14:10:27.594 13819 13819 I Capacitor/Console: File:  - Line 349 - Msg: [object Object]
06-17 14:10:27.594 13819 20282 V Capacitor/Plugin: To native (Capacitor plugin): callbackId: 122403680, pluginId: NativeExoPlayback, methodName: getStatus
06-17 14:10:27.595 13819 20282 V Capacitor: callback: 122403680, pluginId: NativeExoPlayback, methodName: getStatus, methodData: {}
06-17 14:10:27.607 13819 13819 I Capacitor/Console: File:  - Line 333 - Msg: {"available":true,"wired":true,"message":"ExoPlayer gapless queue  content:// locker bridge + HTTP streams.","state":"idle","positionSecs":0,"durationSecs":0,"queueIndex":0,"queueLength":0,"gaplessEnabled":true,"crossfadeEnabled":false,"bitPerfectActive":false}
06-17 14:10:27.993 13819 13819 I Capacitor/Console: File:  - Line 349 - Msg: [object Object]
06-17 14:10:27.994 13819 20282 V Capacitor/Plugin: To native (Capacitor plugin): callbackId: 122403681, pluginId: NativeExoPlayback, methodName: getStatus
06-17 14:10:27.994 13819 20282 V Capacitor: callback: 122403681, pluginId: NativeExoPlayback, methodName: getStatus, methodData: {}
06-17 14:10:28.000 13819 13819 I Capacitor/Console: File:  - Line 333 - Msg: {"available":true,"wired":true,"message":"ExoPlayer gapless queue  content:// locker bridge + HTTP streams.","state":"idle","positionSecs":0,"durationSecs":0,"queueIndex":0,"queueLength":0,"gaplessEnabled":true,"crossfadeEnabled":false,"bitPerfectActive":false}
06-17 14:10:28.394 13819 20282 V Capacitor/Plugin: To native (Capacitor plugin): callbackId: 122403682, pluginId: NativeExoPlayback, methodName: getStatus
06-17 14:10:28.394 13819 13819 I Capacitor/Console: File:  - Line 349 - Msg: [object Object]
06-17 14:10:28.394 13819 20282 V Capacitor: callback: 122403682, pluginId: NativeExoPlayback, methodName: getStatus, methodData: {}
06-17 14:10:28.404 13819 13819 I Capacitor/Console: File:  - Line 333 - Msg: {"available":true,"wired":true,"message":"ExoPlayer gapless queue  content:// locker bridge + HTTP streams.","state":"idle","positionSecs":0,"durationSecs":0,"queueIndex":0,"queueLength":0,"gaplessEnabled":true,"crossfadeEnabled":false,"bitPerfectActive":false}
06-17 14:10:28.794 13819 13819 I Capacitor/Console: File:  - Line 349 - Msg: [object Object]
06-17 14:10:28.794 13819 20282 V Capacitor/Plugin: To native (Capacitor plugin): callbackId: 122403683, pluginId: NativeExoPlayback, methodName: getStatus
06-17 14:10:28.794 13819 20282 V Capacitor: callback: 122403683, pluginId: NativeExoPlayback, methodName: getStatus, methodData: {}
06-17 14:10:28.805 13819 13819 I Capacitor/Console: File:  - Line 333 - Msg: {"available":true,"wired":true,"message":"ExoPlayer gapless queue  content:// locker bridge + HTTP streams.","state":"idle","positionSecs":0,"durationSecs":0,"queueIndex":0,"queueLength":0,"gaplessEnabled":true,"crossfadeEnabled":false,"bitPerfectActive":false}
06-17 14:10:29.195 13819 20282 V Capacitor/Plugin: To native (Capacitor plugin): callbackId: 122403684, pluginId: NativeExoPlayback, methodName: getStatus
06-17 14:10:29.195 13819 20282 V Capacitor: callback: 122403684, pluginId: NativeExoPlayback, methodName: getStatus, methodData: {}
06-17 14:10:29.196 13819 13819 I Capacitor/Console: File:  - Line 349 - Msg: [object Object]
06-17 14:10:29.205 13819 13819 I Capacitor/Console: File:  - Line 333 - Msg: {"available":true,"wired":true,"message":"ExoPlayer gapless queue  content:// locker bridge + HTTP streams.","state":"idle","positionSecs":0,"durationSecs":0,"queueIndex":0,"queueLength":0,"gaplessEnabled":true,"crossfadeEnabled":false,"bitPerfectActive":false}
06-17 14:10:29.595 13819 20282 V Capacitor/Plugin: To native (Capacitor plugin): callbackId: 122403685, pluginId: NativeExoPlayback, methodName: getStatus
06-17 14:10:29.596 13819 20282 V Capacitor: callback: 122403685, pluginId: NativeExoPlayback, methodName: getStatus, methodData: {}
06-17 14:10:29.597 13819 13819 I Capacitor/Console: File:  - Line 349 - Msg: [object Object]
06-17 14:10:29.602 13819 13819 I Capacitor/Console: File:  - Line 333 - Msg: {"available":true,"wired":true,"message":"ExoPlayer gapless queue  content:// locker bridge + HTTP streams.","state":"idle","positionSecs":0,"durationSecs":0,"queueIndex":0,"queueLength":0,"gaplessEnabled":true,"crossfadeEnabled":false,"bitPerfectActive":false}
06-17 14:10:29.993 13819 20282 V Capacitor/Plugin: To native (Capacitor plugin): callbackId: 122403686, pluginId: NativeExoPlayback, methodName: getStatus
06-17 14:10:29.994 13819 20282 V Capacitor: callback: 122403686, pluginId: NativeExoPlayback, methodName: getStatus, methodData: {}
06-17 14:10:29.995 13819 13819 I Capacitor/Console: File:  - Line 349 - Msg: [object Object]
06-17 14:10:30.001 13819 13819 I Capacitor/Console: File:  - Line 333 - Msg: {"available":true,"wired":true,"message":"ExoPlayer gapless queue  content:// locker bridge + HTTP streams.","state":"idle","positionSecs":0,"durationSecs":0,"queueIndex":0,"queueLength":0,"gaplessEnabled":true,"crossfadeEnabled":false,"bitPerfectActive":false}
06-17 14:10:30.396 13819 13819 I Capacitor/Console: File:  - Line 349 - Msg: [object Object]
06-17 14:10:30.396 13819 20282 V Capacitor/Plugin: To native (Capacitor plugin): callbackId: 122403687, pluginId: NativeExoPlayback, methodName: getStatus
06-17 14:10:30.396 13819 20282 V Capacitor: callback: 122403687, pluginId: NativeExoPlayback, methodName: getStatus, methodData: {}
06-17 14:10:30.407 13819 13819 I Capacitor/Console: File:  - Line 333 - Msg: {"available":true,"wired":true,"message":"ExoPlayer gapless queue  content:// locker bridge + HTTP streams.","state":"idle","positionSecs":0,"durationSecs":0,"queueIndex":0,"queueLength":0,"gaplessEnabled":true,"crossfadeEnabled":false,"bitPerfectActive":false}
06-17 14:10:30.794 13819 13819 I Capacitor/Console: File:  - Line 349 - Msg: [object Object]
06-17 14:10:30.795 13819 20282 V Capacitor/Plugin: To native (Capacitor plugin): callbackId: 122403688, pluginId: NativeExoPlayback, methodName: getStatus
06-17 14:10:30.795 13819 20282 V Capacitor: callback: 122403688, pluginId: NativeExoPlayback, methodName: getStatus, methodData: {}
