07-08 23:27:40.998  3425  6070 E OplusMediaControlService: getMediaMetadata is null
07-08 23:27:40.998  3425  6070 D OplusMediaControlService: players is empty
07-08 23:27:40.999  3425  4940 I OplusMediaControlService: sendEvent type: 2, player: 120425871
07-08 23:27:40.999  3425  4940 I OplusMediaControlService: onEventFromRequestData: 2, player: 120425871
07-08 23:27:40.999  3425  4940 E OplusMediaControlService: playbackState is null
07-08 23:27:40.999  3425  4940 D OplusMediaControlService: players is empty
07-08 23:27:40.999  3425  4940 I OplusMediaControlService: unregisterEventObserver start, observer: android.os.BinderProxy@586b7a5, callerUid: 10208
07-08 23:27:40.999  3425  4940 I OplusMediaControlService: unregisterEventObserver successfully.
07-08 23:27:40.999  3425  4950 I MediaSessionStack: removeSession | record: rd.sheepskin.sandboxmusic/SovereignMusicConsole/187 (userId=0)
07-08 23:27:41.000  3425  4940 I OplusMediaControlService: registerEventObserver start, observer: android.os.BinderProxy@586b7a5, callerUid: 10208
07-08 23:27:41.003  3425  3425 D NotificationService--OplusNotificationManagerServiceExtImpl: isForwardToAssistants: true, case : Is local notification
07-08 23:27:41.003  3425  3425 D NotificationService: This application enqueue notifications is need postDelayed mcsAssistantDelayTime: 200
07-08 23:27:41.005  3425  3425 I OplusMediaControlService: onActiveSessionsChanged begin
07-08 23:27:41.005  3425  3425 I OplusMediaControlService: onEventFromMediaControllerList controller size = 0
07-08 23:27:41.005  3425  3425 I OplusMediaControlService: updateControllerMap begin
07-08 23:27:41.005  3425  3425 I OplusMediaControlService: updataPlayStateMap begin
07-08 23:27:41.005  3425  3425 I OplusMediaControlService: updateMetadataMap begin
07-08 23:27:41.005  3425  3425 I OplusMediaControlService: updatePlayerInfoList event = com.oplus.media.OplusMediaEvent@d4b4b71
07-08 23:27:41.005  3425  3425 I OplusMediaControlService: sendOnEventMessage begin, eventType: 6, observer: android.os.BinderProxy@586b7a5
07-08 23:27:41.005  3425  3425 I OplusMediaControlService: onActiveSessionsChanged begin
07-08 23:27:41.005  3425  3425 I OplusMediaControlService: onEventFromMediaControllerList controller size = 0
07-08 23:27:41.005  3425  3425 I OplusMediaControlService: updateControllerMap begin
07-08 23:27:41.005  3425  3425 I OplusMediaControlService: updataPlayStateMap begin
07-08 23:27:41.005  3425  3425 I OplusMediaControlService: updateMetadataMap begin
07-08 23:27:41.005  3425  3425 I OplusMediaControlService: updatePlayerInfoList event = com.oplus.media.OplusMediaEvent@471bd56
07-08 23:27:41.005  3425  3425 I OplusMediaControlService: sendOnEventMessage begin, eventType: 6, observer: android.os.BinderProxy@586b7a5
07-08 23:27:41.005  3425  3425 I OplusMediaControlService: on event EventType: 6
07-08 23:27:41.005  3425  3425 I OplusMediaControlService: on event EventType: 6
07-08 23:27:41.006  3425  6070 I OplusMediaControlService: unregisterEventObserver start, observer: android.os.BinderProxy@586b7a5, callerUid: 10208
07-08 23:27:41.006  3425  6070 I OplusMediaControlService: unregisterEventObserver successfully.
07-08 23:27:41.007  3425  4234 I OplusMediaControlService: registerEventObserver start, observer: android.os.BinderProxy@586b7a5, callerUid: 10208
07-08 23:27:41.007  3425  6070 I OplusMediaControlService: unregisterEventObserver start, observer: android.os.BinderProxy@586b7a5, callerUid: 10208
07-08 23:27:41.007  3425  6070 I OplusMediaControlService: unregisterEventObserver successfully.
07-08 23:27:41.007  3425  4950 I OplusMediaControlService: registerEventObserver start, observer: android.os.BinderProxy@586b7a5, callerUid: 10208
07-08 23:27:41.016  3425  4234 D StdIDManager: stdid call:com.oplus.ota,10215,GUID,10215
07-08 23:27:41.019  3425  6070 D StdIDManager: stdid call:com.oplus.ota,10215,GUID,10215
07-08 23:27:41.021  3425  4234 D StdIDManager: stdid call:com.oplus.ota,10215,GUID,10215
07-08 23:27:41.205  3425  3425 I NotificationService: Cannot find enqueued record for key: 0|rd.sheepskin.sandboxmusic|88001|null|10447
07-08 23:27:41.252  3425  4953 W SettingsProvider: You shouldn't keep your settings in the secure settings. This will soon become an error!!!
07-08 23:27:41.253  3425  4953 W SettingsProvider: You shouldn't keep your settings in the secure settings. This will soon become an error!!!
07-08 23:27:41.285  3425  3601 I ActivityManager: Start proc 29468:com.android.settings:background/1000 for broadcast {com.android.settings/com.oplus.settings.background.SettingsBackgroundReceiver}
07-08 23:27:41.285  3425  3578 I ActivityManager: ProcessObserver broadcast disabled
07-08 23:27:41.288  3425  3637 I MemoryOperationUtils: add 29468 to com.android.settings
07-08 23:27:41.314  3425  4953 D ActivityTaskManagerServiceExtImpl: preBindApplication record is null
07-08 23:27:41.331 29468 29468 V Configuration: Updating configuration, locales updated from [] to [en_TH]
07-08 23:27:41.532 29468 29468 I Quality : GetResourcesInfo:149446771,/system_ext/priv-app/Settings/Settings.apk
07-08 23:27:41.675  3425  4953 W SettingsProvider: You shouldn't keep your settings in the secure settings. This will soon become an error!!!
07-08 23:27:41.679  3425  4953 D StdIDManager: stdid call:com.oplus.ota,10215,GUID,10215
07-08 23:27:41.686  3425  4953 D StdIDManager: stdid call:com.oplus.ota,10215,GUID,10215
07-08 23:27:41.688  3425  4953 D StdIDManager: stdid call:com.oplus.ota,10215,GUID,10215
07-08 23:27:41.722  3425  6070 I ActivityManager: Flag disabled. Ignoring finishAttachApplication from uid: 1000. pid: 29468
07-08 23:27:41.729 29468 29468 W ContextImpl: Calling a method in the system process without a qualified user: android.app.ContextImpl.startService:2032 android.content.ContextWrapper.startService:865 android.content.ContextWrapper.startService:865 com.oplus.settings.background.SettingsBackgroundIntentService.start:41 com.oplus.settings.background.SettingsBackgroundIntentService.updateBadge:2 
07-08 23:27:41.736  3425  6070 W OplusSelfProtectManager: [addProtectRecord] illegal parameters,ignore
07-08 23:27:41.739  3425  3740 I AppsFilter: interaction: PackageSetting{e6c4b51 com.android.microdroid.empty_payload/10275} -> PackageSetting{105f0bb com.oplus.ndsf/10114} BLOCKED
07-08 23:27:41.739  3425  3740 I AppsFilter: interaction: PackageSetting{4bc1523 rd.sheepskin.sandboxmusic/10447} -> PackageSetting{105f0bb com.oplus.ndsf/10114} BLOCKED
07-08 23:27:41.739  3425  3740 I AppsFilter: interaction: PackageSetting{41dfac7 com.oplus.locationproxy/10173} -> PackageSetting{105f0bb com.oplus.ndsf/10114} BLOCKED
07-08 23:27:41.739  3425  3740 I AppsFilter: interaction: PackageSetting{1698f4 com.android.certinstaller/10210} -> PackageSetting{105f0bb com.oplus.ndsf/10114} BLOCKED
07-08 23:27:41.739  3425  3740 I AppsFilter: interaction: PackageSetting{cf1a81d com.oplus.location/10218} -> PackageSetting{105f0bb com.oplus.ndsf/10114} BLOCKED
07-08 23:27:41.748  3425  4953 W SettingsProvider: You shouldn't keep your settings in the secure settings. This will soon become an error!!!
07-08 23:27:41.750  3425  3425 D LockSettingsService: [getSeparateProfileChallengeEnabled] userId = 12
07-08 23:27:41.756  3425  4438 I VibrationEffectConvertor: onInputMethodListUpdated received, info.size = 4
07-08 23:27:41.756  3425  4438 I VibrationEffectConvertor: userid = 0, packageName = com.google.android.tts
07-08 23:27:41.756  3425  4438 I VibrationEffectConvertor: userid = 0, packageName = helium314.keyboard
07-08 23:27:41.756  3425  4438 I VibrationEffectConvertor: userid = 0, packageName = com.google.android.inputmethod.latin
07-08 23:27:41.756  3425  4438 I VibrationEffectConvertor: userid = 0, packageName = com.oplus.securitykeyboard
07-08 23:27:41.760  3425  4443 V AccessibilityManagerService: onUserStateChangedLocked for user 0 with forceUpdate: false mEnabledServices = [ComponentInfo{com.android.systemui.accessibility.accessibilitymenu/com.android.systemui.accessibility.accessibilitymenu.AccessibilityMenuService}] mCrashedServices = [] hasMagnificationConnection=false
07-08 23:27:41.760  3425  4443 W MagnificationConnectionManager: requestConnection duplicated request: connect=false, mConnectionState=DISCONNECTED
07-08 23:27:41.767  3425  3425 D AccessibilityManagerService: [updateInputFilter] flags = 4, mInputFilter=com.android.server.accessibility.AccessibilityInputFilter@9c5aad6, mHasInputFilter=true, mForceSetInputFilter=false
07-08 23:27:41.985  3425  6070 I MediaSessionStack: addSession to bottom of stack | record: rd.sheepskin.sandboxmusic/SovereignMusicConsole/188 (userId=0)
07-08 23:27:41.986  3425  3425 I OplusMediaControlService: onActiveSessionsChanged begin
07-08 23:27:41.987  3425  3425 I OplusMediaControlService: onEventFromMediaControllerList controller size = 0
07-08 23:27:41.987  3425  3425 I OplusMediaControlService: updateControllerMap begin
07-08 23:27:41.987  3425  3425 I OplusMediaControlService: updataPlayStateMap begin
07-08 23:27:41.987  3425  3425 I OplusMediaControlService: updateMetadataMap begin
07-08 23:27:41.987  3425  3425 I OplusMediaControlService: updatePlayerInfoList event = com.oplus.media.OplusMediaEvent@630aba7
07-08 23:27:41.987  3425  3425 I OplusMediaControlService: sendOnEventMessage begin, eventType: 6, observer: android.os.BinderProxy@586b7a5
07-08 23:27:41.988  3425  3425 I OplusMediaControlService: on event EventType: 6
07-08 23:27:41.988  3425  3425 I OplusMediaControlService: onActiveSessionsChanged begin
07-08 23:27:41.988  3425  3425 I OplusMediaControlService: onEventFromMediaControllerList controller size = 1
07-08 23:27:41.988  3425  3425 I OplusMediaControlService: getPlayerInfo, playerId: 20257125, pkgname: rd.sheepskin.sandboxmusic
07-08 23:27:41.988  3425  3425 I OplusMediaControlService: updateControllerMap begin
07-08 23:27:41.988  3425  3425 I OplusMediaControlService: updataPlayStateMap begin
07-08 23:27:41.988  3425  3425 I OplusMediaControlService: updateMetadataMap begin
07-08 23:27:41.988  3425  3425 I OplusMediaControlService: updatePlayerInfoList event = com.oplus.media.OplusMediaEvent@2c2f3fd
07-08 23:27:41.988  3425  3425 I OplusMediaControlService: sendOnEventMessage begin, eventType: 6, observer: android.os.BinderProxy@586b7a5
07-08 23:27:41.988  3425  3425 I OplusMediaControlService: on event EventType: 6
07-08 23:27:41.989  3425  4953 I ActivityManager: Background started FGS: Allowed [callingPackage: rd.sheepskin.sandboxmusic; callingUid: 10447; uidState: TOP ; uidBFSL: [BFSL]; intent: Intent { act=rd.sheepskin.sandboxmusic.action.MEDIA_STOP xflg=0x4 cmp=rd.sheepskin.sandboxmusic/.MediaPlaybackForegroundService mCallingUid=10447 }; code:PROC_STATE_TOP; tempAllowListReason:<,reasonCode:SYSTEM_ALLOW_LISTED,duration:9223372036854775807,callingUid:-1>; allowWiu:12; targetSdkVersion:36; callerTargetSdkVersion:36; startForegroundCount:0; bindFromPackage:null: isBindService:false]
07-08 23:27:41.989  3425  3563 I OplusMediaControlService: unregisterEventObserver start, observer: android.os.BinderProxy@586b7a5, callerUid: 10208
07-08 23:27:41.990  3425  3563 I OplusMediaControlService: unregisterEventObserver successfully.
07-08 23:27:41.992  3425  4956 I OplusMediaControlService: registerEventObserver start, observer: android.os.BinderProxy@586b7a5, callerUid: 10208
07-08 23:27:41.992  3425  3600 D NotificationService--OplusNotificationFixHelper: fixAppIcon: pkg=rd.sheepskin.sandboxmusic
07-08 23:27:41.992  3425  3600 D NotificationService--OplusNotificationFixHelper: fixAppIcon: appIcon = null, pkg = rd.sheepskin.sandboxmusic
07-08 23:27:41.993  3425  4950 I OplusMediaControlService: sendEvent type: 2, player: 20257125
07-08 23:27:41.993  3425  4950 I OplusMediaControlService: onEventFromRequestData: 1, player: 20257125
07-08 23:27:41.993  3425  4950 E OplusMediaControlService: getTitleAndArtist is null
07-08 23:27:41.993  3425  4950 E OplusMediaControlService: getMediaMetadata is null
07-08 23:27:41.993  3425  4950 D OplusMediaControlService: players is empty
07-08 23:27:41.993  3425  3600 I OplusStatusBarManagerServiceEnhance:  getTopIsFullscreen mTopIsFullscreen: false
07-08 23:27:41.993  3425  3425 D NotificationService--OplusNotificationManagerServiceExtImpl: isForwardToAssistants: true, case : Is local notification
07-08 23:27:41.993  3425  3425 D NotificationService: This application enqueue notifications is need postDelayed mcsAssistantDelayTime: 200
07-08 23:27:41.994  3425  4788 I OplusMediaControlService: sendEvent type: 2, player: 20257125
07-08 23:27:41.994  3425  4788 I OplusMediaControlService: onEventFromRequestData: 2, player: 20257125
07-08 23:27:41.994  3425  4788 E OplusMediaControlService: playbackState is null
07-08 23:27:41.994  3425  4788 D OplusMediaControlService: players is empty
07-08 23:27:41.995  3425  4788 W ForegroundServiceTypeLoggerModule: Logger should be tracking FGS types correctly for UID 10447 in package rd.sheepskin.sandboxmusic
07-08 23:27:41.995  3425  3425 I OplusMediaControlService: onActiveSessionsChanged begin
07-08 23:27:41.995  3425  3425 I OplusMediaControlService: onEventFromMediaControllerList controller size = 0
07-08 23:27:41.995  3425  3425 I OplusMediaControlService: updateControllerMap begin
07-08 23:27:41.995  3425  3425 I OplusMediaControlService: updataPlayStateMap begin
07-08 23:27:41.995  3425  3425 I OplusMediaControlService: updateMetadataMap begin
07-08 23:27:41.995  3425  3425 I OplusMediaControlService: updatePlayerInfoList event = com.oplus.media.OplusMediaEvent@79ee44a
07-08 23:27:41.995  3425  3425 I OplusMediaControlService: sendOnEventMessage begin, eventType: 6, observer: android.os.BinderProxy@586b7a5
07-08 23:27:41.995  3425  3425 I OplusMediaControlService: on event EventType: 6
07-08 23:27:41.996  3425  4788 I OplusMediaControlService: unregisterEventObserver start, observer: android.os.BinderProxy@586b7a5, callerUid: 10208
07-08 23:27:41.996  3425  4788 I OplusMediaControlService: unregisterEventObserver successfully.
07-08 23:27:41.997  3425  5794 I OplusMediaControlService: registerEventObserver start, observer: android.os.BinderProxy@586b7a5, callerUid: 10208
07-08 23:27:41.997  3425  6070 I MediaSessionStack: removeSession | record: rd.sheepskin.sandboxmusic/SovereignMusicConsole/188 (userId=0)
07-08 23:27:41.997  3425  4953 I OplusMediaControlService: unregisterEventObserver start, observer: android.os.BinderProxy@586b7a5, callerUid: 10208
07-08 23:27:41.997  3425  4953 I OplusMediaControlService: unregisterEventObserver successfully.
07-08 23:27:41.998  3425  3425 I OplusMediaControlService: onActiveSessionsChanged begin
07-08 23:27:41.998  3425  3425 I OplusMediaControlService: onEventFromMediaControllerList controller size = 0
07-08 23:27:41.998  3425  3425 I OplusMediaControlService: updateControllerMap begin
07-08 23:27:41.998  3425  3425 I OplusMediaControlService: updataPlayStateMap begin
07-08 23:27:41.998  3425  3425 I OplusMediaControlService: updateMetadataMap begin
07-08 23:27:41.998  3425  3425 I OplusMediaControlService: updatePlayerInfoList event = com.oplus.media.OplusMediaEvent@371efbb
07-08 23:27:41.999  3425  4953 I OplusMediaControlService: registerEventObserver start, observer: android.os.BinderProxy@586b7a5, callerUid: 10208
07-08 23:27:41.999  3425  4953 D OplusMediaControlService: notify observer module update player list.
07-08 23:27:41.999  3425  4953 I OplusMediaControlService: sendOnEventMessage begin, eventType: 6, observer: android.os.BinderProxy@586b7a5
07-08 23:27:41.999  3425  3425 I OplusMediaControlService: on event EventType: 6
07-08 23:27:41.999  3425  4956 I OplusMediaControlService: unregisterEventObserver start, observer: android.os.BinderProxy@586b7a5, callerUid: 10208
07-08 23:27:41.999  3425  4956 I OplusMediaControlService: unregisterEventObserver successfully.
07-08 23:27:42.000  3425  4953 I OplusMediaControlService: registerEventObserver start, observer: android.os.BinderProxy@586b7a5, callerUid: 10208
07-08 23:27:42.075  3425  3580 E BLASTSyncEngine: WM sent Transaction (#293, Transition-OPEN, tx=14710263009207) to organizer, but never received commit callback. Application ANR likely to follow.
07-08 23:27:42.075  3425  3580 I BLASTSyncEngineExtImpl: syncTransitionCommitTimeout  syncGroupId=293,merged.mNativeObjec=-5476376655472611584
07-08 23:27:42.075  3425  3580 I BLASTSyncEngine: onCommitted syncId: 293, timeout: true ran: false
07-08 23:27:42.176  3425  4953 I BLASTSyncEngine: onCommitted syncId: 293, timeout: true ran: true
07-08 23:27:42.196  3425  3425 I NotificationService: Cannot find enqueued record for key: 0|rd.sheepskin.sandboxmusic|88001|null|10447
07-08 23:27:42.970  3425  6070 I AS.FadeOutManager: unfadeOutUid() uid:10447
07-08 23:27:42.971  3425  6070 I ActivityManager: Background started FGS: Allowed [callingPackage: rd.sheepskin.sandboxmusic; callingUid: 10447; uidState: TOP ; uidBFSL: [BFSL]; intent: Intent { act=rd.sheepskin.sandboxmusic.action.MEDIA_START xflg=0x4 cmp=rd.sheepskin.sandboxmusic/.MediaPlaybackForegroundService mCallingUid=10447 }; code:PROC_STATE_TOP; tempAllowListReason:<,reasonCode:SYSTEM_ALLOW_LISTED,duration:9223372036854775807,callingUid:-1>; allowWiu:12; targetSdkVersion:36; callerTargetSdkVersion:36; startForegroundCount:0; bindFromPackage:null: isBindService:false]
07-08 23:27:42.984  3425  4950 I MediaSessionStack: addSession to bottom of stack | record: rd.sheepskin.sandboxmusic/SovereignMusicConsole/189 (userId=0)
07-08 23:27:42.986  3425  3425 I OplusMediaControlService: onActiveSessionsChanged begin
07-08 23:27:42.986  3425  3425 I OplusMediaControlService: onEventFromMediaControllerList controller size = 0
07-08 23:27:42.986  3425  3425 I OplusMediaControlService: updateControllerMap begin
07-08 23:27:42.986  3425  3425 I OplusMediaControlService: updataPlayStateMap begin
07-08 23:27:42.986  3425  3425 I OplusMediaControlService: updateMetadataMap begin
07-08 23:27:42.986  3425  3425 I OplusMediaControlService: updatePlayerInfoList event = com.oplus.media.OplusMediaEvent@9ee34dd
07-08 23:27:42.986  3425  3425 I OplusMediaControlService: sendOnEventMessage begin, eventType: 6, observer: android.os.BinderProxy@586b7a5
07-08 23:27:42.987  3425  3425 I OplusMediaControlService: on event EventType: 6
07-08 23:27:42.987  3425  3425 I OplusMediaControlService: onActiveSessionsChanged begin
07-08 23:27:42.987  3425  3425 I OplusMediaControlService: onEventFromMediaControllerList controller size = 1
07-08 23:27:42.987  3425  3425 I OplusMediaControlService: getPlayerInfo, playerId: 242940259, pkgname: rd.sheepskin.sandboxmusic
07-08 23:27:42.987  3425  3425 I OplusMediaControlService: updateControllerMap begin
07-08 23:27:42.987  3425  3425 I OplusMediaControlService: updataPlayStateMap begin
07-08 23:27:42.987  3425  3425 I OplusMediaControlService: updateMetadataMap begin
07-08 23:27:42.987  3425  3425 I OplusMediaControlService: updatePlayerInfoList event = com.oplus.media.OplusMediaEvent@36b723
07-08 23:27:42.987  3425  3425 I OplusMediaControlService: sendOnEventMessage begin, eventType: 6, observer: android.os.BinderProxy@586b7a5
07-08 23:27:42.987  3425  3425 I OplusMediaControlService: on event EventType: 6
07-08 23:27:42.989  3425  4953 I OplusMediaControlService: unregisterEventObserver start, observer: android.os.BinderProxy@586b7a5, callerUid: 10208
07-08 23:27:42.989  3425  4953 I OplusMediaControlService: unregisterEventObserver successfully.
07-08 23:27:42.989  3425  4950 I OplusMediaControlService: registerEventObserver start, observer: android.os.BinderProxy@586b7a5, callerUid: 10208
07-08 23:27:42.990  3425  4950 I OplusMediaControlService: sendEvent type: 2, player: 242940259
07-08 23:27:42.990  3425  4950 I OplusMediaControlService: onEventFromRequestData: 1, player: 242940259
07-08 23:27:42.990  3425  4950 E OplusMediaControlService: getTitleAndArtist is null
07-08 23:27:42.990  3425  4950 E OplusMediaControlService: getMediaMetadata is null
07-08 23:27:42.990  3425  4950 D OplusMediaControlService: players is empty
07-08 23:27:42.990  3425  4788 I OplusMediaControlService: sendEvent type: 2, player: 242940259
07-08 23:27:42.990  3425  4788 I OplusMediaControlService: onEventFromRequestData: 2, player: 242940259
07-08 23:27:42.990  3425  4788 E OplusMediaControlService: playbackState is null
07-08 23:27:42.990  3425  4788 D OplusMediaControlService: players is empty
07-08 23:27:42.991  3425  4950 I OplusMediaControlService: unregisterEventObserver start, observer: android.os.BinderProxy@586b7a5, callerUid: 10208
07-08 23:27:42.991  3425  4950 I OplusMediaControlService: unregisterEventObserver successfully.
07-08 23:27:42.991  3425  4788 I OplusMediaControlService: registerEventObserver start, observer: android.os.BinderProxy@586b7a5, callerUid: 10208
07-08 23:27:42.991  3425  3597 W QosScheduler: executeSceneQosStrategy failed! qos feature no enable
07-08 23:27:42.993  3425  3563 E AppOps  : attributionTag  not declared in manifest of rd.sheepskin.sandboxmusic
07-08 23:27:42.993  3425  3563 E AppOps  : attributionTag  not declared in manifest of rd.sheepskin.sandboxmusic
07-08 23:27:42.993  3425  4788 D NotificationService--OplusNotificationFixHelper: fixAppIcon: pkg=rd.sheepskin.sandboxmusic
07-08 23:27:42.993  3425  4788 D NotificationService--OplusNotificationFixHelper: fixAppIcon: appIcon = null, pkg = rd.sheepskin.sandboxmusic
07-08 23:27:42.994  3425  4788 I OplusStatusBarManagerServiceEnhance:  getTopIsFullscreen mTopIsFullscreen: false
07-08 23:27:42.994  3425  4788 W ActivityManager: Permission Denial: getTopApplicationInfo from pid=24668, uid=10447 requires oplus.permission.OPLUS_COMPONENT_SAFE
07-08 23:27:42.994  3425  3425 D NotificationService--OplusNotificationManagerServiceExtImpl: isForwardToAssistants: true, case : Is local notification
07-08 23:27:42.994  3425  3425 D NotificationService: This application enqueue notifications is need postDelayed mcsAssistantDelayTime: 200
07-08 23:27:42.995  3425  4788 I MediaSessionStack: onPlaybackStateChanged - Pushing session to top | record: rd.sheepskin.sandboxmusic/SovereignMusicConsole/189 (userId=0)
07-08 23:27:42.997  3425  4956 W AppOps  : Noting op not finished: uid 10447 pkg rd.sheepskin.sandboxmusic code 154 startTime of in progress event=1783549662993
07-08 23:27:42.997  3425  4956 I AS.FadeOutManager: unfadeOutUid() uid:10447
07-08 23:27:43.000  3425  4953 D NotificationService--OplusNotificationFixHelper: fixAppIcon: pkg=rd.sheepskin.sandboxmusic
07-08 23:27:43.000  3425  4953 D NotificationService--OplusNotificationFixHelper: fixAppIcon: appIcon = null, pkg = rd.sheepskin.sandboxmusic
07-08 23:27:43.000  3425  4953 I OplusStatusBarManagerServiceEnhance:  getTopIsFullscreen mTopIsFullscreen: false
07-08 23:27:43.001  3425  4953 W ActivityManager: Permission Denial: getTopApplicationInfo from pid=24668, uid=10447 requires oplus.permission.OPLUS_COMPONENT_SAFE
07-08 23:27:43.001  3425  3425 D NotificationService--OplusNotificationManagerServiceExtImpl: isForwardToAssistants: true, case : Is local notification
07-08 23:27:43.001  3425  3425 D NotificationService: This application enqueue notifications is need postDelayed mcsAssistantDelayTime: 200
07-08 23:27:43.002 24668 24668 I AudioManager: dispatching onAudioFocusChange(-1) to android.media.AudioManager@43e317drd.sheepskin.sandboxmusic.AndroidAudioSessionHelper$$ExternalSyntheticLambda0@f67e6ea
07-08 23:27:43.007  3425  3600 D NotificationService--OplusNotificationFixHelper: fixAppIcon: pkg=rd.sheepskin.sandboxmusic
07-08 23:27:43.007  3425  3600 D NotificationService--OplusNotificationFixHelper: fixAppIcon: appIcon = null, pkg = rd.sheepskin.sandboxmusic
07-08 23:27:43.008  3425  3600 I OplusStatusBarManagerServiceEnhance:  getTopIsFullscreen mTopIsFullscreen: false
07-08 23:27:43.008  3425  3425 D NotificationService--OplusNotificationManagerServiceExtImpl: isForwardToAssistants: true, case : Is local notification
07-08 23:27:43.008  3425  3425 D NotificationService: This application enqueue notifications is need postDelayed mcsAssistantDelayTime: 200
07-08 23:27:43.029  3425  4788 D NotificationService--OplusNotificationFixHelper: fixAppIcon: pkg=rd.sheepskin.sandboxmusic
07-08 23:27:43.029  3425  4788 D NotificationService--OplusNotificationFixHelper: fixAppIcon: appIcon = null, pkg = rd.sheepskin.sandboxmusic
07-08 23:27:43.029  3425  4788 I OplusStatusBarManagerServiceEnhance:  getTopIsFullscreen mTopIsFullscreen: false
07-08 23:27:43.029  3425  4788 W ActivityManager: Permission Denial: getTopApplicationInfo from pid=24668, uid=10447 requires oplus.permission.OPLUS_COMPONENT_SAFE
07-08 23:27:43.030  3425  3425 D NotificationService--OplusNotificationManagerServiceExtImpl: isForwardToAssistants: true, case : Is local notification
07-08 23:27:43.030  3425  3425 D NotificationService: This application enqueue notifications is need postDelayed mcsAssistantDelayTime: 200
07-08 23:27:43.033  3425  4956 D NotificationService--OplusNotificationFixHelper: fixAppIcon: pkg=rd.sheepskin.sandboxmusic
07-08 23:27:43.033  3425  4956 D NotificationService--OplusNotificationFixHelper: fixAppIcon: appIcon = null, pkg = rd.sheepskin.sandboxmusic
07-08 23:27:43.033  3425  4956 I OplusStatusBarManagerServiceEnhance:  getTopIsFullscreen mTopIsFullscreen: false
07-08 23:27:43.033  3425  4956 W ActivityManager: Permission Denial: getTopApplicationInfo from pid=24668, uid=10447 requires oplus.permission.OPLUS_COMPONENT_SAFE
07-08 23:27:43.034  3425  3425 D NotificationService--OplusNotificationManagerServiceExtImpl: isForwardToAssistants: true, case : Is local notification
07-08 23:27:43.034  3425  3425 D NotificationService: This application enqueue notifications is need postDelayed mcsAssistantDelayTime: 200
07-08 23:27:43.040  3425  4956 D NotificationService--OplusNotificationFixHelper: fixAppIcon: pkg=rd.sheepskin.sandboxmusic
07-08 23:27:43.040  3425  4956 D NotificationService--OplusNotificationFixHelper: fixAppIcon: appIcon = null, pkg = rd.sheepskin.sandboxmusic
07-08 23:27:43.041  3425  4956 E NotificationService: Package enqueue rate is 6.754474. Shedding 0|rd.sheepskin.sandboxmusic|88001|null|10447. package=rd.sheepskin.sandboxmusic
07-08 23:27:43.197  3425  3425 D LockSettingsService: [getSeparateProfileChallengeEnabled] userId = 12
07-08 23:27:43.197  3425  3425 D LockSettingsService: [getSeparateProfileChallengeEnabled] userId = 12
07-08 23:27:43.204  3425  3425 W NotificationHistory: Attempted to add notif for locked/gone/disabled user 0
07-08 23:27:43.215  3425  3425 D LockSettingsService: [getSeparateProfileChallengeEnabled] userId = 12
07-08 23:27:43.215  3425  3425 D LockSettingsService: [getSeparateProfileChallengeEnabled] userId = 12
07-08 23:27:43.217  3425  3597 W QosSceneRecognizer[NotificationScene]: get pid failed while enterNotificationScene, processInfos is null! uid: -1
07-08 23:27:43.219  3425  3425 D LockSettingsService: [getSeparateProfileChallengeEnabled] userId = 12
07-08 23:27:43.219  3425  3425 D LockSettingsService: [getSeparateProfileChallengeEnabled] userId = 12
07-08 23:27:43.230  3425  3425 D LockSettingsService: [getSeparateProfileChallengeEnabled] userId = 12
07-08 23:27:43.230  3425  3425 D LockSettingsService: [getSeparateProfileChallengeEnabled] userId = 12
07-08 23:27:43.236  3425  3425 D LockSettingsService: [getSeparateProfileChallengeEnabled] userId = 12
07-08 23:27:43.236  3425  3425 D LockSettingsService: [getSeparateProfileChallengeEnabled] userId = 12
07-08 23:27:43.670  3425  4467 V NetworkPolicy: updateNetworkEnabledNL() return
07-08 23:27:43.670  3425  4467 V NetworkPolicy: updateNotificationsNL not process
07-08 23:27:44.218  3425  3597 W QosScheduler: executeSceneQosStrategy failed! qos feature no enable
07-08 23:27:44.418  3425  4953 E AppOps  : attributionTag  not declared in manifest of rd.sheepskin.sandboxmusic
07-08 23:27:44.419  3425  4953 E AppOps  : attributionTag  not declared in manifest of rd.sheepskin.sandboxmusic
07-08 23:27:44.444  3425  4956 D NotificationService--OplusNotificationFixHelper: fixAppIcon: pkg=rd.sheepskin.sandboxmusic
07-08 23:27:44.445  3425  4956 D NotificationService--OplusNotificationFixHelper: fixAppIcon: appIcon = null, pkg = rd.sheepskin.sandboxmusic
07-08 23:27:44.445  3425  4956 I OplusStatusBarManagerServiceEnhance:  getTopIsFullscreen mTopIsFullscreen: false
07-08 23:27:44.445  3425  4956 W ActivityManager: Permission Denial: getTopApplicationInfo from pid=24668, uid=10447 requires oplus.permission.OPLUS_COMPONENT_SAFE
07-08 23:27:44.446  3425  3425 D NotificationService--OplusNotificationManagerServiceExtImpl: isForwardToAssistants: true, case : Is local notification
07-08 23:27:44.446  3425  3425 D NotificationService: This application enqueue notifications is need postDelayed mcsAssistantDelayTime: 200
07-08 23:27:44.473  3425  4956 W ForegroundServiceTypeLoggerModule: Logger should be tracking FGS types correctly for UID 10447 in package rd.sheepskin.sandboxmusic
07-08 23:27:44.473  3425  3425 I OplusMediaControlService: onActiveSessionsChanged begin
07-08 23:27:44.473  3425  3425 I OplusMediaControlService: onEventFromMediaControllerList controller size = 0
07-08 23:27:44.473  3425  3425 I OplusMediaControlService: updateControllerMap begin
07-08 23:27:44.473  3425  3425 I OplusMediaControlService: updataPlayStateMap begin
07-08 23:27:44.473  3425  3425 I OplusMediaControlService: updateMetadataMap begin
07-08 23:27:44.473  3425  3425 I OplusMediaControlService: updatePlayerInfoList event = com.oplus.media.OplusMediaEvent@320add6
07-08 23:27:44.473  3425  3425 I OplusMediaControlService: sendOnEventMessage begin, eventType: 6, observer: android.os.BinderProxy@586b7a5
07-08 23:27:44.475  3425  3425 I OplusMediaControlService: on event EventType: 6
07-08 23:27:44.475  3425  4950 I MediaSessionStack: removeSession | record: rd.sheepskin.sandboxmusic/SovereignMusicConsole/189 (userId=0)
07-08 23:27:44.477  3425  4956 I OplusMediaControlService: unregisterEventObserver start, observer: android.os.BinderProxy@586b7a5, callerUid: 10208
07-08 23:27:44.477  3425  4956 I OplusMediaControlService: unregisterEventObserver successfully.
07-08 23:27:44.477  3425  4956 I OplusMediaControlService: registerEventObserver start, observer: android.os.BinderProxy@586b7a5, callerUid: 10208
07-08 23:27:44.487  3425  3425 D NotificationGroupType: maybeUngroupOplus:after all cleared
07-08 23:27:44.487  3425  3425 I OplusMediaControlService: onActiveSessionsChanged begin
07-08 23:27:44.487  3425  3425 I OplusMediaControlService: onEventFromMediaControllerList controller size = 0
07-08 23:27:44.488  3425  3425 I OplusMediaControlService: updateControllerMap begin
07-08 23:27:44.488  3425  3425 I OplusMediaControlService: updataPlayStateMap begin
07-08 23:27:44.488  3425  3425 I OplusMediaControlService: updateMetadataMap begin
07-08 23:27:44.488  3425  3425 I OplusMediaControlService: updatePlayerInfoList event = com.oplus.media.OplusMediaEvent@3656857
07-08 23:27:44.488  3425  3425 I OplusMediaControlService: sendOnEventMessage begin, eventType: 6, observer: android.os.BinderProxy@586b7a5
07-08 23:27:44.488  3425  3425 I OplusMediaControlService: on event EventType: 6
07-08 23:27:44.492  3425  4788 I OplusMediaControlService: unregisterEventObserver start, observer: android.os.BinderProxy@586b7a5, callerUid: 10208
07-08 23:27:44.492  3425  4788 I OplusMediaControlService: unregisterEventObserver successfully.
07-08 23:27:44.492  3425  4953 I OplusMediaControlService: registerEventObserver start, observer: android.os.BinderProxy@586b7a5, callerUid: 10208
07-08 23:27:44.615  3425  3597 W QosScheduler: executeSceneQosStrategy failed! qos feature no enable
07-08 23:27:44.656  3425  3425 I NotificationService: Cannot find enqueued record for key: 0|rd.sheepskin.sandboxmusic|88001|null|10447
07-08 23:27:44.881  3425  4953 I AS.FadeOutManager: unfadeOutUid() uid:10447
07-08 23:27:44.883  3425  4953 I ActivityManager: Background started FGS: Allowed [callingPackage: rd.sheepskin.sandboxmusic; callingUid: 10447; uidState: TOP ; uidBFSL: [BFSL]; intent: Intent { act=rd.sheepskin.sandboxmusic.action.MEDIA_START xflg=0x4 cmp=rd.sheepskin.sandboxmusic/.MediaPlaybackForegroundService mCallingUid=10447 }; code:PROC_STATE_TOP; tempAllowListReason:<,reasonCode:SYSTEM_ALLOW_LISTED,duration:9223372036854775807,callingUid:-1>; allowWiu:12; targetSdkVersion:36; callerTargetSdkVersion:36; startForegroundCount:0; bindFromPackage:null: isBindService:false]
07-08 23:27:44.896  3425  4953 I MediaSessionStack: addSession to bottom of stack | record: rd.sheepskin.sandboxmusic/SovereignMusicConsole/190 (userId=0)
07-08 23:27:44.900  3425  3425 I OplusMediaControlService: onActiveSessionsChanged begin
07-08 23:27:44.900  3425  3425 I OplusMediaControlService: onEventFromMediaControllerList controller size = 0
07-08 23:27:44.901  3425  3425 I OplusMediaControlService: updateControllerMap begin
07-08 23:27:44.901  3425  3425 I OplusMediaControlService: updataPlayStateMap begin
07-08 23:27:44.901  3425  3425 I OplusMediaControlService: updateMetadataMap begin
07-08 23:27:44.901  3425  3425 I OplusMediaControlService: updatePlayerInfoList event = com.oplus.media.OplusMediaEvent@f2f0b4f
07-08 23:27:44.901  3425  3425 I OplusMediaControlService: sendOnEventMessage begin, eventType: 6, observer: android.os.BinderProxy@586b7a5
07-08 23:27:44.902  3425  3425 I OplusMediaControlService: on event EventType: 6
07-08 23:27:44.903  3425  4788 I OplusMediaControlService: unregisterEventObserver start, observer: android.os.BinderProxy@586b7a5, callerUid: 10208
07-08 23:27:44.903  3425  4788 I OplusMediaControlService: unregisterEventObserver successfully.
07-08 23:27:44.904  3425  4950 I OplusMediaControlService: registerEventObserver start, observer: android.os.BinderProxy@586b7a5, callerUid: 10208
07-08 23:27:44.907  3425  3425 I OplusMediaControlService: onActiveSessionsChanged begin
07-08 23:27:44.907  3425  3425 I OplusMediaControlService: onEventFromMediaControllerList controller size = 1
07-08 23:27:44.907  3425  3425 I OplusMediaControlService: getPlayerInfo, playerId: 146960857, pkgname: rd.sheepskin.sandboxmusic
07-08 23:27:44.908  3425  3425 I OplusMediaControlService: updateControllerMap begin
07-08 23:27:44.909  3425  3425 I OplusMediaControlService: updataPlayStateMap begin
07-08 23:27:44.909  3425  3425 I OplusMediaControlService: updateMetadataMap begin
07-08 23:27:44.909  3425  3425 I OplusMediaControlService: updatePlayerInfoList event = com.oplus.media.OplusMediaEvent@4d2869d
07-08 23:27:44.909  3425  3425 I OplusMediaControlService: sendOnEventMessage begin, eventType: 6, observer: android.os.BinderProxy@586b7a5
07-08 23:27:44.910  3425  3425 I OplusMediaControlService: on event EventType: 6
07-08 23:27:44.912  3425  3600 D NotificationService--OplusNotificationFixHelper: fixAppIcon: pkg=rd.sheepskin.sandboxmusic
07-08 23:27:44.912  3425  3600 D NotificationService--OplusNotificationFixHelper: fixAppIcon: appIcon = null, pkg = rd.sheepskin.sandboxmusic
07-08 23:27:44.914  3425  3600 I OplusStatusBarManagerServiceEnhance:  getTopIsFullscreen mTopIsFullscreen: false
07-08 23:27:44.915  3425  3425 D NotificationService--OplusNotificationManagerServiceExtImpl: isForwardToAssistants: true, case : Is local notification
07-08 23:27:44.915  3425  3425 D NotificationService: This application enqueue notifications is need postDelayed mcsAssistantDelayTime: 200
07-08 23:27:44.915  3425  4788 D NotificationService--OplusNotificationFixHelper: fixAppIcon: pkg=rd.sheepskin.sandboxmusic
07-08 23:27:44.916  3425  4788 D NotificationService--OplusNotificationFixHelper: fixAppIcon: appIcon = null, pkg = rd.sheepskin.sandboxmusic
07-08 23:27:44.918  3425  4950 I OplusMediaControlService: sendEvent type: 2, player: 146960857
07-08 23:27:44.918  3425  4950 I OplusMediaControlService: onEventFromRequestData: 1, player: 146960857
07-08 23:27:44.918  3425  4950 E OplusMediaControlService: getTitleAndArtist is null
07-08 23:27:44.918  3425  4950 E OplusMediaControlService: getMediaMetadata is null
07-08 23:27:44.918  3425  4950 D OplusMediaControlService: players is empty
07-08 23:27:44.919  3425  5794 I OplusMediaControlService: sendEvent type: 2, player: 146960857
07-08 23:27:44.919  3425  5794 I OplusMediaControlService: onEventFromRequestData: 2, player: 146960857
07-08 23:27:44.919  3425  5794 E OplusMediaControlService: playbackState is null
07-08 23:27:44.919  3425  5794 D OplusMediaControlService: players is empty
07-08 23:27:44.921  3425  4953 I OplusMediaControlService: unregisterEventObserver start, observer: android.os.BinderProxy@586b7a5, callerUid: 10208
07-08 23:27:44.921  3425  4953 I OplusMediaControlService: unregisterEventObserver successfully.
07-08 23:27:44.921  3425  3563 I OplusMediaControlService: registerEventObserver start, observer: android.os.BinderProxy@586b7a5, callerUid: 10208
07-08 23:27:44.924  3425  4788 I OplusStatusBarManagerServiceEnhance:  getTopIsFullscreen mTopIsFullscreen: false
07-08 23:27:44.924  3425  4788 W ActivityManager: Permission Denial: getTopApplicationInfo from pid=24668, uid=10447 requires oplus.permission.OPLUS_COMPONENT_SAFE
07-08 23:27:44.924  3425  3425 D NotificationService--OplusNotificationManagerServiceExtImpl: isForwardToAssistants: true, case : Is local notification
07-08 23:27:44.924  3425  3425 D NotificationService: This application enqueue notifications is need postDelayed mcsAssistantDelayTime: 200
07-08 23:27:44.926  3425  4942 I MediaSessionStack: onPlaybackStateChanged - Pushing session to top | record: rd.sheepskin.sandboxmusic/SovereignMusicConsole/190 (userId=0)
07-08 23:27:44.928  3425  3597 W QosScheduler: executeSceneQosStrategy failed! qos feature no enable
07-08 23:27:44.929  3425  4942 E AppOps  : attributionTag  not declared in manifest of rd.sheepskin.sandboxmusic
07-08 23:27:44.929  3425  4942 E AppOps  : attributionTag  not declared in manifest of rd.sheepskin.sandboxmusic
07-08 23:27:44.930  3425  6070 I AS.FadeOutManager: unfadeOutUid() uid:10447
07-08 23:27:44.933  3425  4942 D NotificationService--OplusNotificationFixHelper: fixAppIcon: pkg=rd.sheepskin.sandboxmusic
07-08 23:27:44.933  3425  4942 D NotificationService--OplusNotificationFixHelper: fixAppIcon: appIcon = null, pkg = rd.sheepskin.sandboxmusic
07-08 23:27:44.934  3425  4942 I OplusStatusBarManagerServiceEnhance:  getTopIsFullscreen mTopIsFullscreen: false
07-08 23:27:44.934  3425  4942 W ActivityManager: Permission Denial: getTopApplicationInfo from pid=24668, uid=10447 requires oplus.permission.OPLUS_COMPONENT_SAFE
07-08 23:27:44.935  3425  3425 D NotificationService--OplusNotificationManagerServiceExtImpl: isForwardToAssistants: true, case : Is local notification
07-08 23:27:44.935  3425  3425 D NotificationService: This application enqueue notifications is need postDelayed mcsAssistantDelayTime: 200
07-08 23:27:44.939 24668 24668 I AudioManager: dispatching onAudioFocusChange(-1) to android.media.AudioManager@43e317drd.sheepskin.sandboxmusic.AndroidAudioSessionHelper$$ExternalSyntheticLambda0@457a2c1
07-08 23:27:44.982  3425  4788 D NotificationService--OplusNotificationFixHelper: fixAppIcon: pkg=rd.sheepskin.sandboxmusic
07-08 23:27:44.982  3425  4788 D NotificationService--OplusNotificationFixHelper: fixAppIcon: appIcon = null, pkg = rd.sheepskin.sandboxmusic
07-08 23:27:44.983  3425  4788 I OplusStatusBarManagerServiceEnhance:  getTopIsFullscreen mTopIsFullscreen: false
07-08 23:27:44.984  3425  4788 W ActivityManager: Permission Denial: getTopApplicationInfo from pid=24668, uid=10447 requires oplus.permission.OPLUS_COMPONENT_SAFE
07-08 23:27:44.984  3425  3425 D NotificationService--OplusNotificationManagerServiceExtImpl: isForwardToAssistants: true, case : Is local notification
07-08 23:27:44.984  3425  3425 D NotificationService: This application enqueue notifications is need postDelayed mcsAssistantDelayTime: 200
07-08 23:27:44.990  3425  4942 D NotificationService--OplusNotificationFixHelper: fixAppIcon: pkg=rd.sheepskin.sandboxmusic
07-08 23:27:44.990  3425  4942 D NotificationService--OplusNotificationFixHelper: fixAppIcon: appIcon = null, pkg = rd.sheepskin.sandboxmusic
07-08 23:27:45.005  3425  4788 D NotificationService--OplusNotificationFixHelper: fixAppIcon: pkg=rd.sheepskin.sandboxmusic
07-08 23:27:45.005  3425  4788 D NotificationService--OplusNotificationFixHelper: fixAppIcon: appIcon = null, pkg = rd.sheepskin.sandboxmusic
07-08 23:27:45.006  3425  4942 D OplusMediaControlService: dispatch getHistoryMediaPlayerInfoList
07-08 23:27:45.006  3425  4942 I OplusMediaControlService: getHistoryMediaPlayerInfoList historyInfoList size: 0
07-08 23:27:45.045  3425  3652 D OplusFeatureBrightnessBarController: BrightnessBarController is not support.
07-08 23:27:45.046  3425  3646 D AutomaticController[display=0]: brightness changed!!!finalLux:0.62, weightLux:0.62, automaticLux:0.62, lastFinalLux:1.0, lastAutomaticLux:0.92, deviceDirection:Darkening, environmentDirection:Darkening, scene:NormalScene, accelerateScale:1.0, updateProcess:[], luxQueue:[0.80823994, 0.6134499, 0.6134499, 0.6134499, 0.6134499, 0.6134499], [(1.0, 4.96875, 489.30408)->(0.62, 4.033423, 136.5379)], drag:null
07-08 23:27:45.050  3425  3646 D OplusBiometricsDisplayHelper: isFold: false, isUnblockByFp: null
07-08 23:27:45.127  3425  3425 D LockSettingsService: [getSeparateProfileChallengeEnabled] userId = 12
07-08 23:27:45.127  3425  3425 D LockSettingsService: [getSeparateProfileChallengeEnabled] userId = 12
07-08 23:27:45.134  3425  3425 W NotificationHistory: Attempted to add notif for locked/gone/disabled user 0
07-08 23:27:45.136  3425  3425 D LockSettingsService: [getSeparateProfileChallengeEnabled] userId = 12
07-08 23:27:45.137  3425  3425 D LockSettingsService: [getSeparateProfileChallengeEnabled] userId = 12
07-08 23:27:45.147  3425  3425 D LockSettingsService: [getSeparateProfileChallengeEnabled] userId = 12
07-08 23:27:45.147  3425  3425 D LockSettingsService: [getSeparateProfileChallengeEnabled] userId = 12
07-08 23:27:45.151  3425  3597 W QosSceneRecognizer[NotificationScene]: get pid failed while enterNotificationScene, processInfos is null! uid: -1
07-08 23:27:45.186  3425  3425 D LockSettingsService: [getSeparateProfileChallengeEnabled] userId = 12
07-08 23:27:45.186  3425  3425 D LockSettingsService: [getSeparateProfileChallengeEnabled] userId = 12
07-08 23:27:45.244  3425  3652 D OplusBrightnessPhoneStateManager: LuxEvent{event:MAIN_LUX lux:0.6134499} -> LuxEvent{event:MAIN_LUX lux:0.6134499}
07-08 23:27:45.246  3425  3652 D OplusBrightnessAmbientAdapter[StabilityProcess]: updateRangeStrategy: reason[LuxChange ] baseLux:0.62, scene:NormalScene large{-1.0, 7.01} largeForAux{-1.0, 2.0} small{-0.38125002, 4.2} null
--------- beginning of main
07-08 23:27:45.323  4972 22350 W ResourcesCompat: Failed to inflate ColorStateList, leaving it to the framework
07-08 23:27:45.323  4972 22350 W ResourcesCompat: java.lang.UnsupportedOperationException: Failed to resolve attribute at index 0: TypedValue{t=0x2/d=0x7f040117 a=-1}, theme={InheritanceMap=[id=0x103013fandroid:style/Theme.DeviceDefault.Light.DarkActionBar, id=0x1030238android:style/Theme.Material.Light.DarkActionBar, id=0x1030237android:style/Theme.Material.Light, id=0x103000candroid:style/Theme.Light, id=0x1030005android:style/Theme], Themes=[android:style/Theme.DeviceDefault.Light.DarkActionBar, forced]}
07-08 23:27:45.323  4972 22350 W ResourcesCompat: 	at android.content.res.TypedArray.getColor(TypedArray.java:536)
07-08 23:27:45.323  4972 22350 W ResourcesCompat: 	at w.b.b(SourceFile:138)
07-08 23:27:45.323  4972 22350 W ResourcesCompat: 	at w.b.a(SourceFile:17)
07-08 23:27:45.323  4972 22350 W ResourcesCompat: 	at com.heytap.log.util.c.J(SourceFile:122)
07-08 23:27:45.323  4972 22350 W ResourcesCompat: 	at pb.d0.b0(SourceFile:13)
07-08 23:27:45.323  4972 22350 W ResourcesCompat: 	at com.google.android.material.imageview.ShapeableImageView.<init>(SourceFile:3)
07-08 23:27:45.323  4972 22350 W ResourcesCompat: 	at com.google.android.material.imageview.ShapeableImageView.<init>(SourceFile:1)
07-08 23:27:45.323  4972 22350 W ResourcesCompat: 	at java.lang.reflect.Constructor.newInstance0(Native Method)
07-08 23:27:45.323  4972 22350 W ResourcesCompat: 	at java.lang.reflect.Constructor.newInstance(Constructor.java:343)
07-08 23:27:45.323  4972 22350 W ResourcesCompat: 	at android.view.LayoutInflater.createView(LayoutInflater.java:767)
07-08 23:27:45.323  4972 22350 W ResourcesCompat: 	at android.view.LayoutInflater.createViewFromTag(LayoutInflater.java:919)
07-08 23:27:45.323  4972 22350 W ResourcesCompat: 	at android.view.LayoutInflater.createViewFromTag(LayoutInflater.java:874)
07-08 23:27:45.323  4972 22350 W ResourcesCompat: 	at android.view.LayoutInflater.rInflate(LayoutInflater.java:1036)
07-08 23:27:45.323  4972 22350 W ResourcesCompat: 	at android.view.LayoutInflater.rInflateChildren(LayoutInflater.java:997)
07-08 23:27:45.323  4972 22350 W ResourcesCompat: 	at android.view.LayoutInflater.rInflate(LayoutInflater.java:1039)
07-08 23:27:45.323  4972 22350 W ResourcesCompat: 	at android.view.LayoutInflater.rInflateChildren(LayoutInflater.java:997)
07-08 23:27:45.323  4972 22350 W ResourcesCompat: 	at android.view.LayoutInflater.inflate(LayoutInflater.java:593)
07-08 23:27:45.323  4972 22350 W ResourcesCompat: 	at android.view.LayoutInflater.inflate(LayoutInflater.java:481)
07-08 23:27:45.323  4972 22350 W ResourcesCompat: 	at a7.l0.l(SourceFile:197)
07-08 23:27:45.323  4972 22350 W ResourcesCompat: 	at a7.o0.e(SourceFile:134)
07-08 23:27:45.323  4972 22350 W ResourcesCompat: 	at h7.x.l(SourceFile:12)
07-08 23:27:45.323  4972 22350 W ResourcesCompat: 	at h7.x.<init>(SourceFile:166)
07-08 23:27:45.323  4972 22350 W ResourcesCompat: 	at h7.t.<init>(SourceFile:28)
07-08 23:27:45.323  4972 22350 W ResourcesCompat: 	at l6.g.a(SourceFile:97)
07-08 23:27:45.323  4972 22350 W ResourcesCompat: 	at u3.f.b(SourceFile:186)
07-08 23:27:45.323  4972 22350 W ResourcesCompat: 	at q5.d.r(SourceFile:246)
07-08 23:27:45.323  4972 22350 W ResourcesCompat: 	at u5.r.b(SourceFile:92)
07-08 23:27:45.323  4972 22350 W ResourcesCompat: 	at u5.x.u(SourceFile:13)
07-08 23:27:45.323  4972 22350 W ResourcesCompat: 	at u5.w.run(SourceFile:43)
07-08 23:27:45.323  4972 22350 W ResourcesCompat: 	at e0.n.run(SourceFile:181)
07-08 23:27:45.323  4972 22350 W ResourcesCompat: 	at java.util.concurrent.ThreadPoolExecutor.runWorker(ThreadPoolExecutor.java:1100)
07-08 23:27:45.323  4972 22350 W ResourcesCompat: 	at java.util.concurrent.ThreadPoolExecutor$Worker.run(ThreadPoolExecutor.java:624)
07-08 23:27:45.323  4972 22350 W ResourcesCompat: 	at java.lang.Thread.run(Thread.java:1572)
07-08 23:27:45.323  4972 22350 E ThemeUtils: View class com.google.android.material.imageview.ShapeableImageView is an AppCompat widget that can only be used with a Theme.AppCompat theme (or descendant).
07-08 23:27:45.323  4972 22350 W ResourcesCompat: Failed to inflate ColorStateList, leaving it to the framework
07-08 23:27:45.323  4972 22350 W ResourcesCompat: java.lang.UnsupportedOperationException: Failed to resolve attribute at index 0: TypedValue{t=0x2/d=0x7f040117 a=-1}, theme={InheritanceMap=[id=0x103013fandroid:style/Theme.DeviceDefault.Light.DarkActionBar, id=0x1030238android:style/Theme.Material.Light.DarkActionBar, id=0x1030237android:style/Theme.Material.Light, id=0x103000candroid:style/Theme.Light, id=0x1030005android:style/Theme], Themes=[android:style/Theme.DeviceDefault.Light.DarkActionBar, forced]}
07-08 23:27:45.323  4972 22350 W ResourcesCompat: 	at android.content.res.TypedArray.getColor(TypedArray.java:536)
07-08 23:27:45.323  4972 22350 W ResourcesCompat: 	at w.b.b(SourceFile:138)
07-08 23:27:45.323  4972 22350 W ResourcesCompat: 	at w.b.a(SourceFile:17)
07-08 23:27:45.323  4972 22350 W ResourcesCompat: 	at com.heytap.log.util.c.J(SourceFile:122)
07-08 23:27:45.323  4972 22350 W ResourcesCompat: 	at pb.d0.b0(SourceFile:13)
07-08 23:27:45.323  4972 22350 W ResourcesCompat: 	at com.google.android.material.imageview.ShapeableImageView.<init>(SourceFile:3)
07-08 23:27:45.323  4972 22350 W ResourcesCompat: 	at com.google.android.material.imageview.ShapeableImageView.<init>(SourceFile:1)
07-08 23:27:45.323  4972 22350 W ResourcesCompat: 	at java.lang.reflect.Constructor.newInstance0(Native Method)
07-08 23:27:45.323  4972 22350 W ResourcesCompat: 	at java.lang.reflect.Constructor.newInstance(Constructor.java:343)
07-08 23:27:45.323  4972 22350 W ResourcesCompat: 	at android.view.LayoutInflater.createView(LayoutInflater.java:767)
07-08 23:27:45.323  4972 22350 W ResourcesCompat: 	at android.view.LayoutInflater.createViewFromTag(LayoutInflater.java:919)
07-08 23:27:45.323  4972 22350 W ResourcesCompat: 	at android.view.LayoutInflater.createViewFromTag(LayoutInflater.java:874)
07-08 23:27:45.323  4972 22350 W ResourcesCompat: 	at android.view.LayoutInflater.rInflate(LayoutInflater.java:1036)
07-08 23:27:45.323  4972 22350 W ResourcesCompat: 	at android.view.LayoutInflater.rInflateChildren(LayoutInflater.java:997)
07-08 23:27:45.323  4972 22350 W ResourcesCompat: 	at android.view.LayoutInflater.rInflate(LayoutInflater.java:1039)
07-08 23:27:45.323  4972 22350 W ResourcesCompat: 	at android.view.LayoutInflater.rInflateChildren(LayoutInflater.java:997)
07-08 23:27:45.323  4972 22350 W ResourcesCompat: 	at android.view.LayoutInflater.inflate(LayoutInflater.java:593)
07-08 23:27:45.323  4972 22350 W ResourcesCompat: 	at android.view.LayoutInflater.inflate(LayoutInflater.java:481)
07-08 23:27:45.323  4972 22350 W ResourcesCompat: 	at a7.l0.l(SourceFile:197)
07-08 23:27:45.323  4972 22350 W ResourcesCompat: 	at a7.o0.e(SourceFile:134)
07-08 23:27:45.323  4972 22350 W ResourcesCompat: 	at h7.x.l(SourceFile:12)
07-08 23:27:45.323  4972 22350 W ResourcesCompat: 	at h7.x.<init>(SourceFile:166)
07-08 23:27:45.323  4972 22350 W ResourcesCompat: 	at h7.t.<init>(SourceFile:28)
