--------- beginning of system
06-18 23:04:25.731  3480  5768 W ActivityTaskManager: callingPackage for (uid=2000, pid=8722) has no WPC
06-18 23:04:25.733  3480  5768 D WindowManager: NFW_setClientVisible:ActivityRecord{54942107 u0 rd.sheepskin.sandboxmusic/.MainActivity clientVisible:true
06-18 23:04:25.733  3480  5768 D ActivityTaskManager: The isLandscapeFullscreenEnabled is: rd.sheepskin.sandboxmusic/.MainActivity
06-18 23:04:25.734  3480  5768 D ActivityTaskManager: The isLandscapeFullscreenEnabled is: rd.sheepskin.sandboxmusic/.MainActivity
06-18 23:04:25.734  3480  5768 D ActivityTaskManager: The isLandscapeFullscreenEnabled is: rd.sheepskin.sandboxmusic/.MainActivity
06-18 23:04:25.734  3480  5768 D ActivityTaskManager: The isLandscapeFullscreenEnabled is: rd.sheepskin.sandboxmusic/.MainActivity
06-18 23:04:25.735  3480  5768 D ActivityTaskManager: The isLandscapeFullscreenEnabled is: rd.sheepskin.sandboxmusic/.MainActivity
06-18 23:04:25.735  3480  5768 D FlexibleTaskController: isSupportFlexibleWindow target = rd.sheepskin.sandboxmusic/.MainActivity callPkg = FlexibleTaskController support = true ,caller = 3480
06-18 23:04:25.735  3480  5768 I AppSnapshotController: init, sysSupport = true, mActivitySupport = false, activityRecord = ActivityRecord{54942107 u0 rd.sheepskin.sandboxmusic/.MainActivity t-1}
06-18 23:04:25.736  3480  3580 E QosSceneRecognizer[ActivityStartScene]: notifyActivityStart get launchedFromUid failed through AppManager! launchedFromPackage: com.android.shell, pkg: rd.sheepskin.sandboxmusic
06-18 23:04:25.737  3480  5768 D FlexibleWindowManagerService: isIgnoreAppearedAcrossTask:false
06-18 23:04:25.737  3480  5768 D ActivityStarterExtImpl: setForceUpdateWindow, targetTask = Task{58082ba #12343 type=standard A=10445:rd.sheepskin.sandboxmusic} r = ActivityRecord{54942107 u0 rd.sheepskin.sandboxmusic/.MainActivity t-1} notFinish =false
06-18 23:04:25.737  3480  5768 D FlexibleWindowManagerService: isIgnoreAppearedAcrossTask:false
06-18 23:04:25.738  3480  4355 D StartingSurfacePreviewController: checkSupportSurfacePreview, token=rd.sheepskin.sandboxmusic/.MainActivity, enableSurfacePreview=false, supportMultiLayout=false, unsupportedSkipViewAnimLv=null, disableSurfacePreviewAnimLv=null, ignoreFileExistAnimLv=null
06-18 23:04:25.738  3480  5768 D FlexibleTaskController: findSourceTaskForFreeForm: sourceRecord = null ,realCallingPid:8722 ,launchFromZoomMode:false ,prevTopTask:Task{58082ba #12343 type=standard A=10445:rd.sheepskin.sandboxmusic}
06-18 23:04:25.738  3480  5768 D FlexibleTaskController: findSourceTaskForFreeForm: the caller is not a flexible freeform window application and does not have a zoom windowMode startup parameter
06-18 23:04:25.738  3480  5768 D FlexibleTaskController: adjustOptionsForFlexibleTask not allow options follow process task's options, reason:9 ,reusedOptions:null
06-18 23:04:25.738  3480  5768 I TaskFragmentExtImpl: reset pause in recents anim for mTaskFragment: Task{58082ba #12343 type=standard A=10445:rd.sheepskin.sandboxmusic}
06-18 23:04:25.738  3480  5768 D FlexibleTaskController: isSupportFlexibleWindow target = rd.sheepskin.sandboxmusic/.MainActivity callPkg = FlexibleTaskController support = true ,caller = 3480
06-18 23:04:25.738  3480  5768 D FlexibleTaskController: shouldKeepFlexibleTask flexibleTask not active.
06-18 23:04:25.739  3480  5768 D ActivityStarterExtImpl: isLaunchingRootActivity = true
06-18 23:04:25.741  3480  5768 D ActivityTaskManager: The isLandscapeFullscreenEnabled is: rd.sheepskin.sandboxmusic/.MainActivity
06-18 23:04:25.742  3480  5768 D ActivityTaskManager: The isLandscapeFullscreenEnabled is: rd.sheepskin.sandboxmusic/.MainActivity
06-18 23:04:25.742  3480  5768 E Transition: Aborting Transition mSyncId=16621, caller=com.android.server.wm.OplusTransitionUtil.abortTransitionImmediately:109 com.android.server.wm.OplusTransitionController.abortTransitionImmediately:123 com.android.server.wm.ActivityStarterExtImpl.abortTransitionImmediately:1850 
06-18 23:04:25.742  3480  5768 D OplusTransitionController: hookOnAbort, transition: TransitionRecord{826f477 id=16621 track=0 type=OPEN flags=0x0 state=0 c=[
06-18 23:04:25.742  3480  5768 D OplusTransitionController:    ChangeInfo{21c88e4 container=ActivityRecord{54942107 u0 rd.sheepskin.sandboxmusic/.MainActivity t-1} flags=0x0}
06-18 23:04:25.742  3480  5768 D OplusTransitionController: ]
06-18 23:04:25.742  3480  5768 D OplusTransitionController: }
06-18 23:04:25.743  3480  5768 E OplusAppQuickStart_AppQuickStartController: not start from launcher transition:16621
06-18 23:04:25.743  3480  5768 D KEYLOG_PhoneWindowManager: setKeyguardOccludedLw occluded=false,false,false
06-18 23:04:25.743  3480  5768 D KEYLOG_PhoneWindowManager: setKeyguardOccludedLw occluded=false,false,false
06-18 23:04:25.745  3480  5768 I ActivityTaskManager: START u0 {act=android.intent.action.VIEW dat=sandboxmusic://e2e/... flg=0x14000000 xflg=0x4 cmp=rd.sheepskin.sandboxmusic/.MainActivity mCallingUid=2000} with LAUNCH_SINGLE_TASK from uid 2000 (BAL_ALLOW_PERMISSION (START_ACTIVITIES_FROM_BACKGROUND permission granted)) result code=3
06-18 23:04:25.748 31678 31678 D ActivityThread: ComponentInfo{rd.sheepskin.sandboxmusic/rd.sheepskin.sandboxmusic.MainActivity} checkFinished=false 4
06-18 23:04:25.748 31678 31678 D ResourcesManagerExtImpl: applyConfigurationToAppResourcesLocked app.getDisplayId() return callback.displayId:0
06-18 23:04:25.748  4908  4978 D WindowManagerShell: onActivityRestartAttempt: topActivity=ComponentInfo{rd.sheepskin.sandboxmusic/rd.sheepskin.sandboxmusic.MainActivity}, wasVisible=true
06-18 23:04:25.755 31678 31678 D VRI[MainActivity]: relayoutWindow result, sizeChanged:false, surfaceControlChanged:false, transformHintChanged:false, mSurfaceSize:Point(1440, 3168), mLastSurfaceSize:Point(1440, 3168), mWidth:1440, mHeight:3168, requestedWidth:1440, requestedHeight:3168, transformHint:0, installOrientation:0, displayRotation:0, isSurfaceValid:true, attr.flag:-2122252032, tmpFrames:ClientWindowFrames{frame=[0,0][1440,3168] display=[0,0][1440,3168] parentFrame=[0,0][1440,3168]}, relayoutResult:0, relayoutAsync:true, mSyncSeqId:0
06-18 23:04:25.755  3480  5768 V WindowManager: Relayout Window{c8166bb u0 rd.sheepskin.sandboxmusic/rd.sheepskin.sandboxmusic.MainActivity}: viewVisibility=0, oldvis=0, req=1440x3168 , apr = 0, , x=0, y=0
06-18 23:04:25.755 31678 31678 W VRI[MainActivity]: updateBlastSurfaceIfNeeded, surfaceSize:Point(1440, 3168), lastSurfaceSize:Point(1440, 3168), format:-1, blastBufferQueue:android.graphics.BLASTBufferQueue@7bacf15
06-18 23:04:25.756  3480  5768 D ActivityTaskManager: The isLandscapeFullscreenEnabled is: rd.sheepskin.sandboxmusic/.MainActivity
06-18 23:04:25.788  3480  5768 I BLASTSyncEngine: onCommitted syncId: 16621, timeout: false ran: false
06-18 23:04:25.982  3480  4187 D osense.compress: ch.protonmail.android do shrink, target ratio = 45, final ratio = 90, cur ratio = 0
06-18 23:04:26.051  3480  4181 I MediaSessionStack: addSession to bottom of stack | record: rd.sheepskin.sandboxmusic/SovereignMusicConsole/3153 (userId=0)
06-18 23:04:26.056  3480  3480 I OplusMediaControlService: onActiveSessionsChanged begin
06-18 23:04:26.056  3480  3480 I OplusMediaControlService: onEventFromMediaControllerList controller size = 1
06-18 23:04:26.056  3480  3480 I OplusMediaControlService: getPlayerInfo, playerId: 244704328, pkgname: app.morphe.android.apps.youtube.music
06-18 23:04:26.056  3480  3480 I OplusMediaControlService: updateControllerMap begin
06-18 23:04:26.056  3480  3480 I OplusMediaControlService: updataPlayStateMap begin
06-18 23:04:26.056  3480  3480 I OplusMediaControlService: updateMetadataMap begin
06-18 23:04:26.057  3480  3480 I OplusMediaControlService: updatePlayerInfoList event = com.oplus.media.OplusMediaEvent@7336481
06-18 23:04:26.057  3480  3480 I OplusMediaControlService: sendOnEventMessage begin, eventType: 6, observer: android.os.BinderProxy@92c5b33
06-18 23:04:26.059  3480  3480 I OplusMediaControlService: on event EventType: 6
06-18 23:04:26.059  3480  3480 I OplusMediaControlService: onActiveSessionsChanged begin
06-18 23:04:26.059  3480  3480 I OplusMediaControlService: onEventFromMediaControllerList controller size = 2
06-18 23:04:26.059  3480  3480 I OplusMediaControlService: getPlayerInfo, playerId: 244704328, pkgname: app.morphe.android.apps.youtube.music
06-18 23:04:26.059  3480  4180 I MediaSessionStack: removeSession | record: rd.sheepskin.sandboxmusic/SovereignMusicConsole/3153 (userId=0)
06-18 23:04:26.059  3480  3480 I OplusMediaControlService: getPlayerInfo, playerId: 235723322, pkgname: rd.sheepskin.sandboxmusic
06-18 23:04:26.059  3480  3480 I OplusMediaControlService: updateControllerMap begin
06-18 23:04:26.059  3480  3480 I OplusMediaControlService: updataPlayStateMap begin
06-18 23:04:26.059  3480  3480 I OplusMediaControlService: updateMetadataMap begin
06-18 23:04:26.059  3480  3480 I OplusMediaControlService: updatePlayerInfoList event = com.oplus.media.OplusMediaEvent@f25f314
06-18 23:04:26.059  3480  3480 I OplusMediaControlService: sendOnEventMessage begin, eventType: 6, observer: android.os.BinderProxy@92c5b33
06-18 23:04:26.060  3480  9558 I OplusMediaControlService: sendEvent type: 2, player: 244704328
06-18 23:04:26.060  3480  9558 I OplusMediaControlService: onEventFromRequestData: 1, player: 244704328
06-18 23:04:26.060  3480  9558 I OplusMediaControlService: getTitleAndArtist, title: Troubles (Cold Blooded Soul Version), artist: Denzel Curry, playerId: 244704328
06-18 23:04:26.060  3480  3480 I OplusMediaControlService: on event EventType: 6
06-18 23:04:26.060  3480  3480 I OplusMediaControlService: onActiveSessionsChanged begin
06-18 23:04:26.060  3480  3480 I OplusMediaControlService: onEventFromMediaControllerList controller size = 1
06-18 23:04:26.060  3480  3480 I OplusMediaControlService: getPlayerInfo, playerId: 244704328, pkgname: app.morphe.android.apps.youtube.music
06-18 23:04:26.061  3480  3480 I OplusMediaControlService: updateControllerMap begin
06-18 23:04:26.061  3480  3480 I OplusMediaControlService: updataPlayStateMap begin
06-18 23:04:26.061  3480  3480 I OplusMediaControlService: updateMetadataMap begin
06-18 23:04:26.061  3480  3480 I OplusMediaControlService: updatePlayerInfoList event = com.oplus.media.OplusMediaEvent@c1fb503
06-18 23:04:26.061  3480  3480 I OplusMediaControlService: sendOnEventMessage begin, eventType: 6, observer: android.os.BinderProxy@92c5b33
06-18 23:04:26.061  3480  3480 I OplusMediaControlService: on event EventType: 6
06-18 23:04:26.067  3480  9558 D OplusMediaControlService: players is empty
06-18 23:04:26.068  3480  4181 I OplusMediaControlService: sendEvent type: 2, player: 244704328
06-18 23:04:26.068  3480  4181 I OplusMediaControlService: onEventFromRequestData: 2, player: 244704328
06-18 23:04:26.068  3480  4181 D OplusMediaControlService: players is empty
06-18 23:04:26.068  3480  4181 I OplusMediaControlService: unregisterEventObserver start, observer: android.os.BinderProxy@92c5b33, callerUid: 10208
06-18 23:04:26.068  3480  4181 I OplusMediaControlService: unregisterEventObserver successfully.
06-18 23:04:26.068  3480  9558 I OplusMediaControlService: registerEventObserver start, observer: android.os.BinderProxy@92c5b33, callerUid: 10208
06-18 23:04:26.068  3480  4181 I OplusMediaControlService: sendEvent type: 2, player: 235723322
06-18 23:04:26.068  3480  4181 E OplusMediaControlService: sendEventNullControl error eventType is: 2, player = 235723322
06-18 23:04:26.069  3480  9558 I OplusMediaControlService: sendEvent type: 2, player: 235723322
06-18 23:04:26.069  3480  9558 E OplusMediaControlService: sendEventNullControl error eventType is: 2, player = 235723322
06-18 23:04:26.069  3480  4180 I OplusMediaControlService: sendEvent type: 2, player: 244704328
06-18 23:04:26.069  3480  4180 I OplusMediaControlService: onEventFromRequestData: 1, player: 244704328
06-18 23:04:26.069  3480  4180 I OplusMediaControlService: getTitleAndArtist, title: Troubles (Cold Blooded Soul Version), artist: Denzel Curry, playerId: 244704328
06-18 23:04:26.074  3480  4180 D OplusMediaControlService: players is empty
06-18 23:04:26.074  3480  4180 I OplusMediaControlService: sendEvent type: 2, player: 244704328
06-18 23:04:26.074  3480  4180 I OplusMediaControlService: onEventFromRequestData: 2, player: 244704328
06-18 23:04:26.074  3480  4180 D OplusMediaControlService: players is empty
06-18 23:04:26.074  3480  4181 I OplusMediaControlService: unregisterEventObserver start, observer: android.os.BinderProxy@92c5b33, callerUid: 10208
06-18 23:04:26.074  3480  4181 I OplusMediaControlService: unregisterEventObserver successfully.
06-18 23:04:26.075  3480  4180 I OplusMediaControlService: registerEventObserver start, observer: android.os.BinderProxy@92c5b33, callerUid: 10208
06-18 23:04:26.075  3480  4181 I OplusMediaControlService: sendEvent type: 2, player: 244704328
06-18 23:04:26.075  3480  4181 I OplusMediaControlService: onEventFromRequestData: 1, player: 244704328
06-18 23:04:26.075  3480  4181 I OplusMediaControlService: getTitleAndArtist, title: Troubles (Cold Blooded Soul Version), artist: Denzel Curry, playerId: 244704328
06-18 23:04:26.079  3480  4181 D OplusMediaControlService: players is empty
06-18 23:04:26.079  3480  4181 I OplusMediaControlService: sendEvent type: 2, player: 244704328
06-18 23:04:26.079  3480  4181 I OplusMediaControlService: onEventFromRequestData: 2, player: 244704328
06-18 23:04:26.079  3480  4181 D OplusMediaControlService: players is empty
06-18 23:04:26.079  3480  4181 I OplusMediaControlService: unregisterEventObserver start, observer: android.os.BinderProxy@92c5b33, callerUid: 10208
06-18 23:04:26.079  3480  4181 I OplusMediaControlService: unregisterEventObserver successfully.
06-18 23:04:26.079  3480  4181 I OplusMediaControlService: registerEventObserver start, observer: android.os.BinderProxy@92c5b33, callerUid: 10208
06-18 23:04:26.472  3480  3728 D VRR [OPlusGameStatusManager]: handleMessage: 7004
06-18 23:04:26.472  3480  3728 D VRR [OPlusGameStatusManager]: handleBrightnessDone
06-18 23:04:27.400  3480 31408 D UsageStatsService: User[0] type=0 b=1781798490728 e=1781798667398 cb=1781790777289 ce=1781798661994 disk=0 all=59
06-18 23:04:28.931  3480  4187 D osense.compress: com.google.android.gms do shrink, target ratio = 45, final ratio = 90, cur ratio = 0
06-18 23:04:29.331  3480  4204 E JobScheduler.Background: Couldn't determine stopped state for unknown package: com.oplus.onet
06-18 23:04:30.358  3480 10657 D PowerManagerService: userActivityNoUpdateLocked: groupId=0, eventTime=448757596, event=touch, flags=0x0, uid=1000
06-18 23:04:30.359  3480 10657 D PowerManagerService: userActivityNoUpdateLocked: groupId=0, eventTime=448757596, event=touch, flags=0x0, uid=1000
06-18 23:04:30.361  3480  4181 W OplusJoystickManager: Neither joystick feature is supported
06-18 23:04:30.361  3480  4181 D OplusCustomizeRestrictionManagerService: isLongPressVolumeUpDisabled start
06-18 23:04:30.361  3480  4181 E OplusCustomizeRestrictionManagerService: isTaskButtonDisabled start
06-18 23:04:30.361  3480  4181 D STKeyLog_StrategyBlackscreenshot: notifyKeyBeforeQueueing, downTime448757603, action=0, interactive=true
06-18 23:04:30.362  3480  4181 I VibratorManagerServiceExtImpl: vibrate is uid=1000, pid=3480, opPkg=android, effect=Mono{mEffect=Composed{segments=[OplusVibrationEffectSegment{mEffectId=368, mEffectStrength=-1, mRingtonePath=''}], repeat=-1}}, attributes=VibrationAttributes{mUsage=TOUCH, mAudioUsage= USAGE_UNKNOWN, mFlags=0}, reason=performHapticFeedback(constant=1): Virtual Key - Press, token=265728504
06-18 23:04:30.362  3480  4399 D KEYLOG_PhoneWindowManager: handleKeyGestureEvent:gestureType=4 deviceId=-1 keyguardOn=false displayId=0 complete=false canLaunchApp=true mPowerKeyHandledfalse
06-18 23:04:30.363  3480  4341 W VibrationScaler: Got unexpected vibration intensity: 2400
06-18 23:04:30.363  3480  4341 D VibrationThread: Perform OplusPrebakedSegment{mEffectId=368, mWaveformId=310, mDuration=80, mEffectStrength=2400, mDefaultUsage=TOUCH} on vibrator 0
06-18 23:04:30.363  3480 18190 D PowerManagerService: userActivityNoUpdateLocked: groupId=0, eventTime=448757603, event=button, flags=0x0, uid=1000
06-18 23:04:30.371  3480 18190 D PowerManagerService: userActivityNoUpdateLocked: groupId=0, eventTime=448757603, event=button, flags=0x0, uid=1000
06-18 23:04:30.382  3480  3726 D OplusFeatureDMR[display=0]: onConfigChanged threadId=65 threadName=OplusDisplayWorkHandler physicalDisplayId=4630946450791512195 modeId=1  
06-18 23:04:30.382  3480  3570 I DisplayDeviceRepository: Display device changed render timings: "Built-in Screen", renderFrameRate=90.0, presentationDeadlineNanos=14111110, appVsyncOffsetNanos=6555557, frameRateOverrides=[]
06-18 23:04:30.383  3480  3570 D DisplayManagerService: Delivering display event: displayId=0, event=EVENT_DISPLAY_REFRESH_RATE_CHANGED
06-18 23:04:30.387  3480  3567 D WindowManager: DeferredDisplayUpdater: partially applying DisplayInfo(1440 x 3168) immediately
06-18 23:04:30.388  3480  3567 D OplusVFXScreenEffectFeature: notifySFCompatWindowStateChange entered false
06-18 23:04:30.389  3480  3567 D FSS_FoldScreenBlackCoverController: displayChangeToOn, dc:Display{#0 state=ON size=1440x3168 ROTATION_0}
06-18 23:04:30.436  3480  3728 D VRR [OPlusRefreshRateService]: handleConfigIdChange physicalDisplayId: 4630946450791512195 configId: 1 renderPeriod: 11111111
06-18 23:04:30.437  3480  3728 D VRR [OPlusGameStatusManager]: updateGameState mOSyncFeatureSwitch: false mIsGamePolicy: false
06-18 23:04:30.437  3480  3728 D VRR [OPlusGameStatusManager]: updateGameAccelerationStatus pkgName: rd.sheepskin.sandboxmusic mOSyncFeatureSwitch: false mIsGamePolicy: false mHeartStop: false mHasFlickerRisk: false mForceAcceleration: false mToastReady: false enable: false
06-18 23:04:30.437  3480  3728 D VRR [OPlusExternalRefreshRateManager]:  Display refreshrate :90 , Switch to OTI-HW 
06-18 23:04:30.453  3480  4179 W OplusJoystickManager: Neither joystick feature is supported
06-18 23:04:30.453  3480  4179 D OplusCustomizeRestrictionManagerService: isLongPressVolumeUpDisabled start
06-18 23:04:30.453  3480  4179 D STKeyLog_StrategyBlackscreenshot: notifyKeyBeforeQueueing, downTime448757603, action=1, interactive=true
06-18 23:04:30.456  3480  3572 D FlexibleTaskController:  onRecentClicked to mini.
06-18 23:04:30.477  3480  3480 D OplusFlexibleWindowMinimizedManagerHelper: onReceive, intent = android.intent.action.CLOSE_SYSTEM_DIALOGS reason:recentapps state:0
06-18 23:04:30.486  3480  5680 D ActivityTaskManager: Skipping, invisible task: Task{4e13f85 #6 type=home I=com.teslacoilsw.launcher/.NovaLauncher}
06-18 23:04:30.486  3480  5680 D ActivityTaskManager: Skipping, invisible task: Task{9a293d7 #10948 type=recents I=com.android.launcher/com.android.quickstep.RecentsActivity}
06-18 23:04:30.487  3480  5680 D ActivityTaskManager: Skipping, invisible task: Task{7ef1b35 #5 type=home A=1000:com.android.settings.FallbackHome nonResizable}
06-18 23:04:30.487  3480  5680 D ActivityTaskManager: after skip size:10,pre-Filtered:rd.sheepskin.sandboxmusic # com.whatsapp # com.google.android.apps.magazines # app.morphe.android.apps.youtube.music # ch.protonmail.android # com.instagram.android # app.morphe.manager # com.grabtaxi.passenger # com.oplus.screenshot # com.kasikorn.retail.mbanking.wap # 
06-18 23:04:30.489  3480  4179 D WindowManager: NFW_setClientVisible:ActivityRecord{4105402 u0 com.android.launcher/com.android.quickstep.RecentsActivity clientVisible:true
06-18 23:04:30.490  3480  4179 D ActivityTaskManager: The isLandscapeFullscreenEnabled is: com.android.launcher/com.android.quickstep.RecentsActivity
06-18 23:04:30.490  3480  4179 D ActivityTaskManager: The isLandscapeFullscreenEnabled is: com.android.launcher/com.android.quickstep.RecentsActivity
06-18 23:04:30.490  3480  4179 D ActivityTaskManager: The isLandscapeFullscreenEnabled is: com.android.launcher/com.android.quickstep.RecentsActivity
06-18 23:04:30.490  3480  4179 D ActivityTaskManager: The isLandscapeFullscreenEnabled is: com.android.launcher/com.android.quickstep.RecentsActivity
06-18 23:04:30.490  3480  4179 D ActivityTaskManager: The isLandscapeFullscreenEnabled is: com.android.launcher/com.android.quickstep.RecentsActivity
06-18 23:04:30.491  3480  4179 D ActivityTaskManager: The isLandscapeFullscreenEnabled is: com.android.launcher/com.android.quickstep.RecentsActivity
06-18 23:04:30.491  3480  4179 D ActivityTaskManager: The isLandscapeFullscreenEnabled is: com.android.launcher/com.android.quickstep.RecentsActivity
06-18 23:04:30.491  3480  4179 D ActivityTaskManager: The isLandscapeFullscreenEnabled is: com.android.launcher/com.android.quickstep.RecentsActivity
06-18 23:04:30.491  3480  4179 D ActivityTaskManager: The isLandscapeFullscreenEnabled is: com.android.launcher/com.android.quickstep.RecentsActivity
06-18 23:04:30.491  3480  4179 D ActivityTaskManager: The isLandscapeFullscreenEnabled is: com.android.launcher/com.android.quickstep.RecentsActivity
06-18 23:04:30.491  3480  4179 D FlexibleTaskController: isSupportFlexibleWindow target = com.android.launcher/com.android.quickstep.RecentsActivity callPkg = FlexibleTaskController support = false ,caller = 3480
06-18 23:04:30.491  3480  4179 I AppSnapshotController: init, sysSupport = true, mActivitySupport = false, activityRecord = ActivityRecord{4105402 u0 com.android.launcher/com.android.quickstep.RecentsActivity t-1}
06-18 23:04:30.491  3480  3580 E QosSceneRecognizer[ActivityStartScene]: notifyActivityStart get launchedFromUid failed through AppManager! launchedFromPackage: com.android.launcher, pkg: com.android.launcher
06-18 23:04:30.492  3480  4179 D FlexibleWindowManagerService: isIgnoreAppearedAcrossTask:false
06-18 23:04:30.493  3480  4179 D ActivityStarterExtImpl: setForceUpdateWindow, targetTask = Task{9a293d7 #10948 type=recents I=com.android.launcher/com.android.quickstep.RecentsActivity} r = ActivityRecord{4105402 u0 com.android.launcher/com.android.quickstep.RecentsActivity t-1} notFinish =true
06-18 23:04:30.493  3480  4179 D FlexibleWindowManagerService: isIgnoreAppearedAcrossTask:false
06-18 23:04:30.493  3480  4179 D FlexibleTaskController: adjustOptionsForFlexibleTask skip adjust options reason:1
06-18 23:04:30.493  3480  4179 I TaskFragmentExtImpl: reset pause in recents anim for mTaskFragment: Task{9a293d7 #10948 type=recents I=com.android.launcher/com.android.quickstep.RecentsActivity}
06-18 23:04:30.493  3480  4179 D FlexibleTaskController: isSupportFlexibleWindow target = com.android.launcher/com.android.quickstep.RecentsActivity callPkg = FlexibleTaskController support = false ,caller = 3480
06-18 23:04:30.493  3480  4179 D FlexibleTaskController: shouldKeepFlexibleTask flexibleTask not active.
06-18 23:04:30.494  3480  4179 D ActivityStarterExtImpl: isLaunchingRootActivity = true
06-18 23:04:30.494  3480  4179 D ActivityStarterExtImpl: Don't move task Task{9a293d7 #10948 type=recents I=com.android.launcher/com.android.quickstep.RecentsActivity} , because launching activity to the same display 0
06-18 23:04:30.495  3480  4179 D OplusStartingWindowManager: we don't revise window flags for system activity :ActivityRecord{27373336 u0 com.android.launcher/com.android.quickstep.RecentsActivity t10948}
06-18 23:04:30.495  3480  4179 D ActivityTaskManager: validateStartingWindowTheme:  Pkg=com.android.launcher, Translucent=false, Floating=false, ShowWallpaper=true, Disable=false, LaunchSource=4, Prev=null, LaunchedFromPackage=com.android.launcher
06-18 23:04:30.496  3480  4179 D ActivityTaskManager: addStartingWindow for ActivityRecord{27373336 u0 com.android.launcher/com.android.quickstep.RecentsActivity t10948}, mainWin=Window{1de7fc6 u0 com.android.launcher/com.android.quickstep.RecentsActivity}, mVisible=false, mVisibleRequested=false, drawn=false, mDestroying=false, state=STOPPED, isKeyguardLocked=false, isKeyguardGoingAway=false
06-18 23:04:30.496  3480  4179 D ActivityTaskManager: getStartingWindowType: , newTask=false, taskSwitch=true, processRunning=true, allowTaskSnapshot=false, activityCreated=true, activityAllDrawn=false, snapshot exist: false
06-18 23:04:30.496  3480  4179 D ActivityRecordExtImpl: handleStartingWindowForCompactWindow origin type:2, adjustType : 2
06-18 23:04:30.498  4908  4998 D PhoneStartingWindowTypeAlgorithm: preferredStartingWindowType newTask=false, taskSwitch=true, processRunning=true, allowTaskSnapshot=false, activityCreated=true, isSolidColorSplashScreen=true, legacySplashScreen=false, activityDrawn=false, windowless=false, topIsHome=false
06-18 23:04:30.498  3480  3728 D VRR [OPlusSAManager]: updateAutoMinfps for 4630946450791512195 with nits: 169.49481, mHistOK true, mAmbientOK true, mCctOK true, mIrOK true, mBrightnessOK true, isPkgOK true, SA min fps: 89
06-18 23:04:30.498  4908  4998 D OplusShellStartingWindowManager: getReviseStartingWindowType not support, windowInfo is null
06-18 23:04:30.498  3480  4179 D TaskFragmentExtImpl: shouldSetReadyFalse and resumedActivity: ActivityRecord{27373336 u0 com.android.launcher/com.android.quickstep.RecentsActivity t10948} prev: ActivityRecord{11447004 u0 rd.sheepskin.sandboxmusic/.MainActivity t12343} prev.isVisible(): true resumedLaunchFromLauncher: false prevLaunchFromApp: true transitionType: 1
06-18 23:04:30.499  4908  4978 V WindowManagerShell: Transition requested (#16622): android.os.BinderProxy@95dc426 TransitionRequestInfo { type = OPEN, triggerTask = TaskInfo{userId=0 taskId=10948 effectiveUid=10198 displayId=0 isRunning=true baseIntent=Intent { act=android.intent.action.MAIN cat=[android.intent.category.DEFAULT] flg=0x10800000 cmp=com.android.launcher/com.android.quickstep.RecentsActivity mCallingUid=10198 } baseActivity=ComponentInfo{com.android.launcher/com.android.quickstep.RecentsActivity} topActivity=ComponentInfo{com.android.launcher/com.android.quickstep.RecentsActivity} origActivity=null realActivity=ComponentInfo{com.android.launcher/com.android.quickstep.RecentsActivity}
06-18 23:04:30.499  4908  4978 V WindowManagerShell:  numActivities=1 lastActiveTime=1068878819 supportsSplitScreenMultiWindow=true supportsMultiWindow=true supportsPocketStudioMultiWindow=false isInFlexibleEmbedded = false uid = 10198 pid = 5058 resizeMode=2 isResizeable=true minWidth=-1 minHeight=-1 defaultMinSize=220 token=WCT{android.window.IWindowContainerToken$Stub$Proxy@a144867} topActivityType=3 pictureInPictureParams=null shouldDockBigOverlays=false launchIntoPipHostTaskId=-1 lastParentTaskIdBeforePip=-1 displayCutoutSafeInsets=Rect(0, 160 - 0, 0)
06-18 23:04:30.499  4908  4978 V WindowManagerShell:  topActivityInfo=ActivityInfo{f5c6614 com.android.quickstep.RecentsActivity} launchCookies=[] positionInParent=Point(0, 0) parentTaskId=-1 isFocused=false isVisible=false isVisibleRequested=false isTopActivityNoDisplay=false isSleeping=false locusId=LocusId[17_chars] displayAreaFeatureId=1 isTopActivityTransparent=false isActivityStackTransparent=false lastNonFullscreenBounds=Rect(352, 845 - 1089, 2285) capturedLink=null capturedLinkTimestamp=0 requestedVisibleTypes=-9 topActivityRequestOpenInBrowserEducationTimestamp=0
06-18 23:04:30.499  4908  4978 V WindowManagerShell:  appCompatTaskInfo=AppCompatTaskInfo { topActivityInSizeCompat=false topActivityInOplusCompatMode=false eligibleForLetterboxEducation= false isLetterboxEducationEnabled= false isLetterboxDoubleTapEnabled= false eligibleForUserAspectRatioButton= false topActivityBoundsLetterboxed= false isFromLetterboxDoubleTap= false topActivityLetterboxVerticalPosition= -1 topActivityLetterboxHorizontalPosition= -1 topActivityLetterboxWidth=-1 topActivityLetterboxHeight=-1 topActivityAppBounds=Rect(0, 0 - 1440, 3168) isUserFullscreenOverrideEnabled=false isSystemFullscreenOverrideEnabled=false hasMinAspectRatioOverride=false topActivityLetterboxBounds=null cameraCompatTaskInfo=CameraCompatTaskInfo { freeformCameraCompatMode=inactive}} topActivityMainWindowFrame=null topActivityLetterboxInsets=Rect(0, 0 - 0, 0)
06-18 23:04:30.499  4908  4978 V WindowManagerShell:  mOplusExtraBundle = Bundle[mParcelledData.dataSize=1840]}, pipChange = null, remoteTransition = RemoteTransition { remoteTransition = android.window.IRemoteTransition$Stub$Proxy@8e9bebd, appThread = android.app.IApplicationThread$Stub$Proxy@6d1fcb2, debugName = AnimationProvider }, displayChange = null, flags = 0, debugId = 16622 }
06-18 23:04:30.499  4908  4978 D ShellSplitScreen: logExit: no-op, mLoggerSessionId is null
06-18 23:04:30.499  4908  4978 V WindowManagerShell: RemoteTransition directly requested for (#16622) android.os.BinderProxy@95dc426: RemoteTransition { remoteTransition = android.window.IRemoteTransition$Stub$Proxy@8e9bebd, appThread = android.app.IApplicationThread$Stub$Proxy@6d1fcb2, debugName = AnimationProvider }
06-18 23:04:30.500  3480  4179 D osense.compress: notifyActivityLaunched pkgName = com.android.launcher, userId = 0
06-18 23:04:30.500  3480  4179 I ActivityTaskManager: START u0 {act=android.intent.action.MAIN cat=[android.intent.category.DEFAULT] flg=0x10000000 xflg=0x4 cmp=com.android.launcher/com.android.quickstep.RecentsActivity (has extras) mCallingUid=10198} with LAUNCH_SINGLE_TASK from uid 10198 (BAL_ALLOW_ALLOWLISTED_COMPONENT (Recents Component)) result code=2
06-18 23:04:30.500  3480  3580 I UserAwareMgr: event is already released: SceneEvent{id=5007, maxWorkDurationMs=200, caller='[android]', eventFlags=256, fbPriority=1, keyThreads=[KeyThread{name=binder, owner=android, schedPolicy=ux, priority=HEAVY, maxThreadCount=16}], vipBinderGroup=null}, callingPid: 3480, appPid: 0
06-18 23:04:30.501  4908  4978 V WindowManagerShell: Transition (#16622): request handled by RemoteTransitionHandler
06-18 23:04:30.502  3480  5680 D RefreshRate: boostRefreshId choose max:currentRefreshRate:90.0 targetRefreshRate:120.0 mCurrentPickRate:90.0
06-18 23:04:30.502  3480  5680 D RefreshRate: Trigger app switch boost, ar=ActivityRecord{27373336 u0 com.android.launcher/com.android.quickstep.RecentsActivity t10948},currDisplayRate=90.0,boostId=3
06-18 23:04:30.502  3480  5680 D RefreshRate: setDisplayConfigSpecs complete: targetMode={id=3, width=1440, height=3168, fps=120.00001, vsync=120.00001, synthetic=false, alternativeRefreshRates=[60.000004, 90.0], supportedHdrTypes=[1, 2, 3, 4]},srcMode={id=3, width=1440, height=3168, fps=120.00001, vsync=120.00001, synthetic=false, alternativeRefreshRates=[60.000004, 90.0], supportedHdrTypes=[1, 2, 3, 4]},sfModId=2,rate=120.00001
06-18 23:04:30.502  3480  5680 D RefreshRate: Refresh rate changing from 90.0 to 120.00001,maxRefreshRate=120.00001 FOR:{
06-18 23:04:30.502  3480  5680 D RefreshRate:     | COURSE[Trigger app switch boost, ar=ActivityRecord{27373336 u0 com.android.launcher/com.android.quickstep.RecentsActivity t10948},currDisplayRate=90.0,boostId=3setDisplayConfigSpecs complete: targetMode={id=3, width=1440, height=3168, fps=120.00001, vsync=120.00001, synthetic=false, alternativeRefreshRates=[60.000004, 90.0], supportedHdrTypes=[1, 2, 3, 4]},srcMode={id=3, width=1440, height=3168, fps=120.00001, vsync=120.00001, synthetic=false, alternativeRefreshRates=[60.000004, 90.0], supportedHdrTypes=[1, 2, 3, 4]},sfModId=2,rate=120.00001]
06-18 23:04:30.502  3480  5680 D RefreshRate:     | VOTES[PRIORITY_START_ANIMATION_BOOST -> Vote{mRefreshRate=120.0, mMinRefreshRate=120.0, mRequestSource=null};PRIORITY_WINDOW_REQUEST -> Vote{mRefreshRate=90.0, mMinRefreshRate=90.0, mRequestSource=null};]
06-18 23:04:30.502  3480  5680 D RefreshRate:     | TIME:2026-06-18 16:04:30}
06-18 23:04:30.502  3480  5680 D RefreshRate: startAppSwitchBoost targetMode={id=3, width=1440, height=3168, fps=120.00001, vsync=120.00001, synthetic=false, alternativeRefreshRates=[60.000004, 90.0], supportedHdrTypes=[1, 2, 3, 4]} record=ActivityRecord{27373336 u0 com.android.launcher/com.android.quickstep.RecentsActivity t10948}: votes=PRIORITY_START_ANIMATION_BOOST -> Vote{mRefreshRate=120.0, mMinRefreshRate=120.0, mRequestSource=null};PRIORITY_WINDOW_REQUEST -> Vote{mRefreshRate=90.0, mMinRefreshRate=90.0, mRequestSource=null};
06-18 23:04:30.502  3480  3728 D RefreshRate: do setDisplayConfigSpecs  
06-18 23:04:30.502  3480  5680 D ActivityTaskManager: setAppVisibility(Token{28ea4c4 ActivityRecord{27373336 u0 com.android.launcher/com.android.quickstep.RecentsActivity t10948}}, visible=true):  visible=false mVisibleRequested=false
06-18 23:04:30.502  3480  5680 D WindowManager: NFW_setClientVisible:ActivityRecord{27373336 u0 com.android.launcher/com.android.quickstep.RecentsActivity t10948} clientVisible:true
06-18 23:04:30.502  3480  3728 D DisplayModeDirector: setAppRequest displayId : 0  modeId: 3  requestedRefreshRate: 120.00001  requestedMinRefreshRateRange: 120.00001  requestedMaxRefreshRateRange: 120.00001
06-18 23:04:30.502  3480  5680 D ActivityTaskManager: setVisibility(Token{28ea4c4 ActivityRecord{27373336 u0 com.android.launcher/com.android.quickstep.RecentsActivity t10948}}, visible=true) defer commitVisibility for transition collecting
06-18 23:04:30.502  3480  5680 D ActivityTaskManager: onWindowFocusChanged Task{9a293d7 #10948 type=recents I=com.android.launcher/com.android.quickstep.RecentsActivity} would transfer to compact
06-18 23:04:30.502  3480  3580 I UserAwareMgr: handleTopAppChanged: com.android.launcher, pid: 5058, uid: 10198
06-18 23:04:30.503  3480  5680 D ActivityTaskManager: NFW_setLastResumedActivityUncheckLocked:true r:ActivityRecord{27373336 u0 com.android.launcher/com.android.quickstep.RecentsActivity t10948} currentFocus:Window{c8166bb u0 rd.sheepskin.sandboxmusic/rd.sheepskin.sandboxmusic.MainActivity}
06-18 23:04:30.503  3480  5680 D QuickBackInputPolicy: hasMultiChildrenInTask: false
06-18 23:04:30.503  3480  5680 D WindowManager: NFW_findFocusedWindowIfNeeded:null mCurrentFocus:Window{c8166bb u0 rd.sheepskin.sandboxmusic/rd.sheepskin.sandboxmusic.MainActivity}
06-18 23:04:30.503  3480  5680 V WindowManager: Changing focus from Window{c8166bb u0 rd.sheepskin.sandboxmusic/rd.sheepskin.sandboxmusic.MainActivity} to null,diplayid=0
06-18 23:04:30.503  3480  5680 D FlexibleTaskController: onTaskFocusChanged prevTask:Task{58082ba #12343 type=standard A=10445:rd.sheepskin.sandboxmusic} ,currentTask:Task{9a293d7 #10948 type=recents I=com.android.launcher/com.android.quickstep.RecentsActivity}, reason: resumeTopActivity - onActivityStateChanged
06-18 23:04:30.503  3480  5680 D OplusFlexibleDCSManager: onNextPkgChanged pkg = com.android.launcher
06-18 23:04:30.504  3480  5680 I OplusJoystickManager: handleApplicationSwitch deprecated!
06-18 23:04:30.504  3480  5680 I GameManagerServiceExt-GameManagerServiceExt: on FG change: rd.sheepskin.sandboxmusic|com.android.launcher
06-18 23:04:30.504  3480  5680 I OplusAppSwitchManagerService: com.android.launcher notifyGcSupression , firstStart = false
06-18 23:04:30.505  3480  3570 I ActivityManager: updateOomAdj start time is before than pendingPid added, don't delete it
06-18 23:04:30.505  3480  5680 D ActivityTaskManager: setAppVisibility(Token{568856b ActivityRecord{11447004 u0 rd.sheepskin.sandboxmusic/.MainActivity t12343}}, visible=false):  visible=true mVisibleRequested=true
06-18 23:04:30.506  3480  5680 D ActivityTaskManager: setVisibility(Token{568856b ActivityRecord{11447004 u0 rd.sheepskin.sandboxmusic/.MainActivity t12343}}, visible=false) defer commitVisibility for transition collecting
06-18 23:04:30.506  3480  5680 D ActivityTaskManager: The isLandscapeFullscreenEnabled is: com.android.launcher/com.android.quickstep.RecentsActivity
06-18 23:04:30.506  3480  5680 D ActivityTaskManager: The isLandscapeFullscreenEnabled is: com.android.launcher/com.android.quickstep.RecentsActivity
06-18 23:04:30.506  3480  5680 D FlexibleTaskController: isFullToFlexibleAnimating: false
06-18 23:04:30.506  3480  5680 D WindowManager: rotation(ROTATION_0) no changed  displayId = 0, lastOrientation = 14
06-18 23:04:30.506  3480  5680 D ActivityTaskManager: The isLandscapeFullscreenEnabled is: com.android.launcher/com.android.quickstep.RecentsActivity
06-18 23:04:30.506  3480  5680 D ActivityTaskManager: The isLandscapeFullscreenEnabled is: com.android.launcher/com.android.quickstep.RecentsActivity
06-18 23:04:30.506  3480  5680 D ActivityTaskManager: The isLandscapeFullscreenEnabled is: com.android.launcher/com.android.quickstep.RecentsActivity
06-18 23:04:30.506  3480  5680 D ActivityTaskManager: The isLandscapeFullscreenEnabled is: com.android.launcher/com.android.quickstep.RecentsActivity
06-18 23:04:30.506  3480  5680 D ActivityTaskManager: The isLandscapeFullscreenEnabled is: com.android.launcher/com.android.quickstep.RecentsActivity
06-18 23:04:30.506  3480  5680 D ActivityTaskManager: The isLandscapeFullscreenEnabled is: com.android.launcher/com.android.quickstep.RecentsActivity
06-18 23:04:30.506  3480  5680 D ActivityTaskManager: The isLandscapeFullscreenEnabled is: com.android.launcher/com.android.quickstep.RecentsActivity
06-18 23:04:30.506  3480  5680 D ActivityTaskManager: The isLandscapeFullscreenEnabled is: com.android.launcher/com.android.quickstep.RecentsActivity
06-18 23:04:30.506  3480  5680 D ActivityTaskManager: The isLandscapeFullscreenEnabled is: com.android.launcher/com.android.quickstep.RecentsActivity
06-18 23:04:30.506  3480  3596 E OplusThermalStats: Error getting package info: com.android.launcher
06-18 23:04:30.506  3480 31878 D OplusEapManager: mTargetExitName :rd.sheepskin.sandboxmusic
06-18 23:04:30.507  3480  3728 D VRR [OPlusRefreshRateService]: handleFrontAppChange pkgName: null
06-18 23:04:30.507  3480  5680 D ActivityTaskManager: The isLandscapeFullscreenEnabled is: com.android.launcher/com.android.quickstep.RecentsActivity
06-18 23:04:30.507  3480  5680 D ActivityRecordExtImpl:  setIsWaitingForAppResume for ActivityRecord{27373336 u0 com.android.launcher/com.android.quickstep.RecentsActivity t10948} isWaiting true
06-18 23:04:30.507  3480  5680 D ActivityTaskManager: The isLandscapeFullscreenEnabled is: com.android.launcher/com.android.quickstep.RecentsActivity
06-18 23:04:30.507  3480 31878 D OplusAppSwitchRuleInfo: generateAppEnterInfo - launch_source_type =  , launch_source_traceid = 
06-18 23:04:30.507  3480 31878 D ActivityTaskManager: The isLandscapeFullscreenEnabled is: com.android.launcher/com.android.quickstep.RecentsActivity
06-18 23:04:30.507  3480 31878 D ActivityTaskManager: The isLandscapeFullscreenEnabled is: com.android.launcher/com.android.quickstep.RecentsActivity
06-18 23:04:30.507  3480  5680 D VRR [OPlusRefreshRatePolicy]: setRefreshRatePolicy policy=POLICY_SYSTEM, refreshRate=90, statusOn=false
06-18 23:04:30.507  3480  5680 D VRR [OPlusRefreshRatePolicy]: setRefreshRatePolicy policy=POLICY_SYSTEM, refreshRate=120, statusOn=true
06-18 23:04:30.508  3480  5680 D DisplayModeDirector: setAppRequest displayId : 0  modeId: 3  requestedRefreshRate: 0.0  requestedMinRefreshRateRange: 0.0  requestedMaxRefreshRateRange: 120.00001
06-18 23:04:30.508  3480  5680 I TaskOrganizerController: onTaskInfoChanged taskid 12343 config { mBounds=Rect(0, 0 - 1440, 3168) mAppBounds=Rect(0, 0 - 1440, 3168) mMaxBounds=Rect(0, 0 - 1440, 3168) mDisplayRotation=ROTATION_0 mWindowingMode=fullscreen mActivityType=standard mAlwaysOnTop=undefined mRotation=ROTATION_0}
06-18 23:04:30.508  3480  4179 D OplusBatteryServiceFeature: setSmartCoolDown: coolDown = 12, normalCoolDown = 12, pkgName = com.android.launcher
06-18 23:04:30.508  3480  3726 D OplusFeatureDMR[display=0]: onConfigChanged threadId=65 threadName=OplusDisplayWorkHandler physicalDisplayId=4630946450791512195 modeId=1  
06-18 23:04:30.508  3480  3728 D VRR [OPlusRefreshRateService]:  setDirectorStates [flag: 1, state: 1, directorStateOff: 1]
06-18 23:04:30.508  3480  5680 D OplusVisibleTasks:  notifyTaskFocusChange no need.
06-18 23:04:30.508  3480  5680 D OplusFlexibleDragToSplitAnimController: visibleFlexibleTaskInfos delete:12343
06-18 23:04:30.508  3480  5680 E FlexibleWindowManagerService: notifyTaskObserverToAttachController not need to notify!
06-18 23:04:30.508  3480  5680 I FlexibleWindowManagerService: onFlexibleWindowTaskInfoChanged, return for cur task not embedded
06-18 23:04:30.508  3480  5680 I TaskOrganizerController: onTaskInfoChanged taskid 10948 config { mBounds=Rect(0, 0 - 1440, 3168) mAppBounds=Rect(0, 0 - 1440, 3168) mMaxBounds=Rect(0, 0 - 1440, 3168) mDisplayRotation=ROTATION_0 mWindowingMode=fullscreen mActivityType=recents mAlwaysOnTop=undefined mRotation=ROTATION_0}
06-18 23:04:30.509  3480  5680 D OplusFlexibleDragToSplitAnimController: visibleFlexibleTaskInfos delete:10948
06-18 23:04:30.509  3480  5680 E FlexibleWindowManagerService: notifyTaskObserverToAttachController not need to notify!
06-18 23:04:30.509  3480  5680 I FlexibleWindowManagerService: onFlexibleWindowTaskInfoChanged, return for cur task not embedded
06-18 23:04:30.509  3480  5680 E OplusAppQuickStart_AppQuickStartController: skip launcher sync finish check notSkipSyncFinish= false
06-18 23:04:30.509  3480  5680 D OplusTransitionController: shouldSkipSyncFinishCheck transition to go, wc: ActivityRecord{27373336 u0 com.android.launcher/com.android.quickstep.RecentsActivity t10948}
06-18 23:04:30.509  3480  5680 D ActivityTaskManager: commitVisibility: ActivityRecord{27373336 u0 com.android.launcher/com.android.quickstep.RecentsActivity t10948}: visible=true visibleRequested=true, isInTransition=true 
06-18 23:04:30.509  3480  5680 E OplusAppQuickStart_AppQuickStartController: not start from launcher transition:16622
06-18 23:04:30.509  3480  3726 D OplusAppSwitchListener: App Activity Change
06-18 23:04:30.509  3480  3726 D OplusAppSwitchListener: Detect rd.sheepskin.sandboxmusic switch to background
06-18 23:04:30.509  3480  3726 D OplusFeatureReduceBrightness: onAppExit , info = rd.sheepskin.sandboxmusic
06-18 23:04:30.509  3480  3726 D OplusAppSwitchListener: Detect com.android.launcher switch to foreground
06-18 23:04:30.510  3480  5680 D OplusTransitionAnimationManager: activityRecordCount0fullScreenArBeHindStartingWindow null
06-18 23:04:30.510  3480  3726 D OplusFeatureGlobalLimitBrightness: switch to display extreme mode 
06-18 23:04:30.511  3480  5680 D OplusTransitionAnimationManager: activityRecordCount0fullScreenArBeHindStartingWindow null
06-18 23:04:30.511  3480  5680 D OplusTransitionAnimationManager: markCanUseSpringSlideAnim for TransitionRecord{38dbad1 id=16622 track=0 type=OPEN flags=0x0 state=2 c=[
06-18 23:04:30.511  3480  5680 D OplusTransitionAnimationManager:    ChangeInfo{ea6936 container=ActivityRecord{4105402 u0 com.android.launcher/com.android.quickstep.RecentsActivity t-1} flags=0x0}
06-18 23:04:30.511  3480  5680 D OplusTransitionAnimationManager:    ChangeInfo{5a17037 container=ActivityRecord{11447004 u0 rd.sheepskin.sandboxmusic/.MainActivity t12343} flags=0x0}
06-18 23:04:30.511  3480  5680 D OplusTransitionAnimationManager:    ChangeInfo{777b9a4 container=ActivityRecord{27373336 u0 com.android.launcher/com.android.quickstep.RecentsActivity t10948} flags=0x0}
06-18 23:04:30.511  3480  5680 D OplusTransitionAnimationManager:    ChangeInfo{162330d container=Task{58082ba #12343 type=standard A=10445:rd.sheepskin.sandboxmusic} flags=0x10}
06-18 23:04:30.511  3480  5680 D OplusTransitionAnimationManager:    ChangeInfo{b6be2c2 container=Task{9a293d7 #10948 type=recents I=com.android.launcher/com.android.quickstep.RecentsActivity} flags=0x30}
06-18 23:04:30.511  3480  5680 D OplusTransitionAnimationManager:    ChangeInfo{12d8d3 container=DefaultTaskDisplayArea@185862508 flags=0x0}
06-18 23:04:30.511  3480  5680 D OplusTransitionAnimationManager:    ChangeInfo{c48cc10 container=Display{#0 state=ON size=1440x3168 ROTATION_0} flags=0x0}
06-18 23:04:30.511  3480  5680 D OplusTransitionAnimationManager: ]
06-18 23:04:30.511  3480  5680 D OplusTransitionAnimationManager: }
06-18 23:04:30.511  3480  5680 D QuickBackInputPolicy: resetInputInterceptState for remoteTransition: true
06-18 23:04:30.511  4908  4978 D WindowManagerShell: onActivityRestartAttempt: topActivity=ComponentInfo{com.android.launcher/com.android.quickstep.RecentsActivity}, wasVisible=false
06-18 23:04:30.512  3480  5680 W WindowManager: captureTaskSnapshot mSnapshotMode= 0 source=Task{58082ba #12343 type=standard A=10445:rd.sheepskin.sandboxmusic}
06-18 23:04:30.512  3480  5680 D TaskSnapshotControllerExtImpl: createTaskSnapshot isCompatMode:false, isCompactWindow:false
06-18 23:04:30.512  3480  5680 W AbsAppSnapshotControllerExtImpl: updateExcludeLayers, addExcludeLayerList is null or empty, return excludeLayers
06-18 23:04:30.512  4908 28944 V WindowManagerShell: onTransitionReady(transaction=14946488625141)
06-18 23:04:30.513  4908  4978 V WindowManagerShell: onTransitionReady (#16622) android.os.BinderProxy@95dc426: {id=16622 t=OPEN f=0x0 trk=0 r=[0@Point(0, 0)] c=[
06-18 23:04:30.513  4908  4978 V WindowManagerShell:         {m=TO_FRONT f=SHOW_WALLPAPER|MOVE_TO_TOP leash=Surface(name=Task=10948)/@0x6130403 sb=Rect(0, 0 - 1440, 3168) eb=Rect(0, 0 - 1440, 3168) epz=Point(1440, 3168) d=0 taskParent=-1},
06-18 23:04:30.513  4908  4978 V WindowManagerShell:         {m=TO_BACK f=NONE leash=Surface(name=Task=12343)/@0xea3cf80 sb=Rect(0, 0 - 1440, 3168) eb=Rect(0, 0 - 1440, 3168) epz=Point(1440, 3168) d=0 taskParent=-1}
06-18 23:04:30.513  4908  4978 V WindowManagerShell:     ] 
06-18 23:04:30.513  4908  4978 V WindowManagerShell: extendInfo=[
06-18 23:04:30.513  4908  4978 V WindowManagerShell:  OplusTransitionExtendedInfo{mTmpFinishT=null, mInOplusCompatMode=false, mIsProcessRunning=true, mHasMismatchBoundsTarget=false, mRecentsController=null, mRemoteTransition=null, mIsTranslucentActivityToHome=false, mAvoidInterceptKeyEventToHome=false, mIsFromHome=false, mParentLeash=null, mBackAnimClosingLeash=null, mReparentToRecentsSurface=null, mIsOplusAnimRes=false, mKeepBgForContinuous=false, mIsBalAllow=false, mTaskNotInRecent=false, mIsPredictiveBackAnim=false, mIsMergedWithPredictive=false, mIsLaunchFromSpruce=false, mIsLaunchFromDrive=false, mGlobalSearchPageSwitch=false, mNeedNoAlphaGlobalSearchScene=false, mAssistScreenShowing=false, mSwipeUpBrowserScreenShowing=false, mUserIdTransition=0
06-18 23:04:30.513  4908  4978 V WindowManagerShell: , mInRemoteScene=false, mInPreReady=false, mPreStart=false, mToken=null, mAbortByRemoteFromHome=false, mShellApplyToken=null, mRequestTransitionTaskId=10948, mAbortTransitionOnShell=0, mStartFromShortcut=false, mRemovedTaskId=-1, mTransitionInterruptType=0, mMergeSecondTaskId=-1, mIsStartAheadSpruce=false, mTaskIdStartFromRecents=0, mTransitionId=16622, mCanUseSpringSlideAnim=true, mTransitionLaunchFrom=0, mFoldChangeType=-1, mAnimStartingPosition=[0, 0, 0, 0], mIsOpeningStkDialogActivity=false, mSecondaryHomeToFrontWhenUnFolding=false, mIsNeedApplyStartTForEmbedded=false
06-18 23:04:30.513  4908  4978 V WindowManagerShell: , mNeedCanvasExitAnim=false, mMergeSecondTaskAnimation=false, mIsLaunchUnityStart=false, mIsLaunchFromAssistantByDefault=false, mSkipRemoteTransitionfalse, mPromoteTaskWhenKeyguard-1, mIsStartFromKeyguard=false, mMatchRemoteFilter=false flags=0x0, mFlexibleTaskIdList=[], mExpectEndRectState=-1, mFlexibleWindowForRecentTasks=false, mRecentTaskIdList=[], mWCT=null, mIsOpenMergeToInValidPredictive=false, mRootLayerZOrderArray={}}]}
06-18 23:04:30.513  4908  4978 V WindowManagerShell: Playing animation for (#16622) android.os.BinderProxy@95dc426@0
06-18 23:04:30.513  4908  4978 V WindowManagerShell:  try firstHandler com.android.wm.shell.transition.RemoteTransitionHandler@61565f3
06-18 23:04:30.513  4908  4978 V WindowManagerShell:  Delegate animation for (#16622) to RemoteTransition { remoteTransition = android.window.IRemoteTransition$Stub$Proxy@8e9bebd, appThread = android.app.IApplicationThread$Stub$Proxy@6d1fcb2, debugName = AnimationProvider }
06-18 23:04:30.514  4908  4978 V WindowManagerShell:  animated by firstHandler
06-18 23:04:30.515  3480  5996 D BackgroundInstallControlService: Package event received: 0
06-18 23:04:30.515  4908  4998 D OplusShellStartingWindowManager: adjustSuggestedWindowType originType: 3, wi: StartingWindowInfo{taskId=10948 targetActivityInfo=null displayId=0 topActivityType=3 preferredStartingWindowType=b6 mainWindowLayoutParams={(0,0)(fillxfill) sim={adjust=pan forwardNavigation} layoutInDisplayCutoutMode=always ty=BASE_APPLICATION fmt=TRANSPARENT wanim=0x7f14002f
06-18 23:04:30.515  4908  4998 D OplusShellStartingWindowManager:   fl=LAYOUT_IN_SCREEN LAYOUT_INSET_DECOR SHOW_WALLPAPER SPLIT_TOUCH HARDWARE_ACCELERATED DRAWS_SYSTEM_BAR_BACKGROUNDS
06-18 23:04:30.515  4908  4998 D OplusShellStartingWindowManager:   pfl=NO_MOVE_ANIMATION EDGE_TO_EDGE_ENFORCED FORCE_DRAW_STATUS_BAR_BACKGROUND FIT_INSETS_CONTROLLED
06-18 23:04:30.515  4908  4998 D OplusShellStartingWindowManager:   vsysui=LAYOUT_STABLE LAYOUT_HIDE_NAVIGATION LAYOUT_FULLSCREEN
06-18 23:04:30.515  4908  4998 D OplusShellStartingWindowManager:   bhv=DEFAULT
06-18 23:04:30.515  4908  4998 D OplusShellStartingWindowManager:   fitSides=
06-18 23:04:30.515  4908  4998 D OplusShellStartingWindowManager:   frameRateBoostOnTouch=true
06-18 23:04:30.515  4908  4998 D OplusShellStartingWindowManager:   dvrrWindowFrameRateHint=true CLP[ ]} splashScreenThemeResId 7f140279, exi: OplusStartingWindowExtendedInfo{mAppToken=android.os.BinderProxy@9a6f07b, mSupportSplashScreenPreview=false, mIsSystemApp=true, mIsExceptionListApp=false, mPreviewBitmap=null, mShouldDrawBackground=false, mForceLightMode=false, mForceNightMode=false, mNotSupportNightMode=false, mForcePreview=false, mForceBigIcon=false, mQuickStartingSurface=null, mForceSolidColorSplash=false}
06-18 23:04:30.515  3480 31878 D OplusAppSwitchRuleInfo: generateAppEnterInfo - launch_source_type =  , launch_source_traceid = 
