07-08 17:53:07.202  3414  4359 V AlarmManager: sending alarm Alarm{22efe30 type 3 origWhen 365801978 whenElapsed 365801978 android} uid 1000 whenElapsed 365801978 windowLength 0 maxWhenElapsed 365801978 repeatInterval 0 action null component null tag *job.delay* flags 0x0 procName system_server
07-08 17:53:07.202  3414  4359 V AlarmManager: sending alarm Alarm{8950aa9 type 3 origWhen 365724994 whenElapsed 365724994 com.oplus.nhs} uid 1001 whenElapsed 365724994 windowLength 225000 maxWhenElapsed 365949994 repeatInterval 300000 action oplus.intent.action.INTERNAL_LOOP_UPDATE_ACTIVITYINFO_ALARM component ComponentInfo{com.oplus.nhs/com.oplus.nhs.pwr.ModemAci.ModemAciAlarmReceiver} flags 0x8 procName com.oplus.nhs
07-08 17:53:07.241  3414  8741 W PackageManager: package com.oplus.ndsf uid 10114 pid 8953 call SetEnabledSetting(com.oplus.ndsf component = androidx.work.impl.background.systemalarm.RescheduleReceiver, 2, 0)
07-08 17:53:07.273  3414  8741 W ActivityManager: Receiver with filter android.content.IntentFilter@aa79abf already registered for pid 8953, callerPackage is com.oplus.ndsf
07-08 17:53:07.278  3414  8741 W PackageManager: package com.oplus.ndsf uid 10114 pid 8953 call SetEnabledSetting(com.oplus.ndsf component = androidx.work.impl.background.systemalarm.RescheduleReceiver, 1, 0)
07-08 17:53:07.341  3414  8741 E BatteryStatsService: Invalid uid for waking network packet: -1
07-08 17:53:08.244  3414  3784 I AppsFilter: interaction: PackageSetting{2bf2628 com.android.microdroid.empty_payload/10275} -> PackageSetting{3c523db com.oplus.ndsf/10114} BLOCKED
07-08 17:53:08.244  3414  3784 I AppsFilter: interaction: PackageSetting{8acca2b rd.sheepskin.sandboxmusic/10447} -> PackageSetting{3c523db com.oplus.ndsf/10114} BLOCKED
07-08 17:53:08.245  3414  3784 I AppsFilter: interaction: PackageSetting{41019c3 com.oplus.locationproxy/10173} -> PackageSetting{3c523db com.oplus.ndsf/10114} BLOCKED
07-08 17:53:08.245  3414  3784 I AppsFilter: interaction: PackageSetting{2869240 com.android.certinstaller/10210} -> PackageSetting{3c523db com.oplus.ndsf/10114} BLOCKED
07-08 17:53:08.246  3414  3784 I AppsFilter: interaction: PackageSetting{cd08f1f com.oplus.location/10218} -> PackageSetting{3c523db com.oplus.ndsf/10114} BLOCKED
07-08 17:53:08.273  3414  3414 D LockSettingsService: [getSeparateProfileChallengeEnabled] userId = 12
07-08 17:53:08.291  3414  4405 I VibrationEffectConvertor: onInputMethodListUpdated received, info.size = 4
07-08 17:53:08.291  3414  4405 I VibrationEffectConvertor: userid = 0, packageName = com.google.android.tts
07-08 17:53:08.291  3414  4405 I VibrationEffectConvertor: userid = 0, packageName = helium314.keyboard
07-08 17:53:08.291  3414  4405 I VibrationEffectConvertor: userid = 0, packageName = com.google.android.inputmethod.latin
07-08 17:53:08.291  3414  4405 I VibrationEffectConvertor: userid = 0, packageName = com.oplus.securitykeyboard
07-08 17:53:08.293  3414  4410 V AccessibilityManagerService: onUserStateChangedLocked for user 0 with forceUpdate: false mEnabledServices = [ComponentInfo{com.android.systemui.accessibility.accessibilitymenu/com.android.systemui.accessibility.accessibilitymenu.AccessibilityMenuService}] mCrashedServices = [] hasMagnificationConnection=false
07-08 17:53:08.293  3414  4410 W MagnificationConnectionManager: requestConnection duplicated request: connect=false, mConnectionState=DISCONNECTED
07-08 17:53:08.310  3414  3414 D AccessibilityManagerService: [updateInputFilter] flags = 4, mInputFilter=com.android.server.accessibility.AccessibilityInputFilter@bebb322, mHasInputFilter=true, mForceSetInputFilter=false
07-08 17:53:09.188  3414  3673 D OplusThermalStats: REPORT_UPDATE_CPU  ->  phoneTemp:360  preHeatThreshold:400
07-08 17:53:09.260  3414  3673 D ProcessCpuTrackerExtImpl: mContext is already set, return now! 
07-08 17:53:09.263  3414  3673 D BatteryStatsImplExtImpl: mActiveProcesses size = 69
07-08 17:53:09.263  3414  3673 D BatteryStatsImplExtImpl: rpmhStats is null or interval time is too short.
07-08 17:53:12.237  3414  8741 E BatteryStatsService: Invalid uid for waking network packet: -1
07-08 17:53:14.214  3414  3673 E BluetoothPowerStatsCollector: Cannot acquire BluetoothActivityEnergyInfo
07-08 17:53:14.214  3414  3673 E BluetoothPowerStatsCollector: java.util.concurrent.ExecutionException: java.lang.RuntimeException: error: 9
07-08 17:53:14.214  3414  3673 E BluetoothPowerStatsCollector: 	at java.util.concurrent.CompletableFuture.reportGet(CompletableFuture.java:372)
07-08 17:53:14.214  3414  3673 E BluetoothPowerStatsCollector: 	at java.util.concurrent.CompletableFuture.get(CompletableFuture.java:2072)
07-08 17:53:14.214  3414  3673 E BluetoothPowerStatsCollector: 	at com.android.server.power.stats.BluetoothPowerStatsCollector.collectBluetoothActivityInfo(BluetoothPowerStatsCollector.java:192)
07-08 17:53:14.214  3414  3673 E BluetoothPowerStatsCollector: 	at com.android.server.power.stats.BluetoothPowerStatsCollector.collectStats(BluetoothPowerStatsCollector.java:155)
07-08 17:53:14.214  3414  3673 E BluetoothPowerStatsCollector: 	at com.android.server.power.stats.PowerStatsCollector.collectAndDeliverStats(PowerStatsCollector.java:176)
07-08 17:53:14.214  3414  3673 E BluetoothPowerStatsCollector: 	at com.android.server.power.stats.PowerStatsCollector$$ExternalSyntheticLambda0.run(D8$$SyntheticClass:0)
07-08 17:53:14.214  3414  3673 E BluetoothPowerStatsCollector: 	at android.os.Handler.handleCallback(Handler.java:1001)
07-08 17:53:14.214  3414  3673 E BluetoothPowerStatsCollector: 	at android.os.Handler.dispatchMessage(Handler.java:109)
07-08 17:53:14.214  3414  3673 E BluetoothPowerStatsCollector: 	at android.os.Looper.loopOnce(Looper.java:306)
07-08 17:53:14.214  3414  3673 E BluetoothPowerStatsCollector: 	at android.os.Looper.loop(Looper.java:416)
07-08 17:53:14.214  3414  3673 E BluetoothPowerStatsCollector: 	at android.os.HandlerThread.run(HandlerThread.java:85)
07-08 17:53:14.214  3414  3673 E BluetoothPowerStatsCollector: Caused by: java.lang.RuntimeException: error: 9
07-08 17:53:14.214  3414  3673 E BluetoothPowerStatsCollector: 	at com.android.server.power.stats.BluetoothPowerStatsCollector$1.onBluetoothActivityEnergyInfoError(BluetoothPowerStatsCollector.java:181)
07-08 17:53:14.214  3414  3673 E BluetoothPowerStatsCollector: 	at android.bluetooth.BluetoothAdapter$OnBluetoothActivityEnergyInfoProxy.lambda$onError$2(BluetoothAdapter.java:1082)
07-08 17:53:14.214  3414  3673 E BluetoothPowerStatsCollector: 	at android.bluetooth.BluetoothAdapter$OnBluetoothActivityEnergyInfoProxy$$ExternalSyntheticLambda0.run(D8$$SyntheticClass:0)
07-08 17:53:14.214  3414  3673 E BluetoothPowerStatsCollector: 	at android.bluetooth.BluetoothUtils.lambda$executeFromBinder$0(BluetoothUtils.java:348)
07-08 17:53:14.214  3414  3673 E BluetoothPowerStatsCollector: 	at android.bluetooth.BluetoothUtils$$ExternalSyntheticLambda1.run(D8$$SyntheticClass:0)
07-08 17:53:14.214  3414  3673 E BluetoothPowerStatsCollector: 	at com.android.server.SystemServerInitThreadPool$$ExternalSyntheticLambda0.execute(D8$$SyntheticClass:0)
07-08 17:53:14.214  3414  3673 E BluetoothPowerStatsCollector: 	at android.bluetooth.BluetoothUtils.executeFromBinder(BluetoothUtils.java:348)
07-08 17:53:14.214  3414  3673 E BluetoothPowerStatsCollector: 	at android.bluetooth.BluetoothAdapter$OnBluetoothActivityEnergyInfoProxy.onError(BluetoothAdapter.java:1081)
07-08 17:53:14.214  3414  3673 E BluetoothPowerStatsCollector: 	at android.bluetooth.BluetoothAdapter.requestControllerActivityEnergyInfo(BluetoothAdapter.java:2855)
07-08 17:53:14.214  3414  3673 E BluetoothPowerStatsCollector: 	at com.android.server.power.stats.BatteryStatsImpl$BluetoothStatsRetrieverImpl.requestControllerActivityEnergyInfo(BatteryStatsImpl.java:503)
07-08 17:53:14.214  3414  3673 E BluetoothPowerStatsCollector: 	at com.android.server.power.stats.BluetoothPowerStatsCollector.collectBluetoothActivityInfo(BluetoothPowerStatsCollector.java:170)
07-08 17:53:14.214  3414  3673 E BluetoothPowerStatsCollector: 	... 8 more
07-08 17:53:14.971  3414  8741 E AppOps  : attributionTag  not declared in manifest of rd.sheepskin.sandboxmusic
07-08 17:53:14.972  3414  4391 E AppOps  : attributionTag  not declared in manifest of rd.sheepskin.sandboxmusic
07-08 17:53:15.058  3414  3631 W QosScheduler: executeSceneQosStrategy failed! qos feature no enable
07-08 17:53:17.112  3414  3693 D osense.compress: try do inactive compress task
07-08 17:53:17.115  3414  3693 D osense.compress: inactive do shrink, target ratio = 27, final ratio = 55, cur ratio = 0
07-08 17:53:17.357  3414  8741 E BatteryStatsService: Invalid uid for waking network packet: -1
07-08 17:53:27.181  3414  4391 E BatteryStatsService: Invalid uid for waking network packet: -1
07-08 17:53:37.326  3414  4391 W PackageManager: package com.oplus.ndsf uid 10114 pid 8953 call SetEnabledSetting(com.oplus.ndsf component = androidx.work.impl.background.systemalarm.RescheduleReceiver, 2, 0)
07-08 17:53:37.370  3414  4391 W ActivityManager: Receiver with filter android.content.IntentFilter@ee1aabb already registered for pid 8953, callerPackage is com.oplus.ndsf
07-08 17:53:37.377  3414  4391 W PackageManager: package com.oplus.ndsf uid 10114 pid 8953 call SetEnabledSetting(com.oplus.ndsf component = androidx.work.impl.background.systemalarm.RescheduleReceiver, 1, 0)
07-08 17:53:38.328  3414  3784 I AppsFilter: interaction: PackageSetting{2bf2628 com.android.microdroid.empty_payload/10275} -> PackageSetting{1763797 com.oplus.ndsf/10114} BLOCKED
07-08 17:53:38.328  3414  3784 I AppsFilter: interaction: PackageSetting{8acca2b rd.sheepskin.sandboxmusic/10447} -> PackageSetting{1763797 com.oplus.ndsf/10114} BLOCKED
07-08 17:53:38.329  3414  3784 I AppsFilter: interaction: PackageSetting{41019c3 com.oplus.locationproxy/10173} -> PackageSetting{1763797 com.oplus.ndsf/10114} BLOCKED
07-08 17:53:38.329  3414  3784 I AppsFilter: interaction: PackageSetting{2869240 com.android.certinstaller/10210} -> PackageSetting{1763797 com.oplus.ndsf/10114} BLOCKED
07-08 17:53:38.330  3414  3784 I AppsFilter: interaction: PackageSetting{cd08f1f com.oplus.location/10218} -> PackageSetting{1763797 com.oplus.ndsf/10114} BLOCKED
07-08 17:53:38.354  3414  4410 V AccessibilityManagerService: onUserStateChangedLocked for user 0 with forceUpdate: false mEnabledServices = [ComponentInfo{com.android.systemui.accessibility.accessibilitymenu/com.android.systemui.accessibility.accessibilitymenu.AccessibilityMenuService}] mCrashedServices = [] hasMagnificationConnection=false
07-08 17:53:38.354  3414  4410 W MagnificationConnectionManager: requestConnection duplicated request: connect=false, mConnectionState=DISCONNECTED
07-08 17:53:38.354  3414  3414 D LockSettingsService: [getSeparateProfileChallengeEnabled] userId = 12
07-08 17:53:38.356  3414  4405 I VibrationEffectConvertor: onInputMethodListUpdated received, info.size = 4
07-08 17:53:38.357  3414  4405 I VibrationEffectConvertor: userid = 0, packageName = com.google.android.tts
07-08 17:53:38.357  3414  4405 I VibrationEffectConvertor: userid = 0, packageName = helium314.keyboard
07-08 17:53:38.357  3414  4405 I VibrationEffectConvertor: userid = 0, packageName = com.google.android.inputmethod.latin
07-08 17:53:38.357  3414  4405 I VibrationEffectConvertor: userid = 0, packageName = com.oplus.securitykeyboard
07-08 17:53:38.359  3414  3414 D AccessibilityManagerService: [updateInputFilter] flags = 4, mInputFilter=com.android.server.accessibility.AccessibilityInputFilter@bebb322, mHasInputFilter=true, mForceSetInputFilter=false
07-08 17:53:42.351  3414  4391 E BatteryStatsService: Invalid uid for waking network packet: -1
07-08 17:53:44.940  3414  4359 V AlarmManager: sending alarm Alarm{e74872c type 2 origWhen 365839720 whenElapsed 365839720 android} uid 1000 whenElapsed 365839720 windowLength 0 maxWhenElapsed 365839720 repeatInterval 0 action com.android.server.audio.action.CHECK_MUSIC_ACTIVE component null flags 0x9 procName system_server
07-08 17:53:47.277  3414  4391 E BatteryStatsService: Invalid uid for waking network packet: -1
07-08 17:53:52.399  3414  4391 E BatteryStatsService: Invalid uid for waking network packet: -1
07-08 17:54:00.001  3414  4359 V AlarmManager: sending alarm Alarm{a75a9bb type 3 origWhen 365854781 whenElapsed 365854781 android} uid 1000 whenElapsed 365854781 windowLength 0 maxWhenElapsed 365854781 repeatInterval 0 action null component null tag TIME_TICK flags 0x9 procName system_server
07-08 17:54:00.027  3414  4626 D CommSceneService: notify align tick changed state=1
07-08 17:54:00.027  3414  3736 D OplusDisplayBrightnessBroadcastReceiver: onReceive action = android.intent.action.TIME_TICK , listeners = [com.android.server.display.color.eyeprotect.manager.AiCurveManager$RhythmBroadcastReceiverWithUpgradeUI@13a7c71, com.android.server.display.feature.ambience.events.event.TimeEvent$TimeChangeReceiver@883f75c]
07-08 17:54:00.028  3414  4626 D OSysNetControlService: handle comm scene=1006 state=1 phoneId=-1
07-08 17:54:00.028  3414  4626 D OSysNetControlService: condition id=1 state=false not match!
07-08 17:54:00.028  3414  4626 D OSysNetControlService: condition id=2 delay not match!
07-08 17:54:02.223  3414  4903 E BatteryStatsService: Invalid uid for waking network packet: -1
07-08 17:54:05.995  3414  4193 I UsageStatsService: User[0] Flushing usage stats to disk
07-08 17:54:06.031  3414  4193 I UsageStatsService: User[999] Flushing usage stats to disk
07-08 17:54:07.421  3414  4903 W PackageManager: package com.oplus.ndsf uid 10114 pid 8953 call SetEnabledSetting(com.oplus.ndsf component = androidx.work.impl.background.systemalarm.RescheduleReceiver, 2, 0)
07-08 17:54:07.455  3414  4903 W ActivityManager: Receiver with filter android.content.IntentFilter@352a19b already registered for pid 8953, callerPackage is com.oplus.ndsf
07-08 17:54:07.460  3414  4903 W PackageManager: package com.oplus.ndsf uid 10114 pid 8953 call SetEnabledSetting(com.oplus.ndsf component = androidx.work.impl.background.systemalarm.RescheduleReceiver, 1, 0)
07-08 17:54:08.424  3414  3784 I AppsFilter: interaction: PackageSetting{2bf2628 com.android.microdroid.empty_payload/10275} -> PackageSetting{7cd3e76 com.oplus.ndsf/10114} BLOCKED
07-08 17:54:08.425  3414  3784 I AppsFilter: interaction: PackageSetting{8acca2b rd.sheepskin.sandboxmusic/10447} -> PackageSetting{7cd3e76 com.oplus.ndsf/10114} BLOCKED
07-08 17:54:08.426  3414  3784 I AppsFilter: interaction: PackageSetting{41019c3 com.oplus.locationproxy/10173} -> PackageSetting{7cd3e76 com.oplus.ndsf/10114} BLOCKED
07-08 17:54:08.426  3414  3784 I AppsFilter: interaction: PackageSetting{2869240 com.android.certinstaller/10210} -> PackageSetting{7cd3e76 com.oplus.ndsf/10114} BLOCKED
07-08 17:54:08.427  3414  3784 I AppsFilter: interaction: PackageSetting{cd08f1f com.oplus.location/10218} -> PackageSetting{7cd3e76 com.oplus.ndsf/10114} BLOCKED
07-08 17:54:08.460  3414  4410 V AccessibilityManagerService: onUserStateChangedLocked for user 0 with forceUpdate: false mEnabledServices = [ComponentInfo{com.android.systemui.accessibility.accessibilitymenu/com.android.systemui.accessibility.accessibilitymenu.AccessibilityMenuService}] mCrashedServices = [] hasMagnificationConnection=false
07-08 17:54:08.460  3414  4405 I VibrationEffectConvertor: onInputMethodListUpdated received, info.size = 4
07-08 17:54:08.460  3414  4405 I VibrationEffectConvertor: userid = 0, packageName = com.google.android.tts
07-08 17:54:08.460  3414  4405 I VibrationEffectConvertor: userid = 0, packageName = helium314.keyboard
07-08 17:54:08.460  3414  4405 I VibrationEffectConvertor: userid = 0, packageName = com.google.android.inputmethod.latin
07-08 17:54:08.460  3414  4405 I VibrationEffectConvertor: userid = 0, packageName = com.oplus.securitykeyboard
07-08 17:54:08.461  3414  4410 W MagnificationConnectionManager: requestConnection duplicated request: connect=false, mConnectionState=DISCONNECTED
07-08 17:54:08.463  3414  3414 D LockSettingsService: [getSeparateProfileChallengeEnabled] userId = 12
07-08 17:54:08.468  3414  3414 D AccessibilityManagerService: [updateInputFilter] flags = 4, mInputFilter=com.android.server.accessibility.AccessibilityInputFilter@bebb322, mHasInputFilter=true, mForceSetInputFilter=false
07-08 17:54:10.671  3414  3673 D BatteryStatsImplExtImpl: mActiveProcesses size = 69
07-08 17:54:10.671  3414  3673 D BatteryStatsImplExtImpl: rpmhStats is null or interval time is too short.
07-08 17:54:12.270  3414  4391 E BatteryStatsService: Invalid uid for waking network packet: -1
07-08 17:54:12.739  3414  4391 D FlexibleTaskController: check task which not have enough child, isInSingleWhiteList:false isCloneTask:false
07-08 17:54:12.773  3414  4904 I ActivityManager: Death received, pid = 15507, processName = com.oplus.sau for thread android.os.BinderProxy@44fb6cf
07-08 17:54:12.774  3414  4867 I ActivityManager: Process com.oplus.sau (pid 15507) has died: svcb SVC 
07-08 17:54:14.377  3414  3673 D KernelCpuUidUserSysTimeReader: Removing uids 99573-99573
07-08 17:54:16.304  3414  4359 V AlarmManager: sending alarm Alarm{31e5053 type 3 origWhen 365852298 whenElapsed 365852298 android} uid 1000 whenElapsed 365852298 windowLength 225000 maxWhenElapsed 366077298 repeatInterval 300000 action oplus.intent.action.LINKPOWER_LOOP_ALARM component null flags 0x8 procName system_server
07-08 17:54:16.313  3414  4359 V AlarmManager: sending alarm Alarm{1339eaf type 3 origWhen 365871080 whenElapsed 365871080 android} uid 1000 whenElapsed 365871080 windowLength 0 maxWhenElapsed 365871080 repeatInterval 0 action null component null tag *job.delay* flags 0x0 procName system_server
07-08 17:54:16.356  3414  8731 D CompatChangeReporter: Compat change id reported: 311208629; UID 10342; state: ENABLED
07-08 17:54:16.358  3414  8731 W JobScheduler: Job didn't exist in JobStore: #com.oplus.framework.network.drs/285639111
07-08 17:54:17.115  3414  3693 D osense.compress: try do inactive compress task
07-08 17:54:17.118  3414  3693 D osense.compress: inactive do shrink, target ratio = 27, final ratio = 55, cur ratio = 0
07-08 17:54:22.285  3414  4904 E BatteryStatsService: Invalid uid for waking network packet: -1
07-08 17:54:37.505  3414  8731 W PackageManager: package com.oplus.ndsf uid 10114 pid 8953 call SetEnabledSetting(com.oplus.ndsf component = androidx.work.impl.background.systemalarm.RescheduleReceiver, 2, 0)
07-08 17:54:37.578  3414  4904 W ActivityManager: Receiver with filter android.content.IntentFilter@b19074c already registered for pid 8953, callerPackage is com.oplus.ndsf
07-08 17:54:37.584  3414  4904 W PackageManager: package com.oplus.ndsf uid 10114 pid 8953 call SetEnabledSetting(com.oplus.ndsf component = androidx.work.impl.background.systemalarm.RescheduleReceiver, 1, 0)
07-08 17:54:38.507  3414  3784 I AppsFilter: interaction: PackageSetting{2bf2628 com.android.microdroid.empty_payload/10275} -> PackageSetting{1754c38 com.oplus.ndsf/10114} BLOCKED
07-08 17:54:38.507  3414  3784 I AppsFilter: interaction: PackageSetting{8acca2b rd.sheepskin.sandboxmusic/10447} -> PackageSetting{1754c38 com.oplus.ndsf/10114} BLOCKED
07-08 17:54:38.509  3414  3784 I AppsFilter: interaction: PackageSetting{41019c3 com.oplus.locationproxy/10173} -> PackageSetting{1754c38 com.oplus.ndsf/10114} BLOCKED
07-08 17:54:38.509  3414  3784 I AppsFilter: interaction: PackageSetting{2869240 com.android.certinstaller/10210} -> PackageSetting{1754c38 com.oplus.ndsf/10114} BLOCKED
07-08 17:54:38.509  3414  3784 I AppsFilter: interaction: PackageSetting{cd08f1f com.oplus.location/10218} -> PackageSetting{1754c38 com.oplus.ndsf/10114} BLOCKED
07-08 17:54:38.538  3414  3414 D LockSettingsService: [getSeparateProfileChallengeEnabled] userId = 12
07-08 17:54:38.546  3414  4410 V AccessibilityManagerService: onUserStateChangedLocked for user 0 with forceUpdate: false mEnabledServices = [ComponentInfo{com.android.systemui.accessibility.accessibilitymenu/com.android.systemui.accessibility.accessibilitymenu.AccessibilityMenuService}] mCrashedServices = [] hasMagnificationConnection=false
07-08 17:54:38.547  3414  4410 W MagnificationConnectionManager: requestConnection duplicated request: connect=false, mConnectionState=DISCONNECTED
07-08 17:54:38.548  3414  4405 I VibrationEffectConvertor: onInputMethodListUpdated received, info.size = 4
07-08 17:54:38.549  3414  4405 I VibrationEffectConvertor: userid = 0, packageName = com.google.android.tts
07-08 17:54:38.549  3414  4405 I VibrationEffectConvertor: userid = 0, packageName = helium314.keyboard
07-08 17:54:38.549  3414  4405 I VibrationEffectConvertor: userid = 0, packageName = com.google.android.inputmethod.latin
07-08 17:54:38.549  3414  4405 I VibrationEffectConvertor: userid = 0, packageName = com.oplus.securitykeyboard
07-08 17:54:38.553  3414  3414 D AccessibilityManagerService: [updateInputFilter] flags = 4, mInputFilter=com.android.server.accessibility.AccessibilityInputFilter@bebb322, mHasInputFilter=true, mForceSetInputFilter=false
07-08 17:54:42.349  3414  4904 E BatteryStatsService: Invalid uid for waking network packet: -1
07-08 17:54:52.398  3414  4859 E BatteryStatsService: Invalid uid for waking network packet: -1
07-08 17:54:54.597  3414  3673 D BatteryStatsImplExtImpl: mActiveProcesses size = 69
07-08 17:54:54.597  3414  3673 D BatteryStatsImplExtImpl: rpmhStats is null or interval time is too short.
07-08 17:54:59.999  3414  4359 V AlarmManager: sending alarm Alarm{5c5c624 type 3 origWhen 365914780 whenElapsed 365914780 android} uid 1000 whenElapsed 365914780 windowLength 0 maxWhenElapsed 365914780 repeatInterval 0 action null component null tag TIME_TICK flags 0x9 procName system_server
07-08 17:55:00.026  3414  3736 D OplusDisplayBrightnessBroadcastReceiver: onReceive action = android.intent.action.TIME_TICK , listeners = [com.android.server.display.color.eyeprotect.manager.AiCurveManager$RhythmBroadcastReceiverWithUpgradeUI@13a7c71, com.android.server.display.feature.ambience.events.event.TimeEvent$TimeChangeReceiver@883f75c]
07-08 17:55:02.847  3414  3660 D ProcessCpuTrackerExtImpl: mContext is already set, return now! 
07-08 17:55:02.956  3414 11227 D UsageStatsService: User[0] type=0 b=1783529566590 e=1783529702955 cb=1783519581251 ce=1783529678573 disk=0 all=1
07-08 17:55:03.764  3414 16352 D UsageStatsService: User[999] type=0 b=1783528434041 e=1783529703764 cb=1783504674467 ce=1783529645994 disk=0 all=1
07-08 17:55:07.342  3414  4859 E BatteryStatsService: Invalid uid for waking network packet: -1
07-08 17:55:07.607  3414  4859 W PackageManager: package com.oplus.ndsf uid 10114 pid 8953 call SetEnabledSetting(com.oplus.ndsf component = androidx.work.impl.background.systemalarm.RescheduleReceiver, 2, 0)
07-08 17:55:07.671  3414  8731 W ActivityManager: Receiver with filter android.content.IntentFilter@349a09f already registered for pid 8953, callerPackage is com.oplus.ndsf
07-08 17:55:07.678  3414  4859 W PackageManager: package com.oplus.ndsf uid 10114 pid 8953 call SetEnabledSetting(com.oplus.ndsf component = androidx.work.impl.background.systemalarm.RescheduleReceiver, 1, 0)
07-08 17:55:08.613  3414  3784 I AppsFilter: interaction: PackageSetting{2bf2628 com.android.microdroid.empty_payload/10275} -> PackageSetting{6c72684 com.oplus.ndsf/10114} BLOCKED
07-08 17:55:08.613  3414  3784 I AppsFilter: interaction: PackageSetting{8acca2b rd.sheepskin.sandboxmusic/10447} -> PackageSetting{6c72684 com.oplus.ndsf/10114} BLOCKED
07-08 17:55:08.614  3414  3784 I AppsFilter: interaction: PackageSetting{41019c3 com.oplus.locationproxy/10173} -> PackageSetting{6c72684 com.oplus.ndsf/10114} BLOCKED
07-08 17:55:08.614  3414  3784 I AppsFilter: interaction: PackageSetting{2869240 com.android.certinstaller/10210} -> PackageSetting{6c72684 com.oplus.ndsf/10114} BLOCKED
07-08 17:55:08.614  3414  3784 I AppsFilter: interaction: PackageSetting{cd08f1f com.oplus.location/10218} -> PackageSetting{6c72684 com.oplus.ndsf/10114} BLOCKED
07-08 17:55:08.634  3414  4410 V AccessibilityManagerService: onUserStateChangedLocked for user 0 with forceUpdate: false mEnabledServices = [ComponentInfo{com.android.systemui.accessibility.accessibilitymenu/com.android.systemui.accessibility.accessibilitymenu.AccessibilityMenuService}] mCrashedServices = [] hasMagnificationConnection=false
07-08 17:55:08.636  3414  4410 W MagnificationConnectionManager: requestConnection duplicated request: connect=false, mConnectionState=DISCONNECTED
07-08 17:55:08.636  3414  3414 D LockSettingsService: [getSeparateProfileChallengeEnabled] userId = 12
07-08 17:55:08.639  3414  4405 I VibrationEffectConvertor: onInputMethodListUpdated received, info.size = 4
07-08 17:55:08.640  3414  4405 I VibrationEffectConvertor: userid = 0, packageName = com.google.android.tts
07-08 17:55:08.640  3414  4405 I VibrationEffectConvertor: userid = 0, packageName = helium314.keyboard
07-08 17:55:08.640  3414  4405 I VibrationEffectConvertor: userid = 0, packageName = com.google.android.inputmethod.latin
07-08 17:55:08.640  3414  4405 I VibrationEffectConvertor: userid = 0, packageName = com.oplus.securitykeyboard
07-08 17:55:08.644  3414  3414 D AccessibilityManagerService: [updateInputFilter] flags = 4, mInputFilter=com.android.server.accessibility.AccessibilityInputFilter@bebb322, mHasInputFilter=true, mForceSetInputFilter=false
07-08 17:55:12.105  3414  3673 D BatteryStatsImplExtImpl: mActiveProcesses size = 69
07-08 17:55:12.105  3414  3673 D BatteryStatsImplExtImpl: rpmhStats is null or interval time is too short.
07-08 17:55:12.270  3414  4859 E BatteryStatsService: Invalid uid for waking network packet: -1
07-08 17:55:13.058  3414  3608 D CompatChangeReporter: Compat change id reported: 151861875; UID 10323; state: ENABLED
07-08 17:55:13.088  3414  3661 I ActivityManager: Start proc 19581:com.twitter.android/u0a323 for broadcast {com.twitter.android/com.google.firebase.iid.FirebaseInstanceIdReceiver}
07-08 17:55:13.089  3414  3602 I ActivityManager: ProcessObserver broadcast disabled
07-08 17:55:13.089  3414  3661 W ContextImpl: Calling a method in the system process without a qualified user: android.app.ContextImpl.sendBroadcast:1281 com.android.server.am.OplusAppStartupConfig.sendAbnormalNotify:2335 com.android.server.am.OplusAppStartupConfig.notifyAbnormalInfo:2268 com.android.server.am.OplusAppStartupManager.handleStartAppInfo:5884 com.android.server.am.ProcessListExtImpl.hookHandleProcessStart:305 
07-08 17:55:13.092  3414  3693 I MemoryOperationUtils: add 19581 to com.twitter.android
07-08 17:55:13.126  3414  4904 D ActivityTaskManagerServiceExtImpl: preBindApplication record is null
07-08 17:55:13.147 19581 19581 V Configuration: Updating configuration, locales updated from [] to [en_TH]
07-08 17:55:13.374 19581 19581 D ResourcesManagerExtImpl: applyConfigurationToAppResourcesLocked app.getDisplayId() return callback.displayId:-1
07-08 17:55:13.494  3414  4904 W PackageManager: package com.twitter.android uid 10323 pid 19581 call SetEnabledSetting(com.twitter.android component = com.x.android.main.MainActivity, 2, 0)
07-08 17:55:13.503  3414  4904 W PackageManager: package com.twitter.android uid 10323 pid 19581 call SetEnabledSetting(com.twitter.android component = com.x.android.lib.ChatActivity, 2, 0)
07-08 17:55:13.508  3414  4904 W PackageManager: package com.twitter.android uid 10323 pid 19581 call SetEnabledSetting(com.twitter.android component = com.x.android.lib.ComposerActivity, 2, 0)
07-08 17:55:13.510  3414  4904 W PackageManager: package com.twitter.android uid 10323 pid 19581 call SetEnabledSetting(com.twitter.android component = com.x.android.deeplink.UrlInterpreterActivity, 2, 0)
07-08 17:55:13.513  3414  4904 W PackageManager: package com.twitter.android uid 10323 pid 19581 call SetEnabledSetting(com.twitter.android component = com.twitter.composer.ComposerActivity, 1, 0)
07-08 17:55:13.516  3414  4904 W PackageManager: package com.twitter.android uid 10323 pid 19581 call SetEnabledSetting(com.twitter.android component = com.twitter.app.profiles.ProfileActivity, 1, 0)
07-08 17:55:13.518  3414  4904 W PackageManager: package com.twitter.android uid 10323 pid 19581 call SetEnabledSetting(com.twitter.android component = com.twitter.app.dm.DMActivity, 1, 0)
07-08 17:55:13.522  3414  4904 W PackageManager: package com.twitter.android uid 10323 pid 19581 call SetEnabledSetting(com.twitter.android component = com.twitter.clientshutdown.update.AppUpdateActivityAlias, 1, 0)
07-08 17:55:13.524  3414  4904 W PackageManager: package com.twitter.android uid 10323 pid 19581 call SetEnabledSetting(com.twitter.android component = com.twitter.android.search.implementation.filters.AdvancedSearchFiltersActivity, 1, 0)
07-08 17:55:13.526  3414  4904 W PackageManager: package com.twitter.android uid 10323 pid 19581 call SetEnabledSetting(com.twitter.android component = com.twitter.android.search.implementation.results.SearchActivity, 1, 0)
07-08 17:55:13.528  3414  4904 W PackageManager: package com.twitter.android uid 10323 pid 19581 call SetEnabledSetting(com.twitter.android component = com.twitter.app.sensitivemedia.SensitiveMediaActivity, 1, 0)
07-08 17:55:13.530  3414  4904 W PackageManager: package com.twitter.android uid 10323 pid 19581 call SetEnabledSetting(com.twitter.android component = com.twitter.android.unifiedlanding.implementation.UnifiedLandingActivity, 1, 0)
07-08 17:55:13.533  3414  4904 W PackageManager: package com.twitter.android uid 10323 pid 19581 call SetEnabledSetting(com.twitter.android component = com.twitter.notifications.settings.compose.NotificationSettingsNewActivity, 1, 0)
07-08 17:55:13.882  3414  4391 D CompatChangeReporter: Compat change id reported: 297989574; UID 10323; state: ENABLED
07-08 17:55:13.897 19581 19581 V Configuration: Updating configuration, locales updated from [en_TH,en_GB,en_US] to [en_TH]
07-08 17:55:13.957  3414  4859 I ActivityManager: Flag disabled. Ignoring finishAttachApplication from uid: 10323. pid: 19581
07-08 17:55:13.981  3414  4859 W PackageManager: package com.twitter.android uid 10323 pid 19581 call SetEnabledSetting(com.twitter.android component = com.twitter.clientshutdown.update.AppUpdateActivityAlias, 2, 0)
07-08 17:55:13.984  3414  8731 D CompatChangeReporter: Compat change id reported: 311402873; UID 10323; state: ENABLED
07-08 17:55:13.984  3414  8731 D CompatChangeReporter: Compat change id reported: 323349338; UID 10323; state: ENABLED
07-08 17:55:13.994  3414  4391 W PackageManager: package com.twitter.android uid 10323 pid 19581 call SetEnabledSetting(com.twitter.android component = com.x.android.main.MainActivity, 0, 0)
07-08 17:55:13.998  3414  4391 W PackageManager: package com.twitter.android uid 10323 pid 19581 call SetEnabledSetting(com.twitter.android component = com.x.android.lib.ChatActivity, 0, 0)
07-08 17:55:14.000  3414  4391 W PackageManager: package com.twitter.android uid 10323 pid 19581 call SetEnabledSetting(com.twitter.android component = com.x.android.lib.ComposerActivity, 0, 0)
07-08 17:55:14.001  3414  4859 W PackageManager: package com.twitter.android uid 10323 pid 19581 call SetEnabledSetting(com.twitter.android component = com.x.android.deeplink.UrlInterpreterActivity, 0, 0)
07-08 17:55:14.002  3414  4859 W PackageManager: package com.twitter.android uid 10323 pid 19581 call SetEnabledSetting(com.twitter.android component = com.twitter.composer.ComposerActivity, 0, 0)
07-08 17:55:14.003  3414  4859 W PackageManager: package com.twitter.android uid 10323 pid 19581 call SetEnabledSetting(com.twitter.android component = com.twitter.app.profiles.ProfileActivity, 0, 0)
07-08 17:55:14.004  3414  4859 W PackageManager: package com.twitter.android uid 10323 pid 19581 call SetEnabledSetting(com.twitter.android component = com.twitter.app.dm.DMActivity, 0, 0)
07-08 17:55:14.005  3414  4859 W PackageManager: package com.twitter.android uid 10323 pid 19581 call SetEnabledSetting(com.twitter.android component = com.twitter.android.search.implementation.filters.AdvancedSearchFiltersActivity, 0, 0)
07-08 17:55:14.006  3414  4859 W PackageManager: package com.twitter.android uid 10323 pid 19581 call SetEnabledSetting(com.twitter.android component = com.twitter.android.search.implementation.results.SearchActivity, 0, 0)
07-08 17:55:14.008  3414  4859 W PackageManager: package com.twitter.android uid 10323 pid 19581 call SetEnabledSetting(com.twitter.android component = com.twitter.app.sensitivemedia.SensitiveMediaActivity, 0, 0)
07-08 17:55:14.009  3414  4859 W PackageManager: package com.twitter.android uid 10323 pid 19581 call SetEnabledSetting(com.twitter.android component = com.twitter.android.unifiedlanding.implementation.UnifiedLandingActivity, 0, 0)
07-08 17:55:14.009  3414  4859 W PackageManager: package com.twitter.android uid 10323 pid 19581 call SetEnabledSetting(com.twitter.android component = com.twitter.notifications.settings.compose.NotificationSettingsNewActivity, 0, 0)
07-08 17:55:14.011  3414  4859 W PackageManager: package com.twitter.android uid 10323 pid 19581 call SetEnabledSetting(com.twitter.android component = com.stripe.android.link.LinkRedirectHandlerActivity, 0, 0)
07-08 17:55:14.011  3414  4859 W PackageManager: package com.twitter.android uid 10323 pid 19581 call SetEnabledSetting(com.twitter.android component = com.stripe.android.payments.StripeBrowserProxyReturnActivity, 0, 0)
07-08 17:55:14.011  3414  4859 W PackageManager: package com.twitter.android uid 10323 pid 19581 call SetEnabledSetting(com.twitter.android component = com.plaid.internal.LinkRedirectActivity, 0, 0)
07-08 17:55:14.012  3414  4859 W PackageManager: package com.twitter.android uid 10323 pid 19581 call SetEnabledSetting(com.twitter.android component = com.stripe.android.financialconnections.lite.FinancialConnectionsSheetLiteRedirectActivity, 0, 0)
07-08 17:55:14.012  3414  4859 W PackageManager: package com.twitter.android uid 10323 pid 19581 call SetEnabledSetting(com.twitter.android component = io.scribeup.scribeupsdk.ui.CustomTabLauncherActivity, 0, 0)
07-08 17:55:14.013  3414  4859 W PackageManager: package com.twitter.android uid 10323 pid 19581 call SetEnabledSetting(com.twitter.android component = com.canhub.cropper.CropImageActivity, 0, 0)
07-08 17:55:14.013  3414  4859 W PackageManager: package com.twitter.android uid 10323 pid 19581 call SetEnabledSetting(com.twitter.android component = androidx.compose.ui.tooling.PreviewActivity, 0, 0)
07-08 17:55:14.014  3414  4859 W PackageManager: package com.twitter.android uid 10323 pid 19581 call SetEnabledSetting(com.twitter.android component = androidx.activity.ComponentActivity, 0, 0)
07-08 17:55:14.120 19581 19581 E ActivityThread: Failed to find provider info for com.teslacoilsw.notifier
07-08 17:55:14.495  3414  3784 I AppsFilter: interaction: PackageSetting{2bf2628 com.android.microdroid.empty_payload/10275} -> PackageSetting{fcaabe0 com.twitter.android/10323} BLOCKED
07-08 17:55:14.497  3414  3784 I AppsFilter: interaction: PackageSetting{8acca2b rd.sheepskin.sandboxmusic/10447} -> PackageSetting{fcaabe0 com.twitter.android/10323} BLOCKED
07-08 17:55:14.497  3414  3784 I AppsFilter: interaction: PackageSetting{41019c3 com.oplus.locationproxy/10173} -> PackageSetting{fcaabe0 com.twitter.android/10323} BLOCKED
07-08 17:55:14.497  3414  3784 I AppsFilter: interaction: PackageSetting{2869240 com.android.certinstaller/10210} -> PackageSetting{fcaabe0 com.twitter.android/10323} BLOCKED
07-08 17:55:14.497  3414  3784 I AppsFilter: interaction: PackageSetting{cd08f1f com.oplus.location/10218} -> PackageSetting{fcaabe0 com.twitter.android/10323} BLOCKED
07-08 17:55:14.499  3414  3784 D BroadcastHelperExtImpl: both exported and non exported exist, send once!
07-08 17:55:14.515  3414  4530 D ShortcutService: received package broadcast intent: Intent { act=android.intent.action.PACKAGE_CHANGED dat=package: flg=0x45000010 (has extras) }
07-08 17:55:14.517  3414  4530 D ShortcutService: changing package: com.twitter.android userId=0
07-08 17:55:14.520  3414  4530 D ShortcutService: handlePackageChanged: com.twitter.android userId=0
07-08 17:55:14.520  3414  3414 D LockSettingsService: [getSeparateProfileChallengeEnabled] userId = 12
07-08 17:55:14.520  3414  4530 D ShortcutService: rescanPackageIfNeeded 0@com.twitter.android, forceRescan=true , isNewApp=false
07-08 17:55:14.527  3414  4530 D ShortcutService: Package com.twitter.android has 5 manifest shortcut(s), and 2 share target(s)
07-08 17:55:14.527  3414  4530 D ShortcutService: Package com.twitter.android updated, version 312050000 -> 312050000
07-08 17:55:14.527  3414  4530 D ShortcutService: Package com.twitter.android: publishing manifest shortcuts
07-08 17:55:14.535  3414  4410 V AccessibilityManagerService: onUserStateChangedLocked for user 0 with forceUpdate: false mEnabledServices = [ComponentInfo{com.android.systemui.accessibility.accessibilitymenu/com.android.systemui.accessibility.accessibilitymenu.AccessibilityMenuService}] mCrashedServices = [] hasMagnificationConnection=false
07-08 17:55:14.535  3414  4410 W MagnificationConnectionManager: requestConnection duplicated request: connect=false, mConnectionState=DISCONNECTED
07-08 17:55:14.538  3414  3414 D AccessibilityManagerService: [updateInputFilter] flags = 4, mInputFilter=com.android.server.accessibility.AccessibilityInputFilter@bebb322, mHasInputFilter=true, mForceSetInputFilter=false
07-08 17:55:14.541  3414  4405 I VibrationEffectConvertor: onInputMethodListUpdated received, info.size = 4
07-08 17:55:14.541  3414  4405 I VibrationEffectConvertor: userid = 0, packageName = com.google.android.tts
07-08 17:55:14.541  3414  4405 I VibrationEffectConvertor: userid = 0, packageName = helium314.keyboard
07-08 17:55:14.542  3414  4405 I VibrationEffectConvertor: userid = 0, packageName = com.google.android.inputmethod.latin
07-08 17:55:14.542  3414  4405 I VibrationEffectConvertor: userid = 0, packageName = com.oplus.securitykeyboard
07-08 17:55:14.551  3414  3441 W AppOpService: Ignored setUidMode call for runtime permission app op: uid = 1001, code = READ_SMS, mode = allow, callingUid = 1001, oldMode = allow
07-08 17:55:14.551  3414  3441 W AppOpService: Ignored setUidMode call for runtime permission app op: uid = 1001, code = RECEIVE_SMS, mode = allow, callingUid = 1001, oldMode = allow
07-08 17:55:14.552  3414  3441 W AppOpService: Ignored setUidMode call for runtime permission app op: uid = 1001, code = RECEIVE_WAP_PUSH, mode = allow, callingUid = 1001, oldMode = allow
07-08 17:55:14.552  3414  3441 W AppOpService: Ignored setUidMode call for runtime permission app op: uid = 1001, code = SEND_SMS, mode = allow, callingUid = 1001, oldMode = allow
07-08 17:55:14.552  3414  3441 W AppOpService: Ignored setUidMode call for runtime permission app op: uid = 1001, code = READ_CELL_BROADCASTS, mode = allow, callingUid = 1001, oldMode = allow
07-08 17:55:14.629  3414  3601 D ShortcutService: Getting shortcuts for launcher= com.teslacoilsw.launcheruserId=0 pkg=com.twitter.android
07-08 17:55:14.630  3414  4530 D ShortcutService: Saving package item com.twitter.android to /data/system_ce/0/shortcut_service/packages/com.twitter.android.xml
07-08 17:55:14.630  3414  3601 D ShortcutService: Getting shortcuts for launcher= com.teslacoilsw.launcheruserId=0 pkg=com.twitter.android
07-08 17:55:14.633  3414  4530 D ShortcutService: Persisting shortcuts from 0@com.twitter.android
07-08 17:55:14.634  3414  4530 D ShortcutService: search [ImManIc-rStr]
07-08 17:55:14.634  3414  4530 D ShortcutService: grok [ImManIc-rStr]
07-08 17:55:14.634  3414  4530 D ShortcutService: tweet [ImManIc-rStr]
07-08 17:55:14.637  3414  3601 D ShortcutService: Getting shortcuts for launcher= com.android.systemuiuserId=0 pkg=com.twitter.android
07-08 17:55:14.638  3414  3601 D ShortcutService: Getting shortcuts for launcher= com.google.android.asuserId=0 pkg=com.twitter.android
07-08 17:55:14.643  3414  8465 D ShortcutService: Getting shortcuts for launcher= com.teslacoilsw.launcheruserId=0 pkg=com.twitter.android
07-08 17:55:15.194  3414  4859 D StorageStatsService: getFreeBytes: 9638051840
07-08 17:55:16.547  3414  4859 W AppOpService: Ignored setUidMode call for runtime permission app op: uid = 1001, code = READ_SMS, mode = allow, callingUid = 1001, oldMode = allow
07-08 17:55:16.549  3414  4859 W AppOpService: Ignored setUidMode call for runtime permission app op: uid = 1001, code = RECEIVE_SMS, mode = allow, callingUid = 1001, oldMode = allow
07-08 17:55:16.549  3414  4859 W AppOpService: Ignored setUidMode call for runtime permission app op: uid = 1001, code = RECEIVE_WAP_PUSH, mode = allow, callingUid = 1001, oldMode = allow
07-08 17:55:16.550  3414  4859 W AppOpService: Ignored setUidMode call for runtime permission app op: uid = 1001, code = SEND_SMS, mode = allow, callingUid = 1001, oldMode = allow
07-08 17:55:16.551  3414  4859 W AppOpService: Ignored setUidMode call for runtime permission app op: uid = 1001, code = READ_CELL_BROADCASTS, mode = allow, callingUid = 1001, oldMode = allow
07-08 17:55:17.116  3414  3693 D osense.compress: try do inactive compress task
07-08 17:55:17.118  3414  3693 D osense.compress: inactive do shrink, target ratio = 27, final ratio = 55, cur ratio = 0
07-08 17:55:17.390  3414  4859 E BatteryStatsService: Invalid uid for waking network packet: -1
07-08 17:55:22.286  3414  4859 E BatteryStatsService: Invalid uid for waking network packet: -1
07-08 17:55:27.407  3414  8731 E BatteryStatsService: Invalid uid for waking network packet: -1
07-08 17:55:32.333  3414  8465 E BatteryStatsService: Invalid uid for waking network packet: -1
07-08 17:55:37.718  3414  4859 W PackageManager: package com.oplus.ndsf uid 10114 pid 8953 call SetEnabledSetting(com.oplus.ndsf component = androidx.work.impl.background.systemalarm.RescheduleReceiver, 2, 0)
07-08 17:55:37.755  3414  4194 W JobServiceContext: Sending onNetworkChanged for a job that isn't started. JobStatus{cb38f14 #u0a441/784194440 com.jorlek.queqcustomer/com.startapp.sdk.jobs.SchedulerService u=0 s=10441 TIME=-17s475ms:+4m42s525ms NET PERIODIC PERSISTED READY}
07-08 17:55:37.756  3414  4194 W JobServiceContext: Sending onNetworkChanged for a job that isn't started. JobStatus{b8433bd #u0a441/784194502 com.jorlek.queqcustomer/com.startapp.sdk.jobs.SchedulerService u=0 s=10441 TIME=-17s474ms:+4m42s526ms NET PERIODIC PERSISTED READY}
07-08 17:55:37.764  3414  8465 W ActivityManager: Receiver with filter android.content.IntentFilter@71522eb already registered for pid 8953, callerPackage is com.oplus.ndsf
07-08 17:55:37.772  3414  3441 W PackageManager: package com.oplus.ndsf uid 10114 pid 8953 call SetEnabledSetting(com.oplus.ndsf component = androidx.work.impl.background.systemalarm.RescheduleReceiver, 1, 0)
07-08 17:55:38.721  3414  3784 I AppsFilter: interaction: PackageSetting{2bf2628 com.android.microdroid.empty_payload/10275} -> PackageSetting{4b07119 com.oplus.ndsf/10114} BLOCKED
07-08 17:55:38.721  3414  3784 I AppsFilter: interaction: PackageSetting{8acca2b rd.sheepskin.sandboxmusic/10447} -> PackageSetting{4b07119 com.oplus.ndsf/10114} BLOCKED
07-08 17:55:38.721  3414  3784 I AppsFilter: interaction: PackageSetting{41019c3 com.oplus.locationproxy/10173} -> PackageSetting{4b07119 com.oplus.ndsf/10114} BLOCKED
07-08 17:55:38.721  3414  3784 I AppsFilter: interaction: PackageSetting{2869240 com.android.certinstaller/10210} -> PackageSetting{4b07119 com.oplus.ndsf/10114} BLOCKED
07-08 17:55:38.721  3414  3784 I AppsFilter: interaction: PackageSetting{cd08f1f com.oplus.location/10218} -> PackageSetting{4b07119 com.oplus.ndsf/10114} BLOCKED
07-08 17:55:38.736  3414  3414 D LockSettingsService: [getSeparateProfileChallengeEnabled] userId = 12
07-08 17:55:38.757  3414  4410 V AccessibilityManagerService: onUserStateChangedLocked for user 0 with forceUpdate: false mEnabledServices = [ComponentInfo{com.android.systemui.accessibility.accessibilitymenu/com.android.systemui.accessibility.accessibilitymenu.AccessibilityMenuService}] mCrashedServices = [] hasMagnificationConnection=false
07-08 17:55:38.757  3414  4410 W MagnificationConnectionManager: requestConnection duplicated request: connect=false, mConnectionState=DISCONNECTED
07-08 17:55:38.758  3414  4405 I VibrationEffectConvertor: onInputMethodListUpdated received, info.size = 4
07-08 17:55:38.759  3414  4405 I VibrationEffectConvertor: userid = 0, packageName = com.google.android.tts
07-08 17:55:38.759  3414  4405 I VibrationEffectConvertor: userid = 0, packageName = helium314.keyboard
07-08 17:55:38.759  3414  4405 I VibrationEffectConvertor: userid = 0, packageName = com.google.android.inputmethod.latin
07-08 17:55:38.759  3414  4405 I VibrationEffectConvertor: userid = 0, packageName = com.oplus.securitykeyboard
07-08 17:55:38.761  3414  3414 D AccessibilityManagerService: [updateInputFilter] flags = 4, mInputFilter=com.android.server.accessibility.AccessibilityInputFilter@bebb322, mHasInputFilter=true, mForceSetInputFilter=false
07-08 17:55:42.382  3414  3441 E BatteryStatsService: Invalid uid for waking network packet: -1
07-08 17:55:47.278  3414  3441 E BatteryStatsService: Invalid uid for waking network packet: -1
07-08 17:55:52.398  3414  3441 E BatteryStatsService: Invalid uid for waking network packet: -1
07-08 17:55:54.591  3414  3673 D BatteryStatsImplExtImpl: mActiveProcesses size = 70
07-08 17:55:54.591  3414  3673 D BatteryStatsImplExtImpl: rpmhStats is null or interval time is too short.
07-08 17:56:00.001  3414  4359 V AlarmManager: sending alarm Alarm{3689ddd type 3 origWhen 365974781 whenElapsed 365974781 android} uid 1000 whenElapsed 365974781 windowLength 0 maxWhenElapsed 365974781 repeatInterval 0 action null component null tag TIME_TICK flags 0x9 procName system_server
07-08 17:56:00.018  3414  3736 D OplusDisplayBrightnessBroadcastReceiver: onReceive action = android.intent.action.TIME_TICK , listeners = [com.android.server.display.color.eyeprotect.manager.AiCurveManager$RhythmBroadcastReceiverWithUpgradeUI@13a7c71, com.android.server.display.feature.ambience.events.event.TimeEvent$TimeChangeReceiver@883f75c]
07-08 17:56:02.446  3414  8465 E BatteryStatsService: Invalid uid for waking network packet: -1
07-08 17:56:07.023  3414  4435 V NetworkPolicy: updateNetworkEnabledNL() return
07-08 17:56:07.024  3414  4435 V NetworkPolicy: updateNotificationsNL not process
07-08 17:56:07.033  4915  5248 V OplusCustomizeCacheManager: queryCache name: cache_key.system_server.common_customize_cache18013 param: null
07-08 17:56:07.033  4915  5248 V OplusCustomizeCacheManager: queryCache name: cache_key.system_server.common_customize_cache18014 param: null
07-08 17:56:07.033  4915  5248 V OplusCustomizeCacheManager: queryCache name: cache_key.system_server.common_customize_cache18017 param: Bundle[{SETTING=BLOCK, BUSINESS=NCT-DATA}]
07-08 17:56:07.040  4915  5248 V OplusCustomizeCacheManager: queryCache name: cache_key.system_server.common_customize_cache18026 param: null
07-08 17:56:07.041  4915  5248 V OplusCustomizeCacheManager: queryCache name: cache_key.system_server.common_customize_cache18025 param: null
07-08 17:56:07.045  4915  5248 V OplusCustomizeCacheManager: queryCache name: cache_key.system_server.common_customize_cache11009 param: null
07-08 17:56:07.048  4915  5248 V OplusCustomizeCacheManager: queryCache name: cache_key.system_server.common_customize_cache18027 param: null
07-08 17:56:07.051  4915  5248 V OplusCustomizeCacheManager: queryCache name: cache_key.system_server.common_customize_cache11010 param: null
07-08 17:56:07.051  4915  5248 V OplusCustomizeCacheManager: queryCache name: cache_key.system_server.common_customize_cache11011 param: null
07-08 17:56:07.051  4915  5248 V OplusCustomizeCacheManager: queryCache name: cache_key.system_server.common_customize_cache11010 param: null
07-08 17:56:07.341  3414  4859 E BatteryStatsService: Invalid uid for waking network packet: -1
07-08 17:56:07.818  3414  4859 W PackageManager: package com.oplus.ndsf uid 10114 pid 8953 call SetEnabledSetting(com.oplus.ndsf component = androidx.work.impl.background.systemalarm.RescheduleReceiver, 2, 0)
07-08 17:56:07.867  3414  4859 W ActivityManager: Receiver with filter android.content.IntentFilter@5ae8c49 already registered for pid 8953, callerPackage is com.oplus.ndsf
07-08 17:56:07.874  3414  4859 W PackageManager: package com.oplus.ndsf uid 10114 pid 8953 call SetEnabledSetting(com.oplus.ndsf component = androidx.work.impl.background.systemalarm.RescheduleReceiver, 1, 0)
07-08 17:56:08.823  3414  3784 I AppsFilter: interaction: PackageSetting{2bf2628 com.android.microdroid.empty_payload/10275} -> PackageSetting{aecb68 com.oplus.ndsf/10114} BLOCKED
07-08 17:56:08.823  3414  3784 I AppsFilter: interaction: PackageSetting{8acca2b rd.sheepskin.sandboxmusic/10447} -> PackageSetting{aecb68 com.oplus.ndsf/10114} BLOCKED
07-08 17:56:08.823  3414  3784 I AppsFilter: interaction: PackageSetting{41019c3 com.oplus.locationproxy/10173} -> PackageSetting{aecb68 com.oplus.ndsf/10114} BLOCKED
07-08 17:56:08.824  3414  3784 I AppsFilter: interaction: PackageSetting{2869240 com.android.certinstaller/10210} -> PackageSetting{aecb68 com.oplus.ndsf/10114} BLOCKED
07-08 17:56:08.824  3414  3784 I AppsFilter: interaction: PackageSetting{cd08f1f com.oplus.location/10218} -> PackageSetting{aecb68 com.oplus.ndsf/10114} BLOCKED
07-08 17:56:08.842  3414  3414 D LockSettingsService: [getSeparateProfileChallengeEnabled] userId = 12
07-08 17:56:08.850  3414  4410 V AccessibilityManagerService: onUserStateChangedLocked for user 0 with forceUpdate: false mEnabledServices = [ComponentInfo{com.android.systemui.accessibility.accessibilitymenu/com.android.systemui.accessibility.accessibilitymenu.AccessibilityMenuService}] mCrashedServices = [] hasMagnificationConnection=false
07-08 17:56:08.851  3414  4405 I VibrationEffectConvertor: onInputMethodListUpdated received, info.size = 4
