07-08 17:49:59.386  2085  2763 D APM_AudioPolicyManager: stopOutput portId 2739
07-08 17:49:59.386  2085  2763 D APM_AudioPolicyManager: stopOutput() output 13, stream 3, session 17577
07-08 17:49:59.387  1839 17647 D AHAL: AudioDevice: SetParameters: 1972: enter: volumeStreamAction=stop;volumeStreamType=3
07-08 17:49:59.387  1839 17647 D AHAL: hfp: hfp_set_parameters: 696: enter
07-08 17:49:59.387  1839 17647 D AHAL: hfp: hfp_set_parameters: 701: OPLUS_HFP_SUPPORT is not supported
07-08 17:49:59.387  1839 17647 D AHAL: AudioDevice: SetParameters: 2821: exit
07-08 17:49:59.388  2085  6804 D audioserver: OplusMMListWrapper checkInListByUid end module:allow-get-parameters uid:10208 return true
07-08 17:49:59.389  2961  3124 W Battery : ThermalControllHandler: MSG_THERMAL_CONTROL_CPU_CTRL_CHANGED: ThermalControlState=true, curThermalPolicyCpu=10, curCpu=7, isUserForeground=true
07-08 17:49:59.389  2085  6804 D audioserver: OplusMMListWrapper checkInListByUid end module:allow-get-parameters uid:10208 return true
07-08 17:49:59.389  4627 10042 I OplusAtlasAudioDataRecorder:  stopPid:3031 stopSession:17577 containsKey:true mAllVolumpMap size:2 packageName: rd.sheepskin.sandboxmusic window_rendering: 0 mReduceVolumeMap size: 0 stopvl: 0.057 stopvr: 0.057 volumeswitch: 0
07-08 17:49:59.389  2085  2763 D GameAudioEffects: hasAliveFastEffectTracks  return (0)
07-08 17:49:59.389  2085  2763 D AudioPolicyManagerExtImpl: oplusSelectOutputForMusicEffects: pendingOutput  => 13  flags => 0x00000006  outputTageName =>primary output outputs.size(4) older music effect ouput(29), hasAliveGameTracks(0)
07-08 17:49:59.389  2085  2763 D AudioPolicyManagerExtImpl: oplusSelectOutputForMusicEffects pending music output is low latency output, but no alive fast effect tracks, block effectchain fallback to primary, set deepbuffer as defaultEffectsOutput instead
07-08 17:49:59.389  2085  2763 D GameAudioEffects: hasAliveRequestFastTracks  return (0)
07-08 17:49:59.390  4627 10042 D OplusAtlasFeedback: uploadMMCollectData MM_FB_EventID#20002#TopUidRxt#26#MetaAudioPos#[0.0|0.0|0.0]#MinFC#1536#hasActiveRecords#0#ChannelCount#2#PackageName#rd.sheepskin.sandboxmusic#EffectChains#7#TopUidTxt#3#OldScore#0#mss_ratio_other#0#StreamVolume#62#multivolumeswitch#0#mss_ratio_vocal#0#AppName#Sandbox Music#mode#0#SampleRate#48000#Format#5#MetaAudioScene#0#balance#0.0#IsSpatialized#0#TotalTime#30082#TopActivity##AudioID#0b6b5e49f958#StreamType#3#RequestFC#0#mss_mode#0#trackVolumePkg#rd.sheepskin.sandboxmusic#Versioncode#11#FrameCount#1536#StartTime#2026/07/08 17:49:29#stopvr#0.057#UsingDevice#2#stopvl#0.057#Flag#6#NewScore#0#startvl#1.0#startvr#1.0#window_rendering#0#Foreground#1#Id#13#NetState#1
07-08 17:49:59.390  2961  3124 I [UAH_CLIENT]: uahRuleCtl, ruleId:4, status:1
07-08 17:49:59.395  2085  4003 I EffectChain: ~EffectChain(): delete EffectChain = 0xb400007577a7b180
07-08 17:49:59.399  2085  4003 D AudioFlinger_EffectsExtImpl: HoloAudio, checkAndEnbaleMetaAudio enable:0, sessionid:17585
07-08 17:49:59.399  2085  2763 D AudioPolicyEffects: releaseOutputSessionEffects(): session: 17585, refCount: 0
07-08 17:49:59.399  2085  2763 I AudioEffect: disable 0xb4000075aacd2400
07-08 17:49:59.400  2085  4003 D AudioBoost: removeActiveTrack id 2280
07-08 17:49:59.400  2085  4003 D AudioBoost: doStopBoostForWake id 2280 +++
07-08 17:49:59.400  2085  4003 D AudioBoost: audioSchedBoost, pid=16183, tid=16562, enable=0, ret=0
07-08 17:49:59.400  2085  4003 D AudioBoost: audioSchedBoost, pid=3031, tid=16564, enable=0, ret=0
07-08 17:49:59.400  2085  4003 D AudioBoost: doStopBoostForWake id 2280 ---
07-08 17:49:59.400  3414  4746 I IPCThreadState: oneway function results for code 10007 on binder at 0xb4000071d6ee69e0 will be dropped but finished with status UNKNOWN_TRANSACTION
07-08 17:49:59.400  2085  4003 D AudioFlingerExtImpl: updateMetaScenes mMetaScenesOwnerMap[4]=[0,-1]
07-08 17:49:59.400  2085  4003 D AudioFlingerExtImpl: updateMetaScenes mMetaScenesOwnerMap[5]=[0,-1]
07-08 17:49:59.400  2085  4003 D AudioFlinger_PlaybackThreadExtImpl: addActiveTrackPid isSpatialzierTrackPlaying:0 isMetaTrackPlaying:0 isMetaTrack:0
07-08 17:49:59.400  2085  4003 D AudioFlingerExtImpl: getSplitScreenSwitch: screenSwitch = 0
07-08 17:49:59.400  2085  4003 D AudioFlinger_PlaybackThreadExtImpl: notifyAudioTrackRemove event:atlas_event_audio_track_distroy info:pid:3031,sessionId:17585,streamType:3,sampleRate:48000,flags:6,isOffloadThread:0,deviceTypes:2,hasFastMixer:1,isSpatialized:0,stopvl:0.057,stopvr:0.057,metaAudioScene:0,window_rendering:0,mss_mode:0,mss_ratio_vocal:0,mss_ratio_other:0,volumeswitch:0,trackvolumepkg:rd.sheepskin.sandboxmusic
07-08 17:49:59.400  3414  3631 W QosScheduler: executeSceneQosStrategy failed! qos feature no enable
07-08 17:49:59.400  2085  4003 D AtlasEventUploadUtils: setEvent event:atlas_event_audio_track_distroy
07-08 17:49:59.401  2085  4003 D AudioFlingerExtImpl: removeActiveAudioSession, remove 17585, map size 0
07-08 17:49:59.401  2085  4003 D AudioFlinger: updateWakeLockUids_l AudioOut_D uids:
07-08 17:49:59.401  3414 31914 I OStatsManager_Calc: noteAudio: uid = 10447, start = false
07-08 17:49:59.402  1839 17647 D AHAL: AudioStream: out_update_source_metadata_v7: 1329: track count is 0 for usecase(1: low-latency-playback)
07-08 17:49:59.402  1732  1752 I statsd  : An anomaly (2003000009) (100241)0x10000->0[I]  has occurred! Informing subscribers.
07-08 17:49:59.402  2085  2763 I AudioEffect: Destructor 0xb4000075aacd2400
07-08 17:49:59.402  2085  2763 I AudioFlinger: removeEffect_l(): 0xb40000758720d680, effect = 0xb400007580b6c000, name = Music Listener
07-08 17:49:59.402  2085  2763 D EffectHalHidl: audioSchedBoost, set audiohal task boost, pid=2085, tid=2763, ret=0
07-08 17:49:59.402  1839 11149 V DlbVolumeListener: effectCommand
07-08 17:49:59.402  1839 11149 V DlbVolumeListener: effectCommand :: Command EFFECT_CMD_DISABLE
07-08 17:49:59.403  2085  2763 D EffectHalHidl: audioSchedBoost, set audiohal task boost, pid=2085, tid=2763, ret=0
07-08 17:49:59.403  1839 11149 I EffectsFactory: EffectRelease(): 0xb4000072c248c160
07-08 17:49:59.403  1839 11149 V DlbVolumeListener: release(handle=0xb4000072c2574ce0)
07-08 17:49:59.403  1839 11591 D PregainSynchronizer: notifyGlobalEffects_l() for debug: effect.first(effect type) = 0, ioHandle = 29.
07-08 17:49:59.403  2085  2763 I EffectChain: removeEffect_l() effect 0xb400007580b6c000, removed from chain 0xb400007577a7cbc0 at rank 0
07-08 17:49:59.403  2085  2763 D AudioFlinger_EffectsExtImpl: HoloAudio, checkAndEnbaleMetaAudio enable:0, sessionid:17585
07-08 17:49:59.403  2085  2763 I AudioFlinger: removeEffectChain_l() 0xb400007577a7cbc0 from thread 0xb40000758720d680 for session 17585
07-08 17:49:59.403  2085  2763 I EffectModule: Destructor 0xb400007580b6c000
07-08 17:49:59.403  2085  4003 I EffectChain: ~EffectChain(): delete EffectChain = 0xb400007577a7cbc0
07-08 17:49:59.403  2085  2763 W audioserver: Binder 0xb400007577a8d250 destroyed after setInheritRt before being parceled.
07-08 17:49:59.403  2085  2763 W audioserver: Binder 0xb400007577a8d250 destroyed after setMinSchedulerPolicy before being parceled.
07-08 17:49:59.403  2085  2763 D AudioPolicyEffects: releaseOutputSessionEffects(): output processing released from session: 17585
07-08 17:49:59.403  2085  2763 D AudioPolicyInterfaceImpl: mSessionLatestHandleList removeItem on session 17585, port = 2740
07-08 17:49:59.403  2085  2763 D APM_AudioPolicyManager: stopOutput portId 2740
07-08 17:49:59.403  2085  2763 D APM_AudioPolicyManager: stopOutput() output 13, stream 3, session 17585
07-08 17:49:59.405  1732 17112 W libincident: Failed to fetch OCenter service.
07-08 17:49:59.406  1839 17647 D AHAL: AudioDevice: SetParameters: 1972: enter: volumeStreamAction=stop;volumeStreamType=3
07-08 17:49:59.406  1839 17647 D AHAL: hfp: hfp_set_parameters: 696: enter
07-08 17:49:59.406  1839 17647 D AHAL: hfp: hfp_set_parameters: 701: OPLUS_HFP_SUPPORT is not supported
07-08 17:49:59.406  1839 17647 D AHAL: AudioDevice: SetParameters: 2821: exit
07-08 17:49:59.407  2085  4486 D audioserver: OplusMMListWrapper checkInListByUid end module:allow-get-parameters uid:10208 return true
07-08 17:49:59.408  2085  4486 D audioserver: OplusMMListWrapper checkInListByUid end module:allow-get-parameters uid:10208 return true
07-08 17:49:59.408  2085  2763 D APM_AudioPolicyManager: setOutputDevice() output 13 device AUDIO_DEVICE_NONE force 0 delayMs 122
07-08 17:49:59.411  2085  2763 D GameAudioEffects: hasAliveFastEffectTracks  return (0)
07-08 17:49:59.411  2085  2763 D AudioPolicyManagerExtImpl: oplusSelectOutputForMusicEffects: pendingOutput  => 13  flags => 0x00000006  outputTageName =>primary output outputs.size(4) older music effect ouput(29), hasAliveGameTracks(0)
07-08 17:49:59.411  2085  2763 D AudioPolicyManagerExtImpl: oplusSelectOutputForMusicEffects pending music output is low latency output, but no alive fast effect tracks, block effectchain fallback to primary, set deepbuffer as defaultEffectsOutput instead
07-08 17:49:59.411  4627 10042 I OplusAtlasAudioDataRecorder:  stopPid:3031 stopSession:17585 containsKey:true mAllVolumpMap size:1 packageName: rd.sheepskin.sandboxmusic window_rendering: 0 mReduceVolumeMap size: 0 stopvl: 0.057 stopvr: 0.057 volumeswitch: 0
07-08 17:49:59.411  2085  2763 D GameAudioEffects: hasAliveRequestFastTracks  return (0)
07-08 17:49:59.412  4627 10042 D OplusAtlasFeedback: uploadMMCollectData MM_FB_EventID#20002#TopUidRxt#26#MetaAudioPos#[0.0|0.0|0.0]#MinFC#1536#hasActiveRecords#0#ChannelCount#2#PackageName#rd.sheepskin.sandboxmusic#EffectChains#8#TopUidTxt#3#OldScore#0#mss_ratio_other#0#StreamVolume#62#multivolumeswitch#0#mss_ratio_vocal#0#AppName#Sandbox Music#mode#0#SampleRate#48000#Format#5#MetaAudioScene#0#balance#0.0#IsSpatialized#0#TotalTime#30086#TopActivity##AudioID#5310479b9e3a#StreamType#3#RequestFC#0#mss_mode#0#trackVolumePkg#rd.sheepskin.sandboxmusic#Versioncode#11#FrameCount#1536#StartTime#2026/07/08 17:49:29#stopvr#0.057#UsingDevice#2#stopvl#0.057#Flag#6#NewScore#0#startvl#1.0#startvr#1.0#window_rendering#0#Foreground#1#Id#13#NetState#1
07-08 17:49:59.412  5703  5703 D SysBroadcastReceiver: android.media.ACTION_AUDIO_PLAYBACK_STATE_CHANGED
07-08 17:49:59.413  5703  5703 D SysBroadcastReceiver: EventId=1010003	ID_AUDIO_PLAYBACK_STATE_CHANGED	TimeStamp =1783529399413	Intent =Intent { act=android.media.ACTION_AUDIO_PLAYBACK_STATE_CHANGED flg=0x4000010 xflg=0x4 (has extras) }	Content =null	Pid =0	PkgName =null
07-08 17:49:59.413  5703  8119 W AppSenseEventManager: handleMessage dispatcher is null.
07-08 17:49:59.417  5522  5789 I AMC     : [TriggerForeground] update top pkg to:null
07-08 17:49:59.565  3414  6103 I AICCTModule: SensorFilter: brightness threshold 1.2 screenNit is 2.012943 ave enviroment lux is 89.78555 luxForNit 77.092026demarcationPoint200.0 result is false
07-08 17:49:59.566  3414  6103 I AICCTModule: SensorFilter: findSecondNearestValue, sensorValue: 5704.0015 nearestMaxValue:5704.0015 secondNearestValue: 5704.0015
07-08 17:49:59.566  3414  6103 I AICCTModule: SensorFilter: findSecondNearestValue, sensorValue: 89.71251 nearestMaxValue:89.71251 secondNearestValue: 89.71251
07-08 17:49:59.599  5703  7977 D CommonApp-116-10162: transport layer data is invalid
07-08 17:49:59.600  5703  7977 D CommonApp-116-10447: commonScoreStrategy scenarios 5 mdnsScore=0
07-08 17:49:59.600  5703  7977 D CommonApp-116-10447: notifyScoreChange appScene COMMON score 100
07-08 17:49:59.603  1890  1890 I [UAH_CLIENT]: UahPlatformResAcquire
07-08 17:49:59.603  1890  1890 I [UAH_CLIENT]: UahEventAcquire, cmdid:-3, pkg:2141 7900, identity:qcom-perfd
07-08 17:49:59.609  1854 27844 I sensors-hal: handle_oplus_wise_rgb_event:160, wise_rgb:(21481)(cct,lux,ir)[8150.12, 93.81, 83.584305](rgbc)[4184.88, 2340.55, 1642.13, 6997.75](pwm,hbm,brl,algo)[0.0 0.0 36.0 2.0],flag 0
07-08 17:49:59.610  1890  2036 E ANDR-PERF-RESOURCEQS: ANDR-PERF-RESOURCEQS: AddAndApply() 125: Resource with major=16, minor=0 not supported
07-08 17:49:59.628  1890 17114 I [UAH_CLIENT]: UahRelease, handle:298937
07-08 17:49:59.663  3031 16187 D Capacitor: Handling CapacitorHttp request: https://localhost/_capacitor_http_interceptor_?u=https%3A%2F%2Fitunes.apple.com%2Flookup%3Fid%3D1566145172%26entity%3Dalbum%26limit%3D100
07-08 17:49:59.666  3031 16187 I CapacitorCookies: Getting cookies at: 'https://itunes.apple.com/lookup?id=1566145172&entity=album&limit=100'
07-08 17:49:59.726  2323  2323 I adbd    : adbd service requested 'shell,v2,TERM=dumb:export ANDROID_LOG_TAGS=''; exec logcat '-d' '-t' '40000''

