06-18 23:04:47.279  3480  3566 V WindowManager:  mOplusExtraBundle = Bundle[{androidx.flexible.taskFrame=Rect(0, 0 - 0, 0), topOpaqueSystemBarsAppearance=0, androidx.flexible.Alpha=1.0, androidx.activity.task.attach.blur=0, androidx.flexible.task_snapshot_mode=1, androidx.activity.LaunchInsensible=0, androidx.activity.LaunchCornerRadius=0, key_flexible_task_state=0, topActivitySupportAppInnerSplit=false, key_flexible_task_animating_type=-1, key_flexible_task_root_activity_processname=rd.sheepskin.sandboxmusic, androidx.activity.LaunchScenario=0, is_oplus_clone_task=false, flexible_super_mini_state=false, topRunningActivityHash=11447004, flexible.floatwindow.is_multi_instance=false, androidx.activity.LaunchScale=1.0, androidx.activity.LaunchShadowRadius=0, is_transient_hide_for_task_info=false, androidx.activity.key_flexible_task_pending_exit_to=0, key_flexible_task_root_activity_pid=31678, key_flexible_task_root_activity_uid=10445}]}, pipChange = null, remoteTransition = null, displayChange = null, flags = 16, debugId = 16624 }
06-18 23:04:47.279  3480  3566 V WindowManager:     startWCT=WindowContainerTransaction { changes= {} hops= [] errorCallbackToken=null taskFragmentOrganizer=null }
06-18 23:04:47.279  3480  3566 V WindowManager:     info={id=16624 t=CLOSE f=0x10 trk=0 r=[] c=[] 
06-18 23:04:47.279  3480  3566 V WindowManager: extendInfo=[
06-18 23:04:47.279  3480  3566 V WindowManager:  OplusTransitionExtendedInfo{mTmpFinishT=null, mInOplusCompatMode=false, mIsProcessRunning=false, mHasMismatchBoundsTarget=false, mRecentsController=null, mRemoteTransition=null, mIsTranslucentActivityToHome=false, mAvoidInterceptKeyEventToHome=false, mIsFromHome=false, mParentLeash=null, mBackAnimClosingLeash=null, mReparentToRecentsSurface=null, mIsOplusAnimRes=false, mKeepBgForContinuous=false, mIsBalAllow=false, mTaskNotInRecent=false, mIsPredictiveBackAnim=false, mIsMergedWithPredictive=false, mIsLaunchFromSpruce=false, mIsLaunchFromDrive=false, mGlobalSearchPageSwitch=false, mNeedNoAlphaGlobalSearchScene=false, mAssistScreenShowing=false, mSwipeUpBrowserScreenShowing=false, mUserIdTransition=-1
06-18 23:04:47.279  3480  3566 V WindowManager: , mInRemoteScene=false, mInPreReady=false, mPreStart=false, mToken=null, mAbortByRemoteFromHome=false, mShellApplyToken=null, mRequestTransitionTaskId=12343, mAbortTransitionOnShell=0, mStartFromShortcut=false, mRemovedTaskId=-1, mTransitionInterruptType=0, mMergeSecondTaskId=-1, mIsStartAheadSpruce=false, mTaskIdStartFromRecents=0, mTransitionId=16624, mCanUseSpringSlideAnim=false, mTransitionLaunchFrom=0, mFoldChangeType=-1, mAnimStartingPosition=[0, 0, 0, 0], mIsOpeningStkDialogActivity=false, mSecondaryHomeToFrontWhenUnFolding=false, mIsNeedApplyStartTForEmbedded=false
06-18 23:04:47.279  3480  3566 V WindowManager: , mNeedCanvasExitAnim=false, mMergeSecondTaskAnimation=false, mIsLaunchUnityStart=false, mIsLaunchFromAssistantByDefault=false, mSkipRemoteTransitionfalse, mPromoteTaskWhenKeyguard-1, mIsStartFromKeyguard=false, mMatchRemoteFilter=false flags=0x0, mFlexibleTaskIdList=[], mExpectEndRectState=-1, mFlexibleWindowForRecentTasks=false, mRecentTaskIdList=[], mWCT=null, mIsOpenMergeToInValidPredictive=false, mRootLayerZOrderArray={}}]}
06-18 23:04:47.290  3480  4181 I BLASTSyncEngine: onCommitted syncId: 16624, timeout: false ran: false
06-18 23:04:47.290  3480  4181 D Transition: finishTransaction-onCommitted syncId=16624
06-18 23:04:47.300  3480  3567 D WindowManager: NFW_findFocusedWindowIfNeeded:Window{7053417 u0 Application Error: rd.sheepskin.sandboxmusic} mCurrentFocus:Window{b243209 u0 com.whatsapp/com.whatsapp.Conversation}
06-18 23:04:47.300  3480  3567 V WindowManager: Changing focus from Window{b243209 u0 com.whatsapp/com.whatsapp.Conversation} to Window{7053417 u0 Application Error: rd.sheepskin.sandboxmusic},diplayid=0
06-18 23:04:47.301  3480  3567 I WindowManager: addWindow: New client android.view.OplusViewRootImplHooks$ColorW@4a023b1 : window=Window{7053417 u0 Application Error: rd.sheepskin.sandboxmusic}
06-18 23:04:47.301  3480  3567 D ActivityTaskManager: The isLandscapeFullscreenEnabled is: com.whatsapp/.Conversation
06-18 23:04:47.301  3480  3567 D ActivityTaskManager: The isLandscapeFullscreenEnabled is: com.whatsapp/.Conversation
06-18 23:04:47.306  3480  3567 D CoreBackPreview: Window{7053417 u0 Application Error: rd.sheepskin.sandboxmusic}: Setting back callback OnBackInvokedCallbackInfo{mCallback=android.window.WindowOnBackInvokedDispatcher$OnBackInvokedCallbackWrapper@39f517a, mPriority=-1, mIsAnimationCallback=false, mOverrideBehavior=0}
06-18 23:04:47.306  3480  3728 D VRR [OPlusRefreshRateService]: handleConfigIdChange physicalDisplayId: 4630946450791512195 configId: 0 renderPeriod: 16666667
06-18 23:04:47.307  3480  3728 D VRR [OPlusGameStatusManager]: updateGameState mOSyncFeatureSwitch: false mIsGamePolicy: false
06-18 23:04:47.307  3480  3728 D VRR [OPlusGameStatusManager]: updateGameAccelerationStatus pkgName: com.whatsapp mOSyncFeatureSwitch: false mIsGamePolicy: false mHeartStop: false mHasFlickerRisk: false mForceAcceleration: false mToastReady: false enable: false
06-18 23:04:47.307  3480  3567 V WindowManager: Relayout Window{7053417 u0 Application Error: rd.sheepskin.sandboxmusic}: viewVisibility=0, oldvis=0, req=1440x1056 , apr = 0, , x=0, y=0
06-18 23:04:47.308  3480  3567 I WindowManager: Window{7053417 u0 Application Error: rd.sheepskin.sandboxmusic} state from NO_SURFACE to DRAW_PENDING; reason: resetDrawState
06-18 23:04:47.310  3480  3567 D WindowManager: NFW_findFocusedWindowIfNeeded:Window{7053417 u0 Application Error: rd.sheepskin.sandboxmusic} mCurrentFocus:Window{7053417 u0 Application Error: rd.sheepskin.sandboxmusic}
06-18 23:04:47.310  3480  3567 D ActivityTaskManager: The isLandscapeFullscreenEnabled is: com.whatsapp/.Conversation
06-18 23:04:47.310  3480  3567 D ActivityTaskManager: The isLandscapeFullscreenEnabled is: com.whatsapp/.Conversation
06-18 23:04:47.333  3480  3567 I WindowManager: Window{7053417 u0 Application Error: rd.sheepskin.sandboxmusic} state from DRAW_PENDING to COMMIT_DRAW_PENDING; reason: finishDrawingLocked
06-18 23:04:47.333 32167  9104 W ContextImpl: Calling a method in the system process without a qualified user: android.app.ContextImpl.startService:2032 android.content.ContextWrapper.startService:865 com.oplus.crashbox.CrashBoxAppState.lambda$init$1:31 com.oplus.crashbox.CrashBoxAppState.a:0 O.b.run:9 
06-18 23:04:47.334  3480  3571 I WindowManager: Window{7053417 u0 Application Error: rd.sheepskin.sandboxmusic} state from COMMIT_DRAW_PENDING to READY_TO_SHOW; reason: commitFinishDrawingLocked
06-18 23:04:47.335  3480  3571 I WindowManager: Window{7053417 u0 Application Error: rd.sheepskin.sandboxmusic} state from READY_TO_SHOW to HAS_DRAWN; reason: performShowLocked
06-18 23:04:47.338  3480  3572 D SurfaceAnimationRunner: onAnimationStart:Surface(name=Surface(name=7053417 Application Error: rd.sheepskin.sandboxmusic)/@0xf118283 - animation-leash of window_animation)/@0x48aac00
06-18 23:04:47.355  3480  3572 D SurfaceAnimationRunner: onAnimationStart:Surface(name=Dim Layer for - Display 0 name="Built-in Screen")/@0xad1fb18
06-18 23:04:47.357  3480  3728 D VRR [OPlusSAManager]: updateAutoMinfps for 4630946450791512195 with nits: 149.10336, mHistOK true, mAmbientOK true, mCctOK true, mIrOK true, mBrightnessOK true, isPkgOK true, SA min fps: 119
06-18 23:04:47.359  3480  3480 I NotificationService: Cannot find enqueued record for key: 0|rd.sheepskin.sandboxmusic|88001|null|10445
06-18 23:04:47.362  3480  3480 I NotificationService: Cannot find enqueued record for key: 0|rd.sheepskin.sandboxmusic|88001|null|10445
06-18 23:04:47.398  3480  3480 I NotificationService: Cannot find enqueued record for key: 0|rd.sheepskin.sandboxmusic|88001|null|10445
06-18 23:04:47.401  3480  3480 I NotificationService: Cannot find enqueued record for key: 0|rd.sheepskin.sandboxmusic|88001|null|10445
06-18 23:04:47.409  3480  3480 I NotificationService: Cannot find enqueued record for key: 0|rd.sheepskin.sandboxmusic|88001|null|10445
06-18 23:04:47.415  3480  3480 I NotificationService: Cannot find enqueued record for key: 0|rd.sheepskin.sandboxmusic|88001|null|10445
06-18 23:04:47.504  3480  3572 D SurfaceAnimationRunner: onAnimationEnd:Surface(name=Surface(name=7053417 Application Error: rd.sheepskin.sandboxmusic)/@0xf118283 - animation-leash of window_animation)/@0x48aac00
06-18 23:04:47.521  3480  3572 D SurfaceAnimationRunner: onAnimationEnd:Surface(name=Dim Layer for - Display 0 name="Built-in Screen")/@0xad1fb18
06-18 23:04:47.724  3480  9558 D OplusMediaControlService: dispatch getHistoryMediaPlayerInfoList
06-18 23:04:47.725  3480  9558 I OplusMediaControlService: getHistoryMediaPlayerInfoList historyInfoList size: 0
06-18 23:04:47.860  3480  3728 D VRR [OPlusSAManager]: updateAutoMinfps for 4630946450791512195 with nits: 149.10336, mHistOK true, mAmbientOK true, mCctOK true, mIrOK true, mBrightnessOK true, isPkgOK true, SA min fps: 119
06-18 23:04:47.888  3480  3596 V BatteryExternalStatsWorker: WiFi energy data was reset, new WiFi energy data is WifiActivityEnergyInfo{ mTimeSinceBootMillis=1069009572 mStackState=3 mControllerTxDurationMillis=0 mControllerRxDurationMillis=0 mControllerScanDurationMillis=0 mControllerIdleDurationMillis=0 mControllerEnergyUsedMicroJoules=0 }
06-18 23:04:47.906  3480  3596 D KernelCpuUidUserSysTimeReader: Removing uids 99404-99404
06-18 23:04:48.343  3480  4448 V NetworkPolicy: updateNetworkEnabledNL() return
06-18 23:04:48.344  3480  4448 V NetworkPolicy: updateNotificationsNL not process
06-18 23:04:48.930  3480  4187 D osense.compress: com.google.android.gms do shrink, target ratio = 45, final ratio = 90, cur ratio = 0
06-18 23:04:49.602  3480  9558 I ActivityManager: Killing 29639:me.proton.android.calendar/u0a328 (adj 995): empty #65
06-18 23:04:49.612  3480  9558 I ActivityManager: Killing 29244:org.breezyweather/u0a477 (adj 995): empty #66
06-18 23:04:49.660  3480  4181 I ActivityManager: Death received, pid = 29639, processName = me.proton.android.calendar for thread android.os.BinderProxy@b59ad13
06-18 23:04:49.660  3480  4180 I ActivityManager: Death received, pid = 29244, processName = org.breezyweather for thread android.os.BinderProxy@b9093f2
06-18 23:04:51.323  3480   457 D PowerManagerService: userActivityNoUpdateLocked: groupId=0, eventTime=448778557, event=touch, flags=0x0, uid=1000
06-18 23:04:51.327  3480   457 D PowerManagerService: userActivityNoUpdateLocked: groupId=0, eventTime=448778557, event=touch, flags=0x0, uid=1000
06-18 23:04:51.356  3480  3726 D OplusFeatureDMR[display=0]: onConfigChanged threadId=65 threadName=OplusDisplayWorkHandler physicalDisplayId=4630946450791512195 modeId=2  
06-18 23:04:51.357  3480  3570 I DisplayDeviceRepository: Display device changed render timings: "Built-in Screen", renderFrameRate=120.00001, presentationDeadlineNanos=11333333, appVsyncOffsetNanos=1000000, frameRateOverrides=[]
06-18 23:04:51.358  3480  3570 D DisplayManagerService: Delivering display event: displayId=0, event=EVENT_DISPLAY_REFRESH_RATE_CHANGED
06-18 23:04:51.396  3480  3567 D WindowManager: DeferredDisplayUpdater: partially applying DisplayInfo(1440 x 3168) immediately
06-18 23:04:51.398  3480  3567 D OplusVFXScreenEffectFeature: notifySFCompatWindowStateChange entered false
06-18 23:04:51.398  3480  3567 D FSS_FoldScreenBlackCoverController: displayChangeToOn, dc:Display{#0 state=ON size=1440x3168 ROTATION_0}
06-18 23:04:51.404  3480  3567 D CoreBackPreview: Window{7053417 u0 Application Error: rd.sheepskin.sandboxmusic}: Setting back callback null
06-18 23:04:51.405  3480  4705 W ActivityTaskManager: callingPackage for (uid=1000, pid=3480) is ambiguous: [android, com.oplus.appplatform, com.android.providers.settings, com.android.server.telecom, com.oplus.athena, com.android.location.fused]
06-18 23:04:51.407  3480  4705 D WindowManager: NFW_setClientVisible:ActivityRecord{261209269 u0 com.android.settings/.applications.InstalledAppDetails clientVisible:true
06-18 23:04:51.407  3480  3728 D VRR [OPlusRefreshRateService]: handleConfigIdChange physicalDisplayId: 4630946450791512195 configId: 2 renderPeriod: 8333333
06-18 23:04:51.408  3480  4705 D FlexibleTaskController: isSupportFlexibleWindow target = com.android.settings/.applications.InstalledAppDetailsTop callPkg = FlexibleTaskController support = true ,caller = 3480
06-18 23:04:51.408  3480  4705 I AppSnapshotController: init, sysSupport = true, mActivitySupport = false, activityRecord = ActivityRecord{261209269 u0 com.android.settings/.applications.InstalledAppDetails t-1}
06-18 23:04:51.408  3480  3728 D VRR [OPlusGameStatusManager]: updateGameState mOSyncFeatureSwitch: false mIsGamePolicy: false
06-18 23:04:51.408  3480  3728 D VRR [OPlusGameStatusManager]: updateGameAccelerationStatus pkgName: com.whatsapp mOSyncFeatureSwitch: false mIsGamePolicy: false mHeartStop: false mHasFlickerRisk: false mForceAcceleration: false mToastReady: false enable: false
06-18 23:04:51.408  3480  3580 W QosScheduler: executeSceneQosStrategy failed! qos feature no enable
06-18 23:04:51.409  3480  4705 D FlexibleWindowManagerService: isIgnoreAppearedAcrossTask:false
06-18 23:04:51.410  3480  4705 D FlexibleWindowManagerService: isIgnoreAppearedAcrossTask:false
06-18 23:04:51.410  3480  4705 D FlexibleTaskController: findSourceTaskForFreeForm: sourceRecord = null ,realCallingPid:3480 ,launchFromZoomMode:false ,prevTopTask:Task{5dd78b1 #12342 type=standard A=10422:com.whatsapp}
06-18 23:04:51.410  3480  4705 D FlexibleTaskController: findSourceTaskForFreeForm: the caller is not a flexible freeform window application and does not have a zoom windowMode startup parameter
06-18 23:04:51.410  3480  4705 D FlexibleTaskController: adjustOptionsForFlexibleTask not allow options follow process task's options, reason:9 ,reusedOptions:null
06-18 23:04:51.410  3480  4705 D FlexibleTaskController: isSupportFlexibleWindow target = com.android.settings/.applications.InstalledAppDetailsTop callPkg = FlexibleTaskController support = true ,caller = 3480
06-18 23:04:51.411  3480  4705 D CompactServiceDelegate: updateDecorsManagerIfNeed return because not attachToProcess task:Task{6b15ebb #12344 type=standard}
06-18 23:04:51.411  3480  4705 D CompactServiceDelegate: updateDecorsManagerIfNeed return because not attachToProcess task:Task{6b15ebb #12344 type=standard}
06-18 23:04:51.412  3480  4705 D ActivityTaskManager: The isLandscapeFullscreenEnabled is: com.android.settings/.applications.InstalledAppDetails
06-18 23:04:51.412  3480  4705 D TaskExtImpl: setScenario --> 0 for #12344
06-18 23:04:51.412  3480  4705 D ActivityTaskManager: The isLandscapeFullscreenEnabled is: com.android.settings/.applications.InstalledAppDetails
06-18 23:04:51.412  3480  4705 D ActivityTaskManager: The isLandscapeFullscreenEnabled is: com.android.settings/.applications.InstalledAppDetails
06-18 23:04:51.412  3480  4705 D ActivityTaskManager: The isLandscapeFullscreenEnabled is: com.android.settings/.applications.InstalledAppDetails
06-18 23:04:51.412  3480  4705 D ActivityTaskManager: The isLandscapeFullscreenEnabled is: com.android.settings/.applications.InstalledAppDetails
06-18 23:04:51.412  3480  4705 D ActivityTaskManager: The isLandscapeFullscreenEnabled is: com.android.settings/.applications.InstalledAppDetails
06-18 23:04:51.413  3480  4705 D SecondaryPageStartupPolicy: checkSecondaryPageStartupStatus not support sourcePackage=android
06-18 23:04:51.414  3480  4705 D OplusStartingWindowManager: we don't revise window flags for system activity :ActivityRecord{261209269 u0 com.android.settings/.applications.InstalledAppDetails t12344}
06-18 23:04:51.414  3480  4705 D ActivityTaskManager: validateStartingWindowTheme:  Pkg=com.android.settings, Translucent=false, Floating=false, ShowWallpaper=false, Disable=false, LaunchSource=1, Prev=null, LaunchedFromPackage=android
06-18 23:04:51.414  3480  4705 D ActivityTaskManager: addStartingWindow for ActivityRecord{261209269 u0 com.android.settings/.applications.InstalledAppDetails t12344}, mainWin=null, state=INITIALIZING, isKeyguardLocked=false, isKeyguardGoingAway=false
06-18 23:04:51.414  3480  4705 D ActivityTaskManager: getStartingWindowType: , newTask=true, taskSwitch=true, processRunning=true, allowTaskSnapshot=true, activityCreated=false, activityAllDrawn=false, snapshot exist: false
06-18 23:04:51.414  3480  4705 D ActivityRecordExtImpl: handleStartingWindowForCompactWindow origin type:2, adjustType : 2
06-18 23:04:51.415  4908  4998 D PhoneStartingWindowTypeAlgorithm: preferredStartingWindowType newTask=true, taskSwitch=true, processRunning=true, allowTaskSnapshot=true, activityCreated=false, isSolidColorSplashScreen=false, legacySplashScreen=false, activityDrawn=false, windowless=false, topIsHome=false
06-18 23:04:51.415  4908  4998 D OplusShellStartingWindowManager: getReviseStartingWindowType not support, windowInfo is null
06-18 23:04:51.417  3480  4705 D TaskFragmentExtImpl: shouldSetReadyFalse and resumedActivity: ActivityRecord{261209269 u0 com.android.settings/.applications.InstalledAppDetails t12344} prev: ActivityRecord{180766152 u0 com.whatsapp/.Conversation t12342} prev.isVisible(): true resumedLaunchFromLauncher: false prevLaunchFromApp: true transitionType: 1
06-18 23:04:51.418  4908  4978 V WindowManagerShell: Transition requested (#16625): android.os.BinderProxy@d0d6327 TransitionRequestInfo { type = OPEN, triggerTask = TaskInfo{userId=0 taskId=12344 effectiveUid=1000 displayId=0 isRunning=true baseIntent=Intent { act=android.settings.APPLICATION_DETAILS_SETTINGS dat=package: flg=0x10000000 cmp=com.android.settings/.applications.InstalledAppDetails mCallingUid=1000 } baseActivity=ComponentInfo{com.android.settings/com.android.settings.applications.InstalledAppDetailsTop} topActivity=ComponentInfo{com.android.settings/com.android.settings.applications.InstalledAppDetailsTop} origActivity=ComponentInfo{com.android.settings/com.android.settings.applications.InstalledAppDetails} realActivity=ComponentInfo{com.android.settings/com.android.settings.applications.InstalledAppDetailsTop}
06-18 23:04:51.418  4908  4978 V WindowManagerShell:  numActivities=1 lastActiveTime=1069013101 supportsSplitScreenMultiWindow=true supportsMultiWindow=true supportsPocketStudioMultiWindow=true isInFlexibleEmbedded = false uid = 1000 pid = 0 resizeMode=1 isResizeable=true minWidth=-1 minHeight=-1 defaultMinSize=220 token=WCT{android.window.IWindowContainerToken$Stub$Proxy@a1349d4} topActivityType=1 pictureInPictureParams=null shouldDockBigOverlays=false launchIntoPipHostTaskId=-1 lastParentTaskIdBeforePip=-1 displayCutoutSafeInsets=Rect(0, 160 - 0, 0)
06-18 23:04:51.418  4908  4978 V WindowManagerShell:  topActivityInfo=ActivityInfo{8ad377d com.android.settings.applications.InstalledAppDetails} launchCookies=[] positionInParent=Point(0, 0) parentTaskId=-1 isFocused=false isVisible=false isVisibleRequested=false isTopActivityNoDisplay=false isSleeping=false locusId=null displayAreaFeatureId=1 isTopActivityTransparent=false isActivityStackTransparent=false lastNonFullscreenBounds=Rect(352, 845 - 1089, 2285) capturedLink=null capturedLinkTimestamp=0 requestedVisibleTypes=-9 topActivityRequestOpenInBrowserEducationTimestamp=0
06-18 23:04:51.418  4908  4978 V WindowManagerShell:  appCompatTaskInfo=AppCompatTaskInfo { topActivityInSizeCompat=false topActivityInOplusCompatMode=false eligibleForLetterboxEducation= false isLetterboxEducationEnabled= false isLetterboxDoubleTapEnabled= false eligibleForUserAspectRatioButton= false topActivityBoundsLetterboxed= false isFromLetterboxDoubleTap= false topActivityLetterboxVerticalPosition= -1 topActivityLetterboxHorizontalPosition= -1 topActivityLetterboxWidth=-1 topActivityLetterboxHeight=-1 topActivityAppBounds=Rect(0, 0 - 1440, 3168) isUserFullscreenOverrideEnabled=false isSystemFullscreenOverrideEnabled=false hasMinAspectRatioOverride=false topActivityLetterboxBounds=null cameraCompatTaskInfo=CameraCompatTaskInfo { freeformCameraCompatMode=inactive}} topActivityMainWindowFrame=null topActivityLetterboxInsets=Rect(0, 0 - 0, 0)
06-18 23:04:51.418  4908  4978 V WindowManagerShell:  mOplusExtraBundle = Bundle[mParcelledData.dataSize=1768]}, pipChange = null, remoteTransition = null, displayChange = null, flags = 0, debugId = 16625 }
06-18 23:04:51.418  4908  4978 D ShellSplitScreen: logExit: no-op, mLoggerSessionId is null
06-18 23:04:51.418  3480  4705 D osense.compress: notifyActivityLaunched pkgName = com.android.settings, userId = 0
06-18 23:04:51.418  3480  4705 I ActivityTaskManager: START u0 {act=android.settings.APPLICATION_DETAILS_SETTINGS dat=package: flg=0x10000000 xflg=0x4 cmp=com.android.settings/.applications.InstalledAppDetails mCallingUid=1000} with LAUNCH_MULTIPLE from uid 1000 (BAL_ALLOW_NON_APP_VISIBLE_WINDOW (callingUid has non-app visible window {2003=1})) result code=0
06-18 23:04:51.421  3480  4705 D RefreshRate: Trigger app switch boost, ar=ActivityRecord{261209269 u0 com.android.settings/.applications.InstalledAppDetails t12344},currDisplayRate=120.00001,boostId=3
06-18 23:04:51.421  3480  4705 D RefreshRate: setDisplayConfigSpecs complete: targetMode={id=3, width=1440, height=3168, fps=120.00001, vsync=120.00001, synthetic=false, alternativeRefreshRates=[60.000004, 90.0], supportedHdrTypes=[1, 2, 3, 4]},srcMode={id=3, width=1440, height=3168, fps=120.00001, vsync=120.00001, synthetic=false, alternativeRefreshRates=[60.000004, 90.0], supportedHdrTypes=[1, 2, 3, 4]},sfModId=2,rate=120.00001
06-18 23:04:51.421  3480  4705 D RefreshRate: startAppSwitchBoost targetMode={id=3, width=1440, height=3168, fps=120.00001, vsync=120.00001, synthetic=false, alternativeRefreshRates=[60.000004, 90.0], supportedHdrTypes=[1, 2, 3, 4]} record=ActivityRecord{261209269 u0 com.android.settings/.applications.InstalledAppDetails t12344}: votes=PRIORITY_START_ANIMATION_BOOST -> Vote{mRefreshRate=120.0, mMinRefreshRate=120.0, mRequestSource=null};PRIORITY_WINDOW_REQUEST -> Vote{mRefreshRate=120.0, mMinRefreshRate=120.0, mRequestSource=null};
06-18 23:04:51.421  3480  3728 D RefreshRate: do setDisplayConfigSpecs  
06-18 23:04:51.421  3480  4705 I ActivityTaskManager: The Process com.android.settings Already Exists in BG. So sending its PID: 3385
06-18 23:04:51.421  3480  4705 D ActivityTaskManager: setAppVisibility(Token{4047fd8 ActivityRecord{261209269 u0 com.android.settings/.applications.InstalledAppDetails t12344}}, visible=true):  visible=false mVisibleRequested=false
06-18 23:04:51.422  3480  4705 D ActivityTaskManager: setVisibility(Token{4047fd8 ActivityRecord{261209269 u0 com.android.settings/.applications.InstalledAppDetails t12344}}, visible=true) defer commitVisibility for transition collecting
06-18 23:04:51.422  3480  4705 D ActivityTaskManager: setAppVisibility(Token{db90586 ActivityRecord{180766152 u0 com.whatsapp/.Conversation t12342}}, visible=false):  visible=true mVisibleRequested=true
06-18 23:04:51.422  3480  3728 D DisplayModeDirector: setAppRequest displayId : 0  modeId: 3  requestedRefreshRate: 120.00001  requestedMinRefreshRateRange: 120.00001  requestedMaxRefreshRateRange: 120.00001
06-18 23:04:51.422  3480  4705 D ActivityTaskManager: setVisibility(Token{db90586 ActivityRecord{180766152 u0 com.whatsapp/.Conversation t12342}}, visible=false) defer commitVisibility for transition collecting
06-18 23:04:51.422  3480  4705 D ActivityTaskManager: The isLandscapeFullscreenEnabled is: com.android.settings/.applications.InstalledAppDetails
06-18 23:04:51.422  3480  4705 D ActivityTaskManager: The isLandscapeFullscreenEnabled is: com.android.settings/.applications.InstalledAppDetails
06-18 23:04:51.422  3480  4705 I WindowContainerExtImpl: ActivityRecord{261209269 u0 com.android.settings/.applications.InstalledAppDetails t12344} uses SCREEN_ORIENTATION_BEHIND!!!
06-18 23:04:51.422  3480  4705 D ActivityTaskManager: The isLandscapeFullscreenEnabled is: com.whatsapp/.Conversation
06-18 23:04:51.422  3480  4705 D ActivityTaskManager: The isLandscapeFullscreenEnabled is: com.whatsapp/.Conversation
06-18 23:04:51.422  3480  4705 D ActivityTaskManager: The isLandscapeFullscreenEnabled is: com.whatsapp/.Conversation
06-18 23:04:51.422  3480  4705 D FlexibleTaskController: isFullToFlexibleAnimating: false
06-18 23:04:51.422  3480  4705 D WindowManager: rotation(ROTATION_0) no changed  displayId = 0, lastOrientation = -1
06-18 23:04:51.422  3480  4705 D ActivityTaskManager: The isLandscapeFullscreenEnabled is: com.android.settings/.applications.InstalledAppDetails
06-18 23:04:51.422  3480  4705 D ActivityTaskManager: The isLandscapeFullscreenEnabled is: com.android.settings/.applications.InstalledAppDetails
06-18 23:04:51.422  3480  4705 D ActivityTaskManager: The isLandscapeFullscreenEnabled is: com.android.settings/.applications.InstalledAppDetails
06-18 23:04:51.422  3480  4705 D ActivityTaskManager: The isLandscapeFullscreenEnabled is: com.android.settings/.applications.InstalledAppDetails
06-18 23:04:51.422  3480  4705 D ActivityTaskManager: The isLandscapeFullscreenEnabled is: com.android.settings/.applications.InstalledAppDetails
06-18 23:04:51.422  3480  4705 D ActivityTaskManager: The isLandscapeFullscreenEnabled is: com.android.settings/.applications.InstalledAppDetails
06-18 23:04:51.422  3480  4705 D ActivityTaskManager: The isLandscapeFullscreenEnabled is: com.android.settings/.applications.InstalledAppDetails
06-18 23:04:51.422  3480  4705 I WindowContainerExtImpl: ActivityRecord{261209269 u0 com.android.settings/.applications.InstalledAppDetails t12344} uses SCREEN_ORIENTATION_BEHIND!!!
06-18 23:04:51.422  3480  4705 D ActivityTaskManager: The isLandscapeFullscreenEnabled is: com.whatsapp/.Conversation
06-18 23:04:51.422  3480  4705 D ActivityTaskManager: The isLandscapeFullscreenEnabled is: com.whatsapp/.Conversation
06-18 23:04:51.422  3480  4705 D ActivityTaskManager: The isLandscapeFullscreenEnabled is: com.whatsapp/.Conversation
06-18 23:04:51.422  3480  4705 D ActivityTaskManager: The isLandscapeFullscreenEnabled is: com.android.settings/.applications.InstalledAppDetails
06-18 23:04:51.422  3480  4705 D ActivityTaskManager: setAppVisibility(Token{4047fd8 ActivityRecord{261209269 u0 com.android.settings/.applications.InstalledAppDetails t12344}}, visible=true):  visible=false mVisibleRequested=true
06-18 23:04:51.422  3480  4705 D ActivityTaskManager: setVisibility(Token{4047fd8 ActivityRecord{261209269 u0 com.android.settings/.applications.InstalledAppDetails t12344}}, visible=true) defer commitVisibility for transition collecting
06-18 23:04:51.422  3480  4705 D OplusDexOptimizeManager: Do not in AppLaunchOptList, and is systemApp, don't need start-app or repair-dex com.android.settings
06-18 23:04:51.423  3480  3726 D OplusFeatureDMR[display=0]: onConfigChanged threadId=65 threadName=OplusDisplayWorkHandler physicalDisplayId=4630946450791512195 modeId=2  
06-18 23:04:51.425  3480  4705 D ActivityTaskManager: onWindowFocusChanged Task{6b15ebb #12344 type=standard A=1000:.applications.InstalledAppDetailsTop} would transfer to compact
06-18 23:04:51.425  3480  3580 I UserAwareMgr: handleTopAppChanged: com.android.settings, pid: 3385, uid: 1000
06-18 23:04:51.426  3480  3580 I UserAwareMgr: can not find matched top app: com.android.settings
06-18 23:04:51.426  3480  4705 D ActivityTaskManager: NFW_setLastResumedActivityUncheckLocked:true r:ActivityRecord{261209269 u0 com.android.settings/.applications.InstalledAppDetails t12344} currentFocus:Window{7053417 u0 Application Error: rd.sheepskin.sandboxmusic}
06-18 23:04:51.426  3480  4705 D WindowManager: NFW_findFocusedWindowIfNeeded:Window{7053417 u0 Application Error: rd.sheepskin.sandboxmusic} mCurrentFocus:Window{7053417 u0 Application Error: rd.sheepskin.sandboxmusic}
06-18 23:04:51.426  3480  4705 D FlexibleTaskController: onTaskFocusChanged prevTask:Task{5dd78b1 #12342 type=standard A=10422:com.whatsapp} ,currentTask:Task{6b15ebb #12344 type=standard A=1000:.applications.InstalledAppDetailsTop}, reason: realStartActivityLocked - onActivityStateChanged
06-18 23:04:51.426  3480  4705 D OplusFlexibleDCSManager: onNextPkgChanged pkg = com.android.settings
06-18 23:04:51.426  3480  4705 I OplusJoystickManager: handleApplicationSwitch deprecated!
06-18 23:04:51.426  3480  4705 I GameManagerServiceExt-GameManagerServiceExt: on FG change: com.whatsapp|com.android.settings
06-18 23:04:51.426  3480  4705 I OplusAppSwitchManagerService: com.android.settings notifyGcSupression , firstStart = false
06-18 23:04:51.427  3480  4705 D ActivityTaskManager: The isLandscapeFullscreenEnabled is: com.android.settings/.applications.InstalledAppDetails
06-18 23:04:51.427  3480  4705 D ActivityRecordExtImpl:  setIsWaitingForAppResume for ActivityRecord{261209269 u0 com.android.settings/.applications.InstalledAppDetails t12344} isWaiting true
06-18 23:04:51.427  3480  4705 D ActivityTaskManager: The isLandscapeFullscreenEnabled is: com.android.settings/.applications.InstalledAppDetails
06-18 23:04:51.428  3480  3728 D VRR [OPlusRefreshRateService]:  setDirectorStates [flag: 1, state: 1, directorStateOff: 1]
06-18 23:04:51.428  3480  4705 D DisplayModeDirector: setAppRequest displayId : 0  modeId: 3  requestedRefreshRate: 0.0  requestedMinRefreshRateRange: 0.0  requestedMaxRefreshRateRange: 120.00001
06-18 23:04:51.429  3480  4705 I TaskOrganizerController: onTaskInfoChanged taskid 12342 config { mBounds=Rect(0, 0 - 1440, 3168) mAppBounds=Rect(0, 0 - 1440, 3168) mMaxBounds=Rect(0, 0 - 1440, 3168) mDisplayRotation=ROTATION_0 mWindowingMode=fullscreen mActivityType=standard mAlwaysOnTop=undefined mRotation=ROTATION_0}
06-18 23:04:51.429  3480  4705 D OplusVisibleTasks:  notifyTaskFocusChange no need.
06-18 23:04:51.429  3480  4705 D OplusFlexibleDragToSplitAnimController: visibleFlexibleTaskInfos delete:12342
06-18 23:04:51.429  3480  4705 E FlexibleWindowManagerService: notifyTaskObserverToAttachController not need to notify!
06-18 23:04:51.429  3480  4705 I FlexibleWindowManagerService: onFlexibleWindowTaskInfoChanged, return for cur task not embedded
06-18 23:04:51.430  3480  3726 D OplusAppSwitchListener: App Activity Change
06-18 23:04:51.430  3480  3726 D OplusAppSwitchListener: Detect com.whatsapp switch to background
06-18 23:04:51.430  3480  3726 D OplusFeatureReduceBrightness: onAppExit , info = com.whatsapp
06-18 23:04:51.430  3480  3726 D OplusAppSwitchListener: Detect com.android.settings switch to foreground
06-18 23:04:51.431  3480  5996 D BackgroundInstallControlService: Package event received: 0
06-18 23:04:51.431  3480  3570 D OomAdjusterSocExtImpl: App adj change from cached state to fg state : 3385 com.android.settings
06-18 23:04:51.432  3480  3596 E OplusThermalStats: Error getting package info: com.android.settings
06-18 23:04:51.433  3385  9153 I DisplayManager: Choreographer implicitly registered for the refresh rate.
06-18 23:04:51.435  3480   457 D OplusSplitScreenManagerService: com.teslacoilsw.launcher unSupportsSplitScreen by blockList or ForbidActivityList
06-18 23:04:51.437  3480 17777 D OplusEapManager: mTargetExitName :com.whatsapp
06-18 23:04:51.437  3480  3728 D VRR [OPlusRefreshRateService]: handleFrontAppChange pkgName: null
06-18 23:04:51.439  3480  3567 D WindowManager: NFW_findFocusedWindowIfNeeded:null mCurrentFocus:Window{7053417 u0 Application Error: rd.sheepskin.sandboxmusic EXITING}
06-18 23:04:51.439  3480 17777 D OplusAppSwitchRuleInfo: generateAppEnterInfo - launch_source_type =  , launch_source_traceid = 
06-18 23:04:51.439  3480 17777 D ActivityTaskManager: The isLandscapeFullscreenEnabled is: com.android.settings/.applications.InstalledAppDetails
06-18 23:04:51.439  3480 17777 D ActivityTaskManager: The isLandscapeFullscreenEnabled is: com.android.settings/.applications.InstalledAppDetails
06-18 23:04:51.439  3480 17777 D ActivityTaskManager: The isLandscapeFullscreenEnabled is: com.android.settings/.applications.InstalledAppDetails
06-18 23:04:51.440  3480  3567 V WindowManager: Changing focus from Window{7053417 u0 Application Error: rd.sheepskin.sandboxmusic EXITING} to null,diplayid=0
06-18 23:04:51.440  3480 17777 D OplusAppSwitchRuleInfo: generateAppEnterInfo - launch_source_type =  , launch_source_traceid = 
06-18 23:04:51.440  3480 17777 D ActivityTaskManager: The isLandscapeFullscreenEnabled is: com.android.settings/.applications.InstalledAppDetails
06-18 23:04:51.440  3480 17777 D ActivityTaskManager: The isLandscapeFullscreenEnabled is: com.android.settings/.applications.InstalledAppDetails
06-18 23:04:51.440  3480 17777 D ActivityTaskManager: The isLandscapeFullscreenEnabled is: com.android.settings/.applications.InstalledAppDetails
06-18 23:04:51.440  3480 17777 D OplusAppSwitchRuleInfo: generateAppEnterInfo - launch_source_type =  , launch_source_traceid = 
06-18 23:04:51.440  3480 17777 D ActivityTaskManager: The isLandscapeFullscreenEnabled is: com.android.settings/.applications.InstalledAppDetails
06-18 23:04:51.440  3480 17777 D ActivityTaskManager: The isLandscapeFullscreenEnabled is: com.android.settings/.applications.InstalledAppDetails
06-18 23:04:51.440  3480 17777 D ActivityTaskManager: The isLandscapeFullscreenEnabled is: com.android.settings/.applications.InstalledAppDetails
06-18 23:04:51.440  3480 17777 D OplusEapManager: mTargetEnterName :com.android.settings
06-18 23:04:51.441  3480 17777 D OplusAppSwitchRuleInfo: generateAppEnterInfo - launch_source_type =  , launch_source_traceid = 
06-18 23:04:51.441  3480 17777 D ActivityTaskManager: The isLandscapeFullscreenEnabled is: com.android.settings/.applications.InstalledAppDetails
06-18 23:04:51.441  3480 17777 D ActivityTaskManager: The isLandscapeFullscreenEnabled is: com.android.settings/.applications.InstalledAppDetails
06-18 23:04:51.441  3480 17777 D ActivityTaskManager: The isLandscapeFullscreenEnabled is: com.android.settings/.applications.InstalledAppDetails
06-18 23:04:51.441  3480  3716 D OplusFeatureReduceBrightness: eixt rate=20 deta=286 mTU=15.0 index=1 from 3757->4043 p1(130.0,15),p2(380.0,15),x=172.89682
06-18 23:04:51.441  3480 17777 D OplusAppSwitchRuleInfo: generateAppEnterInfo - launch_source_type =  , launch_source_traceid = 
06-18 23:04:51.441  3480 17777 D ActivityTaskManager: The isLandscapeFullscreenEnabled is: com.android.settings/.applications.InstalledAppDetails
06-18 23:04:51.441  3480 17777 D ActivityTaskManager: The isLandscapeFullscreenEnabled is: com.android.settings/.applications.InstalledAppDetails
06-18 23:04:51.441  3480 17777 D ActivityTaskManager: The isLandscapeFullscreenEnabled is: com.android.settings/.applications.InstalledAppDetails
06-18 23:04:51.441  3480 17777 D OplusAppSwitchRuleInfo: generateAppEnterInfo - launch_source_type =  , launch_source_traceid = 
06-18 23:04:51.441  3480 17777 D ActivityTaskManager: The isLandscapeFullscreenEnabled is: com.android.settings/.applications.InstalledAppDetails
06-18 23:04:51.441  3480 17777 D ActivityTaskManager: The isLandscapeFullscreenEnabled is: com.android.settings/.applications.InstalledAppDetails
06-18 23:04:51.441  3480 17777 D ActivityTaskManager: The isLandscapeFullscreenEnabled is: com.android.settings/.applications.InstalledAppDetails
06-18 23:04:51.442  3480  3716 D RampAnimator: setAnimationTarget:: rate = 95.30526, mRate = 95.30526 , @ isPrimaryAnimator = true
06-18 23:04:51.442  3480  3716 D OplusFeatureReduceBrightness: setAnimating : animating = true
06-18 23:04:51.442  3480  3716 D OplusBrightnessAmbientAdapter: setAnimating: from false to true
06-18 23:04:51.442  3480  3716 D RampAnimator: setAnimationTarget:: rate = 95.30526, mRate = 95.30526 , @ isPrimaryAnimator = false
06-18 23:04:51.442  3480 17777 D OplusAppSwitchRuleInfo: generateActivityEnterInfo - launch_source_type =  , launch_source_traceid = 
06-18 23:04:51.443  3480  3716 D DpcExtImpl[display=0]: Animating brightness: hdrBrightness target=3757.0842->4043.0,sdrBrightness target=3757.0842->4043.0,rate=29->20,rate type = app->app,byUser=false local:4630946450791512195 , brightness from dpc = 4043.0
06-18 23:04:51.444  3480  3716 D OplusBiometricsDisplayHelper: isFold: false, isUnblockByFp: null
06-18 23:04:51.444  3480  3728 D VRR [OPlusRefreshRateService]: handleFrontAppChange pkgName: com.android.settings
06-18 23:04:51.444  3480  3728 D VRR [OPlusExternalRefreshRateManager]:  [OTI] handleTouchIdleState: backlist
06-18 23:04:51.444  3480  3728 D VRR [OPlusSurfaceFlingerController]:  setTouchIdleShouldPause : true
06-18 23:04:51.445  3480  3728 D VRR [OPlusSAManager]: updateAutoMinfps for 4630946450791512195 with nits: 149.10336, mHistOK true, mAmbientOK true, mCctOK true, mIrOK true, mBrightnessOK true, isPkgOK true, SA min fps: 119
06-18 23:04:51.447  3480  3572 D SurfaceAnimationRunner: onAnimationStart:Surface(name=Surface(name=7053417 Application Error: rd.sheepskin.sandboxmusic)/@0xf118283 - animation-leash of window_animation)/@0xdc693b4
06-18 23:04:51.448  3480  3572 D SurfaceAnimationRunner: onAnimationStart:Surface(name=Dim Layer for - Display 0 name="Built-in Screen")/@0xad1fb18
06-18 23:04:51.452  3480  5996 D BackgroundInstallControlService: Package event received: 0
06-18 23:04:51.452  3480  3570 D FlexibleTaskController: check task which not have enough child, isInSingleWhiteList:false isCloneTask:false
06-18 23:04:51.453  3480  3570 V WindowManager: Unknown focus tokens, dropping reportFocusChanged
06-18 23:04:51.453  3480  9564 D OplusBatteryServiceFeature: setSmartCoolDown: coolDown = 7, normalCoolDown = 7, pkgName = com.android.settings
06-18 23:04:51.455  3480  9564 D OplusBatteryServiceFeature: setSmartCoolDown: coolDown = 7, normalCoolDown = 7, pkgName = com.android.settings
06-18 23:04:51.458  3480  3728 D VRR [OPlusSAManager]: updateAutoMinfps for 4630946450791512195 with nits: 149.10336, mHistOK true, mAmbientOK true, mCctOK true, mIrOK true, mBrightnessOK true, isPkgOK true, SA min fps: 119
06-18 23:04:51.461  3480  3570 W ProcessStats: Tracking association SourceState{b56f683 system/1000 BFgs #2011155} whose proc state 4 is better than process ProcessState{a75c4ab com.android.wallpaper.livepicker:wallpaperService/10229 pkg=com.android.wallpaper.livepicker} proc state 5 (17 skipped)
06-18 23:04:51.467  3480 10657 E KernelCpuUidFreqTimeReader: Negative delta from freq time for uid: 99364, delta: -9460
06-18 23:04:51.467  3480 10657 E KernelCpuUidFreqTimeReader: Negative delta from freq time for uid: 99380, delta: -22
06-18 23:04:51.467  3480 10657 E KernelCpuUidFreqTimeReader: Negative delta from freq time for uid: 99383, delta: -1
06-18 23:04:51.467  3480 10657 E KernelCpuUidFreqTimeReader: Negative delta from freq time for uid: 99405, delta: -32
06-18 23:04:51.467  3480 10657 E KernelCpuUidFreqTimeReader: Negative delta from freq time for uid: 99406, delta: -2
06-18 23:04:51.486  4908  4998 D OplusShellStartingWindowManager: adjustSuggestedWindowType originType: 1, wi: StartingWindowInfo{taskId=12344 targetActivityInfo=null displayId=0 topActivityType=1 preferredStartingWindowType=8f mainWindowLayoutParams=null splashScreenThemeResId 7f1506e5, exi: OplusStartingWindowExtendedInfo{mAppToken=android.os.BinderProxy@d630ac3, mSupportSplashScreenPreview=false, mIsSystemApp=true, mIsExceptionListApp=false, mPreviewBitmap=null, mShouldDrawBackground=false, mForceLightMode=false, mForceNightMode=false, mNotSupportNightMode=false, mForcePreview=false, mForceBigIcon=false, mQuickStartingSurface=null, mForceSolidColorSplash=false}
06-18 23:04:51.488  3480  4355 D StartingSurfacePreviewController: checkSupportSurfacePreview, token=com.android.settings/.applications.InstalledAppDetails, enableSurfacePreview=false, supportMultiLayout=false, unsupportedSkipViewAnimLv=null, disableSurfacePreviewAnimLv=null, ignoreFileExistAnimLv=null
06-18 23:04:51.500  4908  4998 D ShellStartingWindow: getWindowAttrs SplashScreenWindowAttrs{ mWindowBgResId: 7f08089f, mWindowBgColor: 0, mWindowBgImage: false, mSplashScreenIcon: false, mBrandingImage: false, mIconBgColor: 0, uiMode: 0}
06-18 23:04:51.500  3480  4705 D CompatChangeReporter: Compat change id reported: 377864165; UID 1000; state: ENABLED
06-18 23:04:51.503  3480  9564 I WindowManager: WIN DEATH: Window{c8166bb u0 rd.sheepskin.sandboxmusic/rd.sheepskin.sandboxmusic.MainActivity}
06-18 23:04:51.503  3480  9564 D SnapshotCache: removeRunningEntry id: 12343, callers=com.android.server.wm.SnapshotCache.onAppDied:120 com.android.server.wm.AbsAppSnapshotController.onAppDied:771 com.android.server.wm.SnapshotController.onAppDied:102 
06-18 23:04:51.503  4908  4999 I ShellStartingWindow: makeSplashScreenContentView themeBGColor: ffffffff, isDark: true, last config hash: -1425740600
06-18 23:04:51.503  4908  4999 D OplusShellStartingWindowManager: isSystemApp support, windowInfo=StartingWindowInfo{taskId=12344 targetActivityInfo=null displayId=0 topActivityType=1 preferredStartingWindowType=8f mainWindowLayoutParams=null splashScreenThemeResId 7f1506e5
06-18 23:04:51.503  4908  4999 D OplusShellStartingWindowManager: isSystemApp support, windowInfo=StartingWindowInfo{taskId=12344 targetActivityInfo=null displayId=0 topActivityType=1 preferredStartingWindowType=8f mainWindowLayoutParams=null splashScreenThemeResId 7f1506e5
06-18 23:04:51.503  4908  4999 D ShellStartingWindow: inconsize = 0
06-18 23:04:51.504  3480  9558 I ActivityManager: Death received, pid = 31678, processName = rd.sheepskin.sandboxmusic for thread android.os.BinderProxy@d1af896
06-18 23:04:51.505  3480  4869 I ActivityManager: Process rd.sheepskin.sandboxmusic (pid 31678) has died: fg  SVC 
06-18 23:04:51.506  3480  9564 D WindowManager: NFW_findFocusedWindowIfNeeded:null mCurrentFocus:null
06-18 23:04:51.507  3480  6116 I AppSnapshotController: attachStartingWindow, win = Window{6c33f4e u0 Splash Screen com.android.settings}, shouldAppSnapshot = false
06-18 23:04:51.507  3480  6116 D ActivityTaskManager: attachStartingWindow: mStartingData=SplashScreenStartingData{961f97c removeAfterTransaction= 0}, mAssociatedTask=null, mStartingWindow=Window{6c33f4e u0 Splash Screen com.android.settings}
06-18 23:04:51.513  3385  3385 D OplusPredictiveBackController: should not HookOnBackInvokedCallbackEnabled for application com.android.settings.applications.InstalledAppDetailsTop@91f7542 sdk: 36
06-18 23:04:51.513  3385  3385 D OplusPredictiveBackController: should not HookOnBackInvokedCallbackEnabled for application com.android.settings.applications.InstalledAppDetailsTop@91f7542 sdk: 36
06-18 23:04:51.520  3480  6116 I WindowManager: addWindow: New client android.os.BinderProxy@5fa3a49 : window=Window{6c33f4e u0 Splash Screen com.android.settings}
06-18 23:04:51.520  3480  6116 D ActivityTaskManager: The isLandscapeFullscreenEnabled is: com.android.settings/.applications.InstalledAppDetails
06-18 23:04:51.520  3480  6116 D ActivityTaskManager: The isLandscapeFullscreenEnabled is: com.android.settings/.applications.InstalledAppDetails
06-18 23:04:51.520  3480  6116 I WindowContainerExtImpl: ActivityRecord{261209269 u0 com.android.settings/.applications.InstalledAppDetails t12344} uses SCREEN_ORIENTATION_BEHIND!!!
06-18 23:04:51.520  3480  6116 D ActivityTaskManager: The isLandscapeFullscreenEnabled is: com.whatsapp/.Conversation
06-18 23:04:51.520  3480  6116 D ActivityTaskManager: The isLandscapeFullscreenEnabled is: com.whatsapp/.Conversation
06-18 23:04:51.522  3480  5679 W WindowManager: Cannot find window which accessibility connection is added to
06-18 23:04:51.524  4908  4998 D OplusShellStartingWindowManager: handleWindowBarIfNeeded true, windowInfo=StartingWindowInfo{taskId=12344 targetActivityInfo=null displayId=0 topActivityType=1 preferredStartingWindowType=8f mainWindowLayoutParams=null splashScreenThemeResId 7f1506e5
06-18 23:04:51.524  3480  4869 I ActivityManager: Killing 8561:com.google.android.webview:sandboxed_process0:org.chromium.content.app.SandboxedProcessService0:0/u0a445i406 (adj 0): isolated not needed
06-18 23:04:51.525  3480  4180 V WindowManager: Relayout Window{6c33f4e u0 Splash Screen com.android.settings}: viewVisibility=0, oldvis=0, req=1440x3168 , apr = 0, , x=0, y=0
06-18 23:04:51.525  3480  4180 I WindowManager: Window{6c33f4e u0 Splash Screen com.android.settings} state from NO_SURFACE to DRAW_PENDING; reason: resetDrawState
06-18 23:04:51.526  3480  3580 I UserAwareMgr: process killed: {pkgName='rd.sheepskin.sandboxmusic', serviceName='', procName=rd.sheepskin.sandboxmusic, pid=31678, uid=10445, appId=0, owner='null', flags='bg', renderTid=8543, hwuiTids=[8643, 8644], glTids=null, threadInfos=null, mVideoActivityList=[], mStates=0}
06-18 23:04:51.526  3480  3580 I UserAwareMgr: handleProcessKilled, pkgName: rd.sheepskin.sandboxmusic, pid: 31678
06-18 23:04:51.526  3480  4180 D WindowStateExtImpl: Window{67649f7 u0 InputMethod} onUpdateFrames: mFrame = Rect(0, 160 - 1440, 3168), mDisplayFrame=Rect(0, 160 - 1440, 3168), mParentFrame=Rect(0, 0 - 1440, 3008), clientWindowFrames = ClientWindowFrames{frame=[0,160][1440,3168] display=[0,160][1440,3168] parentFrame=[0,160][1440,3168]}
06-18 23:04:51.527  3480  4180 D WindowManager: NFW_findFocusedWindowIfNeeded:null mCurrentFocus:null
06-18 23:04:51.527  3480  4180 D ActivityTaskManager: The isLandscapeFullscreenEnabled is: com.android.settings/.applications.InstalledAppDetails
06-18 23:04:51.527  3480  4180 D ActivityTaskManager: The isLandscapeFullscreenEnabled is: com.android.settings/.applications.InstalledAppDetails
06-18 23:04:51.527  3480  4180 I WindowContainerExtImpl: ActivityRecord{261209269 u0 com.android.settings/.applications.InstalledAppDetails t12344} uses SCREEN_ORIENTATION_BEHIND!!!
06-18 23:04:51.527  3480  4180 D ActivityTaskManager: The isLandscapeFullscreenEnabled is: com.whatsapp/.Conversation
06-18 23:04:51.527  3480  4180 D ActivityTaskManager: The isLandscapeFullscreenEnabled is: com.whatsapp/.Conversation
06-18 23:04:51.528  4908  4998 W VRI[settings]: updateBlastSurfaceIfNeeded, surfaceSize:Point(1440, 3168), lastSurfaceSize:Point(0, 0), format:-1, blastBufferQueue:null
06-18 23:04:51.530  3480  4869 D ActivityTaskManager: removeAppToken: ActivityRecord{11447004 u0 rd.sheepskin.sandboxmusic/.MainActivity t12343 f}} delayed=true parent=Task{58082ba #12343 type=standard A=10445:rd.sheepskin.sandboxmusic} animating=true Callers=com.android.server.wm.DisplayContent.removeAppToken:1764 com.android.server.wm.ActivityRecord.removeFromHistory:4987 com.android.server.wm.ActivityRecord.handleAppDied:5346 com.android.server.wm.WindowProcessController.handleAppDied:1712 
06-18 23:04:51.534  3480  4869 D OplusMirageWindowManagerService: onTaskRemoved displayid:0 taskId:12343 callers:com.android.server.wm.MirageWindowManagerExtImpl.onTaskRemoved:47 com.android.server.wm.TaskDisplayArea.removeChildTask:391 com.android.server.wm.TaskDisplayArea.removeChild:380 com.android.server.wm.WindowContainer.removeImmediately:1099 com.android.server.wm.TaskFragment.removeImmediately:3773 
06-18 23:04:51.535  3480  3571 D OplusFlexibleWindowMinimizedManagerHelper: onTaskVanished taskInfo:12343 task:Task{58082ba #12343 type=standard A=10445:rd.sheepskin.sandboxmusic}
06-18 23:04:51.535  3480  3571 D OplusFlexibleDragToSplitAnimController: visibleFlexibleTaskInfos delete:12343
06-18 23:04:51.535  3480  3571 D FlexibleTaskController: no need releaseFlexibleCaptionView or destroyFlexibleDragLeash when non-caption-view-task vanished, task=Task{58082ba #12343 type=standard A=10445:rd.sheepskin.sandboxmusic}
06-18 23:04:51.535  3480  3571 D FlexibleWindowManagerService: notifyFlexibleTaskVanish taskId : 12343 is not taskEmbedded
06-18 23:04:51.535  3480  3571 D FlexibleWindowManagerService: onFlexibleWindowTaskVanished: task = 12343,size:0
06-18 23:04:51.535  3480  3571 D OplusFlexibleWindowMinimizedManagerHelper: onTaskVanished taskInfo:12343 task:Task{58082ba #12343 type=standard A=10445:rd.sheepskin.sandboxmusic}
06-18 23:04:51.535  3480  3571 D OplusFlexibleDragToSplitAnimController: visibleFlexibleTaskInfos delete:12343
06-18 23:04:51.535  3480  3571 D FlexibleTaskController: no need releaseFlexibleCaptionView or destroyFlexibleDragLeash when non-caption-view-task vanished, task=Task{58082ba #12343 type=standard A=10445:rd.sheepskin.sandboxmusic}
06-18 23:04:51.535  3480  3571 D FlexibleWindowManagerService: notifyFlexibleTaskVanish taskId : 12343 is not taskEmbedded
06-18 23:04:51.535  3480  3571 D FlexibleWindowManagerService: onFlexibleWindowTaskVanished: task = 12343,size:0
06-18 23:04:51.536  4908  4978 D FlexibleSeekBarManager: removeAlpha for taskId=12343
06-18 23:04:51.536  3480  6116 D WindowManager: onSyncFinishedDrawing: Window{6c33f4e u0 Splash Screen com.android.settings}
06-18 23:04:51.536  3480  6116 I WindowManager: finishDrawing skipLayout:false,syncSeqId=0,mPrepareSyncSeqId=0 Window{6c33f4e u0 Splash Screen com.android.settings} com.android.server.wm.WindowManagerService.finishDrawingWindow:3230 com.android.server.wm.Session.finishDrawing:403 android.view.IWindowSession$Stub.onTransact:807 
06-18 23:04:51.536  3480  6116 I WindowManager: Window{6c33f4e u0 Splash Screen com.android.settings} state from DRAW_PENDING to COMMIT_DRAW_PENDING; reason: finishDrawingLocked
06-18 23:04:51.536  3480  3570 W ActivityManager: setHasOverlayUi called on unknown pid: 31678
06-18 23:04:51.537  4908  4998 W VRI[settings]: handleResized, msg:, frameChanged:false, configChanged:false, displayChanged:false, attachedFrameChanged:false, compatScaleChanged:false, pendingDragResizing=false
06-18 23:04:51.537  3480  3571 I WindowManager: Window{6c33f4e u0 Splash Screen com.android.settings} state from COMMIT_DRAW_PENDING to READY_TO_SHOW; reason: commitFinishDrawingLocked
