--------- beginning of crash
06-16 16:44:53.775 10472 22892 E AndroidRuntime: FATAL EXCEPTION: CapacitorPlugins
06-16 16:44:53.775 10472 22892 E AndroidRuntime: Process: rd.sheepskin.sandboxmusic, PID: 10472
06-16 16:44:53.775 10472 22892 E AndroidRuntime: java.lang.RuntimeException: java.lang.reflect.InvocationTargetException
06-16 16:44:53.775 10472 22892 E AndroidRuntime: 	at com.getcapacitor.Bridge.lambda$callPluginMethod$0(Bridge.java:850)
06-16 16:44:53.775 10472 22892 E AndroidRuntime: 	at com.getcapacitor.Bridge.$r8$lambda$FNYM7cvgeBk0k8YXQH7M96Mrf-c(Unknown Source:0)
06-16 16:44:53.775 10472 22892 E AndroidRuntime: 	at com.getcapacitor.Bridge$$ExternalSyntheticLambda0.run(D8$$SyntheticClass:0)
06-16 16:44:53.775 10472 22892 E AndroidRuntime: 	at android.os.Handler.handleCallback(Handler.java:1001)
06-16 16:44:53.775 10472 22892 E AndroidRuntime: 	at android.os.Handler.dispatchMessage(Handler.java:109)
06-16 16:44:53.775 10472 22892 E AndroidRuntime: 	at android.os.Looper.loopOnce(Looper.java:306)
06-16 16:44:53.775 10472 22892 E AndroidRuntime: 	at android.os.Looper.loop(Looper.java:416)
06-16 16:44:53.775 10472 22892 E AndroidRuntime: 	at android.os.HandlerThread.run(HandlerThread.java:85)
06-16 16:44:53.775 10472 22892 E AndroidRuntime: Caused by: java.lang.reflect.InvocationTargetException
06-16 16:44:53.775 10472 22892 E AndroidRuntime: 	at java.lang.reflect.Method.invoke(Native Method)
06-16 16:44:53.775 10472 22892 E AndroidRuntime: 	at com.getcapacitor.PluginHandle.invoke(PluginHandle.java:138)
06-16 16:44:53.775 10472 22892 E AndroidRuntime: 	at com.getcapacitor.Bridge.lambda$callPluginMethod$0(Bridge.java:841)
06-16 16:44:53.775 10472 22892 E AndroidRuntime: 	... 7 more
06-16 16:44:53.775 10472 22892 E AndroidRuntime: Caused by: java.lang.NullPointerException: Attempt to invoke virtual method 'void android.support.v4.media.session.MediaSessionCompat.setMetadata(android.support.v4.media.MediaMetadataCompat)' on a null object reference
06-16 16:44:53.775 10472 22892 E AndroidRuntime: 	at rd.sheepskin.sandboxmusic.MediaPlaybackForegroundService.refreshSession(MediaPlaybackForegroundService.java:265)
06-16 16:44:53.775 10472 22892 E AndroidRuntime: 	at rd.sheepskin.sandboxmusic.MediaPlaybackForegroundService.requestRefresh(MediaPlaybackForegroundService.java:152)
06-16 16:44:53.775 10472 22892 E AndroidRuntime: 	at rd.sheepskin.sandboxmusic.BackgroundMediaPlugin.updateMetadata(BackgroundMediaPlugin.java:115)
06-16 16:44:53.775 10472 22892 E AndroidRuntime: 	... 10 more
06-16 16:49:38.305 21632 26477 E AndroidRuntime: FATAL EXCEPTION: CapacitorPlugins
06-16 16:49:38.305 21632 26477 E AndroidRuntime: Process: rd.sheepskin.sandboxmusic, PID: 21632
06-16 16:49:38.305 21632 26477 E AndroidRuntime: java.lang.RuntimeException: java.lang.reflect.InvocationTargetException
06-16 16:49:38.305 21632 26477 E AndroidRuntime: 	at com.getcapacitor.Bridge.lambda$callPluginMethod$0(Bridge.java:850)
06-16 16:49:38.305 21632 26477 E AndroidRuntime: 	at com.getcapacitor.Bridge.$r8$lambda$FNYM7cvgeBk0k8YXQH7M96Mrf-c(Unknown Source:0)
06-16 16:49:38.305 21632 26477 E AndroidRuntime: 	at com.getcapacitor.Bridge$$ExternalSyntheticLambda0.run(D8$$SyntheticClass:0)
06-16 16:49:38.305 21632 26477 E AndroidRuntime: 	at android.os.Handler.handleCallback(Handler.java:1001)
06-16 16:49:38.305 21632 26477 E AndroidRuntime: 	at android.os.Handler.dispatchMessage(Handler.java:109)
06-16 16:49:38.305 21632 26477 E AndroidRuntime: 	at android.os.Looper.loopOnce(Looper.java:306)
06-16 16:49:38.305 21632 26477 E AndroidRuntime: 	at android.os.Looper.loop(Looper.java:416)
06-16 16:49:38.305 21632 26477 E AndroidRuntime: 	at android.os.HandlerThread.run(HandlerThread.java:85)
06-16 16:49:38.305 21632 26477 E AndroidRuntime: Caused by: java.lang.reflect.InvocationTargetException
06-16 16:49:38.305 21632 26477 E AndroidRuntime: 	at java.lang.reflect.Method.invoke(Native Method)
06-16 16:49:38.305 21632 26477 E AndroidRuntime: 	at com.getcapacitor.PluginHandle.invoke(PluginHandle.java:138)
06-16 16:49:38.305 21632 26477 E AndroidRuntime: 	at com.getcapacitor.Bridge.lambda$callPluginMethod$0(Bridge.java:841)
06-16 16:49:38.305 21632 26477 E AndroidRuntime: 	... 7 more
06-16 16:49:38.305 21632 26477 E AndroidRuntime: Caused by: java.lang.NullPointerException: Attempt to invoke virtual method 'void android.support.v4.media.session.MediaSessionCompat.setMetadata(android.support.v4.media.MediaMetadataCompat)' on a null object reference
06-16 16:49:38.305 21632 26477 E AndroidRuntime: 	at rd.sheepskin.sandboxmusic.MediaPlaybackForegroundService.refreshSession(MediaPlaybackForegroundService.java:265)
06-16 16:49:38.305 21632 26477 E AndroidRuntime: 	at rd.sheepskin.sandboxmusic.MediaPlaybackForegroundService.requestRefresh(MediaPlaybackForegroundService.java:152)
06-16 16:49:38.305 21632 26477 E AndroidRuntime: 	at rd.sheepskin.sandboxmusic.BackgroundMediaPlugin.updateMetadata(BackgroundMediaPlugin.java:115)
06-16 16:49:38.305 21632 26477 E AndroidRuntime: 	... 10 more
--------- beginning of system
06-17 14:04:30.356  3480  4533 V Biometrics/AuthenticationClient: onAuthenticated(true), ID:1, Owner: com.android.systemui, isBP: false, listener: com.android.server.biometrics.sensors.ClientMonitorCallbackConverter@9d5899e, requireConfirmation: false, user: 0, clientMonitor: {[5320] com.android.server.biometrics.sensors.face.aidl.FaceAuthenticationClient, proto=3, owner=com.android.systemui, cookie=0, requestId=1787, userId=0}
06-17 14:04:30.356  3480  4533 W Biometrics/AuthenticationClient: Allowing background authentication, this is allowed only for platform or test invocations
06-17 14:04:30.356  3480  4533 D BaseClientMonitor: marking operation as done: {[5320] com.android.server.biometrics.sensors.face.aidl.FaceAuthenticationClient, proto=3, owner=com.android.systemui, cookie=0, requestId=1787, userId=0}
06-17 14:04:30.357  1434  7582 I keystore2: system/security/keystore2/src/authorization.rs:112 - add_auth_token(challenge=0, userId=-400834091256037109, authId=-6312082270816371799, authType=0x2, timestamp=950197241ms)
06-17 14:04:30.357  3480  4533 D Biometrics/AuthenticationClient: addAuthToken succeeded
06-17 14:04:30.357  3480  4533 D Biometrics/AuthenticationClient: getRequestReason: isKeyguard=true, isBiometricPrompt=false
06-17 14:04:30.357  3480  4533 D BiometricSchedulerOperation: [Finished / destroy]: {[5320] com.android.server.biometrics.sensors.face.aidl.FaceAuthenticationClient, proto=3, owner=com.android.systemui, cookie=0, requestId=1787, userId=0}
06-17 14:04:30.357  3480  4533 D Biometrics/AuthenticationClient: getRequestReason: isKeyguard=true, isBiometricPrompt=false
06-17 14:04:30.357  3480  4533 D OplusUserManagerServiceEnhance: getMultiSystemUserId  res = 11
06-17 14:04:30.357  3480  4533 D BiometricScheduler: [Finishing] {[5320] com.android.server.biometrics.sensors.face.aidl.FaceAuthenticationClient, proto=3, owner=com.android.systemui, cookie=0, requestId=1787, userId=0}, success: true
06-17 14:04:30.357  3480  4533 D BiometricScheduler: No operations, returning to idle
06-17 14:04:30.358  3480  5525 D NativeFreezeManager: freezeForBioUnlockScene enter
06-17 14:04:30.358  3480 17919 V Biometrics/Face/FaceProviderExtImpl: start notify Vold when face success
06-17 14:04:30.358  3480 17919 E StorageManagerService: unlockSensitiveKey fail!
06-17 14:04:30.358  1173  1458 I vold    : [sensitive file debug]fscrypt_export_sensitive_file_key start, user_id=0,sensitiveType=0,use_default=1
06-17 14:04:30.358  1173  1458 D vold    : Cannot find key for 0
06-17 14:04:30.358  1173  1458 I vold    : [sensitive file debug]lookup_sensitive_file_key,failed sensitiveType: 0,try to create!
06-17 14:04:30.358  3480 17919 I StorageManagerService: exportSensitveFileKey: success, sensitiveType:0,size=0
06-17 14:04:30.359  3480 17919 W Biometrics/Face/FaceProviderExtImpl: Failed to unlock: 
06-17 14:04:30.360  3480  3579 D RedLoggerExtImpl: New row inserted successfully.
06-17 14:04:30.362  3480  3579 D RedLoggerExtImpl: Deleted logs older than 7 days.
06-17 14:04:30.366  3480  3579 V ALSProbe: Disable ALS: 235549413
06-17 14:04:30.384  3480  3571 I WindowManager: Waiting for drawn Window{1e01161 u0 NotificationShade}: removed=false visible=true mHasSurface=true drawState=1
06-17 14:04:30.384  3480  3571 D OplusWindowAnimationManager: Is NotificationShade draw check disabled: false, win: Window{1e01161 u0 NotificationShade}, clientRotation: 0, isFullscreen: true, requestedWidth: 1440, requestedHeight: 3168, physicalHeight: 3168, physicalWidth: 1440
06-17 14:04:30.385  3480  3580 W UserAwareMgr: event can not be released, id: 6003, count: 6713, releasePid: 2542
06-17 14:04:30.385  3480 17923 W CameraService_proxy: Unknown extension type: -1
06-17 14:04:30.389  3480  6116 W ContextImpl: Calling a method in the system process without a qualified user: android.app.ContextImpl.sendBroadcast:1281 com.android.server.camera.OplusCameraStateBroadcast.notifyCameraState:52 com.android.server.camera.CameraServiceProxyExtImpl.extendNotifyCameraState:370 com.android.server.camera.CameraServiceProxy.updateActivityCount:1774 com.android.server.camera.CameraServiceProxy.-$$Nest$mupdateActivityCount:0 
06-17 14:04:30.398  3480  6116 I WindowManager: Window{1e01161 u0 NotificationShade} state from DRAW_PENDING to COMMIT_DRAW_PENDING; reason: finishDrawingLocked
06-17 14:04:30.399  3480  3571 I WindowManager: Window{1e01161 u0 NotificationShade} state from COMMIT_DRAW_PENDING to READY_TO_SHOW; reason: commitFinishDrawingLocked
06-17 14:04:30.400  3480  3571 I WindowManager: Window{1e01161 u0 NotificationShade} state from READY_TO_SHOW to HAS_DRAWN; reason: performShowLocked
06-17 14:04:30.400  3480  3571 D OplusFeatureMEMCGame_PW: OnNotificationChange enable=true mLastIrisIMVACT=false mLastIrisIMVPKG=false mLastIrisEMVMANUAL=false mLastIrisEMVAUTO=false mLastIrisSR=false mLastIrisSdr2hdr=false mLastIrisEdr=false mLastIrisHESR=false
06-17 14:04:30.401  4908  4908 D FingerprintManager: Cancel fingerprint authentication requested for: 2755
06-17 14:04:30.401  3480  9568 E OplusCustomizeRestrictionManagerService: isBiometricDisabled start
06-17 14:04:30.401  3480  3571 I WindowManager: Waiting for drawn Window{1e01161 u0 NotificationShade}: removed=false visible=true mHasSurface=true drawState=4
06-17 14:04:30.401  3480  3571 D OplusWindowAnimationManager: Is NotificationShade draw check disabled: false, win: Window{1e01161 u0 NotificationShade}, clientRotation: 0, isFullscreen: true, requestedWidth: 1440, requestedHeight: 3168, physicalHeight: 3168, physicalWidth: 1440
06-17 14:04:30.401  3480  9568 D FingerprintProvider/default: [cancelAuthentication] sensorId: 1 ,token: android.os.BinderProxy@edb46ba ,requestId: 2755
06-17 14:04:30.401  3480  9568 D Biometrics/FingerprintProvider/FingerprintServiceProviderExtImpl: [handleCancelAuthentication] opPackageName = com.android.systemui, clientToken = android.os.BinderProxy@edb46ba, passedInToken = android.os.BinderProxy@edb46ba
06-17 14:04:30.401  3480  9568 D Biometrics/FingerprintProvider/FingerprintServiceProviderExtImpl: [handleOnPointerUp] dispatch to Auth
06-17 14:04:30.401  3480  9568 D Biometrics/Fingerprint/OplusFingerWakeUpAndUnlockController: [dispatchTouchUp] mIsScreenOnUnBlockedByOther = false ,ScreenState:1
06-17 14:04:30.401  3480  9568 D SensorOverlays: hideUdfpsOverlay : 1
06-17 14:04:30.402  1434  7582 I keystore2: system/security/keystore2/src/authorization.rs:126 - on_device_unlocked(user_id=0, password.is_some()=false)
06-17 14:04:30.402  3480  3567 W KEYLOG_PhoneWindowManager: All windows drawn on display -1
06-17 14:04:30.402  3480  3567 D FSS_FoldScreenBlackCoverController: finishWindowsDrawn, displayId:-1
06-17 14:04:30.403  3480  3567 I WindowManager: Finished screen turning on...0
06-17 14:04:30.404  3480  6116 D PowerManagerService: userActivityNoUpdateLocked: groupId=0, eventTime=400868389, event=other, flags=0x0, uid=10208
06-17 14:04:30.404  3480  4531 D BiometricScheduler: cancelAuthenticationOrDetection, requestId: 2755
06-17 14:04:30.404  3480  4531 D BiometricScheduler: Cancelling auth/detect op: {[5319] com.android.server.biometrics.sensors.fingerprint.aidl.FingerprintAuthenticationClient, proto=3, owner=com.android.systemui, cookie=0, requestId=2755, userId=0}, State: 2
06-17 14:04:30.404  3480  4531 D BiometricSchedulerOperation: [Cancelling] Current client: {[5319] com.android.server.biometrics.sensors.fingerprint.aidl.FingerprintAuthenticationClient, proto=3, owner=com.android.systemui, cookie=0, requestId=2755, userId=0}
06-17 14:04:30.404  3480  4531 D SensorOverlays: hideUdfpsOverlay : 1
06-17 14:04:30.404  3480  4531 D Biometrics/AuthenticationClient: getRequestReason: isKeyguard=true, isBiometricPrompt=false
06-17 14:04:30.405  3480  6116 V WindowManager: Relayout Window{1b12fd6 u0 com.android.systemui.wallpapers.ImageWallpaper}: viewVisibility=0, oldvis=0, req=1440x3168 , apr = 0, , x=0, y=0
06-17 14:04:30.405  3480  3480 D LockSettingsService: [getSeparateProfileChallengeEnabled] userId = 12
06-17 14:04:30.405  1434  7582 I keystore2: system/security/keystore2/src/authorization.rs:126 - on_device_unlocked(user_id=12, password.is_some()=false)
06-17 14:04:30.405  4908 31360 D LinearmotorVibrator: vibrate: effect=WaveformEffect { cdaa1e8, effectType=49, effectStrength=-1, effectLoop=false, ringtoneVibrateType=-1, isRingtoneCustomized=false, ringtoneFilePath=, strengthSettingEnabled=true, asynchronous=false, usageHint=0 }
06-17 14:04:30.405  3480  4704 D AidlResponseHandler: [onTransact]code 4 flags: 16
06-17 14:04:30.406  3480  4531 D Biometrics/AuthenticationClient: getRequestReason: isKeyguard=true, isBiometricPrompt=false
06-17 14:04:30.406  3480  4531 D Biometrics/AcquisitionClient: onErrorInternal code: 5, finish: true
06-17 14:04:30.406  3480  4531 V BiometricLogger: Error! Modality: 1, User: 0, IsCrypto: false, Action: 2, Client: 1, Error: 5, VendorCode: 0, Latency: -1
06-17 14:04:30.406  3480  4531 W BiometricFrameworkStatsLogger: found a negative latency : -1
06-17 14:04:30.406  3480  6116 D WindowManager: NFW_findFocusedWindowIfNeeded:Window{1e01161 u0 NotificationShade} mCurrentFocus:Window{1e01161 u0 NotificationShade}
06-17 14:04:30.406  3480  4531 D BiometricStateCallback: Client finished, state updated to 0, client {[5319] com.android.server.biometrics.sensors.fingerprint.aidl.FingerprintAuthenticationClient, proto=3, owner=com.android.systemui, cookie=0, requestId=2755, userId=0}
06-17 14:04:30.406  3480  4531 D BiometricSchedulerOperation: [Finished / destroy]: {[5319] com.android.server.biometrics.sensors.fingerprint.aidl.FingerprintAuthenticationClient, proto=3, owner=com.android.systemui, cookie=0, requestId=2755, userId=0}
06-17 14:04:30.406  3480  4531 D SensorOverlays: hideUdfpsOverlay : 1
06-17 14:04:30.406  3480  4531 D Biometrics/AuthenticationClient: getRequestReason: isKeyguard=true, isBiometricPrompt=false
06-17 14:04:30.406  3480  4531 D BiometricScheduler: [Finishing] {[5319] com.android.server.biometrics.sensors.fingerprint.aidl.FingerprintAuthenticationClient, proto=3, owner=com.android.systemui, cookie=0, requestId=2755, userId=0}, success: false
06-17 14:04:30.406  3480  4531 D GestureAvailabilityTracker: Notifying gesture availability, active=true
06-17 14:04:30.406  3480  4531 D BiometricScheduler: No operations, returning to idle
06-17 14:04:30.407  3480  5318 I WindowManager: Window{1b12fd6 u0 com.android.systemui.wallpapers.ImageWallpaper} state from DRAW_PENDING to COMMIT_DRAW_PENDING; reason: finishDrawingLocked
06-17 14:04:30.408  3480  5318 I VibratorManagerServiceExtImpl: vibrate is uid=10208, pid=4908, opPkg=com.android.systemui, effect=Mono{mEffect=Composed{segments=[OplusVibrationEffectSegment{mEffectId=49, mEffectStrength=-1, mRingtonePath=''}], repeat=-1}}, attributes=VibrationAttributes{mUsage=UNKNOWN, mAudioUsage= USAGE_UNKNOWN, mFlags=0}, reason=null, token=201054483
06-17 14:04:30.409  3480  4704 E Biometrics/FingerprintProvider/FingerprintServiceProviderExtImpl: current client is null.
06-17 14:04:30.409  3480  4704 E Biometrics/FingerprintProvider/FingerprintServiceProviderExtImpl: current client is null.
06-17 14:04:30.409  3480  3571 I WindowManager: Window{1b12fd6 u0 com.android.systemui.wallpapers.ImageWallpaper} state from COMMIT_DRAW_PENDING to READY_TO_SHOW; reason: commitFinishDrawingLocked
06-17 14:04:30.409  3480  3571 I WindowManager: Window{1b12fd6 u0 com.android.systemui.wallpapers.ImageWallpaper} state from READY_TO_SHOW to HAS_DRAWN; reason: performShowLocked
06-17 14:04:30.412  3480  6116 D LockSettingsService: [reportSuccessfulBiometricUnlock] isStrongBiometric = true, userId = 0
06-17 14:04:30.412  3480  4341 W VibrationScaler: Got unexpected vibration intensity: 2400
06-17 14:04:30.413  3480  4341 D VibrationThread: Perform OplusPrebakedSegment{mEffectId=49, mWaveformId=4, mDuration=80, mEffectStrength=2400, mDefaultUsage=TOUCH} on vibrator 0
06-17 14:04:30.427  3480  5318 W ContextImpl: Calling a method in the system process without a qualified user: android.app.ContextImpl.sendBroadcast:1281 com.android.server.camera.OplusCameraStateBroadcast.notifyCameraState:52 com.android.server.camera.CameraServiceProxyExtImpl.extendNotifyCameraState:370 com.android.server.camera.CameraServiceProxy.updateActivityCount:1774 com.android.server.camera.CameraServiceProxy.-$$Nest$mupdateActivityCount:0 
06-17 14:04:30.428  3480  3571 D OplusZoomTaskCloneController: onCameraOpened cameraId =:1
06-17 14:04:30.428  3480  4347 D OplusSplitScreenManagerService: com.teslacoilsw.launcher unSupportsSplitScreen by blockList or ForbidActivityList
06-17 14:04:30.429  3480  3580 E QosSceneRecognizer[CameraScene]: handleCloseCamera: cameraId[1] is not ever opened!
06-17 14:04:30.429  3480  3726 D OplusFeatureTemperatureLimitBrightness: onCameraClosed, cameraId = 1
06-17 14:04:30.429  3480  4341 D VibratorController: perform cost 11 ms
06-17 14:04:30.431  3480  3580 W UserAwareMgr: event can not be released, id: 6003, count: 6712, releasePid: 2542
06-17 14:04:30.436  3480  3580 E UserAwareMgr: thread exist: {threadName='cameraservice', tid=2542, reporterPid=2542, currentThreadCount=15, maxThreadCount=16, extendTids=[2755, 2754, 17582, 17553, 4799, 15853, 30701, 30703, 10700, 10702, 15281, 15283, 17768, 17770]}
06-17 14:04:30.450  3480  5318 D PowerManagerService: userActivityNoUpdateLocked: groupId=0, eventTime=400868434, event=other, flags=0x0, uid=10208
06-17 14:04:30.456  3480  3585 I ActivityManager: Start proc 17938:com.coloros.weather.service/u0a181 for service {com.coloros.weather.service/com.oplus.weather.external.WeatherCommonService}
06-17 14:04:30.456  3480  3567 I ActivityManager: ProcessObserver broadcast disabled
06-17 14:04:30.456  3480  4187 I MemoryOperationUtils: add 17938 to inactive
06-17 14:04:30.459  3480  5318 D OplusStartingWindowManager: updateRecordSurfaceViewState windowToken = android.os.BinderProxy@db95edc, surfaceState = true, attachedToWindow = true, inList = false, win = Window{1e01161 u0 NotificationShade}
06-17 14:04:30.461  3480  9472 D OplusStartingWindowManager: updateRecordSurfaceViewState windowToken = android.os.BinderProxy@db95edc, surfaceState = true, attachedToWindow = true, inList = false, win = Window{1e01161 u0 NotificationShade}
06-17 14:04:30.462  3480  9472 D OplusStartingWindowManager: updateRecordSurfaceViewState windowToken = android.os.BinderProxy@db95edc, surfaceState = true, attachedToWindow = true, inList = false, win = Window{1e01161 u0 NotificationShade}
06-17 14:04:30.463  3480  9472 D OplusStartingWindowManager: updateRecordSurfaceViewState windowToken = android.os.BinderProxy@db95edc, surfaceState = true, attachedToWindow = true, inList = false, win = Window{1e01161 u0 NotificationShade}
06-17 14:04:30.463  3480  9472 D OplusStartingWindowManager: updateRecordSurfaceViewState windowToken = android.os.BinderProxy@db95edc, surfaceState = true, attachedToWindow = true, inList = false, win = Window{1e01161 u0 NotificationShade}
06-17 14:04:30.468  3480  5318 D OplusStartingWindowManager: updateRecordSurfaceViewState windowToken = android.os.BinderProxy@db95edc, surfaceState = true, attachedToWindow = true, inList = false, win = Window{1e01161 u0 NotificationShade}
06-17 14:04:30.475  3480  5318 D ActivityTaskManagerServiceExtImpl: preBindApplication record is null
06-17 14:04:30.480  3480  5318 D OplusStartingWindowManager: updateRecordSurfaceViewState windowToken = android.os.BinderProxy@db95edc, surfaceState = true, attachedToWindow = true, inList = false, win = Window{1e01161 u0 NotificationShade}
06-17 14:04:30.481 17938 17938 V Configuration: Updating configuration, locales updated from [] to [en_TH]
06-17 14:04:30.485  3480  5318 D OplusStartingWindowManager: updateRecordSurfaceViewState windowToken = android.os.BinderProxy@db95edc, surfaceState = true, attachedToWindow = true, inList = false, win = Window{1e01161 u0 NotificationShade}
06-17 14:04:30.495  3480  5318 D OplusStartingWindowManager: updateRecordSurfaceViewState windowToken = android.os.BinderProxy@db95edc, surfaceState = true, attachedToWindow = true, inList = false, win = Window{1e01161 u0 NotificationShade}
06-17 14:04:30.502  3480  5318 D OplusStartingWindowManager: updateRecordSurfaceViewState windowToken = android.os.BinderProxy@db95edc, surfaceState = true, attachedToWindow = true, inList = false, win = Window{1e01161 u0 NotificationShade}
06-17 14:04:30.511  3480  9472 D OplusStartingWindowManager: updateRecordSurfaceViewState windowToken = android.os.BinderProxy@db95edc, surfaceState = true, attachedToWindow = true, inList = false, win = Window{1e01161 u0 NotificationShade}
06-17 14:04:30.518  3480  5318 V WindowManager: Relayout Window{6dc56f3 u0 OnScreenFingerprintIcon}: viewVisibility=8, oldvis=0, req=1440x1440 , apr = 0, 
06-17 14:04:30.520  3480  9472 D OplusStartingWindowManager: updateRecordSurfaceViewState windowToken = android.os.BinderProxy@db95edc, surfaceState = true, attachedToWindow = true, inList = false, win = Window{1e01161 u0 NotificationShade}
06-17 14:04:30.522 17938 17938 D ResourcesManagerExtImpl: applyConfigurationToAppResourcesLocked app.getDisplayId() return callback.displayId:-1
06-17 14:04:30.528  3480  9472 D OplusStartingWindowManager: updateRecordSurfaceViewState windowToken = android.os.BinderProxy@db95edc, surfaceState = true, attachedToWindow = true, inList = false, win = Window{1e01161 u0 NotificationShade}
06-17 14:04:30.536  3480  9472 D OplusStartingWindowManager: updateRecordSurfaceViewState windowToken = android.os.BinderProxy@db95edc, surfaceState = true, attachedToWindow = true, inList = false, win = Window{1e01161 u0 NotificationShade}
06-17 14:04:30.543  3480  9472 D OplusStartingWindowManager: updateRecordSurfaceViewState windowToken = android.os.BinderProxy@db95edc, surfaceState = true, attachedToWindow = true, inList = false, win = Window{1e01161 u0 NotificationShade}
06-17 14:04:30.547  3480  5318 I WindowManager: Window{6dc56f3 u0 OnScreenFingerprintIcon} state from HAS_DRAWN to NO_SURFACE; reason: destroySurface
06-17 14:04:30.548  3480  5318 D WindowManager: NFW_findFocusedWindowIfNeeded:Window{1e01161 u0 NotificationShade} mCurrentFocus:Window{1e01161 u0 NotificationShade}
06-17 14:04:30.551  3480  5318 V WindowManager: Relayout Window{1d043e5 u0 OnScreenFingerprintPressedIcon}: viewVisibility=8, oldvis=0, req=221x221 , apr = 0, 
06-17 14:04:30.551  3480  5318 I WindowManager: Window{1d043e5 u0 OnScreenFingerprintPressedIcon} state from HAS_DRAWN to NO_SURFACE; reason: destroySurface
06-17 14:04:30.552  3480  5318 D WindowManager: NFW_findFocusedWindowIfNeeded:Window{1e01161 u0 NotificationShade} mCurrentFocus:Window{1e01161 u0 NotificationShade}
06-17 14:04:30.552  3480  9472 D OplusStartingWindowManager: updateRecordSurfaceViewState windowToken = android.os.BinderProxy@db95edc, surfaceState = true, attachedToWindow = true, inList = false, win = Window{1e01161 u0 NotificationShade}
06-17 14:04:30.560  3480  4704 D OplusStartingWindowManager: updateRecordSurfaceViewState windowToken = android.os.BinderProxy@db95edc, surfaceState = true, attachedToWindow = true, inList = false, win = Window{1e01161 u0 NotificationShade}
06-17 14:04:30.562  3480  4704 I ActivityManager: Flag disabled. Ignoring finishAttachApplication from uid: 10181. pid: 17938
06-17 14:04:30.568  3480  9472 D OplusStartingWindowManager: updateRecordSurfaceViewState windowToken = android.os.BinderProxy@db95edc, surfaceState = true, attachedToWindow = true, inList = false, win = Window{1e01161 u0 NotificationShade}
06-17 14:04:30.576  3480  9472 D OplusStartingWindowManager: updateRecordSurfaceViewState windowToken = android.os.BinderProxy@db95edc, surfaceState = true, attachedToWindow = true, inList = false, win = Window{1e01161 u0 NotificationShade}
06-17 14:04:30.585  3480  5318 D OplusStartingWindowManager: updateRecordSurfaceViewState windowToken = android.os.BinderProxy@db95edc, surfaceState = true, attachedToWindow = true, inList = false, win = Window{1e01161 u0 NotificationShade}
06-17 14:04:30.594  3480  9472 D OplusStartingWindowManager: updateRecordSurfaceViewState windowToken = android.os.BinderProxy@db95edc, surfaceState = true, attachedToWindow = true, inList = false, win = Window{1e01161 u0 NotificationShade}
06-17 14:04:30.601  3480  5318 D OplusStartingWindowManager: updateRecordSurfaceViewState windowToken = android.os.BinderProxy@db95edc, surfaceState = true, attachedToWindow = true, inList = false, win = Window{1e01161 u0 NotificationShade}
06-17 14:04:30.609  3480  4704 D OplusStartingWindowManager: updateRecordSurfaceViewState windowToken = android.os.BinderProxy@db95edc, surfaceState = true, attachedToWindow = true, inList = false, win = Window{1e01161 u0 NotificationShade}
06-17 14:04:30.618  3480  4704 D OplusStartingWindowManager: updateRecordSurfaceViewState windowToken = android.os.BinderProxy@db95edc, surfaceState = true, attachedToWindow = true, inList = false, win = Window{1e01161 u0 NotificationShade}
06-17 14:04:30.625  3480 13421 W HmbirdWinInfoManager: addActivityToSet: invalid parameters
06-17 14:04:30.625  3480 13421 W HmbirdWinInfoManager: addActivityToSet: invalid parameters
06-17 14:04:30.625  3480 13421 W HmbirdWinInfoManager: addActivityToSet: invalid parameters
06-17 14:04:30.625  3480 13421 W HmbirdWinInfoManager: addActivityToSet: invalid parameters
06-17 14:04:30.625  3480 13421 D HmbirdWinInfoManager: hmbirdFullWinInfos.size() != 1
06-17 14:04:30.627  3480  5318 D OplusStartingWindowManager: updateRecordSurfaceViewState windowToken = android.os.BinderProxy@db95edc, surfaceState = true, attachedToWindow = true, inList = false, win = Window{1e01161 u0 NotificationShade}
06-17 14:04:30.636  3480  4704 D OplusStartingWindowManager: updateRecordSurfaceViewState windowToken = android.os.BinderProxy@db95edc, surfaceState = true, attachedToWindow = true, inList = false, win = Window{1e01161 u0 NotificationShade}
06-17 14:04:30.643  3480  5318 D OplusStartingWindowManager: updateRecordSurfaceViewState windowToken = android.os.BinderProxy@db95edc, surfaceState = true, attachedToWindow = true, inList = false, win = Window{1e01161 u0 NotificationShade}
06-17 14:04:30.644  3480  3728 D VRR [OPlusSAManager]: updateAutoMinfps for 4630946450791512195 with nits: 172.89682, mHistOK true, mAmbientOK true, mCctOK true, mIrOK true, mBrightnessOK true, isPkgOK true, SA min fps: 0
06-17 14:04:30.651  3480  5318 D OplusStartingWindowManager: updateRecordSurfaceViewState windowToken = android.os.BinderProxy@db95edc, surfaceState = true, attachedToWindow = true, inList = false, win = Window{1e01161 u0 NotificationShade}
06-17 14:04:30.659  3480  5318 D OplusStartingWindowManager: updateRecordSurfaceViewState windowToken = android.os.BinderProxy@db95edc, surfaceState = true, attachedToWindow = true, inList = false, win = Window{1e01161 u0 NotificationShade}
06-17 14:04:30.667  3480  5318 D OplusStartingWindowManager: updateRecordSurfaceViewState windowToken = android.os.BinderProxy@db95edc, surfaceState = true, attachedToWindow = true, inList = false, win = Window{1e01161 u0 NotificationShade}
06-17 14:04:30.676  3480  5318 D OplusStartingWindowManager: updateRecordSurfaceViewState windowToken = android.os.BinderProxy@db95edc, surfaceState = true, attachedToWindow = true, inList = false, win = Window{1e01161 u0 NotificationShade}
06-17 14:04:30.685  3480  5318 D OplusStartingWindowManager: updateRecordSurfaceViewState windowToken = android.os.BinderProxy@db95edc, surfaceState = true, attachedToWindow = true, inList = false, win = Window{1e01161 u0 NotificationShade}
06-17 14:04:30.692  3480  5318 D OplusStartingWindowManager: updateRecordSurfaceViewState windowToken = android.os.BinderProxy@db95edc, surfaceState = true, attachedToWindow = true, inList = false, win = Window{1e01161 u0 NotificationShade}
06-17 14:04:30.700  3480  5318 D OplusStartingWindowManager: updateRecordSurfaceViewState windowToken = android.os.BinderProxy@db95edc, surfaceState = true, attachedToWindow = true, inList = false, win = Window{1e01161 u0 NotificationShade}
06-17 14:04:30.709  3480  5318 D OplusStartingWindowManager: updateRecordSurfaceViewState windowToken = android.os.BinderProxy@db95edc, surfaceState = true, attachedToWindow = true, inList = false, win = Window{1e01161 u0 NotificationShade}
06-17 14:04:30.717  3480  5318 D OplusStartingWindowManager: updateRecordSurfaceViewState windowToken = android.os.BinderProxy@db95edc, surfaceState = true, attachedToWindow = true, inList = false, win = Window{1e01161 u0 NotificationShade}
06-17 14:04:30.725  3480  5318 D OplusStartingWindowManager: updateRecordSurfaceViewState windowToken = android.os.BinderProxy@db95edc, surfaceState = true, attachedToWindow = true, inList = false, win = Window{1e01161 u0 NotificationShade}
06-17 14:04:30.740  3480  4704 D OplusStartingWindowManager: updateRecordSurfaceViewState windowToken = android.os.BinderProxy@db95edc, surfaceState = true, attachedToWindow = true, inList = false, win = Window{1e01161 u0 NotificationShade}
06-17 14:04:30.742  3480  5318 D OplusStartingWindowManager: updateRecordSurfaceViewState windowToken = android.os.BinderProxy@db95edc, surfaceState = true, attachedToWindow = true, inList = false, win = Window{1e01161 u0 NotificationShade}
06-17 14:04:30.750  3480  5318 D OplusStartingWindowManager: updateRecordSurfaceViewState windowToken = android.os.BinderProxy@db95edc, surfaceState = true, attachedToWindow = true, inList = false, win = Window{1e01161 u0 NotificationShade}
06-17 14:04:30.760  3480  5318 D OplusStartingWindowManager: updateRecordSurfaceViewState windowToken = android.os.BinderProxy@db95edc, surfaceState = true, attachedToWindow = true, inList = false, win = Window{1e01161 u0 NotificationShade}
06-17 14:04:30.773  3480  9472 D OplusStartingWindowManager: updateRecordSurfaceViewState windowToken = android.os.BinderProxy@db95edc, surfaceState = true, attachedToWindow = true, inList = false, win = Window{1e01161 u0 NotificationShade}
06-17 14:04:30.782  3480  5318 D OplusStartingWindowManager: updateRecordSurfaceViewState windowToken = android.os.BinderProxy@db95edc, surfaceState = true, attachedToWindow = true, inList = false, win = Window{1e01161 u0 NotificationShade}
06-17 14:04:30.784  3480  5318 D OplusStartingWindowManager: updateRecordSurfaceViewState windowToken = android.os.BinderProxy@db95edc, surfaceState = true, attachedToWindow = true, inList = false, win = Window{1e01161 u0 NotificationShade}
06-17 14:04:30.786  3480 17923 W CameraService_proxy: Unknown extension type: -1
06-17 14:04:30.792  3480  5318 D OplusStartingWindowManager: updateRecordSurfaceViewState windowToken = android.os.BinderProxy@db95edc, surfaceState = true, attachedToWindow = true, inList = false, win = Window{1e01161 u0 NotificationShade}
06-17 14:04:30.809  3480  5318 D OplusStartingWindowManager: updateRecordSurfaceViewState windowToken = android.os.BinderProxy@db95edc, surfaceState = true, attachedToWindow = true, inList = false, win = Window{1e01161 u0 NotificationShade}
06-17 14:04:30.814  3480  5318 D PowerManagerService: userActivityNoUpdateLocked: groupId=0, eventTime=400868799, event=other, flags=0x0, uid=10208
06-17 14:04:30.827  3480  5318 D OplusStartingWindowManager: updateRecordSurfaceViewState windowToken = android.os.BinderProxy@db95edc, surfaceState = true, attachedToWindow = true, inList = false, win = Window{1e01161 u0 NotificationShade}
06-17 14:04:30.840  3480  5318 D OplusStartingWindowManager: updateRecordSurfaceViewState windowToken = android.os.BinderProxy@db95edc, surfaceState = true, attachedToWindow = true, inList = false, win = Window{1e01161 u0 NotificationShade}
06-17 14:04:30.848  3480  4704 D OplusStartingWindowManager: updateRecordSurfaceViewState windowToken = android.os.BinderProxy@db95edc, surfaceState = true, attachedToWindow = true, inList = false, win = Window{1e01161 u0 NotificationShade}
06-17 14:04:30.857  3480  4704 D OplusStartingWindowManager: updateRecordSurfaceViewState windowToken = android.os.BinderProxy@db95edc, surfaceState = true, attachedToWindow = true, inList = false, win = Window{1e01161 u0 NotificationShade}
06-17 14:04:30.865  3480  4704 D OplusStartingWindowManager: updateRecordSurfaceViewState windowToken = android.os.BinderProxy@db95edc, surfaceState = true, attachedToWindow = true, inList = false, win = Window{1e01161 u0 NotificationShade}
06-17 14:04:30.873  3480  4704 D OplusStartingWindowManager: updateRecordSurfaceViewState windowToken = android.os.BinderProxy@db95edc, surfaceState = true, attachedToWindow = true, inList = false, win = Window{1e01161 u0 NotificationShade}
06-17 14:04:30.884  3480  4704 D OplusStartingWindowManager: updateRecordSurfaceViewState windowToken = android.os.BinderProxy@db95edc, surfaceState = true, attachedToWindow = true, inList = false, win = Window{1e01161 u0 NotificationShade}
06-17 14:04:30.890  3480  5318 D OplusStartingWindowManager: updateRecordSurfaceViewState windowToken = android.os.BinderProxy@db95edc, surfaceState = true, attachedToWindow = true, inList = false, win = Window{1e01161 u0 NotificationShade}
06-17 14:04:30.898  3480  4704 D OplusStartingWindowManager: updateRecordSurfaceViewState windowToken = android.os.BinderProxy@db95edc, surfaceState = true, attachedToWindow = true, inList = false, win = Window{1e01161 u0 NotificationShade}
06-17 14:04:30.906  3480  5318 D OplusStartingWindowManager: updateRecordSurfaceViewState windowToken = android.os.BinderProxy@db95edc, surfaceState = true, attachedToWindow = true, inList = false, win = Window{1e01161 u0 NotificationShade}
06-17 14:04:30.914  3480  5318 D OplusStartingWindowManager: updateRecordSurfaceViewState windowToken = android.os.BinderProxy@db95edc, surfaceState = true, attachedToWindow = true, inList = false, win = Window{1e01161 u0 NotificationShade}
06-17 14:04:30.916  3480  5318 D OplusStartingWindowManager: updateRecordSurfaceViewState windowToken = android.os.BinderProxy@db95edc, surfaceState = true, attachedToWindow = true, inList = false, win = Window{1e01161 u0 NotificationShade}
06-17 14:04:30.924  3480  5318 D OplusStartingWindowManager: updateRecordSurfaceViewState windowToken = android.os.BinderProxy@db95edc, surfaceState = true, attachedToWindow = true, inList = false, win = Window{1e01161 u0 NotificationShade}
06-17 14:04:30.939  3480  4704 D OplusStartingWindowManager: updateRecordSurfaceViewState windowToken = android.os.BinderProxy@db95edc, surfaceState = true, attachedToWindow = true, inList = false, win = Window{1e01161 u0 NotificationShade}
06-17 14:04:30.943  3480  4448 V NetworkPolicy: updateNetworkEnabledNL() return
06-17 14:04:30.943  3480  4448 V NetworkPolicy: updateNotificationsNL not process
06-17 14:04:30.947  3480  4704 D OplusStartingWindowManager: updateRecordSurfaceViewState windowToken = android.os.BinderProxy@db95edc, surfaceState = true, attachedToWindow = true, inList = false, win = Window{1e01161 u0 NotificationShade}
06-17 14:04:30.956  3480  4704 D OplusStartingWindowManager: updateRecordSurfaceViewState windowToken = android.os.BinderProxy@db95edc, surfaceState = true, attachedToWindow = true, inList = false, win = Window{1e01161 u0 NotificationShade}
06-17 14:04:30.965  3480  5898 D OplusStartingWindowManager: updateRecordSurfaceViewState windowToken = android.os.BinderProxy@db95edc, surfaceState = true, attachedToWindow = true, inList = false, win = Window{1e01161 u0 NotificationShade}
06-17 14:04:30.967  3480  4704 D OplusStartingWindowManager: updateRecordSurfaceViewState windowToken = android.os.BinderProxy@db95edc, surfaceState = true, attachedToWindow = true, inList = false, win = Window{1e01161 u0 NotificationShade}
06-17 14:04:30.974  3480  4704 D OplusStartingWindowManager: updateRecordSurfaceViewState windowToken = android.os.BinderProxy@db95edc, surfaceState = true, attachedToWindow = true, inList = false, win = Window{1e01161 u0 NotificationShade}
06-17 14:04:30.982  3480  4704 D OplusStartingWindowManager: updateRecordSurfaceViewState windowToken = android.os.BinderProxy@db95edc, surfaceState = true, attachedToWindow = true, inList = false, win = Window{1e01161 u0 NotificationShade}
06-17 14:04:30.997  3480  5898 D OplusStartingWindowManager: updateRecordSurfaceViewState windowToken = android.os.BinderProxy@db95edc, surfaceState = true, attachedToWindow = true, inList = false, win = Window{1e01161 u0 NotificationShade}
06-17 14:04:31.006  3480  5898 D OplusStartingWindowManager: updateRecordSurfaceViewState windowToken = android.os.BinderProxy@db95edc, surfaceState = true, attachedToWindow = true, inList = false, win = Window{1e01161 u0 NotificationShade}
06-17 14:04:31.014  3480  5898 D OplusStartingWindowManager: updateRecordSurfaceViewState windowToken = android.os.BinderProxy@db95edc, surfaceState = true, attachedToWindow = true, inList = false, win = Window{1e01161 u0 NotificationShade}
06-17 14:04:31.022  3480  5898 D OplusStartingWindowManager: updateRecordSurfaceViewState windowToken = android.os.BinderProxy@db95edc, surfaceState = true, attachedToWindow = true, inList = false, win = Window{1e01161 u0 NotificationShade}
06-17 14:04:31.030  3480  5898 D OplusStartingWindowManager: updateRecordSurfaceViewState windowToken = android.os.BinderProxy@db95edc, surfaceState = true, attachedToWindow = true, inList = false, win = Window{1e01161 u0 NotificationShade}
06-17 14:04:31.039  3480  4704 D OplusStartingWindowManager: updateRecordSurfaceViewState windowToken = android.os.BinderProxy@db95edc, surfaceState = true, attachedToWindow = true, inList = false, win = Window{1e01161 u0 NotificationShade}
06-17 14:04:31.047  3480  5898 D OplusStartingWindowManager: updateRecordSurfaceViewState windowToken = android.os.BinderProxy@db95edc, surfaceState = true, attachedToWindow = true, inList = false, win = Window{1e01161 u0 NotificationShade}
06-17 14:04:31.048  3480  5898 D OplusStartingWindowManager: updateRecordSurfaceViewState windowToken = android.os.BinderProxy@db95edc, surfaceState = true, attachedToWindow = true, inList = false, win = Window{1e01161 u0 NotificationShade}
06-17 14:04:31.057  3480  5898 D OplusStartingWindowManager: updateRecordSurfaceViewState windowToken = android.os.BinderProxy@db95edc, surfaceState = true, attachedToWindow = true, inList = false, win = Window{1e01161 u0 NotificationShade}
06-17 14:04:31.065  3480  5898 D OplusStartingWindowManager: updateRecordSurfaceViewState windowToken = android.os.BinderProxy@db95edc, surfaceState = true, attachedToWindow = true, inList = false, win = Window{1e01161 u0 NotificationShade}
06-17 14:04:31.073  3480  5898 D OplusStartingWindowManager: updateRecordSurfaceViewState windowToken = android.os.BinderProxy@db95edc, surfaceState = true, attachedToWindow = true, inList = false, win = Window{1e01161 u0 NotificationShade}
06-17 14:04:31.081  3480  5898 D OplusStartingWindowManager: updateRecordSurfaceViewState windowToken = android.os.BinderProxy@db95edc, surfaceState = true, attachedToWindow = true, inList = false, win = Window{1e01161 u0 NotificationShade}
06-17 14:04:31.087  3480 17923 W CameraService_proxy: Unknown extension type: -1
06-17 14:04:31.089  3480  5898 D OplusStartingWindowManager: updateRecordSurfaceViewState windowToken = android.os.BinderProxy@db95edc, surfaceState = true, attachedToWindow = true, inList = false, win = Window{1e01161 u0 NotificationShade}
06-17 14:04:31.098  3480  5898 D OplusStartingWindowManager: updateRecordSurfaceViewState windowToken = android.os.BinderProxy@db95edc, surfaceState = true, attachedToWindow = true, inList = false, win = Window{1e01161 u0 NotificationShade}
06-17 14:04:31.107  3480  4704 D OplusStartingWindowManager: updateRecordSurfaceViewState windowToken = android.os.BinderProxy@db95edc, surfaceState = true, attachedToWindow = true, inList = false, win = Window{1e01161 u0 NotificationShade}
06-17 14:04:31.114  3480  4704 D OplusStartingWindowManager: updateRecordSurfaceViewState windowToken = android.os.BinderProxy@db95edc, surfaceState = true, attachedToWindow = true, inList = false, win = Window{1e01161 u0 NotificationShade}
06-17 14:04:31.118  3480  4704 D PowerManagerService: userActivityNoUpdateLocked: groupId=0, eventTime=400869103, event=other, flags=0x0, uid=10208
06-17 14:04:31.122  3480  4704 D OplusWallpaperAnimationManager: cancelSurfaceAnimation reason: move_animation, isAnimating: false, by window: Window{1e01161 u0 NotificationShade}
06-17 14:04:31.122  3480  4704 D OplusWallpaperAnimationManager: setWallpaperScale, onAnimationStopped
06-17 14:04:31.122  3480  4704 V OplusWallpaperAnimationManager: setWallpaperScale scale: 1.1, targetZoom: 0.0, by Window{1e01161 u0 NotificationShade}
06-17 14:04:31.123  3480  3572 D OplusWallpaperSurfaceAnimation: animation end matrix: Matrix{[1.1, 0.0, -72.0][0.0, 1.1, -158.40002][0.0, 0.0, 1.0]}, for Surface(name=ab9554b com.android.systemui.wallpapers.ImageWallpaper)/@0xc701285
06-17 14:04:31.123  3480  3572 I WallpaperControllerExtImpl: begin setLockWallpaperZoomOut zoom: 0.0, by Window{1e01161 u0 NotificationShade}
06-17 14:04:31.123  3480  3581 I WallpaperControllerExtImpl: setLockWallpaperZoomOut zoom: 0.0, by Window{1e01161 u0 NotificationShade}
06-17 14:04:31.124  3480  5318 D OplusStartingWindowManager: updateRecordSurfaceViewState windowToken = android.os.BinderProxy@db95edc, surfaceState = true, attachedToWindow = true, inList = false, win = Window{1e01161 u0 NotificationShade}
06-17 14:04:31.133  3480  5318 D OplusStartingWindowManager: updateRecordSurfaceViewState windowToken = android.os.BinderProxy@db95edc, surfaceState = true, attachedToWindow = true, inList = false, win = Window{1e01161 u0 NotificationShade}
06-17 14:04:31.139  3480  5318 D OplusStartingWindowManager: updateRecordSurfaceViewState windowToken = android.os.BinderProxy@db95edc, surfaceState = true, attachedToWindow = true, inList = false, win = Window{1e01161 u0 NotificationShade}
06-17 14:04:31.147  3480  5318 D OplusStartingWindowManager: updateRecordSurfaceViewState windowToken = android.os.BinderProxy@db95edc, surfaceState = true, attachedToWindow = true, inList = false, win = Window{1e01161 u0 NotificationShade}
06-17 14:04:31.155  1722  1755 E NetlinkEvent: NetlinkEvent::FindParam(): Parameter 'INTERFACE' not found
06-17 14:04:31.155  1722  1755 E NetlinkEvent: NetlinkEvent::FindParam(): Parameter 'STATE' not found
06-17 14:04:31.155  1722  1755 E NetlinkEvent: NetlinkEvent::FindParam(): Parameter 'TIME_NS' not found
06-17 14:04:31.155  1722  1755 E NetlinkEvent: NetlinkEvent::FindParam(): Parameter 'UID' not found
06-17 14:04:31.156  3480  5318 D OplusStartingWindowManager: updateRecordSurfaceViewState windowToken = android.os.BinderProxy@db95edc, surfaceState = true, attachedToWindow = true, inList = false, win = Window{1e01161 u0 NotificationShade}
06-17 14:04:31.158  3480  3580 W QosScheduler: executeSceneQosStrategy failed! qos feature no enable
06-17 14:04:31.164  3480  5318 D PowerManagerService: userActivityNoUpdateLocked: groupId=0, eventTime=400869148, event=other, flags=0x0, uid=10208
06-17 14:04:31.168  3480  5318 D OplusStartingWindowManager: updateRecordSurfaceViewState windowToken = android.os.BinderProxy@db95edc, surfaceState = true, attachedToWindow = true, inList = false, win = Window{1e01161 u0 NotificationShade}
06-17 14:04:31.175  3480  5318 D OplusStartingWindowManager: updateRecordSurfaceViewState windowToken = android.os.BinderProxy@db95edc, surfaceState = true, attachedToWindow = true, inList = false, win = Window{1e01161 u0 NotificationShade}
06-17 14:04:31.184  3480  4704 D OplusStartingWindowManager: updateRecordSurfaceViewState windowToken = android.os.BinderProxy@db95edc, surfaceState = true, attachedToWindow = true, inList = false, win = Window{1e01161 u0 NotificationShade}
06-17 14:04:31.188  3480 17923 W CameraService_proxy: Unknown extension type: -1
06-17 14:04:31.191  3480  4704 D OplusStartingWindowManager: updateRecordSurfaceViewState windowToken = android.os.BinderProxy@db95edc, surfaceState = true, attachedToWindow = true, inList = false, win = Window{1e01161 u0 NotificationShade}
06-17 14:04:31.199  3480  4704 D OplusStartingWindowManager: updateRecordSurfaceViewState windowToken = android.os.BinderProxy@db95edc, surfaceState = true, attachedToWindow = true, inList = false, win = Window{1e01161 u0 NotificationShade}
06-17 14:04:31.208  3480  5318 D OplusStartingWindowManager: updateRecordSurfaceViewState windowToken = android.os.BinderProxy@db95edc, surfaceState = true, attachedToWindow = true, inList = false, win = Window{1e01161 u0 NotificationShade}
06-17 14:04:31.216  3480  5318 D PowerManagerService: userActivityNoUpdateLocked: groupId=0, eventTime=400869201, event=other, flags=0x0, uid=10208
06-17 14:04:31.223  3480  4704 D PowerManagerService: userActivityNoUpdateLocked: groupId=0, eventTime=400869208, event=other, flags=0x0, uid=10208
06-17 14:04:31.226  3480  5898 D WindowManager: Remove SleepToken: tag=keyguard, displayId=0
06-17 14:04:31.226  4908  4978 V WindowManagerShell: Transition requested (#15418): android.os.BinderProxy@a81d8f2 TransitionRequestInfo { type = TO_BACK, triggerTask = null, pipChange = null, remoteTransition = null, displayChange = null, flags = 256, debugId = 15418 }
06-17 14:04:31.227  3480  5898 D ActivityTaskManager: Top Process State changed to PROCESS_STATE_TOP
06-17 14:04:31.227  3480  5898 D WindowManager:  setIsSleeping from  true to false this=Display{#0 state=ON size=1440x3168 ROTATION_0}
06-17 14:04:31.227  3480  5898 D RefreshRate: don't do app switch boost,mPickRefreshRateData is:com.android.server.wm.OplusRefreshRatePolicyImpl$PickRefreshRateData@b6124e3 mLastPickedWin is:null
06-17 14:04:31.227  3480  5898 D ActivityTaskManager: setAppVisibility(Token{74e30e ActivityRecord{254689029 u0 rd.sheepskin.sandboxmusic/.MainActivity t12214}}, visible=true):  visible=false mVisibleRequested=false
06-17 14:04:31.227  3480  5898 D WindowManager: NFW_setClientVisible:ActivityRecord{254689029 u0 rd.sheepskin.sandboxmusic/.MainActivity t12214} clientVisible:true
06-17 14:04:31.229  3480  5898 D ActivityTaskManager: setVisibility(Token{74e30e ActivityRecord{254689029 u0 rd.sheepskin.sandboxmusic/.MainActivity t12214}}, visible=true) defer commitVisibility for transition collecting
06-17 14:04:31.229  3480  5898 D ActivityTaskManager: NFW_setLastResumedActivityUncheckLocked:false r:ActivityRecord{254689029 u0 rd.sheepskin.sandboxmusic/.MainActivity t12214} currentFocus:Window{1e01161 u0 NotificationShade}
06-17 14:04:31.229  3480  5898 I OplusAppSwitchManagerService: rd.sheepskin.sandboxmusic notifyGcSupression , firstStart = false
06-17 14:04:31.229  3480  5318 D OplusStartingWindowManager: updateRecordSurfaceViewState windowToken = android.os.BinderProxy@db95edc, surfaceState = true, attachedToWindow = true, inList = false, win = Window{1e01161 u0 NotificationShade}
06-17 14:04:31.230  3480  5898 D ActivityTaskManager: The isLandscapeFullscreenEnabled is: rd.sheepskin.sandboxmusic/.MainActivity
06-17 14:04:31.230  3480  5898 D ActivityTaskManager: The isLandscapeFullscreenEnabled is: rd.sheepskin.sandboxmusic/.MainActivity
06-17 14:04:31.230  3480  5898 D FlexibleTaskController: isFullToFlexibleAnimating: false
06-17 14:04:31.230  3480  5898 D WindowManager: rotation(ROTATION_0) no changed  displayId = 0, lastOrientation = -1
06-17 14:04:31.230  3480  5898 D ActivityTaskManager: The isLandscapeFullscreenEnabled is: rd.sheepskin.sandboxmusic/.MainActivity
06-17 14:04:31.230  3480  5898 D ActivityTaskManager: The isLandscapeFullscreenEnabled is: rd.sheepskin.sandboxmusic/.MainActivity
06-17 14:04:31.230  3480  5898 D ActivityTaskManager: The isLandscapeFullscreenEnabled is: rd.sheepskin.sandboxmusic/.MainActivity
06-17 14:04:31.230  3480  5898 D ActivityTaskManager: The isLandscapeFullscreenEnabled is: rd.sheepskin.sandboxmusic/.MainActivity
06-17 14:04:31.230  3480  5898 D ActivityTaskManager: The isLandscapeFullscreenEnabled is: rd.sheepskin.sandboxmusic/.MainActivity
06-17 14:04:31.230  3480  5898 D ActivityTaskManager: The isLandscapeFullscreenEnabled is: rd.sheepskin.sandboxmusic/.MainActivity
06-17 14:04:31.230  3480  5898 D ActivityTaskManager: The isLandscapeFullscreenEnabled is: rd.sheepskin.sandboxmusic/.MainActivity
06-17 14:04:31.230  3480  5898 D ActivityTaskManager: The isLandscapeFullscreenEnabled is: rd.sheepskin.sandboxmusic/.MainActivity
06-17 14:04:31.230  3480  5898 I TaskOrganizerController: onTaskInfoChanged taskid 12214 config { mBounds=Rect(0, 0 - 1440, 3168) mAppBounds=Rect(0, 0 - 1440, 3168) mMaxBounds=Rect(0, 0 - 1440, 3168) mDisplayRotation=ROTATION_0 mWindowingMode=fullscreen mActivityType=standard mAlwaysOnTop=undefined mRotation=ROTATION_0}
06-17 14:04:31.231  3480 13962 D OplusAppSwitchRuleInfo: generateActivityEnterInfo - launch_source_type =  , launch_source_traceid = 
