07-08 15:02:16.936  8600  6790 I SuperDelight: SuperDelightManager.syncBundledLanguageModels():721 SuperDelightManager#syncBundledLanguageModels(): Syncing for version 2026052100
07-08 15:02:16.936  8600  9021 I SuperpacksManagerImpl: SuperpacksManagerImpl$3$1.onSuccess():552 emoticon_content_description.registerManifest() succeeded
07-08 15:02:16.936  8600  9021 I SuperpacksManagerImpl: SuperpacksManagerImpl$3$1.onSuccess():552 emoticon_content_description.registerManifest() succeeded
07-08 15:02:16.936  8600  9021 I AbstractSyncResultCallback: AbstractSyncResultCallback.onFailure():38 onFailure(): emoticon_content_description.sync cancelled; expected if new request supersedes pending one.
07-08 15:02:16.943  7057  8336 W cr_VAUtil: Unknown profile: 8 for codec video/hevc
07-08 15:02:16.943  7057  8336 W cr_VAUtil: Unknown profile: 8 for codec video/hevc
07-08 15:02:16.943  7057  8336 W cr_VAUtil: Unknown profile: 8 for codec video/hevc
07-08 15:02:16.947  8600  9021 I SP      : Syncing emoticon_content_description (2022081613) with slices: [7a635888cb828dfa2fc744b7b9b50f04, 82203eaeaa17c7345d29b18e337a6f27, 9585007bde15b62a23e73e5a07e18dab], metadata: false
07-08 15:02:16.947  8600  9021 I SP      : Syncing content_cache (2024032915) with slices: [74ed8b2e38ec1bc8af70aa63d8ec49de, 8722425f4121ffdea802b1066df73991, fa1da98da1212aad6fb9a8efaff48148], metadata: true
07-08 15:02:16.947  8600  9021 I SP      : Syncing emoticon_content_description (2022081613) with slices: [7a635888cb828dfa2fc744b7b9b50f04, 82203eaeaa17c7345d29b18e337a6f27, 9585007bde15b62a23e73e5a07e18dab], metadata: false
07-08 15:02:16.947  8600  9021 I SP      : Syncing emoticon_content_description (2022081613) with slices: [7a635888cb828dfa2fc744b7b9b50f04, 82203eaeaa17c7345d29b18e337a6f27, 9585007bde15b62a23e73e5a07e18dab], metadata: false
07-08 15:02:16.947  8600  9021 I SuperDelight: SuperDelightBundledSlicingStrategy.getSlices():41 BundledSlicing#getSlices() : Locale = [en_GB, th]
07-08 15:02:16.947  8600  9021 I SuperDelight: SuperDelightBundledSlicingStrategy.getSlices():67 BundledSlicing#getSlices(): result {slices=[bundled_delight:main_en_us_2026030300_2], last batch=true, sync metadata=false}
07-08 15:02:16.947  8600  9021 I SP      : Syncing bundled_delight (2026052100) with slices: [main_en_us_2026030300_2], metadata: false
07-08 15:02:16.950  1730  8338 E         : DNS_CACHE: hanle request << lookupdns: hostname:cdn.jsdelivr.net, servername:^, ai_flags:1024, ai_family:0, ai_socktype:1, ai_protocol:0, netid:0, uid:10447
07-08 15:02:16.950  7057  8311 D DNS_CACHE: oplus_oplus_getaddrinfo_proxy lookup from netd: hostname:cdn.jsdelivr.net, servname:(null) uid: 10447, result_code:408, res = 0x0, found = 0
07-08 15:02:16.950  1730  8338 E         : DNS_CACHE: hanle request << lookupdns: hostname:fonts.googleapis.com, servername:^, ai_flags:1024, ai_family:0, ai_socktype:1, ai_protocol:0, netid:0, uid:10447
07-08 15:02:16.951  7057  8304 D DNS_CACHE: oplus_oplus_getaddrinfo_proxy lookup from netd: hostname:fonts.googleapis.com, servname:(null) uid: 10447, result_code:408, res = 0x0, found = 0
07-08 15:02:16.956  8600  5313 I DelightKLPDownloader: DelightKLPDownloader$1.onSuccess():157 removing filegroup __KLP_delight__en-US
07-08 15:02:16.956  8600  5313 I DelightKLPDownloader: DelightKLPDownloader$1.onSuccess():157 removing filegroup __KLP_manifest_delight__en-US
07-08 15:02:16.956  8600  9172 I DownloadManager: DownloadManager.completeDownload():434 Download for __KLP_manifest_delight__en-GB scheduled with params afgl[allowMetered=true, requireCharging=false, foreground=false, immediately=true, priority=0]
07-08 15:02:16.956  8600  9172 I DownloadManager: DownloadManager.startDownload():518 start download of __KLP_manifest_delight__en-GB
07-08 15:02:16.956  8600  9172 I DownloadManager: DownloadManager.completeDownload():434 Download for __KLP_manifest_delight__th scheduled with params afgl[allowMetered=true, requireCharging=false, foreground=false, immediately=true, priority=0]
07-08 15:02:16.956  8600  9172 I DownloadManager: DownloadManager.startDownload():518 start download of __KLP_manifest_delight__th
07-08 15:02:16.956  8600  9172 I DownloadManager: DownloadManager.completeDownload():434 Download for __PEKB_manifest_pek_blocklist__en scheduled with params afgl[allowMetered=true, requireCharging=false, foreground=false, immediately=true, priority=0]
07-08 15:02:16.956  8600  9172 I DownloadManager: DownloadManager.startDownload():518 start download of __PEKB_manifest_pek_blocklist__en
07-08 15:02:16.960  8600  9172 I DownloadManager: DownloadManager$5.onSuccess():667 Data __KLP_delight__en-US removed!
07-08 15:02:16.962 30024 30024 D VRI[HomeActivity]: setWindowStopped stopped:true
07-08 15:02:16.967  1110  1110 E lowmemorykiller: device has enough memory 2374232Kib, freeMemory 311860Kib, cmafree 0Kib, file_cache 2193580Kib, disable killing (limit_killing:1024000Kib)
07-08 15:02:16.968  3414  4836 I Osense-PsiDetector: 2318,304,409,5631,93,746,537,2842,2461,832,1309,0,12,9678
07-08 15:02:16.968 31247 31281 I metis_v2_OsenseCallBack: memLevel: 2 [Metis|com.oplus.metis|1.5.5-f48228a]
07-08 15:02:16.969  1730  8338 E         : DNS_CACHE: hanle request << adddns: hostname:www.gstatic.com, servername:^, ai_flags:1024, ai_family:0, ai_socktype:1, ai_protocol:0, netid:0, uid:10447
07-08 15:02:16.969  7057  8325 D DNS_CACHE: oplus_send_dns_response send hostname: www.gstatic.com, servname: (null) response into netd: 0, *res = 0xb40000723d2cd100
07-08 15:02:16.975  5522  5756 D DnsDomainBlock: onDnsEvent: latencyMs=23, returnCode=0, uid=10447
07-08 15:02:16.976  8600  9172 I DownloadManager: DownloadManager$5.onSuccess():667 Data __KLP_manifest_delight__en-US removed!
07-08 15:02:16.977  8600  9172 I DownloadManager: DownloadManager$4.onFailure():599 download for __KLP_manifest_delight__en-GB is cancelled
07-08 15:02:16.977  8600  9172 I DownloadManager: DownloadManager.completeDownload():432 Previous download for __KLP_manifest_delight__en-GB is cancelled
07-08 15:02:16.977  8600  9172 I DownloadManager: DownloadManager.completeDownload():434 Download for __KLP_manifest_delight__en-GB scheduled with params afgl[allowMetered=true, requireCharging=false, foreground=false, immediately=true, priority=0]
07-08 15:02:16.977  8600  9172 I DownloadManager: DownloadManager.startDownload():518 start download of __KLP_manifest_delight__en-GB
07-08 15:02:16.977  8600  9172 I DownloadManager: DownloadManager$4.onFailure():599 download for __KLP_manifest_delight__th is cancelled
07-08 15:02:16.977  8600  9172 I DownloadManager: DownloadManager.completeDownload():432 Previous download for __KLP_manifest_delight__th is cancelled
07-08 15:02:16.977  8600  9172 I DownloadManager: DownloadManager.completeDownload():434 Download for __KLP_manifest_delight__th scheduled with params afgl[allowMetered=true, requireCharging=false, foreground=false, immediately=true, priority=0]
07-08 15:02:16.977  8600  9172 I DownloadManager: DownloadManager.startDownload():518 start download of __KLP_manifest_delight__th
07-08 15:02:16.977  8600  9172 I DownloadManager: DownloadManager$5.onSuccess():667 Data __KLP_delight__en-US removed!
07-08 15:02:16.977  8600  9172 I DownloadManager: DownloadManager$5.onSuccess():667 Data __KLP_manifest_delight__en-US removed!
07-08 15:02:16.977  8600  9172 I DownloadManager: DownloadManager$4.onSuccess():587 download for __PEKB_manifest_pek_blocklist__en is finished with files # amko@ed3fa11d
07-08 15:02:16.977  8600  9172 I DownloadManager: DownloadManager$4.onSuccess():587 download for __KLP_manifest_delight__en-GB is finished with files # amko@c1da5ce5
07-08 15:02:16.977  8600  9172 I DownloadManager: DownloadManager$4.onSuccess():587 download for __KLP_manifest_delight__th is finished with files # amko@66e59779
07-08 15:02:16.978  3414  8465 W PackageManager: package co.mona.android uid 10496 pid 30024 call SetEnabledSetting(co.mona.android component = androidx.work.impl.background.systemalarm.RescheduleReceiver, 1, 0)
07-08 15:02:16.978  8600  5312 I ManifestedDataDownloader: ManifestedDataDownloader.checkVersionAndDownload():98 filegroup __KLP_delight__en-GB with version 2026051809 is already downloaded
07-08 15:02:16.978  8600  5312 I ManifestedDataDownloader: ManifestedDataDownloader.checkVersionAndDownload():98 filegroup __KLP_delight__th with version 2026051909 is already downloaded
07-08 15:02:16.978  8600  5312 I ManifestedDataDownloader: ManifestedDataDownloader.checkVersionAndDownload():98 filegroup __PEKB_pek_blocklist__en with version 2025120304 is already downloaded
07-08 15:02:16.978  8600  5312 I ManifestedDataDownloader: ManifestedDataDownloader.checkVersionAndDownload():98 filegroup __KLP_delight__th with version 2026051909 is already downloaded
07-08 15:02:16.979  8600  5318 I ManifestedDataDownloader: ManifestedDataDownloader.checkVersionAndDownload():98 filegroup __KLP_delight__en-GB with version 2026051809 is already downloaded
07-08 15:02:16.979  8600  5318 I DelightKLPDownloader: DelightKLPDownloader$2.onSuccess():233 klp th downloaded with version 2026051909
07-08 15:02:16.979  8600  5312 I DelightKLPDownloader: DelightKLPDownloader$2.onSuccess():233 klp en_GB downloaded with version 2026051809
07-08 15:02:16.979  8600  5312 I DelightKLPDownloader: DelightKLPDownloader$2.onSuccess():233 klp th downloaded with version 2026051909
07-08 15:02:16.979  8600  5312 I DelightKLPDownloader: DelightKLPDownloader$2.onSuccess():233 klp en_GB downloaded with version 2026051809
07-08 15:02:16.979  8600  5318 I PerLanguageDataDownloader: PerLanguageDataDownloader$2.onSuccess():188 Data en downloaded with version 2025120304
07-08 15:02:16.982  5522  5756 D DnsDomainBlock: onDnsEvent: latencyMs=24, returnCode=0, uid=10447
07-08 15:02:16.983  1730  8338 E         : DNS_CACHE: hanle request << adddns: hostname:fonts.googleapis.com, servername:^, ai_flags:1024, ai_family:0, ai_socktype:1, ai_protocol:0, netid:0, uid:10447
07-08 15:02:16.983  7057  8304 D DNS_CACHE: oplus_send_dns_response send hostname: fonts.googleapis.com, servname: (null) response into netd: 0, *res = 0xb40000723d2ccbc0
07-08 15:02:16.991  1730  8338 E         : DNS_CACHE: hanle request << adddns: hostname:cdn.jsdelivr.net, servername:^, ai_flags:1024, ai_family:0, ai_socktype:1, ai_protocol:0, netid:0, uid:10447
07-08 15:02:16.991  7057  8311 D DNS_CACHE: oplus_send_dns_response send hostname: cdn.jsdelivr.net, servname: (null) response into netd: 0, *res = 0xb40000735ff307c0
07-08 15:02:16.993  5522  5756 D DnsDomainBlock: onDnsEvent: latencyMs=31, returnCode=0, uid=10447
07-08 15:02:16.994  8600  9021 I SP      : Scheduling: download registered, 0 started, 0 paused, 0 scheduled, 10 pending: delight:main_en_us_2024080700_1 * {m:b:u:l, fg}, theme_indices:theme_index_8a3340f7eeaed60f8b993e27238764927ff30d5f13bc978e6e9e65aad68ac76c {m:b:u:l, bg}, dynamic_art:41a013de12bb1d63367cf56d14febd9b {W:b:u:l, bg}, dynamic_art:9fbd8f766281732075d152fa48b82975 {W:b:u:l, bg}, dynamic_art:affe22790ef2882a534a603c38f3ead0 {W:b:u:l, bg}, next-word-predictor:tflite-nwp-756c50035b995cfb0f7e8feb7d1b10ee {W:b:u:l, bg}, emoji:6e190309fd8ab3516bf109e569606f6f {m:b:u:l, bg}, emoji:d14db05d283f9e150a0b6b5fc926a7e4 {m:b:u:l, bg}, gboard-small-speech-packs:en-GB-v201-f20 {W:C:u:l, bg}, emoticon_content_description:9585007bde15b62a23e73e5a07e18dab {W:b:u:l, bg}
07-08 15:02:16.995  8600  9021 I SP      : GC for 'emoticon_content_description' (10) with ttl of 0 ms took 0 ms (0/0/0)
07-08 15:02:16.996 15897 16043 W OPLUS_LOG_LOAD: ==LOGS PROG INFO, prog(com.oplus.camera) ==
07-08 15:02:16.996 15897 16043 I APS_ALOG: flushRoutine g_immediateFlush=0 g_pendingCount=0 g_oobCount=0
07-08 15:02:17.001  8600  9021 I AbstractSyncResultCallback: AbstractSyncResultCallback.onFailure():38 onFailure(): emoticon_content_description.sync cancelled; expected if new request supersedes pending one.
07-08 15:02:17.001  8600  9021 I SP      : GC for 'emoticon_content_description' (10) with ttl of 0 ms took 0 ms (0/0/0)
07-08 15:02:17.001  8600  9021 I SP      : GC for 'emoticon_content_description' (10) with ttl of 0 ms took 0 ms (0/0/0)
07-08 15:02:17.001  8600  9021 I AbstractSyncResultCallback: AbstractSyncResultCallback.onFailure():38 onFailure(): emoticon_content_description.sync cancelled; expected if new request supersedes pending one.
07-08 15:02:17.001  8600  9021 I AbstractSyncResultCallback: AbstractSyncResultCallback.onFailure():38 onFailure(): emoticon_content_description.sync cancelled; expected if new request supersedes pending one.
07-08 15:02:17.001  8600  9021 I SP      : Sync for spell_checker succeeded in 66 ms: no changes
07-08 15:02:17.015  8600  9021 I SP      : GC for 'spell_checker' (10) with ttl of 0 ms took 0 ms (0/0/0)
07-08 15:02:17.015  8600  9021 I SuperpacksManagerImpl: SuperpacksManagerImpl$19.onSyncSuccess():947 spell_checker.sync() succeeded
07-08 15:02:17.022  3414  4746 I OplusScreenSecurityMask: don't callback because already callback once
07-08 15:02:17.022  3414  4746 I WindowManager: Window{b7762f2 u0 co.mona.android/co.mona.android.feature.home_legacy.impl.home.HomeActivity} state from DRAW_PENDING to NO_SURFACE; reason: destroySurface
07-08 15:02:17.023  3414  4746 D OplusStartingWindowManager: skip remove starting window for activity = ActivityRecord{67976965 u0 co.mona.android/.feature.home_legacy.impl.home.HomeActivity t1676} ,ar != topActivityContainsStartingWindow on activityStopped
07-08 15:02:17.023  8600  9021 I SP      : Sync for content_cache succeeded in 77 ms: no changes
07-08 15:02:17.023  8600  9021 I SP      : GC for 'content_cache' (10) with ttl of 0 ms took 0 ms (0/0/0)
07-08 15:02:17.024  8600  9021 I SP      : Sync for bundled_delight succeeded in 76 ms: no changes
07-08 15:02:17.024  8600  9021 I SuperpacksManagerImpl: SuperpacksManagerImpl$19.onSyncSuccess():947 content_cache.sync() succeeded
07-08 15:02:17.024  8600  9021 I SP      : GC for 'bundled_delight' (10) with ttl of 0 ms took 0 ms (0/0/0)
07-08 15:02:17.024  8600  9021 I LmManager: LmManager$1.onSuccess():84 Bundled delight sync success
07-08 15:02:17.024  8600  9021 I SuperpacksManagerImpl: SuperpacksManagerImpl$19.onSyncSuccess():947 bundled_delight.sync() succeeded
07-08 15:02:17.025  2141  3457 E HwcComposer: getLuts failed Status(-129, EX_TRANSACTION_FAILED): 'UNKNOWN_TRANSACTION: '
07-08 15:02:17.025  3414 31613 D BackgroundInstallControlService: Package event received: 0
07-08 15:02:17.026  3414 31925 I OStatsManager_Calc: add screen power pkgName = co.mona.android, uid = 10496, power = 216.51095999777317, is Fg = true, fore size = 2, mScale = 1.0
07-08 15:02:17.026  3414 31925 I OStatsManager_Calc: add screen power pkgName = rd.sheepskin.sandboxmusic, uid = 10447, power = 216.51095999777317, is Fg = true, fore size = 2, mScale = 1.0
07-08 15:02:17.026  3414 31925 I OStatsManager_Calc: noteBeforePkgSwitch change = false, curTime = 355551807, co.mona.android, fg = true
07-08 15:02:17.026  3414 31925 I OStatsManager_OplusBatteryStatsManager: updateStateTime: PkgName = co.mona.android, uid = 10496, state to bg, mForegroundCnt = 0, isFg = false
07-08 15:02:17.026  3414 31925 I OStatsManager_OplusBatteryStatsManager: notePkgBackground [rd.sheepskin.sandboxmusic10447], uid = 10496, pid = 30024, pkgName = co.mona.android
07-08 15:02:17.027  4627 10011 D OplusAtlas.OplusAudioScene: callback success event:atlas_event_on_foreground_activities_changed eventInfo:pid:30024,uid:10496,hasForegroundActivities:0
07-08 15:02:17.028  2085   955 D AudioBoost: audioSchedBoost, pid=2085, tid=955, enable=1, ret=0
07-08 15:02:17.028  2085   955 D AudioFlingerExtImpl: updateForegroundInfo, mapInf mForegroundMap(1)|[rd.sheepskin.sandboxmusic]=1, uidPidMapInf mForegroundUidPidMap(1)|[10447]=7057
07-08 15:02:17.028  2085   955 D AudioBoost: audioSchedBoost, pid=2085, tid=955, enable=0, ret=0
07-08 15:02:17.038  8600  6746 I SuperDelight: SuperDelightManager$2.onSuccess():521 bundled_delight sync success, adding to data file manager
07-08 15:02:17.038  8600  6746 I DataFileManager: DataFileManager.addDataWithoutNotify():184 data en-US already exists
07-08 15:02:17.068  1730  8338 E         : DNS_CACHE: hanle request << lookupdns: hostname:fonts.gstatic.com, servername:^, ai_flags:1024, ai_family:0, ai_socktype:1, ai_protocol:0, netid:0, uid:10447
07-08 15:02:17.068  7057  8304 D DNS_CACHE: oplus_oplus_getaddrinfo_proxy lookup from netd: hostname:fonts.gstatic.com, servname:(null) uid: 10447, result_code:408, res = 0x0, found = 0
07-08 15:02:17.071  3414  4836 I Osense-PsiDetector: 2416,444,391,5631,94,710,537,2757,2412,812,1280,0,12,9677
07-08 15:02:17.071  3414  4827 I Osense-BaseDecisionMaker: notifySceneToAthenaPolicy: SCENE_RES_MEM_PSI_NORMAL, bundle: Bundle[{memLevel=3}]
07-08 15:02:17.072  8063 21781 D NOVA_AI : Registered tool set: 41 common + 11 Nova = 52
07-08 15:02:17.072  7849  7849 W ContextImpl: Calling a method in the system process without a qualified user: android.app.ContextImpl.startService:2032 android.content.ContextWrapper.startService:865 com.heytap.mcs.biz.statistics.StaticProcessTrackStatusManager.exitCurrentProcess:11 com.heytap.mcs.biz.statistics.StaticProcessTrackStatusManager$1.handleMessage:3 android.os.Handler.dispatchMessage:112 
07-08 15:02:17.079  7849  7849 I Process : Quit itself,  Pid:7849  StackTrace:com.heytap.mcs.biz.statistics.StaticProcessTrackStatusManager.exitCurrentProcess:14 com.heytap.mcs.biz.statistics.StaticProcessTrackStatusManager$1.handleMessage:3 android.os.Handler.dispatchMessage:112 android.os.Looper.loopOnce:306 android.os.Looper.loop:416 android.app.ActivityThread.main:9999 java.lang.reflect.Method.invoke:-2 com.android.internal.os.RuntimeInit$MethodAndArgsCaller.run:613 com.android.internal.os.ZygoteInit.main:1074 <bottom of call stack> 
07-08 15:02:17.080  7849  7849 I Process : Sending signal. PID: 7849 SIG: 9
07-08 15:02:17.093  1730  8338 E         : DNS_CACHE: hanle request << adddns: hostname:fonts.gstatic.com, servername:^, ai_flags:1024, ai_family:0, ai_socktype:1, ai_protocol:0, netid:0, uid:10447
07-08 15:02:17.093  7057  8304 D DNS_CACHE: oplus_send_dns_response send hostname: fonts.gstatic.com, servname: (null) response into netd: 0, *res = 0xb40000723d2ccc80
07-08 15:02:17.098  5522  5756 D DnsDomainBlock: onDnsEvent: latencyMs=23, returnCode=0, uid=10447
07-08 15:02:17.103  7057  7057 W Capacitor/Console: File: https://localhost/assets/tier34-client-Cz9VhGbA.js - Line 2 - Msg: Capacitor plugin "NativeExoPlayback" already registered. Cannot register plugins twice.
07-08 15:02:17.104  7057  8370 I OplusCameraManagerGlobal: setClientInfo, packageName: rd.sheepskin.sandboxmusic, uid: 10447, pid: 7057
07-08 15:02:17.106  3414  4447 I serviceDiscovery: [MdnsDiscoveryManager] Registering listener for serviceType: _googlecast._tcp.local
07-08 15:02:17.108  7057  8322 W cr_media: Requires MODIFY_AUDIO_SETTINGS and RECORD_AUDIO. No audio device will be available for recording
07-08 15:02:17.108  7057  8370 I OplusCameraManagerGlobal: setClientInfo, packageName: rd.sheepskin.sandboxmusic, uid: 10447, pid: 7057
07-08 15:02:17.108  7057  8370 I OplusCameraManagerGlobal: setClientInfo, packageName: rd.sheepskin.sandboxmusic, uid: 10447, pid: 7057
07-08 15:02:17.109  2636  5851 I AttributionAndPermissionUtils: checkPermission (forDataDelivery 0 startDataDelivery 0): Permission hard denied for client attribution [uid 10447, pid 7057, packageName "<unknown>"]
07-08 15:02:17.110  3414  4746 I ActivityManager: Death received, pid = 7849, processName = com.heytap.mcs.statistics for thread android.os.BinderProxy@b363ff7
07-08 15:02:17.110  3414  4444 D ConnectivityService: releasing NetworkRequest [ REQUEST id=68275, [ Capabilities: INTERNET&NOT_RESTRICTED&TRUSTED&NOT_VCN_MANAGED&NOT_BANDWIDTH_CONSTRAINED Uid: 1000 RequestorUid: 1000 RequestorPkg: com.heytap.mcs UnderlyingNetworks: Null] ] (release request)
07-08 15:02:17.110  3414  8253 I ActivityManager: Process com.heytap.mcs.statistics (pid 7849) has died: vis IMPF
07-08 15:02:17.110  1733  1733 I Zygote  : Process 7849 exited due to signal 9 (Killed)
07-08 15:02:17.110  3414  3664 I libprocessgroup: Removed cgroup /sys/fs/cgroup/system/uid_1000/pid_7849
07-08 15:02:17.111  3414  3440 I OplusOsPackageManager: filterBlackList, skip for intent package=com.android.vending
07-08 15:02:17.114  3414  8253 E WindowProcessControllerExtImpl: shouldMakeAbnormalActivityFinishing, list may empty, mHasActivities: false
07-08 15:02:17.114 31275 31275 I ActivityThread: Removing dead content provider:android.content.ContentProviderProxy@6408df1
07-08 15:02:17.114  1939  1939 E qspmHal : setAppInfoH atPid = 7849, gpuFname:com.heytap.mcs, gpuFver:523020
07-08 15:02:17.116 26048  2107 I DeviceScanner: [MDNS] Received response from "S4D" (6f9768f36c3e2074358e3d891a4d5165) [cast connect] with result "1 New device"
07-08 15:02:17.116  7057  8370 I OplusCameraManagerGlobal: setClientInfo, packageName: rd.sheepskin.sandboxmusic, uid: 10447, pid: 7057
07-08 15:02:17.116  7057  8370 I OplusCameraManagerGlobal: setClientInfo, packageName: rd.sheepskin.sandboxmusic, uid: 10447, pid: 7057
07-08 15:02:17.117  7057  8370 I OplusCameraManagerGlobal: setClientInfo, packageName: rd.sheepskin.sandboxmusic, uid: 10447, pid: 7057
07-08 15:02:17.117  2636  5851 I AttributionAndPermissionUtils: checkPermission (forDataDelivery 0 startDataDelivery 0): Permission hard denied for client attribution [uid 10447, pid 7057, packageName "<unknown>"]
07-08 15:02:17.119  7057  8370 I OplusCameraManagerGlobal: setClientInfo, packageName: rd.sheepskin.sandboxmusic, uid: 10447, pid: 7057
07-08 15:02:17.119  7057  8370 I OplusCameraManagerGlobal: setClientInfo, packageName: rd.sheepskin.sandboxmusic, uid: 10447, pid: 7057
07-08 15:02:17.120  2636  5851 I AttributionAndPermissionUtils: checkPermission (forDataDelivery 0 startDataDelivery 0): Permission hard denied for client attribution [uid 10447, pid 7057, packageName "<unknown>"]
07-08 15:02:17.120  7057  8370 I OplusCameraManagerGlobal: setClientInfo, packageName: rd.sheepskin.sandboxmusic, uid: 10447, pid: 7057
07-08 15:02:17.120  7057  8370 I OplusCameraManagerGlobal: setClientInfo, packageName: rd.sheepskin.sandboxmusic, uid: 10447, pid: 7057
07-08 15:02:17.120  2636  5851 I AttributionAndPermissionUtils: checkPermission (forDataDelivery 0 startDataDelivery 0): Permission hard denied for client attribution [uid 10447, pid 7057, packageName "<unknown>"]
07-08 15:02:17.123  7057  8370 I OplusCameraManagerGlobal: setClientInfo, packageName: rd.sheepskin.sandboxmusic, uid: 10447, pid: 7057
07-08 15:02:17.124  3414  5917 W Athena  : athena_optimize: recordTime, mLastDeathTime: 355529
07-08 15:02:17.124  3414  5917 W Athena  : athena_optimize: recordInterval,  intervalTime: 17
07-08 15:02:17.124  3414  5917 E Athena  : athena_optimize: pkg: com.heytap.mcs, processName: com.heytap.mcs.statisticsgetPercentage: 28
07-08 15:02:17.124  7057  8370 I OplusCameraManagerGlobal: setClientInfo, packageName: rd.sheepskin.sandboxmusic, uid: 10447, pid: 7057
07-08 15:02:17.124  2636  5851 I AttributionAndPermissionUtils: checkPermission (forDataDelivery 0 startDataDelivery 0): Permission hard denied for client attribution [uid 10447, pid 7057, packageName "<unknown>"]
07-08 15:02:17.128  3414  4746 I OplusOsPackageManager: filterBlackList, skip for intent package=com.oneplus.gallery
07-08 15:02:17.130  3414  4746 D ShortcutService: Getting shortcuts for launcher= com.teslacoilsw.launcheruserId=0 pkg=null
07-08 15:02:17.131  3414  4746 D ShortcutService: Word Coach ignored because it isn't pinned by com.teslacoilsw.launcher
07-08 15:02:17.131  3414  4746 D ShortcutService: Weather ignored because it isn't pinned by com.teslacoilsw.launcher
07-08 15:02:17.136  7057  8370 I OplusCameraManagerGlobal: setClientInfo, packageName: rd.sheepskin.sandboxmusic, uid: 10447, pid: 7057
07-08 15:02:17.140  7057  8370 I OplusCameraManagerGlobal: setClientInfo, packageName: rd.sheepskin.sandboxmusic, uid: 10447, pid: 7057
07-08 15:02:17.140  4915  5015 D HWUI    : RenderProxy::destroy: this=0xb4000071d0a8cf00, mContext=0xb400007181e9c240
07-08 15:02:17.140  4915  5042 D HWUI    : SkiaOpenGLPipeline::setSurface: this=0xb400007231085280, surface=NULL
07-08 15:02:17.141  4915  5042 D BufferQueueProducer: [VRI[sandboxmusic]#8111(BLAST Consumer)8111](id:133300002224,api:1,p:4915,c:4915) disconnect: api 1
07-08 15:02:17.142  4915  5015 D ViewRootImplExtImpl: wrapConfigInfoIntoFlags rotation=0, smallestScreenWidthDp=320, isAutolayoutSwdpModified=false, residentWS=false, scenario=0, bounds=Rect(0, 0 - 1440, 3168), isFirstDraw=false, relayoutAsync=false, flags=0, newFlags=1660954624, title=Splash Screen rd.sheepskin.sandboxmusic
07-08 15:02:17.142  2636  5851 I AttributionAndPermissionUtils: checkPermission (forDataDelivery 0 startDataDelivery 0): Permission hard denied for client attribution [uid 10447, pid 7057, packageName "<unknown>"]
07-08 15:02:17.142  3414  4746 V WindowManager: Relayout Window{a7ba968 u0 Splash Screen rd.sheepskin.sandboxmusic}: viewVisibility=8, oldvis=0, req=1440x3168 , apr = 0, 
07-08 15:02:17.142  7057  8370 I OplusCameraManagerGlobal: setClientInfo, packageName: rd.sheepskin.sandboxmusic, uid: 10447, pid: 7057
07-08 15:02:17.142  7057  8370 I OplusCameraManagerGlobal: setClientInfo, packageName: rd.sheepskin.sandboxmusic, uid: 10447, pid: 7057
07-08 15:02:17.143  7057  8370 I OplusCameraManagerGlobal: setClientInfo, packageName: rd.sheepskin.sandboxmusic, uid: 10447, pid: 7057
07-08 15:02:17.143  2636  5851 I AttributionAndPermissionUtils: checkPermission (forDataDelivery 0 startDataDelivery 0): Permission hard denied for client attribution [uid 10447, pid 7057, packageName "<unknown>"]
07-08 15:02:17.143  7057  8370 I OplusCameraManagerGlobal: setClientInfo, packageName: rd.sheepskin.sandboxmusic, uid: 10447, pid: 7057
07-08 15:02:17.144  7057  8370 I OplusCameraManagerGlobal: setClientInfo, packageName: rd.sheepskin.sandboxmusic, uid: 10447, pid: 7057
07-08 15:02:17.144  3414  4746 D WindowManager: NFW_findFocusedWindowIfNeeded:Window{ca9be9a u0 rd.sheepskin.sandboxmusic/rd.sheepskin.sandboxmusic.MainActivity} mCurrentFocus:Window{ca9be9a u0 rd.sheepskin.sandboxmusic/rd.sheepskin.sandboxmusic.MainActivity}
07-08 15:02:17.144  3414  4746 D ActivityTaskManager: The isLandscapeFullscreenEnabled is: rd.sheepskin.sandboxmusic/.MainActivity
07-08 15:02:17.144  2636  5851 I AttributionAndPermissionUtils: checkPermission (forDataDelivery 0 startDataDelivery 0): Permission hard denied for client attribution [uid 10447, pid 7057, packageName "<unknown>"]
07-08 15:02:17.144  7057  8370 I OplusCameraManagerGlobal: setClientInfo, packageName: rd.sheepskin.sandboxmusic, uid: 10447, pid: 7057
07-08 15:02:17.144  7057  8370 I OplusCameraManagerGlobal: setClientInfo, packageName: rd.sheepskin.sandboxmusic, uid: 10447, pid: 7057
07-08 15:02:17.145  2636  5851 I AttributionAndPermissionUtils: checkPermission (forDataDelivery 0 startDataDelivery 0): Permission hard denied for client attribution [uid 10447, pid 7057, packageName "<unknown>"]
07-08 15:02:17.145  4915  5222 D BLASTBufferQueue: [VRI[sandboxmusic]#8111](f:0,a:1) destructor()
07-08 15:02:17.145  4915  5222 D BufferQueueConsumer: [VRI[sandboxmusic]#8111(BLAST Consumer)8111](id:133300002224,api:0,p:-1,c:4915) disconnect
07-08 15:02:17.145  3414  4746 D WindowManager: NFW_findFocusedWindowIfNeeded:Window{ca9be9a u0 rd.sheepskin.sandboxmusic/rd.sheepskin.sandboxmusic.MainActivity} mCurrentFocus:Window{ca9be9a u0 rd.sheepskin.sandboxmusic/rd.sheepskin.sandboxmusic.MainActivity}
07-08 15:02:17.146  7057  8370 I OplusCameraManagerGlobal: setClientInfo, packageName: rd.sheepskin.sandboxmusic, uid: 10447, pid: 7057
07-08 15:02:17.146  7057  8370 I OplusCameraManagerGlobal: setClientInfo, packageName: rd.sheepskin.sandboxmusic, uid: 10447, pid: 7057
07-08 15:02:17.147  2636  5851 I AttributionAndPermissionUtils: checkPermission (forDataDelivery 0 startDataDelivery 0): Permission hard denied for client attribution [uid 10447, pid 7057, packageName "<unknown>"]
07-08 15:02:17.153  3414  3610 D SurfaceAnimationRunner: onAnimationStart:Surface(name=Surface(name=a7ba968 Splash Screen rd.sheepskin.sandboxmusic)/@0x7e4e8cd - animation-leash of window_animation)/@0x6f3c582
07-08 15:02:17.157  2323  2323 I adbd    : adbd service requested 'shell,v2,TERM=dumb:export ANDROID_LOG_TAGS=''; exec logcat '-d' '-t' '20000''
07-08 15:02:17.171  8063 21781 I coilsw.launcher: AssetManager2(0xb40000730a6e3728) locale list changing from [] to [en-TH]
07-08 15:02:17.174  8063 21781 I coilsw.launcher: AssetManager2(0xb400007219ed6c28) locale list changing from [] to [en-TH]
07-08 15:02:17.180  8063 21781 I coilsw.launcher: AssetManager2(0xb400007219ed7828) locale list changing from [] to [en-TH]
07-08 15:02:17.185  8063 21781 I coilsw.launcher: AssetManager2(0xb4000071d713df28) locale list changing from [] to [en-TH]
07-08 15:02:17.190  8063 21781 D NOVA_AI : getFrequentApps: histogram size=28, limit=10
07-08 15:02:17.195  8063 21781 I coilsw.launcher: AssetManager2(0xb4000071d713e228) locale list changing from [] to [en-TH]
07-08 15:02:17.198  3414  4746 D OplusResolverIntentUtil: The MIME data type of this intent is email
07-08 15:02:17.198  3414  4746 D OplusResolveInfoHelper: getCloudBlackList = {}
07-08 15:02:17.202  7057  8370 I OplusCameraManagerGlobal: setClientInfo, packageName: rd.sheepskin.sandboxmusic, uid: 10447, pid: 7057
07-08 15:02:17.203  2636  5851 I AttributionAndPermissionUtils: checkPermission (forDataDelivery 0 startDataDelivery 0): Permission hard denied for client attribution [uid 10447, pid 7057, packageName "<unknown>"]
07-08 15:02:17.205  2636  5851 I AttributionAndPermissionUtils: checkPermission (forDataDelivery 0 startDataDelivery 0): Permission hard denied for client attribution [uid 10447, pid 7057, packageName "<unknown>"]
07-08 15:02:17.206  2636  5851 I AttributionAndPermissionUtils: checkPermission (forDataDelivery 0 startDataDelivery 0): Permission hard denied for client attribution [uid 10447, pid 7057, packageName "<unknown>"]
07-08 15:02:17.208  2636  5851 I AttributionAndPermissionUtils: checkPermission (forDataDelivery 0 startDataDelivery 0): Permission hard denied for client attribution [uid 10447, pid 7057, packageName "<unknown>"]
07-08 15:02:17.209  2636  5851 I AttributionAndPermissionUtils: checkPermission (forDataDelivery 0 startDataDelivery 0): Permission hard denied for client attribution [uid 10447, pid 7057, packageName "<unknown>"]
07-08 15:02:17.209 26048 12312 I FontLog : (REDACTED) Received query %s, URI %s
07-08 15:02:17.210 26048 12312 I FontLog : (REDACTED) Query [%s] resolved to %s
07-08 15:02:17.211 26048 12312 I FontLog : (REDACTED) Fetch %s end status %s
07-08 15:02:17.214 26048 12312 I FontLog : (REDACTED) Pulling font file for id = %d, cache size = %d
07-08 15:02:17.215  8063 21781 D NOVA_AI : getFrequentApps: histogram size=28, limit=200
07-08 15:02:17.215 30024  6856 W System  : A resource failed to call Surface.release. 
07-08 15:02:17.218  2636  5851 I AttributionAndPermissionUtils: checkPermission (forDataDelivery 0 startDataDelivery 0): Permission hard denied for client attribution [uid 10447, pid 7057, packageName "<unknown>"]
07-08 15:02:17.219  8063 21781 I coilsw.launcher: AssetManager2(0xb4000071d713e528) locale list changing from [] to [en-TH]
07-08 15:02:17.220 26048 12312 I FontLog : (REDACTED) Pulling font file for id = %d, cache size = %d
07-08 15:02:17.221  2636  5851 I AttributionAndPermissionUtils: checkPermission (forDataDelivery 0 startDataDelivery 0): Permission hard denied for client attribution [uid 10447, pid 7057, packageName "<unknown>"]
07-08 15:02:17.221  2636  5851 I AttributionAndPermissionUtils: checkPermission (forDataDelivery 0 startDataDelivery 0): Permission hard denied for client attribution [uid 10447, pid 7057, packageName "<unknown>"]
07-08 15:02:17.223  8063 21781 D NOVA_AI : getFrequentApps: histogram size=28, limit=200
07-08 15:02:17.225  2636  5851 I AttributionAndPermissionUtils: checkPermission (forDataDelivery 0 startDataDelivery 0): Permission hard denied for client attribution [uid 10447, pid 7057, packageName "<unknown>"]
07-08 15:02:17.226  2636  5851 I AttributionAndPermissionUtils: checkPermission (forDataDelivery 0 startDataDelivery 0): Permission hard denied for client attribution [uid 10447, pid 7057, packageName "<unknown>"]
07-08 15:02:17.228  8063 21781 D NOVA_AI : getFrequentApps: histogram size=28, limit=200
07-08 15:02:17.228  8063 21781 D NOVA_AI : Filtered 12 tools not available on this device: [open_calculator, media_play_pause, media_skip_track, media_previous_track, media_now_playing, spotify_search, spotify_recently_played, github_search, cloud_file_search, discord_channels, deezer_search, twitch_search]
07-08 15:02:17.230  5703  8119 D ActivityAdapter: taskActivityChange: overlayLauncherScene = 0, mIsScreenOn = true
07-08 15:02:17.230  5703  8119 D ActivityAdapter: taskChange: pre: 1, cur: 1, changed:true
07-08 15:02:17.230  5703  8119 D ActivityAdapter: app co.mona.android; co.mona.android.feature.home_legacy.impl.home.HomeActivity; 1; COMMON; 10496; 0; 0 exit
07-08 15:02:17.230  5703  8119 D ActivityAdapter: isEnterBGAppScene, mActiveUidMap has no app co.mona.android
07-08 15:02:17.230  5703  8119 D ActivityAdapter: notifyActivityQuery: [rd.sheepskin.sandboxmusic; rd.sheepskin.sandboxmusic.MainActivity; 1; COMMON; 10447; 0; 0]
07-08 15:02:17.230  5703  8119 D OPlusFrontAppManager: useAdapterResult, pkg=rd.sheepskin.sandboxmusic,activity=rd.sheepskin.sandboxmusic.MainActivity,result=true
07-08 15:02:17.230  5703  8119 D OPlusFrontAppManager: decide -->> [rd.sheepskin.sandboxmusic; rd.sheepskin.sandboxmusic.MainActivity; 1; COMMON; 10447; 0; 0]
07-08 15:02:17.230  5703  8119 D ActivityAdapter: notifyActivityQuery: [rd.sheepskin.sandboxmusic; rd.sheepskin.sandboxmusic.MainActivity; 1; COMMON; 10447; 0; 0]
07-08 15:02:17.230  5703  8119 D OPlusFrontAppManager: useAdapterResult, pkg=rd.sheepskin.sandboxmusic,activity=rd.sheepskin.sandboxmusic.MainActivity,result=true
07-08 15:02:17.230  5703  8119 D OPlusFrontAppManager: decide -->> [rd.sheepskin.sandboxmusic; rd.sheepskin.sandboxmusic.MainActivity; 1; COMMON; 10447; 0; 0]
07-08 15:02:17.230  5703  8119 D ConferenceScene: pkg:rd.sheepskin.sandboxmusic, activity:rd.sheepskin.sandboxmusic.MainActivity, appSense:COMMON
07-08 15:02:17.230  5703  8119 D ConferenceScene: pkg:co.mona.android, activity:co.mona.android.feature.home_legacy.impl.home.HomeActivity, appSense:COMMON
07-08 15:02:17.230  5703  5703 D AtomHighLoadSenseInfo: handleMessage what:1000
07-08 15:02:17.230  5703  5703 D AtomHighLoadSenseInfo: handleAppSenseChanged original mode:{live:0,video:0,voice call:0,video call:0,live host:0,meeting:0}
07-08 15:02:17.230  5703  7977 D Subsys-ScoreAppManager: handleMessage what:2
07-08 15:02:17.230  5703  7977 D Subsys-ScoreAppManager: EVENT_ID_APP_SENSE_CHANGE  onFrontActivityChanged
07-08 15:02:17.230  5703  7977 D Subsys-ScoreAppManager: appSceneChange fgAppUnits size 2 fgAppUnits [{pkgName:rd.sheepskin.sandboxmusic,activityName:,winMode:1,event:COMMON,type:0,subEvent:0,pid:7057,uid:10447, hostPkgName:}, {pkgName:com.oplus.aiunit,activityName:,winMode:1,event:FILE_TRANSFER,type:0,subEvent:0,pid:0,uid:10162, hostPkgName:}] mLastNetworkList[115]
07-08 15:02:17.230  5703  7977 D CommonApp-115-10496: destory
07-08 15:02:17.230  5703  7977 D CommonApp-115-10496: stopDataCollection
07-08 15:02:17.230  5703  7977 D CommonApp-115-10496: current network isn't cellular,not need disable modem report
07-08 15:02:17.230  5703  7977 D ScoreRequestHandler: sendUnifiedRequest: Request posted to handler thread, requestType=14
07-08 15:02:17.230  5703  7977 D NecManager: unregisterULBitRateChange
07-08 15:02:17.230  5703  7977 D CommonApp-115-10496: Remaining data save time: 0
07-08 15:02:17.230  5703  7977 D Subsys-ScoreAppManager: createApp
07-08 15:02:17.230  5703  5703 D AtomHighLoadSenseInfo: handleAppSenseChanged appInfoUnit:{pkgName:rd.sheepskin.sandboxmusic,activityName:,winMode:1,event:COMMON,type:0,subEvent:0,pid:7057,uid:10447, hostPkgName:}
07-08 15:02:17.231  5703  5703 D SceneService: handleMessage what:1004
07-08 15:02:17.231  5703  5703 D SceneService: notifyAppSceneChanged original mode:{live:0,video:0,voice call:0,video call:0,live host:0,game:0,meeting:0,news:0,file transfer:0},appInfoUnit:[{pkgName:rd.sheepskin.sandboxmusic,activityName:,winMode:1,event:COMMON,type:0,subEvent:0,pid:7057,uid:10447, hostPkgName:}]
07-08 15:02:17.231  5703  5703 D AtomGameLatencyInfo: front app: rd.sheepskin.sandboxmusic
07-08 15:02:17.231  5703  7977 D CommonApp-115-10447: init22
07-08 15:02:17.231  1733  1733 I zygote  : Delayed USAP Pool refill. New USAPs: 1
07-08 15:02:17.231  5522  5650 D AppSenseClient: handleMessage: 100
07-08 15:02:17.231  5522  5650 D AppSenseClient: handleSenseEvent appInfoUnits: {pkgName:rd.sheepskin.sandboxmusic,activityName:rd.sheepskin.sandboxmusic.MainActivity,winMode:1,event:COMMON,type:0,subEvent:0,pid:7057,uid:10447, hostPkgName:},
07-08 15:02:17.231  5703  8119 D AppSenseService: notifySenseEvent: {pkgName:rd.sheepskin.sandboxmusic,activityName:rd.sheepskin.sandboxmusic.MainActivity,winMode:1,event:COMMON,type:0,subEvent:0,pid:7057,uid:10447, hostPkgName:},
07-08 15:02:17.231  5522  5650 D AppSenseClient: handleSenseEvent clients: 1
07-08 15:02:17.231  5522  5650 D AppSenseClient: handleSenseEvent clientId: 261535189
07-08 15:02:17.231  5522  5650 D AppSenseClient: notifyAppEvent: pkgName: rd.sheepskin.sandboxmusic,activityName:rd.sheepskin.sandboxmusic.MainActivity;state: 1;event: COMMON;type: 0;subEvent: 0;pid: 7057;uid: 10447
07-08 15:02:17.231  5522  5650 D AppSenseClient: notifyAppEvent: pkgName: co.mona.android,activityName:co.mona.android.feature.home_legacy.impl.home.HomeActivity;state: 0;event: COMMON;type: 0;subEvent: 0;pid: 30024;uid: 10496
07-08 15:02:17.231  5522  5650 D AppSenseClient: notifyAppChanges: [{pkgName:rd.sheepskin.sandboxmusic,activityName:rd.sheepskin.sandboxmusic.MainActivity,winMode:1,event:COMMON,type:0,subEvent:0,pid:7057,uid:10447, hostPkgName:}]
07-08 15:02:17.231  5522  5650 D NAS-DataSceneEvent: onAppEvent enter
07-08 15:02:17.231  5522  5650 D NAS-DataSceneEvent: new event: event=0, state=1, pkg=rd.sheepskin.sandboxmusic, type=0, subEvent=0
07-08 15:02:17.231  5522  5650 D NAS-DataSceneEvent: onAppEvent enter
07-08 15:02:17.231  5522  5650 D NAS-DataSceneEvent: new event: event=0, state=0, pkg=co.mona.android, type=0, subEvent=0
07-08 15:02:17.231  5522  5650 D NAS-DataSceneEvent: onAppChanged, app list size: 1
07-08 15:02:17.231  5522  5650 D NAS-DataSceneEvent: updateAppSenseChange [{pkgName:rd.sheepskin.sandboxmusic,activityName:rd.sheepskin.sandboxmusic.MainActivity,winMode:1,event:COMMON,type:0,subEvent:0,pid:7057,uid:10447, hostPkgName:}]
07-08 15:02:17.231  3414  4573 D AppSenseClient: handleMessage: 100
07-08 15:02:17.231  3414  4573 D AppSenseClient: handleSenseEvent appInfoUnits: {pkgName:rd.sheepskin.sandboxmusic,activityName:rd.sheepskin.sandboxmusic.MainActivity,winMode:1,event:COMMON,type:0,subEvent:0,pid:7057,uid:10447, hostPkgName:},
07-08 15:02:17.231  3414  4573 D AppSenseClient: handleSenseEvent clients: 2
07-08 15:02:17.231  3414  4573 D AppSenseClient: handleSenseEvent clientId: 197304744
07-08 15:02:17.231  3414  4573 D AppSenseClient: notifyAppEvent: pkgName: rd.sheepskin.sandboxmusic,activityName:rd.sheepskin.sandboxmusic.MainActivity;state: 1;event: COMMON;type: 0;subEvent: 0;pid: 7057;uid: 10447
07-08 15:02:17.231  3414  4573 D AppSenseClient: notifyAppEvent: pkgName: co.mona.android,activityName:co.mona.android.feature.home_legacy.impl.home.HomeActivity;state: 0;event: COMMON;type: 0;subEvent: 0;pid: 30024;uid: 10496
07-08 15:02:17.231  3414  4573 D AppSenseClient: notifyAppChanges: [{pkgName:rd.sheepskin.sandboxmusic,activityName:rd.sheepskin.sandboxmusic.MainActivity,winMode:1,event:COMMON,type:0,subEvent:0,pid:7057,uid:10447, hostPkgName:}]
07-08 15:02:17.231  3414  4573 D AppSenseClient: handleSenseEvent clientId: 125459748
07-08 15:02:17.231  3414  4573 D AppSenseClient: notifyAppEvent: pkgName: rd.sheepskin.sandboxmusic,activityName:rd.sheepskin.sandboxmusic.MainActivity;state: 1;event: COMMON;type: 0;subEvent: 0;pid: 7057;uid: 10447
07-08 15:02:17.231  3414  4573 D AppSenseClient: notifyAppEvent: pkgName: co.mona.android,activityName:co.mona.android.feature.home_legacy.impl.home.HomeActivity;state: 0;event: COMMON;type: 0;subEvent: 0;pid: 30024;uid: 10496
07-08 15:02:17.231  3414  4573 D AppSenseClient: notifyAppChanges: [{pkgName:rd.sheepskin.sandboxmusic,activityName:rd.sheepskin.sandboxmusic.MainActivity,winMode:1,event:COMMON,type:0,subEvent:0,pid:7057,uid:10447, hostPkgName:}]
07-08 15:02:17.231  5555  5555 D AppSenseClient: handleMessage: 100
07-08 15:02:17.232  5555  5555 D AppSenseClient: handleSenseEvent appInfoUnits: {pkgName:rd.sheepskin.sandboxmusic,activityName:rd.sheepskin.sandboxmusic.MainActivity,winMode:1,event:COMMON,type:0,subEvent:0,pid:7057,uid:10447, hostPkgName:},
07-08 15:02:17.232  5555  5555 D AppSenseClient: handleSenseEvent clients: 1
07-08 15:02:17.232  5555  5555 D AppSenseClient: handleSenseEvent clientId: 92239029
07-08 15:02:17.232  5555  5555 D AppSenseClient: notifyAppEvent: pkgName: rd.sheepskin.sandboxmusic,activityName:rd.sheepskin.sandboxmusic.MainActivity;state: 1;event: COMMON;type: 0;subEvent: 0;pid: 7057;uid: 10447
07-08 15:02:17.232  5555  5555 D AppSenseClient: notifyAppEvent: pkgName: co.mona.android,activityName:co.mona.android.feature.home_legacy.impl.home.HomeActivity;state: 0;event: COMMON;type: 0;subEvent: 0;pid: 30024;uid: 10496
07-08 15:02:17.232  5555  5555 D AppSenseClient: notifyAppChanges: [{pkgName:rd.sheepskin.sandboxmusic,activityName:rd.sheepskin.sandboxmusic.MainActivity,winMode:1,event:COMMON,type:0,subEvent:0,pid:7057,uid:10447, hostPkgName:}]
07-08 15:02:17.232  5555  5555 D NhsAppSenseListener: onAppEvent enter
07-08 15:02:17.232  5555  5555 D NhsAppSenseListener: new event: event=0, state=1, pkg=rd.sheepskin.sandboxmusic, type=0, subEvent=0
07-08 15:02:17.232  5555  5555 D NhsAppSenseListener: onAppEvent enter
07-08 15:02:17.232  5555  5555 D NhsAppSenseListener: new event: event=0, state=0, pkg=co.mona.android, type=0, subEvent=0
07-08 15:02:17.232  5555  5555 D NhsAppSenseListener: onAppChanged, app list size: 1
07-08 15:02:17.232  5432  5696 D AppSenseClient: handleMessage: 100
07-08 15:02:17.232  5432  5696 D AppSenseClient: handleSenseEvent appInfoUnits: {pkgName:rd.sheepskin.sandboxmusic,activityName:rd.sheepskin.sandboxmusic.MainActivity,winMode:1,event:COMMON,type:0,subEvent:0,pid:7057,uid:10447, hostPkgName:},
07-08 15:02:17.232  5432  5696 D AppSenseClient: handleSenseEvent clients: 1
07-08 15:02:17.232  5432  5696 D AppSenseClient: handleSenseEvent clientId: 256308871
07-08 15:02:17.232  5432  5696 D AppSenseClient: notifyAppEvent: pkgName: rd.sheepskin.sandboxmusic,activityName:rd.sheepskin.sandboxmusic.MainActivity;state: 1;event: COMMON;type: 0;subEvent: 0;pid: 7057;uid: 10447
07-08 15:02:17.232  5432  5696 D AppSenseClient: notifyAppEvent: pkgName: co.mona.android,activityName:co.mona.android.feature.home_legacy.impl.home.HomeActivity;state: 0;event: COMMON;type: 0;subEvent: 0;pid: 30024;uid: 10496
07-08 15:02:17.233  5703  7982 D NetlinkUtils: sendToKernel byteBuffer:java.nio.HeapByteBuffer[pos=32 lim=32 cap=32],nlmsg_pid:5703,nlmsg_type:58,cmdType:1,type:10,nla_len:12
07-08 15:02:17.233  5432  5696 D AppSenseClient: notifyAppChanges: [{pkgName:rd.sheepskin.sandboxmusic,activityName:rd.sheepskin.sandboxmusic.MainActivity,winMode:1,event:COMMON,type:0,subEvent:0,pid:7057,uid:10447, hostPkgName:}]
07-08 15:02:17.233  5703  7977 D CommonApp-115-10447: BaseApp init, mNetId 115 mIfIndex 27 network 115
07-08 15:02:17.233  5432  5448 E PhoneInterfaceManager: getServiceStateForSlot retuning null for invalid slotIndex=-1
07-08 15:02:17.233  5703  7977 D CommonApp-115-10447: choiceScoreWay
07-08 15:02:17.233  5703  7977 D CommonApp-115-10447: useTraditionalScore
07-08 15:02:17.233  5703  7977 D CommonApp-115-10447: initState
07-08 15:02:17.233  5703  7977 D ScoreRequestHandler: sendUnifiedRequest: Request posted to handler thread, requestType=22
07-08 15:02:17.233  5703  7977 D DataCollectionController: setScene result=false
07-08 15:02:17.233  5703  7977 D CommonApp-115-10447: createScenarios
07-08 15:02:17.233  5703  7977 D CommonApp-115-10447: init end
07-08 15:02:17.233  5703  7977 D Subsys-ScoreAppManager: unit: {pkgName:rd.sheepskin.sandboxmusic,activityName:,winMode:1,event:COMMON,type:0,subEvent:0,pid:7057,uid:10447, hostPkgName:}
07-08 15:02:17.233  5703  7977 D Subsys-ScoreAppManager: unit: {pkgName:com.oplus.aiunit,activityName:,winMode:1,event:FILE_TRANSFER,type:0,subEvent:0,pid:0,uid:10162, hostPkgName:}
07-08 15:02:17.233  5703  7977 D CommonApp-115-10447: CommonState enter
07-08 15:02:17.233  5703  7977 D CommonApp-115-10496: CommonState exit
07-08 15:02:17.233  5703  7977 D CommonApp-115-10162: DefaultState EVENT_SCENARIOS_CHANGE
07-08 15:02:17.233  5703  7977 D CommonApp-115-10162: scene=FILE_UPLOAD pn=com.oplus.aiunit
07-08 15:02:17.233  5703  7977 D ScoreRequestHandler: sendUnifiedRequest: Request posted to handler thread, requestType=22
07-08 15:02:17.233  5703  7977 D DataCollectionController: setScene result=false
07-08 15:02:17.233  5703  7977 D CommonApp-115-10447: DefaultState EVENT_INIT_STATE_COMPLETE
07-08 15:02:17.233  5703  7977 D CommonApp-115-10447: startDataCollection
07-08 15:02:17.234  5703  7977 D CommonApp-115-10447: current network isn't cellular,not need enable modem report
07-08 15:02:17.234  5703  7977 D ScoreRequestHandler: sendUnifiedRequest: Request posted to handler thread, requestType=13
07-08 15:02:17.234  5703  7977 D NecManager: registerULBitRateChange
07-08 15:02:17.234  8063 21781 D NOVA_AI : Filtered 2 tools by missing permissions
07-08 15:02:17.235  3414  8465 D ShortcutService: Getting shortcuts for launcher= com.teslacoilsw.launcheruserId=0 pkg=null
07-08 15:02:17.235  3414  8465 D ShortcutService: Word Coach ignored because it isn't pinned by com.teslacoilsw.launcher
07-08 15:02:17.235  3414  8465 D ShortcutService: Weather ignored because it isn't pinned by com.teslacoilsw.launcher
07-08 15:02:17.235  5522  6719 E OplusNetlinkConnect: parse rsp msg failed!Message missing required fields: header
07-08 15:02:17.235  5703  7982 D ScoreRequestHandler: sendUnifiedRequestInternal: sendToKernelOld, result: true
07-08 15:02:17.235  5522  6719 E OplusNetlinkConnect: parse rsp msg failed!Message missing required fields: header
07-08 15:02:17.236  5703  7982 D ScoreRequestHandler: sendUnifiedRequestInternal: sendToKernelOld, result: false
07-08 15:02:17.236  5703  7982 D ScoreRequestHandler: sendUnifiedRequestInternal: sendToKernelOld, result: false
07-08 15:02:17.236  5703  7982 D NetlinkUtils: sendToKernel byteBuffer:java.nio.HeapByteBuffer[pos=32 lim=32 cap=32],nlmsg_pid:5703,nlmsg_type:58,cmdType:1,type:9,nla_len:12
07-08 15:02:17.237  5703  7982 D ScoreRequestHandler: sendUnifiedRequestInternal: sendToKernelOld, result: true
07-08 15:02:17.239  7057  8354 W LOG_FLOWCTRL: ==LOGS OVER PROC QUOTA(300), rows(29) bytes(2352) rd.sheepskin.sandboxmusic u(0) l(0) t(0) c(0) DROPPED==
07-08 15:02:17.239  7057  8354 V Capacitor/Plugin: To native (Capacitor plugin): callbackId: 84404, pluginId: App, methodName: addListener
07-08 15:02:17.240  7057  8354 V Capacitor: callback: 84404, pluginId: App, methodName: addListener, methodData: {"eventName":"appUrlOpen"}
07-08 15:02:17.240  7057  7057 I Capacitor/Console: File:  - Line 349 - Msg: [object Object]
07-08 15:02:17.240  7057  7057 I Capacitor/Console: File: https://localhost/assets/e2e-bridge-CpoXgqzg.js - Line 5 - Msg: [SandboxE2E] AREA=bridge RESULT=PASS ready
07-08 15:02:17.241  7057  8354 V Capacitor/Plugin: To native (Capacitor plugin): callbackId: 84405, pluginId: App, methodName: getLaunchUrl
07-08 15:02:17.241  7057  7057 I Capacitor/Console: File:  - Line 349 - Msg: [object Object]
07-08 15:02:17.241  7057  8354 V Capacitor: callback: 84405, pluginId: App, methodName: getLaunchUrl, methodData: {}
07-08 15:02:17.245  8063 21781 I PerAppFeatureCatalog: Discovered 150 per-app feature tools in 10ms (from 50 apps)
07-08 15:02:17.246  8063 21781 V NOVA_AI : getGoogleIdToken: no token stored in prefs
07-08 15:02:17.246  7057  8311 D Capacitor: Handling local request: https://localhost/assets/discover-shell-Daaq3dXM.js
07-08 15:02:17.246  8063 21781 D NOVA_AI : getToken: hasGoogleIdToken=false, hasIbUserId=false ÔåÆ exchanging
07-08 15:02:17.246  8063 21781 I NOVA_AI_BILLING: ai_token_exchange_start has_google_id_token=false has_ib_user_id=false
07-08 15:02:17.246  8063 21781 V NOVA_AI : getGoogleIdToken: no token stored in prefs
07-08 15:02:17.246  8063 21781 D NOVA_AI : exchangeToken: storedGoogleToken=NULL (expired or never stored)
07-08 15:02:17.246  8063 21781 D NOVA_AI : exchangeToken: attempting silent Google token refresh...
07-08 15:02:17.246  8063 21781 D NOVA_AI : refreshGoogleIdTokenSilently: attempting with clientId=747441958287-gki6qgj......
07-08 15:02:17.246  1733  1733 D Zygote  : Forked child process 8490
07-08 15:02:17.246  7057  8346 V Capacitor/AppPlugin: Notifying listeners for event appUrlOpen
07-08 15:02:17.250  7057  7057 I Capacitor/Console: File:  - Line 333 - Msg: {"url":"sandboxmusic://e2e/skip-onboarding"}
07-08 15:02:17.253  7057  7057 I Capacitor/Console: File: https://localhost/assets/e2e-bridge-CpoXgqzg.js - Line 5 - Msg: [SandboxE2E] AREA=onboarding RESULT=PASS skipped
07-08 15:02:17.253  7057  7057 I Capacitor/Console: File:  - Line 333 - Msg: {"url":"sandboxmusic://e2e/skip-onboarding"}
07-08 15:02:17.254  7057  7057 I Capacitor/Console: File: https://localhost/assets/e2e-bridge-CpoXgqzg.js - Line 5 - Msg: [SandboxE2E] AREA=onboarding RESULT=PASS skipped
