07-08 23:21:21.317  4972  5022 V WindowManagerShell:  numActivities=1 lastActiveTime=8170095 supportsSplitScreenMultiWindow=true supportsMultiWindow=true supportsPocketStudioMultiWindow=false isInFlexibleEmbedded = false uid = 10198 pid = 5079 resizeMode=2 isResizeable=true minWidth=-1 minHeight=-1 defaultMinSize=220 token=WCT{android.window.IWindowContainerToken$Stub$Proxy@40413c4} topActivityType=3 pictureInPictureParams=null shouldDockBigOverlays=false launchIntoPipHostTaskId=-1 lastParentTaskIdBeforePip=-1 displayCutoutSafeInsets=Rect(0, 160 - 0, 0)
07-08 23:21:21.317  4972  5022 V WindowManagerShell:  topActivityInfo=ActivityInfo{15a52ad com.android.quickstep.RecentsActivity} launchCookies=[] positionInParent=Point(0, 0) parentTaskId=-1 isFocused=false isVisible=false isVisibleRequested=false isTopActivityNoDisplay=false isSleeping=false locusId=LocusId[17_chars] displayAreaFeatureId=1 isTopActivityTransparent=false isActivityStackTransparent=false lastNonFullscreenBounds=Rect(352, 845 - 1089, 2285) capturedLink=null capturedLinkTimestamp=0 requestedVisibleTypes=-9 topActivityRequestOpenInBrowserEducationTimestamp=0
07-08 23:21:21.317  4972  5022 V WindowManagerShell:  appCompatTaskInfo=AppCompatTaskInfo { topActivityInSizeCompat=false topActivityInOplusCompatMode=false eligibleForLetterboxEducation= false isLetterboxEducationEnabled= false isLetterboxDoubleTapEnabled= false eligibleForUserAspectRatioButton= false topActivityBoundsLetterboxed= false isFromLetterboxDoubleTap= false topActivityLetterboxVerticalPosition= -1 topActivityLetterboxHorizontalPosition= -1 topActivityLetterboxWidth=-1 topActivityLetterboxHeight=-1 topActivityAppBounds=Rect(0, 0 - 1440, 3168) isUserFullscreenOverrideEnabled=false isSystemFullscreenOverrideEnabled=false hasMinAspectRatioOverride=false topActivityLetterboxBounds=null cameraCompatTaskInfo=CameraCompatTaskInfo { freeformCameraCompatMode=inactive}} topActivityMainWindowFrame=null topActivityLetterboxInsets=Rect(0, 0 - 0, 0)
07-08 23:21:21.317  4972  5022 V WindowManagerShell:  mOplusExtraBundle = Bundle[mParcelledData.dataSize=1840]}, pipChange = null, remoteTransition = RemoteTransition { remoteTransition = android.window.IRemoteTransition$Stub$Proxy@77419e2, appThread = null, debugName = AnimationProvider }, displayChange = null, flags = 0, debugId = 269 }
07-08 23:21:21.317  4972  5022 D ShellSplitScreen: logExit: no-op, mLoggerSessionId is null
07-08 23:21:21.318  4972  5022 V WindowManagerShell: RemoteTransition directly requested for (#269) android.os.BinderProxy@dc5ed7: RemoteTransition { remoteTransition = android.window.IRemoteTransition$Stub$Proxy@77419e2, appThread = null, debugName = AnimationProvider }
07-08 23:21:21.318  4972  5022 V WindowManagerShell: Transition (#269): request handled by RemoteTransitionHandler
07-08 23:21:21.318  3425  4950 D osense.compress: notifyActivityLaunched pkgName = com.android.launcher, uid = 10198
07-08 23:21:21.318  3425  4950 I ActivityTaskManager: START u0 {act=android.intent.action.MAIN cat=[android.intent.category.DEFAULT] flg=0x10000000 xflg=0x4 cmp=com.android.launcher/com.android.quickstep.RecentsActivity (has extras) mCallingUid=10198} with LAUNCH_SINGLE_TASK from uid 10198 (BAL_ALLOW_ALLOWLISTED_COMPONENT (Recents Component)) result code=2
07-08 23:21:21.318  3425  3597 I UserAwareMgr: event is already released: SceneEvent{id=5007, maxWorkDurationMs=200, caller='[android]', eventFlags=256, fbPriority=1, keyThreads=[KeyThread{name=binder, owner=android, schedPolicy=ux, priority=HEAVY, maxThreadCount=16}], vipBinderGroup=null}, callingPid: 3425, appPid: 0
07-08 23:21:21.325  4972  5022 D WindowManagerShell: onActivityRestartAttempt: topActivity=ComponentInfo{com.android.launcher/com.android.quickstep.RecentsActivity}, wasVisible=false
07-08 23:21:21.325  3425  4234 D RefreshRate: Trigger app switch boost, ar=ActivityRecord{220835727 u0 com.android.launcher/com.android.quickstep.RecentsActivity t1704},currDisplayRate=120.00001,boostId=3
07-08 23:21:21.325  3425  4234 D RefreshRate: setDisplayConfigSpecs complete: targetMode={id=3, width=1440, height=3168, fps=120.00001, vsync=120.00001, synthetic=false, alternativeRefreshRates=[60.000004, 90.0], supportedHdrTypes=[1, 2, 3, 4]},srcMode={id=3, width=1440, height=3168, fps=120.00001, vsync=120.00001, synthetic=false, alternativeRefreshRates=[60.000004, 90.0], supportedHdrTypes=[1, 2, 3, 4]},sfModId=2,rate=120.00001
07-08 23:21:21.325  3425  4234 D RefreshRate: startAppSwitchBoost targetMode={id=3, width=1440, height=3168, fps=120.00001, vsync=120.00001, synthetic=false, alternativeRefreshRates=[60.000004, 90.0], supportedHdrTypes=[1, 2, 3, 4]} record=ActivityRecord{220835727 u0 com.android.launcher/com.android.quickstep.RecentsActivity t1704}: votes=PRIORITY_START_ANIMATION_BOOST -> Vote{mRefreshRate=120.0, mMinRefreshRate=120.0, mRequestSource=null};PRIORITY_WINDOW_REQUEST -> Vote{mRefreshRate=120.0, mMinRefreshRate=120.0, mRequestSource=null};
07-08 23:21:21.326  3425  4234 D ActivityTaskManager: setAppVisibility(Token{39bb5ab ActivityRecord{220835727 u0 com.android.launcher/com.android.quickstep.RecentsActivity t1704}}, visible=true):  visible=false mVisibleRequested=false
07-08 23:21:21.326  3425  3654 D VRR [OPlusSAManager]: updateAutoMinfps for 4630946450791512195 with nits: 817.38, mHistOK true, mAmbientOK true, mCctOK true, mIrOK true, mBrightnessOK true, isPkgOK true, SA min fps: 119
07-08 23:21:21.326  3425  4234 D WindowManager: NFW_setClientVisible:ActivityRecord{220835727 u0 com.android.launcher/com.android.quickstep.RecentsActivity t1704} clientVisible:true
07-08 23:21:21.326  3425  4234 D ActivityTaskManager: setVisibility(Token{39bb5ab ActivityRecord{220835727 u0 com.android.launcher/com.android.quickstep.RecentsActivity t1704}}, visible=true) defer commitVisibility for transition collecting
07-08 23:21:21.327  3425  3597 I UserAwareMgr: handleTopAppChanged: com.android.launcher, pid: 5079, uid: 10198
07-08 23:21:21.327  3425  4234 D ActivityTaskManager: onWindowFocusChanged Task{b3d4bfa #1704 type=recents I=com.android.launcher/com.android.quickstep.RecentsActivity} would transfer to compact
07-08 23:21:21.327  3425  4234 D ActivityTaskManager: NFW_setLastResumedActivityUncheckLocked:true r:ActivityRecord{220835727 u0 com.android.launcher/com.android.quickstep.RecentsActivity t1704} currentFocus:Window{c6e071a u0 org.telegram.messenger/org.telegram.messenger.DefaultIcon}
07-08 23:21:21.327  3425  4234 D QuickBackInputPolicy: hasMultiChildrenInTask: false
07-08 23:21:21.327  3425  4234 D WindowManager: NFW_findFocusedWindowIfNeeded:null mCurrentFocus:Window{c6e071a u0 org.telegram.messenger/org.telegram.messenger.DefaultIcon}
07-08 23:21:21.327  3425  3654 D RefreshRate: do setDisplayConfigSpecs  
07-08 23:21:21.327  3425  4234 V WindowManager: Changing focus from Window{c6e071a u0 org.telegram.messenger/org.telegram.messenger.DefaultIcon} to null,diplayid=0
07-08 23:21:21.327  3425  3654 D DisplayModeDirector: setAppRequest displayId : 0  modeId: 3  requestedRefreshRate: 120.00001  requestedMinRefreshRateRange: 120.00001  requestedMaxRefreshRateRange: 120.00001
07-08 23:21:21.328  3425  4234 D FlexibleTaskController: onTaskFocusChanged prevTask:Task{2bf88aa #1727 type=standard A=10411:org.telegram.messenger} ,currentTask:Task{b3d4bfa #1704 type=recents I=com.android.launcher/com.android.quickstep.RecentsActivity}, reason: resumeTopActivity - onActivityStateChanged
07-08 23:21:21.328  3425  4234 D OplusFlexibleDCSManager: onNextPkgChanged pkg = com.android.launcher
07-08 23:21:21.328  3425  4234 I OplusJoystickManager: handleApplicationSwitch deprecated!
07-08 23:21:21.328  3425  4234 I GameManagerServiceExt-GameManagerServiceExt: on FG change: org.telegram.messenger|com.android.launcher
07-08 23:21:21.328  3425  4234 I OplusAppSwitchManagerService: com.android.launcher notifyGcSupression , firstStart = false
07-08 23:21:21.329  3425  4234 D ActivityTaskManager: setAppVisibility(Token{4ad2c9b ActivityRecord{181363532 u0 org.telegram.messenger/.DefaultIcon t1727}}, visible=false):  visible=true mVisibleRequested=true
07-08 23:21:21.329  3425  4234 D ActivityTaskManager: setVisibility(Token{4ad2c9b ActivityRecord{181363532 u0 org.telegram.messenger/.DefaultIcon t1727}}, visible=false) defer commitVisibility for transition collecting
07-08 23:21:21.329  3425  4234 D ActivityTaskManager: The isLandscapeFullscreenEnabled is: com.android.launcher/com.android.quickstep.RecentsActivity
07-08 23:21:21.329  3425  4234 D ActivityTaskManager: The isLandscapeFullscreenEnabled is: com.android.launcher/com.android.quickstep.RecentsActivity
07-08 23:21:21.329  3425  4234 D FlexibleTaskController: isFullToFlexibleAnimating: false
07-08 23:21:21.329  3425  4234 D WindowManager: rotation(ROTATION_0) no changed  displayId = 0, lastOrientation = 14
07-08 23:21:21.329  3425  4234 D ActivityTaskManager: The isLandscapeFullscreenEnabled is: com.android.launcher/com.android.quickstep.RecentsActivity
07-08 23:21:21.329  3425  4234 D ActivityTaskManager: The isLandscapeFullscreenEnabled is: com.android.launcher/com.android.quickstep.RecentsActivity
07-08 23:21:21.329  3425  4234 D ActivityTaskManager: The isLandscapeFullscreenEnabled is: com.android.launcher/com.android.quickstep.RecentsActivity
07-08 23:21:21.329  3425  4234 D ActivityTaskManager: The isLandscapeFullscreenEnabled is: com.android.launcher/com.android.quickstep.RecentsActivity
07-08 23:21:21.329  3425  4234 D ActivityTaskManager: The isLandscapeFullscreenEnabled is: com.android.launcher/com.android.quickstep.RecentsActivity
07-08 23:21:21.329  3425  4234 D ActivityTaskManager: The isLandscapeFullscreenEnabled is: com.android.launcher/com.android.quickstep.RecentsActivity
07-08 23:21:21.329  3425  4234 D ActivityTaskManager: The isLandscapeFullscreenEnabled is: com.android.launcher/com.android.quickstep.RecentsActivity
07-08 23:21:21.329  3425  4234 D ActivityTaskManager: The isLandscapeFullscreenEnabled is: com.android.launcher/com.android.quickstep.RecentsActivity
07-08 23:21:21.329  3425  4234 D ActivityTaskManager: The isLandscapeFullscreenEnabled is: com.android.launcher/com.android.quickstep.RecentsActivity
07-08 23:21:21.330  4972  5034 D OplusShellStartingWindowManager: adjustSuggestedWindowType originType: 3, wi: StartingWindowInfo{taskId=1704 targetActivityInfo=null displayId=0 topActivityType=3 preferredStartingWindowType=b6 mainWindowLayoutParams={(0,0)(fillxfill) sim={adjust=pan forwardNavigation} layoutInDisplayCutoutMode=always ty=BASE_APPLICATION fmt=TRANSPARENT wanim=0x7f14002f
07-08 23:21:21.330  4972  5034 D OplusShellStartingWindowManager:   fl=LAYOUT_IN_SCREEN LAYOUT_INSET_DECOR SHOW_WALLPAPER SPLIT_TOUCH HARDWARE_ACCELERATED DRAWS_SYSTEM_BAR_BACKGROUNDS
07-08 23:21:21.330  4972  5034 D OplusShellStartingWindowManager:   pfl=NO_MOVE_ANIMATION EDGE_TO_EDGE_ENFORCED FORCE_DRAW_STATUS_BAR_BACKGROUND FIT_INSETS_CONTROLLED
07-08 23:21:21.330  4972  5034 D OplusShellStartingWindowManager:   vsysui=LAYOUT_STABLE LAYOUT_HIDE_NAVIGATION LAYOUT_FULLSCREEN
07-08 23:21:21.330  4972  5034 D OplusShellStartingWindowManager:   bhv=DEFAULT
07-08 23:21:21.330  4972  5034 D OplusShellStartingWindowManager:   fitSides=
07-08 23:21:21.330  4972  5034 D OplusShellStartingWindowManager:   frameRateBoostOnTouch=true
07-08 23:21:21.330  4972  5034 D OplusShellStartingWindowManager:   dvrrWindowFrameRateHint=true CLP[ ]} splashScreenThemeResId 7f140279, exi: OplusStartingWindowExtendedInfo{mAppToken=android.os.BinderProxy@bbb033a, mSupportSplashScreenPreview=false, mIsSystemApp=true, mIsExceptionListApp=false, mPreviewBitmap=null, mShouldDrawBackground=false, mForceLightMode=false, mForceNightMode=false, mNotSupportNightMode=false, mForcePreview=false, mForceBigIcon=false, mQuickStartingSurface=null, mForceSolidColorSplash=false}
07-08 23:21:21.330  4972  5034 D ShellStartingWindow: getWindowAttrs SplashScreenWindowAttrs{ mWindowBgResId: 106000d, mWindowBgColor: 0, mWindowBgImage: false, mSplashScreenIcon: false, mBrandingImage: false, mIconBgColor: 0, uiMode: 0}
07-08 23:21:21.330  3425  4234 D ActivityTaskManager: The isLandscapeFullscreenEnabled is: com.android.launcher/com.android.quickstep.RecentsActivity
07-08 23:21:21.330  3425  4234 D ActivityRecordExtImpl:  setIsWaitingForAppResume for ActivityRecord{220835727 u0 com.android.launcher/com.android.quickstep.RecentsActivity t1704} isWaiting true
07-08 23:21:21.330  3425  4234 D ActivityTaskManager: The isLandscapeFullscreenEnabled is: com.android.launcher/com.android.quickstep.RecentsActivity
07-08 23:21:21.331  3425  4234 D DisplayModeDirector: setAppRequest displayId : 0  modeId: 3  requestedRefreshRate: 0.0  requestedMinRefreshRateRange: 0.0  requestedMaxRefreshRateRange: 120.00001
07-08 23:21:21.331  3425  4234 I TaskOrganizerController: onTaskInfoChanged taskid 1727 config { mBounds=Rect(0, 0 - 1440, 3168) mAppBounds=Rect(0, 0 - 1440, 3168) mMaxBounds=Rect(0, 0 - 1440, 3168) mDisplayRotation=ROTATION_0 mWindowingMode=fullscreen mActivityType=standard mAlwaysOnTop=undefined mRotation=ROTATION_0}
07-08 23:21:21.331  3425  3654 D VRR [OPlusRefreshRateService]:  setDirectorStates [flag: 1, state: 1, directorStateOff: 1]
07-08 23:21:21.332  4972  5035 I ShellStartingWindow: makeSplashScreenContentView themeBGColor: ff000000, isDark: true, last config hash: -1425736756
07-08 23:21:21.332  3425  4234 D OplusVisibleTasks:  notifyTaskFocusChange no need.
07-08 23:21:21.332  3425  4234 D OplusFlexibleDragToSplitAnimController: visibleFlexibleTaskInfos delete:1727
07-08 23:21:21.332  3425  4234 E FlexibleWindowManagerService: notifyTaskObserverToAttachController not need to notify!
07-08 23:21:21.332  3425  4234 I FlexibleWindowManagerService: onFlexibleWindowTaskInfoChanged, return for cur task not embedded
07-08 23:21:21.332  3425  4234 I TaskOrganizerController: onTaskInfoChanged taskid 1704 config { mBounds=Rect(0, 0 - 1440, 3168) mAppBounds=Rect(0, 0 - 1440, 3168) mMaxBounds=Rect(0, 0 - 1440, 3168) mDisplayRotation=ROTATION_0 mWindowingMode=fullscreen mActivityType=recents mAlwaysOnTop=undefined mRotation=ROTATION_0}
07-08 23:21:21.332  3425  4234 D OplusFlexibleDragToSplitAnimController: visibleFlexibleTaskInfos delete:1704
07-08 23:21:21.332  3425  4234 E FlexibleWindowManagerService: notifyTaskObserverToAttachController not need to notify!
07-08 23:21:21.332  3425  4234 I FlexibleWindowManagerService: onFlexibleWindowTaskInfoChanged, return for cur task not embedded
07-08 23:21:21.332  4972  5035 D OplusShellStartingWindowManager: isSystemApp support, windowInfo=StartingWindowInfo{taskId=1704 targetActivityInfo=null displayId=0 topActivityType=3 preferredStartingWindowType=b6 mainWindowLayoutParams={(0,0)(fillxfill) sim={adjust=pan forwardNavigation} layoutInDisplayCutoutMode=always ty=BASE_APPLICATION fmt=TRANSPARENT wanim=0x7f14002f
07-08 23:21:21.332  4972  5035 D OplusShellStartingWindowManager:   fl=LAYOUT_IN_SCREEN LAYOUT_INSET_DECOR SHOW_WALLPAPER SPLIT_TOUCH HARDWARE_ACCELERATED DRAWS_SYSTEM_BAR_BACKGROUNDS
07-08 23:21:21.332  4972  5035 D OplusShellStartingWindowManager:   pfl=NO_MOVE_ANIMATION EDGE_TO_EDGE_ENFORCED FORCE_DRAW_STATUS_BAR_BACKGROUND FIT_INSETS_CONTROLLED
07-08 23:21:21.332  4972  5035 D OplusShellStartingWindowManager:   vsysui=LAYOUT_STABLE LAYOUT_HIDE_NAVIGATION LAYOUT_FULLSCREEN
07-08 23:21:21.332  4972  5035 D OplusShellStartingWindowManager:   bhv=DEFAULT
07-08 23:21:21.332  4972  5035 D OplusShellStartingWindowManager:   fitSides=
07-08 23:21:21.332  4972  5035 D OplusShellStartingWindowManager:   frameRateBoostOnTouch=true
07-08 23:21:21.332  4972  5035 D OplusShellStartingWindowManager:   dvrrWindowFrameRateHint=true CLP[ ]} splashScreenThemeResId 7f140279
07-08 23:21:21.332  3425  4234 E OplusAppQuickStart_AppQuickStartController: skip launcher sync finish check notSkipSyncFinish= false
07-08 23:21:21.332  3425  4234 D OplusTransitionController: shouldSkipSyncFinishCheck transition to go, wc: ActivityRecord{220835727 u0 com.android.launcher/com.android.quickstep.RecentsActivity t1704}
07-08 23:21:21.332  3425  4234 D ActivityTaskManager: commitVisibility: ActivityRecord{220835727 u0 com.android.launcher/com.android.quickstep.RecentsActivity t1704}: visible=true visibleRequested=true, isInTransition=true 
07-08 23:21:21.332  3425  4234 E OplusAppQuickStart_AppQuickStartController: not start from launcher transition:269
07-08 23:21:21.333  4972  5035 D OplusShellStartingWindowManager: isSystemApp support, windowInfo=StartingWindowInfo{taskId=1704 targetActivityInfo=null displayId=0 topActivityType=3 preferredStartingWindowType=b6 mainWindowLayoutParams={(0,0)(fillxfill) sim={adjust=pan forwardNavigation} layoutInDisplayCutoutMode=always ty=BASE_APPLICATION fmt=TRANSPARENT wanim=0x7f14002f
07-08 23:21:21.333  4972  5035 D OplusShellStartingWindowManager:   fl=LAYOUT_IN_SCREEN LAYOUT_INSET_DECOR SHOW_WALLPAPER SPLIT_TOUCH HARDWARE_ACCELERATED DRAWS_SYSTEM_BAR_BACKGROUNDS
07-08 23:21:21.333  4972  5035 D OplusShellStartingWindowManager:   pfl=NO_MOVE_ANIMATION EDGE_TO_EDGE_ENFORCED FORCE_DRAW_STATUS_BAR_BACKGROUND FIT_INSETS_CONTROLLED
07-08 23:21:21.333  4972  5035 D OplusShellStartingWindowManager:   vsysui=LAYOUT_STABLE LAYOUT_HIDE_NAVIGATION LAYOUT_FULLSCREEN
07-08 23:21:21.333  4972  5035 D OplusShellStartingWindowManager:   bhv=DEFAULT
07-08 23:21:21.333  4972  5035 D OplusShellStartingWindowManager:   fitSides=
07-08 23:21:21.333  4972  5035 D OplusShellStartingWindowManager:   frameRateBoostOnTouch=true
07-08 23:21:21.333  4972  5035 D OplusShellStartingWindowManager:   dvrrWindowFrameRateHint=true CLP[ ]} splashScreenThemeResId 7f140279
07-08 23:21:21.333  4972  5035 D ShellStartingWindow: inconsize = 0
07-08 23:21:21.333  3425  4234 D OplusTransitionAnimationManager: activityRecordCount0fullScreenArBeHindStartingWindow null
07-08 23:21:21.333  3425  4234 D OplusTransitionAnimationManager: activityRecordCount0fullScreenArBeHindStartingWindow null
07-08 23:21:21.333  3425  4234 D OplusTransitionAnimationManager: markCanUseSpringSlideAnim for TransitionRecord{39fa63 id=269 track=0 type=OPEN flags=0x0 state=2 c=[
07-08 23:21:21.333  3425  4234 D OplusTransitionAnimationManager:    ChangeInfo{e8bf660 container=ActivityRecord{39634289 u0 com.android.launcher/com.android.quickstep.RecentsActivity t-1} flags=0x0}
07-08 23:21:21.333  3425  4234 D OplusTransitionAnimationManager:    ChangeInfo{4e95719 container=Task{2bf88aa #1727 type=standard A=10411:org.telegram.messenger} flags=0x10}
07-08 23:21:21.333  3425  4234 D OplusTransitionAnimationManager:    ChangeInfo{639e3de container=DefaultTaskDisplayArea@75681309 flags=0x0}
07-08 23:21:21.333  3425  4234 D OplusTransitionAnimationManager:    ChangeInfo{5c7d9bf container=Display{#0 state=ON size=1440x3168 ROTATION_0} flags=0x0}
07-08 23:21:21.333  3425  4234 D OplusTransitionAnimationManager:    ChangeInfo{32a188c container=ActivityRecord{181363532 u0 org.telegram.messenger/.DefaultIcon t1727} flags=0x0}
07-08 23:21:21.333  3425  4234 D OplusTransitionAnimationManager:    ChangeInfo{4af4bd5 container=Task{b3d4bfa #1704 type=recents I=com.android.launcher/com.android.quickstep.RecentsActivity} flags=0x30}
07-08 23:21:21.333  3425  4234 D OplusTransitionAnimationManager:    ChangeInfo{37c5fea container=ActivityRecord{220835727 u0 com.android.launcher/com.android.quickstep.RecentsActivity t1704} flags=0x0}
07-08 23:21:21.333  3425  4234 D OplusTransitionAnimationManager: ]
07-08 23:21:21.333  3425  4234 D OplusTransitionAnimationManager: }
07-08 23:21:21.334  3425  4234 D QuickBackInputPolicy: resetInputInterceptState for remoteTransition: true
07-08 23:21:21.334  3425  4234 W WindowManager: captureTaskSnapshot mSnapshotMode= 0 source=Task{2bf88aa #1727 type=standard A=10411:org.telegram.messenger}
07-08 23:21:21.335  4972  5760 V WindowManagerShell: onTransitionReady(transaction=14710263008191)
07-08 23:21:21.335  3425  4234 D TaskSnapshotControllerExtImpl: createTaskSnapshot isCompatMode:false, isCompactWindow:false
07-08 23:21:21.335  3425  4234 W AbsAppSnapshotControllerExtImpl: updateExcludeLayers, addExcludeLayerList is null or empty, return excludeLayers
07-08 23:21:21.335  3425  4416 D StartingSurfacePreviewController: checkSupportSurfacePreview, token=com.android.launcher/com.android.quickstep.RecentsActivity, enableSurfacePreview=false, supportMultiLayout=false, unsupportedSkipViewAnimLv=null, disableSurfacePreviewAnimLv=null, ignoreFileExistAnimLv=null
07-08 23:21:21.335  3425  3597 W UserAwareMgr: event can not be released, id: 5015, count: 2, releasePid: 3425
07-08 23:21:21.335  4972  5022 V WindowManagerShell: onTransitionReady (#269) android.os.BinderProxy@dc5ed7: {id=269 t=OPEN f=0x0 trk=0 r=[0@Point(0, 0)] c=[
07-08 23:21:21.335  4972  5022 V WindowManagerShell:         {m=TO_FRONT f=SHOW_WALLPAPER|MOVE_TO_TOP leash=Surface(name=Task=1704)/@0x79cabc7 sb=Rect(0, 0 - 1440, 3168) eb=Rect(0, 0 - 1440, 3168) epz=Point(1440, 3168) d=0 taskParent=-1},
07-08 23:21:21.335  4972  5022 V WindowManagerShell:         {m=TO_BACK f=NONE leash=Surface(name=Task=1727)/@0xcf5f5f4 sb=Rect(0, 0 - 1440, 3168) eb=Rect(0, 0 - 1440, 3168) epz=Point(1440, 3168) d=0 taskParent=-1}
07-08 23:21:21.335  4972  5022 V WindowManagerShell:     ] 
07-08 23:21:21.335  4972  5022 V WindowManagerShell: extendInfo=[
07-08 23:21:21.335  4972  5022 V WindowManagerShell:  OplusTransitionExtendedInfo{mTmpFinishT=null, mInOplusCompatMode=false, mIsProcessRunning=true, mHasMismatchBoundsTarget=false, mRecentsController=null, mRemoteTransition=null, mIsTranslucentActivityToHome=false, mAvoidInterceptKeyEventToHome=false, mIsFromHome=false, mParentLeash=null, mBackAnimClosingLeash=null, mReparentToRecentsSurface=null, mIsOplusAnimRes=false, mKeepBgForContinuous=false, mIsBalAllow=false, mHasCloseWallpaperRemoved=false, mTaskNotInRecent=false, mIsPredictiveBackAnim=false, mIsMergedWithPredictive=false, mIsLaunchFromSpruce=false, mIsLaunchFromDrive=false, mGlobalSearchPageSwitch=false, mNeedNoAlphaGlobalSearchScene=false, mAssistScreenShowing=false, mSwipeUpBrowserScreenShowing=false, mUserIdTransition=0
07-08 23:21:21.335  4972  5022 V WindowManagerShell: , mInRemoteScene=false, mInPreReady=false, mPreStart=false, mToken=null, mAbortByRemoteFromHome=false, mShellApplyToken=null, mRequestTransitionTaskId=1704, mAbortTransitionOnShell=0, mStartFromShortcut=false, mRemovedTaskId=-1, mTransitionInterruptType=0, mMergeSecondTaskId=-1, mIsStartAheadSpruce=false, mTaskIdStartFromRecents=0, mTransitionId=269, mCanUseSpringSlideAnim=true, mTransitionLaunchFrom=0, mFoldChangeType=-1, mAnimStartingPosition=[0, 0, 0, 0], mIsOpeningStkDialogActivity=false, mSecondaryHomeToFrontWhenUnFolding=false, mIsNeedApplyStartTForEmbedded=false
07-08 23:21:21.335  4972  5022 V WindowManagerShell: , mNeedCanvasExitAnim=false, mMergeSecondTaskAnimation=false, mIsLaunchUnityStart=false, mIsLaunchFromAssistantByDefault=false, mSkipRemoteTransitionfalse, mPromoteTaskWhenKeyguard-1, mIsStartFromKeyguard=false, mMatchRemoteFilter=false flags=0x0, mFlexibleTaskIdList=[], mExpectEndRectState=-1, mFlexibleWindowForRecentTasks=false, mRecentTaskIdList=[], mWCT=null, mIsOpenMergeToInValidPredictive=false, mRootLayerZOrderArray={}}]}
07-08 23:21:21.336  4972  5022 V WindowManagerShell: Playing animation for (#269) android.os.BinderProxy@dc5ed7@0
07-08 23:21:21.336  4972  5022 V WindowManagerShell:  try firstHandler com.android.wm.shell.transition.RemoteTransitionHandler@bb0ecbd
07-08 23:21:21.336  4972  5022 V WindowManagerShell:  Delegate animation for (#269) to RemoteTransition { remoteTransition = android.window.IRemoteTransition$Stub$Proxy@77419e2, appThread = null, debugName = AnimationProvider }
07-08 23:21:21.336  3425 25034 D OplusEapManager: mTargetExitName :org.telegram.messenger
07-08 23:21:21.337  4972  5022 V WindowManagerShell:  animated by firstHandler
07-08 23:21:21.337  3425  3654 D VRR [OPlusRefreshRateService]: handleFrontAppChange pkgName: null
07-08 23:21:21.337  3425 25034 D OplusAppSwitchRuleInfo: generateAppEnterInfo - launch_source_type =  , launch_source_traceid = 
07-08 23:21:21.337  3425 25034 D ActivityTaskManager: The isLandscapeFullscreenEnabled is: com.android.launcher/com.android.quickstep.RecentsActivity
07-08 23:21:21.337  3425 25034 D ActivityTaskManager: The isLandscapeFullscreenEnabled is: com.android.launcher/com.android.quickstep.RecentsActivity
07-08 23:21:21.337  3425 25034 D OplusAppSwitchRuleInfo: generateAppEnterInfo - launch_source_type =  , launch_source_traceid = 
07-08 23:21:21.337  3425 25034 D ActivityTaskManager: The isLandscapeFullscreenEnabled is: com.android.launcher/com.android.quickstep.RecentsActivity
07-08 23:21:21.337  3425 25034 D ActivityTaskManager: The isLandscapeFullscreenEnabled is: com.android.launcher/com.android.quickstep.RecentsActivity
07-08 23:21:21.338  3425 25034 D OplusAppSwitchRuleInfo: generateAppEnterInfo - launch_source_type =  , launch_source_traceid = 
07-08 23:21:21.338  3425 25034 D ActivityTaskManager: The isLandscapeFullscreenEnabled is: com.android.launcher/com.android.quickstep.RecentsActivity
07-08 23:21:21.338  3425 25034 D ActivityTaskManager: The isLandscapeFullscreenEnabled is: com.android.launcher/com.android.quickstep.RecentsActivity
07-08 23:21:21.338  3425 25034 D OplusAppSwitchRuleInfo: generateAppEnterInfo - launch_source_type =  , launch_source_traceid = 
07-08 23:21:21.338  3425 25034 D ActivityTaskManager: The isLandscapeFullscreenEnabled is: com.android.launcher/com.android.quickstep.RecentsActivity
07-08 23:21:21.338  3425 25034 D ActivityTaskManager: The isLandscapeFullscreenEnabled is: com.android.launcher/com.android.quickstep.RecentsActivity
07-08 23:21:21.338  3425 25034 D OplusEapManager: mTargetEnterName :com.android.launcher
07-08 23:21:21.340  3425  3652 D OplusFeatureDMR[display=0]: onConfigChanged threadId=67 threadName=OplusDisplayWorkHandler physicalDisplayId=4630946450791512195 modeId=2  
07-08 23:21:21.340  3425  3654 D VRR [OPlusRefreshRateService]: handleFrontAppChange pkgName: com.android.launcher
07-08 23:21:21.340  3425 25034 D OplusAppSwitchRuleInfo: generateAppEnterInfo - launch_source_type =  , launch_source_traceid = 
07-08 23:21:21.340  3425 25034 D ActivityTaskManager: The isLandscapeFullscreenEnabled is: com.android.launcher/com.android.quickstep.RecentsActivity
07-08 23:21:21.340  3425 25034 D ActivityTaskManager: The isLandscapeFullscreenEnabled is: com.android.launcher/com.android.quickstep.RecentsActivity
07-08 23:21:21.340  3425  3654 D VRR [OPlusSAManager]: updateAutoMinfps for 4630946450791512195 with nits: 817.38, mHistOK true, mAmbientOK true, mCctOK true, mIrOK true, mBrightnessOK true, isPkgOK true, SA min fps: 119
07-08 23:21:21.340  3425 25034 D OplusAppSwitchRuleInfo: generateAppEnterInfo - launch_source_type =  , launch_source_traceid = 
07-08 23:21:21.340  3425 25034 D ActivityTaskManager: The isLandscapeFullscreenEnabled is: com.android.launcher/com.android.quickstep.RecentsActivity
07-08 23:21:21.340  3425 25034 D ActivityTaskManager: The isLandscapeFullscreenEnabled is: com.android.launcher/com.android.quickstep.RecentsActivity
07-08 23:21:21.340  3425 25034 D OplusAppSwitchRuleInfo: generateAppEnterInfo - launch_source_type =  , launch_source_traceid = 
07-08 23:21:21.340  3425 25034 D ActivityTaskManager: The isLandscapeFullscreenEnabled is: com.android.launcher/com.android.quickstep.RecentsActivity
07-08 23:21:21.340  3425 25034 D ActivityTaskManager: The isLandscapeFullscreenEnabled is: com.android.launcher/com.android.quickstep.RecentsActivity
07-08 23:21:21.340  3425  4234 D TaskSnapshotCache: putSnapshot mRunningCache top= ActivityRecord{181363532 u0 org.telegram.messenger/.DefaultIcon t1727}, mTaskId=1727, snapshot=TaskSnapshot{ mId=1783549281334 mCaptureTime=9118794309384 mTopActivityComponent=org.telegram.messenger/org.telegram.ui.LaunchActivity mSnapshot=android.hardware.HardwareBuffer@5c8ed24 (1008x2217) mColorSpace=sRGB IEC61966-2.1 (id=0, model=RGB) mOrientation=1 mRotation=0 mTaskSize=Point(1440, 3168) mOplusCompatMode=false mTopActivityBounds=[0,0][1440,3168] mHasDimLayer=false mContentInsets=[0,160][0,198] mLetterboxInsets=[0,0][0,0] mIsLowResolution=false mIsRealSnapshot=true mWindowingMode=1 mAppearance=0 mIsTranslucent=true mHasImeSurface=false mInternalReferences=2 mUiMode=21 mSnapshotColor=0 mSnapshotBundle=Bundle[{}], mAppIdMap size= 7
07-08 23:21:21.340  3425  3652 D OplusAppSwitchListener: App Activity Change
07-08 23:21:21.341  3425  3652 D OplusAppSwitchListener: Detect org.telegram.messenger switch to background
07-08 23:21:21.341  3425  3652 D OplusFeatureReduceBrightness: onAppExit , info = org.telegram.messenger
07-08 23:21:21.341  3425  3652 D OplusAppSwitchListener: Detect com.android.launcher switch to foreground
07-08 23:21:21.341  3425  3625 E OplusThermalStats: Error getting package info: com.android.launcher
07-08 23:21:21.341  3425  3652 D OplusFeatureGlobalLimitBrightness: switch to display extreme mode 
07-08 23:21:21.341  3425 25034 D OplusAppSwitchRuleInfo: generateActivityEnterInfo - launch_source_type =  , launch_source_traceid = 
07-08 23:21:21.341  3425 25034 D OplusAppSwitchRuleInfo: generateActivityEnterInfo - launch_source_type =  , launch_source_traceid = 
07-08 23:21:21.342  3425  3581 I TaskOrganizerController: onTaskInfoChanged taskid 1704 config { mBounds=Rect(0, 0 - 1440, 3168) mAppBounds=Rect(0, 0 - 1440, 3168) mMaxBounds=Rect(0, 0 - 1440, 3168) mDisplayRotation=ROTATION_0 mWindowingMode=fullscreen mActivityType=recents mAlwaysOnTop=undefined mRotation=ROTATION_0}
07-08 23:21:21.342  3425  3581 D OplusVisibleTasks:  notifyTasksNumChange no need to notify.
07-08 23:21:21.342  3425  3581 D OplusFlexibleDragToSplitAnimController: visibleFlexibleTaskInfos delete:1704
07-08 23:21:21.342  3425  3581 E FlexibleWindowManagerService: notifyTaskObserverToAttachController not need to notify!
07-08 23:21:21.342  3425  3581 I FlexibleWindowManagerService: onFlexibleWindowTaskInfoChanged, return for cur task not embedded
07-08 23:21:21.343  3425  4950 I AppSnapshotController: attachStartingWindow, win = Window{ab50242 u0 Splash Screen com.android.launcher}, shouldAppSnapshot = false
07-08 23:21:21.343  3425  4950 D ActivityTaskManager: attachStartingWindow: mStartingData=SplashScreenStartingData{d39b790 removeAfterTransaction= 0}, mAssociatedTask=null, mStartingWindow=Window{ab50242 u0 Splash Screen com.android.launcher}
07-08 23:21:21.343  3425  4950 D WindowManager: attachImeScreenshotOnTargetIfNeeded, mImeHiding = false, requestedVisibleTypes = -9
07-08 23:21:21.343  3425  4950 I WindowManager: addWindow: New client android.os.BinderProxy@ca6208d : window=Window{ab50242 u0 Splash Screen com.android.launcher}
07-08 23:21:21.343  3425  4950 D ActivityTaskManager: The isLandscapeFullscreenEnabled is: com.android.launcher/com.android.quickstep.RecentsActivity
07-08 23:21:21.345  3425  3578 D OplusSplitScreenManagerService: com.teslacoilsw.launcher unSupportsSplitScreen by blockList or ForbidActivityList
07-08 23:21:21.345  3425  6076 D BackgroundInstallControlService: Package event received: 0
07-08 23:21:21.345  3425  3577 V WindowManager: Sent Transition (#269) createdAt=07-08 23:21:21.307 via request=TransitionRequestInfo { type = OPEN, triggerTask = TaskInfo{userId=0 taskId=1704 effectiveUid=10198 displayId=0 isRunning=true baseIntent=Intent { act=android.intent.action.MAIN cat=[android.intent.category.DEFAULT] flg=0x10800000 pkg=com.android.launcher cmp=com.android.launcher/com.android.quickstep.RecentsActivity mCallingUid=1000 mRealCallingUid=1000 mRealCallingPid=3425 } baseActivity=ComponentInfo{com.android.launcher/com.android.quickstep.RecentsActivity} topActivity=ComponentInfo{com.android.launcher/com.android.quickstep.RecentsActivity} origActivity=null realActivity=ComponentInfo{com.android.launcher/com.android.quickstep.RecentsActivity}
07-08 23:21:21.345  3425  3577 V WindowManager:  numActivities=1 lastActiveTime=8170095 supportsSplitScreenMultiWindow=true supportsMultiWindow=true supportsPocketStudioMultiWindow=false isInFlexibleEmbedded = false uid = 10198 pid = 5079 resizeMode=2 isResizeable=true minWidth=-1 minHeight=-1 defaultMinSize=220 token=WCT{RemoteToken{526dfe9 Task{b3d4bfa #1704 type=recents I=com.android.launcher/com.android.quickstep.RecentsActivity}}} topActivityType=3 pictureInPictureParams=null shouldDockBigOverlays=false launchIntoPipHostTaskId=-1 lastParentTaskIdBeforePip=-1 displayCutoutSafeInsets=Rect(0, 160 - 0, 0)
07-08 23:21:21.345  3425  3577 V WindowManager:  topActivityInfo=ActivityInfo{e9633bc com.android.quickstep.RecentsActivity} launchCookies=[] positionInParent=Point(0, 0) parentTaskId=-1 isFocused=false isVisible=false isVisibleRequested=false isTopActivityNoDisplay=false isSleeping=false locusId=LocusId[17_chars] displayAreaFeatureId=1 isTopActivityTransparent=false isActivityStackTransparent=false lastNonFullscreenBounds=Rect(352, 845 - 1089, 2285) capturedLink=null capturedLinkTimestamp=0 requestedVisibleTypes=-9 topActivityRequestOpenInBrowserEducationTimestamp=0
07-08 23:21:21.345  3425  3577 V WindowManager:  appCompatTaskInfo=AppCompatTaskInfo { topActivityInSizeCompat=false topActivityInOplusCompatMode=false eligibleForLetterboxEducation= false isLetterboxEducationEnabled= false isLetterboxDoubleTapEnabled= false eligibleForUserAspectRatioButton= false topActivityBoundsLetterboxed= false isFromLetterboxDoubleTap= false topActivityLetterboxVerticalPosition= -1 topActivityLetterboxHorizontalPosition= -1 topActivityLetterboxWidth=-1 topActivityLetterboxHeight=-1 topActivityAppBounds=Rect(0, 0 - 1440, 3168) isUserFullscreenOverrideEnabled=false isSystemFullscreenOverrideEnabled=false hasMinAspectRatioOverride=false topActivityLetterboxBounds=null cameraCompatTaskInfo=CameraCompatTaskInfo { freeformCameraCompatMode=inactive}} topActivityMainWindowFrame=null topActivityLetterboxInsets=Rect(0, 0 - 0, 0)
07-08 23:21:21.345  3425  3577 V WindowManager:  mOplusExtraBundle = Bundle[{androidx.flexible.taskFrame=Rect(0, 0 - 0, 0), topOpaqueSystemBarsAppearance=0, androidx.flexible.Alpha=1.0, androidx.activity.task.attach.blur=0, androidx.flexible.task_snapshot_mode=0, androidx.activity.LaunchInsensible=0, androidx.activity.LaunchCornerRadius=0, key_flexible_task_state=0, topActivitySupportAppInnerSplit=false, key_flexible_task_animating_type=-1, key_flexible_task_root_activity_processname=com.android.launcher, androidx.activity.LaunchScenario=0, is_oplus_clone_task=false, flexible_super_mini_state=false, topRunningActivityHash=220835727, flexible.floatwindow.is_multi_instance=false, androidx.activity.LaunchScale=1.0, androidx.activity.LaunchShadowRadius=0, is_transient_hide_for_task_info=false, androidx.activity.key_flexible_task_pending_exit_to=0, key_flexible_task_root_activity_pid=5079, key_flexible_task_root_activity_uid=10198}]}, pipChange = null, remoteTransition = RemoteTransition { remoteTransition = android.window.IRemoteTransition$Stub$Proxy@e13889, appThread = null, debugName = AnimationProvider }, displayChange = null, flags = 0, debugId = 269 }
07-08 23:21:21.346  3425  3577 V WindowManager:     startWCT=WindowContainerTransaction { changes= {} hops= [] errorCallbackToken=null taskFragmentOrganizer=null }
07-08 23:21:21.346  3425  6076 D BackgroundInstallControlService: Package event received: 0
07-08 23:21:21.346  3425  3646 D OplusBiometricsDisplayHelper: isFold: false, isUnblockByFp: null
07-08 23:21:21.347  3425  3577 V WindowManager:     info={id=269 t=OPEN f=0x0 trk=0 r=[0@Point(0, 0)] c=[
07-08 23:21:21.347  3425  3577 V WindowManager:         {WCT{RemoteToken{526dfe9 Task{b3d4bfa #1704 type=recents I=com.android.launcher/com.android.quickstep.RecentsActivity}}} m=TO_FRONT f=SHOW_WALLPAPER|MOVE_TO_TOP leash=Surface(name=Task=1704)/@0xeb8e81f sb=Rect(0, 0 - 1440, 3168) eb=Rect(0, 0 - 1440, 3168) epz=Point(1440, 3168) d=0 taskParent=-1},
07-08 23:21:21.347  3425  3577 V WindowManager:         {WCT{RemoteToken{b40126b Task{2bf88aa #1727 type=standard A=10411:org.telegram.messenger}}} m=TO_BACK f=NONE leash=Surface(name=Task=1727)/@0x9d97af1 sb=Rect(0, 0 - 1440, 3168) eb=Rect(0, 0 - 1440, 3168) epz=Point(1440, 3168) d=0 taskParent=-1}
07-08 23:21:21.347  3425  3577 V WindowManager:     ] 
07-08 23:21:21.347  3425  3577 V WindowManager: extendInfo=[
07-08 23:21:21.347  3425  3577 V WindowManager:  OplusTransitionExtendedInfo{mTmpFinishT=null, mInOplusCompatMode=false, mIsProcessRunning=true, mHasMismatchBoundsTarget=false, mRecentsController=null, mRemoteTransition=null, mIsTranslucentActivityToHome=false, mAvoidInterceptKeyEventToHome=false, mIsFromHome=false, mParentLeash=null, mBackAnimClosingLeash=null, mReparentToRecentsSurface=null, mIsOplusAnimRes=false, mKeepBgForContinuous=false, mIsBalAllow=false, mHasCloseWallpaperRemoved=false, mTaskNotInRecent=false, mIsPredictiveBackAnim=false, mIsMergedWithPredictive=false, mIsLaunchFromSpruce=false, mIsLaunchFromDrive=false, mGlobalSearchPageSwitch=false, mNeedNoAlphaGlobalSearchScene=false, mAssistScreenShowing=false, mSwipeUpBrowserScreenShowing=false, mUserIdTransition=0
07-08 23:21:21.347  3425  3577 V WindowManager: , mInRemoteScene=false, mInPreReady=false, mPreStart=false, mToken=null, mAbortByRemoteFromHome=false, mShellApplyToken=null, mRequestTransitionTaskId=1704, mAbortTransitionOnShell=0, mStartFromShortcut=false, mRemovedTaskId=-1, mTransitionInterruptType=0, mMergeSecondTaskId=-1, mIsStartAheadSpruce=false, mTaskIdStartFromRecents=0, mTransitionId=269, mCanUseSpringSlideAnim=true, mTransitionLaunchFrom=0, mFoldChangeType=-1, mAnimStartingPosition=[0, 0, 0, 0], mIsOpeningStkDialogActivity=false, mSecondaryHomeToFrontWhenUnFolding=false, mIsNeedApplyStartTForEmbedded=false
07-08 23:21:21.347  3425  3577 V WindowManager: , mNeedCanvasExitAnim=false, mMergeSecondTaskAnimation=false, mIsLaunchUnityStart=false, mIsLaunchFromAssistantByDefault=false, mSkipRemoteTransitionfalse, mPromoteTaskWhenKeyguard-1, mIsStartFromKeyguard=false, mMatchRemoteFilter=false flags=0x0, mFlexibleTaskIdList=[], mExpectEndRectState=-1, mFlexibleWindowForRecentTasks=false, mRecentTaskIdList=[], mWCT=null, mIsOpenMergeToInValidPredictive=false, mRootLayerZOrderArray={}}]}
07-08 23:21:21.348  3425  4234 D ActivityTaskManager: Skipping, invisible task: Task{b3d4bfa #1704 type=recents I=com.android.launcher/com.android.quickstep.RecentsActivity}
07-08 23:21:21.348  3425  4234 D ActivityTaskManager: Skipping, invisible task: Task{8d734bc #1692 type=home I=com.teslacoilsw.launcher/.NovaLauncher}
07-08 23:21:21.348  3425  4234 D ActivityTaskManager: Skipping, invisible task: Task{ab94f15 #5 type=home A=1000:com.android.settings.FallbackHome nonResizable}
07-08 23:21:21.348  3425  4234 D ActivityTaskManager: after skip size:16,pre-Filtered:[com.android.vending 1690, com.reddit.frontpage 1713, org.mozilla.firefox 1670, com.google.android.googlequicksearchbox 1681, rd.sheepskin.sandboxmusic 1728, com.google.android.gms 1674, com.ss.android.ugc.trill 1691, com.shopee.th 1703, com.instagram.android 1687, com.mobilefootie.wc2010 1714, com.google.android.googlequicksearchbox 1706, jp.naver.line.android 1710, com.google.android.googlequicksearchbox 1705, org.telegram.messenger 1727, com.whatsapp 1722, com.oplus.wirelesssettings 1678]
07-08 23:21:21.349  3425  4739 D OplusBatteryServiceFeature: setSmartCoolDown: coolDown = 7, normalCoolDown = 7, pkgName = com.android.launcher
07-08 23:21:21.350  4972  5034 D OplusShellStartingWindowManager: handleWindowBarIfNeeded true, windowInfo=StartingWindowInfo{taskId=1704 targetActivityInfo=null displayId=0 topActivityType=3 preferredStartingWindowType=b6 mainWindowLayoutParams={(0,0)(fillxfill) sim={adjust=pan forwardNavigation} layoutInDisplayCutoutMode=always ty=BASE_APPLICATION fmt=TRANSPARENT wanim=0x7f14002f
07-08 23:21:21.350  4972  5034 D OplusShellStartingWindowManager:   fl=LAYOUT_IN_SCREEN LAYOUT_INSET_DECOR SHOW_WALLPAPER SPLIT_TOUCH HARDWARE_ACCELERATED DRAWS_SYSTEM_BAR_BACKGROUNDS
07-08 23:21:21.350  4972  5034 D OplusShellStartingWindowManager:   pfl=NO_MOVE_ANIMATION EDGE_TO_EDGE_ENFORCED FORCE_DRAW_STATUS_BAR_BACKGROUND FIT_INSETS_CONTROLLED
07-08 23:21:21.350  4972  5034 D OplusShellStartingWindowManager:   vsysui=LAYOUT_STABLE LAYOUT_HIDE_NAVIGATION LAYOUT_FULLSCREEN
07-08 23:21:21.350  4972  5034 D OplusShellStartingWindowManager:   bhv=DEFAULT
07-08 23:21:21.350  4972  5034 D OplusShellStartingWindowManager:   fitSides=
07-08 23:21:21.350  4972  5034 D OplusShellStartingWindowManager:   frameRateBoostOnTouch=true
07-08 23:21:21.350  4972  5034 D OplusShellStartingWindowManager:   dvrrWindowFrameRateHint=true CLP[ ]} splashScreenThemeResId 7f140279
07-08 23:21:21.353  3425  4234 I BLASTSyncEngine: onCommitted syncId: 269, timeout: false ran: false
07-08 23:21:21.354  3425  4234 D CoreBackPreview: Window{ab50242 u0 Splash Screen com.android.launcher}: Setting back callback OnBackInvokedCallbackInfo{mCallback=android.window.IOnBackInvokedCallback$Stub$Proxy@faa6fc1, mPriority=0, mIsAnimationCallback=false, mOverrideBehavior=0}
07-08 23:21:21.355  3425  4953 V WindowManager: Relayout Window{ab50242 u0 Splash Screen com.android.launcher}: viewVisibility=0, oldvis=0, req=1440x3168 , apr = 0, , x=0, y=0
07-08 23:21:21.355  3425  4953 I WindowManager: Window{ab50242 u0 Splash Screen com.android.launcher} state from NO_SURFACE to DRAW_PENDING; reason: resetDrawState
07-08 23:21:21.355  5079  5079 D ActivityThread: ComponentInfo{com.android.launcher/com.android.quickstep.RecentsActivity} checkFinished=false 2
07-08 23:21:21.355  5079  5079 D ResourcesManagerExtImpl: applyConfigurationToAppResourcesLocked app.getDisplayId() return callback.displayId:0
07-08 23:21:21.356  3425  4953 I TaskOrganizerController: onTaskInfoChanged taskid 1704 config { mBounds=Rect(0, 0 - 1440, 3168) mAppBounds=Rect(0, 0 - 1440, 3168) mMaxBounds=Rect(0, 0 - 1440, 3168) mDisplayRotation=ROTATION_0 mWindowingMode=fullscreen mActivityType=recents mAlwaysOnTop=undefined mRotation=ROTATION_0}
07-08 23:21:21.356  3425  4953 D OplusFlexibleDragToSplitAnimController: visibleFlexibleTaskInfos delete:1704
07-08 23:21:21.356  3425  4953 E FlexibleWindowManagerService: notifyTaskObserverToAttachController not need to notify!
07-08 23:21:21.356  3425  4953 I FlexibleWindowManagerService: onFlexibleWindowTaskInfoChanged, return for cur task not embedded
07-08 23:21:21.356  3425  4953 D WindowManager: NFW_findFocusedWindowIfNeeded:null mCurrentFocus:null
07-08 23:21:21.356  3425  4953 D ActivityTaskManager: The isLandscapeFullscreenEnabled is: com.android.launcher/com.android.quickstep.RecentsActivity
07-08 23:21:21.357  4972  5034 W VRI[launcher]: updateBlastSurfaceIfNeeded, surfaceSize:Point(1440, 3168), lastSurfaceSize:Point(0, 0), format:-1, blastBufferQueue:null
07-08 23:21:21.358  3425  8448 D OplusSplitScreenManagerService: com.teslacoilsw.launcher unSupportsSplitScreen by blockList or ForbidActivityList
07-08 23:21:21.363  3425  3580 D FlexibleTaskController: check task which not have enough child, isInSingleWhiteList:false isCloneTask:false
07-08 23:21:21.364  3425  6070 V WindowManager: Relayout Window{b2f5e3f u0 com.android.launcher/com.android.quickstep.RecentsActivity}: viewVisibility=0, oldvis=8, req=1440x3168 , apr = 0, 
07-08 23:21:21.364  3425  6070 I WindowManager: Window{b2f5e3f u0 com.android.launcher/com.android.quickstep.RecentsActivity} state from NO_SURFACE to DRAW_PENDING; reason: resetDrawState
07-08 23:21:21.366  3425  6070 D QuickBackInputPolicy: hasMultiChildrenInTask: false
07-08 23:21:21.366  3425  6070 D WindowManager: NFW_findFocusedWindowIfNeeded:Window{b2f5e3f u0 com.android.launcher/com.android.quickstep.RecentsActivity} mCurrentFocus:null
07-08 23:21:21.366  3425  6070 V WindowManager: Changing focus from null to Window{b2f5e3f u0 com.android.launcher/com.android.quickstep.RecentsActivity},diplayid=0
07-08 23:21:21.366  3425  3654 D VRR [OPlusSurfaceFlingerController]:  setComplexSceneEnable : false
07-08 23:21:21.368  3425  6070 D ActivityTaskManager: The isLandscapeFullscreenEnabled is: com.android.launcher/com.android.quickstep.RecentsActivity
07-08 23:21:21.368  3425  3564 I WindowManager: Window{ab50242 u0 Splash Screen com.android.launcher} state from DRAW_PENDING to COMMIT_DRAW_PENDING; reason: finishDrawingLocked
07-08 23:21:21.368  5079  5079 D VRI[RecentsActivity]: relayoutWindow result, sizeChanged:false, surfaceControlChanged:true, transformHintChanged:false, mSurfaceSize:Point(1440, 3168), mLastSurfaceSize:Point(1440, 3168), mWidth:1440, mHeight:3168, requestedWidth:1440, requestedHeight:3168, transformHint:0, installOrientation:0, displayRotation:0, isSurfaceValid:true, attr.flag:-2121203456, tmpFrames:ClientWindowFrames{frame=[0,0][1440,3168] display=[0,0][1440,3168] parentFrame=[0,0][0,0]}, relayoutResult:3, relayoutAsync:false, mSyncSeqId:0
07-08 23:21:21.368  5079  5079 W VRI[RecentsActivity]: updateBlastSurfaceIfNeeded, surfaceSize:Point(1440, 3168), lastSurfaceSize:Point(1440, 3168), format:-2, blastBufferQueue:null
07-08 23:21:21.369  3425  3581 D WindowManager: NFW_setClientVisible:WallpaperWindowToken{e78363a showWhenLocked=false} clientVisible:true
07-08 23:21:21.370  3425  3581 I WindowManager: Window{ab50242 u0 Splash Screen com.android.launcher} state from COMMIT_DRAW_PENDING to READY_TO_SHOW; reason: commitFinishDrawingLocked
07-08 23:21:21.370  3425  3581 D ActivityTaskManager: onStartingWindowDrawn: app=ProcessRecord{70b86b8 5079:com.android.launcher/u0a198}, mStartingData=SplashScreenStartingData{d39b790 removeAfterTransaction= 0}, finishing=false,mLaunchedFromBubble=false, mVisibleRequested=true, mDisplayContent=Display{#0 state=ON size=1440x3168 ROTATION_0}, isZoomMode=false
07-08 23:21:21.370  3425  3581 I WindowManager: Window{ab50242 u0 Splash Screen com.android.launcher} state from READY_TO_SHOW to HAS_DRAWN; reason: performShowLocked
07-08 23:21:21.371  3425  3581 I WindowStateExtImpl: onSurfaceShowChange show = true mPackageName = com.android.launcher parentPkgName = com.android.launcher
07-08 23:21:21.372  3425  3581 D CoreBackPreview:  return markWindowHasDrawn mComposed: false  mWaitTransition: false
07-08 23:21:21.381  3425  4950 I WindowManager: Window{b2f5e3f u0 com.android.launcher/com.android.quickstep.RecentsActivity} state from DRAW_PENDING to COMMIT_DRAW_PENDING; reason: finishDrawingLocked
07-08 23:21:21.382  3425  3581 I WindowManager: Window{b2f5e3f u0 com.android.launcher/com.android.quickstep.RecentsActivity} state from COMMIT_DRAW_PENDING to READY_TO_SHOW; reason: commitFinishDrawingLocked
07-08 23:21:21.382  3425  3581 D CoreBackPreview:  return markWindowHasDrawn mComposed: false  mWaitTransition: false
07-08 23:21:21.382  3425  3581 D ActivityTaskManager: Finish StartingWindow: ActivityRecord{220835727 u0 com.android.launcher/com.android.quickstep.RecentsActivity t1704}first real window is shown
07-08 23:21:21.382  3425  3581 D ActivityTaskManager: removeStartingWindowAnimation starting ActivityRecord{220835727 u0 com.android.launcher/com.android.quickstep.RecentsActivity t1704} startingWindow=null ,startingView=com.android.server.wm.StartingSurfaceController$StartingSurface@f41e797,Callers=com.android.server.wm.ActivityRecord.removeStartingWindow:3403 com.android.server.wm.ActivityRecord.onFirstWindowDrawn:8091 com.android.server.wm.WindowState.performShowLocked:4982 com.android.server.wm.WindowStateAnimator.commitFinishDrawingLocked:403 com.android.server.wm.DisplayContent.lambda$new$8:1152 
07-08 23:21:21.382  3425  3581 D OplusStartingWindowManager: interceptRemoveStartingWindow: packageName=com.android.launcher,  componentName=com.android.launcher/com.android.quickstep.RecentsActivity, isSnapshot=false, startingSurfaceRunnable=null, isDrawCompleted=false, hasSurfaceView=false, inTransition=true
07-08 23:21:21.382  3425  3581 D OplusSplitScreenManagerService: notifyRemoveStartingWindow mOplusSpiltScreenDnDUI is null, just return!
07-08 23:21:21.382  3425  3581 D OplusStartingWindowManager: interceptRemoveStartingWindow: hasSplashWindowFlag() return false for activity=ActivityRecord{220835727 u0 com.android.launcher/com.android.quickstep.RecentsActivity t1704}
07-08 23:21:21.383  4972  5034 D OplusShellStartingWindowManager: removeWindow: removeInfo=StartingWindowRemovalInfo{taskId=1704 frame=Rect(0, 0 - 1440, 3168) playRevealAnimation=true roundedCornerRadius=0.0 deferRemoveMode=0 windowlessSurface=false removeImmediately=false}, immediately=false, caller=com.android.wm.shell.startingsurface.StartingSurfaceDrawer.removeStartingWindow:45 com.android.wm.shell.startingsurface.StartingWindowController.lambda$removeStartingWindow$4:3 com.android.wm.shell.startingsurface.StartingWindowController.$r8$lambda$8pv6D_aeTFXal9JJiwpSxrQ6R6U:1 com.android.wm.shell.startingsurface.StartingWindowController$$ExternalSyntheticLambda6.run:18 android.os.Handler.handleCallback:1001 android.os.Handler.dispatchMessage:109 
07-08 23:21:21.383  3425  3581 D QuickBackInputPolicy: setAppLaunchEndTime update timePair=Pair{ActivityRecord{220835727 u0 com.android.launcher/com.android.quickstep.RecentsActivity t1704} 9118837}
07-08 23:21:21.383  3425  3581 I WindowManager: Window{b2f5e3f u0 com.android.launcher/com.android.quickstep.RecentsActivity} state from READY_TO_SHOW to HAS_DRAWN; reason: performShowLocked
07-08 23:21:21.385  5079  5079 I HM_APP_AVG: recents.toggle_com.android.launcher 110
07-08 23:21:21.385  3425  3581 D CoreBackPreview:  return markWindowHasDrawn mComposed: false  mWaitTransition: false
07-08 23:21:21.387  3425  6070 D QuickBackInputPolicy: hasMultiChildrenInTask: false
07-08 23:21:21.387  3425  6070 D WindowManager: NFW_findFocusedWindowIfNeeded:Window{b2f5e3f u0 com.android.launcher/com.android.quickstep.RecentsActivity} mCurrentFocus:Window{b2f5e3f u0 com.android.launcher/com.android.quickstep.RecentsActivity}
