07-08 15:02:17.502  7057  7057 W Capacitor/Console: File: https://localhost/assets/tier34-client-Cz9VhGbA.js - Line 2 - Msg: [nativeExoLockerBridge] import from file failed: Error: source file missing: /data/user/0/rd.sheepskin.sandboxmusic/cache/ytdlp-playback/Qp-O4eIUgf0.mp4
07-08 15:02:17.503  7057  7057 I Capacitor/Console: File:  - Line 349 - Msg: [object Object]
07-08 15:02:17.504  7057  8354 V Capacitor/Plugin: To native (Capacitor plugin): callbackId: 84458, pluginId: NativeExoPlayback, methodName: getLockerBlobUri
07-08 15:02:17.504  7057  8354 V Capacitor: callback: 84458, pluginId: NativeExoPlayback, methodName: getLockerBlobUri, methodData: {"id":"locker-1783429656930-7guelr"}
07-08 15:02:17.505  7057  8264 I in.sandboxmusic: Compiler allocated 7307KB to compile void android.view.ViewRootImpl.performTraversals()
07-08 15:02:17.505  7057  7057 I Capacitor/Console: File:  - Line 333 - Msg: {}
07-08 15:02:17.506  7057  7057 I Capacitor/Console: File:  - Line 349 - Msg: [object Object]
07-08 15:02:17.506  7057  8354 V Capacitor/Plugin: To native (Capacitor plugin): callbackId: 84459, pluginId: NativeExoPlayback, methodName: getLockerBlobUri
07-08 15:02:17.507  7057  8354 V Capacitor: callback: 84459, pluginId: NativeExoPlayback, methodName: getLockerBlobUri, methodData: {"id":"locker-1783429656930-7guelr"}
07-08 15:02:17.508  7057  7057 I Capacitor/Console: File:  - Line 333 - Msg: {}
07-08 15:02:17.510  7057  7057 I Capacitor/Console: File:  - Line 349 - Msg: [object Object]
07-08 15:02:17.510  7057  8354 V Capacitor/Plugin: To native (Capacitor plugin): callbackId: 84460, pluginId: NativeExoPlayback, methodName: getLockerBlobUri
07-08 15:02:17.510  7057  8354 V Capacitor: callback: 84460, pluginId: NativeExoPlayback, methodName: getLockerBlobUri, methodData: {"id":"locker-1783429656930-7guelr"}
07-08 15:02:17.512  7057  7057 I Capacitor/Console: File:  - Line 333 - Msg: {}
07-08 15:02:17.512  7057  7057 I Capacitor/Console: File:  - Line 349 - Msg: [object Object]
07-08 15:02:17.512  7057  8354 V Capacitor/Plugin: To native (Capacitor plugin): callbackId: 84461, pluginId: NativeExoPlayback, methodName: importLockerBlobFromPath
07-08 15:02:17.513  7057  8354 V Capacitor: callback: 84461, pluginId: NativeExoPlayback, methodName: importLockerBlobFromPath, methodData: {"id":"locker-1783429656930-7guelr","sourcePath":"file:\/\/\/data\/user\/0\/rd.sheepskin.sandboxmusic\/cache\/ytdlp-playback\/sDJBhQv85K0.mp4"}
07-08 15:02:17.514  7057  7057 D Capacitor: Sending plugin error: {"save":false,"callbackId":"84461","pluginId":"NativeExoPlayback","methodName":"importLockerBlobFromPath","success":false,"error":{"message":"source file missing: \/data\/user\/0\/rd.sheepskin.sandboxmusic\/cache\/ytdlp-playback\/sDJBhQv85K0.mp4"}}
07-08 15:02:17.515  7057  7057 E Capacitor/Console: File:  - Line 330 - Msg: [object Object]
07-08 15:02:17.515  7057  7057 W Capacitor/Console: File: https://localhost/assets/tier34-client-Cz9VhGbA.js - Line 2 - Msg: [nativeExoLockerBridge] import from file failed: Error: source file missing: /data/user/0/rd.sheepskin.sandboxmusic/cache/ytdlp-playback/sDJBhQv85K0.mp4
07-08 15:02:17.516  7057  7057 I Capacitor/Console: File:  - Line 349 - Msg: [object Object]
07-08 15:02:17.516  7057  8354 V Capacitor/Plugin: To native (Capacitor plugin): callbackId: 84462, pluginId: NativeExoPlayback, methodName: getLockerBlobUri
07-08 15:02:17.516  7057  8354 V Capacitor: callback: 84462, pluginId: NativeExoPlayback, methodName: getLockerBlobUri, methodData: {"id":"locker-1783429660924-9f9ca0"}
07-08 15:02:17.518  7057  7057 I Capacitor/Console: File:  - Line 333 - Msg: {}
07-08 15:02:17.520  7057  7057 I Capacitor/Console: File:  - Line 349 - Msg: [object Object]
07-08 15:02:17.520  7057  8354 V Capacitor/Plugin: To native (Capacitor plugin): callbackId: 84463, pluginId: NativeExoPlayback, methodName: getLockerBlobUri
07-08 15:02:17.520  7057  8354 V Capacitor: callback: 84463, pluginId: NativeExoPlayback, methodName: getLockerBlobUri, methodData: {"id":"locker-1783429660924-9f9ca0"}
07-08 15:02:17.522  7057  7057 I Capacitor/Console: File:  - Line 333 - Msg: {}
07-08 15:02:17.528  2141  3457 E HwcComposer: getLuts failed Status(-129, EX_TRANSACTION_FAILED): 'UNKNOWN_TRANSACTION: '
07-08 15:02:17.547  7057  7057 I Capacitor/Console: File: https://localhost/assets/e2e-bridge-CpoXgqzg.js - Line 5 - Msg: [SandboxE2E] AREA=handlers RESULT=PASS registered
07-08 15:02:17.551  1730  8338 E         : DNS_CACHE: hanle request << lookupdns: hostname:mail-api.proton.me, servername:^, ai_flags:0, ai_family:0, ai_socktype:1, ai_protocol:0, netid:0, uid:10438
07-08 15:02:17.552  7057  7057 I Capacitor/Console: File:  - Line 349 - Msg: [object Object]
07-08 15:02:17.552 23304  8515 D DNS_CACHE: oplus_oplus_getaddrinfo_proxy lookup from netd: hostname:mail-api.proton.me, servname:(null) uid: 10438, result_code:408, res = 0x0, found = 0
07-08 15:02:17.552  7057  8354 V Capacitor/Plugin: To native (Capacitor plugin): callbackId: 84464, pluginId: NativeExoPlayback, methodName: getStatus
07-08 15:02:17.552  7057  8354 V Capacitor: callback: 84464, pluginId: NativeExoPlayback, methodName: getStatus, methodData: {}
07-08 15:02:17.553  7057  7057 I Capacitor/Console: File:  - Line 349 - Msg: [object Object]
07-08 15:02:17.553  7057  8354 V Capacitor/Plugin: To native (Capacitor plugin): callbackId: 84465, pluginId: NativeExoPlayback, methodName: getStatus
07-08 15:02:17.553  7057  8354 V Capacitor: callback: 84465, pluginId: NativeExoPlayback, methodName: getStatus, methodData: {}
07-08 15:02:17.553  5522  5756 D DnsDomainBlock: onDnsEvent: latencyMs=0, returnCode=4, uid=10438
07-08 15:02:17.554  7057  8354 V Capacitor/Plugin: To native (Capacitor plugin): callbackId: 84466, pluginId: NativeExoPlayback, methodName: getStatus
07-08 15:02:17.554  7057  8354 V Capacitor: callback: 84466, pluginId: NativeExoPlayback, methodName: getStatus, methodData: {}
07-08 15:02:17.554  7057  7057 I Capacitor/Console: File:  - Line 349 - Msg: [object Object]
07-08 15:02:17.554  7057  7057 I Capacitor/Console: File:  - Line 349 - Msg: [object Object]
07-08 15:02:17.555  7057  8354 V Capacitor/Plugin: To native (Capacitor plugin): callbackId: 84467, pluginId: NativeExoPlayback, methodName: setGaplessEnabled
07-08 15:02:17.555  7057  8354 V Capacitor: callback: 84467, pluginId: NativeExoPlayback, methodName: setGaplessEnabled, methodData: {"enabled":false}
07-08 15:02:17.556  7057  7057 I Capacitor/Console: File:  - Line 349 - Msg: [object Object]
07-08 15:02:17.556  7057  8354 V Capacitor/Plugin: To native (Capacitor plugin): callbackId: 84468, pluginId: NativeExoPlayback, methodName: setUserVolume
07-08 15:02:17.556  7057  8354 V Capacitor: callback: 84468, pluginId: NativeExoPlayback, methodName: setUserVolume, methodData: {"volume":1}
07-08 15:02:17.557  7057  7057 I Capacitor/Console: File:  - Line 349 - Msg: [object Object]
07-08 15:02:17.557  7057  8354 V Capacitor/Plugin: To native (Capacitor plugin): callbackId: 84469, pluginId: App, methodName: addListener
07-08 15:02:17.557  7057  8354 V Capacitor: callback: 84469, pluginId: App, methodName: addListener, methodData: {"eventName":"appStateChange"}
07-08 15:02:17.557  1730  8338 E         : DNS_CACHE: hanle request << lookupdns: hostname:dns.quad9.net, servername:^, ai_flags:0, ai_family:0, ai_socktype:1, ai_protocol:0, netid:0, uid:10438
07-08 15:02:17.557 23304  8515 D DNS_CACHE: oplus_oplus_getaddrinfo_proxy lookup from netd: hostname:dns.quad9.net, servname:(null) uid: 10438, result_code:408, res = 0x0, found = 0
07-08 15:02:17.558  7057  7057 I Capacitor/Console: File:  - Line 349 - Msg: [object Object]
07-08 15:02:17.558  7057  8354 V Capacitor/Plugin: To native (Capacitor plugin): callbackId: 84470, pluginId: FollowedReleaseNative, methodName: schedulePeriodicCheck
07-08 15:02:17.558  7057  8354 V Capacitor: callback: 84470, pluginId: FollowedReleaseNative, methodName: schedulePeriodicCheck, methodData: {"intervalHours":12}
07-08 15:02:17.559  5522  5756 D DnsDomainBlock: onDnsEvent: latencyMs=0, returnCode=4, uid=10438
07-08 15:02:17.559  7057  7057 I Capacitor/Console: File:  - Line 349 - Msg: [object Object]
07-08 15:02:17.559  7057  8354 V Capacitor/Plugin: To native (Capacitor plugin): callbackId: 84471, pluginId: FollowedReleaseNative, methodName: addListener
07-08 15:02:17.559  7057  8354 V Capacitor: callback: 84471, pluginId: FollowedReleaseNative, methodName: addListener, methodData: {"eventName":"backgroundCheck"}
07-08 15:02:17.559  2141  3453 D VRR [OTI]: handleIdle from 0 to 1
07-08 15:02:17.559  2141  3453 I VRR [MVT]: requestFrameRateMode source: oti-hw, mode: {fps=60, modePtr={id=0, vsyncRate=60.00 Hz, peakRefreshRate=60.00 Hz}}
07-08 15:02:17.559  2141  3453 I VRR [MVT]: chooseFrameRateMode : {fps=60, modePtr={id=0, vsyncRate=60.00 Hz, peakRefreshRate=60.00 Hz}}
07-08 15:02:17.559  2141  3453 D VRR [RefreshRateDirector]: requestRefreshRateByOti update [ oti-hw, {fps=60, modePtr={id=0, vsyncRate=60.00 Hz, peakRefreshRate=60.00 Hz}} ]
07-08 15:02:17.559  2141  3453 D VRR [RefreshRateDirector]: updateBestFrameRate [oti-hw, {fps=60, modePtr={id=0, vsyncRate=60.00 Hz, peakRefreshRate=60.00 Hz}}]
07-08 15:02:17.559  2141  3469 D SurfaceFlinger: VRR [SurfaceFlinger] setDesiredActiveMode: displayId: 4630946450791512195, renderRate: 60, vsyncRate: 60, event: 1
07-08 15:02:17.560  2141  3469 D DisplayModeController: setDesiredMode 4630946450791512195 {mode={fps=60.00 Hz, modePtr={id=0, vsyncRate=60.00 Hz, peakRefreshRate=60.00 Hz}}, emitEvent=true, force=false}
07-08 15:02:17.560  2141  2141 I HWC2    : [0] setActiveConfigWithConstraints[0]
07-08 15:02:17.560  1884  4348 D SDM     : IRIS_LOG_HWC::SetActiveConfigWithConstraints:376: 00
07-08 15:02:17.560  1884  4348 I SDM     : HWCDisplay::SetActiveConfigToIrisWrapper: SetActiveConfigToIrisWrapper on id_: 0
07-08 15:02:17.560  1884  4348 I IRIS_LOG_SERV_I7: SetActiveConfig: 0x05a00c60@60, mAwlaysInBypassMode: 0
07-08 15:02:17.561  1884  4348 W SDM     : HWCDisplay::SetActiveConfigToIrisWrapper: HWC SetActiveConfig [1, 0], switch to [1440x3168@60]
07-08 15:02:17.561  1884  4348 I SDM     : HWCDisplay::IsContextReadyToSubmitActiveConfigIris7: pending config_ 0, state 0, on display id_= 0
07-08 15:02:17.561  1884  4348 W SDM     : HWDeviceDRM::GetSupportedBitClkRate: Requested rate not supported: 1363200000
07-08 15:02:17.561  1884  4348 I SDM     : HWDeviceDRM::UpdateMixerAttributes: Mixer WxH 1440x3168-1 for Peripheral
07-08 15:02:17.561  1884  4348 I CwbService: CwbService::notifyConfigChange: display:0, config:0 size:4, sec.size():0
07-08 15:02:17.561  1884  4348 I CwbService: CwbService::notifyConfigChange: display: 0, config = 0
07-08 15:02:17.561  1884  4348 I SDM     : HWCDisplay::SubmitDisplayConfig: Active configuration changed from config 1 to 0
07-08 15:02:17.561  1884  4348 W SDM     : HWCDisplay::NotifyIrisActiveConfigChangeIris7: NotifyIrisActiveConfigChange SetActiveConfig config [0], switch to [1440x3168@60]fb[1440x3168]mixer[1440x3168]
07-08 15:02:17.561  1884  4348 W SDM     : HWCDisplay::SetActiveConfigToIrisWrapperIris7: GetMixerResolution: [1440x3168] in time [1440x3168@60]
07-08 15:02:17.561  1884  4348 D IRIS_LOG_SERV_I7: Set framebuffer: 1440, 3168
07-08 15:02:17.568  1730  8338 E         : DNS_CACHE: hanle request << lookupdns: hostname:dns.google, servername:^, ai_flags:0, ai_family:0, ai_socktype:1, ai_protocol:0, netid:0, uid:10438
07-08 15:02:17.568 23304  8515 D DNS_CACHE: oplus_oplus_getaddrinfo_proxy lookup from netd: hostname:dns.google, servname:(null) uid: 10438, result_code:408, res = 0x0, found = 0
07-08 15:02:17.571  2141  3453 I VRR [MVT]: request is same as current request, ignore it.
07-08 15:02:17.572  3414  3736 D OplusFeatureDMR[display=0]: onConfigChanged threadId=67 threadName=OplusDisplayWorkHandler physicalDisplayId=4630946450791512195 modeId=0  
07-08 15:02:17.572  1884  4348 D SDM     : IRIS_LOG_HWC::SendDisplayConfigStatusToIrisWrapper:3056: num_configs1 4(0), num_configs2 5(0), selected 0,(memc_cfg 0, emv_cfg 1), states 0x1c100504
07-08 15:02:17.572  1884  4348 E IRIS_LOG_SERV_I7: Received mMainNumConfigs 4(0), mAuxNumConfigs 5(0), mImvConfigIndex 0, mEmvConfigIndex 1
07-08 15:02:17.572  5522  5756 D DnsDomainBlock: onDnsEvent: latencyMs=0, returnCode=4, uid=10438
07-08 15:02:17.573  3414  3608 I DisplayDeviceRepository: Display device changed render timings: "Built-in Screen", renderFrameRate=60.0, presentationDeadlineNanos=16666666, appVsyncOffsetNanos=1000000, frameRateOverrides=[]
07-08 15:02:17.573  3414  3608 D DisplayManagerService: Delivering display event: displayId=0, event=EVENT_DISPLAY_REFRESH_RATE_CHANGED
07-08 15:02:17.573  1730  8338 E         : DNS_CACHE: hanle request << lookupdns: hostname:dns.quad9.net, servername:^, ai_flags:0, ai_family:0, ai_socktype:1, ai_protocol:0, netid:0, uid:10438
07-08 15:02:17.574 23304  8515 D DNS_CACHE: oplus_oplus_getaddrinfo_proxy lookup from netd: hostname:dns.quad9.net, servname:(null) uid: 10438, result_code:408, res = 0x0, found = 0
07-08 15:02:17.574  2085   955 D AudioBoost: audioSchedBoost, pid=2085, tid=955, enable=1, ret=0
07-08 15:02:17.575  1839  6041 D AHAL: AudioDevice: SetParameters: 1972: enter: screen_state=on
07-08 15:02:17.575  1839  6041 D AHAL: hfp: hfp_set_parameters: 696: enter
07-08 15:02:17.575  1839  6041 D AHAL: hfp: hfp_set_parameters: 701: OPLUS_HFP_SUPPORT is not supported
07-08 15:02:17.575  1839  6041 D AHAL: AudioDevice: SetParameters: 2077:  - screen = on
07-08 15:02:17.575  1839  6041 D AHAL: AudioDevice: SetParameters: 2821: exit
07-08 15:02:17.575  3414  3602 D WindowManager: DeferredDisplayUpdater: partially applying DisplayInfo(1440 x 3168) immediately
07-08 15:02:17.575  2085   955 D AudioBoost: audioSchedBoost, pid=2085, tid=955, enable=0, ret=0
07-08 15:02:17.576  4915  4915 I KeyguardDisplayManager: onDisplayChanged displayId: 0
07-08 15:02:17.576  3414  3602 D OplusVFXScreenEffectFeature: notifySFCompatWindowStateChange entered false
07-08 15:02:17.578  2141  2517 D [PREVIEW]: SF obtain preview_adapter: 0
07-08 15:02:17.578  2141  2517 D [PREVIEW]: TabletPreviewAdapter::parallel world 0
07-08 15:02:17.578  3414  3602 D FSS_FoldScreenBlackCoverController: displayChangeToOn, dc:Display{#0 state=ON size=1440x3168 ROTATION_0}
07-08 15:02:17.579  3414  3602 E SchedAssist: binderSetThreadUxFlagByIoctl: ioctl failed, tid=-1 flag=1 ret=-1 errno=25 (Inappropriate ioctl for device)
07-08 15:02:17.579  4915  4915 I SystemUi--Keyguard: KeyguardDisplayManagerExImpl-->orientationChanged=false, presentationDisplayChanged=false, lastPresentationWidth=0, lastPresentationHeight=0, lastPresentationDensity=0
07-08 15:02:17.580  3414  3602 E SchedAssist: binderSetThreadUxFlagByIoctl: ioctl failed, tid=-1 flag=0 ret=-1 errno=25 (Inappropriate ioctl for device)
07-08 15:02:17.580  1730  8338 E         : DNS_CACHE: hanle request << lookupdns: hostname:feeds.acast.com, servername:^, ai_flags:1024, ai_family:0, ai_socktype:1, ai_protocol:0, netid:0, uid:10447
07-08 15:02:17.580  7057  8304 D DNS_CACHE: oplus_oplus_getaddrinfo_proxy lookup from netd: hostname:feeds.acast.com, servname:(null) uid: 10447, result_code:408, res = 0x0, found = 0
07-08 15:02:17.581  3414  3414 E OplusGestureAnimationManagerPolicy: mScreenHeight:3168 mScreenWidth:1440 mRotation:0
07-08 15:02:17.581  1730  8338 E         : DNS_CACHE: hanle request << lookupdns: hostname:dns.google, servername:^, ai_flags:0, ai_family:0, ai_socktype:1, ai_protocol:0, netid:0, uid:10438
07-08 15:02:17.581 23304  8515 D DNS_CACHE: oplus_oplus_getaddrinfo_proxy lookup from netd: hostname:dns.google, servname:(null) uid: 10438, result_code:408, res = 0x0, found = 0
07-08 15:02:17.606  1730  8338 E         : DNS_CACHE: hanle request << adddns: hostname:feeds.acast.com, servername:^, ai_flags:1024, ai_family:0, ai_socktype:1, ai_protocol:0, netid:0, uid:10447
07-08 15:02:17.606  7057  8304 D DNS_CACHE: oplus_send_dns_response send hostname: feeds.acast.com, servname: (null) response into netd: 0, *res = 0xb40000723d2ccbc0
07-08 15:02:17.608  2085  4048 D AudioFlinger: updateWakeLockUids_l AudioOut_45 uids:
07-08 15:02:17.608  2085  4025 D AudioFlinger: updateWakeLockUids_l AudioOut_1D uids:
07-08 15:02:17.608  2085  4047 D AudioFlinger: updateWakeLockUids_l AudioOut_3D uids:
07-08 15:02:17.608  2085  4057 D AudioFlinger: updateWakeLockUids_l AudioOut_4D uids:
07-08 15:02:17.608  2085  4022 D AudioFlinger: updateWakeLockUids_l AudioOut_15 uids:
07-08 15:02:17.608  2085  4003 D AudioFlinger: updateWakeLockUids_l AudioOut_D uids:
07-08 15:02:17.609  2141  3465 D skia    : findCacheMissInfo vsync 147570042, result 0
07-08 15:02:17.618  5522  5756 D DnsDomainBlock: onDnsEvent: latencyMs=24, returnCode=0, uid=10447
07-08 15:02:17.622  3414  3743 D VRR [OPlusRefreshRateService]: handleConfigIdChange physicalDisplayId: 4630946450791512195 configId: 0 renderPeriod: 16666667
07-08 15:02:17.622  3414  3743 D VRR [OPlusGameStatusManager]: updateGameState mOSyncFeatureSwitch: false mIsGamePolicy: false
07-08 15:02:17.622  3414  3743 D VRR [OPlusGameStatusManager]: updateGameAccelerationStatus pkgName: rd.sheepskin.sandboxmusic mOSyncFeatureSwitch: false mIsGamePolicy: false mHeartStop: false mHasFlickerRisk: false mForceAcceleration: false mToastReady: false enable: false
07-08 15:02:17.623  3414  3440 I MediaSessionStack: addSession to bottom of stack | record: rd.sheepskin.sandboxmusic/SovereignMusicConsole/8424 (userId=0)
07-08 15:02:17.623  3414  3440 D MediaSessionService: Media button session is changed to rd.sheepskin.sandboxmusic/SovereignMusicConsole/8424 (userId=0)
07-08 15:02:17.625  3414  4694 D MediaSessionStack: getMediaButtonSession() mMediaButtonSession=rd.sheepskin.sandboxmusic/SovereignMusicConsole/8424 (userId=0)
07-08 15:02:17.625  3414  3414 I OplusMediaControlService: onActiveSessionsChanged begin
07-08 15:02:17.625  3414  3414 I OplusMediaControlService: onEventFromMediaControllerList controller size = 0
07-08 15:02:17.625  3414  3414 I OplusMediaControlService: updateControllerMap begin
07-08 15:02:17.625  3414  3414 I OplusMediaControlService: updataPlayStateMap begin
07-08 15:02:17.625  3414  3414 I OplusMediaControlService: updateMetadataMap begin
07-08 15:02:17.625  3414  3414 I OplusMediaControlService: updatePlayerInfoList event = com.oplus.media.OplusMediaEvent@65d5f24
07-08 15:02:17.625  3414  3414 I OplusMediaControlService: sendOnEventMessage begin, eventType: 6, observer: android.os.BinderProxy@53ef40b
07-08 15:02:17.625  3414  3414 I OplusMediaControlService: on event EventType: 6
07-08 15:02:17.626  3414  3440 I OplusMediaControlService: unregisterEventObserver start, observer: android.os.BinderProxy@53ef40b, callerUid: 10208
07-08 15:02:17.626  3414  3440 I OplusMediaControlService: unregisterEventObserver successfully.
07-08 15:02:17.626  3414  8739 I OplusMediaControlService: registerEventObserver start, observer: android.os.BinderProxy@53ef40b, callerUid: 10208
07-08 15:02:17.629  3414  8739 D MediaSessionService: onSessionActiveStateChanged: record=rd.sheepskin.sandboxmusic/SovereignMusicConsole/8424 (userId=0) playbackState=null
07-08 15:02:17.630  3414  3414 I OplusMediaControlService: onActiveSessionsChanged begin
07-08 15:02:17.631  3414  3414 I OplusMediaControlService: onEventFromMediaControllerList controller size = 1
07-08 15:02:17.631  3414  3414 I OplusMediaControlService: getPlayerInfo, playerId: 43752350, pkgname: rd.sheepskin.sandboxmusic
07-08 15:02:17.631  3414  3414 I MediaControlUtils: addPlayers | players: [43752350 | rd.sheepskin.sandboxmusic]
07-08 15:02:17.631  3414  3414 I OplusMediaControlService: updateControllerMap begin
07-08 15:02:17.631  3414  3414 I OplusMediaControlService: updataPlayStateMap begin
07-08 15:02:17.631  3414  3414 I OplusMediaControlService: updateMetadataMap begin
07-08 15:02:17.631  3414  3414 I OplusMediaControlService: updatePlayerInfoList event = com.oplus.media.OplusMediaEvent@82bc442
07-08 15:02:17.631  3414  3414 I OplusMediaControlService: sendOnEventMessage begin, eventType: 6, observer: android.os.BinderProxy@53ef40b
07-08 15:02:17.631  3414  3414 I NasPowerProxyService: on active sessions changed controllers size:[android.media.session.MediaController@d7adc53]
07-08 15:02:17.631  3414  3414 I OplusMediaControlService: on event EventType: 6
07-08 15:02:17.632  3414  8739 I OplusMediaControlService: sendEvent type: 2, player: 43752350
07-08 15:02:17.632  3414  8739 I OplusMediaControlService: onEventFromRequestData: 1, player: 43752350
07-08 15:02:17.632  3414  8739 E OplusMediaControlService: getTitleAndArtist is null
07-08 15:02:17.632  3414  8739 E OplusMediaControlService: getMediaMetadata is null
07-08 15:02:17.632  3414  8739 D OplusMediaControlService: players is empty
07-08 15:02:17.632  3414  8465 I OplusMediaControlService: sendEvent type: 2, player: 43752350
07-08 15:02:17.632  3414  8465 I OplusMediaControlService: onEventFromRequestData: 2, player: 43752350
07-08 15:02:17.632  3414  8465 E OplusMediaControlService: playbackState is null
07-08 15:02:17.632  3414  8465 D OplusMediaControlService: players is empty
07-08 15:02:17.634  3414  8465 I OplusMediaControlService: unregisterEventObserver start, observer: android.os.BinderProxy@53ef40b, callerUid: 10208
07-08 15:02:17.634  3414  8465 I OplusMediaControlService: unregisterEventObserver successfully.
07-08 15:02:17.634  3414  8739 I OplusMediaControlService: registerEventObserver start, observer: android.os.BinderProxy@53ef40b, callerUid: 10208
07-08 15:02:17.635  3414  4694 I ActivityManager: Background started FGS: Allowed [callingPackage: rd.sheepskin.sandboxmusic; callingUid: 10447; uidState: TOP ; uidBFSL: [BFSL]; intent: Intent { act=rd.sheepskin.sandboxmusic.action.MEDIA_STOP xflg=0x4 cmp=rd.sheepskin.sandboxmusic/.MediaPlaybackForegroundService mCallingUid=10447 }; code:PROC_STATE_TOP; tempAllowListReason:<,reasonCode:SYSTEM_ALLOW_LISTED,duration:9223372036854775807,callingUid:-1>; allowWiu:12; targetSdkVersion:36; callerTargetSdkVersion:36; startForegroundCount:0; bindFromPackage:null: isBindService:false]
07-08 15:02:17.636  4915  5222 I SystemUi--QuickSettings: OplusFgsManagerController-->onForegroundStateChanged: rd.sheepskin.sandboxmusic 0 true 3
07-08 15:02:17.636  4915  5222 I SystemUi--QuickSettings: OplusFgsManagerController-->onForegroundStateChanged numPackagesAfter: 4
07-08 15:02:17.637  3414  8739 D MediaSessionService: onSessionActiveStateChanged: record=rd.sheepskin.sandboxmusic/SovereignMusicConsole/8424 (userId=0) playbackState=null
07-08 15:02:17.637  3414  3660 D NotificationService--OplusNotificationFixHelper: fixAppIcon: pkg=rd.sheepskin.sandboxmusic
07-08 15:02:17.637  3414  3660 D NotificationService--OplusNotificationFixHelper: fixAppIcon: appIcon = null, pkg = rd.sheepskin.sandboxmusic
07-08 15:02:17.637  3414  8739 W ForegroundServiceTypeLoggerModule: Logger should be tracking FGS types correctly for UID 10447 in package rd.sheepskin.sandboxmusic
07-08 15:02:17.637  4915  8706 I SystemUi--QuickSettings: OplusFgsManagerController-->onForegroundStateChanged: rd.sheepskin.sandboxmusic 0 false 4
07-08 15:02:17.638  4915  8706 I SystemUi--QuickSettings: OplusFgsManagerController-->onForegroundStateChanged numPackagesAfter: 3
07-08 15:02:17.638  3414  3660 D NotificationService--NotificationRecord: isSupportRearLight , isRearLight = false mLedRM = false isMultilLed = false
07-08 15:02:17.638  3414  3660 I OplusStatusBarManagerServiceEnhance:  getTopIsFullscreen mTopIsFullscreen: false
07-08 15:02:17.639  4915  5018 I SystemUi--QuickSettings: OplusSeparateQSPrivacyManager-->onNumberOfPackagesChanged numPackages 4
07-08 15:02:17.639  5703  8119 I ConferenceScene: onForegroundServiceStateChanged 7057 10447 2 fg_stateMachinesuid is null
07-08 15:02:17.639  5703  8119 I ConferenceScene: onForegroundServiceStateChanged 7057 10447 0 fg_stateMachinesuid is null
07-08 15:02:17.640  3414  3414 D NotificationService--OplusNotificationManagerServiceExtImpl: isForwardToAssistants: true, case : Is local notification
07-08 15:02:17.640  3414  3414 D NotificationService: This application enqueue notifications is need postDelayed mcsAssistantDelayTime: 200
07-08 15:02:17.640  4915  5018 I SystemUi--QuickSettings: OplusSeparateQSPrivacyManager-->onNumberOfPackagesChanged numPackages 3
07-08 15:02:17.644  3414  8739 I MediaSessionStack: removeSession | record: rd.sheepskin.sandboxmusic/SovereignMusicConsole/8424 (userId=0)
07-08 15:02:17.644  3414  8739 D MediaSessionService: Media button session is changed to null
07-08 15:02:17.644  3414  8739 D MediaSessionService: destroySessionLocked: record=rd.sheepskin.sandboxmusic/SovereignMusicConsole/8424 (userId=0)
07-08 15:02:17.644  3414  3414 D NotificationService--OplusBreathLights:  updateLightsStateLocked 
07-08 15:02:17.644  3414  3414 D NotificationService--OplusBreathLights:  scheduleLightsOffTimeoutLocked 
07-08 15:02:17.645  3414  3414 I OplusMediaControlService: onActiveSessionsChanged begin
07-08 15:02:17.645  3414  3414 I OplusMediaControlService: onEventFromMediaControllerList controller size = 0
07-08 15:02:17.645  3414  3414 I MediaControlUtils: removePlayers | players: [43752350 | rd.sheepskin.sandboxmusic]
07-08 15:02:17.645  3414  3414 I OplusMediaControlService: updateControllerMap begin
07-08 15:02:17.645  3414  3414 I OplusMediaControlService: updataPlayStateMap begin
07-08 15:02:17.645  3414  3414 I OplusMediaControlService: updateMetadataMap begin
07-08 15:02:17.645  3414  3414 I OplusMediaControlService: updatePlayerInfoList event = com.oplus.media.OplusMediaEvent@7ffb566
07-08 15:02:17.645  3414  3414 I OplusMediaControlService: sendOnEventMessage begin, eventType: 6, observer: android.os.BinderProxy@53ef40b
07-08 15:02:17.645  3414  3414 I OplusMediaControlService: on event EventType: 6
07-08 15:02:17.645  3414  3414 I OplusMediaControlService: onActiveSessionsChanged begin
07-08 15:02:17.645  3414  3414 I OplusMediaControlService: onEventFromMediaControllerList controller size = 0
07-08 15:02:17.645  3414  3414 I OplusMediaControlService: updateControllerMap begin
07-08 15:02:17.645  3414  3414 I OplusMediaControlService: updataPlayStateMap begin
07-08 15:02:17.646  3414  3414 I OplusMediaControlService: updateMetadataMap begin
07-08 15:02:17.646  3414  3414 I OplusMediaControlService: updatePlayerInfoList event = com.oplus.media.OplusMediaEvent@40980a7
07-08 15:02:17.646  3414  3414 I OplusMediaControlService: sendOnEventMessage begin, eventType: 6, observer: android.os.BinderProxy@53ef40b
07-08 15:02:17.646  3414  3414 I OplusMediaControlService: on event EventType: 6
07-08 15:02:17.646  3414  8739 I OplusMediaControlService: unregisterEventObserver start, observer: android.os.BinderProxy@53ef40b, callerUid: 10208
07-08 15:02:17.646  3414  8739 I OplusMediaControlService: unregisterEventObserver successfully.
07-08 15:02:17.646  3414  4694 I OplusMediaControlService: registerEventObserver start, observer: android.os.BinderProxy@53ef40b, callerUid: 10208
07-08 15:02:17.647  3414  8739 I OplusMediaControlService: unregisterEventObserver start, observer: android.os.BinderProxy@53ef40b, callerUid: 10208
07-08 15:02:17.647  3414  8739 I OplusMediaControlService: unregisterEventObserver successfully.
07-08 15:02:17.647  3414  8739 I OplusMediaControlService: registerEventObserver start, observer: android.os.BinderProxy@53ef40b, callerUid: 10208
07-08 15:02:17.667  3414  8465 V AS.AudioService: uid 10447, callingApp = rd.sheepskin.sandboxmusic
07-08 15:02:17.668  3414  8465 W AS.AudioService: Audio Settings Permission Denial: setSpeakerphoneOn() from pid=7057, uid=10447
07-08 15:02:17.669  3414  8465 I MediaFocusControl: requestAudioFocus() from uid/pid 10447/7057 AA=USAGE_MEDIA/CONTENT_TYPE_MUSIC clientId=android.media.AudioManager@12e96d6rd.sheepskin.sandboxmusic.AndroidAudioSessionHelper$$ExternalSyntheticLambda0@24f9d57 callingPack=rd.sheepskin.sandboxmusic req=1 flags=0x1 sdk=36
07-08 15:02:17.669  3414  8465 I AS.FadeOutManager: unfadeOutUid() uid:10447
07-08 15:02:17.673  3414  3743 D VRR [OPlusSAManager]: updateAutoMinfps for 4630946450791512195 with nits: 815.9735, mHistOK true, mAmbientOK true, mCctOK true, mIrOK true, mBrightnessOK true, isPkgOK true, SA min fps: 119
07-08 15:02:17.673  2141  2517 I VRR-[OPlusRefreshRateSelector]: updateAutoMode success, display 0, mode 0, fakeframe 1, min fps: 1
07-08 15:02:17.673  1884  4348 I SDM     : DisplayBuiltIn::SetQSyncModeLocked: VRR + update qsync mode 0 minfps 00C08181
07-08 15:02:17.673  1884  4348 I SDM     : HWDeviceDRM::OPlusIsQSyncMinFpsForAuto: VRR +  OPlusIsQSyncMinFpsForAuto: 1
07-08 15:02:17.673  1884  4348 I SDM     : DisplayBuiltIn::SetQSyncModeLocked: VRR + needs_avr_update_ 0
07-08 15:02:17.674  2085   955 I AudioFlinger: createEffect pid 7057, effectClient 0xb400007597228880, priority 0, sessionId 15521, io 0, factory 0xb4000075aac66aa0
07-08 15:02:17.674  2085   955 D NativePermissionController: checkPermission: missing 2 for 10447
07-08 15:02:17.675  2085   955 I EffectChain: EffectChain(): new EffectChain = 0xb400007597251e40
07-08 15:02:17.679  1884  2196 I SDM     : HWDeviceDRM::OPlusIsQSyncMinFpsForAuto: VRR +  OPlusIsQSyncMinFpsForAuto: 1
07-08 15:02:17.679  1884  2196 E SDM     : DRMConnector::Perform: Connector 69: Setting Qsync min fps 12616065
07-08 15:02:17.679  2141  3465 D skia    : findCacheMissInfo vsync 147570064, result 0
07-08 15:02:17.679  1839  6041 I EffectsFactory: EffectCreate() create_effect
07-08 15:02:17.680  2015  6827 D charge_time: write 12676s(03:31:16) to ttf, rc=7
07-08 15:02:17.680  2015  6827 D charge_time: type=sdp,reserve_soc=3,soc=76,ui_soc=79,current=-1420,avg=113,not_chg_cnt=26,stable_cnt=7,fcc=4658,fcc_ratio=91,delta=0,debug=0,region=13,ttf=14352(03:59:12),ui_ttf=12676(03:31:16)
07-08 15:02:17.681  2085   955 D EffectHalHidl: audioSchedBoost, set audiohal task boost, pid=2085, tid=955, ret=0
07-08 15:02:17.681  2085   955 D EffectHalHidl: audioSchedBoost, set audiohal task boost, pid=2085, tid=955, ret=0
07-08 15:02:17.681  2085   955 D EffectHalHidl: audioSchedBoost, set audiohal task boost, pid=2085, tid=955, ret=0
07-08 15:02:17.681  2085   955 D EffectHalHidl: audioSchedBoost, set audiohal task boost, pid=2085, tid=955, ret=0
07-08 15:02:17.681  2085   955 D EffectHalHidl: audioSchedBoost, set audiohal task boost, pid=2085, tid=955, ret=0
07-08 15:02:17.681  2085   955 D EffectHalHidl: audioSchedBoost, set audiohal task boost, pid=2085, tid=955, ret=0
07-08 15:02:17.681  2085   955 D EffectHalHidl: audioSchedBoost, set audiohal task boost, pid=2085, tid=955, ret=0
07-08 15:02:17.681  2085   955 D EffectHalHidl: audioSchedBoost, set audiohal task boost, pid=2085, tid=955, ret=0
07-08 15:02:17.681  2085   955 I EffectChain: addEffect_l() effect 0xb4000075972bcc00, added in chain 0xb400007597251e40 at rank 0
07-08 15:02:17.684  2085   955 D EffectHalHidl: audioSchedBoost, set audiohal task boost, pid=2085, tid=955, ret=0
07-08 15:02:17.685  2085   955 D EffectHalHidl: audioSchedBoost, set audiohal task boost, pid=2085, tid=955, ret=0
07-08 15:02:17.696  5703  5703 D VendorWifiService: onEvent event:9,action:1
07-08 15:02:17.698  3414  4573 D ScorerUtils: isLowTraffic: txTputKBps=2, rxTputKBps=4
07-08 15:02:17.698  3414  4573 D OplusWifiPower_TriggerCenter: mComponentCallback: wifistat
07-08 15:02:17.703  1730  8338 E         : DNS_CACHE: hanle request << lookupdns: hostname:r2.theaudiodb.com, servername:^, ai_flags:1024, ai_family:0, ai_socktype:1, ai_protocol:0, netid:0, uid:10447
07-08 15:02:17.703  7057  8324 D DNS_CACHE: oplus_oplus_getaddrinfo_proxy lookup from netd: hostname:r2.theaudiodb.com, servname:(null) uid: 10447, result_code:408, res = 0x0, found = 0
07-08 15:02:17.713  2141  3465 D skia    : findCacheMissInfo vsync 147570126, result 0
07-08 15:02:17.716  2085   955 D EffectHalHidl: audioSchedBoost, set audiohal task boost, pid=2085, tid=955, ret=0
07-08 15:02:17.717  2085   955 D EffectHalHidl: audioSchedBoost, set audiohal task boost, pid=2085, tid=955, ret=0
07-08 15:02:17.718  2085   955 D EffectHalHidl: audioSchedBoost, set audiohal task boost, pid=2085, tid=955, ret=0
07-08 15:02:17.718  2085   955 D EffectHalHidl: audioSchedBoost, set audiohal task boost, pid=2085, tid=955, ret=0
07-08 15:02:17.719  2085   955 D EffectHalHidl: audioSchedBoost, set audiohal task boost, pid=2085, tid=955, ret=0
07-08 15:02:17.719  2085   955 D EffectHalHidl: audioSchedBoost, set audiohal task boost, pid=2085, tid=955, ret=0
07-08 15:02:17.720  2085   955 D EffectHalHidl: audioSchedBoost, set audiohal task boost, pid=2085, tid=955, ret=0
07-08 15:02:17.720  2085   955 D EffectHalHidl: audioSchedBoost, set audiohal task boost, pid=2085, tid=955, ret=0
07-08 15:02:17.726  7057  8324 D DNS_CACHE: oplus_send_dns_response send hostname: r2.theaudiodb.com, servname: (null) response into netd: 0, *res = 0xb40000723d2ccec0
07-08 15:02:17.726  1730  8338 E         : DNS_CACHE: hanle request << adddns: hostname:r2.theaudiodb.com, servername:^, ai_flags:1024, ai_family:0, ai_socktype:1, ai_protocol:0, netid:0, uid:10447
07-08 15:02:17.727  8298  8343 I chromium: [INFO:media/base/audio_latency.cc:142] audioHardwareBufferSize = 192
07-08 15:02:17.728  6234  6288 E horae   : 0: target_temp:34100, back:34100,frame:34100,front:34100, 4, +(0), 1 ,34100, algo:0
07-08 15:02:17.729  5522  5756 D DnsDomainBlock: onDnsEvent: latencyMs=22, returnCode=0, uid=10447
07-08 15:02:17.733  2085   955 E AAudioServiceExtImpl: isAAudioCompatible call  getListValueByUid(aaudio-compatible-apps) but return null
07-08 15:02:17.733  2085   955 I AAudioService: openStream(callingPid:7057, callingUid: 10447): aaudio denied with imcompatible policy such as peformance noise
07-08 15:02:17.734  2085   955 D AudioFlingerExtImpl: oplusGetParametersBypassLock:only system or list app is allowed to get oplus parameters:DetectPulseEnable, uid:10447
07-08 15:02:17.736  2085   955 D AudioBoost: audioSchedBoost, pid=2085, tid=955, enable=1, ret=0
07-08 15:02:17.736  2085   955 D AudioFlingerExtImpl: addActiveAudioSession, add 15529, uid 10447, map size 1
07-08 15:02:17.736  2085   955 D AudioFlingerExtImpl: updateSelectDevByRedirectSetting: clientUid=10447, pid=7057
07-08 15:02:17.736  2085   955 D AudioFlingerExtImpl: updateSelectDevByRedirectSetting: mOplusRedirectOutputSupport=0, mOplusRedirectOutputEnable=0
07-08 15:02:17.736  2085   955 D NativePermissionController: checkPermission: missing 1 for 10447
07-08 15:02:17.737  2085   955 D NativePermissionController: checkPermission: missing 3 for 10447
07-08 15:02:17.737  2085   955 D NativePermissionController: checkPermission: missing 5 for 10447
07-08 15:02:17.738  9177 10470 I discovery::core::moni..: DiscMonitor: [trace_id=58622411422]DiscoveryComponentStatus { adaptive_sdp_client_status: Some("{\"0\":\"0.0.0.0\",\"1\":null}"), adaptive_sdp_server_status: None, network_interface_states: Some({}) }
07-08 15:02:17.738  2085   955 D AudioPolicyManagerExtImpl: checkUllCompatible() denied raw flag on session 15529 for performance noise
07-08 15:02:17.739  2085   955 D AudioPolicyManagerExtImpl: forceOutputForMusicEffects Enter: session 15529, dev {AUDIO_DEVICE_OUT_SPEAKER, @:}, streamType 3, flags 4, forced_deep 0
07-08 15:02:17.739  2085   955 D AudioPolicyManagerExtImpl: check callingUid 10447 whose pacakge name is not in fast-audio-effects
07-08 15:02:17.739  2085   955 D AudioPolicyManagerExtImpl: forceOutputForMusicEffects Done:  flags 4,  forced_deep 0
07-08 15:02:17.740  2085   955 D APM_AudioPolicyManager: mSpatializerOutput is null, canBeSpatializedInt=0, forceSpatialized:0 forceMss 0 forceMeta 0
07-08 15:02:17.740  2085   955 D AudioBoost: audioSchedBoost, pid=2085, tid=955, enable=1, ret=0
07-08 15:02:17.740  2085   955 W AudioFlinger: createTrack_l(): mismatch between requested flags (00000104) and output flags (00000006)
07-08 15:02:17.740  2085   955 D AudioFlinger: AF createTrack_l, skip effectchain::checkOutputFlagCompatibility to avoid fast flag to be denied by global effects, pid 7057, session -1
07-08 15:02:17.740  2085   955 D AudioFlinger: createTrack_l output(13) original frameCount 192  mNormalFrameCount 960 mFrameCount(hal) 192 minFrameCount 1536 notificationsPerBuffer 8 mSampleRate 48000 halLatencyMs 61
07-08 15:02:17.741  8298  8343 I chromium: [INFO:media/base/audio_latency.cc:142] audioHardwareBufferSize = 192
07-08 15:02:17.741  2085  2772 E GameAudioEffects: outputSelected: call getListValueByUid(fast-audio-effects) but return null
07-08 15:02:17.741  2085   955 D AudioFlinger: Client defaulted notificationFrames to 192 for frameCount 1536
07-08 15:02:17.741  2085   955 D AudioFlinger: createTrack_l output(13) final frameCount 1536 for track session 15529 , mFrameCount 192, mNormalFrameCount 960, notificationFrameCount 192
07-08 15:02:17.741  2085   955 I AF::PthrPatchRecord: creating track with enforcement level 0
07-08 15:02:17.743  2085   955 D AudioFlinger_PlaybackThread_TrackExtImpl: HoloAudio, create track pkg name:rd.sheepskin.sandboxmusic
07-08 15:02:17.746  2656 32460 D HoloAudio::SpecailizerPLService_Aidl: getMetaInfoByPkgName, 
07-08 15:02:17.747  2085   955 D AudioFlingerExtImpl: HoloAudio: audioFlingerExt getMetaInfo valueis:
07-08 15:02:17.747  2085   955 D AudioFlinger_PlaybackThread_TrackExtImpl: HoloAudio, there is no policy for this pkg:rd.sheepskin.sandboxmusic
07-08 15:02:17.743  2085  2085 W AudioRtBoostThr: type=1400 audit(0.0:97049): avc:  denied  { getsched } for  scontext=u:r:audioserver:s0 tcontext=u:r:untrusted_app:s0:c191,c257,c512,c768 tclass=process permissive=0
07-08 15:02:17.747  2085   955 I AF::Track: Track, track(0xb400007597286400): mFastIndex 1, mStreamType 3, mId 2045, mPortId 2505, mFrameCount 1536, mSampleRate 48000, mFormat 5, mChannelCount 2, thread 0xb400007587251f90, sessionId 15529, AudioOut_D, primary-6
07-08 15:02:17.749  2085   955 D AudioBoost: audioSchedBoost, pid=2085, tid=955, enable=0, ret=0
07-08 15:02:17.750  2085   955 D AudioBoost: audioSchedBoost, pid=2085, tid=955, enable=0, ret=0
07-08 15:02:17.751  2085  4485 D AudioFlingerExtImpl: oplusGetParametersBypassLock:only system or list app is allowed to get oplus parameters:is_direct_pcm_track, uid:10447
07-08 15:02:17.751  2085  4485 D AudioFlingerExtImpl: oplusGetParameters:only system or list app is allowed to get oplus parameters:is_direct_pcm_track, uid:10447
07-08 15:02:17.751  1839  6041 D AHAL: AudioStream: astream_out_get_parameters: 1169: enter
07-08 15:02:17.751  1839  6041 D AHAL: AudioStream: astream_out_get_parameters: 1191: keys: is_direct_pcm_track
07-08 15:02:17.751  1839  6041 D AHAL: AudioStream: astream_out_get_parameters: 1237: exit: returns - is_direct_pcm_track=false
07-08 15:02:17.754  8298  8343 I chromium: [INFO:media/base/audio_latency.cc:142] audioHardwareBufferSize = 192
07-08 15:02:17.756  2085  4485 D AF::Track: start(2045): calling pid 7057 portId 2505 session 15529 thresholdFrames 384 mFrameCount 1536
07-08 15:02:17.757  2085  4485 D AudioBoost: audioSchedBoost, pid=2085, tid=4485, enable=1, ret=0
07-08 15:02:17.757  2085  4485 D AudioBoost: AudioUclampBoost: set invalid schedMinValue: 1025, ignored
07-08 15:02:17.757  2085  4485 D AudioBoost: AudioUclampBoost: sched_setattr success. attr(flags 120, min 1024, max 1024, tid 4485, enable 1)
07-08 15:02:17.757  2085  4485 E AudioBoost: start  AudioUclampBoost pid:2085 tid:4485 sucess
07-08 15:02:17.757  2085  2763 D AudioPolicyEffects: addOutputSessionEffects(): session: 15529, refCount: 1
07-08 15:02:17.757  2085  2763 I AudioEffect: set 0xb4000075aacbb800 timeLow 00000000
07-08 15:02:17.757  2085  2763 I AudioFlinger: createEffect pid 2085, effectClient 0xb4000075aacef710, priority 0, sessionId 15529, io 13, factory 0xb4000075aac66aa0
07-08 15:02:17.758  2085  2763 I AudioFlinger: createEffect_l() thread 0xb40000758720d680 effect Music Listener on session 15529
07-08 15:02:17.758  2085  2763 I AudioFlinger: createEffect_l() new effect chain for session 15529
07-08 15:02:17.758  2085  2763 I EffectChain: EffectChain(): new EffectChain = 0xb4000075aac872c0
07-08 15:02:17.758  2085  2763 D AudioFlinger_EffectsExtImpl: HoloAudio AudioFlinger_EffectsExtImpl :0xb400007580a3d280: mFrameCount = 960, mSampleRate = 48000, mChannelCount = 2, mSessionId=15529
07-08 15:02:17.758  2085  8545 D AudioBoost: tryRtBoost, try boost audio rt, pid 7057, tid 8544, ret 0
07-08 15:02:17.751  2085  2085 W AudioRtBoostThr: type=1400 audit(0.0:97050): avc:  denied  { getsched } for  scontext=u:r:audioserver:s0 tcontext=u:r:untrusted_app:s0:c191,c257,c512,c768 tclass=process permissive=0
07-08 15:02:17.765  8298  8343 I chromium: [INFO:media/base/audio_latency.cc:142] audioHardwareBufferSize = 192
07-08 15:02:17.765  1839 18156 I EffectsFactory: EffectCreate() create_effect
07-08 15:02:17.765  1839 18156 V DlbVolumeListener: Create Dolby Listener Effect.
07-08 15:02:17.765  1839 18156 V DlbVolumeListener: create CREATED_CONTEXT 0xb4000072d9414b80 sessionId 15529 ioId 13
07-08 15:02:17.765  1839 18156 I DlbVolumeListener: create() Created effect Music Listener
07-08 15:02:17.765  1839 18156 V DlbVolumeListener: effectGetDescriptor
07-08 15:02:17.765  1839 18156 I DlbVolumeListener: effectGetDescriptor() Returning descriptor for Music Listener
07-08 15:02:17.766  1839 18156 V DlbVolumeListener: effectGetDescriptor
07-08 15:02:17.766  1839 18156 I DlbVolumeListener: effectGetDescriptor() Returning descriptor for Music Listener
07-08 15:02:17.766  2085  2763 D EffectHalHidl: audioSchedBoost, set audiohal task boost, pid=2085, tid=2763, ret=0
07-08 15:02:17.766  1839 18156 V DlbVolumeListener: effectCommand
07-08 15:02:17.766  2085  2763 D EffectHalHidl: audioSchedBoost, set audiohal task boost, pid=2085, tid=2763, ret=0
07-08 15:02:17.766  2085  2763 D EffectHalHidl: audioSchedBoost, set audiohal task boost, pid=2085, tid=2763, ret=0
07-08 15:02:17.766  1839 18156 V DlbVolumeListener: effectCommand
07-08 15:02:17.766  2085  2763 D EffectHalHidl: audioSchedBoost, set audiohal task boost, pid=2085, tid=2763, ret=0
07-08 15:02:17.766  2085  2763 D EffectHalHidl: audioSchedBoost, set audiohal task boost, pid=2085, tid=2763, ret=0
07-08 15:02:17.766  1839 18156 V DlbVolumeListener: effectCommand
07-08 15:02:17.766  2085  2763 D EffectHalHidl: audioSchedBoost, set audiohal task boost, pid=2085, tid=2763, ret=0
07-08 15:02:17.766  2085  2763 D EffectHalHidl: audioSchedBoost, set audiohal task boost, pid=2085, tid=2763, ret=0
07-08 15:02:17.766  1839 18156 V DlbVolumeListener: effectCommand
07-08 15:02:17.766  1839 18156 V DlbVolumeListener: effectCommand :: Command EFFECT_CMD_INIT
07-08 15:02:17.766  2085  2763 D EffectHalHidl: audioSchedBoost, set audiohal task boost, pid=2085, tid=2763, ret=0
07-08 15:02:17.766  2085  2763 D EffectHalHidl: audioSchedBoost, set audiohal task boost, pid=2085, tid=2763, ret=0
07-08 15:02:17.766  1839 18156 V DlbVolumeListener: effectCommand
07-08 15:02:17.766  1839 18156 D DlbVolumeListener: effectCommand :: Command EFFECT_CMD_OFFLOAD offload=0 ioHandle=13
07-08 15:02:17.767  2085  2763 D EffectHalHidl: audioSchedBoost, set audiohal task boost, pid=2085, tid=2763, ret=0
07-08 15:02:17.767  2085  2763 I EffectChain: addEffect_l() effect 0xb400007580b0fa00, added in chain 0xb4000075aac872c0 at rank 0
07-08 15:02:17.767  1839 18156 V DlbVolumeListener: effectCommand
07-08 15:02:17.767  1839 18156 V DlbVolumeListener: effectCommand :: Command EFFECT_CMD_SET_CONFIG
07-08 15:02:17.767  2085  2763 D AudioFlinger_EffectsExtImpl: HoloAudio, checkAndEnbaleMetaAudio enable:0, sessionid:15529
07-08 15:02:17.767  1839 18156 V DlbVolumeListener: effectCommand
07-08 15:02:17.767  1839 18156 V DlbVolumeListener: effectCommand :: Command EFFECT_CMD_SET_CONFIG
07-08 15:02:17.767  2085  2763 D EffectHalHidl: audioSchedBoost, set audiohal task boost, pid=2085, tid=2763, ret=0
07-08 15:02:17.767  1839 18156 V DlbVolumeListener: effectCommand
07-08 15:02:17.767  2085  2763 D EffectHalHidl: audioSchedBoost, set audiohal task boost, pid=2085, tid=2763, ret=0
07-08 15:02:17.768  2085  2763 I AudioEffect: set() 0xb4000075aacbb800 OK effect: Music Listener id: 12115 status 0 enabled 0 pid 2085
07-08 15:02:17.768  2085  2763 D AudioPolicyEffects: addOutputSessionEffects(): added Fx dlb_music_listener on session: 15529 for stream: 3
07-08 15:02:17.768  2085  2763 I AudioEffect: enable 0xb4000075aacbb800
07-08 15:02:17.768  2085  2763 D APM_AudioPolicyManager: startOutput() output 13, stream 3, portId 2505, session 15529
07-08 15:02:17.769  1839 18156 D AHAL: AudioDevice: SetParameters: 1972: enter: volumeStreamAction=start;volumeStreamType=3
07-08 15:02:17.769  1839 18156 D AHAL: hfp: hfp_set_parameters: 696: enter
07-08 15:02:17.769  1839 18156 D AHAL: hfp: hfp_set_parameters: 701: OPLUS_HFP_SUPPORT is not supported
07-08 15:02:17.769  1839 18156 D AHAL: AudioDevice: SetParameters: 2821: exit
07-08 15:02:17.770  2085  2763 D GameAudioEffects: hasAliveFastEffectTracks  return (0)
07-08 15:02:17.770  2085  2763 D AudioPolicyManagerExtImpl: oplusSelectOutputForMusicEffects: pendingOutput  => 13  flags => 0x00000006  outputTageName =>primary output outputs.size(4) older music effect ouput(29), hasAliveGameTracks(0)
07-08 15:02:17.770  2085  2763 D AudioPolicyManagerExtImpl: oplusSelectOutputForMusicEffects pending music output is low latency output, but no alive fast effect tracks, block effectchain fallback to primary, set deepbuffer as defaultEffectsOutput instead
07-08 15:02:17.770  2085  2763 D GameAudioEffects: hasAliveRequestFastTracks  return (0)
07-08 15:02:17.770  2085  2763 D APM_AudioPolicyManager: setOutputDevice() output 13 device {AUDIO_DEVICE_OUT_SPEAKER, @:} force 1 delayMs 0
07-08 15:02:17.770  2085  2763 D AtlasEventUploadUtils: setEvent event:atlas_event_audio_device_route_changed
07-08 15:02:17.772  4627 10011 D OplusAtlasAudioDetectionManager: callback success event:atlas_event_audio_device_route_changed eventInfo:DeviceId:2
07-08 15:02:17.773  4627 10859 W OplusAtlasAudioDetectionManager: unexpected message !
07-08 15:02:17.775  3414  4694 V AS.AudioService: uid 1000, callingApp = android.uid.system:1000
07-08 15:02:17.777  3414  3414 D OplusWifiBroadCastDispatcher: mBroadcastReceiver: onReceiver  action=android.media.ACTION_AUDIO_DEVICE_ROUTE_CHANGED
07-08 15:02:17.778  3414  4573 I OplusWifiSarManager: Received action: android.media.ACTION_AUDIO_DEVICE_ROUTE_CHANGED
07-08 15:02:17.771  2085  2085 W AudioRtBoostThr: type=1400 audit(0.0:97051): avc:  denied  { getsched } for  scontext=u:r:audioserver:s0 tcontext=u:r:untrusted_app:s0:c191,c257,c512,c768 tclass=process permissive=0
07-08 15:02:17.778  2141  3457 E HwcComposer: getLuts failed Status(-129, EX_TRANSACTION_FAILED): 'UNKNOWN_TRANSACTION: '
07-08 15:02:17.779  2085  8545 D AudioBoost: tryRtBoost, try boost audio rt, pid 7057, tid 8544, ret 0
07-08 15:02:17.780  5703  5703 D SubsysBroadcastManager: onReceive action:android.media.ACTION_AUDIO_DEVICE_ROUTE_CHANGED
07-08 15:02:17.780  3414  4573 I OplusWifiSarManager: onAudioDeviceRouteStateChanged: 2
07-08 15:02:17.780  3414  4573 I OplusWifiSarManager: mWifiConnected: true mWifiState: true
07-08 15:02:17.781  5703  5703 D HeadNearEvent: Recevice audioDeviceRoute status:2
07-08 15:02:17.782  3414  4573 D OplusWifiSarManager: set wifi_dbs_enable to false
07-08 15:02:17.782  3414  4573 D OplusWifiSarManager: wifiBand mWifi2gState:false mWifi5gState: true mWifi5gBand:WIFI_5G_BAND3 mWifi6gBand:WIFI_5G_DISABLE
07-08 15:02:17.782  3414  4573 I OplusWifiSarManager: sar sensor state:
07-08 15:02:17.782  3414  4573 I OplusWifiSarManager: sensor index: 0, state: null
07-08 15:02:17.782  3414  4573 I OplusWifiSarManager: sensor index: 1, state: null
07-08 15:02:17.782  3414  4573 I OplusWifiSarManager: sensor index: 2, state: null
07-08 15:02:17.782  3414  4573 I OplusWifiSarManager: sensor index: 3, state: null
07-08 15:02:17.782  3414  4573 I OplusWifiSarManager: sensor index: 4, state: null
07-08 15:02:17.782  3414  4573 I OplusWifiSarManager: sensor index: 5, state: null
07-08 15:02:17.782  3414  4573 I OplusWifiSarManager: sensor index: 6, state: null
07-08 15:02:17.782  3414  4573 I OplusWifiSarManager: sensor index: 7, state: null
07-08 15:02:17.782  3414  4573 I OplusWifiSarManager: sensor index: 8, state: null
07-08 15:02:17.782  3414  4573 I OplusWifiSarManager: sensor index: 9, state: null
07-08 15:02:17.782  3414  4573 I OplusWifiSarManager: sensor index: 10, state: null
07-08 15:02:17.782  3414  4573 I OplusWifiSarManager: sensor index: 11, state: null
07-08 15:02:17.782  3414  4573 I OplusWifiSarManager: sensor index: 12, state: null
07-08 15:02:17.782  3414  4573 I OplusWifiSarManager: sensor index: 13, state: null
07-08 15:02:17.782  3414  4573 I OplusWifiSarManager: sensor index: 14, state: null
07-08 15:02:17.782  3414  4573 I OplusWifiSarManager: sensor index: 15, state: null
07-08 15:02:17.782  3414  4573 I OplusWifiSarManager: project: 22877, country: GB
07-08 15:02:17.782  3414  4573 I OplusWifiSarManager: sensor state: earpiece: 2, sensor: null, isScreenOn: true
07-08 15:02:17.782  3414  4573 I OplusWifiSarManager: modem state: mCellOn: false mDataOn: false mData5gOn: false
07-08 15:02:17.782  3414  4573 I OplusWifiSarManager: wifi state: mWifiConnected: true mWifiSapEnabled: false mWifiP2pConnected: false mWifi2gState: false mWifi5gState: true mWifi5gBand: WIFI_5G_BAND3 mWifi6gBand: WIFI_5G_DISABLE mIsBluetoothTxOn: false
07-08 15:02:17.782  3414  4573 I OplusWifiSarManager: mSta5gBand: WIFI_5G_BAND3 , mP2p5gBand: WIFI_5G_DISABLE , mSap5gBand: WIFI_5G_DISABLE , mSta6gBand: WIFI_5G_DISABLE , mP2p6gBand: WIFI_5G_DISABLE , mSap6gBand: WIFI_5G_DISABLE , wifiBand5g: WIFI_5G_BAND3 , wifiBand6g: WIFI_5G_DISABLE
