07-08 17:43:06.996  3414  3414 D NotificationService: This application enqueue notifications is need postDelayed mcsAssistantDelayTime: 200
07-08 17:43:07.191  3414  3414 D LockSettingsService: [getSeparateProfileChallengeEnabled] userId = 12
07-08 17:43:07.191  3414  3414 D LockSettingsService: [getSeparateProfileChallengeEnabled] userId = 12
07-08 17:43:07.202  3414  3414 D LockSettingsService: [getSeparateProfileChallengeEnabled] userId = 12
07-08 17:43:07.202  3414  3414 D LockSettingsService: [getSeparateProfileChallengeEnabled] userId = 12
07-08 17:43:07.206  3414  3414 D LockSettingsService: [getSeparateProfileChallengeEnabled] userId = 12
07-08 17:43:07.206  3414  3414 D LockSettingsService: [getSeparateProfileChallengeEnabled] userId = 12
07-08 17:43:08.095  3414  6028 D NotificationService--OplusNotificationFixHelper: fixAppIcon: pkg=rd.sheepskin.sandboxmusic
07-08 17:43:08.095  3414  6028 D NotificationService--OplusNotificationFixHelper: fixAppIcon: appIcon = null, pkg = rd.sheepskin.sandboxmusic
07-08 17:43:08.096  3414  6028 I OplusStatusBarManagerServiceEnhance:  getTopIsFullscreen mTopIsFullscreen: false
07-08 17:43:08.096  3414  6028 W ActivityManager: Permission Denial: getTopApplicationInfo from pid=1361, uid=10447 requires oplus.permission.OPLUS_COMPONENT_SAFE
07-08 17:43:08.101  3414  3414 D NotificationService--OplusNotificationManagerServiceExtImpl: isForwardToAssistants: true, case : Is local notification
07-08 17:43:08.101  3414  3414 D NotificationService: This application enqueue notifications is need postDelayed mcsAssistantDelayTime: 200
07-08 17:43:08.107  3414  4391 D NotificationService--OplusNotificationFixHelper: fixAppIcon: pkg=rd.sheepskin.sandboxmusic
07-08 17:43:08.107  3414  4391 D NotificationService--OplusNotificationFixHelper: fixAppIcon: appIcon = null, pkg = rd.sheepskin.sandboxmusic
07-08 17:43:08.109  3414  8733 D NotificationService--OplusNotificationFixHelper: fixAppIcon: pkg=rd.sheepskin.sandboxmusic
07-08 17:43:08.109  3414  8733 D NotificationService--OplusNotificationFixHelper: fixAppIcon: appIcon = null, pkg = rd.sheepskin.sandboxmusic
07-08 17:43:08.111  3414  4391 I OplusStatusBarManagerServiceEnhance:  getTopIsFullscreen mTopIsFullscreen: false
07-08 17:43:08.111  3414  4391 W ActivityManager: Permission Denial: getTopApplicationInfo from pid=1361, uid=10447 requires oplus.permission.OPLUS_COMPONENT_SAFE
07-08 17:43:08.111  3414  3414 D NotificationService--OplusNotificationManagerServiceExtImpl: isForwardToAssistants: true, case : Is local notification
07-08 17:43:08.111  3414  3414 D NotificationService: This application enqueue notifications is need postDelayed mcsAssistantDelayTime: 200
07-08 17:43:08.112  3414  8733 I OplusStatusBarManagerServiceEnhance:  getTopIsFullscreen mTopIsFullscreen: false
07-08 17:43:08.113  3414  8733 W ActivityManager: Permission Denial: getTopApplicationInfo from pid=1361, uid=10447 requires oplus.permission.OPLUS_COMPONENT_SAFE
07-08 17:43:08.113  3414  3414 D NotificationService--OplusNotificationManagerServiceExtImpl: isForwardToAssistants: true, case : Is local notification
07-08 17:43:08.113  3414  3414 D NotificationService: This application enqueue notifications is need postDelayed mcsAssistantDelayTime: 200
07-08 17:43:08.312  3414  3414 D LockSettingsService: [getSeparateProfileChallengeEnabled] userId = 12
07-08 17:43:08.312  3414  3414 D LockSettingsService: [getSeparateProfileChallengeEnabled] userId = 12
07-08 17:43:08.316  3414  3414 D LockSettingsService: [getSeparateProfileChallengeEnabled] userId = 12
07-08 17:43:08.316  3414  3414 D LockSettingsService: [getSeparateProfileChallengeEnabled] userId = 12
07-08 17:43:08.320  3414  3414 D LockSettingsService: [getSeparateProfileChallengeEnabled] userId = 12
07-08 17:43:08.320  3414  3414 D LockSettingsService: [getSeparateProfileChallengeEnabled] userId = 12
07-08 17:43:09.175  3414  8711 D NotificationService--OplusNotificationFixHelper: fixAppIcon: pkg=rd.sheepskin.sandboxmusic
07-08 17:43:09.175  3414  8711 D NotificationService--OplusNotificationFixHelper: fixAppIcon: appIcon = null, pkg = rd.sheepskin.sandboxmusic
07-08 17:43:09.176  3414  8711 I OplusStatusBarManagerServiceEnhance:  getTopIsFullscreen mTopIsFullscreen: false
07-08 17:43:09.177  3414  8711 W ActivityManager: Permission Denial: getTopApplicationInfo from pid=1361, uid=10447 requires oplus.permission.OPLUS_COMPONENT_SAFE
07-08 17:43:09.178  3414  3414 D NotificationService--OplusNotificationManagerServiceExtImpl: isForwardToAssistants: true, case : Is local notification
07-08 17:43:09.178  3414  3414 D NotificationService: This application enqueue notifications is need postDelayed mcsAssistantDelayTime: 200
07-08 17:43:09.185  3414  4391 D NotificationService--OplusNotificationFixHelper: fixAppIcon: pkg=rd.sheepskin.sandboxmusic
07-08 17:43:09.185  3414  4391 D NotificationService--OplusNotificationFixHelper: fixAppIcon: appIcon = null, pkg = rd.sheepskin.sandboxmusic
07-08 17:43:09.186  3414  4391 I OplusStatusBarManagerServiceEnhance:  getTopIsFullscreen mTopIsFullscreen: false
07-08 17:43:09.186  3414  4391 W ActivityManager: Permission Denial: getTopApplicationInfo from pid=1361, uid=10447 requires oplus.permission.OPLUS_COMPONENT_SAFE
07-08 17:43:09.187  3414  3414 D NotificationService--OplusNotificationManagerServiceExtImpl: isForwardToAssistants: true, case : Is local notification
07-08 17:43:09.187  3414  3414 D NotificationService: This application enqueue notifications is need postDelayed mcsAssistantDelayTime: 200
07-08 17:43:09.192  3414  4391 D NotificationService--OplusNotificationFixHelper: fixAppIcon: pkg=rd.sheepskin.sandboxmusic
07-08 17:43:09.192  3414  4391 D NotificationService--OplusNotificationFixHelper: fixAppIcon: appIcon = null, pkg = rd.sheepskin.sandboxmusic
07-08 17:43:09.193  3414  4391 I OplusStatusBarManagerServiceEnhance:  getTopIsFullscreen mTopIsFullscreen: false
07-08 17:43:09.194  3414  4391 W ActivityManager: Permission Denial: getTopApplicationInfo from pid=1361, uid=10447 requires oplus.permission.OPLUS_COMPONENT_SAFE
07-08 17:43:09.194  3414  3414 D NotificationService--OplusNotificationManagerServiceExtImpl: isForwardToAssistants: true, case : Is local notification
07-08 17:43:09.194  3414  3414 D NotificationService: This application enqueue notifications is need postDelayed mcsAssistantDelayTime: 200
07-08 17:43:09.384  3414  3414 D LockSettingsService: [getSeparateProfileChallengeEnabled] userId = 12
07-08 17:43:09.385  3414  3414 D LockSettingsService: [getSeparateProfileChallengeEnabled] userId = 12
07-08 17:43:09.394  3414  3414 D LockSettingsService: [getSeparateProfileChallengeEnabled] userId = 12
07-08 17:43:09.395  3414  3414 D LockSettingsService: [getSeparateProfileChallengeEnabled] userId = 12
07-08 17:43:09.406  3414  3414 D LockSettingsService: [getSeparateProfileChallengeEnabled] userId = 12
07-08 17:43:09.406  3414  3414 D LockSettingsService: [getSeparateProfileChallengeEnabled] userId = 12
07-08 17:43:10.285  3414  4391 D NotificationService--OplusNotificationFixHelper: fixAppIcon: pkg=rd.sheepskin.sandboxmusic
07-08 17:43:10.286  3414  4391 D NotificationService--OplusNotificationFixHelper: fixAppIcon: appIcon = null, pkg = rd.sheepskin.sandboxmusic
07-08 17:43:10.287  3414  4391 I OplusStatusBarManagerServiceEnhance:  getTopIsFullscreen mTopIsFullscreen: false
07-08 17:43:10.287  3414  4391 W ActivityManager: Permission Denial: getTopApplicationInfo from pid=1361, uid=10447 requires oplus.permission.OPLUS_COMPONENT_SAFE
07-08 17:43:10.288  3414  3414 D NotificationService--OplusNotificationManagerServiceExtImpl: isForwardToAssistants: true, case : Is local notification
07-08 17:43:10.288  3414  3414 D NotificationService: This application enqueue notifications is need postDelayed mcsAssistantDelayTime: 200
07-08 17:43:10.295  3414  6028 D NotificationService--OplusNotificationFixHelper: fixAppIcon: pkg=rd.sheepskin.sandboxmusic
07-08 17:43:10.295  3414  6028 D NotificationService--OplusNotificationFixHelper: fixAppIcon: appIcon = null, pkg = rd.sheepskin.sandboxmusic
07-08 17:43:10.296  3414  4391 D NotificationService--OplusNotificationFixHelper: fixAppIcon: pkg=rd.sheepskin.sandboxmusic
07-08 17:43:10.296  3414  4391 D NotificationService--OplusNotificationFixHelper: fixAppIcon: appIcon = null, pkg = rd.sheepskin.sandboxmusic
07-08 17:43:10.296  3414  6028 I OplusStatusBarManagerServiceEnhance:  getTopIsFullscreen mTopIsFullscreen: false
07-08 17:43:10.296  3414  6028 W ActivityManager: Permission Denial: getTopApplicationInfo from pid=1361, uid=10447 requires oplus.permission.OPLUS_COMPONENT_SAFE
07-08 17:43:10.296  3414  4391 I OplusStatusBarManagerServiceEnhance:  getTopIsFullscreen mTopIsFullscreen: false
07-08 17:43:10.296  3414  4391 W ActivityManager: Permission Denial: getTopApplicationInfo from pid=1361, uid=10447 requires oplus.permission.OPLUS_COMPONENT_SAFE
07-08 17:43:10.297  3414  3414 D NotificationService--OplusNotificationManagerServiceExtImpl: isForwardToAssistants: true, case : Is local notification
07-08 17:43:10.297  3414  3414 D NotificationService: This application enqueue notifications is need postDelayed mcsAssistantDelayTime: 200
07-08 17:43:10.298  3414  3414 D NotificationService--OplusNotificationManagerServiceExtImpl: isForwardToAssistants: true, case : Is local notification
07-08 17:43:10.298  3414  3414 D NotificationService: This application enqueue notifications is need postDelayed mcsAssistantDelayTime: 200
07-08 17:43:10.492  3414  3414 D LockSettingsService: [getSeparateProfileChallengeEnabled] userId = 12
07-08 17:43:10.492  3414  3414 D LockSettingsService: [getSeparateProfileChallengeEnabled] userId = 12
07-08 17:43:10.510  3414  3414 D LockSettingsService: [getSeparateProfileChallengeEnabled] userId = 12
07-08 17:43:10.510  3414  3414 D LockSettingsService: [getSeparateProfileChallengeEnabled] userId = 12
07-08 17:43:10.522  3414  3414 D LockSettingsService: [getSeparateProfileChallengeEnabled] userId = 12
07-08 17:43:10.522  3414  3414 D LockSettingsService: [getSeparateProfileChallengeEnabled] userId = 12
07-08 17:43:11.377  3414  4391 D NotificationService--OplusNotificationFixHelper: fixAppIcon: pkg=rd.sheepskin.sandboxmusic
07-08 17:43:11.377  3414  4391 D NotificationService--OplusNotificationFixHelper: fixAppIcon: appIcon = null, pkg = rd.sheepskin.sandboxmusic
07-08 17:43:11.378  3414  4391 I OplusStatusBarManagerServiceEnhance:  getTopIsFullscreen mTopIsFullscreen: false
07-08 17:43:11.378  3414  4391 W ActivityManager: Permission Denial: getTopApplicationInfo from pid=1361, uid=10447 requires oplus.permission.OPLUS_COMPONENT_SAFE
07-08 17:43:11.379  3414  3414 D NotificationService--OplusNotificationManagerServiceExtImpl: isForwardToAssistants: true, case : Is local notification
07-08 17:43:11.379  3414  3414 D NotificationService: This application enqueue notifications is need postDelayed mcsAssistantDelayTime: 200
07-08 17:43:11.384  3414  4391 D NotificationService--OplusNotificationFixHelper: fixAppIcon: pkg=rd.sheepskin.sandboxmusic
07-08 17:43:11.384  3414  4391 D NotificationService--OplusNotificationFixHelper: fixAppIcon: appIcon = null, pkg = rd.sheepskin.sandboxmusic
07-08 17:43:11.385  3414  4391 I OplusStatusBarManagerServiceEnhance:  getTopIsFullscreen mTopIsFullscreen: false
07-08 17:43:11.385  3414  4391 W ActivityManager: Permission Denial: getTopApplicationInfo from pid=1361, uid=10447 requires oplus.permission.OPLUS_COMPONENT_SAFE
07-08 17:43:11.385  3414  3414 D NotificationService--OplusNotificationManagerServiceExtImpl: isForwardToAssistants: true, case : Is local notification
07-08 17:43:11.385  3414  3414 D NotificationService: This application enqueue notifications is need postDelayed mcsAssistantDelayTime: 200
07-08 17:43:11.395  3414  6028 D NotificationService--OplusNotificationFixHelper: fixAppIcon: pkg=rd.sheepskin.sandboxmusic
07-08 17:43:11.395  3414  6028 D NotificationService--OplusNotificationFixHelper: fixAppIcon: appIcon = null, pkg = rd.sheepskin.sandboxmusic
07-08 17:43:11.398  3414  6028 I OplusStatusBarManagerServiceEnhance:  getTopIsFullscreen mTopIsFullscreen: false
07-08 17:43:11.398  3414  6028 W ActivityManager: Permission Denial: getTopApplicationInfo from pid=1361, uid=10447 requires oplus.permission.OPLUS_COMPONENT_SAFE
07-08 17:43:11.399  3414  3414 D NotificationService--OplusNotificationManagerServiceExtImpl: isForwardToAssistants: true, case : Is local notification
07-08 17:43:11.399  3414  3414 D NotificationService: This application enqueue notifications is need postDelayed mcsAssistantDelayTime: 200
07-08 17:43:11.586  3414  3414 D LockSettingsService: [getSeparateProfileChallengeEnabled] userId = 12
07-08 17:43:11.586  3414  3414 D LockSettingsService: [getSeparateProfileChallengeEnabled] userId = 12
07-08 17:43:11.594  3414  3414 D LockSettingsService: [getSeparateProfileChallengeEnabled] userId = 12
07-08 17:43:11.594  3414  3414 D LockSettingsService: [getSeparateProfileChallengeEnabled] userId = 12
07-08 17:43:11.609  3414  3414 D LockSettingsService: [getSeparateProfileChallengeEnabled] userId = 12
07-08 17:43:11.609  3414  3414 D LockSettingsService: [getSeparateProfileChallengeEnabled] userId = 12
07-08 17:43:11.982  3414  4391 E BatteryStatsService: Invalid uid for waking network packet: -1
07-08 17:43:12.002  3414  3673 E BluetoothPowerStatsCollector: Cannot acquire BluetoothActivityEnergyInfo
07-08 17:43:12.002  3414  3673 E BluetoothPowerStatsCollector: java.util.concurrent.ExecutionException: java.lang.RuntimeException: error: 9
07-08 17:43:12.002  3414  3673 E BluetoothPowerStatsCollector: 	at java.util.concurrent.CompletableFuture.reportGet(CompletableFuture.java:372)
07-08 17:43:12.002  3414  3673 E BluetoothPowerStatsCollector: 	at java.util.concurrent.CompletableFuture.get(CompletableFuture.java:2072)
07-08 17:43:12.002  3414  3673 E BluetoothPowerStatsCollector: 	at com.android.server.power.stats.BluetoothPowerStatsCollector.collectBluetoothActivityInfo(BluetoothPowerStatsCollector.java:192)
07-08 17:43:12.002  3414  3673 E BluetoothPowerStatsCollector: 	at com.android.server.power.stats.BluetoothPowerStatsCollector.collectStats(BluetoothPowerStatsCollector.java:155)
07-08 17:43:12.002  3414  3673 E BluetoothPowerStatsCollector: 	at com.android.server.power.stats.PowerStatsCollector.collectAndDeliverStats(PowerStatsCollector.java:176)
07-08 17:43:12.002  3414  3673 E BluetoothPowerStatsCollector: 	at com.android.server.power.stats.PowerStatsCollector$$ExternalSyntheticLambda0.run(D8$$SyntheticClass:0)
07-08 17:43:12.002  3414  3673 E BluetoothPowerStatsCollector: 	at android.os.Handler.handleCallback(Handler.java:1001)
07-08 17:43:12.002  3414  3673 E BluetoothPowerStatsCollector: 	at android.os.Handler.dispatchMessage(Handler.java:109)
07-08 17:43:12.002  3414  3673 E BluetoothPowerStatsCollector: 	at android.os.Looper.loopOnce(Looper.java:306)
07-08 17:43:12.002  3414  3673 E BluetoothPowerStatsCollector: 	at android.os.Looper.loop(Looper.java:416)
07-08 17:43:12.002  3414  3673 E BluetoothPowerStatsCollector: 	at android.os.HandlerThread.run(HandlerThread.java:85)
07-08 17:43:12.002  3414  3673 E BluetoothPowerStatsCollector: Caused by: java.lang.RuntimeException: error: 9
07-08 17:43:12.002  3414  3673 E BluetoothPowerStatsCollector: 	at com.android.server.power.stats.BluetoothPowerStatsCollector$1.onBluetoothActivityEnergyInfoError(BluetoothPowerStatsCollector.java:181)
07-08 17:43:12.002  3414  3673 E BluetoothPowerStatsCollector: 	at android.bluetooth.BluetoothAdapter$OnBluetoothActivityEnergyInfoProxy.lambda$onError$2(BluetoothAdapter.java:1082)
07-08 17:43:12.002  3414  3673 E BluetoothPowerStatsCollector: 	at android.bluetooth.BluetoothAdapter$OnBluetoothActivityEnergyInfoProxy$$ExternalSyntheticLambda0.run(D8$$SyntheticClass:0)
07-08 17:43:12.002  3414  3673 E BluetoothPowerStatsCollector: 	at android.bluetooth.BluetoothUtils.lambda$executeFromBinder$0(BluetoothUtils.java:348)
07-08 17:43:12.002  3414  3673 E BluetoothPowerStatsCollector: 	at android.bluetooth.BluetoothUtils$$ExternalSyntheticLambda1.run(D8$$SyntheticClass:0)
07-08 17:43:12.002  3414  3673 E BluetoothPowerStatsCollector: 	at com.android.server.SystemServerInitThreadPool$$ExternalSyntheticLambda0.execute(D8$$SyntheticClass:0)
07-08 17:43:12.002  3414  3673 E BluetoothPowerStatsCollector: 	at android.bluetooth.BluetoothUtils.executeFromBinder(BluetoothUtils.java:348)
07-08 17:43:12.002  3414  3673 E BluetoothPowerStatsCollector: 	at android.bluetooth.BluetoothAdapter$OnBluetoothActivityEnergyInfoProxy.onError(BluetoothAdapter.java:1081)
07-08 17:43:12.002  3414  3673 E BluetoothPowerStatsCollector: 	at android.bluetooth.BluetoothAdapter.requestControllerActivityEnergyInfo(BluetoothAdapter.java:2855)
07-08 17:43:12.002  3414  3673 E BluetoothPowerStatsCollector: 	at com.android.server.power.stats.BatteryStatsImpl$BluetoothStatsRetrieverImpl.requestControllerActivityEnergyInfo(BatteryStatsImpl.java:503)
07-08 17:43:12.002  3414  3673 E BluetoothPowerStatsCollector: 	at com.android.server.power.stats.BluetoothPowerStatsCollector.collectBluetoothActivityInfo(BluetoothPowerStatsCollector.java:170)
07-08 17:43:12.002  3414  3673 E BluetoothPowerStatsCollector: 	... 8 more
07-08 17:43:12.506  3414  4391 D NotificationService--OplusNotificationFixHelper: fixAppIcon: pkg=rd.sheepskin.sandboxmusic
07-08 17:43:12.506  3414  4391 D NotificationService--OplusNotificationFixHelper: fixAppIcon: appIcon = null, pkg = rd.sheepskin.sandboxmusic
07-08 17:43:12.507  3414  4391 I OplusStatusBarManagerServiceEnhance:  getTopIsFullscreen mTopIsFullscreen: false
07-08 17:43:12.507  3414  4391 W ActivityManager: Permission Denial: getTopApplicationInfo from pid=1361, uid=10447 requires oplus.permission.OPLUS_COMPONENT_SAFE
07-08 17:43:12.508  3414  3414 D NotificationService--OplusNotificationManagerServiceExtImpl: isForwardToAssistants: true, case : Is local notification
07-08 17:43:12.508  3414  3414 D NotificationService: This application enqueue notifications is need postDelayed mcsAssistantDelayTime: 200
07-08 17:43:12.511  3414  4391 D NotificationService--OplusNotificationFixHelper: fixAppIcon: pkg=rd.sheepskin.sandboxmusic
07-08 17:43:12.511  3414  4391 D NotificationService--OplusNotificationFixHelper: fixAppIcon: appIcon = null, pkg = rd.sheepskin.sandboxmusic
07-08 17:43:12.512  3414  4391 I OplusStatusBarManagerServiceEnhance:  getTopIsFullscreen mTopIsFullscreen: false
07-08 17:43:12.512  3414  4391 W ActivityManager: Permission Denial: getTopApplicationInfo from pid=1361, uid=10447 requires oplus.permission.OPLUS_COMPONENT_SAFE
07-08 17:43:12.515  3414  3414 D NotificationService--OplusNotificationManagerServiceExtImpl: isForwardToAssistants: true, case : Is local notification
07-08 17:43:12.515  3414  3414 D NotificationService: This application enqueue notifications is need postDelayed mcsAssistantDelayTime: 200
07-08 17:43:12.534  3414  8733 D NotificationService--OplusNotificationFixHelper: fixAppIcon: pkg=rd.sheepskin.sandboxmusic
07-08 17:43:12.534  3414  8733 D NotificationService--OplusNotificationFixHelper: fixAppIcon: appIcon = null, pkg = rd.sheepskin.sandboxmusic
07-08 17:43:12.535  3414  8733 I OplusStatusBarManagerServiceEnhance:  getTopIsFullscreen mTopIsFullscreen: false
07-08 17:43:12.535  3414  8733 W ActivityManager: Permission Denial: getTopApplicationInfo from pid=1361, uid=10447 requires oplus.permission.OPLUS_COMPONENT_SAFE
07-08 17:43:12.535  3414  3414 D NotificationService--OplusNotificationManagerServiceExtImpl: isForwardToAssistants: true, case : Is local notification
07-08 17:43:12.535  3414  3414 D NotificationService: This application enqueue notifications is need postDelayed mcsAssistantDelayTime: 200
07-08 17:43:12.714  3414  3414 D LockSettingsService: [getSeparateProfileChallengeEnabled] userId = 12
07-08 17:43:12.715  3414  3414 D LockSettingsService: [getSeparateProfileChallengeEnabled] userId = 12
07-08 17:43:12.732  3414  3414 D LockSettingsService: [getSeparateProfileChallengeEnabled] userId = 12
07-08 17:43:12.733  3414  3414 D LockSettingsService: [getSeparateProfileChallengeEnabled] userId = 12
07-08 17:43:12.742  3414  3414 D LockSettingsService: [getSeparateProfileChallengeEnabled] userId = 12
07-08 17:43:12.742  3414  3414 D LockSettingsService: [getSeparateProfileChallengeEnabled] userId = 12
07-08 17:43:13.602  3414  4181 D NotificationService--OplusNotificationFixHelper: fixAppIcon: pkg=rd.sheepskin.sandboxmusic
07-08 17:43:13.602  3414  4181 D NotificationService--OplusNotificationFixHelper: fixAppIcon: appIcon = null, pkg = rd.sheepskin.sandboxmusic
07-08 17:43:13.603  3414  4181 I OplusStatusBarManagerServiceEnhance:  getTopIsFullscreen mTopIsFullscreen: false
07-08 17:43:13.604  3414  4181 W ActivityManager: Permission Denial: getTopApplicationInfo from pid=1361, uid=10447 requires oplus.permission.OPLUS_COMPONENT_SAFE
07-08 17:43:13.605  3414  3414 D NotificationService--OplusNotificationManagerServiceExtImpl: isForwardToAssistants: true, case : Is local notification
07-08 17:43:13.605  3414  3414 D NotificationService: This application enqueue notifications is need postDelayed mcsAssistantDelayTime: 200
07-08 17:43:13.613  3414  4181 D NotificationService--OplusNotificationFixHelper: fixAppIcon: pkg=rd.sheepskin.sandboxmusic
07-08 17:43:13.613  3414  4181 D NotificationService--OplusNotificationFixHelper: fixAppIcon: appIcon = null, pkg = rd.sheepskin.sandboxmusic
07-08 17:43:13.614  3414  4181 I OplusStatusBarManagerServiceEnhance:  getTopIsFullscreen mTopIsFullscreen: false
07-08 17:43:13.614  3414  4181 W ActivityManager: Permission Denial: getTopApplicationInfo from pid=1361, uid=10447 requires oplus.permission.OPLUS_COMPONENT_SAFE
07-08 17:43:13.615  3414  3414 D NotificationService--OplusNotificationManagerServiceExtImpl: isForwardToAssistants: true, case : Is local notification
07-08 17:43:13.615  3414  3414 D NotificationService: This application enqueue notifications is need postDelayed mcsAssistantDelayTime: 200
07-08 17:43:13.640  3414  6028 D NotificationService--OplusNotificationFixHelper: fixAppIcon: pkg=rd.sheepskin.sandboxmusic
07-08 17:43:13.640  3414  6028 D NotificationService--OplusNotificationFixHelper: fixAppIcon: appIcon = null, pkg = rd.sheepskin.sandboxmusic
07-08 17:43:13.641  3414  6028 I OplusStatusBarManagerServiceEnhance:  getTopIsFullscreen mTopIsFullscreen: false
07-08 17:43:13.641  3414  6028 W ActivityManager: Permission Denial: getTopApplicationInfo from pid=1361, uid=10447 requires oplus.permission.OPLUS_COMPONENT_SAFE
07-08 17:43:13.641  3414  3414 D NotificationService--OplusNotificationManagerServiceExtImpl: isForwardToAssistants: true, case : Is local notification
07-08 17:43:13.641  3414  3414 D NotificationService: This application enqueue notifications is need postDelayed mcsAssistantDelayTime: 200
07-08 17:43:13.809  3414  3414 D LockSettingsService: [getSeparateProfileChallengeEnabled] userId = 12
07-08 17:43:13.810  3414  3414 D LockSettingsService: [getSeparateProfileChallengeEnabled] userId = 12
07-08 17:43:13.828  3414  3414 D LockSettingsService: [getSeparateProfileChallengeEnabled] userId = 12
07-08 17:43:13.828  3414  3414 D LockSettingsService: [getSeparateProfileChallengeEnabled] userId = 12
07-08 17:43:13.845  3414  3414 D LockSettingsService: [getSeparateProfileChallengeEnabled] userId = 12
07-08 17:43:13.846  3414  3414 D LockSettingsService: [getSeparateProfileChallengeEnabled] userId = 12
07-08 17:43:14.119  3414  4359 V AlarmManager: sending alarm Alarm{f47f5c9 type 2 origWhen 365208900 whenElapsed 365208900 android} uid 1000 whenElapsed 365208900 windowLength 0 maxWhenElapsed 365208900 repeatInterval 0 action com.android.server.audio.action.CHECK_MUSIC_ACTIVE component null flags 0x9 procName system_server
07-08 17:43:14.683  3414  4181 D NotificationService--OplusNotificationFixHelper: fixAppIcon: pkg=rd.sheepskin.sandboxmusic
07-08 17:43:14.683  3414  4181 D NotificationService--OplusNotificationFixHelper: fixAppIcon: appIcon = null, pkg = rd.sheepskin.sandboxmusic
07-08 17:43:14.685  3414  4181 I OplusStatusBarManagerServiceEnhance:  getTopIsFullscreen mTopIsFullscreen: false
07-08 17:43:14.685  3414  4181 W ActivityManager: Permission Denial: getTopApplicationInfo from pid=1361, uid=10447 requires oplus.permission.OPLUS_COMPONENT_SAFE
07-08 17:43:14.685  3414  3414 D NotificationService--OplusNotificationManagerServiceExtImpl: isForwardToAssistants: true, case : Is local notification
07-08 17:43:14.685  3414  3414 D NotificationService: This application enqueue notifications is need postDelayed mcsAssistantDelayTime: 200
07-08 17:43:14.691  3414  4181 D NotificationService--OplusNotificationFixHelper: fixAppIcon: pkg=rd.sheepskin.sandboxmusic
07-08 17:43:14.691  3414  4181 D NotificationService--OplusNotificationFixHelper: fixAppIcon: appIcon = null, pkg = rd.sheepskin.sandboxmusic
07-08 17:43:14.691  3414  4181 I OplusStatusBarManagerServiceEnhance:  getTopIsFullscreen mTopIsFullscreen: false
07-08 17:43:14.691  3414  4181 W ActivityManager: Permission Denial: getTopApplicationInfo from pid=1361, uid=10447 requires oplus.permission.OPLUS_COMPONENT_SAFE
07-08 17:43:14.694  3414  3414 D NotificationService--OplusNotificationManagerServiceExtImpl: isForwardToAssistants: true, case : Is local notification
07-08 17:43:14.694  3414  3414 D NotificationService: This application enqueue notifications is need postDelayed mcsAssistantDelayTime: 200
07-08 17:43:14.695  3414  4181 D NotificationService--OplusNotificationFixHelper: fixAppIcon: pkg=rd.sheepskin.sandboxmusic
07-08 17:43:14.695  3414  4181 D NotificationService--OplusNotificationFixHelper: fixAppIcon: appIcon = null, pkg = rd.sheepskin.sandboxmusic
07-08 17:43:14.699  3414  4181 I OplusStatusBarManagerServiceEnhance:  getTopIsFullscreen mTopIsFullscreen: false
07-08 17:43:14.699  3414  4181 W ActivityManager: Permission Denial: getTopApplicationInfo from pid=1361, uid=10447 requires oplus.permission.OPLUS_COMPONENT_SAFE
07-08 17:43:14.706  3414  3414 D NotificationService--OplusNotificationManagerServiceExtImpl: isForwardToAssistants: true, case : Is local notification
07-08 17:43:14.706  3414  3414 D NotificationService: This application enqueue notifications is need postDelayed mcsAssistantDelayTime: 200
07-08 17:43:14.891  3414  3414 D LockSettingsService: [getSeparateProfileChallengeEnabled] userId = 12
07-08 17:43:14.891  3414  3414 D LockSettingsService: [getSeparateProfileChallengeEnabled] userId = 12
07-08 17:43:14.919  3414  3414 D LockSettingsService: [getSeparateProfileChallengeEnabled] userId = 12
07-08 17:43:14.920  3414  3414 D LockSettingsService: [getSeparateProfileChallengeEnabled] userId = 12
07-08 17:43:14.923  3414  3414 D LockSettingsService: [getSeparateProfileChallengeEnabled] userId = 12
07-08 17:43:14.923  3414  3414 D LockSettingsService: [getSeparateProfileChallengeEnabled] userId = 12
07-08 17:43:15.772  3414  8733 D NotificationService--OplusNotificationFixHelper: fixAppIcon: pkg=rd.sheepskin.sandboxmusic
07-08 17:43:15.772  3414  8733 D NotificationService--OplusNotificationFixHelper: fixAppIcon: appIcon = null, pkg = rd.sheepskin.sandboxmusic
07-08 17:43:15.773  3414  8733 I OplusStatusBarManagerServiceEnhance:  getTopIsFullscreen mTopIsFullscreen: false
07-08 17:43:15.774  3414  8733 W ActivityManager: Permission Denial: getTopApplicationInfo from pid=1361, uid=10447 requires oplus.permission.OPLUS_COMPONENT_SAFE
07-08 17:43:15.774  3414  3414 D NotificationService--OplusNotificationManagerServiceExtImpl: isForwardToAssistants: true, case : Is local notification
07-08 17:43:15.774  3414  3414 D NotificationService: This application enqueue notifications is need postDelayed mcsAssistantDelayTime: 200
07-08 17:43:15.781  3414  6028 D NotificationService--OplusNotificationFixHelper: fixAppIcon: pkg=rd.sheepskin.sandboxmusic
07-08 17:43:15.781  3414  6028 D NotificationService--OplusNotificationFixHelper: fixAppIcon: appIcon = null, pkg = rd.sheepskin.sandboxmusic
07-08 17:43:15.782  3414  6028 I OplusStatusBarManagerServiceEnhance:  getTopIsFullscreen mTopIsFullscreen: false
07-08 17:43:15.782  3414  6028 W ActivityManager: Permission Denial: getTopApplicationInfo from pid=1361, uid=10447 requires oplus.permission.OPLUS_COMPONENT_SAFE
07-08 17:43:15.783  3414  3414 D NotificationService--OplusNotificationManagerServiceExtImpl: isForwardToAssistants: true, case : Is local notification
07-08 17:43:15.783  3414  3414 D NotificationService: This application enqueue notifications is need postDelayed mcsAssistantDelayTime: 200
07-08 17:43:15.801  3414  8733 D NotificationService--OplusNotificationFixHelper: fixAppIcon: pkg=rd.sheepskin.sandboxmusic
07-08 17:43:15.801  3414  8733 D NotificationService--OplusNotificationFixHelper: fixAppIcon: appIcon = null, pkg = rd.sheepskin.sandboxmusic
07-08 17:43:15.802  3414  8733 I OplusStatusBarManagerServiceEnhance:  getTopIsFullscreen mTopIsFullscreen: false
07-08 17:43:15.802  3414  8733 W ActivityManager: Permission Denial: getTopApplicationInfo from pid=1361, uid=10447 requires oplus.permission.OPLUS_COMPONENT_SAFE
07-08 17:43:15.802  3414  3414 D NotificationService--OplusNotificationManagerServiceExtImpl: isForwardToAssistants: true, case : Is local notification
07-08 17:43:15.802  3414  3414 D NotificationService: This application enqueue notifications is need postDelayed mcsAssistantDelayTime: 200
07-08 17:43:15.982  3414  3414 D LockSettingsService: [getSeparateProfileChallengeEnabled] userId = 12
07-08 17:43:15.982  3414  3414 D LockSettingsService: [getSeparateProfileChallengeEnabled] userId = 12
07-08 17:43:15.985  3414  3414 D LockSettingsService: [getSeparateProfileChallengeEnabled] userId = 12
07-08 17:43:15.985  3414  3414 D LockSettingsService: [getSeparateProfileChallengeEnabled] userId = 12
07-08 17:43:16.005  3414  3414 D LockSettingsService: [getSeparateProfileChallengeEnabled] userId = 12
07-08 17:43:16.005  3414  3414 D LockSettingsService: [getSeparateProfileChallengeEnabled] userId = 12
07-08 17:43:16.870  1446 11957 I keystore2: system/security/keystore2/watchdog/src/lib.rs:377 - Watchdog thread idle -> terminating. Have a great day.
07-08 17:43:16.900  3414  8731 D NotificationService--OplusNotificationFixHelper: fixAppIcon: pkg=rd.sheepskin.sandboxmusic
07-08 17:43:16.900  3414  8731 D NotificationService--OplusNotificationFixHelper: fixAppIcon: appIcon = null, pkg = rd.sheepskin.sandboxmusic
07-08 17:43:16.901  3414  8731 I OplusStatusBarManagerServiceEnhance:  getTopIsFullscreen mTopIsFullscreen: false
07-08 17:43:16.901  3414  8731 W ActivityManager: Permission Denial: getTopApplicationInfo from pid=1361, uid=10447 requires oplus.permission.OPLUS_COMPONENT_SAFE
07-08 17:43:16.901  3414  3414 D NotificationService--OplusNotificationManagerServiceExtImpl: isForwardToAssistants: true, case : Is local notification
07-08 17:43:16.901  3414  3414 D NotificationService: This application enqueue notifications is need postDelayed mcsAssistantDelayTime: 200
07-08 17:43:16.904  3414  8731 D NotificationService--OplusNotificationFixHelper: fixAppIcon: pkg=rd.sheepskin.sandboxmusic
07-08 17:43:16.904  3414  8731 D NotificationService--OplusNotificationFixHelper: fixAppIcon: appIcon = null, pkg = rd.sheepskin.sandboxmusic
07-08 17:43:16.904  3414  8731 I OplusStatusBarManagerServiceEnhance:  getTopIsFullscreen mTopIsFullscreen: false
07-08 17:43:16.904  3414  8731 W ActivityManager: Permission Denial: getTopApplicationInfo from pid=1361, uid=10447 requires oplus.permission.OPLUS_COMPONENT_SAFE
07-08 17:43:16.905  3414  3414 D NotificationService--OplusNotificationManagerServiceExtImpl: isForwardToAssistants: true, case : Is local notification
07-08 17:43:16.905  3414  3414 D NotificationService: This application enqueue notifications is need postDelayed mcsAssistantDelayTime: 200
07-08 17:43:16.921  3414  6028 D NotificationService--OplusNotificationFixHelper: fixAppIcon: pkg=rd.sheepskin.sandboxmusic
07-08 17:43:16.921  3414  6028 D NotificationService--OplusNotificationFixHelper: fixAppIcon: appIcon = null, pkg = rd.sheepskin.sandboxmusic
07-08 17:43:16.922  3414  6028 I OplusStatusBarManagerServiceEnhance:  getTopIsFullscreen mTopIsFullscreen: false
07-08 17:43:16.922  3414  6028 W ActivityManager: Permission Denial: getTopApplicationInfo from pid=1361, uid=10447 requires oplus.permission.OPLUS_COMPONENT_SAFE
07-08 17:43:16.922  3414  3414 D NotificationService--OplusNotificationManagerServiceExtImpl: isForwardToAssistants: true, case : Is local notification
07-08 17:43:16.922  3414  3414 D NotificationService: This application enqueue notifications is need postDelayed mcsAssistantDelayTime: 200
07-08 17:43:17.085  3414  3693 D osense.compress: try do inactive compress task
07-08 17:43:17.088  3414  3693 D osense.compress: inactive do shrink, target ratio = 27, final ratio = 55, cur ratio = 0
07-08 17:43:17.102  3414  8731 E BatteryStatsService: Invalid uid for waking network packet: -1
07-08 17:43:17.108  3414  3414 D LockSettingsService: [getSeparateProfileChallengeEnabled] userId = 12
07-08 17:43:17.108  3414  3414 D LockSettingsService: [getSeparateProfileChallengeEnabled] userId = 12
07-08 17:43:17.117  3414  3414 D LockSettingsService: [getSeparateProfileChallengeEnabled] userId = 12
07-08 17:43:17.117  3414  3414 D LockSettingsService: [getSeparateProfileChallengeEnabled] userId = 12
07-08 17:43:17.130  3414  3414 D LockSettingsService: [getSeparateProfileChallengeEnabled] userId = 12
07-08 17:43:17.130  3414  3414 D LockSettingsService: [getSeparateProfileChallengeEnabled] userId = 12
07-08 17:43:18.002  3414  4181 D NotificationService--OplusNotificationFixHelper: fixAppIcon: pkg=rd.sheepskin.sandboxmusic
07-08 17:43:18.002  3414  4181 D NotificationService--OplusNotificationFixHelper: fixAppIcon: appIcon = null, pkg = rd.sheepskin.sandboxmusic
07-08 17:43:18.003  3414  4181 I OplusStatusBarManagerServiceEnhance:  getTopIsFullscreen mTopIsFullscreen: false
07-08 17:43:18.003  3414  4181 W ActivityManager: Permission Denial: getTopApplicationInfo from pid=1361, uid=10447 requires oplus.permission.OPLUS_COMPONENT_SAFE
07-08 17:43:18.005  3414  3414 D NotificationService--OplusNotificationManagerServiceExtImpl: isForwardToAssistants: true, case : Is local notification
07-08 17:43:18.005  3414  3414 D NotificationService: This application enqueue notifications is need postDelayed mcsAssistantDelayTime: 200
07-08 17:43:18.010  3414  4391 D NotificationService--OplusNotificationFixHelper: fixAppIcon: pkg=rd.sheepskin.sandboxmusic
07-08 17:43:18.010  3414  4391 D NotificationService--OplusNotificationFixHelper: fixAppIcon: appIcon = null, pkg = rd.sheepskin.sandboxmusic
07-08 17:43:18.011  3414  4391 I OplusStatusBarManagerServiceEnhance:  getTopIsFullscreen mTopIsFullscreen: false
07-08 17:43:18.011  3414  4391 W ActivityManager: Permission Denial: getTopApplicationInfo from pid=1361, uid=10447 requires oplus.permission.OPLUS_COMPONENT_SAFE
07-08 17:43:18.013  3414  3414 D NotificationService--OplusNotificationManagerServiceExtImpl: isForwardToAssistants: true, case : Is local notification
07-08 17:43:18.013  3414  3414 D NotificationService: This application enqueue notifications is need postDelayed mcsAssistantDelayTime: 200
07-08 17:43:18.015  3414  8731 D NotificationService--OplusNotificationFixHelper: fixAppIcon: pkg=rd.sheepskin.sandboxmusic
07-08 17:43:18.015  3414  8731 D NotificationService--OplusNotificationFixHelper: fixAppIcon: appIcon = null, pkg = rd.sheepskin.sandboxmusic
07-08 17:43:18.021  3414  8731 I OplusStatusBarManagerServiceEnhance:  getTopIsFullscreen mTopIsFullscreen: false
07-08 17:43:18.021  3414  8731 W ActivityManager: Permission Denial: getTopApplicationInfo from pid=1361, uid=10447 requires oplus.permission.OPLUS_COMPONENT_SAFE
07-08 17:43:18.021  3414  3414 D NotificationService--OplusNotificationManagerServiceExtImpl: isForwardToAssistants: true, case : Is local notification
07-08 17:43:18.021  3414  3414 D NotificationService: This application enqueue notifications is need postDelayed mcsAssistantDelayTime: 200
07-08 17:43:18.208  3414  3414 D LockSettingsService: [getSeparateProfileChallengeEnabled] userId = 12
07-08 17:43:18.209  3414  3414 D LockSettingsService: [getSeparateProfileChallengeEnabled] userId = 12
07-08 17:43:18.228  3414  3414 D LockSettingsService: [getSeparateProfileChallengeEnabled] userId = 12
07-08 17:43:18.228  3414  3414 D LockSettingsService: [getSeparateProfileChallengeEnabled] userId = 12
07-08 17:43:18.231  3414  3414 D LockSettingsService: [getSeparateProfileChallengeEnabled] userId = 12
07-08 17:43:18.231  3414  3414 D LockSettingsService: [getSeparateProfileChallengeEnabled] userId = 12
07-08 17:43:19.082  3414  8733 D NotificationService--OplusNotificationFixHelper: fixAppIcon: pkg=rd.sheepskin.sandboxmusic
07-08 17:43:19.082  3414  8733 D NotificationService--OplusNotificationFixHelper: fixAppIcon: appIcon = null, pkg = rd.sheepskin.sandboxmusic
07-08 17:43:19.084  3414  8733 I OplusStatusBarManagerServiceEnhance:  getTopIsFullscreen mTopIsFullscreen: false
07-08 17:43:19.084  3414  8733 W ActivityManager: Permission Denial: getTopApplicationInfo from pid=1361, uid=10447 requires oplus.permission.OPLUS_COMPONENT_SAFE
07-08 17:43:19.085  3414  3414 D NotificationService--OplusNotificationManagerServiceExtImpl: isForwardToAssistants: true, case : Is local notification
07-08 17:43:19.085  3414  3414 D NotificationService: This application enqueue notifications is need postDelayed mcsAssistantDelayTime: 200
07-08 17:43:19.090  3414  8733 D NotificationService--OplusNotificationFixHelper: fixAppIcon: pkg=rd.sheepskin.sandboxmusic
07-08 17:43:19.090  3414  8733 D NotificationService--OplusNotificationFixHelper: fixAppIcon: appIcon = null, pkg = rd.sheepskin.sandboxmusic
07-08 17:43:19.091  3414  8733 I OplusStatusBarManagerServiceEnhance:  getTopIsFullscreen mTopIsFullscreen: false
07-08 17:43:19.091  3414  8733 W ActivityManager: Permission Denial: getTopApplicationInfo from pid=1361, uid=10447 requires oplus.permission.OPLUS_COMPONENT_SAFE
07-08 17:43:19.093  3414  3414 D NotificationService--OplusNotificationManagerServiceExtImpl: isForwardToAssistants: true, case : Is local notification
07-08 17:43:19.093  3414  3414 D NotificationService: This application enqueue notifications is need postDelayed mcsAssistantDelayTime: 200
07-08 17:43:19.122  3414  4181 D NotificationService--OplusNotificationFixHelper: fixAppIcon: pkg=rd.sheepskin.sandboxmusic
07-08 17:43:19.122  3414  4181 D NotificationService--OplusNotificationFixHelper: fixAppIcon: appIcon = null, pkg = rd.sheepskin.sandboxmusic
07-08 17:43:19.124  3414  4181 I OplusStatusBarManagerServiceEnhance:  getTopIsFullscreen mTopIsFullscreen: false
07-08 17:43:19.124  3414  4181 W ActivityManager: Permission Denial: getTopApplicationInfo from pid=1361, uid=10447 requires oplus.permission.OPLUS_COMPONENT_SAFE
07-08 17:43:19.125  3414  3414 D NotificationService--OplusNotificationManagerServiceExtImpl: isForwardToAssistants: true, case : Is local notification
07-08 17:43:19.125  3414  3414 D NotificationService: This application enqueue notifications is need postDelayed mcsAssistantDelayTime: 200
07-08 17:43:19.291  3414  3414 D LockSettingsService: [getSeparateProfileChallengeEnabled] userId = 12
07-08 17:43:19.291  3414  3414 D LockSettingsService: [getSeparateProfileChallengeEnabled] userId = 12
07-08 17:43:19.308  3414  3414 D LockSettingsService: [getSeparateProfileChallengeEnabled] userId = 12
07-08 17:43:19.308  3414  3414 D LockSettingsService: [getSeparateProfileChallengeEnabled] userId = 12
07-08 17:43:19.326  3414  3414 D LockSettingsService: [getSeparateProfileChallengeEnabled] userId = 12
07-08 17:43:19.326  3414  3414 D LockSettingsService: [getSeparateProfileChallengeEnabled] userId = 12
07-08 17:43:20.179  3414  6028 D NotificationService--OplusNotificationFixHelper: fixAppIcon: pkg=rd.sheepskin.sandboxmusic
07-08 17:43:20.179  3414  6028 D NotificationService--OplusNotificationFixHelper: fixAppIcon: appIcon = null, pkg = rd.sheepskin.sandboxmusic
07-08 17:43:20.181  3414  6028 I OplusStatusBarManagerServiceEnhance:  getTopIsFullscreen mTopIsFullscreen: false
07-08 17:43:20.181  3414  6028 W ActivityManager: Permission Denial: getTopApplicationInfo from pid=1361, uid=10447 requires oplus.permission.OPLUS_COMPONENT_SAFE
07-08 17:43:20.181  3414  3414 D NotificationService--OplusNotificationManagerServiceExtImpl: isForwardToAssistants: true, case : Is local notification
07-08 17:43:20.181  3414  3414 D NotificationService: This application enqueue notifications is need postDelayed mcsAssistantDelayTime: 200
07-08 17:43:20.184  3414  4181 D NotificationService--OplusNotificationFixHelper: fixAppIcon: pkg=rd.sheepskin.sandboxmusic
07-08 17:43:20.185  3414  4181 D NotificationService--OplusNotificationFixHelper: fixAppIcon: appIcon = null, pkg = rd.sheepskin.sandboxmusic
07-08 17:43:20.189  3414  6028 D NotificationService--OplusNotificationFixHelper: fixAppIcon: pkg=rd.sheepskin.sandboxmusic
07-08 17:43:20.189  3414  4181 I OplusStatusBarManagerServiceEnhance:  getTopIsFullscreen mTopIsFullscreen: false
07-08 17:43:20.189  3414  4181 W ActivityManager: Permission Denial: getTopApplicationInfo from pid=1361, uid=10447 requires oplus.permission.OPLUS_COMPONENT_SAFE
07-08 17:43:20.189  3414  6028 D NotificationService--OplusNotificationFixHelper: fixAppIcon: appIcon = null, pkg = rd.sheepskin.sandboxmusic
07-08 17:43:20.190  3414  6028 I OplusStatusBarManagerServiceEnhance:  getTopIsFullscreen mTopIsFullscreen: false
07-08 17:43:20.190  3414  6028 W ActivityManager: Permission Denial: getTopApplicationInfo from pid=1361, uid=10447 requires oplus.permission.OPLUS_COMPONENT_SAFE
07-08 17:43:20.195  3414  3414 D NotificationService--OplusNotificationManagerServiceExtImpl: isForwardToAssistants: true, case : Is local notification
07-08 17:43:20.195  3414  3414 D NotificationService: This application enqueue notifications is need postDelayed mcsAssistantDelayTime: 200
07-08 17:43:20.197  3414  3414 D NotificationService--OplusNotificationManagerServiceExtImpl: isForwardToAssistants: true, case : Is local notification
07-08 17:43:20.197  3414  3414 D NotificationService: This application enqueue notifications is need postDelayed mcsAssistantDelayTime: 200
07-08 17:43:20.391  3414  3414 D LockSettingsService: [getSeparateProfileChallengeEnabled] userId = 12
07-08 17:43:20.391  3414  3414 D LockSettingsService: [getSeparateProfileChallengeEnabled] userId = 12
07-08 17:43:20.406  3414  3414 D LockSettingsService: [getSeparateProfileChallengeEnabled] userId = 12
07-08 17:43:20.406  3414  3414 D LockSettingsService: [getSeparateProfileChallengeEnabled] userId = 12
07-08 17:43:20.409  3414  3414 D LockSettingsService: [getSeparateProfileChallengeEnabled] userId = 12
07-08 17:43:20.409  3414  3414 D LockSettingsService: [getSeparateProfileChallengeEnabled] userId = 12
07-08 17:43:21.296  3414  4391 D NotificationService--OplusNotificationFixHelper: fixAppIcon: pkg=rd.sheepskin.sandboxmusic
07-08 17:43:21.296  3414  4391 D NotificationService--OplusNotificationFixHelper: fixAppIcon: appIcon = null, pkg = rd.sheepskin.sandboxmusic
07-08 17:43:21.297  3414  4391 I OplusStatusBarManagerServiceEnhance:  getTopIsFullscreen mTopIsFullscreen: false
07-08 17:43:21.297  3414  4391 W ActivityManager: Permission Denial: getTopApplicationInfo from pid=1361, uid=10447 requires oplus.permission.OPLUS_COMPONENT_SAFE
07-08 17:43:21.302  3414  3414 D NotificationService--OplusNotificationManagerServiceExtImpl: isForwardToAssistants: true, case : Is local notification
07-08 17:43:21.302  3414  3414 D NotificationService: This application enqueue notifications is need postDelayed mcsAssistantDelayTime: 200
07-08 17:43:21.303  3414  4391 D NotificationService--OplusNotificationFixHelper: fixAppIcon: pkg=rd.sheepskin.sandboxmusic
07-08 17:43:21.303  3414  4391 D NotificationService--OplusNotificationFixHelper: fixAppIcon: appIcon = null, pkg = rd.sheepskin.sandboxmusic
07-08 17:43:21.304  3414  4391 I OplusStatusBarManagerServiceEnhance:  getTopIsFullscreen mTopIsFullscreen: false
07-08 17:43:21.304  3414  4391 W ActivityManager: Permission Denial: getTopApplicationInfo from pid=1361, uid=10447 requires oplus.permission.OPLUS_COMPONENT_SAFE
07-08 17:43:21.307  3414  3414 D NotificationService--OplusNotificationManagerServiceExtImpl: isForwardToAssistants: true, case : Is local notification
07-08 17:43:21.307  3414  3414 D NotificationService: This application enqueue notifications is need postDelayed mcsAssistantDelayTime: 200
07-08 17:43:21.332  3414  4391 D NotificationService--OplusNotificationFixHelper: fixAppIcon: pkg=rd.sheepskin.sandboxmusic
07-08 17:43:21.332  3414  4391 D NotificationService--OplusNotificationFixHelper: fixAppIcon: appIcon = null, pkg = rd.sheepskin.sandboxmusic
07-08 17:43:21.332  3414  4391 I OplusStatusBarManagerServiceEnhance:  getTopIsFullscreen mTopIsFullscreen: false
07-08 17:43:21.333  3414  4391 W ActivityManager: Permission Denial: getTopApplicationInfo from pid=1361, uid=10447 requires oplus.permission.OPLUS_COMPONENT_SAFE
07-08 17:43:21.333  3414  3414 D NotificationService--OplusNotificationManagerServiceExtImpl: isForwardToAssistants: true, case : Is local notification
07-08 17:43:21.333  3414  3414 D NotificationService: This application enqueue notifications is need postDelayed mcsAssistantDelayTime: 200
07-08 17:43:21.506  3414  3414 D LockSettingsService: [getSeparateProfileChallengeEnabled] userId = 12
07-08 17:43:21.507  3414  3414 D LockSettingsService: [getSeparateProfileChallengeEnabled] userId = 12
07-08 17:43:21.521  3414  3414 D LockSettingsService: [getSeparateProfileChallengeEnabled] userId = 12
07-08 17:43:21.521  3414  3414 D LockSettingsService: [getSeparateProfileChallengeEnabled] userId = 12
07-08 17:43:21.549  3414  3414 D LockSettingsService: [getSeparateProfileChallengeEnabled] userId = 12
07-08 17:43:21.549  3414  3414 D LockSettingsService: [getSeparateProfileChallengeEnabled] userId = 12
07-08 17:43:22.029  3414  4391 E BatteryStatsService: Invalid uid for waking network packet: -1
07-08 17:43:22.380  3414  4859 D NotificationService--OplusNotificationFixHelper: fixAppIcon: pkg=rd.sheepskin.sandboxmusic
07-08 17:43:22.380  3414  4859 D NotificationService--OplusNotificationFixHelper: fixAppIcon: appIcon = null, pkg = rd.sheepskin.sandboxmusic
07-08 17:43:22.381  3414  4859 I OplusStatusBarManagerServiceEnhance:  getTopIsFullscreen mTopIsFullscreen: false
07-08 17:43:22.381  3414  4859 W ActivityManager: Permission Denial: getTopApplicationInfo from pid=1361, uid=10447 requires oplus.permission.OPLUS_COMPONENT_SAFE
07-08 17:43:22.383  3414  3414 D NotificationService--OplusNotificationManagerServiceExtImpl: isForwardToAssistants: true, case : Is local notification
07-08 17:43:22.383  3414  3414 D NotificationService: This application enqueue notifications is need postDelayed mcsAssistantDelayTime: 200
07-08 17:43:22.388  3414  4859 D NotificationService--OplusNotificationFixHelper: fixAppIcon: pkg=rd.sheepskin.sandboxmusic
07-08 17:43:22.388  3414  4859 D NotificationService--OplusNotificationFixHelper: fixAppIcon: appIcon = null, pkg = rd.sheepskin.sandboxmusic
07-08 17:43:22.388  3414  4859 I OplusStatusBarManagerServiceEnhance:  getTopIsFullscreen mTopIsFullscreen: false
07-08 17:43:22.389  3414  4859 W ActivityManager: Permission Denial: getTopApplicationInfo from pid=1361, uid=10447 requires oplus.permission.OPLUS_COMPONENT_SAFE
07-08 17:43:22.391  3414  3414 D NotificationService--OplusNotificationManagerServiceExtImpl: isForwardToAssistants: true, case : Is local notification
07-08 17:43:22.391  3414  3414 D NotificationService: This application enqueue notifications is need postDelayed mcsAssistantDelayTime: 200
07-08 17:43:22.395  3414  4391 D NotificationService--OplusNotificationFixHelper: fixAppIcon: pkg=rd.sheepskin.sandboxmusic
07-08 17:43:22.395  3414  4391 D NotificationService--OplusNotificationFixHelper: fixAppIcon: appIcon = null, pkg = rd.sheepskin.sandboxmusic
07-08 17:43:22.397  3414  4391 I OplusStatusBarManagerServiceEnhance:  getTopIsFullscreen mTopIsFullscreen: false
07-08 17:43:22.397  3414  4391 W ActivityManager: Permission Denial: getTopApplicationInfo from pid=1361, uid=10447 requires oplus.permission.OPLUS_COMPONENT_SAFE
07-08 17:43:22.398  3414  3414 D NotificationService--OplusNotificationManagerServiceExtImpl: isForwardToAssistants: true, case : Is local notification
07-08 17:43:22.398  3414  3414 D NotificationService: This application enqueue notifications is need postDelayed mcsAssistantDelayTime: 200
07-08 17:43:22.591  3414  3414 D LockSettingsService: [getSeparateProfileChallengeEnabled] userId = 12
07-08 17:43:22.592  3414  3414 D LockSettingsService: [getSeparateProfileChallengeEnabled] userId = 12
07-08 17:43:22.603  3414  3414 D LockSettingsService: [getSeparateProfileChallengeEnabled] userId = 12
07-08 17:43:22.603  3414  3414 D LockSettingsService: [getSeparateProfileChallengeEnabled] userId = 12
07-08 17:43:22.610  3414  3414 D LockSettingsService: [getSeparateProfileChallengeEnabled] userId = 12
07-08 17:43:22.611  3414  3414 D LockSettingsService: [getSeparateProfileChallengeEnabled] userId = 12
07-08 17:43:23.483  3414  4181 D NotificationService--OplusNotificationFixHelper: fixAppIcon: pkg=rd.sheepskin.sandboxmusic
07-08 17:43:23.483  3414  4181 D NotificationService--OplusNotificationFixHelper: fixAppIcon: appIcon = null, pkg = rd.sheepskin.sandboxmusic
07-08 17:43:23.484  3414  4181 I OplusStatusBarManagerServiceEnhance:  getTopIsFullscreen mTopIsFullscreen: false
07-08 17:43:23.484  3414  4181 W ActivityManager: Permission Denial: getTopApplicationInfo from pid=1361, uid=10447 requires oplus.permission.OPLUS_COMPONENT_SAFE
