06-19 00:36:34.931 13036 13036 I Capacitor/Console: File:  - Line 333 - Msg: {"available":true,"wired":true,"message":"ExoPlayer gapless queue ÔÇö content:// locker bridge + HTTP streams.","state":"idle","positionSecs":0,"durationSecs":0,"queueIndex":0,"queueLength":0,"gaplessEnabled":true,"crossfadeEnabled":false,"bitPerfectActive":false}
06-19 00:36:34.953  1960  6585 D charge_time: type=sdp,reserve_soc=3,soc=60,ui_soc=62,current=172,avg=171,not_chg_cnt=0,stable_cnt=7,fcc=4226,fcc_ratio=82,delta=2,debug=0,region=15,ttf=15959(04:25:59),ui_ttf=14551(04:02:31)
06-19 00:36:35.169  3480  4315 I CwbClient: setCWBDisplayType set mFeatureID = CWB_RGB_VALUE
06-19 00:36:35.255  1722  7559 E TetherController: property_get sys.radio.data.modem_share_flag return 0, 1!
06-19 00:36:35.304  3480  3770 I AppsFilter: interaction: PackageSetting{8c0c61b com.android.microdroid.empty_payload/10275} -> PackageSetting{7bc9c05 com.oplus.ndsf/10114} BLOCKED
06-19 00:36:35.305  3480  3770 I AppsFilter: interaction: PackageSetting{fe9bed rd.sheepskin.sandboxmusic/10445} -> PackageSetting{7bc9c05 com.oplus.ndsf/10114} BLOCKED
06-19 00:36:35.306  3480  3770 I AppsFilter: interaction: PackageSetting{52f9591 com.oplus.locationproxy/10173} -> PackageSetting{7bc9c05 com.oplus.ndsf/10114} BLOCKED
06-19 00:36:35.306  3480  3770 I AppsFilter: interaction: PackageSetting{3fb0cf6 com.android.certinstaller/10210} -> PackageSetting{7bc9c05 com.oplus.ndsf/10114} BLOCKED
06-19 00:36:35.307  3480  3770 I AppsFilter: interaction: PackageSetting{c1ba8f7 com.oplus.location/10218} -> PackageSetting{7bc9c05 com.oplus.ndsf/10114} BLOCKED
06-19 00:36:35.315  1722  9292 E         : DNS_CACHE: hanle request << lookupdns: hostname:test-gateway.instagram.com, servername:443, ai_flags:1024, ai_family:0, ai_socktype:2, ai_protocol:0, netid:0, uid:10526
06-19 00:36:35.316  5320  6992 D DNS_CACHE: oplus_oplus_getaddrinfo_proxy lookup from netd: hostname:test-gateway.instagram.com, servname:443 uid: 10526, result_code:408, res = 0x0, found = 0
06-19 00:36:35.323  3480  3480 D LockSettingsService: [getSeparateProfileChallengeEnabled] userId = 12
06-19 00:36:35.328  3480  3578 W Searchables: No web search activity found
06-19 00:36:35.329  3480  4204 D ConnectivityService: requestNetwork for uid/pid:1000/3480 asUid: 10114 activeRequest: null callbackRequest: 196881 [NetworkRequest [ REQUEST id=196882, [ Capabilities: INTERNET&NOT_RESTRICTED&TRUSTED&NOT_VCN_MANAGED&NOT_BANDWIDTH_CONSTRAINED Uid: 10114 RequestorUid: 1000 RequestorPkg: android UnderlyingNetworks: Null] ]] callback flags: 0 order: 2147483647 isUidTracked: false declaredMethods: AVAIL|LOST|BLK
06-19 00:36:35.329  3480  4420 I LocaleConfig: parseLocaleConfig: resourceName=com.teslacoilsw.launcher:xml/_generated_res_locale_config
06-19 00:36:35.329  3480  4420 I LocaleConfig: parseLocaleConfig: mLocales=[de,hi,en_US,pt,ms_MY,lt,en_IN,hr,lv,hu,zh_CN,uk,hy_AM,mk,mn,id,af,ka_GE,mr,el,it,am,my,es,he,fr_CA,et,ar,pt_PT,vi,nb,ja,az,id_ID,et_EE,fa,zu,ro,nl,en_GB,km_KH,fi,ru,bg,bn,fr,si,sk,sl,es_US,lo_LA,he_IL,ca,sr,kn,sv,ko,sw,zh_TW,zh_HK,ta,cs,th,tl,pl,da,tr,mn_MN] defaultLocale=en-US
06-19 00:36:35.330  3480  4420 I LocaleConfig: parseLocaleConfig: resourceName=com.teslacoilsw.launcher:xml/_generated_res_locale_config
06-19 00:36:35.330  3480  4420 I LocaleConfig: parseLocaleConfig: mLocales=[de,hi,en_US,pt,ms_MY,lt,en_IN,hr,lv,hu,zh_CN,uk,hy_AM,mk,mn,id,af,ka_GE,mr,el,it,am,my,es,he,fr_CA,et,ar,pt_PT,vi,nb,ja,az,id_ID,et_EE,fa,zu,ro,nl,en_GB,km_KH,fi,ru,bg,bn,fr,si,sk,sl,es_US,lo_LA,he_IL,ca,sr,kn,sv,ko,sw,zh_TW,zh_HK,ta,cs,th,tl,pl,da,tr,mn_MN] defaultLocale=en-US
06-19 00:36:35.333  3480  4416 I VibrationEffectConvertor: onInputMethodListUpdated received, info.size = 4
06-19 00:36:35.333  3480  4416 I VibrationEffectConvertor: userid = 0, packageName = com.google.android.tts
06-19 00:36:35.333  3480  4416 I VibrationEffectConvertor: userid = 0, packageName = helium314.keyboard
06-19 00:36:35.333  3480  4416 I VibrationEffectConvertor: userid = 0, packageName = com.google.android.inputmethod.latin
06-19 00:36:35.333  3480  4416 I VibrationEffectConvertor: userid = 0, packageName = com.oplus.securitykeyboard
06-19 00:36:35.334  3480  4450 D OemPaidWifiNetworkFactory: got request NetworkRequest [ REQUEST id=196882, [ Capabilities: INTERNET&NOT_RESTRICTED&TRUSTED&NOT_VCN_MANAGED&NOT_BANDWIDTH_CONSTRAINED Uid: 10114 RequestorUid: 1000 RequestorPkg: android UnderlyingNetworks: Null] ]
06-19 00:36:35.334  3480  4450 D MultiInternetWifiNetworkFactory: got request NetworkRequest [ REQUEST id=196882, [ Capabilities: INTERNET&NOT_RESTRICTED&TRUSTED&NOT_VCN_MANAGED&NOT_BANDWIDTH_CONSTRAINED Uid: 10114 RequestorUid: 1000 RequestorPkg: android UnderlyingNetworks: Null] ]
06-19 00:36:35.336  5320  6986 E msys    : E[N mns:DGWClient]_LogError(289)=>Failed to resolve using system DNS resolver, getaddrinfo(): No address associated with hostname
06-19 00:36:35.337  5566  5859 D DnsDomainBlock: onDnsEvent: latencyMs=0, returnCode=4, uid=10526
06-19 00:36:35.338  3480  4450 D WifiNetworkFactory: got request NetworkRequest [ REQUEST id=196882, [ Capabilities: INTERNET&NOT_RESTRICTED&TRUSTED&NOT_VCN_MANAGED&NOT_BANDWIDTH_CONSTRAINED Uid: 10114 RequestorUid: 1000 RequestorPkg: android UnderlyingNetworks: Null] ]
06-19 00:36:35.338  3480  4456 D ConnectivityService: NetReassign [196882 : null ÔåÆ 242] [c 1] [a 0] [i 7]
06-19 00:36:35.338  3480  4450 D UntrustedWifiNetworkFactory: got request NetworkRequest [ REQUEST id=196882, [ Capabilities: INTERNET&NOT_RESTRICTED&TRUSTED&NOT_VCN_MANAGED&NOT_BANDWIDTH_CONSTRAINED Uid: 10114 RequestorUid: 1000 RequestorPkg: android UnderlyingNetworks: Null] ]
06-19 00:36:35.344  3480  4420 V AccessibilityManagerService: onUserStateChangedLocked for user 0 with forceUpdate: false mEnabledServices = [ComponentInfo{com.android.systemui.accessibility.accessibilitymenu/com.android.systemui.accessibility.accessibilitymenu.AccessibilityMenuService}] mCrashedServices = [] hasMagnificationConnection=false
06-19 00:36:35.344  3480  4420 W MagnificationConnectionManager: requestConnection duplicated request: connect=false, mConnectionState=DISCONNECTED
06-19 00:36:35.346  1722  9292 E         : DNS_CACHE: hanle request << lookupdns: hostname:test-gateway.instagram.com, servername:443, ai_flags:1024, ai_family:0, ai_socktype:1, ai_protocol:0, netid:0, uid:10526
06-19 00:36:35.346  5320  6989 D DNS_CACHE: oplus_oplus_getaddrinfo_proxy lookup from netd: hostname:test-gateway.instagram.com, servname:443 uid: 10526, result_code:408, res = 0x0, found = 0
06-19 00:36:35.346 12173 12230 D AccessibilitySourceService: enabled a11y services count 1
06-19 00:36:35.346 12173 12230 D AccessibilitySourceService: a11y source sending 0 issue to sc
06-19 00:36:35.346  4908  4908 I SystemUi--NavBar: NavigationBarGestureExImpl-->oplusAllowSystemGestureIgnoringBarVisibility isOplusFlagAllowBackGestureIgnoreVisibilityState = false isGestureMisTouchPreventionEnable = true
06-19 00:36:35.347  3480  4181 D SafetySourceDataValidat: No cert check requested for package com.google.android.permissioncontroller
06-19 00:36:35.347  3480  3480 D AccessibilityManagerService: [updateInputFilter] flags = 4, mInputFilter=com.android.server.accessibility.AccessibilityInputFilter@d050e7, mHasInputFilter=true, mForceSetInputFilter=false
06-19 00:36:35.349  4908  4908 I SystemUi--NavBar: NavigationBarGestureExImpl-->oplusAllowSystemGestureIgnoringBarVisibility isOplusFlagAllowBackGestureIgnoreVisibilityState = false isGestureMisTouchPreventionEnable = true
06-19 00:36:35.350  5320  6986 E msys    : E[N mns:DGWClient]_LogError(289)=>Failed to resolve using system DNS resolver, getaddrinfo(): No address associated with hostname
06-19 00:36:35.353 12173 12230 D AccessibilitySourceService: enabled a11y services count 1
06-19 00:36:35.353 12173 12230 D AccessibilitySourceService: a11y source sending 0 issue to sc
06-19 00:36:35.354  3480  5770 D SafetySourceDataValidat: No cert check requested for package com.google.android.permissioncontroller
06-19 00:36:35.355  3480  3578 I LocaleConfig: parseLocaleConfig: resourceName=ai.x.grok:xml/_generated_res_locale_config
06-19 00:36:35.355  3480  3578 I LocaleConfig: parseLocaleConfig: mLocales=[de,hi,pt,fil,lt,hr,hu,zh_CN,uk,id,mr,ms,el,en,it,es,fr_CA,he,ar,vi,ar_EH,nb,ja,fa,ro,nl,en_GB,no,fi,ru,bg,bn,fr,en_XA,sk,es_US,sl,ca,sr,sv,kn,ko,zh_TW,zh_HK,pt_BR,ta,gu,cs,ur_IN,te,th,tl,pl,da,tr] defaultLocale=en
06-19 00:36:35.355  3480  3578 I LocaleConfig: parseLocaleConfig: resourceName=ai.x.grok:xml/_generated_res_locale_config
06-19 00:36:35.356  3480  3578 I LocaleConfig: parseLocaleConfig: mLocales=[de,hi,pt,fil,lt,hr,hu,zh_CN,uk,id,mr,ms,el,en,it,es,fr_CA,he,ar,vi,ar_EH,nb,ja,fa,ro,nl,en_GB,no,fi,ru,bg,bn,fr,en_XA,sk,es_US,sl,ca,sr,sv,kn,ko,zh_TW,zh_HK,pt_BR,ta,gu,cs,ur_IN,te,th,tl,pl,da,tr] defaultLocale=en
06-19 00:36:35.368  3480  4315 D FusionLightNextGen: raw_lux -1.0, raw_cct -1.0, r/g/b/c: 580.4/465.2/241.0/1161.3, R/G/B: 28.0/27.0/24.0, bri 36.0, lux: 14.523217, cct: 5300.0, ir: 0.055376, conf: 2, cnt: 0
06-19 00:36:35.379  1960  1986 D BatteryChargeControl: bcc get no support from charging protocol
06-19 00:36:35.399 13036 16451 V Capacitor/Plugin: To native (Capacitor plugin): callbackId: 79098099, pluginId: NativeExoPlayback, methodName: getStatus
06-19 00:36:35.400 13036 16451 V Capacitor: callback: 79098099, pluginId: NativeExoPlayback, methodName: getStatus, methodData: {}
06-19 00:36:35.403 13036 13036 I Capacitor/Console: File:  - Line 349 - Msg: [object Object]
06-19 00:36:35.410 13036 13036 I Capacitor/Console: File:  - Line 333 - Msg: {"available":true,"wired":true,"message":"ExoPlayer gapless queue ÔÇö content:// locker bridge + HTTP streams.","state":"idle","positionSecs":0,"durationSecs":0,"queueIndex":0,"queueLength":0,"gaplessEnabled":true,"crossfadeEnabled":false,"bitPerfectActive":false}
06-19 00:36:35.431  5717  5717 D VendorWifiService: onEvent event:9,action:1
06-19 00:36:35.446  3480  4584 D ScorerUtils: isLowTraffic: txTputKBps=0, rxTputKBps=0
06-19 00:36:35.448  3480  4584 D OplusWifiPower_TriggerCenter: mComponentCallback: wifistat
06-19 00:36:35.475  5717  7539 D CommonApp-242-10445: transport layer data is invalid
06-19 00:36:35.482  3084  3084 I cnss-daemon: nl80211 response handler invoked
06-19 00:36:35.482  3084  3084 I cnss-daemon: nl80211_response_handler: cmd 103, vendorID 4980, subcmd 13  received
06-19 00:36:35.482  1858  7547 I WifiHAL : event received NL80211_CMD_VENDOR, vendor_id = 0x1374, subcmd = 0xd
06-19 00:36:35.568  1851  9701 I sensors-hal: handle_oplus_wise_rgb_event:160, wise_rgb:(55224)(cct,lux,ir)[5300.00, 15.39, 0.000000](rgbc)[565.11, 465.20, 241.05, 1161.27](pwm,hbm,brl,algo)[0.0 0.0 36.0 2.0],flag 0
06-19 00:36:35.679 13036 16451 V Capacitor/Plugin: To native (Capacitor plugin): callbackId: 79098100, pluginId: NativeExoPlayback, methodName: getStatus
06-19 00:36:35.679 13036 16451 V Capacitor: callback: 79098100, pluginId: NativeExoPlayback, methodName: getStatus, methodData: {}
06-19 00:36:35.680 13036 13036 I Capacitor/Console: File:  - Line 349 - Msg: [object Object]
06-19 00:36:35.690 13036 13036 I Capacitor/Console: File:  - Line 333 - Msg: {"available":true,"wired":true,"message":"ExoPlayer gapless queue ÔÇö content:// locker bridge + HTTP streams.","state":"idle","positionSecs":0,"durationSecs":0,"queueIndex":0,"queueLength":0,"gaplessEnabled":true,"crossfadeEnabled":false,"bitPerfectActive":false}
06-19 00:36:35.744  4908  5001 I SystemUi--Statusbar: OplusNetworkSpeedControllExImpl-->updateNetworkSpeed: isConnected:true,isSwitchOn:true,isSuspend:false,isPause:false
06-19 00:36:35.747  4908  5001 I SystemUi--Statusbar: OplusNetworkSpeedControllExImpl-->getTotalByte: totalRxBytes:22928680626,totalTxBytes:2291636079,loopbackTxBytes:369569143,loopbackRxBytes:355635867 ,totalBytes:24495111695
06-19 00:36:35.770  1927  2069 I [UAH_CLIENT]: UahPlatformResAcquire
06-19 00:36:35.770  1927  2069 I [UAH_CLIENT]: UahEventAcquire, cmdid:-3, pkg:2138 9273, identity:qcom-perfd
06-19 00:36:35.773  1927  2059 E ANDR-PERF-RESOURCEQS: ANDR-PERF-RESOURCEQS: AddAndApply() 125: Resource with major=16, minor=0 not supported
06-19 00:36:35.792  2138  2762 E HwcComposer: getLuts failed Status(-129, EX_TRANSACTION_FAILED): 'UNKNOWN_TRANSACTION: '
06-19 00:36:35.794  1927 17683 I [UAH_CLIENT]: UahRelease, handle:471346
06-19 00:36:35.860  1871  2342 I SDM     : DisplayBase::CommitThread: Received idle timeout, panel: cmd, timeout: 70000 us
06-19 00:36:35.956  1960  6585 D charge_time: type=sdp,reserve_soc=3,soc=60,ui_soc=62,current=172,avg=171,not_chg_cnt=0,stable_cnt=7,fcc=4226,fcc_ratio=82,delta=3,debug=0,region=15,ttf=15958(04:25:58),ui_ttf=14550(04:02:30)
06-19 00:36:35.978  1851  9736 I sensors-hal: handle_sns_std_sensor_event:104, oplus rgb_rear sample: (cct, lux, ir, x, y)[11456, 0, 300000, 392, 90]
06-19 00:36:35.978  1851  9736 I sensors-hal: handle_sns_std_sensor_event:106, oplus rgb_rear sample: (r, g, b, c w)[3, 1, 3, 1, 3]
06-19 00:36:36.030 28671 28904 W OPLUS_LOG_LOAD: ==LOGS PROG INFO, prog(com.oplus.camera) ==
06-19 00:36:36.030 28671 28904 I APS_ALOG: flushRoutine g_immediateFlush=0 g_pendingCount=0 g_oobCount=0
06-19 00:36:36.122  3480  4187 D osense.compress: try do inactive compress task
06-19 00:36:36.380  1960  1986 D BatteryChargeControl: bcc get no support from charging protocol
06-19 00:36:36.442 13036 13036 I Capacitor/Console: File:  - Line 349 - Msg: [object Object]
06-19 00:36:36.443 13036 16451 V Capacitor/Plugin: To native (Capacitor plugin): callbackId: 79098101, pluginId: NativeExoPlayback, methodName: getStatus
06-19 00:36:36.444 13036 16451 V Capacitor: callback: 79098101, pluginId: NativeExoPlayback, methodName: getStatus, methodData: {}
06-19 00:36:36.452 13036 13036 I Capacitor/Console: File:  - Line 333 - Msg: {"available":true,"wired":true,"message":"ExoPlayer gapless queue ÔÇö content:// locker bridge + HTTP streams.","state":"idle","positionSecs":0,"durationSecs":0,"queueIndex":0,"queueLength":0,"gaplessEnabled":true,"crossfadeEnabled":false,"bitPerfectActive":false}
06-19 00:36:36.499  5717  7539 D CommonApp-242-10445: transport layer data is invalid
06-19 00:36:36.520  1927  2069 I [UAH_CLIENT]: UahPlatformResAcquire
06-19 00:36:36.520  1927  2069 I [UAH_CLIENT]: UahEventAcquire, cmdid:-3, pkg:2138 9274, identity:qcom-perfd
06-19 00:36:36.522  1927  2059 E ANDR-PERF-RESOURCEQS: ANDR-PERF-RESOURCEQS: AddAndApply() 125: Resource with major=16, minor=0 not supported
06-19 00:36:36.541  1927 17686 I [UAH_CLIENT]: UahRelease, handle:471347
06-19 00:36:36.568  1851  9701 I sensors-hal: handle_oplus_wise_rgb_event:160, wise_rgb:(55229)(cct,lux,ir)[5300.00, 14.80, 0.000000](rgbc)[519.29, 479.74, 241.05, 1131.10](pwm,hbm,brl,algo)[0.0 0.0 36.0 2.0],flag 0
06-19 00:36:36.769  1851  9623 I sensors-hal: handle_oplus_wise_rgb_event:189, high_pwm_light:lux 14.8,cct 5300.0,brl/algo/ir 36.0/2.0/0.0,pwm/dc 0.0/0.0,rgbc 519.291504/479.740875/241.045929/1131.102295,ts 1074518446400926,cnt 55230,flag 0
06-19 00:36:36.955 13036 13036 I Capacitor/Console: File:  - Line 349 - Msg: [object Object]
06-19 00:36:36.956 13036 16451 V Capacitor/Plugin: To native (Capacitor plugin): callbackId: 79098102, pluginId: NativeExoPlayback, methodName: getStatus
06-19 00:36:36.956 13036 16451 V Capacitor: callback: 79098102, pluginId: NativeExoPlayback, methodName: getStatus, methodData: {}
06-19 00:36:36.958  1960  6585 D charge_time: type=sdp,reserve_soc=3,soc=60,ui_soc=62,current=172,avg=172,not_chg_cnt=0,stable_cnt=7,fcc=4226,fcc_ratio=82,delta=4,debug=0,region=15,ttf=15865(04:24:25),ui_ttf=14549(04:02:29)
06-19 00:36:36.963 13036 13036 I Capacitor/Console: File:  - Line 333 - Msg: {"available":true,"wired":true,"message":"ExoPlayer gapless queue ÔÇö content:// locker bridge + HTTP streams.","state":"idle","positionSecs":0,"durationSecs":0,"queueIndex":0,"queueLength":0,"gaplessEnabled":true,"crossfadeEnabled":false,"bitPerfectActive":false}
06-19 00:36:36.964 13036 16451 V Capacitor/Plugin: To native (Capacitor plugin): callbackId: 79098103, pluginId: NativeExoPlayback, methodName: getStatus
06-19 00:36:36.964 13036 16451 V Capacitor: callback: 79098103, pluginId: NativeExoPlayback, methodName: getStatus, methodData: {}
06-19 00:36:36.965 13036 13036 I Capacitor/Console: File:  - Line 349 - Msg: [object Object]
06-19 00:36:36.971 13036 13036 I Capacitor/Console: File:  - Line 333 - Msg: {"available":true,"wired":true,"message":"ExoPlayer gapless queue ÔÇö content:// locker bridge + HTTP streams.","state":"idle","positionSecs":0,"durationSecs":0,"queueIndex":0,"queueLength":0,"gaplessEnabled":true,"crossfadeEnabled":false,"bitPerfectActive":false}
06-19 00:36:37.381  1960  1986 D BatteryChargeControl: bcc get no support from charging protocol
06-19 00:36:37.480  3084  3084 I cnss-daemon: nl80211 response handler invoked
06-19 00:36:37.480  3084  3084 I cnss-daemon: nl80211_response_handler: cmd 103, vendorID 4980, subcmd 13  received
06-19 00:36:37.481  1858  7547 I WifiHAL : event received NL80211_CMD_VENDOR, vendor_id = 0x1374, subcmd = 0xd
06-19 00:36:37.482  3480  6040 W OPLUS_LOG_LOAD: ==LOGS PROG INFO, prog(system_server) ==
06-19 00:36:37.482  3480  6040 I AICCTModule: SensorFilter: brightness threshold 1.2 screenNit is 2.012943 ave enviroment lux is 14.523217 luxForNit 37.294678demarcationPoint200.0 result is false
06-19 00:36:37.482  3480  6040 I AICCTModule: SensorFilter: findSecondNearestValue, sensorValue: 5300.0 nearestMaxValue:5300.0 secondNearestValue: 5300.0
06-19 00:36:37.482  3480  6040 I AICCTModule: SensorFilter: findSecondNearestValue, sensorValue: 14.718007 nearestMaxValue:14.718007 secondNearestValue: 14.523217
06-19 00:36:37.523  5717  7539 D CommonApp-242-10445: transport layer data is invalid
06-19 00:36:37.553  1851 18715 I sensors-hal: handle_sns_client_event:316, accel_sample: 0: ts=1074519214503218 ns; value = [-0.080505, 0.923064, 9.782708], status=3
06-19 00:36:37.568  1851  9701 I sensors-hal: handle_oplus_wise_rgb_event:160, wise_rgb:(55234)(cct,lux,ir)[5300.00, 14.46, 0.000000](rgbc)[534.56, 494.28, 256.11, 1146.18](pwm,hbm,brl,algo)[0.0 0.0 36.0 2.0],flag 0
06-19 00:36:37.568  3480  4315 I CwbClient: setCWBDisplayType set mFeatureID = CWB_RGB_VALUE
06-19 00:36:37.573  1927  2069 I [UAH_CLIENT]: UahPlatformResAcquire
06-19 00:36:37.574  1927  2069 I [UAH_CLIENT]: UahEventAcquire, cmdid:-3, pkg:2138 9271, identity:qcom-perfd
06-19 00:36:37.578  1927  2059 E ANDR-PERF-RESOURCEQS: ANDR-PERF-RESOURCEQS: AddAndApply() 125: Resource with major=16, minor=0 not supported
06-19 00:36:37.583  2138  2762 E HwcComposer: getLuts failed Status(-129, EX_TRANSACTION_FAILED): 'UNKNOWN_TRANSACTION: '
06-19 00:36:37.596  1927 17692 I [UAH_CLIENT]: UahRelease, handle:471348
06-19 00:36:37.653  1871  2342 I SDM     : DisplayBase::CommitThread: Received idle timeout, panel: cmd, timeout: 70000 us
06-19 00:36:37.723 13036 16451 V Capacitor/Plugin: To native (Capacitor plugin): callbackId: 79098104, pluginId: NativeExoPlayback, methodName: getStatus
06-19 00:36:37.724 13036 13036 I Capacitor/Console: File:  - Line 349 - Msg: [object Object]
06-19 00:36:37.725 13036 16451 V Capacitor: callback: 79098104, pluginId: NativeExoPlayback, methodName: getStatus, methodData: {}
06-19 00:36:37.736 13036 13036 I Capacitor/Console: File:  - Line 333 - Msg: {"available":true,"wired":true,"message":"ExoPlayer gapless queue ÔÇö content:// locker bridge + HTTP streams.","state":"idle","positionSecs":0,"durationSecs":0,"queueIndex":0,"queueLength":0,"gaplessEnabled":true,"crossfadeEnabled":false,"bitPerfectActive":false}
06-19 00:36:37.769  3480  4315 D FusionLightNextGen: raw_lux -1.0, raw_cct -1.0, r/g/b/c: 519.3/479.7/256.1/1131.1, R/G/B: 28.0/27.0/24.0, bri 36.0, lux: 14.133635, cct: 5300.0, ir: 0.056296, conf: 2, cnt: 0
06-19 00:36:37.784  1960  1985 D vendor.oplus.hardware.charger-V10-service: ret_value:124, read content:,314,314,3963,3963,-169,60,62,1,1,0,456,5002,62,1,4430,300,500,0,7,9500,7,0,1,0,2,0,0,0,1,5522,95,0,2494,4226,0,0,0,0,0,105
06-19 00:36:37.784  1960  1985 D vendor.oplus.hardware.charger-V10-service: gmtime: 2026-06-19-00-36-37
06-19 00:36:37.786  1960  1985 D vendor.oplus.hardware.charger-V10-service: usb_online:1, ac_online:-2147483648, wireless_online:0
06-19 00:36:37.962  1960  6585 D charge_time: write 14548s(04:02:28) to ttf, rc=7
06-19 00:36:37.962  1960  6585 D charge_time: type=sdp,reserve_soc=3,soc=60,ui_soc=62,current=169,avg=171,not_chg_cnt=0,stable_cnt=7,fcc=4226,fcc_ratio=82,delta=5,debug=0,region=15,ttf=15956(04:25:56),ui_ttf=14548(04:02:28)
06-19 00:36:38.201 13036 16451 V Capacitor/Plugin: To native (Capacitor plugin): callbackId: 79098105, pluginId: NativeExoPlayback, methodName: getStatus
06-19 00:36:38.201 13036 13036 I Capacitor/Console: File:  - Line 349 - Msg: [object Object]
06-19 00:36:38.202 13036 16451 V Capacitor: callback: 79098105, pluginId: NativeExoPlayback, methodName: getStatus, methodData: {}
06-19 00:36:38.210 13036 13036 I Capacitor/Console: File:  - Line 333 - Msg: {"available":true,"wired":true,"message":"ExoPlayer gapless queue ÔÇö content:// locker bridge + HTTP streams.","state":"idle","positionSecs":0,"durationSecs":0,"queueIndex":0,"queueLength":0,"gaplessEnabled":true,"crossfadeEnabled":false,"bitPerfectActive":false}
06-19 00:36:38.383  1960  1986 D BatteryChargeControl: bcc get no support from charging protocol
06-19 00:36:38.452 10560 15217 I PTC.DISC.AndroidMultiLanServer: Watcher sysNif=[wlan0], userNif=[wlan0 state=(LISTEN JOIN(|-1)), , vgate0 state=(LISTEN JOIN(|-1))], clientNif=[wlan0 state=(LISTEN), , vgate0 state=(LISTEN)], tcpServer state=LISTEN, ipv4=**8.1.34
06-19 00:36:38.453  5717  5717 D VendorWifiService: onEvent event:9,action:1
06-19 00:36:38.461  3480  4584 D ScorerUtils: isLowTraffic: txTputKBps=0, rxTputKBps=1
06-19 00:36:38.462  3480  4584 D OplusWifiPower_TriggerCenter: mComponentCallback: wifistat
06-19 00:36:38.488 13036 16451 V Capacitor/Plugin: To native (Capacitor plugin): callbackId: 79098106, pluginId: NativeExoPlayback, methodName: getStatus
06-19 00:36:38.489 13036 13036 I Capacitor/Console: File:  - Line 349 - Msg: [object Object]
06-19 00:36:38.489 13036 16451 V Capacitor: callback: 79098106, pluginId: NativeExoPlayback, methodName: getStatus, methodData: {}
06-19 00:36:38.497 13036 13036 I Capacitor/Console: File:  - Line 333 - Msg: {"available":true,"wired":true,"message":"ExoPlayer gapless queue ÔÇö content:// locker bridge + HTTP streams.","state":"idle","positionSecs":0,"durationSecs":0,"queueIndex":0,"queueLength":0,"gaplessEnabled":true,"crossfadeEnabled":false,"bitPerfectActive":false}
06-19 00:36:38.547  5717  7539 D CommonApp-242-10445: transport layer data is invalid
06-19 00:36:38.568  1851  9701 I sensors-hal: handle_oplus_wise_rgb_event:160, wise_rgb:(55239)(cct,lux,ir)[5300.00, 14.99, 0.000000](rgbc)[519.29, 479.74, 256.11, 1131.10](pwm,hbm,brl,algo)[0.0 0.0 36.0 2.0],flag 0
06-19 00:36:38.614  1851  4415 I sensors-hal: qsh_conn_event_cb:762, event[0] msg_id=1025, ts=20630889712636, sensor_type = pedometer_minute  Wakeup
06-19 00:36:38.615  1851  4415 E sensors-hal: handle_sns_client_event:95, pedometer_minute: report_ts=17905,counter=51796.000000 move_status =[SNS_CMC_STATIONARY] time_gap = 0 run_counter=32836.000000 walk_counter=14384.000000
06-19 00:36:38.624  4647  4647 I StepApp_StepDataPreHandler: (main)onSensorChanged raw data: step=51796.0 state=3.0 minuteDelta=0.0 timestamp=1074520297720926 steprun=32836.0 stepwalk=14384.0 formatted data: step=51796 state=3 timestamp=1074520297720926 time=1781804198613 steprun=32836 stepwalk=14384
06-19 00:36:38.626  4647 17078 I StepApp_StepDataSaver: (O_dfd_907)getNewFixedOffsetStep type is STEP
06-19 00:36:38.626  4647 17078 I StepApp_StepDataSaver: (O_dfd_907)isRebootCountStep:false	 lastRealTimeStamp = 1781804100000	 bootTimestamp = 1780729678315	 mLastModifiedMinuteTime = 2026-06-19-00-35
06-19 00:36:38.627  4647 17078 I StepApp_StepDataSaver: (O_dfd_907)calOffSet:sensorStep = 51796	 lastModifiedStep = 51796	 offSet = 0
06-19 00:36:38.627  4647 17078 I StepApp_StepDataSaver: (O_dfd_907)getNewFixedOffsetStep type is RUN
06-19 00:36:38.627  4647 17078 I StepApp_StepDataSaver: (O_dfd_907)isRebootCountStep:false	 lastRealTimeStamp = 1781804100000	 bootTimestamp = 1780729678315	 mLastModifiedMinuteTime = 2026-06-19-00-35
06-19 00:36:38.627  4647 17078 I StepApp_StepDataSaver: (O_dfd_907)calOffSet:sensorStep = 32836	 lastModifiedStep = 32836	 offSet = 0
06-19 00:36:38.627  4647 17078 I StepApp_StepDataSaver: (O_dfd_907)getNewFixedOffsetStep type is WALK
06-19 00:36:38.627  4647 17078 I StepApp_StepDataSaver: (O_dfd_907)isRebootCountStep:false	 lastRealTimeStamp = 1781804100000	 bootTimestamp = 1780729678315	 mLastModifiedMinuteTime = 2026-06-19-00-35
06-19 00:36:38.627  4647 17078 I StepApp_StepDataSaver: (O_dfd_907)calOffSet:sensorStep = 14384	 lastModifiedStep = 14384	 offSet = 0
06-19 00:36:38.767  1851  9623 I sensors-hal: handle_oplus_wise_rgb_event:189, high_pwm_light:lux 15.2,cct 5300.0,brl/algo/ir 36.0/2.0/0.0,pwm/dc 0.0/0.0,rgbc 519.291504/479.740875/271.176666/1131.102295,ts 1074520446402697,cnt 55240,flag 0
06-19 00:36:38.964  1960  6585 D charge_time: type=sdp,reserve_soc=3,soc=60,ui_soc=62,current=169,avg=170,not_chg_cnt=0,stable_cnt=7,fcc=4226,fcc_ratio=82,delta=6,debug=0,region=15,ttf=16050(04:27:30),ui_ttf=14547(04:02:27)
06-19 00:36:39.003  1851  9736 I sensors-hal: handle_sns_std_sensor_event:104, oplus rgb_rear sample: (cct, lux, ir, x, y)[-1773059, 0, 300000, 344, 186]
06-19 00:36:39.003  1851  9736 I sensors-hal: handle_sns_std_sensor_event:106, oplus rgb_rear sample: (r, g, b, c w)[3, 2, 3, 1, 3]
06-19 00:36:39.250 13036 16451 V Capacitor/Plugin: To native (Capacitor plugin): callbackId: 79098107, pluginId: NativeExoPlayback, methodName: getStatus
06-19 00:36:39.251 13036 13036 I Capacitor/Console: File:  - Line 349 - Msg: [object Object]
06-19 00:36:39.251 13036 16451 V Capacitor: callback: 79098107, pluginId: NativeExoPlayback, methodName: getStatus, methodData: {}
06-19 00:36:39.259 13036 13036 I Capacitor/Console: File:  - Line 333 - Msg: {"available":true,"wired":true,"message":"ExoPlayer gapless queue ÔÇö content:// locker bridge + HTTP streams.","state":"idle","positionSecs":0,"durationSecs":0,"queueIndex":0,"queueLength":0,"gaplessEnabled":true,"crossfadeEnabled":false,"bitPerfectActive":false}
06-19 00:36:39.384  1960  1986 D BatteryChargeControl: bcc get no support from charging protocol
06-19 00:36:39.487  1858  7547 I WifiHAL : event received NL80211_CMD_VENDOR, vendor_id = 0x1374, subcmd = 0xd
06-19 00:36:39.488  3084  3084 I cnss-daemon: nl80211 response handler invoked
06-19 00:36:39.488  3084  3084 I cnss-daemon: nl80211_response_handler: cmd 103, vendorID 4980, subcmd 13  received
06-19 00:36:39.568  1851  9701 I sensors-hal: handle_oplus_wise_rgb_event:160, wise_rgb:(55244)(cct,lux,ir)[5300.00, 16.09, 0.000000](rgbc)[519.29, 465.20, 286.24, 1131.10](pwm,hbm,brl,algo)[0.0 0.0 36.0 2.0],flag 0
06-19 00:36:39.571  5717  7539 D CommonApp-242-10445: transport layer data is invalid
06-19 00:36:39.651 10816 10862 I 10816UMSHealthDataProvider_Travel: sportObserver onChange
06-19 00:36:39.752  4908  5001 W OPLUS_LOG_LOAD: ==LOGS PROG INFO, prog(com.android.systemui) ==
06-19 00:36:39.752  4908  5001 I SystemUi--Statusbar: OplusNetworkSpeedControllExImpl-->updateNetworkSpeed: isConnected:true,isSwitchOn:true,isSuspend:false,isPause:false
06-19 00:36:39.756  4908  5001 I SystemUi--Statusbar: OplusNetworkSpeedControllExImpl-->getTotalByte: totalRxBytes:22928686510,totalTxBytes:2291636679,loopbackTxBytes:369569383,loopbackRxBytes:355636107 ,totalBytes:24495117699
06-19 00:36:39.783  1927  2069 I [UAH_CLIENT]: UahPlatformResAcquire
06-19 00:36:39.784  1927  2069 I [UAH_CLIENT]: UahEventAcquire, cmdid:-3, pkg:2138 9272, identity:qcom-perfd
06-19 00:36:39.787  1927  2059 E ANDR-PERF-RESOURCEQS: ANDR-PERF-RESOURCEQS: AddAndApply() 125: Resource with major=16, minor=0 not supported
06-19 00:36:39.807  1927 17697 I [UAH_CLIENT]: UahRelease, handle:471349
06-19 00:36:39.967  1960  6585 D charge_time: type=sdp,reserve_soc=3,soc=60,ui_soc=62,current=169,avg=170,not_chg_cnt=0,stable_cnt=7,fcc=4226,fcc_ratio=82,delta=7,debug=0,region=15,ttf=16049(04:27:29),ui_ttf=14546(04:02:26)
06-19 00:36:39.968  3480  4315 I CwbClient: setCWBDisplayType set mFeatureID = CWB_RGB_VALUE
06-19 00:36:40.010 13036 13036 I Capacitor/Console: File:  - Line 349 - Msg: [object Object]
06-19 00:36:40.011 13036 16451 V Capacitor/Plugin: To native (Capacitor plugin): callbackId: 79098108, pluginId: NativeExoPlayback, methodName: getStatus
06-19 00:36:40.012 13036 16451 V Capacitor: callback: 79098108, pluginId: NativeExoPlayback, methodName: getStatus, methodData: {}
06-19 00:36:40.019 13036 13036 I Capacitor/Console: File:  - Line 333 - Msg: {"available":true,"wired":true,"message":"ExoPlayer gapless queue ÔÇö content:// locker bridge + HTTP streams.","state":"idle","positionSecs":0,"durationSecs":0,"queueIndex":0,"queueLength":0,"gaplessEnabled":true,"crossfadeEnabled":false,"bitPerfectActive":false}
06-19 00:36:40.169  3480  4315 D FusionLightNextGen: raw_lux -1.0, raw_cct -1.0, r/g/b/c: 504.0/450.7/271.2/1116.0, R/G/B: 28.0/27.0/24.0, bri 36.0, lux: 13.938844, cct: 5300.0, ir: 0.050502, conf: 2, cnt: 0
06-19 00:36:40.172  3480  6040 I AICCTModule: SensorFilter: brightness threshold 1.2 screenNit is 2.012943 ave enviroment lux is 14.068704 luxForNit 36.635113demarcationPoint200.0 result is false
06-19 00:36:40.172  3480  6040 I AICCTModule: SensorFilter: findSecondNearestValue, sensorValue: 5300.0 nearestMaxValue:5300.0 secondNearestValue: 5300.0
06-19 00:36:40.172  3480  6040 I AICCTModule: SensorFilter: findSecondNearestValue, sensorValue: 14.523217 nearestMaxValue:14.133635 secondNearestValue: 14.133635
06-19 00:36:40.223 13826 13961 W YouTubeMusic: Empty persistent device token received from InnerTube.
06-19 00:36:40.237 13761 25223 W OplusExSystemServiceHelper: checkOplusExSystemService intent getComponent is null
06-19 00:36:40.241 13761 13761 D PhenotypeService: onBind: Intent { act=app.revanced.android.gms.phenotype.service.START xflg=0x4 pkg=app.revanced.android.gms mCallingUid=10510 }
06-19 00:36:40.243 13761 25223 D SafeParcel: Unknown field id 4 in com.google.android.gms.common.Feature, skipping.
06-19 00:36:40.243 13761 25223 D SafeParcel: Unknown field id 4 in com.google.android.gms.common.Feature, skipping.
06-19 00:36:40.243 13761 25223 D SafeParcel: Unknown field id 4 in com.google.android.gms.common.Feature, skipping.
06-19 00:36:40.243 13761 25223 D SafeParcel: Unknown field id 4 in com.google.android.gms.common.Feature, skipping.
06-19 00:36:40.243 13761 25223 D SafeParcel: Unknown field id 4 in com.google.android.gms.common.Feature, skipping.
06-19 00:36:40.243 13761 25223 D SafeParcel: Unknown field id 4 in com.google.android.gms.common.Feature, skipping.
06-19 00:36:40.243 13761 25223 D SafeParcel: Unknown field id 4 in com.google.android.gms.common.Feature, skipping.
06-19 00:36:40.243 13761 25223 D SafeParcel: Unknown field id 4 in com.google.android.gms.common.Feature, skipping.
06-19 00:36:40.243 13761 25223 D SafeParcel: Unknown field id 4 in com.google.android.gms.common.Feature, skipping.
06-19 00:36:40.243 13761 25223 D PhenotypeService: bound by: GetServiceRequest{serviceId=PHENOTYPE, gmsVersion=255180000, packageName='app.morphe.android.apps.youtube.music', extras=Bundle[{}]}
06-19 00:36:40.246 13761 25223 D PhenotypeService: weakRegister(__internal.external_ids#__internal.youtube_phenotype.app.morphe.android.apps.youtube.music, 0, [Ljava.lang.String;@f57ebb9, [I@c57ebfe, null)
06-19 00:36:40.385  1960  1986 D BatteryChargeControl: bcc get no support from charging protocol
06-19 00:36:40.522 13036 13036 I Capacitor/Console: File:  - Line 349 - Msg: [object Object]
06-19 00:36:40.522 13036 16451 V Capacitor/Plugin: To native (Capacitor plugin): callbackId: 79098109, pluginId: NativeExoPlayback, methodName: getStatus
06-19 00:36:40.523 13036 16451 V Capacitor: callback: 79098109, pluginId: NativeExoPlayback, methodName: getStatus, methodData: {}
06-19 00:36:40.532 13036 13036 I Capacitor/Console: File:  - Line 333 - Msg: {"available":true,"wired":true,"message":"ExoPlayer gapless queue ÔÇö content:// locker bridge + HTTP streams.","state":"idle","positionSecs":0,"durationSecs":0,"queueIndex":0,"queueLength":0,"gaplessEnabled":true,"crossfadeEnabled":false,"bitPerfectActive":false}
06-19 00:36:40.533 13036 13036 I Capacitor/Console: File:  - Line 349 - Msg: [object Object]
06-19 00:36:40.533 13036 16451 V Capacitor/Plugin: To native (Capacitor plugin): callbackId: 79098110, pluginId: NativeExoPlayback, methodName: getStatus
06-19 00:36:40.534 13036 16451 V Capacitor: callback: 79098110, pluginId: NativeExoPlayback, methodName: getStatus, methodData: {}
06-19 00:36:40.539 13036 13036 I Capacitor/Console: File:  - Line 333 - Msg: {"available":true,"wired":true,"message":"ExoPlayer gapless queue ÔÇö content:// locker bridge + HTTP streams.","state":"idle","positionSecs":0,"durationSecs":0,"queueIndex":0,"queueLength":0,"gaplessEnabled":true,"crossfadeEnabled":false,"bitPerfectActive":false}
06-19 00:36:40.568  1851  9701 I sensors-hal: handle_oplus_wise_rgb_event:160, wise_rgb:(55249)(cct,lux,ir)[5300.00, 16.62, 0.000000](rgbc)[504.02, 450.67, 286.24, 1116.02](pwm,hbm,brl,algo)[0.0 0.0 36.0 2.0],flag 0
06-19 00:36:40.595  5717  7539 D CommonApp-242-10445: transport layer data is invalid
06-19 00:36:40.769  1851  9623 I sensors-hal: handle_oplus_wise_rgb_event:189, high_pwm_light:lux 16.8,cct 5300.0,brl/algo/ir 36.0/2.0/0.0,pwm/dc 0.0/0.0,rgbc 519.291504/436.128082/286.242035/1116.020996,ts 1074522446574311,cnt 55250,flag 0
06-19 00:36:40.833  3480  4186 E OsenseCommonUtils: write /dev/memcg/memory.force_shrink_file failed
06-19 00:36:40.833  3480  4186 E OsenseCommonUtils: java.io.IOException: write failed: EBUSY (Device or resource busy)
06-19 00:36:40.833  3480  4186 E OsenseCommonUtils: 	at libcore.io.IoBridge.write(IoBridge.java:651)
06-19 00:36:40.833  3480  4186 E OsenseCommonUtils: 	at java.io.FileOutputStream.write(FileOutputStream.java:436)
06-19 00:36:40.833  3480  4186 E OsenseCommonUtils: 	at sun.nio.cs.StreamEncoder.writeBytes(StreamEncoder.java:233)
06-19 00:36:40.833  3480  4186 E OsenseCommonUtils: 	at sun.nio.cs.StreamEncoder.implFlushBuffer(StreamEncoder.java:309)
06-19 00:36:40.833  3480  4186 E OsenseCommonUtils: 	at sun.nio.cs.StreamEncoder.implFlush(StreamEncoder.java:313)
06-19 00:36:40.833  3480  4186 E OsenseCommonUtils: 	at sun.nio.cs.StreamEncoder.flush(StreamEncoder.java:153)
06-19 00:36:40.833  3480  4186 E OsenseCommonUtils: 	at java.io.OutputStreamWriter.flush(OutputStreamWriter.java:248)
06-19 00:36:40.833  3480  4186 E OsenseCommonUtils: 	at com.android.server.oplus.osense.utils.OsenseCommonUtils.writeFile(OsenseCommonUtils.java:163)
06-19 00:36:40.833  3480  4186 E OsenseCommonUtils: 	at com.android.server.am.OplusOsenseCompressAction.doGlobalShrink(OplusOsenseCompressAction.java:1805)
06-19 00:36:40.833  3480  4186 E OsenseCommonUtils: 	at com.android.server.am.OplusOsenseCompressAction.-$$Nest$mdoGlobalShrink(Unknown Source:0)
06-19 00:36:40.833  3480  4186 E OsenseCommonUtils: 	at com.android.server.am.OplusOsenseCompressAction$CompressHandler.handleMessage(OplusOsenseCompressAction.java:1270)
06-19 00:36:40.833  3480  4186 E OsenseCommonUtils: 	at android.os.Handler.dispatchMessage(Handler.java:116)
06-19 00:36:40.833  3480  4186 E OsenseCommonUtils: 	at android.os.Looper.loopOnce(Looper.java:306)
06-19 00:36:40.833  3480  4186 E OsenseCommonUtils: 	at android.os.Looper.loop(Looper.java:416)
06-19 00:36:40.833  3480  4186 E OsenseCommonUtils: 	at android.os.HandlerThread.run(HandlerThread.java:85)
06-19 00:36:40.833  3480  4186 E OsenseCommonUtils: Caused by: android.system.ErrnoException: write failed: EBUSY (Device or resource busy)
06-19 00:36:40.833  3480  4186 E OsenseCommonUtils: 	at libcore.io.Linux.writeBytes(Native Method)
06-19 00:36:40.833  3480  4186 E OsenseCommonUtils: 	at libcore.io.Linux.write(Linux.java:338)
06-19 00:36:40.833  3480  4186 E OsenseCommonUtils: 	at libcore.io.ForwardingOs.write(ForwardingOs.java:954)
06-19 00:36:40.833  3480  4186 E OsenseCommonUtils: 	at libcore.io.BlockGuardOs.write(BlockGuardOs.java:448)
06-19 00:36:40.833  3480  4186 E OsenseCommonUtils: 	at libcore.io.IoBridge.write(IoBridge.java:646)
06-19 00:36:40.833  3480  4186 E OsenseCommonUtils: 	... 14 more
06-19 00:36:40.855 12680 12698 I OplusLog_main_host: [IPhoneConnectionProvider] call: method = get_bound_iphone, callingUid = 10110, callingPid = 10560, callingPackage = com.heytap.accessory
06-19 00:36:40.857 12680 12768 D OplusLog_DeviceKit_com.oplus.linker: [SynergyDeviceManager-516171] queryOriginalDeviceList from: com.oplus.linker, [11, 12, 6, 10, 8, 16], com.oplus.linker.datalayer.local.LocalDbRepositoryDelegate$getAllSynergyDeviceInfoWithProperty$2$1@8b14149
06-19 00:36:40.865 12680 12768 D OplusLog_DeviceKit_com.oplus.linker: [OpDeviceServiceClient-516171] queryOriginalDeviceList onResult: []
06-19 00:36:40.971  1960  6585 D charge_time: type=sdp,reserve_soc=3,soc=60,ui_soc=62,current=169,avg=169,not_chg_cnt=0,stable_cnt=7,fcc=4226,fcc_ratio=82,delta=8,debug=0,region=15,ttf=16142(04:29:02),ui_ttf=14545(04:02:25)
06-19 00:36:40.999 13036 13036 I Capacitor/Console: File:  - Line 349 - Msg: [object Object]
06-19 00:36:41.000 13036 16451 V Capacitor/Plugin: To native (Capacitor plugin): callbackId: 79098111, pluginId: NativeExoPlayback, methodName: getStatus
06-19 00:36:41.001 13036 16451 V Capacitor: callback: 79098111, pluginId: NativeExoPlayback, methodName: getStatus, methodData: {}
06-19 00:36:41.004 13036 13036 I Capacitor/Console: File:  - Line 333 - Msg: {"available":true,"wired":true,"message":"ExoPlayer gapless queue ÔÇö content:// locker bridge + HTTP streams.","state":"idle","positionSecs":0,"durationSecs":0,"queueIndex":0,"queueLength":0,"gaplessEnabled":true,"crossfadeEnabled":false,"bitPerfectActive":false}
06-19 00:36:41.031 28671 28904 I APS_ALOG: flushRoutine g_immediateFlush=0 g_pendingCount=0 g_oobCount=0
06-19 00:36:41.122  3480  4187 D osense.compress: try do inactive compress task
06-19 00:36:41.293 13036 16451 V Capacitor/Plugin: To native (Capacitor plugin): callbackId: 79098112, pluginId: NativeExoPlayback, methodName: getStatus
06-19 00:36:41.293 13036 16451 V Capacitor: callback: 79098112, pluginId: NativeExoPlayback, methodName: getStatus, methodData: {}
06-19 00:36:41.294 13036 13036 I Capacitor/Console: File:  - Line 349 - Msg: [object Object]
06-19 00:36:41.305 13036 13036 I Capacitor/Console: File:  - Line 333 - Msg: {"available":true,"wired":true,"message":"ExoPlayer gapless queue ÔÇö content:// locker bridge + HTTP streams.","state":"idle","positionSecs":0,"durationSecs":0,"queueIndex":0,"queueLength":0,"gaplessEnabled":true,"crossfadeEnabled":false,"bitPerfectActive":false}
06-19 00:36:41.386  1960  1986 D BatteryChargeControl: bcc get no support from charging protocol
06-19 00:36:41.473  5717  5717 D VendorWifiService: onEvent event:9,action:1
06-19 00:36:41.479  3480  4584 D ScorerUtils: isLowTraffic: txTputKBps=1, rxTputKBps=1
06-19 00:36:41.480  3480  4584 D OplusWifiPower_TriggerCenter: mComponentCallback: wifistat
06-19 00:36:41.481  1927  2069 I [UAH_CLIENT]: UahPlatformResAcquire
06-19 00:36:41.481  1927  2069 I [UAH_CLIENT]: UahEventAcquire, cmdid:-3, pkg:2138 9273, identity:qcom-perfd
06-19 00:36:41.482  1927  2059 E ANDR-PERF-RESOURCEQS: ANDR-PERF-RESOURCEQS: AddAndApply() 125: Resource with major=16, minor=0 not supported
06-19 00:36:41.491  1858  7547 I WifiHAL : event received NL80211_CMD_VENDOR, vendor_id = 0x1374, subcmd = 0xd
06-19 00:36:41.492  3084  3084 I cnss-daemon: nl80211 response handler invoked
06-19 00:36:41.492  3084  3084 I cnss-daemon: nl80211_response_handler: cmd 103, vendorID 4980, subcmd 13  received
06-19 00:36:41.496  2138  2762 E HwcComposer: getLuts failed Status(-129, EX_TRANSACTION_FAILED): 'UNKNOWN_TRANSACTION: '
06-19 00:36:41.501  1927 17706 I [UAH_CLIENT]: UahRelease, handle:471350
06-19 00:36:41.565  1871  2342 I SDM     : DisplayBase::CommitThread: Received idle timeout, panel: cmd, timeout: 70000 us
06-19 00:36:41.568  1851  9701 I sensors-hal: handle_oplus_wise_rgb_event:160, wise_rgb:(55254)(cct,lux,ir)[5300.00, 18.06, 0.000000](rgbc)[504.02, 421.59, 286.24, 1116.02](pwm,hbm,brl,algo)[0.0 0.0 36.0 2.0],flag 0
06-19 00:36:41.619  5717  7539 D CommonApp-242-10445: transport layer data is invalid
06-19 00:36:41.973  1960  6585 D charge_time: type=sdp,reserve_soc=3,soc=60,ui_soc=62,current=169,avg=169,not_chg_cnt=0,stable_cnt=7,fcc=4226,fcc_ratio=82,delta=9,debug=0,region=15,ttf=16141(04:29:01),ui_ttf=14544(04:02:24)
06-19 00:36:42.004  1851  9736 I sensors-hal: handle_sns_std_sensor_event:104, oplus rgb_rear sample: (cct, lux, ir, x, y)[752260608, 0, 300000, 345, 185]
06-19 00:36:42.004  1851  9736 I sensors-hal: handle_sns_std_sensor_event:106, oplus rgb_rear sample: (r, g, b, c w)[3, 2, 3, 1, 3]
06-19 00:36:42.055 13036 13036 I Capacitor/Console: File:  - Line 349 - Msg: [object Object]
06-19 00:36:42.055 13036 16451 V Capacitor/Plugin: To native (Capacitor plugin): callbackId: 79098113, pluginId: NativeExoPlayback, methodName: getStatus
06-19 00:36:42.055 13036 16451 V Capacitor: callback: 79098113, pluginId: NativeExoPlayback, methodName: getStatus, methodData: {}
06-19 00:36:42.064 13036 13036 I Capacitor/Console: File:  - Line 333 - Msg: {"available":true,"wired":true,"message":"ExoPlayer gapless queue ÔÇö content:// locker bridge + HTTP streams.","state":"idle","positionSecs":0,"durationSecs":0,"queueIndex":0,"queueLength":0,"gaplessEnabled":true,"crossfadeEnabled":false,"bitPerfectActive":false}
06-19 00:36:42.233  1927  2069 I [UAH_CLIENT]: UahPlatformResAcquire
06-19 00:36:42.234  1927  2069 I [UAH_CLIENT]: UahEventAcquire, cmdid:-3, pkg:2138 9274, identity:qcom-perfd
06-19 00:36:42.237  1927  2059 E ANDR-PERF-RESOURCEQS: ANDR-PERF-RESOURCEQS: AddAndApply() 125: Resource with major=16, minor=0 not supported
06-19 00:36:42.256  1927 17710 I [UAH_CLIENT]: UahRelease, handle:471351
06-19 00:36:42.369  3480  4315 I CwbClient: setCWBDisplayType set mFeatureID = CWB_RGB_VALUE
06-19 00:36:42.374  1927  2069 I [UAH_CLIENT]: UahPlatformResAcquire
06-19 00:36:42.374  1927  2069 I [UAH_CLIENT]: UahEventAcquire, cmdid:-3, pkg:2138 9271, identity:qcom-perfd
06-19 00:36:42.377  1927  2059 E ANDR-PERF-RESOURCEQS: ANDR-PERF-RESOURCEQS: AddAndApply() 125: Resource with major=16, minor=0 not supported
06-19 00:36:42.387  1960  1986 D BatteryChargeControl: bcc get no support from charging protocol
06-19 00:36:42.387  2138  2762 E HwcComposer: getLuts failed Status(-129, EX_TRANSACTION_FAILED): 'UNKNOWN_TRANSACTION: '
06-19 00:36:42.395  1927 17713 I [UAH_CLIENT]: UahRelease, handle:471352
06-19 00:36:42.457  1871  2342 I SDM     : DisplayBase::CommitThread: Received idle timeout, panel: cmd, timeout: 70000 us
06-19 00:36:42.534  1722  9292 E         : DNS_CACHE: hanle request << lookupdns: hostname:test-gateway.instagram.com, servername:443, ai_flags:1024, ai_family:0, ai_socktype:2, ai_protocol:0, netid:0, uid:10526
06-19 00:36:42.536  5320  6990 D DNS_CACHE: oplus_oplus_getaddrinfo_proxy lookup from netd: hostname:test-gateway.instagram.com, servname:443 uid: 10526, result_code:408, res = 0x0, found = 0
06-19 00:36:42.540  5566  5859 D DnsDomainBlock: onDnsEvent: latencyMs=0, returnCode=4, uid=10526
06-19 00:36:42.542  5320  6986 E msys    : E[N mns:DGWClient]_LogError(289)=>Failed to resolve using system DNS resolver, getaddrinfo(): No address associated with hostname
06-19 00:36:42.546  1722  9292 E         : DNS_CACHE: hanle request << lookupdns: hostname:test-gateway.instagram.com, servername:443, ai_flags:1024, ai_family:0, ai_socktype:1, ai_protocol:0, netid:0, uid:10526
06-19 00:36:42.547  5320  6991 D DNS_CACHE: oplus_oplus_getaddrinfo_proxy lookup from netd: hostname:test-gateway.instagram.com, servname:443 uid: 10526, result_code:408, res = 0x0, found = 0
06-19 00:36:42.549  5320  6986 E msys    : E[N mns:DGWClient]_LogError(289)=>Failed to resolve using system DNS resolver, getaddrinfo(): No address associated with hostname
06-19 00:36:42.568  1851  9701 I sensors-hal: handle_oplus_wise_rgb_event:160, wise_rgb:(55259)(cct,lux,ir)[5300.00, 18.59, 0.000000](rgbc)[488.74, 407.05, 286.24, 1100.94](pwm,hbm,brl,algo)[0.0 0.0 36.0 2.0],flag 0
06-19 00:36:42.569  3480  4315 D FusionLightNextGen: raw_lux -1.0, raw_cct -1.0, r/g/b/c: 488.7/407.1/286.2/1100.9, R/G/B: 28.0/27.0/24.0, bri 36.0, lux: 13.744053, cct: 5300.0, ir: 0.037714, conf: 2, cnt: 0
06-19 00:36:42.629  3480  6040 I AICCTModule: SensorFilter: brightness threshold 1.2 screenNit is 2.012943 ave enviroment lux is 13.808983 luxForNit 36.26075demarcationPoint200.0 result is false
06-19 00:36:42.630  3480  6040 I AICCTModule: SensorFilter: findSecondNearestValue, sensorValue: 5300.0 nearestMaxValue:5300.0 secondNearestValue: 5300.0
06-19 00:36:42.630  3480  6040 I AICCTModule: SensorFilter: findSecondNearestValue, sensorValue: 14.133635 nearestMaxValue:13.938844 secondNearestValue: 13.938844
06-19 00:36:42.644  5717  7539 D CommonApp-242-10445: transport layer data is invalid
06-19 00:36:42.768  1851  9623 I sensors-hal: handle_oplus_wise_rgb_event:189, high_pwm_light:lux 18.3,cct 5300.0,brl/algo/ir 36.0/2.0/0.0,pwm/dc 0.0/0.0,rgbc 504.018219/407.052856/301.307404/1100.939575,ts 1074524446577280,cnt 55260,flag 0
06-19 00:36:42.768  3480  4345 V AlarmManager: sending alarm Alarm{d5b86bf type 0 origWhen 1781804202768 whenElapsed 1074524452 com.oplus.obrain} uid 1000 whenElapsed 1074524452 windowLength 0 maxWhenElapsed 1074524452 repeatInterval 0 action com.oplus.obrain.action.alarm.stop_ocenter component null flags 0x9 procName com.oplus.midas
06-19 00:36:42.787  1960  1985 D vendor.oplus.hardware.charger-V10-service: ret_value:124, read content:,314,314,3963,3962,-168,60,62,1,1,0,456,4999,62,1,4430,300,500,0,7,9500,7,0,1,0,2,0,0,0,1,5522,95,0,2494,4226,0,0,0,0,0,105
06-19 00:36:42.787  1960  1985 D vendor.oplus.hardware.charger-V10-service: gmtime: 2026-06-19-00-36-42
06-19 00:36:42.787  1960  1985 D vendor.oplus.hardware.charger-V10-service: usb_online:1, ac_online:-2147483648, wireless_online:0
06-19 00:36:42.791 32167 32167 I OCenterLog: OCenterDaemonService: OCenterService stopSelf
06-19 00:36:42.795 32167 32167 I OCenterLog: OCenterDaemonService: OCenterService stopSelf
06-19 00:36:42.799 32167 32167 I OCenterLog: OCenterDaemonService: OCenterService stopSelf
06-19 00:36:42.803 32167 32167 I OCenterLog: OCenterDaemonService: OCenterService stopSelf
06-19 00:36:42.807 32167 32167 I OCenterLog: OCenterDaemonService: OCenterService stopSelf
06-19 00:36:42.814 32167 32167 I OCenterLog: OCenterDaemonService: OCenterService stopSelf
06-19 00:36:42.815 13036 13036 I Capacitor/Console: File:  - Line 349 - Msg: [object Object]
06-19 00:36:42.815 13036 16451 V Capacitor/Plugin: To native (Capacitor plugin): callbackId: 79098114, pluginId: NativeExoPlayback, methodName: getStatus
06-19 00:36:42.815 13036 16451 V Capacitor: callback: 79098114, pluginId: NativeExoPlayback, methodName: getStatus, methodData: {}
06-19 00:36:42.820 13036 13036 I Capacitor/Console: File:  - Line 333 - Msg: {"available":true,"wired":true,"message":"ExoPlayer gapless queue ÔÇö content:// locker bridge + HTTP streams.","state":"idle","positionSecs":0,"durationSecs":0,"queueIndex":0,"queueLength":0,"gaplessEnabled":true,"crossfadeEnabled":false,"bitPerfectActive":false}
06-19 00:36:42.820 32167 32167 I OCenterLog: OCenterDaemonService: OCenterService stopSelf
06-19 00:36:42.825 32167 32167 I OCenterLog: OCenterDaemonService: OCenterService stopSelf
06-19 00:36:42.830 32167 32167 I OCenterLog: OCenterDaemonService: OCenterService stopSelf
06-19 00:36:42.835 32167 32167 I OCenterLog: OCenterDaemonService: OCenterService stopSelf
06-19 00:36:42.839 32167 32167 I OCenterLog: OCenterDaemonService: OCenterService stopSelf
06-19 00:36:42.844 32167 32167 I OCenterLog: OCenterDaemonService: OCenterService stopSelf
06-19 00:36:42.848 32167 32167 I OCenterLog: OCenterDaemonService: OCenterService stopSelf
06-19 00:36:42.850 32167 32167 I OCenterLog: OCenterDaemonService: OCenterService stopSelf
06-19 00:36:42.854 32167 32167 I OCenterLog: OCenterDaemonService: OCenterService stopSelf
06-19 00:36:42.857 32167 32167 I OCenterLog: a: rus stop monitor
06-19 00:36:42.859 32167 32167 I OCenterLog: OCenterDaemonService: onDestroy
06-19 00:36:42.861 32167 32167 I OStatsDaemonService: Destroy OStatsService
06-19 00:36:42.865 32167 32167 I StatsProcessorRegistry: call onDestroy
06-19 00:36:42.865 32167 32167 I StatsConfigManager: call onDestroy
06-19 00:36:42.865 32167 32167 I ActiveConfigsObserver: call onDestroy
06-19 00:36:42.871 32167 32167 I ActiveConfigsObserver: detach to statsd
06-19 00:36:42.871 32167 32167 I ClientRedirector: call onDestroy
06-19 00:36:42.871 32167 32167 I GlobalEventListener: call onDestroy
06-19 00:36:42.872 32167 32167 I GlobalFetchReportListener: call onDestroy
06-19 00:36:42.924 32167 32177 W com.oplus.midas: Reducing the number of considered missed Gc histogram windows from 151 to 100
06-19 00:36:42.928 32167 32179 W System  : A resource failed to call close. 
06-19 00:36:42.929 32167 32179 W System  : A resource failed to call close. 
06-19 00:36:42.977  1960  6585 D charge_time: write 14543s(04:02:23) to ttf, rc=7
06-19 00:36:42.977  1960  6585 D charge_time: type=sdp,reserve_soc=3,soc=60,ui_soc=62,current=168,avg=168,not_chg_cnt=0,stable_cnt=7,fcc=4226,fcc_ratio=82,delta=10,debug=0,region=15,ttf=16237(04:30:37),ui_ttf=14543(04:02:23)
06-19 00:36:43.388  1960  1986 D BatteryChargeControl: bcc get no support from charging protocol
06-19 00:36:43.493  1858  7547 I WifiHAL : event received NL80211_CMD_VENDOR, vendor_id = 0x1374, subcmd = 0xd
