06-17 14:08:16.623  3480  3770 I AppsFilter: interaction: PackageSetting{abab825 rd.sheepskin.sandboxmusic/10445} -> PackageSetting{26b3cc6 com.oplus.location/10218} force queryable
06-17 14:08:16.623  3480  3770 I AppsFilter: interaction: PackageSetting{abab825 rd.sheepskin.sandboxmusic/10445} -> PackageSetting{26b3cc6 com.oplus.location/10218} force queryable
06-17 14:08:16.623  3480  3770 I AppsFilter: interaction: PackageSetting{abab825 rd.sheepskin.sandboxmusic/10445} -> PackageSetting{26b3cc6 com.oplus.location/10218} force queryable
06-17 14:08:16.623  3480  3770 I AppsFilter: interaction: PackageSetting{abab825 rd.sheepskin.sandboxmusic/10445} -> PackageSetting{26b3cc6 com.oplus.location/10218} force queryable
06-17 14:08:16.623  3480  3770 I AppsFilter: interaction: PackageSetting{abab825 rd.sheepskin.sandboxmusic/10445} -> PackageSetting{26b3cc6 com.oplus.location/10218} force queryable
06-17 14:08:16.623  3480  3770 I AppsFilter: interaction: PackageSetting{abab825 rd.sheepskin.sandboxmusic/10445} -> PackageSetting{62387fe aon.frameworkres.overlay.display.product/10056} force queryable
06-17 14:08:16.623  3480  3770 I AppsFilter: interaction: PackageSetting{abab825 rd.sheepskin.sandboxmusic/10445} -> PackageSetting{62387fe aon.frameworkres.overlay.display.product/10056} force queryable
06-17 14:08:16.623  3480  3770 I AppsFilter: interaction: PackageSetting{abab825 rd.sheepskin.sandboxmusic/10445} -> PackageSetting{62387fe aon.frameworkres.overlay.display.product/10056} force queryable
06-17 14:08:16.623  3480  3770 I AppsFilter: interaction: PackageSetting{abab825 rd.sheepskin.sandboxmusic/10445} -> PackageSetting{62387fe aon.frameworkres.overlay.display.product/10056} force queryable
06-17 14:08:16.623  3480  3770 I AppsFilter: interaction: PackageSetting{abab825 rd.sheepskin.sandboxmusic/10445} -> PackageSetting{62387fe aon.frameworkres.overlay.display.product/10056} force queryable
06-17 14:08:16.623  3480  3770 I AppsFilter: interaction: PackageSetting{abab825 rd.sheepskin.sandboxmusic/10445} -> PackageSetting{88ee8ab com.google.android.federatedcompute/10264} force queryable
06-17 14:08:16.623  3480  3770 I AppsFilter: interaction: PackageSetting{abab825 rd.sheepskin.sandboxmusic/10445} -> PackageSetting{88ee8ab com.google.android.federatedcompute/10264} force queryable
06-17 14:08:16.623  3480  3770 I AppsFilter: interaction: PackageSetting{abab825 rd.sheepskin.sandboxmusic/10445} -> PackageSetting{88ee8ab com.google.android.federatedcompute/10264} force queryable
06-17 14:08:16.623  3480  3770 I AppsFilter: interaction: PackageSetting{abab825 rd.sheepskin.sandboxmusic/10445} -> PackageSetting{88ee8ab com.google.android.federatedcompute/10264} force queryable
06-17 14:08:16.623  3480  3770 I AppsFilter: interaction: PackageSetting{abab825 rd.sheepskin.sandboxmusic/10445} -> PackageSetting{88ee8ab com.google.android.federatedcompute/10264} force queryable
06-17 14:08:16.623  3480  3770 I AppsFilter: interaction: PackageSetting{abab825 rd.sheepskin.sandboxmusic/10445} -> PackageSetting{cc1ec0 com.android.providers.media/10072} force queryable
06-17 14:08:16.623  3480  3770 I AppsFilter: interaction: PackageSetting{abab825 rd.sheepskin.sandboxmusic/10445} -> PackageSetting{cc1ec0 com.android.providers.media/10072} force queryable
06-17 14:08:16.623  3480  3770 I AppsFilter: interaction: PackageSetting{abab825 rd.sheepskin.sandboxmusic/10445} -> PackageSetting{cc1ec0 com.android.providers.media/10072} force queryable
06-17 14:08:16.623  3480  3770 I AppsFilter: interaction: PackageSetting{abab825 rd.sheepskin.sandboxmusic/10445} -> PackageSetting{cc1ec0 com.android.providers.media/10072} force queryable
06-17 14:08:16.623  3480  3770 I AppsFilter: interaction: PackageSetting{abab825 rd.sheepskin.sandboxmusic/10445} -> PackageSetting{cc1ec0 com.android.providers.media/10072} force queryable
06-17 14:08:16.623  3480  3770 I AppsFilter: interaction: PackageSetting{abab825 rd.sheepskin.sandboxmusic/10445} -> PackageSetting{d047b5f com.android.systemui.overlay.fingerprint.anim.sw/10055} force queryable
06-17 14:08:16.623  3480  3770 I AppsFilter: interaction: PackageSetting{abab825 rd.sheepskin.sandboxmusic/10445} -> PackageSetting{d047b5f com.android.systemui.overlay.fingerprint.anim.sw/10055} force queryable
06-17 14:08:16.623  3480  3770 I AppsFilter: interaction: PackageSetting{abab825 rd.sheepskin.sandboxmusic/10445} -> PackageSetting{d047b5f com.android.systemui.overlay.fingerprint.anim.sw/10055} force queryable
06-17 14:08:16.623  3480  3770 I AppsFilter: interaction: PackageSetting{abab825 rd.sheepskin.sandboxmusic/10445} -> PackageSetting{d047b5f com.android.systemui.overlay.fingerprint.anim.sw/10055} force queryable
06-17 14:08:16.623  3480  3770 I AppsFilter: interaction: PackageSetting{abab825 rd.sheepskin.sandboxmusic/10445} -> PackageSetting{d047b5f com.android.systemui.overlay.fingerprint.anim.sw/10055} force queryable
06-17 14:08:16.623  3480  3770 I AppsFilter: interaction: PackageSetting{abab825 rd.sheepskin.sandboxmusic/10445} -> PackageSetting{2f9a9ac com.android.systemui.overlay.fingerprint.anim.qy/10377} force queryable
06-17 14:08:16.623  3480  3770 I AppsFilter: interaction: PackageSetting{abab825 rd.sheepskin.sandboxmusic/10445} -> PackageSetting{2f9a9ac com.android.systemui.overlay.fingerprint.anim.qy/10377} force queryable
06-17 14:08:16.623  3480  3770 I AppsFilter: interaction: PackageSetting{abab825 rd.sheepskin.sandboxmusic/10445} -> PackageSetting{2f9a9ac com.android.systemui.overlay.fingerprint.anim.qy/10377} force queryable
06-17 14:08:16.623  3480  3770 I AppsFilter: interaction: PackageSetting{abab825 rd.sheepskin.sandboxmusic/10445} -> PackageSetting{2f9a9ac com.android.systemui.overlay.fingerprint.anim.qy/10377} force queryable
06-17 14:08:16.623  3480  3770 I AppsFilter: interaction: PackageSetting{abab825 rd.sheepskin.sandboxmusic/10445} -> PackageSetting{2f9a9ac com.android.systemui.overlay.fingerprint.anim.qy/10377} force queryable
06-17 14:08:16.623  3480  3770 I AppsFilter: interaction: PackageSetting{abab825 rd.sheepskin.sandboxmusic/10445} -> PackageSetting{d07d675 com.android.systemui.overlay.fingerprint.anim.fy/10051} force queryable
06-17 14:08:16.623  3480  3770 I AppsFilter: interaction: PackageSetting{abab825 rd.sheepskin.sandboxmusic/10445} -> PackageSetting{d07d675 com.android.systemui.overlay.fingerprint.anim.fy/10051} force queryable
06-17 14:08:16.623  3480  3770 I AppsFilter: interaction: PackageSetting{abab825 rd.sheepskin.sandboxmusic/10445} -> PackageSetting{d07d675 com.android.systemui.overlay.fingerprint.anim.fy/10051} force queryable
06-17 14:08:16.623  3480  3770 I AppsFilter: interaction: PackageSetting{abab825 rd.sheepskin.sandboxmusic/10445} -> PackageSetting{d07d675 com.android.systemui.overlay.fingerprint.anim.fy/10051} force queryable
06-17 14:08:16.623  3480  3770 I AppsFilter: interaction: PackageSetting{abab825 rd.sheepskin.sandboxmusic/10445} -> PackageSetting{d07d675 com.android.systemui.overlay.fingerprint.anim.fy/10051} force queryable
06-17 14:08:16.623  3480  3770 I AppsFilter: interaction: PackageSetting{abab825 rd.sheepskin.sandboxmusic/10445} -> PackageSetting{5fa0843 com.android.providers.calendar/10189} force queryable
06-17 14:08:16.623  3480  3770 I AppsFilter: interaction: PackageSetting{abab825 rd.sheepskin.sandboxmusic/10445} -> PackageSetting{5fa0843 com.android.providers.calendar/10189} force queryable
06-17 14:08:16.623  3480  3770 I AppsFilter: interaction: PackageSetting{abab825 rd.sheepskin.sandboxmusic/10445} -> PackageSetting{5fa0843 com.android.providers.calendar/10189} force queryable
06-17 14:08:16.623  3480  3770 I AppsFilter: interaction: PackageSetting{abab825 rd.sheepskin.sandboxmusic/10445} -> PackageSetting{5fa0843 com.android.providers.calendar/10189} force queryable
06-17 14:08:16.623  3480  3770 I AppsFilter: interaction: PackageSetting{abab825 rd.sheepskin.sandboxmusic/10445} -> PackageSetting{5fa0843 com.android.providers.calendar/10189} force queryable
06-17 14:08:16.624  3480  3770 I AppsFilter: interaction: PackageSetting{abab825 rd.sheepskin.sandboxmusic/10445} -> PackageSetting{de0a39f com.google.android.ext.services/10258} force queryable
06-17 14:08:16.624  3480  3770 I AppsFilter: interaction: PackageSetting{abab825 rd.sheepskin.sandboxmusic/10445} -> PackageSetting{de0a39f com.google.android.ext.services/10258} force queryable
06-17 14:08:16.624  3480  3770 I AppsFilter: interaction: PackageSetting{abab825 rd.sheepskin.sandboxmusic/10445} -> PackageSetting{de0a39f com.google.android.ext.services/10258} force queryable
06-17 14:08:16.624  3480  3770 I AppsFilter: interaction: PackageSetting{abab825 rd.sheepskin.sandboxmusic/10445} -> PackageSetting{de0a39f com.google.android.ext.services/10258} force queryable
06-17 14:08:16.624  3480  3770 I AppsFilter: interaction: PackageSetting{abab825 rd.sheepskin.sandboxmusic/10445} -> PackageSetting{de0a39f com.google.android.ext.services/10258} force queryable
06-17 14:08:16.624  3480  3770 I AppsFilter: interaction: PackageSetting{abab825 rd.sheepskin.sandboxmusic/10445} -> PackageSetting{32c260a com.android.systemui.overlay.fingerprint.anim.fireworks/10054} force queryable
06-17 14:08:16.624  3480  3770 I AppsFilter: interaction: PackageSetting{abab825 rd.sheepskin.sandboxmusic/10445} -> PackageSetting{32c260a com.android.systemui.overlay.fingerprint.anim.fireworks/10054} force queryable
06-17 14:08:16.624  3480  3770 I AppsFilter: interaction: PackageSetting{abab825 rd.sheepskin.sandboxmusic/10445} -> PackageSetting{32c260a com.android.systemui.overlay.fingerprint.anim.fireworks/10054} force queryable
06-17 14:08:16.624  3480  3770 I AppsFilter: interaction: PackageSetting{abab825 rd.sheepskin.sandboxmusic/10445} -> PackageSetting{32c260a com.android.systemui.overlay.fingerprint.anim.fireworks/10054} force queryable
06-17 14:08:16.624  3480  3770 I AppsFilter: interaction: PackageSetting{abab825 rd.sheepskin.sandboxmusic/10445} -> PackageSetting{32c260a com.android.systemui.overlay.fingerprint.anim.fireworks/10054} force queryable
06-17 14:08:16.624  3480  3770 I AppsFilter: interaction: PackageSetting{abab825 rd.sheepskin.sandboxmusic/10445} -> PackageSetting{31f6e7b com.android.ncm.overlay.common/10221} force queryable
06-17 14:08:16.624  3480  3770 I AppsFilter: interaction: PackageSetting{abab825 rd.sheepskin.sandboxmusic/10445} -> PackageSetting{31f6e7b com.android.ncm.overlay.common/10221} force queryable
06-17 14:08:16.624  3480  3770 I AppsFilter: interaction: PackageSetting{abab825 rd.sheepskin.sandboxmusic/10445} -> PackageSetting{31f6e7b com.android.ncm.overlay.common/10221} force queryable
06-17 14:08:16.624  3480  3770 I AppsFilter: interaction: PackageSetting{abab825 rd.sheepskin.sandboxmusic/10445} -> PackageSetting{31f6e7b com.android.ncm.overlay.common/10221} force queryable
06-17 14:08:16.624  3480  3770 I AppsFilter: interaction: PackageSetting{abab825 rd.sheepskin.sandboxmusic/10445} -> PackageSetting{31f6e7b com.android.ncm.overlay.common/10221} force queryable
06-17 14:08:16.624  3480  3770 I AppsFilter: interaction: PackageSetting{abab825 rd.sheepskin.sandboxmusic/10445} -> PackageSetting{62db498 android.frameworkres.overlay/10059} force queryable
06-17 14:08:16.624  3480  3770 I AppsFilter: interaction: PackageSetting{abab825 rd.sheepskin.sandboxmusic/10445} -> PackageSetting{62db498 android.frameworkres.overlay/10059} force queryable
06-17 14:08:16.624  3480  3770 I AppsFilter: interaction: PackageSetting{abab825 rd.sheepskin.sandboxmusic/10445} -> PackageSetting{62db498 android.frameworkres.overlay/10059} force queryable
06-17 14:08:16.624  3480  3770 I AppsFilter: interaction: PackageSetting{abab825 rd.sheepskin.sandboxmusic/10445} -> PackageSetting{62db498 android.frameworkres.overlay/10059} force queryable
06-17 14:08:16.624  3480  3770 I AppsFilter: interaction: PackageSetting{abab825 rd.sheepskin.sandboxmusic/10445} -> PackageSetting{62db498 android.frameworkres.overlay/10059} force queryable
06-17 14:08:16.629  3480  3770 D PackageManager: skipInstallInMultiUser rd.sheepskin.sandboxmusic
06-17 14:08:16.639  3480  5525 I NativeFreezeManager: getCPULoad cpu Loading: 36
06-17 14:08:16.647  3480  3770 W PackageSettings: Skipping PackageSetting{ed76c0a nekox.messenger/10474} due to missing metadata
06-17 14:08:16.652  3480  3770 D OplusPackageAbiHelper: notifyPackageAddOrChange :rd.sheepskin.sandboxmusic primaryabi = arm64-v8a secondabi = null
06-17 14:08:16.653  3480  3584 I ActivityManager: Force stopping rd.sheepskin.sandboxmusic appid=10445 user=-1: installPackageLI
06-17 14:08:16.659  3480  3580 W UserAwareMgr: top app is killed
06-17 14:08:16.659  3480  3580 I UserAwareMgr: process killed: {pkgName='rd.sheepskin.sandboxmusic', serviceName='', procName=rd.sheepskin.sandboxmusic, pid=7573, uid=10445, appId=0, owner='null', flags='tp', renderTid=16757, hwuiTids=[16865, 16866], glTids=null, threadInfos=null, mVideoActivityList=[], mStates=0}
06-17 14:08:16.659  3480  3580 I UserAwareMgr: handleProcessKilled, pkgName: rd.sheepskin.sandboxmusic, pid: 7573
06-17 14:08:16.659  3480  3584 I ActivityManager: Killing 7573:rd.sheepskin.sandboxmusic/u0a445 (adj 0): stop rd.sheepskin.sandboxmusic due to installPackageLI
06-17 14:08:16.661  3480  3770 D PackageManagerServiceUtilsExtImpl: svc is empty, not 64-bit platform
06-17 14:08:16.661  3480  3770 I PackageManager: installation completed for package:rd.sheepskin.sandboxmusic. Final code path: /data/app/~~C8nKUjokcTxuzw_pQLOZog==/rd.sheepskin.sandboxmusic-hF1_AXILBud6rgioIbfqKg==
06-17 14:08:16.661  3480  3770 I AppsFilter: interaction: PackageSetting{8c0c61b com.android.microdroid.empty_payload/10275} -> PackageSetting{851907f rd.sheepskin.sandboxmusic/10445} BLOCKED
06-17 14:08:16.661  3480  3770 I AppsFilter: interaction: PackageSetting{52f9591 com.oplus.locationproxy/10173} -> PackageSetting{851907f rd.sheepskin.sandboxmusic/10445} BLOCKED
06-17 14:08:16.662  3480  3770 I AppsFilter: interaction: PackageSetting{3fb0cf6 com.android.certinstaller/10210} -> PackageSetting{851907f rd.sheepskin.sandboxmusic/10445} BLOCKED
06-17 14:08:16.662  3480  3770 I AppsFilter: interaction: PackageSetting{c1ba8f7 com.oplus.location/10218} -> PackageSetting{851907f rd.sheepskin.sandboxmusic/10445} BLOCKED
06-17 14:08:16.663  3480  3770 I AppsFilter: interaction: PackageSetting{8c0c61b com.android.microdroid.empty_payload/10275} -> PackageSetting{851907f rd.sheepskin.sandboxmusic/10445} BLOCKED
06-17 14:08:16.663  3480  3770 I AppsFilter: interaction: PackageSetting{52f9591 com.oplus.locationproxy/10173} -> PackageSetting{851907f rd.sheepskin.sandboxmusic/10445} BLOCKED
06-17 14:08:16.663  3480  3770 I AppsFilter: interaction: PackageSetting{3fb0cf6 com.android.certinstaller/10210} -> PackageSetting{851907f rd.sheepskin.sandboxmusic/10445} BLOCKED
06-17 14:08:16.663  3480  3770 I AppsFilter: interaction: PackageSetting{c1ba8f7 com.oplus.location/10218} -> PackageSetting{851907f rd.sheepskin.sandboxmusic/10445} BLOCKED
06-17 14:08:16.663  3480  3770 I AppsFilter: interaction: PackageSetting{8c0c61b com.android.microdroid.empty_payload/10275} -> PackageSetting{851907f rd.sheepskin.sandboxmusic/10445} BLOCKED
06-17 14:08:16.663  3480  3770 I AppsFilter: interaction: PackageSetting{52f9591 com.oplus.locationproxy/10173} -> PackageSetting{851907f rd.sheepskin.sandboxmusic/10445} BLOCKED
06-17 14:08:16.663  3480  3770 I AppsFilter: interaction: PackageSetting{3fb0cf6 com.android.certinstaller/10210} -> PackageSetting{851907f rd.sheepskin.sandboxmusic/10445} BLOCKED
06-17 14:08:16.663  3480  3770 I AppsFilter: interaction: PackageSetting{c1ba8f7 com.oplus.location/10218} -> PackageSetting{851907f rd.sheepskin.sandboxmusic/10445} BLOCKED
06-17 14:08:16.665  3480  3770 D InstallerExtImpl: Avoid to hold lock when rmPackageDir
06-17 14:08:16.667  3480  3584 W ActivityTaskManager: Force removing ActivityRecord{254689029 u0 rd.sheepskin.sandboxmusic/.MainActivity t12214 f}}: app died, no saved state
06-17 14:08:16.667  3480  3770 D InstallerExtImpl: Avoid to hold lock when rmPackageDir
06-17 14:08:16.669  3480  3770 D UserUninstallRecorder: not care rd.sheepskin.sandboxmusic installed.
06-17 14:08:16.669  4908  4978 V WindowManagerShell: Transition requested (#15419): android.os.BinderProxy@6183ba8 TransitionRequestInfo { type = CLOSE, triggerTask = TaskInfo{userId=0 taskId=12214 effectiveUid=10445 displayId=0 isRunning=false baseIntent=Intent { act=android.intent.action.MAIN cat=[android.intent.category.LAUNCHER] flg=0x10200000 cmp=rd.sheepskin.sandboxmusic/.MainActivity mCallingUid=2000 } baseActivity=null topActivity=null origActivity=null realActivity=ComponentInfo{rd.sheepskin.sandboxmusic/rd.sheepskin.sandboxmusic.MainActivity}
06-17 14:08:16.669  4908  4978 V WindowManagerShell:  numActivities=0 lastActiveTime=950192914 supportsSplitScreenMultiWindow=true supportsMultiWindow=true supportsPocketStudioMultiWindow=true isInFlexibleEmbedded = false uid = -1 pid = -1 resizeMode=2 isResizeable=true minWidth=-1 minHeight=-1 defaultMinSize=220 token=WCT{android.window.IWindowContainerToken$Stub$Proxy@66ec6c1} topActivityType=1 pictureInPictureParams=null shouldDockBigOverlays=false launchIntoPipHostTaskId=-1 lastParentTaskIdBeforePip=-1 displayCutoutSafeInsets=Rect(0, 0 - 0, 0)
06-17 14:08:16.669  4908  4978 V WindowManagerShell:  topActivityInfo=null launchCookies=[] positionInParent=Point(0, 0) parentTaskId=-1 isFocused=true isVisible=true isVisibleRequested=true isTopActivityNoDisplay=false isSleeping=false locusId=null displayAreaFeatureId=1 isTopActivityTransparent=false isActivityStackTransparent=true lastNonFullscreenBounds=Rect(352, 845 - 1089, 2285) capturedLink=null capturedLinkTimestamp=0 requestedVisibleTypes=-9 topActivityRequestOpenInBrowserEducationTimestamp=0
06-17 14:08:16.669  4908  4978 V WindowManagerShell:  appCompatTaskInfo=AppCompatTaskInfo { topActivityInSizeCompat=false topActivityInOplusCompatMode=false eligibleForLetterboxEducation= false isLetterboxEducationEnabled= false isLetterboxDoubleTapEnabled= false eligibleForUserAspectRatioButton= false topActivityBoundsLetterboxed= false isFromLetterboxDoubleTap= false topActivityLetterboxVerticalPosition= -1 topActivityLetterboxHorizontalPosition= -1 topActivityLetterboxWidth=-1 topActivityLetterboxHeight=-1 topActivityAppBounds=Rect(0, 0 - 0, 0) isUserFullscreenOverrideEnabled=false isSystemFullscreenOverrideEnabled=false hasMinAspectRatioOverride=false topActivityLetterboxBounds=null cameraCompatTaskInfo=CameraCompatTaskInfo { freeformCameraCompatMode=undefined}} topActivityMainWindowFrame=null topActivityLetterboxInsets=Rect(0, 0 - 0, 0)
06-17 14:08:16.669  4908  4978 V WindowManagerShell:  mOplusExtraBundle = Bundle[mParcelledData.dataSize=1468]}, pipChange = null, remoteTransition = null, displayChange = null, flags = 0, debugId = 15419 }
06-17 14:08:16.675  3480  5996 D BackgroundInstallControlService: Package event received: 0
06-17 14:08:16.678  3480  3584 D ActivityTaskManager: removeAppToken: ActivityRecord{254689029 u0 rd.sheepskin.sandboxmusic/.MainActivity t12214 f}} delayed=true parent=Task{211509 #12214 type=standard A=10445:rd.sheepskin.sandboxmusic} animating=true Callers=com.android.server.wm.DisplayContent.removeAppToken:1764 com.android.server.wm.ActivityRecord.removeFromHistory:4987 com.android.server.wm.ActivityRecord.handleAppDied:5346 com.android.server.wm.WindowProcessController.handleAppDied:1712 
06-17 14:08:16.678  3480  3584 D WindowManager: NFW_findFocusedWindowIfNeeded:null mCurrentFocus:Window{cc9b93f u0 rd.sheepskin.sandboxmusic/rd.sheepskin.sandboxmusic.MainActivity}
06-17 14:08:16.678  3480  3584 V WindowManager: Changing focus from Window{cc9b93f u0 rd.sheepskin.sandboxmusic/rd.sheepskin.sandboxmusic.MainActivity} to null,diplayid=0
06-17 14:08:16.680  3480  3584 D RefreshRate: not enable app switch boost in low brightness mode!
06-17 14:08:16.681  3480  3584 D ActivityTaskManager: setAppVisibility(Token{c4ce2ba ActivityRecord{130812636 u0 com.reddit.frontpage/com.reddit.launch.main.MainActivity t12212}}, visible=true):  visible=false mVisibleRequested=false
06-17 14:08:16.682  3480  3584 D WindowManager: NFW_setClientVisible:ActivityRecord{130812636 u0 com.reddit.frontpage/com.reddit.launch.main.MainActivity t12212} clientVisible:true
06-17 14:08:16.682  3480  3584 D ActivityTaskManager: setVisibility(Token{c4ce2ba ActivityRecord{130812636 u0 com.reddit.frontpage/com.reddit.launch.main.MainActivity t12212}}, visible=true) defer commitVisibility for transition collecting
06-17 14:08:16.682  3480  3584 D ActivityTaskManager: onWindowFocusChanged Task{707a497 #12212 type=standard A=10506:com.reddit.frontpage} would transfer to compact
06-17 14:08:16.682  3480  3580 I UserAwareMgr: handleTopAppChanged: com.reddit.frontpage, pid: 24565, uid: 10506
06-17 14:08:16.683  3480  3584 D ActivityTaskManager: NFW_setLastResumedActivityUncheckLocked:true r:ActivityRecord{130812636 u0 com.reddit.frontpage/com.reddit.launch.main.MainActivity t12212} currentFocus:null
06-17 14:08:16.683  3480  3584 D WindowManager: NFW_findFocusedWindowIfNeeded:null mCurrentFocus:null
06-17 14:08:16.683  3480  3584 D FlexibleTaskController: onTaskFocusChanged prevTask:Task{211509 #12214 type=standard A=10445:rd.sheepskin.sandboxmusic} ,currentTask:Task{707a497 #12212 type=standard A=10506:com.reddit.frontpage}, reason: resumeTopActivity - onActivityStateChanged
06-17 14:08:16.683  3480  3584 D OplusFlexibleDCSManager: onNextPkgChanged pkg = com.reddit.frontpage
06-17 14:08:16.683  3480  3584 I OplusJoystickManager: handleApplicationSwitch deprecated!
06-17 14:08:16.683  3480  3584 I GameManagerServiceExt-GameManagerServiceExt: on FG change: rd.sheepskin.sandboxmusic|com.reddit.frontpage
06-17 14:08:16.683  3480  3584 I OplusAppSwitchManagerService: com.reddit.frontpage notifyGcSupression , firstStart = false
06-17 14:08:16.684  3480  3584 D ActivityTaskManager: The isLandscapeFullscreenEnabled is: com.reddit.frontpage/com.reddit.launch.main.MainActivity
06-17 14:08:16.685  3480  3584 D ActivityTaskManager: The isLandscapeFullscreenEnabled is: com.reddit.frontpage/com.reddit.launch.main.MainActivity
06-17 14:08:16.685  3480  3584 D FlexibleTaskController: isFullToFlexibleAnimating: false
06-17 14:08:16.685  3480  3584 D WindowManager: rotation(ROTATION_0) no changed  displayId = 0, lastOrientation = 1
06-17 14:08:16.685  3480  3584 D ActivityTaskManager: The isLandscapeFullscreenEnabled is: com.reddit.frontpage/com.reddit.launch.main.MainActivity
06-17 14:08:16.685  3480  3584 D ActivityTaskManager: The isLandscapeFullscreenEnabled is: com.reddit.frontpage/com.reddit.launch.main.MainActivity
06-17 14:08:16.685  3480  3584 D ActivityTaskManager: The isLandscapeFullscreenEnabled is: com.reddit.frontpage/com.reddit.launch.main.MainActivity
06-17 14:08:16.685  3480  3584 D ActivityTaskManager: The isLandscapeFullscreenEnabled is: com.reddit.frontpage/com.reddit.launch.main.MainActivity
06-17 14:08:16.685  3480  3584 D ActivityTaskManager: The isLandscapeFullscreenEnabled is: com.reddit.frontpage/com.reddit.launch.main.MainActivity
06-17 14:08:16.685  3480  3584 D ActivityTaskManager: The isLandscapeFullscreenEnabled is: com.reddit.frontpage/com.reddit.launch.main.MainActivity
06-17 14:08:16.685  3480  3584 D ActivityTaskManager: The isLandscapeFullscreenEnabled is: com.reddit.frontpage/com.reddit.launch.main.MainActivity
06-17 14:08:16.685  3480  3584 D ActivityTaskManager: The isLandscapeFullscreenEnabled is: com.reddit.frontpage/com.reddit.launch.main.MainActivity
06-17 14:08:16.685  3480  3584 D ActivityTaskManager: The isLandscapeFullscreenEnabled is: com.reddit.frontpage/com.reddit.launch.main.MainActivity
06-17 14:08:16.686  3480  3732 W PackageSettings: writeFreezeToXml ustate isn't instance of PackageUserStateImpl
06-17 14:08:16.686  3480  3732 W PackageSettings: writeFreezeToXml ustate isn't instance of PackageUserStateImpl
06-17 14:08:16.686  3480  3732 W PackageSettings: writeFreezeToXml ustate isn't instance of PackageUserStateImpl
06-17 14:08:16.686  3480  3732 W PackageSettings: writeFreezeToXml ustate isn't instance of PackageUserStateImpl
06-17 14:08:16.686  3480  3732 W PackageSettings: writeFreezeToXml ustate isn't instance of PackageUserStateImpl
06-17 14:08:16.686  3480  3732 W PackageSettings: writeFreezeToXml ustate isn't instance of PackageUserStateImpl
06-17 14:08:16.686  3480  3732 W PackageSettings: writeFreezeToXml ustate isn't instance of PackageUserStateImpl
06-17 14:08:16.686  3480  3732 W PackageSettings: writeFreezeToXml ustate isn't instance of PackageUserStateImpl
06-17 14:08:16.686  3480  3584 D ActivityTaskManager: The isLandscapeFullscreenEnabled is: com.reddit.frontpage/com.reddit.launch.main.MainActivity
06-17 14:08:16.686  3480  3732 W PackageSettings: writeFreezeToXml ustate isn't instance of PackageUserStateImpl
06-17 14:08:16.686  3480  3584 D ActivityRecordExtImpl:  setIsWaitingForAppResume for ActivityRecord{130812636 u0 com.reddit.frontpage/com.reddit.launch.main.MainActivity t12212} isWaiting true
06-17 14:08:16.686  3480  3732 W PackageSettings: writeFreezeToXml ustate isn't instance of PackageUserStateImpl
06-17 14:08:16.686  3480  3732 W PackageSettings: writeFreezeToXml ustate isn't instance of PackageUserStateImpl
06-17 14:08:16.686  3480  3732 W PackageSettings: writeFreezeToXml ustate isn't instance of PackageUserStateImpl
06-17 14:08:16.686  3480  3732 W PackageSettings: writeFreezeToXml ustate isn't instance of PackageUserStateImpl
06-17 14:08:16.686  3480  3732 W PackageSettings: writeFreezeToXml ustate isn't instance of PackageUserStateImpl
06-17 14:08:16.686  3480  3732 W PackageSettings: writeFreezeToXml ustate isn't instance of PackageUserStateImpl
06-17 14:08:16.686  3480  3732 W PackageSettings: writeFreezeToXml ustate isn't instance of PackageUserStateImpl
06-17 14:08:16.686  3480  3732 W PackageSettings: writeFreezeToXml ustate isn't instance of PackageUserStateImpl
06-17 14:08:16.686  3480  3732 W PackageSettings: writeFreezeToXml ustate isn't instance of PackageUserStateImpl
06-17 14:08:16.686  3480 23641 E KernelCpuUidFreqTimeReader: Negative delta from freq time for uid: 99283, delta: -2
06-17 14:08:16.686  3480 23641 E KernelCpuUidFreqTimeReader: Negative delta from freq time for uid: 99290, delta: -130
06-17 14:08:16.686  3480 23641 E KernelCpuUidFreqTimeReader: Negative delta from freq time for uid: 99291, delta: -19
06-17 14:08:16.687  3480 23641 E KernelCpuUidFreqTimeReader: Negative delta from freq time for uid: 99999211, delta: -2
06-17 14:08:16.687  3480  3584 I TaskOrganizerController: onTaskInfoChanged taskid 12214 config { mBounds=Rect(0, 0 - 1440, 3168) mAppBounds=Rect(0, 0 - 1440, 3168) mMaxBounds=Rect(0, 0 - 1440, 3168) mDisplayRotation=ROTATION_0 mWindowingMode=fullscreen mActivityType=standard mAlwaysOnTop=undefined mRotation=ROTATION_0}
06-17 14:08:16.687  3480  3584 D OplusFlexibleDragToSplitAnimController: visibleFlexibleTaskInfos delete:12214
06-17 14:08:16.687  3480  3584 E FlexibleWindowManagerService: notifyTaskObserverToAttachController not need to notify!
06-17 14:08:16.687  3480  3584 I FlexibleWindowManagerService: onFlexibleWindowTaskInfoChanged, return for cur task not embedded
06-17 14:08:16.687  3480  3584 I TaskOrganizerController: onTaskInfoChanged taskid 12212 config { mBounds=Rect(0, 0 - 1440, 3168) mAppBounds=Rect(0, 0 - 1440, 3168) mMaxBounds=Rect(0, 0 - 1440, 3168) mDisplayRotation=ROTATION_0 mWindowingMode=fullscreen mActivityType=standard mAlwaysOnTop=undefined mRotation=ROTATION_0}
06-17 14:08:16.687  3480  3584 D OplusFlexibleDragToSplitAnimController: visibleFlexibleTaskInfos delete:12212
06-17 14:08:16.687  3480  3584 E FlexibleWindowManagerService: notifyTaskObserverToAttachController not need to notify!
06-17 14:08:16.687  3480  3584 I FlexibleWindowManagerService: onFlexibleWindowTaskInfoChanged, return for cur task not embedded
06-17 14:08:16.688  3480  3596 E OplusThermalStats: Error getting package info: com.reddit.frontpage
06-17 14:08:16.689  3480  4704 V WindowManager: Relayout Window{1b705bf u0 Pop-Up Window}: viewVisibility=0, oldvis=8, req=5x5 , apr = 0, 
06-17 14:08:16.689  3480  4704 I WindowManager: Window{1b705bf u0 Pop-Up Window} state from NO_SURFACE to DRAW_PENDING; reason: resetDrawState
06-17 14:08:16.689  3480  3580 W QosSceneRecognizer[SmartWindowScene]: updateWindowState fail! invalid window type: -1
06-17 14:08:16.689  3480  3726 D OplusAppSwitchListener: App Activity Change
06-17 14:08:16.689  3480  3580 I UserAwareMgr: handleAppChangedToBg, pkgName: rd.sheepskin.sandboxmusic, pid: 16771
06-17 14:08:16.689  3480  3580 W UserAwareMgr: app not not found or not visible: null
06-17 14:08:16.689  3480  3580 W UserAwareMgr: handleAppChangedToBg process is empty
06-17 14:08:16.689  3480  3584 I ActivityManager: Killing 16771:com.google.android.webview:sandboxed_process0:org.chromium.content.app.SandboxedProcessService0:0/u0a445i291 (adj 0): isolated not needed
06-17 14:08:16.689  3480  3726 D OplusAppSwitchListener: Detect rd.sheepskin.sandboxmusic switch to background
06-17 14:08:16.689  3480  3726 D OplusFeatureReduceBrightness: onAppExit , info = rd.sheepskin.sandboxmusic
06-17 14:08:16.690  3480  3732 W PackageSettings: writeFreezeToXml ustate isn't instance of PackageUserStateImpl
06-17 14:08:16.690  3480  3726 D OplusAppSwitchListener: Detect com.reddit.frontpage switch to foreground
06-17 14:08:16.690  3480  3732 W PackageSettings: writeFreezeToXml ustate isn't instance of PackageUserStateImpl
06-17 14:08:16.690  3480  3732 W PackageSettings: writeFreezeToXml ustate isn't instance of PackageUserStateImpl
06-17 14:08:16.690  3480  3732 W PackageSettings: writeFreezeToXml ustate isn't instance of PackageUserStateImpl
06-17 14:08:16.690  3480  3732 W PackageSettings: writeFreezeToXml ustate isn't instance of PackageUserStateImpl
06-17 14:08:16.690  3480  3732 W PackageSettings: writeFreezeToXml ustate isn't instance of PackageUserStateImpl
06-17 14:08:16.690  3480  3584 D OomAdjusterSocExtImpl: App adj change from cached state to fg state : 24565 com.reddit.frontpage
06-17 14:08:16.690  3480 17844 D OplusEapManager: mTargetExitName :rd.sheepskin.sandboxmusic
06-17 14:08:16.690  3480  3728 D VRR [OPlusRefreshRateService]: handleFrontAppChange pkgName: null
06-17 14:08:16.690  3480 17844 D OplusAppSwitchRuleInfo: generateAppEnterInfo - launch_source_type =  , launch_source_traceid = 
06-17 14:08:16.690  3480 17844 D ActivityTaskManager: The isLandscapeFullscreenEnabled is: com.reddit.frontpage/com.reddit.launch.main.MainActivity
06-17 14:08:16.690  3480 17844 D ActivityTaskManager: The isLandscapeFullscreenEnabled is: com.reddit.frontpage/com.reddit.launch.main.MainActivity
06-17 14:08:16.691  3480 17844 D OplusAppSwitchRuleInfo: generateAppEnterInfo - launch_source_type =  , launch_source_traceid = 
06-17 14:08:16.691  3480 17844 D ActivityTaskManager: The isLandscapeFullscreenEnabled is: com.reddit.frontpage/com.reddit.launch.main.MainActivity
06-17 14:08:16.691  3480 17844 D ActivityTaskManager: The isLandscapeFullscreenEnabled is: com.reddit.frontpage/com.reddit.launch.main.MainActivity
06-17 14:08:16.691  3480  3580 W QosSceneRecognizer[SmartWindowScene]: updateWindowState fail! invalid window type: -1
06-17 14:08:16.691  3480 17844 D OplusAppSwitchRuleInfo: generateAppEnterInfo - launch_source_type =  , launch_source_traceid = 
06-17 14:08:16.691  3480 17844 D ActivityTaskManager: The isLandscapeFullscreenEnabled is: com.reddit.frontpage/com.reddit.launch.main.MainActivity
06-17 14:08:16.691  3480 17844 D ActivityTaskManager: The isLandscapeFullscreenEnabled is: com.reddit.frontpage/com.reddit.launch.main.MainActivity
06-17 14:08:16.691  3480 17844 D OplusEapManager: mTargetEnterName :com.reddit.frontpage
06-17 14:08:16.692  3480  3728 D VRR [OPlusRefreshRateService]: handleFrontAppChange pkgName: com.reddit.frontpage
06-17 14:08:16.692  3480  3728 D VRR [OPlusSAManager]: updateAutoMinfps for 4630946450791512195 with nits: 7.200704, mHistOK true, mAmbientOK true, mCctOK true, mIrOK true, mBrightnessOK true, isPkgOK true, SA min fps: 0
06-17 14:08:16.692  3480 17844 D OplusAppSwitchRuleInfo: generateAppEnterInfo - launch_source_type =  , launch_source_traceid = 
06-17 14:08:16.692  3480 17844 D ActivityTaskManager: The isLandscapeFullscreenEnabled is: com.reddit.frontpage/com.reddit.launch.main.MainActivity
06-17 14:08:16.692  3480 17844 D ActivityTaskManager: The isLandscapeFullscreenEnabled is: com.reddit.frontpage/com.reddit.launch.main.MainActivity
06-17 14:08:16.692  3480 17844 D OplusAppSwitchRuleInfo: generateAppEnterInfo - launch_source_type =  , launch_source_traceid = 
06-17 14:08:16.692  3480 17844 D ActivityTaskManager: The isLandscapeFullscreenEnabled is: com.reddit.frontpage/com.reddit.launch.main.MainActivity
06-17 14:08:16.692  3480 17844 D ActivityTaskManager: The isLandscapeFullscreenEnabled is: com.reddit.frontpage/com.reddit.launch.main.MainActivity
06-17 14:08:16.692  3480 17844 D OplusAppSwitchRuleInfo: generateAppEnterInfo - launch_source_type =  , launch_source_traceid = 
06-17 14:08:16.692  3480 17844 D ActivityTaskManager: The isLandscapeFullscreenEnabled is: com.reddit.frontpage/com.reddit.launch.main.MainActivity
06-17 14:08:16.692  3480 17844 D ActivityTaskManager: The isLandscapeFullscreenEnabled is: com.reddit.frontpage/com.reddit.launch.main.MainActivity
06-17 14:08:16.692  3480  4704 D WindowManager: NFW_findFocusedWindowIfNeeded:null mCurrentFocus:null
06-17 14:08:16.693  3480 17844 D OplusAppSwitchRuleInfo: generateActivityEnterInfo - launch_source_type =  , launch_source_traceid = 
06-17 14:08:16.693  3480  4704 D ActivityTaskManager: The isLandscapeFullscreenEnabled is: com.reddit.frontpage/com.reddit.launch.main.MainActivity
06-17 14:08:16.694  3480  3732 W PackageSettings: writeFreezeToXml ustate isn't instance of PackageUserStateImpl
06-17 14:08:16.694  3480  3732 W PackageSettings: writeFreezeToXml ustate isn't instance of PackageUserStateImpl
06-17 14:08:16.694  3480  3732 W PackageSettings: writeFreezeToXml ustate isn't instance of PackageUserStateImpl
06-17 14:08:16.694  3480  3732 W PackageSettings: writeFreezeToXml ustate isn't instance of PackageUserStateImpl
06-17 14:08:16.694  3480  3732 W PackageSettings: writeFreezeToXml ustate isn't instance of PackageUserStateImpl
06-17 14:08:16.694  3480  3732 W PackageSettings: writeFreezeToXml ustate isn't instance of PackageUserStateImpl
06-17 14:08:16.695  3480  3732 W PackageSettings: writeFreezeToXml ustate isn't instance of PackageUserStateImpl
06-17 14:08:16.695  3480  3732 W PackageSettings: writeFreezeToXml ustate isn't instance of PackageUserStateImpl
06-17 14:08:16.695  3480  3732 W PackageSettings: writeFreezeToXml ustate isn't instance of PackageUserStateImpl
06-17 14:08:16.695  3480  3732 W PackageSettings: writeFreezeToXml ustate isn't instance of PackageUserStateImpl
06-17 14:08:16.695  3480  3732 W PackageSettings: writeFreezeToXml ustate isn't instance of PackageUserStateImpl
06-17 14:08:16.695  3480  3732 W PackageSettings: writeFreezeToXml ustate isn't instance of PackageUserStateImpl
06-17 14:08:16.695  3480  3584 D ActivityTaskManager: The isLandscapeFullscreenEnabled is: com.reddit.frontpage/com.reddit.launch.main.MainActivity
06-17 14:08:16.697  3480 23641 D OplusSplitScreenManagerService: com.teslacoilsw.launcher unSupportsSplitScreen by blockList or ForbidActivityList
06-17 14:08:16.697  3480  3770 W ActivityManager: Skipping broadcast of Intent { act=oplus.intent.action.PACKAGE_REMOVED dat=package: flg=0x5000030 (has extras) }: user 11 and its parent (if any) are stopped
06-17 14:08:16.697  3480  3770 W ActivityManager: Skipping broadcast of Intent { act=android.intent.action.PACKAGE_REMOVED dat=package: flg=0x4000010 (has extras) }: user 11 and its parent (if any) are stopped
06-17 14:08:16.698  3480  3770 W ActivityManager: Skipping broadcast of Intent { act=oplus.intent.action.PACKAGE_REMOVED dat=package: flg=0x5000030 (has extras) }: user 10 and its parent (if any) are stopped
06-17 14:08:16.698  3480  3770 W ActivityManager: Skipping broadcast of Intent { act=android.intent.action.PACKAGE_REMOVED dat=package: flg=0x4000010 (has extras) }: user 10 and its parent (if any) are stopped
06-17 14:08:16.698  3480  3770 I ActivityManager: Force stopping rd.sheepskin.sandboxmusic appid=10445 user=0: pkg removed
06-17 14:08:16.698  3480  3770 I WindowManager:   Force removing ActivityRecord{254689029 u0 rd.sheepskin.sandboxmusic/.MainActivity t12214 f} isExiting}
06-17 14:08:16.698  3480  3770 W WindowManager: removeAppToken: Attempted to remove non-existing token: Token{74e30e ActivityRecord{254689029 u0 rd.sheepskin.sandboxmusic/.MainActivity t12214 f} isExiting}}
06-17 14:08:16.700  3480  6116 I ActivityManager: Death received, pid = 16771, processName = com.google.android.webview:sandboxed_process0:org.chromium.content.app.SandboxedProcessService0:0 for thread android.os.BinderProxy@2f09103
06-17 14:08:16.701  3480  3770 D ActivityTaskManager: The isLandscapeFullscreenEnabled is: com.reddit.frontpage/com.reddit.launch.main.MainActivity
06-17 14:08:16.701  3480  3770 W ActivityManager: pid 3480 system sent binder code 23 with flags 1 to frozen apps and got error -32
06-17 14:08:16.702  3480  3567 D OplusSplitScreenManagerService: com.teslacoilsw.launcher unSupportsSplitScreen by blockList or ForbidActivityList
06-17 14:08:16.704  3480  3732 W PackageSettings: writeFreezeToXml ustate isn't instance of PackageUserStateImpl
06-17 14:08:16.704  3480  3732 W PackageSettings: writeFreezeToXml ustate isn't instance of PackageUserStateImpl
06-17 14:08:16.714  3480  3578 D AppProfilerExtImpl: Skipped pss collection for CPU busy
06-17 14:08:16.715  3480  3732 W PackageSettings: writeFreezeToXml ustate isn't instance of PackageUserStateImpl
06-17 14:08:16.715  3480  3732 W PackageSettings: writeFreezeToXml ustate isn't instance of PackageUserStateImpl
06-17 14:08:16.715  3480  3732 W PackageSettings: writeFreezeToXml ustate isn't instance of PackageUserStateImpl
06-17 14:08:16.715  3480  3732 W PackageSettings: writeFreezeToXml ustate isn't instance of PackageUserStateImpl
06-17 14:08:16.715  3480  3732 W PackageSettings: writeFreezeToXml ustate isn't instance of PackageUserStateImpl
06-17 14:08:16.715  3480  3732 W PackageSettings: writeFreezeToXml ustate isn't instance of PackageUserStateImpl
06-17 14:08:16.715  3480  3732 W PackageSettings: writeFreezeToXml ustate isn't instance of PackageUserStateImpl
06-17 14:08:16.715  3480  3732 W PackageSettings: writeFreezeToXml ustate isn't instance of PackageUserStateImpl
06-17 14:08:16.715  3480  3732 W PackageSettings: writeFreezeToXml ustate isn't instance of PackageUserStateImpl
06-17 14:08:16.715  3480  3732 W PackageSettings: writeFreezeToXml ustate isn't instance of PackageUserStateImpl
06-17 14:08:16.715  3480  3732 W PackageSettings: writeFreezeToXml ustate isn't instance of PackageUserStateImpl
06-17 14:08:16.715  3480  3732 W PackageSettings: writeFreezeToXml ustate isn't instance of PackageUserStateImpl
06-17 14:08:16.715  3480  3732 W PackageSettings: writeFreezeToXml ustate isn't instance of PackageUserStateImpl
06-17 14:08:16.715  3480  3732 W PackageSettings: writeFreezeToXml ustate isn't instance of PackageUserStateImpl
06-17 14:08:16.715  3480  3732 W PackageSettings: writeFreezeToXml ustate isn't instance of PackageUserStateImpl
06-17 14:08:16.715  3480  3732 W PackageSettings: writeFreezeToXml ustate isn't instance of PackageUserStateImpl
06-17 14:08:16.715  3480  3732 W PackageSettings: writeFreezeToXml ustate isn't instance of PackageUserStateImpl
06-17 14:08:16.715  3480  3732 W PackageSettings: writeFreezeToXml ustate isn't instance of PackageUserStateImpl
06-17 14:08:16.715  3480  3732 W PackageSettings: writeFreezeToXml ustate isn't instance of PackageUserStateImpl
06-17 14:08:16.715  3480  3732 W PackageSettings: writeFreezeToXml ustate isn't instance of PackageUserStateImpl
06-17 14:08:16.715  3480  3732 W PackageSettings: writeFreezeToXml ustate isn't instance of PackageUserStateImpl
06-17 14:08:16.715  3480  3732 W PackageSettings: writeFreezeToXml ustate isn't instance of PackageUserStateImpl
06-17 14:08:16.715  3480  3732 W PackageSettings: writeFreezeToXml ustate isn't instance of PackageUserStateImpl
06-17 14:08:16.715  3480  3732 W PackageSettings: writeFreezeToXml ustate isn't instance of PackageUserStateImpl
06-17 14:08:16.715  3480  3732 W PackageSettings: writeFreezeToXml ustate isn't instance of PackageUserStateImpl
06-17 14:08:16.716  3480  3732 W PackageSettings: writeFreezeToXml ustate isn't instance of PackageUserStateImpl
06-17 14:08:16.716  3480  3732 W PackageSettings: writeFreezeToXml ustate isn't instance of PackageUserStateImpl
06-17 14:08:16.716  3480  3732 W PackageSettings: writeFreezeToXml ustate isn't instance of PackageUserStateImpl
06-17 14:08:16.716  3480  3732 W PackageSettings: writeFreezeToXml ustate isn't instance of PackageUserStateImpl
06-17 14:08:16.716  3480  3732 W PackageSettings: writeFreezeToXml ustate isn't instance of PackageUserStateImpl
06-17 14:08:16.716  3480  3732 W PackageSettings: writeFreezeToXml ustate isn't instance of PackageUserStateImpl
06-17 14:08:16.716  3480  3732 W PackageSettings: writeFreezeToXml ustate isn't instance of PackageUserStateImpl
06-17 14:08:16.716  3480  3732 W PackageSettings: writeFreezeToXml ustate isn't instance of PackageUserStateImpl
06-17 14:08:16.716  3480  3732 W PackageSettings: writeFreezeToXml ustate isn't instance of PackageUserStateImpl
06-17 14:08:16.716  3480  3732 W PackageSettings: writeFreezeToXml ustate isn't instance of PackageUserStateImpl
06-17 14:08:16.716  3480  3732 W PackageSettings: writeFreezeToXml ustate isn't instance of PackageUserStateImpl
06-17 14:08:16.716  3480  3732 W PackageSettings: writeFreezeToXml ustate isn't instance of PackageUserStateImpl
06-17 14:08:16.716  3480  3732 W PackageSettings: writeFreezeToXml ustate isn't instance of PackageUserStateImpl
06-17 14:08:16.727  3480  5318 D WindowManager: onSyncFinishedDrawing: Window{1b705bf u0 Pop-Up Window}
06-17 14:08:16.727  3480  5318 I WindowManager: finishDrawing skipLayout:false,syncSeqId=0,mPrepareSyncSeqId=0 Window{1b705bf u0 Pop-Up Window} com.android.server.wm.WindowManagerService.finishDrawingWindow:3230 com.android.server.wm.Session.finishDrawing:403 android.view.IWindowSession$Stub.onTransact:807 
06-17 14:08:16.727  3480  5318 I WindowManager: Window{1b705bf u0 Pop-Up Window} state from DRAW_PENDING to COMMIT_DRAW_PENDING; reason: finishDrawingLocked
06-17 14:08:16.728  3480  3571 I WindowManager: Window{1b705bf u0 Pop-Up Window} state from COMMIT_DRAW_PENDING to READY_TO_SHOW; reason: commitFinishDrawingLocked
06-17 14:08:16.728  3480  3571 I WindowManager: defer call onFirstWindowDrawn until mainwindow drawn:Window{1b705bf u0 Pop-Up Window}
06-17 14:08:16.729  3480  5770 I ActivityManager: Death received, pid = 0, processName = rd.sheepskin.sandboxmusic for thread android.os.BinderProxy@edf17df
06-17 14:08:16.730  3480  9568 I WindowManager: WIN DEATH: Window{cc9b93f u0 rd.sheepskin.sandboxmusic/rd.sheepskin.sandboxmusic.MainActivity}
06-17 14:08:16.730  3480  9568 D WindowManager: NFW_findFocusedWindowIfNeeded:null mCurrentFocus:null
06-17 14:08:16.730  3480  9568 I WindowManager: defer call onFirstWindowDrawn until mainwindow drawn:Window{1b705bf u0 Pop-Up Window}
06-17 14:08:16.732  3480  3571 I WindowManager: defer call onFirstWindowDrawn until mainwindow drawn:Window{1b705bf u0 Pop-Up Window}
06-17 14:08:16.779  3480  4345 V AlarmManager: sending alarm Alarm{fcb543f type 2 origWhen 950418459 whenElapsed 950418459 com.android.systemui} uid 10208 whenElapsed 950418459 windowLength 0 maxWhenElapsed 950418459 repeatInterval 0 action null component null tag track_set_event flags 0x9 procName com.android.systemui
06-17 14:08:16.784  3480  4416 I VibrationEffectConvertor: onInputMethodListUpdated received, info.size = 2
06-17 14:08:16.784  3480  4416 I VibrationEffectConvertor: userid = 11, packageName = com.google.android.inputmethod.latin
06-17 14:08:16.784  3480  4416 I VibrationEffectConvertor: userid = 11, packageName = com.oplus.securitykeyboard
06-17 14:08:16.787  3480  9568 W PackageConfigPersister: App-specific configuration not found for packageName: com.reddit.frontpage and userId: 0
06-17 14:08:16.798  3480  4416 I VibrationEffectConvertor: onInputMethodListUpdated received, info.size = 2
06-17 14:08:16.800  3480  4416 I VibrationEffectConvertor: userid = 10, packageName = com.google.android.inputmethod.latin
06-17 14:08:16.800  3480  4416 I VibrationEffectConvertor: userid = 10, packageName = com.oplus.securitykeyboard
06-17 14:08:16.805  3480  4540 D ShortcutService: received package broadcast intent: Intent { act=android.intent.action.PACKAGE_REMOVED dat=package: flg=0x4000010 (has extras) }
06-17 14:08:16.805  3480  5533 I OPM-Process: onPackageStatusChange ACTION_PACKAGE_REMOVED pkgName: rd.sheepskin.sandboxmusic uid: 10445
06-17 14:08:16.805  3480  5533 I OPM-Process: onPackageStatusChange isReInstall don't care!
06-17 14:08:16.806  3480 23641 I Sandbox:Service: onReceive() Intent { act=android.intent.action.PACKAGE_REMOVED dat=package: flg=0x4000010 (has extras) } extra: Bundle[{android.intent.extra.REMOVED_FOR_ALL_USERS=true, android.intent.extra.DONT_KILL_APP=false, android.intent.extra.UID=10445, android.intent.extra.SYSTEM_UPDATE_UNINSTALL=false, android.intent.extra.USER_INITIATED=true, android.intent.extra.DATA_REMOVED=false, android.intent.extra.REPLACING=true, android.intent.extra.user_handle=0}]
06-17 14:08:16.808  3480  4416 I VibrationEffectConvertor: onInputMethodListUpdated received, info.size = 4
06-17 14:08:16.808  3480  4416 I VibrationEffectConvertor: userid = 0, packageName = com.google.android.tts
06-17 14:08:16.808  3480  4416 I VibrationEffectConvertor: userid = 0, packageName = helium314.keyboard
06-17 14:08:16.808  3480  4416 I VibrationEffectConvertor: userid = 0, packageName = com.google.android.inputmethod.latin
06-17 14:08:16.808  3480  4416 I VibrationEffectConvertor: userid = 0, packageName = com.oplus.securitykeyboard
06-17 14:08:16.812 24565 24565 D ActivityThread: ComponentInfo{com.reddit.frontpage/com.reddit.launch.main.MainActivity} checkFinished=false 2
06-17 14:08:16.812 24565 24565 D ResourcesManagerExtImpl: applyConfigurationToAppResourcesLocked app.getDisplayId() return callback.displayId:0
06-17 14:08:16.830  3480  4410 D ActivityRecordExtImpl:  setIsWaitingForAppResume for ActivityRecord{130812636 u0 com.reddit.frontpage/com.reddit.launch.main.MainActivity t12212} isWaiting false
06-17 14:08:16.838  3480  4869 V ActivityManager: Got obituary of 7573:rd.sheepskin.sandboxmusic
06-17 14:08:16.839  3480  3596 D BatteryExternalStatsWorker: begin updateExternalStatsSync reason=remove-uid flag:1
06-17 14:08:16.839  3480  5996 D BackgroundInstallControlService: Package event received: 0
06-17 14:08:16.849  3480  3570 D FlexibleTaskController: check task which not have enough child, isInSingleWhiteList:false isCloneTask:false
06-17 14:08:16.852  3480  3570 V WindowManager: Unknown focus tokens, dropping reportFocusChanged
06-17 14:08:16.853  3480  3596 D BatteryExternalStatsWorker: end updateExternalStatsSync
06-17 14:08:16.854  3480  3480 D MultiApp-DataService: handlePackageChange: android.intent.action.PACKAGE_REMOVED for: rd.sheepskin.sandboxmusic
06-17 14:08:16.855  3480  3570 W ActivityManager: setHasOverlayUi called on unknown pid: 7573
06-17 14:08:16.856  3480  3726 D DpcExtImpl[display=0]: mIsOplusTest = false
06-17 14:08:16.856  3480  3726 D OplusDisplayBrightnessBroadcastReceiver: onReceive action = android.intent.action.PACKAGE_REMOVED , listeners = [com.android.server.display.OplusDisplayPowerControllerExtImpl$OplusDpcExtBroadcastReceiver@6a434d2, com.android.server.display.feature.postprocess.OplusFeatureBrightnessBarController$BrightnessBarBroadcastReceiver@86ea9a3]
06-17 14:08:16.857  3480  3530 W OplusSelfProtectManager: pkg[com.android.keychain] not in policy list
06-17 14:08:16.859  3480  4181 V WindowManager: Relayout Window{9647691 u0 com.reddit.frontpage/com.reddit.launch.main.MainActivity}: viewVisibility=0, oldvis=8, req=1440x3168 , apr = 0, 
06-17 14:08:16.859  3480  4181 I WindowManager: Window{9647691 u0 com.reddit.frontpage/com.reddit.launch.main.MainActivity} state from NO_SURFACE to DRAW_PENDING; reason: resetDrawState
06-17 14:08:16.860  3480  4181 I WindowManager: defer call onFirstWindowDrawn until mainwindow drawn:Window{1b705bf u0 Pop-Up Window}
06-17 14:08:16.861  3480  4181 D WindowManager: NFW_findFocusedWindowIfNeeded:Window{9647691 u0 com.reddit.frontpage/com.reddit.launch.main.MainActivity} mCurrentFocus:null
06-17 14:08:16.861  3480  4181 D WindowManager: attachImeScreenshotOnTargetIfNeeded, mImeHiding = false, requestedVisibleTypes = -9
06-17 14:08:16.861  3480  4181 V WindowManager: Changing focus from null to Window{9647691 u0 com.reddit.frontpage/com.reddit.launch.main.MainActivity},diplayid=0
06-17 14:08:16.863  3480  3728 D VRR [OPlusSurfaceFlingerController]:  setComplexSceneEnable : false
06-17 14:08:16.864  3480  4181 D ActivityTaskManager: The isLandscapeFullscreenEnabled is: com.reddit.frontpage/com.reddit.launch.main.MainActivity
06-17 14:08:16.865 24565 24565 D VRI[MainActivity]: relayoutWindow result, sizeChanged:false, surfaceControlChanged:true, transformHintChanged:false, mSurfaceSize:Point(1440, 3168), mLastSurfaceSize:Point(1440, 3168), mWidth:1440, mHeight:3168, requestedWidth:1440, requestedHeight:3168, transformHint:0, installOrientation:0, displayRotation:0, isSurfaceValid:true, attr.flag:-2122252032, tmpFrames:ClientWindowFrames{frame=[0,0][1440,3168] display=[0,0][1440,3168] parentFrame=[0,0][0,0]}, relayoutResult:3, relayoutAsync:false, mSyncSeqId:0
