06-17 14:07:56.303  3480  3596 D RpmAidlManager: getPowerStateSubsystemSleepStateListMethod return code: 0
06-17 14:07:56.303  3480  3596 D OplusRpmSubsystemManager: measureOplusRpmMasterStatsDelta... 
06-17 14:07:56.303  3480  3596 D OplusRpmSubsystemManager: elapsedRealTimeDelta :588804
06-17 14:07:56.303  3480  3596 D OplusRpmSubsystemManager: mRpmSuspendRatioSummay: [ADSP:69.54,ADSP_ISLAND:64.89,APSS:0.00,CDSP:96.97,MPSS:95.06,VLOW:0.00,VMIN:0.00]
06-17 14:07:56.303  3480  3596 D BatteryStatsImplExtImpl: PowerDetails: time=2026-06-17-14-07-56, top=rd.sheepskin.sandboxmusic.MainActivity, ref_counts=0, ref_mode=0, brightness=0, refs_per_sec=0.0, modem_txTimeMs=[0, 0, 0, 0, 0], traffic=[991750568773,141453680776,17496670978611,2732069394264], ctr_drain=[0,1321,0,39.6], rpmstat=[ADSP:65.85,ADSP_ISLAND:49.53,APSS:0.00,CDSP:98.54,MPSS:97.52,VLOW:0.00,VMIN:0.00], sap=false, audio=[spk:0, headset:0]
06-17 14:07:56.303  3480  3596 D BatteryStatsImplExtImpl: , modem=[activity:{VoLteRegR[]=[100.00,100.00], Platform=0, TxR[]=[59.26,0,25.93,14.81,0,0,0,0], 5gTxRSIM2=[0,0,0,0,0,0,0,100.00], 5gTxRSIM1=[0,0,0,0,55.19,15.80,8.74,20.26], Time=06-17 13, SimCount=2, AppOutWakeupC={org.telegram.messenger=38, com.instagram.android=26, com.oplus.statistics.rom=2, app.revanced.android.gms=1, com.whatsapp=1}, What=LO, Signal=-86, MdIndC={0x30:0x34=2:0:0,0x30:0x32=2:0:0,0x10:0x24=1:0:0}, PsRegR[]=[100.00,100.00], QrtrWakeupC={0x190:0x21=1,0x16:0x33=1,0xe:0x3=1,0x30:0x32=2}, CsRegR[]=[100.00,100.00], AppInWakeupC={com.aspiro.tidal=21, jp.naver.line.android=6, org.telegram.messenger=5, org.unifiedpush.distributor.sunup=3, com.facebook.katana=3, com.google.uid.shared=3, com.oplus.statistics.rom=2, app.revanced.android.gms=1, com.android.vending=1, me.proton.android.drive=1, com.teslacoilsw.launcher=1}, NetType=WIFI, Thermal[]=[31.50,31.00], 5gTxSumR=28.83, ScrOffR=62.90, Charge=false, AppWakeupRatio={com.instagram.android=15.10, org.telegram.messenger=7.88, com.oplus.statistics.rom=0.94, org.unifiedpush.distributor.sunup=0.48, com.google.uid.shared=0.34, com.aspiro.tidal=0.26, com.whatsapp=0.19, me.proton.android.calendar=0.16, com.yahoo.mobile.client.android.mail=0.15, me.proton.android.drive=0.11, android.uid.htmsenv=0.10, com.reddit.frontpage=0.09, com.streetwriters.notesnook=0.08, jp.naver.line.android=0.08, com.facebook.katana=0.08, null=0.07, android.uid.system=0.07, com.teslacoilsw.launcher=0.06, com.beneat.app=0.06, app.revanced.android.gms=0.04, com.looker.droidify=0.04, com.google.android.gm=0.02, com.coloros.weather.service=0.02, com.heytap.mcs=0.02, net.oneplus.weather=0.01, com.android.vending=0.01}, GpsR=0.09, Duration=3292, RxR=1.99, WiFiConnR=100.00, TechR[]=[0,0,0,0,99.13,0.87,0,0,0], SoftAp=false, AllWakeupC={IrqTcpOut=8, IrqUdpIn=2, IrqUdpClosed=2, TCPInput=47, TCPOutput=68}, SleepR=100.00, 5gTxR[]=[0,0,0,0,55.19,15.80,8.74,20.26], ScrOnR=37.10, DataNetType=13, Current=-46, Power=78}]
06-17 14:07:56.303  3480  3596 D BatteryStatsImplExtImpl: , endc=0
06-17 14:07:58.322  3480  4345 V AlarmManager: sending alarm Alarm{f69a587 type 3 origWhen 950400007 whenElapsed 950400000 android} uid 1000 whenElapsed 950400000 windowLength 3600000 maxWhenElapsed 950400000 repeatInterval 0 action null component null tag upload multinetwork scheduler ctx flags 0x8 procName system_server
06-17 14:07:58.326  3480  4345 V AlarmManager: sending alarm Alarm{dd4ccb4 type 3 origWhen 950400134 whenElapsed 950400000 android} uid 1000 whenElapsed 950400000 windowLength 3600000 maxWhenElapsed 950400000 repeatInterval 0 action null component null tag PowerStats flags 0x8 procName system_server
06-17 14:07:58.326  3480  4345 V AlarmManager: sending alarm Alarm{13230dd type 2 origWhen 950416104 whenElapsed 950400000 android} uid 1000 whenElapsed 950400000 windowLength 3600000 maxWhenElapsed 950400000 repeatInterval 0 action null component null tag AutomaticOnOffKeepaliveTracker flags 0x8 procName system_server
06-17 14:07:58.327  3480  4345 V AlarmManager: sending alarm Alarm{5305452 type 3 origWhen 950417502 whenElapsed 950400000 android} uid 1000 whenElapsed 950400000 windowLength 1350000 maxWhenElapsed 950400000 repeatInterval 1800000 action com.android.server.action.NETWORK_STATS_POLL component null flags 0x8 procName system_server
06-17 14:07:58.328  3480  4345 V AlarmManager: sending alarm Alarm{8b11323 type 3 origWhen 950421132 whenElapsed 950400000 android} uid 1000 whenElapsed 950400000 windowLength 64800000 maxWhenElapsed 950400000 repeatInterval 86400000 action android.intent.action.UPDATE_CT_LOGS component null flags 0x8 procName system_server
06-17 14:07:58.333  3480  4345 E AlarmManager: Attempt to decrement existing alarm count 0 by 1 for uid 1000
06-17 14:07:58.342  3480  4345 V AlarmManager: sending alarm Alarm{f77be7f type 2 origWhen 950400000 whenElapsed 950400000 com.android.providers.calendar} uid 10189 whenElapsed 950400000 windowLength 16200000 maxWhenElapsed 966600000 repeatInterval 21600000 action com.android.providers.calendar.intent.TaskProvider component ComponentInfo{com.android.providers.calendar/com.android.calendar.task.TasksProviderBroadcastReceiver} flags 0x8 procName com.android.providers.calendar
06-17 14:07:58.343  3480  4345 V AlarmManager: sending alarm Alarm{eef9e95 type 2 origWhen 950400000 whenElapsed 950400000 com.android.providers.calendar} uid 10189 whenElapsed 950400000 windowLength 16200000 maxWhenElapsed 966600000 repeatInterval 21600000 action com.android.providers.calendar.intent.CalendarProvider2 component ComponentInfo{com.android.providers.calendar/com.android.providers.calendar.CalendarProviderBroadcastReceiver} flags 0x8 procName com.android.providers.calendar
06-17 14:07:58.349  3480  4345 V AlarmManager: sending alarm Alarm{dd3c39b type 3 origWhen 950400049 whenElapsed 950400000 com.oplus.subsys} uid 1000 whenElapsed 950400000 windowLength 3600000 maxWhenElapsed 950400000 repeatInterval 0 action null component null tag DailyAlarm flags 0x8 procName com.oplus.subsys
06-17 14:07:58.349  3480  4345 E AlarmManager: Attempt to decrement existing alarm count 0 by 1 for uid 1000
06-17 14:07:58.350  3480  4345 V AlarmManager: sending alarm Alarm{1788f11 type 1 origWhen 1781680192561 whenElapsed 950400000 com.google.android.googlequicksearchbox} uid 10125 whenElapsed 950400000 windowLength 3110795 maxWhenElapsed 950400000 repeatInterval 0 action TIME TRIGGER ALLOW IDLE ACTION component ComponentInfo{com.google.android.googlequicksearchbox/com.google.android.libraries.assistant.contexttrigger.impl.ContextTriggerBroadcastReceiver_Receiver} flags 0x4 procName com.google.android.googlequicksearchbox:search
06-17 14:07:58.353  3480  3596 E BluetoothPowerStatsCollector: Cannot acquire BluetoothActivityEnergyInfo
06-17 14:07:58.353  3480  3596 E BluetoothPowerStatsCollector: java.util.concurrent.ExecutionException: java.lang.RuntimeException: error: 9
06-17 14:07:58.353  3480  3596 E BluetoothPowerStatsCollector: 	at java.util.concurrent.CompletableFuture.reportGet(CompletableFuture.java:372)
06-17 14:07:58.353  3480  3596 E BluetoothPowerStatsCollector: 	at java.util.concurrent.CompletableFuture.get(CompletableFuture.java:2072)
06-17 14:07:58.353  3480  3596 E BluetoothPowerStatsCollector: 	at com.android.server.power.stats.BluetoothPowerStatsCollector.collectBluetoothActivityInfo(BluetoothPowerStatsCollector.java:192)
06-17 14:07:58.353  3480  3596 E BluetoothPowerStatsCollector: 	at com.android.server.power.stats.BluetoothPowerStatsCollector.collectStats(BluetoothPowerStatsCollector.java:155)
06-17 14:07:58.353  3480  3596 E BluetoothPowerStatsCollector: 	at com.android.server.power.stats.PowerStatsCollector.collectAndDeliverStats(PowerStatsCollector.java:176)
06-17 14:07:58.353  3480  3596 E BluetoothPowerStatsCollector: 	at com.android.server.power.stats.PowerStatsCollector$$ExternalSyntheticLambda0.run(D8$$SyntheticClass:0)
06-17 14:07:58.353  3480  3596 E BluetoothPowerStatsCollector: 	at android.os.Handler.handleCallback(Handler.java:1001)
06-17 14:07:58.353  3480  3596 E BluetoothPowerStatsCollector: 	at android.os.Handler.dispatchMessage(Handler.java:109)
06-17 14:07:58.353  3480  3596 E BluetoothPowerStatsCollector: 	at android.os.Looper.loopOnce(Looper.java:306)
06-17 14:07:58.353  3480  3596 E BluetoothPowerStatsCollector: 	at android.os.Looper.loop(Looper.java:416)
06-17 14:07:58.353  3480  3596 E BluetoothPowerStatsCollector: 	at android.os.HandlerThread.run(HandlerThread.java:85)
06-17 14:07:58.353  3480  3596 E BluetoothPowerStatsCollector: Caused by: java.lang.RuntimeException: error: 9
06-17 14:07:58.353  3480  3596 E BluetoothPowerStatsCollector: 	at com.android.server.power.stats.BluetoothPowerStatsCollector$1.onBluetoothActivityEnergyInfoError(BluetoothPowerStatsCollector.java:181)
06-17 14:07:58.353  3480  3596 E BluetoothPowerStatsCollector: 	at android.bluetooth.BluetoothAdapter$OnBluetoothActivityEnergyInfoProxy.lambda$onError$2(BluetoothAdapter.java:1082)
06-17 14:07:58.353  3480  3596 E BluetoothPowerStatsCollector: 	at android.bluetooth.BluetoothAdapter$OnBluetoothActivityEnergyInfoProxy$$ExternalSyntheticLambda0.run(D8$$SyntheticClass:0)
06-17 14:07:58.353  3480  3596 E BluetoothPowerStatsCollector: 	at android.bluetooth.BluetoothUtils.lambda$executeFromBinder$0(BluetoothUtils.java:348)
06-17 14:07:58.353  3480  3596 E BluetoothPowerStatsCollector: 	at android.bluetooth.BluetoothUtils$$ExternalSyntheticLambda1.run(D8$$SyntheticClass:0)
06-17 14:07:58.353  3480  3596 E BluetoothPowerStatsCollector: 	at com.android.server.SystemServerInitThreadPool$$ExternalSyntheticLambda0.execute(D8$$SyntheticClass:0)
06-17 14:07:58.353  3480  3596 E BluetoothPowerStatsCollector: 	at android.bluetooth.BluetoothUtils.executeFromBinder(BluetoothUtils.java:348)
06-17 14:07:58.353  3480  3596 E BluetoothPowerStatsCollector: 	at android.bluetooth.BluetoothAdapter$OnBluetoothActivityEnergyInfoProxy.onError(BluetoothAdapter.java:1081)
06-17 14:07:58.353  3480  3596 E BluetoothPowerStatsCollector: 	at android.bluetooth.BluetoothAdapter.requestControllerActivityEnergyInfo(BluetoothAdapter.java:2855)
06-17 14:07:58.353  3480  3596 E BluetoothPowerStatsCollector: 	at com.android.server.power.stats.BatteryStatsImpl$BluetoothStatsRetrieverImpl.requestControllerActivityEnergyInfo(BatteryStatsImpl.java:503)
06-17 14:07:58.353  3480  3596 E BluetoothPowerStatsCollector: 	at com.android.server.power.stats.BluetoothPowerStatsCollector.collectBluetoothActivityInfo(BluetoothPowerStatsCollector.java:170)
06-17 14:07:58.353  3480  3596 E BluetoothPowerStatsCollector: 	... 8 more
06-17 14:07:58.361  3480  4204 E JobScheduler.Background: Couldn't determine stopped state for unknown package: com.oplus.onet
06-17 14:07:58.377  3480  4448 V NetworkPolicy: updateNetworkEnabledNL() return
06-17 14:07:58.377  3480  4448 V NetworkPolicy: updateNotificationsNL not process
06-17 14:07:58.397  3480  3585 I ActivityManager: Start proc 19518:com.android.providers.downloads/u0a72 for content provider {com.android.providers.downloads/com.android.providers.downloads.DownloadProvider}
06-17 14:07:58.397  3480  3567 I ActivityManager: ProcessObserver broadcast disabled
06-17 14:07:58.400  3480  4187 I MemoryOperationUtils: add 19518 to inactive
06-17 14:07:58.415  3480  5318 D ActivityTaskManagerServiceExtImpl: preBindApplication record is null
06-17 14:07:58.420 19518 19518 V Configuration: Updating configuration, locales updated from [] to [en_TH]
06-17 14:07:58.423  3480  3567 D OplusSplitScreenManagerService: com.teslacoilsw.launcher unSupportsSplitScreen by blockList or ForbidActivityList
06-17 14:07:58.427  3480  5318 E BatteryStatsService: Invalid uid for waking network packet: -1
06-17 14:07:58.438 19518 19518 D ResourcesManagerExtImpl: applyConfigurationToAppResourcesLocked app.getDisplayId() return callback.displayId:-1
06-17 14:07:58.462  3480  5318 I ActivityManager: Flag disabled. Ignoring finishAttachApplication from uid: 10072. pid: 19518
06-17 14:07:58.477  3480  3480 W Looper  : Slow dispatch took 108ms main app=system_server main=true group=SKIP h=android.app.ActivityThread$H c=android.app.LoadedApk$ReceiverDispatcher$Args$$ExternalSyntheticLambda0@a0c6017 m=0
06-17 14:07:58.560  3480  5318 D UsageStatsService: User[0] type=0 b=1781679699098 e=1781680078558 cb=1781617793767 ce=1781680079107 disk=0 all=13
06-17 14:07:58.575  3480  5318 D UsageStatsService: User[0] type=0 b=1781680078558 e=1781680078573 cb=1781617793767 ce=1781680079107 disk=0 all=0
06-17 14:07:58.949  3480  3480 W ContextImpl: Calling a method in the system process without a qualified user: android.app.ContextImpl.sendBroadcast:1281 com.android.server.net.ct.CertificateTransparencyDownloader.handleContentDownloadCompleted:209 com.android.server.net.ct.CertificateTransparencyDownloader.onReceive:132 android.app.LoadedApk$ReceiverDispatcher$Args.lambda$getRunnable$0:2002 android.app.LoadedApk$ReceiverDispatcher$Args.$r8$lambda$mcNAAl1SQ4MyJPyDg8TJ2x2h0Rk:0 
06-17 14:07:59.261  3480  3480 W ContextImpl: Calling a method in the system process without a qualified user: android.app.ContextImpl.sendBroadcast:1281 com.android.server.net.ct.CertificateTransparencyDownloader.handleContentDownloadCompleted:209 com.android.server.net.ct.CertificateTransparencyDownloader.onReceive:132 android.app.LoadedApk$ReceiverDispatcher$Args.lambda$getRunnable$0:2002 android.app.LoadedApk$ReceiverDispatcher$Args.$r8$lambda$mcNAAl1SQ4MyJPyDg8TJ2x2h0Rk:0 
06-17 14:07:59.302  3480  3480 W ContextImpl: Calling a method in the system process without a qualified user: android.app.ContextImpl.sendBroadcast:1281 com.android.server.net.ct.CertificateTransparencyDownloader.handleContentDownloadCompleted:209 com.android.server.net.ct.CertificateTransparencyDownloader.onReceive:132 android.app.LoadedApk$ReceiverDispatcher$Args.lambda$getRunnable$0:2002 android.app.LoadedApk$ReceiverDispatcher$Args.$r8$lambda$mcNAAl1SQ4MyJPyDg8TJ2x2h0Rk:0 
06-17 14:07:59.608  3480  4187 D osense.compress: com.google.android.googlequicksearchbox do shrink, target ratio = 45, final ratio = 90, cur ratio = 0
06-17 14:07:59.760  3480  3480 W ContextImpl: Calling a method in the system process without a qualified user: android.app.ContextImpl.sendBroadcast:1281 com.android.server.net.ct.CertificateTransparencyDownloader.handleContentDownloadCompleted:209 com.android.server.net.ct.CertificateTransparencyDownloader.onReceive:132 android.app.LoadedApk$ReceiverDispatcher$Args.lambda$getRunnable$0:2002 android.app.LoadedApk$ReceiverDispatcher$Args.$r8$lambda$mcNAAl1SQ4MyJPyDg8TJ2x2h0Rk:0 
06-17 14:08:00.001  3480  4345 V AlarmManager: sending alarm Alarm{8b52d9c type 3 origWhen 950401685 whenElapsed 950401685 android} uid 1000 whenElapsed 950401685 windowLength 0 maxWhenElapsed 950401685 repeatInterval 0 action null component null tag TIME_TICK flags 0x9 procName system_server
06-17 14:08:00.034  3480  3726 D OplusDisplayBrightnessBroadcastReceiver: onReceive action = android.intent.action.TIME_TICK , listeners = [com.android.server.display.color.eyeprotect.manager.AiCurveManager$RhythmBroadcastReceiverWithUpgradeUI@52658db]
06-17 14:08:00.073  3480  3480 W ContextImpl: Calling a method in the system process without a qualified user: android.app.ContextImpl.sendBroadcast:1281 com.android.server.net.ct.CertificateTransparencyDownloader.handleContentDownloadCompleted:209 com.android.server.net.ct.CertificateTransparencyDownloader.onReceive:132 android.app.LoadedApk$ReceiverDispatcher$Args.lambda$getRunnable$0:2002 android.app.LoadedApk$ReceiverDispatcher$Args.$r8$lambda$mcNAAl1SQ4MyJPyDg8TJ2x2h0Rk:0 
06-17 14:08:00.308  3480  4204 W JobServiceContext: Sending onNetworkChanged for a job that isn't started. JobStatus{3d42605 #u0a519/999 dev.imranr.obtainium.fdroid/com.transistorsoft.tsbackgroundfetch.FetchJobService u=0 s=10519 TIME=-3s894ms:+14m56s106ms NET PERIODIC PERSISTED READY}
06-17 14:08:00.657  3480  6116 W JobScheduler: Job didn't exist in JobStore: #me.proton.android.drive/386657
06-17 14:08:00.755  3480  4187 D osense.compress: org.telegram.messenger do shrink, target ratio = 20, final ratio = 40, cur ratio = 0
06-17 14:08:00.810  3480  4704 W JobScheduler: Job didn't exist in JobStore: #me.proton.android.drive/386656
06-17 14:08:02.634  3480  4187 D osense.compress: app.morphe.android.youtube do shrink, target ratio = 45, final ratio = 90, cur ratio = 0
06-17 14:08:02.689  3480  4187 D osense.compress: com.aspiro.tidal do shrink, target ratio = 45, final ratio = 90, cur ratio = 0
06-17 14:08:03.036  3480  9472 E BatteryStatsService: Invalid uid for waking network packet: -1
06-17 14:08:03.631  3480  4187 D osense.compress: try do inactive compress task
06-17 14:08:03.633  3480  4187 D osense.compress: inactive do shrink, target ratio = 27, final ratio = 55, cur ratio = 0
06-17 14:08:04.476  3480  9472 E BatteryStatsService: Invalid uid for waking network packet: -1
06-17 14:08:04.879  3480  4187 D osense.compress: com.reddit.frontpage do shrink, target ratio = 10, final ratio = 20, cur ratio = 0
06-17 14:08:06.811  3480  4704 E BatteryStatsService: Invalid uid for waking network packet: -1
06-17 14:08:08.372  3480  4204 E JobScheduler.Background: Couldn't determine stopped state for unknown package: com.oplus.onet
06-17 14:08:09.181  3480  6116 E BatteryStatsService: Invalid uid for waking network packet: -1
06-17 14:08:09.182  3480  6116 E BatteryStatsService: Invalid uid for waking network packet: -1
06-17 14:08:09.220  3480  4187 D osense.compress: jp.naver.line.android do shrink, target ratio = 20, final ratio = 40, cur ratio = 0
06-17 14:08:10.320  1434 19586 I keystore2: system/security/keystore2/watchdog/src/lib.rs:377 - Watchdog thread idle -> terminating. Have a great day.
06-17 14:08:11.519  3480  4187 D osense.compress: jp.naver.line.android_u999 do shrink, target ratio = 45, final ratio = 90, cur ratio = 0
06-17 14:08:11.550  3480  6116 W PackageManager: package com.oplus.ndsf uid 10114 pid 14534 call SetEnabledSetting(com.oplus.ndsf component = androidx.work.impl.background.systemalarm.RescheduleReceiver, 2, 0)
06-17 14:08:11.555  3480  4704 W ActivityManager: Receiver with filter android.content.IntentFilter@bfd9e26 already registered for pid 14534, callerPackage is com.oplus.ndsf
06-17 14:08:11.574  3480  4704 W PackageManager: package com.oplus.ndsf uid 10114 pid 14534 call SetEnabledSetting(com.oplus.ndsf component = androidx.work.impl.background.systemalarm.RescheduleReceiver, 1, 0)
06-17 14:08:12.067  3480  4187 D osense.compress: com.instagram.android do shrink, target ratio = 45, final ratio = 90, cur ratio = 0
06-17 14:08:12.068  3480  4187 D osense.compress: com.nvllz.stepsy do shrink, target ratio = 45, final ratio = 90, cur ratio = 0
06-17 14:08:12.071  3480  4187 D osense.compress: com.google.android.gms do shrink, target ratio = 45, final ratio = 90, cur ratio = 0
06-17 14:08:12.490  3480  3596 V BatteryExternalStatsWorker: WiFi energy data was reset, new WiFi energy data is WifiActivityEnergyInfo{ mTimeSinceBootMillis=950414173 mStackState=3 mControllerTxDurationMillis=0 mControllerRxDurationMillis=0 mControllerScanDurationMillis=0 mControllerIdleDurationMillis=0 mControllerEnergyUsedMicroJoules=0 }
06-17 14:08:12.556  3480  3770 I AppsFilter: interaction: PackageSetting{8c0c61b com.android.microdroid.empty_payload/10275} -> PackageSetting{1ce0dac com.oplus.ndsf/10114} BLOCKED
06-17 14:08:12.556  3480  3770 I AppsFilter: interaction: PackageSetting{668da72 rd.sheepskin.sandboxmusic/10445} -> PackageSetting{1ce0dac com.oplus.ndsf/10114} BLOCKED
06-17 14:08:12.557  3480  3770 I AppsFilter: interaction: PackageSetting{52f9591 com.oplus.locationproxy/10173} -> PackageSetting{1ce0dac com.oplus.ndsf/10114} BLOCKED
06-17 14:08:12.557  3480  3770 I AppsFilter: interaction: PackageSetting{3fb0cf6 com.android.certinstaller/10210} -> PackageSetting{1ce0dac com.oplus.ndsf/10114} BLOCKED
06-17 14:08:12.558  3480  3770 I AppsFilter: interaction: PackageSetting{c1ba8f7 com.oplus.location/10218} -> PackageSetting{1ce0dac com.oplus.ndsf/10114} BLOCKED
06-17 14:08:12.604  3480  4420 V AccessibilityManagerService: onUserStateChangedLocked for user 0 with forceUpdate: false mEnabledServices = [ComponentInfo{com.android.systemui.accessibility.accessibilitymenu/com.android.systemui.accessibility.accessibilitymenu.AccessibilityMenuService}] mCrashedServices = [] hasMagnificationConnection=false
06-17 14:08:12.605  3480  4420 W MagnificationConnectionManager: requestConnection duplicated request: connect=false, mConnectionState=DISCONNECTED
06-17 14:08:12.605  3480  3480 D LockSettingsService: [getSeparateProfileChallengeEnabled] userId = 12
06-17 14:08:12.613  3480  3480 D AccessibilityManagerService: [updateInputFilter] flags = 4, mInputFilter=com.android.server.accessibility.AccessibilityInputFilter@d050e7, mHasInputFilter=true, mForceSetInputFilter=false
06-17 14:08:12.621  3480  4416 I VibrationEffectConvertor: onInputMethodListUpdated received, info.size = 4
06-17 14:08:12.621  3480  4416 I VibrationEffectConvertor: userid = 0, packageName = com.google.android.tts
06-17 14:08:12.621  3480  4416 I VibrationEffectConvertor: userid = 0, packageName = helium314.keyboard
06-17 14:08:12.621  3480  4416 I VibrationEffectConvertor: userid = 0, packageName = com.google.android.inputmethod.latin
06-17 14:08:12.621  3480  4416 I VibrationEffectConvertor: userid = 0, packageName = com.oplus.securitykeyboard
06-17 14:08:14.023  3480  9472 E OplusCustomizePackageManagerService: getAdbInstallUninstallDisabled start
06-17 14:08:14.683  3480  4704 E BatteryStatsService: Invalid uid for waking network packet: -1
06-17 14:08:15.836  3480  4345 V AlarmManager: sending alarm Alarm{d096d2b type 2 origWhen 950417520 whenElapsed 950417520 android} uid 1000 whenElapsed 950417520 windowLength 0 maxWhenElapsed 950417520 repeatInterval 0 action null component null tag track_set_event flags 0x9 procName system_server
06-17 14:08:16.089  3480  9472 D PackageInstallerSessionExtImpl: no pre: undesired name
06-17 14:08:16.089  3480  9472 D OplusInstallAccelerateManager: startAccelerate()
06-17 14:08:16.089  3480  9472 D OplusInstallAccelerateManager: operateCpuBouncingIfNeeded()
06-17 14:08:16.089  3480  9472 D OplusInstallAccelerateManager: originatingPackageName = unknown
06-17 14:08:16.089  3480  9472 D OplusInstallAccelerateManager: initiatingPackageName = com.android.shell
06-17 14:08:16.089  3480  9472 D OplusInstallAccelerateManager: installerPackageName = unknown
06-17 14:08:16.089  3480  9472 D OplusInstallAccelerateManager: disableCpuBouncing()
06-17 14:08:16.101  3480  4178 D PackageInstallerSessionExtImpl: not get pre-parsed ret
06-17 14:08:16.172  3480  4178 I PackageInstallerSessionExtImpl: not Mainline update session, skip
06-17 14:08:16.174  3480  3568 D PackageInstallerSessionExtImpl: hasPreExtract: false
06-17 14:08:16.176  3480  3568 I Watchdog: Pausing HandlerChecker: i/o thread for reason: extract_native_libraries. Pause count: 1
06-17 14:08:16.399  3480  4345 V AlarmManager: sending alarm Alarm{12875d2 type 3 origWhen 950418084 whenElapsed 950418084 android} uid 1000 whenElapsed 950418084 windowLength 0 maxWhenElapsed 950418084 repeatInterval 0 action null component null tag *job.delay* flags 0x0 procName system_server
06-17 14:08:16.400  3480  3568 I Watchdog: Resuming HandlerChecker: i/o thread for reason: extract_native_libraries. Pause count: 0
06-17 14:08:16.417  3480  4204 E JobScheduler.Background: Couldn't determine stopped state for unknown package: com.oplus.onet
06-17 14:08:16.475  3480  3770 I PackageManager: Continuing with installation of file:///data/app/vmdl891842674.tmp
06-17 14:08:16.475  3480  4178 D InstallDependencyHelper: No missing dependency for rd.sheepskin.sandboxmusic
06-17 14:08:16.476  3480  4178 D OplusPackageInstallInterceptManager: installStage send adb install pkg:rd.sheepskin.sandboxmusic   path: /data/app/vmdl891842674.tmp/base.apk installFlags:4194418
06-17 14:08:16.476  3480  4178 D OplusPackageInstallInterceptManager: installStage send adb replace install, silent
06-17 14:08:16.476  3480  4178 D PackageManager: installStage rd.sheepskin.sandboxmusic, dir=/data/app/vmdl891842674.tmp, installerPackageName=null, installerUid=2000, full=false
06-17 14:08:16.477  3480  4178 D PackageManager: installStage rd.sheepskin.sandboxmusic0
06-17 14:08:16.481  3480  3591 W ProcessStats: Tracking association SourceState{70b9695 com.android.systemui/10208 BFgs #1861965} whose proc state 4 is better than process ProcessState{fc27723 com.android.launcher/10198 pkg=com.android.launcher} proc state 5 (0 skipped)
06-17 14:08:16.483  3480  3770 D PackageManager: installStage use for0
06-17 14:08:16.488  3480  3585 I ActivityManager: Start proc 19747:com.oplus.statistics.rom:cc/u0a111 for content provider {com.oplus.statistics.rom/com.oplus.dcc.cloudctl.CloudCtlContentProvider}
06-17 14:08:16.489  3480  3567 I ActivityManager: ProcessObserver broadcast disabled
06-17 14:08:16.492  3480  4187 I MemoryOperationUtils: add 19747 to inactive
06-17 14:08:16.492  3480  3770 V Configuration: Updating configuration, locales updated from [] to [en_TH,en_GB,en_US]
06-17 14:08:16.493  3480  3770 D ParsingPackageUtilsExtImpl: adjustXmlValidator skip verify tag packageName: rd.sheepskin.sandboxmusic , bootCompleted: true
06-17 14:08:16.495  3480  3770 W OplusCustomizePmsFeature: getCustomDisallowInstallListFromPolicy disallowInstallList: []
06-17 14:08:16.496  3480  3770 W ContextImpl: Calling a method in the system process without a qualified user: android.app.ContextImpl.sendBroadcast:1296 com.android.server.pm.PackageManagerServiceExtImpl.sendOplusBroadcastForDownloadLink:4926 com.android.server.pm.InstallPackageHelper.preparePackage:2128 com.android.server.pm.InstallPackageHelper.prepareInstallPackages:1350 com.android.server.pm.InstallPackageHelper.installPackagesTraced:1096 
06-17 14:08:16.514  3480  4703 D ActivityTaskManagerServiceExtImpl: preBindApplication record is null
06-17 14:08:16.515  3480  3770 I PackageManager: Update package rd.sheepskin.sandboxmusic code path from /data/app/~~8ylBEi0Z3bHz3BtgBqhsbA==/rd.sheepskin.sandboxmusic-6NCs-pK1XUt7YrhZ1StCZQ== to /data/app/vmdl891842674.tmp; Retain data and using new
06-17 14:08:16.530 19747 19747 V Configuration: Updating configuration, locales updated from [] to [en_TH]
06-17 14:08:16.560 19747 19747 D ResourcesManagerExtImpl: applyConfigurationToAppResourcesLocked app.getDisplayId() return callback.displayId:-1
06-17 14:08:16.574  3480 30738 D OplusDexSceneManager: Starting attach context  for  rd.sheepskin.sandboxmusic reason: install
06-17 14:08:16.574  3480 30738 D OplusDexSceneManager: isTopAppFront ======= rd.sheepskin.sandboxmusic:false
06-17 14:08:16.574  3480 30738 D OplusDexSceneManager: OplusDex Framework didnot works!
06-17 14:08:16.574  3480 30738 W OplusSingleDexoptContainerImpl: oplus checkAndSetBeforeStart success: packageName= rd.sheepskin.sandboxmusic priority= 60 compilerFilter= skip
06-17 14:08:16.586  3480  4703 I ActivityManager: Flag disabled. Ignoring finishAttachApplication from uid: 10111. pid: 19747
06-17 14:08:16.596  3480  3770 I AppsFilter: interaction: PackageSetting{b0d397b com.android.microdroid.empty_payload/10275} -> PackageSetting{d2ef2d8 rd.sheepskin.sandboxmusic/10445} BLOCKED
06-17 14:08:16.596  3480  3770 I AppsFilter: interaction: PackageSetting{504640d com.oplus.locationproxy/10173} -> PackageSetting{d2ef2d8 rd.sheepskin.sandboxmusic/10445} BLOCKED
06-17 14:08:16.596  3480  3770 I AppsFilter: interaction: PackageSetting{b8e1f86 com.android.certinstaller/10210} -> PackageSetting{d2ef2d8 rd.sheepskin.sandboxmusic/10445} BLOCKED
06-17 14:08:16.596  3480  3770 I AppsFilter: interaction: PackageSetting{26b3cc6 com.oplus.location/10218} -> PackageSetting{d2ef2d8 rd.sheepskin.sandboxmusic/10445} BLOCKED
06-17 14:08:16.596  3480  3770 I AppsFilter: interaction: PackageSetting{b0d397b com.android.microdroid.empty_payload/10275} -> PackageSetting{d2ef2d8 rd.sheepskin.sandboxmusic/10445} BLOCKED
06-17 14:08:16.596  3480  3770 I AppsFilter: interaction: PackageSetting{504640d com.oplus.locationproxy/10173} -> PackageSetting{d2ef2d8 rd.sheepskin.sandboxmusic/10445} BLOCKED
06-17 14:08:16.596  3480  3770 I AppsFilter: interaction: PackageSetting{b8e1f86 com.android.certinstaller/10210} -> PackageSetting{d2ef2d8 rd.sheepskin.sandboxmusic/10445} BLOCKED
06-17 14:08:16.596  3480  3770 I AppsFilter: interaction: PackageSetting{26b3cc6 com.oplus.location/10218} -> PackageSetting{d2ef2d8 rd.sheepskin.sandboxmusic/10445} BLOCKED
06-17 14:08:16.596  3480  3770 I AppsFilter: interaction: PackageSetting{b0d397b com.android.microdroid.empty_payload/10275} -> PackageSetting{d2ef2d8 rd.sheepskin.sandboxmusic/10445} BLOCKED
06-17 14:08:16.596  3480  3770 I AppsFilter: interaction: PackageSetting{504640d com.oplus.locationproxy/10173} -> PackageSetting{d2ef2d8 rd.sheepskin.sandboxmusic/10445} BLOCKED
06-17 14:08:16.596  3480  3770 I AppsFilter: interaction: PackageSetting{b8e1f86 com.android.certinstaller/10210} -> PackageSetting{d2ef2d8 rd.sheepskin.sandboxmusic/10445} BLOCKED
06-17 14:08:16.596  3480  3770 I AppsFilter: interaction: PackageSetting{26b3cc6 com.oplus.location/10218} -> PackageSetting{d2ef2d8 rd.sheepskin.sandboxmusic/10445} BLOCKED
06-17 14:08:16.596  3480  3770 I AppsFilter: interaction: PackageSetting{b0d397b com.android.microdroid.empty_payload/10275} -> PackageSetting{d2ef2d8 rd.sheepskin.sandboxmusic/10445} BLOCKED
06-17 14:08:16.597  3480  3770 I AppsFilter: interaction: PackageSetting{504640d com.oplus.locationproxy/10173} -> PackageSetting{d2ef2d8 rd.sheepskin.sandboxmusic/10445} BLOCKED
06-17 14:08:16.597  3480  3770 I AppsFilter: interaction: PackageSetting{b8e1f86 com.android.certinstaller/10210} -> PackageSetting{d2ef2d8 rd.sheepskin.sandboxmusic/10445} BLOCKED
06-17 14:08:16.597  3480  3770 I AppsFilter: interaction: PackageSetting{26b3cc6 com.oplus.location/10218} -> PackageSetting{d2ef2d8 rd.sheepskin.sandboxmusic/10445} BLOCKED
06-17 14:08:16.597  3480  3770 I AppsFilter: interaction: PackageSetting{b0d397b com.android.microdroid.empty_payload/10275} -> PackageSetting{d2ef2d8 rd.sheepskin.sandboxmusic/10445} BLOCKED
06-17 14:08:16.597  3480  3770 I AppsFilter: interaction: PackageSetting{504640d com.oplus.locationproxy/10173} -> PackageSetting{d2ef2d8 rd.sheepskin.sandboxmusic/10445} BLOCKED
06-17 14:08:16.597  3480  3770 I AppsFilter: interaction: PackageSetting{b8e1f86 com.android.certinstaller/10210} -> PackageSetting{d2ef2d8 rd.sheepskin.sandboxmusic/10445} BLOCKED
06-17 14:08:16.597  3480  3770 I AppsFilter: interaction: PackageSetting{26b3cc6 com.oplus.location/10218} -> PackageSetting{d2ef2d8 rd.sheepskin.sandboxmusic/10445} BLOCKED
06-17 14:08:16.597  3480  3770 I AppsFilter: interaction: PackageSetting{b0d397b com.android.microdroid.empty_payload/10275} -> PackageSetting{abab825 rd.sheepskin.sandboxmusic/10445} BLOCKED
06-17 14:08:16.597  3480  3770 I AppsFilter: interaction: PackageSetting{504640d com.oplus.locationproxy/10173} -> PackageSetting{abab825 rd.sheepskin.sandboxmusic/10445} BLOCKED
06-17 14:08:16.597  3480  3770 I AppsFilter: interaction: PackageSetting{b8e1f86 com.android.certinstaller/10210} -> PackageSetting{abab825 rd.sheepskin.sandboxmusic/10445} BLOCKED
06-17 14:08:16.597  3480  3770 I AppsFilter: interaction: PackageSetting{26b3cc6 com.oplus.location/10218} -> PackageSetting{abab825 rd.sheepskin.sandboxmusic/10445} BLOCKED
06-17 14:08:16.597  3480  3770 I AppsFilter: interaction: PackageSetting{b0d397b com.android.microdroid.empty_payload/10275} -> PackageSetting{abab825 rd.sheepskin.sandboxmusic/10445} BLOCKED
06-17 14:08:16.597  3480  3770 I AppsFilter: interaction: PackageSetting{504640d com.oplus.locationproxy/10173} -> PackageSetting{abab825 rd.sheepskin.sandboxmusic/10445} BLOCKED
06-17 14:08:16.597  3480  3770 I AppsFilter: interaction: PackageSetting{b8e1f86 com.android.certinstaller/10210} -> PackageSetting{abab825 rd.sheepskin.sandboxmusic/10445} BLOCKED
06-17 14:08:16.597  3480  3770 I AppsFilter: interaction: PackageSetting{26b3cc6 com.oplus.location/10218} -> PackageSetting{abab825 rd.sheepskin.sandboxmusic/10445} BLOCKED
06-17 14:08:16.597  3480  3770 I AppsFilter: interaction: PackageSetting{b0d397b com.android.microdroid.empty_payload/10275} -> PackageSetting{abab825 rd.sheepskin.sandboxmusic/10445} BLOCKED
06-17 14:08:16.598  3480  3770 I AppsFilter: interaction: PackageSetting{504640d com.oplus.locationproxy/10173} -> PackageSetting{abab825 rd.sheepskin.sandboxmusic/10445} BLOCKED
06-17 14:08:16.598  3480  3770 I AppsFilter: interaction: PackageSetting{b8e1f86 com.android.certinstaller/10210} -> PackageSetting{abab825 rd.sheepskin.sandboxmusic/10445} BLOCKED
06-17 14:08:16.598  3480  3770 I AppsFilter: interaction: PackageSetting{26b3cc6 com.oplus.location/10218} -> PackageSetting{abab825 rd.sheepskin.sandboxmusic/10445} BLOCKED
06-17 14:08:16.598  3480  3770 I AppsFilter: interaction: PackageSetting{b0d397b com.android.microdroid.empty_payload/10275} -> PackageSetting{abab825 rd.sheepskin.sandboxmusic/10445} BLOCKED
06-17 14:08:16.598  3480  3770 I AppsFilter: interaction: PackageSetting{504640d com.oplus.locationproxy/10173} -> PackageSetting{abab825 rd.sheepskin.sandboxmusic/10445} BLOCKED
06-17 14:08:16.598  3480  3770 I AppsFilter: interaction: PackageSetting{b8e1f86 com.android.certinstaller/10210} -> PackageSetting{abab825 rd.sheepskin.sandboxmusic/10445} BLOCKED
06-17 14:08:16.598  3480  3770 I AppsFilter: interaction: PackageSetting{26b3cc6 com.oplus.location/10218} -> PackageSetting{abab825 rd.sheepskin.sandboxmusic/10445} BLOCKED
06-17 14:08:16.598  3480  3770 I AppsFilter: interaction: PackageSetting{b0d397b com.android.microdroid.empty_payload/10275} -> PackageSetting{abab825 rd.sheepskin.sandboxmusic/10445} BLOCKED
06-17 14:08:16.598  3480  3770 I AppsFilter: interaction: PackageSetting{504640d com.oplus.locationproxy/10173} -> PackageSetting{abab825 rd.sheepskin.sandboxmusic/10445} BLOCKED
06-17 14:08:16.598  3480  3770 I AppsFilter: interaction: PackageSetting{b8e1f86 com.android.certinstaller/10210} -> PackageSetting{abab825 rd.sheepskin.sandboxmusic/10445} BLOCKED
06-17 14:08:16.598  3480  3770 I AppsFilter: interaction: PackageSetting{26b3cc6 com.oplus.location/10218} -> PackageSetting{abab825 rd.sheepskin.sandboxmusic/10445} BLOCKED
06-17 14:08:16.600  3480  3770 W PackageManager: Skipping non-preload apk path: /data/app/~~8ylBEi0Z3bHz3BtgBqhsbA==/rd.sheepskin.sandboxmusic-6NCs-pK1XUt7YrhZ1StCZQ==/base.apk
06-17 14:08:16.605  3480  3770 I AppsFilter: interaction: PackageSetting{abab825 rd.sheepskin.sandboxmusic/10445} -> PackageSetting{f68b4b3 com.oplus.nfcengineertest/10297} force queryable
06-17 14:08:16.605  3480  3770 I AppsFilter: interaction: PackageSetting{abab825 rd.sheepskin.sandboxmusic/10445} -> PackageSetting{f68b4b3 com.oplus.nfcengineertest/10297} force queryable
06-17 14:08:16.605  3480  3770 I AppsFilter: interaction: PackageSetting{abab825 rd.sheepskin.sandboxmusic/10445} -> PackageSetting{f68b4b3 com.oplus.nfcengineertest/10297} force queryable
06-17 14:08:16.605  3480  3770 I AppsFilter: interaction: PackageSetting{abab825 rd.sheepskin.sandboxmusic/10445} -> PackageSetting{f68b4b3 com.oplus.nfcengineertest/10297} force queryable
06-17 14:08:16.605  3480  3770 I AppsFilter: interaction: PackageSetting{abab825 rd.sheepskin.sandboxmusic/10445} -> PackageSetting{f68b4b3 com.oplus.nfcengineertest/10297} force queryable
06-17 14:08:16.605  3480  3770 I AppsFilter: interaction: PackageSetting{abab825 rd.sheepskin.sandboxmusic/10445} -> PackageSetting{e229a33 com.android.cellbroadcastreceiver.overlay.common/10024} force queryable
06-17 14:08:16.605  3480  3770 I AppsFilter: interaction: PackageSetting{abab825 rd.sheepskin.sandboxmusic/10445} -> PackageSetting{e229a33 com.android.cellbroadcastreceiver.overlay.common/10024} force queryable
06-17 14:08:16.605  3480  3770 I AppsFilter: interaction: PackageSetting{abab825 rd.sheepskin.sandboxmusic/10445} -> PackageSetting{e229a33 com.android.cellbroadcastreceiver.overlay.common/10024} force queryable
06-17 14:08:16.605  3480  3770 I AppsFilter: interaction: PackageSetting{abab825 rd.sheepskin.sandboxmusic/10445} -> PackageSetting{e229a33 com.android.cellbroadcastreceiver.overlay.common/10024} force queryable
06-17 14:08:16.605  3480  3770 I AppsFilter: interaction: PackageSetting{abab825 rd.sheepskin.sandboxmusic/10445} -> PackageSetting{e229a33 com.android.cellbroadcastreceiver.overlay.common/10024} force queryable
06-17 14:08:16.605  3480  3770 I AppsFilter: interaction: PackageSetting{abab825 rd.sheepskin.sandboxmusic/10445} -> PackageSetting{bf18bdc com.android.providers.contacts/10070} force queryable
06-17 14:08:16.605  3480  3770 I AppsFilter: interaction: PackageSetting{abab825 rd.sheepskin.sandboxmusic/10445} -> PackageSetting{bf18bdc com.android.providers.contacts/10070} force queryable
06-17 14:08:16.606  3480  3770 I AppsFilter: interaction: PackageSetting{abab825 rd.sheepskin.sandboxmusic/10445} -> PackageSetting{bf18bdc com.android.providers.contacts/10070} force queryable
06-17 14:08:16.606  3480  3770 I AppsFilter: interaction: PackageSetting{abab825 rd.sheepskin.sandboxmusic/10445} -> PackageSetting{bf18bdc com.android.providers.contacts/10070} force queryable
06-17 14:08:16.606  3480  3770 I AppsFilter: interaction: PackageSetting{abab825 rd.sheepskin.sandboxmusic/10445} -> PackageSetting{bf18bdc com.android.providers.contacts/10070} force queryable
06-17 14:08:16.606  3480  3770 I AppsFilter: interaction: PackageSetting{abab825 rd.sheepskin.sandboxmusic/10445} -> PackageSetting{49503ca com.oplus.plugin/10225} force queryable
06-17 14:08:16.606  3480  3770 I AppsFilter: interaction: PackageSetting{abab825 rd.sheepskin.sandboxmusic/10445} -> PackageSetting{49503ca com.oplus.plugin/10225} force queryable
06-17 14:08:16.606  3480  3770 I AppsFilter: interaction: PackageSetting{abab825 rd.sheepskin.sandboxmusic/10445} -> PackageSetting{49503ca com.oplus.plugin/10225} force queryable
06-17 14:08:16.606  3480  3770 I AppsFilter: interaction: PackageSetting{abab825 rd.sheepskin.sandboxmusic/10445} -> PackageSetting{49503ca com.oplus.plugin/10225} force queryable
06-17 14:08:16.606  3480  3770 I AppsFilter: interaction: PackageSetting{abab825 rd.sheepskin.sandboxmusic/10445} -> PackageSetting{49503ca com.oplus.plugin/10225} force queryable
06-17 14:08:16.606  3480  3770 I AppsFilter: interaction: PackageSetting{abab825 rd.sheepskin.sandboxmusic/10445} -> PackageSetting{aee616c com.qualcomm.timeservice/10099} force queryable
06-17 14:08:16.606  3480  3770 I AppsFilter: interaction: PackageSetting{abab825 rd.sheepskin.sandboxmusic/10445} -> PackageSetting{aee616c com.qualcomm.timeservice/10099} force queryable
06-17 14:08:16.606  3480  3770 I AppsFilter: interaction: PackageSetting{abab825 rd.sheepskin.sandboxmusic/10445} -> PackageSetting{aee616c com.qualcomm.timeservice/10099} force queryable
06-17 14:08:16.606  3480  3770 I AppsFilter: interaction: PackageSetting{abab825 rd.sheepskin.sandboxmusic/10445} -> PackageSetting{aee616c com.qualcomm.timeservice/10099} force queryable
06-17 14:08:16.606  3480  3770 I AppsFilter: interaction: PackageSetting{abab825 rd.sheepskin.sandboxmusic/10445} -> PackageSetting{aee616c com.qualcomm.timeservice/10099} force queryable
06-17 14:08:16.606  3480  3770 I AppsFilter: interaction: PackageSetting{abab825 rd.sheepskin.sandboxmusic/10445} -> PackageSetting{88609be com.oneplus.colorx/10151} force queryable
06-17 14:08:16.606  3480  3770 I AppsFilter: interaction: PackageSetting{abab825 rd.sheepskin.sandboxmusic/10445} -> PackageSetting{88609be com.oneplus.colorx/10151} force queryable
06-17 14:08:16.606  3480  3770 I AppsFilter: interaction: PackageSetting{abab825 rd.sheepskin.sandboxmusic/10445} -> PackageSetting{88609be com.oneplus.colorx/10151} force queryable
06-17 14:08:16.606  3480  3770 I AppsFilter: interaction: PackageSetting{abab825 rd.sheepskin.sandboxmusic/10445} -> PackageSetting{88609be com.oneplus.colorx/10151} force queryable
06-17 14:08:16.606  3480  3770 I AppsFilter: interaction: PackageSetting{abab825 rd.sheepskin.sandboxmusic/10445} -> PackageSetting{88609be com.oneplus.colorx/10151} force queryable
06-17 14:08:16.606  3480  3770 I AppsFilter: interaction: PackageSetting{abab825 rd.sheepskin.sandboxmusic/10445} -> PackageSetting{e2914c3 com.qualcomm.qti.gpudrivers.pineapple.api34/10097} force queryable
06-17 14:08:16.606  3480  3770 I AppsFilter: interaction: PackageSetting{abab825 rd.sheepskin.sandboxmusic/10445} -> PackageSetting{e2914c3 com.qualcomm.qti.gpudrivers.pineapple.api34/10097} force queryable
06-17 14:08:16.606  3480  3770 I AppsFilter: interaction: PackageSetting{abab825 rd.sheepskin.sandboxmusic/10445} -> PackageSetting{e2914c3 com.qualcomm.qti.gpudrivers.pineapple.api34/10097} force queryable
06-17 14:08:16.606  3480  3770 I AppsFilter: interaction: PackageSetting{abab825 rd.sheepskin.sandboxmusic/10445} -> PackageSetting{e2914c3 com.qualcomm.qti.gpudrivers.pineapple.api34/10097} force queryable
06-17 14:08:16.606  3480  3770 I AppsFilter: interaction: PackageSetting{abab825 rd.sheepskin.sandboxmusic/10445} -> PackageSetting{e2914c3 com.qualcomm.qti.gpudrivers.pineapple.api34/10097} force queryable
06-17 14:08:16.606  3480  3770 I AppsFilter: interaction: PackageSetting{abab825 rd.sheepskin.sandboxmusic/10445} -> PackageSetting{c5db17d com.oplus.nrMode/10193} force queryable
06-17 14:08:16.606  3480  3770 I AppsFilter: interaction: PackageSetting{abab825 rd.sheepskin.sandboxmusic/10445} -> PackageSetting{c5db17d com.oplus.nrMode/10193} force queryable
06-17 14:08:16.606  3480  3770 I AppsFilter: interaction: PackageSetting{abab825 rd.sheepskin.sandboxmusic/10445} -> PackageSetting{c5db17d com.oplus.nrMode/10193} force queryable
06-17 14:08:16.606  3480  3770 I AppsFilter: interaction: PackageSetting{abab825 rd.sheepskin.sandboxmusic/10445} -> PackageSetting{c5db17d com.oplus.nrMode/10193} force queryable
06-17 14:08:16.606  3480  3770 I AppsFilter: interaction: PackageSetting{abab825 rd.sheepskin.sandboxmusic/10445} -> PackageSetting{c5db17d com.oplus.nrMode/10193} force queryable
06-17 14:08:16.606  3480  3770 I AppsFilter: interaction: PackageSetting{abab825 rd.sheepskin.sandboxmusic/10445} -> PackageSetting{bc863e6 com.qti.qcc/10223} force queryable
06-17 14:08:16.606  3480  3770 I AppsFilter: interaction: PackageSetting{abab825 rd.sheepskin.sandboxmusic/10445} -> PackageSetting{bc863e6 com.qti.qcc/10223} force queryable
06-17 14:08:16.606  3480  3770 I AppsFilter: interaction: PackageSetting{abab825 rd.sheepskin.sandboxmusic/10445} -> PackageSetting{bc863e6 com.qti.qcc/10223} force queryable
06-17 14:08:16.607  3480  3770 I AppsFilter: interaction: PackageSetting{abab825 rd.sheepskin.sandboxmusic/10445} -> PackageSetting{bc863e6 com.qti.qcc/10223} force queryable
06-17 14:08:16.607  3480  3770 I AppsFilter: interaction: PackageSetting{abab825 rd.sheepskin.sandboxmusic/10445} -> PackageSetting{bc863e6 com.qti.qcc/10223} force queryable
06-17 14:08:16.607  3480  3770 I AppsFilter: interaction: PackageSetting{abab825 rd.sheepskin.sandboxmusic/10445} -> PackageSetting{b713241 com.qti.dcf/10204} force queryable
06-17 14:08:16.607  3480  3770 I AppsFilter: interaction: PackageSetting{abab825 rd.sheepskin.sandboxmusic/10445} -> PackageSetting{b713241 com.qti.dcf/10204} force queryable
06-17 14:08:16.607  3480  3770 I AppsFilter: interaction: PackageSetting{abab825 rd.sheepskin.sandboxmusic/10445} -> PackageSetting{b713241 com.qti.dcf/10204} force queryable
06-17 14:08:16.607  3480  3770 I AppsFilter: interaction: PackageSetting{abab825 rd.sheepskin.sandboxmusic/10445} -> PackageSetting{b713241 com.qti.dcf/10204} force queryable
06-17 14:08:16.607  3480  3770 I AppsFilter: interaction: PackageSetting{abab825 rd.sheepskin.sandboxmusic/10445} -> PackageSetting{b713241 com.qti.dcf/10204} force queryable
06-17 14:08:16.607  3480  3770 I AppsFilter: interaction: PackageSetting{abab825 rd.sheepskin.sandboxmusic/10445} -> PackageSetting{fd4601a com.qualcomm.qti.qms.service.trustzoneaccess/10098} force queryable
06-17 14:08:16.607  3480  3770 I AppsFilter: interaction: PackageSetting{abab825 rd.sheepskin.sandboxmusic/10445} -> PackageSetting{fd4601a com.qualcomm.qti.qms.service.trustzoneaccess/10098} force queryable
06-17 14:08:16.607  3480  3770 I AppsFilter: interaction: PackageSetting{abab825 rd.sheepskin.sandboxmusic/10445} -> PackageSetting{fd4601a com.qualcomm.qti.qms.service.trustzoneaccess/10098} force queryable
06-17 14:08:16.607  3480  3770 I AppsFilter: interaction: PackageSetting{abab825 rd.sheepskin.sandboxmusic/10445} -> PackageSetting{fd4601a com.qualcomm.qti.qms.service.trustzoneaccess/10098} force queryable
06-17 14:08:16.607  3480  3770 I AppsFilter: interaction: PackageSetting{abab825 rd.sheepskin.sandboxmusic/10445} -> PackageSetting{fd4601a com.qualcomm.qti.qms.service.trustzoneaccess/10098} force queryable
06-17 14:08:16.607  3480  3770 I AppsFilter: interaction: PackageSetting{abab825 rd.sheepskin.sandboxmusic/10445} -> PackageSetting{61e313c com.oplus.linker/10130} force queryable
06-17 14:08:16.607  3480  3770 I AppsFilter: interaction: PackageSetting{abab825 rd.sheepskin.sandboxmusic/10445} -> PackageSetting{61e313c com.oplus.linker/10130} force queryable
06-17 14:08:16.607  3480  3770 I AppsFilter: interaction: PackageSetting{abab825 rd.sheepskin.sandboxmusic/10445} -> PackageSetting{61e313c com.oplus.linker/10130} force queryable
06-17 14:08:16.607  3480  3770 I AppsFilter: interaction: PackageSetting{abab825 rd.sheepskin.sandboxmusic/10445} -> PackageSetting{61e313c com.oplus.linker/10130} force queryable
06-17 14:08:16.607  3480  3770 I AppsFilter: interaction: PackageSetting{abab825 rd.sheepskin.sandboxmusic/10445} -> PackageSetting{61e313c com.oplus.linker/10130} force queryable
06-17 14:08:16.607  3480  3770 I AppsFilter: interaction: PackageSetting{abab825 rd.sheepskin.sandboxmusic/10445} -> PackageSetting{58c2b09 com.android.traceur/10095} force queryable
06-17 14:08:16.607  3480  3770 I AppsFilter: interaction: PackageSetting{abab825 rd.sheepskin.sandboxmusic/10445} -> PackageSetting{58c2b09 com.android.traceur/10095} force queryable
06-17 14:08:16.607  3480  3770 I AppsFilter: interaction: PackageSetting{abab825 rd.sheepskin.sandboxmusic/10445} -> PackageSetting{58c2b09 com.android.traceur/10095} force queryable
06-17 14:08:16.607  3480  3770 I AppsFilter: interaction: PackageSetting{abab825 rd.sheepskin.sandboxmusic/10445} -> PackageSetting{58c2b09 com.android.traceur/10095} force queryable
06-17 14:08:16.607  3480  3770 I AppsFilter: interaction: PackageSetting{abab825 rd.sheepskin.sandboxmusic/10445} -> PackageSetting{58c2b09 com.android.traceur/10095} force queryable
06-17 14:08:16.607  3480  3770 I AppsFilter: interaction: PackageSetting{abab825 rd.sheepskin.sandboxmusic/10445} -> PackageSetting{6616837 com.oplus.appsense/10390} force queryable
06-17 14:08:16.607  3480  3770 I AppsFilter: interaction: PackageSetting{abab825 rd.sheepskin.sandboxmusic/10445} -> PackageSetting{6616837 com.oplus.appsense/10390} force queryable
06-17 14:08:16.607  3480  3770 I AppsFilter: interaction: PackageSetting{abab825 rd.sheepskin.sandboxmusic/10445} -> PackageSetting{6616837 com.oplus.appsense/10390} force queryable
06-17 14:08:16.607  3480  3770 I AppsFilter: interaction: PackageSetting{abab825 rd.sheepskin.sandboxmusic/10445} -> PackageSetting{6616837 com.oplus.appsense/10390} force queryable
06-17 14:08:16.607  3480  3770 I AppsFilter: interaction: PackageSetting{abab825 rd.sheepskin.sandboxmusic/10445} -> PackageSetting{6616837 com.oplus.appsense/10390} force queryable
06-17 14:08:16.608  3480  3770 I AppsFilter: interaction: PackageSetting{abab825 rd.sheepskin.sandboxmusic/10445} -> PackageSetting{b6d115b com.google.android.ondevicepersonalization.services/10265} force queryable
06-17 14:08:16.608  3480  3770 I AppsFilter: interaction: PackageSetting{abab825 rd.sheepskin.sandboxmusic/10445} -> PackageSetting{b6d115b com.google.android.ondevicepersonalization.services/10265} force queryable
06-17 14:08:16.608  3480  3770 I AppsFilter: interaction: PackageSetting{abab825 rd.sheepskin.sandboxmusic/10445} -> PackageSetting{b6d115b com.google.android.ondevicepersonalization.services/10265} force queryable
06-17 14:08:16.608  3480  3770 I AppsFilter: interaction: PackageSetting{abab825 rd.sheepskin.sandboxmusic/10445} -> PackageSetting{b6d115b com.google.android.ondevicepersonalization.services/10265} force queryable
06-17 14:08:16.608  3480  3770 I AppsFilter: interaction: PackageSetting{abab825 rd.sheepskin.sandboxmusic/10445} -> PackageSetting{b6d115b com.google.android.ondevicepersonalization.services/10265} force queryable
06-17 14:08:16.608  3480  3770 I AppsFilter: interaction: PackageSetting{abab825 rd.sheepskin.sandboxmusic/10445} -> PackageSetting{ec1ed6 com.android.systemui/10208} force queryable
06-17 14:08:16.608  3480  3770 I AppsFilter: interaction: PackageSetting{abab825 rd.sheepskin.sandboxmusic/10445} -> PackageSetting{ec1ed6 com.android.systemui/10208} force queryable
06-17 14:08:16.608  3480  3770 I AppsFilter: interaction: PackageSetting{abab825 rd.sheepskin.sandboxmusic/10445} -> PackageSetting{ec1ed6 com.android.systemui/10208} force queryable
06-17 14:08:16.608  3480  3770 I AppsFilter: interaction: PackageSetting{abab825 rd.sheepskin.sandboxmusic/10445} -> PackageSetting{ec1ed6 com.android.systemui/10208} force queryable
06-17 14:08:16.608  3480  3770 I AppsFilter: interaction: PackageSetting{abab825 rd.sheepskin.sandboxmusic/10445} -> PackageSetting{ec1ed6 com.android.systemui/10208} force queryable
06-17 14:08:16.608  3480  3770 I AppsFilter: interaction: PackageSetting{abab825 rd.sheepskin.sandboxmusic/10445} -> PackageSetting{d234655 com.qualcomm.qti.xrcb/10206} force queryable
