--------- beginning of main
07-08 17:49:57.519  3031 16235 V Capacitor/Plugin: To native (Capacitor plugin): callbackId: 8587529, pluginId: NativeExoPlayback, methodName: getStatus
07-08 17:49:57.519  3031  3031 I Capacitor/Console: File:  - Line 349 - Msg: [object Object]
07-08 17:49:57.520  3031 16235 V Capacitor: callback: 8587529, pluginId: NativeExoPlayback, methodName: getStatus, methodData: {}
07-08 17:49:57.525  3031  3031 I Capacitor/Console: File:  - Line 333 - Msg: {"available":true,"wired":true,"message":"ExoPlayer decode active  content:// locker bridge + HTTP streams.","state":"idle","positionSecs":0,"durationSecs":0,"queueIndex":0,"queueLength":0,"gaplessEnabled":false,"crossfadeEnabled":false,"bitPerfectActive":false}
07-08 17:49:57.533  2323  2323 I adbd    : adbd service requested 'shell,v2,TERM=dumb,raw:am start -a android.intent.action.VIEW -d 'sandboxmusic://e2e/podcast-play?query=Jim%20Cornette%20Experience&playTimeoutMs=240000' -n rd.sheepskin.sandboxmusic/.MainActivity -f 0x14000000'
07-08 17:49:57.554  5703  7977 D CommonApp-116-10162: transport layer data is invalid
07-08 17:49:57.554  5703  7977 D CommonApp-116-10447: commonScoreStrategy scenarios 3 mTLD.uplink_packets + mTLD.downlink_packets > 10 avgRtt22
07-08 17:49:57.554  5703  7977 D CommonApp-116-10447: notifyScoreChange appScene COMMON score 95
07-08 17:49:57.566  3414  4599 D OplusNetRttKit: getIcmpEchoRtt addr:192.168.1.*** avgRtt: 17
07-08 17:49:57.599  3031 16187 D Capacitor: Handling CapacitorHttp request: https://localhost/_capacitor_http_interceptor_?u=https%3A%2F%2Fitunes.apple.com%2Flookup%3Fid%3D1736263841%26entity%3Dalbum%26limit%3D100
07-08 17:49:57.600  3031 16187 I CapacitorCookies: Getting cookies at: 'https://itunes.apple.com/lookup?id=1736263841&entity=album&limit=100'
07-08 17:49:57.603  3414  4564 I [UAH_CLIENT]: UahEventAcquire, cmdid:2, pkg:none, identity:com.android.server.wm
--------- beginning of system
07-08 17:49:57.603  3414  8731 W ActivityTaskManager: callingPackage for (uid=2000, pid=17085) has no WPC
07-08 17:49:57.604  3414  8731 D WindowManager: NFW_setClientVisible:ActivityRecord{142826908 u0 rd.sheepskin.sandboxmusic/.MainActivity clientVisible:true
07-08 17:49:57.604  3414  8731 V GrammaticalInflectionUtils: AttributionSource: android.content.AttributionSource@e22a8b13 does not have READ_SYSTEM_GRAMMATICAL_GENDER permission.
07-08 17:49:57.604  3414  8731 D ActivityTaskManager: The isLandscapeFullscreenEnabled is: rd.sheepskin.sandboxmusic/.MainActivity
07-08 17:49:57.604  3414  8731 D ActivityTaskManager: The isLandscapeFullscreenEnabled is: rd.sheepskin.sandboxmusic/.MainActivity
07-08 17:49:57.604  3414  8731 D ActivityTaskManager: The isLandscapeFullscreenEnabled is: rd.sheepskin.sandboxmusic/.MainActivity
07-08 17:49:57.604  3414  8731 D ActivityTaskManager: The isLandscapeFullscreenEnabled is: rd.sheepskin.sandboxmusic/.MainActivity
07-08 17:49:57.604  3414  8731 D ActivityTaskManager: The isLandscapeFullscreenEnabled is: rd.sheepskin.sandboxmusic/.MainActivity
07-08 17:49:57.605  3414  8731 D FlexibleTaskController: isSupportFlexibleWindow target = rd.sheepskin.sandboxmusic/.MainActivity callPkg = FlexibleTaskController support = true ,caller = 3414
07-08 17:49:57.605  3414  8731 I AppSnapshotController: init, sysSupport = true, mActivitySupport = false, activityRecord = ActivityRecord{142826908 u0 rd.sheepskin.sandboxmusic/.MainActivity t-1}
07-08 17:49:57.606  3414  8731 D FlexibleWindowManagerService: isIgnoreAppearedAcrossTask:false
07-08 17:49:57.606  3414  8731 D ActivityStarterExtImpl: setForceUpdateWindow, targetTask = Task{248ac28 #1721 type=standard A=10447:rd.sheepskin.sandboxmusic} r = ActivityRecord{142826908 u0 rd.sheepskin.sandboxmusic/.MainActivity t-1} notFinish =false
07-08 17:49:57.606  3414  8731 D FlexibleWindowManagerService: isIgnoreAppearedAcrossTask:false
07-08 17:49:57.606  3414  8731 D FlexibleTaskController: findSourceTaskForFreeForm: sourceRecord = null ,realCallingPid:17085 ,launchFromZoomMode:false ,prevTopTask:Task{248ac28 #1721 type=standard A=10447:rd.sheepskin.sandboxmusic}
07-08 17:49:57.606  3414  8731 D FlexibleTaskController: findSourceTaskForFreeForm: the caller is not a flexible freeform window application and does not have a zoom windowMode startup parameter
07-08 17:49:57.606  3414  8731 D FlexibleTaskController: adjustOptionsForFlexibleTask not allow options follow process task's options, reason:9 ,reusedOptions:null
07-08 17:49:57.606  3414  3631 E QosSceneRecognizer[ActivityStartScene]: notifyActivityStart get launchedFromUid failed through AppManager! launchedFromPackage: com.android.shell, pkg: rd.sheepskin.sandboxmusic
07-08 17:49:57.606  3414  8731 I TaskFragmentExtImpl: reset pause in recents anim for mTaskFragment: Task{248ac28 #1721 type=standard A=10447:rd.sheepskin.sandboxmusic}
07-08 17:49:57.606  3414  8731 D FlexibleTaskController: isSupportFlexibleWindow target = rd.sheepskin.sandboxmusic/.MainActivity callPkg = FlexibleTaskController support = true ,caller = 3414
07-08 17:49:57.606  3414  8731 D FlexibleTaskController: shouldKeepFlexibleTask flexibleTask not active.
07-08 17:49:57.607  3414  4363 D StartingSurfacePreviewController: checkSupportSurfacePreview, token=rd.sheepskin.sandboxmusic/.MainActivity, enableSurfacePreview=false, supportMultiLayout=false, unsupportedSkipViewAnimLv=null, disableSurfacePreviewAnimLv=null, ignoreFileExistAnimLv=null
07-08 17:49:57.607  3414  8731 D ActivityStarterExtImpl: isLaunchingRootActivity = true
07-08 17:49:57.607  3414  8731 D ActivityTaskManager: The isLandscapeFullscreenEnabled is: rd.sheepskin.sandboxmusic/.MainActivity
07-08 17:49:57.608  3414  8731 D ActivityTaskManager: The isLandscapeFullscreenEnabled is: rd.sheepskin.sandboxmusic/.MainActivity
07-08 17:49:57.609  1854 27844 I sensors-hal: handle_oplus_wise_rgb_event:160, wise_rgb:(21471)(cct,lux,ir)[7979.17, 93.43, 82.672318](rgbc)[4169.60, 2340.55, 1627.06, 6982.67](pwm,hbm,brl,algo)[0.0 0.0 36.0 2.0],flag 0
07-08 17:49:57.609  3414  8731 E Transition: Aborting Transition mSyncId=6500, caller=com.android.server.wm.OplusTransitionUtil.abortTransitionImmediately:109 com.android.server.wm.OplusTransitionController.abortTransitionImmediately:123 com.android.server.wm.ActivityStarterExtImpl.abortTransitionImmediately:1896 
07-08 17:49:57.609  3414  8731 D OplusTransitionController: hookOnAbort, transition: TransitionRecord{9cfe72b id=6500 track=0 type=OPEN flags=0x0 state=0 c=[
07-08 17:49:57.609  3414  8731 D OplusTransitionController:    ChangeInfo{c36b788 container=ActivityRecord{142826908 u0 rd.sheepskin.sandboxmusic/.MainActivity t-1} flags=0x0}
07-08 17:49:57.609  3414  8731 D OplusTransitionController: ]
07-08 17:49:57.609  3414  8731 D OplusTransitionController: }
07-08 17:49:57.609  3414  8731 E OplusAppQuickStart_AppQuickStartController: not start from launcher transition:6500
07-08 17:49:57.609  3414  8731 D KEYLOG_PhoneWindowManager: setKeyguardOccludedLw occluded=false,false,false
07-08 17:49:57.610  3414  8731 D KEYLOG_PhoneWindowManager: setKeyguardOccludedLw occluded=false,false,false
07-08 17:49:57.610  3414  8731 E SchedAssist: binderSetThreadUxFlagByIoctl: ioctl failed, tid=-1 flag=1 ret=-1 errno=25 (Inappropriate ioctl for device)
07-08 17:49:57.610  3414  8731 E SchedAssist: binderSetThreadUxFlagByIoctl: ioctl failed, tid=-1 flag=0 ret=-1 errno=25 (Inappropriate ioctl for device)
07-08 17:49:57.611  3414  8731 I ActivityTaskManager: START u0 {act=android.intent.action.VIEW dat=sandboxmusic://e2e/... flg=0x14000000 xflg=0x4 cmp=rd.sheepskin.sandboxmusic/.MainActivity mCallingUid=2000} with LAUNCH_SINGLE_TASK from uid 2000 (BAL_ALLOW_PERMISSION (START_ACTIVITIES_FROM_BACKGROUND permission granted)) result code=3
07-08 17:49:57.610  4915 31259 D KeyguardService: setOccluded(false)
07-08 17:49:57.609  4915  4915 D CommandQueueLogger: appTransitionPending displayId=0 forced=false
07-08 17:49:57.611  4915 31259 D KeyguardService: setOccluded: false, animate= false
07-08 17:49:57.611  4915 31259 D KeyguardViewMediator: setOccluded(false)
07-08 17:49:57.611  4915 31259 D KeyguardViewMediator: setOccluded false
07-08 17:49:57.612  4915 31259 D KeyguardService: setOccluded(false)
07-08 17:49:57.612  4915 31259 D KeyguardService: setOccluded: false, animate= false
07-08 17:49:57.612  4915 31259 D KeyguardViewMediator: setOccluded(false)
07-08 17:49:57.612  4915 31259 D KeyguardViewMediator: setOccluded false
07-08 17:49:57.612  3031  3031 V Capacitor/AppPlugin: Notifying listeners for event pause
07-08 17:49:57.612  3031  3031 D Capacitor/AppPlugin: No listeners found for event pause
07-08 17:49:57.613  3031  3031 D Capacitor: App paused
07-08 17:49:57.613  3031  3031 V Capacitor/AppPlugin: Notifying listeners for event appUrlOpen
07-08 17:49:57.613  3031  3031 D ActivityThread: ComponentInfo{rd.sheepskin.sandboxmusic/rd.sheepskin.sandboxmusic.MainActivity} checkFinished=false 4
07-08 17:49:57.613  3031  3031 D ResourcesManagerExtImpl: applyConfigurationToAppResourcesLocked app.getDisplayId() return callback.displayId:0
07-08 17:49:57.613  3031  3031 D Capacitor/AppPlugin: Firing change: true
07-08 17:49:57.613  3031  3031 V Capacitor/AppPlugin: Notifying listeners for event appStateChange
07-08 17:49:57.614  3031  3031 V Capacitor/AppPlugin: Notifying listeners for event resume
07-08 17:49:57.614  3031  3031 D Capacitor/AppPlugin: No listeners found for event resume
07-08 17:49:57.614  3031  3031 D Capacitor: App resumed
07-08 17:49:57.611  4915  4915 D CommandQueueLogger: appTransitionCancelled displayId=0
07-08 17:49:57.614  3414  4746 V AS.AudioService: uid 10447, callingApp = rd.sheepskin.sandboxmusic
07-08 17:49:57.614  4915  4915 D CommandQueueLogger: appTransitionCancelled displayId=0
07-08 17:49:57.614  4915  4915 D KeyguardViewMediator: handleSetOccluded(false)
07-08 17:49:57.615  3031  3031 I AudioManager: In setSpeakerphoneOn(), on: false, calling application: rd.sheepskin.sandboxmusic
07-08 17:49:57.615  3414  4746 W AS.AudioService: Audio Settings Permission Denial: setSpeakerphoneOn() from pid=3031, uid=10447
07-08 17:49:57.615  4915  4915 D NotificationShadeWindowController: setIsAboutToOccluded:false, needApply:false
07-08 17:49:57.615  4915  4915 D KeyguardViewMediator: isOccluded=false,mPowerGestureIntercepted=false
07-08 17:49:57.615  3031  3031 W BluetoothAdapterExtImpl: setSpeakerphoneOn register null!
07-08 17:49:57.615  4915  4915 I SystemUi--Keyguard: ChargingAnimationImpl-->onKeyguardOccludeChange occluded= false
07-08 17:49:57.615  4915  4915 I SystemUi--Keyguard: KeyguardSliderLayout-->onKeyguardOccludeChange occluded= false
07-08 17:49:57.615  4915  4915 D KeyguardViewMediator: KeyguardViewMediator queue processing message: SET_OCCLUDED
07-08 17:49:57.616  4915  4967 D WindowManagerShell: onActivityRestartAttempt: topActivity=ComponentInfo{rd.sheepskin.sandboxmusic/rd.sheepskin.sandboxmusic.MainActivity}, wasVisible=true
07-08 17:49:57.619  3031  3031 I Capacitor/Console: File:  - Line 333 - Msg: {"url":"sandboxmusic://e2e/podcast-play?query=Jim%20Cornette%20Experience&playTimeoutMs=240000"}
07-08 17:49:57.619  3031 16235 V Capacitor/Plugin: To native (Capacitor plugin): callbackId: 8587530, pluginId: NativeExoPlayback, methodName: getStatus
07-08 17:49:57.620  3031 16235 V Capacitor: callback: 8587530, pluginId: NativeExoPlayback, methodName: getStatus, methodData: {}
07-08 17:49:57.620  3031  3031 I Capacitor/Console: File:  - Line 333 - Msg: {"url":"sandboxmusic://e2e/podcast-play?query=Jim%20Cornette%20Experience&playTimeoutMs=240000"}
07-08 17:49:57.620  3031  3031 I Capacitor/Console: File:  - Line 333 - Msg: {"url":"sandboxmusic://e2e/podcast-play?query=Jim%20Cornette%20Experience&playTimeoutMs=240000"}
07-08 17:49:57.621  3031  3031 I Capacitor/Console: File:  - Line 333 - Msg: {"isActive":true}
07-08 17:49:57.621  3031  3031 I Capacitor/Console: File:  - Line 333 - Msg: {"isActive":true}
07-08 17:49:57.621  3031  3031 I Capacitor/Console: File:  - Line 349 - Msg: [object Object]
07-08 17:49:57.622  3414  4827 I Osense-BaseDecisionMaker: notifySceneToAthenaPolicy: SCENE_ACTIVITY_IDLE, bundle: Bundle[{scene=SCENE_ACTIVITY_IDLE}]
07-08 17:49:57.622  3414  4827 I Osense-BaseDecisionMaker: OSense not supported scene! SCENE_ACTIVITY_IDLE
07-08 17:49:57.623  3031  3031 I Capacitor/Console: File:  - Line 333 - Msg: {"available":true,"wired":true,"message":"ExoPlayer decode active  content:// locker bridge + HTTP streams.","state":"idle","positionSecs":0,"durationSecs":0,"queueIndex":0,"queueLength":0,"gaplessEnabled":false,"crossfadeEnabled":false,"bitPerfectActive":false}
07-08 17:49:57.639  1890  1890 I [UAH_CLIENT]: UahPlatformResAcquire
07-08 17:49:57.639  1890  1890 I [UAH_CLIENT]: UahEventAcquire, cmdid:-3, pkg:2141 7897, identity:qcom-perfd
07-08 17:49:57.641  1890  2036 E ANDR-PERF-RESOURCEQS: ANDR-PERF-RESOURCEQS: AddAndApply() 125: Resource with major=16, minor=0 not supported
07-08 17:49:57.650  2323  2323 I adbd    : adbd service requested 'shell,v2,TERM=dumb:export ANDROID_LOG_TAGS=''; exec logcat '-d' '-t' '12000''
07-08 17:49:57.653  2141  3457 E HwcComposer: getLuts failed Status(-129, EX_TRANSACTION_FAILED): 'UNKNOWN_TRANSACTION: '
07-08 17:49:57.661  1890 17090 I [UAH_CLIENT]: UahRelease, handle:298928
07-08 17:49:57.661  3414  3693 I resRelease: policy type is 1
07-08 17:49:57.699  4131  4162 I APS_ALOG: flushRoutine g_immediateFlush=0 g_pendingCount=0 g_oobCount=0
07-08 17:49:57.717  1730  8338 E         : DNS_CACHE: hanle request << lookupdns: hostname:test-gateway.instagram.com, servername:443, ai_flags:1024, ai_family:0, ai_socktype:2, ai_protocol:0, netid:0, uid:10526
07-08 17:49:57.717  8945  9228 D DNS_CACHE: oplus_oplus_getaddrinfo_proxy lookup from netd: hostname:test-gateway.instagram.com, servname:443 uid: 10526, result_code:408, res = 0x0, found = 0
07-08 17:49:57.723  1884  2196 I SDM     : DisplayBase::CommitThread: Received idle timeout, panel: cmd, timeout: 70000 us
07-08 17:49:57.726  8945  9225 E msys    : E[N mns:DGWClient]_LogError(328)=>Failed to resolve using system DNS resolver, getaddrinfo(): No address associated with hostname
07-08 17:49:57.749  2015  2140 D vendor.oplus.hardware.charger-V10-service: ret_value:123, read content:,355,355,4136,4134,-99,78,81,1,1,0,456,4999,81,1,4430,300,500,0,5,4500,5,0,1,0,2,0,0,0,1,5397,93,0,3596,4658,0,0,0,0,0,105
07-08 17:49:57.750  2015  2140 D vendor.oplus.hardware.charger-V10-service: gmtime: 2026-07-08-17-49-57
07-08 17:49:57.750  2015  2140 D vendor.oplus.hardware.charger-V10-service: usb_online:1, ac_online:-2147483648, wireless_online:0
07-08 17:49:57.897  3414  3608 E BLASTSyncEngine: WM sent Transaction (#6498, Transition-OPEN, tx=14663019345114) to organizer, but never received commit callback. Application ANR likely to follow.
07-08 17:49:57.897  3414  3608 I BLASTSyncEngineExtImpl: syncTransitionCommitTimeout  syncGroupId=6498,merged.mNativeObjec=-5476376660050303232
07-08 17:49:57.897  3414  3608 I BLASTSyncEngine: onCommitted syncId: 6498, timeout: true ran: false
07-08 17:49:57.900  1890  1890 I [UAH_CLIENT]: UahPlatformResAcquire
07-08 17:49:57.902  1890  1890 I [UAH_CLIENT]: UahEventAcquire, cmdid:-3, pkg:2141 7898, identity:qcom-perfd
07-08 17:49:57.904  1890  2036 E ANDR-PERF-RESOURCEQS: ANDR-PERF-RESOURCEQS: AddAndApply() 125: Resource with major=16, minor=0 not supported
07-08 17:49:57.923  1890 17096 I [UAH_CLIENT]: UahRelease, handle:298929
07-08 17:49:58.009  1854 27779 I sensors-hal: handle_oplus_wise_rgb_event:189, high_pwm_light:lux 92.9,cct 7958.7,brl/algo/ir 36.0/2.0/83.8,pwm/dc 0.0/0.0,rgbc 4184.878418/2340.553955/1627.060059/6982.671875,ts 365612785161563,cnt 21473,flag 0
07-08 17:49:58.054  1890  1890 I [UAH_CLIENT]: UahPlatformResAcquire
07-08 17:49:58.056  1890  1890 I [UAH_CLIENT]: UahEventAcquire, cmdid:-3, pkg:2141 7899, identity:qcom-perfd
07-08 17:49:58.058  1890  2036 E ANDR-PERF-RESOURCEQS: ANDR-PERF-RESOURCEQS: AddAndApply() 125: Resource with major=16, minor=0 not supported
07-08 17:49:58.062  2141  3457 E HwcComposer: getLuts failed Status(-129, EX_TRANSACTION_FAILED): 'UNKNOWN_TRANSACTION: '
07-08 17:49:58.066  2174  2174 I vendor.rmt_storage: rmt_storage_connect_cb: clnt_h=0x9c conn_h=0xb40000746da37010
07-08 17:49:58.066  2174  2174 I vendor.rmt_storage: rmt_storage_rw_iovec_cb: /boot/modem_fs2: req_h=0x9c msg_id=3: R/W request received (wr_count 143)
07-08 17:49:58.067  2174  2174 I vendor.rmt_storage: wakelock acquired: 0, error no: 11
07-08 17:49:58.067  2174  3591 I vendor.rmt_storage: rmt_storage_client_thread: /boot/modem_fs2: Unblock worker thread (th_id: 500032203904)
07-08 17:49:58.076  1890 17098 I [UAH_CLIENT]: UahRelease, handle:298930
07-08 17:49:58.078  2174  3591 I vendor.rmt_storage: rmt_storage_client_thread: /boot/modem_fs2: req_h=0x9c msg_id=3: Bytes written = 4194304, wr_count 143
07-08 17:49:58.078  2174  3591 I vendor.rmt_storage: rmt_storage_client_thread: /boot/modem_fs2: req_h=0x9c msg_id=3: Send response: res=0 err=0, wr_count 143
07-08 17:49:58.078  2174  3591 I vendor.rmt_storage: rmt_storage_client_thread: /boot/modem_fs2: About to block rmt_storage client thread (th_id: 500032203904) wakelock released: 1, error no: 0
07-08 17:49:58.078  2174  3591 I vendor.rmt_storage: 
07-08 17:49:58.079  2174  2174 I vendor.rmt_storage: rmt_storage_disconnect_cb: clnt_h=0x9c conn_h=0xb40000746da37010
07-08 17:49:58.102  3031 16187 D Capacitor: Handling CapacitorHttp request: https://localhost/_capacitor_http_interceptor_?u=https%3A%2F%2Fitunes.apple.com%2Flookup%3Fid%3D1759649558%26entity%3Dalbum%26limit%3D100
07-08 17:49:58.103  3031 16187 I CapacitorCookies: Getting cookies at: 'https://itunes.apple.com/lookup?id=1759649558&entity=album&limit=100'
07-08 17:49:58.112  1854 10286 I sensors-hal: handle_sns_client_event:316, accel_sample: 0: ts=365612859760417 ns; value = [0.182857, 0.385167, 9.892841], status=3
07-08 17:49:58.130  1884  2196 I SDM     : DisplayBase::CommitThread: Received idle timeout, panel: cmd, timeout: 70000 us
07-08 17:49:58.265  2015  2142 D BatteryChargeControl: bcc get no support from charging protocol
07-08 17:49:58.291  2015  6827 D charge_time: type=sdp,reserve_soc=3,soc=78,ui_soc=81,current=99,avg=99,not_chg_cnt=0,stable_cnt=7,fcc=4658,fcc_ratio=91,delta=218,debug=0,region=13,ttf=15005(04:10:05),ui_ttf=10702(02:58:22)
07-08 17:49:58.328  4915  5018 I SystemUi--Statusbar: OplusNetworkSpeedControllExImpl-->updateNetworkSpeed: isConnected:true,isSwitchOn:true,isSuspend:false,isPause:false
07-08 17:49:58.331  4915  5018 I SystemUi--Statusbar: OplusNetworkSpeedControllExImpl-->getTotalByte: totalRxBytes:16222920958,totalTxBytes:3884186257,loopbackTxBytes:3091648038,loopbackRxBytes:3091648038 ,totalBytes:13923811139
07-08 17:49:58.338  1730  8338 E         : DNS_CACHE: hanle request << lookupdns: hostname:test-gateway.instagram.com, servername:443, ai_flags:1024, ai_family:0, ai_socktype:2, ai_protocol:0, netid:0, uid:10526
07-08 17:49:58.339  8945  9231 D DNS_CACHE: oplus_oplus_getaddrinfo_proxy lookup from netd: hostname:test-gateway.instagram.com, servname:443 uid: 10526, result_code:408, res = 0x0, found = 0
07-08 17:49:58.351  8945  9225 E msys    : E[N mns:DGWClient]_LogError(328)=>Failed to resolve using system DNS resolver, getaddrinfo(): No address associated with hostname
07-08 17:49:58.352  1890  1890 I [UAH_CLIENT]: UahPlatformResAcquire
07-08 17:49:58.352  1890  1890 I [UAH_CLIENT]: UahEventAcquire, cmdid:-3, pkg:2141 7900, identity:qcom-perfd
07-08 17:49:58.355  1890  2036 E ANDR-PERF-RESOURCEQS: ANDR-PERF-RESOURCEQS: AddAndApply() 125: Resource with major=16, minor=0 not supported
07-08 17:49:58.370  2141  3457 E HwcComposer: getLuts failed Status(-129, EX_TRANSACTION_FAILED): 'UNKNOWN_TRANSACTION: '
07-08 17:49:58.373  1890 17102 I [UAH_CLIENT]: UahRelease, handle:298932
07-08 17:49:58.382  8931 25884 D gaia-GaiaConnectChecker: start connect check++
07-08 17:49:58.417  3031 16187 D Capacitor: Handling CapacitorHttp request: https://localhost/_capacitor_http_interceptor_?u=https%3A%2F%2Fitunes.apple.com%2Fsearch%3Fterm%3Dbillie%2Beilish%2Bwhen%2Bthe%2Bparty%2527s%26entity%3DmusicArtist%26limit%3D8
07-08 17:49:58.420  3031 16187 I CapacitorCookies: Getting cookies at: 'https://itunes.apple.com/search?term=billie+eilish+when+the+party%27s&entity=musicArtist&limit=8'
07-08 17:49:58.439  1884  2196 I SDM     : DisplayBase::CommitThread: Received idle timeout, panel: cmd, timeout: 70000 us
07-08 17:49:58.575  5703  7977 D CommonApp-116-10162: transport layer data is invalid
07-08 17:49:58.576  5703  7977 D CommonApp-116-10447: commonScoreStrategy scenarios 3 mTLD.uplink_packets + mTLD.downlink_packets > 10 avgRtt13
07-08 17:49:58.576  5703  7977 D CommonApp-116-10447: notifyScoreChange appScene COMMON score 100
07-08 17:49:58.609  1854 27844 I sensors-hal: handle_oplus_wise_rgb_event:160, wise_rgb:(21476)(cct,lux,ir)[8184.45, 93.09, 84.844757](rgbc)[4184.88, 2340.55, 1642.13, 6982.67](pwm,hbm,brl,algo)[0.0 0.0 36.0 2.0],flag 0
07-08 17:49:58.744  3031 16187 D Capacitor: Handling CapacitorHttp request: https://localhost/_capacitor_http_interceptor_?u=https%3A%2F%2Fitunes.apple.com%2Fsearch%3Fterm%3Dover%26entity%3DmusicArtist%26limit%3D8
07-08 17:49:58.746  3031 16187 I CapacitorCookies: Getting cookies at: 'https://itunes.apple.com/search?term=over&entity=musicArtist&limit=8'
07-08 17:49:58.797  1890  1890 I [UAH_CLIENT]: UahPlatformResAcquire
07-08 17:49:58.797  1890  1890 I [UAH_CLIENT]: UahEventAcquire, cmdid:-3, pkg:2141 7897, identity:qcom-perfd
07-08 17:49:58.801  1890  2036 E ANDR-PERF-RESOURCEQS: ANDR-PERF-RESOURCEQS: AddAndApply() 125: Resource with major=16, minor=0 not supported
07-08 17:49:58.820  1890 17104 I [UAH_CLIENT]: UahRelease, handle:298933
07-08 17:49:58.867  2141  3457 E HwcComposer: getLuts failed Status(-129, EX_TRANSACTION_FAILED): 'UNKNOWN_TRANSACTION: '
07-08 17:49:58.936  1884  2196 I SDM     : DisplayBase::CommitThread: Received idle timeout, panel: cmd, timeout: 70000 us
07-08 17:49:59.011  3414  4308 I CwbClient: setCWBDisplayType set mFeatureID = CWB_RGB_VALUE
07-08 17:49:59.017  1890  1890 I [UAH_CLIENT]: UahPlatformResAcquire
07-08 17:49:59.018  1890  1890 I [UAH_CLIENT]: UahEventAcquire, cmdid:-3, pkg:2141 7898, identity:qcom-perfd
07-08 17:49:59.021  1890  2036 E ANDR-PERF-RESOURCEQS: ANDR-PERF-RESOURCEQS: AddAndApply() 125: Resource with major=16, minor=0 not supported
07-08 17:49:59.037  3031 16187 D Capacitor: Handling CapacitorHttp request: https://localhost/_capacitor_http_interceptor_?u=https%3A%2F%2Fitunes.apple.com%2Flookup%3Fid%3D1463687018%26entity%3Dalbum%26limit%3D100
07-08 17:49:59.038  1890 17107 I [UAH_CLIENT]: UahRelease, handle:298934
07-08 17:49:59.040  3031 16187 I CapacitorCookies: Getting cookies at: 'https://itunes.apple.com/lookup?id=1463687018&entity=album&limit=100'
07-08 17:49:59.099  1884  2196 I SDM     : DisplayBase::CommitThread: Received idle timeout, panel: cmd, timeout: 70000 us
07-08 17:49:59.104  1890  1890 I [UAH_CLIENT]: UahPlatformResAcquire
07-08 17:49:59.104  1890  1890 I [UAH_CLIENT]: UahEventAcquire, cmdid:-3, pkg:2141 7899, identity:qcom-perfd
07-08 17:49:59.108  1890  2036 E ANDR-PERF-RESOURCEQS: ANDR-PERF-RESOURCEQS: AddAndApply() 125: Resource with major=16, minor=0 not supported
07-08 17:49:59.109  1854 10286 I sensors-hal: handle_sns_client_event:316, accel_sample: 0: ts=365613867249479 ns; value = [0.182857, 0.375590, 9.892841], status=3
07-08 17:49:59.118  2141  3457 E HwcComposer: getLuts failed Status(-129, EX_TRANSACTION_FAILED): 'UNKNOWN_TRANSACTION: '
07-08 17:49:59.126  1890 17109 I [UAH_CLIENT]: UahRelease, handle:298935
07-08 17:49:59.210  3414  4308 D FusionLightNextGen: raw_lux 90.4, raw_cct -1.0, r/g/b/c: 4200.2/2340.6/1642.1/6997.8, R/G/B: 28.0/27.0/24.0, bri 36.0, lux: 89.907303, cct: 5675.1, ir: 0.085064, conf: 5, cnt: 0
07-08 17:49:59.244  3031 16203 D AAudio  : AAudioStream_requestStop(s#10) called
07-08 17:49:59.245  3031 16203 D AAudioStream: setState(s#10) from 4 to 9
07-08 17:49:59.245  3031 16203 D AudioTrack: [oplusAudioFade]stop mState STATE_ACTIVE, mIsTrackSupportFade 0
07-08 17:49:59.245  3031 16203 D AudioTrack: stop(2737): prior state:STATE_ACTIVE output 13 stream 3 session 17561
07-08 17:49:59.245  3031 16203 D AudioTrack: stop(2737): called with 1439808 frames delivered
07-08 17:49:59.248  3414  4746 E AppOps  : attributionTag  not declared in manifest of rd.sheepskin.sandboxmusic
07-08 17:49:59.249  3414  8731 E AppOps  : attributionTag  not declared in manifest of rd.sheepskin.sandboxmusic
07-08 17:49:59.251  3031 16203 I AudioTrack: stop(2737): 0xb400007238efd400 stop done
07-08 17:49:59.251  3031 16203 D AAudioStream: setState(s#10) from 9 to 10
07-08 17:49:59.258  3031  3031 D MediaRouter: onRestoreRoute() : route=RouteInfo{ description=null, status=null, category=RouteCategory{ name=System types=ROUTE_TYPE_LIVE_AUDIO ROUTE_TYPE_LIVE_VIDEO  groupable=false }, supportedTypes=ROUTE_TYPE_LIVE_AUDIO ROUTE_TYPE_LIVE_VIDEO , presentationDisplay=null }
07-08 17:49:59.259  3031  3031 V MediaRouter: Selecting route: RouteInfo{ description=null, status=null, category=RouteCategory{ name=System types=ROUTE_TYPE_LIVE_AUDIO ROUTE_TYPE_LIVE_VIDEO  groupable=false }, supportedTypes=ROUTE_TYPE_LIVE_AUDIO ROUTE_TYPE_LIVE_VIDEO , presentationDisplay=null }
07-08 17:49:59.266  2015  2142 D BatteryChargeControl: bcc get no support from charging protocol
07-08 17:49:59.271  3031 16203 D AAudio  : AAudioStream_requestStop(s#12) called
07-08 17:49:59.271  3031 16203 D AAudioStream: setState(s#12) from 4 to 9
07-08 17:49:59.271  3031 16203 D AudioTrack: [oplusAudioFade]stop mState STATE_ACTIVE, mIsTrackSupportFade 0
07-08 17:49:59.271  3031 16203 D AudioTrack: stop(2738): prior state:STATE_ACTIVE output 13 stream 3 session 17569
07-08 17:49:59.271  3031 16203 D AudioTrack: stop(2738): called with 1439040 frames delivered
07-08 17:49:59.272  3414  8731 E AppOps  : attributionTag  not declared in manifest of rd.sheepskin.sandboxmusic
07-08 17:49:59.273  3414  8731 E AppOps  : attributionTag  not declared in manifest of rd.sheepskin.sandboxmusic
07-08 17:49:59.274  3031 16203 I AudioTrack: stop(2738): 0xb400006bf1ff5800 stop done
07-08 17:49:59.275  3031 16203 D AAudioStream: setState(s#12) from 9 to 10
07-08 17:49:59.278  3031  3031 D MediaRouter: onRestoreRoute() : route=RouteInfo{ description=null, status=null, category=RouteCategory{ name=System types=ROUTE_TYPE_LIVE_AUDIO ROUTE_TYPE_LIVE_VIDEO  groupable=false }, supportedTypes=ROUTE_TYPE_LIVE_AUDIO ROUTE_TYPE_LIVE_VIDEO , presentationDisplay=null }
07-08 17:49:59.278  3031  3031 V MediaRouter: Selecting route: RouteInfo{ description=null, status=null, category=RouteCategory{ name=System types=ROUTE_TYPE_LIVE_AUDIO ROUTE_TYPE_LIVE_VIDEO  groupable=false }, supportedTypes=ROUTE_TYPE_LIVE_AUDIO ROUTE_TYPE_LIVE_VIDEO , presentationDisplay=null }
07-08 17:49:59.294  2015  6827 D charge_time: type=sdp,reserve_soc=3,soc=78,ui_soc=81,current=99,avg=99,not_chg_cnt=0,stable_cnt=7,fcc=4658,fcc_ratio=91,delta=219,debug=0,region=13,ttf=15004(04:10:04),ui_ttf=10701(02:58:21)
07-08 17:49:59.294  3031 16203 D AAudio  : AAudioStream_requestStop(s#14) called
07-08 17:49:59.295  3031 16203 D AAudioStream: setState(s#14) from 4 to 9
07-08 17:49:59.295  3031 16203 D AudioTrack: [oplusAudioFade]stop mState STATE_ACTIVE, mIsTrackSupportFade 0
07-08 17:49:59.295  3031 16203 D AudioTrack: stop(2739): prior state:STATE_ACTIVE output 13 stream 3 session 17577
07-08 17:49:59.295  3031 16203 D AudioTrack: stop(2739): called with 1439232 frames delivered
07-08 17:49:59.296  3414  8731 E AppOps  : attributionTag  not declared in manifest of rd.sheepskin.sandboxmusic
07-08 17:49:59.297  3414  4746 E AppOps  : attributionTag  not declared in manifest of rd.sheepskin.sandboxmusic
07-08 17:49:59.299  3031 16203 I AudioTrack: stop(2739): 0xb400006bf1ff6400 stop done
07-08 17:49:59.300  3031 16203 D AAudioStream: setState(s#14) from 9 to 10
07-08 17:49:59.306  3031  3031 D MediaRouter: onRestoreRoute() : route=RouteInfo{ description=null, status=null, category=RouteCategory{ name=System types=ROUTE_TYPE_LIVE_AUDIO ROUTE_TYPE_LIVE_VIDEO  groupable=false }, supportedTypes=ROUTE_TYPE_LIVE_AUDIO ROUTE_TYPE_LIVE_VIDEO , presentationDisplay=null }
07-08 17:49:59.306  3031  3031 V MediaRouter: Selecting route: RouteInfo{ description=null, status=null, category=RouteCategory{ name=System types=ROUTE_TYPE_LIVE_AUDIO ROUTE_TYPE_LIVE_VIDEO  groupable=false }, supportedTypes=ROUTE_TYPE_LIVE_AUDIO ROUTE_TYPE_LIVE_VIDEO , presentationDisplay=null }
07-08 17:49:59.312  3031 16203 D AAudio  : AAudioStream_requestStop(s#16) called
07-08 17:49:59.312  3031 16203 D AAudioStream: setState(s#16) from 4 to 9
07-08 17:49:59.312  3031 16203 D AudioTrack: [oplusAudioFade]stop mState STATE_ACTIVE, mIsTrackSupportFade 0
07-08 17:49:59.312  3031 16203 D AudioTrack: stop(2740): prior state:STATE_ACTIVE output 13 stream 3 session 17585
07-08 17:49:59.312  3031 16203 D AudioTrack: stop(2740): called with 1439232 frames delivered
07-08 17:49:59.313  3414  4746 E AppOps  : attributionTag  not declared in manifest of rd.sheepskin.sandboxmusic
07-08 17:49:59.314  3414  8731 E AppOps  : attributionTag  not declared in manifest of rd.sheepskin.sandboxmusic
07-08 17:49:59.315  3031 16203 I AudioTrack: stop(2740): 0xb400006bd7174000 stop done
07-08 17:49:59.315  3031 16203 D AAudioStream: setState(s#16) from 9 to 10
07-08 17:49:59.317  4915  4915 I SystemUi--Volume: MultiMediaRepository-->playback snapshot remove: 3031, playerId21471
07-08 17:49:59.317  4915  4915 I SystemUi--Volume: VolumeListAdapter-->removeItem Sandbox Musictrue
07-08 17:49:59.319  2085  4003 D AudioFlinger_EffectsExtImpl: HoloAudio, checkAndEnbaleMetaAudio enable:0, sessionid:17561
07-08 17:49:59.321  2085  2763 D AudioPolicyEffects: releaseOutputSessionEffects(): session: 17561, refCount: 0
07-08 17:49:59.321  2085  2763 I AudioEffect: disable 0xb4000075aaca6000
07-08 17:49:59.322  2085  4003 D AudioBoost: removeActiveTrack id 2277
07-08 17:49:59.322  2085  4003 D AudioBoost: doStopBoostForWake id 2277 +++
07-08 17:49:59.322  2085  4003 D AudioBoost: audioSchedBoost, pid=3031, tid=16550, enable=0, ret=0
07-08 17:49:59.322  2085  4003 D AudioBoost: audioSchedBoost, pid=16183, tid=16553, enable=0, ret=0
07-08 17:49:59.322  2085  4003 D AudioBoost: doStopBoostForWake id 2277 ---
07-08 17:49:59.322  2085  4003 D AudioFlingerExtImpl: updateMetaScenes mMetaScenesOwnerMap[4]=[0,-1]
07-08 17:49:59.322  2085  4003 D AudioFlingerExtImpl: updateMetaScenes mMetaScenesOwnerMap[5]=[0,-1]
07-08 17:49:59.322  2085  4003 D AudioFlinger_PlaybackThreadExtImpl: addActiveTrackPid isSpatialzierTrackPlaying:0 isMetaTrackPlaying:0 isMetaTrack:0
07-08 17:49:59.322  2085  4003 D AudioFlingerExtImpl: getSplitScreenSwitch: screenSwitch = 0
07-08 17:49:59.322  2085  4003 D AudioFlinger_PlaybackThreadExtImpl: notifyAudioTrackRemove event:atlas_event_audio_track_distroy info:pid:3031,sessionId:17561,streamType:3,sampleRate:48000,flags:6,isOffloadThread:0,deviceTypes:2,hasFastMixer:1,isSpatialized:0,stopvl:0.057,stopvr:0.057,metaAudioScene:0,window_rendering:0,mss_mode:0,mss_ratio_vocal:0,mss_ratio_other:0,volumeswitch:0,trackvolumepkg:rd.sheepskin.sandboxmusic
07-08 17:49:59.323  2085  4003 D AtlasEventUploadUtils: setEvent event:atlas_event_audio_track_distroy
07-08 17:49:59.323  2085  4003 D AudioFlingerExtImpl: removeActiveAudioSession, remove 17561, map size 3
07-08 17:49:59.323  2085  4003 D AFExtImpl: ~TrackInfo() 0xb400007577beedc0
07-08 17:49:59.323  2085  4003 D AFExtImpl: clearDumpBuffer() 0xb400007577beedc0, mDumpBufferCount 0
07-08 17:49:59.324  2085  4003 D AudioFlinger: updateWakeLockUids_l AudioOut_D uids:10447 
07-08 17:49:59.324  3414  8731 I IPCThreadState: oneway function results for code 10007 on binder at 0xb4000071d6ee69e0 will be dropped but finished with status UNKNOWN_TRANSACTION
07-08 17:49:59.324  1839 17647 D AHAL: AudioStream: out_update_source_metadata_v7: 1329: track count is 3 for usecase(1: low-latency-playback)
07-08 17:49:59.325  1839 17647 D AHAL: AudioStream: out_update_source_metadata_v7: 1379: Source metadata usage:1 content_type:2 gain:0.056886
07-08 17:49:59.325  1839 17647 D AHAL: AudioStream: out_update_source_metadata_v7: 1379: Source metadata usage:1 content_type:2 gain:0.056886
07-08 17:49:59.325  1839 17647 D AHAL: AudioStream: out_update_source_metadata_v7: 1379: Source metadata usage:1 content_type:2 gain:0.056886
07-08 17:49:59.325  1839 17647 D AHAL: AudioStream: SetAggregateSourceMetadata: 4749: Aggregated Source metadata usage:1 content_type:2 gain:0.056886
07-08 17:49:59.325  1839 17647 D AHAL: AudioStream: SetAggregateSourceMetadata: 4749: Aggregated Source metadata usage:1 content_type:2 gain:0.056886
07-08 17:49:59.325  1839 17647 D AHAL: AudioStream: SetAggregateSourceMetadata: 4749: Aggregated Source metadata usage:1 content_type:2 gain:0.056886
07-08 17:49:59.325  2085  2763 I AudioEffect: Destructor 0xb4000075aaca6000
07-08 17:49:59.325  2085  4003 D EffectHalHidl: audioSchedBoost, set audiohal task boost, pid=2085, tid=4003, ret=0
07-08 17:49:59.325  1839 17647 V DlbVolumeListener: effectCommand
07-08 17:49:59.325  1839 17647 V DlbVolumeListener: effectCommand :: Command EFFECT_CMD_DISABLE
07-08 17:49:59.326  2085  4003 D EffectHalHidl: audioSchedBoost, set audiohal task boost, pid=2085, tid=4003, ret=0
07-08 17:49:59.326  2085  2763 I AudioFlinger: removeEffect_l(): 0xb40000758720d680, effect = 0xb400007580b0f400, name = Music Listener
07-08 17:49:59.326  1839 11149 I EffectsFactory: EffectRelease(): 0xb4000072c248cdc0
07-08 17:49:59.326  1839 11149 V DlbVolumeListener: release(handle=0xb4000072c2574920)
07-08 17:49:59.326  1839 11591 D PregainSynchronizer: notifyGlobalEffects_l() for debug: effect.first(effect type) = 0, ioHandle = 29.
07-08 17:49:59.327  2085  2763 I EffectChain: removeEffect_l() effect 0xb400007580b0f400, removed from chain 0xb400007577a6e380 at rank 0
07-08 17:49:59.327  2085  2763 D AudioFlinger_EffectsExtImpl: HoloAudio, checkAndEnbaleMetaAudio enable:0, sessionid:17561
07-08 17:49:59.327  2085  2763 I AudioFlinger: removeEffectChain_l() 0xb400007577a6e380 from thread 0xb40000758720d680 for session 17561
07-08 17:49:59.327  2085  2763 I EffectModule: Destructor 0xb400007580b0f400
07-08 17:49:59.327  2085  2763 W audioserver: Binder 0xb4000075aadd4650 destroyed after setInheritRt before being parceled.
07-08 17:49:59.327  2085  2763 W audioserver: Binder 0xb4000075aadd4650 destroyed after setMinSchedulerPolicy before being parceled.
07-08 17:49:59.327  2085  2763 D AudioPolicyEffects: releaseOutputSessionEffects(): output processing released from session: 17561
07-08 17:49:59.327  2085  2763 D AudioPolicyInterfaceImpl: mSessionLatestHandleList removeItem on session 17561, port = 2737
07-08 17:49:59.327  2085  2763 D APM_AudioPolicyManager: stopOutput portId 2737
07-08 17:49:59.327  2085  2763 D APM_AudioPolicyManager: stopOutput() output 13, stream 3, session 17561
07-08 17:49:59.329  1839 11149 D AHAL: AudioDevice: SetParameters: 1972: enter: volumeStreamAction=stop;volumeStreamType=3
07-08 17:49:59.329  1839 11149 D AHAL: hfp: hfp_set_parameters: 696: enter
07-08 17:49:59.330  1839 11149 D AHAL: hfp: hfp_set_parameters: 701: OPLUS_HFP_SUPPORT is not supported
07-08 17:49:59.330  1839 11149 D AHAL: AudioDevice: SetParameters: 2821: exit
07-08 17:49:59.331  2085  4486 D audioserver: OplusMMListWrapper checkInListByUid end module:allow-get-parameters uid:10208 return true
07-08 17:49:59.332  2085  4486 D audioserver: OplusMMListWrapper checkInListByUid end module:allow-get-parameters uid:10208 return true
07-08 17:49:59.332  2085  2763 D GameAudioEffects: hasAliveFastEffectTracks  return (0)
07-08 17:49:59.332  2085  2763 D AudioPolicyManagerExtImpl: oplusSelectOutputForMusicEffects: pendingOutput  => 13  flags => 0x00000006  outputTageName =>primary output outputs.size(4) older music effect ouput(29), hasAliveGameTracks(0)
07-08 17:49:59.332  2085  2763 D AudioPolicyManagerExtImpl: oplusSelectOutputForMusicEffects pending music output is low latency output, but no alive fast effect tracks, block effectchain fallback to primary, set deepbuffer as defaultEffectsOutput instead
07-08 17:49:59.333  2085  2763 D GameAudioEffects: hasAliveRequestFastTracks  return (0)
07-08 17:49:59.334  4627 10042 I OplusAtlasAudioDataRecorder:  stopPid:3031 stopSession:17561 containsKey:true mAllVolumpMap size:4 packageName: rd.sheepskin.sandboxmusic window_rendering: 0 mReduceVolumeMap size: 0 stopvl: 0.057 stopvr: 0.057 volumeswitch: 0
07-08 17:49:59.335  4627 10042 D OplusAtlasFeedback: uploadMMCollectData MM_FB_EventID#20002#TopUidRxt#26#MetaAudioPos#[0.0|0.0|0.0]#MinFC#1536#hasActiveRecords#0#ChannelCount#2#PackageName#rd.sheepskin.sandboxmusic#EffectChains#5#TopUidTxt#3#OldScore#0#mss_ratio_other#0#StreamVolume#62#multivolumeswitch#0#mss_ratio_vocal#0#AppName#Sandbox Music#mode#0#SampleRate#48000#Format#5#MetaAudioScene#0#balance#0.0#IsSpatialized#0#TotalTime#30074#TopActivity##AudioID#152bebba066e#StreamType#3#RequestFC#0#mss_mode#0#trackVolumePkg#rd.sheepskin.sandboxmusic#Versioncode#11#FrameCount#1536#StartTime#2026/07/08 17:49:29#stopvr#0.057#UsingDevice#2#stopvl#0.057#Flag#6#NewScore#0#startvl#1.0#startvr#1.0#window_rendering#0#Foreground#1#Id#13#NetState#1
07-08 17:49:59.335  2085  4003 I EffectChain: ~EffectChain(): delete EffectChain = 0xb400007577a6e380
07-08 17:49:59.339  2085 10929 D AFExtImpl: checkTrackBuffer2() track 0xb4000075aac11f18 get INFO from NEW, channelCount 2, pid 3031
07-08 17:49:59.341  2085 10929 D AFExtImpl: initFromProperty() 0xb400007597236480, sAdSwitch 1, typeCheck 0, logdumpEnable 0, pcmdumpEnable 0, trackPid 3031
07-08 17:49:59.360  2085  4003 D AudioFlinger_EffectsExtImpl: HoloAudio, checkAndEnbaleMetaAudio enable:0, sessionid:17569
07-08 17:49:59.362  2085  2763 D AudioPolicyEffects: releaseOutputSessionEffects(): session: 17569, refCount: 0
07-08 17:49:59.362  2085  2763 I AudioEffect: disable 0xb4000075aaca6800
07-08 17:49:59.362  2085  4003 D AudioBoost: removeActiveTrack id 2278
07-08 17:49:59.362  2085  4003 D AudioBoost: doStopBoostForWake id 2278 +++
07-08 17:49:59.362  3414  4746 I IPCThreadState: oneway function results for code 10007 on binder at 0xb4000071d6ee69e0 will be dropped but finished with status UNKNOWN_TRANSACTION
07-08 17:49:59.362  2085  4003 D AudioBoost: audioSchedBoost, pid=3031, tid=16554, enable=0, ret=0
07-08 17:49:59.363  2085  4003 D AudioBoost: audioSchedBoost, pid=16183, tid=16557, enable=0, ret=0
07-08 17:49:59.363  2085  4003 D AudioBoost: doStopBoostForWake id 2278 ---
07-08 17:49:59.363  2085  4003 D AudioFlingerExtImpl: updateMetaScenes mMetaScenesOwnerMap[4]=[0,-1]
07-08 17:49:59.363  2085  4003 D AudioFlingerExtImpl: updateMetaScenes mMetaScenesOwnerMap[5]=[0,-1]
07-08 17:49:59.363  2085  4003 D AudioFlinger_PlaybackThreadExtImpl: addActiveTrackPid isSpatialzierTrackPlaying:0 isMetaTrackPlaying:0 isMetaTrack:0
07-08 17:49:59.363  2085  4003 D AudioFlingerExtImpl: getSplitScreenSwitch: screenSwitch = 0
07-08 17:49:59.363  2085  4003 D AudioFlinger_PlaybackThreadExtImpl: notifyAudioTrackRemove event:atlas_event_audio_track_distroy info:pid:3031,sessionId:17569,streamType:3,sampleRate:48000,flags:6,isOffloadThread:0,deviceTypes:2,hasFastMixer:1,isSpatialized:0,stopvl:0.057,stopvr:0.057,metaAudioScene:0,window_rendering:0,mss_mode:0,mss_ratio_vocal:0,mss_ratio_other:0,volumeswitch:0,trackvolumepkg:rd.sheepskin.sandboxmusic
07-08 17:49:59.363  2085  4003 D AtlasEventUploadUtils: setEvent event:atlas_event_audio_track_distroy
07-08 17:49:59.364  2085  4003 D AudioFlingerExtImpl: removeActiveAudioSession, remove 17569, map size 2
07-08 17:49:59.365  2085  4003 D AFExtImpl: ~TrackInfo() 0xb400007577beea40
07-08 17:49:59.365  2085  4003 D AFExtImpl: clearDumpBuffer() 0xb400007577beea40, mDumpBufferCount 0
07-08 17:49:59.365  2085  4003 D AudioFlinger: updateWakeLockUids_l AudioOut_D uids:10447 
07-08 17:49:59.365  1839 17647 D AHAL: AudioStream: out_update_source_metadata_v7: 1329: track count is 2 for usecase(1: low-latency-playback)
07-08 17:49:59.365  1839 17647 D AHAL: AudioStream: out_update_source_metadata_v7: 1379: Source metadata usage:1 content_type:2 gain:0.056886
07-08 17:49:59.365  1839 17647 D AHAL: AudioStream: out_update_source_metadata_v7: 1379: Source metadata usage:1 content_type:2 gain:0.056886
07-08 17:49:59.365  1839 17647 D AHAL: AudioStream: SetAggregateSourceMetadata: 4749: Aggregated Source metadata usage:1 content_type:2 gain:0.056886
07-08 17:49:59.365  1839 17647 D AHAL: AudioStream: SetAggregateSourceMetadata: 4749: Aggregated Source metadata usage:1 content_type:2 gain:0.056886
07-08 17:49:59.366  2085  2763 I AudioEffect: Destructor 0xb4000075aaca6800
07-08 17:49:59.366  2085  4003 D EffectHalHidl: audioSchedBoost, set audiohal task boost, pid=2085, tid=4003, ret=0
07-08 17:49:59.366  1839 11149 V DlbVolumeListener: effectCommand
07-08 17:49:59.366  1839 11149 V DlbVolumeListener: effectCommand :: Command EFFECT_CMD_DISABLE
07-08 17:49:59.367  2085  4003 D EffectHalHidl: audioSchedBoost, set audiohal task boost, pid=2085, tid=4003, ret=0
07-08 17:49:59.367  2085  2763 I AudioFlinger: removeEffect_l(): 0xb40000758720d680, effect = 0xb400007580b0fa00, name = Music Listener
07-08 17:49:59.367  1839 11149 I EffectsFactory: EffectRelease(): 0xb4000072d943e240
07-08 17:49:59.367  1839 11149 V DlbVolumeListener: release(handle=0xb4000072c2572440)
07-08 17:49:59.368  1839 11591 D PregainSynchronizer: notifyGlobalEffects_l() for debug: effect.first(effect type) = 0, ioHandle = 29.
07-08 17:49:59.368  2085  2763 I EffectChain: removeEffect_l() effect 0xb400007580b0fa00, removed from chain 0xb400007577a6e600 at rank 0
07-08 17:49:59.369  2085  2763 D AudioFlinger_EffectsExtImpl: HoloAudio, checkAndEnbaleMetaAudio enable:0, sessionid:17569
07-08 17:49:59.369  2085  2763 I AudioFlinger: removeEffectChain_l() 0xb400007577a6e600 from thread 0xb40000758720d680 for session 17569
07-08 17:49:59.369  2085  2763 I EffectModule: Destructor 0xb400007580b0fa00
07-08 17:49:59.369  2085  2763 W audioserver: Binder 0xb4000075aadd4dd0 destroyed after setInheritRt before being parceled.
07-08 17:49:59.369  2085  2763 W audioserver: Binder 0xb4000075aadd4dd0 destroyed after setMinSchedulerPolicy before being parceled.
07-08 17:49:59.369  2085  2763 D AudioPolicyEffects: releaseOutputSessionEffects(): output processing released from session: 17569
07-08 17:49:59.369  2085  2763 D AudioPolicyInterfaceImpl: mSessionLatestHandleList removeItem on session 17569, port = 2738
07-08 17:49:59.369  2085  2763 D APM_AudioPolicyManager: stopOutput portId 2738
07-08 17:49:59.369  2085  2763 D APM_AudioPolicyManager: stopOutput() output 13, stream 3, session 17569
07-08 17:49:59.371  1839 11149 D AHAL: AudioDevice: SetParameters: 1972: enter: volumeStreamAction=stop;volumeStreamType=3
07-08 17:49:59.371  1839 11149 D AHAL: hfp: hfp_set_parameters: 696: enter
07-08 17:49:59.371  1839 11149 D AHAL: hfp: hfp_set_parameters: 701: OPLUS_HFP_SUPPORT is not supported
07-08 17:49:59.371  1839 11149 D AHAL: AudioDevice: SetParameters: 2821: exit
07-08 17:49:59.375  2085  4003 I EffectChain: ~EffectChain(): delete EffectChain = 0xb400007577a6e600
07-08 17:49:59.376  2085  2763 D GameAudioEffects: hasAliveFastEffectTracks  return (0)
07-08 17:49:59.376  2085  2763 D AudioPolicyManagerExtImpl: oplusSelectOutputForMusicEffects: pendingOutput  => 13  flags => 0x00000006  outputTageName =>primary output outputs.size(4) older music effect ouput(29), hasAliveGameTracks(0)
07-08 17:49:59.376  2085  2763 D AudioPolicyManagerExtImpl: oplusSelectOutputForMusicEffects pending music output is low latency output, but no alive fast effect tracks, block effectchain fallback to primary, set deepbuffer as defaultEffectsOutput instead
07-08 17:49:59.376  2085  2763 D GameAudioEffects: hasAliveRequestFastTracks  return (0)
07-08 17:49:59.378  2085  6804 D audioserver: OplusMMListWrapper checkInListByUid end module:allow-get-parameters uid:10208 return true
07-08 17:49:59.378  2085  6804 D audioserver: OplusMMListWrapper checkInListByUid end module:allow-get-parameters uid:10208 return true
07-08 17:49:59.378  4627 10042 I OplusAtlasAudioDataRecorder:  stopPid:3031 stopSession:17569 containsKey:true mAllVolumpMap size:3 packageName: rd.sheepskin.sandboxmusic window_rendering: 0 mReduceVolumeMap size: 0 stopvl: 0.057 stopvr: 0.057 volumeswitch: 0
07-08 17:49:59.379  4627 10042 D OplusAtlasFeedback: uploadMMCollectData MM_FB_EventID#20002#TopUidRxt#26#MetaAudioPos#[0.0|0.0|0.0]#MinFC#1536#hasActiveRecords#0#ChannelCount#2#PackageName#rd.sheepskin.sandboxmusic#EffectChains#6#TopUidTxt#3#OldScore#0#mss_ratio_other#0#StreamVolume#62#multivolumeswitch#0#mss_ratio_vocal#0#AppName#Sandbox Music#mode#0#SampleRate#48000#Format#5#MetaAudioScene#0#balance#0.0#IsSpatialized#0#TotalTime#30096#TopActivity##AudioID#3626f84d8dc7#StreamType#3#RequestFC#0#mss_mode#0#trackVolumePkg#rd.sheepskin.sandboxmusic#Versioncode#11#FrameCount#1536#StartTime#2026/07/08 17:49:29#stopvr#0.057#UsingDevice#2#stopvl#0.057#Flag#6#NewScore#0#startvl#1.0#startvr#1.0#window_rendering#0#Foreground#1#Id#13#NetState#1
07-08 17:49:59.379  2085  4003 D AudioFlinger_EffectsExtImpl: HoloAudio, checkAndEnbaleMetaAudio enable:0, sessionid:17577
07-08 17:49:59.380  2085  4003 D AudioBoost: removeActiveTrack id 2279
07-08 17:49:59.380  2085  4003 D AudioBoost: doStopBoostForWake id 2279 +++
07-08 17:49:59.380  2085  2763 D AudioPolicyEffects: releaseOutputSessionEffects(): session: 17577, refCount: 0
07-08 17:49:59.380  2085  2763 I AudioEffect: disable 0xb4000075aaca6c00
07-08 17:49:59.381  2085  4003 D AudioBoost: audioSchedBoost, pid=16183, tid=16559, enable=0, ret=0
07-08 17:49:59.381  2085  4003 D AudioBoost: audioSchedBoost, pid=3031, tid=16561, enable=0, ret=0
07-08 17:49:59.381  2085  4003 D AudioBoost: doStopBoostForWake id 2279 ---
07-08 17:49:59.381  2085  4003 D AudioFlingerExtImpl: updateMetaScenes mMetaScenesOwnerMap[4]=[0,-1]
07-08 17:49:59.381  2085  4003 D AudioFlingerExtImpl: updateMetaScenes mMetaScenesOwnerMap[5]=[0,-1]
07-08 17:49:59.381  2085  4003 D AudioFlinger_PlaybackThreadExtImpl: addActiveTrackPid isSpatialzierTrackPlaying:0 isMetaTrackPlaying:0 isMetaTrack:0
07-08 17:49:59.381  2085  4003 D AudioFlingerExtImpl: getSplitScreenSwitch: screenSwitch = 0
07-08 17:49:59.381  2085  4003 D AudioFlinger_PlaybackThreadExtImpl: notifyAudioTrackRemove event:atlas_event_audio_track_distroy info:pid:3031,sessionId:17577,streamType:3,sampleRate:48000,flags:6,isOffloadThread:0,deviceTypes:2,hasFastMixer:1,isSpatialized:0,stopvl:0.057,stopvr:0.057,metaAudioScene:0,window_rendering:0,mss_mode:0,mss_ratio_vocal:0,mss_ratio_other:0,volumeswitch:0,trackvolumepkg:rd.sheepskin.sandboxmusic
07-08 17:49:59.381  2085  4003 D AtlasEventUploadUtils: setEvent event:atlas_event_audio_track_distroy
07-08 17:49:59.381  2085 10929 D AFExtImpl: checkTrackBuffer2() track 0xb400007580b97b18 get INFO from NEW, channelCount 2, pid 3031
07-08 17:49:59.381  3414  4746 I IPCThreadState: oneway function results for code 10007 on binder at 0xb4000071d6ee69e0 will be dropped but finished with status UNKNOWN_TRANSACTION
07-08 17:49:59.381  2085  4003 D AudioFlingerExtImpl: removeActiveAudioSession, remove 17577, map size 1
07-08 17:49:59.381  2085 10929 D AFExtImpl: initFromProperty() 0xb400007597238080, sAdSwitch 1, typeCheck 0, logdumpEnable 0, pcmdumpEnable 0, trackPid 3031
07-08 17:49:59.382  2085  4003 D AudioFlinger: updateWakeLockUids_l AudioOut_D uids:10447 
07-08 17:49:59.382  1839 11149 D AHAL: AudioStream: out_update_source_metadata_v7: 1329: track count is 1 for usecase(1: low-latency-playback)
07-08 17:49:59.382  1839 11149 D AHAL: AudioStream: out_update_source_metadata_v7: 1379: Source metadata usage:1 content_type:2 gain:0.056886
07-08 17:49:59.382  1839 11149 D AHAL: AudioStream: SetAggregateSourceMetadata: 4749: Aggregated Source metadata usage:1 content_type:2 gain:0.056886
07-08 17:49:59.383  2085  2763 I AudioEffect: Destructor 0xb4000075aaca6c00
07-08 17:49:59.383  2085  4003 D EffectHalHidl: audioSchedBoost, set audiohal task boost, pid=2085, tid=4003, ret=0
07-08 17:49:59.383  1839 11149 V DlbVolumeListener: effectCommand
07-08 17:49:59.383  1839 11149 V DlbVolumeListener: effectCommand :: Command EFFECT_CMD_DISABLE
07-08 17:49:59.383  1839 11591 D PregainSynchronizer: notifyGlobalEffects_l() for debug: effect.first(effect type) = 0, ioHandle = 29.
07-08 17:49:59.383  2085  4003 D EffectHalHidl: audioSchedBoost, set audiohal task boost, pid=2085, tid=4003, ret=0
07-08 17:49:59.384  2085  2763 I AudioFlinger: removeEffect_l(): 0xb40000758720d680, effect = 0xb400007580b0fd00, name = Music Listener
07-08 17:49:59.384  1839 17647 I EffectsFactory: EffectRelease(): 0xb4000072c248c980
07-08 17:49:59.384  1839 17647 V DlbVolumeListener: release(handle=0xb4000072c2571360)
07-08 17:49:59.385  2085  2763 I EffectChain: removeEffect_l() effect 0xb400007580b0fd00, removed from chain 0xb400007577a7b180 at rank 0
07-08 17:49:59.385  2085  2763 D AudioFlinger_EffectsExtImpl: HoloAudio, checkAndEnbaleMetaAudio enable:0, sessionid:17577
07-08 17:49:59.385  2085  2763 I AudioFlinger: removeEffectChain_l() 0xb400007577a7b180 from thread 0xb40000758720d680 for session 17577
07-08 17:49:59.385  2085  2763 I EffectModule: Destructor 0xb400007580b0fd00
07-08 17:49:59.385  2085  2763 W audioserver: Binder 0xb400007577a8d0d0 destroyed after setInheritRt before being parceled.
07-08 17:49:59.385  2085  2763 W audioserver: Binder 0xb400007577a8d0d0 destroyed after setMinSchedulerPolicy before being parceled.
07-08 17:49:59.386  2085  2763 D AudioPolicyEffects: releaseOutputSessionEffects(): output processing released from session: 17577
07-08 17:49:59.386  2085  2763 D AudioPolicyInterfaceImpl: mSessionLatestHandleList removeItem on session 17577, port = 2739
