06-18 23:04:45.984  3480  4187 D osense.compress: ch.protonmail.android do shrink, target ratio = 45, final ratio = 90, cur ratio = 0
06-18 23:04:46.145  3480 18190 D PowerManagerService: userActivityNoUpdateLocked: groupId=0, eventTime=448773385, event=touch, flags=0x0, uid=1000
06-18 23:04:46.147  3480 18190 D PowerManagerService: userActivityNoUpdateLocked: groupId=0, eventTime=448773385, event=touch, flags=0x0, uid=1000
06-18 23:04:46.213  3480  4179 I VibratorManagerServiceExtImpl: vibrate is uid=10255, pid=0, opPkg=com.google.android.inputmethod.latin, effect=Mono{mEffect=Composed{segments=[OplusVibrationEffectSegment{mEffectId=1, mEffectStrength=-1, mRingtonePath=''}], repeat=-1}}, attributes=VibrationAttributes{mUsage=IME, mAudioUsage= USAGE_UNKNOWN, mFlags=0}, reason=performHapticFeedback(constant=3): ViewRootImpl#performHapticFeedback, token=265728504
06-18 23:04:46.215  3480  4341 W VibrationScaler: Got unexpected vibration intensity: 2400
06-18 23:04:46.215  3480  4341 D VibrationThread: Perform OplusPrebakedSegment{mEffectId=158, mWaveformId=111, mDuration=20, mEffectStrength=2400, mDefaultUsage=TOUCH} on vibrator 0
06-18 23:04:46.217  3480  4179 V WindowManager: Relayout Window{67649f7 u0 InputMethod}: viewVisibility=0, oldvis=0, req=1440x3008 , apr = 0, , x=0, y=0
06-18 23:04:46.219  3480  4179 D ActivityTaskManager: The isLandscapeFullscreenEnabled is: com.whatsapp/.Conversation
06-18 23:04:46.219  3480  4179 D ActivityTaskManager: The isLandscapeFullscreenEnabled is: com.whatsapp/.Conversation
06-18 23:04:46.220  9368  9368 W VRI[InputMethod]: updateBlastSurfaceIfNeeded, surfaceSize:Point(1440, 3008), lastSurfaceSize:Point(1440, 3008), format:-2, blastBufferQueue:android.graphics.BLASTBufferQueue@95cd5f2
06-18 23:04:47.118  3480  4181 I ActivityManager: Background started FGS: Allowed [callingPackage: rd.sheepskin.sandboxmusic; callingUid: 10445; uidState: CAC ; uidBFSL: n/a; intent: Intent { act=rd.sheepskin.sandboxmusic.action.MEDIA_UPDATE xflg=0x4 cmp=rd.sheepskin.sandboxmusic/.MediaPlaybackForegroundService mCallingUid=10445 }; code:SYSTEM_ALLOW_LISTED; tempAllowListReason:<,reasonCode:SYSTEM_ALLOW_LISTED,duration:9223372036854775807,callingUid:-1>; allowWiu:-1; targetSdkVersion:36; callerTargetSdkVersion:36; startForegroundCount:0; bindFromPackage:null: isBindService:false]
06-18 23:04:47.140  3480  9564 I MediaSessionStack: addSession to bottom of stack | record: rd.sheepskin.sandboxmusic/SovereignMusicConsole/3154 (userId=0)
06-18 23:04:47.141  3480  3480 I OplusMediaControlService: onActiveSessionsChanged begin
06-18 23:04:47.142  3480  3480 I OplusMediaControlService: onEventFromMediaControllerList controller size = 1
06-18 23:04:47.142  3480  3480 I OplusMediaControlService: getPlayerInfo, playerId: 244704328, pkgname: app.morphe.android.apps.youtube.music
06-18 23:04:47.142  3480  3480 I OplusMediaControlService: updateControllerMap begin
06-18 23:04:47.142  3480  3480 I OplusMediaControlService: updataPlayStateMap begin
06-18 23:04:47.142  3480  3480 I OplusMediaControlService: updateMetadataMap begin
06-18 23:04:47.142  3480  3480 I OplusMediaControlService: updatePlayerInfoList event = com.oplus.media.OplusMediaEvent@3b010b4
06-18 23:04:47.142  3480  3480 I OplusMediaControlService: sendOnEventMessage begin, eventType: 6, observer: android.os.BinderProxy@92c5b33
06-18 23:04:47.142  3480  3480 I OplusMediaControlService: on event EventType: 6
06-18 23:04:47.143  3480  9564 I OplusMediaControlService: sendEvent type: 2, player: 244704328
06-18 23:04:47.143  3480  9564 I OplusMediaControlService: onEventFromRequestData: 1, player: 244704328
06-18 23:04:47.143  3480  9564 I OplusMediaControlService: getTitleAndArtist, title: Troubles (Cold Blooded Soul Version), artist: Denzel Curry, playerId: 244704328
06-18 23:04:47.144  3480  3480 I OplusMediaControlService: onActiveSessionsChanged begin
06-18 23:04:47.144  3480  3480 I OplusMediaControlService: onEventFromMediaControllerList controller size = 2
06-18 23:04:47.144  3480  3480 I OplusMediaControlService: getPlayerInfo, playerId: 244704328, pkgname: app.morphe.android.apps.youtube.music
06-18 23:04:47.144  3480  3480 I OplusMediaControlService: getPlayerInfo, playerId: 185346341, pkgname: rd.sheepskin.sandboxmusic
06-18 23:04:47.144  3480  3480 I OplusMediaControlService: updateControllerMap begin
06-18 23:04:47.144  3480  3480 I OplusMediaControlService: updataPlayStateMap begin
06-18 23:04:47.144  3480  3480 I OplusMediaControlService: updateMetadataMap begin
06-18 23:04:47.144  3480  3480 I OplusMediaControlService: updatePlayerInfoList event = com.oplus.media.OplusMediaEvent@6a82723
06-18 23:04:47.144  3480  3480 I OplusMediaControlService: sendOnEventMessage begin, eventType: 6, observer: android.os.BinderProxy@92c5b33
06-18 23:04:47.144  3480  3480 I OplusMediaControlService: on event EventType: 6
06-18 23:04:47.151  3480  9564 D OplusMediaControlService: players is empty
06-18 23:04:47.151  3480  4179 W ActivityManager: Foreground service started from background can not have location/camera/microphone access: service rd.sheepskin.sandboxmusic/.MediaPlaybackForegroundService
06-18 23:04:47.152  3480  9564 I OplusMediaControlService: sendEvent type: 2, player: 244704328
06-18 23:04:47.152  3480  9564 I OplusMediaControlService: onEventFromRequestData: 2, player: 244704328
06-18 23:04:47.152  3480  9564 D OplusMediaControlService: players is empty
06-18 23:04:47.152  3480  9564 I OplusMediaControlService: unregisterEventObserver start, observer: android.os.BinderProxy@92c5b33, callerUid: 10208
06-18 23:04:47.152  3480  9564 I OplusMediaControlService: unregisterEventObserver successfully.
06-18 23:04:47.152  3480  9564 I OplusMediaControlService: registerEventObserver start, observer: android.os.BinderProxy@92c5b33, callerUid: 10208
06-18 23:04:47.153  3480  9564 I OplusMediaControlService: sendEvent type: 2, player: 185346341
06-18 23:04:47.153  3480  9564 I OplusMediaControlService: onEventFromRequestData: 1, player: 185346341
06-18 23:04:47.153  3480  9564 E OplusMediaControlService: getTitleAndArtist is null
06-18 23:04:47.153  3480  9564 E OplusMediaControlService: getMediaMetadata is null
06-18 23:04:47.153  3480  9564 D OplusMediaControlService: players is empty
06-18 23:04:47.153  3480  4181 I OplusMediaControlService: sendEvent type: 2, player: 185346341
06-18 23:04:47.153  3480  4181 I OplusMediaControlService: onEventFromRequestData: 2, player: 185346341
06-18 23:04:47.153  3480  4181 E OplusMediaControlService: playbackState is null
06-18 23:04:47.153  3480  4181 D OplusMediaControlService: players is empty
06-18 23:04:47.153  3480  4181 I OplusMediaControlService: sendEvent type: 2, player: 244704328
06-18 23:04:47.153  3480  4181 I OplusMediaControlService: onEventFromRequestData: 1, player: 244704328
06-18 23:04:47.153  3480  4181 I OplusMediaControlService: getTitleAndArtist, title: Troubles (Cold Blooded Soul Version), artist: Denzel Curry, playerId: 244704328
06-18 23:04:47.154  3480  3584 D NotificationService--OplusNotificationFixHelper: fixAppIcon: pkg=rd.sheepskin.sandboxmusic
06-18 23:04:47.154  3480  3584 D NotificationService--OplusNotificationFixHelper: fixAppIcon: appIcon = null, pkg = rd.sheepskin.sandboxmusic
06-18 23:04:47.154  3480  3584 I OplusStatusBarManagerServiceEnhance:  getTopIsFullscreen mTopIsFullscreen: false
06-18 23:04:47.155  3480  3480 D NotificationService--OplusNotificationManagerServiceExtImpl: isForwardToAssistants: true, case : Is local notification
06-18 23:04:47.155  3480  3480 D NotificationService: This application enqueue notifications is need postDelayed mcsAssistantDelayTime: 200
06-18 23:04:47.158  3480  9564 D NotificationService--OplusNotificationFixHelper: fixAppIcon: pkg=rd.sheepskin.sandboxmusic
06-18 23:04:47.158  3480  9564 D NotificationService--OplusNotificationFixHelper: fixAppIcon: appIcon = null, pkg = rd.sheepskin.sandboxmusic
06-18 23:04:47.158  3480  4181 D OplusMediaControlService: players is empty
06-18 23:04:47.159  3480  4181 I OplusMediaControlService: sendEvent type: 2, player: 244704328
06-18 23:04:47.159  3480  9564 I OplusStatusBarManagerServiceEnhance:  getTopIsFullscreen mTopIsFullscreen: false
06-18 23:04:47.159  3480  4181 I OplusMediaControlService: onEventFromRequestData: 2, player: 244704328
06-18 23:04:47.159  3480  9564 W ActivityManager: Permission Denial: getTopApplicationInfo from pid=31678, uid=10445 requires oplus.permission.OPLUS_COMPONENT_SAFE
06-18 23:04:47.159  3480  4181 D OplusMediaControlService: players is empty
06-18 23:04:47.159  3480  9564 I OplusMediaControlService: unregisterEventObserver start, observer: android.os.BinderProxy@92c5b33, callerUid: 10208
06-18 23:04:47.159  3480  9564 I OplusMediaControlService: unregisterEventObserver successfully.
06-18 23:04:47.160  3480  9558 I OplusMediaControlService: registerEventObserver start, observer: android.os.BinderProxy@92c5b33, callerUid: 10208
06-18 23:04:47.160  3480  5770 I MediaSessionStack: removeSession | record: rd.sheepskin.sandboxmusic/SovereignMusicConsole/3154 (userId=0)
06-18 23:04:47.160  3480  3480 D NotificationService--OplusNotificationManagerServiceExtImpl: isForwardToAssistants: true, case : Is local notification
06-18 23:04:47.160  3480  3480 D NotificationService: This application enqueue notifications is need postDelayed mcsAssistantDelayTime: 200
06-18 23:04:47.161  3480  5770 W ForegroundServiceTypeLoggerModule: Logger should be tracking FGS types correctly for UID 10445 in package rd.sheepskin.sandboxmusic
06-18 23:04:47.167  3480  3480 I OplusMediaControlService: onActiveSessionsChanged begin
06-18 23:04:47.167  3480  3480 I OplusMediaControlService: onEventFromMediaControllerList controller size = 1
06-18 23:04:47.167  3480  3480 I OplusMediaControlService: getPlayerInfo, playerId: 244704328, pkgname: app.morphe.android.apps.youtube.music
06-18 23:04:47.167  3480  3480 I OplusMediaControlService: updateControllerMap begin
06-18 23:04:47.167  3480  3480 I OplusMediaControlService: updataPlayStateMap begin
06-18 23:04:47.167  3480  3480 I OplusMediaControlService: updateMetadataMap begin
06-18 23:04:47.167  3480  3480 I OplusMediaControlService: updatePlayerInfoList event = com.oplus.media.OplusMediaEvent@8f3ec76
06-18 23:04:47.167  3480  3480 I OplusMediaControlService: sendOnEventMessage begin, eventType: 6, observer: android.os.BinderProxy@92c5b33
06-18 23:04:47.167  3480  3480 I OplusMediaControlService: on event EventType: 6
06-18 23:04:47.168  3480  9558 I OplusMediaControlService: sendEvent type: 2, player: 244704328
06-18 23:04:47.168  3480  9558 I OplusMediaControlService: onEventFromRequestData: 1, player: 244704328
06-18 23:04:47.168  3480  9558 I OplusMediaControlService: getTitleAndArtist, title: Troubles (Cold Blooded Soul Version), artist: Denzel Curry, playerId: 244704328
06-18 23:04:47.173  3480  9558 D OplusMediaControlService: players is empty
06-18 23:04:47.173  3480  9558 I OplusMediaControlService: sendEvent type: 2, player: 244704328
06-18 23:04:47.173  3480  9558 I OplusMediaControlService: onEventFromRequestData: 2, player: 244704328
06-18 23:04:47.173  3480  9558 D OplusMediaControlService: players is empty
06-18 23:04:47.173  3480  9558 I OplusMediaControlService: unregisterEventObserver start, observer: android.os.BinderProxy@92c5b33, callerUid: 10208
06-18 23:04:47.174  3480  9558 I OplusMediaControlService: unregisterEventObserver successfully.
06-18 23:04:47.174  3480  9558 I OplusMediaControlService: registerEventObserver start, observer: android.os.BinderProxy@92c5b33, callerUid: 10208
06-18 23:04:47.174  3480  4179 I ActivityManager: Background started FGS: Allowed [callingPackage: rd.sheepskin.sandboxmusic; callingUid: 10445; uidState: CAC ; uidBFSL: n/a; intent: Intent { act=rd.sheepskin.sandboxmusic.action.MEDIA_UPDATE xflg=0x4 cmp=rd.sheepskin.sandboxmusic/.MediaPlaybackForegroundService mCallingUid=10445 }; code:SYSTEM_ALLOW_LISTED; tempAllowListReason:<,reasonCode:SYSTEM_ALLOW_LISTED,duration:9223372036854775807,callingUid:-1>; allowWiu:-1; targetSdkVersion:36; callerTargetSdkVersion:36; startForegroundCount:0; bindFromPackage:null: isBindService:false]
06-18 23:04:47.184  3480  4705 I MediaSessionStack: addSession to bottom of stack | record: rd.sheepskin.sandboxmusic/SovereignMusicConsole/3155 (userId=0)
06-18 23:04:47.186  3480  3480 I OplusMediaControlService: onActiveSessionsChanged begin
06-18 23:04:47.186  3480  3480 I OplusMediaControlService: onEventFromMediaControllerList controller size = 1
06-18 23:04:47.187  3480  3480 I OplusMediaControlService: getPlayerInfo, playerId: 244704328, pkgname: app.morphe.android.apps.youtube.music
06-18 23:04:47.187  3480  3480 I OplusMediaControlService: updateControllerMap begin
06-18 23:04:47.187  3480  3480 I OplusMediaControlService: updataPlayStateMap begin
06-18 23:04:47.187  3480  3480 I OplusMediaControlService: updateMetadataMap begin
06-18 23:04:47.187  3480  3480 I OplusMediaControlService: updatePlayerInfoList event = com.oplus.media.OplusMediaEvent@2beff4d
06-18 23:04:47.187  3480  3480 I OplusMediaControlService: sendOnEventMessage begin, eventType: 6, observer: android.os.BinderProxy@92c5b33
06-18 23:04:47.188  3480  3480 I OplusMediaControlService: on event EventType: 6
06-18 23:04:47.189  3480  4179 I OplusMediaControlService: sendEvent type: 2, player: 244704328
06-18 23:04:47.189  3480  4179 I OplusMediaControlService: onEventFromRequestData: 1, player: 244704328
06-18 23:04:47.189  3480  4179 I OplusMediaControlService: getTitleAndArtist, title: Troubles (Cold Blooded Soul Version), artist: Denzel Curry, playerId: 244704328
06-18 23:04:47.191  3480  4705 W ActivityManager: Foreground service started from background can not have location/camera/microphone access: service rd.sheepskin.sandboxmusic/.MediaPlaybackForegroundService
06-18 23:04:47.192  3480  3584 D NotificationService--OplusNotificationFixHelper: fixAppIcon: pkg=rd.sheepskin.sandboxmusic
06-18 23:04:47.192  3480  3584 D NotificationService--OplusNotificationFixHelper: fixAppIcon: appIcon = null, pkg = rd.sheepskin.sandboxmusic
06-18 23:04:47.193  3480  3584 I OplusStatusBarManagerServiceEnhance:  getTopIsFullscreen mTopIsFullscreen: false
06-18 23:04:47.193  3480  9558 W AS.HardeningEnforcer: AudioHardening focus request for req 1 would be ignored for rd.sheepskin.sandboxmusic (10445), android.media.AudioManager@614cf36rd.sheepskin.sandboxmusic.MediaPlaybackForegroundService@ee9f8d1, level: full
06-18 23:04:47.194  3480  4179 D OplusMediaControlService: players is empty
06-18 23:04:47.194  3480  4181 I OplusMediaControlService: sendEvent type: 2, player: 244704328
06-18 23:04:47.194  3480  4181 I OplusMediaControlService: onEventFromRequestData: 2, player: 244704328
06-18 23:04:47.194  3480  4181 D OplusMediaControlService: players is empty
06-18 23:04:47.194  3480  4705 I OplusMediaControlService: unregisterEventObserver start, observer: android.os.BinderProxy@92c5b33, callerUid: 10208
06-18 23:04:47.194  3480  9558 I AS.FadeOutManager: unfadeOutUid() uid:10445
06-18 23:04:47.194  3480  4705 I OplusMediaControlService: unregisterEventObserver successfully.
06-18 23:04:47.195  3480  9558 I OplusMediaControlService: registerEventObserver start, observer: android.os.BinderProxy@92c5b33, callerUid: 10208
06-18 23:04:47.195  3480  5770 I MediaSessionStack: onPlaybackStateChanged - Pushing session to top | record: rd.sheepskin.sandboxmusic/SovereignMusicConsole/3155 (userId=0)
06-18 23:04:47.196  3480  3480 D NotificationService--OplusNotificationManagerServiceExtImpl: isForwardToAssistants: true, case : Is local notification
06-18 23:04:47.196  3480  3480 D NotificationService: This application enqueue notifications is need postDelayed mcsAssistantDelayTime: 200
06-18 23:04:47.197  3480  3480 I OplusMediaControlService: onActiveSessionsChanged begin
06-18 23:04:47.197  3480  3480 I OplusMediaControlService: onEventFromMediaControllerList controller size = 2
06-18 23:04:47.197  3480  3480 I OplusMediaControlService: getPlayerInfo, playerId: 244704328, pkgname: app.morphe.android.apps.youtube.music
06-18 23:04:47.197  3480  3480 I OplusMediaControlService: getPlayerInfo, playerId: 171986526, pkgname: rd.sheepskin.sandboxmusic
06-18 23:04:47.197  3480  3480 I OplusMediaControlService: updateControllerMap begin
06-18 23:04:47.197  3480  3480 I OplusMediaControlService: updataPlayStateMap begin
06-18 23:04:47.197  3480  3480 I OplusMediaControlService: updateMetadataMap begin
06-18 23:04:47.197  3480  3480 I OplusMediaControlService: updatePlayerInfoList event = com.oplus.media.OplusMediaEvent@6495e68
06-18 23:04:47.197  3480  3480 I OplusMediaControlService: sendOnEventMessage begin, eventType: 6, observer: android.os.BinderProxy@92c5b33
06-18 23:04:47.197  3480  3480 I OplusMediaControlService: on event EventType: 6
06-18 23:04:47.198  3480  9558 I OplusMediaControlService: sendEvent type: 2, player: 171986526
06-18 23:04:47.198  3480  9558 I OplusMediaControlService: onEventFromRequestData: 1, player: 171986526
06-18 23:04:47.198  3480  9558 I OplusMediaControlService: getTitleAndArtist, title: FATHER, artist: Kanye West, playerId: 171986526
06-18 23:04:47.198  3480  9558 D OplusMediaControlService: players is empty
06-18 23:04:47.199  3480  4181 I OplusMediaControlService: sendEvent type: 2, player: 171986526
06-18 23:04:47.199  3480  5770 D NotificationService--OplusNotificationFixHelper: fixAppIcon: pkg=rd.sheepskin.sandboxmusic
06-18 23:04:47.199  3480  5770 D NotificationService--OplusNotificationFixHelper: fixAppIcon: appIcon = null, pkg = rd.sheepskin.sandboxmusic
06-18 23:04:47.199  3480  5770 I OplusStatusBarManagerServiceEnhance:  getTopIsFullscreen mTopIsFullscreen: false
06-18 23:04:47.199  3480  5770 W ActivityManager: Permission Denial: getTopApplicationInfo from pid=31678, uid=10445 requires oplus.permission.OPLUS_COMPONENT_SAFE
06-18 23:04:47.199  3480  4181 I OplusMediaControlService: onEventFromRequestData: 2, player: 171986526
06-18 23:04:47.200  3480  3480 D NotificationService--OplusNotificationManagerServiceExtImpl: isForwardToAssistants: true, case : Is local notification
06-18 23:04:47.200  3480  3480 D NotificationService: This application enqueue notifications is need postDelayed mcsAssistantDelayTime: 200
06-18 23:04:47.200  3480  4181 D OplusMediaControlService: players is empty
06-18 23:04:47.200  3480  4179 I OplusMediaControlService: sendEvent type: 2, player: 244704328
06-18 23:04:47.200  3480  4179 I OplusMediaControlService: onEventFromRequestData: 1, player: 244704328
06-18 23:04:47.200  3480  4179 I OplusMediaControlService: getTitleAndArtist, title: Troubles (Cold Blooded Soul Version), artist: Denzel Curry, playerId: 244704328
06-18 23:04:47.203  3480  5770 D NotificationService--OplusNotificationFixHelper: fixAppIcon: pkg=rd.sheepskin.sandboxmusic
06-18 23:04:47.204  3480  5770 D NotificationService--OplusNotificationFixHelper: fixAppIcon: appIcon = null, pkg = rd.sheepskin.sandboxmusic
06-18 23:04:47.204  3480  5770 I OplusStatusBarManagerServiceEnhance:  getTopIsFullscreen mTopIsFullscreen: false
06-18 23:04:47.204  3480  5770 W ActivityManager: Permission Denial: getTopApplicationInfo from pid=31678, uid=10445 requires oplus.permission.OPLUS_COMPONENT_SAFE
06-18 23:04:47.204  3480  3480 D NotificationService--OplusNotificationManagerServiceExtImpl: isForwardToAssistants: true, case : Is local notification
06-18 23:04:47.204  3480  3480 D NotificationService: This application enqueue notifications is need postDelayed mcsAssistantDelayTime: 200
06-18 23:04:47.205  3480  4179 D OplusMediaControlService: players is empty
06-18 23:04:47.206  3480  5770 I OplusMediaControlService: sendEvent type: 2, player: 244704328
06-18 23:04:47.206  3480  5770 I OplusMediaControlService: onEventFromRequestData: 2, player: 244704328
06-18 23:04:47.206  3480  5770 D OplusMediaControlService: players is empty
06-18 23:04:47.206  3480  4179 I OplusMediaControlService: unregisterEventObserver start, observer: android.os.BinderProxy@92c5b33, callerUid: 10208
06-18 23:04:47.206  3480  4179 I OplusMediaControlService: unregisterEventObserver successfully.
06-18 23:04:47.207  3480  4181 I OplusMediaControlService: registerEventObserver start, observer: android.os.BinderProxy@92c5b33, callerUid: 10208
06-18 23:04:47.208  3480  4181 D NotificationService--OplusNotificationFixHelper: fixAppIcon: pkg=rd.sheepskin.sandboxmusic
06-18 23:04:47.209  3480  4181 D NotificationService--OplusNotificationFixHelper: fixAppIcon: appIcon = null, pkg = rd.sheepskin.sandboxmusic
06-18 23:04:47.209  3480  4181 I OplusStatusBarManagerServiceEnhance:  getTopIsFullscreen mTopIsFullscreen: false
06-18 23:04:47.209  3480  4181 W ActivityManager: Permission Denial: getTopApplicationInfo from pid=31678, uid=10445 requires oplus.permission.OPLUS_COMPONENT_SAFE
06-18 23:04:47.209  3480  3480 D NotificationService--OplusNotificationManagerServiceExtImpl: isForwardToAssistants: true, case : Is local notification
06-18 23:04:47.209  3480  3480 D NotificationService: This application enqueue notifications is need postDelayed mcsAssistantDelayTime: 200
06-18 23:04:47.212  3480  4181 I MediaSessionStack: removeSession | record: rd.sheepskin.sandboxmusic/SovereignMusicConsole/3155 (userId=0)
06-18 23:04:47.213  3480  4181 W ForegroundServiceTypeLoggerModule: Logger should be tracking FGS types correctly for UID 10445 in package rd.sheepskin.sandboxmusic
06-18 23:04:47.217 31678 31678 I AudioManager: dispatching onAudioFocusChange(-1) to android.media.AudioManager@5b2b522rd.sheepskin.sandboxmusic.AndroidAudioSessionHelper$$ExternalSyntheticLambda0@cfd30e9
06-18 23:04:47.222  3480  3480 I OplusMediaControlService: onActiveSessionsChanged begin
06-18 23:04:47.222  3480  3480 I OplusMediaControlService: onEventFromMediaControllerList controller size = 1
06-18 23:04:47.222  3480  3480 I OplusMediaControlService: getPlayerInfo, playerId: 244704328, pkgname: app.morphe.android.apps.youtube.music
06-18 23:04:47.222  3480  3480 I OplusMediaControlService: updateControllerMap begin
06-18 23:04:47.222  3480  3480 I OplusMediaControlService: updataPlayStateMap begin
06-18 23:04:47.222  3480  3480 I OplusMediaControlService: updateMetadataMap begin
06-18 23:04:47.222  3480  3480 I OplusMediaControlService: updatePlayerInfoList event = com.oplus.media.OplusMediaEvent@b44bc5f
06-18 23:04:47.222  3480  3480 I OplusMediaControlService: sendOnEventMessage begin, eventType: 6, observer: android.os.BinderProxy@92c5b33
06-18 23:04:47.223  3480  3480 I OplusMediaControlService: on event EventType: 6
06-18 23:04:47.223  3480  4181 I OplusMediaControlService: sendEvent type: 2, player: 244704328
06-18 23:04:47.223  3480  4181 I OplusMediaControlService: onEventFromRequestData: 1, player: 244704328
06-18 23:04:47.223  3480  4181 I OplusMediaControlService: getTitleAndArtist, title: Troubles (Cold Blooded Soul Version), artist: Denzel Curry, playerId: 244704328
06-18 23:04:47.226  3480  4181 D OplusMediaControlService: players is empty
06-18 23:04:47.227  3480  4181 I OplusMediaControlService: sendEvent type: 2, player: 244704328
06-18 23:04:47.227  3480  4181 I OplusMediaControlService: onEventFromRequestData: 2, player: 244704328
06-18 23:04:47.227  3480  4181 D OplusMediaControlService: players is empty
06-18 23:04:47.227  3480  4181 I OplusMediaControlService: unregisterEventObserver start, observer: android.os.BinderProxy@92c5b33, callerUid: 10208
06-18 23:04:47.227  3480  4181 I OplusMediaControlService: unregisterEventObserver successfully.
06-18 23:04:47.227  3480  4181 I OplusMediaControlService: registerEventObserver start, observer: android.os.BinderProxy@92c5b33, callerUid: 10208
06-18 23:04:47.235  3480  4179 W AS.HardeningEnforcer: AudioHardening focus request for req 1 would be ignored for rd.sheepskin.sandboxmusic (10445), android.media.AudioManager@5b2b522rd.sheepskin.sandboxmusic.AndroidAudioSessionHelper$$ExternalSyntheticLambda0@944510d, level: full
06-18 23:04:47.236  3480  4179 I AS.FadeOutManager: unfadeOutUid() uid:10445
06-18 23:04:47.237  3480  4179 I ActivityManager: Background started FGS: Allowed [callingPackage: rd.sheepskin.sandboxmusic; callingUid: 10445; uidState: CAC ; uidBFSL: n/a; intent: Intent { act=rd.sheepskin.sandboxmusic.action.MEDIA_STOP xflg=0x4 cmp=rd.sheepskin.sandboxmusic/.MediaPlaybackForegroundService mCallingUid=10445 }; code:SYSTEM_ALLOW_LISTED; tempAllowListReason:<,reasonCode:SYSTEM_ALLOW_LISTED,duration:9223372036854775807,callingUid:-1>; allowWiu:-1; targetSdkVersion:36; callerTargetSdkVersion:36; startForegroundCount:0; bindFromPackage:null: isBindService:false]
06-18 23:04:47.245  3480  4179 I MediaSessionStack: addSession to bottom of stack | record: rd.sheepskin.sandboxmusic/SovereignMusicConsole/3156 (userId=0)
06-18 23:04:47.247  3480  3480 I OplusMediaControlService: onActiveSessionsChanged begin
06-18 23:04:47.247  3480  3480 I OplusMediaControlService: onEventFromMediaControllerList controller size = 1
06-18 23:04:47.247  3480  3480 I OplusMediaControlService: getPlayerInfo, playerId: 244704328, pkgname: app.morphe.android.apps.youtube.music
06-18 23:04:47.247  3480  3480 I OplusMediaControlService: updateControllerMap begin
06-18 23:04:47.248  3480  3480 I OplusMediaControlService: updataPlayStateMap begin
06-18 23:04:47.248  3480  3480 I OplusMediaControlService: updateMetadataMap begin
06-18 23:04:47.248  3480  3480 I OplusMediaControlService: updatePlayerInfoList event = com.oplus.media.OplusMediaEvent@ba2bf7b
06-18 23:04:47.248  3480  3480 I OplusMediaControlService: sendOnEventMessage begin, eventType: 6, observer: android.os.BinderProxy@92c5b33
06-18 23:04:47.249  3480  3480 I OplusMediaControlService: on event EventType: 6
06-18 23:04:47.250  3480  4179 I OplusMediaControlService: sendEvent type: 2, player: 244704328
06-18 23:04:47.250  3480  4179 I OplusMediaControlService: onEventFromRequestData: 1, player: 244704328
06-18 23:04:47.250  3480  4179 I OplusMediaControlService: getTitleAndArtist, title: Troubles (Cold Blooded Soul Version), artist: Denzel Curry, playerId: 244704328
06-18 23:04:47.253  3480  3480 I OplusMediaControlService: onActiveSessionsChanged begin
06-18 23:04:47.253  3480  3480 I OplusMediaControlService: onEventFromMediaControllerList controller size = 2
06-18 23:04:47.253  3480  3480 I OplusMediaControlService: getPlayerInfo, playerId: 244704328, pkgname: app.morphe.android.apps.youtube.music
06-18 23:04:47.253  3480  3480 I OplusMediaControlService: getPlayerInfo, playerId: 44535492, pkgname: rd.sheepskin.sandboxmusic
06-18 23:04:47.253  3480  3480 I OplusMediaControlService: updateControllerMap begin
06-18 23:04:47.253  3480  3570 I DisplayDeviceRepository: Display device changed render timings: "Built-in Screen", renderFrameRate=60.0, presentationDeadlineNanos=16666666, appVsyncOffsetNanos=1000000, frameRateOverrides=[]
06-18 23:04:47.253  3480  3480 I OplusMediaControlService: updataPlayStateMap begin
06-18 23:04:47.253  3480  3480 I OplusMediaControlService: updateMetadataMap begin
06-18 23:04:47.253  3480  3480 I OplusMediaControlService: updatePlayerInfoList event = com.oplus.media.OplusMediaEvent@4c2ddd6
06-18 23:04:47.253  3480  3480 I OplusMediaControlService: sendOnEventMessage begin, eventType: 6, observer: android.os.BinderProxy@92c5b33
06-18 23:04:47.253  3480  3570 D DisplayManagerService: Delivering display event: displayId=0, event=EVENT_DISPLAY_REFRESH_RATE_CHANGED
06-18 23:04:47.255  3480  4181 I MediaSessionStack: removeSession | record: rd.sheepskin.sandboxmusic/SovereignMusicConsole/3156 (userId=0)
06-18 23:04:47.255  3480  3480 I OplusMediaControlService: on event EventType: 6
06-18 23:04:47.255  3480  3480 I OplusMediaControlService: onActiveSessionsChanged begin
06-18 23:04:47.255  3480  3480 I OplusMediaControlService: onEventFromMediaControllerList controller size = 1
06-18 23:04:47.255  3480  3480 I OplusMediaControlService: getPlayerInfo, playerId: 244704328, pkgname: app.morphe.android.apps.youtube.music
06-18 23:04:47.255  3480  4179 D OplusMediaControlService: players is empty
06-18 23:04:47.255  3480  3480 I OplusMediaControlService: updateControllerMap begin
06-18 23:04:47.255  3480  3480 I OplusMediaControlService: updataPlayStateMap begin
06-18 23:04:47.255  3480  3480 I OplusMediaControlService: updateMetadataMap begin
06-18 23:04:47.255  3480  3480 I OplusMediaControlService: updatePlayerInfoList event = com.oplus.media.OplusMediaEvent@132282d
06-18 23:04:47.255  3480  3480 I OplusMediaControlService: sendOnEventMessage begin, eventType: 6, observer: android.os.BinderProxy@92c5b33
06-18 23:04:47.256  3480  3567 D WindowManager: DeferredDisplayUpdater: partially applying DisplayInfo(1440 x 3168) immediately
06-18 23:04:47.256  3480  9564 I OplusMediaControlService: sendEvent type: 2, player: 244704328
06-18 23:04:47.256  3480  9564 I OplusMediaControlService: onEventFromRequestData: 2, player: 244704328
06-18 23:04:47.256  3480  9564 D OplusMediaControlService: players is empty
06-18 23:04:47.256  3480  3726 D OplusFeatureDMR[display=0]: onConfigChanged threadId=65 threadName=OplusDisplayWorkHandler physicalDisplayId=4630946450791512195 modeId=0  
06-18 23:04:47.256  3480  4181 I OplusMediaControlService: unregisterEventObserver start, observer: android.os.BinderProxy@92c5b33, callerUid: 10208
06-18 23:04:47.256  3480  4181 I OplusMediaControlService: unregisterEventObserver successfully.
06-18 23:04:47.256  3480  3567 D OplusVFXScreenEffectFeature: notifySFCompatWindowStateChange entered false
06-18 23:04:47.256  3480  3567 D FSS_FoldScreenBlackCoverController: displayChangeToOn, dc:Display{#0 state=ON size=1440x3168 ROTATION_0}
06-18 23:04:47.257  3480  4181 I OplusMediaControlService: registerEventObserver start, observer: android.os.BinderProxy@92c5b33, callerUid: 10208
06-18 23:04:47.257  3480  5770 W ActivityManager: Bringing down service while still waiting for start foreground: ServiceRecord{e7c7f75 u0 rd.sheepskin.sandboxmusic/.MediaPlaybackForegroundService c:rd.sheepskin.sandboxmusic}
06-18 23:04:47.260  3480  9564 I OplusMediaControlService: sendEvent type: 2, player: 44535492
06-18 23:04:47.260  3480  9564 E OplusMediaControlService: sendEventNullControl error eventType is: 2, player = 44535492
06-18 23:04:47.261  3480  9564 I OplusMediaControlService: sendEvent type: 2, player: 44535492
06-18 23:04:47.261  3480  9564 E OplusMediaControlService: sendEventNullControl error eventType is: 2, player = 44535492
06-18 23:04:47.261  3480  9564 I OplusMediaControlService: sendEvent type: 2, player: 244704328
06-18 23:04:47.261  3480  9564 I OplusMediaControlService: onEventFromRequestData: 1, player: 244704328
06-18 23:04:47.261  3480  9564 I OplusMediaControlService: getTitleAndArtist, title: Troubles (Cold Blooded Soul Version), artist: Denzel Curry, playerId: 244704328
06-18 23:04:47.262  3480  3480 I OplusMediaControlService: on event EventType: 6
06-18 23:04:47.262  3480  3480 I OplusMediaControlService: onActiveSessionsChanged begin
06-18 23:04:47.262  3480  3480 I OplusMediaControlService: onEventFromMediaControllerList controller size = 1
06-18 23:04:47.262  3480  3480 I OplusMediaControlService: getPlayerInfo, playerId: 244704328, pkgname: app.morphe.android.apps.youtube.music
06-18 23:04:47.262  3480  3480 I OplusMediaControlService: updateControllerMap begin
06-18 23:04:47.262  3480  3480 I OplusMediaControlService: updataPlayStateMap begin
06-18 23:04:47.262  3480  3480 I OplusMediaControlService: updateMetadataMap begin
06-18 23:04:47.262  3480  3480 I OplusMediaControlService: updatePlayerInfoList event = com.oplus.media.OplusMediaEvent@413a2f3
06-18 23:04:47.262  3480  3480 I OplusMediaControlService: sendOnEventMessage begin, eventType: 6, observer: android.os.BinderProxy@92c5b33
06-18 23:04:47.263  3480  3480 I OplusMediaControlService: on event EventType: 6
--------- beginning of crash
06-18 23:04:47.263 31678 31678 E AndroidRuntime: FATAL EXCEPTION: main
06-18 23:04:47.263 31678 31678 E AndroidRuntime: Process: rd.sheepskin.sandboxmusic, PID: 31678
06-18 23:04:47.263 31678 31678 E AndroidRuntime: java.lang.RuntimeException: Unable to start service rd.sheepskin.sandboxmusic.MediaPlaybackForegroundService@c89b841 with Intent { act=rd.sheepskin.sandboxmusic.action.MEDIA_UPDATE xflg=0x4 cmp=rd.sheepskin.sandboxmusic/.MediaPlaybackForegroundService mCallingUid=10445 }: java.lang.NullPointerException: Attempt to invoke virtual method 'android.support.v4.media.session.MediaSessionCompat$Token android.support.v4.media.session.MediaSessionCompat.getSessionToken()' on a null object reference
06-18 23:04:47.263 31678 31678 E AndroidRuntime: 	at android.app.ActivityThread.handleServiceArgs(ActivityThread.java:5910)
06-18 23:04:47.263 31678 31678 E AndroidRuntime: 	at android.app.ActivityThread.-$$Nest$mhandleServiceArgs(Unknown Source:0)
06-18 23:04:47.263 31678 31678 E AndroidRuntime: 	at android.app.ActivityThread$H.handleMessage(ActivityThread.java:2942)
06-18 23:04:47.263 31678 31678 E AndroidRuntime: 	at android.os.Handler.dispatchMessage(Handler.java:116)
06-18 23:04:47.263 31678 31678 E AndroidRuntime: 	at android.os.Looper.loopOnce(Looper.java:306)
06-18 23:04:47.263 31678 31678 E AndroidRuntime: 	at android.os.Looper.loop(Looper.java:416)
06-18 23:04:47.263 31678 31678 E AndroidRuntime: 	at android.app.ActivityThread.main(ActivityThread.java:9999)
06-18 23:04:47.263 31678 31678 E AndroidRuntime: 	at java.lang.reflect.Method.invoke(Native Method)
06-18 23:04:47.263 31678 31678 E AndroidRuntime: 	at com.android.internal.os.RuntimeInit$MethodAndArgsCaller.run(RuntimeInit.java:613)
06-18 23:04:47.263 31678 31678 E AndroidRuntime: 	at com.android.internal.os.ZygoteInit.main(ZygoteInit.java:1074)
06-18 23:04:47.263 31678 31678 E AndroidRuntime: Caused by: java.lang.NullPointerException: Attempt to invoke virtual method 'android.support.v4.media.session.MediaSessionCompat$Token android.support.v4.media.session.MediaSessionCompat.getSessionToken()' on a null object reference
06-18 23:04:47.263 31678 31678 E AndroidRuntime: 	at rd.sheepskin.sandboxmusic.MediaPlaybackForegroundService.buildNotification(MediaPlaybackForegroundService.java:429)
06-18 23:04:47.263 31678 31678 E AndroidRuntime: 	at rd.sheepskin.sandboxmusic.MediaPlaybackForegroundService.ensureForeground(MediaPlaybackForegroundService.java:255)
06-18 23:04:47.263 31678 31678 E AndroidRuntime: 	at rd.sheepskin.sandboxmusic.MediaPlaybackForegroundService.onStartCommand(MediaPlaybackForegroundService.java:244)
06-18 23:04:47.263 31678 31678 E AndroidRuntime: 	at android.app.ActivityThread.handleServiceArgs(ActivityThread.java:5887)
06-18 23:04:47.263 31678 31678 E AndroidRuntime: 	... 9 more
06-18 23:04:47.265  3480  9564 D OplusMediaControlService: players is empty
06-18 23:04:47.265  3480  9564 I OplusMediaControlService: sendEvent type: 2, player: 244704328
06-18 23:04:47.265  3480  9564 I OplusMediaControlService: onEventFromRequestData: 2, player: 244704328
06-18 23:04:47.265  3480  9564 D OplusMediaControlService: players is empty
06-18 23:04:47.265  3480  4705 I OplusMediaControlService: unregisterEventObserver start, observer: android.os.BinderProxy@92c5b33, callerUid: 10208
06-18 23:04:47.265  3480  4705 I OplusMediaControlService: unregisterEventObserver successfully.
06-18 23:04:47.265  3480  9564 I OplusMediaControlService: registerEventObserver start, observer: android.os.BinderProxy@92c5b33, callerUid: 10208
06-18 23:04:47.265  3480  9564 I OplusMediaControlService: sendEvent type: 2, player: 244704328
06-18 23:04:47.265  3480  9564 I OplusMediaControlService: onEventFromRequestData: 1, player: 244704328
06-18 23:04:47.265  3480  9564 I OplusMediaControlService: getTitleAndArtist, title: Troubles (Cold Blooded Soul Version), artist: Denzel Curry, playerId: 244704328
06-18 23:04:47.268  3480  9095 I DropBoxManagerService: add tag=data_app_crash isTagEnabled=true flags=0x2
06-18 23:04:47.268  3480  4705 W ActivityTaskManager:   Force finishing activity rd.sheepskin.sandboxmusic/.MainActivity
06-18 23:04:47.268  3480  9564 D OplusMediaControlService: players is empty
06-18 23:04:47.269  3480  9564 I OplusMediaControlService: sendEvent type: 2, player: 244704328
06-18 23:04:47.269  3480  9564 I OplusMediaControlService: onEventFromRequestData: 2, player: 244704328
06-18 23:04:47.269  3480  9564 D OplusMediaControlService: players is empty
06-18 23:04:47.269  3480  4179 I OplusMediaControlService: unregisterEventObserver start, observer: android.os.BinderProxy@92c5b33, callerUid: 10208
06-18 23:04:47.269  3480  4179 I OplusMediaControlService: unregisterEventObserver successfully.
06-18 23:04:47.269  3480  4179 I OplusMediaControlService: registerEventObserver start, observer: android.os.BinderProxy@92c5b33, callerUid: 10208
06-18 23:04:47.269  3480  9564 I OplusMediaControlService: sendEvent type: 2, player: 244704328
06-18 23:04:47.269  3480  9564 I OplusMediaControlService: onEventFromRequestData: 1, player: 244704328
06-18 23:04:47.269  3480  9564 I OplusMediaControlService: getTitleAndArtist, title: Troubles (Cold Blooded Soul Version), artist: Denzel Curry, playerId: 244704328
06-18 23:04:47.269  4908  4978 V WindowManagerShell: Transition requested (#16624): android.os.BinderProxy@af4a198 TransitionRequestInfo { type = CLOSE, triggerTask = TaskInfo{userId=0 taskId=12343 effectiveUid=10445 displayId=0 isRunning=true baseIntent=Intent { act=android.intent.action.VIEW dat=sandboxmusic://e2e/... flg=0x14000000 cmp=rd.sheepskin.sandboxmusic/.MainActivity mCallingUid=2000 } baseActivity=ComponentInfo{rd.sheepskin.sandboxmusic/rd.sheepskin.sandboxmusic.MainActivity} topActivity=ComponentInfo{rd.sheepskin.sandboxmusic/rd.sheepskin.sandboxmusic.MainActivity} origActivity=null realActivity=ComponentInfo{rd.sheepskin.sandboxmusic/rd.sheepskin.sandboxmusic.MainActivity}
06-18 23:04:47.269  4908  4978 V WindowManagerShell:  numActivities=1 lastActiveTime=1068992182 supportsSplitScreenMultiWindow=true supportsMultiWindow=true supportsPocketStudioMultiWindow=true isInFlexibleEmbedded = false uid = 10445 pid = 31678 resizeMode=2 isResizeable=true minWidth=-1 minHeight=-1 defaultMinSize=220 token=WCT{android.window.IWindowContainerToken$Stub$Proxy@6f54df1} topActivityType=1 pictureInPictureParams=null shouldDockBigOverlays=false launchIntoPipHostTaskId=-1 lastParentTaskIdBeforePip=-1 displayCutoutSafeInsets=Rect(0, 160 - 0, 0)
06-18 23:04:47.269  4908  4978 V WindowManagerShell:  topActivityInfo=ActivityInfo{d97cdd6 rd.sheepskin.sandboxmusic.MainActivity} launchCookies=[] positionInParent=Point(0, 0) parentTaskId=-1 isFocused=false isVisible=false isVisibleRequested=false isTopActivityNoDisplay=false isSleeping=false locusId=null displayAreaFeatureId=1 isTopActivityTransparent=false isActivityStackTransparent=false lastNonFullscreenBounds=Rect(352, 845 - 1089, 2285) capturedLink=null capturedLinkTimestamp=0 requestedVisibleTypes=-9 topActivityRequestOpenInBrowserEducationTimestamp=0
06-18 23:04:47.269  4908  4978 V WindowManagerShell:  appCompatTaskInfo=AppCompatTaskInfo { topActivityInSizeCompat=false topActivityInOplusCompatMode=false eligibleForLetterboxEducation= false isLetterboxEducationEnabled= false isLetterboxDoubleTapEnabled= false eligibleForUserAspectRatioButton= false topActivityBoundsLetterboxed= false isFromLetterboxDoubleTap= false topActivityLetterboxVerticalPosition= -1 topActivityLetterboxHorizontalPosition= -1 topActivityLetterboxWidth=-1 topActivityLetterboxHeight=-1 topActivityAppBounds=Rect(0, 0 - 1440, 3168) isUserFullscreenOverrideEnabled=false isSystemFullscreenOverrideEnabled=false hasMinAspectRatioOverride=false topActivityLetterboxBounds=null cameraCompatTaskInfo=CameraCompatTaskInfo { freeformCameraCompatMode=inactive}} topActivityMainWindowFrame=null topActivityLetterboxInsets=Rect(0, 0 - 0, 0)
06-18 23:04:47.269  4908  4978 V WindowManagerShell:  mOplusExtraBundle = Bundle[mParcelledData.dataSize=1848]}, pipChange = null, remoteTransition = null, displayChange = null, flags = 16, debugId = 16624 }
06-18 23:04:47.269  3480  9095 D DropBoxManagerService: file :: /data/system/dropbox/data_app_crash@1781798687269.txt
06-18 23:04:47.270  3480  4705 D ActivityTaskManager: The isLandscapeFullscreenEnabled is: com.whatsapp/.Conversation
06-18 23:04:47.272  3480  3571 E OplusAppQuickStart_AppQuickStartController: not start from launcher transition:16624
06-18 23:04:47.272  3480  9564 D OplusMediaControlService: players is empty
06-18 23:04:47.272  3480  9564 I OplusMediaControlService: sendEvent type: 2, player: 244704328
06-18 23:04:47.272  3480  9564 I OplusMediaControlService: onEventFromRequestData: 2, player: 244704328
06-18 23:04:47.272  3480  9564 D OplusMediaControlService: players is empty
06-18 23:04:47.272  3480  4181 I OplusMediaControlService: unregisterEventObserver start, observer: android.os.BinderProxy@92c5b33, callerUid: 10208
06-18 23:04:47.272  3480  4181 I OplusMediaControlService: unregisterEventObserver successfully.
06-18 23:04:47.272  3480  9564 I OplusMediaControlService: registerEventObserver start, observer: android.os.BinderProxy@92c5b33, callerUid: 10208
06-18 23:04:47.272  4908 28944 V WindowManagerShell: onTransitionReady(transaction=14946488625364)
06-18 23:04:47.273  4908  4978 V WindowManagerShell: onTransitionReady (#16624) android.os.BinderProxy@af4a198: {id=16624 t=CLOSE f=0x10 trk=0 r=[] c=[] 
06-18 23:04:47.273  4908  4978 V WindowManagerShell: extendInfo=[
06-18 23:04:47.273  4908  4978 V WindowManagerShell:  OplusTransitionExtendedInfo{mTmpFinishT=null, mInOplusCompatMode=false, mIsProcessRunning=false, mHasMismatchBoundsTarget=false, mRecentsController=null, mRemoteTransition=null, mIsTranslucentActivityToHome=false, mAvoidInterceptKeyEventToHome=false, mIsFromHome=false, mParentLeash=null, mBackAnimClosingLeash=null, mReparentToRecentsSurface=null, mIsOplusAnimRes=false, mKeepBgForContinuous=false, mIsBalAllow=false, mTaskNotInRecent=false, mIsPredictiveBackAnim=false, mIsMergedWithPredictive=false, mIsLaunchFromSpruce=false, mIsLaunchFromDrive=false, mGlobalSearchPageSwitch=false, mNeedNoAlphaGlobalSearchScene=false, mAssistScreenShowing=false, mSwipeUpBrowserScreenShowing=false, mUserIdTransition=-1
06-18 23:04:47.273  4908  4978 V WindowManagerShell: , mInRemoteScene=false, mInPreReady=false, mPreStart=false, mToken=null, mAbortByRemoteFromHome=false, mShellApplyToken=null, mRequestTransitionTaskId=12343, mAbortTransitionOnShell=0, mStartFromShortcut=false, mRemovedTaskId=-1, mTransitionInterruptType=0, mMergeSecondTaskId=-1, mIsStartAheadSpruce=false, mTaskIdStartFromRecents=0, mTransitionId=16624, mCanUseSpringSlideAnim=false, mTransitionLaunchFrom=0, mFoldChangeType=-1, mAnimStartingPosition=[0, 0, 0, 0], mIsOpeningStkDialogActivity=false, mSecondaryHomeToFrontWhenUnFolding=false, mIsNeedApplyStartTForEmbedded=false
06-18 23:04:47.273  4908  4978 V WindowManagerShell: , mNeedCanvasExitAnim=false, mMergeSecondTaskAnimation=false, mIsLaunchUnityStart=false, mIsLaunchFromAssistantByDefault=false, mSkipRemoteTransitionfalse, mPromoteTaskWhenKeyguard-1, mIsStartFromKeyguard=false, mMatchRemoteFilter=false flags=0x0, mFlexibleTaskIdList=[], mExpectEndRectState=-1, mFlexibleWindowForRecentTasks=false, mRecentTaskIdList=[], mWCT=null, mIsOpenMergeToInValidPredictive=false, mRootLayerZOrderArray={}}]}
06-18 23:04:47.273  4908  4978 V WindowManagerShell: No transition roots in (#16624) android.os.BinderProxy@af4a198@0 so abort
06-18 23:04:47.274  4908  4978 V WindowManagerShell: Transition animation finished (aborted=true), notifying core (#16624) android.os.BinderProxy@af4a198@0
06-18 23:04:47.274  4908  4978 D SplitScreen-->AppLockManager: setStartFromSafeControl mStartFromSafeControl=false
06-18 23:04:47.276  3480  9564 D ActivityTaskManager: The isLandscapeFullscreenEnabled is: com.whatsapp/.Conversation
06-18 23:04:47.276  3480  9564 D ActivityTaskManager: The isLandscapeFullscreenEnabled is: com.whatsapp/.Conversation
06-18 23:04:47.276  3480  9564 D OplusTransitionController: finishTransition, transition: TransitionRecord{e2c6886 id=16624 track=0 type=CLOSE flags=0x10 state=4 c=[
06-18 23:04:47.276  3480  9564 D OplusTransitionController:    ChangeInfo{e658547 container=Task{58082ba #12343 type=standard A=10445:rd.sheepskin.sandboxmusic} flags=0x0}
06-18 23:04:47.276  3480  9564 D OplusTransitionController:    ChangeInfo{bbf9174 container=DefaultTaskDisplayArea@185862508 flags=0x0}
06-18 23:04:47.276  3480  9564 D OplusTransitionController:    ChangeInfo{29a769d container=Display{#0 state=ON size=1440x3168 ROTATION_0} flags=0x0}
06-18 23:04:47.276  3480  9564 D OplusTransitionController: ]
06-18 23:04:47.276  3480  9564 D OplusTransitionController: }
06-18 23:04:47.276  3480  9564 D FlexibleTaskTransitionController:  finishTransition pendingRecentToFlexibleTask:null,isRotationTransition:false ,pendingRecentToFlexible:null ,transition:TransitionRecord{e2c6886 id=16624 track=0 type=CLOSE flags=0x10 state=4 c=[
06-18 23:04:47.276  3480  9564 D FlexibleTaskTransitionController:    ChangeInfo{e658547 container=Task{58082ba #12343 type=standard A=10445:rd.sheepskin.sandboxmusic} flags=0x0}
06-18 23:04:47.276  3480  9564 D FlexibleTaskTransitionController:    ChangeInfo{bbf9174 container=DefaultTaskDisplayArea@185862508 flags=0x0}
06-18 23:04:47.276  3480  9564 D FlexibleTaskTransitionController:    ChangeInfo{29a769d container=Display{#0 state=ON size=1440x3168 ROTATION_0} flags=0x0}
06-18 23:04:47.276  3480  9564 D FlexibleTaskTransitionController: ]
06-18 23:04:47.276  3480  9564 D FlexibleTaskTransitionController: }
06-18 23:04:47.276  3480  3567 I ActivityManager: Showing crash dialog for package rd.sheepskin.sandboxmusic u0
06-18 23:04:47.276  3480  9564 D TransitionControllerExtImpl: NFW_send RECOMPUTE_FOCUS in finishTransition
06-18 23:04:47.276  4908  4978 D ShellTaskOrganizer: onTransitionFinish, isRecent:false
06-18 23:04:47.277  4908  4978 V WindowManagerShell: Track 0 became idle
06-18 23:04:47.277  4908  4978 V WindowManagerShell: All active transition animations finished
06-18 23:04:47.278  3480  3570 D WindowManager: NFW_findFocusedWindowIfNeeded:Window{b243209 u0 com.whatsapp/com.whatsapp.Conversation} mCurrentFocus:Window{b243209 u0 com.whatsapp/com.whatsapp.Conversation}
06-18 23:04:47.279  3480  3566 V WindowManager: Sent Transition (#16624) createdAt=06-18 23:04:47.268 via request=TransitionRequestInfo { type = CLOSE, triggerTask = TaskInfo{userId=0 taskId=12343 effectiveUid=10445 displayId=0 isRunning=true baseIntent=Intent { act=android.intent.action.VIEW dat=sandboxmusic://e2e/... flg=0x14000000 cmp=rd.sheepskin.sandboxmusic/.MainActivity mCallingUid=2000 } baseActivity=ComponentInfo{rd.sheepskin.sandboxmusic/rd.sheepskin.sandboxmusic.MainActivity} topActivity=ComponentInfo{rd.sheepskin.sandboxmusic/rd.sheepskin.sandboxmusic.MainActivity} origActivity=null realActivity=ComponentInfo{rd.sheepskin.sandboxmusic/rd.sheepskin.sandboxmusic.MainActivity}
06-18 23:04:47.279  3480  3566 V WindowManager:  numActivities=1 lastActiveTime=1068992182 supportsSplitScreenMultiWindow=true supportsMultiWindow=true supportsPocketStudioMultiWindow=true isInFlexibleEmbedded = false uid = 10445 pid = 31678 resizeMode=2 isResizeable=true minWidth=-1 minHeight=-1 defaultMinSize=220 token=WCT{RemoteToken{2b649e6 Task{58082ba #12343 type=standard A=10445:rd.sheepskin.sandboxmusic}}} topActivityType=1 pictureInPictureParams=null shouldDockBigOverlays=false launchIntoPipHostTaskId=-1 lastParentTaskIdBeforePip=-1 displayCutoutSafeInsets=Rect(0, 160 - 0, 0)
06-18 23:04:47.279  3480  3566 V WindowManager:  topActivityInfo=ActivityInfo{5bb27 rd.sheepskin.sandboxmusic.MainActivity} launchCookies=[] positionInParent=Point(0, 0) parentTaskId=-1 isFocused=false isVisible=false isVisibleRequested=false isTopActivityNoDisplay=false isSleeping=false locusId=null displayAreaFeatureId=1 isTopActivityTransparent=false isActivityStackTransparent=false lastNonFullscreenBounds=Rect(352, 845 - 1089, 2285) capturedLink=null capturedLinkTimestamp=0 requestedVisibleTypes=-9 topActivityRequestOpenInBrowserEducationTimestamp=0
06-18 23:04:47.279  3480  3566 V WindowManager:  appCompatTaskInfo=AppCompatTaskInfo { topActivityInSizeCompat=false topActivityInOplusCompatMode=false eligibleForLetterboxEducation= false isLetterboxEducationEnabled= false isLetterboxDoubleTapEnabled= false eligibleForUserAspectRatioButton= false topActivityBoundsLetterboxed= false isFromLetterboxDoubleTap= false topActivityLetterboxVerticalPosition= -1 topActivityLetterboxHorizontalPosition= -1 topActivityLetterboxWidth=-1 topActivityLetterboxHeight=-1 topActivityAppBounds=Rect(0, 0 - 1440, 3168) isUserFullscreenOverrideEnabled=false isSystemFullscreenOverrideEnabled=false hasMinAspectRatioOverride=false topActivityLetterboxBounds=null cameraCompatTaskInfo=CameraCompatTaskInfo { freeformCameraCompatMode=inactive}} topActivityMainWindowFrame=null topActivityLetterboxInsets=Rect(0, 0 - 0, 0)
