07-08 23:21:12.187  3425  6070 D Transition: finishTransition ar ActivityRecord{181363532 u0 org.telegram.messenger/.DefaultIcon t1727}, isVisibleRequested=true, state=RESUMED, visibleAtTransitionEndTokens={ActivityRecord{181363532 u0 org.telegram.messenger/.DefaultIcon t1727}}, this=TransitionRecord{8451069 id=268 track=0 type=CLOSE flags=0x0 state=2 c=[
07-08 23:21:12.187  3425  6070 D Transition:    ChangeInfo{a9e2aee container=Task{2bf88aa #1727 type=standard A=10411:org.telegram.messenger} flags=0x30}
07-08 23:21:12.187  3425  6070 D Transition:    ChangeInfo{880fb8f container=DefaultTaskDisplayArea@75681309 flags=0x0}
07-08 23:21:12.187  3425  6070 D Transition:    ChangeInfo{b2ade1c container=Task{4df7882 #1728 type=standard A=10447:rd.sheepskin.sandboxmusic} flags=0x0}
07-08 23:21:12.187  3425  6070 D Transition:    ChangeInfo{6954a25 container=Display{#0 state=ON size=1440x3168 ROTATION_0} flags=0x0}
07-08 23:21:12.187  3425  6070 D Transition:    ChangeInfo{7c607fa container=ActivityRecord{181363532 u0 org.telegram.messenger/.DefaultIcon t1727} flags=0x0}
07-08 23:21:12.187  3425  6070 D Transition:    ChangeInfo{b1bc1ab container=ActivityRecord{228223332 u0 rd.sheepskin.sandboxmusic/.MainActivity t1728 f} isExiting} flags=0x0}
07-08 23:21:12.187  3425  6070 D Transition: ]
07-08 23:21:12.187  3425  6070 D Transition: }
07-08 23:21:12.187  3425  6070 D Transition: finishTransition ar ActivityRecord{228223332 u0 rd.sheepskin.sandboxmusic/.MainActivity t1728 f} isExiting}, isVisibleRequested=false, state=DESTROYED, visibleAtTransitionEndTokens={ActivityRecord{181363532 u0 org.telegram.messenger/.DefaultIcon t1727}}, this=TransitionRecord{8451069 id=268 track=0 type=CLOSE flags=0x0 state=2 c=[
07-08 23:21:12.187  3425  6070 D Transition:    ChangeInfo{a9e2aee container=Task{2bf88aa #1727 type=standard A=10411:org.telegram.messenger} flags=0x30}
07-08 23:21:12.187  3425  6070 D Transition:    ChangeInfo{880fb8f container=DefaultTaskDisplayArea@75681309 flags=0x0}
07-08 23:21:12.187  3425  6070 D Transition:    ChangeInfo{b2ade1c container=Task{4df7882 #1728 type=standard A=10447:rd.sheepskin.sandboxmusic} flags=0x0}
07-08 23:21:12.187  3425  6070 D Transition:    ChangeInfo{6954a25 container=Display{#0 state=ON size=1440x3168 ROTATION_0} flags=0x0}
07-08 23:21:12.187  3425  6070 D Transition:    ChangeInfo{7c607fa container=ActivityRecord{181363532 u0 org.telegram.messenger/.DefaultIcon t1727} flags=0x0}
07-08 23:21:12.187  3425  6070 D Transition:    ChangeInfo{b1bc1ab container=ActivityRecord{228223332 u0 rd.sheepskin.sandboxmusic/.MainActivity t1728 f} isExiting} flags=0x0}
07-08 23:21:12.187  3425  6070 D Transition: ]
07-08 23:21:12.187  3425  6070 D Transition: }
07-08 23:21:12.187  3425  6070 D ActivityTaskManager: commitVisibility: ActivityRecord{228223332 u0 rd.sheepskin.sandboxmusic/.MainActivity t1728 f} isExiting}: visible=false visibleRequested=false, isInTransition=false 
07-08 23:21:12.188  3425  6070 D WindowManager: NFW_setClientVisible:ActivityRecord{228223332 u0 rd.sheepskin.sandboxmusic/.MainActivity t1728 f} isExiting} clientVisible:false
07-08 23:21:12.188  3425  6070 W ActivityManager: pid 3425 system sent binder code 7 with flags 1 to frozen apps and got error -32
07-08 23:21:12.188  3425  6070 W WindowManager: Exception thrown during dispatchAppVisibility Window{650be41 u0 rd.sheepskin.sandboxmusic/rd.sheepskin.sandboxmusic.MainActivity EXITING}
07-08 23:21:12.188  3425  6070 W WindowManager: android.os.DeadObjectException
07-08 23:21:12.188  3425  6070 W WindowManager: 	at android.os.BinderProxy.transactNative(Native Method)
07-08 23:21:12.188  3425  6070 W WindowManager: 	at android.os.BinderProxy.transact(BinderProxy.java:685)
07-08 23:21:12.188  3425  6070 W WindowManager: 	at android.view.IWindow$Stub$Proxy.dispatchAppVisibility(IWindow.java:609)
07-08 23:21:12.188  3425  6070 W WindowManager: 	at com.android.server.wm.WindowState.sendAppVisibilityToClients(WindowState.java:3688)
07-08 23:21:12.188  3425  6070 W WindowManager: 	at com.android.server.wm.WindowContainer.sendAppVisibilityToClients(WindowContainer.java:1500)
07-08 23:21:12.188  3425  6070 W WindowManager: 	at com.android.server.wm.WindowToken.setClientVisible(WindowToken.java:427)
07-08 23:21:12.188  3425  6070 W WindowManager: 	at com.android.server.wm.ActivityRecord.setClientVisible(ActivityRecord.java:8353)
07-08 23:21:12.188  3425  6070 W WindowManager: 	at com.android.server.wm.ActivityRecord.commitVisibility(ActivityRecord.java:6850)
07-08 23:21:12.188  3425  6070 W WindowManager: 	at com.android.server.wm.Transition.finishTransition(Transition.java:1717)
07-08 23:21:12.188  3425  6070 W WindowManager: 	at com.android.server.wm.TransitionController.finishTransition(TransitionController.java:1185)
07-08 23:21:12.188  3425  6070 W WindowManager: 	at com.android.server.wm.WindowOrganizerController.finishTransition(WindowOrganizerController.java:614)
07-08 23:21:12.188  3425  6070 W WindowManager: 	at android.window.IWindowOrganizerController$Stub.onTransact(IWindowOrganizerController.java:376)
07-08 23:21:12.188  3425  6070 W WindowManager: 	at com.android.server.wm.WindowOrganizerController.onTransact(WindowOrganizerController.java:241)
07-08 23:21:12.188  3425  6070 W WindowManager: 	at android.os.Binder.execTransactInternal(Binder.java:1443)
07-08 23:21:12.188  3425  6070 W WindowManager: 	at android.os.Binder.execTransact(Binder.java:1382)
07-08 23:21:12.188  3425  6070 I WindowManager: Window{650be41 u0 rd.sheepskin.sandboxmusic/rd.sheepskin.sandboxmusic.MainActivity EXITING} state from HAS_DRAWN to DRAW_PENDING; reason: resetDrawState
07-08 23:21:12.188  3425  6070 I OplusAppSwitchManagerService:  handleAppVisible , r = ActivityRecord{181363532 u0 org.telegram.messenger/.DefaultIcon t1727}
07-08 23:21:12.188  3425  6070 D WindowManager: NFW_findFocusedWindowIfNeeded:Window{c6e071a u0 org.telegram.messenger/org.telegram.messenger.DefaultIcon} mCurrentFocus:Window{c6e071a u0 org.telegram.messenger/org.telegram.messenger.DefaultIcon}
07-08 23:21:12.189  3425  6070 I TaskOrganizerController: onTaskInfoChanged taskid 1728 config { mBounds=Rect(0, 0 - 1440, 3168) mAppBounds=Rect(0, 0 - 1440, 3168) mMaxBounds=Rect(0, 0 - 1440, 3168) mDisplayRotation=ROTATION_0 mWindowingMode=fullscreen mActivityType=standard mAlwaysOnTop=undefined mRotation=ROTATION_0}
07-08 23:21:12.190  3425  6070 D OplusFlexibleDragToSplitAnimController: visibleFlexibleTaskInfos delete:1728
07-08 23:21:12.190  3425  6070 E FlexibleWindowManagerService: notifyTaskObserverToAttachController not need to notify!
07-08 23:21:12.190  3425  6070 I FlexibleWindowManagerService: onFlexibleWindowTaskInfoChanged, return for cur task not embedded
07-08 23:21:12.190  3425  6070 D ActivityTaskManager: removeAppToken: ActivityRecord{228223332 u0 rd.sheepskin.sandboxmusic/.MainActivity t1728 f}} delayed=false parent=Task{4df7882 #1728 type=standard A=10447:rd.sheepskin.sandboxmusic} animating=false Callers=com.android.server.wm.ActivityRecord.removeImmediately:5361 com.android.server.wm.WindowToken.removeIfPossible:267 com.android.server.wm.WindowToken.handleCompleteDeferredRemoval:273 com.android.server.wm.WindowContainer.handleCompleteDeferredRemoval:1650 
07-08 23:21:12.190  3425  6070 D WindowManager: NFW_findFocusedWindowIfNeeded:Window{c6e071a u0 org.telegram.messenger/org.telegram.messenger.DefaultIcon} mCurrentFocus:Window{c6e071a u0 org.telegram.messenger/org.telegram.messenger.DefaultIcon}
07-08 23:21:12.191  3425  6070 I WindowManager: Window{650be41 u0 rd.sheepskin.sandboxmusic/rd.sheepskin.sandboxmusic.MainActivity EXITING} state from DRAW_PENDING to NO_SURFACE; reason: destroySurface
07-08 23:21:12.192  3425  6070 D OplusMirageWindowManagerService: onTaskRemoved displayid:0 taskId:1728 callers:com.android.server.wm.MirageWindowManagerExtImpl.onTaskRemoved:47 com.android.server.wm.TaskDisplayArea.removeChildTask:391 com.android.server.wm.TaskDisplayArea.removeChild:380 com.android.server.wm.WindowContainer.removeImmediately:1099 com.android.server.wm.TaskFragment.removeImmediately:3773 
07-08 23:21:12.193  3425  6070 D ActivityTaskManager: The isLandscapeFullscreenEnabled is: org.telegram.messenger/.DefaultIcon
07-08 23:21:12.193  3425  6070 D OplusTransitionController: finishTransition, transition: TransitionRecord{8451069 id=268 track=0 type=CLOSE flags=0x0 state=4 c=[
07-08 23:21:12.193  3425  6070 D OplusTransitionController:    ChangeInfo{a9e2aee container=Task{2bf88aa #1727 type=standard A=10411:org.telegram.messenger} flags=0x30}
07-08 23:21:12.193  3425  6070 D OplusTransitionController:    ChangeInfo{880fb8f container=DefaultTaskDisplayArea@75681309 flags=0x0}
07-08 23:21:12.193  3425  6070 D OplusTransitionController:    ChangeInfo{b2ade1c container=Task{4df7882 #1728 type=standard A=10447:rd.sheepskin.sandboxmusic} flags=0x0}
07-08 23:21:12.193  3425  6070 D OplusTransitionController:    ChangeInfo{6954a25 container=Display{#0 state=ON size=1440x3168 ROTATION_0} flags=0x0}
07-08 23:21:12.193  3425  6070 D OplusTransitionController:    ChangeInfo{7c607fa container=ActivityRecord{181363532 u0 org.telegram.messenger/.DefaultIcon t1727} flags=0x0}
07-08 23:21:12.193  3425  6070 D OplusTransitionController:    ChangeInfo{b1bc1ab container=ActivityRecord{228223332 u0 rd.sheepskin.sandboxmusic/.MainActivity t-1 f}} flags=0x0}
07-08 23:21:12.193  3425  6070 D OplusTransitionController: ]
07-08 23:21:12.193  3425  6070 D OplusTransitionController: }
07-08 23:21:12.193  3425  6070 D FlexibleTaskTransitionController:  finishTransition pendingRecentToFlexibleTask:null,isRotationTransition:false ,pendingRecentToFlexible:null ,transition:TransitionRecord{8451069 id=268 track=0 type=CLOSE flags=0x0 state=4 c=[
07-08 23:21:12.193  3425  6070 D FlexibleTaskTransitionController:    ChangeInfo{a9e2aee container=Task{2bf88aa #1727 type=standard A=10411:org.telegram.messenger} flags=0x30}
07-08 23:21:12.193  3425  6070 D FlexibleTaskTransitionController:    ChangeInfo{880fb8f container=DefaultTaskDisplayArea@75681309 flags=0x0}
07-08 23:21:12.193  3425  6070 D FlexibleTaskTransitionController:    ChangeInfo{b2ade1c container=Task{4df7882 #1728 type=standard A=10447:rd.sheepskin.sandboxmusic} flags=0x0}
07-08 23:21:12.193  3425  6070 D FlexibleTaskTransitionController:    ChangeInfo{6954a25 container=Display{#0 state=ON size=1440x3168 ROTATION_0} flags=0x0}
07-08 23:21:12.193  3425  6070 D FlexibleTaskTransitionController:    ChangeInfo{7c607fa container=ActivityRecord{181363532 u0 org.telegram.messenger/.DefaultIcon t1727} flags=0x0}
07-08 23:21:12.193  3425  6070 D FlexibleTaskTransitionController:    ChangeInfo{b1bc1ab container=ActivityRecord{228223332 u0 rd.sheepskin.sandboxmusic/.MainActivity t-1 f}} flags=0x0}
07-08 23:21:12.193  3425  6070 D FlexibleTaskTransitionController: ]
07-08 23:21:12.193  3425  6070 D FlexibleTaskTransitionController: }
07-08 23:21:12.193  3425  6070 D SnapshotCache: removeRunningEntry id: 1727, callers=com.android.server.wm.SnapshotCache.onIdRemoved:126 com.android.server.wm.TaskSnapshotController.removeAndDeleteSnapshot:408 com.android.server.wm.SnapshotController.onTransitionFinish:254 
07-08 23:21:12.194  3425  6070 D TransitionControllerExtImpl: NFW_send RECOMPUTE_FOCUS in finishTransition
07-08 23:21:12.194  4972  5022 D ShellTaskOrganizer: onTransitionFinish, isRecent:false
07-08 23:21:12.195  4972  5022 V WindowManagerShell: Track 0 became idle
07-08 23:21:12.195  4972  5022 V WindowManagerShell: All active transition animations finished
07-08 23:21:12.195  3425  3581 D OplusFlexibleWindowMinimizedManagerHelper: onTaskVanished taskInfo:1728 task:Task{4df7882 #1728 type=standard A=10447:rd.sheepskin.sandboxmusic}
07-08 23:21:12.195  3425  3581 D OplusFlexibleDragToSplitAnimController: visibleFlexibleTaskInfos delete:1728
07-08 23:21:12.195  3425  3581 D FlexibleTaskController: no need releaseFlexibleCaptionView or destroyFlexibleDragLeash when non-caption-view-task vanished, task=Task{4df7882 #1728 type=standard A=10447:rd.sheepskin.sandboxmusic}
07-08 23:21:12.195  3425  3581 D FlexibleWindowManagerService: notifyFlexibleTaskVanish taskId : 1728 is not taskEmbedded
07-08 23:21:12.195  3425  3581 D FlexibleWindowManagerService: onFlexibleWindowTaskVanished: task = 1728,size:0
07-08 23:21:12.195  3425  3581 D OplusFlexibleWindowMinimizedManagerHelper: onTaskVanished taskInfo:1728 task:Task{4df7882 #1728 type=standard A=10447:rd.sheepskin.sandboxmusic}
07-08 23:21:12.195  3425  3581 D OplusFlexibleDragToSplitAnimController: visibleFlexibleTaskInfos delete:1728
07-08 23:21:12.195  3425  3581 D FlexibleTaskController: no need releaseFlexibleCaptionView or destroyFlexibleDragLeash when non-caption-view-task vanished, task=Task{4df7882 #1728 type=standard A=10447:rd.sheepskin.sandboxmusic}
07-08 23:21:12.195  3425  3581 D FlexibleWindowManagerService: notifyFlexibleTaskVanish taskId : 1728 is not taskEmbedded
07-08 23:21:12.195  3425  3581 D FlexibleWindowManagerService: onFlexibleWindowTaskVanished: task = 1728,size:0
07-08 23:21:12.195  4972  5022 D FlexibleSeekBarManager: removeAlpha for taskId=1728
07-08 23:21:12.196  3425  4561 I FraudBehaviorDetectManager: [updateGlobalCloseData] updateList size: 1, type: removeSection
07-08 23:21:12.196  3425  4561 I FraudBehaviorDetectManager: getEnabledServices for user[0] size=1
07-08 23:21:12.197  3425  3580 D WindowManager: NFW_findFocusedWindowIfNeeded:Window{c6e071a u0 org.telegram.messenger/org.telegram.messenger.DefaultIcon} mCurrentFocus:Window{c6e071a u0 org.telegram.messenger/org.telegram.messenger.DefaultIcon}
07-08 23:21:12.197  3425  3654 D VRR [OPlusRefreshRateService]:  setDirectorStates [flag: 1, state: 0, directorStateOff: 0]
07-08 23:21:12.197  3425  4234 D ActivityTaskManager: Skipping, invisible task: Task{8d734bc #1692 type=home I=com.teslacoilsw.launcher/.NovaLauncher}
07-08 23:21:12.198  3425  4234 D ActivityTaskManager: Skipping, invisible task: Task{b3d4bfa #1704 type=recents I=com.android.launcher/com.android.quickstep.RecentsActivity}
07-08 23:21:12.198  3425  4234 D ActivityTaskManager: Skipping, invisible task: Task{ab94f15 #5 type=home A=1000:com.android.settings.FallbackHome nonResizable}
07-08 23:21:12.198  3425  4234 D ActivityTaskManager: after skip size:16,pre-Filtered:[com.android.vending 1690, com.reddit.frontpage 1713, org.mozilla.firefox 1670, com.google.android.googlequicksearchbox 1681, rd.sheepskin.sandboxmusic 1728, com.google.android.gms 1674, com.ss.android.ugc.trill 1691, com.shopee.th 1703, com.instagram.android 1687, com.mobilefootie.wc2010 1714, com.google.android.googlequicksearchbox 1706, jp.naver.line.android 1710, com.google.android.googlequicksearchbox 1705, org.telegram.messenger 1727, com.whatsapp 1722, com.oplus.wirelesssettings 1678]
07-08 23:21:12.199  3425  4234 D Transition: finishTransaction-onCommitted syncId=268
07-08 23:21:12.201  3425  3597 W UserAwareMgr: event can not be released, id: 2020, count: 2, releasePid: 5079
07-08 23:21:12.235  3425  6070 I OplusSecurityPermissionManager-SecurityPayController: put risk app list: []
07-08 23:21:12.235  3425  4234 W PackageManager: package com.oplus.securepay uid 10419 pid 9984 call SetEnabledSetting(com.oplus.securepay component = androidx.work.impl.background.systemalarm.RescheduleReceiver, 1, 0)
07-08 23:21:12.241  3425  3594 D OplusSecurityPermissionManager-SecurityPayController: start saving risk app list
07-08 23:21:12.245  3425  4953 W PackageManager: package com.oplus.securepay uid 10419 pid 9984 call SetEnabledSetting(com.oplus.securepay component = androidx.work.impl.background.systemalarm.RescheduleReceiver, 1, 0)
07-08 23:21:12.245  3425  3594 I OplusSecurityPermissionManager-SecurityPayController: save risk app list finished
07-08 23:21:12.268  3425  4234 W PackageManager: package com.oplus.securepay uid 10419 pid 9984 call SetEnabledSetting(com.oplus.securepay component = androidx.work.impl.background.systemalarm.RescheduleReceiver, 2, 0)
07-08 23:21:12.296 16942 16942 D ResourcesManagerExtImpl: applyConfigurationToAppResourcesLocked app.getDisplayId() return callback.displayId:-1
07-08 23:21:12.311  3425  4952 I ActivityManager: Flag disabled. Ignoring finishAttachApplication from uid: 10447. pid: 16942
07-08 23:21:12.324  3425  5466 I NativeFreezeManager: Get dex2oat pid more than 3 times
07-08 23:21:12.916  3425  4952 V Configuration: Updating configuration, locales updated from [] to [en_TH,en_GB,en_US]
07-08 23:21:12.916  3425  4952 V Configuration: Updating configuration, locales updated from [] to [en_TH]
07-08 23:21:12.916  3425  4952 V Configuration: Updating configuration, locales updated from [] to [en_TH,en_GB,en_US]
07-08 23:21:12.916  3425  4952 V Configuration: Updating configuration, locales updated from [] to [en_TH]
07-08 23:21:12.916  3425  4952 V Configuration: Updating configuration, locales updated from [] to [en_TH]
07-08 23:21:12.916  3425  4952 V Configuration: Updating configuration, locales updated from [] to [th_TH]
07-08 23:21:12.916  3425  4952 V Configuration: Updating configuration, locales updated from [] to [en_TH,en_GB,en_US]
07-08 23:21:12.916  3425  4952 V Configuration: Updating configuration, locales updated from [] to [en_US]
07-08 23:21:12.916  3425  4952 V Configuration: Updating configuration, locales updated from [] to [en_TH,en_GB,en_US]
07-08 23:21:12.916  3425  4952 V Configuration: Updating configuration, locales updated from [] to [en_TH,en_GB,en_US]
07-08 23:21:12.916  3425  4952 V Configuration: Updating configuration, locales updated from [] to [es_US]
07-08 23:21:12.916  3425  4952 V Configuration: Updating configuration, locales updated from [] to [en_TH,en_GB,en_US]
07-08 23:21:12.916  3425  4952 V Configuration: Updating configuration, locales updated from [] to [en_TH]
07-08 23:21:12.916  3425  4952 V Configuration: Updating configuration, locales updated from [] to [en_TH,en_GB,en_US]
07-08 23:21:12.916  3425  4952 V Configuration: Updating configuration, locales updated from [] to [en_TH,en_GB,en_US]
07-08 23:21:12.916  3425  4952 V Configuration: Updating configuration, locales updated from [] to [en_TH,en_GB,en_US]
07-08 23:21:12.916  3425  4952 V Configuration: Updating configuration, locales updated from [] to [en_TH,en_GB,en_US]
07-08 23:21:12.916  3425  4952 V Configuration: Updating configuration, locales updated from [] to [en_US]
07-08 23:21:12.916  3425  4952 V Configuration: Updating configuration, locales updated from [] to [en_TH]
07-08 23:21:12.917  3425  4952 V Configuration: Updating configuration, locales updated from [] to [en_TH,en_GB,en_US]
07-08 23:21:12.917  3425  4952 V Configuration: Updating configuration, locales updated from [] to [en_TH,en_GB,en_US]
07-08 23:21:12.917  3425  4952 V Configuration: Updating configuration, locales updated from [] to [en_TH,en_GB,en_US]
07-08 23:21:12.917  3425  4952 V Configuration: Updating configuration, locales updated from [] to [en_TH,en_GB,en_US]
07-08 23:21:12.917  3425  4952 V Configuration: Updating configuration, locales updated from [] to [en_TH,en_GB,en_US]
07-08 23:21:12.917  3425  4952 V Configuration: Updating configuration, locales updated from [] to [en_TH,en_GB,en_US]
07-08 23:21:12.917  3425  4952 V Configuration: Updating configuration, locales updated from [] to [en_TH,en_GB,en_US]
07-08 23:21:12.917  3425  4952 V Configuration: Updating configuration, locales updated from [] to [en_TH,en_GB,en_US]
07-08 23:21:12.917  3425  4952 V Configuration: Updating configuration, locales updated from [] to [en_TH,en_GB,en_US]
07-08 23:21:12.917  3425  4952 V Configuration: Updating configuration, locales updated from [] to [en_TH,en_GB,en_US]
07-08 23:21:12.917  3425  4952 V Configuration: Updating configuration, locales updated from [] to [en_US]
07-08 23:21:12.917  3425  4952 V Configuration: Updating configuration, locales updated from [] to [en_TH,en_GB,en_US]
07-08 23:21:12.917  3425  4952 V Configuration: Updating configuration, locales updated from [] to [en_TH,en_GB,en_US]
07-08 23:21:12.917  3425  4952 V Configuration: Updating configuration, locales updated from [] to [en_TH,en_GB,en_US]
07-08 23:21:12.917  3425  4952 V Configuration: Updating configuration, locales updated from [] to [en_TH,en_GB,en_US]
07-08 23:21:12.917  3425  4952 V Configuration: Updating configuration, locales updated from [] to [en_TH,en_GB,en_US]
07-08 23:21:12.917  3425  4952 V Configuration: Updating configuration, locales updated from [] to [en_TH]
07-08 23:21:12.917  3425  4952 V Configuration: Updating configuration, locales updated from [] to [en_TH]
07-08 23:21:12.917  3425  4952 V Configuration: Updating configuration, locales updated from [] to [en_TH,en_GB,en_US]
07-08 23:21:12.917  3425  4952 V Configuration: Updating configuration, locales updated from [] to [en_TH,en_GB,en_US]
07-08 23:21:12.917  3425  4952 V Configuration: Updating configuration, locales updated from [] to [en_TH,en_GB,en_US]
07-08 23:21:12.917  3425  4952 V Configuration: Updating configuration, locales updated from [] to [en_TH,en_GB,en_US]
07-08 23:21:12.917  3425  4952 V Configuration: Updating configuration, locales updated from [] to [en_TH]
07-08 23:21:12.917  3425  4952 V Configuration: Updating configuration, locales updated from [] to [th_TH]
07-08 23:21:12.917  3425  4952 V Configuration: Updating configuration, locales updated from [] to [en_TH,en_GB,en_US]
07-08 23:21:12.917  3425  4952 V Configuration: Updating configuration, locales updated from [] to [en_TH,en_GB,en_US]
07-08 23:21:12.917  3425  4952 V Configuration: Updating configuration, locales updated from [] to [en_TH,en_GB,en_US]
07-08 23:21:12.917  3425  4952 V Configuration: Updating configuration, locales updated from [] to [en_TH,en_GB,en_US]
07-08 23:21:12.917  3425  4952 V Configuration: Updating configuration, locales updated from [] to [en_TH,en_GB,en_US]
07-08 23:21:12.917  3425  4952 V Configuration: Updating configuration, locales updated from [] to [en_TH]
07-08 23:21:12.917  3425  4952 V Configuration: Updating configuration, locales updated from [] to [en_TH]
07-08 23:21:12.917  3425  4952 V Configuration: Updating configuration, locales updated from [] to [en_US]
07-08 23:21:12.917  3425  4952 V Configuration: Updating configuration, locales updated from [] to [en_TH,en_GB,en_US]
07-08 23:21:12.917  3425  4952 V Configuration: Updating configuration, locales updated from [] to [en_TH]
07-08 23:21:12.917  3425  4952 V Configuration: Updating configuration, locales updated from [] to [en_TH]
07-08 23:21:12.917  3425  4952 V Configuration: Updating configuration, locales updated from [] to [en_TH,en_GB,en_US]
07-08 23:21:12.917  3425  4952 V Configuration: Updating configuration, locales updated from [] to [en_TH]
07-08 23:21:12.917  3425  4952 V Configuration: Updating configuration, locales updated from [] to [en_TH,en_GB,en_US]
07-08 23:21:12.917  3425  4952 V Configuration: Updating configuration, locales updated from [] to [en_TH,en_GB,en_US]
07-08 23:21:12.917  3425  4952 V Configuration: Updating configuration, locales updated from [] to [en_TH,en_GB,en_US]
07-08 23:21:12.917  3425  4952 V Configuration: Updating configuration, locales updated from [] to [en_TH,en_GB,en_US]
07-08 23:21:12.917  3425  4952 V Configuration: Updating configuration, locales updated from [] to [en_US]
07-08 23:21:12.917  3425  4952 V Configuration: Updating configuration, locales updated from [] to [en_TH,en_GB,en_US]
07-08 23:21:12.917  3425  4952 V Configuration: Updating configuration, locales updated from [] to [en_TH,en_GB,en_US]
07-08 23:21:12.917  3425  4952 V Configuration: Updating configuration, locales updated from [] to [es_US]
07-08 23:21:12.917  3425  4952 V Configuration: Updating configuration, locales updated from [] to [en_TH]
07-08 23:21:12.917  3425  4952 V Configuration: Updating configuration, locales updated from [] to [en_TH,en_GB,en_US]
07-08 23:21:12.917  3425  4952 V Configuration: Updating configuration, locales updated from [] to [en_TH,en_GB,en_US]
07-08 23:21:12.917  3425  4952 V Configuration: Updating configuration, locales updated from [] to [es_US]
07-08 23:21:12.917  3425  4952 V Configuration: Updating configuration, locales updated from [] to [en_TH]
07-08 23:21:12.917  3425  4952 V Configuration: Updating configuration, locales updated from [] to [en_TH]
07-08 23:21:12.917  3425  4952 V Configuration: Updating configuration, locales updated from [] to [en_TH]
07-08 23:21:12.917  3425  4952 V Configuration: Updating configuration, locales updated from [] to [en_TH]
07-08 23:21:12.917  3425  4952 V Configuration: Updating configuration, locales updated from [] to [en_US]
07-08 23:21:12.917  3425  4952 V Configuration: Updating configuration, locales updated from [] to [en_TH]
07-08 23:21:12.917  3425  4952 V Configuration: Updating configuration, locales updated from [] to [en_TH]
07-08 23:21:12.917  3425  4952 V Configuration: Updating configuration, locales updated from [] to [en_TH,en_GB,en_US]
07-08 23:21:12.917  3425  4952 V Configuration: Updating configuration, locales updated from [] to [en_TH,en_GB,en_US]
07-08 23:21:12.917  3425  4952 V Configuration: Updating configuration, locales updated from [] to [en_TH]
07-08 23:21:12.917  3425  4952 V Configuration: Updating configuration, locales updated from [] to [en_TH,en_GB,en_US]
07-08 23:21:12.918  3425  4952 V Configuration: Updating configuration, locales updated from [] to [en_TH,en_GB,en_US]
07-08 23:21:12.918  3425  4952 V Configuration: Updating configuration, locales updated from [] to [en_TH]
07-08 23:21:12.918  3425  4952 V Configuration: Updating configuration, locales updated from [] to [en_TH,en_GB,en_US]
07-08 23:21:12.918  3425  4952 V Configuration: Updating configuration, locales updated from [] to [en_TH,en_GB,en_US]
07-08 23:21:12.918  3425  4952 V Configuration: Updating configuration, locales updated from [] to [en_TH,en_GB,en_US]
07-08 23:21:12.918  3425  4952 V Configuration: Updating configuration, locales updated from [] to [en_TH]
07-08 23:21:12.918  3425  4952 V Configuration: Updating configuration, locales updated from [] to [en_TH,en_GB,en_US]
07-08 23:21:12.918  3425  4952 V Configuration: Updating configuration, locales updated from [] to [en_TH]
07-08 23:21:12.918  3425  4952 D IntervalStats: Unable to parse usage stats packages: [19, 47, 61, 65, 179, 216, 223, 277, 355, 363, 364, 370, 372, 373, 374, 375, 376, 377, 378, 379, 380, 381, 382, 383, 385, 386, 388, 389, 391, 392, 397, 398, 400, 402, 403, 405, 406, 408, 409, 414, 415, 418, 423, 426, 433, 437, 448, 450, 452, 456, 458, 461, 462, 466, 468, 470, 471, 472, 473, 475, 477, 479, 480, 481, 482, 483, 485, 486, 487, 488, 489, 490, 491, 508, 509, 510, 515, 516, 517, 518, 523, 525, 533, 542, 543, 545, 547, 548, 566, 567, 568, 569, 606, 607, 609, 610, 611, 612, 613, 628, 643, 644, 645, 646, 647, 648, 649, 650, 651, 652, 653, 658, 660, 661, 667, 668, 669, 672, 675, 677, 682, 683, 684, 688, 689, 690, 695, 702, 703, 723, 725, 726, 727, 728, 729, 731, 733, 735, 736, 737, 744, 755, 766, 769, 770, 786, 787, 791, 842, 843, 870, 871, 872, 873, 874, 876, 916, 943, 947, 948, 949, 950, 951, 952, 953, 954, 955, 956, 957, 958, 959, 960, 961, 962, 963, 964, 966, 967, 969, 970, 971, 972, 973, 974, 975, 980, 982, 983, 985, 1010, 1046, 1098, 1100, 1104, 1196, 1261, 1278, 1361, 1372, 1404, 1410, 1412, 1413, 1414, 1417, 1444, 1445, 1446, 1447, 1448, 1449, 1450, 1451, 1452, 1454, 1456, 1458, 1459, 1462, 1463, 1465, 1467, 1468, 1469, 1470, 1474, 1475]
07-08 23:21:12.919  3425  4952 D UsageStatsService: User[0] type=3 b=1625782872915 e=1783549272915 cb=1768480454628 ce=1783549272073 disk=484 all=774
07-08 23:21:12.940  3425  4375 V AlarmManager: sending alarm Alarm{ba4f6a3 type 2 origWhen 9110393 whenElapsed 9110393 android} uid 1000 whenElapsed 9110393 windowLength 0 maxWhenElapsed 9110393 repeatInterval 0 action com.android.server.audio.action.CHECK_MUSIC_ACTIVE component null flags 0x9 procName system_server
07-08 23:21:13.148  3425  3740 I AppsFilter: interaction: PackageSetting{e6c4b51 com.android.microdroid.empty_payload/10275} -> PackageSetting{48659ff com.oplus.dmp/10006} BLOCKED
07-08 23:21:13.148  3425  3740 I AppsFilter: interaction: PackageSetting{8acec18 rd.sheepskin.sandboxmusic/10447} -> PackageSetting{48659ff com.oplus.dmp/10006} BLOCKED
07-08 23:21:13.150  3425  3740 I AppsFilter: interaction: PackageSetting{41dfac7 com.oplus.locationproxy/10173} -> PackageSetting{48659ff com.oplus.dmp/10006} BLOCKED
07-08 23:21:13.150  3425  3740 I AppsFilter: interaction: PackageSetting{1698f4 com.android.certinstaller/10210} -> PackageSetting{48659ff com.oplus.dmp/10006} BLOCKED
07-08 23:21:13.151  3425  3740 I AppsFilter: interaction: PackageSetting{cf1a81d com.oplus.location/10218} -> PackageSetting{48659ff com.oplus.dmp/10006} BLOCKED
07-08 23:21:13.152  3425  3740 I AppsFilter: interaction: PackageSetting{e6c4b51 com.android.microdroid.empty_payload/10275} -> PackageSetting{6da33cc com.oplus.securepay/10419} BLOCKED
07-08 23:21:13.152  3425  3740 I AppsFilter: interaction: PackageSetting{8acec18 rd.sheepskin.sandboxmusic/10447} -> PackageSetting{6da33cc com.oplus.securepay/10419} BLOCKED
07-08 23:21:13.153  3425  3740 I AppsFilter: interaction: PackageSetting{41dfac7 com.oplus.locationproxy/10173} -> PackageSetting{6da33cc com.oplus.securepay/10419} BLOCKED
07-08 23:21:13.153  3425  3740 I AppsFilter: interaction: PackageSetting{1698f4 com.android.certinstaller/10210} -> PackageSetting{6da33cc com.oplus.securepay/10419} BLOCKED
07-08 23:21:13.155  3425  3740 I AppsFilter: interaction: PackageSetting{cf1a81d com.oplus.location/10218} -> PackageSetting{6da33cc com.oplus.securepay/10419} BLOCKED
07-08 23:21:13.173  3425  3425 D LockSettingsService: [getSeparateProfileChallengeEnabled] userId = 12
07-08 23:21:13.180  3425  3425 D LockSettingsService: [getSeparateProfileChallengeEnabled] userId = 12
07-08 23:21:13.187  3425  4443 V AccessibilityManagerService: onUserStateChangedLocked for user 0 with forceUpdate: false mEnabledServices = [ComponentInfo{com.android.systemui.accessibility.accessibilitymenu/com.android.systemui.accessibility.accessibilitymenu.AccessibilityMenuService}] mCrashedServices = [] hasMagnificationConnection=false
07-08 23:21:13.187  3425  4443 W MagnificationConnectionManager: requestConnection duplicated request: connect=false, mConnectionState=DISCONNECTED
07-08 23:21:13.190  3425  4443 V AccessibilityManagerService: onUserStateChangedLocked for user 0 with forceUpdate: false mEnabledServices = [ComponentInfo{com.android.systemui.accessibility.accessibilitymenu/com.android.systemui.accessibility.accessibilitymenu.AccessibilityMenuService}] mCrashedServices = [] hasMagnificationConnection=false
07-08 23:21:13.190  3425  4443 W MagnificationConnectionManager: requestConnection duplicated request: connect=false, mConnectionState=DISCONNECTED
07-08 23:21:13.190  3425  4438 I VibrationEffectConvertor: onInputMethodListUpdated received, info.size = 4
07-08 23:21:13.190  3425  4438 I VibrationEffectConvertor: userid = 0, packageName = com.google.android.tts
07-08 23:21:13.190  3425  4438 I VibrationEffectConvertor: userid = 0, packageName = helium314.keyboard
07-08 23:21:13.190  3425  4438 I VibrationEffectConvertor: userid = 0, packageName = com.google.android.inputmethod.latin
07-08 23:21:13.190  3425  4438 I VibrationEffectConvertor: userid = 0, packageName = com.oplus.securitykeyboard
07-08 23:21:13.192  3425  4438 I VibrationEffectConvertor: onInputMethodListUpdated received, info.size = 4
07-08 23:21:13.192  3425  4438 I VibrationEffectConvertor: userid = 0, packageName = com.google.android.tts
07-08 23:21:13.192  3425  4438 I VibrationEffectConvertor: userid = 0, packageName = helium314.keyboard
07-08 23:21:13.192  3425  4438 I VibrationEffectConvertor: userid = 0, packageName = com.google.android.inputmethod.latin
07-08 23:21:13.192  3425  4438 I VibrationEffectConvertor: userid = 0, packageName = com.oplus.securitykeyboard
07-08 23:21:13.192  3425  3425 D AccessibilityManagerService: [updateInputFilter] flags = 4, mInputFilter=com.android.server.accessibility.AccessibilityInputFilter@9c5aad6, mHasInputFilter=true, mForceSetInputFilter=false
07-08 23:21:13.197  3425  3425 D AccessibilityManagerService: [updateInputFilter] flags = 4, mInputFilter=com.android.server.accessibility.AccessibilityInputFilter@9c5aad6, mHasInputFilter=true, mForceSetInputFilter=false
07-08 23:21:13.384  3425  3637 D osense.compress: jp.naver.line.android do shrink, target ratio = 35, final ratio = 70, cur ratio = 0
07-08 23:21:13.662  3425  4234 W AppOpService: Ignored setUidMode call for runtime permission app op: uid = 1001, code = READ_SMS, mode = allow, callingUid = 1001, oldMode = allow
07-08 23:21:13.663  3425  4234 W AppOpService: Ignored setUidMode call for runtime permission app op: uid = 1001, code = RECEIVE_SMS, mode = allow, callingUid = 1001, oldMode = allow
07-08 23:21:13.663  3425  4234 W AppOpService: Ignored setUidMode call for runtime permission app op: uid = 1001, code = RECEIVE_WAP_PUSH, mode = allow, callingUid = 1001, oldMode = allow
07-08 23:21:13.663  3425  4234 W AppOpService: Ignored setUidMode call for runtime permission app op: uid = 1001, code = SEND_SMS, mode = allow, callingUid = 1001, oldMode = allow
07-08 23:21:13.663  3425  4234 W AppOpService: Ignored setUidMode call for runtime permission app op: uid = 1001, code = READ_CELL_BROADCASTS, mode = allow, callingUid = 1001, oldMode = allow
07-08 23:21:13.745  3425  3652 D OplusFeatureBrightnessBarController: BrightnessBarController is not support.
07-08 23:21:13.745  3425  3646 D AutomaticController[display=0]: brightness changed!!!finalLux:9.41, weightLux:9.41, automaticLux:9.41, lastFinalLux:0.0, lastAutomaticLux:0.0, deviceDirection:Brightening, environmentDirection:Brightening, scene:NormalScene, accelerateScale:1.0, updateProcess:[LargeChange], luxQueue:[9.408698, 9.408698, 9.408698, 9.408698], [(0.0, 2.5, 37.4673)->(9.41, 28.718311, 1798.0304)], drag:null
07-08 23:21:13.749  3425  3646 D OplusBiometricsDisplayHelper: isFold: false, isUnblockByFp: null
07-08 23:21:13.947  3425  3652 D OplusBrightnessPhoneStateManager: LuxEvent{event:MAIN_LUX lux:9.408698} -> LuxEvent{event:MAIN_LUX lux:9.408698}
07-08 23:21:13.948  3425  3652 D OplusBrightnessAmbientAdapter[StabilityProcess]: updateRangeStrategy: reason[LuxChange ] baseLux:9.41, scene:NormalScene large{2.3525, 23.525} largeForAux{2.3525, 23.525} small{6.7634373, 12.056562} null
07-08 23:21:14.147  3425  3652 D OplusBrightnessPhoneStateManager: LuxEvent{event:MAIN_LUX lux:9.408698} -> LuxEvent{event:MAIN_LUX lux:9.408698}
07-08 23:21:14.164  3425  3580 I DisplayDeviceRepository: Display device changed render timings: "Built-in Screen", renderFrameRate=60.0, presentationDeadlineNanos=16666666, appVsyncOffsetNanos=1000000, frameRateOverrides=[]
07-08 23:21:14.164  3425  3652 D OplusFeatureDMR[display=0]: onConfigChanged threadId=67 threadName=OplusDisplayWorkHandler physicalDisplayId=4630946450791512195 modeId=0  
07-08 23:21:14.164  3425  3580 D DisplayManagerService: Delivering display event: displayId=0, event=EVENT_DISPLAY_REFRESH_RATE_CHANGED
07-08 23:21:14.165  3425  3578 D WindowManager: DeferredDisplayUpdater: partially applying DisplayInfo(1440 x 3168) immediately
07-08 23:21:14.167  3425  3578 D OplusVFXScreenEffectFeature: notifySFCompatWindowStateChange entered false
07-08 23:21:14.168  3425  3578 D FSS_FoldScreenBlackCoverController: displayChangeToOn, dc:Display{#0 state=ON size=1440x3168 ROTATION_0}
07-08 23:21:14.212  3425  3654 D VRR [OPlusRefreshRateService]: handleConfigIdChange physicalDisplayId: 4630946450791512195 configId: 0 renderPeriod: 16666667
07-08 23:21:14.213  3425  3654 D VRR [OPlusGameStatusManager]: updateGameState mOSyncFeatureSwitch: false mIsGamePolicy: false
07-08 23:21:14.213  3425  3654 D VRR [OPlusGameStatusManager]: updateGameAccelerationStatus pkgName: org.telegram.messenger mOSyncFeatureSwitch: false mIsGamePolicy: false mHeartStop: false mHasFlickerRisk: false mForceAcceleration: false mToastReady: false enable: false
07-08 23:21:14.263  3425  3654 D VRR [OPlusSAManager]: updateAutoMinfps for 4630946450791512195 with nits: 817.38, mHistOK true, mAmbientOK true, mCctOK true, mIrOK true, mBrightnessOK true, isPkgOK true, SA min fps: 119
07-08 23:21:14.445  3425  3652 D OplusBrightnessPhoneStateManager: LuxEvent{event:MAIN_LUX lux:9.408698} -> LuxEvent{event:MAIN_LUX lux:9.408698}
07-08 23:21:14.645  3425  3652 D OplusBrightnessPhoneStateManager: LuxEvent{event:MAIN_LUX lux:9.408698} -> LuxEvent{event:MAIN_LUX lux:9.408698}
07-08 23:21:14.765  3425  3654 D VRR [OPlusSAManager]: updateAutoMinfps for 4630946450791512195 with nits: 817.38, mHistOK true, mAmbientOK true, mCctOK true, mIrOK true, mBrightnessOK true, isPkgOK true, SA min fps: 119
07-08 23:21:14.845  3425  3652 D OplusBrightnessPhoneStateManager: LuxEvent{event:MAIN_LUX lux:9.408698} -> LuxEvent{event:MAIN_LUX lux:9.408698}
07-08 23:21:15.027  3425  7756 E TaskPersister: File error accessing recents directory (directory doesn't exist?).
07-08 23:21:15.045  3425  3652 D OplusBrightnessPhoneStateManager: LuxEvent{event:MAIN_LUX lux:9.408698} -> LuxEvent{event:MAIN_LUX lux:9.408698}
07-08 23:21:15.247  3425  3652 D OplusBrightnessPhoneStateManager: LuxEvent{event:MAIN_LUX lux:9.408698} -> LuxEvent{event:MAIN_LUX lux:9.408698}
07-08 23:21:15.446  3425  3652 D OplusBrightnessPhoneStateManager: LuxEvent{event:MAIN_LUX lux:9.019117} -> LuxEvent{event:MAIN_LUX lux:9.019117}
07-08 23:21:15.645  3425  3652 D OplusBrightnessPhoneStateManager: LuxEvent{event:MAIN_LUX lux:9.019117} -> LuxEvent{event:MAIN_LUX lux:9.019117}
07-08 23:21:17.059 22524 22524 W ContextImpl: Calling a method in the system process without a qualified user: android.app.ContextImpl.startService:2032 android.content.ContextWrapper.startService:865 com.heytap.mcs.biz.statistics.StaticProcessTrackStatusManager.exitCurrentProcess:11 com.heytap.mcs.biz.statistics.StaticProcessTrackStatusManager$1.handleMessage:3 android.os.Handler.dispatchMessage:112 
07-08 23:21:17.092  3425  4234 I ActivityManager: Death received, pid = 22524, processName = com.heytap.mcs.statistics for thread android.os.BinderProxy@d1cde34
07-08 23:21:17.093  3425  4930 I ActivityManager: Process com.heytap.mcs.statistics (pid 22524) has died: vis IMPF
07-08 23:21:17.096  3425  4234 I OplusOsPackageManager: filterBlackList, skip for intent package=com.android.vending
07-08 23:21:17.098  4795  4795 I ActivityThread: Removing dead content provider:android.content.ContentProviderProxy@e4e6b07
07-08 23:21:17.107  3425  4234 I OplusOsPackageManager: filterBlackList, skip for intent package=com.oneplus.gallery
07-08 23:21:17.111  3425  4234 D ShortcutService: Getting shortcuts for launcher= com.teslacoilsw.launcheruserId=0 pkg=null
07-08 23:21:17.168  3425  6070 E BatteryStatsService: Invalid uid for waking network packet: -1
07-08 23:21:17.198  3425  6070 D ShortcutService: Getting shortcuts for launcher= com.teslacoilsw.launcheruserId=0 pkg=null
07-08 23:21:20.518  3425  3578 D FlexibleTaskController: isFullToFlexibleAnimating: false
07-08 23:21:20.519  3425  3578 D WindowManager: rotation(ROTATION_0) no changed  displayId = 0, lastOrientation = -1
07-08 23:21:21.184  3425  3637 D osense.compress: com.shopee.th do shrink, target ratio = 45, final ratio = 90, cur ratio = 0
07-08 23:21:21.192  3425  6199 D PowerManagerService: userActivityNoUpdateLocked: groupId=0, eventTime=9118632, event=touch, flags=0x0, uid=1000
07-08 23:21:21.196  3425  6199 D PowerManagerService: userActivityNoUpdateLocked: groupId=0, eventTime=9118632, event=touch, flags=0x0, uid=1000
07-08 23:21:21.200  3425  4950 W OplusJoystickManager: Neither joystick feature is supported
07-08 23:21:21.200  3425  4950 D OplusCustomizeRestrictionManagerService: isLongPressVolumeUpDisabled start
07-08 23:21:21.200  3425  4950 E OplusCustomizeRestrictionManagerService: isTaskButtonDisabled start
07-08 23:21:21.200  3425  4950 D STKeyLog_StrategyBlackscreenshot: notifyKeyBeforeQueueing, downTime9118652, action=0, interactive=true
07-08 23:21:21.200  3425  4950 I VibratorManagerServiceExtImpl: vibrate is uid=1000, pid=3425, opPkg=android, effect=Mono{mEffect=Composed{segments=[OplusVibrationEffectSegment{mEffectId=368, mEffectStrength=-1, mRingtonePath=''}], repeat=-1}}, attributes=VibrationAttributes{mUsage=TOUCH, mAudioUsage= USAGE_UNKNOWN, mFlags=0}, reason=performHapticFeedback(constant=1): Virtual Key - Press, token=113975793
07-08 23:21:21.202  3425  4423 D KEYLOG_PhoneWindowManager: handleKeyGestureEvent:gestureType=4 deviceId=-1 keyguardOn=false displayId=0 complete=false canLaunchApp=true mPowerKeyHandledfalse
07-08 23:21:21.206  3425  4366 W VibrationScaler: Got unexpected vibration intensity: 2400
07-08 23:21:21.206  3425 25549 D PowerManagerService: userActivityNoUpdateLocked: groupId=0, eventTime=9118652, event=button, flags=0x0, uid=1000
07-08 23:21:21.207  3425 25549 D PowerManagerService: userActivityNoUpdateLocked: groupId=0, eventTime=9118652, event=button, flags=0x0, uid=1000
07-08 23:21:21.209  3425  4366 D VibrationThread: Perform OplusPrebakedSegment{mEffectId=368, mWaveformId=310, mDuration=80, mEffectStrength=2400, mDefaultUsage=TOUCH} on vibrator 0
07-08 23:21:21.220  3425  3580 I DisplayDeviceRepository: Display device changed render timings: "Built-in Screen", renderFrameRate=120.00001, presentationDeadlineNanos=11333333, appVsyncOffsetNanos=1000000, frameRateOverrides=[]
07-08 23:21:21.222  3425  3652 D OplusFeatureDMR[display=0]: onConfigChanged threadId=67 threadName=OplusDisplayWorkHandler physicalDisplayId=4630946450791512195 modeId=2  
07-08 23:21:21.223  3425  3580 D DisplayManagerService: Delivering display event: displayId=0, event=EVENT_DISPLAY_REFRESH_RATE_CHANGED
07-08 23:21:21.224  3425  3578 D WindowManager: DeferredDisplayUpdater: partially applying DisplayInfo(1440 x 3168) immediately
07-08 23:21:21.225  3425  3578 D OplusVFXScreenEffectFeature: notifySFCompatWindowStateChange entered false
07-08 23:21:21.225  3425  3578 D FSS_FoldScreenBlackCoverController: displayChangeToOn, dc:Display{#0 state=ON size=1440x3168 ROTATION_0}
07-08 23:21:21.245  3425  4950 W OplusJoystickManager: Neither joystick feature is supported
07-08 23:21:21.245  3425  4950 D OplusCustomizeRestrictionManagerService: isLongPressVolumeUpDisabled start
07-08 23:21:21.245  3425  4950 D STKeyLog_StrategyBlackscreenshot: notifyKeyBeforeQueueing, downTime9118652, action=1, interactive=true
07-08 23:21:21.247  3425  3582 D FlexibleTaskController:  onRecentClicked to mini.
07-08 23:21:21.271  3425  3654 D VRR [OPlusRefreshRateService]: handleConfigIdChange physicalDisplayId: 4630946450791512195 configId: 2 renderPeriod: 8333333
07-08 23:21:21.271  3425  3654 D VRR [OPlusGameStatusManager]: updateGameState mOSyncFeatureSwitch: false mIsGamePolicy: false
07-08 23:21:21.272  3425  3654 D VRR [OPlusGameStatusManager]: updateGameAccelerationStatus pkgName: org.telegram.messenger mOSyncFeatureSwitch: false mIsGamePolicy: false mHeartStop: false mHasFlickerRisk: false mForceAcceleration: false mToastReady: false enable: false
07-08 23:21:21.305  3425  4950 D WindowManager: NFW_setClientVisible:ActivityRecord{39634289 u0 com.android.launcher/com.android.quickstep.RecentsActivity clientVisible:true
07-08 23:21:21.305  3425  4950 D ActivityTaskManager: The isLandscapeFullscreenEnabled is: com.android.launcher/com.android.quickstep.RecentsActivity
07-08 23:21:21.305  3425  4950 D ActivityTaskManager: The isLandscapeFullscreenEnabled is: com.android.launcher/com.android.quickstep.RecentsActivity
07-08 23:21:21.306  3425  4950 D ActivityTaskManager: The isLandscapeFullscreenEnabled is: com.android.launcher/com.android.quickstep.RecentsActivity
07-08 23:21:21.306  3425  4950 D ActivityTaskManager: The isLandscapeFullscreenEnabled is: com.android.launcher/com.android.quickstep.RecentsActivity
07-08 23:21:21.306  3425  4950 D ActivityTaskManager: The isLandscapeFullscreenEnabled is: com.android.launcher/com.android.quickstep.RecentsActivity
07-08 23:21:21.306  3425  4950 D ActivityTaskManager: The isLandscapeFullscreenEnabled is: com.android.launcher/com.android.quickstep.RecentsActivity
07-08 23:21:21.306  3425  4950 D ActivityTaskManager: The isLandscapeFullscreenEnabled is: com.android.launcher/com.android.quickstep.RecentsActivity
07-08 23:21:21.306  3425  4950 D ActivityTaskManager: The isLandscapeFullscreenEnabled is: com.android.launcher/com.android.quickstep.RecentsActivity
07-08 23:21:21.306  3425  4950 D ActivityTaskManager: The isLandscapeFullscreenEnabled is: com.android.launcher/com.android.quickstep.RecentsActivity
07-08 23:21:21.306  3425  4950 D ActivityTaskManager: The isLandscapeFullscreenEnabled is: com.android.launcher/com.android.quickstep.RecentsActivity
07-08 23:21:21.306  3425  4950 D FlexibleTaskController: isSupportFlexibleWindow target = com.android.launcher/com.android.quickstep.RecentsActivity callPkg = FlexibleTaskController support = false ,caller = 3425
07-08 23:21:21.306  3425  4950 I AppSnapshotController: init, sysSupport = true, mActivitySupport = false, activityRecord = ActivityRecord{39634289 u0 com.android.launcher/com.android.quickstep.RecentsActivity t-1}
07-08 23:21:21.307  3425  4950 D FlexibleWindowManagerService: isIgnoreAppearedAcrossTask:false
07-08 23:21:21.308  3425  4950 D ActivityStarterExtImpl: setForceUpdateWindow, targetTask = Task{b3d4bfa #1704 type=recents I=com.android.launcher/com.android.quickstep.RecentsActivity} r = ActivityRecord{39634289 u0 com.android.launcher/com.android.quickstep.RecentsActivity t-1} notFinish =true
07-08 23:21:21.308  3425  4950 D FlexibleWindowManagerService: isIgnoreAppearedAcrossTask:false
07-08 23:21:21.308  3425  4950 D FlexibleTaskController: adjustOptionsForFlexibleTask skip adjust options reason:1
07-08 23:21:21.308  3425  4950 I TaskFragmentExtImpl: reset pause in recents anim for mTaskFragment: Task{b3d4bfa #1704 type=recents I=com.android.launcher/com.android.quickstep.RecentsActivity}
07-08 23:21:21.308  3425  4950 D FlexibleTaskController: isSupportFlexibleWindow target = com.android.launcher/com.android.quickstep.RecentsActivity callPkg = FlexibleTaskController support = false ,caller = 3425
07-08 23:21:21.308  3425  4950 D FlexibleTaskController: shouldKeepFlexibleTask flexibleTask not active.
07-08 23:21:21.309  3425  4950 D ActivityStarterExtImpl: isLaunchingRootActivity = true
07-08 23:21:21.309  3425  3597 W QosScheduler: executeSceneQosStrategy failed! qos feature no enable
07-08 23:21:21.309  3425  4950 D ActivityStarterExtImpl: Don't move task Task{b3d4bfa #1704 type=recents I=com.android.launcher/com.android.quickstep.RecentsActivity} , because launching activity to the same display 0
07-08 23:21:21.311  3425  3597 W QosScheduler: executeSceneQosStrategy failed! qos feature no enable
07-08 23:21:21.311  3425  4950 D OplusStartingWindowManager: we don't revise window flags for system activity :ActivityRecord{220835727 u0 com.android.launcher/com.android.quickstep.RecentsActivity t1704}
07-08 23:21:21.311  3425  4950 D ActivityTaskManager: validateStartingWindowTheme:  Pkg=com.android.launcher, Translucent=false, Floating=false, ShowWallpaper=true, Disable=false, LaunchSource=4, Prev=null, LaunchedFromPackage=com.android.launcher
07-08 23:21:21.311  3425  4950 D ActivityTaskManager: addStartingWindow for ActivityRecord{220835727 u0 com.android.launcher/com.android.quickstep.RecentsActivity t1704}, mainWin=Window{b2f5e3f u0 com.android.launcher/com.android.quickstep.RecentsActivity}, mVisible=false, mVisibleRequested=false, drawn=false, mDestroying=false, state=STOPPED, isKeyguardLocked=false, isKeyguardGoingAway=false
07-08 23:21:21.311  3425  4950 D ActivityTaskManager: getStartingWindowType: , newTask=false, taskSwitch=true, processRunning=true, allowTaskSnapshot=false, activityCreated=true, activityAllDrawn=false, snapshot exist: false
07-08 23:21:21.311  3425  4950 D ActivityRecordExtImpl: handleStartingWindowForCompactWindow origin type:2, adjustType : 2
07-08 23:21:21.313  4972  5034 D PhoneStartingWindowTypeAlgorithm: preferredStartingWindowType newTask=false, taskSwitch=true, processRunning=true, allowTaskSnapshot=false, activityCreated=true, isSolidColorSplashScreen=true, legacySplashScreen=false, activityDrawn=false, windowless=false, topIsHome=false
07-08 23:21:21.314  4972  5034 D OplusShellStartingWindowManager: getReviseStartingWindowType not support, windowInfo is null
07-08 23:21:21.316  3425  4950 D TaskFragmentExtImpl: shouldSetReadyFalse and resumedActivity: ActivityRecord{220835727 u0 com.android.launcher/com.android.quickstep.RecentsActivity t1704} prev: ActivityRecord{181363532 u0 org.telegram.messenger/.DefaultIcon t1727} prev.isVisible(): true resumedLaunchFromLauncher: false prevLaunchFromApp: false transitionType: 1
07-08 23:21:21.317  4972  5022 V WindowManagerShell: Transition requested (#269): android.os.BinderProxy@dc5ed7 TransitionRequestInfo { type = OPEN, triggerTask = TaskInfo{userId=0 taskId=1704 effectiveUid=10198 displayId=0 isRunning=true baseIntent=Intent { act=android.intent.action.MAIN cat=[android.intent.category.DEFAULT] flg=0x10800000 pkg=com.android.launcher cmp=com.android.launcher/com.android.quickstep.RecentsActivity mCallingUid=1000 mRealCallingUid=1000 mRealCallingPid=3425 } baseActivity=ComponentInfo{com.android.launcher/com.android.quickstep.RecentsActivity} topActivity=ComponentInfo{com.android.launcher/com.android.quickstep.RecentsActivity} origActivity=null realActivity=ComponentInfo{com.android.launcher/com.android.quickstep.RecentsActivity}
