07-08 23:27:45.711  1779 11814 E         : DNS_CACHE: hanle request << lookupdns: hostname:test-gateway.instagram.com, servername:443, ai_flags:1024, ai_family:0, ai_socktype:2, ai_protocol:0, netid:0, uid:10526
07-08 23:27:45.711 18678 18903 D DNS_CACHE: oplus_oplus_getaddrinfo_proxy lookup from netd: hostname:test-gateway.instagram.com, servname:443 uid: 10526, result_code:408, res = 0x0, found = 0
07-08 23:27:45.711  5767  9796 I AEC.a   : getSelectedTuningDevice(0) return: default_speaker_landscape_music_vol2└Ç└Ç└Ç└Ç└Ç└Ç└Ç└Ç└Ç└Ç└Ç└Ç└Ç└Ç└Ç└Ç└Ç└Ç└Ç└Ç└Ç└Ç└Ç└Ç└Ç└Ç└Ç└Ç└Ç└Ç└Ç└Ç└Ç└Ç└Ç└Ç└Ç└Ç└Ç└Ç└Ç└Ç└Ç└Ç└Ç└Ç└Ç└Ç└Ç└Ç└Ç└Ç└Ç└Ç└Ç└Ç└Ç└Ç└Ç└Ç└Ç└Ç└Ç└Ç└Ç└Ç└Ç└Ç└Ç└Ç└Ç└Ç└Ç└Ç└Ç└Ç└Ç└Ç└Ç└Ç└Ç└Ç└Ç└Ç└Ç└Ç└Ç└Ç└Ç└Ç└Ç└Ç└Ç└Ç└Ç└Ç└Ç└Ç└Ç└Ç└Ç└Ç└Ç└Ç└Ç└Ç└Ç└Ç└Ç└Ç└Ç└Ç└Ç└Ç└Ç└Ç└Ç└Ç└Ç└Ç└Ç└Ç└Ç└Ç└Ç└Ç└Ç└Ç└Ç└Ç└Ç└Ç└Ç└Ç└Ç└Ç└Ç└Ç└Ç└Ç└Ç└Ç└Ç└Ç└Ç└Ç└Ç└Ç└Ç└Ç└Ç└Ç└Ç└Ç└Ç└Ç└Ç└Ç└Ç└Ç└Ç└Ç└Ç└Ç└Ç└Ç└Ç└Ç└Ç└Ç└Ç└Ç└Ç└Ç└Ç└Ç└Ç└Ç└Ç└Ç└Ç└Ç└Ç└Ç└Ç└Ç└Ç└Ç└Ç└Ç└Ç└Ç└Ç└Ç└Ç└Ç└Ç└Ç└Ç└Ç└Ç└Ç└Ç└Ç└Ç└Ç└Ç└Ç└Ç└Ç└Ç└Ç└Ç└Ç└Ç└Ç└Ç└Ç└Ç└Ç└Ç└Ç└Ç└Ç└Ç└Ç└Ç└Ç└Ç└Ç└Ç└Ç└Ç└Ç└Ç└Ç└Ç└Ç└Ç└Ç└Ç└Ç└Ç└Ç└Ç└Ç└Ç└Ç└Ç└Ç└Ç└Ç└Ç└Ç└Ç└Ç└Ç└Ç└Ç└Ç└Ç└Ç└Ç└Ç└Ç└Ç└Ç└Ç└Ç└Ç└Ç└Ç└Ç└Ç└Ç└Ç└Ç└Ç└Ç└Ç└Ç└Ç└Ç└Ç└Ç└Ç└Ç└Ç└Ç└Ç└Ç└Ç└Ç└Ç└Ç└Ç└Ç└Ç└Ç└Ç└Ç└Ç└Ç└Ç└Ç└Ç└Ç└Ç└Ç└Ç└Ç└Ç└Ç└Ç└Ç└Ç└Ç└Ç└Ç└Ç└Ç└Ç└Ç└Ç└Ç└Ç└Ç└Ç└Ç└Ç└Ç└Ç└Ç└Ç└Ç└Ç└Ç└Ç└Ç└Ç└Ç└Ç└Ç└Ç└Ç└Ç└Ç└Ç└Ç└Ç└Ç└Ç└Ç└Ç└Ç└Ç└Ç└Ç└Ç└Ç└Ç└Ç└Ç└Ç└Ç└Ç└Ç└Ç└Ç└Ç└Ç└Ç└Ç└Ç└Ç└Ç└Ç└Ç└Ç└Ç└Ç└Ç└Ç└Ç└Ç└Ç└Ç└Ç└Ç└Ç└Ç└Ç└Ç└Ç└Ç└Ç└Ç└Ç└Ç└Ç└Ç└Ç└Ç└Ç└Ç└Ç└Ç└Ç└Ç└Ç└Ç└Ç└Ç└Ç└Ç└Ç└Ç└Ç└Ç└Ç└Ç└Ç└Ç└Ç└Ç└Ç└Ç└Ç└Ç└Ç└Ç└Ç└Ç└Ç└Ç└Ç└Ç└Ç└Ç└Ç└Ç└Ç└Ç└Ç└Ç└Ç└Ç└Ç└Ç└Ç└Ç└Ç└Ç└Ç└Ç└Ç└Ç└Ç└Ç└Ç└Ç└Ç└Ç└Ç└Ç└Ç└Ç└Ç└Ç└Ç└Ç└Ç└Ç└Ç└Ç└Ç└Ç└Ç└Ç└Ç└Ç└Ç└Ç└Ç└Ç└Ç└Ç└Ç└Ç└Ç└Ç└Ç└Ç└Ç└Ç└Ç└Ç└Ç└Ç└Ç└Ç└Ç└Ç└Ç└Ç└Ç└Ç└Ç└Ç└Ç└Ç└Ç└Ç└Ç└Ç└Ç└Ç└Ç└Ç└Ç└Ç└Ç└Ç└Ç└Ç└Ç└Ç└Ç└Ç└Ç└Ç└Ç└Ç└Ç└Ç└Ç└Ç└Ç└Ç└Ç└Ç└Ç└Ç└Ç└Ç└Ç└Ç└Ç└Ç└Ç└Ç└Ç└Ç└Ç└Ç└Ç└Ç└Ç└Ç└Ç└Ç└Ç└Ç└Ç└Ç└Ç└Ç└Ç└Ç└Ç└Ç└Ç└Ç└Ç└Ç└Ç└Ç└Ç└Ç└Ç└Ç└Ç└Ç└Ç└Ç└Ç└Ç└Ç└Ç└Ç└Ç└Ç└Ç└Ç└Ç└Ç└Ç└Ç└Ç└Ç└Ç└Ç└Ç└Ç└Ç└Ç└Ç└Ç└Ç└Ç└Ç└Ç└Ç└Ç└Ç└Ç└Ç└Ç└Ç└Ç└Ç└Ç└Ç└Ç└Ç└Ç└Ç└Ç└Ç└Ç└Ç└Ç└Ç└Ç└Ç└Ç└Ç└Ç└Ç└Ç└Ç└Ç└Ç└Ç└Ç└Ç└Ç└Ç└Ç└Ç└Ç└Ç└Ç└Ç└Ç└Ç└Ç└Ç└Ç└Ç└Ç└Ç└Ç└Ç└Ç└Ç└Ç└Ç└Ç└Ç└Ç└Ç└Ç└Ç└Ç└Ç└Ç└Ç└Ç└Ç└Ç└Ç└Ç└Ç└Ç└Ç└Ç└Ç└Ç└Ç└Ç└Ç└Ç└Ç└Ç└Ç└Ç└Ç└Ç└Ç└Ç└Ç└Ç└Ç└Ç└Ç└Ç└Ç└Ç└Ç└Ç└Ç
07-08 23:27:45.711  5767  9796 I AEC.a   : setSelectedTuningDevice(0, default_speaker_landscape_music_vol2)
07-08 23:27:45.711  5767  9796 I AudioEffect: setParameter(): 0xb4000073d2025200, param: 4, param2: -1
07-08 23:27:45.711  2212  4507 D EffectHalHidl: audioSchedBoost, set audiohal task boost, pid=2212, tid=4507, ret=0
07-08 23:27:45.711  2212  4507 D EffectHalHidl: audioSchedBoost, set audiohal task boost, pid=2212, tid=4507, ret=0
07-08 23:27:45.711  2029  2110 V DolbyManagerService: doOnDapParamUpdate() entry
07-08 23:27:45.712  2029  2110 V DolbyManagerService: doOnDapParamUpdate() exit
07-08 23:27:45.712  4972  5076 I SystemUi--Media: OplusMediaDataManagerSt-->AOD_MEDIA_PANEL-->createActionsFromState: curState = 2
07-08 23:27:45.712  5767  9796 I AEC.h   : restoreValue mBackupProfile: 0
07-08 23:27:45.712  5767  9796 E AEC.h   : setSpatProfileParam(): new value: 0; old value:-1
07-08 23:27:45.712  3425  4940 I AS.SpatializerHelper: isEnabled false
07-08 23:27:45.713  5767  9796 E AEC.h   : setParameter failed because spatializer is not available! 
07-08 23:27:45.713  5767  9796 I AEC.DolbyService: setEffectEnable enable: false
07-08 23:27:45.713  5767  9796 I AEC.a   : setDsOn(false)
07-08 23:27:45.713  5767  9796 I AudioEffect: setParameter(): 0xb4000073d2025200, param: 5, param2: -1
07-08 23:27:45.713  2212  4507 D EffectHalHidl: audioSchedBoost, set audiohal task boost, pid=2212, tid=4507, ret=0
07-08 23:27:45.713  2212  4507 D EffectHalHidl: audioSchedBoost, set audiohal task boost, pid=2212, tid=4507, ret=0
07-08 23:27:45.713  5767  9796 I AudioEffect: disable 0xb4000073d2025200
07-08 23:27:45.714  3425  6070 V AudioServiceExtImpl: oplusGetParameters() keyValuePairs:OPLUS_AUDIO_GET_DEVICE_VOLUME_INDEX_FORMUSIC:2, uid: 1000
07-08 23:27:45.714  3425  6070 D AudioServiceExtImpl: KEYS_GET_DEVICE_VOLUME_INDEX vol:72 device2
07-08 23:27:45.714  2029  2110 V DolbyManagerService: doOnDapParamUpdate() entry
07-08 23:27:45.714  2029  2110 V DolbyManagerService: doOnDapParamUpdate() exit
07-08 23:27:45.715  3425  4940 V AudioServiceExtImpl: oplusGetParameters() keyValuePairs:OPLUS_AUDIO_GET_DEVICE_FORSTREAM:3, uid: 1000
07-08 23:27:45.715  5767  9796 E AEC.h   : setSpkVolParam(): new value: 7; old value: -1
07-08 23:27:45.715  3425  6070 I AS.SpatializerHelper: isEnabled false
07-08 23:27:45.715  5767  9796 E AEC.h   : setParameter failed because spatializer is not available! 
07-08 23:27:45.715  5767  9796 E AEC.h   : setFlodingModeParam param is the same
07-08 23:27:45.715  5669 10331 D CommonApp-100-10162: transport layer data is invalid
07-08 23:27:45.715  3425  4950 V AudioServiceExtImpl: oplusGetParameters() keyValuePairs:OPLUS_AUDIO_GET_DEVICE_FORSTREAM:3, uid: 1000
07-08 23:27:45.716  5767  9796 E AEC.h   : setRevChnParam param is the same
07-08 23:27:45.716  5669 10331 D CommonApp-100-10447: commonScoreStrategy scenarios 1
07-08 23:27:45.716  5767  9796 E AEC.h   : setRotationParam(): new value: 0; old value: -1
07-08 23:27:45.716  5669 10331 D CommonApp-100-10447: notifyScoreChange appScene COMMON score 100
07-08 23:27:45.716  4972  4972 I SystemUi--Media: MediaDataFlowLimiter-->MEDIA_PANEL-->onMediaDataLoaded: Sandbox Music(isPlaying:false) within debounce period, ignore
07-08 23:27:45.716  3425  4940 I AS.SpatializerHelper: isEnabled false
07-08 23:27:45.716  5767  9796 E AEC.h   : setParameter failed because spatializer is not available! 
07-08 23:27:45.716  5767  9796 E AEC.h   : setSpatBtTypeParam Bluetooth is not connected! 
07-08 23:27:45.716  3425  4950 I MediaFocusControl: abandonAudioFocus() from uid/pid 10447/24668 clientId=android.media.AudioManager@f9655bbrd.sheepskin.sandboxmusic.MediaPlaybackForegroundService@e90bbec callingPack=rd.sheepskin.sandboxmusic
07-08 23:27:45.716 18678 18901 E msys    : E[N mns:DGWClient]_LogError(328)=>Failed to resolve using system DNS resolver, getaddrinfo(): No address associated with hostname
07-08 23:27:45.716  3425  6070 D MediaSessionService: onSessionActiveStateChanged: record=rd.sheepskin.sandboxmusic/SovereignMusicConsole/190 (userId=0) playbackState=PlaybackState {state=PAUSED(2), position=902813, buffered position=0, speed=1.0, updated=1783549665665, actions=894, custom actions=[], active item id=-1, error=null}
07-08 23:27:45.717  4972  5076 I SystemUi--Media: OplusMediaDataManagerSt-->AOD_MEDIA_PANEL-->createActionsFromState: curState = 2
07-08 23:27:45.717  3425  6070 W ForegroundServiceTypeLoggerModule: Logger should be tracking FGS types correctly for UID 10447 in package rd.sheepskin.sandboxmusic
07-08 23:27:45.717  3425  3425 I OplusMediaControlService: onActiveSessionsChanged begin
07-08 23:27:45.717  3425  3425 I OplusMediaControlService: onEventFromMediaControllerList controller size = 0
07-08 23:27:45.717  3425  3425 I MediaControlUtils: removePlayers | players: [146960857 | rd.sheepskin.sandboxmusic]
07-08 23:27:45.717  3425  3425 I OplusMediaControlService: updateControllerMap begin
07-08 23:27:45.717  3425  3425 I OplusMediaControlService: updataPlayStateMap begin
07-08 23:27:45.717  3425  3425 I OplusMediaControlService: updateMetadataMap begin
07-08 23:27:45.717  3425  3425 I OplusMediaControlService: updatePlayerInfoList event = com.oplus.media.OplusMediaEvent@785fb9c
07-08 23:27:45.717  3425  3425 I OplusMediaControlService: sendOnEventMessage begin, eventType: 6, observer: android.os.BinderProxy@586b7a5
07-08 23:27:45.717  1888  1922 D DlbEffectContext: EffectContext[0xb4000072546223d8]: getStoredParams() outToken size = 1, out_paramStore size = 7
07-08 23:27:45.717  3425  3425 I OplusMediaControlService: on event EventType: 6
07-08 23:27:45.718  4972  5102 I SystemUi--QuickSettings: OplusFgsManagerController-->onForegroundStateChanged: rd.sheepskin.sandboxmusic 0 false 4
07-08 23:27:45.718  4972  5102 I SystemUi--QuickSettings: OplusFgsManagerController-->onForegroundStateChanged numPackagesAfter: 3
07-08 23:27:45.718  4972  5038 I SystemUi--QuickSettings: OplusSeparateQSPrivacyManager-->onNumberOfPackagesChanged numPackages 3
07-08 23:27:45.719  3425  6070 I OplusMediaControlService: unregisterEventObserver start, observer: android.os.BinderProxy@586b7a5, callerUid: 10208
07-08 23:27:45.719  3425  6070 I OplusMediaControlService: unregisterEventObserver successfully.
07-08 23:27:45.719  5669 10528 I ConferenceScene: onForegroundServiceStateChanged 24668 10447 0 fg_stateMachinesuid is null
07-08 23:27:45.719  3425  4940 I MediaSessionStack: removeSession | record: rd.sheepskin.sandboxmusic/SovereignMusicConsole/190 (userId=0)
07-08 23:27:45.719  3425  4940 D MediaSessionService: Media button session is changed to null
07-08 23:27:45.719  3425  4940 D MediaSessionService: destroySessionLocked: record=rd.sheepskin.sandboxmusic/SovereignMusicConsole/190 (userId=0)
07-08 23:27:45.720  3425  3425 D NotificationService--OplusBreathLights:  updateLightsStateLocked 
07-08 23:27:45.720 24668 25125 V Capacitor/Plugin: To native (Capacitor plugin): callbackId: 1553042, pluginId: NativeExoPlayback, methodName: setGaplessEnabled
07-08 23:27:45.720  3425  3425 D NotificationService--OplusBreathLights:  scheduleLightsOffTimeoutLocked 
07-08 23:27:45.720 24668 24668 I Capacitor/Console: File:  - Line 333 - Msg: undefined
07-08 23:27:45.720 24668 25125 V Capacitor: callback: 1553042, pluginId: NativeExoPlayback, methodName: setGaplessEnabled, methodData: {"enabled":false}
07-08 23:27:45.720 24668 24668 I Capacitor/Console: File:  - Line 333 - Msg: {"ok":true,"wiredDacStabilityEnabled":true}
07-08 23:27:45.720 24668 24668 I Capacitor/Console: File:  - Line 349 - Msg: [object Object]
07-08 23:27:45.719  3425  6070 I OplusMediaControlService: registerEventObserver start, observer: android.os.BinderProxy@586b7a5, callerUid: 10208
07-08 23:27:45.721 24668 24668 I Capacitor/Console: File:  - Line 333 - Msg: {"available":true,"wired":true,"message":"ExoPlayer decode active ÔÇö content:// locker bridge + HTTP streams.","state":"paused","positionSecs":902.817,"durationSecs":7506.651,"queueIndex":0,"queueLength":1,"gaplessEnabled":false,"crossfadeEnabled":false,"bitPerfectActive":false,"currentUrl":"https://traffic.megaphone.fm/GLT2768068918.mp3","envelopeId":"podcast:feed-tgquzh:feed-tgquzh:ep-cfntkq","title":"#2524 - Rupert Lowe","artist":"The Joe Rogan Experience","album":"The Joe Rogan Experience","artworkUrl":"https://megaphone.imgix.net/podcasts/8e5bcebc-ca16-11ee-89f0-0fa0b9bdfc7c/image/7190613c58bad86913afb6991d842e2f.jpg?ixlib=rails-4.3.1&max-w=3000&max-h=3000&fit=crop&auto=format,compress"}
07-08 23:27:45.721 24668 24668 I Capacitor/Console: File:  - Line 349 - Msg: [object Object]
07-08 23:27:45.721 24668 25125 V Capacitor/Plugin: To native (Capacitor plugin): callbackId: 1553043, pluginId: NativeExoPlayback, methodName: seek
07-08 23:27:45.721 24668 25125 V Capacitor: callback: 1553043, pluginId: NativeExoPlayback, methodName: seek, methodData: {"seconds":902.817}
07-08 23:27:45.721 24668 24668 I Capacitor/Console: File:  - Line 333 - Msg: {"ok":true,"gaplessEnabled":false}
07-08 23:27:45.722  3425  3425 D NotificationGroupType: maybeUngroupOplus:after all cleared
07-08 23:27:45.722  3425  3425 I OplusMediaControlService: onActiveSessionsChanged begin
07-08 23:27:45.722  3425  3425 I OplusMediaControlService: onEventFromMediaControllerList controller size = 0
07-08 23:27:45.722  3425  3425 I OplusMediaControlService: updateControllerMap begin
07-08 23:27:45.722  3425  3425 I OplusMediaControlService: updataPlayStateMap begin
07-08 23:27:45.722  3425  3425 I OplusMediaControlService: updateMetadataMap begin
07-08 23:27:45.722  3425  3425 I OplusMediaControlService: updatePlayerInfoList event = com.oplus.media.OplusMediaEvent@d5dd9a5
07-08 23:27:45.722  3425  3425 I OplusMediaControlService: sendOnEventMessage begin, eventType: 6, observer: android.os.BinderProxy@586b7a5
07-08 23:27:45.722  3425  3425 I OplusMediaControlService: on event EventType: 6
07-08 23:27:45.722 24668 24668 I Capacitor/Console: File:  - Line 349 - Msg: [object Object]
07-08 23:27:45.722 24668 25125 V Capacitor/Plugin: To native (Capacitor plugin): callbackId: 1553044, pluginId: NativeExoPlayback, methodName: setCrossfadeEnabled
07-08 23:27:45.722 24668 25125 V Capacitor: callback: 1553044, pluginId: NativeExoPlayback, methodName: setCrossfadeEnabled, methodData: {"enabled":false,"durationMs":2500,"gaplessDurationMs":600}
07-08 23:27:45.722  4972  4972 I SystemUi--Media: MediaDataFlowLimiter-->MEDIA_PANEL-->onMediaDataLoaded: Sandbox Music(isPlaying:null) within debounce period, ignore
07-08 23:27:45.723  4972  4972 I SystemUi--Notification: OplusLiveAlertNotificationsRepository-->removeLiveAlert: 0|rd.sheepskin.sandboxmusic|88001|null|10447
07-08 23:27:45.723  4972  4972 I PluginSeedling--Track: RequestHandler-->notificationRemoved 0|rd.sheepskin.sandboxmusic|88001|null|10447
07-08 23:27:45.724  1888  1922 I DlbDapEffectContext: updateEffectParams() store iea value for device(0x2)
07-08 23:27:45.724 24668 24668 I Capacitor/Console: File:  - Line 333 - Msg: undefined
07-08 23:27:45.724  3425  4940 I OplusMediaControlService: unregisterEventObserver start, observer: android.os.BinderProxy@586b7a5, callerUid: 10208
07-08 23:27:45.724  3425  4940 I OplusMediaControlService: unregisterEventObserver successfully.
07-08 23:27:45.724  1888  1922 D DlbDapEffectContext: DapEffectContext[0xb4000072546223d8] getDapParameter() outval size = 12, ret = 0
07-08 23:27:45.724 24668 24668 I Capacitor/Console: File:  - Line 333 - Msg: {"ok":true,"crossfadeEnabled":false,"durationMs":2500}
07-08 23:27:45.724 24668 24668 I Capacitor/Console: File:  - Line 349 - Msg: [object Object]
07-08 23:27:45.724  3425  6070 I OplusMediaControlService: registerEventObserver start, observer: android.os.BinderProxy@586b7a5, callerUid: 10208
07-08 23:27:45.724 24668 25125 V Capacitor/Plugin: To native (Capacitor plugin): callbackId: 1553045, pluginId: NativeExoPlayback, methodName: setBitPerfectEnabled
07-08 23:27:45.724 24668 25125 V Capacitor: callback: 1553045, pluginId: NativeExoPlayback, methodName: setBitPerfectEnabled, methodData: {"enabled":false}
07-08 23:27:45.724  1888  1922 D DlbDapEndpointParamCache: commit() Applying parameters for device 0x40000000
07-08 23:27:45.724  1888  1922 D DlbDapEndpointParamCache: doCommit() Committed 0 parameters out of 15.
07-08 23:27:45.724  1888  1922 D DlbDapEndpointParamCache: commit() Overriding parameters for current device 0x00000002
07-08 23:27:45.724  1888  1922 D DlbDapEndpointParamCache: doCommit() Committed 0 parameters out of 65.
07-08 23:27:45.724 24668 24668 I AudioEffect: setParameter(): 0xb4000070b04b5800, param: 0, param2: -1
07-08 23:27:45.725  2212  4507 D EffectHalHidl: audioSchedBoost, set audiohal task boost, pid=2212, tid=4507, ret=0
07-08 23:27:45.725  2212  4507 D EffectHalHidl: audioSchedBoost, set audiohal task boost, pid=2212, tid=4507, ret=0
07-08 23:27:45.725  4972  5038 D InfoMediaManager: getAvailableRoutes: selectedRoutes = [Ph***:2]
07-08 23:27:45.725  4972  5038 D InfoMediaManager: getAvailableRoutes: selectableRoutes = []
07-08 23:27:45.725  4972  5038 D InfoMediaManager: getAvailableRoutes: transferableRoute = []
07-08 23:27:45.725  4972  5038 D InfoMediaManager: buildAvailableRoutes() first selected device : 1
07-08 23:27:45.726  1888  1922 D DlbEffectContext: onDapParamUpdate() mEffectContext = 0xb4000072546223d8, back from updateEffectParams()
07-08 23:27:45.726  4972  5038 W BluetoothAdapterExtImpl: getA2dpSharing mOplusBluetooth null!
07-08 23:27:45.726  4972  4972 D MediaDataManager: session destroyed for 0|rd.sheepskin.sandboxmusic|88001|null|10447
07-08 23:27:45.726  1888  1922 D DmsHalA : DmsHalAidlCallBacks 0xb40000725462c900 onEvent() id = 43445544
07-08 23:27:45.726  1888  1922 D DlbEffectContext: onDapParamUpdate() mEffectContext = 0xb4000072546223d8, try to call its updateEffectParams()
07-08 23:27:45.726  1888  1922 D DlbDapEffectContext: DapEffectContext 0xb4000072546223d8 grab the lock and call updateDapParams()
07-08 23:27:45.726  4972  4972 I SystemUi--Media: OplusMediaDataFilterExImpl-->MEDIA_PANEL-->onMediaDataRemoved: 0|rd.sheepskin.sandboxmusic|88001|null|10447 listeners: [com.android.systemui.media.NotificationMediaManager$3@cbb9f8f, com.android.systemui.media.controls.ui.view.MediaHost$listener$1@32add00, com.oplus.systemui.qs.media.OplusQsMediaPanelViewController$mediaDataUpdateListener$1@9b00f6d, com.oplus.systemui.media.seedling.OplusMediaSeedlingController$mediaDataUpdateListener$1@1662cbb, com.oplusos.systemui.aod.mediapanel.AodMediaDataListener@67cf3cd, com.android.systemui.media.controls.ui.view.MediaHost$listener$1@59df248]
07-08 23:27:45.726  4972  4972 D NotificationMediaManager: Not dismissing 0|rd.sheepskin.sandboxmusic|88001|null|10447 because it was removed by the system
07-08 23:27:45.726  4972  4972 I SystemUi--Media: OplusQsMediaPanelViewController-->MEDIA_PANEL-->onMediaDataRemoved: 0|rd.sheepskin.sandboxmusic|88001|null|10447
07-08 23:27:45.726  4972  4972 I SystemUi--Media: OplusMediaSeedlingController-->MEDIA_SEEDLING-->onMediaDataRemoved: 0|rd.sheepskin.sandboxmusic|88001|null|10447
07-08 23:27:45.726  4972  4972 I SystemUi--Media: AbsMediaClient-->MEDIA_SEEDLING-->onDestroy
07-08 23:27:45.726  4972  4972 I SystemUi--Media: MediaActionBinder-->MEDIA_SEEDLING-->releaseCache: mediaSwitchActionCache=MediaAction(icon=android.graphics.drawable.VectorDrawable@a09efd9, action=com.oplus.systemui.media.controls.ui.MediaActionBinderKt$mediaSwitcherAction$targetAction$1@8256d9e, contentDescription=S***, background=null, rebindId=null, mediaActionEx=OplusMediaActionEx(enabled=true, icon=null, uri=null, isActivityAction=false, hasHeartFromRating=null, isStandardAction=false, intentUriKey=null))
07-08 23:27:45.726  4972  4972 I SystemUi--Media: AbsMediaClient-->MEDIA_SEEDLING-->onMediaDataRemoved: 0|rd.sheepskin.sandboxmusic|88001|null|10447
07-08 23:27:45.726  4972  4972 I SystemUi--Media: MediaSeedling-->MEDIA_SEEDLING-->postMediaDataUpdate needUpdate: 0 reason:onMediaDataRemoved
07-08 23:27:45.726  4972  4972 I SystemUi--Media: AodMediaDataListener-->AOD_MEDIA_PANEL-->AOD onMediaDataRemoved() called with: key = [0|rd.sheepskin.sandboxmusic|88001|null|10447]
07-08 23:27:45.726  4972  4972 I SystemUi--Media: MediaSeedling-->MEDIA_SEEDLING-->handleMediaDataUpdate allowCreateCard: false
07-08 23:27:45.726  4972  5075 I SystemUi--Media: MediaLiveAlertController-->MEDIA_SEEDLING-->sendDataToPlugin, method=cancelLiveAlert, notification.key=0|com.android.systemui|268452006|1783549664527|0
07-08 23:27:45.726  4972  5075 I PluginSeedling--Base: SeedlingCardServerProvider-->seedling provider called com.oplus.card.server.systemui.provider w/ cancelLiveAlert 10208 4972 0
07-08 23:27:45.727  4972  5075 I PluginSeedling--Base: DefaultLiveAlertProvider-->default provider remove: StatusBarNotification(pkg=com.android.systemui user=UserHandle{0} id=268452006 tag=1783549664527 key=0|com.android.systemui|268452006|1783549664527|0: Notification(channel=268452006 shortcut=null contentView=null vibrate=null sound=null defaults=0 flags=0 color=0x00000000 category=transport vis=PRIVATE))
07-08 23:27:45.727  4972  4972 I PluginSeedling--Template: TransitionViewWrapper-->destroy, currentPage:a7.r@831c658
07-08 23:27:45.728  1888  1922 D DlbEffectContext: EffectContext[0xb4000072546223d8]: getStoredParams() outToken size = 1, out_paramStore size = 7
07-08 23:27:45.729  1888  1922 I DlbDapEffectContext: updateEffectParams() store iea value for device(0x2)
07-08 23:27:45.729  1888  1922 D DlbDapEffectContext: DapEffectContext[0xb4000072546223d8] getDapParameter() outval size = 12, ret = 0
07-08 23:27:45.729  1888  1922 D DlbDapEndpointParamCache: commit() Applying parameters for device 0x40000000
07-08 23:27:45.729  1888  1922 D DlbDapEndpointParamCache: doCommit() Committed 0 parameters out of 15.
07-08 23:27:45.729  1888  1922 D DlbDapEndpointParamCache: commit() Overriding parameters for current device 0x00000002
07-08 23:27:45.729  1888  1922 D DlbDapEndpointParamCache: doCommit() Committed 0 parameters out of 65.
07-08 23:27:45.729  1888  1922 D DlbEffectContext: onDapParamUpdate() mEffectContext = 0xb4000072546223d8, back from updateEffectParams()
07-08 23:27:45.729  1888  1922 D DmsHalA : DmsHalAidlCallBacks 0xb40000725462c900 onEvent() id = 43445544
07-08 23:27:45.729  1888  1922 D DlbEffectContext: onDapParamUpdate() mEffectContext = 0xb4000072546223d8, try to call its updateEffectParams()
07-08 23:27:45.729  1888  1922 D DlbDapEffectContext: DapEffectContext 0xb4000072546223d8 grab the lock and call updateDapParams()
07-08 23:27:45.730 24668 24668 I Capacitor/Console: File:  - Line 333 - Msg: {"ok":true,"bitPerfectEnabled":false,"bitPerfectActive":false}
07-08 23:27:45.730  4972  4972 I PluginSeedling--Template: TransitionViewWrapper-->destroy, currentPage:a7.l0@90f022
07-08 23:27:45.731 24668 25125 V Capacitor/Plugin: To native (Capacitor plugin): callbackId: 1553046, pluginId: BackgroundMedia, methodName: stopAudioRouteWatcher
07-08 23:27:45.731 24668 25125 V Capacitor: callback: 1553046, pluginId: BackgroundMedia, methodName: stopAudioRouteWatcher, methodData: {}
07-08 23:27:45.731 24668 24668 I Capacitor/Console: File:  - Line 349 - Msg: [object Object]
07-08 23:27:45.731 24668 25125 V Capacitor/Plugin: To native (Capacitor plugin): callbackId: 1553047, pluginId: NativeExoPlayback, methodName: setPlaybackSpeed
07-08 23:27:45.731 24668 24668 I Capacitor/Console: File:  - Line 349 - Msg: [object Object]
07-08 23:27:45.731 24668 25125 V Capacitor: callback: 1553047, pluginId: NativeExoPlayback, methodName: setPlaybackSpeed, methodData: {"speed":1}
07-08 23:27:45.732 24668 25125 V Capacitor/Plugin: To native (Capacitor plugin): callbackId: 1553048, pluginId: BackgroundMedia, methodName: setWiredDacStabilityEnabled
07-08 23:27:45.732 24668 24668 I Capacitor/Console: File:  - Line 349 - Msg: [object Object]
07-08 23:27:45.732 24668 25125 V Capacitor: callback: 1553048, pluginId: BackgroundMedia, methodName: setWiredDacStabilityEnabled, methodData: {"enabled":true}
07-08 23:27:45.732  1888  1922 D DlbEffectContext: EffectContext[0xb4000072546223d8]: getStoredParams() outToken size = 1, out_paramStore size = 7
07-08 23:27:45.732 24668 25125 V Capacitor/Plugin: To native (Capacitor plugin): callbackId: 1553049, pluginId: BackgroundMedia, methodName: startAudioRouteWatcher
07-08 23:27:45.732 24668 24668 I Capacitor/Console: File:  - Line 349 - Msg: [object Object]
07-08 23:27:45.732 24668 25125 V Capacitor: callback: 1553049, pluginId: BackgroundMedia, methodName: startAudioRouteWatcher, methodData: {}
07-08 23:27:45.732  1888  1922 I DlbDapEffectContext: updateEffectParams() store iea value for device(0x2)
07-08 23:27:45.733 24668 25116 V Capacitor/BackgroundMediaPlugin: Notifying listeners for event audioRouteChange
07-08 23:27:45.733 24668 24668 I Capacitor/Console: File:  - Line 349 - Msg: [object Object]
07-08 23:27:45.733  1888  1922 D DlbDapEffectContext: DapEffectContext[0xb4000072546223d8] getDapParameter() outval size = 12, ret = 0
07-08 23:27:45.733 24668 25125 V Capacitor/Plugin: To native (Capacitor plugin): callbackId: 1553050, pluginId: BackgroundMedia, methodName: addListener
07-08 23:27:45.733 24668 25125 V Capacitor: callback: 1553050, pluginId: BackgroundMedia, methodName: addListener, methodData: {"eventName":"audioRouteChange"}
07-08 23:27:45.733  1888  1922 D DlbDapEndpointParamCache: commit() Applying parameters for device 0x40000000
07-08 23:27:45.733  1888  1922 D DlbDapEndpointParamCache: doCommit() Committed 0 parameters out of 15.
07-08 23:27:45.733  1888  1922 D DlbDapEndpointParamCache: commit() Overriding parameters for current device 0x00000002
07-08 23:27:45.733  1888  1922 D DlbDapEndpointParamCache: doCommit() Committed 0 parameters out of 65.
07-08 23:27:45.733  1888  1922 D DlbEffectContext: onDapParamUpdate() mEffectContext = 0xb4000072546223d8, back from updateEffectParams()
07-08 23:27:45.733  2212  3785 D AudioFlinger: prepareTracks_l: track 391 sid 2369 s=000006e4 [NOT READY] on thread 29, framesReady=2315, minFrames=1768, isReady=0, isTerminated=0, isShare=1, state=8, Ignor=2, desirFs=1768
07-08 23:27:45.733 24668 24668 I Capacitor/Console: File:  - Line 349 - Msg: [object Object]
07-08 23:27:45.733 24668 25125 V Capacitor/Plugin: To native (Capacitor plugin): callbackId: 1553051, pluginId: BackgroundMedia, methodName: getAudioOutputRoute
07-08 23:27:45.733 24668 25125 V Capacitor: callback: 1553051, pluginId: BackgroundMedia, methodName: getAudioOutputRoute, methodData: {}
07-08 23:27:45.734 24668 25125 V Capacitor/Plugin: To native (Capacitor plugin): callbackId: 1553052, pluginId: BackgroundMedia, methodName: removeListener
07-08 23:27:45.734 24668 25125 V Capacitor: callback: 1553052, pluginId: BackgroundMedia, methodName: removeListener, methodData: {"eventName":"audioRouteChange","callbackId":"1553036"}
07-08 23:27:45.734 24668 24668 I Capacitor/Console: File:  - Line 349 - Msg: [object Object]
07-08 23:27:45.734  4972  4972 I PluginSeedling--Template: SingleCardPage-->card--dispose, {header=null, info=f7.m5@1990ef, assist=null, divider=null, extension=null}
07-08 23:27:45.734  4972  4972 I PluginSeedling--Template: MediaPlayerSection-->dispose() isNotificationCard=false this=f7.m5@1990ef
07-08 23:27:45.734 24668 25125 V Capacitor/Plugin: To native (Capacitor plugin): callbackId: 1553053, pluginId: BackgroundMedia, methodName: stopForeground
07-08 23:27:45.734 24668 25125 V Capacitor: callback: 1553053, pluginId: BackgroundMedia, methodName: stopForeground, methodData: {}
07-08 23:27:45.734 24668 24668 I Capacitor/Console: File:  - Line 349 - Msg: [object Object]
07-08 23:27:45.734  4972  4972 I PluginSeedling--Origin: LiveAlertInteractorImpl-->EntryDataListener,onDataRemoved originData:[] data:[t3.d@eb89106f]
07-08 23:27:45.734  4972  4972 I PluginSeedling--Origin: LiveAlertInteractorImpl-->notifyEntryDataChanged ENTRY_STATUS_BAR, result:, noe: false
07-08 23:27:45.734  4972  4972 I PluginSeedling--Template: TransitionViewWrapper-->destroy, currentPage:a7.x@bf7696f
07-08 23:27:45.734  4972  5075 I SystemUi--Media: MediaLiveAlertController-->MEDIA_SEEDLING-->destroy-0|com.android.systemui|268452006|1783549664527|0: 0|com.android.systemui|268452006|1783549664527|0, false
07-08 23:27:45.735 24668 24668 I Capacitor/Console: File:  - Line 333 - Msg: undefined
07-08 23:27:45.735 24668 24668 I Capacitor/Console: File:  - Line 333 - Msg: {"ok":true,"speed":1}
07-08 23:27:45.735 24668 25125 V Capacitor/Plugin: To native (Capacitor plugin): callbackId: 1553054, pluginId: NativeExoPlayback, methodName: setWiredDacStabilityEnabled
07-08 23:27:45.735 24668 25125 V Capacitor: callback: 1553054, pluginId: NativeExoPlayback, methodName: setWiredDacStabilityEnabled, methodData: {"enabled":true}
07-08 23:27:45.735 24668 24668 I Capacitor/Console: File:  - Line 333 - Msg: undefined
07-08 23:27:45.735 24668 24668 I Capacitor/Console: File:  - Line 349 - Msg: [object Object]
07-08 23:27:45.736 24668 24668 I Capacitor/Console: File:  - Line 333 - Msg: {"route":"speaker","reason":"start"}
07-08 23:27:45.736 24668 24668 I Capacitor/Console: File:  - Line 333 - Msg: undefined
07-08 23:27:45.736 24668 24668 I Capacitor/Console: File:  - Line 333 - Msg: {"route":"speaker"}
07-08 23:27:45.737  4972  4972 I PluginSeedling--Template: TransitionViewWrapper-->destroy, currentPage:a7.l0@8011b05
07-08 23:27:45.738 24668 24668 W MediaSessionCompat: Couldn't find a unique registered media button receiver in the given context.
07-08 23:27:45.739  3425  5794 I MediaSessionStack: addSession to bottom of stack | record: rd.sheepskin.sandboxmusic/SovereignMusicConsole/191 (userId=0)
07-08 23:27:45.739  3425  5794 D MediaSessionService: Media button session is changed to rd.sheepskin.sandboxmusic/SovereignMusicConsole/191 (userId=0)
07-08 23:27:45.740  3425  3425 I OplusMediaControlService: onActiveSessionsChanged begin
07-08 23:27:45.740  3425  5794 D MediaSessionStack: getMediaButtonSession() mMediaButtonSession=rd.sheepskin.sandboxmusic/SovereignMusicConsole/191 (userId=0)
07-08 23:27:45.740  3425  3425 I OplusMediaControlService: onEventFromMediaControllerList controller size = 0
07-08 23:27:45.740  3425  3425 I OplusMediaControlService: updateControllerMap begin
07-08 23:27:45.740  3425  3425 I OplusMediaControlService: updataPlayStateMap begin
07-08 23:27:45.740  3425  3425 I OplusMediaControlService: updateMetadataMap begin
07-08 23:27:45.740  3425  3425 I OplusMediaControlService: updatePlayerInfoList event = com.oplus.media.OplusMediaEvent@8b19d2b
07-08 23:27:45.740  3425  3425 I OplusMediaControlService: sendOnEventMessage begin, eventType: 6, observer: android.os.BinderProxy@586b7a5
07-08 23:27:45.740  3425  3425 I OplusMediaControlService: on event EventType: 6
07-08 23:27:45.740  3425  4950 D MediaSessionService: onSessionActiveStateChanged: record=rd.sheepskin.sandboxmusic/SovereignMusicConsole/191 (userId=0) playbackState=null
07-08 23:27:45.742  3425  3425 I OplusMediaControlService: onActiveSessionsChanged begin
07-08 23:27:45.742  3425  3425 I OplusMediaControlService: onEventFromMediaControllerList controller size = 1
07-08 23:27:45.742  3425  3425 I OplusMediaControlService: getPlayerInfo, playerId: 197797529, pkgname: rd.sheepskin.sandboxmusic
07-08 23:27:45.742  3425  3425 I MediaControlUtils: addPlayers | players: [197797529 | rd.sheepskin.sandboxmusic]
07-08 23:27:45.743  3425  6070 I ActivityManager: Background started FGS: Allowed [callingPackage: rd.sheepskin.sandboxmusic; callingUid: 10447; uidState: TOP ; uidBFSL: [BFSL]; intent: Intent { act=rd.sheepskin.sandboxmusic.action.MEDIA_STOP xflg=0x4 cmp=rd.sheepskin.sandboxmusic/.MediaPlaybackForegroundService mCallingUid=10447 }; code:PROC_STATE_TOP; tempAllowListReason:<,reasonCode:SYSTEM_ALLOW_LISTED,duration:9223372036854775807,callingUid:-1>; allowWiu:12; targetSdkVersion:36; callerTargetSdkVersion:36; startForegroundCount:0; bindFromPackage:null: isBindService:false]
07-08 23:27:45.743  3425  3425 I OplusMediaControlService: updateControllerMap begin
07-08 23:27:45.744  4972  4990 I SystemUi--QuickSettings: OplusFgsManagerController-->onForegroundStateChanged: rd.sheepskin.sandboxmusic 0 true 3
07-08 23:27:45.744  3425  4950 D MediaSessionService: onSessionActiveStateChanged: record=rd.sheepskin.sandboxmusic/SovereignMusicConsole/191 (userId=0) playbackState=null
07-08 23:27:45.744  3425  4788 W ForegroundServiceTypeLoggerModule: Logger should be tracking FGS types correctly for UID 10447 in package rd.sheepskin.sandboxmusic
07-08 23:27:45.744  4972  4972 I UIFX    : Card3DView [1.0.1]
07-08 23:27:45.744  5669 10528 I ConferenceScene: onForegroundServiceStateChanged 24668 10447 2 fg_stateMachinesuid is null
07-08 23:27:45.743  3425  3425 I OplusMediaControlService: updataPlayStateMap begin
07-08 23:27:45.745  4972  4972 I PluginSeedling--Template: SingleCardPage-->card--dispose, {header=null, info=f7.x3@114ee68, assist=null, divider=null, extension=null}
07-08 23:27:45.745  3425  3425 I OplusMediaControlService: updateMetadataMap begin
07-08 23:27:45.745  3425  3425 I OplusMediaControlService: updatePlayerInfoList event = com.oplus.media.OplusMediaEvent@53e985d
07-08 23:27:45.745  3425  3425 I OplusMediaControlService: sendOnEventMessage begin, eventType: 6, observer: android.os.BinderProxy@586b7a5
07-08 23:27:45.745  3425  3425 I NasPowerProxyService: on active sessions changed controllers size:[android.media.session.MediaController@30165d2]
07-08 23:27:45.745  4972  4972 I PluginSeedling--Template: MediaPlayerSection-->dispose() isNotificationCard=true this=f7.m5@da8548d
07-08 23:27:45.745  4972  4990 I SystemUi--QuickSettings: OplusFgsManagerController-->onForegroundStateChanged numPackagesAfter: 4
07-08 23:27:45.745  3425  3600 D NotificationService--OplusNotificationFixHelper: fixAppIcon: pkg=rd.sheepskin.sandboxmusic
07-08 23:27:45.745  3425  3600 D NotificationService--OplusNotificationFixHelper: fixAppIcon: appIcon = null, pkg = rd.sheepskin.sandboxmusic
07-08 23:27:45.745  4972  5038 I SystemUi--QuickSettings: OplusSeparateQSPrivacyManager-->onNumberOfPackagesChanged numPackages 4
07-08 23:27:45.745  4972  4990 I SystemUi--QuickSettings: OplusFgsManagerController-->onForegroundStateChanged: rd.sheepskin.sandboxmusic 0 false 4
07-08 23:27:45.745  4972  4990 I SystemUi--QuickSettings: OplusFgsManagerController-->onForegroundStateChanged numPackagesAfter: 3
07-08 23:27:45.745  4972  5038 I SystemUi--QuickSettings: OplusSeparateQSPrivacyManager-->onNumberOfPackagesChanged numPackages 3
07-08 23:27:45.746  3425  3600 D NotificationService--NotificationRecord: isSupportRearLight , isRearLight = false mLedRM = false isMultilLed = false
07-08 23:27:45.746  4972  4972 I PluginSeedling--Template: TransitionViewWrapper-->destroy, currentPage:a7.t@53c2174
07-08 23:27:45.746  5669 10528 I ConferenceScene: onForegroundServiceStateChanged 24668 10447 0 fg_stateMachinesuid is null
07-08 23:27:45.747  3425  3600 I OplusStatusBarManagerServiceEnhance:  getTopIsFullscreen mTopIsFullscreen: false
07-08 23:27:45.747 24668 25125 V Capacitor/Plugin: To native (Capacitor plugin): callbackId: 1553055, pluginId: NativeExoPlayback, methodName: setGaplessEnabled
07-08 23:27:45.747 24668 25125 V Capacitor: callback: 1553055, pluginId: NativeExoPlayback, methodName: setGaplessEnabled, methodData: {"enabled":false}
07-08 23:27:45.747 24668 24668 I Capacitor/Console: File:  - Line 333 - Msg: undefined
07-08 23:27:45.747 24668 24668 I Capacitor/Console: File:  - Line 333 - Msg: {"ok":true,"wiredDacStabilityEnabled":true}
07-08 23:27:45.747 24668 24668 I Capacitor/Console: File:  - Line 349 - Msg: [object Object]
07-08 23:27:45.748  4972  4972 I PluginSeedling--Origin: LiveAlertInteractorImpl-->EntryDataListener,onDataRemoved originData:[] data:[t3.d@eb89106f]
07-08 23:27:45.748  4972  4972 I PluginSeedling--Origin: LiveAlertInteractorImpl-->notifyEntryDataChanged ENTRY_NOTIFICATION, result:, noe: false
07-08 23:27:45.748  4972  4972 I PluginSeedling--Notification: NotificationRepository-->onDataChanged, []
07-08 23:27:45.749  4972  4972 I PluginSeedling--Notification: NofificationInfoConvert-->releaseTaskSet
07-08 23:27:45.749  4972  7781 I PluginSeedling--Origin: LiveAlertInteractorImpl-->total list changed, notify liveAlert pkg list: []
07-08 23:27:45.749  4972  5075 I SystemUi--Media: MediaLiveAlertController-->MEDIA_SEEDLING-->destroy-0|com.android.systemui|268452006|1783549664527|0: 0|com.android.systemui|268452006|1783549664527|0, true
07-08 23:27:45.750  3425  4950 I MediaSessionStack: removeSession | record: rd.sheepskin.sandboxmusic/SovereignMusicConsole/191 (userId=0)
07-08 23:27:45.750  3425  4950 D MediaSessionService: Media button session is changed to null
07-08 23:27:45.750  3425  4950 D MediaSessionService: destroySessionLocked: record=rd.sheepskin.sandboxmusic/SovereignMusicConsole/191 (userId=0)
07-08 23:27:45.751  3425  3425 I OplusMediaControlService: on event EventType: 6
07-08 23:27:45.751  3425  3425 D NotificationService--OplusNotificationManagerServiceExtImpl: isForwardToAssistants: true, case : Is local notification
07-08 23:27:45.751  3425  3425 D NotificationService: This application enqueue notifications is need postDelayed mcsAssistantDelayTime: 200
07-08 23:27:45.752 24668 24668 I Capacitor/Console: File:  - Line 333 - Msg: {"ok":true,"gaplessEnabled":false}
07-08 23:27:45.752 24668 25125 V Capacitor/Plugin: To native (Capacitor plugin): callbackId: 1553056, pluginId: NativeExoPlayback, methodName: setCrossfadeEnabled
07-08 23:27:45.752 24668 24668 I Capacitor/Console: File:  - Line 349 - Msg: [object Object]
07-08 23:27:45.752 24668 25125 V Capacitor: callback: 1553056, pluginId: NativeExoPlayback, methodName: setCrossfadeEnabled, methodData: {"enabled":false,"durationMs":2500,"gaplessDurationMs":600}
07-08 23:27:45.752  3425  4788 I OplusMediaControlService: unregisterEventObserver start, observer: android.os.BinderProxy@586b7a5, callerUid: 10208
07-08 23:27:45.753 24668 24668 I Capacitor/Console: File:  - Line 333 - Msg: {"ok":true,"crossfadeEnabled":false,"durationMs":2500}
07-08 23:27:45.753  3425  4788 I OplusMediaControlService: unregisterEventObserver successfully.
07-08 23:27:45.753 24668 24668 I Capacitor/Console: File:  - Line 349 - Msg: [object Object]
07-08 23:27:45.753 24668 25125 V Capacitor/Plugin: To native (Capacitor plugin): callbackId: 1553057, pluginId: NativeExoPlayback, methodName: setBitPerfectEnabled
07-08 23:27:45.753  3425  4950 I OplusMediaControlService: registerEventObserver start, observer: android.os.BinderProxy@586b7a5, callerUid: 10208
07-08 23:27:45.753 24668 25125 V Capacitor: callback: 1553057, pluginId: NativeExoPlayback, methodName: setBitPerfectEnabled, methodData: {"enabled":false}
07-08 23:27:45.753 24668 24668 I AudioEffect: setParameter(): 0xb4000070b04b5800, param: 0, param2: -1
07-08 23:27:45.753  2212  4507 D EffectHalHidl: audioSchedBoost, set audiohal task boost, pid=2212, tid=4507, ret=0
07-08 23:27:45.754  3425  4942 I OplusMediaControlService: sendEvent type: 2, player: 197797529
07-08 23:27:45.754  2212  4507 D EffectHalHidl: audioSchedBoost, set audiohal task boost, pid=2212, tid=4507, ret=0
07-08 23:27:45.754  3425  4942 I OplusMediaControlService: onEventFromRequestData: 1, player: 197797529
07-08 23:27:45.754  3425  4942 E OplusMediaControlService: getTitleAndArtist is null
07-08 23:27:45.754  3425  4942 E OplusMediaControlService: getMediaMetadata is null
07-08 23:27:45.754  3425  4942 D OplusMediaControlService: players is empty
07-08 23:27:45.754  1888 22418 D DlbDapEffectContext: DapEffectContext[0xb4000072546223d8] getDapParameter() outval size = 12, ret = 0
07-08 23:27:45.754 24668 24668 I Capacitor/Console: File:  - Line 333 - Msg: {"ok":true,"bitPerfectEnabled":false,"bitPerfectActive":false}
07-08 23:27:45.754  1888 22418 D DlbDapEffectContext: ForDolbyTest: profile:2, mStoredIEA:8, mCurrentDevice:2, dolbyTestMode:0, updateIEA:0
07-08 23:27:45.755  2212  3785 D EffectHalHidl: audioSchedBoost, set audiohal task boost, pid=2212, tid=3785, ret=0
07-08 23:27:45.755  1888  1952 D DlbDlbEffect: handle_EFFECT_CMD_DISABLE()
07-08 23:27:45.755  1888  1952 D DlbEffectDap: updateProcessEnabled(enabled=0, bypassed=0)
07-08 23:27:45.755  1888  1952 D DlbDlbCrossfadeProcess: setEnabled transitioning from PROCESS_ACTIVE state to FADE_TO_BYPASS
07-08 23:27:45.755  3425  6070 I OplusMediaControlService: sendEvent type: 2, player: 197797529
07-08 23:27:45.755  2212  3785 D EffectHalHidl: audioSchedBoost, set audiohal task boost, pid=2212, tid=3785, ret=0
07-08 23:27:45.755  3425  6070 I OplusMediaControlService: onEventFromRequestData: 2, player: 197797529
07-08 23:27:45.755  3425  6070 E OplusMediaControlService: playbackState is null
07-08 23:27:45.755  3425  6070 D OplusMediaControlService: players is empty
07-08 23:27:45.755  3425  6070 I OplusMediaControlService: unregisterEventObserver start, observer: android.os.BinderProxy@586b7a5, callerUid: 10208
07-08 23:27:45.755  3425  6070 I OplusMediaControlService: unregisterEventObserver successfully.
07-08 23:27:45.756  3425  6070 I OplusMediaControlService: registerEventObserver start, observer: android.os.BinderProxy@586b7a5, callerUid: 10208
07-08 23:27:45.756  3425  3425 D NotificationService--OplusBreathLights:  updateLightsStateLocked 
07-08 23:27:45.756  3425  3425 D NotificationService--OplusBreathLights:  scheduleLightsOffTimeoutLocked 
07-08 23:27:45.756  3425  3425 I OplusMediaControlService: onActiveSessionsChanged begin
07-08 23:27:45.756  3425  3425 I OplusMediaControlService: onEventFromMediaControllerList controller size = 0
07-08 23:27:45.756  3425  3425 I MediaControlUtils: removePlayers | players: [197797529 | rd.sheepskin.sandboxmusic]
07-08 23:27:45.756  3425  3425 I OplusMediaControlService: updateControllerMap begin
07-08 23:27:45.756  3425  3425 I OplusMediaControlService: updataPlayStateMap begin
07-08 23:27:45.756  3425  3425 I OplusMediaControlService: updateMetadataMap begin
07-08 23:27:45.756  3425  3425 I OplusMediaControlService: updatePlayerInfoList event = com.oplus.media.OplusMediaEvent@9932da0
07-08 23:27:45.756  3425  3425 I OplusMediaControlService: sendOnEventMessage begin, eventType: 6, observer: android.os.BinderProxy@586b7a5
07-08 23:27:45.756  4972  4972 I SystemUi--Notification: StackScrollAlgorithm-->updatePositionsForStateIndex:0, [-1 --> nextIndex:-1]
07-08 23:27:45.758  3425  3425 I OplusMediaControlService: on event EventType: 6
07-08 23:27:45.758  3425  3425 I OplusMediaControlService: onActiveSessionsChanged begin
07-08 23:27:45.758  3425  3425 I OplusMediaControlService: onEventFromMediaControllerList controller size = 0
07-08 23:27:45.758  3425  3425 I OplusMediaControlService: updateControllerMap begin
07-08 23:27:45.758  3425  3425 I OplusMediaControlService: updataPlayStateMap begin
07-08 23:27:45.758  3425  3425 I OplusMediaControlService: updateMetadataMap begin
07-08 23:27:45.758  3425  3425 I OplusMediaControlService: updatePlayerInfoList event = com.oplus.media.OplusMediaEvent@5515d59
07-08 23:27:45.758  3425  3425 I OplusMediaControlService: sendOnEventMessage begin, eventType: 6, observer: android.os.BinderProxy@586b7a5
07-08 23:27:45.758  3425  3425 I OplusMediaControlService: on event EventType: 6
07-08 23:27:45.761  3425  6070 I OplusMediaControlService: unregisterEventObserver start, observer: android.os.BinderProxy@586b7a5, callerUid: 10208
07-08 23:27:45.761  3425  6070 I OplusMediaControlService: unregisterEventObserver successfully.
07-08 23:27:45.761  3425  6070 I OplusMediaControlService: registerEventObserver start, observer: android.os.BinderProxy@586b7a5, callerUid: 10208
07-08 23:27:45.762  3425  6070 I OplusMediaControlService: unregisterEventObserver start, observer: android.os.BinderProxy@586b7a5, callerUid: 10208
07-08 23:27:45.762  3425  6070 I OplusMediaControlService: unregisterEventObserver successfully.
07-08 23:27:45.762  3425  6070 I OplusMediaControlService: registerEventObserver start, observer: android.os.BinderProxy@586b7a5, callerUid: 10208
07-08 23:27:45.762  2212  2793 D AudioBoost: doStopBoostForWake id 390 +++
07-08 23:27:45.762  2212  2793 D AudioBoost: pid 24668, tid 25188 was boost by other track.
07-08 23:27:45.762  2212  2793 D AudioBoost: audioSchedBoost, pid=24668, tid=29558, enable=0, ret=0
07-08 23:27:45.762  2212  2793 D AudioBoost: doStopBoostForWake id 390 ---
07-08 23:27:45.766  4972  4972 I SystemUi--Media: MediaDataFlowLimiter-->MEDIA_PANEL-->onMediaDataLoaded, last data 100 ms, have no this data!, 0|rd.sheepskin.sandboxmusic|88001|null|10447 Sandbox Music(isPlaying:true), MediaDataExt{userId=0, initialized=true, app=Sandbox Music, artist=EMPTY, song=EMPTY, artwork=null, packageName=rd.sheepskin.sandboxmusic, token=android.media.session.MediaSession$Token@e5b267a,  active=true, playbackLocation=0, resumption=false, notificationKey=0|rd.sheepskin.sandboxmusic|88001|null|10447, isPlaying=true, mediaCustNotification=false, }
07-08 23:27:45.766  4972  4972 I SystemUi--Media: MediaDataFlowLimiter-->MEDIA_PANEL-->debounce remove 0|rd.sheepskin.sandboxmusic|88001|null|10447
07-08 23:27:45.788  2212  2793 D AudioBoost: startBoostForWake mId 391, p 24668, t 25188, wp 24668, wt 25188.
07-08 23:27:45.789  2035  2094 E PerformanceService: [WAKER_IDENTIFY] pid message 25188;0;0 is writen to proc
07-08 23:27:45.791  2212  2793 D AudioBoost: audioWakeTracing setWakeSeedThread end, pid 24668, tid 25188, inUid 0, id 391, isWakee 0, -> handle = 448.
07-08 23:27:45.795  1888 22418 D DlbDlbCrossfadeProcess: crossfade, data_type:7, inchannels:2, outchannels:2
07-08 23:27:45.803  2232  2814 E HwcComposer: getLuts failed Status(-129, EX_TRANSACTION_FAILED): 'UNKNOWN_TRANSACTION: '
07-08 23:27:45.814  2212  2854 D AudioPolicyEffects: releaseOutputSessionEffects(): session: 2369, refCount: 1
07-08 23:27:45.814  2212  3785 D AudioBoost: removeActiveTrack id 390
07-08 23:27:45.814  2212  3785 D AudioBoost: doStopBoostForWake id 390 +++
07-08 23:27:45.814  2212  3785 E AudioBoost: id 390 not boost.
07-08 23:27:45.814  2212  2854 D APM_AudioPolicyManager: stopOutput portId 368
07-08 23:27:45.814  2212  3785 D AudioFlingerExtImpl: updateMetaScenes mMetaScenesOwnerMap[4]=[0,-1]
07-08 23:27:45.814  2212  3785 D AudioFlingerExtImpl: updateMetaScenes mMetaScenesOwnerMap[5]=[0,-1]
07-08 23:27:45.814  2212  3785 D AudioFlinger_PlaybackThreadExtImpl: addActiveTrackPid isSpatialzierTrackPlaying:0 isMetaTrackPlaying:0 isMetaTrack:0
07-08 23:27:45.814  2212  3785 D AudioFlingerExtImpl: getSplitScreenSwitch: screenSwitch = 0
07-08 23:27:45.814  2212  2854 D APM_AudioPolicyManager: stopOutput() output 29, stream 3, session 2369
07-08 23:27:45.814  2212  3785 D AudioFlinger_PlaybackThreadExtImpl: notifyAudioTrackRemove event:atlas_event_audio_track_distroy info:pid:24668,sessionId:2369,streamType:3,sampleRate:44100,flags:8,isOffloadThread:0,deviceTypes:2,hasFastMixer:0,isSpatialized:0,stopvl:0.631,stopvr:0.631,metaAudioScene:0,window_rendering:0,mss_mode:0,mss_ratio_vocal:0,mss_ratio_other:0,volumeswitch:0,trackvolumepkg:rd.sheepskin.sandboxmusic
07-08 23:27:45.814  3425  6070 I IPCThreadState: oneway function results for code 10007 on binder at 0xb40000729131eb80 will be dropped but finished with status UNKNOWN_TRANSACTION
07-08 23:27:45.814  2212  3785 D AtlasEventUploadUtils: setEvent event:atlas_event_audio_track_distroy
07-08 23:27:45.815  2212  3785 D AudioFlingerExtImpl: removeActiveAudioSession, remove 2369, map size 0
07-08 23:27:45.815  2212  3785 D AFExtImpl: ~TrackInfo() 0xb4000079f7e48f80
07-08 23:27:45.815  2212  3785 D AFExtImpl: clearDumpBuffer() 0xb4000079f7e48f80, mDumpBufferCount 0
07-08 23:27:45.815  2212  3785 D AudioFlinger: updateWakeLockUids_l AudioOut_1D uids:10447 
07-08 23:27:45.816  1888  1952 D AHAL: AudioStream: out_update_source_metadata_v7: 1329: track count is 1 for usecase(0: deep-buffer-playback)
07-08 23:27:45.816  1888  1952 D AHAL: AudioStream: out_update_source_metadata_v7: 1379: Source metadata usage:1 content_type:2 gain:0.000000
07-08 23:27:45.816  1888  1952 D AHAL: AudioStream: SetAggregateSourceMetadata: 4749: Aggregated Source metadata usage:1 content_type:2 gain:0.000000
07-08 23:27:45.816  1888  1888 D AHAL: AudioDevice: SetParameters: 1972: enter: volumeStreamAction=stop;volumeStreamType=3
07-08 23:27:45.816  1888  1888 D AHAL: hfp: hfp_set_parameters: 696: enter
07-08 23:27:45.816  1888  1888 D AHAL: hfp: hfp_set_parameters: 701: OPLUS_HFP_SUPPORT is not supported
07-08 23:27:45.816  1888  1888 D AHAL: AudioDevice: SetParameters: 2821: exit
07-08 23:27:45.819  2212  2854 D GameAudioEffects: hasAliveFastEffectTracks  return (0)
07-08 23:27:45.819  2212  2854 D AudioPolicyManagerExtImpl: oplusSelectOutputForMusicEffects: pendingOutput  => 29  flags => 0x00000008  outputTageName =>deep_buffer outputs.size(4) older music effect ouput(29), hasAliveGameTracks(0)
07-08 23:27:45.819  2212  2854 D GameAudioEffects: hasAliveRequestFastTracks  return (0)
07-08 23:27:45.819  2212  2854 D AudioPolicyInterfaceImpl: checkSessionHasActiveClient has active client portId = 369
07-08 23:27:45.823  4972  4983 I ndroid.systemui: NativeAlloc concurrent mark compact GC freed 21MB AllocSpace bytes, 188(5520KB) LOS objects, 66% free, 47MB/143MB, paused 581us,2.089ms total 145.952ms
07-08 23:27:45.823  5767  8654 I OplusAtlasAudioDataRecorder:  stopPid:24668 stopSession:2369 containsKey:true mAllVolumpMap size:1 packageName: rd.sheepskin.sandboxmusic window_rendering: 0 mReduceVolumeMap size: 0 stopvl: 0.631 stopvr: 0.631 volumeswitch: 0
07-08 23:27:45.824  2212  4507 D audioserver: OplusMMListWrapper checkInListByUid end module:allow-get-parameters uid:10208 return true
07-08 23:27:45.824  2212  4507 D audioserver: OplusMMListWrapper checkInListByUid end module:allow-get-parameters uid:10208 return true
07-08 23:27:45.835  1895  4609 I sensors-hal: handle_sns_client_event:316, accel_sample: 0: ts=9502183838099 ns; value = [-0.228945, 0.346860, 9.902418], status=3
07-08 23:27:45.836  3425  4942 I IPCThreadState: oneway function results for code 10007 on binder at 0xb40000729131eb80 will be dropped but finished with status UNKNOWN_TRANSACTION
07-08 23:27:45.837  1895  4609 I sensors-hal: handle_sns_client_event:316, accel_sample: 0: ts=9503191331901 ns; value = [-0.267252, 0.342071, 9.916783], status=3
07-08 23:27:45.837  2212  3785 D AudioMixerBaseExtImpl: holoAudio, removeSingleTrackMetaInfo track:390
07-08 23:27:45.837  2212  3785 D HoloAudio::OplusSoundObject: File:OplusSoundObject.cpp, Func:DestroySndObjGp, Line:1536, DestroySndObjGp sndObjGp size 2, chnNums 2.
07-08 23:27:45.837  1888 22418 D DlbDlbCrossfadeProcess: crossfade, data_type:7, inchannels:2, outchannels:2
07-08 23:27:45.843  1895 20953 I sensors-hal: handle_oplus_wise_rgb_event:189, high_pwm_light:lux 6.4,cct 5300.0,brl/algo/ir 3332.0/2.0/0.0,pwm/dc 1.0/0.0,rgbc 1053.856323/814.105713/467.026489/1628.787354,ts 9503291959610,cnt 41985,flag 0
07-08 23:27:45.843  3425  3652 D OplusBrightnessPhoneStateManager: LuxEvent{event:MAIN_LUX lux:0.6134499} -> LuxEvent{event:MAIN_LUX lux:0.6134499}
07-08 23:27:45.844  1925  2285 I SDM     : DisplayBase::CommitThread: Received idle timeout, panel: cmd, timeout: 70000 us
07-08 23:27:45.853  2212  3785 D AudioFlinger_EffectsExtImpl: HoloAudio, checkAndEnbaleMetaAudio enable:0, sessionid:2369
07-08 23:27:45.854  2212  2854 D AudioPolicyEffects: releaseOutputSessionEffects(): session: 2369, refCount: 0
07-08 23:27:45.854  2212  3785 D AudioBoost: removeActiveTrack id 391
07-08 23:27:45.854  2212  3785 D AudioBoost: doStopBoostForWake id 391 +++
07-08 23:27:45.854  2212  2854 I AudioEffect: disable 0xb400007a34e5a800
07-08 23:27:45.854  2212  3785 D AudioBoost: audioSchedBoost, pid=24668, tid=25188, enable=0, ret=0
07-08 23:27:45.854  2212  3785 D AudioBoost: audioSchedBoost, pid=24668, tid=29571, enable=0, ret=0
07-08 23:27:45.854  2212  3785 D AudioBoost: doStopBoostForWake id 391 ---
