07-08 17:56:47.850  5703  8119 I ConferenceScene: onForegroundServiceStateChanged 3031 10447 0 fg_stateMachinesuid is null
07-08 17:56:47.850  3414  3414 D NotificationService--OplusBreathLights:  updateLightsStateLocked 
07-08 17:56:47.850  3414  3414 D NotificationService--OplusBreathLights:  scheduleLightsOffTimeoutLocked 
07-08 17:56:47.850  3414  3414 I OplusMediaControlService: onActiveSessionsChanged begin
07-08 17:56:47.850  3414  3414 I OplusMediaControlService: onEventFromMediaControllerList controller size = 0
07-08 17:56:47.850  3414  3414 I MediaControlUtils: removePlayers | players: [110063158 | rd.sheepskin.sandboxmusic]
07-08 17:56:47.850  3414  3414 I OplusMediaControlService: updateControllerMap begin
07-08 17:56:47.850  3414  3414 I OplusMediaControlService: updataPlayStateMap begin
07-08 17:56:47.850  3414  3414 I OplusMediaControlService: updateMetadataMap begin
07-08 17:56:47.850  3414  3414 I OplusMediaControlService: updatePlayerInfoList event = com.oplus.media.OplusMediaEvent@5f70623
07-08 17:56:47.851  3414  4391 I OplusMediaControlService: registerEventObserver start, observer: android.os.BinderProxy@53ef40b, callerUid: 10208
07-08 17:56:47.851  3414  4391 D OplusMediaControlService: notify observer module update player list.
07-08 17:56:47.851  3414  4391 I OplusMediaControlService: sendOnEventMessage begin, eventType: 6, observer: android.os.BinderProxy@53ef40b
07-08 17:56:47.851  3414  4859 I MediaSessionStack: removeSession | record: rd.sheepskin.sandboxmusic/SovereignMusicConsole/8568 (userId=0)
07-08 17:56:47.851  3414  4859 D MediaSessionService: Media button session is changed to null
07-08 17:56:47.851  3414  4859 D MediaSessionService: destroySessionLocked: record=rd.sheepskin.sandboxmusic/SovereignMusicConsole/8568 (userId=0)
07-08 17:56:47.852  3414  3414 I OplusMediaControlService: on event EventType: 6
07-08 17:56:47.852  1730  8338 E         : DNS_CACHE: hanle request << lookupdns: hostname:sphinx.acast.com, servername:^, ai_flags:1024, ai_family:0, ai_socktype:1, ai_protocol:0, netid:0, uid:10447
07-08 17:56:47.853  3031 20268 D DNS_CACHE: oplus_oplus_getaddrinfo_proxy lookup from netd: hostname:sphinx.acast.com, servname:(null) uid: 10447, result_code:408, res = 0x0, found = 0
07-08 17:56:47.853  3414  8731 I OplusMediaControlService: unregisterEventObserver start, observer: android.os.BinderProxy@53ef40b, callerUid: 10208
07-08 17:56:47.853  3414  8731 I OplusMediaControlService: unregisterEventObserver successfully.
07-08 17:56:47.853  3414  3414 I OplusMediaControlService: onActiveSessionsChanged begin
07-08 17:56:47.853  3414  3414 I OplusMediaControlService: onEventFromMediaControllerList controller size = 0
07-08 17:56:47.853  3414  3414 I OplusMediaControlService: updateControllerMap begin
07-08 17:56:47.853  3414  3414 I OplusMediaControlService: updataPlayStateMap begin
07-08 17:56:47.853  3414  3414 I OplusMediaControlService: updateMetadataMap begin
07-08 17:56:47.853  3414  3414 I OplusMediaControlService: updatePlayerInfoList event = com.oplus.media.OplusMediaEvent@1e7720
07-08 17:56:47.853  3414  8731 I OplusMediaControlService: registerEventObserver start, observer: android.os.BinderProxy@53ef40b, callerUid: 10208
07-08 17:56:47.854  3414  8731 D OplusMediaControlService: notify observer module update player list.
07-08 17:56:47.854  3414  8731 I OplusMediaControlService: sendOnEventMessage begin, eventType: 6, observer: android.os.BinderProxy@53ef40b
07-08 17:56:47.854  3414  3414 I OplusMediaControlService: on event EventType: 6
07-08 17:56:47.854  3414  8731 I OplusMediaControlService: unregisterEventObserver start, observer: android.os.BinderProxy@53ef40b, callerUid: 10208
07-08 17:56:47.854  3414  8731 I OplusMediaControlService: unregisterEventObserver successfully.
07-08 17:56:47.855  3414  8731 I OplusMediaControlService: registerEventObserver start, observer: android.os.BinderProxy@53ef40b, callerUid: 10208
07-08 17:56:47.860  2085  2762 V AudioFlinger::PatchPanel: createAudioPatch_l() num_sources 1 num_sinks 1 handle 5436
07-08 17:56:47.860  2085  2762 V AudioFlinger::PatchPanel: createAudioPatch_l() removing patch handle 5436
07-08 17:56:47.860  2085  4003 D EffectHalHidl: audioSchedBoost, set audiohal task boost, pid=2085, tid=4003, ret=0
07-08 17:56:47.860  2085  4003 D EffectHalHidl: audioSchedBoost, set audiohal task boost, pid=2085, tid=4003, ret=0
07-08 17:56:47.861  2085  4003 D AudioFlinger_EffectsExtImpl: HoloAudio, checkAndEnbaleMetaAudio enable:0, sessionid:17617
07-08 17:56:47.861  2085  2762 V AudioFlinger::PatchPanel: createAudioPatch_l() status 0
07-08 17:56:47.861  2085  2762 V AudioFlinger::PatchPanel: -createAudioPatch_l() status 0
07-08 17:56:47.862  2085  2763 D AudioPolicyInterfaceImpl: mSessionLatestHandleList add Item on session 17617, port = 2744
07-08 17:56:47.862  2085  4507 D AudioFlingerExtImpl: updateMetaScenes mMetaScenesOwnerMap[4]=[0,-1]
07-08 17:56:47.862  2085  4507 D AudioFlingerExtImpl: updateMetaScenes mMetaScenesOwnerMap[5]=[0,-1]
07-08 17:56:47.863  2085  4507 D AudioFlinger_PlaybackThreadExtImpl: HoloAudio:addActiveTrack,isSpatialzierTrackPlaying:0 isMetaTrackPlaying:0 isMetaTrack:0
07-08 17:56:47.863  2085  4507 D AudioFlingerExtImpl: getSplitScreenSwitch: screenSwitch = 0
07-08 17:56:47.863  2085  4507 D AudioFlinger_PlaybackThreadExtImpl: notifyAudioTrackCreate event:atlas_event_audio_track_create info:pid:3031,sessionId:17617,streamType:3,sampleRate:48000,format:5,startvl:1.000,startvr:1.000,balance:0.000,channelcount:2,flags:6,deviceTypes:2,hasFastMixer:1,isOffloadThread:0,isSpatialized:0,id:13,effectChains:1,frameCount:1536,requestFC:0,minFC:1536,metaAudioScene:0,metaAudioPos:[0.0|0.0|0.0],window_rendering:0,active_record:0
07-08 17:56:47.863  2085  4507 D AtlasEventUploadUtils: setEvent event:atlas_event_audio_track_create
07-08 17:56:47.863  2085  4507 D AudioFlinger_EffectsExtImpl: HoloAudio, checkAndEnbaleMetaAudio enable:0, sessionid:17617
07-08 17:56:47.863  2656  2711 D EventTest: handleEvent atlas_event_audio_track_create pid:3031,sessionId:17617,streamType:3,flags:6,deviceTypes:2,hasFastMixer:1
07-08 17:56:47.863  2085  4507 D AudioTrackServerProxyExtImpl: AudioTrackServerProxyExtImpl init
07-08 17:56:47.863  2085  4507 D AudioTrackServerProxyExtImpl: audioTrackServerProxyTest
07-08 17:56:47.863  2085  4507 D AudioTrackServerProxyExtImpl: audioTrackServerProxy, initialize
07-08 17:56:47.863  2085  4507 D AudioTrackServerProxyExtImpl: initSupportAudioRamp ,  mIsSupport = 0.
07-08 17:56:47.863  3414  8731 I IPCThreadState: oneway function results for code 10006 on binder at 0xb4000071d6ee69e0 will be dropped but finished with status UNKNOWN_TRANSACTION
07-08 17:56:47.863  2085  4003 I AF::PthrPatchRecord: processMuteEvent(2284): processed mute state for port ID 2744 from 0 to 0
07-08 17:56:47.863  3414  4859 E AppOps  : attributionTag  not declared in manifest of rd.sheepskin.sandboxmusic
07-08 17:56:47.863  2085  4003 D AudioFlinger: updateWakeLockUids_l AudioOut_D uids:10447 
07-08 17:56:47.864  2085  4003 D EffectHalHidl: audioSchedBoost, set audiohal task boost, pid=2085, tid=4003, ret=0
07-08 17:56:47.864  3414  4859 E AppOps  : attributionTag  not declared in manifest of rd.sheepskin.sandboxmusic
07-08 17:56:47.864  2085  4003 D EffectHalHidl: audioSchedBoost, set audiohal task boost, pid=2085, tid=4003, ret=0
07-08 17:56:47.864  2085  4003 D EffectChain: process reset volume
07-08 17:56:47.864  2085  4507 D AudioBoost: audioSchedBoost, pid=2085, tid=4507, enable=0, ret=0
07-08 17:56:47.865  2085  4507 D AudioBoost: AudioUclampBoost: set invalid schedMinValue: 1025, ignored
07-08 17:56:47.865  2085  4507 D AudioBoost: AudioUclampBoost: sched_setattr success. attr(flags 120, min 0, max 1024, tid 4507, enable 0)
07-08 17:56:47.865  2085  4507 E AudioBoost: stop  AudioUclampBoost pid:2085 tid:4507 sucess
07-08 17:56:47.865  2085  4507 D AudioBoost: audioAppKeyThreadReport() pid 3031, tid 16203, enable 1, inUid 0, eventIt -1, threadType 0, id 2284
07-08 17:56:47.865  2085  4507 D AudioBoost: appThreadInfo update:start 16203, write -1, cbk 20255 read -1
07-08 17:56:47.865  2085  4507 D AudioBoost: audioAppKeyThreadReport(), restore boost for threadType 0, tid 16203
07-08 17:56:47.865  2085  4507 D AudioBoost: audioAppKeyThreadReport(), restore boost for threadType 2, tid 20255
07-08 17:56:47.865  2085  2752 D AudioBoost: startBoostForWake mId 2284, p 3031, t 16203, wp 3031, wt 16203.
07-08 17:56:47.865  2085  2752 D AudioBoost: audioSchedBoost, pid=3031, tid=16203, enable=1, ret=0
07-08 17:56:47.868  2656 32460 D HoloAudio::SpecailizerPLService_Aidl: getActiveMetaList +++
07-08 17:56:47.868  2656 32460 D HoloAudio::SpecailizerPLService_Aidl: callClient:clientID:1 exist:1, event:12, isOneWay:0
07-08 17:56:47.868  5703  5703 D SysBroadcastReceiver: android.media.ACTION_AUDIO_PLAYBACK_STATE_CHANGED
07-08 17:56:47.868  5703  5703 D SysBroadcastReceiver: EventId=1010003	ID_AUDIO_PLAYBACK_STATE_CHANGED	TimeStamp =1783529807868	Intent =Intent { act=android.media.ACTION_AUDIO_PLAYBACK_STATE_CHANGED flg=0x4000010 xflg=0x4 (has extras) }	Content =null	Pid =0	PkgName =null
07-08 17:56:47.868  2656 32460 D HoloAudio::SpecailizerPLService_Aidl: getActiveMetaList ---
07-08 17:56:47.868  2085  4507 D audioserver: OplusMMListWrapper checkInListByUid end module:allow-get-parameters uid:10208 return true
07-08 17:56:47.868  2085  4507 D audioserver: OplusMMListWrapper checkInListByUid end module:allow-get-parameters uid:10208 return true
07-08 17:56:47.871  4915  4915 I COUIVerticalSeekBar: COUIVerticalSeekBar ensureSize : mIsProgressFull:true,mBackgroundRadius:92.0,mBackgroundWidth:184.0,mBackgroundEnlargeScale0.16,mProgressRadius:92.0,mProgressWidth:184.0,mProgressEnlargeScale0.16,mPaddingVertical92.0
07-08 17:56:47.871  4915  4915 I COUIVerticalSeekBar: updateBehavior * normalSeekBarHeight = -184.0,mPaddingVertical = 92.0,mIsPhysicsEnable = true,mPhysicalAnimator = null,mFlingBehavior = null,Thread_name = main,hashCode = 100040913,time = 1783529807871
07-08 17:56:47.871  4915  4915 I SystemUi--Volume: VolumeListAdapter-->addItem: 3031 index: 2Sandbox Musictrue
07-08 17:56:47.871  4915  4915 I SystemUi--Volume: MultiMediaRepository-->addMultiMediaRow addView end stream: 3031,row.mediaPackageName: rd.sheepskin.sandboxmusic multiMediaIndex:2
07-08 17:56:47.873  1730  8338 E         : DNS_CACHE: hanle request << adddns: hostname:sphinx.acast.com, servername:^, ai_flags:1024, ai_family:0, ai_socktype:1, ai_protocol:0, netid:0, uid:10447
07-08 17:56:47.873  3031 20268 D DNS_CACHE: oplus_send_dns_response send hostname: sphinx.acast.com, servname: (null) response into netd: 0, *res = 0xb400007002d3b7c0
07-08 17:56:47.875  4627 11429 I AEC.f   : intelligenceGetProfile: 0
07-08 17:56:47.875  4627 11429 I AEC.DolbyService: setEffectEnable enable: true
07-08 17:56:47.875  5522  5756 D DnsDomainBlock: onDnsEvent: latencyMs=18, returnCode=0, uid=10447
07-08 17:56:47.875  4627 11429 I AEC.a   : setDsOn(true)
07-08 17:56:47.875  4627 11429 I AudioEffect: setParameter(): 0xb400007317842600, param: 5, param2: -1
07-08 17:56:47.875  2085  4507 D EffectHalHidl: audioSchedBoost, set audiohal task boost, pid=2085, tid=4507, ret=0
07-08 17:56:47.875  2085  2752 D AudioBoost: startBoostForWake mId 2284, p 3031, t 20255, wp 3031, wt 20255.
07-08 17:56:47.875  2085  2752 D AudioBoost: audioSchedBoost, pid=3031, tid=20255, enable=1, ret=0
07-08 17:56:47.875  2005  5108 E PerformanceService: [WAKER_IDENTIFY] pid message 20255;0;1 is writen to proc
07-08 17:56:47.875  2085  4507 D EffectHalHidl: audioSchedBoost, set audiohal task boost, pid=2085, tid=4507, ret=0
07-08 17:56:47.875  2085  2752 D AudioBoost: audioWakeTracing setWakeSeedThread end, pid 3031, tid 20255, inUid 0, id 2284, isWakee 1, -> handle = 3935.
07-08 17:56:47.876  4627 11429 I AudioEffect: enable 0xb400007317842600
07-08 17:56:47.876  4627 11429 I AEC.DolbyService: setEffectProfile category: 1, profile: 2
07-08 17:56:47.876  4627 11429 D AudioEffect-JAVA: getParameter is not Oplus command!
07-08 17:56:47.876  4627 11429 I AudioEffect: getParameter: param: 167772165, param2: -1
07-08 17:56:47.876  2085  4507 D EffectHalHidl: audioSchedBoost, set audiohal task boost, pid=2085, tid=4507, ret=0
07-08 17:56:47.878  2000  2158 V DolbyManagerService: doOnDapParamUpdate() entry
07-08 17:56:47.878  2000  2158 V DolbyManagerService: doOnDapParamUpdate() exit
07-08 17:56:47.878  2085  4507 D EffectHalHidl: audioSchedBoost, set audiohal task boost, pid=2085, tid=4507, ret=0
07-08 17:56:47.878  4627 11429 I AEC.a   : getProfile() return: 2
07-08 17:56:47.878  4627 11429 D AudioEffect-JAVA: getParameter is not Oplus command!
07-08 17:56:47.878  4627 11429 I AudioEffect: getParameter: param: 167772165, param2: -1
07-08 17:56:47.878  2085  4507 D EffectHalHidl: audioSchedBoost, set audiohal task boost, pid=2085, tid=4507, ret=0
07-08 17:56:47.879  2085  4507 D EffectHalHidl: audioSchedBoost, set audiohal task boost, pid=2085, tid=4507, ret=0
07-08 17:56:47.879  4627 11429 I AEC.a   : getProfile() return: 2
07-08 17:56:47.879  4627 11429 I AEC.a   : setGeqBandGains([0, 0, 0, 0, 0, 0, 0, 0, 0, 0, 0, 0, 0, 0, 0, 0, 0, 0, 0, 0])
07-08 17:56:47.879  4627 11429 I AEC.a   : setDapParameter(110, [0, 0, 0, 0, 0, 0, 0, 0, 0, 0, 0, 0, 0, 0, 0, 0, 0, 0, 0, 0])
07-08 17:56:47.879  4627 11429 D AudioEffect-JAVA: getParameter is not Oplus command!
07-08 17:56:47.879  4627 11429 I AudioEffect: getParameter: param: 167772165, param2: -1
07-08 17:56:47.879  2085  4507 D EffectHalHidl: audioSchedBoost, set audiohal task boost, pid=2085, tid=4507, ret=0
07-08 17:56:47.879  2085  4507 D EffectHalHidl: audioSchedBoost, set audiohal task boost, pid=2085, tid=4507, ret=0
07-08 17:56:47.879  4627 11429 I AEC.a   : getProfile() return: 2
07-08 17:56:47.879  4627 11429 I AEC.a   : setDapParameter(2, 110, [0, 0, 0, 0, 0, 0, 0, 0, 0, 0, 0, 0, 0, 0, 0, 0, 0, 0, 0, 0])
07-08 17:56:47.879  4627 11429 D AudioEffect-JAVA: getParameter is not Oplus command!
07-08 17:56:47.879  4627 11429 I AudioEffect: getParameter: param: 218103813, param2: -1
07-08 17:56:47.879  2085  4507 D EffectHalHidl: audioSchedBoost, set audiohal task boost, pid=2085, tid=4507, ret=0
07-08 17:56:47.880  2085  4507 D EffectHalHidl: audioSchedBoost, set audiohal task boost, pid=2085, tid=4507, ret=0
07-08 17:56:47.880  4627 11429 I AEC.a   : isMonoSpeaker() return: false
07-08 17:56:47.880  4627 11429 I AudioEffect: setParameter(): 0xb400007317842600, param: 5, param2: -1
07-08 17:56:47.880  2085  4507 D EffectHalHidl: audioSchedBoost, set audiohal task boost, pid=2085, tid=4507, ret=0
07-08 17:56:47.880  2085  4507 D EffectHalHidl: audioSchedBoost, set audiohal task boost, pid=2085, tid=4507, ret=0
07-08 17:56:47.881  2000  2158 V DolbyManagerService: doOnDapParamUpdate() entry
07-08 17:56:47.881  4627 11429 D AudioEffect-JAVA: getParameter is not Oplus command!
07-08 17:56:47.881  4627 11429 I AudioEffect: getParameter: param: 167772165, param2: -1
07-08 17:56:47.881  2000  2158 V DolbyManagerService: doOnDapParamUpdate() exit
07-08 17:56:47.881  2085  4507 D EffectHalHidl: audioSchedBoost, set audiohal task boost, pid=2085, tid=4507, ret=0
07-08 17:56:47.877  2085  2085 W AudioRtBoostThr: type=1400 audit(0.0:99955): avc:  denied  { getsched } for  scontext=u:r:audioserver:s0 tcontext=u:r:untrusted_app:s0:c191,c257,c512,c768 tclass=process permissive=0
07-08 17:56:47.881  2085 20259 D AudioBoost: tryRtBoost, try boost audio rt, pid 3031, tid 20255, ret 0
07-08 17:56:47.881  2085  4507 D EffectHalHidl: audioSchedBoost, set audiohal task boost, pid=2085, tid=4507, ret=0
07-08 17:56:47.881  4627 11429 I AEC.a   : getProfile() return: 2
07-08 17:56:47.881  4627 11429 D AudioEffect-JAVA: getParameter is not Oplus command!
07-08 17:56:47.881  4627 11429 I AudioEffect: getParameter: param: 23593477, param2: -1
07-08 17:56:47.881  2085  4507 D EffectHalHidl: audioSchedBoost, set audiohal task boost, pid=2085, tid=4507, ret=0
07-08 17:56:47.882  2085  4507 D EffectHalHidl: audioSchedBoost, set audiohal task boost, pid=2085, tid=4507, ret=0
07-08 17:56:47.882  4627 11429 I AEC.a   : getDapParameter(2, 104) return: [0]
07-08 17:56:47.882  4627 11429 I AEC.a   : getDapParameter(104) return: [0]
07-08 17:56:47.882  4627 11429 I AEC.a   : getIeqPreset() return: 0
07-08 17:56:47.882  4627 11429 D AudioEffect-JAVA: getParameter is not Oplus command!
07-08 17:56:47.882  4627 11429 I AudioEffect: getParameter: param: 2, param2: -1
07-08 17:56:47.883  2085  4507 D EffectHalHidl: audioSchedBoost, set audiohal task boost, pid=2085, tid=4507, ret=0
07-08 17:56:47.883  2085  4507 D EffectHalHidl: audioSchedBoost, set audiohal task boost, pid=2085, tid=4507, ret=0
07-08 17:56:47.883  4627 11429 I AEC.a   : getPortDeviceNameLength(0) return: 745
07-08 17:56:47.883  4627 11429 D AudioEffect-JAVA: getParameter is not Oplus command!
07-08 17:56:47.883  4627 11429 I AudioEffect: getParameter: param: 4, param2: -1
07-08 17:56:47.883  2085  4507 D EffectHalHidl: audioSchedBoost, set audiohal task boost, pid=2085, tid=4507, ret=0
07-08 17:56:47.883  2085  4507 D EffectHalHidl: audioSchedBoost, set audiohal task boost, pid=2085, tid=4507, ret=0
07-08 17:56:47.883  4627 11429 I AEC.a   : getSelectedTuningDevice(0) return: default_speaker_landscape_music_vol2└Ç└Ç└Ç└Ç└Ç└Ç└Ç└Ç└Ç└Ç└Ç└Ç└Ç└Ç└Ç└Ç└Ç└Ç└Ç└Ç└Ç└Ç└Ç└Ç└Ç└Ç└Ç└Ç└Ç└Ç└Ç└Ç└Ç└Ç└Ç└Ç└Ç└Ç└Ç└Ç└Ç└Ç└Ç└Ç└Ç└Ç└Ç└Ç└Ç└Ç└Ç└Ç└Ç└Ç└Ç└Ç└Ç└Ç└Ç└Ç└Ç└Ç└Ç└Ç└Ç└Ç└Ç└Ç└Ç└Ç└Ç└Ç└Ç└Ç└Ç└Ç└Ç└Ç└Ç└Ç└Ç└Ç└Ç└Ç└Ç└Ç└Ç└Ç└Ç└Ç└Ç└Ç└Ç└Ç└Ç└Ç└Ç└Ç└Ç└Ç└Ç└Ç└Ç└Ç└Ç└Ç└Ç└Ç└Ç└Ç└Ç└Ç└Ç└Ç└Ç└Ç└Ç└Ç└Ç└Ç└Ç└Ç└Ç└Ç└Ç└Ç└Ç└Ç└Ç└Ç└Ç└Ç└Ç└Ç└Ç└Ç└Ç└Ç└Ç└Ç└Ç└Ç└Ç└Ç└Ç└Ç└Ç└Ç└Ç└Ç└Ç└Ç└Ç└Ç└Ç└Ç└Ç└Ç└Ç└Ç└Ç└Ç└Ç└Ç└Ç└Ç└Ç└Ç└Ç└Ç└Ç└Ç└Ç└Ç└Ç└Ç└Ç└Ç└Ç└Ç└Ç└Ç└Ç└Ç└Ç└Ç└Ç└Ç└Ç└Ç└Ç└Ç└Ç└Ç└Ç└Ç└Ç└Ç└Ç└Ç└Ç└Ç└Ç└Ç└Ç└Ç└Ç└Ç└Ç└Ç└Ç└Ç└Ç└Ç└Ç└Ç└Ç└Ç└Ç└Ç└Ç└Ç└Ç└Ç└Ç└Ç└Ç└Ç└Ç└Ç└Ç└Ç└Ç└Ç└Ç└Ç└Ç└Ç└Ç└Ç└Ç└Ç└Ç└Ç└Ç└Ç└Ç└Ç└Ç└Ç└Ç└Ç└Ç└Ç└Ç└Ç└Ç└Ç└Ç└Ç└Ç└Ç└Ç└Ç└Ç└Ç└Ç└Ç└Ç└Ç└Ç└Ç└Ç└Ç└Ç└Ç└Ç└Ç└Ç└Ç└Ç└Ç└Ç└Ç└Ç└Ç└Ç└Ç└Ç└Ç└Ç└Ç└Ç└Ç└Ç└Ç└Ç└Ç└Ç└Ç└Ç└Ç└Ç└Ç└Ç└Ç└Ç└Ç└Ç└Ç└Ç└Ç└Ç└Ç└Ç└Ç└Ç└Ç└Ç└Ç└Ç└Ç└Ç└Ç└Ç└Ç└Ç└Ç└Ç└Ç└Ç└Ç└Ç└Ç└Ç└Ç└Ç└Ç└Ç└Ç└Ç└Ç└Ç└Ç└Ç└Ç└Ç└Ç└Ç└Ç└Ç└Ç└Ç└Ç└Ç└Ç└Ç└Ç└Ç└Ç└Ç└Ç└Ç└Ç└Ç└Ç└Ç└Ç└Ç└Ç└Ç└Ç└Ç└Ç└Ç└Ç└Ç└Ç└Ç└Ç└Ç└Ç└Ç└Ç└Ç└Ç└Ç└Ç└Ç└Ç└Ç└Ç└Ç└Ç└Ç└Ç└Ç└Ç└Ç└Ç└Ç└Ç└Ç└Ç└Ç└Ç└Ç└Ç└Ç└Ç└Ç└Ç└Ç└Ç└Ç└Ç└Ç└Ç└Ç└Ç└Ç└Ç└Ç└Ç└Ç└Ç└Ç└Ç└Ç└Ç└Ç└Ç└Ç└Ç└Ç└Ç└Ç└Ç└Ç└Ç└Ç└Ç└Ç└Ç└Ç└Ç└Ç└Ç└Ç└Ç└Ç└Ç└Ç└Ç└Ç└Ç└Ç└Ç└Ç└Ç└Ç└Ç└Ç└Ç└Ç└Ç└Ç└Ç└Ç└Ç└Ç└Ç└Ç└Ç└Ç└Ç└Ç└Ç└Ç└Ç└Ç└Ç└Ç└Ç└Ç└Ç└Ç└Ç└Ç└Ç└Ç└Ç└Ç└Ç└Ç└Ç└Ç└Ç└Ç└Ç└Ç└Ç└Ç└Ç└Ç└Ç└Ç└Ç└Ç└Ç└Ç└Ç└Ç└Ç└Ç└Ç└Ç└Ç└Ç└Ç└Ç└Ç└Ç└Ç└Ç└Ç└Ç└Ç└Ç└Ç└Ç└Ç└Ç└Ç└Ç└Ç└Ç└Ç└Ç└Ç└Ç└Ç└Ç└Ç└Ç└Ç└Ç└Ç└Ç└Ç└Ç└Ç└Ç└Ç└Ç└Ç└Ç└Ç└Ç└Ç└Ç└Ç└Ç└Ç└Ç└Ç└Ç└Ç└Ç└Ç└Ç└Ç└Ç└Ç└Ç└Ç└Ç└Ç└Ç└Ç└Ç└Ç└Ç└Ç└Ç└Ç└Ç└Ç└Ç└Ç└Ç└Ç└Ç└Ç└Ç└Ç└Ç└Ç└Ç└Ç└Ç└Ç└Ç└Ç└Ç└Ç└Ç└Ç└Ç└Ç└Ç└Ç└Ç└Ç└Ç└Ç└Ç└Ç└Ç└Ç└Ç└Ç└Ç└Ç└Ç└Ç└Ç└Ç└Ç└Ç└Ç└Ç└Ç└Ç└Ç└Ç└Ç└Ç└Ç└Ç└Ç└Ç└Ç└Ç└Ç└Ç└Ç└Ç└Ç└Ç└Ç└Ç└Ç└Ç└Ç└Ç└Ç└Ç└Ç└Ç└Ç└Ç└Ç└Ç└Ç└Ç└Ç└Ç└Ç└Ç└Ç└Ç└Ç└Ç└Ç└Ç└Ç└Ç└Ç└Ç└Ç└Ç└Ç└Ç└Ç└Ç└Ç└Ç└Ç└Ç└Ç└Ç└Ç└Ç└Ç└Ç└Ç└Ç└Ç└Ç└Ç└Ç└Ç└Ç└Ç└Ç└Ç└Ç└Ç└Ç└Ç└Ç
07-08 17:56:47.884  4627 11429 I AEC.a   : setSelectedTuningDevice(0, default_speaker_landscape_music_vol2)
07-08 17:56:47.884  4627 11429 I AudioEffect: setParameter(): 0xb400007317842600, param: 4, param2: -1
07-08 17:56:47.884  2085  4507 D EffectHalHidl: audioSchedBoost, set audiohal task boost, pid=2085, tid=4507, ret=0
07-08 17:56:47.884  2085  4507 D EffectHalHidl: audioSchedBoost, set audiohal task boost, pid=2085, tid=4507, ret=0
07-08 17:56:47.884  2000  2158 V DolbyManagerService: doOnDapParamUpdate() entry
07-08 17:56:47.884  2000  2158 V DolbyManagerService: doOnDapParamUpdate() exit
07-08 17:56:47.884  3414  8465 V AudioServiceExtImpl: oplusGetParameters() keyValuePairs:OPLUS_AUDIO_GET_DEVICE_VOLUME_INDEX_FORMUSIC:2, uid: 1000
07-08 17:56:47.884  3414  8465 D AudioServiceExtImpl: KEYS_GET_DEVICE_VOLUME_INDEX vol:62 device2
07-08 17:56:47.885  3414  8465 V AudioServiceExtImpl: oplusGetParameters() keyValuePairs:OPLUS_AUDIO_GET_DEVICE_FORSTREAM:3, uid: 1000
07-08 17:56:47.885  4627 11429 E AEC.h   : setSpkVolParam(): new value: 6; old value: -1
07-08 17:56:47.885  2085  4002 D AFExtImpl: checkTrackBuffer1() track 0xb400007577a60b18 get INFO from NEW, channelCount 2, pid 3031
07-08 17:56:47.885  3414  8465 I AS.SpatializerHelper: isEnabled false
07-08 17:56:47.885  4627 11429 E AEC.h   : setParameter failed because spatializer is not available! 
07-08 17:56:47.885  2085  4002 D AFExtImpl: initFromProperty() 0xb4000075aac6ed80, sAdSwitch 1, typeCheck 0, logdumpEnable 0, pcmdumpEnable 0, trackPid 3031
07-08 17:56:47.885  4627 11429 E AEC.h   : setFlodingModeParam param is the same
07-08 17:56:47.885  3414  8465 V AudioServiceExtImpl: oplusGetParameters() keyValuePairs:OPLUS_AUDIO_GET_DEVICE_FORSTREAM:3, uid: 1000
07-08 17:56:47.886  4627 11429 E AEC.h   : setRevChnParam param is the same
07-08 17:56:47.886  4627 11429 E AEC.h   : setRotationParam(): new value: 0; old value: -1
07-08 17:56:47.886  3414  8465 I AS.SpatializerHelper: isEnabled false
07-08 17:56:47.886  4627 11429 E AEC.h   : setParameter failed because spatializer is not available! 
07-08 17:56:47.886  4627 11429 E AEC.h   : setSpatBtTypeParam Bluetooth is not connected! 
07-08 17:56:47.886  4627 11429 I AEC.h   : restoreValue mBackupProfile: 0
07-08 17:56:47.886  4627 11429 E AEC.h   : setSpatProfileParam(): new value: 0; old value:-1
07-08 17:56:47.886  3414  8465 I AS.SpatializerHelper: isEnabled false
07-08 17:56:47.886  2085  4025 D EffectHalHidl: audioSchedBoost, set audiohal task boost, pid=2085, tid=4025, ret=0
07-08 17:56:47.886  4627 11429 E AEC.h   : setParameter failed because spatializer is not available! 
07-08 17:56:47.895  2085  4025 D EffectHalHidl: audioSchedBoost, set audiohal task boost, pid=2085, tid=4025, ret=0
07-08 17:56:47.895  2085  4025 D EffectHalHidl: audioSchedBoost, set audiohal task boost, pid=2085, tid=4025, ret=0
07-08 17:56:47.895  2085  4025 D EffectHalHidl: audioSchedBoost, set audiohal task boost, pid=2085, tid=4025, ret=0
07-08 17:56:47.895  2085  4025 D EffectChain: process reset volume
07-08 17:56:47.895  2085  4025 D EffectHalHidl: audioSchedBoost, set audiohal task boost, pid=2085, tid=4025, ret=0
07-08 17:56:47.895  2085  4025 D EffectHalHidl: audioSchedBoost, set audiohal task boost, pid=2085, tid=4025, ret=0
07-08 17:56:47.896  2085  4025 D AudioFlinger_EffectsExtImpl: HoloAudio, checkAndEnbaleMetaAudio enable:0, sessionid:17609
07-08 17:56:47.897  2085  2763 D AudioPolicyEffects: releaseOutputSessionEffects(): session: 17609, refCount: 0
07-08 17:56:47.897  2085  2763 I AudioEffect: disable 0xb4000075aacbb000
07-08 17:56:47.897  2085  4025 D AudioBoost: removeActiveTrack id 2283
07-08 17:56:47.897  2085  4025 D AudioBoost: doStopBoostForWake id 2283 +++
07-08 17:56:47.897  2085  4025 D AudioBoost: pid 3031, tid 16203 was boost by other track.
07-08 17:56:47.897  3414  8465 I IPCThreadState: oneway function results for code 10007 on binder at 0xb4000071d6ee69e0 will be dropped but finished with status UNKNOWN_TRANSACTION
07-08 17:56:47.897  2085  4025 D AudioBoost: audioSchedBoost, pid=3031, tid=20241, enable=0, ret=0
07-08 17:56:47.897  2085  4025 D AudioBoost: doStopBoostForWake id 2283 ---
07-08 17:56:47.897  2085  4025 D AudioFlingerExtImpl: updateMetaScenes mMetaScenesOwnerMap[4]=[0,-1]
07-08 17:56:47.897  2085  4025 D AudioFlingerExtImpl: updateMetaScenes mMetaScenesOwnerMap[5]=[0,-1]
07-08 17:56:47.897  2085  4025 D AudioFlinger_PlaybackThreadExtImpl: addActiveTrackPid isSpatialzierTrackPlaying:0 isMetaTrackPlaying:0 isMetaTrack:0
07-08 17:56:47.898  2085  4025 D AudioFlingerExtImpl: getSplitScreenSwitch: screenSwitch = 0
07-08 17:56:47.898  2085  4025 D AudioFlinger_PlaybackThreadExtImpl: notifyAudioTrackRemove event:atlas_event_audio_track_distroy info:pid:3031,sessionId:17609,streamType:3,sampleRate:44100,flags:8,isOffloadThread:0,deviceTypes:2,hasFastMixer:0,isSpatialized:0,stopvl:1.000,stopvr:1.000,metaAudioScene:0,window_rendering:0,mss_mode:0,mss_ratio_vocal:0,mss_ratio_other:0,volumeswitch:0,trackvolumepkg:rd.sheepskin.sandboxmusic
07-08 17:56:47.898  2085  4025 D AtlasEventUploadUtils: setEvent event:atlas_event_audio_track_distroy
07-08 17:56:47.898  2085  4025 D AudioFlingerExtImpl: removeActiveAudioSession, remove 17609, map size 1
07-08 17:56:47.898  2085  4025 D AudioFlinger: updateWakeLockUids_l AudioOut_1D uids:
07-08 17:56:47.898  2085  2763 I AudioEffect: Destructor 0xb4000075aacbb000
07-08 17:56:47.898  2085  2763 I AudioFlinger: removeEffect_l(): 0xb400007587351640, effect = 0xb400007580b0fd00, name = Music Listener
07-08 17:56:47.898  2085  2763 D EffectHalHidl: audioSchedBoost, set audiohal task boost, pid=2085, tid=2763, ret=0
07-08 17:56:47.899  2085  2763 D EffectHalHidl: audioSchedBoost, set audiohal task boost, pid=2085, tid=2763, ret=0
07-08 17:56:47.899  2085  2763 I EffectChain: removeEffect_l() effect 0xb400007580b0fd00, removed from chain 0xb4000075aacc7e80 at rank 0
07-08 17:56:47.899  2085  2763 D AudioFlinger_EffectsExtImpl: HoloAudio, checkAndEnbaleMetaAudio enable:0, sessionid:17609
07-08 17:56:47.899  2085  2763 I AudioFlinger: removeEffectChain_l() 0xb4000075aacc7e80 from thread 0xb400007587351640 for session 17609
07-08 17:56:47.899  2085  2763 I EffectModule: Destructor 0xb400007580b0fd00
07-08 17:56:47.899  2085  4025 I EffectChain: ~EffectChain(): delete EffectChain = 0xb4000075aacc7e80
07-08 17:56:47.899  2085  2763 W audioserver: Binder 0xb400007577a8d250 destroyed after setInheritRt before being parceled.
07-08 17:56:47.899  2085  2763 W audioserver: Binder 0xb400007577a8d250 destroyed after setMinSchedulerPolicy before being parceled.
07-08 17:56:47.899  2085  2763 D AudioPolicyEffects: releaseOutputSessionEffects(): output processing released from session: 17609
07-08 17:56:47.899  2085  2763 D AudioPolicyInterfaceImpl: mSessionLatestHandleList removeItem on session 17609, port = 2743
07-08 17:56:47.899  2085  2763 D APM_AudioPolicyManager: stopOutput portId 2743
07-08 17:56:47.899  2085  2763 D APM_AudioPolicyManager: stopOutput() output 29, stream 3, session 17609
07-08 17:56:47.902  2085  2763 D APM_AudioPolicyManager: setOutputDevice() output 29 device AUDIO_DEVICE_NONE force 0 delayMs 218
07-08 17:56:47.902  2085  2763 D APM_AudioPolicyManager: setOutputDevice() output 13 device {AUDIO_DEVICE_OUT_SPEAKER, @:} force 0 delayMs 218
07-08 17:56:47.902  4627 10042 I OplusAtlasAudioDataRecorder:  stopPid:3031 stopSession:17609 containsKey:true mAllVolumpMap size:2 packageName: rd.sheepskin.sandboxmusic window_rendering: 0 mReduceVolumeMap size: 0 stopvl: 1.0 stopvr: 1.0 volumeswitch: 0
07-08 17:56:47.903  2085  2763 D GameAudioEffects: hasAliveFastEffectTracks  return (0)
07-08 17:56:47.903  2085  2763 D AudioPolicyManagerExtImpl: oplusSelectOutputForMusicEffects: pendingOutput  => 13  flags => 0x00000006  outputTageName =>primary output outputs.size(4) older music effect ouput(29), hasAliveGameTracks(0)
07-08 17:56:47.903  2085  2763 D AudioPolicyManagerExtImpl: oplusSelectOutputForMusicEffects pending music output is low latency output, but no alive fast effect tracks, block effectchain fallback to primary, set deepbuffer as defaultEffectsOutput instead
07-08 17:56:47.903  2085  2763 D GameAudioEffects: hasAliveRequestFastTracks  return (0)
07-08 17:56:47.903  2085  4507 D audioserver: OplusMMListWrapper checkInListByUid end module:allow-get-parameters uid:10208 return true
07-08 17:56:47.903  2085  4507 D audioserver: OplusMMListWrapper checkInListByUid end module:allow-get-parameters uid:10208 return true
07-08 17:56:47.921  2015  2140 D vendor.oplus.hardware.charger-V10-service: ret_value:124, read content:,363,363,4146,4145,-144,78,81,1,1,0,456,5003,81,1,4430,300,500,0,5,4500,5,0,1,0,2,0,0,0,1,5397,93,0,3612,4658,0,0,0,0,0,105
07-08 17:56:47.922  2015  2140 D vendor.oplus.hardware.charger-V10-service: gmtime: 2026-07-08-17-56-47
07-08 17:56:47.922  2015  2140 D vendor.oplus.hardware.charger-V10-service: usb_online:1, ac_online:-2147483648, wireless_online:0
07-08 17:56:47.926  2085 10929 D AFExtImpl: low amp playback, but uid 10447 is new detecte
07-08 17:56:47.947  1884  2196 I SDM     : DisplayBase::CommitThread: Received idle timeout, panel: cmd, timeout: 70000 us
07-08 17:56:47.961  2085 20259 D AudioBoost: tryRtBoost, try boost audio rt, pid 3031, tid 20255, ret 0
07-08 17:56:47.957  2085  2085 W AudioRtBoostThr: type=1400 audit(0.0:99956): avc:  denied  { getsched } for  scontext=u:r:audioserver:s0 tcontext=u:r:untrusted_app:s0:c191,c257,c512,c768 tclass=process permissive=0
07-08 17:56:48.008  1854 27779 I sensors-hal: handle_oplus_wise_rgb_event:189, high_pwm_light:lux 89.5,cct 8229.6,brl/algo/ir 36.0/2.0/86.4,pwm/dc 0.0/0.0,rgbc 4062.692383/2282.403564/1596.929321/6771.532715,ts 366022785157154,cnt 23523,flag 0
07-08 17:56:48.050  3414  3414 I NotificationService: Cannot find enqueued record for key: 0|rd.sheepskin.sandboxmusic|88001|null|10447
07-08 17:56:48.053  2141  3457 E HwcComposer: getLuts failed Status(-129, EX_TRANSACTION_FAILED): 'UNKNOWN_TRANSACTION: '
07-08 17:56:48.121  2085 20259 D AudioBoost: tryRtBoost, try boost audio rt, pid 3031, tid 20255, ret 0
07-08 17:56:48.164  1854 10286 I sensors-hal: handle_sns_client_event:316, accel_sample: 0: ts=366022909118352 ns; value = [0.173280, 0.380379, 9.849746], status=3
07-08 17:56:48.176  5703  7977 D CommonApp-116-10447: commonScoreStrategy scenarios 1
07-08 17:56:48.176  5703  7977 D CommonApp-116-10447: notifyScoreChange appScene COMMON score 100
07-08 17:56:48.178  5703  7977 D CommonApp-116-10162: transport layer data is invalid
07-08 17:56:48.190  2015  6827 D charge_time: write 10293s(02:51:33) to ttf, rc=7
07-08 17:56:48.190  2015  6827 D charge_time: type=sdp,reserve_soc=3,soc=78,ui_soc=81,current=144,avg=143,not_chg_cnt=0,stable_cnt=7,fcc=4658,fcc_ratio=91,delta=628,debug=0,region=13,ttf=9913(02:45:13),ui_ttf=10293(02:51:33)
07-08 17:56:48.237  1730  8338 E         : DNS_CACHE: hanle request << lookupdns: hostname:stitcher2.acast.com, servername:^, ai_flags:1024, ai_family:0, ai_socktype:1, ai_protocol:0, netid:0, uid:10447
07-08 17:56:48.237  3031 20268 D DNS_CACHE: oplus_oplus_getaddrinfo_proxy lookup from netd: hostname:stitcher2.acast.com, servname:(null) uid: 10447, result_code:408, res = 0x0, found = 0
07-08 17:56:48.267  1730  8338 E         : DNS_CACHE: hanle request << adddns: hostname:stitcher2.acast.com, servername:^, ai_flags:1024, ai_family:0, ai_socktype:1, ai_protocol:0, netid:0, uid:10447
07-08 17:56:48.268  3031 20268 D DNS_CACHE: oplus_send_dns_response send hostname: stitcher2.acast.com, servname: (null) response into netd: 0, *res = 0xb400007002d3bac0
07-08 17:56:48.273  5522  5756 D DnsDomainBlock: onDnsEvent: latencyMs=22, returnCode=0, uid=10447
07-08 17:56:48.290  3414  8465 D OplusMediaControlService: dispatch getHistoryMediaPlayerInfoList
07-08 17:56:48.294  3414  8465 E MediaControlUtils: tokens is empty
07-08 17:56:48.294  3414  8465 I OplusMediaControlService: getHistoryMediaPlayerInfoList historyInfoList size: 0
07-08 17:56:48.294  4915  5047 I SystemUi--Media: OplusQsMediaUtil-->MEDIA_PANEL-->historyMediaPlayerInfoList: 0 userId is 0
07-08 17:56:48.295  4915  4915 I SystemUi--Media: OplusQsBaseMediaPanelView-->MEDIA_PANEL-->bindOrResetMediaData reason: unBindMediaData, selectData: null
07-08 17:56:48.296  4915  4915 I SystemUi--Media: OplusQsBaseMediaPanelView-->MEDIA_PANEL-->resetButtonEnableState reason=unBindMediaData
07-08 17:56:48.308  2141  3457 E HwcComposer: getLuts failed Status(-129, EX_TRANSACTION_FAILED): 'UNKNOWN_TRANSACTION: '
07-08 17:56:48.309  4915  4915 I SystemUi--Media: OplusQsBaseMediaPanelView-->MEDIA_PANEL-->history list is empty
07-08 17:56:48.310  4915  4915 I SystemUi--QuickSettings: OplusQsBaseMediaPanelView-->setBtnColor default
07-08 17:56:48.318  4915  4915 I SystemUi--QuickSettings: StaggeredPagerLayoutManager_A-->[updatePadding] [2 * 3]-[608 * 304],horizontalSpace=0, verticalSpace=0
07-08 17:56:48.327  4915  4915 I SystemUi--QuickSettings: StaggeredPagerLayoutManager_A-->[updatePadding] [2 * 3]-[608 * 304],horizontalSpace=0, verticalSpace=0
07-08 17:56:48.414  3031 16235 W LOG_FLOWCTRL: ==LOGS OVER PROC QUOTA(300), rows(591) bytes(60977) rd.sheepskin.sandboxmusic u(0) l(0) t(0) c(0) DROPPED==
07-08 17:56:48.414  3031 16235 V Capacitor/Plugin: To native (Capacitor plugin): callbackId: 8590780, pluginId: BackgroundMedia, methodName: getAudioOutputRoute
07-08 17:56:48.414  3031 16235 V Capacitor: callback: 8590780, pluginId: BackgroundMedia, methodName: getAudioOutputRoute, methodData: {}
07-08 17:56:48.415  3031 16235 V Capacitor/Plugin: To native (Capacitor plugin): callbackId: 8590781, pluginId: BackgroundMedia, methodName: getAudioOutputRoute
07-08 17:56:48.415  3031 16235 V Capacitor: callback: 8590781, pluginId: BackgroundMedia, methodName: getAudioOutputRoute, methodData: {}
07-08 17:56:48.416  3031 16235 V Capacitor/Plugin: To native (Capacitor plugin): callbackId: 8590782, pluginId: BackgroundMedia, methodName: getAudioOutputRoute
07-08 17:56:48.416  3031 16235 V Capacitor: callback: 8590782, pluginId: BackgroundMedia, methodName: getAudioOutputRoute, methodData: {}
07-08 17:56:48.417  3031  3031 I Capacitor/Console: File:  - Line 349 - Msg: [object Object]
07-08 17:56:48.417  3031 16235 V Capacitor/Plugin: To native (Capacitor plugin): callbackId: 8590783, pluginId: BackgroundMedia, methodName: getAudioOutputRoute
07-08 17:56:48.417  3031 16235 V Capacitor: callback: 8590783, pluginId: BackgroundMedia, methodName: getAudioOutputRoute, methodData: {}
07-08 17:56:48.417  3031  3031 I Capacitor/Console: File:  - Line 349 - Msg: [object Object]
07-08 17:56:48.418  3031  3031 I Capacitor/Console: File:  - Line 349 - Msg: [object Object]
07-08 17:56:48.418  3031 16235 V Capacitor/Plugin: To native (Capacitor plugin): callbackId: 8590784, pluginId: BackgroundMedia, methodName: getAudioOutputRoute
07-08 17:56:48.418  3031 16235 V Capacitor: callback: 8590784, pluginId: BackgroundMedia, methodName: getAudioOutputRoute, methodData: {}
07-08 17:56:48.419  3031 16235 V Capacitor/Plugin: To native (Capacitor plugin): callbackId: 8590785, pluginId: BackgroundMedia, methodName: getAudioOutputRoute
07-08 17:56:48.419  3031  3031 I Capacitor/Console: File:  - Line 349 - Msg: [object Object]
07-08 17:56:48.419  3031 16235 V Capacitor: callback: 8590785, pluginId: BackgroundMedia, methodName: getAudioOutputRoute, methodData: {}
07-08 17:56:48.419  3031  3031 I Capacitor/Console: File:  - Line 349 - Msg: [object Object]
07-08 17:56:48.419  3031 16235 V Capacitor/Plugin: To native (Capacitor plugin): callbackId: 8590786, pluginId: BackgroundMedia, methodName: stopForeground
07-08 17:56:48.419  3031 16235 V Capacitor: callback: 8590786, pluginId: BackgroundMedia, methodName: stopForeground, methodData: {}
07-08 17:56:48.420  3031  3031 I Capacitor/Console: File:  - Line 349 - Msg: [object Object]
07-08 17:56:48.420  3031  3031 I Capacitor/Console: File:  - Line 349 - Msg: [object Object]
07-08 17:56:48.426  3031  3031 W MediaSessionCompat: Couldn't find a unique registered media button receiver in the given context.
07-08 17:56:48.428  3414  8465 I MediaSessionStack: addSession to bottom of stack | record: rd.sheepskin.sandboxmusic/SovereignMusicConsole/8569 (userId=0)
07-08 17:56:48.428  3414  8465 D MediaSessionService: Media button session is changed to rd.sheepskin.sandboxmusic/SovereignMusicConsole/8569 (userId=0)
07-08 17:56:48.431  3414  3414 I OplusMediaControlService: onActiveSessionsChanged begin
07-08 17:56:48.431  3414  8731 D MediaSessionStack: getMediaButtonSession() mMediaButtonSession=rd.sheepskin.sandboxmusic/SovereignMusicConsole/8569 (userId=0)
07-08 17:56:48.431  3414  3414 I OplusMediaControlService: onEventFromMediaControllerList controller size = 0
07-08 17:56:48.431  3414  3414 I OplusMediaControlService: updateControllerMap begin
07-08 17:56:48.431  3414  3414 I OplusMediaControlService: updataPlayStateMap begin
07-08 17:56:48.431  3414  3414 I OplusMediaControlService: updateMetadataMap begin
07-08 17:56:48.431  3414  3414 I OplusMediaControlService: updatePlayerInfoList event = com.oplus.media.OplusMediaEvent@fcde850
07-08 17:56:48.431  3414  3414 I OplusMediaControlService: sendOnEventMessage begin, eventType: 6, observer: android.os.BinderProxy@53ef40b
07-08 17:56:48.431  3414  3414 I OplusMediaControlService: onActiveSessionsChanged begin
07-08 17:56:48.431  3414  3414 I OplusMediaControlService: onEventFromMediaControllerList controller size = 0
07-08 17:56:48.431  3414  3414 I OplusMediaControlService: updateControllerMap begin
07-08 17:56:48.431  3414  3414 I OplusMediaControlService: updataPlayStateMap begin
07-08 17:56:48.431  3414  3414 I OplusMediaControlService: updateMetadataMap begin
07-08 17:56:48.431  3414  3414 I OplusMediaControlService: updatePlayerInfoList event = com.oplus.media.OplusMediaEvent@5547a49
07-08 17:56:48.431  3414  3414 I OplusMediaControlService: sendOnEventMessage begin, eventType: 6, observer: android.os.BinderProxy@53ef40b
07-08 17:56:48.432  3414  3414 I OplusMediaControlService: on event EventType: 6
07-08 17:56:48.432  3414  3414 I OplusMediaControlService: on event EventType: 6
07-08 17:56:48.432  3414  4391 D MediaSessionService: onSessionActiveStateChanged: record=rd.sheepskin.sandboxmusic/SovereignMusicConsole/8569 (userId=0) playbackState=null
07-08 17:56:48.433  3414  8465 I OplusMediaControlService: unregisterEventObserver start, observer: android.os.BinderProxy@53ef40b, callerUid: 10208
07-08 17:56:48.433  3414  8465 I OplusMediaControlService: unregisterEventObserver successfully.
07-08 17:56:48.434  3414  8731 I OplusMediaControlService: registerEventObserver start, observer: android.os.BinderProxy@53ef40b, callerUid: 10208
07-08 17:56:48.434  3414  3414 I OplusMediaControlService: onActiveSessionsChanged begin
07-08 17:56:48.435  3414  4859 I ActivityManager: Background started FGS: Allowed [callingPackage: rd.sheepskin.sandboxmusic; callingUid: 10447; uidState: TOP ; uidBFSL: [BFSL]; intent: Intent { act=rd.sheepskin.sandboxmusic.action.MEDIA_STOP xflg=0x4 cmp=rd.sheepskin.sandboxmusic/.MediaPlaybackForegroundService mCallingUid=10447 }; code:PROC_STATE_TOP; tempAllowListReason:<,reasonCode:SYSTEM_ALLOW_LISTED,duration:9223372036854775807,callingUid:-1>; allowWiu:12; targetSdkVersion:36; callerTargetSdkVersion:36; startForegroundCount:0; bindFromPackage:null: isBindService:false]
07-08 17:56:48.435  3414  4391 I OplusMediaControlService: unregisterEventObserver start, observer: android.os.BinderProxy@53ef40b, callerUid: 10208
07-08 17:56:48.435  3414  4391 I OplusMediaControlService: unregisterEventObserver successfully.
07-08 17:56:48.436  4915  5028 I SystemUi--QuickSettings: OplusFgsManagerController-->onForegroundStateChanged: rd.sheepskin.sandboxmusic 0 true 3
07-08 17:56:48.436  3414  8465 I OplusMediaControlService: registerEventObserver start, observer: android.os.BinderProxy@53ef40b, callerUid: 10208
07-08 17:56:48.437  4915  5028 I SystemUi--QuickSettings: OplusFgsManagerController-->onForegroundStateChanged numPackagesAfter: 4
07-08 17:56:48.437  3031  3031 I Capacitor/Console: File:  - Line 333 - Msg: {"route":"speaker"}
07-08 17:56:48.437  3031  3031 I Capacitor/Console: File:  - Line 333 - Msg: {"route":"speaker"}
07-08 17:56:48.437  3031  3031 I Capacitor/Console: File:  - Line 333 - Msg: {"route":"speaker"}
07-08 17:56:48.437  4915  5018 I SystemUi--QuickSettings: OplusSeparateQSPrivacyManager-->onNumberOfPackagesChanged numPackages 4
07-08 17:56:48.437  3031  3031 I Capacitor/Console: File:  - Line 333 - Msg: {"route":"speaker"}
07-08 17:56:48.438  3031 16235 V Capacitor/Plugin: To native (Capacitor plugin): callbackId: 8590787, pluginId: BackgroundMedia, methodName: stopAudioRouteWatcher
07-08 17:56:48.438  3031  3031 I Capacitor/Console: File:  - Line 333 - Msg: {"route":"speaker"}
07-08 17:56:48.438  3414  3660 D NotificationService--OplusNotificationFixHelper: fixAppIcon: pkg=rd.sheepskin.sandboxmusic
07-08 17:56:48.438  3414  3660 D NotificationService--OplusNotificationFixHelper: fixAppIcon: appIcon = null, pkg = rd.sheepskin.sandboxmusic
07-08 17:56:48.438  3031 16235 V Capacitor: callback: 8590787, pluginId: BackgroundMedia, methodName: stopAudioRouteWatcher, methodData: {}
07-08 17:56:48.438  3031  3031 I Capacitor/Console: File:  - Line 333 - Msg: {"route":"speaker"}
07-08 17:56:48.438  3414  3660 D NotificationService--NotificationRecord: isSupportRearLight , isRearLight = false mLedRM = false isMultilLed = false
07-08 17:56:48.438  3031  3031 I Capacitor/Console: File:  - Line 333 - Msg: undefined
07-08 17:56:48.438  3031  3031 I Capacitor/Console: File:  - Line 349 - Msg: [object Object]
07-08 17:56:48.438  3031 16235 V Capacitor/Plugin: To native (Capacitor plugin): callbackId: 8590788, pluginId: BackgroundMedia, methodName: getAudioOutputRoute
07-08 17:56:48.439  3031 16235 V Capacitor: callback: 8590788, pluginId: BackgroundMedia, methodName: getAudioOutputRoute, methodData: {}
07-08 17:56:48.439  3414  4391 D MediaSessionService: onSessionActiveStateChanged: record=rd.sheepskin.sandboxmusic/SovereignMusicConsole/8569 (userId=0) playbackState=null
07-08 17:56:48.439  3414  3660 I OplusStatusBarManagerServiceEnhance:  getTopIsFullscreen mTopIsFullscreen: false
07-08 17:56:48.439  3031 16235 V Capacitor/Plugin: To native (Capacitor plugin): callbackId: 8590789, pluginId: BackgroundMedia, methodName: getAudioOutputRoute
07-08 17:56:48.439  3414  4391 W ForegroundServiceTypeLoggerModule: Logger should be tracking FGS types correctly for UID 10447 in package rd.sheepskin.sandboxmusic
07-08 17:56:48.439  3031 16235 V Capacitor: callback: 8590789, pluginId: BackgroundMedia, methodName: getAudioOutputRoute, methodData: {}
07-08 17:56:48.440  5703  8119 I ConferenceScene: onForegroundServiceStateChanged 3031 10447 2 fg_stateMachinesuid is null
07-08 17:56:48.440  3031 16235 V Capacitor/Plugin: To native (Capacitor plugin): callbackId: 8590790, pluginId: BackgroundMedia, methodName: getAudioOutputRoute
07-08 17:56:48.440  3031 16235 V Capacitor: callback: 8590790, pluginId: BackgroundMedia, methodName: getAudioOutputRoute, methodData: {}
07-08 17:56:48.440  4915  5028 I SystemUi--QuickSettings: OplusFgsManagerController-->onForegroundStateChanged: rd.sheepskin.sandboxmusic 0 false 4
07-08 17:56:48.440  4915  5028 I SystemUi--QuickSettings: OplusFgsManagerController-->onForegroundStateChanged numPackagesAfter: 3
07-08 17:56:48.440  3031  3031 I Capacitor/Console: File:  - Line 349 - Msg: [object Object]
07-08 17:56:48.440  4915  5018 I SystemUi--QuickSettings: OplusSeparateQSPrivacyManager-->onNumberOfPackagesChanged numPackages 3
07-08 17:56:48.441  5703  8119 I ConferenceScene: onForegroundServiceStateChanged 3031 10447 0 fg_stateMachinesuid is null
07-08 17:56:48.441  3031  3031 I Capacitor/Console: File:  - Line 349 - Msg: [object Object]
07-08 17:56:48.441  3031 16235 V Capacitor/Plugin: To native (Capacitor plugin): callbackId: 8590791, pluginId: BackgroundMedia, methodName: getAudioOutputRoute
07-08 17:56:48.441  3031 16235 V Capacitor: callback: 8590791, pluginId: BackgroundMedia, methodName: getAudioOutputRoute, methodData: {}
07-08 17:56:48.441  3031  3031 I Capacitor/Console: File:  - Line 349 - Msg: [object Object]
07-08 17:56:48.441  3031  3031 I Capacitor/Console: File:  - Line 349 - Msg: [object Object]
07-08 17:56:48.441  3031 16235 V Capacitor/Plugin: To native (Capacitor plugin): callbackId: 8590792, pluginId: BackgroundMedia, methodName: getAudioOutputRoute
07-08 17:56:48.441  2085 20259 D AudioBoost: tryRtBoost, try boost audio rt, pid 3031, tid 20255, ret 0
07-08 17:56:48.441  2085 20259 E AudioBoost: requestPriority did not receive expected priority boost on time pid: 3031 tid: 20255
07-08 17:56:48.442  2085 20259 D AudioBoost: tryRtBoost, try boost audio rt, pid 3031, tid 20255, ret 0
07-08 17:56:48.442  3031 16235 V Capacitor: callback: 8590792, pluginId: BackgroundMedia, methodName: getAudioOutputRoute, methodData: {}
07-08 17:56:48.442  3414  3414 I OplusMediaControlService: onEventFromMediaControllerList controller size = 1
07-08 17:56:48.442  3414  3414 I OplusMediaControlService: getPlayerInfo, playerId: 18571897, pkgname: rd.sheepskin.sandboxmusic
07-08 17:56:48.442  3031 16235 V Capacitor/Plugin: To native (Capacitor plugin): callbackId: 8590793, pluginId: BackgroundMedia, methodName: getAudioOutputRoute
07-08 17:56:48.442  3031 16235 V Capacitor: callback: 8590793, pluginId: BackgroundMedia, methodName: getAudioOutputRoute, methodData: {}
07-08 17:56:48.442  3414  3414 I MediaControlUtils: addPlayers | players: [18571897 | rd.sheepskin.sandboxmusic]
07-08 17:56:48.442  3414  3414 I OplusMediaControlService: updateControllerMap begin
07-08 17:56:48.442  3414  3414 I OplusMediaControlService: updataPlayStateMap begin
07-08 17:56:48.442  3414  3414 I OplusMediaControlService: updateMetadataMap begin
07-08 17:56:48.442  3414  3414 I OplusMediaControlService: updatePlayerInfoList event = com.oplus.media.OplusMediaEvent@b8c2981
07-08 17:56:48.442  3414  3414 I OplusMediaControlService: sendOnEventMessage begin, eventType: 6, observer: android.os.BinderProxy@53ef40b
07-08 17:56:48.442  3031  3031 I Capacitor/Console: File:  - Line 349 - Msg: [object Object]
07-08 17:56:48.442  3414  3414 I NasPowerProxyService: on active sessions changed controllers size:[android.media.session.MediaController@a192a26]
07-08 17:56:48.443  3031  3031 I Capacitor/Console: File:  - Line 349 - Msg: [object Object]
07-08 17:56:48.443  3031 16235 V Capacitor/Plugin: To native (Capacitor plugin): callbackId: 8590794, pluginId: BackgroundMedia, methodName: getAudioOutputRoute
07-08 17:56:48.443  3031 16235 V Capacitor: callback: 8590794, pluginId: BackgroundMedia, methodName: getAudioOutputRoute, methodData: {}
07-08 17:56:48.443  3031  3031 I Capacitor/Console: File:  - Line 349 - Msg: [object Object]
07-08 17:56:48.444  3031 16235 V Capacitor/Plugin: To native (Capacitor plugin): callbackId: 8590795, pluginId: BackgroundMedia, methodName: getAudioOutputRoute
07-08 17:56:48.444  3031 16235 V Capacitor: callback: 8590795, pluginId: BackgroundMedia, methodName: getAudioOutputRoute, methodData: {}
07-08 17:56:48.444  3031  3031 I Capacitor/Console: File:  - Line 349 - Msg: [object Object]
07-08 17:56:48.444  3414  3414 D NotificationService--OplusNotificationManagerServiceExtImpl: isForwardToAssistants: true, case : Is local notification
07-08 17:56:48.444  3414  3414 D NotificationService: This application enqueue notifications is need postDelayed mcsAssistantDelayTime: 200
07-08 17:56:48.445  3414  4391 I MediaSessionStack: removeSession | record: rd.sheepskin.sandboxmusic/SovereignMusicConsole/8569 (userId=0)
07-08 17:56:48.445  3031 16235 V Capacitor/Plugin: To native (Capacitor plugin): callbackId: 8590796, pluginId: BackgroundMedia, methodName: setWiredDacStabilityEnabled
07-08 17:56:48.445  3031 16235 V Capacitor: callback: 8590796, pluginId: BackgroundMedia, methodName: setWiredDacStabilityEnabled, methodData: {"enabled":true}
07-08 17:56:48.445  3414  4391 D MediaSessionService: Media button session is changed to null
07-08 17:56:48.445  3414  4391 D MediaSessionService: destroySessionLocked: record=rd.sheepskin.sandboxmusic/SovereignMusicConsole/8569 (userId=0)
07-08 17:56:48.445  3031  3031 I Capacitor/Console: File:  - Line 349 - Msg: [object Object]
07-08 17:56:48.445  3031  3031 I Capacitor/Console: File:  - Line 349 - Msg: [object Object]
07-08 17:56:48.445  3031 16235 V Capacitor/Plugin: To native (Capacitor plugin): callbackId: 8590797, pluginId: BackgroundMedia, methodName: startAudioRouteWatcher
07-08 17:56:48.445  3031 16235 V Capacitor: callback: 8590797, pluginId: BackgroundMedia, methodName: startAudioRouteWatcher, methodData: {}
07-08 17:56:48.446  3031 16235 V Capacitor/Plugin: To native (Capacitor plugin): callbackId: 8590798, pluginId: BackgroundMedia, methodName: addListener
07-08 17:56:48.446  3031 16235 V Capacitor: callback: 8590798, pluginId: BackgroundMedia, methodName: addListener, methodData: {"eventName":"audioRouteChange"}
07-08 17:56:48.446  3031  3031 I Capacitor/Console: File:  - Line 349 - Msg: [object Object]
07-08 17:56:48.446  3031 16235 V Capacitor/Plugin: To native (Capacitor plugin): callbackId: 8590799, pluginId: BackgroundMedia, methodName: getAudioOutputRoute
07-08 17:56:48.446  3031 16235 V Capacitor: callback: 8590799, pluginId: BackgroundMedia, methodName: getAudioOutputRoute, methodData: {}
07-08 17:56:48.446  3031  3031 I Capacitor/Console: File:  - Line 349 - Msg: [object Object]
07-08 17:56:48.447  3031 16235 V Capacitor/Plugin: To native (Capacitor plugin): callbackId: 8590800, pluginId: BackgroundMedia, methodName: removeListener
07-08 17:56:48.447  3031 16235 V Capacitor: callback: 8590800, pluginId: BackgroundMedia, methodName: removeListener, methodData: {"eventName":"audioRouteChange","callbackId":"8590650"}
07-08 17:56:48.447  3031 16217 V Capacitor/BackgroundMediaPlugin: Notifying listeners for event audioRouteChange
07-08 17:56:48.447  3031  3031 I Capacitor/Console: File:  - Line 349 - Msg: [object Object]
07-08 17:56:48.447  3031 16235 V Capacitor/Plugin: To native (Capacitor plugin): callbackId: 8590801, pluginId: BackgroundMedia, methodName: startForeground
07-08 17:56:48.447  3031 16235 V Capacitor: callback: 8590801, pluginId: BackgroundMedia, methodName: startForeground, methodData: {}
07-08 17:56:48.447  3031  3031 I Capacitor/Console: File:  - Line 349 - Msg: [object Object]
07-08 17:56:48.448  3752  3797 I DRS_LOG_UploadJobScheduler[79866]: PSEUDO triggered, next=5m, base=5m, config:5min, policy=FixedInterval
