--------- beginning of main
06-17 14:38:25.767  1960  6585 D charge_time: type=sdp,reserve_soc=3,soc=79,ui_soc=82,current=153,avg=153,not_chg_cnt=0,stable_cnt=7,fcc=4226,fcc_ratio=82,delta=298,debug=0,region=12,ttf=8103(02:15:03),ui_ttf=6991(01:56:31)
06-17 14:38:25.767  1433  1441 I android.system.suspend-service: WakeLockInfo{name:PowerManagerService.Display, totalTime:211356878, isActive:1, activeTime:2035936, isKernelWakelock:0, pid:3480}
06-17 14:38:25.767  1433  1441 I android.system.suspend-service: WakeLockInfo{name:PowerManager.SuspendLockout, totalTime:210472987, isActive:1, activeTime:2035936, isKernelWakelock:0, pid:3480}
06-17 14:38:25.767  1927 12751 I [UAH_CLIENT]: UahRelease, handle:419778
06-17 14:38:25.776  3480  4824 I Osense-PsiDetector: 3016,512,380,5631,94,430,542,2188,3060,857,1798,0,12,10777
06-17 14:38:25.777  3480  4817 I Osense-BaseDecisionMaker: notifySceneToAthenaPolicy: SCENE_RES_MEM_PSI_NORMAL, bundle: Bundle[{memLevel=4}]
06-17 14:38:25.777 27029 27071 I metis_v2_OsenseCallBack: memLevel: 4
06-17 14:38:25.778  3480  4817 I Osense-BaseDecisionMaker: notifySceneToAthenaPolicy: SCENE_RES_MEM_PSI_LEAK, bundle: Bundle[{memLevel=4}]
06-17 14:38:25.800  9623 12253 V Capacitor/Plugin: To native (Capacitor plugin): callbackId: 76175974, pluginId: NativeExoPlayback, methodName: getStatus
06-17 14:38:25.800  9623  9623 I Capacitor/Console: File:  - Line 349 - Msg: [object Object]
06-17 14:38:25.800  9623 12253 V Capacitor: callback: 76175974, pluginId: NativeExoPlayback, methodName: getStatus, methodData: {}
06-17 14:38:25.807  9623  9623 I Capacitor/Console: File:  - Line 333 - Msg: {"available":true,"wired":true,"message":"ExoPlayer gapless queue  content:// locker bridge + HTTP streams.","state":"idle","positionSecs":0,"durationSecs":0,"queueIndex":0,"queueLength":0,"gaplessEnabled":true,"crossfadeEnabled":false,"bitPerfectActive":false}
06-17 14:38:26.011  3274  3274 I OplusTouchDaemon: ts_run_service: shellback temperature updated 32 (32600)
06-17 14:38:26.037  1858 21547 I WifiHAL : event received NL80211_CMD_VENDOR, vendor_id = 0x1374, subcmd = 0xd
06-17 14:38:26.037  3084  3084 I cnss-daemon: nl80211 response handler invoked
06-17 14:38:26.037  3084  3084 I cnss-daemon: nl80211_response_handler: cmd 103, vendorID 4980, subcmd 13  received
06-17 14:38:26.102  1851 17883 I sensors-hal: handle_oplus_wise_rgb_event:160, wise_rgb:(1361)(cct,lux,ir)[5300.00, 20.84, 0.000000](rgbc)[763.66, 581.50, 361.57, 1508.14](pwm,hbm,brl,algo)[0.0 0.0 36.0 2.0],flag 0
06-17 14:38:26.180  1851 17912 I sensors-hal: handle_sns_std_sensor_event:104, oplus rgb_rear sample: (cct, lux, ir, x, y)[13224, 0, 300000, 368, 139]
06-17 14:38:26.180  1851 17912 I sensors-hal: handle_sns_std_sensor_event:106, oplus rgb_rear sample: (r, g, b, c w)[2, 1, 2, 1, 3]
06-17 14:38:26.199  9623  9623 I Capacitor/Console: File:  - Line 349 - Msg: [object Object]
06-17 14:38:26.200  9623 12253 V Capacitor/Plugin: To native (Capacitor plugin): callbackId: 76175975, pluginId: NativeExoPlayback, methodName: getStatus
06-17 14:38:26.200  9623 12253 V Capacitor: callback: 76175975, pluginId: NativeExoPlayback, methodName: getStatus, methodData: {}
06-17 14:38:26.203  9623  9623 I Capacitor/Console: File:  - Line 333 - Msg: {"available":true,"wired":true,"message":"ExoPlayer gapless queue  content:// locker bridge + HTTP streams.","state":"idle","positionSecs":0,"durationSecs":0,"queueIndex":0,"queueLength":0,"gaplessEnabled":true,"crossfadeEnabled":false,"bitPerfectActive":false}
06-17 14:38:26.302  3480  4315 I CwbClient: setCWBDisplayType set mFeatureID = CWB_RGB_VALUE
06-17 14:38:26.404  3480  4824 I Osense-PsiDetector: 3013,439,382,5631,94,430,542,2192,3130,873,1852,0,12,10777
06-17 14:38:26.404  3480  4817 I Osense-BaseDecisionMaker: notifySceneToAthenaPolicy: SCENE_RES_MEM_PSI_NORMAL, bundle: Bundle[{memLevel=3}]
06-17 14:38:26.406  5717  5717 D VendorWifiService: onEvent event:9,action:1
06-17 14:38:26.410  3480  4584 D ScorerUtils: isLowTraffic: txTputKBps=0, rxTputKBps=2
06-17 14:38:26.411  3480  4584 D OplusWifiPower_TriggerCenter: mComponentCallback: wifistat
06-17 14:38:26.421  1927  2069 I [UAH_CLIENT]: UahPlatformResAcquire
06-17 14:38:26.421  1927  2069 I [UAH_CLIENT]: UahEventAcquire, cmdid:-3, pkg:2138 9272, identity:qcom-perfd
06-17 14:38:26.422  1927  2059 E ANDR-PERF-RESOURCEQS: ANDR-PERF-RESOURCEQS: AddAndApply() 125: Resource with major=16, minor=0 not supported
06-17 14:38:26.437  2138  2762 E HwcComposer: getLuts failed Status(-129, EX_TRANSACTION_FAILED): 'UNKNOWN_TRANSACTION: '
06-17 14:38:26.440  1927 12753 I [UAH_CLIENT]: UahRelease, handle:419779
06-17 14:38:26.491  5717  7539 D CommonApp-227-10445: transport layer data is invalid
06-17 14:38:26.503  3480  4315 D FusionLightNextGen: raw_lux -1.0, raw_cct -1.0, r/g/b/c: 748.4/567.0/361.6/1493.1, R/G/B: 28.0/27.0/24.0, bri 36.0, lux: 18.808617, cct: 5300.0, ir: 0.062846, conf: 2, cnt: 0
06-17 14:38:26.508  3480  4824 I Osense-PsiDetector: 3012,418,382,5631,94,430,543,2193,3150,873,1872,0,12,10780
06-17 14:38:26.571  1871  2342 I SDM     : DisplayBase::CommitThread: Received idle timeout, panel: cmd, timeout: 69999 us
06-17 14:38:26.599  9623 12253 V Capacitor/Plugin: To native (Capacitor plugin): callbackId: 76175976, pluginId: NativeExoPlayback, methodName: getStatus
06-17 14:38:26.600  9623  9623 I Capacitor/Console: File:  - Line 349 - Msg: [object Object]
06-17 14:38:26.600  9623 12253 V Capacitor: callback: 76175976, pluginId: NativeExoPlayback, methodName: getStatus, methodData: {}
06-17 14:38:26.606  9623  9623 I Capacitor/Console: File:  - Line 333 - Msg: {"available":true,"wired":true,"message":"ExoPlayer gapless queue  content:// locker bridge + HTTP streams.","state":"idle","positionSecs":0,"durationSecs":0,"queueIndex":0,"queueLength":0,"gaplessEnabled":true,"crossfadeEnabled":false,"bitPerfectActive":false}
06-17 14:38:26.613 27029 27071 I metis_v2_OsenseCallBack: memLevel: 0
06-17 14:38:26.688  2138  2762 E HwcComposer: getLuts failed Status(-129, EX_TRANSACTION_FAILED): 'UNKNOWN_TRANSACTION: '
06-17 14:38:26.701  1851 17756 I sensors-hal: handle_oplus_wise_rgb_event:189, high_pwm_light:lux 20.1,cct 5300.0,brl/algo/ir 36.0/2.0/0.0,pwm/dc 0.0/0.0,rgbc 763.663940/581.504089/361.568909/1493.055054,ts 952228380583186,cnt 1364,flag 0
06-17 14:38:26.725  1960  1986 D BatteryChargeControl: bcc get no support from charging protocol
06-17 14:38:26.768  1960  6585 D charge_time: type=sdp,reserve_soc=3,soc=79,ui_soc=82,current=153,avg=153,not_chg_cnt=0,stable_cnt=7,fcc=4226,fcc_ratio=82,delta=299,debug=0,region=12,ttf=8102(02:15:02),ui_ttf=6990(01:56:30)
06-17 14:38:26.781  3480  6040 I AICCTModule: SensorFilter: brightness threshold 1.2 screenNit is 2.012943 ave enviroment lux is 18.938478 luxForNit 43.66335demarcationPoint200.0 result is false
06-17 14:38:26.781  3480  6040 I AICCTModule: SensorFilter: findSecondNearestValue, sensorValue: 5300.0 nearestMaxValue:5300.0 secondNearestValue: 5300.0
06-17 14:38:26.781  3480  6040 I AICCTModule: SensorFilter: findSecondNearestValue, sensorValue: 19.003408 nearestMaxValue:19.003408 secondNearestValue: 19.003408
06-17 14:38:26.824 27029 27071 I metis_v2_OsenseCallBack: memLevel: 4
06-17 14:38:26.827  3480  4824 I Osense-PsiDetector: 3011,353,382,5631,94,430,543,2194,3213,873,1935,0,12,10779
06-17 14:38:26.828  3480  4817 I Osense-BaseDecisionMaker: notifySceneToAthenaPolicy: SCENE_RES_MEM_PSI_NORMAL, bundle: Bundle[{memLevel=4}]
06-17 14:38:26.831  3480  4817 I Osense-BaseDecisionMaker: notifySceneToAthenaPolicy: SCENE_RES_MEM_PSI_LEAK, bundle: Bundle[{memLevel=4}]
06-17 14:38:26.833  3480  4186 E OsenseCommonUtils: write /dev/memcg/memory.force_shrink_file failed
06-17 14:38:26.833  3480  4186 E OsenseCommonUtils: java.io.IOException: write failed: EBUSY (Device or resource busy)
06-17 14:38:26.833  3480  4186 E OsenseCommonUtils: 	at libcore.io.IoBridge.write(IoBridge.java:651)
06-17 14:38:26.833  3480  4186 E OsenseCommonUtils: 	at java.io.FileOutputStream.write(FileOutputStream.java:436)
06-17 14:38:26.833  3480  4186 E OsenseCommonUtils: 	at sun.nio.cs.StreamEncoder.writeBytes(StreamEncoder.java:233)
06-17 14:38:26.833  3480  4186 E OsenseCommonUtils: 	at sun.nio.cs.StreamEncoder.implFlushBuffer(StreamEncoder.java:309)
06-17 14:38:26.833  3480  4186 E OsenseCommonUtils: 	at sun.nio.cs.StreamEncoder.implFlush(StreamEncoder.java:313)
06-17 14:38:26.833  3480  4186 E OsenseCommonUtils: 	at sun.nio.cs.StreamEncoder.flush(StreamEncoder.java:153)
06-17 14:38:26.833  3480  4186 E OsenseCommonUtils: 	at java.io.OutputStreamWriter.flush(OutputStreamWriter.java:248)
06-17 14:38:26.833  3480  4186 E OsenseCommonUtils: 	at com.android.server.oplus.osense.utils.OsenseCommonUtils.writeFile(OsenseCommonUtils.java:163)
06-17 14:38:26.833  3480  4186 E OsenseCommonUtils: 	at com.android.server.am.OplusOsenseCompressAction.doGlobalShrink(OplusOsenseCompressAction.java:1805)
06-17 14:38:26.833  3480  4186 E OsenseCommonUtils: 	at com.android.server.am.OplusOsenseCompressAction.-$$Nest$mdoGlobalShrink(Unknown Source:0)
06-17 14:38:26.833  3480  4186 E OsenseCommonUtils: 	at com.android.server.am.OplusOsenseCompressAction$CompressHandler.handleMessage(OplusOsenseCompressAction.java:1270)
06-17 14:38:26.833  3480  4186 E OsenseCommonUtils: 	at android.os.Handler.dispatchMessage(Handler.java:116)
06-17 14:38:26.833  3480  4186 E OsenseCommonUtils: 	at android.os.Looper.loopOnce(Looper.java:306)
06-17 14:38:26.833  3480  4186 E OsenseCommonUtils: 	at android.os.Looper.loop(Looper.java:416)
06-17 14:38:26.833  3480  4186 E OsenseCommonUtils: 	at android.os.HandlerThread.run(HandlerThread.java:85)
06-17 14:38:26.833  3480  4186 E OsenseCommonUtils: Caused by: android.system.ErrnoException: write failed: EBUSY (Device or resource busy)
06-17 14:38:26.833  3480  4186 E OsenseCommonUtils: 	at libcore.io.Linux.writeBytes(Native Method)
06-17 14:38:26.833  3480  4186 E OsenseCommonUtils: 	at libcore.io.Linux.write(Linux.java:338)
06-17 14:38:26.833  3480  4186 E OsenseCommonUtils: 	at libcore.io.ForwardingOs.write(ForwardingOs.java:954)
06-17 14:38:26.833  3480  4186 E OsenseCommonUtils: 	at libcore.io.BlockGuardOs.write(BlockGuardOs.java:448)
06-17 14:38:26.833  3480  4186 E OsenseCommonUtils: 	at libcore.io.IoBridge.write(IoBridge.java:646)
06-17 14:38:26.833  3480  4186 E OsenseCommonUtils: 	... 14 more
06-17 14:38:26.939 18122 18734 E msys    : E[N mns:DGWClient]_OnDiskCacheGetData(1091)=>Start post callback cache refresh DNS resolution
06-17 14:38:26.940  1722  9292 E         : DNS_CACHE: hanle request << lookupdns: hostname:test-gateway.instagram.com, servername:443, ai_flags:1024, ai_family:0, ai_socktype:2, ai_protocol:0, netid:0, uid:10526
06-17 14:38:26.941 18122 18738 D DNS_CACHE: oplus_oplus_getaddrinfo_proxy lookup from netd: hostname:test-gateway.instagram.com, servname:443 uid: 10526, result_code:408, res = 0x0, found = 0
06-17 14:38:26.943 18122 18734 E msys    : E[N mns:DGWClient]_OnDiskCacheGetData(1091)=>Start post callback cache refresh DNS resolution
06-17 14:38:26.946  5566  5859 D DnsDomainBlock: onDnsEvent: latencyMs=0, returnCode=4, uid=10526
06-17 14:38:26.946  1722  9292 E         : DNS_CACHE: hanle request << lookupdns: hostname:test-gateway.instagram.com, servername:443, ai_flags:1024, ai_family:0, ai_socktype:1, ai_protocol:0, netid:0, uid:10526
06-17 14:38:26.947 18122 18736 D DNS_CACHE: oplus_oplus_getaddrinfo_proxy lookup from netd: hostname:test-gateway.instagram.com, servname:443 uid: 10526, result_code:408, res = 0x0, found = 0
06-17 14:38:26.947 18122 18734 E msys    : E[N mns:DGWClient]_LogError(280)=>Failed to resolve using system DNS resolver, getaddrinfo(): No address associated with hostname
06-17 14:38:26.948 18122 18734 E msys    : E[N mns:DGWClient]_LogError(280)=>Failed to resolve using system DNS resolver, getaddrinfo(): No address associated with hostname
06-17 14:38:27.000  9623 12253 V Capacitor/Plugin: To native (Capacitor plugin): callbackId: 76175977, pluginId: NativeExoPlayback, methodName: getStatus
06-17 14:38:27.000  9623  9623 I Capacitor/Console: File:  - Line 349 - Msg: [object Object]
06-17 14:38:27.001  9623 12253 V Capacitor: callback: 76175977, pluginId: NativeExoPlayback, methodName: getStatus, methodData: {}
06-17 14:38:27.009  9623  9623 I Capacitor/Console: File:  - Line 333 - Msg: {"available":true,"wired":true,"message":"ExoPlayer gapless queue  content:// locker bridge + HTTP streams.","state":"idle","positionSecs":0,"durationSecs":0,"queueIndex":0,"queueLength":0,"gaplessEnabled":true,"crossfadeEnabled":false,"bitPerfectActive":false}
06-17 14:38:27.101  1851 17883 I sensors-hal: handle_oplus_wise_rgb_event:160, wise_rgb:(1366)(cct,lux,ir)[5300.00, 20.85, 0.000000](rgbc)[763.66, 566.97, 361.57, 1493.06](pwm,hbm,brl,algo)[0.0 0.0 36.0 2.0],flag 0
06-17 14:38:27.172  1927  2069 I [UAH_CLIENT]: UahPlatformResAcquire
06-17 14:38:27.172  1927  2069 I [UAH_CLIENT]: UahEventAcquire, cmdid:-3, pkg:2138 9273, identity:qcom-perfd
06-17 14:38:27.173  1927  2059 E ANDR-PERF-RESOURCEQS: ANDR-PERF-RESOURCEQS: AddAndApply() 125: Resource with major=16, minor=0 not supported
06-17 14:38:27.191  1927 12760 I [UAH_CLIENT]: UahRelease, handle:419780
06-17 14:38:27.210  1843  1843 D healthd : system healthd: battery l=82 v=4179 t=32.6 h=2 st=2 c=-153 fc=5400000 cc=924 chg=u
06-17 14:38:27.212  1960  1960 D ChargerInfo: getInfo: type: 0x1, update: 1
06-17 14:38:27.212  1960  1973 D ChargerInfo: chargerInfoUpdateThread: update start
06-17 14:38:27.214  1960  1973 D ChargerInfo: wlsAdapterPower: path(/sys/class/oplus_chg/wireless/max_w_power): not exist
06-17 14:38:27.214  1960  1973 D ChargerInfo: unknown: path(/sys/class/oplus_chg/ac/online) and backupPath(/sys/class/power_supply/ac/online) not exist
06-17 14:38:27.215  1960  1973 D ChargerInfo: get_ui_charge_icon_type: [0 0] [0 0] 1
06-17 14:38:27.215  1960  1973 D ChargerInfo: unknown: path(/sys/class/oplus_chg/ac/online) and backupPath(/sys/class/power_supply/ac/online) not exist
06-17 14:38:27.215  1960  1973 D ChargerInfo: cpaPower:2500 isChargeOnline:1 isSupportRetentionTopic:0
06-17 14:38:27.215  1960  1973 E ChargerInfo: SingleHyperPath not found
06-17 14:38:27.215  1960  1973 D ChargerInfo: chargerInfoUpdateThread: update end
06-17 14:38:27.215  1960  1973 D ChargerInfo: chargerInfoUpdateThread: update wait
06-17 14:38:27.215  1960  1960 D ChargerInfo: wlsAdapterPower: path(/sys/class/oplus_chg/wireless/max_w_power): not exist
06-17 14:38:27.215  1960  1960 D ChargerInfo: getInfo: {"Update":{"batteryFcc":4226,"batteryRm":3312,"bddLeakCurr":0,"bmsStatus":0,"bypassChgStatus":2,"chargeTimeRemaining":117,"cpaPower":2,"enableTx":"disable","fastCharge":0,"isSupportSpeedCharge":0,"notifyCode":0,"otgOnline":1,"ppsChargePower":0,"ppsCharging":0,"shortCHwStatus":0,"shortIcOtpStatus":0,"uiIconType":0,"uiPower":0,"usbStatus":0,"wlsAdapterPower":0}}
06-17 14:38:27.216  3480  9558 D OplusWifiService: notifyBatteryInfoChanged: feature not supported
06-17 14:38:27.400  9623  9623 I Capacitor/Console: File:  - Line 349 - Msg: [object Object]
06-17 14:38:27.401  9623 12253 V Capacitor/Plugin: To native (Capacitor plugin): callbackId: 76175978, pluginId: NativeExoPlayback, methodName: getStatus
06-17 14:38:27.401  9623 12253 V Capacitor: callback: 76175978, pluginId: NativeExoPlayback, methodName: getStatus, methodData: {}
06-17 14:38:27.405  9623  9623 I Capacitor/Console: File:  - Line 333 - Msg: {"available":true,"wired":true,"message":"ExoPlayer gapless queue  content:// locker bridge + HTTP streams.","state":"idle","positionSecs":0,"durationSecs":0,"queueIndex":0,"queueLength":0,"gaplessEnabled":true,"crossfadeEnabled":false,"bitPerfectActive":false}
06-17 14:38:27.440  1851 26736 I sensors-hal: handle_sns_std_sensor_event:72, rotv_sample: ts=952228951142300, x = 0.019715, y=-0.013829, z = -0.909318, w = 0.415404, acc = -1.000000
06-17 14:38:27.452 27029 27071 I metis_v2_OsenseCallBack: memLevel: 0
06-17 14:38:27.453  3480  4824 I Osense-PsiDetector: 3037,391,364,5631,94,430,543,2179,3214,830,1979,0,12,10779
06-17 14:38:27.453  3480  4817 I Osense-BaseDecisionMaker: notifySceneToAthenaPolicy: SCENE_RES_MEM_PSI_NORMAL, bundle: Bundle[{memLevel=3}]
06-17 14:38:27.453 27029 27071 I metis_v2_OsenseCallBack: memLevel: 3
06-17 14:38:27.515  5717  7539 D CommonApp-227-10445: transport layer data is invalid
06-17 14:38:27.560  3480  4824 I Osense-PsiDetector: 3037,369,364,5631,94,430,543,2179,3235,830,2000,0,12,10779
06-17 14:38:27.664 27029 27071 I metis_v2_OsenseCallBack: memLevel: 0
06-17 14:38:27.727  1960  1986 D BatteryChargeControl: bcc get no support from charging protocol
06-17 14:38:27.769  1960  6585 D charge_time: type=sdp,reserve_soc=3,soc=79,ui_soc=82,current=153,avg=153,not_chg_cnt=0,stable_cnt=7,fcc=4226,fcc_ratio=82,delta=300,debug=0,region=12,ttf=8101(02:15:01),ui_ttf=6989(01:56:29)
06-17 14:38:27.799  9623 12253 V Capacitor/Plugin: To native (Capacitor plugin): callbackId: 76175979, pluginId: NativeExoPlayback, methodName: getStatus
06-17 14:38:27.799  9623  9623 I Capacitor/Console: File:  - Line 349 - Msg: [object Object]
06-17 14:38:27.800  9623 12253 V Capacitor: callback: 76175979, pluginId: NativeExoPlayback, methodName: getStatus, methodData: {}
06-17 14:38:27.806  9623  9623 I Capacitor/Console: File:  - Line 333 - Msg: {"available":true,"wired":true,"message":"ExoPlayer gapless queue  content:// locker bridge + HTTP streams.","state":"idle","positionSecs":0,"durationSecs":0,"queueIndex":0,"queueLength":0,"gaplessEnabled":true,"crossfadeEnabled":false,"bitPerfectActive":false}
06-17 14:38:27.872 27029 27071 I metis_v2_OsenseCallBack: memLevel: 4
06-17 14:38:27.873  3480  4824 I Osense-PsiDetector: 3036,305,364,5631,94,430,543,2180,3298,832,2061,0,12,10777
06-17 14:38:27.873  3480  4817 I Osense-BaseDecisionMaker: notifySceneToAthenaPolicy: SCENE_RES_MEM_PSI_NORMAL, bundle: Bundle[{memLevel=4}]
06-17 14:38:27.876  3480  4817 I Osense-BaseDecisionMaker: notifySceneToAthenaPolicy: SCENE_RES_MEM_PSI_LEAK, bundle: Bundle[{memLevel=4}]
06-17 14:38:28.042  3084  3084 I cnss-daemon: nl80211 response handler invoked
06-17 14:38:28.042  3084  3084 I cnss-daemon: nl80211_response_handler: cmd 103, vendorID 4980, subcmd 13  received
06-17 14:38:28.042  1858 21547 I WifiHAL : event received NL80211_CMD_VENDOR, vendor_id = 0x1374, subcmd = 0xd
06-17 14:38:28.102  1851 17883 I sensors-hal: handle_oplus_wise_rgb_event:160, wise_rgb:(1371)(cct,lux,ir)[5300.00, 20.46, 0.000000](rgbc)[748.39, 566.97, 346.50, 1477.97](pwm,hbm,brl,algo)[0.0 0.0 36.0 2.0],flag 0
06-17 14:38:28.199  9623  9623 I Capacitor/Console: File:  - Line 349 - Msg: [object Object]
06-17 14:38:28.199  9623 12253 V Capacitor/Plugin: To native (Capacitor plugin): callbackId: 76175980, pluginId: NativeExoPlayback, methodName: getStatus
06-17 14:38:28.200  9623 12253 V Capacitor: callback: 76175980, pluginId: NativeExoPlayback, methodName: getStatus, methodData: {}
06-17 14:38:28.206  9623  9623 I Capacitor/Console: File:  - Line 333 - Msg: {"available":true,"wired":true,"message":"ExoPlayer gapless queue  content:// locker bridge + HTTP streams.","state":"idle","positionSecs":0,"durationSecs":0,"queueIndex":0,"queueLength":0,"gaplessEnabled":true,"crossfadeEnabled":false,"bitPerfectActive":false}
06-17 14:38:28.346  1851 14865 I sensors-hal: handle_sns_client_event:316, accel_sample: 0: ts=952230018329592 ns; value = [-0.228945, 0.421080, 9.849746], status=3
06-17 14:38:28.498  3480  4824 I Osense-PsiDetector: 3042,312,347,5631,94,430,543,2167,3308,795,2107,0,12,10777
06-17 14:38:28.499  3480  4817 I Osense-BaseDecisionMaker: notifySceneToAthenaPolicy: SCENE_RES_MEM_PSI_NORMAL, bundle: Bundle[{memLevel=3}]
06-17 14:38:28.539  5717  7539 D CommonApp-227-10445: transport layer data is invalid
06-17 14:38:28.598  9623  9623 I Capacitor/Console: File:  - Line 349 - Msg: [object Object]
06-17 14:38:28.599  3480  4824 I Osense-PsiDetector: 3045,342,342,5631,94,430,543,2163,3283,782,2095,0,12,10777
06-17 14:38:28.600  9623 12253 V Capacitor/Plugin: To native (Capacitor plugin): callbackId: 76175981, pluginId: NativeExoPlayback, methodName: getStatus
06-17 14:38:28.601  9623 12253 V Capacitor: callback: 76175981, pluginId: NativeExoPlayback, methodName: getStatus, methodData: {}
06-17 14:38:28.604  9623  9623 I Capacitor/Console: File:  - Line 333 - Msg: {"available":true,"wired":true,"message":"ExoPlayer gapless queue  content:// locker bridge + HTTP streams.","state":"idle","positionSecs":0,"durationSecs":0,"queueIndex":0,"queueLength":0,"gaplessEnabled":true,"crossfadeEnabled":false,"bitPerfectActive":false}
06-17 14:38:28.702  1851 17756 I sensors-hal: handle_oplus_wise_rgb_event:189, high_pwm_light:lux 20.5,cct 5300.0,brl/algo/ir 36.0/2.0/0.0,pwm/dc 0.0/0.0,rgbc 748.390686/566.966492/346.503510/1477.973755,ts 952230380596884,cnt 1374,flag 0
06-17 14:38:28.702  3480  4315 I CwbClient: setCWBDisplayType set mFeatureID = CWB_RGB_VALUE
06-17 14:38:28.729  1960  1986 D BatteryChargeControl: bcc get no support from charging protocol
06-17 14:38:28.771  1960  6585 D charge_time: type=sdp,reserve_soc=3,soc=79,ui_soc=82,current=153,avg=153,not_chg_cnt=0,stable_cnt=7,fcc=4226,fcc_ratio=82,delta=301,debug=0,region=12,ttf=8100(02:15:00),ui_ttf=6988(01:56:28)
06-17 14:38:28.902  3480  4315 D FusionLightNextGen: raw_lux -1.0, raw_cct -1.0, r/g/b/c: 748.4/567.0/346.5/1478.0, R/G/B: 28.0/27.0/24.0, bri 36.0, lux: 18.613827, cct: 5300.0, ir: 0.063509, conf: 2, cnt: 0
06-17 14:38:28.912  3480  4824 I Osense-PsiDetector: 3050,386,332,5631,95,430,543,2153,3248,761,2082,0,12,10777
06-17 14:38:28.913  3480  4817 I Osense-BaseDecisionMaker: notifySceneToAthenaPolicy: SCENE_RES_MEM_PSI_NORMAL, bundle: Bundle[{memLevel=4}]
06-17 14:38:28.916  3480  4817 I Osense-BaseDecisionMaker: notifySceneToAthenaPolicy: SCENE_RES_MEM_PSI_LEAK, bundle: Bundle[{memLevel=4}]
06-17 14:38:29.000  9623 12253 V Capacitor/Plugin: To native (Capacitor plugin): callbackId: 76175982, pluginId: NativeExoPlayback, methodName: getStatus
06-17 14:38:29.000  9623 12253 V Capacitor: callback: 76175982, pluginId: NativeExoPlayback, methodName: getStatus, methodData: {}
06-17 14:38:29.000  9623  9623 I Capacitor/Console: File:  - Line 349 - Msg: [object Object]
06-17 14:38:29.006  9623  9623 I Capacitor/Console: File:  - Line 333 - Msg: {"available":true,"wired":true,"message":"ExoPlayer gapless queue  content:// locker bridge + HTTP streams.","state":"idle","positionSecs":0,"durationSecs":0,"queueIndex":0,"queueLength":0,"gaplessEnabled":true,"crossfadeEnabled":false,"bitPerfectActive":false}
06-17 14:38:29.101  1851 17883 I sensors-hal: handle_oplus_wise_rgb_event:160, wise_rgb:(1376)(cct,lux,ir)[5300.00, 21.18, 0.000000](rgbc)[748.39, 566.97, 346.50, 1493.06](pwm,hbm,brl,algo)[0.0 0.0 36.0 2.0],flag 0
06-17 14:38:29.205  1851 17912 I sensors-hal: handle_sns_std_sensor_event:104, oplus rgb_rear sample: (cct, lux, ir, x, y)[-6460, 0, 150000, 457, 209]
06-17 14:38:29.205  1851 17912 I sensors-hal: handle_sns_std_sensor_event:106, oplus rgb_rear sample: (r, g, b, c w)[2, 2, 4, 2, 3]
--------- beginning of system
06-17 14:38:29.371  1434 12737 I keystore2: system/security/keystore2/watchdog/src/lib.rs:377 - Watchdog thread idle -> terminating. Have a great day.
06-17 14:38:29.400  9623 12253 V Capacitor/Plugin: To native (Capacitor plugin): callbackId: 76175983, pluginId: NativeExoPlayback, methodName: getStatus
06-17 14:38:29.400  9623 12253 V Capacitor: callback: 76175983, pluginId: NativeExoPlayback, methodName: getStatus, methodData: {}
06-17 14:38:29.400  9623  9623 I Capacitor/Console: File:  - Line 349 - Msg: [object Object]
06-17 14:38:29.407  9623  9623 I Capacitor/Console: File:  - Line 333 - Msg: {"available":true,"wired":true,"message":"ExoPlayer gapless queue  content:// locker bridge + HTTP streams.","state":"idle","positionSecs":0,"durationSecs":0,"queueIndex":0,"queueLength":0,"gaplessEnabled":true,"crossfadeEnabled":false,"bitPerfectActive":false}
06-17 14:38:29.423  5717  5717 D VendorWifiService: onEvent event:9,action:1
06-17 14:38:29.424  3480  4584 W OPLUS_LOG_LOAD: ==LOGS PROG INFO, prog(system_server) ==
06-17 14:38:29.424  3480  4584 D ScorerUtils: isLowTraffic: txTputKBps=0, rxTputKBps=1
06-17 14:38:29.424  3480  4584 D OplusWifiPower_TriggerCenter: mComponentCallback: wifistat
06-17 14:38:29.433  1927  2069 I [UAH_CLIENT]: UahPlatformResAcquire
06-17 14:38:29.433  1927  2069 I [UAH_CLIENT]: UahEventAcquire, cmdid:-3, pkg:2138 9274, identity:qcom-perfd
06-17 14:38:29.434  1927  2059 E ANDR-PERF-RESOURCEQS: ANDR-PERF-RESOURCEQS: AddAndApply() 125: Resource with major=16, minor=0 not supported
06-17 14:38:29.447  2138  2762 E HwcComposer: getLuts failed Status(-129, EX_TRANSACTION_FAILED): 'UNKNOWN_TRANSACTION: '
06-17 14:38:29.452  1927 12762 I [UAH_CLIENT]: UahRelease, handle:419781
06-17 14:38:29.506  3480  6040 I AICCTModule: SensorFilter: brightness threshold 1.2 screenNit is 2.012943 ave enviroment lux is 18.678757 luxForNit 43.318993demarcationPoint200.0 result is false
06-17 14:38:29.507  3480  6040 I AICCTModule: SensorFilter: findSecondNearestValue, sensorValue: 5300.0 nearestMaxValue:5300.0 secondNearestValue: 5300.0
06-17 14:38:29.507  3480  6040 I AICCTModule: SensorFilter: findSecondNearestValue, sensorValue: 19.003408 nearestMaxValue:18.808617 secondNearestValue: 18.808617
06-17 14:38:29.516  1871  2342 I SDM     : DisplayBase::CommitThread: Received idle timeout, panel: cmd, timeout: 70000 us
06-17 14:38:29.539  3480  4824 I Osense-PsiDetector: 3063,461,306,5631,95,430,543,2134,3194,704,2089,0,12,10771
06-17 14:38:29.540  3480  4817 I Osense-BaseDecisionMaker: notifySceneToAthenaPolicy: SCENE_RES_MEM_PSI_NORMAL, bundle: Bundle[{memLevel=3}]
06-17 14:38:29.565  5717  7539 D CommonApp-227-10445: transport layer data is invalid
06-17 14:38:29.644  3480  4824 I Osense-PsiDetector: 3057,429,302,5631,95,430,543,2136,3220,706,2113,0,12,10768
06-17 14:38:29.723  4908  5001 W OPLUS_LOG_LOAD: ==LOGS PROG INFO, prog(com.android.systemui) ==
06-17 14:38:29.723  4908  5001 I SystemUi--Statusbar: OplusNetworkSpeedControllExImpl-->updateNetworkSpeed: isConnected:true,isSwitchOn:true,isSuspend:false,isPause:false
06-17 14:38:29.728  4908  5001 I SystemUi--Statusbar: OplusNetworkSpeedControllExImpl-->getTotalByte: totalRxBytes:20700426739,totalTxBytes:1848541859,loopbackTxBytes:73545457,loopbackRxBytes:59624181 ,totalBytes:22415798960
06-17 14:38:29.729  1960  1986 D BatteryChargeControl: bcc get no support from charging protocol
06-17 14:38:29.743  1927  2069 I [UAH_CLIENT]: UahPlatformResAcquire
06-17 14:38:29.743  1927  2069 I [UAH_CLIENT]: UahEventAcquire, cmdid:-3, pkg:2138 9271, identity:qcom-perfd
06-17 14:38:29.746  1927  2059 E ANDR-PERF-RESOURCEQS: ANDR-PERF-RESOURCEQS: AddAndApply() 125: Resource with major=16, minor=0 not supported
06-17 14:38:29.764  1927 12766 I [UAH_CLIENT]: UahRelease, handle:419782
06-17 14:38:29.771  1960  6585 D charge_time: type=sdp,reserve_soc=3,soc=79,ui_soc=82,current=-79,avg=153,not_chg_cnt=1,stable_cnt=7,fcc=4226,fcc_ratio=82,delta=0,debug=0,region=12,ttf=8100(02:15:00),ui_ttf=6987(01:56:27)
06-17 14:38:29.797  1960  1985 D vendor.oplus.hardware.charger-V10-service: ret_value:122, read content:,326,326,4153,4149,79,79,82,1,1,0,453,5008,82,1,4430,300,500,0,0,9500,0,0,1,0,2,0,0,0,1,5522,95,0,3312,4226,0,0,0,0,0,105
06-17 14:38:29.797  1960  1985 D vendor.oplus.hardware.charger-V10-service: gmtime: 2026-06-17-14-38-29
06-17 14:38:29.799  9623 12253 V Capacitor/Plugin: To native (Capacitor plugin): callbackId: 76175984, pluginId: NativeExoPlayback, methodName: getStatus
06-17 14:38:29.799  9623 12253 V Capacitor: callback: 76175984, pluginId: NativeExoPlayback, methodName: getStatus, methodData: {}
06-17 14:38:29.799  9623  9623 I Capacitor/Console: File:  - Line 349 - Msg: [object Object]
06-17 14:38:29.799  1960  1985 D vendor.oplus.hardware.charger-V10-service: usb_online:1, ac_online:-2147483648, wireless_online:0
06-17 14:38:29.801  9623  9623 I Capacitor/Console: File:  - Line 333 - Msg: {"available":true,"wired":true,"message":"ExoPlayer gapless queue  content:// locker bridge + HTTP streams.","state":"idle","positionSecs":0,"durationSecs":0,"queueIndex":0,"queueLength":0,"gaplessEnabled":true,"crossfadeEnabled":false,"bitPerfectActive":false}
06-17 14:38:29.956  3480  4824 I Osense-PsiDetector: 3069,348,295,5631,95,430,543,2132,3313,737,2176,0,12,10762
06-17 14:38:29.957  3480  4817 I Osense-BaseDecisionMaker: notifySceneToAthenaPolicy: SCENE_RES_MEM_PSI_NORMAL, bundle: Bundle[{memLevel=4}]
06-17 14:38:29.961  3480  4817 I Osense-BaseDecisionMaker: notifySceneToAthenaPolicy: SCENE_RES_MEM_PSI_LEAK, bundle: Bundle[{memLevel=4}]
06-17 14:38:30.045  1858 21547 I WifiHAL : event received NL80211_CMD_VENDOR, vendor_id = 0x1374, subcmd = 0xd
06-17 14:38:30.046  3084  3084 I cnss-daemon: nl80211 response handler invoked
06-17 14:38:30.047  3084  3084 I cnss-daemon: nl80211_response_handler: cmd 103, vendorID 4980, subcmd 13  received
06-17 14:38:30.102  1851 17883 I sensors-hal: handle_oplus_wise_rgb_event:160, wise_rgb:(1381)(cct,lux,ir)[5300.00, 21.37, 0.000000](rgbc)[748.39, 566.97, 361.57, 1493.06](pwm,hbm,brl,algo)[0.0 0.0 36.0 2.0],flag 0
06-17 14:38:30.184  1927  2069 I [UAH_CLIENT]: UahPlatformResAcquire
06-17 14:38:30.184  1927  2069 I [UAH_CLIENT]: UahEventAcquire, cmdid:-3, pkg:2138 9272, identity:qcom-perfd
06-17 14:38:30.185  1927  2059 E ANDR-PERF-RESOURCEQS: ANDR-PERF-RESOURCEQS: AddAndApply() 125: Resource with major=16, minor=0 not supported
06-17 14:38:30.199  9623  9623 I Capacitor/Console: File:  - Line 349 - Msg: [object Object]
06-17 14:38:30.200  9623 12253 V Capacitor/Plugin: To native (Capacitor plugin): callbackId: 76175985, pluginId: NativeExoPlayback, methodName: getStatus
06-17 14:38:30.200  9623 12253 V Capacitor: callback: 76175985, pluginId: NativeExoPlayback, methodName: getStatus, methodData: {}
06-17 14:38:30.203  1927 12772 I [UAH_CLIENT]: UahRelease, handle:419783
06-17 14:38:30.207  9623  9623 I Capacitor/Console: File:  - Line 333 - Msg: {"available":true,"wired":true,"message":"ExoPlayer gapless queue  content:// locker bridge + HTTP streams.","state":"idle","positionSecs":0,"durationSecs":0,"queueIndex":0,"queueLength":0,"gaplessEnabled":true,"crossfadeEnabled":false,"bitPerfectActive":false}
06-17 14:38:30.235 28671 28904 W OPLUS_LOG_LOAD: ==LOGS PROG INFO, prog(com.oplus.camera) ==
06-17 14:38:30.235 28671 28904 I APS_ALOG: flushRoutine g_immediateFlush=0 g_pendingCount=0 g_oobCount=0
06-17 14:38:30.373  3480  4819 I Osense-BaseDecisionMaker: notifySceneToAthenaPolicy: SCENE_RES_IO_PSI, bundle: Bundle[{ioLevel=3}]
06-17 14:38:30.373  3480  4819 I Osense-BaseDecisionMaker: OSense not supported scene! SCENE_RES_IO_PSI
06-17 14:38:30.374 27029 27071 I metis_v2_OsenseCallBack: memLevel: 0
06-17 14:38:30.582 27029 27071 I metis_v2_OsenseCallBack: memLevel: 3
06-17 14:38:30.583  3480  4824 I Osense-PsiDetector: 3049,388,297,5631,95,430,543,2148,3257,856,2001,0,12,10763
06-17 14:38:30.583  3480  4817 I Osense-BaseDecisionMaker: notifySceneToAthenaPolicy: SCENE_RES_MEM_PSI_NORMAL, bundle: Bundle[{memLevel=3}]
06-17 14:38:30.589  5717  7539 D CommonApp-227-10445: transport layer data is invalid
06-17 14:38:30.601  9623 12253 V Capacitor/Plugin: To native (Capacitor plugin): callbackId: 76175986, pluginId: NativeExoPlayback, methodName: getStatus
06-17 14:38:30.601  9623  9623 I Capacitor/Console: File:  - Line 349 - Msg: [object Object]
06-17 14:38:30.601  9623 12253 V Capacitor: callback: 76175986, pluginId: NativeExoPlayback, methodName: getStatus, methodData: {}
06-17 14:38:30.606  9623  9623 I Capacitor/Console: File:  - Line 333 - Msg: {"available":true,"wired":true,"message":"ExoPlayer gapless queue  content:// locker bridge + HTTP streams.","state":"idle","positionSecs":0,"durationSecs":0,"queueIndex":0,"queueLength":0,"gaplessEnabled":true,"crossfadeEnabled":false,"bitPerfectActive":false}
06-17 14:38:30.684  3480  4824 I Osense-PsiDetector: 3049,388,297,5631,95,430,543,2146,3257,856,2001,0,12,10763
06-17 14:38:30.696  1115  1115 E lowmemorykiller: device has enough memory 3122536Kib, freeMemory 397616Kib, cmafree 0Kib, file_cache 2926868Kib, disable killing (limit_killing:1024000Kib)
06-17 14:38:30.701  1851 17756 I sensors-hal: handle_oplus_wise_rgb_event:189, high_pwm_light:lux 21.4,cct 5300.0,brl/algo/ir 36.0/2.0/0.0,pwm/dc 0.0/0.0,rgbc 748.390686/566.966492/361.568909/1493.055054,ts 952232380580686,cnt 1384,flag 0
06-17 14:38:30.711  4908  5083 I SystemUi--Statusbar: PrivacyDotViewController-->scheduleUpdate: 
06-17 14:38:30.725  1927  2069 I [UAH_CLIENT]: UahPlatformResAcquire
06-17 14:38:30.725  1927  2069 I [UAH_CLIENT]: UahEventAcquire, cmdid:-3, pkg:2138 9273, identity:qcom-perfd
06-17 14:38:30.728  1927  2059 E ANDR-PERF-RESOURCEQS: ANDR-PERF-RESOURCEQS: AddAndApply() 125: Resource with major=16, minor=0 not supported
06-17 14:38:30.733  1960  1986 D BatteryChargeControl: bcc get no support from charging protocol
06-17 14:38:30.737  2138  2762 E HwcComposer: getLuts failed Status(-129, EX_TRANSACTION_FAILED): 'UNKNOWN_TRANSACTION: '
06-17 14:38:30.747  1927 12774 I [UAH_CLIENT]: UahRelease, handle:419784
06-17 14:38:30.772  1960  6585 D charge_time: write 6986s(01:56:26) to ttf, rc=6
06-17 14:38:30.773  1960  6585 D charge_time: type=sdp,reserve_soc=3,soc=79,ui_soc=82,current=-79,avg=153,not_chg_cnt=2,stable_cnt=7,fcc=4226,fcc_ratio=82,delta=0,debug=0,region=12,ttf=8100(02:15:00),ui_ttf=6986(01:56:26)
06-17 14:38:30.812  4908  5083 I SystemUi--Statusbar: PrivacyDotViewController-->processNextViewState: 
06-17 14:38:30.813  4908  5083 I SystemUi--Statusbar: PrivacyDotViewController-->resolveState ViewState(viewInitialized=true, systemPrivacyEventIsActive=false, shadeExpanded=false, needShow=true, portraitRect=Rect(0, 0 - 1440, 160), landscapeRect=Rect(160, 0 - 3168, 160), upsideDownRect=Rect(0, 0 - 1440, 160), seascapeRect=Rect(0, 0 - 2990, 160), layoutRtl=false, rotation=0, paddingTop=13, paddingBottom=13, cornerIndex=-1, corner=TopRight, designatedCorner=android.widget.FrameLayout{5c62b44 I.E...... ......ID 1348,0-1440,160 #7f0a0ad3 app:id/privacy_dot_top_right_container alpha=0.0 viewInfo = }, contentDescription=Applications are using your camera., dotMargin=82)
06-17 14:38:30.825  1871  2342 I SDM     : DisplayBase::CommitThread: Received idle timeout, panel: cmd, timeout: 70000 us
06-17 14:38:30.936  1115  1115 E lowmemorykiller: device has enough memory 3119972Kib, freeMemory 384152Kib, cmafree 0Kib, file_cache 2937376Kib, disable killing (limit_killing:1024000Kib)
06-17 14:38:30.989  2138  2762 E HwcComposer: getLuts failed Status(-129, EX_TRANSACTION_FAILED): 'UNKNOWN_TRANSACTION: '
06-17 14:38:30.998  3480  4824 I Osense-PsiDetector: 3046,375,299,5631,95,430,542,2147,3268,862,2006,0,12,10761
06-17 14:38:31.000  3480  4817 I Osense-BaseDecisionMaker: notifySceneToAthenaPolicy: SCENE_RES_MEM_PSI_NORMAL, bundle: Bundle[{memLevel=4}]
06-17 14:38:31.000  9623  9623 I Capacitor/Console: File:  - Line 349 - Msg: [object Object]
06-17 14:38:31.002  9623 12253 V Capacitor/Plugin: To native (Capacitor plugin): callbackId: 76175987, pluginId: NativeExoPlayback, methodName: getStatus
06-17 14:38:31.002  9623 12253 V Capacitor: callback: 76175987, pluginId: NativeExoPlayback, methodName: getStatus, methodData: {}
06-17 14:38:31.002  3480  4817 I Osense-BaseDecisionMaker: notifySceneToAthenaPolicy: SCENE_RES_MEM_PSI_LEAK, bundle: Bundle[{memLevel=4}]
06-17 14:38:31.009  9623  9623 I Capacitor/Console: File:  - Line 333 - Msg: {"available":true,"wired":true,"message":"ExoPlayer gapless queue  content:// locker bridge + HTTP streams.","state":"idle","positionSecs":0,"durationSecs":0,"queueIndex":0,"queueLength":0,"gaplessEnabled":true,"crossfadeEnabled":false,"bitPerfectActive":false}
06-17 14:38:31.102  1851 17883 I sensors-hal: handle_oplus_wise_rgb_event:160, wise_rgb:(1386)(cct,lux,ir)[5300.00, 21.18, 0.000000](rgbc)[748.39, 566.97, 346.50, 1493.06](pwm,hbm,brl,algo)[0.0 0.0 36.0 2.0],flag 0
06-17 14:38:31.102  3480  4315 I CwbClient: setCWBDisplayType set mFeatureID = CWB_RGB_VALUE
06-17 14:38:31.107  1927  2069 I [UAH_CLIENT]: UahPlatformResAcquire
06-17 14:38:31.107  1927  2069 I [UAH_CLIENT]: UahEventAcquire, cmdid:-3, pkg:2138 9274, identity:qcom-perfd
06-17 14:38:31.110  1927  2059 E ANDR-PERF-RESOURCEQS: ANDR-PERF-RESOURCEQS: AddAndApply() 125: Resource with major=16, minor=0 not supported
06-17 14:38:31.111  5717  5717 D SubsysEventListenerManager-SubsysTelephonyCallback[1]: onSignalStrengthsChanged
06-17 14:38:31.115  4908  5027 I SystemUi--Statusbar: MobileConnectionRepositoryImpl-->subId:2 isSoftSimCard:false slotId:1
06-17 14:38:31.118  5507  5507 D OplusTelephonyController: onSignalStrengthChanged: SignalStrength=SignalStrength:{mCdma=CellSignalStrengthCdma: cdmaDbm=2147483647 cdmaEcio=2147483647 evdoDbm=2147483647 evdoEcio=2147483647 evdoSnr=2147483647 level=0,mGsm=CellSignalStrengthGsm: rssi=2147483647 ber=2147483647 mTa=2147483647 mLevel=0,mWcdma=CellSignalStrengthWcdma: ss=2147483647 ber=2147483647 rscp=2147483647 ecno=2147483647 level=0,mTdscdma=CellSignalStrengthTdscdma: rssi=2147483647 ber=2147483647 rscp=2147483647 level=0,mLte=CellSignalStrengthLte: rssi=-53 rsrp=-86 rsrq=-12 rssnr=13 cqiTableIndex=2147483647 cqi=2147483647 ta=2147483647 level=4 parametersUseForLevel=0,mNr=CellSignalStrengthNr:{ csiRsrp = 2147483647 csiRsrq = 2147483647 csiCqiTableIndex = 2147483647 csiCqiReport = [] ssRsrp = 2147483647 ssRsrq = 2147483647 ssSinr = 2147483647 level = 0 parametersUseForLevel = 0 timingAdvance = 2147483647 },primary=CellSignalStrengthLte}
06-17 14:38:31.119  4908  4908 D Tile.OplusCellularTile: refreshState: tile not listening, ignore
06-17 14:38:31.122  4908  5027 I SystemUi--Statusbar: MobileConnectionRepositoryImpl-->subId:1 isSoftSimCard:false slotId:0
06-17 14:38:31.125  5717  5717 D SubsysEventListenerManager-SubsysTelephonyCallback[0]: onSignalStrengthsChanged
06-17 14:38:31.128  1927 12777 I [UAH_CLIENT]: UahRelease, handle:419785
06-17 14:38:31.140  1115  1115 E lowmemorykiller: device has enough memory 3117948Kib, freeMemory 382076Kib, cmafree 0Kib, file_cache 2937368Kib, disable killing (limit_killing:1024000Kib)
06-17 14:38:31.190  1871  2342 I SDM     : DisplayBase::CommitThread: Received idle timeout, panel: cmd, timeout: 70000 us
06-17 14:38:31.240  2138  2762 E HwcComposer: getLuts failed Status(-129, EX_TRANSACTION_FAILED): 'UNKNOWN_TRANSACTION: '
06-17 14:38:31.303  3480  4315 D FusionLightNextGen: raw_lux -1.0, raw_cct -1.0, r/g/b/c: 763.7/581.5/361.6/1508.1, R/G/B: 28.0/27.0/24.0, bri 36.0, lux: 19.003408, cct: 5300.0, ir: 0.067207, conf: 2, cnt: 0
06-17 14:38:31.402  9623 12253 V Capacitor/Plugin: To native (Capacitor plugin): callbackId: 76175988, pluginId: NativeExoPlayback, methodName: getStatus
06-17 14:38:31.403  9623 12253 V Capacitor: callback: 76175988, pluginId: NativeExoPlayback, methodName: getStatus, methodData: {}
06-17 14:38:31.404  9623  9623 I Capacitor/Console: File:  - Line 349 - Msg: [object Object]
06-17 14:38:31.413  9623  9623 I Capacitor/Console: File:  - Line 333 - Msg: {"available":true,"wired":true,"message":"ExoPlayer gapless queue  content:// locker bridge + HTTP streams.","state":"idle","positionSecs":0,"durationSecs":0,"queueIndex":0,"queueLength":0,"gaplessEnabled":true,"crossfadeEnabled":false,"bitPerfectActive":false}
06-17 14:38:31.414  3480  4819 I Osense-BaseDecisionMaker: notifySceneToAthenaPolicy: SCENE_RES_IO_PSI, bundle: Bundle[{ioLevel=3}]
06-17 14:38:31.415  3480  4819 I Osense-BaseDecisionMaker: OSense not supported scene! SCENE_RES_IO_PSI
06-17 14:38:31.416 27029 27071 I metis_v2_OsenseCallBack: memLevel: 0
06-17 14:38:31.476  1927  2069 I [UAH_CLIENT]: UahPlatformResAcquire
06-17 14:38:31.476  1927  2069 I [UAH_CLIENT]: UahEventAcquire, cmdid:-3, pkg:2138 9271, identity:qcom-perfd
06-17 14:38:31.479  1927  2059 E ANDR-PERF-RESOURCEQS: ANDR-PERF-RESOURCEQS: AddAndApply() 125: Resource with major=16, minor=0 not supported
06-17 14:38:31.489 10374 18035 D gaia-GaiaConnectChecker: start connect check++
06-17 14:38:31.498  1927 12781 I [UAH_CLIENT]: UahRelease, handle:419786
06-17 14:38:31.613  5717  7539 D CommonApp-227-10445: transport layer data is invalid
06-17 14:38:31.620  3480  4824 I Osense-PsiDetector: 3044,372,299,5631,95,430,542,2149,3268,862,2006,0,12,10763
06-17 14:38:31.622 27029 27071 I metis_v2_OsenseCallBack: memLevel: 3
06-17 14:38:31.623  3480  4817 I Osense-BaseDecisionMaker: notifySceneToAthenaPolicy: SCENE_RES_MEM_PSI_NORMAL, bundle: Bundle[{memLevel=3}]
06-17 14:38:31.724  3480  4824 I Osense-PsiDetector: 3044,372,299,5631,95,430,542,2149,3268,862,2006,0,12,10763
06-17 14:38:31.734  1960  1986 D BatteryChargeControl: bcc get no support from charging protocol
06-17 14:38:31.776  1960  6585 D charge_time: type=sdp,reserve_soc=3,soc=79,ui_soc=82,current=-79,avg=153,not_chg_cnt=3,stable_cnt=7,fcc=4226,fcc_ratio=82,delta=0,debug=0,region=12,ttf=8100(02:15:00),ui_ttf=6985(01:56:25)
06-17 14:38:31.784  1115  1115 E lowmemorykiller: device has enough memory 3117440Kib, freeMemory 381220Kib, cmafree 0Kib, file_cache 2937616Kib, disable killing (limit_killing:1024000Kib)
06-17 14:38:31.787  4908  5246 V OplusCustomizeCacheManager: queryCache name: cache_key.system_server.common_customize_cache11011 param: null
06-17 14:38:31.800  9623 12253 V Capacitor/Plugin: To native (Capacitor plugin): callbackId: 76175989, pluginId: NativeExoPlayback, methodName: getStatus
06-17 14:38:31.800  9623  9623 I Capacitor/Console: File:  - Line 349 - Msg: [object Object]
06-17 14:38:31.800  9623 12253 V Capacitor: callback: 76175989, pluginId: NativeExoPlayback, methodName: getStatus, methodData: {}
06-17 14:38:31.805  9623  9623 I Capacitor/Console: File:  - Line 333 - Msg: {"available":true,"wired":true,"message":"ExoPlayer gapless queue  content:// locker bridge + HTTP streams.","state":"idle","positionSecs":0,"durationSecs":0,"queueIndex":0,"queueLength":0,"gaplessEnabled":true,"crossfadeEnabled":false,"bitPerfectActive":false}
06-17 14:38:31.964  1115  1115 E lowmemorykiller: device has enough memory 3117412Kib, freeMemory 380680Kib, cmafree 0Kib, file_cache 2938092Kib, disable killing (limit_killing:1024000Kib)
06-17 14:38:31.977  1722  9292 E         : DNS_CACHE: hanle request << lookupdns: hostname:mdp-appconf-row.heytapdl.com, servername:^, ai_flags:1024, ai_family:0, ai_socktype:1, ai_protocol:0, netid:0, uid:10111
06-17 14:38:31.977  1722  9292 E         : DNS_CACHE: hanle request << lookupdns: hostname:mdp-appconf-row.heytapdl.com, servername:^, ai_flags:1024, ai_family:0, ai_socktype:1, ai_protocol:0, netid:0, uid:10111
06-17 14:38:31.978  4917 12344 D DNS_CACHE: oplus_oplus_getaddrinfo_proxy lookup from netd: hostname:mdp-appconf-row.heytapdl.com, servname:(null) uid: 10111, result_code:408, res = 0x0, found = 0
06-17 14:38:31.978  4917 11943 D DNS_CACHE: oplus_oplus_getaddrinfo_proxy lookup from netd: hostname:mdp-appconf-row.heytapdl.com, servname:(null) uid: 10111, result_code:408, res = 0x0, found = 0
06-17 14:38:31.980  2172  2172 E esim_service: [getGpioValue][317]: open file failed: -1, error: No such file or directory
06-17 14:38:31.980  2172  2172 E esim_service: [getEsimGpio][371]: getEsimGpio SP: 0
06-17 14:38:31.980  2172  2172 E esim_service: [getGpioValue][317]: open file failed: -1, error: No such file or directory
06-17 14:38:31.980  2172  2172 E esim_service: [getEsimGpio][371]: getEsimGpio SP: 0
06-17 14:38:31.981  2172  2172 E esim_service: [getGpioValue][317]: open file failed: -1, error: No such file or directory
06-17 14:38:31.981  2172  2172 E esim_service: [getEsimGpio][371]: getEsimGpio SP: 0
06-17 14:38:31.987  5566  5859 D DnsDomainBlock: onDnsEvent: latencyMs=1, returnCode=7, uid=10111
06-17 14:38:31.999  1722  7563 E TetherController: property_get sys.radio.data.modem_share_flag return 0, 1!
06-17 14:38:32.040  3480  4824 I Osense-PsiDetector: 3043,368,300,5631,95,430,542,2152,3271,863,2008,0,12,10758
06-17 14:38:32.041  3480  4817 I Osense-BaseDecisionMaker: notifySceneToAthenaPolicy: SCENE_RES_MEM_PSI_NORMAL, bundle: Bundle[{memLevel=4}]
06-17 14:38:32.041  4908  5246 V OplusCustomizeCacheManager: queryCache name: cache_key.system_server.common_customize_cache18013 param: null
06-17 14:38:32.042  4908  5246 V OplusCustomizeCacheManager: queryCache name: cache_key.system_server.common_customize_cache18014 param: null
06-17 14:38:32.042  4908  5246 V OplusCustomizeCacheManager: queryCache name: cache_key.system_server.common_customize_cache18017 param: Bundle[{SETTING=BLOCK, BUSINESS=NCT-DATA}]
06-17 14:38:32.043  3480  4817 I Osense-BaseDecisionMaker: notifySceneToAthenaPolicy: SCENE_RES_MEM_PSI_LEAK, bundle: Bundle[{memLevel=4}]
06-17 14:38:32.046  1858 21547 I WifiHAL : event received NL80211_CMD_VENDOR, vendor_id = 0x1374, subcmd = 0xd
06-17 14:38:32.046  3084  3084 I cnss-daemon: nl80211 response handler invoked
06-17 14:38:32.046  3084  3084 I cnss-daemon: nl80211_response_handler: cmd 103, vendorID 4980, subcmd 13  received
06-17 14:38:32.050  3480  4186 E OsenseCommonUtils: write /dev/memcg/memory.force_shrink_file failed
06-17 14:38:32.050  3480  4186 E OsenseCommonUtils: java.io.IOException: write failed: EBUSY (Device or resource busy)
06-17 14:38:32.050  3480  4186 E OsenseCommonUtils: 	at libcore.io.IoBridge.write(IoBridge.java:651)
06-17 14:38:32.050  3480  4186 E OsenseCommonUtils: 	at java.io.FileOutputStream.write(FileOutputStream.java:436)
06-17 14:38:32.050  3480  4186 E OsenseCommonUtils: 	at sun.nio.cs.StreamEncoder.writeBytes(StreamEncoder.java:233)
06-17 14:38:32.050  3480  4186 E OsenseCommonUtils: 	at sun.nio.cs.StreamEncoder.implFlushBuffer(StreamEncoder.java:309)
06-17 14:38:32.050  3480  4186 E OsenseCommonUtils: 	at sun.nio.cs.StreamEncoder.implFlush(StreamEncoder.java:313)
06-17 14:38:32.050  3480  4186 E OsenseCommonUtils: 	at sun.nio.cs.StreamEncoder.flush(StreamEncoder.java:153)
06-17 14:38:32.050  3480  4186 E OsenseCommonUtils: 	at java.io.OutputStreamWriter.flush(OutputStreamWriter.java:248)
06-17 14:38:32.050  3480  4186 E OsenseCommonUtils: 	at com.android.server.oplus.osense.utils.OsenseCommonUtils.writeFile(OsenseCommonUtils.java:163)
06-17 14:38:32.050  3480  4186 E OsenseCommonUtils: 	at com.android.server.am.OplusOsenseCompressAction.doGlobalShrink(OplusOsenseCompressAction.java:1805)
06-17 14:38:32.050  3480  4186 E OsenseCommonUtils: 	at com.android.server.am.OplusOsenseCompressAction.-$$Nest$mdoGlobalShrink(Unknown Source:0)
06-17 14:38:32.050  3480  4186 E OsenseCommonUtils: 	at com.android.server.am.OplusOsenseCompressAction$CompressHandler.handleMessage(OplusOsenseCompressAction.java:1270)
06-17 14:38:32.050  3480  4186 E OsenseCommonUtils: 	at android.os.Handler.dispatchMessage(Handler.java:116)
06-17 14:38:32.050  3480  4186 E OsenseCommonUtils: 	at android.os.Looper.loopOnce(Looper.java:306)
06-17 14:38:32.050  3480  4186 E OsenseCommonUtils: 	at android.os.Looper.loop(Looper.java:416)
06-17 14:38:32.050  3480  4186 E OsenseCommonUtils: 	at android.os.HandlerThread.run(HandlerThread.java:85)
06-17 14:38:32.050  3480  4186 E OsenseCommonUtils: Caused by: android.system.ErrnoException: write failed: EBUSY (Device or resource busy)
06-17 14:38:32.050  3480  4186 E OsenseCommonUtils: 	at libcore.io.Linux.writeBytes(Native Method)
06-17 14:38:32.050  3480  4186 E OsenseCommonUtils: 	at libcore.io.Linux.write(Linux.java:338)
06-17 14:38:32.050  3480  4186 E OsenseCommonUtils: 	at libcore.io.ForwardingOs.write(ForwardingOs.java:954)
06-17 14:38:32.050  3480  4186 E OsenseCommonUtils: 	at libcore.io.BlockGuardOs.write(BlockGuardOs.java:448)
06-17 14:38:32.050  3480  4186 E OsenseCommonUtils: 	at libcore.io.IoBridge.write(IoBridge.java:646)
06-17 14:38:32.050  3480  4186 E OsenseCommonUtils: 	... 14 more
06-17 14:38:32.050  4908  4908 D ZenModeController: Added callback class com.oplus.systemui.qs.tiles.OplusDndTile$1
06-17 14:38:32.052  4908  5246 I SystemUi--QuickSettings: Tile.OplusAirplaneModeTile-->handleUpdateState state.state: 1 airplaneMode: false
06-17 14:38:32.052  4908  5246 V OplusCustomizeCacheManager: queryCache name: cache_key.system_server.common_customize_cache18026 param: null
06-17 14:38:32.054  4908  5246 V OplusCustomizeCacheManager: queryCache name: cache_key.system_server.common_customize_cache18025 param: null
06-17 14:38:32.056  4908  5246 V OplusCustomizeCacheManager: queryCache name: cache_key.system_server.common_customize_cache11009 param: null
06-17 14:38:32.061  4908  5246 V OplusCustomizeCacheManager: queryCache name: cache_key.system_server.common_customize_cache18027 param: null
06-17 14:38:32.066  4908  5246 V OplusCustomizeCacheManager: queryCache name: cache_key.system_server.common_customize_cache11010 param: null
06-17 14:38:32.067  4908  5246 V OplusCustomizeCacheManager: queryCache name: cache_key.system_server.common_customize_cache11010 param: null
06-17 14:38:32.068  4908  4908 D ZenModeController: Removed callback class com.oplus.systemui.qs.tiles.OplusDndTile$1
06-17 14:38:32.102  1851 17883 I sensors-hal: handle_oplus_wise_rgb_event:160, wise_rgb:(1391)(cct,lux,ir)[5300.00, 21.37, 0.000000](rgbc)[748.39, 566.97, 361.57, 1493.06](pwm,hbm,brl,algo)[0.0 0.0 36.0 2.0],flag 0
06-17 14:38:32.201  9623 12253 V Capacitor/Plugin: To native (Capacitor plugin): callbackId: 76175990, pluginId: NativeExoPlayback, methodName: getStatus
06-17 14:38:32.202  9623 12253 V Capacitor: callback: 76175990, pluginId: NativeExoPlayback, methodName: getStatus, methodData: {}
06-17 14:38:32.202  9623  9623 I Capacitor/Console: File:  - Line 349 - Msg: [object Object]
06-17 14:38:32.205  1851 17912 I sensors-hal: handle_sns_std_sensor_event:104, oplus rgb_rear sample: (cct, lux, ir, x, y)[7993, 0, 300000, 306, 267]
06-17 14:38:32.205  1851 17912 I sensors-hal: handle_sns_std_sensor_event:106, oplus rgb_rear sample: (r, g, b, c w)[2, 2, 2, 1, 3]
