07-08 15:02:16.820  8600  6790 I KeyboardGroupDefParser: KeyboardGroupDefParser.parseKeyboardGroupDef():72 parseKeyboardGroupDef() 2132213998 -> 0_resource_name_obfuscated : WaitTime = 0 ms : RunTime = 1 ms
07-08 15:02:16.821  8600  8600 I KeyboardThemeProvider: KeyboardThemeProvider.applyKeyboardTheme():27 Apply keyboard theme: theme,!gsf,!pgsans,!pgsf,!use_system_font,BORDER,FLAVOR_DPI=XXXHDPI,KEYBOARD_WIDTH_CATEGORY=NORMAL,KEY_BORDER_SHAPE=1,LIGHT_THEME=false,PHYSICAL_DIAGONAL=4.631828,POPUP,SCREEN_SHORTEST_WIDTH_NO_SCALE=320,XXXHDPI,bottom4dp,enable_popup_on_keypress=true,keyboard_redesign_google_sans=true,non_linear_scale,noshadow,overlay_builtin_dynamic_color_dark_base.binarypb:gm3-dark-ff15121c-ffcfbcff-6583a1a8bf22483adee98cd32b5377b9,silkpopup
07-08 15:02:16.821  8600  8600 I InputMethodEntryManager: InputMethodEntryManager.getAdditionalImeDefs():2563 getAdditionalImeDefs() called, flag enabled: true, isUserUnlocked: true
07-08 15:02:16.821  8600  8600 I InputBundle: InputBundle.prefetchKeyboard():670 prefetchKeyboard: prime
07-08 15:02:16.821  8600  8600 I KeyboardDefManager: KeyboardDefManager.requestKeyboardDef():128 requestKeyboardDef(): type=prime, info=afmf{defIds=[#0x7f1705fb, #0x7f170891], defIdsCacheKey=[2132215291, 2132215953]}
07-08 15:02:16.821  8600  8600 I KeyboardDefManager: KeyboardDefManager.requestKeyboardDef():195 requestKeyboardDef(): getOrCreate from cache, info=afmf{defIds=[#0x7f1705fb, #0x7f170891], defIdsCacheKey=[2132215291, 2132215953]}
07-08 15:02:16.821  8600  8600 I KeyboardDefManager: KeyboardDefManager$Companion$addFutureCallbackForKeyboardDefReceiver$1.onSuccess():425 requestKeyboardDef onSuccess(): info=afmf{defIds=[#0x7f1705fb, #0x7f170891], defIdsCacheKey=[2132215291, 2132215953]}
07-08 15:02:16.822  3414  4378 I InputReader: Reconfiguring input devices, changes=KEYBOARD_LAYOUTS
07-08 15:02:16.823  3414  4378 I system_server: AssetManager2(0xb4000071649ec828) locale list changing from [] to [en-TH]
07-08 15:02:16.823  8600  8600 I KeyboardInterfacePrivate: IKeyboard.createKeyboard():71 Keyboard created from HiltKeyboardFactory: com.google.android.apps.inputmethod.latin.keyboard.LatinPrimeKeyboard
07-08 15:02:16.824  8600  8600 I GoogleInputMethodService: GoogleInputMethodService$9.onSuccess():949 Reloading input bundles after loading 5 additional ImeDefs
07-08 15:02:16.824  8600  8600 I InputBundleManager: InputBundleManager.loadActiveInputBundleId():552 loadActiveInputBundleId: en-GB, ime_english_great_britain
07-08 15:02:16.824  8600  8600 I InputBundleManager: InputBundleManager.loadActiveInputBundleId():552 loadActiveInputBundleId: en-GB, ime_english_great_britain
07-08 15:02:16.824  8600  8600 I InputMethodEntryManager: InputMethodEntryManager$6.onSuccess():3179 Success load additional ImeDefs, entryChanged=true, additionalImeDefsChanged=true, [ImeDef{stringId=password, language=und-Latn-x-password, languageTag=und-Latn-x-password, processedConditions={language=en-GB, variant=qwerty, enable_number_row=true, enable_pk_simulator=false, device=phone, true=true, writing_helper_enable_by_word_revert=true, enable_number_row_in_password=true}, className=com.google.android.libraries.inputmethod.ime.password.PasswordIme, label=2132019358, keyEventInterpreter=null, inlineComposing=true, autoCapital=true, announceAutoSelectedCandidate=true, statusIcon=0, indicatorIcon=0, indicatorLabel=null, displayAppCompletions=false, extraValues=afjo{}, processors=com.google.android.libraries.inputmethod.metadata.ProcessorsDef@79de520, unacceptableMetaKeys=4098, languageSpecificSettings=0, asciiCapable=false, alwaysShowSuggestions=false, useAsciiPasswordKeyboard=false, keyboardGroupDef=KeyboardGroupDef(variant=qwerty, variantLabel=0, pkLanguageTag=, pkLayoutType=, dynamicLayout=null, layoutSpecificSettings=[], layoutSpecificTheme=2132083596, order=0, supportsSplitMode=true, supportsOneHandedMode=true, isVariantNameMandatory=false, keyboardDefInfos={prime=KeyboardDefInfo(kbType=prime, initialStates=0, keyboardDefs=[2132215291, 2132215953, 2132215482], extraValues=afjo{}), digit=KeyboardDefInfo(kbType=digit, initialStates=0, keyboardDefs=[2132215914], extraValues=afjo{}), symbol=KeyboardDefInfo(kbType=symbol, initialStates=0, keyboardDefs=[2132216099], extraValues=afjo{})}, overrideKeyboardXmlConditions=com.google.android.libraries.inputmethod.metadata.OverrideKeyboardXmlConditionsDef@ca7ed9), phenotypeFlagId=0, localizationLanguageTag=null, supportsInlineSuggestion=false}, ImeDef{stringId=number, language=und-Latn-x-number, languageTag=und-Latn-x-number, processedConditions={}, className=com.google.android.libraries.inputmethod.ime.DummyIme, label=2132019295, keyEventInterpreter=null, inlineComposing=true, autoCapital=false, announceAutoSelectedCandidate=false, statusIcon=0, indicatorIcon=0, indicatorLabel=null, displayAppCompletions=false, extraValues=afjo{}, processors=com.google.android.libraries.inputmethod.metadata.ProcessorsDef@79de520, unacceptableMetaKeys=4098, languageSpecificSettings=0, asciiCapable=false, alwaysShowSuggestions=false, useAsciiPasswordKeyboard=false, keyboardGroupDef=KeyboardGroupDef(variant=, variantLabel=0, pkLanguageTag=, pkLayoutType=, dynamicLayout=null, layoutSpecificSettings=[], layoutSpecificTheme=0, order=0, supportsSplitMode=false, supportsOneHandedMode=true, isVariantNameMandatory=false, keyboardDefInfos={prime=KeyboardDefInfo(kbType=prime, initialStates=0, keyboardDefs=[2132215919], extraValues=afjo{})}, overrideKeyboardXmlConditions=com.google.android.libraries.inputmethod.metadata.OverrideKeyboardXmlConditionsDef@db4509e), phenotypeFlagId=0, localizationLanguageTag=null, supportsInlineSuggestion=false}, ImeDef{stringId=number_password, language=und-Latn-x-number-password, languageTag=und-Latn-x-number-password, processedConditions={}, className=com.google.android.libraries.inputmethod.ime.DummyIme, label=2132019296, keyEventInterpreter=null, inlineComposing=true, autoCapital=false, announceAutoSelectedCandidate=false, statusIcon=0, indicatorIcon=0, indicatorLabel=null, displayAppCompletions=false, extraValues=afjo{}, processors=com.google.android.libraries.inputmethod.metadata.ProcessorsDef@79de520, unacceptableMetaKeys=4098, languageSpecificSettings=0, asciiCapable=false, alwaysShowSuggestions=false, useAsciiPasswordKeyboard=false, keyboardGroupDef=KeyboardGroupDef(variant=, variantLabel=0, pkLanguageTag=, pkLayoutType=, dynamicLayout=null, layoutSpecificSettings=[], layoutSpecificTheme=0, order=0, supportsSplitMode=false, supportsOneHandedMode=true, isVariantNameMandatory=false, keyboardDefInfos={prime=KeyboardDefInfo(kbType=prime, initialStates=0, keyboardDefs=[2132215920], extraValues=afjo{})}, overrideKeyboardXmlConditions=com.google.
07-08 15:02:16.824  8600  8600 I InputMethodEntryManager: android.libraries.inputmethod.metadata.OverrideKeyboardXmlConditionsDef@e8aa77f), phenotypeFlagId=0, localizationLanguageTag=null, supportsInlineSuggestion=false}, ImeDef{stringId=phone_number, language=und-Latn-x-phone-number, languageTag=und-Latn-x-phone-number, processedConditions={}, className=com.google.android.libraries.inputmethod.ime.DummyIme, label=2132019394, keyEventInterpreter=null, inlineComposing=true, autoCapital=false, announceAutoSelectedCandidate=false, statusIcon=0, indicatorIcon=0, indicatorLabel=null, displayAppCompletions=false, extraValues=afjo{}, processors=com.google.android.libraries.inputmethod.metadata.ProcessorsDef@79de520, unacceptableMetaKeys=4098, languageSpecificSettings=0, asciiCapable=false, alwaysShowSuggestions=false, useAsciiPasswordKeyboard=false, keyboardGroupDef=KeyboardGroupDef(variant=, variantLabel=0, pkLanguageTag=, pkLayoutType=, dynamicLayout=null, layoutSpecificSettings=[], layoutSpecificTheme=0, order=0, supportsSplitMode=false, supportsOneHandedMode=true, isVariantNameMandatory=false, keyboardDefInfos={prime=KeyboardDefInfo(kbType=prime, initialStates=0, keyboardDefs=[2132215945], extraValues=afjo{})}, overrideKeyboardXmlConditions=com.google.android.libraries.inputmethod.metadata.OverrideKeyboardXmlConditionsDef@b4c334c), phenotypeFlagId=0, localizationLanguageTag=null, supportsInlineSuggestion=false}, ImeDef{stringId=date_time, language=und-Latn-x-date-time, languageTag=und-Latn-x-date-time, processedConditions={}, className=com.google.android.libraries.inputmethod.ime.DummyIme, label=2132017770, keyEventInterpreter=null, inlineComposing=true, autoCapital=false, announceAutoSelectedCandidate=false, statusIcon=0, indicatorIcon=0, indicatorLabel=null, displayAppCompletions=false, extraValues=afjo{}, processors=com.google.android.libraries.inputmethod.metadata.ProcessorsDef@79de520, unacceptableMetaKeys=4098, languageSpecificSettings=0, asciiCapable=false, alwaysShowSuggestions=false, useAsciiPasswordKeyboard=false, keyboardGroupDef=KeyboardGroupDef(variant=, variantLabel=0, pkLanguageTag=, pkLayoutType=, dynamicLayout=null, layoutSpecificSettings=[], layoutSpecificTheme=0, order=0, supportsSplitMode=false, supportsOneHandedMode=true, isVariantNameMandatory=false, keyboardDefInfos={prime=KeyboardDefInfo(kbType=prime, initialStates=0, keyboardDefs=[2132215785], extraValues=afjo{})}, overrideKeyboardXmlConditions=com.google.android.libraries.inputmethod.metadata.OverrideKeyboardXmlConditionsDef@fdb2f95), phenotypeFlagId=0, localizationLanguageTag=null, supportsInlineSuggestion=false}]
07-08 15:02:16.824  8600  8600 I SystemSubtypesReportModule2: SystemSubtypesReportModule2$1.onCurrentInputMethodEntryChanged():115 entry: en-GB, source: UNSPECIFIED
07-08 15:02:16.824  8600  8600 I GoogleInputMethodService: GoogleInputMethodService.onCurrentInputMethodEntryChanged():2537 onCurrentInputMethodEntryChanged(): imeDefsChanged=true, entryLanguageVariantChanged=false, keyboardContextChanged=false
07-08 15:02:16.824  8600  8600 I GoogleInputMethodService: GoogleInputMethodService.clearInputMethodServiceData():1130 clearInputMethodServiceData for entryChange
07-08 15:02:16.824  8600  8600 I AbstractOpenableExtension: AbstractOpenableExtension.maybeDestroyExistingKeyboardGroupManager():536 Destroy existing keyboard group manager in tfu
07-08 15:02:16.824  8600  8600 I AbstractOpenableExtension: AbstractOpenableExtension$3.onFailure():564 Failed to load KeyboardGroupManager in tfu.
07-08 15:02:16.824  8600  8600 I AbstractOpenableExtension: AbstractOpenableExtension.createKeyboardGroupManagerListenableFuture():121 Create keyboard group manager listenable future in tfu
07-08 15:02:16.824  8600  8600 I AbstractOpenableExtension: AbstractOpenableExtension.maybeDestroyExistingKeyboardGroupManager():536 Destroy existing keyboard group manager in nel
07-08 15:02:16.824  8600  8600 I AbstractOpenableExtension: AbstractOpenableExtension$3.onFailure():564 Failed to load KeyboardGroupManager in nel.
07-08 15:02:16.824  8600  8600 I AbstractOpenableExtension: AbstractOpenableExtension.createKeyboardGroupManagerListenableFuture():121 Create keyboard group manager listenable future in nel
07-08 15:02:16.824  8600  8600 I AbstractOpenableExtension: AbstractOpenableExtension.maybeDestroyExistingKeyboardGroupManager():536 Destroy existing keyboard group manager in tpa
07-08 15:02:16.824  8600  8600 I AbstractOpenableExtension: AbstractOpenableExtension$3.onFailure():564 Failed to load KeyboardGroupManager in tpa.
07-08 15:02:16.824  8600  8600 I AbstractOpenableExtension: AbstractOpenableExtension.createKeyboardGroupManagerListenableFuture():121 Create keyboard group manager listenable future in tpa
07-08 15:02:16.824  8600  8600 I GoogleInputMethodService: GoogleInputMethodService.initializeInputMethodServiceData():895 initializeInputMethodServiceData for adwt{languageTag=en-GB, variant=qwerty, hasLocalizedResources=true, conditionCacheKey=_android_software_xr_api_spatial=false_app_first_start_timestamp=1704085233133_device=phone_device_size=default_enable_free_cursor_by_long_press_space=true_enable_number_row=false_enable_number_row_in_password=true_enable_pk_simulator=false_enable_pk_simulator_setting=false_enable_scrub_move=true_enable_secondary_digits=true_enable_secondary_symbols=false_expressions=normal_four_or_more_letter_rows=false_free_cursor=false_keyboard_font_size_setting=1.5_keyboard_mode=normal_language=en-GB_layout_9key_split=false_orientation=portrait_physical_keyboard=nokeys_pk_simulator_vk_ready=false_pref_enable_flick_symbols=false_rtl_layout=false_show_comma_key=true_show_period_key=true_show_secondary_digits=true_show_suggestion_strip=true_show_suggestions=true_split_with_duplicate_keys=true_true=true_variant=qwerty_writing_helper_enable_by_word_revert=true, imeDef.stringId=ime_english_great_britain, imeDef.className=com.google.android.apps.inputmethod.libs.edittracker.EditTrackingImeWrapper, imeDef.languageTag=en-GB}
07-08 15:02:16.825  8600  8600 I KeyboardThemeProvider: KeyboardThemeProvider.applyKeyboardTheme():27 Apply keyboard theme: theme,!gsf,!pgsans,!pgsf,!use_system_font,BORDER,FLAVOR_DPI=XXXHDPI,KEYBOARD_WIDTH_CATEGORY=NORMAL,KEY_BORDER_SHAPE=1,LIGHT_THEME=false,PHYSICAL_DIAGONAL=4.631828,POPUP,SCREEN_SHORTEST_WIDTH_NO_SCALE=320,XXXHDPI,bottom4dp,enable_popup_on_keypress=true,keyboard_redesign_google_sans=true,non_linear_scale,noshadow,overlay_builtin_dynamic_color_dark_base.binarypb:gm3-dark-ff15121c-ffcfbcff-6583a1a8bf22483adee98cd32b5377b9,silkpopup
07-08 15:02:16.825  8600  8600 I InputMethodEntryManager: InputMethodEntryManager.getAdditionalImeDefs():2563 getAdditionalImeDefs() called, flag enabled: true, isUserUnlocked: true
07-08 15:02:16.825  8600  8600 I InputBundle: InputBundle.prefetchKeyboard():670 prefetchKeyboard: prime
07-08 15:02:16.825  8600  8600 I KeyboardDefManager: KeyboardDefManager.requestKeyboardDef():128 requestKeyboardDef(): type=prime, info=afmf{defIds=[#0x7f1705fb, #0x7f170891], defIdsCacheKey=[2132215291, 2132215953]}
07-08 15:02:16.825  8600  8600 I KeyboardDefManager: KeyboardDefManager.requestKeyboardDef():195 requestKeyboardDef(): getOrCreate from cache, info=afmf{defIds=[#0x7f1705fb, #0x7f170891], defIdsCacheKey=[2132215291, 2132215953]}
07-08 15:02:16.825  8600  8600 I KeyboardDefManager: KeyboardDefManager$Companion$addFutureCallbackForKeyboardDefReceiver$1.onSuccess():425 requestKeyboardDef onSuccess(): info=afmf{defIds=[#0x7f1705fb, #0x7f170891], defIdsCacheKey=[2132215291, 2132215953]}
07-08 15:02:16.825  8600  8600 I KeyboardInterfacePrivate: IKeyboard.createKeyboard():71 Keyboard created from HiltKeyboardFactory: com.google.android.apps.inputmethod.latin.keyboard.LatinPrimeKeyboard
07-08 15:02:16.825  8600  8600 I GoogleInputMethodService: GoogleInputMethodService$9.onSuccess():949 Reloading input bundles after loading 5 additional ImeDefs
07-08 15:02:16.825  8600  8600 I InputBundleManager: InputBundleManager.loadActiveInputBundleId():552 loadActiveInputBundleId: en-GB, ime_english_great_britain
07-08 15:02:16.825  8600  8600 I InputBundleManager: InputBundleManager.loadActiveInputBundleId():552 loadActiveInputBundleId: en-GB, ime_english_great_britain
07-08 15:02:16.825  8600  8600 I InputMethodEntryManager: InputMethodEntryManager.disableTemporaryEnabledEntries():2248 
07-08 15:02:16.827  2141  3465 D skia    : findCacheMissInfo vsync 147568640, result 0
07-08 15:02:16.828  1854 10286 I sensors-hal: handle_sns_client_event:316, accel_sample: 0: ts=355551584888224 ns; value = [-0.492307, 3.880699, 9.236831], status=3
07-08 15:02:16.829  2141  2543 D skia    : GrGpu::writePixels takes 1
07-08 15:02:16.830  8600  9021 I SP      : Registering emoticon_content_description.2022081613, url: https://www.gstatic.com/android/keyboard/emoticon_content_desc/202208161305/superpacks_manifest.json, constraints: W:*:*:*, flags: bg, requested: 2022081613, current: 2022081613
07-08 15:02:16.831  7057  7057 I cr_A11yState: Enabled accessibility services list updated. [com.android.systemui.accessibility.accessibilitymenu/.AccessibilityMenuService]
07-08 15:02:16.831  8600  9021 I SP      : Registering spell_checker.2023080700, url: https://www.gstatic.com/android/keyboard/spell_checker/prod/2023080700/metadata_cpu_2023080700.json, constraints: m:*:*:*, flags: bg, requested: 2023080700, current: 2023080700
07-08 15:02:16.832  3414  4378 I InputReader: rotateVolumeKey configChange: mRotateVolumeKey=false deviceId=4 deviceName=gpio-keys
07-08 15:02:16.833  3414  4378 I InputReader: rotateVolumeKey configChange: mRotateVolumeKey=false deviceId=3 deviceName=pmic_resin
07-08 15:02:16.836  3414  3609 E SchedAssist: binderSetThreadUxFlagByIoctl: ioctl failed, tid=-1 flag=1 ret=-1 errno=25 (Inappropriate ioctl for device)
07-08 15:02:16.836  7057  8336 W VideoCapabilities: Unrecognized profile 8 for video/hevc
07-08 15:02:16.836  3414  3609 E SchedAssist: binderSetThreadUxFlagByIoctl: ioctl failed, tid=-1 flag=0 ret=-1 errno=25 (Inappropriate ioctl for device)
07-08 15:02:16.836  3414  3609 E SchedAssist: binderSetThreadUxFlagByIoctl: ioctl failed, tid=-1 flag=1 ret=-1 errno=25 (Inappropriate ioctl for device)
07-08 15:02:16.836  3414  3609 E SchedAssist: binderSetThreadUxFlagByIoctl: ioctl failed, tid=-1 flag=0 ret=-1 errno=25 (Inappropriate ioctl for device)
07-08 15:02:16.836  8600  9016 W ModuleManager: ModuleManager.loadModule():634 Module ajaz is not available
07-08 15:02:16.836  8600  8600 I SystemSubtypesReportModule2: SystemSubtypesReportModule2$2.onSetCurrentInputMethodSubtype():158 en_GB
07-08 15:02:16.836  8600  8600 I SystemSubtypesReportModule2: SystemSubtypesReportModule2$2.onSetCurrentInputMethodSubtype():170 Subtype en_GB was caused by entry
07-08 15:02:16.837  7057  8336 W VideoCapabilities: Unrecognized profile 8 for video/hevc
07-08 15:02:16.837  8600  5318 I DelightKLPDownloader: DelightKLPDownloader.downloadKLPInternal():203 downloading KLP for en_GB
07-08 15:02:16.837  8600  5318 I DelightKLPDownloader: DelightKLPDownloader.downloadKLPInternal():203 downloading KLP for th
07-08 15:02:16.838  3414  4378 D PointerChoreographer: updatePointerControllersLocked, vendor=0000, deviceName:pineapple-mtp-snd-card headset jack, descriptor=0cbe63350d518076c8f671e80cbc15e6d94f7e4a
07-08 15:02:16.838  3414  4378 D PointerChoreographer: updatePointerControllersLocked, vendor=0000, deviceName:pmic_pwrkey, descriptor=39f0cc2fda6f8287fd99ffa0db53ae80f4837e18
07-08 15:02:16.838  3414  4378 D PointerChoreographer: updatePointerControllersLocked, vendor=0001, deviceName:gpio-keys, descriptor=485d69228e24f5e46da1598745890b214130dbc4
07-08 15:02:16.838  3414  4378 D PointerChoreographer: updatePointerControllersLocked, vendor=0000, deviceName:uinput_nav, descriptor=3b5e141101b56e3eba67ef9a195d0a8f3d885766
07-08 15:02:16.838  3414  4378 D PointerChoreographer: updatePointerControllersLocked, vendor=0000, deviceName:touchpanel, descriptor=26d13db3fa0f6bd5d05831266fb01ea6c500b88c
07-08 15:02:16.838  3414  4378 D PointerChoreographer: updatePointerControllersLocked, vendor=0000, deviceName:pmic_resin, descriptor=653e1ca6257fe659881d6f71b799cb02b0d69ace
07-08 15:02:16.838  3414  4378 D PointerChoreographer: updatePointerControllersLocked, vendor=0000, deviceName:oplus_fp_input, descriptor=35e5048bca63d3c8a7c284235de901684e5f665e
07-08 15:02:16.838  3414  4378 D PointerChoreographer: updatePointerControllersLocked, vendor=0000, deviceName:virtual, descriptor=a718a782d34bc767f4689c232d64d527998ea7fd
07-08 15:02:16.839  3414  4405 I VibrationEffectConvertor: onInputMethodListUpdated received, info.size = 4
07-08 15:02:16.839  3414  4405 I VibrationEffectConvertor: userid = 0, packageName = com.google.android.tts
07-08 15:02:16.839  3414  4405 I VibrationEffectConvertor: userid = 0, packageName = helium314.keyboard
07-08 15:02:16.839  3414  4405 I VibrationEffectConvertor: userid = 0, packageName = com.google.android.inputmethod.latin
07-08 15:02:16.839  3414  4405 I VibrationEffectConvertor: userid = 0, packageName = com.oplus.securitykeyboard
07-08 15:02:16.839  8600  5318 I DataFileManager: DataFileManager.removeDataWithoutNotify():222 removing data en-US mdd
07-08 15:02:16.839  8600  5318 I DelightKLPDownloader: DelightKLPDownloader.getBundledLmVersion():312 bundled KLP for en_GB version = 0
07-08 15:02:16.839  8600  5318 I DelightKLPDownloader: DelightKLPDownloader.getBundledLmVersion():312 bundled KLP for th version = 0
07-08 15:02:16.839  8600  5318 I ManifestedDataDownloader: ManifestedDataDownloader.download():67 downloading manifest https://www.gstatic.com/android/keyboard/dictionarypack/2026060121/metadata.json-perlang/en-GB.json?v=2026060900
07-08 15:02:16.839  8600  5318 I ManifestedDataDownloader: ManifestedDataDownloader.download():67 downloading manifest https://www.gstatic.com/android/keyboard/dictionarypack/2026060121/metadata.json-perlang/th.json?v=2026060900
07-08 15:02:16.840  8600  5312 I PerLanguageDataDownloader: PerLanguageDataDownloader.downloadDataInternal():168 downloading Data for en
07-08 15:02:16.840  8600  5312 I ManifestedDataDownloader: ManifestedDataDownloader.download():67 downloading manifest https://www.gstatic.com/android/keyboard/modelpack/proactiveek/embedding_gemma/2025120304/en_manifest.json
07-08 15:02:16.841  7057  8329 D Capacitor: Handling local request: https://localhost/assets/i18n-xD6L2erF.js
07-08 15:02:16.842  8600  6787 I KeyboardGroupDefParser: KeyboardGroupDefParser.parseKeyboardGroupDef():72 parseKeyboardGroupDef() 2132213994 -> 0_resource_name_obfuscated : WaitTime = 17 ms : RunTime = 1 ms
07-08 15:02:16.842  8600  6787 I KeyboardGroupDefParser: KeyboardGroupDefParser.parseKeyboardGroupDef():72 parseKeyboardGroupDef() 2132213997 -> 0_resource_name_obfuscated : WaitTime = 18 ms : RunTime = 0 ms
07-08 15:02:16.842  8600  6787 I KeyboardGroupDefParser: KeyboardGroupDefParser.parseKeyboardGroupDef():72 parseKeyboardGroupDef() 2132213998 -> 0_resource_name_obfuscated : WaitTime = 18 ms : RunTime = 0 ms
07-08 15:02:16.842  8600  6787 I LatinImeEntryActivation: LatinImeActivationContentObserver.activeLanguagesHaveChanged():70 Active entries changed: [en-US, th, en-GB] -> {th, en-GB}
07-08 15:02:16.842  8600  6787 I CrossProfileSharedPreferences: CrossProfileSharedPreferences.maybeRunSyncTaskAfterFullSyncComplete():218 Full sync is not complete when incremental sync is called, trigger full sync
07-08 15:02:16.842  8600  6787 I LmManager: LmManager.asyncUpdateEnabledLanguageModels():98 asyncUpdateEnabledLanguageModels()
07-08 15:02:16.842  8600  6787 I SuperDelight: SuperDelightManager.initializeOverridesSuperpacks():397 initializeOverridesSuperpacks()
07-08 15:02:16.842  8600  6787 I DelightKLPDownloader: DelightKLPDownloader.downloadKLPInternal():203 downloading KLP for en_GB
07-08 15:02:16.842  8600  6787 I DelightKLPDownloader: DelightKLPDownloader.downloadKLPInternal():203 downloading KLP for th
07-08 15:02:16.843  8600  6787 I SuperDelight: SuperDelightManager.initializeBundledDelightSuperpacks():371 initializeBundledDelightSuperpacks()
07-08 15:02:16.844  7057  7057 I cr_A11yState: Informing listeners of changes.
07-08 15:02:16.844  7057  7057 I cr_A11yState: New AccessibilityState: State{isComplexUserInteractionServiceEnabled=false, isTouchExplorationEnabled=false, isPerformGesturesEnabled=false, isAnyAccessibilityServiceEnabled=true, isAccessibilityToolPresent=true, isTextShowPasswordEnabled=true, isOnlyAutofillRunning=false, isOnlyPasswordManagersEnabled=false, isKnownScreenReaderEnabled=false}
07-08 15:02:16.844  8600  5313 I DelightKLPDownloader: DelightKLPDownloader.getBundledLmVersion():312 bundled KLP for en_GB version = 0
07-08 15:02:16.844  8600  5313 I DelightKLPDownloader: DelightKLPDownloader.getBundledLmVersion():312 bundled KLP for th version = 0
07-08 15:02:16.844  8600  5313 I ManifestedDataDownloader: ManifestedDataDownloader.download():67 downloading manifest https://www.gstatic.com/android/keyboard/dictionarypack/2026060121/metadata.json-perlang/en-GB.json?v=2026060900
07-08 15:02:16.844  8600  5313 I ManifestedDataDownloader: ManifestedDataDownloader.download():67 downloading manifest https://www.gstatic.com/android/keyboard/dictionarypack/2026060121/metadata.json-perlang/th.json?v=2026060900
07-08 15:02:16.844  8600  9021 I SuperpacksManagerImpl: SuperpacksManagerImpl$3$1.onSuccess():552 emoticon_content_description.registerManifest() succeeded
07-08 15:02:16.844  8600  9021 I SuperpacksManagerImpl: SuperpacksManagerImpl$3$1.onSuccess():552 spell_checker.registerManifest() succeeded
07-08 15:02:16.844  8600  9021 I SP      : Registering content_cache.2024032915, url: https://www.gstatic.com/android/keyboard/modelpack/contentcache/202403291544/superpacks_manifest.json, constraints: W:*:*:*, flags: bg, requested: 2024032915, current: 2024032915
07-08 15:02:16.844  8600  9021 I SP      : Registering emoticon_content_description.2022081613, url: https://www.gstatic.com/android/keyboard/emoticon_content_desc/202208161305/superpacks_manifest.json, constraints: W:*:*:*, flags: bg, requested: 2022081613, current: 2022081613
07-08 15:02:16.844  8600  5312 I CrossProfileSharedPreferences: CrossProfileSharedPreferences.syncAllAllowedPreferencesInternal():276 Cannot make cross profile calls to full sync preferences
07-08 15:02:16.844  8600  9021 I SP      : Registering bundled_delight.2026052100, url: null, constraints: *:*:*:*, flags: *, requested: 2026052100, current: 2026052100
07-08 15:02:16.845  7057  8336 W VideoCapabilities: Unrecognized profile 8 for video/hevc
07-08 15:02:16.848  8600  8600 I PkModeUpdater: PkModeUpdater.refreshDevices():206 refreshing devices
07-08 15:02:16.848  8600  6746 I SuperDelight: SuperDelightManager.syncOverridesLanguageModels():646 SuperDelightManager#syncOverridesLanguageModels(): Superpack delight_overrides not found or negative version provided
07-08 15:02:16.849  8600  8600 I PkModeUpdater: PkModeUpdater.refreshDevices():206 refreshing devices
07-08 15:02:16.850  8600  8600 I PkModeUpdater: PkModeUpdater.refreshDevices():206 refreshing devices
07-08 15:02:16.851  7057  7057 D InsetsController: hide(ime(), fromIme=false)
07-08 15:02:16.851  7057  7057 I ImeTracker: rd.sheepskin.sandboxmusic:569d010b: onCancelled at PHASE_CLIENT_ALREADY_HIDDEN
07-08 15:02:16.856  8600  8600 I PkModeUpdater: PkModeUpdater.refreshDevices():206 refreshing devices
07-08 15:02:16.856  8600  8600 I PkModeUpdater: PkModeUpdater.refreshDevices():206 refreshing devices
07-08 15:02:16.857  3414  4827 I Osense-BaseDecisionMaker: notifySceneToAthenaPolicy: SCENE_ACTIVITY_IDLE, bundle: Bundle[{scene=SCENE_ACTIVITY_IDLE}]
07-08 15:02:16.857  3414  4827 I Osense-BaseDecisionMaker: OSense not supported scene! SCENE_ACTIVITY_IDLE
07-08 15:02:16.857  8600  8600 I PkModeUpdater: PkModeUpdater.refreshDevices():206 refreshing devices
07-08 15:02:16.858  7057  8336 W VideoCapabilities: Unrecognized profile 8 for video/hevc
07-08 15:02:16.858  3414  3631 I UserAwareMgr: handleAppChangedToBg, pkgName: co.mona.android, pid: 7142
07-08 15:02:16.858  3414  3631 W UserAwareMgr: app not not found or not visible: null
07-08 15:02:16.858  3414  3631 W UserAwareMgr: handleAppChangedToBg process is empty
07-08 15:02:16.859  3414  3631 I UserAwareMgr: handleAppChangedToBg, pkgName: com.google.android.adservices.api, pid: 9345
07-08 15:02:16.859  3414  3631 W UserAwareMgr: app not not found or not visible: null
07-08 15:02:16.859  3414  3631 W UserAwareMgr: handleAppChangedToBg process is empty
07-08 15:02:16.860  3414  3631 I UserAwareMgr: handleAppChangedToBg, pkgName: com.android.oemextensions, pid: 7043
07-08 15:02:16.860  3414  3631 W UserAwareMgr: app not not found or not visible: null
07-08 15:02:16.860  3414  3631 W UserAwareMgr: handleAppChangedToBg process is empty
07-08 15:02:16.860  8600  8600 I PkModeUpdater: PkModeUpdater.refreshDevices():206 refreshing devices
07-08 15:02:16.860  7057  8336 W VideoCapabilities: Unrecognized profile 8 for video/hevc
07-08 15:02:16.861  7057  8336 W VideoCapabilities: Unrecognized profile 8 for video/hevc
07-08 15:02:16.862  8600  9021 I SP      : Syncing emoticon_content_description (2022081613) with slices: [7a635888cb828dfa2fc744b7b9b50f04, 82203eaeaa17c7345d29b18e337a6f27, 9585007bde15b62a23e73e5a07e18dab], metadata: false
07-08 15:02:16.862  8600  9021 I SuperpacksManagerImpl: SuperpacksManagerImpl$3$1.onSuccess():552 content_cache.registerManifest() succeeded
07-08 15:02:16.862  8600  9021 I SuperpacksManagerImpl: SuperpacksManagerImpl$3$1.onSuccess():552 emoticon_content_description.registerManifest() succeeded
07-08 15:02:16.862  8600  9021 I SP      : Registering emoticon_content_description.2022081613, url: https://www.gstatic.com/android/keyboard/emoticon_content_desc/202208161305/superpacks_manifest.json, constraints: W:*:*:*, flags: bg, requested: 2022081613, current: 2022081613
07-08 15:02:16.862  8600  9021 I SP      : Registering emoticon_content_description.2022081613, url: https://www.gstatic.com/android/keyboard/emoticon_content_desc/202208161305/superpacks_manifest.json, constraints: W:*:*:*, flags: bg, requested: 2022081613, current: 2022081613
07-08 15:02:16.862  8600  9021 I SuperpacksManagerImpl: SuperpacksManagerImpl$3$1.onSuccess():552 bundled_delight.registerManifest() succeeded
07-08 15:02:16.864 26048  4905 I DiscoveryManager: Discovery state (DiscoveryState{filterCriteria=[CC1AD845], categoryToCriteria={com.google.android.gms.cast.CATEGORY_CAST/CC1AD845///ALLOW_IPV6=[CC1AD845]}, activeScan=false, activeScanWithScreenOff=false, discoveryRequestSupportsDynamicSession=false, eventFlowId=-1})
07-08 15:02:16.867  3414  3631 W UserAwareMgr: event can not be released, id: 1014, count: 2, releasePid: 3414
07-08 15:02:16.868 26048 26048 I CastMediaRouteProvider: Published 1 routes
07-08 15:02:16.875  8600  6823 I SuperDelight: SuperDelightManager$2.onSuccess():521 delight_overrides sync success, adding to data file manager
07-08 15:02:16.876  4915  4994 D AdfrV32FrameRateUtils: set frameRate in trantion end, leash=Surface(name=Task=1676)/@0xfe1fbaf, transaction=android.view.SurfaceControl$Transaction@aa2133b, precisionType=1, typeId=20101, typeEnable=false
07-08 15:02:16.876  4915  4994 D AdfrV32FrameRateUtils: set frameRate in trantion end, leash=Surface(name=Task=1698)/@0x620978e, transaction=android.view.SurfaceControl$Transaction@aa2133b, precisionType=1, typeId=20101, typeEnable=false
07-08 15:02:16.877  4915  4967 D OplusShellTransition: DefaultTransitionHandler#onAnimFinish=> transition=android.os.BinderProxy@8c9a973, backAnimContinue=false, callers=com.android.wm.shell.transition.DefaultTransitionHandler.$r8$lambda$qit_acjra9f3RQ8hSt3jhZnv1GI:1 com.android.wm.shell.transition.DefaultTransitionHandler$$ExternalSyntheticLambda7.run:15 com.android.wm.shell.transition.DefaultSurfaceAnimator.lambda$buildSurfaceAnimation$0:4 com.android.wm.shell.transition.DefaultSurfaceAnimator.$r8$lambda$DFi5R7gkYfrNm_lAsGpJa97uO-M:1 com.android.wm.shell.transition.DefaultSurfaceAnimator$$ExternalSyntheticLambda0.run:7 android.os.Handler.handleCallback:1001 android.os.Handler.dispatchMessage:109 android.os.Looper.loopOnce:306 
07-08 15:02:16.877  4915  4967 V WindowManagerShell: Transition animation finished (aborted=false), notifying core (#6355) android.os.BinderProxy@8c9a973@0
07-08 15:02:16.877  4915  4967 D SplitScreen-->AppLockManager: setStartFromSafeControl mStartFromSafeControl=false
07-08 15:02:16.878  4915  4967 D ShellTaskOrganizerExt: adjust change for exiting mini task: -1
07-08 15:02:16.879  3414  4571 D Transition: finishTransition ar ActivityRecord{65303057 u0 rd.sheepskin.sandboxmusic/.MainActivity t1698}, isVisibleRequested=true, state=RESUMED, visibleAtTransitionEndTokens={ActivityRecord{65303057 u0 rd.sheepskin.sandboxmusic/.MainActivity t1698}}, this=TransitionRecord{2c606b0 id=6355 track=0 type=OPEN flags=0x0 state=2 c=[
07-08 15:02:16.879  3414  4571 D Transition:    ChangeInfo{7aa929 container=Task{5df18b #1676 type=standard A=10496:co.mona.android} flags=0x10}
07-08 15:02:16.879  3414  4571 D Transition:    ChangeInfo{27ab4ae container=ActivityRecord{65303057 u0 rd.sheepskin.sandboxmusic/.MainActivity t1698} flags=0x0}
07-08 15:02:16.879  3414  4571 D Transition:    ChangeInfo{de0224f container=ActivityRecord{67976965 u0 co.mona.android/.feature.home_legacy.impl.home.HomeActivity t1676} flags=0x0}
07-08 15:02:16.879  3414  4571 D Transition:    ChangeInfo{afcdddc container=DefaultTaskDisplayArea@103609855 flags=0x0}
07-08 15:02:16.879  3414  4571 D Transition:    ChangeInfo{d6baee5 container=Display{#0 state=ON size=1440x3168 ROTATION_0} flags=0x0}
07-08 15:02:16.879  3414  4571 D Transition:    ChangeInfo{416dba container=Task{9ef1977 #1698 type=standard A=10447:rd.sheepskin.sandboxmusic} flags=0x30}
07-08 15:02:16.879  3414  4571 D Transition: ]
07-08 15:02:16.879  3414  4571 D Transition: }
07-08 15:02:16.880  3414  4571 D Transition: finishTransition ar ActivityRecord{67976965 u0 co.mona.android/.feature.home_legacy.impl.home.HomeActivity t1676}, isVisibleRequested=false, state=PAUSED, visibleAtTransitionEndTokens={ActivityRecord{65303057 u0 rd.sheepskin.sandboxmusic/.MainActivity t1698}}, this=TransitionRecord{2c606b0 id=6355 track=0 type=OPEN flags=0x0 state=2 c=[
07-08 15:02:16.880  3414  4571 D Transition:    ChangeInfo{7aa929 container=Task{5df18b #1676 type=standard A=10496:co.mona.android} flags=0x10}
07-08 15:02:16.880  3414  4571 D Transition:    ChangeInfo{27ab4ae container=ActivityRecord{65303057 u0 rd.sheepskin.sandboxmusic/.MainActivity t1698} flags=0x0}
07-08 15:02:16.880  3414  4571 D Transition:    ChangeInfo{de0224f container=ActivityRecord{67976965 u0 co.mona.android/.feature.home_legacy.impl.home.HomeActivity t1676} flags=0x0}
07-08 15:02:16.880  3414  4571 D Transition:    ChangeInfo{afcdddc container=DefaultTaskDisplayArea@103609855 flags=0x0}
07-08 15:02:16.880  3414  4571 D Transition:    ChangeInfo{d6baee5 container=Display{#0 state=ON size=1440x3168 ROTATION_0} flags=0x0}
07-08 15:02:16.880  3414  4571 D Transition:    ChangeInfo{416dba container=Task{9ef1977 #1698 type=standard A=10447:rd.sheepskin.sandboxmusic} flags=0x30}
07-08 15:02:16.880  3414  4571 D Transition: ]
07-08 15:02:16.880  3414  4571 D Transition: }
07-08 15:02:16.880  3414  4571 D ActivityTaskManager: commitVisibility: ActivityRecord{67976965 u0 co.mona.android/.feature.home_legacy.impl.home.HomeActivity t1676}: visible=false visibleRequested=false, isInTransition=false 
07-08 15:02:16.880  3414  4571 D WindowManager: NFW_setClientVisible:ActivityRecord{67976965 u0 co.mona.android/.feature.home_legacy.impl.home.HomeActivity t1676} clientVisible:false
07-08 15:02:16.880  3414  4571 I WindowManager: Window{b7762f2 u0 co.mona.android/co.mona.android.feature.home_legacy.impl.home.HomeActivity} state from HAS_DRAWN to DRAW_PENDING; reason: resetDrawState
07-08 15:02:16.880 30024  6977 D VRI[HomeActivity]: dispatchAppVisibility visible:false mUpcomingWindowFocus:false
07-08 15:02:16.880  3414  4571 I OplusAppSwitchManagerService:  handleAppVisible , r = ActivityRecord{65303057 u0 rd.sheepskin.sandboxmusic/.MainActivity t1698}
07-08 15:02:16.880  3414  4571 D ActivityTaskManager: The isLandscapeFullscreenEnabled is: rd.sheepskin.sandboxmusic/.MainActivity
07-08 15:02:16.880  3414  4571 D OplusTransitionController: finishTransition, transition: TransitionRecord{2c606b0 id=6355 track=0 type=OPEN flags=0x0 state=4 c=[
07-08 15:02:16.880  3414  4571 D OplusTransitionController:    ChangeInfo{7aa929 container=Task{5df18b #1676 type=standard A=10496:co.mona.android} flags=0x10}
07-08 15:02:16.880  3414  4571 D OplusTransitionController:    ChangeInfo{27ab4ae container=ActivityRecord{65303057 u0 rd.sheepskin.sandboxmusic/.MainActivity t1698} flags=0x0}
07-08 15:02:16.880  3414  4571 D OplusTransitionController:    ChangeInfo{de0224f container=ActivityRecord{67976965 u0 co.mona.android/.feature.home_legacy.impl.home.HomeActivity t1676} flags=0x0}
07-08 15:02:16.880  3414  4571 D OplusTransitionController:    ChangeInfo{afcdddc container=DefaultTaskDisplayArea@103609855 flags=0x0}
07-08 15:02:16.880  3414  4571 D OplusTransitionController:    ChangeInfo{d6baee5 container=Display{#0 state=ON size=1440x3168 ROTATION_0} flags=0x0}
07-08 15:02:16.880  3414  4571 D OplusTransitionController:    ChangeInfo{416dba container=Task{9ef1977 #1698 type=standard A=10447:rd.sheepskin.sandboxmusic} flags=0x30}
07-08 15:02:16.880  3414  4571 D OplusTransitionController: ]
07-08 15:02:16.880  3414  4571 D OplusTransitionController: }
07-08 15:02:16.881  3414  4571 D FlexibleTaskTransitionController:  finishTransition pendingRecentToFlexibleTask:null,isRotationTransition:false ,pendingRecentToFlexible:null ,transition:TransitionRecord{2c606b0 id=6355 track=0 type=OPEN flags=0x0 state=4 c=[
07-08 15:02:16.881  3414  4571 D FlexibleTaskTransitionController:    ChangeInfo{7aa929 container=Task{5df18b #1676 type=standard A=10496:co.mona.android} flags=0x10}
07-08 15:02:16.881  3414  4571 D FlexibleTaskTransitionController:    ChangeInfo{27ab4ae container=ActivityRecord{65303057 u0 rd.sheepskin.sandboxmusic/.MainActivity t1698} flags=0x0}
07-08 15:02:16.881  3414  4571 D FlexibleTaskTransitionController:    ChangeInfo{de0224f container=ActivityRecord{67976965 u0 co.mona.android/.feature.home_legacy.impl.home.HomeActivity t1676} flags=0x0}
07-08 15:02:16.881  3414  4571 D FlexibleTaskTransitionController:    ChangeInfo{afcdddc container=DefaultTaskDisplayArea@103609855 flags=0x0}
07-08 15:02:16.881  3414  4571 D FlexibleTaskTransitionController:    ChangeInfo{d6baee5 container=Display{#0 state=ON size=1440x3168 ROTATION_0} flags=0x0}
07-08 15:02:16.881  3414  4571 D FlexibleTaskTransitionController:    ChangeInfo{416dba container=Task{9ef1977 #1698 type=standard A=10447:rd.sheepskin.sandboxmusic} flags=0x30}
07-08 15:02:16.881  3414  4571 D FlexibleTaskTransitionController: ]
07-08 15:02:16.881  3414  4571 D FlexibleTaskTransitionController: }
07-08 15:02:16.881  3414  4571 D TransitionControllerExtImpl: NFW_send RECOMPUTE_FOCUS in finishTransition
07-08 15:02:16.881  4915  4967 D ShellTaskOrganizer: onTransitionFinish, isRecent:false
07-08 15:02:16.881  3414  3608 D WindowManager: NFW_findFocusedWindowIfNeeded:Window{ca9be9a u0 rd.sheepskin.sandboxmusic/rd.sheepskin.sandboxmusic.MainActivity} mCurrentFocus:Window{ca9be9a u0 rd.sheepskin.sandboxmusic/rd.sheepskin.sandboxmusic.MainActivity}
07-08 15:02:16.882  4915  4967 V WindowManagerShell: Track 0 became idle
07-08 15:02:16.882  4915  4967 V WindowManagerShell: All active transition animations finished
07-08 15:02:16.882 30024 30024 D VRI[HomeActivity]: visibilityChanged oldVisibility=true newVisibility=false
07-08 15:02:16.882  3414  3609 E SchedAssist: binderSetThreadUxFlagByIoctl: ioctl failed, tid=-1 flag=1 ret=-1 errno=25 (Inappropriate ioctl for device)
07-08 15:02:16.882  3414  3609 E SchedAssist: binderSetThreadUxFlagByIoctl: ioctl failed, tid=-1 flag=0 ret=-1 errno=25 (Inappropriate ioctl for device)
07-08 15:02:16.883  3414  3609 I TaskOrganizerController: onTaskInfoChanged taskid 1676 config { mBounds=Rect(0, 0 - 1440, 3168) mAppBounds=Rect(0, 0 - 1440, 3168) mMaxBounds=Rect(0, 0 - 1440, 3168) mDisplayRotation=ROTATION_0 mWindowingMode=fullscreen mActivityType=standard mAlwaysOnTop=undefined mRotation=ROTATION_0}
07-08 15:02:16.883  3414  3609 D OplusFlexibleDragToSplitAnimController: visibleFlexibleTaskInfos delete:1676
07-08 15:02:16.883  3414  3609 E FlexibleWindowManagerService: notifyTaskObserverToAttachController not need to notify!
07-08 15:02:16.883  3414  3609 I FlexibleWindowManagerService: onFlexibleWindowTaskInfoChanged, return for cur task not embedded
07-08 15:02:16.883  3414  3631 I UserAwareMgr: handleAppChangedToBg, pkgName: co.mona.android, pid: 30024
07-08 15:02:16.883  3414  3743 D VRR [OPlusRefreshRateService]:  setDirectorStates [flag: 1, state: 0, directorStateOff: 0]
07-08 15:02:16.883  4915  4967 D ShellTaskOrganizerExt: visibleFlexibleTaskInfos delete:1676
07-08 15:02:16.883  4915  4967 D ShellTaskOrganizerExt: isOnCanvas size:0
07-08 15:02:16.883  4915  4967 D ShellTaskOrganizerExt: isOnThreeFlexibleCanvas size:0
07-08 15:02:16.883  2141  2517 D VRR [RefreshRateDirector]: updateState mState = 1
07-08 15:02:16.883  7057  8336 W VideoCapabilities: Unrecognized profile 8 for video/hevc
07-08 15:02:16.883  3414  3693 D osense.compress: org.unifiedpush.distributor.sunup do shrink, target ratio = 45, final ratio = 90, cur ratio = 0
07-08 15:02:16.885  5703  7977 D CommonApp-115-10162: transport layer data is invalid
07-08 15:02:16.885  5703  7977 D CommonApp-115-10496: commonScoreStrategy scenarios 3 mTLD.uplink_packets + mTLD.downlink_packets > 10 avgRtt15
07-08 15:02:16.885  5703  7977 D CommonApp-115-10496: notifyScoreChange appScene COMMON score 100
07-08 15:02:16.885  4987  6104 V OsAgent : broadcastSystemEvent - 7
07-08 15:02:16.885  4987  6104 V OsAgent : broadcastSystemEvent - 7
07-08 15:02:16.885  4987  6104 V OsAgent : broadcastSystemEvent - 7
07-08 15:02:16.892  3414  8465 D Transition: finishTransaction-onCommitted syncId=6355
07-08 15:02:16.893  1884 29452 I SDM     : ClstcAlgorithmAdapter::UcscToneMap():1623 Checksum for layer 18936 is: 0
07-08 15:02:16.895  3414  3609 I OplusScreenSecurityMask: remove WindowsName list: Window{b7762f2 u0 co.mona.android/co.mona.android.feature.home_legacy.impl.home.HomeActivity} list size: 0 isFromSetSecure: false , surfaceShown = false , displayId = 0
07-08 15:02:16.895  3414  3609 I OplusScreenSecurityMask: onSecurityPageFlagChanged size: 0 , surfaceShown = false , displayId = 0
07-08 15:02:16.899  3414  8465 I WifiService: acquireMulticastLock uid=10119 lockTag=MdnsServiceBrowserImpl
07-08 15:02:16.903 26048 26099 I MdnsServiceBrowser: (REDACTED) registering %s
07-08 15:02:16.906 30024 30024 I DynamicFramerate [AnimationInfoManager]: onWindowVisibilityChanged: viewRoot-android.view.ViewRootImpl@b0983dd visibility changes to 8
07-08 15:02:16.906  3414  4447 I serviceDiscovery: [MdnsSocketProvider] Start monitoring sockets.
07-08 15:02:16.906  3414  4447 I TetheringManager: registerTetheringEventCallback caller:android
07-08 15:02:16.906  3414  4447 I serviceDiscovery: [MdnsDiscoveryManager] Registering listener for serviceType: _googlecast._tcp.local
07-08 15:02:16.908  8600  8613 W SP      : File ref is being finalized but wasn't closed, file: main_en_us_2026030300_2[44]
07-08 15:02:16.908  8600  8613 W SP      : File ref is being finalized but wasn't closed, file: main_en_us_2026030300_2[44]
07-08 15:02:16.908  8600  8613 W SP      : File ref is being finalized but wasn't closed, file: en_cpu_272adaa02e4841a0e8fe0d7f95b77421[16]
07-08 15:02:16.908  3414  3743 D VRR [OPlusSAManager]: updateAutoMinfps for 4630946450791512195 with nits: 815.9735, mHistOK true, mAmbientOK true, mCctOK true, mIrOK true, mBrightnessOK true, isPkgOK true, SA min fps: 89
07-08 15:02:16.909  2141  2518 I VRR-[OPlusRefreshRateSelector]: updateAutoMode success, display 0, mode 0, fakeframe 1, min fps: 1
07-08 15:02:16.909  8600  8613 W SP      : File ref is being finalized but wasn't closed, file: main_en_us_2026030300_2[44]
07-08 15:02:16.909  8600  8613 W SP      : File ref is being finalized but wasn't closed, file: main_en_us_2026030300_2[44]
07-08 15:02:16.909  8600  8613 W SP      : File ref is being finalized but wasn't closed, file: en_cpu_272adaa02e4841a0e8fe0d7f95b77421[16]
07-08 15:02:16.910  3414  4447 I serviceDiscovery: [MdnsDiscoveryManager] Registering listener for serviceType: _googlecast._tcp.local
07-08 15:02:16.911  7057  8336 W VideoCapabilities: Unrecognized profile 8 for video/hevc
07-08 15:02:16.912  5344  8082 D IpClient.wlan0: set max DTIM multiplier to 1
07-08 15:02:16.913  8600  5310 I DelightKLPDownloader: DelightKLPDownloader$1.onSuccess():157 removing filegroup __KLP_delight__en-US
07-08 15:02:16.913  8600  5310 I DelightKLPDownloader: DelightKLPDownloader$1.onSuccess():157 removing filegroup __KLP_manifest_delight__en-US
07-08 15:02:16.913  7057  8336 W VideoCapabilities: Unrecognized profile 8 for video/hevc
07-08 15:02:16.913 30024 30024 D HWUI    : RenderProxy::destroy: this=0xb4000071311ef100, mContext=0xb400007174b0e580
07-08 15:02:16.913 30024  7016 D HWUI    : SkiaOpenGLPipeline::setSurface: this=0xb4000072027c8f00, surface=NULL
07-08 15:02:16.914  1884 29452 I SDM     : DisplayBuiltIn::SetQSyncModeLocked: VRR + update qsync mode 0 minfps 00C08181
07-08 15:02:16.914  1884 29452 I SDM     : HWDeviceDRM::OPlusIsQSyncMinFpsForAuto: VRR +  OPlusIsQSyncMinFpsForAuto: 1
07-08 15:02:16.914  1884 29452 I SDM     : DisplayBuiltIn::SetQSyncModeLocked: VRR + needs_avr_update_ 0
07-08 15:02:16.914  7057  8325 D Capacitor: Handling local request: https://localhost/assets/station-artist-jk0iv1e0.js
07-08 15:02:16.914 30024  7016 D BufferQueueProducer: [VRI[HomeActivity]#3(BLAST Consumer)3](id:754800000003,api:1,p:30024,c:30024) disconnect: api 1
07-08 15:02:16.914  7057  8310 D Capacitor: Handling local request: https://localhost/assets/station-settings-JuuNTtll.js
07-08 15:02:16.915  7057  8311 D Capacitor: Handling local request: https://localhost/assets/station-search-CPICE1jA.js
07-08 15:02:16.915  1884  2196 I SDM     : HWDeviceDRM::OPlusIsQSyncMinFpsForAuto: VRR +  OPlusIsQSyncMinFpsForAuto: 1
07-08 15:02:16.915  1884  2196 E SDM     : DRMConnector::Perform: Connector 69: Setting Qsync min fps 12616065
07-08 15:02:16.916  7057  8336 W VideoCapabilities: Unrecognized profile 8 for video/hevc
07-08 15:02:16.916  7057  8336 W VideoCapabilities: Unrecognized profile 8 for video/hevc
07-08 15:02:16.917  7057  8325 D Capacitor: Handling local request: https://localhost/assets/station-dj-Go0dHeis.js
07-08 15:02:16.918  7057  8336 W VideoCapabilities: Unsupported mime image/vnd.android.heic
07-08 15:02:16.919  7057  8336 W VideoCapabilities: Unsupported mime image/vnd.android.heic
07-08 15:02:16.919 30024 30024 D ViewRootImplExtImpl: wrapConfigInfoIntoFlags rotation=0, smallestScreenWidthDp=320, isAutolayoutSwdpModified=false, residentWS=false, scenario=0, bounds=Rect(0, 0 - 1440, 3168), isFirstDraw=false, relayoutAsync=false, flags=0, newFlags=1660954624, title=co.mona.android/co.mona.android.feature.home_legacy.impl.home.HomeActivity
07-08 15:02:16.919  1730  8338 E         : DNS_CACHE: hanle request << lookupdns: hostname:www.gstatic.com, servername:^, ai_flags:1024, ai_family:0, ai_socktype:1, ai_protocol:0, netid:0, uid:10447
07-08 15:02:16.919  7057  8336 W VideoCapabilities: Unsupported mime video/dolby-vision
07-08 15:02:16.919  7057  8325 D DNS_CACHE: oplus_oplus_getaddrinfo_proxy lookup from netd: hostname:www.gstatic.com, servname:(null) uid: 10447, result_code:408, res = 0x0, found = 0
07-08 15:02:16.920  3414  8465 V WindowManager: Relayout Window{b7762f2 u0 co.mona.android/co.mona.android.feature.home_legacy.impl.home.HomeActivity}: viewVisibility=8, oldvis=0, req=1440x3168 , apr = 0, 
07-08 15:02:16.920  7057  8336 W VideoCapabilities: Unsupported mime video/dolby-vision
07-08 15:02:16.920  1859  1859 D WifiHAL : wifi_set_dtim_config: multiplier:1
07-08 15:02:16.920  7057  8336 W VideoCapabilities: Unsupported mime video/dolby-vision
07-08 15:02:16.921  3414  4447 I WifiService: acquireMulticastLock uid=1000 lockTag=NsdService
07-08 15:02:16.921  7057  8310 D Capacitor: Handling local request: https://localhost/assets/discover-playlists-_XjdQrdd.js
07-08 15:02:16.921  7057  8304 D Capacitor: Handling local request: https://localhost/assets/station-podcasts-CmVv0juQ.js
07-08 15:02:16.922  7057  8329 D Capacitor: Handling local request: https://localhost/assets/index-Ch04NPqo.css
07-08 15:02:16.922  7057  8324 D Capacitor: Handling local request: https://localhost/assets/station-locker-CigbkTjj.js
07-08 15:02:16.923  7057  8311 D Capacitor: Handling local request: https://localhost/registerSW.js
07-08 15:02:16.930  3414  8465 D WindowManager: NFW_findFocusedWindowIfNeeded:Window{ca9be9a u0 rd.sheepskin.sandboxmusic/rd.sheepskin.sandboxmusic.MainActivity} mCurrentFocus:Window{ca9be9a u0 rd.sheepskin.sandboxmusic/rd.sheepskin.sandboxmusic.MainActivity}
07-08 15:02:16.930  3414  8465 D ActivityTaskManager: The isLandscapeFullscreenEnabled is: rd.sheepskin.sandboxmusic/.MainActivity
07-08 15:02:16.930  3414  4444 D ConnectivityService: NetReassign [no changes] [c 1] [a 12] [i 11]
07-08 15:02:16.931 30024 30024 D VRI[HomeActivity]: relayoutWindow result, sizeChanged:false, surfaceControlChanged:true, transformHintChanged:false, mSurfaceSize:Point(1440, 3168), mLastSurfaceSize:Point(1440, 3168), mWidth:1440, mHeight:3168, requestedWidth:1440, requestedHeight:3168, transformHint:0, installOrientation:0, displayRotation:0, isSurfaceValid:false, attr.flag:-2122243840, tmpFrames:ClientWindowFrames{frame=[0,0][1440,3168] display=[0,0][1440,3168] parentFrame=[0,0][0,0]}, relayoutResult:2, relayoutAsync:false, mSyncSeqId:0
07-08 15:02:16.931 30024 30024 D BLASTBufferQueue: [VRI[HomeActivity]#3](f:0,a:1) destructor()
07-08 15:02:16.932 30024 30024 D BufferQueueConsumer: [VRI[HomeActivity]#3(BLAST Consumer)3](id:754800000003,api:0,p:-1,c:30024) disconnect
07-08 15:02:16.935  8600  9021 I SP      : Scheduling: download registered, 0 started, 0 paused, 0 scheduled, 10 pending: delight:main_en_us_2024080700_1 * {m:b:u:l, fg}, theme_indices:theme_index_8a3340f7eeaed60f8b993e27238764927ff30d5f13bc978e6e9e65aad68ac76c {m:b:u:l, bg}, dynamic_art:41a013de12bb1d63367cf56d14febd9b {W:b:u:l, bg}, dynamic_art:9fbd8f766281732075d152fa48b82975 {W:b:u:l, bg}, dynamic_art:affe22790ef2882a534a603c38f3ead0 {W:b:u:l, bg}, next-word-predictor:tflite-nwp-756c50035b995cfb0f7e8feb7d1b10ee {W:b:u:l, bg}, emoji:6e190309fd8ab3516bf109e569606f6f {m:b:u:l, bg}, emoji:d14db05d283f9e150a0b6b5fc926a7e4 {m:b:u:l, bg}, gboard-small-speech-packs:en-GB-v201-f20 {W:C:u:l, bg}, emoticon_content_description:9585007bde15b62a23e73e5a07e18dab {W:b:u:l, bg}
07-08 15:02:16.935  8600  9021 I SP      : Syncing spell_checker (2023080700) with slices: [{en_cpu_272adaa02e4841a0e8fe0d7f95b77421, W:b:*:*, bg}], metadata: false
07-08 15:02:16.935  8600  9021 I SP      : GC for 'emoticon_content_description' (10) with ttl of 0 ms took 0 ms (0/0/0)
