07-08 15:02:16.222  3414  8734 I ActivityTaskManager: START u0 {act=android.intent.action.VIEW dat=sandboxmusic://e2e/... flg=0x14000000 xflg=0x4 pkg=rd.sheepskin.sandboxmusic cmp=rd.sheepskin.sandboxmusic/.MainActivity mCallingUid=2000} with LAUNCH_SINGLE_TASK from uid 2000 (BAL_ALLOW_PERMISSION (START_ACTIVITIES_FROM_BACKGROUND permission granted)) result code=0
07-08 15:02:16.223  4915  5015 I ndroid.systemui: AssetManager2(0xb4000071d0a8db28) locale list changing from [] to [en-TH]
07-08 15:02:16.224  4915  4967 V WindowManagerShell: Transition requested (#6355): android.os.BinderProxy@8c9a973 TransitionRequestInfo { type = OPEN, triggerTask = TaskInfo{userId=0 taskId=1698 effectiveUid=10447 displayId=0 isRunning=true baseIntent=Intent { act=android.intent.action.VIEW dat=sandboxmusic://e2e/... flg=0x14000000 pkg=rd.sheepskin.sandboxmusic cmp=rd.sheepskin.sandboxmusic/.MainActivity mCallingUid=2000 } baseActivity=ComponentInfo{rd.sheepskin.sandboxmusic/rd.sheepskin.sandboxmusic.MainActivity} topActivity=ComponentInfo{rd.sheepskin.sandboxmusic/rd.sheepskin.sandboxmusic.MainActivity} origActivity=null realActivity=ComponentInfo{rd.sheepskin.sandboxmusic/rd.sheepskin.sandboxmusic.MainActivity}
07-08 15:02:16.224  4915  4967 V WindowManagerShell:  numActivities=1 lastActiveTime=355551003 supportsSplitScreenMultiWindow=true supportsMultiWindow=true supportsPocketStudioMultiWindow=true isInFlexibleEmbedded = false uid = 10447 pid = 0 resizeMode=2 isResizeable=true minWidth=-1 minHeight=-1 defaultMinSize=220 token=WCT{android.window.IWindowContainerToken$Stub$Proxy@1706030} topActivityType=1 pictureInPictureParams=null shouldDockBigOverlays=false launchIntoPipHostTaskId=-1 lastParentTaskIdBeforePip=-1 displayCutoutSafeInsets=Rect(0, 160 - 0, 0)
07-08 15:02:16.224  4915  4967 V WindowManagerShell:  topActivityInfo=ActivityInfo{f47c4a9 rd.sheepskin.sandboxmusic.MainActivity} launchCookies=[] positionInParent=Point(0, 0) parentTaskId=-1 isFocused=false isVisible=false isVisibleRequested=false isTopActivityNoDisplay=false isSleeping=false locusId=null displayAreaFeatureId=1 isTopActivityTransparent=false isActivityStackTransparent=false lastNonFullscreenBounds=Rect(352, 845 - 1089, 2285) capturedLink=null capturedLinkTimestamp=0 requestedVisibleTypes=-9 topActivityRequestOpenInBrowserEducationTimestamp=0
07-08 15:02:16.224  4915  4967 V WindowManagerShell:  appCompatTaskInfo=AppCompatTaskInfo { topActivityInSizeCompat=false topActivityInOplusCompatMode=false eligibleForLetterboxEducation= false isLetterboxEducationEnabled= false isLetterboxDoubleTapEnabled= false eligibleForUserAspectRatioButton= false topActivityBoundsLetterboxed= false isFromLetterboxDoubleTap= false topActivityLetterboxVerticalPosition= -1 topActivityLetterboxHorizontalPosition= -1 topActivityLetterboxWidth=-1 topActivityLetterboxHeight=-1 topActivityAppBounds=Rect(0, 0 - 1440, 3168) isUserFullscreenOverrideEnabled=false isSystemFullscreenOverrideEnabled=false hasMinAspectRatioOverride=false topActivityLetterboxBounds=null cameraCompatTaskInfo=CameraCompatTaskInfo { freeformCameraCompatMode=inactive}} topActivityMainWindowFrame=null topActivityLetterboxInsets=Rect(0, 0 - 0, 0)
07-08 15:02:16.224  4915  4967 V WindowManagerShell:  mOplusExtraBundle = Bundle[mParcelledData.dataSize=1776]}, pipChange = null, remoteTransition = null, displayChange = null, flags = 0, debugId = 6355 }
07-08 15:02:16.224  4915  4967 D ShellSplitScreen: logExit: no-op, mLoggerSessionId is null
07-08 15:02:16.224  4915  5015 D OplusShellStartingWindowManager: adjustSuggestedWindowType originType: 1, wi: StartingWindowInfo{taskId=1698 targetActivityInfo=null displayId=0 topActivityType=1 preferredStartingWindowType=8b mainWindowLayoutParams=null splashScreenThemeResId 7f100007, exi: OplusStartingWindowExtendedInfo{mAppToken=android.os.BinderProxy@3306a2e, mSupportSplashScreenPreview=false, mIsSystemApp=false, mIsExceptionListApp=false, mPreviewBitmap=null, mShouldDrawBackground=false, mForceLightMode=false, mForceNightMode=false, mNotSupportNightMode=false, mForcePreview=false, mForceBigIcon=false, mQuickStartingSurface=null, mForceSolidColorSplash=false}
07-08 15:02:16.224  4915  5015 D OplusShellStartingWindowManager: adjustSuggestedWindowType: skip no-system app and no-exception list app
07-08 15:02:16.225  3414  8734 D CompatChangeReporter: Compat change id reported: 377864165; UID 10447; state: ENABLED
07-08 15:02:16.225  3414  3608 V GrammaticalInflectionUtils: AttributionSource: android.content.AttributionSource@e22a8b13 does not have READ_SYSTEM_GRAMMATICAL_GENDER permission.
07-08 15:02:16.225  4915  5015 D WindowManager: Add to mViews: android.widget.FrameLayout{fb34f5c V.E...... ......I. 0,0-0,0 alpha=1.0 viewInfo = },pkg= rd.sheepskin.sandboxmusic
07-08 15:02:16.226  4915  5042 D skia    : setRusSupported enable 1
07-08 15:02:16.226  4915  5016 D ShellStartingWindow: getWindowAttrs SplashScreenWindowAttrs{ mWindowBgResId: 106009b, mWindowBgColor: 0, mWindowBgImage: false, mSplashScreenIcon: false, mBrandingImage: false, mIconBgColor: 0, uiMode: 0}
07-08 15:02:16.227  4915  5016 W ShellStartingWindow: peekWindowBGColor mWindowBgColor:0 mWindowBgResId:17170587 estimatedWindowBGColor:-14606808
07-08 15:02:16.227  4915  5016 I ShellStartingWindow: makeSplashScreenContentView themeBGColor: ff211e28, isDark: true, last config hash: -1425736756
07-08 15:02:16.227  3414  4391 I AppSnapshotController: attachStartingWindow, win = Window{a7ba968 u0 Splash Screen rd.sheepskin.sandboxmusic}, shouldAppSnapshot = false
07-08 15:02:16.228  3414  4391 D ActivityTaskManager: attachStartingWindow: mStartingData=SplashScreenStartingData{84d2226 removeAfterTransaction= 0}, mAssociatedTask=null, mStartingWindow=Window{a7ba968 u0 Splash Screen rd.sheepskin.sandboxmusic}
07-08 15:02:16.228  3414  4391 I WindowManager: addWindow: New client android.os.BinderProxy@febf48b : window=Window{a7ba968 u0 Splash Screen rd.sheepskin.sandboxmusic}
07-08 15:02:16.228  5461  8708 I iopgp   : Iopgp: TRANSACTION_IOPGP_PRELOAD Sequence_id = 210 pkg_name = rd.sheepskin.sandboxmusic uid = 10447 size = 1 isProfile = 1
07-08 15:02:16.229 30024 30024 W unknown:BridgelessReact: ReactHost{0}.onHostPause(activity)
07-08 15:02:16.229 30024 30024 W unknown:BridgelessReact: ReactHost{0}.ReactContext.onHostPause()
07-08 15:02:16.230 30024 30024 W unknown:BridgelessReact: ReactHost{0}.onHostPause(activity)
07-08 15:02:16.230 30024 30024 W unknown:BridgelessReact: ReactHost{0}.onHostPause(activity)
07-08 15:02:16.230  4915  5015 D ViewRootImplExtImpl: onDisplayChanged -1 for VRI android.view.ViewRootImpl@103b792
07-08 15:02:16.230 30024 30024 W unknown:BridgelessReact: ReactHost{0}.onHostPause(activity)
07-08 15:02:16.230  4915  4967 D ZoomController: onTaskMovedToFront, task id:1698
07-08 15:02:16.230  4915  4967 I ZoomUiController: FloatHandle-isFloatHandleShow mPackageName = null
07-08 15:02:16.232 30024 30024 D RN-INSTANCE-DEBUG: ÔÅ©´©Å ReactFragment.onPause() | Component: 'HomeExplorePage' | Fragment@149114602
07-08 15:02:16.233 30024 30024 D RN-INSTANCE-DEBUG: ÔÅ©´©Å ReactFragment.onPause() | Component: 'CardHomePage' | Fragment@216379251
07-08 15:02:16.233  4915  5016 D ShellStartingWindow: inconsize = 864
07-08 15:02:16.234  3414  8734 I AppsFilter: interaction: PackageSetting{2bf2628 com.android.microdroid.empty_payload/10275} -> PackageSetting{a15f414 rd.sheepskin.sandboxmusic/10447} BLOCKED
07-08 15:02:16.234  3414  8734 I AppsFilter: interaction: PackageSetting{41019c3 com.oplus.locationproxy/10173} -> PackageSetting{a15f414 rd.sheepskin.sandboxmusic/10447} BLOCKED
07-08 15:02:16.234  3414  8734 I AppsFilter: interaction: PackageSetting{2869240 com.android.certinstaller/10210} -> PackageSetting{a15f414 rd.sheepskin.sandboxmusic/10447} BLOCKED
07-08 15:02:16.234  3414  8734 I AppsFilter: interaction: PackageSetting{cd08f1f com.oplus.location/10218} -> PackageSetting{a15f414 rd.sheepskin.sandboxmusic/10447} BLOCKED
07-08 15:02:16.234  3414  8734 D RefreshRate: Trigger app switch boost, ar=ActivityRecord{65303057 u0 rd.sheepskin.sandboxmusic/.MainActivity t1698},currDisplayRate=60.000004,boostId=1
07-08 15:02:16.234  3414  8734 D RefreshRate: setDisplayConfigSpecs complete: targetMode={id=2, width=1440, height=3168, fps=90.0, vsync=90.0, synthetic=false, alternativeRefreshRates=[60.000004, 120.00001, 120.00001], supportedHdrTypes=[1, 2, 3, 4]},srcMode={id=2, width=1440, height=3168, fps=90.0, vsync=90.0, synthetic=false, alternativeRefreshRates=[60.000004, 120.00001, 120.00001], supportedHdrTypes=[1, 2, 3, 4]},sfModId=1,rate=90.0
07-08 15:02:16.235  3414  8734 D RefreshRate: startAppSwitchBoost targetMode={id=2, width=1440, height=3168, fps=90.0, vsync=90.0, synthetic=false, alternativeRefreshRates=[60.000004, 120.00001, 120.00001], supportedHdrTypes=[1, 2, 3, 4]} record=ActivityRecord{65303057 u0 rd.sheepskin.sandboxmusic/.MainActivity t1698}: votes=PRIORITY_START_ANIMATION_BOOST -> Vote{mRefreshRate=90.0, mMinRefreshRate=90.0, mRequestSource=null};PRIORITY_WINDOW_REQUEST -> Vote{mRefreshRate=90.0, mMinRefreshRate=90.0, mRequestSource=null};
07-08 15:02:16.235  3414 31613 D BackgroundInstallControlService: Package event received: 0
07-08 15:02:16.235  3414  3743 D RefreshRate: do setDisplayConfigSpecs  
07-08 15:02:16.236  3414  4564 I [UAH_CLIENT]: UahEventAcquire, cmdid:1, pkg:rd.sheepskin.sandboxmusic, identity:com.android.server.wm
07-08 15:02:16.236  3414  8734 D ActivityTaskManager: setAppVisibility(Token{d9a49e4 ActivityRecord{65303057 u0 rd.sheepskin.sandboxmusic/.MainActivity t1698}}, visible=true):  visible=false mVisibleRequested=false
07-08 15:02:16.236  2141  5972 D VRR [RefreshRateDirector]: requestRefreshRateBySpecs insert [ 0xb400007b849c3430, DisplayModeSpecs{defaultMode: 1, allowGroupSwitching: false, forceChanged: false, primaryRanges: RefreshRateRanges{physical: RefreshRateRange{min: 90.000000, max: 90.000000}, render: RefreshRateRange{min: 90.000000, max: 90.000000}}, appRequestRanges: RefreshRateRanges{physical: RefreshRateRange{min: 90.000000, max: 90.000000}, render: RefreshRateRange{min: 90.000000, max: 90.000000}}, idleScreenRefreshRateConfig: (null)} ]
07-08 15:02:16.236  2141  3469 D SurfaceFlinger: VRR [SurfaceFlinger] setDesiredDisplayModeSpecs, from process 2141, 1, 0, primaryRanges = [ 90.000000, 90.000000, 90.000000, 90.000000 ], appRequestRanges = [ 90.000000, 90.000000, 90.000000 90.000000 ] forceChanged = 0
07-08 15:02:16.237  3414  3743 D DisplayModeDirector: setAppRequest displayId : 0  modeId: 2  requestedRefreshRate: 90.0  requestedMinRefreshRateRange: 90.0  requestedMaxRefreshRateRange: 90.0
07-08 15:02:16.237  2141  2141 I BpBinder: onLastStrongRef automatically unlinking death recipients: 
07-08 15:02:16.237  4915  5015 E OplusBracketLog: [OplusViewMirrorManager] updateHostViewRootIfNeeded, not support android.view.ViewRootImpl@103b792
07-08 15:02:16.237  4915  5015 D ViewRootImplExtImpl: wrapConfigInfoIntoFlags rotation=0, smallestScreenWidthDp=0, isAutolayoutSwdpModified=false, residentWS=false, scenario=0, bounds=Rect(0, 0 - 1440, 3168), isFirstDraw=true, relayoutAsync=false, flags=0, newFlags=-486539264, title=Splash Screen rd.sheepskin.sandboxmusic
07-08 15:02:16.237  7057  7057 I in.sandboxmusic: Late-enabling -Xcheck:jni
07-08 15:02:16.237  3414  8734 D ActivityTaskManager: setVisibility(Token{d9a49e4 ActivityRecord{65303057 u0 rd.sheepskin.sandboxmusic/.MainActivity t1698}}, visible=true) defer commitVisibility for transition collecting
07-08 15:02:16.237  3414  4564 I [UAH_CLIENT]: UahEventAcquire, cmdid:1, pkg:rd.sheepskin.sandboxmusic, identity:com.android.server.wm
07-08 15:02:16.237  3414  8734 D ActivityTaskManager: setAppVisibility(Token{41a6268 ActivityRecord{67976965 u0 co.mona.android/.feature.home_legacy.impl.home.HomeActivity t1676}}, visible=false):  visible=true mVisibleRequested=true
07-08 15:02:16.238  3414  8734 D ActivityTaskManager: setVisibility(Token{41a6268 ActivityRecord{67976965 u0 co.mona.android/.feature.home_legacy.impl.home.HomeActivity t1676}}, visible=false) defer commitVisibility for transition collecting
07-08 15:02:16.239  3414  8734 D DisplayModeDirector: setAppRequest displayId : 0  modeId: 2  requestedRefreshRate: 0.0  requestedMinRefreshRateRange: 0.0  requestedMaxRefreshRateRange: 90.0
07-08 15:02:16.239  3414  3743 D VRR [OPlusRefreshRateService]:  setDirectorStates [flag: 1, state: 1, directorStateOff: 1]
07-08 15:02:16.239  2141  5972 D VRR [RefreshRateDirector]: updateState mState = 0
07-08 15:02:16.240  3414  4828 I Osense-BaseDecisionMaker: notifySceneToAthenaPolicy: SCENE_APP_SWITCH, bundle: Bundle[{prevPkgName=co.mona.android, hasActivities=false, curUid=10447, isGame=false, curPkgName=rd.sheepskin.sandboxmusic, prevUid=10496, procStarted=false}]
07-08 15:02:16.240  3414  4391 V WindowManager: Relayout Window{a7ba968 u0 Splash Screen rd.sheepskin.sandboxmusic}: viewVisibility=0, oldvis=0, req=1440x3168 , apr = 0, , x=0, y=0
07-08 15:02:16.240  3414  5438 I OPM-Process: resume pkg: rd.sheepskin.sandboxmusic, uid:10447, prev pkg: co.mona.android, prev uid: 10496
07-08 15:02:16.240  3414  4391 I WindowManager: Window{a7ba968 u0 Splash Screen rd.sheepskin.sandboxmusic} state from NO_SURFACE to DRAW_PENDING; reason: resetDrawState
07-08 15:02:16.240  3414  4828 I Osense-BaseDecisionMaker: scene: SCENE_APP_SWITCH, excutingPolicy: freezer
07-08 15:02:16.240  3414  4828 D Osense-BaseDecisionMaker: invoke freezer policy,type: fast
07-08 15:02:16.241  3414  4391 E SchedAssist: binderSetThreadUxFlagByIoctl: ioctl failed, tid=-1 flag=1 ret=-1 errno=25 (Inappropriate ioctl for device)
07-08 15:02:16.241  3414  4579 I OplusHansManager : cgroup failed, freeze uid: 10299 jp.naver.line.android pids: [] scene: LcdOn|FastFreezer from: enterFF
07-08 15:02:16.241  3414  4579 I OplusHansManager : cgroup failed, freeze uid: 10303 com.facebook.orca pids: [] scene: LcdOn|FastFreezer from: enterFF
07-08 15:02:16.241  3414  4579 I OplusHansManager : cgroup failed, freeze uid: 10323 com.twitter.android pids: [] scene: LcdOn|FastFreezer from: enterFF
07-08 15:02:16.241  3414  4391 E SchedAssist: binderSetThreadUxFlagByIoctl: ioctl failed, tid=-1 flag=0 ret=-1 errno=25 (Inappropriate ioctl for device)
07-08 15:02:16.241  3414  4579 I OplusHansManager : cgroup failed, freeze uid: 10406 com.oplus.riderMode pids: [] scene: LcdOn|FastFreezer from: enterFF
07-08 15:02:16.241  3414  4579 I OplusHansManager : cgroup failed, freeze uid: 10410 app.revanced.android.gms pids: [] scene: LcdOn|FastFreezer from: enterFF
07-08 15:02:16.241  3414  4579 I OplusHansManager : cgroup failed, freeze uid: 10422 com.whatsapp pids: [] scene: LcdOn|FastFreezer from: enterFF
07-08 15:02:16.241  3414  4579 I OplusHansManager : cgroup failed, freeze uid: 10429 org.mozilla.firefox pids: [] scene: LcdOn|FastFreezer from: enterFF
07-08 15:02:16.241  3414  4579 I OplusHansManager : cgroup failed, freeze uid: 10438 ch.protonmail.android pids: [] scene: LcdOn|FastFreezer from: enterFF
07-08 15:02:16.241  3414  4579 I OplusHansManager : cgroup failed, freeze uid: 10441 com.jorlek.queqcustomer pids: [] scene: LcdOn|FastFreezer from: enterFF
07-08 15:02:16.241  3414  4579 I OplusHansManager : cgroup failed, freeze uid: 10498 com.facebook.katana pids: [] scene: LcdOn|FastFreezer from: enterFF
07-08 15:02:16.241  3414  4391 D WindowManager: NFW_findFocusedWindowIfNeeded:null mCurrentFocus:Window{b7762f2 u0 co.mona.android/co.mona.android.feature.home_legacy.impl.home.HomeActivity}
07-08 15:02:16.241  3414  4391 D WindowManager: attachImeScreenshotOnTargetIfNeeded, mImeHiding = false, requestedVisibleTypes = -9
07-08 15:02:16.242  3414  4579 I OplusHansManager : enter FF, front: -1, frzUids: [10299, 10303, 10323, 10406, 10410, 10422, 10429, 10438, 10441, 10498], impUids: {10039=bound-fg-service, 10180=bound-fg-service, 10305=launcher, 10496=bound-fg-service}, r: cold-start
07-08 15:02:16.242  3414  4391 V WindowManager: Changing focus from Window{b7762f2 u0 co.mona.android/co.mona.android.feature.home_legacy.impl.home.HomeActivity} to null,diplayid=0
07-08 15:02:16.242  3414  4391 D ActivityTaskManager: The isLandscapeFullscreenEnabled is: rd.sheepskin.sandboxmusic/.MainActivity
07-08 15:02:16.242  3414  4391 D ActivityTaskManager: The isLandscapeFullscreenEnabled is: rd.sheepskin.sandboxmusic/.MainActivity
07-08 15:02:16.242  3414  4391 D FlexibleTaskController: isFullToFlexibleAnimating: false
07-08 15:02:16.242  3414  4391 D WindowManager: rotation(ROTATION_0) no changed  displayId = 0, lastOrientation = -1
07-08 15:02:16.243  4915  5015 W VRI[sandboxmusic]: updateBlastSurfaceIfNeeded, surfaceSize:Point(1440, 3168), lastSurfaceSize:Point(0, 0), format:-3, blastBufferQueue:null
07-08 15:02:16.243  4915  5015 D BufferQueueConsumer: [](id:133300002224,api:0,p:-1,c:4915) connect: controlledByApp=false
07-08 15:02:16.243  4915  5015 D BufferQueueConsumer: [VRI[sandboxmusic]#8111(BLAST Consumer)8111](id:133300002224,api:0,p:-1,c:4915) setMaxAcquiredBufferCount: 2
07-08 15:02:16.244  4915  5042 D HWUI    : createSurface new attribs array
07-08 15:02:16.244  4915  5042 D libEGL  : this is from skia gles
07-08 15:02:16.244  4915  5042 D BufferQueueProducer: [VRI[sandboxmusic]#8111(BLAST Consumer)8111](id:133300002224,api:1,p:4915,c:4915) connect: api=1 producerControlledByApp=true
07-08 15:02:16.244 30024 30024 D ViewRootImplExtImpl: wrapConfigInfoIntoFlags rotation=0, smallestScreenWidthDp=320, isAutolayoutSwdpModified=false, residentWS=false, scenario=0, bounds=Rect(0, 0 - 1440, 3168), isFirstDraw=false, relayoutAsync=true, flags=0, newFlags=1660954624, title=co.mona.android/co.mona.android.feature.home_legacy.impl.home.HomeActivity
07-08 15:02:16.245 30024 30024 D VRI[HomeActivity]: relayoutWindow result, sizeChanged:false, surfaceControlChanged:false, transformHintChanged:false, mSurfaceSize:Point(1440, 3168), mLastSurfaceSize:Point(1440, 3168), mWidth:1440, mHeight:3168, requestedWidth:1440, requestedHeight:3168, transformHint:0, installOrientation:0, displayRotation:0, isSurfaceValid:true, attr.flag:-2122243840, tmpFrames:ClientWindowFrames{frame=[0,0][1440,3168] display=[0,0][1440,3168] parentFrame=[0,0][1440,3168]}, relayoutResult:0, relayoutAsync:true, mSyncSeqId:0
07-08 15:02:16.245 30024 30024 W VRI[HomeActivity]: updateBlastSurfaceIfNeeded, surfaceSize:Point(1440, 3168), lastSurfaceSize:Point(1440, 3168), format:-1, blastBufferQueue:android.graphics.BLASTBufferQueue@ccd1f9b
07-08 15:02:16.245  3414  4571 V WindowManager: Relayout Window{b7762f2 u0 co.mona.android/co.mona.android.feature.home_legacy.impl.home.HomeActivity}: viewVisibility=0, oldvis=0, req=1440x3168 , apr = 0, , x=0, y=0
07-08 15:02:16.245  4915  5015 I SurfaceControl:  setExtendedRangeBrightness sc=Surface(name=Splash Screen rd.sheepskin.sandboxmusic)/@0xb375078,currentBufferRatio=1.0,desiredRatio=1.0
07-08 15:02:16.245  3414  4571 I OplusScreenSecurityMask: add WindowsName list: Window{b7762f2 u0 co.mona.android/co.mona.android.feature.home_legacy.impl.home.HomeActivity} list size: 1 isFromSetSecure: true , surfaceShown = true , displayId = 0
07-08 15:02:16.245  3414  4571 I OplusScreenSecurityMask: onSecurityPageFlagChanged size: 0 , surfaceShown = true , displayId = 0
07-08 15:02:16.245  3414  4571 D ActivityTaskManager: The isLandscapeFullscreenEnabled is: rd.sheepskin.sandboxmusic/.MainActivity
07-08 15:02:16.246  3414  4571 D ActivityTaskManager: The isLandscapeFullscreenEnabled is: rd.sheepskin.sandboxmusic/.MainActivity
07-08 15:02:16.246 30024 30024 I SurfaceControl:  setExtendedRangeBrightness sc=Surface(name=co.mona.android/co.mona.android.feature.home_legacy.impl.home.HomeActivity)/@0x8750cf8,currentBufferRatio=1.0,desiredRatio=1.0
07-08 15:02:16.252  4915  5042 D BLASTBufferQueue: [VRI[sandboxmusic]#8111](f:0,a:1) acquireNextBufferLocked size=1440x3168 mFrameNumber=1 applyTransaction=true mTimestamp=208309770912670(auto) mPendingTransactions.size=0 graphicBufferId=21109764406760 transform=0
07-08 15:02:16.252  4915  5042 D VRI[sandboxmusic]: Received frameCommittedCallback lastAttemptedDrawFrameNum=1 didProduceBuffer=true syncBuffer=false
07-08 15:02:16.253  4915  5015 D VRI[sandboxmusic]: draw finished. seqId=0
07-08 15:02:16.253  1732  1752 I statsd  : An anomaly (2003000013) (100199)0x10000->10496[I] (100199)0x20000->co.mona.android[S] (100199)0x30000->2[I] (100199)0x40000->1[I]  has occurred! Informing subscribers.
07-08 15:02:16.253  4915  5015 W VRI[sandboxmusic]: handleResized, msg:, frameChanged:false, configChanged:false, displayChanged:false, attachedFrameChanged:false, compatScaleChanged:false, pendingDragResizing=false
07-08 15:02:16.254  3414  8734 D WindowManager: onSyncFinishedDrawing: Window{a7ba968 u0 Splash Screen rd.sheepskin.sandboxmusic}
07-08 15:02:16.255  3414  8734 I WindowManager: finishDrawing skipLayout:false,syncSeqId=0,mPrepareSyncSeqId=0 Window{a7ba968 u0 Splash Screen rd.sheepskin.sandboxmusic} com.android.server.wm.WindowManagerService.finishDrawingWindow:3236 com.android.server.wm.Session.finishDrawing:403 android.view.IWindowSession$Stub.onTransact:807 
07-08 15:02:16.255  3414  8734 I WindowManager: Window{a7ba968 u0 Splash Screen rd.sheepskin.sandboxmusic} state from DRAW_PENDING to COMMIT_DRAW_PENDING; reason: finishDrawingLocked
07-08 15:02:16.256  3414  3609 I WindowManager: Window{a7ba968 u0 Splash Screen rd.sheepskin.sandboxmusic} state from COMMIT_DRAW_PENDING to READY_TO_SHOW; reason: commitFinishDrawingLocked
07-08 15:02:16.256  3414  8734 I InputDispatcher: updateFocusedWindow,  on display 0, reason: NO_WINDOW, result:   FocusedWindows: <none>
07-08 15:02:16.256  3414  3609 D ActivityTaskManager: onStartingWindowDrawn: app=null, mStartingData=SplashScreenStartingData{84d2226 removeAfterTransaction= 0}, finishing=false,mLaunchedFromBubble=false, mVisibleRequested=true, mDisplayContent=Display{#0 state=ON size=1440x3168 ROTATION_0}, isZoomMode=false
07-08 15:02:16.256  3414  3609 D ActivityTaskManager: commitVisibility: ActivityRecord{65303057 u0 rd.sheepskin.sandboxmusic/.MainActivity t1698}: visible=true visibleRequested=true, isInTransition=true 
07-08 15:02:16.256  3414  3609 I WindowManager: Window{a7ba968 u0 Splash Screen rd.sheepskin.sandboxmusic} state from READY_TO_SHOW to HAS_DRAWN; reason: performShowLocked
07-08 15:02:16.256  3414  3609 I WindowStateExtImpl: onSurfaceShowChange show = true mPackageName = rd.sheepskin.sandboxmusic parentPkgName = rd.sheepskin.sandboxmusic
07-08 15:02:16.256  3414  3609 D CoreBackPreview:  return markWindowHasDrawn mComposed: false  mWaitTransition: false
07-08 15:02:16.256  3414  3609 E OplusAppQuickStart_AppQuickStartController: not start from launcher transition:6355
07-08 15:02:16.257  3414  3609 D OplusTransitionAnimationManager: activityRecordCount0fullScreenArBeHindStartingWindow null
07-08 15:02:16.257  3414  3609 D OplusTransitionAnimationManager: activityRecordCount0fullScreenArBeHindStartingWindow null
07-08 15:02:16.257  3414  3609 D OplusTransitionAnimationManager: markCanUseSpringSlideAnim for TransitionRecord{2c606b0 id=6355 track=0 type=OPEN flags=0x0 state=2 c=[
07-08 15:02:16.257  3414  3609 D OplusTransitionAnimationManager:    ChangeInfo{7aa929 container=Task{5df18b #1676 type=standard A=10496:co.mona.android} flags=0x10}
07-08 15:02:16.257  3414  3609 D OplusTransitionAnimationManager:    ChangeInfo{27ab4ae container=ActivityRecord{65303057 u0 rd.sheepskin.sandboxmusic/.MainActivity t1698} flags=0x0}
07-08 15:02:16.257  3414  3609 D OplusTransitionAnimationManager:    ChangeInfo{de0224f container=ActivityRecord{67976965 u0 co.mona.android/.feature.home_legacy.impl.home.HomeActivity t1676} flags=0x0}
07-08 15:02:16.257  3414  3609 D OplusTransitionAnimationManager:    ChangeInfo{afcdddc container=DefaultTaskDisplayArea@103609855 flags=0x0}
07-08 15:02:16.257  3414  3609 D OplusTransitionAnimationManager:    ChangeInfo{d6baee5 container=Display{#0 state=ON size=1440x3168 ROTATION_0} flags=0x0}
07-08 15:02:16.257  3414  3609 D OplusTransitionAnimationManager:    ChangeInfo{416dba container=Task{9ef1977 #1698 type=standard A=10447:rd.sheepskin.sandboxmusic} flags=0x30}
07-08 15:02:16.257  3414  3609 D OplusTransitionAnimationManager: ]
07-08 15:02:16.257  3414  3609 D OplusTransitionAnimationManager: }
07-08 15:02:16.257  3414  3609 D QuickBackInputPolicy: resetInputInterceptState for remoteTransition: false
07-08 15:02:16.258  3414  3609 E SchedAssist: binderSetThreadUxFlagByIoctl: ioctl failed, tid=-1 flag=1 ret=-1 errno=25 (Inappropriate ioctl for device)
07-08 15:02:16.258  3414  4405 I VibrationEffectConvertor: onInputMethodListUpdated received, info.size = 4
07-08 15:02:16.258  3414  4405 I VibrationEffectConvertor: userid = 0, packageName = com.google.android.tts
07-08 15:02:16.258  3414  4405 I VibrationEffectConvertor: userid = 0, packageName = helium314.keyboard
07-08 15:02:16.258  3414  4405 I VibrationEffectConvertor: userid = 0, packageName = com.google.android.inputmethod.latin
07-08 15:02:16.258  3414  4405 I VibrationEffectConvertor: userid = 0, packageName = com.oplus.securitykeyboard
07-08 15:02:16.259  3414  3609 E SchedAssist: binderSetThreadUxFlagByIoctl: ioctl failed, tid=-1 flag=0 ret=-1 errno=25 (Inappropriate ioctl for device)
07-08 15:02:16.259  3414  3609 W WindowManager: captureTaskSnapshot mSnapshotMode= 1 source=Task{5df18b #1676 type=standard A=10496:co.mona.android}
07-08 15:02:16.259  4915 23667 V WindowManagerShell: onTransitionReady(transaction=14663019335797)
07-08 15:02:16.259  4915  4967 V WindowManagerShell: onTransitionReady (#6355) android.os.BinderProxy@8c9a973: {id=6355 t=OPEN f=0x0 trk=0 r=[0@Point(0, 0)] c=[
07-08 15:02:16.259  4915  4967 V WindowManagerShell:         {m=OPEN f=MOVE_TO_TOP leash=Surface(name=Task=1698)/@0x620978e sb=Rect(0, 0 - 1440, 3168) eb=Rect(0, 0 - 1440, 3168) epz=Point(1440, 3168) d=0 taskParent=-1},
07-08 15:02:16.259  4915  4967 V WindowManagerShell:         {m=TO_BACK f=NONE leash=Surface(name=Task=1676)/@0xfe1fbaf sb=Rect(0, 0 - 1440, 3168) eb=Rect(0, 0 - 1440, 3168) epz=Point(1440, 3168) d=0 taskParent=-1}
07-08 15:02:16.259  4915  4967 V WindowManagerShell:     ] 
07-08 15:02:16.259  4915  4967 V WindowManagerShell: extendInfo=[
07-08 15:02:16.259  4915  4967 V WindowManagerShell:  OplusTransitionExtendedInfo{mTmpFinishT=null, mInOplusCompatMode=false, mIsProcessRunning=false, mHasMismatchBoundsTarget=false, mRecentsController=null, mRemoteTransition=null, mIsTranslucentActivityToHome=false, mAvoidInterceptKeyEventToHome=false, mIsFromHome=false, mParentLeash=null, mBackAnimClosingLeash=null, mReparentToRecentsSurface=null, mIsOplusAnimRes=false, mKeepBgForContinuous=false, mIsBalAllow=true, mHasCloseWallpaperRemoved=false, mTaskNotInRecent=false, mIsPredictiveBackAnim=false, mIsMergedWithPredictive=false, mIsLaunchFromSpruce=false, mIsLaunchFromDrive=false, mGlobalSearchPageSwitch=false, mNeedNoAlphaGlobalSearchScene=false, mAssistScreenShowing=false, mSwipeUpBrowserScreenShowing=false, mUserIdTransition=0
07-08 15:02:16.259  4915  4967 V WindowManagerShell: , mInRemoteScene=false, mInPreReady=false, mPreStart=false, mToken=null, mAbortByRemoteFromHome=false, mShellApplyToken=null, mRequestTransitionTaskId=1698, mAbortTransitionOnShell=0, mStartFromShortcut=false, mRemovedTaskId=-1, mTransitionInterruptType=0, mMergeSecondTaskId=-1, mIsStartAheadSpruce=false, mTaskIdStartFromRecents=0, mTransitionId=6355, mCanUseSpringSlideAnim=true, mTransitionLaunchFrom=0, mFoldChangeType=-1, mAnimStartingPosition=[0, 0, 0, 0], mIsOpeningStkDialogActivity=false, mSecondaryHomeToFrontWhenUnFolding=false, mIsNeedApplyStartTForEmbedded=false
07-08 15:02:16.259  4915  4967 V WindowManagerShell: , mNeedCanvasExitAnim=false, mMergeSecondTaskAnimation=false, mIsLaunchUnityStart=false, mIsLaunchFromAssistantByDefault=false, mSkipRemoteTransitionfalse, mPromoteTaskWhenKeyguard-1, mIsStartFromKeyguard=false, mMatchRemoteFilter=false flags=0x0, mFlexibleTaskIdList=[], mExpectEndRectState=-1, mFlexibleWindowForRecentTasks=false, mRecentTaskIdList=[], mWCT=null, mIsOpenMergeToInValidPredictive=false, mRootLayerZOrderArray={}}]}
07-08 15:02:16.259  4915  4967 D OplusShellTransition: dispatchReady, active:(#6355) android.os.BinderProxy@8c9a973@0, isSync=false, track:com.android.wm.shell.transition.Transitions$Track@65166cb
07-08 15:02:16.260  3414  3609 D TaskSnapshot: setModeAndColor mode= 1; statusBarColor=-16245187
07-08 15:02:16.260  4915  4967 D OplusShellTransition: Abort transition (#6355) android.os.BinderProxy@8c9a973@0 WMCore requested. isMergeSecondTaskAnimation: false reason: 0; abortTransition: false
07-08 15:02:16.260  4915  4967 V WindowManagerShell: Playing animation for (#6355) android.os.BinderProxy@8c9a973@0
07-08 15:02:16.260  4915  4967 D ShellSplitScreen: startAnimation: transition=6355 isSplitActive=false
07-08 15:02:16.260  4915  4967 V ShellRecents: RecentsTransitionHandler.startAnimation: no controller found
07-08 15:02:16.260  4915  4967 V WindowManagerShell: start OnePuttTransition animation, info = {id=6355 t=OPEN f=0x0 trk=0 r=[0@Point(0, 0)] c=[{m=OPEN f=MOVE_TO_TOP leash=Surface(name=Task=1698)/@0x620978e sb=Rect(0, 0 - 1440, 3168) eb=Rect(0, 0 - 1440, 3168) epz=Point(1440, 3168) d=0 taskParent=-1},{m=TO_BACK f=NONE leash=Surface(name=Task=1676)/@0xfe1fbaf sb=Rect(0, 0 - 1440, 3168) eb=Rect(0, 0 - 1440, 3168) epz=Point(1440, 3168) d=0 taskParent=-1}] 
07-08 15:02:16.260  4915  4967 V WindowManagerShell: extendInfo=[
07-08 15:02:16.260  4915  4967 V WindowManagerShell:  OplusTransitionExtendedInfo{mTmpFinishT=null, mInOplusCompatMode=false, mIsProcessRunning=false, mHasMismatchBoundsTarget=false, mRecentsController=null, mRemoteTransition=null, mIsTranslucentActivityToHome=false, mAvoidInterceptKeyEventToHome=false, mIsFromHome=false, mParentLeash=null, mBackAnimClosingLeash=null, mReparentToRecentsSurface=null, mIsOplusAnimRes=false, mKeepBgForContinuous=false, mIsBalAllow=true, mHasCloseWallpaperRemoved=false, mTaskNotInRecent=false, mIsPredictiveBackAnim=false, mIsMergedWithPredictive=false, mIsLaunchFromSpruce=false, mIsLaunchFromDrive=false, mGlobalSearchPageSwitch=false, mNeedNoAlphaGlobalSearchScene=false, mAssistScreenShowing=false, mSwipeUpBrowserScreenShowing=false, mUserIdTransition=0
07-08 15:02:16.260  4915  4967 V WindowManagerShell: , mInRemoteScene=false, mInPreReady=false, mPreStart=false, mToken=null, mAbortByRemoteFromHome=false, mShellApplyToken=null, mRequestTransitionTaskId=1698, mAbortTransitionOnShell=0, mStartFromShortcut=false, mRemovedTaskId=-1, mTransitionInterruptType=0, mMergeSecondTaskId=-1, mIsStartAheadSpruce=false, mTaskIdStartFromRecents=0, mTransitionId=6355, mCanUseSpringSlideAnim=true, mTransitionLaunchFrom=0, mFoldChangeType=-1, mAnimStartingPosition=[0, 0, 0, 0], mIsOpeningStkDialogActivity=false, mSecondaryHomeToFrontWhenUnFolding=false, mIsNeedApplyStartTForEmbedded=false
07-08 15:02:16.260  4915  4967 V WindowManagerShell: , mNeedCanvasExitAnim=false, mMergeSecondTaskAnimation=false, mIsLaunchUnityStart=false, mIsLaunchFromAssistantByDefault=false, mSkipRemoteTransitionfalse, mPromoteTaskWhenKeyguard-1, mIsStartFromKeyguard=false, mMatchRemoteFilter=false flags=0x0, mFlexibleTaskIdList=[], mExpectEndRectState=-1, mFlexibleWindowForRecentTasks=false, mRecentTaskIdList=[], mWCT=null, mIsOpenMergeToInValidPredictive=false, mRootLayerZOrderArray={}}]}
07-08 15:02:16.260  4915  4967 D FlexibleTaskTransitionHandler:  no need handler this transitionInfo: {id=6355 t=OPEN f=0x0 trk=0 r=[0@Point(0, 0)] c=[{m=OPEN f=MOVE_TO_TOP leash=Surface(name=Task=1698)/@0x620978e sb=Rect(0, 0 - 1440, 3168) eb=Rect(0, 0 - 1440, 3168) epz=Point(1440, 3168) d=0 taskParent=-1},{m=TO_BACK f=NONE leash=Surface(name=Task=1676)/@0xfe1fbaf sb=Rect(0, 0 - 1440, 3168) eb=Rect(0, 0 - 1440, 3168) epz=Point(1440, 3168) d=0 taskParent=-1}] 
07-08 15:02:16.260  4915  4967 D FlexibleTaskTransitionHandler: extendInfo=[
07-08 15:02:16.260  4915  4967 D FlexibleTaskTransitionHandler:  OplusTransitionExtendedInfo{mTmpFinishT=null, mInOplusCompatMode=false, mIsProcessRunning=false, mHasMismatchBoundsTarget=false, mRecentsController=null, mRemoteTransition=null, mIsTranslucentActivityToHome=false, mAvoidInterceptKeyEventToHome=false, mIsFromHome=false, mParentLeash=null, mBackAnimClosingLeash=null, mReparentToRecentsSurface=null, mIsOplusAnimRes=false, mKeepBgForContinuous=false, mIsBalAllow=true, mHasCloseWallpaperRemoved=false, mTaskNotInRecent=false, mIsPredictiveBackAnim=false, mIsMergedWithPredictive=false, mIsLaunchFromSpruce=false, mIsLaunchFromDrive=false, mGlobalSearchPageSwitch=false, mNeedNoAlphaGlobalSearchScene=false, mAssistScreenShowing=false, mSwipeUpBrowserScreenShowing=false, mUserIdTransition=0
07-08 15:02:16.260  4915  4967 D FlexibleTaskTransitionHandler: , mInRemoteScene=false, mInPreReady=false, mPreStart=false, mToken=null, mAbortByRemoteFromHome=false, mShellApplyToken=null, mRequestTransitionTaskId=1698, mAbortTransitionOnShell=0, mStartFromShortcut=false, mRemovedTaskId=-1, mTransitionInterruptType=0, mMergeSecondTaskId=-1, mIsStartAheadSpruce=false, mTaskIdStartFromRecents=0, mTransitionId=6355, mCanUseSpringSlideAnim=true, mTransitionLaunchFrom=0, mFoldChangeType=-1, mAnimStartingPosition=[0, 0, 0, 0], mIsOpeningStkDialogActivity=false, mSecondaryHomeToFrontWhenUnFolding=false, mIsNeedApplyStartTForEmbedded=false
07-08 15:02:16.260  4915  4967 D FlexibleTaskTransitionHandler: , mNeedCanvasExitAnim=false, mMergeSecondTaskAnimation=false, mIsLaunchUnityStart=false, mIsLaunchFromAssistantByDefault=false, mSkipRemoteTransitionfalse, mPromoteTaskWhenKeyguard-1, mIsStartFromKeyguard=false, mMatchRemoteFilter=false flags=0x0, mFlexibleTaskIdList=[], mExpectEndRectState=-1, mFlexibleWindowForRecentTasks=false, mRecentTaskIdList=[], mWCT=null, mIsOpenMergeToInValidPredictive=false, mRootLayerZOrderArray={}}]}
07-08 15:02:16.260 30024 30024 D VRI[HomeActivity]: onFocusEvent false
07-08 15:02:16.260  4915  4967 V WindowManagerShell: Transition doesn't have explicit remote, search filters for match for {id=6355 t=OPEN f=0x0 trk=0 r=[0@Point(0, 0)] c=[{m=OPEN f=MOVE_TO_TOP leash=Surface(name=Task=1698)/@0x620978e sb=Rect(0, 0 - 1440, 3168) eb=Rect(0, 0 - 1440, 3168) epz=Point(1440, 3168) d=0 taskParent=-1},{m=TO_BACK f=NONE leash=Surface(name=Task=1676)/@0xfe1fbaf sb=Rect(0, 0 - 1440, 3168) eb=Rect(0, 0 - 1440, 3168) epz=Point(1440, 3168) d=0 taskParent=-1}] 
07-08 15:02:16.260  4915  4967 V WindowManagerShell: extendInfo=[
07-08 15:02:16.260  4915  4967 V WindowManagerShell:  OplusTransitionExtendedInfo{mTmpFinishT=null, mInOplusCompatMode=false, mIsProcessRunning=false, mHasMismatchBoundsTarget=false, mRecentsController=null, mRemoteTransition=null, mIsTranslucentActivityToHome=false, mAvoidInterceptKeyEventToHome=false, mIsFromHome=false, mParentLeash=null, mBackAnimClosingLeash=null, mReparentToRecentsSurface=null, mIsOplusAnimRes=false, mKeepBgForContinuous=false, mIsBalAllow=true, mHasCloseWallpaperRemoved=false, mTaskNotInRecent=false, mIsPredictiveBackAnim=false, mIsMergedWithPredictive=false, mIsLaunchFromSpruce=false, mIsLaunchFromDrive=false, mGlobalSearchPageSwitch=false, mNeedNoAlphaGlobalSearchScene=false, mAssistScreenShowing=false, mSwipeUpBrowserScreenShowing=false, mUserIdTransition=0
07-08 15:02:16.260  4915  4967 V WindowManagerShell: , mInRemoteScene=false, mInPreReady=false, mPreStart=false, mToken=null, mAbortByRemoteFromHome=false, mShellApplyToken=null, mRequestTransitionTaskId=1698, mAbortTransitionOnShell=0, mStartFromShortcut=false, mRemovedTaskId=-1, mTransitionInterruptType=0, mMergeSecondTaskId=-1, mIsStartAheadSpruce=false, mTaskIdStartFromRecents=0, mTransitionId=6355, mCanUseSpringSlideAnim=true, mTransitionLaunchFrom=0, mFoldChangeType=-1, mAnimStartingPosition=[0, 0, 0, 0], mIsOpeningStkDialogActivity=false, mSecondaryHomeToFrontWhenUnFolding=false, mIsNeedApplyStartTForEmbedded=false
07-08 15:02:16.260  4915  4967 V WindowManagerShell: , mNeedCanvasExitAnim=false, mMergeSecondTaskAnimation=false, mIsLaunchUnityStart=false, mIsLaunchFromAssistantByDefault=false, mSkipRemoteTransitionfalse, mPromoteTaskWhenKeyguard-1, mIsStartFromKeyguard=false, mMatchRemoteFilter=false flags=0x0, mFlexibleTaskIdList=[], mExpectEndRectState=-1, mFlexibleWindowForRecentTasks=false, mRecentTaskIdList=[], mWCT=null, mIsOpenMergeToInValidPredictive=false, mRootLayerZOrderArray={}}]}
07-08 15:02:16.260  4915  4967 V WindowManagerShell:  Checking filter Pair{{types=[] flags=0x0] notFlags=0x100 checks=[{atype=home independent=true modes=[OPEN,TO_FRONT] flags=NONE mustBeTask=false order=TOP topActivity=ComponentInfo{com.android.launcher/com.android.launcher.Launcher} launchCookie=null windowingMode=undefined},{atype=standard independent=true modes=[CLOSE,TO_BACK] flags=NONE mustBeTask=false order=ANY topActivity=null launchCookie=null windowingMode=undefined}]} RemoteTransition { remoteTransition = android.window.IRemoteTransition$Stub$Proxy@7136ac4, appThread = android.app.IApplicationThread$Stub$Proxy@5645dad, debugName = QuickstepLaunchHome }}
07-08 15:02:16.260  4915  4967 V WindowManagerShell:  Delegate animation for (#6355) to null
07-08 15:02:16.260  4915  4967 V WindowManagerShell: start default transition animation, info = {id=6355 t=OPEN f=0x0 trk=0 r=[0@Point(0, 0)] c=[{m=OPEN f=MOVE_TO_TOP leash=Surface(name=Task=1698)/@0x620978e sb=Rect(0, 0 - 1440, 3168) eb=Rect(0, 0 - 1440, 3168) epz=Point(1440, 3168) d=0 taskParent=-1},{m=TO_BACK f=NONE leash=Surface(name=Task=1676)/@0xfe1fbaf sb=Rect(0, 0 - 1440, 3168) eb=Rect(0, 0 - 1440, 3168) epz=Point(1440, 3168) d=0 taskParent=-1}] 
07-08 15:02:16.260  4915  4967 V WindowManagerShell: extendInfo=[
07-08 15:02:16.260  4915  4967 V WindowManagerShell:  OplusTransitionExtendedInfo{mTmpFinishT=null, mInOplusCompatMode=false, mIsProcessRunning=false, mHasMismatchBoundsTarget=false, mRecentsController=null, mRemoteTransition=null, mIsTranslucentActivityToHome=false, mAvoidInterceptKeyEventToHome=false, mIsFromHome=false, mParentLeash=null, mBackAnimClosingLeash=null, mReparentToRecentsSurface=null, mIsOplusAnimRes=false, mKeepBgForContinuous=false, mIsBalAllow=true, mHasCloseWallpaperRemoved=false, mTaskNotInRecent=false, mIsPredictiveBackAnim=false, mIsMergedWithPredictive=false, mIsLaunchFromSpruce=false, mIsLaunchFromDrive=false, mGlobalSearchPageSwitch=false, mNeedNoAlphaGlobalSearchScene=false, mAssistScreenShowing=false, mSwipeUpBrowserScreenShowing=false, mUserIdTransition=0
07-08 15:02:16.260  4915  4967 V WindowManagerShell: , mInRemoteScene=false, mInPreReady=false, mPreStart=false, mToken=null, mAbortByRemoteFromHome=false, mShellApplyToken=null, mRequestTransitionTaskId=1698, mAbortTransitionOnShell=0, mStartFromShortcut=false, mRemovedTaskId=-1, mTransitionInterruptType=0, mMergeSecondTaskId=-1, mIsStartAheadSpruce=false, mTaskIdStartFromRecents=0, mTransitionId=6355, mCanUseSpringSlideAnim=true, mTransitionLaunchFrom=0, mFoldChangeType=-1, mAnimStartingPosition=[0, 0, 0, 0], mIsOpeningStkDialogActivity=false, mSecondaryHomeToFrontWhenUnFolding=false, mIsNeedApplyStartTForEmbedded=false
07-08 15:02:16.260  4915  4967 V WindowManagerShell: , mNeedCanvasExitAnim=false, mMergeSecondTaskAnimation=false, mIsLaunchUnityStart=false, mIsLaunchFromAssistantByDefault=false, mSkipRemoteTransitionfalse, mPromoteTaskWhenKeyguard-1, mIsStartFromKeyguard=false, mMatchRemoteFilter=false flags=0x0, mFlexibleTaskIdList=[], mExpectEndRectState=-1, mFlexibleWindowForRecentTasks=false, mRecentTaskIdList=[], mWCT=null, mIsOpenMergeToInValidPredictive=false, mRootLayerZOrderArray={}}]}
07-08 15:02:16.260  4915  4967 D FSS_OplusFoldSwitchStateObserver: cancelAnimationIfNeedWhenFolding: foldChangeType = -1
07-08 15:02:16.260  4915  4967 D ShellContinuousTransitionController:  getWallPaperChangeRemoved, hasRemoved=false
07-08 15:02:16.261  4915  4967 W OplusShellTransition: no system app in targets, skip loading oplus animation.
07-08 15:02:16.261  7057  7057 E in.sandboxmusic: Unknown bits set in runtime_flags: 0x40000000
07-08 15:02:16.261  7057  7057 I in.sandboxmusic: Using generational CollectorTypeCMC GC.
07-08 15:02:16.261  4915  4967 V WindowManagerShell: loadAnimation: anim=android.view.animation.AnimationSet@8d962c1 animAttr=0x9 type=OPEN isEntrance=false
07-08 15:02:16.261  4987  6104 V OsAgent : broadcastSystemEvent - 7
07-08 15:02:16.262  3414  3601 V WindowManager: Sent Transition (#6355) createdAt=07-08 15:02:16.214 via request=TransitionRequestInfo { type = OPEN, triggerTask = TaskInfo{userId=0 taskId=1698 effectiveUid=10447 displayId=0 isRunning=true baseIntent=Intent { act=android.intent.action.VIEW dat=sandboxmusic://e2e/... flg=0x14000000 pkg=rd.sheepskin.sandboxmusic cmp=rd.sheepskin.sandboxmusic/.MainActivity mCallingUid=2000 } baseActivity=ComponentInfo{rd.sheepskin.sandboxmusic/rd.sheepskin.sandboxmusic.MainActivity} topActivity=ComponentInfo{rd.sheepskin.sandboxmusic/rd.sheepskin.sandboxmusic.MainActivity} origActivity=null realActivity=ComponentInfo{rd.sheepskin.sandboxmusic/rd.sheepskin.sandboxmusic.MainActivity}
07-08 15:02:16.262  3414  3601 V WindowManager:  numActivities=1 lastActiveTime=355551003 supportsSplitScreenMultiWindow=true supportsMultiWindow=true supportsPocketStudioMultiWindow=true isInFlexibleEmbedded = false uid = 10447 pid = 0 resizeMode=2 isResizeable=true minWidth=-1 minHeight=-1 defaultMinSize=220 token=WCT{RemoteToken{3b3fa12 Task{9ef1977 #1698 type=standard A=10447:rd.sheepskin.sandboxmusic}}} topActivityType=1 pictureInPictureParams=null shouldDockBigOverlays=false launchIntoPipHostTaskId=-1 lastParentTaskIdBeforePip=-1 displayCutoutSafeInsets=Rect(0, 160 - 0, 0)
07-08 15:02:16.262  3414  3601 V WindowManager:  topActivityInfo=ActivityInfo{5bf25e3 rd.sheepskin.sandboxmusic.MainActivity} launchCookies=[] positionInParent=Point(0, 0) parentTaskId=-1 isFocused=false isVisible=false isVisibleRequested=false isTopActivityNoDisplay=false isSleeping=false locusId=null displayAreaFeatureId=1 isTopActivityTransparent=false isActivityStackTransparent=false lastNonFullscreenBounds=Rect(352, 845 - 1089, 2285) capturedLink=null capturedLinkTimestamp=0 requestedVisibleTypes=-9 topActivityRequestOpenInBrowserEducationTimestamp=0
07-08 15:02:16.262  3414  3601 V WindowManager:  appCompatTaskInfo=AppCompatTaskInfo { topActivityInSizeCompat=false topActivityInOplusCompatMode=false eligibleForLetterboxEducation= false isLetterboxEducationEnabled= false isLetterboxDoubleTapEnabled= false eligibleForUserAspectRatioButton= false topActivityBoundsLetterboxed= false isFromLetterboxDoubleTap= false topActivityLetterboxVerticalPosition= -1 topActivityLetterboxHorizontalPosition= -1 topActivityLetterboxWidth=-1 topActivityLetterboxHeight=-1 topActivityAppBounds=Rect(0, 0 - 1440, 3168) isUserFullscreenOverrideEnabled=false isSystemFullscreenOverrideEnabled=false hasMinAspectRatioOverride=false topActivityLetterboxBounds=null cameraCompatTaskInfo=CameraCompatTaskInfo { freeformCameraCompatMode=inactive}} topActivityMainWindowFrame=null topActivityLetterboxInsets=Rect(0, 0 - 0, 0)
07-08 15:02:16.262  3414  3601 V WindowManager:  mOplusExtraBundle = Bundle[{androidx.flexible.taskFrame=Rect(0, 0 - 0, 0), androidx.flexible.Alpha=1.0, androidx.activity.task.attach.blur=0, androidx.flexible.task_snapshot_mode=0, androidx.activity.LaunchInsensible=0, androidx.activity.LaunchCornerRadius=0, key_flexible_task_state=0, topActivitySupportAppInnerSplit=false, key_flexible_task_animating_type=-1, key_flexible_task_root_activity_processname=rd.sheepskin.sandboxmusic, androidx.activity.LaunchScenario=0, is_oplus_clone_task=false, flexible_super_mini_state=false, topRunningActivityHash=65303057, flexible.floatwindow.is_multi_instance=false, androidx.activity.LaunchScale=1.0, androidx.activity.LaunchShadowRadius=0, is_transient_hide_for_task_info=false, androidx.activity.key_flexible_task_pending_exit_to=0, key_flexible_task_root_activity_pid=0, key_flexible_task_root_activity_uid=10447}]}, pipChange = null, remoteTransition = null, displayChange = null, flags = 0, debugId = 6355 }
07-08 15:02:16.262  3414  3601 V WindowManager:     startWCT=WindowContainerTransaction { changes= {} hops= [] errorCallbackToken=null taskFragmentOrganizer=null }
07-08 15:02:16.262  3414  3601 V WindowManager:     info={id=6355 t=OPEN f=0x0 trk=0 r=[0@Point(0, 0)] c=[
07-08 15:02:16.262  3414  3601 V WindowManager:         {WCT{RemoteToken{3b3fa12 Task{9ef1977 #1698 type=standard A=10447:rd.sheepskin.sandboxmusic}}} m=OPEN f=MOVE_TO_TOP leash=Surface(name=Task=1698)/@0x1ebd9f3 sb=Rect(0, 0 - 1440, 3168) eb=Rect(0, 0 - 1440, 3168) epz=Point(1440, 3168) d=0 taskParent=-1},
07-08 15:02:16.262  3414  3601 V WindowManager:         {WCT{RemoteToken{4399cd9 Task{5df18b #1676 type=standard A=10496:co.mona.android}}} m=TO_BACK f=NONE leash=Surface(name=Task=1676)/@0x90a83d8 sb=Rect(0, 0 - 1440, 3168) eb=Rect(0, 0 - 1440, 3168) epz=Point(1440, 3168) d=0 taskParent=-1}
07-08 15:02:16.262  3414  3601 V WindowManager:     ] 
07-08 15:02:16.262  3414  3601 V WindowManager: extendInfo=[
07-08 15:02:16.262  3414  3601 V WindowManager:  OplusTransitionExtendedInfo{mTmpFinishT=null, mInOplusCompatMode=false, mIsProcessRunning=false, mHasMismatchBoundsTarget=false, mRecentsController=null, mRemoteTransition=null, mIsTranslucentActivityToHome=false, mAvoidInterceptKeyEventToHome=false, mIsFromHome=false, mParentLeash=null, mBackAnimClosingLeash=null, mReparentToRecentsSurface=null, mIsOplusAnimRes=false, mKeepBgForContinuous=false, mIsBalAllow=true, mHasCloseWallpaperRemoved=false, mTaskNotInRecent=false, mIsPredictiveBackAnim=false, mIsMergedWithPredictive=false, mIsLaunchFromSpruce=false, mIsLaunchFromDrive=false, mGlobalSearchPageSwitch=false, mNeedNoAlphaGlobalSearchScene=false, mAssistScreenShowing=false, mSwipeUpBrowserScreenShowing=false, mUserIdTransition=0
07-08 15:02:16.262  3414  3601 V WindowManager: , mInRemoteScene=false, mInPreReady=false, mPreStart=false, mToken=null, mAbortByRemoteFromHome=false, mShellApplyToken=null, mRequestTransitionTaskId=1698, mAbortTransitionOnShell=0, mStartFromShortcut=false, mRemovedTaskId=-1, mTransitionInterruptType=0, mMergeSecondTaskId=-1, mIsStartAheadSpruce=false, mTaskIdStartFromRecents=0, mTransitionId=6355, mCanUseSpringSlideAnim=true, mTransitionLaunchFrom=0, mFoldChangeType=-1, mAnimStartingPosition=[0, 0, 0, 0], mIsOpeningStkDialogActivity=false, mSecondaryHomeToFrontWhenUnFolding=false, mIsNeedApplyStartTForEmbedded=false
07-08 15:02:16.262  3414  3601 V WindowManager: , mNeedCanvasExitAnim=false, mMergeSecondTaskAnimation=false, mIsLaunchUnityStart=false, mIsLaunchFromAssistantByDefault=false, mSkipRemoteTransitionfalse, mPromoteTaskWhenKeyguard-1, mIsStartFromKeyguard=false, mMatchRemoteFilter=false flags=0x0, mFlexibleTaskIdList=[], mExpectEndRectState=-1, mFlexibleWindowForRecentTasks=false, mRecentTaskIdList=[], mWCT=null, mIsOpenMergeToInValidPredictive=false, mRootLayerZOrderArray={}}]}
07-08 15:02:16.262  4915  4967 I ndroid.systemui: AssetManager2(0xb4000071df6e8028) locale list changing from [] to [en-TH]
07-08 15:02:16.262  1732  8260 W libincident: Failed to fetch OCenter service.
07-08 15:02:16.263  4915  4915 D CommandQueueLogger: appTransitionStarting displayId=0 startTime=208309778 duration=120 forced=false
07-08 15:02:16.263  4915  4915 D CommandQueueLogger: onSystemBarAttributesChanged displayId=0 appearance=0 packageName=rd.sheepskin.sandboxmusic
07-08 15:02:16.263  3414  3609 D FlexibleWindowManagerService: onFlexibleWindowTaskAppeared: task = 1698, visible = true
07-08 15:02:16.263  3414  3609 D OplusFlexibleWindowMinimizedManagerHelper: onTaskAppered taskInfo:1698
07-08 15:02:16.263  3414  3609 D OplusFlexibleDragToSplitAnimController: visibleFlexibleTaskInfos delete:1698
07-08 15:02:16.263  3414  3609 E FlexibleWindowManagerService: notifyTaskObserverToAttachController not need to notify!
07-08 15:02:16.263  3414  3609 D FlexibleWindowManagerService: should not dispatch appeared task Task{9ef1977 #1698 type=standard A=10447:rd.sheepskin.sandboxmusic}
07-08 15:02:16.263  3414  8734 W AutofillManagerServiceImpl: getFillEventHistory() called by UID 10239, but service UID is 10470
07-08 15:02:16.264  3414 31925 W ContextImpl: Calling a method in the system process without a qualified user: android.app.ContextImpl.sendBroadcast:1281 com.qualcomm.qti.Performance$SendGameLaunchBroadcast.run:313 com.oplus.dispatch.DispatchObject.runDispatchObject:253 com.oplus.dispatch.OThread.dispatchConcurrentDrain:425 com.oplus.dispatch.OThread.dispatchQueueDrain:384 
07-08 15:02:16.264  3414  3608 D BufferQueueConsumer: [](id:d56000002a2,api:0,p:-1,c:3414) connect: controlledByApp=true
07-08 15:02:16.264  3414  3608 D BufferQueueConsumer: [unnamed-3414-674](id:d56000002a2,api:0,p:-1,c:3414) setMaxAcquiredBufferCount: 2
07-08 15:02:16.264  4915  4967 I ndroid.systemui: AssetManager2(0xb4000071d0b4a728) locale list changing from [] to [en-TH]
07-08 15:02:16.265  3414  3661 I ActivityManager: Start proc 7057:rd.sheepskin.sandboxmusic/u0a447 for next-top-activity {rd.sheepskin.sandboxmusic/rd.sheepskin.sandboxmusic.MainActivity}
07-08 15:02:16.265  2323  2380 I adbd    : jdwp connection from 7057
07-08 15:02:16.265  4915  4967 D OplusShellTransition: default transition handler transfer value refresh rate rect:Rect(0, 0 - 1440, 3168)
07-08 15:02:16.265  4915  4967 D OplusShellTransition: startAnimation transitionToken=android.os.BinderProxy@8c9a973
07-08 15:02:16.265  4915  4967 W OplusShellTransition: no system app in targets, skip loading oplus animation.
07-08 15:02:16.265  3414  3602 I ActivityManager: ProcessObserver broadcast disabled
07-08 15:02:16.265  4915  4967 V WindowManagerShell: loadAnimation: anim=android.view.animation.AnimationSet@efbc143 animAttr=0x8 type=OPEN isEntrance=true
07-08 15:02:16.265  4915  4967 D OplusShellTransition: default transition handler transfer value refresh rate rect:Rect(0, 0 - 1440, 3168)
