07-08 23:04:14.932  2212  4516 I AAudioService: openStream(callingPid:31151, callingUid: 10447): aaudio denied with imcompatible policy such as peformance noise
07-08 23:04:14.932 31151  3354 V Capacitor/Plugin: To native (Capacitor plugin): callbackId: 23866504, pluginId: App, methodName: getLaunchUrl
07-08 23:04:14.932 31151  3354 V Capacitor: callback: 23866504, pluginId: App, methodName: getLaunchUrl, methodData: {}
07-08 23:04:14.932 31151  3295 D in.sandboxmusic: PlayerBase::PlayerBase()
07-08 23:04:14.932 31151  3295 D AudioStreamInternal_Client: ~AudioStreamInternal() 0xb4000072f858f800 called
07-08 23:04:14.932 31151 31151 I Capacitor/Console: File:  - Line 349 - Msg: [object Object]
07-08 23:04:14.932 31151  3295 D AAudioStream: ~AudioStream(s#1) mPlayerBase strongCount = 1
07-08 23:04:14.932 31151  3295 D in.sandboxmusic: PlayerBase::~PlayerBase()
07-08 23:04:14.932 31151  3295 D AudioStreamTrack: open(), request notificationFrames = -8, frameCount = 0
07-08 23:04:14.932 31151  3295 I AudioTrack: set(): type=audio,case=1,attributes=1,content_type=2,usage=1,source=0,flags=0x100
07-08 23:04:14.932 31151  3295 D AudioTrackExtImpl: AudioTrackExtImpl init
07-08 23:04:14.932 31151  3295 D ExtensionsLoader: createInstance(64bit) : createExtendedFactory
07-08 23:04:14.932 31151  3295 D ExtensionsLoader: Opened libSchedAssistExtImpl.so
07-08 23:04:14.932 31151  3295 D AudioTrack: set(): streamType -1, sampleRate 48000, format 0x5, channelMask 0x3, frameCount 0, flags #104, notificationFrames -8, sessionId 0, transferType 1, uid -1, pid -1
07-08 23:04:14.932 31151  3295 D ListServiceUtils: mListServiceUtils::init CallingPid 31151
07-08 23:04:14.933 31151  3295 D ListServiceUtils: mListServiceUtils::init this 0xb4000070c5f048c0
07-08 23:04:14.933 31151 31151 I Capacitor/Console: File:  - Line 333 - Msg: {"url":"sandboxmusic://e2e/podcast-play?query=Joe%20Rogan%20Experience&playTimeoutMs=240000"}
07-08 23:04:14.933 31151  3295 I AudioTrack: set(): 0xb4000072f8580000, Create AudioTrackThread, tid = 3459
07-08 23:04:14.933  2212  4516 D AudioFlingerExtImpl: oplusGetParametersBypassLock:only system or list app is allowed to get oplus parameters:DetectPulseEnable, uid:10447
07-08 23:04:14.933 31151  3295 D AudioDetectPulse: setDetectPulse, mIsDetectPulse 0, 0x74c77e3108
07-08 23:04:14.934 31151  3295 D AudioTrackExtImpl: doSchedBoost, set audioapp task boost, pid=31151, tid=3295, enable=1, ret=0
07-08 23:04:14.934  2212  4516 D AudioBoost: audioSchedBoost, pid=2212, tid=4516, enable=1, ret=0
07-08 23:04:14.934  2212  4516 D AudioFlingerExtImpl: addActiveAudioSession, add 1633, uid 10447, map size 1
07-08 23:04:14.934  2212  4516 D AudioFlingerExtImpl: updateSelectDevByRedirectSetting: clientUid=10447, pid=31151
07-08 23:04:14.934  2212  4516 D AudioFlingerExtImpl: updateSelectDevByRedirectSetting: mOplusRedirectOutputSupport=0, mOplusRedirectOutputEnable=0
07-08 23:04:14.935  2212  4516 D NativePermissionController: checkPermission: missing 1 for 10447
07-08 23:04:14.935  2212  4516 D NativePermissionController: checkPermission: missing 3 for 10447
07-08 23:04:14.935  2212  4516 D NativePermissionController: checkPermission: missing 5 for 10447
07-08 23:04:14.935  2212  4516 D AudioPolicyManagerExtImpl: checkUllCompatible() denied raw flag on session 1633 for performance noise
07-08 23:04:14.935  2212  4516 D AudioPolicyManagerExtImpl: forceOutputForMusicEffects Enter: session 1633, dev {AUDIO_DEVICE_OUT_SPEAKER, @:}, streamType 3, flags 4, forced_deep 0
07-08 23:04:14.935  2212  4516 D AudioPolicyManagerExtImpl: check callingUid 10447 whose pacakge name is not in fast-audio-effects
07-08 23:04:14.935  2212  4516 D AudioPolicyManagerExtImpl: forceOutputForMusicEffects Done:  flags 4,  forced_deep 0
07-08 23:04:14.935  2212  4516 D APM_AudioPolicyManager: mSpatializerOutput is null, canBeSpatializedInt=0, forceSpatialized:0 forceMss 0 forceMeta 0
07-08 23:04:14.935  2212  4516 D AudioBoost: audioSchedBoost, pid=2212, tid=4516, enable=1, ret=0
07-08 23:04:14.935  2212  4516 W AudioFlinger: createTrack_l(): mismatch between requested flags (00000104) and output flags (00000006)
07-08 23:04:14.935  2212  4516 D AudioFlinger: AF createTrack_l, skip effectchain::checkOutputFlagCompatibility to avoid fast flag to be denied by global effects, pid 31151, session -1
07-08 23:04:14.935  2212  2960 E GameAudioEffects: outputSelected: call getListValueByUid(fast-audio-effects) but return null
07-08 23:04:14.935  2212  4516 D AudioFlinger: createTrack_l output(13) original frameCount 192  mNormalFrameCount 960 mFrameCount(hal) 192 minFrameCount 1536 notificationsPerBuffer 8 mSampleRate 48000 halLatencyMs 61
07-08 23:04:14.936  2212  4516 D AudioFlinger: Client defaulted notificationFrames to 192 for frameCount 1536
07-08 23:04:14.936  2212  4516 D AudioFlinger: createTrack_l output(13) final frameCount 1536 for track session 1633 , mFrameCount 192, mNormalFrameCount 960, notificationFrameCount 192
07-08 23:04:14.936  2212  4516 I AF::PthrPatchRecord: creating track with enforcement level 0
07-08 23:04:14.937  2212  4516 D AudioFlinger_PlaybackThread_TrackExtImpl: HoloAudio, create track pkg name:rd.sheepskin.sandboxmusic
07-08 23:04:14.937  2689  2757 D HoloAudio::SpecailizerPLService_Aidl: getMetaInfoByPkgName, 
07-08 23:04:14.937  2212  4516 D AudioFlingerExtImpl: HoloAudio: audioFlingerExt getMetaInfo valueis:
07-08 23:04:14.937  2212  4516 D AudioFlinger_PlaybackThread_TrackExtImpl: HoloAudio, there is no policy for this pkg:rd.sheepskin.sandboxmusic
07-08 23:04:14.937  2212  4516 I AF::Track: Track, track(0xb400007a05bae400): mFastIndex 1, mStreamType 3, mId 287, mPortId 265, mFrameCount 1536, mSampleRate 48000, mFormat 5, mChannelCount 2, thread 0xb400007a05a52690, sessionId 1633, AudioOut_D, primary-6
07-08 23:04:14.937 31151 31151 I Capacitor/Console: File:  - Line 349 - Msg: [object Object]
07-08 23:04:14.938  2212  4516 D AudioBoost: audioSchedBoost, pid=2212, tid=4516, enable=0, ret=0
07-08 23:04:14.938 31151  3354 V Capacitor/Plugin: To native (Capacitor plugin): callbackId: 23866505, pluginId: BackgroundMedia, methodName: setWiredDacStabilityEnabled
07-08 23:04:14.938 31151  3354 V Capacitor: callback: 23866505, pluginId: BackgroundMedia, methodName: setWiredDacStabilityEnabled, methodData: {"enabled":true}
07-08 23:04:14.938  2212  4516 D AudioBoost: audioSchedBoost, pid=2212, tid=4516, enable=0, ret=0
07-08 23:04:14.931  2212  2212 W AudioRtBoostThr: type=1400 audit(0.0:14564): avc:  denied  { getsched } for  scontext=u:r:audioserver:s0 tcontext=u:r:untrusted_app:s0:c191,c257,c512,c768 tclass=process permissive=0
07-08 23:04:14.938 31151  3295 D AudioTrack: createTrack state 0 output.outputId=13
07-08 23:04:14.938 31151  3354 V Capacitor/Plugin: To native (Capacitor plugin): callbackId: 23866506, pluginId: YtDlpMobile, methodName: cancel
07-08 23:04:14.938 31151 31151 I Capacitor/Console: File:  - Line 349 - Msg: [object Object]
07-08 23:04:14.938 31151  3354 V Capacitor: callback: 23866506, pluginId: YtDlpMobile, methodName: cancel, methodData: {}
07-08 23:04:14.939  2212  4516 D AudioFlingerExtImpl: oplusGetParametersBypassLock:only system or list app is allowed to get oplus parameters:is_direct_pcm_track, uid:10447
07-08 23:04:14.939  2212  4516 D AudioFlingerExtImpl: oplusGetParameters:only system or list app is allowed to get oplus parameters:is_direct_pcm_track, uid:10447
07-08 23:04:14.939  1888  6993 D AHAL: AudioStream: astream_out_get_parameters: 1169: enter
07-08 23:04:14.939  1888  6993 D AHAL: AudioStream: astream_out_get_parameters: 1191: keys: is_direct_pcm_track
07-08 23:04:14.939  1888  6993 D AHAL: AudioStream: astream_out_get_parameters: 1237: exit: returns - is_direct_pcm_track=false
07-08 23:04:14.939 31151  3295 I AudioTrack: createTrack_l(0): AUDIO_OUTPUT_FLAG_FAST successful; frameCount 0 -> 1536
07-08 23:04:14.939 31151  3354 V Capacitor/Plugin: To native (Capacitor plugin): callbackId: 23866507, pluginId: NativeExoPlayback, methodName: stop
07-08 23:04:14.939 31151  3354 V Capacitor: callback: 23866507, pluginId: NativeExoPlayback, methodName: stop, methodData: {}
07-08 23:04:14.939 31151 31151 I Capacitor/Console: File:  - Line 349 - Msg: [object Object]
07-08 23:04:14.939 31151  3295 I AudioTrack: createTrack_l(265) on outputId(13) : 0xb4000072f8580000, mCblk = 0x74b7093000,  mLatency = 93, mAfLatency = 61, frameCount = 1536, mSampleRate = 48000, mFlags = 0x4, mReqFrameCount = 1536, mNotificationFramesAct = 192
07-08 23:04:14.940 31151  3295 D AudioTrackExtImpl: doSchedBoost, set audioapp task boost, pid=31151, tid=3295, enable=0, ret=0
07-08 23:04:14.940 31151  3354 V Capacitor/Plugin: To native (Capacitor plugin): callbackId: 23866508, pluginId: NativeExoPlayback, methodName: getStatus
07-08 23:04:14.940 31151  3354 V Capacitor: callback: 23866508, pluginId: NativeExoPlayback, methodName: getStatus, methodData: {}
07-08 23:04:14.940 31151  3295 E AudioTrackExtImpl: get fade type, but return null, pid 31151, uid 10447
07-08 23:04:14.940 31151 31151 I Capacitor/Console: File:  - Line 349 - Msg: [object Object]
07-08 23:04:14.941 31151  3295 D AudioTrack: set: pop_optimize mIsPopOptimizeSupport:0, mIsPopOptimizeFlush:0
07-08 23:04:14.941 31151  3295 D AudioTrack: setVolume(265) left 1.000 right 1.000 , callingPid 31151
07-08 23:04:14.941 31151  3295 D AudioStreamTrack: open() flags changed from 0x00000104 to 0x00000004
07-08 23:04:14.942 31151  3295 D AAudioStream: setState(s#2) from 0 to 2
07-08 23:04:14.942 31151  3295 I AAudio  : AAudioStreamBuilder_openStream() returns 0 = AAUDIO_OK for s#2 ----------------
07-08 23:04:14.943 31151  3295 D AAudio  : AAudioStream_requestStart(s#2) called --------------
07-08 23:04:14.943 31151  3295 D AAudioStream: setState(s#2) from 2 to 3
07-08 23:04:14.943 31151  3295 D AudioTrack: start(265): prior state:STATE_STOPPED output 13 stream 3 session 1633
07-08 23:04:14.943  2212  4516 D AF::Track: start(287): calling pid 31151 portId 265 session 1633 thresholdFrames 384 mFrameCount 1536
07-08 23:04:14.943  2212  4516 D AudioBoost: audioSchedBoost, pid=2212, tid=4516, enable=1, ret=0
07-08 23:04:14.943  2212  4516 D AudioBoost: AudioUclampBoost: set invalid schedMinValue: 1025, ignored
07-08 23:04:14.943  2212  4516 D AudioBoost: AudioUclampBoost: sched_setattr success. attr(flags 120, min 1024, max 1024, tid 4516, enable 1)
07-08 23:04:14.943  2212  4516 E AudioBoost: start  AudioUclampBoost pid:2212 tid:4516 sucess
07-08 23:04:14.944  2212  2854 D AudioPolicyEffects: addOutputSessionEffects(): session: 1633, refCount: 1
07-08 23:04:14.944  2212  2854 I AudioEffect: set 0xb400007a34ee9000 timeLow 00000000
07-08 23:04:14.944  2212  2854 I AudioFlinger: createEffect pid 2212, effectClient 0xb400007a1e82b890, priority 0, sessionId 1633, io 13, factory 0xb400007a34e66aa0
07-08 23:04:14.944  2212  2854 I AudioFlinger: createEffect_l() thread 0xb400007a05a0dd80 effect Music Listener on session 1633
07-08 23:04:14.944  2212  2854 I AudioFlinger: createEffect_l() new effect chain for session 1633
07-08 23:04:14.944  2212  2854 I EffectChain: EffectChain(): new EffectChain = 0xb4000079ec095b00
07-08 23:04:14.944  2212  2854 D AudioFlinger_EffectsExtImpl: HoloAudio AudioFlinger_EffectsExtImpl :0xb400007a1e8328c0: mFrameCount = 960, mSampleRate = 48000, mChannelCount = 2, mSessionId=1633
07-08 23:04:14.946  1888  1952 I EffectsFactory: EffectCreate() create_effect
07-08 23:04:14.946  1888  1952 V DlbVolumeListener: Create Dolby Listener Effect.
07-08 23:04:14.946  1888  1952 V DlbVolumeListener: create CREATED_CONTEXT 0xb400007231d5b400 sessionId 1633 ioId 13
07-08 23:04:14.946  1888  1952 I DlbVolumeListener: create() Created effect Music Listener
07-08 23:04:14.946  1888  1952 V DlbVolumeListener: effectGetDescriptor
07-08 23:04:14.946  1888  1952 I DlbVolumeListener: effectGetDescriptor() Returning descriptor for Music Listener
07-08 23:04:14.946  1888  1952 V DlbVolumeListener: effectGetDescriptor
07-08 23:04:14.946  1888  1952 I DlbVolumeListener: effectGetDescriptor() Returning descriptor for Music Listener
07-08 23:04:14.946  2212  2854 D EffectHalHidl: audioSchedBoost, set audiohal task boost, pid=2212, tid=2854, ret=0
07-08 23:04:14.946  1888  1952 V DlbVolumeListener: effectCommand
07-08 23:04:14.947  2212  2854 D EffectHalHidl: audioSchedBoost, set audiohal task boost, pid=2212, tid=2854, ret=0
07-08 23:04:14.947  2212  2854 D EffectHalHidl: audioSchedBoost, set audiohal task boost, pid=2212, tid=2854, ret=0
07-08 23:04:14.947  1888  1952 V DlbVolumeListener: effectCommand
07-08 23:04:14.947  2212  2854 D EffectHalHidl: audioSchedBoost, set audiohal task boost, pid=2212, tid=2854, ret=0
07-08 23:04:14.947  2212  2854 D EffectHalHidl: audioSchedBoost, set audiohal task boost, pid=2212, tid=2854, ret=0
07-08 23:04:14.947  1888  1952 V DlbVolumeListener: effectCommand
07-08 23:04:14.947  2212  2854 D EffectHalHidl: audioSchedBoost, set audiohal task boost, pid=2212, tid=2854, ret=0
07-08 23:04:14.947  2212  2854 D EffectHalHidl: audioSchedBoost, set audiohal task boost, pid=2212, tid=2854, ret=0
07-08 23:04:14.947  1888  6993 V DlbVolumeListener: effectCommand
07-08 23:04:14.947  1888  6993 V DlbVolumeListener: effectCommand :: Command EFFECT_CMD_INIT
07-08 23:04:14.947  2212  2854 D EffectHalHidl: audioSchedBoost, set audiohal task boost, pid=2212, tid=2854, ret=0
07-08 23:04:14.947  2212  2854 D EffectHalHidl: audioSchedBoost, set audiohal task boost, pid=2212, tid=2854, ret=0
07-08 23:04:14.947  1888  6993 V DlbVolumeListener: effectCommand
07-08 23:04:14.947  1888  6993 D DlbVolumeListener: effectCommand :: Command EFFECT_CMD_OFFLOAD offload=0 ioHandle=13
07-08 23:04:14.947  2212  2854 D EffectHalHidl: audioSchedBoost, set audiohal task boost, pid=2212, tid=2854, ret=0
07-08 23:04:14.947  2212  2854 I EffectChain: addEffect_l() effect 0xb400007a1e8ced00, added in chain 0xb4000079ec095b00 at rank 0
07-08 23:04:14.947  1888  6993 V DlbVolumeListener: effectCommand
07-08 23:04:14.947  1888  6993 V DlbVolumeListener: effectCommand :: Command EFFECT_CMD_SET_CONFIG
07-08 23:04:14.947  2212  2854 D AudioFlinger_EffectsExtImpl: HoloAudio, checkAndEnbaleMetaAudio enable:0, sessionid:1633
07-08 23:04:14.948  1888  6993 V DlbVolumeListener: effectCommand
07-08 23:04:14.948  1888  6993 V DlbVolumeListener: effectCommand :: Command EFFECT_CMD_SET_CONFIG
07-08 23:04:14.948  2212  3463 D AudioBoost: tryRtBoost, try boost audio rt, pid 31151, tid 3459, ret 0
07-08 23:04:14.948  2212  2854 D EffectHalHidl: audioSchedBoost, set audiohal task boost, pid=2212, tid=2854, ret=0
07-08 23:04:14.948  1888  1952 V DlbVolumeListener: effectCommand
07-08 23:04:14.948  2212  2854 D EffectHalHidl: audioSchedBoost, set audiohal task boost, pid=2212, tid=2854, ret=0
07-08 23:04:14.943  2212  2212 W AudioRtBoostThr: type=1400 audit(0.0:14565): avc:  denied  { getsched } for  scontext=u:r:audioserver:s0 tcontext=u:r:untrusted_app:s0:c191,c257,c512,c768 tclass=process permissive=0
07-08 23:04:14.948  2212  2854 I AudioEffect: set() 0xb400007a34ee9000 OK effect: Music Listener id: 1715 status 0 enabled 0 pid 2212
07-08 23:04:14.948  2212  2854 D AudioPolicyEffects: addOutputSessionEffects(): added Fx dlb_music_listener on session: 1633 for stream: 3
07-08 23:04:14.948  2212  2854 I AudioEffect: enable 0xb400007a34ee9000
07-08 23:04:14.948  2212  2854 D APM_AudioPolicyManager: startOutput() output 13, stream 3, portId 265, session 1633
07-08 23:04:14.949  1888  1952 D AHAL: AudioDevice: SetParameters: 1972: enter: volumeStreamAction=start;volumeStreamType=3
07-08 23:04:14.949  1888  1952 D AHAL: hfp: hfp_set_parameters: 696: enter
07-08 23:04:14.949  1888  1952 D AHAL: hfp: hfp_set_parameters: 701: OPLUS_HFP_SUPPORT is not supported
07-08 23:04:14.949  1888  1952 D AHAL: AudioDevice: SetParameters: 2821: exit
07-08 23:04:14.950  2212  2854 D GameAudioEffects: hasAliveFastEffectTracks  return (0)
07-08 23:04:14.950  2212  2854 D AudioPolicyManagerExtImpl: oplusSelectOutputForMusicEffects: pendingOutput  => 13  flags => 0x00000006  outputTageName =>primary output outputs.size(4) older music effect ouput(29), hasAliveGameTracks(0)
07-08 23:04:14.950  2212  2854 D AudioPolicyManagerExtImpl: oplusSelectOutputForMusicEffects pending music output is low latency output, but no alive fast effect tracks, block effectchain fallback to primary, set deepbuffer as defaultEffectsOutput instead
07-08 23:04:14.950  2212  2854 D GameAudioEffects: hasAliveRequestFastTracks  return (0)
07-08 23:04:14.950  2212  2854 D APM_AudioPolicyManager: setOutputDevice() output 13 device {AUDIO_DEVICE_OUT_SPEAKER, @:} force 0 delayMs 0
07-08 23:04:14.950  2212  2854 D AudioPolicyInterfaceImpl: mSessionLatestHandleList add Item on session 1633, port = 265
07-08 23:04:14.950  2212  4516 D AudioFlingerExtImpl: updateMetaScenes mMetaScenesOwnerMap[4]=[0,-1]
07-08 23:04:14.950  2212  4516 D AudioFlingerExtImpl: updateMetaScenes mMetaScenesOwnerMap[5]=[0,-1]
07-08 23:04:14.951  3425  3597 W QosScheduler: executeSceneQosStrategy failed! qos feature no enable
07-08 23:04:14.951  2212  4516 D AudioFlinger_PlaybackThreadExtImpl: HoloAudio:addActiveTrack,isSpatialzierTrackPlaying:0 isMetaTrackPlaying:0 isMetaTrack:0
07-08 23:04:14.951  2212  4516 D AudioFlingerExtImpl: getSplitScreenSwitch: screenSwitch = 0
07-08 23:04:14.951  2212  4516 D AudioFlinger_PlaybackThreadExtImpl: notifyAudioTrackCreate event:atlas_event_audio_track_create info:pid:31151,sessionId:1633,streamType:3,sampleRate:48000,format:5,startvl:1.000,startvr:1.000,balance:0.000,channelcount:2,flags:6,deviceTypes:2,hasFastMixer:1,isOffloadThread:0,isSpatialized:0,id:13,effectChains:1,frameCount:1536,requestFC:0,minFC:1536,metaAudioScene:0,metaAudioPos:[0.0|0.0|0.0],window_rendering:0,active_record:0
07-08 23:04:14.951  2212  4516 D AtlasEventUploadUtils: setEvent event:atlas_event_audio_track_create
07-08 23:04:14.951  3425  8384 I OStatsManager_Calc: noteAudio: uid = 10447, start = true
07-08 23:04:14.951  2212  4516 D AudioFlinger_EffectsExtImpl: HoloAudio, checkAndEnbaleMetaAudio enable:0, sessionid:1633
07-08 23:04:14.951  2689  2750 D EventTest: handleEvent atlas_event_audio_track_create pid:31151,sessionId:1633,streamType:3,flags:6,deviceTypes:2,hasFastMixer:1
07-08 23:04:14.951  2212  4516 D AudioTrackServerProxyExtImpl: AudioTrackServerProxyExtImpl init
07-08 23:04:14.951  2212  4516 D AudioTrackServerProxyExtImpl: audioTrackServerProxyTest
07-08 23:04:14.951  2212  4516 D AudioTrackServerProxyExtImpl: audioTrackServerProxy, initialize
07-08 23:04:14.951  2212  4516 D AudioTrackServerProxyExtImpl: initSupportAudioRamp ,  mIsSupport = 0.
07-08 23:04:14.951  3425  4603 E AppOps  : attributionTag  not declared in manifest of rd.sheepskin.sandboxmusic
07-08 23:04:14.951  2212  3775 I AF::PthrPatchRecord: processMuteEvent(287): processed mute state for port ID 265 from 0 to 0
07-08 23:04:14.951  2212  3775 D AudioFlinger: updateWakeLockUids_l AudioOut_D uids:10447 
07-08 23:04:14.952  1888  1952 D AHAL: AudioStream: out_update_source_metadata_v7: 1329: track count is 1 for usecase(1: low-latency-playback)
07-08 23:04:14.952  1888  1952 D AHAL: AudioStream: out_update_source_metadata_v7: 1379: Source metadata usage:1 content_type:2 gain:0.162556
07-08 23:04:14.952  1888  1952 D AHAL: AudioStream: SetAggregateSourceMetadata: 4749: Aggregated Source metadata usage:1 content_type:2 gain:0.162556
07-08 23:04:14.952  2212  3775 D EffectHalHidl: audioSchedBoost, set audiohal task boost, pid=2212, tid=3775, ret=0
07-08 23:04:14.952  1888  6993 V DlbVolumeListener: effectCommand
07-08 23:04:14.952  1888  6993 V DlbVolumeListener: effectCommand :: Command EFFECT_CMD_ENABLE
07-08 23:04:14.952  3425  4603 E AppOps  : attributionTag  not declared in manifest of rd.sheepskin.sandboxmusic
07-08 23:04:14.952  2212  3775 D EffectHalHidl: audioSchedBoost, set audiohal task boost, pid=2212, tid=3775, ret=0
07-08 23:04:14.952  2212  3775 D EffectChain: process reset volume
07-08 23:04:14.952  3425  4788 I IPCThreadState: oneway function results for code 10006 on binder at 0xb40000729131eb80 will be dropped but finished with status UNKNOWN_TRANSACTION
07-08 23:04:14.952  2212  4516 D AudioBoost: audioSchedBoost, pid=2212, tid=4516, enable=0, ret=0
07-08 23:04:14.952  2212  4516 D AudioBoost: AudioUclampBoost: set invalid schedMinValue: 1025, ignored
07-08 23:04:14.952  2212  4516 D AudioBoost: AudioUclampBoost: sched_setattr success. attr(flags 120, min 0, max 1024, tid 4516, enable 0)
07-08 23:04:14.952  2212  4516 E AudioBoost: stop  AudioUclampBoost pid:2212 tid:4516 sucess
07-08 23:04:14.953  1888 30044 D AHAL: AudioStream: AutoPerfLock: 252: (Acquired) perf_lock_handle: 0x2c23, count: 1
07-08 23:04:14.953  1888 30044 I AHAL: AudioStream: Open: 3667: Enter: OutPrimary usecase(1: low-latency-playback)
07-08 23:04:14.953  1888 30044 D AHAL: AudioStream: Open: 3673: no_of_devices 1
07-08 23:04:14.953  1888 30044 D AHAL: AudioStream: Open: 3782: halInputFormat 6 halOutputFormat 6 palformat 21
07-08 23:04:14.953  2212  4516 D AudioBoost: audioAppKeyThreadReport() pid 31151, tid 3295, enable 1, inUid 0, eventIt -1, threadType 0, id 287
07-08 23:04:14.953  2212  4516 D AudioBoost: appThreadInfo update:start 3295, write -1, cbk 3459 read -1
07-08 23:04:14.953  2212  4516 D AudioBoost: audioAppKeyThreadReport(), restore boost for threadType 0, tid 3295
07-08 23:04:14.953  1888 30044 D AHAL: AudioStream: Open: 3857: channels 2 samplerate 48000 format id 21, stream type 1  stream bitwidth 24
07-08 23:04:14.953  1888 30044 D AHAL: AudioStream: Open: 3858: msample_rate 0 mchannels 0 mNoOfOutDevices 1
07-08 23:04:14.953  1888 30044 I PAL: API: pal_stream_open: 292: Enter, stream type:1
07-08 23:04:14.953  1888 30044 D PAL: Stream: create: 111: Enter.
07-08 23:04:14.953  1888 30044 D PAL_ResourceManager: getDeviceConfig: 3478: device id 0x3 channels 2 samplerate 48000, bitwidth 24 format 22 SndDev speaker priority 0x3
07-08 23:04:14.953  1888 30044 D PAL: Stream: create: 212: stream type 0x1
07-08 23:04:14.953  1888 30044 D PAL: StreamPCM: isBitWidthSupported: 1610: bitWidth 24
07-08 23:04:14.953  1888 30044 D PAL: StreamPCM: isSampleRateSupported: 1561: sampleRate 48000
07-08 23:04:14.953  1888 30044 D PAL: StreamPCM: isChannelSupported: 1584: numChannels 2
07-08 23:04:14.953  1888 30044 D PAL: StreamPCM: StreamPCM: 96: Enter
07-08 23:04:14.953  2212  4516 D AudioBoost: audioAppKeyThreadReport(), restore boost for threadType 2, tid 3459
07-08 23:04:14.953  1888 30044 D PAL: Device: insertStreamDeviceAttr: 892: insert the first device attribute
07-08 23:04:14.953  1888 30044 D PAL: Device: insertStreamDeviceAttr: 949: dev: 3 attr inserted are: priority: 0x3, stream type: 1, ch: 2, sr: 48000, bit_width: 24, fmt: 22, sndDev: speaker, custom_key: 
07-08 23:04:14.953  1888 30044 D PAL_ResourceManager: registerStream: 3796: Enter. stream 0xb40000725469b380K
07-08 23:04:14.953  1888 30044 D PAL_ResourceManager: registerStream: 3803: stream type 1
07-08 23:04:14.953  1888 30044 D PAL_ResourceManager: registerStream: 3967: Exit. ret 0
07-08 23:04:14.953  1888 30044 D PAL_ResourceManager: updateDeviceConfig: 8937: Enter
07-08 23:04:14.953  1888 30044 D PAL_ResourceManager: getSharedBEActiveStreamDevs: 8128: got dev 3 active streams on dev is 0
07-08 23:04:14.953  1888 30044 I PAL: Device: setDeviceAttributes: 440: DeviceAttributes for Device Id 3 updated
07-08 23:04:14.953  1888 30044 D PAL_ResourceManager: updateDeviceConfig: 9039: Exit
07-08 23:04:14.953  1888 30044 D PAL: StreamPCM: StreamPCM: 218: Exit. state 0
07-08 23:04:14.953  1888 30044 D PAL: Stream: create: 352: Exit stream 0xb40000725469b380K create successful
07-08 23:04:14.953  1888 30044 D PAL: StreamPCM: open: 228: Enter. session handle - 0xb40000725460e600K device count - 1
07-08 23:04:14.953  1888 30044 D PAL_ResourceManager: getPALDeviceName: 9199: id 3
07-08 23:04:14.953  1888 30044 I PAL: Device: open: 530: Enter. deviceCount 0 for device id 3 (PAL_DEVICE_OUT_SPEAKER)
07-08 23:04:14.953  1888 30044 I PAL: SessionAlsaUtils: setDeviceMediaConfig: 1089: MI2S-LPAIF-RX-SECONDARY rate ch fmt data_fmt 48000 2 6 1
07-08 23:04:14.953  1888 30044 D PAL: Device: open: 554: audio_route 0xb400007231c656a0K SND device name speaker
07-08 23:04:14.953  1888 30044 D audio_route: Apply path: speaker
07-08 23:04:14.953  1888 30044 I PAL: Device: open: 565: Exit. deviceCount 1 for device id 3 (PAL_DEVICE_OUT_SPEAKER), exit status: 0
07-08 23:04:14.953  1888 30044 D PAL: SessionAlsaPcm: open: 169: Enter
07-08 23:04:14.953  1888 30044 D PAL_ResourceManager: getBackEndNames: 8376: getBackEndNames (RX): MI2S-LPAIF-RX-SECONDARY
07-08 23:04:14.953  2212  2793 D AudioBoost: startBoostForWake mId 287, p 31151, t 3295, wp 31151, wt 3295.
07-08 23:04:14.953  1888 30044 I PAL_ResourceManager: allocateFrontEndIds: 7750: allocateFrontEndIds: front end 126
07-08 23:04:14.953  1888 30044 D PAL: SessionAlsaUtils: open: 424: Entry 
07-08 23:04:14.953  1888 30044 I PAL_PayloadBuilder: populateStreamKV: 3145: stream type 1
07-08 23:04:14.953  1888 30044 I PAL_PayloadBuilder: getSelectorValues: 2943: Direction: 1
07-08 23:04:14.953  1888 30044 I PAL_PayloadBuilder: getSelectorValues: 2959: Instance: 1
07-08 23:04:14.953  1888 30044 I PAL_PayloadBuilder: findKVs: 2825: key: 0xa1000000 value: 0xa100000e
07-08 23:04:14.953  1888 30044 I PAL_PayloadBuilder: findKVs: 2825: key: 0xab000000 value: 0x1
07-08 23:04:14.953  1888 30044 D PAL: SessionAlsaUtils: getFeMixerControl: 354: mixer control PCM126 control
07-08 23:04:14.953  1888 30044 D PAL: Stream: getSoundCardId: 704: sound card id = 0x0
07-08 23:04:14.953  1888 30044 I PAL_PayloadBuilder: populateDeviceKV: 3269: Enter device id:3
07-08 23:04:14.953  1888 30044 I PAL_PayloadBuilder: findKVs: 2838: key: 0xa2000000 value: 0xa2000001
07-08 23:04:14.953  1888 30044 I PAL_PayloadBuilder: populateDeviceKV: 3297: Exit device id:3, status 0
07-08 23:04:14.953  1888 30044 I PAL_PayloadBuilder: populateDevicePPKV: 3410: Rx device id:3
07-08 23:04:14.953  1888 30044 I PAL_PayloadBuilder: getSelectorValues: 3035: stream type: 1
07-08 23:04:14.953  1888 30044 I PAL_PayloadBuilder: findKVs: 2825: key: 0xa2000000 value: 0xa2000001
07-08 23:04:14.953  1888 30044 I PAL_PayloadBuilder: findKVs: 2825: key: 0xac000000 value: 0xac000002
07-08 23:04:14.953  1888 30044 I PAL_PayloadBuilder: populateDevicePPCkv: 3622: SpeakerProt Status[1], RAS Status[0]
07-08 23:04:14.953  1888 30044 D PAL: SessionAlsaUtils: open: 556: Speaker protection enabled
07-08 23:04:14.953  1888 30044 I PAL: OplusSpeakerProtection: populateSpeakerCKV: 2211: scence: 0
07-08 23:04:14.953  1888 30044 D PAL: OplusSpeakerProtection: setSpeakerCKV: 2056: mSpkScence 0
07-08 23:04:14.953  1888 30044 D agm_server_wrapper: Aif id 25 already added to session list of 126
07-08 23:04:14.953  1781  1807 I statsd  : An anomaly (2003000009) (100241)0x10000->1[I]  has occurred! Informing subscribers.
07-08 23:04:14.953  1888 30044 I AGM: session: session_obj_set_sess_aif_metadata: 1967 Exit
07-08 23:04:14.953  1888 30044 D agm_server_wrapper: Aif id 25 already added to session list of 126
07-08 23:04:14.953  1888 30044 I AGM: API: agm_session_aif_connect: 625 connecting aifid:25 with session id=126
07-08 23:04:14.953  1888 30044 D PAL: SessionAlsaUtils: open: 650: Exit, status 0
07-08 23:04:14.953  1888 30044 D PAL: SessionAlsaPcm: open: 375: Exit status: 0
07-08 23:04:14.953  1888 30044 D PAL: StreamPCM: open: 335: stream pcm opened. state 1
07-08 23:04:14.953  1888 30044 D PAL: memLoggerBuilder: palStateQueueBuilder: 77: TIME IS:1783548254953
07-08 23:04:14.953  1888 30044 D PAL: StreamPCM: open: 357: Exit ret 0
07-08 23:04:14.953  1888 30044 D PAL: API: notify_concurrent_stream: 134: Notify concurrent stream type 1, direction 1, active 1
07-08 23:04:14.953  1888 30044 I PAL: OplusPalFb: oplus_feedback_add_info: 852: add stream device = 3
07-08 23:04:14.953  1888 30044 I PAL: OplusPalFb: oplus_feedback_add_info: 874: add info stream 0xb40000725469b380K, type = 1
07-08 23:04:14.953  1888 30044 I PAL: API: pal_stream_open: 365: Exit. Value of stream_handle 0xb40000725469b380K, status 0
07-08 23:04:14.953  1888 30044 D AHAL: AudioStream: GetBufferSize: 3536: type 1
07-08 23:04:14.953  1888 30044 D AHAL: AudioStream: Open: 4079: fragment_size_ 1152 fragments_ 2
07-08 23:04:14.953 31151  3295 D AAudio  : AAudioStream_requestStart(s#2) returned 0 ---------
07-08 23:04:14.953  1888 30044 D PAL: API: pal_stream_set_buffer_size: 1043: Enter. Stream handle :0xb40000725469b380K
07-08 23:04:14.953  1888 30044 D PAL: Stream: setBufInfo: 789: Out Buffer size 1152 and Out Buffer count 2 metaData sz 0
07-08 23:04:14.953  1888 30044 D PAL: API: pal_stream_set_buffer_size: 1053: Exit. status 0
07-08 23:04:14.953  1888 30044 D AHAL: AudioStream: Open: 4114: Exit ret: 0
07-08 23:04:14.953  1888 30044 D AHAL: AudioStream: ~AutoPerfLock: 262: (release) perf_lock_handle: 0x2c23, count: 1
07-08 23:04:14.953  1888 30044 D AHAL: AudioStream: ~AutoPerfLock: 266: Releasing perf_lock_handle: 0x2c23
07-08 23:04:14.953  2212  2793 D AudioBoost: audioSchedBoost, pid=31151, tid=3295, enable=1, ret=0
07-08 23:04:14.954  1888 30044 D AHAL: AudioStream: AutoPerfLock: 252: (Acquired) perf_lock_handle: 0x2c24, count: 1
07-08 23:04:14.954  1888 30044 I PAL: API: pal_stream_start: 446: Enter. Stream handle 0xb40000725469b380K
07-08 23:04:14.954  1888 30044 D PAL: StreamPCM: start: 465: Enter. session handle - 0xb40000725460e600K mStreamAttr->direction - 1 state 1
07-08 23:04:14.954  1888 30044 I PAL: OplusSpeakerProtection: start: 2655: Inside Speaker Protection start, mDeviceStartCount: 0
07-08 23:04:14.954  1888 30044 D PAL: OplusSpeakerTfa98xx: payloadSPConfig: 1268: i[0], dev_idx[0], dsp_imp: 0x5b5c2
07-08 23:04:14.954  1888 30044 D PAL: OplusSpeakerTfa98xx: payloadSPConfig: 1268: i[1], dev_idx[1], dsp_imp: 0x5d1a9
07-08 23:04:14.954  1888 30044 I PAL: OplusSpeakerTfa98xx: payloadMultiCmd: 1172: f0Value: 0x17d000
07-08 23:04:14.954  1888 30044 D PAL: OplusSpeakerTfa98xx: payloadMultiCmd: 1210: mGainVal: 0
07-08 23:04:14.954  1888 30044 I PAL: Device: updateCustomPayload: 473: customPayloadSize = 56
07-08 23:04:14.954  1888 30044 I PAL_PayloadBuilder: findKVs: 2838: key: 0xa3000000 value: 0xa3000009
07-08 23:04:14.954  1888 30044 I PAL: SessionAlsaUtils: setDeviceMediaConfig: 1089: MI2S-LPAIF-TX-SECONDARY rate ch fmt data_fmt 48000 2 10 1
07-08 23:04:14.954  1888 30044 I PAL_ResourceManager: allocateFrontEndIds: 7783: allocateFrontEndIds: front end 121
07-08 23:04:14.954  1888 30044 D agm_server_wrapper: Aif id 26 already added to session list of 121
07-08 23:04:14.954  1888 30044 I AGM: API: agm_session_aif_connect: 625 connecting aifid:26 with session id=121
07-08 23:04:14.954  1888 30044 D audio_route: Apply path: vi-feedback
07-08 23:04:14.954 31151  3163 D AudioStreamLegacy: onAudioDeviceUpdate() devices 2 => 2
07-08 23:04:14.954  1781  3468 W libincident: Failed to fetch OCenter service.
07-08 23:04:14.955  1888 30044 D agm_client_wrapper: agm_session_open called with handle = 308d65e0 , *handle = 0
07-08 23:04:14.955  1888 30044 I AGM: oplus_agm_fb: recordOpenedSessions: 69 i = 1, record open session_id = 121
07-08 23:04:14.956  2689  2757 D HoloAudio::SpecailizerPLService_Aidl: getActiveMetaList +++
07-08 23:04:14.956  2689  2757 D HoloAudio::SpecailizerPLService_Aidl: callClient:clientID:1 exist:1, event:12, isOneWay:0
07-08 23:04:14.956  2689  2757 D HoloAudio::SpecailizerPLService_Aidl: getActiveMetaList ---
07-08 23:04:14.956  5767  9796 I AEC.f   : intelligenceGetProfile: 0
07-08 23:04:14.956  5767  9796 I AEC.DolbyService: setEffectEnable enable: true
07-08 23:04:14.956  5767  9796 I AEC.a   : setDsOn(true)
07-08 23:04:14.957  5767  9796 I AudioEffect: setParameter(): 0xb4000073d2025200, param: 5, param2: -1
07-08 23:04:14.957  2212  4516 D EffectHalHidl: audioSchedBoost, set audiohal task boost, pid=2212, tid=4516, ret=0
07-08 23:04:14.957  2212  4516 D EffectHalHidl: audioSchedBoost, set audiohal task boost, pid=2212, tid=4516, ret=0
07-08 23:04:14.957 31151 31151 D MediaRouter: onRestoreRoute() : route=RouteInfo{ description=null, status=null, category=RouteCategory{ name=System types=ROUTE_TYPE_LIVE_AUDIO ROUTE_TYPE_LIVE_VIDEO  groupable=false }, supportedTypes=ROUTE_TYPE_LIVE_AUDIO ROUTE_TYPE_LIVE_VIDEO , presentationDisplay=null }
07-08 23:04:14.957 31151 31151 V MediaRouter: Selecting route: RouteInfo{ description=null, status=null, category=RouteCategory{ name=System types=ROUTE_TYPE_LIVE_AUDIO ROUTE_TYPE_LIVE_VIDEO  groupable=false }, supportedTypes=ROUTE_TYPE_LIVE_AUDIO ROUTE_TYPE_LIVE_VIDEO , presentationDisplay=null }
07-08 23:04:14.957  5767  9796 I AudioEffect: enable 0xb4000073d2025200
07-08 23:04:14.957  1888 30044 D AGM: graph: graph_open: 595 entry
07-08 23:04:14.957  1888 30044 D AGM: metadata: metadata_print: 79 *************************Metadata*************************
07-08 23:04:14.957  1888 30044 D AGM: metadata: metadata_print: 80 GKV size:1
07-08 23:04:14.957  1888 30044 D AGM: metadata: metadata_print: 83 key:0xa3000000, value:0xa3000009 
07-08 23:04:14.957  1888 30044 D AGM: metadata: metadata_print: 89 CKV count:0
07-08 23:04:14.957  1888 30044 D AGM: metadata: metadata_print: 102 Property ID:134217744
07-08 23:04:14.957  1888 30044 D AGM: metadata: metadata_print: 103 property count:1
07-08 23:04:14.957  1888 30044 D AGM: metadata: metadata_print: 106 Property Values: 
07-08 23:04:14.957  1888 30044 D AGM: metadata: metadata_print: 108 0x2 
07-08 23:04:14.957  1888 30044 D AGM: metadata: metadata_print: 115 ****************Metadata Done***************************
07-08 23:04:14.957  1888 30044 D AGM: graph: graph_open: 746 miid 4617 mid 700100b tag c0000005
07-08 23:04:14.957  1888 30044 I GPR:    : __gpr_cmd_register_v2:931 GPR Register: Source Port is 8209 heap_index: 0
07-08 23:04:14.957  1888 30044 I gsl     : gsl_send_spf_cmd:236 sending pkt opcode 0x1001000 token 0x00b92000
07-08 23:04:14.957  5767  9796 I AEC.DolbyService: setEffectProfile category: 1, profile: 2
07-08 23:04:14.958  5767  9796 D AudioEffect-JAVA: getParameter is not Oplus command!
07-08 23:04:14.958  5767  9796 I AudioEffect: getParameter: param: 167772165, param2: -1
07-08 23:04:14.958  2212  4516 D EffectHalHidl: audioSchedBoost, set audiohal task boost, pid=2212, tid=4516, ret=0
07-08 23:04:14.959  5669  5669 D SysBroadcastReceiver: android.media.ACTION_AUDIO_PLAYBACK_STATE_CHANGED
07-08 23:04:14.959  5669  5669 D SysBroadcastReceiver: EventId=1010003	ID_AUDIO_PLAYBACK_STATE_CHANGED	TimeStamp =1783548254959	Intent =Intent { act=android.media.ACTION_AUDIO_PLAYBACK_STATE_CHANGED flg=0x4000010 xflg=0x4 (has extras) }	Content =null	Pid =0	PkgName =null
07-08 23:04:14.959   544  3103 D audioadsprpcd: vendor/qcom/proprietary/adsprpc/src/apps_std_imp.c:381: apps_std_fopen_fd done for /odm/lib/rfsa/adsp/adsp/./libtfadsp_sb4_0_tx.so with       fopen:26us, read:0us, rpc_alloc:0us,       mmap:0us fd 0x0 error_code 0x2
07-08 23:04:14.960  4972  4972 I COUIVerticalSeekBar: COUIVerticalSeekBar ensureSize : mIsProgressFull:true,mBackgroundRadius:92.0,mBackgroundWidth:184.0,mBackgroundEnlargeScale0.16,mProgressRadius:92.0,mProgressWidth:184.0,mProgressEnlargeScale0.16,mPaddingVertical92.0
07-08 23:04:14.960  4972  4972 I COUIVerticalSeekBar: updateBehavior * normalSeekBarHeight = -184.0,mPaddingVertical = 92.0,mIsPhysicsEnable = true,mPhysicalAnimator = null,mFlingBehavior = null,Thread_name = main,hashCode = 62743039,time = 1783548254960
07-08 23:04:14.960   544  3103 D audioadsprpcd: vendor/qcom/proprietary/adsprpc/src/apps_std_imp.c:381: apps_std_fopen_fd done for /odm/lib/rfsa/adsp/./libtfadsp_sb4_0_tx.so with       fopen:13us, read:10us, rpc_alloc:55us,       mmap:421us fd 0xc error_code 0x0
07-08 23:04:14.960   544  3103 I audioadsprpcd: vendor/qcom/proprietary/adsprpc/src/apps_std_imp.c:1159: Successfully opened file /odm/lib/rfsa/adsp/./libtfadsp_sb4_0_tx.so
07-08 23:04:14.960  5481  5838 I AMC     : [TriggerForeground] update audio app to:rd.sheepskin.sandboxmusic, but not found in any appSet
07-08 23:04:14.960  4972  4972 I SystemUi--Volume: VolumeListAdapter-->addItem: 31151 index: 2Sandbox Musictrue
07-08 23:04:14.960  4972  4972 I SystemUi--Volume: MultiMediaRepository-->addMultiMediaRow addView end stream: 31151,row.mediaPackageName: rd.sheepskin.sandboxmusic multiMediaIndex:2
07-08 23:04:14.961  2212  4538 D audioserver: OplusMMListWrapper checkInListByUid end module:allow-get-parameters uid:10208 return true
07-08 23:04:14.961  2212  4538 D audioserver: OplusMMListWrapper checkInListByUid end module:allow-get-parameters uid:10208 return true
07-08 23:04:14.961  1888  6993 D DlbDapEffectContext: DapEffectContext[0xb4000072546223d8] getDapParameter() outval size = 12, ret = 0
07-08 23:04:14.962  2212  4516 D EffectHalHidl: audioSchedBoost, set audiohal task boost, pid=2212, tid=4516, ret=0
07-08 23:04:14.962  5767  9796 I AEC.a   : getProfile() return: 2
07-08 23:04:14.962  2029  2110 V DolbyManagerService: doOnDapParamUpdate() entry
07-08 23:04:14.962  5767  9796 D AudioEffect-JAVA: getParameter is not Oplus command!
07-08 23:04:14.962  5767  9796 I AudioEffect: getParameter: param: 167772165, param2: -1
07-08 23:04:14.962  2212  4516 D EffectHalHidl: audioSchedBoost, set audiohal task boost, pid=2212, tid=4516, ret=0
07-08 23:04:14.962  1888  1922 D DmsHalA : DmsHalAidlCallBacks 0xb40000725462c900 onEvent() id = 43445544
07-08 23:04:14.962  2029  2110 V DolbyManagerService: doOnDapParamUpdate() exit
07-08 23:04:14.962  1888  1922 D DlbEffectContext: onDapParamUpdate() mEffectContext = 0xb4000072546223d8, try to call its updateEffectParams()
07-08 23:04:14.962  1888  1922 D DlbDapEffectContext: DapEffectContext 0xb4000072546223d8 grab the lock and call updateDapParams()
07-08 23:04:14.962 31151  3354 V Capacitor/Plugin: To native (Capacitor plugin): callbackId: 23866509, pluginId: NativeExoPlayback, methodName: setWiredDacStabilityEnabled
07-08 23:04:14.962 31151 31151 I Capacitor/Console: File:  - Line 333 - Msg: undefined
07-08 23:04:14.962 31151  3354 V Capacitor: callback: 23866509, pluginId: NativeExoPlayback, methodName: setWiredDacStabilityEnabled, methodData: {"enabled":true}
07-08 23:04:14.962 31151 31151 I Capacitor/Console: File:  - Line 349 - Msg: [object Object]
07-08 23:04:14.963  1888  6993 D DlbDapEffectContext: DapEffectContext[0xb4000072546223d8] getDapParameter() outval size = 12, ret = 0
07-08 23:04:14.963  2212  4516 D EffectHalHidl: audioSchedBoost, set audiohal task boost, pid=2212, tid=4516, ret=0
07-08 23:04:14.963  5767  9796 I AEC.a   : getProfile() return: 2
07-08 23:04:14.963  5767  9796 I AEC.a   : setGeqBandGains([0, 0, 0, 0, 0, 0, 0, 0, 0, 0, 0, 0, 0, 0, 0, 0, 0, 0, 0, 0])
07-08 23:04:14.963  5767  9796 I AEC.a   : setDapParameter(110, [0, 0, 0, 0, 0, 0, 0, 0, 0, 0, 0, 0, 0, 0, 0, 0, 0, 0, 0, 0])
07-08 23:04:14.963  5767  9796 D AudioEffect-JAVA: getParameter is not Oplus command!
07-08 23:04:14.963  5767  9796 I AudioEffect: getParameter: param: 167772165, param2: -1
07-08 23:04:14.963  2212  4516 D EffectHalHidl: audioSchedBoost, set audiohal task boost, pid=2212, tid=4516, ret=0
07-08 23:04:14.963  1888 30044 I gsl     : gsl_send_spf_cmd:282 rcvd pkt token : 0xb92000
07-08 23:04:14.963  2212  2793 D AudioBoost: startBoostForWake mId 287, p 31151, t 3459, wp 31151, wt 3459.
07-08 23:04:14.963  1888 30044 I gsl     : gsl_send_spf_cmd:236 sending pkt opcode 0x1001006 token 0x00b93000
07-08 23:04:14.963  2212  2793 D AudioBoost: audioSchedBoost, pid=31151, tid=3459, enable=1, ret=0
07-08 23:04:14.963 31151 31151 I Capacitor/Console: File:  - Line 333 - Msg: undefined
07-08 23:04:14.963  1888  6993 D DlbDapEffectContext: DapEffectContext[0xb4000072546223d8] getDapParameter() outval size = 12, ret = 0
07-08 23:04:14.963  2212  4516 D EffectHalHidl: audioSchedBoost, set audiohal task boost, pid=2212, tid=4516, ret=0
07-08 23:04:14.963  5767  9796 I AEC.a   : getProfile() return: 2
07-08 23:04:14.963  5767  9796 I AEC.a   : setDapParameter(2, 110, [0, 0, 0, 0, 0, 0, 0, 0, 0, 0, 0, 0, 0, 0, 0, 0, 0, 0, 0, 0])
07-08 23:04:14.963  5767  9796 D AudioEffect-JAVA: getParameter is not Oplus command!
07-08 23:04:14.963  5767  9796 I AudioEffect: getParameter: param: 218103813, param2: -1
07-08 23:04:14.963  2212  4516 D EffectHalHidl: audioSchedBoost, set audiohal task boost, pid=2212, tid=4516, ret=0
07-08 23:04:14.964  2035  2035 E PerformanceService: [WAKER_IDENTIFY] pid message 3459;0;1 is writen to proc
07-08 23:04:14.964  1888  6993 D DlbDapEffectContext: DapEffectContext[0xb4000072546223d8] getDapParameter() outval size = 12, ret = 0
07-08 23:04:14.964  2212  4516 D EffectHalHidl: audioSchedBoost, set audiohal task boost, pid=2212, tid=4516, ret=0
07-08 23:04:14.964  1888 30044 I gsl     : gsl_send_spf_cmd:282 rcvd pkt token : 0xb93000
07-08 23:04:14.964  1888 30044 E ACDB    : AcdbCmdGetProcSubgraphCalDataPersist:8250 Error[19]: No calibration found
07-08 23:04:14.964  1888 30044 D AGM: graph: graph_open: 790 graph_handle 0x147534c
07-08 23:04:14.964  1888 30044 D AGM: graph: graph_open: 830 exit, ret 0
07-08 23:04:14.964  1888 30044 D agm_client_wrapper: agm_session_open Received handle = 0x72308d65e0 , *handle = b400007256178100
07-08 23:04:14.964  2212  2793 D AudioBoost: audioWakeTracing setWakeSeedThread end, pid 31151, tid 3459, inUid 0, id 287, isWakee 1, -> handle = 323.
07-08 23:04:14.964  1888 30044 D PLUGIN: pcm: agm_pcm_hw_params: 505 agm_pcm_hw_params: mode: 268435456
07-08 23:04:14.964  1888 30044 D AGM: graph: graph_prepare: 906 entry graph_handle 0x147534c
07-08 23:04:14.964  5767  9796 I AEC.a   : isMonoSpeaker() return: false
07-08 23:04:14.964  1888 30044 D AGM: graph_module: configure_hw_ep_media_config: 705 entry mod tag c0000005 miid 4617 mid 700100b
07-08 23:04:14.964  1888 30044 D AGM: graph_module: configure_hw_ep_media_config: 735 rate 48000 bw 32 ch 2, data_fmt 1
07-08 23:04:14.964  5767  9796 I AudioEffect: setParameter(): 0xb4000073d2025200, param: 5, param2: -1
07-08 23:04:14.964  1888 30044 I gsl     : gsl_send_spf_cmd:236 sending pkt opcode 0x1001006 token 0x00b94000
07-08 23:04:14.964  2212  4516 D EffectHalHidl: audioSchedBoost, set audiohal task boost, pid=2212, tid=4516, ret=0
07-08 23:04:14.964  1888  1922 D DlbEffectContext: EffectContext[0xb4000072546223d8]: getStoredParams() outToken size = 1, out_paramStore size = 7
07-08 23:04:14.964  2212  4516 D EffectHalHidl: audioSchedBoost, set audiohal task boost, pid=2212, tid=4516, ret=0
07-08 23:04:14.964  5767  9796 D AudioEffect-JAVA: getParameter is not Oplus command!
07-08 23:04:14.964 31151 31151 I Capacitor/Console: File:  - Line 333 - Msg: undefined
07-08 23:04:14.964  5767  9796 I AudioEffect: getParameter: param: 167772165, param2: -1
07-08 23:04:14.965  2212  4516 D EffectHalHidl: audioSchedBoost, set audiohal task boost, pid=2212, tid=4516, ret=0
07-08 23:04:14.965  2029  2110 V DolbyManagerService: doOnDapParamUpdate() entry
07-08 23:04:14.965  1888 30044 I gsl     : gsl_send_spf_cmd:282 rcvd pkt token : 0xb94000
07-08 23:04:14.965  1888 30044 D AGM: graph_module: configure_hw_ep_media_config: 745 exit, ret 0
07-08 23:04:14.965  1888 30044 I gsl     : gsl_send_spf_cmd:236 sending pkt opcode 0x1001006 token 0x00b95000
07-08 23:04:14.965 31151  3354 V Capacitor/Plugin: To native (Capacitor plugin): callbackId: 23866510, pluginId: NativeExoPlayback, methodName: prepare
07-08 23:04:14.965 31151 31151 I Capacitor/Console: File:  - Line 333 - Msg: {"available":true,"wired":true,"message":"ExoPlayer decode active â€” content:// locker bridge + HTTP streams.","state":"idle","positionSecs":0,"durationSecs":0,"queueIndex":0,"queueLength":0,"gaplessEnabled":false,"crossfadeEnabled":false,"bitPerfectActive":false}
07-08 23:04:14.965  1888  6993 D DlbDapEffectContext: DapEffectContext[0xb4000072546223d8] getDapParameter() outval size = 12, ret = 0
07-08 23:04:14.965 31151  3354 V Capacitor: callback: 23866510, pluginId: NativeExoPlayback, methodName: prepare, methodData: {}
07-08 23:04:14.965  2029  2110 V DolbyManagerService: doOnDapParamUpdate() exit
07-08 23:04:14.965  2212  4516 D EffectHalHidl: audioSchedBoost, set audiohal task boost, pid=2212, tid=4516, ret=0
07-08 23:04:14.965 31151 31151 I Capacitor/Console: File:  - Line 349 - Msg: [object Object]
07-08 23:04:14.965  5767  9796 I AEC.a   : getProfile() return: 2
07-08 23:04:14.965  1888  1922 I DlbDapEffectContext: updateEffectParams() store iea value for device(0x2)
07-08 23:04:14.965  5767  9796 D AudioEffect-JAVA: getParameter is not Oplus command!
07-08 23:04:14.965  5767  9796 I AudioEffect: getParameter: param: 23593477, param2: -1
07-08 23:04:14.965  2212  4516 D EffectHalHidl: audioSchedBoost, set audiohal task boost, pid=2212, tid=4516, ret=0
07-08 23:04:14.965  1888  1922 D DlbDapEffectContext: DapEffectContext[0xb4000072546223d8] getDapParameter() outval size = 12, ret = 0
07-08 23:04:14.965  1888  1922 D DlbDapEndpointParamCache: commit() Applying parameters for device 0x40000000
07-08 23:04:14.965  1888  1922 D DlbDapEndpointParamCache: doCommit() Committed 0 parameters out of 15.
07-08 23:04:14.965  1888  1922 D DlbDapEndpointParamCache: commit() Overriding parameters for current device 0x00000002
07-08 23:04:14.965  1888  1922 D DlbDapEndpointParamCache: doCommit() Committed 0 parameters out of 65.
07-08 23:04:14.965 31151 31151 I Capacitor/Console: File:  - Line 349 - Msg: [object Object]
07-08 23:04:14.966  1888 30044 I gsl     : gsl_send_spf_cmd:282 rcvd pkt token : 0xb95000
07-08 23:04:14.966  1888 30044 D AGM: graph_module: configure_i2s_ep: 426 exit, ret 0
07-08 23:04:14.966  1888 30044 I gsl     : gsl_send_spf_cmd:236 sending pkt opcode 0x1001001 token 0x00b96000
07-08 23:04:14.966  1888  6993 D DlbDapEffectContext: DapEffectContext[0xb4000072546223d8] getDapParameter() outval size = 12, ret = 0
07-08 23:04:14.966  2212  4516 D EffectHalHidl: audioSchedBoost, set audiohal task boost, pid=2212, tid=4516, ret=0
07-08 23:04:14.966  1888  1922 D DlbEffectContext: onDapParamUpdate() mEffectContext = 0xb4000072546223d8, back from updateEffectParams()
07-08 23:04:14.966 31151  3354 V Capacitor/Plugin: To native (Capacitor plugin): callbackId: 23866511, pluginId: NativeExoPlayback, methodName: setGaplessEnabled
07-08 23:04:14.966  1888  1922 D DmsHalA : DmsHalAidlCallBacks 0xb40000725462c900 onEvent() id = 43445544
07-08 23:04:14.966  1888  1922 D DlbEffectContext: onDapParamUpdate() mEffectContext = 0xb4000072546223d8, try to call its updateEffectParams()
07-08 23:04:14.966  1888  1922 D DlbDapEffectContext: DapEffectContext 0xb4000072546223d8 grab the lock and call updateDapParams()
07-08 23:04:14.966 31151  3354 V Capacitor: callback: 23866511, pluginId: NativeExoPlayback, methodName: setGaplessEnabled, methodData: {"enabled":false}
07-08 23:04:14.967  1888 30044 I gsl     : gsl_send_spf_cmd:282 rcvd pkt token : 0xb96000
07-08 23:04:14.967  1888 30044 D AGM: graph: graph_prepare: 984 exit, ret 0
07-08 23:04:14.967  1888 30044 D AGM: graph: graph_start: 1007 entry graph_handle 0x147534c
07-08 23:04:14.967  1888 30044 I gsl     : gsl_send_spf_cmd:236 sending pkt opcode 0x1001002 token 0x00b97000
07-08 23:04:14.968  2212  3463 D AudioBoost: tryRtBoost, try boost audio rt, pid 31151, tid 3459, ret 0
07-08 23:04:14.963  2212  2212 W AudioRtBoostThr: type=1400 audit(0.0:14566): avc:  denied  { getsched } for  scontext=u:r:audioserver:s0 tcontext=u:r:untrusted_app:s0:c191,c257,c512,c768 tclass=process permissive=0
07-08 23:04:14.968  1888  1922 D DlbEffectContext: EffectContext[0xb4000072546223d8]: getStoredParams() outToken size = 1, out_paramStore size = 7
07-08 23:04:14.969  1888  1922 I DlbDapEffectContext: updateEffectParams() store iea value for device(0x2)
07-08 23:04:14.969  1888  1922 D DlbDapEffectContext: DapEffectContext[0xb4000072546223d8] getDapParameter() outval size = 12, ret = 0
07-08 23:04:14.969  1888 30044 I gsl     : gsl_send_spf_cmd:282 rcvd pkt token : 0xb97000
07-08 23:04:14.969  1888 30044 D AGM: graph: graph_start: 1020 exit, ret 0
07-08 23:04:14.969  1888 30044 I PAL: OplusSpeakerProtection: spkrProtProcessingMode: 2473: pcm start success for TX
07-08 23:04:14.969  1888 30044 D PAL: Device: start_l: 629: Enter. deviceCount 1 deviceStartStopCount 0 for device id 3 (PAL_DEVICE_OUT_SPEAKER)
07-08 23:04:14.969  1888 30044 I PAL: SessionAlsaUtils: setDeviceMediaConfig: 1089: MI2S-LPAIF-RX-SECONDARY rate ch fmt data_fmt 48000 2 6 1
07-08 23:04:14.969  1888 30044 D PAL: Device: start_l: 676: Exit, status 0
07-08 23:04:14.969  1888 30044 D PAL: SessionAlsaPcm: prepare: 117: Enter
07-08 23:04:14.969  1888 30044 D PAL: SessionAlsaPcm: prepare: 157: Exit, status 0
07-08 23:04:14.969  1888 30044 D PAL: SessionAlsaPcm: start: 988: Enter
07-08 23:04:14.969  1888  3618 D PAL: OplusSpeakerProtection: spMonitorThread: 1808: speaker device is enabled
07-08 23:04:14.969  1888 30044 I PAL_ResourceManager: voteSleepMonitor: 2400: Voting done for nlpi use case, lpi votes 0, nlpi votes : 1
07-08 23:04:14.969  1888 30044 D PAL: Stream: getBufInfo: 907: In Buffer size 960, In Buffer count 4
07-08 23:04:14.969  1888 30044 D PAL: Stream: getBufInfo: 911: Out Buffer size 1152 and Out Buffer count 2
07-08 23:04:14.969  1888  1922 D DlbDapEndpointParamCache: commit() Applying parameters for device 0x40000000
07-08 23:04:14.969  1888  1922 D DlbDapEndpointParamCache: doCommit() Committed 0 parameters out of 15.
07-08 23:04:14.969  1888  1922 D DlbDapEndpointParamCache: commit() Overriding parameters for current device 0x00000002
07-08 23:04:14.969  1888  1922 D DlbDapEndpointParamCache: doCommit() Committed 0 parameters out of 65.
07-08 23:04:14.969  1888 30044 D agm_client_wrapper: agm_session_open called with handle = 308d6790 , *handle = 0
07-08 23:04:14.969  1888 30044 I AGM: oplus_agm_fb: recordOpenedSessions: 69 i = 2, record open session_id = 126
