06-17 14:38:38.065  1858 21547 I WifiHAL : event received NL80211_CMD_VENDOR, vendor_id = 0x1374, subcmd = 0xd
06-17 14:38:38.102  1851 17883 I sensors-hal: handle_oplus_wise_rgb_event:160, wise_rgb:(1421)(cct,lux,ir)[5300.00, 20.65, 0.000000](rgbc)[748.39, 566.97, 361.57, 1477.97](pwm,hbm,brl,algo)[0.0 0.0 36.0 2.0],flag 0
06-17 14:38:38.200  9623  9623 I Capacitor/Console: File:  - Line 349 - Msg: [object Object]
06-17 14:38:38.201  9623 12253 V Capacitor/Plugin: To native (Capacitor plugin): callbackId: 76176015, pluginId: NativeExoPlayback, methodName: getStatus
06-17 14:38:38.201  9623 12253 V Capacitor: callback: 76176015, pluginId: NativeExoPlayback, methodName: getStatus, methodData: {}
06-17 14:38:38.208  9623  9623 I Capacitor/Console: File:  - Line 333 - Msg: {"available":true,"wired":true,"message":"ExoPlayer gapless queue  content:// locker bridge + HTTP streams.","state":"idle","positionSecs":0,"durationSecs":0,"queueIndex":0,"queueLength":0,"gaplessEnabled":true,"crossfadeEnabled":false,"bitPerfectActive":false}
06-17 14:38:38.255  1851 17912 I sensors-hal: handle_sns_std_sensor_event:104, oplus rgb_rear sample: (cct, lux, ir, x, y)[10741, 0, 300000, 388, 88]
06-17 14:38:38.255  1851 17912 I sensors-hal: handle_sns_std_sensor_event:106, oplus rgb_rear sample: (r, g, b, c w)[3, 1, 3, 1, 3]
06-17 14:38:38.302  3480  4315 I CwbClient: setCWBDisplayType set mFeatureID = CWB_RGB_VALUE
06-17 14:38:38.310  1927  2069 I [UAH_CLIENT]: UahPlatformResAcquire
06-17 14:38:38.310  1927  2069 I [UAH_CLIENT]: UahEventAcquire, cmdid:-3, pkg:2138 9272, identity:qcom-perfd
06-17 14:38:38.312  1927  2059 E ANDR-PERF-RESOURCEQS: ANDR-PERF-RESOURCEQS: AddAndApply() 125: Resource with major=16, minor=0 not supported
06-17 14:38:38.323  2138  2762 E HwcComposer: getLuts failed Status(-129, EX_TRANSACTION_FAILED): 'UNKNOWN_TRANSACTION: '
06-17 14:38:38.331  1927 12820 I [UAH_CLIENT]: UahRelease, handle:419797
06-17 14:38:38.391  1871  2342 I SDM     : DisplayBase::CommitThread: Received idle timeout, panel: cmd, timeout: 70000 us
06-17 14:38:38.497  5717  5717 D VendorWifiService: onEvent event:9,action:1
06-17 14:38:38.502  3480  4315 D FusionLightNextGen: raw_lux -1.0, raw_cct -1.0, r/g/b/c: 748.4/567.0/361.6/1493.1, R/G/B: 28.0/27.0/24.0, bri 36.0, lux: 18.808617, cct: 5300.0, ir: 0.062846, conf: 2, cnt: 0
06-17 14:38:38.504  3480  4584 D ScorerUtils: isLowTraffic: txTputKBps=0, rxTputKBps=1
06-17 14:38:38.505  3480  4584 D OplusWifiPower_TriggerCenter: mComponentCallback: wifistat
06-17 14:38:38.601  9623 12253 V Capacitor/Plugin: To native (Capacitor plugin): callbackId: 76176016, pluginId: NativeExoPlayback, methodName: getStatus
06-17 14:38:38.602  9623 12253 V Capacitor: callback: 76176016, pluginId: NativeExoPlayback, methodName: getStatus, methodData: {}
06-17 14:38:38.604  9623  9623 I Capacitor/Console: File:  - Line 349 - Msg: [object Object]
06-17 14:38:38.611  9623  9623 I Capacitor/Console: File:  - Line 333 - Msg: {"available":true,"wired":true,"message":"ExoPlayer gapless queue  content:// locker bridge + HTTP streams.","state":"idle","positionSecs":0,"durationSecs":0,"queueIndex":0,"queueLength":0,"gaplessEnabled":true,"crossfadeEnabled":false,"bitPerfectActive":false}
06-17 14:38:38.619  1851  4415 I sensors-hal: qsh_conn_event_cb:762, event[0] msg_id=1025, ts=18283113709650, sensor_type = pedometer_minute  Wakeup
06-17 14:38:38.621  1851  4415 E sensors-hal: handle_sns_client_event:95, pedometer_minute: report_ts=15867,counter=50489.000000 move_status =[SNS_CMC_STATIONARY] time_gap = 0 run_counter=32518.000000 walk_counter=13700.000000
06-17 14:38:38.632  4647  4647 I StepApp_StepDataPreHandler: (main)onSensorChanged raw data: step=50489.0 state=3.0 minuteDelta=0.0 timestamp=952240297614673 steprun=32518.0 stepwalk=13700.0 formatted data: step=50489 state=3 timestamp=952240297614673 time=1781681918613 steprun=32518 stepwalk=13700
06-17 14:38:38.633  4647 24096 I StepApp_StepDataSaver: (O_dfd_815)getNewFixedOffsetStep type is STEP
06-17 14:38:38.633  4647 24096 I StepApp_StepDataSaver: (O_dfd_815)isRebootCountStep:false	 lastRealTimeStamp = 1781681820000	 bootTimestamp = 1780729678315	 mLastModifiedMinuteTime = 2026-06-17-14-37
06-17 14:38:38.634  4647 24096 I StepApp_StepDataSaver: (O_dfd_815)calOffSet:sensorStep = 50489	 lastModifiedStep = 50489	 offSet = 0
06-17 14:38:38.634  4647 24096 I StepApp_StepDataSaver: (O_dfd_815)getNewFixedOffsetStep type is RUN
06-17 14:38:38.634  4647 24096 I StepApp_StepDataSaver: (O_dfd_815)isRebootCountStep:false	 lastRealTimeStamp = 1781681820000	 bootTimestamp = 1780729678315	 mLastModifiedMinuteTime = 2026-06-17-14-37
06-17 14:38:38.634  4647 24096 I StepApp_StepDataSaver: (O_dfd_815)calOffSet:sensorStep = 32518	 lastModifiedStep = 32518	 offSet = 0
06-17 14:38:38.634  4647 24096 I StepApp_StepDataSaver: (O_dfd_815)getNewFixedOffsetStep type is WALK
06-17 14:38:38.634  4647 24096 I StepApp_StepDataSaver: (O_dfd_815)isRebootCountStep:false	 lastRealTimeStamp = 1781681820000	 bootTimestamp = 1780729678315	 mLastModifiedMinuteTime = 2026-06-17-14-37
06-17 14:38:38.634  4647 24096 I StepApp_StepDataSaver: (O_dfd_815)calOffSet:sensorStep = 13700	 lastModifiedStep = 13700	 offSet = 0
06-17 14:38:38.702  1851 17756 I sensors-hal: handle_oplus_wise_rgb_event:189, high_pwm_light:lux 21.4,cct 5300.0,brl/algo/ir 36.0/2.0/0.0,pwm/dc 0.0/0.0,rgbc 748.390686/566.966492/361.568909/1493.055054,ts 952240380590559,cnt 1424,flag 0
06-17 14:38:38.746  1960  1986 D BatteryChargeControl: bcc get no support from charging protocol
06-17 14:38:38.781  5717  7539 D CommonApp-227-10445: transport layer data is invalid
06-17 14:38:38.793  1960  6585 D charge_time: type=sdp,reserve_soc=3,soc=79,ui_soc=82,current=140,avg=140,not_chg_cnt=0,stable_cnt=7,fcc=4226,fcc_ratio=82,delta=311,debug=0,region=12,ttf=8869(02:27:49),ui_ttf=6978(01:56:18)
06-17 14:38:38.845  3480  4186 E OsenseCommonUtils: write /dev/memcg/memory.force_shrink_file failed
06-17 14:38:38.845  3480  4186 E OsenseCommonUtils: java.io.IOException: write failed: EBUSY (Device or resource busy)
06-17 14:38:38.845  3480  4186 E OsenseCommonUtils: 	at libcore.io.IoBridge.write(IoBridge.java:651)
06-17 14:38:38.845  3480  4186 E OsenseCommonUtils: 	at java.io.FileOutputStream.write(FileOutputStream.java:436)
06-17 14:38:38.845  3480  4186 E OsenseCommonUtils: 	at sun.nio.cs.StreamEncoder.writeBytes(StreamEncoder.java:233)
06-17 14:38:38.845  3480  4186 E OsenseCommonUtils: 	at sun.nio.cs.StreamEncoder.implFlushBuffer(StreamEncoder.java:309)
06-17 14:38:38.845  3480  4186 E OsenseCommonUtils: 	at sun.nio.cs.StreamEncoder.implFlush(StreamEncoder.java:313)
06-17 14:38:38.845  3480  4186 E OsenseCommonUtils: 	at sun.nio.cs.StreamEncoder.flush(StreamEncoder.java:153)
06-17 14:38:38.845  3480  4186 E OsenseCommonUtils: 	at java.io.OutputStreamWriter.flush(OutputStreamWriter.java:248)
06-17 14:38:38.845  3480  4186 E OsenseCommonUtils: 	at com.android.server.oplus.osense.utils.OsenseCommonUtils.writeFile(OsenseCommonUtils.java:163)
06-17 14:38:38.845  3480  4186 E OsenseCommonUtils: 	at com.android.server.am.OplusOsenseCompressAction.doGlobalShrink(OplusOsenseCompressAction.java:1805)
06-17 14:38:38.845  3480  4186 E OsenseCommonUtils: 	at com.android.server.am.OplusOsenseCompressAction.-$$Nest$mdoGlobalShrink(Unknown Source:0)
06-17 14:38:38.845  3480  4186 E OsenseCommonUtils: 	at com.android.server.am.OplusOsenseCompressAction$CompressHandler.handleMessage(OplusOsenseCompressAction.java:1270)
06-17 14:38:38.845  3480  4186 E OsenseCommonUtils: 	at android.os.Handler.dispatchMessage(Handler.java:116)
06-17 14:38:38.845  3480  4186 E OsenseCommonUtils: 	at android.os.Looper.loopOnce(Looper.java:306)
06-17 14:38:38.845  3480  4186 E OsenseCommonUtils: 	at android.os.Looper.loop(Looper.java:416)
06-17 14:38:38.845  3480  4186 E OsenseCommonUtils: 	at android.os.HandlerThread.run(HandlerThread.java:85)
06-17 14:38:38.845  3480  4186 E OsenseCommonUtils: Caused by: android.system.ErrnoException: write failed: EBUSY (Device or resource busy)
06-17 14:38:38.845  3480  4186 E OsenseCommonUtils: 	at libcore.io.Linux.writeBytes(Native Method)
06-17 14:38:38.845  3480  4186 E OsenseCommonUtils: 	at libcore.io.Linux.write(Linux.java:338)
06-17 14:38:38.845  3480  4186 E OsenseCommonUtils: 	at libcore.io.ForwardingOs.write(ForwardingOs.java:954)
06-17 14:38:38.845  3480  4186 E OsenseCommonUtils: 	at libcore.io.BlockGuardOs.write(BlockGuardOs.java:448)
06-17 14:38:38.845  3480  4186 E OsenseCommonUtils: 	at libcore.io.IoBridge.write(IoBridge.java:646)
06-17 14:38:38.845  3480  4186 E OsenseCommonUtils: 	... 14 more
06-17 14:38:39.000  9623  9623 I Capacitor/Console: File:  - Line 349 - Msg: [object Object]
06-17 14:38:39.000  9623 12253 V Capacitor/Plugin: To native (Capacitor plugin): callbackId: 76176017, pluginId: NativeExoPlayback, methodName: getStatus
06-17 14:38:39.000  9623 12253 V Capacitor: callback: 76176017, pluginId: NativeExoPlayback, methodName: getStatus, methodData: {}
06-17 14:38:39.008  9623  9623 I Capacitor/Console: File:  - Line 333 - Msg: {"available":true,"wired":true,"message":"ExoPlayer gapless queue  content:// locker bridge + HTTP streams.","state":"idle","positionSecs":0,"durationSecs":0,"queueIndex":0,"queueLength":0,"gaplessEnabled":true,"crossfadeEnabled":false,"bitPerfectActive":false}
06-17 14:38:39.102  1851 17883 I sensors-hal: handle_oplus_wise_rgb_event:160, wise_rgb:(1426)(cct,lux,ir)[5300.00, 20.46, 0.000000](rgbc)[748.39, 566.97, 346.50, 1477.97](pwm,hbm,brl,algo)[0.0 0.0 36.0 2.0],flag 0
06-17 14:38:39.401  9623  9623 I Capacitor/Console: File:  - Line 349 - Msg: [object Object]
06-17 14:38:39.401  9623 12253 V Capacitor/Plugin: To native (Capacitor plugin): callbackId: 76176018, pluginId: NativeExoPlayback, methodName: getStatus
06-17 14:38:39.401  9623 12253 V Capacitor: callback: 76176018, pluginId: NativeExoPlayback, methodName: getStatus, methodData: {}
06-17 14:38:39.409  9623  9623 I Capacitor/Console: File:  - Line 333 - Msg: {"available":true,"wired":true,"message":"ExoPlayer gapless queue  content:// locker bridge + HTTP streams.","state":"idle","positionSecs":0,"durationSecs":0,"queueIndex":0,"queueLength":0,"gaplessEnabled":true,"crossfadeEnabled":false,"bitPerfectActive":false}
06-17 14:38:39.657 10816 11190 I 10816UMSHealthDataProvider_Travel: sportObserver onChange
06-17 14:38:39.747  1960  1986 D BatteryChargeControl: bcc get no support from charging protocol
06-17 14:38:39.795  1960  6585 D charge_time: type=sdp,reserve_soc=3,soc=79,ui_soc=82,current=151,avg=142,not_chg_cnt=0,stable_cnt=7,fcc=4226,fcc_ratio=82,delta=312,debug=0,region=12,ttf=8739(02:25:39),ui_ttf=6977(01:56:17)
06-17 14:38:39.801  1960  1985 D vendor.oplus.hardware.charger-V10-service: ret_value:124, read content:,326,325,4178,4176,-151,79,82,1,1,0,453,4992,82,1,4430,300,500,0,0,9500,0,0,1,0,2,0,0,0,1,5522,95,0,3314,4226,0,0,0,0,0,105
06-17 14:38:39.801  9623 12253 V Capacitor/Plugin: To native (Capacitor plugin): callbackId: 76176019, pluginId: NativeExoPlayback, methodName: getStatus
06-17 14:38:39.801  1960  1985 D vendor.oplus.hardware.charger-V10-service: gmtime: 2026-06-17-14-38-39
06-17 14:38:39.802  9623 12253 V Capacitor: callback: 76176019, pluginId: NativeExoPlayback, methodName: getStatus, methodData: {}
06-17 14:38:39.802  9623  9623 I Capacitor/Console: File:  - Line 349 - Msg: [object Object]
06-17 14:38:39.802  1960  1985 D vendor.oplus.hardware.charger-V10-service: usb_online:1, ac_online:-2147483648, wireless_online:0
06-17 14:38:39.804  5717  7539 D CommonApp-227-10445: transport layer data is invalid
06-17 14:38:39.807  9623  9623 I Capacitor/Console: File:  - Line 333 - Msg: {"available":true,"wired":true,"message":"ExoPlayer gapless queue  content:// locker bridge + HTTP streams.","state":"idle","positionSecs":0,"durationSecs":0,"queueIndex":0,"queueLength":0,"gaplessEnabled":true,"crossfadeEnabled":false,"bitPerfectActive":false}
06-17 14:38:39.965 12707 12719 W atistics.rom:cc: userfaultfd: MOVE ioctl seems unsupported: Connection timed out
06-17 14:38:40.065  1858 21547 I WifiHAL : event received NL80211_CMD_VENDOR, vendor_id = 0x1374, subcmd = 0xd
06-17 14:38:40.066  3084  3084 I cnss-daemon: nl80211 response handler invoked
06-17 14:38:40.066  3084  3084 I cnss-daemon: nl80211_response_handler: cmd 103, vendorID 4980, subcmd 13  received
06-17 14:38:40.102  1851 17883 I sensors-hal: handle_oplus_wise_rgb_event:160, wise_rgb:(1431)(cct,lux,ir)[5300.00, 21.90, 0.000000](rgbc)[748.39, 566.97, 346.50, 1508.14](pwm,hbm,brl,algo)[0.0 0.0 36.0 2.0],flag 0
06-17 14:38:40.201  9623 12253 V Capacitor/Plugin: To native (Capacitor plugin): callbackId: 76176020, pluginId: NativeExoPlayback, methodName: getStatus
06-17 14:38:40.201  9623 12253 V Capacitor: callback: 76176020, pluginId: NativeExoPlayback, methodName: getStatus, methodData: {}
06-17 14:38:40.201  9623  9623 I Capacitor/Console: File:  - Line 349 - Msg: [object Object]
06-17 14:38:40.209  9623  9623 I Capacitor/Console: File:  - Line 333 - Msg: {"available":true,"wired":true,"message":"ExoPlayer gapless queue  content:// locker bridge + HTTP streams.","state":"idle","positionSecs":0,"durationSecs":0,"queueIndex":0,"queueLength":0,"gaplessEnabled":true,"crossfadeEnabled":false,"bitPerfectActive":false}
06-17 14:38:40.236 28671 28904 W OPLUS_LOG_LOAD: ==LOGS PROG INFO, prog(com.oplus.camera) ==
06-17 14:38:40.236 28671 28904 I APS_ALOG: flushRoutine g_immediateFlush=0 g_pendingCount=0 g_oobCount=0
06-17 14:38:40.357  3480  6040 W OPLUS_LOG_LOAD: ==LOGS PROG INFO, prog(system_server) ==
06-17 14:38:40.357  3480  6040 I AICCTModule: SensorFilter: brightness threshold 1.2 screenNit is 2.012943 ave enviroment lux is 18.808617 luxForNit 43.491943demarcationPoint200.0 result is false
06-17 14:38:40.357  3480  6040 I AICCTModule: SensorFilter: findSecondNearestValue, sensorValue: 5300.0 nearestMaxValue:5300.0 secondNearestValue: 5300.0
06-17 14:38:40.357  3480  6040 I AICCTModule: SensorFilter: findSecondNearestValue, sensorValue: 18.613827 nearestMaxValue:18.808617 secondNearestValue: 18.808617
06-17 14:38:40.436  1851 14865 I sensors-hal: handle_sns_client_event:316, accel_sample: 0: ts=952242106852538 ns; value = [-0.240916, 0.411503, 9.856928], status=3
06-17 14:38:40.601  9623 12253 V Capacitor/Plugin: To native (Capacitor plugin): callbackId: 76176021, pluginId: NativeExoPlayback, methodName: getStatus
06-17 14:38:40.601  9623 12253 V Capacitor: callback: 76176021, pluginId: NativeExoPlayback, methodName: getStatus, methodData: {}
06-17 14:38:40.602  9623  9623 I Capacitor/Console: File:  - Line 349 - Msg: [object Object]
06-17 14:38:40.609  9623  9623 I Capacitor/Console: File:  - Line 333 - Msg: {"available":true,"wired":true,"message":"ExoPlayer gapless queue  content:// locker bridge + HTTP streams.","state":"idle","positionSecs":0,"durationSecs":0,"queueIndex":0,"queueLength":0,"gaplessEnabled":true,"crossfadeEnabled":false,"bitPerfectActive":false}
06-17 14:38:40.702  1851 17756 I sensors-hal: handle_oplus_wise_rgb_event:189, high_pwm_light:lux 21.9,cct 5300.0,brl/algo/ir 36.0/2.0/0.0,pwm/dc 0.0/0.0,rgbc 748.390686/566.966492/346.503510/1508.136475,ts 952242380581496,cnt 1434,flag 0
06-17 14:38:40.703  3480  4315 I CwbClient: setCWBDisplayType set mFeatureID = CWB_RGB_VALUE
06-17 14:38:40.749  1960  1986 D BatteryChargeControl: bcc get no support from charging protocol
06-17 14:38:40.797  1960  6585 D charge_time: write 6976s(01:56:16) to ttf, rc=6
06-17 14:38:40.797  1960  6585 D charge_time: type=sdp,reserve_soc=3,soc=79,ui_soc=82,current=151,avg=144,not_chg_cnt=0,stable_cnt=7,fcc=4226,fcc_ratio=82,delta=313,debug=0,region=12,ttf=8612(02:23:32),ui_ttf=6976(01:56:16)
06-17 14:38:40.829  5717  7539 D CommonApp-227-10445: transport layer data is invalid
06-17 14:38:40.902  3480  4315 D FusionLightNextGen: raw_lux -1.0, raw_cct -1.0, r/g/b/c: 748.4/567.0/346.5/1508.1, R/G/B: 28.0/27.0/24.0, bri 36.0, lux: 19.003408, cct: 5300.0, ir: 0.051957, conf: 2, cnt: 0
06-17 14:38:41.003  9623  9623 I Capacitor/Console: File:  - Line 349 - Msg: [object Object]
06-17 14:38:41.005  9623 12253 V Capacitor/Plugin: To native (Capacitor plugin): callbackId: 76176022, pluginId: NativeExoPlayback, methodName: getStatus
06-17 14:38:41.005  9623 12253 V Capacitor: callback: 76176022, pluginId: NativeExoPlayback, methodName: getStatus, methodData: {}
06-17 14:38:41.017  9623  9623 I Capacitor/Console: File:  - Line 333 - Msg: {"available":true,"wired":true,"message":"ExoPlayer gapless queue  content:// locker bridge + HTTP streams.","state":"idle","positionSecs":0,"durationSecs":0,"queueIndex":0,"queueLength":0,"gaplessEnabled":true,"crossfadeEnabled":false,"bitPerfectActive":false}
06-17 14:38:41.077  3480 11693 D UsageStatsService: User[999] type=0 b=1781679870311 e=1781681921077 cb=1781601129511 ce=1781681530828 disk=0 all=1
06-17 14:38:41.102  1851 17883 I sensors-hal: handle_oplus_wise_rgb_event:160, wise_rgb:(1436)(cct,lux,ir)[5300.00, 22.09, 0.000000](rgbc)[748.39, 566.97, 361.57, 1508.14](pwm,hbm,brl,algo)[0.0 0.0 36.0 2.0],flag 0
06-17 14:38:41.255  1851 17912 I sensors-hal: handle_sns_std_sensor_event:104, oplus rgb_rear sample: (cct, lux, ir, x, y)[1536, 0, 300000, 391, 234]
06-17 14:38:41.255  1851 17912 I sensors-hal: handle_sns_std_sensor_event:106, oplus rgb_rear sample: (r, g, b, c w)[2, 2, 3, 1, 3]
06-17 14:38:41.400  9623  9623 I Capacitor/Console: File:  - Line 349 - Msg: [object Object]
06-17 14:38:41.400  9623 12253 V Capacitor/Plugin: To native (Capacitor plugin): callbackId: 76176023, pluginId: NativeExoPlayback, methodName: getStatus
06-17 14:38:41.400  9623 12253 V Capacitor: callback: 76176023, pluginId: NativeExoPlayback, methodName: getStatus, methodData: {}
06-17 14:38:41.407 18122 18734 E msys    : E[N mns:DGWClient]_OnDiskCacheGetData(1091)=>Start post callback cache refresh DNS resolution
06-17 14:38:41.408  9623  9623 I Capacitor/Console: File:  - Line 333 - Msg: {"available":true,"wired":true,"message":"ExoPlayer gapless queue  content:// locker bridge + HTTP streams.","state":"idle","positionSecs":0,"durationSecs":0,"queueIndex":0,"queueLength":0,"gaplessEnabled":true,"crossfadeEnabled":false,"bitPerfectActive":false}
06-17 14:38:41.409  1722  9292 E         : DNS_CACHE: hanle request << lookupdns: hostname:test-gateway.instagram.com, servername:443, ai_flags:1024, ai_family:0, ai_socktype:2, ai_protocol:0, netid:0, uid:10526
06-17 14:38:41.409 18122 18738 D DNS_CACHE: oplus_oplus_getaddrinfo_proxy lookup from netd: hostname:test-gateway.instagram.com, servname:443 uid: 10526, result_code:408, res = 0x0, found = 0
06-17 14:38:41.411 18122 18734 E msys    : E[N mns:DGWClient]_OnDiskCacheGetData(1091)=>Start post callback cache refresh DNS resolution
06-17 14:38:41.411 18122 18734 E msys    : E[N mns:DGWClient]_LogError(280)=>Failed to resolve using system DNS resolver, getaddrinfo(): No address associated with hostname
06-17 14:38:41.412  1722  9292 E         : DNS_CACHE: hanle request << lookupdns: hostname:test-gateway.instagram.com, servername:443, ai_flags:1024, ai_family:0, ai_socktype:1, ai_protocol:0, netid:0, uid:10526
06-17 14:38:41.412  5566  5859 D DnsDomainBlock: onDnsEvent: latencyMs=0, returnCode=4, uid=10526
06-17 14:38:41.412 18122 18736 D DNS_CACHE: oplus_oplus_getaddrinfo_proxy lookup from netd: hostname:test-gateway.instagram.com, servname:443 uid: 10526, result_code:408, res = 0x0, found = 0
06-17 14:38:41.413 18122 18734 E msys    : E[N mns:DGWClient]_LogError(280)=>Failed to resolve using system DNS resolver, getaddrinfo(): No address associated with hostname
06-17 14:38:41.496 10374 27654 D gaia-GaiaConnectChecker: start connect check++
06-17 14:38:41.517  5717  5717 D VendorWifiService: onEvent event:9,action:1
06-17 14:38:41.523  3480  4584 D ScorerUtils: isLowTraffic: txTputKBps=0, rxTputKBps=1
06-17 14:38:41.524  3480  4584 D OplusWifiPower_TriggerCenter: mComponentCallback: wifistat
06-17 14:38:41.744  4908  5001 W OPLUS_LOG_LOAD: ==LOGS PROG INFO, prog(com.android.systemui) ==
06-17 14:38:41.744  4908  5001 I SystemUi--Statusbar: OplusNetworkSpeedControllExImpl-->updateNetworkSpeed: isConnected:true,isSwitchOn:true,isSuspend:false,isPause:false
06-17 14:38:41.750  1960  1986 D BatteryChargeControl: bcc get no support from charging protocol
06-17 14:38:41.753  4908  5001 I SystemUi--Statusbar: OplusNetworkSpeedControllExImpl-->getTotalByte: totalRxBytes:20700447599,totalTxBytes:1848549502,loopbackTxBytes:73545937,loopbackRxBytes:59624661 ,totalBytes:22415826503
06-17 14:38:41.781  1927  2069 I [UAH_CLIENT]: UahPlatformResAcquire
06-17 14:38:41.781  1927  2069 I [UAH_CLIENT]: UahEventAcquire, cmdid:-3, pkg:2138 9273, identity:qcom-perfd
06-17 14:38:41.783  1927  2059 E ANDR-PERF-RESOURCEQS: ANDR-PERF-RESOURCEQS: AddAndApply() 125: Resource with major=16, minor=0 not supported
06-17 14:38:41.798  1960  6585 D charge_time: type=sdp,reserve_soc=3,soc=79,ui_soc=82,current=151,avg=146,not_chg_cnt=0,stable_cnt=7,fcc=4226,fcc_ratio=82,delta=314,debug=0,region=12,ttf=8489(02:21:29),ui_ttf=6975(01:56:15)
06-17 14:38:41.801  1927 12828 I [UAH_CLIENT]: UahRelease, handle:419798
06-17 14:38:41.801  9623 12253 V Capacitor/Plugin: To native (Capacitor plugin): callbackId: 76176024, pluginId: NativeExoPlayback, methodName: getStatus
06-17 14:38:41.801  9623 12253 V Capacitor: callback: 76176024, pluginId: NativeExoPlayback, methodName: getStatus, methodData: {}
06-17 14:38:41.802  9623  9623 I Capacitor/Console: File:  - Line 349 - Msg: [object Object]
06-17 14:38:41.808  9623  9623 I Capacitor/Console: File:  - Line 333 - Msg: {"available":true,"wired":true,"message":"ExoPlayer gapless queue  content:// locker bridge + HTTP streams.","state":"idle","positionSecs":0,"durationSecs":0,"queueIndex":0,"queueLength":0,"gaplessEnabled":true,"crossfadeEnabled":false,"bitPerfectActive":false}
06-17 14:38:41.852  5717  7539 D CommonApp-227-10445: transport layer data is invalid
06-17 14:38:42.071  1858 21547 I WifiHAL : event received NL80211_CMD_VENDOR, vendor_id = 0x1374, subcmd = 0xd
06-17 14:38:42.071  3084  3084 I cnss-daemon: nl80211 response handler invoked
06-17 14:38:42.071  3084  3084 I cnss-daemon: nl80211_response_handler: cmd 103, vendorID 4980, subcmd 13  received
06-17 14:38:42.102  1851 17883 I sensors-hal: handle_oplus_wise_rgb_event:160, wise_rgb:(1441)(cct,lux,ir)[5300.00, 20.84, 0.000000](rgbc)[763.66, 581.50, 361.57, 1508.14](pwm,hbm,brl,algo)[0.0 0.0 36.0 2.0],flag 0
06-17 14:38:42.201  9623 12253 V Capacitor/Plugin: To native (Capacitor plugin): callbackId: 76176025, pluginId: NativeExoPlayback, methodName: getStatus
06-17 14:38:42.201  9623  9623 I Capacitor/Console: File:  - Line 349 - Msg: [object Object]
06-17 14:38:42.201  9623 12253 V Capacitor: callback: 76176025, pluginId: NativeExoPlayback, methodName: getStatus, methodData: {}
06-17 14:38:42.211  9623  9623 I Capacitor/Console: File:  - Line 333 - Msg: {"available":true,"wired":true,"message":"ExoPlayer gapless queue  content:// locker bridge + HTTP streams.","state":"idle","positionSecs":0,"durationSecs":0,"queueIndex":0,"queueLength":0,"gaplessEnabled":true,"crossfadeEnabled":false,"bitPerfectActive":false}
06-17 14:38:42.601  9623  9623 I Capacitor/Console: File:  - Line 349 - Msg: [object Object]
06-17 14:38:42.601  9623 12253 V Capacitor/Plugin: To native (Capacitor plugin): callbackId: 76176026, pluginId: NativeExoPlayback, methodName: getStatus
06-17 14:38:42.601  9623 12253 V Capacitor: callback: 76176026, pluginId: NativeExoPlayback, methodName: getStatus, methodData: {}
06-17 14:38:42.609  9623  9623 I Capacitor/Console: File:  - Line 333 - Msg: {"available":true,"wired":true,"message":"ExoPlayer gapless queue  content:// locker bridge + HTTP streams.","state":"idle","positionSecs":0,"durationSecs":0,"queueIndex":0,"queueLength":0,"gaplessEnabled":true,"crossfadeEnabled":false,"bitPerfectActive":false}
06-17 14:38:42.702  1851 17756 I sensors-hal: handle_oplus_wise_rgb_event:189, high_pwm_light:lux 21.6,cct 5300.0,brl/algo/ir 36.0/2.0/0.0,pwm/dc 0.0/0.0,rgbc 763.663940/581.504089/361.568909/1523.217773,ts 952244380597642,cnt 1444,flag 0
06-17 14:38:42.751  1960  1986 D BatteryChargeControl: bcc get no support from charging protocol
06-17 14:38:42.801  1960  6585 D charge_time: type=sdp,reserve_soc=3,soc=79,ui_soc=82,current=151,avg=148,not_chg_cnt=0,stable_cnt=7,fcc=4226,fcc_ratio=82,delta=315,debug=0,region=12,ttf=8369(02:19:29),ui_ttf=6974(01:56:14)
06-17 14:38:42.879  5717  7539 D CommonApp-227-10445: transport layer data is invalid
06-17 14:38:42.980 10560 11666 I PTC.DISC.AndroidMultiLanServer: Watcher sysNif=[wlan0], userNif=[wlan0 state=(LISTEN JOIN(|-1)), , vgate0 state=(LISTEN JOIN(|-1))], clientNif=[wlan0 state=(LISTEN), , vgate0 state=(LISTEN)], tcpServer state=LISTEN, ipv4=**8.1.34
06-17 14:38:42.997  3480  4187 I resRelease: policy type is 2
06-17 14:38:42.999  9623 12253 V Capacitor/Plugin: To native (Capacitor plugin): callbackId: 76176027, pluginId: NativeExoPlayback, methodName: getStatus
06-17 14:38:43.000  9623 12253 V Capacitor: callback: 76176027, pluginId: NativeExoPlayback, methodName: getStatus, methodData: {}
06-17 14:38:43.002  9623  9623 I Capacitor/Console: File:  - Line 349 - Msg: [object Object]
06-17 14:38:43.005  9623  9623 I Capacitor/Console: File:  - Line 333 - Msg: {"available":true,"wired":true,"message":"ExoPlayer gapless queue  content:// locker bridge + HTTP streams.","state":"idle","positionSecs":0,"durationSecs":0,"queueIndex":0,"queueLength":0,"gaplessEnabled":true,"crossfadeEnabled":false,"bitPerfectActive":false}
06-17 14:38:43.082  3480  6040 I AICCTModule: SensorFilter: brightness threshold 1.2 screenNit is 2.012943 ave enviroment lux is 19.003408 luxForNit 43.748455demarcationPoint200.0 result is false
06-17 14:38:43.082  3480  6040 I AICCTModule: SensorFilter: findSecondNearestValue, sensorValue: 5300.0 nearestMaxValue:5300.0 secondNearestValue: 5300.0
06-17 14:38:43.082  3480  6040 I AICCTModule: SensorFilter: findSecondNearestValue, sensorValue: 18.808617 nearestMaxValue:18.808617 secondNearestValue: 19.003408
06-17 14:38:43.102  1851 17883 I sensors-hal: handle_oplus_wise_rgb_event:160, wise_rgb:(1446)(cct,lux,ir)[5300.00, 20.84, 0.000000](rgbc)[763.66, 581.50, 361.57, 1508.14](pwm,hbm,brl,algo)[0.0 0.0 36.0 2.0],flag 0
06-17 14:38:43.103  3480  4315 I CwbClient: setCWBDisplayType set mFeatureID = CWB_RGB_VALUE
06-17 14:38:43.302  3480  4315 D FusionLightNextGen: raw_lux -1.0, raw_cct -1.0, r/g/b/c: 748.4/567.0/361.6/1493.1, R/G/B: 28.0/27.0/24.0, bri 36.0, lux: 18.808617, cct: 5300.0, ir: 0.062846, conf: 2, cnt: 0
