07-08 23:27:45.428  4972  4972 I PluginSeedling--Template: TransitionViewWrapper-->update, newPageState: NORMAL_STYLE, currentPage:NORMAL_STYLE
07-08 23:27:45.428  4972  4972 I PluginSeedling--Template: TransitionViewWrapper-->update, newPageState: MEDIA_PLAYER_STYLE, currentPage:MEDIA_PLAYER_STYLE
07-08 23:27:45.429  4972  4972 I PluginSeedling--Template: CapsulePageViewModel-->sectionsTemplateData: left, style:CapsuleSectionTemplateData(style=IMAGE_TEXT_STYLE, moduleDic={pic=BitmapModel(src=android.graphics.Bitmap@f6e534, iconColor=null, icon=Icon(typ=RESOURCE pkg=com.android.systemui id=0x7f0809d5), anim=null, bgColor=0, shape=1, width=90, height=90, radius=45.0, actionIntent=null, pi=null, desc=Sandbox Music)}, backgroundColor=null)
07-08 23:27:45.429  4972  4972 I PluginSeedling--Template: CapsulePageViewModel-->sectionsTemplateData: right, style:CapsuleSectionTemplateData(style=TEXT_IMAGE_STYLE, moduleDic={pic=DrawableModel(src=null, iconColor=null, anim=LottieOrRawAnimModel(anim='[length=10444]', shouldPlayCount=-1), bgColor=0, shape=0, width=90, height=90, radius=45.0, actionIntent=null, pi=null, desc=Sandbox Music)}, backgroundColor=null)
07-08 23:27:45.433 24668 27205 D BufferPoolAccessor2.0: bufferpool2 0xb4000070a74e0228 : 9(73728 size) total buffers - 4(32768 size) used buffers - 868/877 (recycle/alloc) - 30/1714 (fetch/transfer)
07-08 23:27:45.436  2959 28567 D BufferPoolAccessor2.0: bufferpool2 0xb4000074d7ce8a28 : 8(36864 size) total buffers - 1(4608 size) used buffers - 850/858 (recycle/alloc) - 17/858 (fetch/transfer)
07-08 23:27:45.443  3425  3652 D OplusBrightnessPhoneStateManager: LuxEvent{event:MAIN_LUX lux:0.6134499} -> LuxEvent{event:MAIN_LUX lux:0.6134499}
07-08 23:27:45.453 24668 24668 I Capacitor/Console: File:  - Line 349 - Msg: [object Object]
07-08 23:27:45.453 24668 25125 V Capacitor/Plugin: To native (Capacitor plugin): callbackId: 1553011, pluginId: NativeExoPlayback, methodName: getStatus
07-08 23:27:45.453 24668 25125 V Capacitor: callback: 1553011, pluginId: NativeExoPlayback, methodName: getStatus, methodData: {}
07-08 23:27:45.457 24668 24668 I Capacitor/Console: File:  - Line 333 - Msg: {"available":true,"wired":true,"message":"ExoPlayer decode active ÔÇö content:// locker bridge + HTTP streams.","state":"playing","positionSecs":902.651,"durationSecs":7506.651,"queueIndex":0,"queueLength":1,"gaplessEnabled":false,"crossfadeEnabled":false,"bitPerfectActive":false,"currentUrl":"https://traffic.megaphone.fm/GLT2768068918.mp3","envelopeId":"podcast:feed-tgquzh:feed-tgquzh:ep-cfntkq","title":"#2524 - Rupert Lowe","artist":"The Joe Rogan Experience","album":"The Joe Rogan Experience","artworkUrl":"https://megaphone.imgix.net/podcasts/8e5bcebc-ca16-11ee-89f0-0fa0b9bdfc7c/image/7190613c58bad86913afb6991d842e2f.jpg?ixlib=rails-4.3.1&max-w=3000&max-h=3000&fit=crop&auto=format,compress"}
07-08 23:27:45.474  3198  3198 E OPLUS_KEVENT_RECORD: oplus_kevent Receive message from kernel, event_type=3
07-08 23:27:45.474  3198  3198 E OPLUS_KEVENT_RECORD: OPLUS_KEVENT payload:10447,path@@/data/app/~~9pMQl9MJK2nS-kvQgGHu2g==/rd.sheepskin.sandboxmusic-B9Pv_M1MafwVooRpzgaLwA==/lib/arm64/libpython.so
07-08 23:27:45.474  3198  3198 I OPLUS_KEVENT_RECORD: oplus_put_exec_kevent_to_list
07-08 23:27:45.474  3198  3198 E OPLUS_KEVENT_RECORD: oplus_kevent Receive message from kernel, event_type=3
07-08 23:27:45.474  3198  3198 E OPLUS_KEVENT_RECORD: OPLUS_KEVENT payload:10447,path@@/data/app/~~9pMQl9MJK2nS-kvQgGHu2g==/rd.sheepskin.sandboxmusic-B9Pv_M1MafwVooRpzgaLwA==/lib/arm64/libpython.so
07-08 23:27:45.474  3198  3198 I OPLUS_KEVENT_RECORD: oplus_put_exec_kevent_to_list
07-08 23:27:45.474  3198  3198 E OPLUS_KEVENT_RECORD: oplus_kevent Receive message from kernel, event_type=3
07-08 23:27:45.474  3198  3198 E OPLUS_KEVENT_RECORD: OPLUS_KEVENT payload:10447,path@@/data/app/~~9pMQl9MJK2nS-kvQgGHu2g==/rd.sheepskin.sandboxmusic-B9Pv_M1MafwVooRpzgaLwA==/lib/arm64/libpython.so
07-08 23:27:45.475  3198  3198 I OPLUS_KEVENT_RECORD: oplus_put_exec_kevent_to_list
07-08 23:27:45.475  3198  3198 E OPLUS_KEVENT_RECORD: oplus_kevent Receive message from kernel, event_type=3
07-08 23:27:45.475  3198  3198 E OPLUS_KEVENT_RECORD: OPLUS_KEVENT payload:10447,path@@/data/app/~~9pMQl9MJK2nS-kvQgGHu2g==/rd.sheepskin.sandboxmusic-B9Pv_M1MafwVooRpzgaLwA==/lib/arm64/libpython.so
07-08 23:27:45.475  3198  3198 I OPLUS_KEVENT_RECORD: oplus_put_exec_kevent_to_list
07-08 23:27:45.476  3198  3198 E OPLUS_KEVENT_RECORD: oplus_kevent Receive message from kernel, event_type=3
07-08 23:27:45.476  3198  3198 E OPLUS_KEVENT_RECORD: OPLUS_KEVENT payload:10447,path@@/data/app/~~9pMQl9MJK2nS-kvQgGHu2g==/rd.sheepskin.sandboxmusic-B9Pv_M1MafwVooRpzgaLwA==/lib/arm64/libpython.so
07-08 23:27:45.476  3198  3198 I OPLUS_KEVENT_RECORD: oplus_put_exec_kevent_to_list
07-08 23:27:45.476  3198  3198 E OPLUS_KEVENT_RECORD: oplus_kevent Receive message from kernel, event_type=3
07-08 23:27:45.476  3198  3198 E OPLUS_KEVENT_RECORD: OPLUS_KEVENT payload:10447,path@@/data/app/~~9pMQl9MJK2nS-kvQgGHu2g==/rd.sheepskin.sandboxmusic-B9Pv_M1MafwVooRpzgaLwA==/lib/arm64/libpython.so
07-08 23:27:45.476  3198  3198 I OPLUS_KEVENT_RECORD: oplus_put_exec_kevent_to_list
07-08 23:27:45.476  3198  3198 E OPLUS_KEVENT_RECORD: oplus_kevent Receive message from kernel, event_type=3
07-08 23:27:45.476  3198  3198 E OPLUS_KEVENT_RECORD: OPLUS_KEVENT payload:10447,path@@/data/app/~~9pMQl9MJK2nS-kvQgGHu2g==/rd.sheepskin.sandboxmusic-B9Pv_M1MafwVooRpzgaLwA==/lib/arm64/libpython.so
07-08 23:27:45.476  3198  3198 I OPLUS_KEVENT_RECORD: oplus_put_exec_kevent_to_list
07-08 23:27:45.476  3198  3198 E OPLUS_KEVENT_RECORD: oplus_kevent Receive message from kernel, event_type=3
07-08 23:27:45.476  3198  3198 E OPLUS_KEVENT_RECORD: OPLUS_KEVENT payload:10447,path@@/data/app/~~9pMQl9MJK2nS-kvQgGHu2g==/rd.sheepskin.sandboxmusic-B9Pv_M1MafwVooRpzgaLwA==/lib/arm64/libpython.so
07-08 23:27:45.476  3198  3198 I OPLUS_KEVENT_RECORD: oplus_put_exec_kevent_to_list
07-08 23:27:45.476  3198  3198 E OPLUS_KEVENT_RECORD: oplus_kevent Receive message from kernel, event_type=3
07-08 23:27:45.476  3198  3198 E OPLUS_KEVENT_RECORD: OPLUS_KEVENT payload:10447,path@@/data/app/~~9pMQl9MJK2nS-kvQgGHu2g==/rd.sheepskin.sandboxmusic-B9Pv_M1MafwVooRpzgaLwA==/lib/arm64/libpython.so
07-08 23:27:45.476  3198  3198 I OPLUS_KEVENT_RECORD: oplus_put_exec_kevent_to_list
07-08 23:27:45.476  3198  3198 E OPLUS_KEVENT_RECORD: oplus_kevent Receive message from kernel, event_type=3
07-08 23:27:45.476  3198  3198 E OPLUS_KEVENT_RECORD: OPLUS_KEVENT payload:10447,path@@/data/app/~~9pMQl9MJK2nS-kvQgGHu2g==/rd.sheepskin.sandboxmusic-B9Pv_M1MafwVooRpzgaLwA==/lib/arm64/libpython.so
07-08 23:27:45.476  3198  3198 I OPLUS_KEVENT_RECORD: oplus_put_exec_kevent_to_list
07-08 23:27:45.476  3198  3198 E OPLUS_KEVENT_RECORD: oplus_kevent Receive message from kernel, event_type=3
07-08 23:27:45.476  3198  3198 E OPLUS_KEVENT_RECORD: OPLUS_KEVENT payload:10447,path@@/data/app/~~9pMQl9MJK2nS-kvQgGHu2g==/rd.sheepskin.sandboxmusic-B9Pv_M1MafwVooRpzgaLwA==/lib/arm64/libpython.so
07-08 23:27:45.476  3198  3198 I OPLUS_KEVENT_RECORD: oplus_put_exec_kevent_to_list
07-08 23:27:45.476  3198  3198 E OPLUS_KEVENT_RECORD: oplus_kevent Receive message from kernel, event_type=3
07-08 23:27:45.476  3198  3198 E OPLUS_KEVENT_RECORD: OPLUS_KEVENT payload:10447,path@@/data/app/~~9pMQl9MJK2nS-kvQgGHu2g==/rd.sheepskin.sandboxmusic-B9Pv_M1MafwVooRpzgaLwA==/lib/arm64/libpython.so
07-08 23:27:45.476  3198  3198 I OPLUS_KEVENT_RECORD: oplus_put_exec_kevent_to_list
07-08 23:27:45.487 24668 25125 V Capacitor/Plugin: To native (Capacitor plugin): callbackId: 1553012, pluginId: NativeExoPlayback, methodName: setPlaybackSpeed
07-08 23:27:45.487 24668 24668 I Capacitor/Console: File:  - Line 349 - Msg: [object Object]
07-08 23:27:45.488 24668 25125 V Capacitor: callback: 1553012, pluginId: NativeExoPlayback, methodName: setPlaybackSpeed, methodData: {"speed":1}
07-08 23:27:45.489 24668 25125 V Capacitor/Plugin: To native (Capacitor plugin): callbackId: 1553013, pluginId: BackgroundMedia, methodName: startForeground
07-08 23:27:45.490 24668 24668 I Capacitor/Console: File:  - Line 349 - Msg: [object Object]
07-08 23:27:45.490 24668 25125 V Capacitor: callback: 1553013, pluginId: BackgroundMedia, methodName: startForeground, methodData: {}
07-08 23:27:45.494 24668 24668 I Capacitor/Console: File:  - Line 333 - Msg: {"ok":true,"speed":1}
07-08 23:27:45.497  1779 11814 E         : DNS_CACHE: hanle request << lookupdns: hostname:www.youtube.com, servername:443, ai_flags:0, ai_family:0, ai_socktype:1, ai_protocol:0, netid:0, uid:10447
07-08 23:27:45.497 29491 29491 D DNS_CACHE: oplus_oplus_getaddrinfo_proxy lookup from netd: hostname:www.youtube.com, servname:443 uid: 10447, result_code:408, res = 0x0, found = 0
07-08 23:27:45.499  3425  6070 D NotificationService--OplusNotificationFixHelper: fixAppIcon: pkg=rd.sheepskin.sandboxmusic
07-08 23:27:45.500  3425  6070 D NotificationService--OplusNotificationFixHelper: fixAppIcon: appIcon = null, pkg = rd.sheepskin.sandboxmusic
07-08 23:27:45.500  3425  6070 D NotificationService--NotificationRecord: isSupportRearLight , isRearLight = false mLedRM = false isMultilLed = false
07-08 23:27:45.500  3425  6070 I OplusStatusBarManagerServiceEnhance:  getTopIsFullscreen mTopIsFullscreen: false
07-08 23:27:45.500  3425  6070 W ActivityManager: Permission Denial: getTopApplicationInfo from pid=24668, uid=10447 requires oplus.permission.OPLUS_COMPONENT_SAFE
07-08 23:27:45.500  3425  6070 E OplusNotificationCenter: getForegroundApplication exception
07-08 23:27:45.501  3425  3425 D NotificationService--OplusNotificationManagerServiceExtImpl: isForwardToAssistants: true, case : Is local notification
07-08 23:27:45.501  3425  3425 D NotificationService: This application enqueue notifications is need postDelayed mcsAssistantDelayTime: 200
07-08 23:27:45.501  3425  6070 D MediaSessionService: onSessionPlaybackStateChanged: record=rd.sheepskin.sandboxmusic/SovereignMusicConsole/190 (userId=0) playbackState=PlaybackState {state=PLAYING(3), position=902250, buffered position=0, speed=1.0, updated=1783549665501, actions=894, custom actions=[], active item id=-1, error=null}
07-08 23:27:45.503  4972  4972 I SystemUi--Media: MediaDataFlowLimiter-->MEDIA_PANEL-->onMediaDataLoaded, first data , 0|rd.sheepskin.sandboxmusic|88001|null|10447 Sandbox Music(isPlaying:true), currentData = MediaDataExt{userId=0, initialized=true, app=Sandbox Music, artist=EMPTY, song=EMPTY, artwork=null, packageName=rd.sheepskin.sandboxmusic, token=android.media.session.MediaSession$Token@e5b267a,  active=true, playbackLocation=0, resumption=false, notificationKey=0|rd.sheepskin.sandboxmusic|88001|null|10447, isPlaying=true, mediaCustNotification=false, }
07-08 23:27:45.504  4972  5076 I SystemUi--Media: OplusMediaDataManagerSt-->AOD_MEDIA_PANEL-->createActionsFromState: curState = 3
07-08 23:27:45.504  3425  4788 D NotificationService--OplusNotificationFixHelper: fixAppIcon: pkg=rd.sheepskin.sandboxmusic
07-08 23:27:45.504  3425  4788 D NotificationService--OplusNotificationFixHelper: fixAppIcon: appIcon = null, pkg = rd.sheepskin.sandboxmusic
07-08 23:27:45.504  3425  4788 D NotificationService--NotificationRecord: isSupportRearLight , isRearLight = false mLedRM = false isMultilLed = false
07-08 23:27:45.505  4972  4972 I SystemUi--Media: AbsMediaClient-->MEDIA_SEEDLING-->updateMediaDataByPlaybackState newState=3,newPosition=0, rd.sheepskin.sandboxmusic
07-08 23:27:45.505  4972  4972 I SystemUi--Media: AbsMediaClient-->MEDIA_SEEDLING-->dispatchMediaDataLoaded needUpdate=0 reason=updatePositionByPlaybackState isDestroyed=false
07-08 23:27:45.505  3425  4788 I OplusStatusBarManagerServiceEnhance:  getTopIsFullscreen mTopIsFullscreen: false
07-08 23:27:45.505  4972  4972 I SystemUi--Media: MediaDataCombineLatest-->MEDIA_SEEDLING-->onMediaDataLoaded mediaData = rd.sheepskin.sandboxmusic,0|rd.sheepskin.sandboxmusic|88001|null|10447,7506651,null,null,null,0,3,0,9502958,1.0,false,1783549665234,true,9502779,true,MediaButton(playId=0|rd.sheepskin.sandboxmusic|88001|null|10447, playOrPause=MediaAction(buttonName=playOrPause, iconMap={Default=(./assets/images/pauseDark.svg, null), SecondHome=(./assets/images/pauseDark.svg, null)}, animRes=null, voiceLabel=P***, isStandardAction=true, icon=Icon(typ=BITMAP size=162x162)), nextOrCustom=MediaAction(buttonName=nextOrCustom, iconMap={Default=(./assets/images/nextDark.svg, null), SecondHome=(./assets/images/nextDark.svg, null)}, animRes=./assets/images/next_anim.json, voiceLabel=N***, isStandardAction=true, icon=Icon(typ=BITMAP size=162x162)), prevOrCustom=MediaAction(buttonName=prevOrCustom, iconMap={Default=(./assets/images/previousDark.svg, null), SecondHome=(./assets/images/previousDark.svg, null)}, animRes=./assets/images/previous_anim.json, voiceLabel=P***, isStandardAction=true, icon=Icon(typ=BITMAP size=162x162)), custom0=null, custom1=MediaAction(buttonName=custom1, iconMap={}, animRes=null, voiceLabel=S***, isStandardAction=false, icon=Icon(typ=BITMAP size=162x162))),0
07-08 23:27:45.505  3425  4788 W ActivityManager: Permission Denial: getTopApplicationInfo from pid=24668, uid=10447 requires oplus.permission.OPLUS_COMPONENT_SAFE
07-08 23:27:45.505  3425  4788 E OplusNotificationCenter: getForegroundApplication exception
07-08 23:27:45.505  4972  4972 I SystemUi--Media: MediaSeedling-->MEDIA_SEEDLING-->postMediaDataUpdate needUpdate: 0 reason:onMediaDataLoaded
07-08 23:27:45.505  4972  4972 I SystemUi--Media: MediaSeedling-->MEDIA_SEEDLING-->handleMediaDataUpdate allowCreateCard: false
07-08 23:27:45.505  4972  5075 I SystemUi--Media: MediaLiveAlertController-->MEDIA_SEEDLING-->sendDataToPlugin, method=sendLiveAlert, notification.key=0|com.android.systemui|268452006|1783549664527|0
07-08 23:27:45.505  4972  5076 D MediaDataManager: State updated outside of notification
07-08 23:27:45.505  4972  5075 I PluginSeedling--Base: SeedlingCardServerProvider-->seedling provider called com.oplus.card.server.systemui.provider w/ sendLiveAlert 10208 4972 0
07-08 23:27:45.505  4972  5075 I PluginSeedling--Base: DefaultLiveAlertProvider-->default provider currentUserId=0 sbn: StatusBarNotification(pkg=com.android.systemui user=UserHandle{0} id=268452006 tag=1783549664527 key=0|com.android.systemui|268452006|1783549664527|0: Notification(channel=268452006 shortcut=null contentView=null vibrate=null sound=null defaults=0 flags=0 color=0x00000000 category=transport vis=PRIVATE))
07-08 23:27:45.505  4972  4972 I SystemUi--Media: MediaSeedling-->MEDIA_SEEDLING-->postSeedlingsUpdate delay: 1000 needUpdate: 0 reason:handleMessage UpdateInterval
07-08 23:27:45.505  4972  4972 D MediaDataManager: updateState: isPlaying = true, song change = false
07-08 23:27:45.505  4972  4972 I SystemUi--Media: MediaDataFlowLimiter-->MEDIA_PANEL-->onMediaDataLoaded: Sandbox Music(isPlaying:true) within debounce period, ignore
07-08 23:27:45.506  3425  3425 D NotificationService--OplusNotificationManagerServiceExtImpl: isForwardToAssistants: true, case : Is local notification
07-08 23:27:45.506  3425  3425 D NotificationService: This application enqueue notifications is need postDelayed mcsAssistantDelayTime: 200
07-08 23:27:45.506 24668 24668 I Capacitor/Console: File:  - Line 349 - Msg: [object Object]
07-08 23:27:45.506  3425  4664 D NasPowerProxyService: playback state changed:{duration=7506651, artist=, album=, bufferedPosition=0, packageName=rd.sheepskin.sandboxmusic, state=3, position=902250, id=podcast:feed-tgquzh:feed-tgquzh:ep-cfntkq, title=, speed=1.0}
07-08 23:27:45.506  4972  4972 I SystemUi--Media: MediaPlayerData-->MEDIA_PANEL-->addMediaSortKey newKey:0|rd.sheepskin.sandboxmusic|88001|null|10447 oldKey:0|rd.sheepskin.sandboxmusic|88001|null|10447, remove:true packageName:rd.sheepskin.sandboxmusic playbackStateUnchanged:true newPlaying:true oldPlaying:true updateTime:1783549665234 oldTime:1783549665234 noUpdateTime:false
07-08 23:27:45.506 24668 25125 V Capacitor/Plugin: To native (Capacitor plugin): callbackId: 1553014, pluginId: BackgroundMedia, methodName: stopAudioRouteWatcher
07-08 23:27:45.506  4972  4972 I SystemUi--Media: OplusMediaDataFilterExImpl-->MEDIA_PANEL-->dispatchMediaDataOnLoaded key:0|rd.sheepskin.sandboxmusic|88001|null|10447 oldKey:0|rd.sheepskin.sandboxmusic|88001|null|10447 data:MediaDataExt{userId=0, initialized=true, app=Sandbox Music, artist=EMPTY, song=EMPTY, artwork=null, packageName=rd.sheepskin.sandboxmusic, token=android.media.session.MediaSession$Token@e5b267a,  active=true, playbackLocation=0, resumption=false, notificationKey=0|rd.sheepskin.sandboxmusic|88001|null|10447, isPlaying=true, mediaCustNotification=false, }
07-08 23:27:45.506 24668 25125 V Capacitor: callback: 1553014, pluginId: BackgroundMedia, methodName: stopAudioRouteWatcher, methodData: {}
07-08 23:27:45.506  4972  4972 I SystemUi--Media: OplusQsMediaPanelViewController-->MEDIA_PANEL-->onMediaDataLoaded: MediaDataExt{userId=0, initialized=true, app=Sandbox Music, artist=EMPTY, song=EMPTY, artwork=null, packageName=rd.sheepskin.sandboxmusic, token=android.media.session.MediaSession$Token@e5b267a,  active=true, playbackLocation=0, resumption=false, notificationKey=0|rd.sheepskin.sandboxmusic|88001|null|10447, isPlaying=true, mediaCustNotification=false, }, controller: com.oplus.systemui.qs.media.OplusQsMediaPanelViewController$mediaDataUpdateListener$1@9b00f6d
07-08 23:27:45.506  4972  4972 I SystemUi--Media: OplusMediaSeedlingController-->MEDIA_SEEDLING-->warning: onMediaDataLoaded: old mediaClient is not null! key=0|rd.sheepskin.sandboxmusic|88001|null|10447
07-08 23:27:45.506  4972  4972 I SystemUi--Media: AbsMediaClient-->MEDIA_SEEDLING-->onMediaDataLoaded: data=MediaDataExt{userId=0, initialized=true, app=Sandbox Music, artist=EMPTY, song=EMPTY, artwork=null, packageName=rd.sheepskin.sandboxmusic, token=android.media.session.MediaSession$Token@e5b267a,  active=true, playbackLocation=0, resumption=false, notificationKey=0|rd.sheepskin.sandboxmusic|88001|null|10447, isPlaying=true, mediaCustNotification=false, } isDestroyed=false
07-08 23:27:45.506  4972  4972 I SystemUi--Media: AbsMediaClient-->MEDIA_SEEDLING-->dispatchMediaDataLoaded needUpdate=0 reason=onMediaDataLoaded isDestroyed=false
07-08 23:27:45.507  4972  4972 I SystemUi--Media: MediaDataCombineLatest-->MEDIA_SEEDLING-->onMediaDataLoaded mediaData = rd.sheepskin.sandboxmusic,0|rd.sheepskin.sandboxmusic|88001|null|10447,7506651,null,null,null,0,3,0,9502958,1.0,false,1783549665234,true,9502958,true,MediaButton(playId=0|rd.sheepskin.sandboxmusic|88001|null|10447, playOrPause=MediaAction(buttonName=playOrPause, iconMap={Default=(./assets/images/pauseDark.svg, null), SecondHome=(./assets/images/pauseDark.svg, null)}, animRes=null, voiceLabel=P***, isStandardAction=true, icon=Icon(typ=BITMAP size=162x162)), nextOrCustom=MediaAction(buttonName=nextOrCustom, iconMap={Default=(./assets/images/nextDark.svg, null), SecondHome=(./assets/images/nextDark.svg, null)}, animRes=./assets/images/next_anim.json, voiceLabel=N***, isStandardAction=true, icon=Icon(typ=BITMAP size=162x162)), prevOrCustom=MediaAction(buttonName=prevOrCustom, iconMap={Default=(./assets/images/previousDark.svg, null), SecondHome=(./assets/images/previousDark.svg, null)}, animRes=./assets/images/previous_anim.json, voiceLabel=P***, isStandardAction=true, icon=Icon(typ=BITMAP size=162x162)), custom0=null, custom1=MediaAction(buttonName=custom1, iconMap={}, animRes=null, voiceLabel=S***, isStandardAction=false, icon=Icon(typ=BITMAP size=162x162))),0
07-08 23:27:45.507  4972  4972 I SystemUi--Media: AodMediaDataListener-->AOD_MEDIA_PANEL-->onMediaDataLoaded aod media not support for rd.sheepskin.sandboxmusic
07-08 23:27:45.507 24668 24668 I Capacitor/Console: File:  - Line 349 - Msg: [object Object]
07-08 23:27:45.508 24668 25125 V Capacitor/Plugin: To native (Capacitor plugin): callbackId: 1553015, pluginId: NativeExoPlayback, methodName: setPlaybackSpeed
07-08 23:27:45.508 24668 25125 V Capacitor: callback: 1553015, pluginId: NativeExoPlayback, methodName: setPlaybackSpeed, methodData: {"speed":1}
07-08 23:27:45.509 24668 25125 V Capacitor/Plugin: To native (Capacitor plugin): callbackId: 1553016, pluginId: BackgroundMedia, methodName: setWiredDacStabilityEnabled
07-08 23:27:45.509 24668 24668 I Capacitor/Console: File:  - Line 349 - Msg: [object Object]
07-08 23:27:45.509 24668 25125 V Capacitor: callback: 1553016, pluginId: BackgroundMedia, methodName: setWiredDacStabilityEnabled, methodData: {"enabled":true}
07-08 23:27:45.510 24668 24668 I Capacitor/Console: File:  - Line 349 - Msg: [object Object]
07-08 23:27:45.511 24668 25125 V Capacitor/Plugin: To native (Capacitor plugin): callbackId: 1553017, pluginId: BackgroundMedia, methodName: startAudioRouteWatcher
07-08 23:27:45.511 24668 25125 V Capacitor: callback: 1553017, pluginId: BackgroundMedia, methodName: startAudioRouteWatcher, methodData: {}
07-08 23:27:45.511 24668 25116 V Capacitor/BackgroundMediaPlugin: Notifying listeners for event audioRouteChange
07-08 23:27:45.511 24668 25125 V Capacitor/Plugin: To native (Capacitor plugin): callbackId: 1553018, pluginId: BackgroundMedia, methodName: addListener
07-08 23:27:45.511  4972  5075 I SystemUi--Media: AbsMediaClient-->MEDIA_SEEDLING-->updateMediaDataByPlaybackState newState=3,newPosition=0, rd.sheepskin.sandboxmusic
07-08 23:27:45.512 24668 24668 I Capacitor/Console: File:  - Line 349 - Msg: [object Object]
07-08 23:27:45.512 24668 25125 V Capacitor: callback: 1553018, pluginId: BackgroundMedia, methodName: addListener, methodData: {"eventName":"audioRouteChange"}
07-08 23:27:45.512  4972  5075 I SystemUi--Media: MediaActionBinder-->MEDIA_SEEDLING-->createOplusMediaActions: mediaActionPriority=PreferSemanticActions
07-08 23:27:45.512  4972  4972 I SystemUi--Media: AbsMediaClient-->MEDIA_SEEDLING-->dispatchMediaDataLoaded needUpdate=0 reason=bgHandler onMediaDataLoaded isDestroyed=false
07-08 23:27:45.512  4972  4972 I SystemUi--Media: MediaDataCombineLatest-->MEDIA_SEEDLING-->onMediaDataLoaded mediaData = rd.sheepskin.sandboxmusic,0|rd.sheepskin.sandboxmusic|88001|null|10447,7506651,null,null,null,0,3,0,9502964,1.0,false,1783549665234,true,9502958,true,MediaButton(playId=0|rd.sheepskin.sandboxmusic|88001|null|10447, playOrPause=MediaAction(buttonName=playOrPause, iconMap={Default=(./assets/images/pauseDark.svg, null), SecondHome=(./assets/images/pauseDark.svg, null)}, animRes=null, voiceLabel=P***, isStandardAction=true, icon=Icon(typ=BITMAP size=162x162)), nextOrCustom=MediaAction(buttonName=nextOrCustom, iconMap={Default=(./assets/images/nextDark.svg, null), SecondHome=(./assets/images/nextDark.svg, null)}, animRes=./assets/images/next_anim.json, voiceLabel=N***, isStandardAction=true, icon=Icon(typ=BITMAP size=162x162)), prevOrCustom=MediaAction(buttonName=prevOrCustom, iconMap={Default=(./assets/images/previousDark.svg, null), SecondHome=(./assets/images/previousDark.svg, null)}, animRes=./assets/images/previous_anim.json, voiceLabel=P***, isStandardAction=true, icon=Icon(typ=BITMAP size=162x162)), custom0=null, custom1=MediaAction(buttonName=custom1, iconMap={}, animRes=null, voiceLabel=S***, isStandardAction=false, icon=Icon(typ=BITMAP size=162x162))),0
07-08 23:27:45.512 24668 24668 I Capacitor/Console: File:  - Line 349 - Msg: [object Object]
07-08 23:27:45.512 24668 25125 V Capacitor/Plugin: To native (Capacitor plugin): callbackId: 1553019, pluginId: BackgroundMedia, methodName: getAudioOutputRoute
07-08 23:27:45.512 24668 25125 V Capacitor: callback: 1553019, pluginId: BackgroundMedia, methodName: getAudioOutputRoute, methodData: {}
07-08 23:27:45.513  1779 11814 E         : DNS_CACHE: hanle request << adddns: hostname:www.youtube.com, servername:443, ai_flags:0, ai_family:0, ai_socktype:1, ai_protocol:0, netid:0, uid:10447
07-08 23:27:45.513 29491 29491 D DNS_CACHE: oplus_send_dns_response send hostname: www.youtube.com, servname: 443 response into netd: 0, *res = 0xb4000078678dd180
07-08 23:27:45.513 24668 24668 I Capacitor/Console: File:  - Line 349 - Msg: [object Object]
07-08 23:27:45.513 24668 25125 V Capacitor/Plugin: To native (Capacitor plugin): callbackId: 1553020, pluginId: BackgroundMedia, methodName: removeListener
07-08 23:27:45.513 24668 25125 V Capacitor: callback: 1553020, pluginId: BackgroundMedia, methodName: removeListener, methodData: {"eventName":"audioRouteChange","callbackId":"1553002"}
07-08 23:27:45.514 24668 25125 V Capacitor/Plugin: To native (Capacitor plugin): callbackId: 1553021, pluginId: BackgroundMedia, methodName: startForeground
07-08 23:27:45.514 24668 24668 I Capacitor/Console: File:  - Line 349 - Msg: [object Object]
07-08 23:27:45.514 24668 25125 V Capacitor: callback: 1553021, pluginId: BackgroundMedia, methodName: startForeground, methodData: {}
07-08 23:27:45.517 24668 24668 I Capacitor/Console: File:  - Line 333 - Msg: undefined
07-08 23:27:45.517 24668 24668 I Capacitor/Console: File:  - Line 333 - Msg: undefined
07-08 23:27:45.517 24668 25125 V Capacitor/Plugin: To native (Capacitor plugin): callbackId: 1553022, pluginId: NativeExoPlayback, methodName: setWiredDacStabilityEnabled
07-08 23:27:45.518 24668 25125 V Capacitor: callback: 1553022, pluginId: NativeExoPlayback, methodName: setWiredDacStabilityEnabled, methodData: {"enabled":true}
07-08 23:27:45.518 24668 24668 I Capacitor/Console: File:  - Line 333 - Msg: {"ok":true,"speed":1}
07-08 23:27:45.518 24668 24668 I Capacitor/Console: File:  - Line 333 - Msg: undefined
07-08 23:27:45.519 24668 24668 I Capacitor/Console: File:  - Line 349 - Msg: [object Object]
07-08 23:27:45.519 24668 24668 I Capacitor/Console: File:  - Line 333 - Msg: {"route":"speaker","reason":"start"}
07-08 23:27:45.519 24668 24668 I Capacitor/Console: File:  - Line 333 - Msg: undefined
07-08 23:27:45.519 24668 24668 I Capacitor/Console: File:  - Line 333 - Msg: {"route":"speaker"}
07-08 23:27:45.520 24668 25125 V Capacitor/Plugin: To native (Capacitor plugin): callbackId: 1553023, pluginId: BackgroundMedia, methodName: updatePlaybackState
07-08 23:27:45.520 24668 25125 V Capacitor: callback: 1553023, pluginId: BackgroundMedia, methodName: updatePlaybackState, methodData: {"isPlaying":true,"positionMs":902651,"durationMs":7506651,"playbackRate":1,"revision":42}
07-08 23:27:45.521  3425  4953 D NotificationService--OplusNotificationFixHelper: fixAppIcon: pkg=rd.sheepskin.sandboxmusic
07-08 23:27:45.521  3425  4953 D NotificationService--OplusNotificationFixHelper: fixAppIcon: appIcon = null, pkg = rd.sheepskin.sandboxmusic
07-08 23:27:45.521  3425  4953 D NotificationService--NotificationRecord: isSupportRearLight , isRearLight = false mLedRM = false isMultilLed = false
07-08 23:27:45.521  3425  4940 D MediaSessionService: onSessionPlaybackStateChanged: record=rd.sheepskin.sandboxmusic/SovereignMusicConsole/190 (userId=0) playbackState=PlaybackState {state=PLAYING(3), position=902651, buffered position=0, speed=1.0, updated=1783549665521, actions=894, custom actions=[], active item id=-1, error=null}
07-08 23:27:45.522  3425  4953 D MediaSessionService: onSessionPlaybackStateChanged: record=rd.sheepskin.sandboxmusic/SovereignMusicConsole/190 (userId=0) playbackState=PlaybackState {state=PLAYING(3), position=902651, buffered position=0, speed=1.0, updated=1783549665522, actions=894, custom actions=[], active item id=-1, error=null}
07-08 23:27:45.523  4972  4972 I SystemUi--Media: AbsMediaClient-->MEDIA_SEEDLING-->updateMediaDataByPlaybackState newState=3,newPosition=0, rd.sheepskin.sandboxmusic
07-08 23:27:45.523  4972  4972 I SystemUi--Media: AbsMediaClient-->MEDIA_SEEDLING-->dispatchMediaDataLoaded needUpdate=0 reason=updatePositionByPlaybackState isDestroyed=false
07-08 23:27:45.523  4972  4972 I SystemUi--Media: MediaDataCombineLatest-->MEDIA_SEEDLING-->onMediaDataLoaded mediaData = rd.sheepskin.sandboxmusic,0|rd.sheepskin.sandboxmusic|88001|null|10447,7506651,null,null,null,0,3,0,9502977,1.0,false,1783549665234,true,9502958,true,MediaButton(playId=0|rd.sheepskin.sandboxmusic|88001|null|10447, playOrPause=MediaAction(buttonName=playOrPause, iconMap={Default=(./assets/images/pauseDark.svg, null), SecondHome=(./assets/images/pauseDark.svg, null)}, animRes=null, voiceLabel=P***, isStandardAction=true, icon=Icon(typ=BITMAP size=162x162)), nextOrCustom=MediaAction(buttonName=nextOrCustom, iconMap={Default=(./assets/images/nextDark.svg, null), SecondHome=(./assets/images/nextDark.svg, null)}, animRes=./assets/images/next_anim.json, voiceLabel=N***, isStandardAction=true, icon=Icon(typ=BITMAP size=162x162)), prevOrCustom=MediaAction(buttonName=prevOrCustom, iconMap={Default=(./assets/images/previousDark.svg, null), SecondHome=(./assets/images/previousDark.svg, null)}, animRes=./assets/images/previous_anim.json, voiceLabel=P***, isStandardAction=true, icon=Icon(typ=BITMAP size=162x162)), custom0=null, custom1=MediaAction(buttonName=custom1, iconMap={}, animRes=null, voiceLabel=S***, isStandardAction=false, icon=Icon(typ=BITMAP size=162x162))),0
07-08 23:27:45.524  3425  6070 D NotificationService--OplusNotificationFixHelper: fixAppIcon: pkg=rd.sheepskin.sandboxmusic
07-08 23:27:45.524  3425  6070 D NotificationService--OplusNotificationFixHelper: fixAppIcon: appIcon = null, pkg = rd.sheepskin.sandboxmusic
07-08 23:27:45.524  3425  6070 D NotificationService--NotificationRecord: isSupportRearLight , isRearLight = false mLedRM = false isMultilLed = false
07-08 23:27:45.524  3425  4664 D NasPowerProxyService: playback state changed:{duration=7506651, artist=, album=, bufferedPosition=0, packageName=rd.sheepskin.sandboxmusic, state=3, position=902651, id=podcast:feed-tgquzh:feed-tgquzh:ep-cfntkq, title=, speed=1.0}
07-08 23:27:45.524  3425  4664 D NasPowerProxyService: playback state changed:{duration=7506651, artist=, album=, bufferedPosition=0, packageName=rd.sheepskin.sandboxmusic, state=3, position=902651, id=podcast:feed-tgquzh:feed-tgquzh:ep-cfntkq, title=, speed=1.0}
07-08 23:27:45.525 24668 24668 I Capacitor/Console: File:  - Line 333 - Msg: undefined
07-08 23:27:45.525 24668 24668 I Capacitor/Console: File:  - Line 349 - Msg: [object Object]
07-08 23:27:45.525  4972  4972 I SystemUi--Media: AbsMediaClient-->MEDIA_SEEDLING-->updateMediaDataByPlaybackState newState=3,newPosition=0, rd.sheepskin.sandboxmusic
07-08 23:27:45.525  4972  4972 I SystemUi--Media: AbsMediaClient-->MEDIA_SEEDLING-->dispatchMediaDataLoaded needUpdate=0 reason=updatePositionByPlaybackState isDestroyed=false
07-08 23:27:45.525  4972  4972 I SystemUi--Media: MediaDataCombineLatest-->MEDIA_SEEDLING-->onMediaDataLoaded mediaData = rd.sheepskin.sandboxmusic,0|rd.sheepskin.sandboxmusic|88001|null|10447,7506651,null,null,null,0,3,0,9502978,1.0,false,1783549665234,true,9502958,true,MediaButton(playId=0|rd.sheepskin.sandboxmusic|88001|null|10447, playOrPause=MediaAction(buttonName=playOrPause, iconMap={Default=(./assets/images/pauseDark.svg, null), SecondHome=(./assets/images/pauseDark.svg, null)}, animRes=null, voiceLabel=P***, isStandardAction=true, icon=Icon(typ=BITMAP size=162x162)), nextOrCustom=MediaAction(buttonName=nextOrCustom, iconMap={Default=(./assets/images/nextDark.svg, null), SecondHome=(./assets/images/nextDark.svg, null)}, animRes=./assets/images/next_anim.json, voiceLabel=N***, isStandardAction=true, icon=Icon(typ=BITMAP size=162x162)), prevOrCustom=MediaAction(buttonName=prevOrCustom, iconMap={Default=(./assets/images/previousDark.svg, null), SecondHome=(./assets/images/previousDark.svg, null)}, animRes=./assets/images/previous_anim.json, voiceLabel=P***, isStandardAction=true, icon=Icon(typ=BITMAP size=162x162)), custom0=null, custom1=MediaAction(buttonName=custom1, iconMap={}, animRes=null, voiceLabel=S***, isStandardAction=false, icon=Icon(typ=BITMAP size=162x162))),0
07-08 23:27:45.526 24668 24668 I Capacitor/Console: File:  - Line 333 - Msg: {"ok":true,"wiredDacStabilityEnabled":true}
07-08 23:27:45.527 24668 25125 V Capacitor/Plugin: To native (Capacitor plugin): callbackId: 1553024, pluginId: NativeExoPlayback, methodName: setGaplessEnabled
07-08 23:27:45.527 24668 25125 V Capacitor: callback: 1553024, pluginId: NativeExoPlayback, methodName: setGaplessEnabled, methodData: {"enabled":false}
07-08 23:27:45.527 24668 24668 I Capacitor/Console: File:  - Line 349 - Msg: [object Object]
07-08 23:27:45.527  4972  4972 I SystemUi--Media: MediaDataFlowLimiter-->MEDIA_PANEL-->onMediaDataLoaded: Sandbox Music(isPlaying:true) within debounce period, ignore
07-08 23:27:45.528  4972  5076 I SystemUi--Media: OplusMediaDataManagerSt-->AOD_MEDIA_PANEL-->createActionsFromState: curState = 3
07-08 23:27:45.528  4972  4972 I SystemUi--Media: MediaDataFlowLimiter-->MEDIA_PANEL-->onMediaDataLoaded: Sandbox Music(isPlaying:true) within debounce period, ignore
07-08 23:27:45.530  4972  5076 D MediaDataManager: State updated outside of notification
07-08 23:27:45.530  4972  4972 D MediaDataManager: updateState: isPlaying = true, song change = false
07-08 23:27:45.530  4972  5076 I SystemUi--Media: OplusMediaDataManagerSt-->AOD_MEDIA_PANEL-->createActionsFromState: curState = 3
07-08 23:27:45.530  3425  6070 D NotificationService--OplusNotificationFixHelper: fixAppIcon: pkg=rd.sheepskin.sandboxmusic
07-08 23:27:45.531  3425  6070 D NotificationService--OplusNotificationFixHelper: fixAppIcon: appIcon = null, pkg = rd.sheepskin.sandboxmusic
07-08 23:27:45.531  3425  6070 D NotificationService--NotificationRecord: isSupportRearLight , isRearLight = false mLedRM = false isMultilLed = false
07-08 23:27:45.531  4972  4972 I SystemUi--Media: MediaDataFlowLimiter-->MEDIA_PANEL-->onMediaDataLoaded: Sandbox Music(isPlaying:true) within debounce period, ignore
07-08 23:27:45.532  4972  5076 D MediaDataManager: State updated outside of notification
07-08 23:27:45.533 24668 24668 I Capacitor/Console: File:  - Line 333 - Msg: undefined
07-08 23:27:45.533 24668 24668 I Capacitor/Console: File:  - Line 333 - Msg: {"ok":true,"gaplessEnabled":false}
07-08 23:27:45.533  4972  4972 D MediaDataManager: updateState: isPlaying = true, song change = false
07-08 23:27:45.534 24668 24668 I Capacitor/Console: File:  - Line 349 - Msg: [object Object]
07-08 23:27:45.534 24668 25125 V Capacitor/Plugin: To native (Capacitor plugin): callbackId: 1553025, pluginId: NativeExoPlayback, methodName: setCrossfadeEnabled
07-08 23:27:45.534 24668 25125 V Capacitor: callback: 1553025, pluginId: NativeExoPlayback, methodName: setCrossfadeEnabled, methodData: {"enabled":false,"durationMs":2500,"gaplessDurationMs":600}
07-08 23:27:45.534  4972  4972 I SystemUi--Media: MediaDataFlowLimiter-->MEDIA_PANEL-->onMediaDataLoaded: Sandbox Music(isPlaying:true) within debounce period, ignore
07-08 23:27:45.535 24668 24668 I Capacitor/Console: File:  - Line 333 - Msg: {"ok":true,"crossfadeEnabled":false,"durationMs":2500}
07-08 23:27:45.535 24668 25125 V Capacitor/Plugin: To native (Capacitor plugin): callbackId: 1553026, pluginId: NativeExoPlayback, methodName: setBitPerfectEnabled
07-08 23:27:45.535 24668 24668 I Capacitor/Console: File:  - Line 349 - Msg: [object Object]
07-08 23:27:45.535 24668 25125 V Capacitor: callback: 1553026, pluginId: NativeExoPlayback, methodName: setBitPerfectEnabled, methodData: {"enabled":false}
07-08 23:27:45.536 24668 24668 I AudioEffect: setParameter(): 0xb4000070b04b5800, param: 0, param2: -1
07-08 23:27:45.536  2212  4507 D EffectHalHidl: audioSchedBoost, set audiohal task boost, pid=2212, tid=4507, ret=0
07-08 23:27:45.536  2212  4507 D EffectHalHidl: audioSchedBoost, set audiohal task boost, pid=2212, tid=4507, ret=0
07-08 23:27:45.537 24668 24668 I Capacitor/Console: File:  - Line 333 - Msg: {"ok":true,"bitPerfectEnabled":false,"bitPerfectActive":false}
07-08 23:27:45.537  4972  4972 I PluginSeedling--Origin: LiveAlertInteractorImpl-->EntryDataListener,onDataPosted originData:[t3.d@eb89106f] data:[t3.d@eb89106f]
07-08 23:27:45.538  4972  4972 I PluginSeedling--Origin: LiveAlertInteractorImpl-->notifyEntryDataChanged ENTRY_NOTIFICATION, result:LiveAlertModel: [key: 0|com.android.systemui|268452006|1783549664527|0, entranceType: ENTRY_NOTIFICATION, score: 6.15, groupPriority: 2 type: LIVE, isSystemService: true, shouldShow: true, lockscreenShouldShow: true, sourceType: SOURCE_COMMON, remindLevel: 0, pkg: rd.sheepskin.sandboxmusic, hostPkgName=com.android.systemui front: true, forceRebuild: false, isForcedReminder: false, InstantDuration: 5000, requestPanel: null, capsuleTimeOut: 300000, serviceTitleName: , overrideTransition: false level: 2,
07-08 23:27:45.538  4972  4972 I PluginSeedling--Origin:  rusBaseData: RusBaseData(id='default_com.android.systemui_268452006', updateStateEnable=1, canDelete=1, remindAlways=0, longClick='', cardImportance=-1, clickCustomAction=0,timeOutDuration=5, timeOutDurationEnable=0,enableInSuperpower=0, autoPriority=0, customCapsuleDuration=300000,clickWhenAnim=1, panoramicAodEnable=1,notificationStyleList=,blackCallStyle=0, liveAlertScore=6.15,liveAlertLevel=2,enableQuitShrink=0, lockImmersiveEnable=1, lockImmersiveDefault=1,lockRemindAlways = 0, luSettings=[], liteAnim=14, serviceType=1), showSize: VIEW_SIZE_NONE, isPinFiltered: false serviceFrom: 0, liveAlertState: SeedlingState(0), wrapperSize: 3, duplicateChips: false, quitHideOrBubble:0, liveAlertService:, immersiveCardType:2, requestLockScreenImmersive:-1, ignoreEntry:-1, noe: false
07-08 23:27:45.538  4972  4972 I PluginSeedling--Notification: NotificationRepository-->onDataChanged, [LiveAlertModel: [key: 0|com.android.systemui|268452006|1783549664527|0, entranceType: ENTRY_NOTIFICATION, score: 6.15, groupPriority: 2 type: LIVE, isSystemService: true, shouldShow: true, lockscreenShouldShow: true, sourceType: SOURCE_COMMON, remindLevel: 0, pkg: rd.sheepskin.sandboxmusic, hostPkgName=com.android.systemui front: true, forceRebuild: false, isForcedReminder: false, InstantDuration: 5000, requestPanel: null, capsuleTimeOut: 300000, serviceTitleName: , overrideTransition: false level: 2,
07-08 23:27:45.538  4972  4972 I PluginSeedling--Notification:  rusBaseData: RusBaseData(id='default_com.android.systemui_268452006', updateStateEnable=1, canDelete=1, remindAlways=0, longClick='', cardImportance=-1, clickCustomAction=0,timeOutDuration=5, timeOutDurationEnable=0,enableInSuperpower=0, autoPriority=0, customCapsuleDuration=300000,clickWhenAnim=1, panoramicAodEnable=1,notificationStyleList=,blackCallStyle=0, liveAlertScore=6.15,liveAlertLevel=2,enableQuitShrink=0, lockImmersiveEnable=1, lockImmersiveDefault=1,lockRemindAlways = 0, luSettings=[], liteAnim=14, serviceType=1), showSize: VIEW_SIZE_NONE, isPinFiltered: false serviceFrom: 0, liveAlertState: SeedlingState(0), wrapperSize: 3, duplicateChips: false, quitHideOrBubble:0, liveAlertService:, immersiveCardType:2, requestLockScreenImmersive:-1, ignoreEntry:-1]
07-08 23:27:45.538  4972  4972 I PluginSeedling--Origin: LiveAlertInteractorImpl-->EntryDataListener,onDataPosted originData:[t3.d@eb89106f] data:[t3.d@eb89106f]
07-08 23:27:45.539  4972  4972 I PluginSeedling--Origin: LiveAlertInteractorImpl-->notifyEntryDataChanged ENTRY_STATUS_BAR, result:LiveAlertModel: [key: 0|com.android.systemui|268452006|1783549664527|0, entranceType: ENTRY_STATUS_BAR, score: 6.15, groupPriority: 2 type: LIVE, isSystemService: true, shouldShow: true, lockscreenShouldShow: false, sourceType: SOURCE_COMMON, remindLevel: 0, pkg: rd.sheepskin.sandboxmusic, hostPkgName=com.android.systemui front: true, forceRebuild: false, isForcedReminder: false, InstantDuration: 5000, requestPanel: null, capsuleTimeOut: 300000, serviceTitleName: , overrideTransition: false level: 2,
07-08 23:27:45.539  4972  4972 I PluginSeedling--Origin:  rusBaseData: RusBaseData(id='default_com.android.systemui_268452006', updateStateEnable=1, canDelete=1, remindAlways=0, longClick='', cardImportance=-1, clickCustomAction=0,timeOutDuration=5, timeOutDurationEnable=0,enableInSuperpower=0, autoPriority=0, customCapsuleDuration=300000,clickWhenAnim=1, panoramicAodEnable=1,notificationStyleList=,blackCallStyle=0, liveAlertScore=6.15,liveAlertLevel=2,enableQuitShrink=0, lockImmersiveEnable=1, lockImmersiveDefault=1,lockRemindAlways = 0, luSettings=[], liteAnim=14, serviceType=1), showSize: VIEW_SIZE_NONE, isPinFiltered: false serviceFrom: 0, liveAlertState: SeedlingState(0), wrapperSize: 2, duplicateChips: false, quitHideOrBubble:0, liveAlertService:, immersiveCardType:2, requestLockScreenImmersive:-1, ignoreEntry:-1, noe: false
07-08 23:27:45.539  4972  4972 I PluginSeedling--Template: TransitionViewWrapper-->update, newPageState: NORMAL_STYLE, currentPage:NORMAL_STYLE
07-08 23:27:45.540  4972  4972 I PluginSeedling--Template: TransitionViewWrapper-->update, newPageState: MEDIA_PLAYER_STYLE, currentPage:MEDIA_PLAYER_STYLE
07-08 23:27:45.542  4972  4972 I PluginSeedling--Template: TransitionViewWrapper-->update, newPageState: MEDIA_PLAYER_STYLE, currentPage:MEDIA_PLAYER_STYLE
07-08 23:27:45.545  4972  4972 I PluginSeedling--Template: TransitionViewWrapper-->update, newPageState: NORMAL_STYLE, currentPage:NORMAL_STYLE
07-08 23:27:45.545  4972  4972 I PluginSeedling--Template: CapsulePageViewModel-->sectionsTemplateData: left, style:CapsuleSectionTemplateData(style=IMAGE_TEXT_STYLE, moduleDic={pic=BitmapModel(src=android.graphics.Bitmap@ecc82ad, iconColor=null, icon=Icon(typ=RESOURCE pkg=com.android.systemui id=0x7f0809d5), anim=null, bgColor=0, shape=1, width=90, height=90, radius=45.0, actionIntent=null, pi=null, desc=Sandbox Music)}, backgroundColor=null)
07-08 23:27:45.545  4972  4972 I PluginSeedling--Template: CapsulePageViewModel-->sectionsTemplateData: right, style:CapsuleSectionTemplateData(style=TEXT_IMAGE_STYLE, moduleDic={pic=DrawableModel(src=null, iconColor=null, anim=LottieOrRawAnimModel(anim='[length=10444]', shouldPlayCount=-1), bgColor=0, shape=0, width=90, height=90, radius=45.0, actionIntent=null, pi=null, desc=Sandbox Music)}, backgroundColor=null)
07-08 23:27:45.546  4972  4972 I PluginSeedling--Template: TransitionViewWrapper-->update, newPageState: MEDIA_PLAYER_STYLE, currentPage:MEDIA_PLAYER_STYLE
07-08 23:27:45.553  2232  2814 E HwcComposer: getLuts failed Status(-129, EX_TRANSACTION_FAILED): 'UNKNOWN_TRANSACTION: '
07-08 23:27:45.593 24668 25125 V Capacitor/Plugin: To native (Capacitor plugin): callbackId: 1553027, pluginId: NativeExoPlayback, methodName: getStatus
07-08 23:27:45.593 24668 25125 V Capacitor: callback: 1553027, pluginId: NativeExoPlayback, methodName: getStatus, methodData: {}
07-08 23:27:45.594 24668 24668 I Capacitor/Console: File:  - Line 349 - Msg: [object Object]
07-08 23:27:45.604  4972  4972 I SystemUi--Media: MediaDataFlowLimiter-->MEDIA_PANEL-->onMediaDataLoaded, last data 100 ms , 0|rd.sheepskin.sandboxmusic|88001|null|10447 Sandbox Music(isPlaying:true), currentData = MediaDataExt{userId=0, initialized=true, app=Sandbox Music, artist=EMPTY, song=EMPTY, artwork=null, packageName=rd.sheepskin.sandboxmusic, token=android.media.session.MediaSession$Token@e5b267a,  active=true, playbackLocation=0, resumption=false, notificationKey=0|rd.sheepskin.sandboxmusic|88001|null|10447, isPlaying=true, mediaCustNotification=false, }
07-08 23:27:45.605  4972  4972 I SystemUi--Media: MediaDataFlowLimiter-->MEDIA_PANEL-->debounce remove 0|rd.sheepskin.sandboxmusic|88001|null|10447
07-08 23:27:45.611  4972  4972 I SystemUi--Media: MediaPlayerData-->MEDIA_PANEL-->addMediaSortKey newKey:0|rd.sheepskin.sandboxmusic|88001|null|10447 oldKey:0|rd.sheepskin.sandboxmusic|88001|null|10447, remove:true packageName:rd.sheepskin.sandboxmusic playbackStateUnchanged:true newPlaying:true oldPlaying:true updateTime:1783549665234 oldTime:1783549665234 noUpdateTime:false
07-08 23:27:45.611  4972  4972 I SystemUi--Media: OplusMediaDataFilterExImpl-->MEDIA_PANEL-->dispatchMediaDataOnLoaded key:0|rd.sheepskin.sandboxmusic|88001|null|10447 oldKey:0|rd.sheepskin.sandboxmusic|88001|null|10447 data:MediaDataExt{userId=0, initialized=true, app=Sandbox Music, artist=EMPTY, song=EMPTY, artwork=null, packageName=rd.sheepskin.sandboxmusic, token=android.media.session.MediaSession$Token@e5b267a,  active=true, playbackLocation=0, resumption=false, notificationKey=0|rd.sheepskin.sandboxmusic|88001|null|10447, isPlaying=true, mediaCustNotification=false, }
07-08 23:27:45.611  4972  4972 I SystemUi--Media: OplusQsMediaPanelViewController-->MEDIA_PANEL-->onMediaDataLoaded: MediaDataExt{userId=0, initialized=true, app=Sandbox Music, artist=EMPTY, song=EMPTY, artwork=null, packageName=rd.sheepskin.sandboxmusic, token=android.media.session.MediaSession$Token@e5b267a,  active=true, playbackLocation=0, resumption=false, notificationKey=0|rd.sheepskin.sandboxmusic|88001|null|10447, isPlaying=true, mediaCustNotification=false, }, controller: com.oplus.systemui.qs.media.OplusQsMediaPanelViewController$mediaDataUpdateListener$1@9b00f6d
07-08 23:27:45.612  4972  4972 I SystemUi--Media: OplusMediaSeedlingController-->MEDIA_SEEDLING-->warning: onMediaDataLoaded: old mediaClient is not null! key=0|rd.sheepskin.sandboxmusic|88001|null|10447
07-08 23:27:45.613  4972  4972 I SystemUi--Media: AbsMediaClient-->MEDIA_SEEDLING-->onMediaDataLoaded: data=MediaDataExt{userId=0, initialized=true, app=Sandbox Music, artist=EMPTY, song=EMPTY, artwork=null, packageName=rd.sheepskin.sandboxmusic, token=android.media.session.MediaSession$Token@e5b267a,  active=true, playbackLocation=0, resumption=false, notificationKey=0|rd.sheepskin.sandboxmusic|88001|null|10447, isPlaying=true, mediaCustNotification=false, } isDestroyed=false
07-08 23:27:45.613  4972  4972 I SystemUi--Media: AodMediaDataListener-->AOD_MEDIA_PANEL-->onMediaDataLoaded aod media not support for rd.sheepskin.sandboxmusic
07-08 23:27:45.615  4972  5075 I SystemUi--Media: AbsMediaClient-->MEDIA_SEEDLING-->updateMediaDataByPlaybackState newState=3,newPosition=0, rd.sheepskin.sandboxmusic
07-08 23:27:45.615  4972  5075 I SystemUi--Media: MediaActionBinder-->MEDIA_SEEDLING-->createOplusMediaActions: mediaActionPriority=PreferSemanticActions
07-08 23:27:45.616  4972  4972 I SystemUi--Media: AbsMediaClient-->MEDIA_SEEDLING-->dispatchMediaDataLoaded needUpdate=0 reason=bgHandler onMediaDataLoaded isDestroyed=false
07-08 23:27:45.617  4972  4972 I SystemUi--Media: MediaDataCombineLatest-->MEDIA_SEEDLING-->onMediaDataLoaded mediaData = rd.sheepskin.sandboxmusic,0|rd.sheepskin.sandboxmusic|88001|null|10447,7506651,null,null,null,0,3,0,9503067,1.0,false,1783549665234,true,9502958,true,MediaButton(playId=0|rd.sheepskin.sandboxmusic|88001|null|10447, playOrPause=MediaAction(buttonName=playOrPause, iconMap={Default=(./assets/images/pauseDark.svg, null), SecondHome=(./assets/images/pauseDark.svg, null)}, animRes=null, voiceLabel=P***, isStandardAction=true, icon=Icon(typ=BITMAP size=162x162)), nextOrCustom=MediaAction(buttonName=nextOrCustom, iconMap={Default=(./assets/images/nextDark.svg, null), SecondHome=(./assets/images/nextDark.svg, null)}, animRes=./assets/images/next_anim.json, voiceLabel=N***, isStandardAction=true, icon=Icon(typ=BITMAP size=162x162)), prevOrCustom=MediaAction(buttonName=prevOrCustom, iconMap={Default=(./assets/images/previousDark.svg, null), SecondHome=(./assets/images/previousDark.svg, null)}, animRes=./assets/images/previous_anim.json, voiceLabel=P***, isStandardAction=true, icon=Icon(typ=BITMAP size=162x162)), custom0=null, custom1=MediaAction(buttonName=custom1, iconMap={}, animRes=null, voiceLabel=S***, isStandardAction=false, icon=Icon(typ=BITMAP size=162x162))),0
07-08 23:27:45.620 24668 24668 I Capacitor/Console: File:  - Line 333 - Msg: {"available":true,"wired":true,"message":"ExoPlayer decode active ÔÇö content:// locker bridge + HTTP streams.","state":"playing","positionSecs":902.789,"durationSecs":7506.651,"queueIndex":0,"queueLength":1,"gaplessEnabled":false,"crossfadeEnabled":false,"bitPerfectActive":false,"currentUrl":"https://traffic.megaphone.fm/GLT2768068918.mp3","envelopeId":"podcast:feed-tgquzh:feed-tgquzh:ep-cfntkq","title":"#2524 - Rupert Lowe","artist":"The Joe Rogan Experience","album":"The Joe Rogan Experience","artworkUrl":"https://megaphone.imgix.net/podcasts/8e5bcebc-ca16-11ee-89f0-0fa0b9bdfc7c/image/7190613c58bad86913afb6991d842e2f.jpg?ixlib=rails-4.3.1&max-w=3000&max-h=3000&fit=crop&auto=format,compress"}
07-08 23:27:45.621 24668 24668 I Capacitor/Console: File:  - Line 349 - Msg: [object Object]
07-08 23:27:45.622 24668 25125 V Capacitor/Plugin: To native (Capacitor plugin): callbackId: 1553028, pluginId: NativeExoPlayback, methodName: seek
07-08 23:27:45.623 24668 25125 V Capacitor: callback: 1553028, pluginId: NativeExoPlayback, methodName: seek, methodData: {"seconds":902.813}
07-08 23:27:45.628 24668 25188 D AudioTrack: pause(368): prior state:STATE_ACTIVE output 29 stream 3 session 2369
07-08 23:27:45.629  3425  6070 E AppOps  : attributionTag  not declared in manifest of rd.sheepskin.sandboxmusic
07-08 23:27:45.630  3425  4940 E AppOps  : attributionTag  not declared in manifest of rd.sheepskin.sandboxmusic
07-08 23:27:45.635 24668 28565 I CCodecConfig: query failed after returning 8 values (BAD_INDEX)
07-08 23:27:45.636 24668 28565 W Codec2Client: query -- param skipped: index = 1342179345.
07-08 23:27:45.636 24668 28565 W Codec2Client: query -- param skipped: index = 2415921170.
07-08 23:27:45.636  4972  4972 I SystemUi--Volume: MultiMediaRepository-->playback snapshot remove: 24668, playerId2855
07-08 23:27:45.636  4972  4972 I SystemUi--Volume: VolumeListAdapter-->removeItem Sandbox Musictrue
07-08 23:27:45.643 24668 25125 V Capacitor/Plugin: To native (Capacitor plugin): callbackId: 1553029, pluginId: NativeExoPlayback, methodName: setPlaybackSpeed
07-08 23:27:45.643 24668 25125 V Capacitor: callback: 1553029, pluginId: NativeExoPlayback, methodName: setPlaybackSpeed, methodData: {"speed":1}
07-08 23:27:45.644 24668 24668 I Capacitor/Console: File:  - Line 349 - Msg: [object Object]
