--------- beginning of main
06-17 14:12:16.349  8076 23527 I Finsky:background: [176571] RM: receive resource status onSuccess com.google.android.captiveportallogin.dm reason: auto_update isid: 4Mj_BBHgTESd2YVzH6-_pw, 3, 200, size: 7725/7725
06-17 14:12:16.350  8076 23527 I Finsky:background: [176571] DSC::L: Updating listener vdc@38a7256 for download <9204:SUCCEEDED>
06-17 14:12:16.350  8076  8116 I Finsky:background: [176508] DS: reviveDownload(request_id=9204)
06-17 14:12:16.351  8076 23527 I Finsky:background: [176571] DSC::L: Updating listener DownloadServiceManagerListener::sut@d31b471 for download <9204:SUCCEEDED>
06-17 14:12:16.351  8076 23527 I Finsky:background: [176571] DS::IDC: updateWith: <9204:SUCCEEDED>
06-17 14:12:16.352  8076 23527 I Finsky:background: [176571] DSC::L: Update all listeners for download <9205:RUNNING:0%[0%]> in group com.google.android.captiveportallogin:4Mj_BBHgTESd2YVzH6-_pw
06-17 14:12:16.352  8076 23527 I Finsky:background: [176571] DSC::L: Updating listener DownloadServiceManagerListener::aoso@48b8c30 for download <9205:RUNNING:0%[0%]>
06-17 14:12:16.352  8076 23527 I Finsky:background: [176571] DS: Received onProgress request_id=9205
06-17 14:12:16.353  8076 23527 I Finsky:background: [176571] RM: receive resource status onStart com.google.android.captiveportallogin.apk reason: auto_update isid: 4Mj_BBHgTESd2YVzH6-_pw, 2, 192, size: 0/98107
06-17 14:12:16.353  8076 23527 I Finsky:background: [176571] RM: receive resource status onProgress download_request_id=9205, group_id=com.google.android.captiveportallogin.apk reason: auto_update isid: 4Mj_BBHgTESd2YVzH6-_pw, status_code=RESOURCE_STATUS_IN_PROGRESS, legacy_status_code=192, size: 0/98107
06-17 14:12:16.353  8076 23527 I Finsky:background: [176571] DSC::L: Updating listener vdc@38a7256 for download <9205:RUNNING:0%[0%]>
06-17 14:12:16.354  8076 23527 I Finsky:background: [176571] DSC::L: Updating listener DownloadServiceManagerListener::sut@d31b471 for download <9205:RUNNING:0%[0%]>
06-17 14:12:16.354  8076 23527 I Finsky:background: [176571] DS::IDC: updateWith: <9205:RUNNING:0%[0%]>
06-17 14:12:16.354  8076  8110 I Finsky:background: [176502] RM: getStatus resourceRequestId=48213cfd-c5a8-4fdb-8dbf-fe0f3d5d514e requestId=9204 package=com.google.android.captiveportallogin artifact=com.google.android.captiveportallogin.dm isid=4Mj_BBHgTESd2YVzH6-_pw
06-17 14:12:16.354  8076 23527 I Finsky:background: [176571] DS: DS: onReviveDownload(request_id=9204, files_to_download=[com.google.android.captiveportallogin.dm(size:7725)], context[group_id=com.google.android.captiveportallogin:4Mj_BBHgTESd2YVzH6-_pw], display_data[invisible=true, title=Google Play system update], network_restrictions=ANY_NETWORK status=succeeded, bytes_downloaded=7725, total_bytes=7725, retry[count=0, next_retry=n/a])
06-17 14:12:16.355  8076  8110 I Finsky:background: [176502] DSC: reviveDownload(9204)
06-17 14:12:16.356  8076  8110 I Finsky:background: [176502] DS: reviveDownload(request_id=9204)
06-17 14:12:16.359  8076  8118 I Finsky:background: [176510] RM: getStatus resourceRequestId=cda7fb56-4bff-493c-8fec-59d6672c3c0e requestId=9205 package=com.google.android.captiveportallogin artifact=com.google.android.captiveportallogin.apk isid=4Mj_BBHgTESd2YVzH6-_pw
06-17 14:12:16.360  8076  8118 I Finsky:background: [176510] DSC: reviveDownload(9205)
06-17 14:12:16.361  8076  8118 I Finsky:background: [176510] DS: reviveDownload(request_id=9205)
06-17 14:12:16.363  8076 23509 I Finsky:background: [176559] DU: Stored data usage stats for package com.google.android.captiveportallogin; completed bytes: 7725.
06-17 14:12:16.363  8076  8105 I Finsky:background: [176497] RM: getStatus resourceRequestId=cda7fb56-4bff-493c-8fec-59d6672c3c0e requestId=9205 package=com.google.android.captiveportallogin artifact=com.google.android.captiveportallogin.apk isid=4Mj_BBHgTESd2YVzH6-_pw
06-17 14:12:16.363  8076  8105 I Finsky:background: [176497] DSC: reviveDownload(9205)
06-17 14:12:16.364  8076 23527 I Finsky:background: [176571] DS: DS: onReviveDownload(request_id=9204, files_to_download=[com.google.android.captiveportallogin.dm(size:7725)], context[group_id=com.google.android.captiveportallogin:4Mj_BBHgTESd2YVzH6-_pw], display_data[invisible=true, title=Google Play system update], network_restrictions=ANY_NETWORK status=succeeded, bytes_downloaded=7725, total_bytes=7725, retry[count=0, next_retry=n/a])
06-17 14:12:16.364  8076  8105 I Finsky:background: [176497] DS: reviveDownload(request_id=9205)
06-17 14:12:16.364  8076  8076 I Finsky:background: [2] RF: onProgress request_id=9204 isid=4Mj_BBHgTESd2YVzH6-_pw
06-17 14:12:16.365  8076  8076 I Finsky:background: [2] RF: resourceStatus for request_id=9204 group=com.google.android.captiveportallogin artifact=com.google.android.captiveportallogin.dm collectedBytes= 7725 / 7725
06-17 14:12:16.365  8076  8076 I Finsky:background: [2] RF: Group=com.google.android.captiveportallogin totalBytesDownloaded= 7725 / 109357 for 2 artifacts
06-17 14:12:16.365  8076 23527 I Finsky:background: [176571] DS: DS: onReviveDownload(request_id=9204, files_to_download=[com.google.android.captiveportallogin.dm(size:7725)], context[group_id=com.google.android.captiveportallogin:4Mj_BBHgTESd2YVzH6-_pw], display_data[invisible=true, title=Google Play system update], network_restrictions=ANY_NETWORK status=succeeded, bytes_downloaded=7725, total_bytes=7725, retry[count=0, next_retry=n/a])
06-17 14:12:16.365  8076 23527 I Finsky:background: [176571] DSC::L: Update all listeners for download <9205:RUNNING:100%[100%]> in group com.google.android.captiveportallogin:4Mj_BBHgTESd2YVzH6-_pw
06-17 14:12:16.366  8076 23527 I Finsky:background: [176571] DSC::L: Updating listener DownloadServiceManagerListener::aoso@48b8c30 for download <9205:RUNNING:100%[100%]>
06-17 14:12:16.366  8076  8076 I Finsky:background: [2] RF: Preventing total bytes update to listeners
06-17 14:12:16.366  8076 23527 I Finsky:background: [176571] DS: Received onProgress request_id=9205
06-17 14:12:16.367  8076 23527 I Finsky:background: [176571] RM: receive resource status onProgress download_request_id=9205, group_id=com.google.android.captiveportallogin.apk reason: auto_update isid: 4Mj_BBHgTESd2YVzH6-_pw, status_code=RESOURCE_STATUS_IN_PROGRESS, legacy_status_code=192, size: 98107/98107
06-17 14:12:16.367  8076  8076 I Finsky:background: [2] RF: onProgress request_id=9204 isid=4Mj_BBHgTESd2YVzH6-_pw
06-17 14:12:16.368  8076  8076 I Finsky:background: [2] RF: resourceStatus for request_id=9204 group=com.google.android.captiveportallogin artifact=com.google.android.captiveportallogin.dm collectedBytes= 7725 / 7725
06-17 14:12:16.369  8076  8076 I Finsky:background: [2] RF: Group=com.google.android.captiveportallogin totalBytesDownloaded= 7725 / 109357 for 2 artifacts
06-17 14:12:16.370  8076  8076 I Finsky:background: [2] RF: Preventing total bytes update to listeners
06-17 14:12:16.372  8076  8118 I Finsky:background: [176510] RM: getStatus resourceRequestId=cda7fb56-4bff-493c-8fec-59d6672c3c0e requestId=9205 package=com.google.android.captiveportallogin artifact=com.google.android.captiveportallogin.apk isid=4Mj_BBHgTESd2YVzH6-_pw
06-17 14:12:16.372  8076  8076 I Finsky:background: [2] RF: onResourceSuccess request_id=9204 isid=4Mj_BBHgTESd2YVzH6-_pw
06-17 14:12:16.372  8076  8118 I Finsky:background: [176510] DSC: reviveDownload(9205)
06-17 14:12:16.372  8076 23527 I Finsky:background: [176571] DSC::L: Updating listener vdc@38a7256 for download <9205:RUNNING:100%[100%]>
06-17 14:12:16.373  8076  8118 I Finsky:background: [176510] DS: reviveDownload(request_id=9205)
06-17 14:12:16.373  8076 23527 I Finsky:background: [176571] DSC::L: Updating listener DownloadServiceManagerListener::sut@d31b471 for download <9205:RUNNING:100%[100%]>
06-17 14:12:16.373  8076  8076 I Finsky:background: [2] RF: resourceStatus for request_id=9204 group=com.google.android.captiveportallogin artifact=com.google.android.captiveportallogin.dm collectedBytes= 7725 / 7725
06-17 14:12:16.373  8076 23527 I Finsky:background: [176571] DS::IDC: updateWith: <9205:RUNNING:100%[100%]>
06-17 14:12:16.374  8076  8076 I Finsky:background: [2] RF: Group=com.google.android.captiveportallogin totalBytesDownloaded= 7725 / 109357 for 2 artifacts
06-17 14:12:16.374  8076  8076 I Finsky:background: [2] bytesCompleted/bytesTotal/ratio = 7725 / 109357 / 0.070640
06-17 14:12:16.375  8076  8076 I Finsky:background: [2] RF: onSuccess request_id=9204 isid=4Mj_BBHgTESd2YVzH6-_pw
06-17 14:12:16.375  8076 23527 I Finsky:background: [176571] DS: Decremented runningDownloadsCount to: 1
06-17 14:12:16.377  5058  5099 D BaseModelUpdateTask: Ignoring model task since loader is pending=com.android.launcher3.model.PackageInstallStateChangedTask@e545027
06-17 14:12:16.379  8076  8076 I Finsky:background: [2] RF: resourceStatus for request_id=9204 group=com.google.android.captiveportallogin artifact=com.google.android.captiveportallogin.dm collectedBytes= 7725 / 7725
06-17 14:12:16.379  8076  8076 I Finsky:background: [2] RF: Group=com.google.android.captiveportallogin totalBytesDownloaded= 7725 / 109357 for 2 artifacts
06-17 14:12:16.381  8076 23527 I Finsky:background: [176571] DS: Current runningDownloadsCount: 1, queuedCount: 0
06-17 14:12:16.390  8076 23527 I Finsky:background: [176571] DS: DS: onReviveDownload(request_id=9205, files_to_download=[com.google.android.captiveportallogin.apk(size:98107)], context[group_id=com.google.android.captiveportallogin:4Mj_BBHgTESd2YVzH6-_pw], display_data[invisible=true, title=Google Play system update], network_restrictions=ANY_NETWORK status=running, bytes_downloaded=0, total_bytes=98107, retry[count=0, next_retry=n/a])
06-17 14:12:16.390  8076 24107 I Finsky:background: [176579] IV2: onTaskProgress mainline_train_primary[iid:1548] [isid:JxbyqBzdQcu2PZOLs4pxHw] status:RESOURCE_FETCH_PROGRESS, size: 26366606/47888569
06-17 14:12:16.393 13819 20282 V Capacitor/Plugin: To native (Capacitor plugin): callbackId: 122403952, pluginId: NativeExoPlayback, methodName: getStatus
06-17 14:12:16.393 13819 20282 V Capacitor: callback: 122403952, pluginId: NativeExoPlayback, methodName: getStatus, methodData: {}
06-17 14:12:16.393 13819 13819 I Capacitor/Console: File:  - Line 349 - Msg: [object Object]
06-17 14:12:16.395  8076 23527 I Finsky:background: [176571] DSC::L: Update all listeners for download <9205:SUCCEEDED> in group com.google.android.captiveportallogin:4Mj_BBHgTESd2YVzH6-_pw
06-17 14:12:16.395  8076 23527 I Finsky:background: [176571] DSC::L: Updating listener DownloadServiceManagerListener::aoso@48b8c30 for download <9205:SUCCEEDED>
06-17 14:12:16.396  8076 23527 I Finsky:background: [176571] RM: receive resource status onSuccess com.google.android.captiveportallogin.apk reason: auto_update isid: 4Mj_BBHgTESd2YVzH6-_pw, 3, 200, size: 98107/98107
06-17 14:12:16.396  8076 23527 I Finsky:background: [176571] DSC::L: Updating listener vdc@38a7256 for download <9205:SUCCEEDED>
06-17 14:12:16.396  8076 23527 I Finsky:background: [176571] DSC::L: Updating listener DownloadServiceManagerListener::sut@d31b471 for download <9205:SUCCEEDED>
06-17 14:12:16.397  8076 23527 I Finsky:background: [176571] DS::IDC: updateWith: <9205:SUCCEEDED>
06-17 14:12:16.397 13819 13819 I Capacitor/Console: File:  - Line 333 - Msg: {"available":true,"wired":true,"message":"ExoPlayer gapless queue — content:// locker bridge + HTTP streams.","state":"idle","positionSecs":0,"durationSecs":0,"queueIndex":0,"queueLength":0,"gaplessEnabled":true,"crossfadeEnabled":false,"bitPerfectActive":false}
06-17 14:12:16.398  8076  8076 I Finsky:background: [2] RF: onStart request_id=9205 isid=4Mj_BBHgTESd2YVzH6-_pw
06-17 14:12:16.399  8076 23527 I Finsky:background: [176571] DS: DS: onReviveDownload(request_id=9205, files_to_download=[com.google.android.captiveportallogin.apk(size:98107)], context[group_id=com.google.android.captiveportallogin:4Mj_BBHgTESd2YVzH6-_pw], display_data[invisible=true, title=Google Play system update], network_restrictions=ANY_NETWORK status=running, bytes_downloaded=98107, total_bytes=98107, retry[count=0, next_retry=n/a])
06-17 14:12:16.399  8076  8106 I Finsky:background: [176498] RF: starting postprocessing for com.google.android.captiveportallogin.dm
06-17 14:12:16.400  8076 23527 I Finsky:background: [176571] DS: DS: onReviveDownload(request_id=9205, files_to_download=[com.google.android.captiveportallogin.apk(size:98107)], context[group_id=com.google.android.captiveportallogin:4Mj_BBHgTESd2YVzH6-_pw], display_data[invisible=true, title=Google Play system update], network_restrictions=ANY_NETWORK status=succeeded, bytes_downloaded=98107, total_bytes=98107, retry[count=0, next_retry=n/a])
06-17 14:12:16.401  8076  8105 I Finsky:background: [176497] RM: getStatus resourceRequestId=cda7fb56-4bff-493c-8fec-59d6672c3c0e requestId=9205 package=com.google.android.captiveportallogin artifact=com.google.android.captiveportallogin.apk isid=4Mj_BBHgTESd2YVzH6-_pw
06-17 14:12:16.401  8076  8105 I Finsky:background: [176497] DSC: reviveDownload(9205)
06-17 14:12:16.401  8076  8104 I Finsky:background: [176496] RF::PP-Decompress: starting to decompress for [group:mainline_train_primary[iid:1548] [isid:JxbyqBzdQcu2PZOLs4pxHw] [tid: 1000001620]], com.google.android.captiveportallogin [isid:4Mj_BBHgTESd2YVzH6-_pw] [tid: 1000001637].
06-17 14:12:16.407  8076  8105 I Finsky:background: [176497] DS: reviveDownload(request_id=9205)
06-17 14:12:16.407  8076  8076 I Finsky:background: [2] RF: Preventing total bytes update to listeners
06-17 14:12:16.408  8076  8076 I Finsky:background: [2] RF: onProgress request_id=9205 isid=4Mj_BBHgTESd2YVzH6-_pw
06-17 14:12:16.408  8076  8076 I Finsky:background: [2] RF: resourceStatus for request_id=9205 group=com.google.android.captiveportallogin artifact=com.google.android.captiveportallogin.apk collectedBytes= 98107 / 98107
06-17 14:12:16.408  8076  8104 I Finsky:background: [176496] RF::PP-Copy: starting to copy for [group:mainline_train_primary[iid:1548] [isid:JxbyqBzdQcu2PZOLs4pxHw] [tid: 1000001620]], com.google.android.captiveportallogin [isid:4Mj_BBHgTESd2YVzH6-_pw] [tid: 1000001637]
06-17 14:12:16.408  8076 23527 I Finsky:background: [176571] DS: DS: onReviveDownload(request_id=9205, files_to_download=[com.google.android.captiveportallogin.apk(size:98107)], context[group_id=com.google.android.captiveportallogin:4Mj_BBHgTESd2YVzH6-_pw], display_data[invisible=true, title=Google Play system update], network_restrictions=ANY_NETWORK status=succeeded, bytes_downloaded=98107, total_bytes=98107, retry[count=0, next_retry=n/a])
06-17 14:12:16.409  8076 24107 I Finsky:background: [176579] IV2: onTaskProgress mainline_train_primary[iid:1548] [isid:JxbyqBzdQcu2PZOLs4pxHw] status:RESOURCE_FETCH_PROGRESS, size: 26366606/47888569
06-17 14:12:16.409  8076  8076 I Finsky:background: [2] RF: Group=com.google.android.captiveportallogin totalBytesDownloaded= 105832 / 109357 for 3 artifacts
06-17 14:12:16.410  8076  8076 I Finsky:background: [2] RF: Preventing total bytes update to listeners
--------- beginning of system
06-17 14:12:16.410  3480  4410 D PackageInstallerSessionExtImpl: no pre: undesired name
06-17 14:12:16.410  8076 24099 I Finsky:background: [176574] IQ: Notifying installation update. [Package:mainline_train_primary, isid:JxbyqBzdQcu2PZOLs4pxHw] state:DOWNLOADING, status=DOWNLOADING, status_code=0, reason=auto_update, tsc=PT19.248S, attempt=0
06-17 14:12:16.411  8076  8076 I Finsky:background: [2] RF: onProgress request_id=9205 isid=4Mj_BBHgTESd2YVzH6-_pw
06-17 14:12:16.411  8076  8076 I Finsky:background: [2] RF: resourceStatus for request_id=9205 group=com.google.android.captiveportallogin artifact=com.google.android.captiveportallogin.apk collectedBytes= 98107 / 98107
06-17 14:12:16.411  8076  8076 I Finsky:background: [2] RF: Group=com.google.android.captiveportallogin totalBytesDownloaded= 105832 / 109357 for 3 artifacts
06-17 14:12:16.411  8076 24103 I Finsky:background: [176577] RF::PP-Copy: Starting copy of com.google.android.captiveportallogin.dm
06-17 14:12:16.411  8076 24103 I Finsky:background: [176577] RF::PP-Copy: OutputStream opened for com.google.android.captiveportallogin.dm
06-17 14:12:16.412  8076  8076 I Finsky:background: [2] RF: Preventing total bytes update to listeners
06-17 14:12:16.412  8076  8076 I Finsky:background: [2] RF: onResourceSuccess request_id=9205 isid=4Mj_BBHgTESd2YVzH6-_pw
06-17 14:12:16.412  8076  8076 I Finsky:background: [2] RF: resourceStatus for request_id=9205 group=com.google.android.captiveportallogin artifact=com.google.android.captiveportallogin.apk collectedBytes= 98107 / 98107
06-17 14:12:16.412  8076 24103 I Finsky:background: [176577] RF::PP-Copy: Start copying from input stream for com.google.android.captiveportallogin.dm
06-17 14:12:16.412  8076  8076 I Finsky:background: [2] RF: Group=com.google.android.captiveportallogin totalBytesDownloaded= 105832 / 109357 for 3 artifacts
06-17 14:12:16.413  8076  8076 I Finsky:background: [2] bytesCompleted/bytesTotal/ratio = 105832 / 109357 / 0.967766
06-17 14:12:16.413  8076  8076 I Finsky:background: [2] RF: onSuccess request_id=9205 isid=4Mj_BBHgTESd2YVzH6-_pw
06-17 14:12:16.414  8076  8076 I Finsky:background: [2] RF: resourceStatus for request_id=9205 group=com.google.android.captiveportallogin artifact=com.google.android.captiveportallogin.apk collectedBytes= 98107 / 98107
06-17 14:12:16.414  8076  8076 I Finsky:background: [2] RF: Group=com.google.android.captiveportallogin totalBytesDownloaded= 105832 / 109357 for 3 artifacts
06-17 14:12:16.415  8076 23509 I Finsky:background: [176559] DU: Stored data usage stats for package com.google.android.captiveportallogin; completed bytes: 98107.
06-17 14:12:16.416  8076 24107 I Finsky:background: [176579] IV2: onTaskProgress mainline_train_primary[iid:1548] [isid:JxbyqBzdQcu2PZOLs4pxHw] status:RESOURCE_FETCH_PROGRESS, size: 26464713/47888569
06-17 14:12:16.416  8076 24103 I Finsky:background: [176577] RF::PP-Copy: Finished copying from input stream for com.google.android.captiveportallogin.dm
06-17 14:12:16.417  8076  8076 I Finsky:background: [2] PIM: Handling install package event for: mainline_train_primary status:  DOWNLOADING, isid: JxbyqBzdQcu2PZOLs4pxHw
06-17 14:12:16.417  8076  8103 I Finsky:background: [176495] RF: starting postprocessing for com.google.android.captiveportallogin.apk
06-17 14:12:16.418  8076 24107 I Finsky:background: [176579] IV2: onTaskProgress mainline_train_primary[iid:1548] [isid:JxbyqBzdQcu2PZOLs4pxHw] status:RESOURCE_FETCH_PROGRESS, size: 26464713/47888569
06-17 14:12:16.419  8076  8103 I Finsky:background: [176495] RF::PP-Patch: starting to apply patch for [group:mainline_train_primary[iid:1548] [isid:JxbyqBzdQcu2PZOLs4pxHw] [tid: 1000001620]], com.google.android.captiveportallogin [isid:4Mj_BBHgTESd2YVzH6-_pw] [tid: 1000001637].
06-17 14:12:16.419  8076  8103 I Finsky:background: [176495] IV2::PP: Get source file from installed app for com.google.android.captiveportallogin.apk
06-17 14:12:16.420  8076 24099 I Finsky:background: [176574] IQ: Notifying installation update. [Package:mainline_train_primary, isid:JxbyqBzdQcu2PZOLs4pxHw] state:DOWNLOADING, status=DOWNLOADING, status_code=0, reason=auto_update, tsc=PT19.259S, attempt=0
06-17 14:12:16.421  7103  7103 I Finsky  : [2] DL: Data loader session turned off due to Incremental install not requested: mainline_train_primary
06-17 14:12:16.421  5058  5099 D BaseModelUpdateTask: Ignoring model task since loader is pending=com.android.launcher3.model.PackageInstallStateChangedTask@f7c32d4
06-17 14:12:16.423  3480  4410 D PackageInstallerSessionExtImpl: no pre: undesired name
06-17 14:12:16.423  8076  8106 I Finsky:background: [176498] RF::PP-Verify: starting to verify for [group:mainline_train_primary[iid:1548] [isid:JxbyqBzdQcu2PZOLs4pxHw] [tid: 1000001620]], com.google.android.captiveportallogin [isid:4Mj_BBHgTESd2YVzH6-_pw] [tid: 1000001637].
06-17 14:12:16.425  8076 24099 I Finsky:background: [176574] IQ: Notifying installation update. [Package:mainline_train_primary, isid:JxbyqBzdQcu2PZOLs4pxHw] state:DOWNLOADING, status=DOWNLOADING, status_code=0, reason=auto_update, tsc=PT19.264S, attempt=0
06-17 14:12:16.427  8076  8076 I Finsky:background: [2] PIM: Handling install package event for: mainline_train_primary status:  DOWNLOADING, isid: JxbyqBzdQcu2PZOLs4pxHw
06-17 14:12:16.429  8076  8076 I Finsky:background: [2] PIM: Handling install package event for: mainline_train_primary status:  DOWNLOADING, isid: JxbyqBzdQcu2PZOLs4pxHw
06-17 14:12:16.430  8076 24099 I Finsky:background: [176574] IQ: Notifying installation update. [Package:mainline_train_primary, isid:JxbyqBzdQcu2PZOLs4pxHw] state:DOWNLOADING, status=DOWNLOADING, status_code=0, reason=auto_update, tsc=PT19.269S, attempt=0
06-17 14:12:16.433  8076  8076 I Finsky:background: [2] PIM: Handling install package event for: mainline_train_primary status:  DOWNLOADING, isid: JxbyqBzdQcu2PZOLs4pxHw
06-17 14:12:16.433  7103  7103 I Finsky  : [2] DL: Data loader session turned off due to Incremental install not requested: mainline_train_primary
06-17 14:12:16.433  7103  7103 I Finsky  : [2] DL: Data loader session turned off due to Incremental install not requested: mainline_train_primary
06-17 14:12:16.433  7103  7103 I Finsky  : [2] DL: Data loader session turned off due to Incremental install not requested: mainline_train_primary
06-17 14:12:16.471  8076 23527 I Finsky:background: [176571] DSC::L: Update all listeners for download <9206:RUNNING:0%[0%]> in group com.google.android.captiveportallogin:4Mj_BBHgTESd2YVzH6-_pw
06-17 14:12:16.471  8076 23527 I Finsky:background: [176571] DSC::L: Updating listener DownloadServiceManagerListener::aoso@48b8c30 for download <9206:RUNNING:0%[0%]>
06-17 14:12:16.472  8076 23527 I Finsky:background: [176571] DS: Received onProgress request_id=9206
06-17 14:12:16.472  8076 24166 I Finsky:background: [176605] Failed to force sync file descriptor (not a bug): sync failed
06-17 14:12:16.472  8076 23527 I Finsky:background: [176571] RM: receive resource status onStart config.xxxhdpi reason: auto_update isid: 4Mj_BBHgTESd2YVzH6-_pw, 2, 192, size: 0/3525
06-17 14:12:16.473  8076 23527 I Finsky:background: [176571] RM: receive resource status onProgress download_request_id=9206, group_id=config.xxxhdpi reason: auto_update isid: 4Mj_BBHgTESd2YVzH6-_pw, status_code=RESOURCE_STATUS_IN_PROGRESS, legacy_status_code=192, size: 0/3525
06-17 14:12:16.473  8076 23527 I Finsky:background: [176571] DSC::L: Updating listener vdc@38a7256 for download <9206:RUNNING:0%[0%]>
06-17 14:12:16.473  8076 23527 I Finsky:background: [176571] DSC::L: Updating listener DownloadServiceManagerListener::sut@d31b471 for download <9206:RUNNING:0%[0%]>
06-17 14:12:16.473  8076 23527 I Finsky:background: [176571] DS::IDC: updateWith: <9206:RUNNING:0%[0%]>
06-17 14:12:16.474  8076  8422 I PlayCommon: [176529] Preparing logs for uploading
06-17 14:12:16.475  8076  8116 I Finsky:background: [176508] RM: getStatus resourceRequestId=914fcbc5-8d0c-474c-9e91-4cc6cf7d5764 requestId=9206 package=com.google.android.captiveportallogin artifact=config.xxxhdpi isid=4Mj_BBHgTESd2YVzH6-_pw
06-17 14:12:16.476  8076  8116 I Finsky:background: [176508] DSC: reviveDownload(9206)
06-17 14:12:16.476  8076  8116 I Finsky:background: [176508] DS: reviveDownload(request_id=9206)
06-17 14:12:16.478  8076 23527 I Finsky:background: [176571] DS: Decremented runningDownloadsCount to: 0
06-17 14:12:16.478  8076 23527 I Finsky:background: [176571] DS: Current runningDownloadsCount: 0, queuedCount: 0
06-17 14:12:16.478  8076 23523 W Finsky:background: [176569] DS: Attempted to update download state [requestId=9206] in terminal state [statusCode=3]. Update ignored.
06-17 14:12:16.479  8076  8422 I PlayCommon: [176529] Connecting to server: https://play.googleapis.com/play/log?format=raw&proto_v2=true
06-17 14:12:16.481  8076 23527 I Finsky:background: [176571] DSC::L: Update all listeners for download <9206:SUCCEEDED> in group com.google.android.captiveportallogin:4Mj_BBHgTESd2YVzH6-_pw
06-17 14:12:16.481  8076  8110 I Finsky:background: [176502] RM: getStatus resourceRequestId=914fcbc5-8d0c-474c-9e91-4cc6cf7d5764 requestId=9206 package=com.google.android.captiveportallogin artifact=config.xxxhdpi isid=4Mj_BBHgTESd2YVzH6-_pw
06-17 14:12:16.481  8076 23527 I Finsky:background: [176571] DSC::L: Updating listener DownloadServiceManagerListener::aoso@48b8c30 for download <9206:SUCCEEDED>
06-17 14:12:16.482  8076  8110 I Finsky:background: [176502] DSC: reviveDownload(9206)
06-17 14:12:16.482  8076 23527 I Finsky:background: [176571] RM: receive resource status onSuccess config.xxxhdpi reason: auto_update isid: 4Mj_BBHgTESd2YVzH6-_pw, 3, 200, size: 3525/3525
06-17 14:12:16.482  1722  9292 E         : DNS_CACHE: hanle request << lookupdns: hostname:play.googleapis.com, servername:^, ai_flags:1024, ai_family:0, ai_socktype:1, ai_protocol:0, netid:0, uid:10116
06-17 14:12:16.482  8076  8422 D DNS_CACHE: oplus_oplus_getaddrinfo_proxy lookup from netd: hostname:play.googleapis.com, servname:(null) uid: 10116, result_code:408, res = 0x0, found = 0
06-17 14:12:16.482  8076 23527 I Finsky:background: [176571] DSC::L: Updating listener vdc@38a7256 for download <9206:SUCCEEDED>
06-17 14:12:16.483  8076 23527 I Finsky:background: [176571] DSC::L: Updating listener DownloadServiceManagerListener::sut@d31b471 for download <9206:SUCCEEDED>
06-17 14:12:16.483  8076 23527 I Finsky:background: [176571] DS::IDC: updateWith: <9206:SUCCEEDED>
06-17 14:12:16.483  8076 23527 I Finsky:background: [176571] DS::IDC: All invisible downloads are finished.
06-17 14:12:16.483  8076 23527 I Finsky:background: [176571] DS::ISM: Stopping invisible download job
06-17 14:12:16.484  8076 23527 I Finsky:background: [176571] DSC::L:Skipping updating listeners of <9206:SUCCEEDED> to avoid duplicates.
06-17 14:12:16.484  8076 23527 I Finsky:background: [176571] DS::IDC: updateWith: <9206:SUCCEEDED>
06-17 14:12:16.485  8076 23527 I Finsky:background: [176571] DS::IDC: All invisible downloads are finished.
06-17 14:12:16.485  8076 23527 I Finsky:background: [176571] DS::ISM: Stopping invisible download job
06-17 14:12:16.485  8076 23527 I Finsky:background: [176571] DS: DS: onReviveDownload(request_id=9206, files_to_download=[config.xxxhdpi(size:3525)], context[group_id=com.google.android.captiveportallogin:4Mj_BBHgTESd2YVzH6-_pw], display_data[invisible=true, title=Google Play system update], network_restrictions=ANY_NETWORK status=succeeded, bytes_downloaded=3525, total_bytes=3525, retry[count=0, next_retry=n/a])
06-17 14:12:16.487  5566  5859 D DnsDomainBlock: onDnsEvent: latencyMs=1, returnCode=0, uid=10116
06-17 14:12:16.487  8076  8110 I Finsky:background: [176502] DS: reviveDownload(request_id=9206)
06-17 14:12:16.489  1722  9292 E         : DNS_CACHE: hanle request << adddns: hostname:play.googleapis.com, servername:^, ai_flags:1024, ai_family:0, ai_socktype:1, ai_protocol:0, netid:0, uid:10116
06-17 14:12:16.489  8076 23527 I Finsky:background: [176571] DS: DS: onReviveDownload(request_id=9206, files_to_download=[config.xxxhdpi(size:3525)], context[group_id=com.google.android.captiveportallogin:4Mj_BBHgTESd2YVzH6-_pw], display_data[invisible=true, title=Google Play system update], network_restrictions=ANY_NETWORK status=succeeded, bytes_downloaded=3525, total_bytes=3525, retry[count=0, next_retry=n/a])
06-17 14:12:16.489  8076 23495 I Finsky:background: [176557] SCH: Canceling job 40-9998
06-17 14:12:16.491  8076 23495 I Finsky:background: [176557] WM::SCH: Logging work end for 40-9998
06-17 14:12:16.491  8076 23509 I Finsky:background: [176559] DU: Stored data usage stats for package com.google.android.captiveportallogin; completed bytes: 3525.
06-17 14:12:16.491  8076  8422 D DNS_CACHE: oplus_send_dns_response send hostname: play.googleapis.com, servname: (null) response into netd: 0, *res = 0xb4000076486d9000
06-17 14:12:16.492  8076  8076 I Finsky:background: [2] RF: onStart request_id=9206 isid=4Mj_BBHgTESd2YVzH6-_pw
06-17 14:12:16.495  8076  8106 I Finsky:background: [176498] SCH: Scheduling phonesky job Id: 3-36727, CT: 1781680318553, Constraints: [{ L: 0, D: 86400000, C: CHARGING_NONE, I: IDLE_NONE, N: NET_ANY, B: BATTERY_ANY }, { L: 0, D: 0, C: CHARGING_NONE, I: IDLE_NONE, N: NET_NONE, B: BATTERY_ANY }]
06-17 14:12:16.496  8076  8116 I Finsky:background: [176508] RM: getStatus resourceRequestId=914fcbc5-8d0c-474c-9e91-4cc6cf7d5764 requestId=9206 package=com.google.android.captiveportallogin artifact=config.xxxhdpi isid=4Mj_BBHgTESd2YVzH6-_pw
06-17 14:12:16.496  8076  8106 I Finsky:background: [176498] SCH: Scheduling system job 10711 to resume after 0 ms
06-17 14:12:16.497  8076  8106 I Finsky:background: [176498] SCH: Scheduling system job 10712 to resume after 0 ms
06-17 14:12:16.497  8076  8116 I Finsky:background: [176508] DSC: reviveDownload(9206)
06-17 14:12:16.515  1960  1986 D BatteryChargeControl: bcc get no support from charging protocol
06-17 14:12:16.522  7103  7103 I Finsky  : [2] DL: Data loader session turned off due to Incremental install not requested: mainline_train_primary
06-17 14:12:16.526  7103  7103 I Finsky  : [2] DL: Data loader session turned off due to Incremental install not requested: mainline_train_primary
06-17 14:12:16.699  5717  7539 D CommonApp-227-10445: transport layer data is invalid
06-17 14:12:16.701  5058  5099 D BaseModelUpdateTask: Ignoring model task since loader is pending=com.android.launcher3.model.PackageInstallStateChangedTask@3566c7d
06-17 14:12:16.702  3480  4410 D PackageInstallerSessionExtImpl: no pre: undesired name
06-17 14:12:16.793 13819 13819 I Capacitor/Console: File:  - Line 349 - Msg: [object Object]
06-17 14:12:16.793 13819 20282 V Capacitor/Plugin: To native (Capacitor plugin): callbackId: 122403953, pluginId: NativeExoPlayback, methodName: getStatus
06-17 14:12:16.793 13819 20282 V Capacitor: callback: 122403953, pluginId: NativeExoPlayback, methodName: getStatus, methodData: {}
06-17 14:12:16.796 13819 13819 I Capacitor/Console: File:  - Line 333 - Msg: {"available":true,"wired":true,"message":"ExoPlayer gapless queue — content:// locker bridge + HTTP streams.","state":"idle","positionSecs":0,"durationSecs":0,"queueIndex":0,"queueLength":0,"gaplessEnabled":true,"crossfadeEnabled":false,"bitPerfectActive":false}
06-17 14:12:16.804  5058  5099 D BaseModelUpdateTask: Ignoring model task since loader is pending=com.android.launcher3.model.PackageInstallStateChangedTask@6887772
06-17 14:12:16.810  1858 21547 I WifiHAL : event received NL80211_CMD_VENDOR, vendor_id = 0x1374, subcmd = 0xd
06-17 14:12:16.811  3084  3084 I cnss-daemon: nl80211 response handler invoked
06-17 14:12:16.811  3084  3084 I cnss-daemon: nl80211_response_handler: cmd 103, vendorID 4980, subcmd 13  received
06-17 14:12:16.824  7103  7103 I Finsky  : [2] DL: Data loader session turned off due to Incremental install not requested: mainline_train_primary
06-17 14:12:16.932  1960  6585 D charge_time: type=sdp,reserve_soc=3,soc=77,ui_soc=80,current=-25,avg=64,not_chg_cnt=26,stable_cnt=7,fcc=4226,fcc_ratio=82,delta=0,debug=0,region=12,ttf=22155(06:09:15),ui_ttf=7854(02:10:54)
06-17 14:12:16.940  5058  5099 D BaseModelUpdateTask: Ignoring model task since loader is pending=com.android.launcher3.model.PackageInstallStateChangedTask@abc7c3
06-17 14:12:16.948  3480  4410 D PackageInstallerSessionExtImpl: no pre: undesired name
06-17 14:12:16.956  7103  7103 I Finsky  : [2] DL: Data loader session turned off due to Incremental install not requested: mainline_train_primary
06-17 14:12:16.968  7103  7103 I Finsky  : [2] DL: Data loader session turned off due to Incremental install not requested: mainline_train_primary
06-17 14:12:17.194 13819 20282 V Capacitor/Plugin: To native (Capacitor plugin): callbackId: 122403954, pluginId: NativeExoPlayback, methodName: getStatus
06-17 14:12:17.195 13819 13819 I Capacitor/Console: File:  - Line 349 - Msg: [object Object]
06-17 14:12:17.196 13819 20282 V Capacitor: callback: 122403954, pluginId: NativeExoPlayback, methodName: getStatus, methodData: {}
06-17 14:12:17.202 13819 13819 I Capacitor/Console: File:  - Line 333 - Msg: {"available":true,"wired":true,"message":"ExoPlayer gapless queue — content:// locker bridge + HTTP streams.","state":"idle","positionSecs":0,"durationSecs":0,"queueIndex":0,"queueLength":0,"gaplessEnabled":true,"crossfadeEnabled":false,"bitPerfectActive":false}
06-17 14:12:17.302  1851 17883 I sensors-hal: handle_oplus_wise_rgb_event:160, wise_rgb:(59051)(cct,lux,ir)[5300.00, 20.80, 0.000000](rgbc)[717.84, 552.43, 346.50, 1447.81](pwm,hbm,brl,algo)[0.0 0.0 36.0 2.0],flag 0
06-17 14:12:17.343  8076  8104 W LOG_FLOWCTRL: ==LOGS OVER PROC QUOTA(300), rows(185) bytes(19769) com.android.vending:background u(0) l(0) t(0) c(0) DROPPED==
06-17 14:12:17.343  8076  8104 I Finsky:background: [176496] RF::PP-Verify: starting to verify for [group:mainline_train_primary[iid:1548] [isid:JxbyqBzdQcu2PZOLs4pxHw] [tid: 1000001620]], com.google.android.extservices [isid:EgBsyq_7SP-5zgXYizqIwg] [tid: 1000001638].
06-17 14:12:17.348  8076  8110 I Finsky:background: [176502] RF::TC: Skipping intermediate file cleanup due to sufficient space on device
06-17 14:12:17.348  8076  8112 I Finsky:background: [176504] RF: With real time bandwidth check, rest nugget is present: false, shouldDownloadRestNugget: false
06-17 14:12:17.350  3480  6040 I AICCTModule: SensorFilter: brightness threshold 1.2 screenNit is 2.012943 ave enviroment lux is 18.105768 luxForNit 42.53882demarcationPoint200.0 result is false
06-17 14:12:17.350  3480  6040 I AICCTModule: SensorFilter: findSecondNearestValue, sensorValue: 5300.0 nearestMaxValue:5300.0 secondNearestValue: 5300.0
06-17 14:12:17.350  3480  6040 I AICCTModule: SensorFilter: findSecondNearestValue, sensorValue: 18.244905 nearestMaxValue:18.244905 secondNearestValue: 18.244905
06-17 14:12:17.354  8076  8104 I Finsky:background: [176496] RF: No TaskData found for a new request.
06-17 14:12:17.355  8076  8103 I Finsky:background: [176495] RF: RowId of the upserted row is 1000001639.
06-17 14:12:17.356  8076  8103 I Finsky:background: [176495] RF: Start fetching and post processing all artifacts with real time bandwidth check.
06-17 14:12:17.358  8076  8104 I Finsky:background: [176496] RM: create resource request id 0cecab90-7b0e-45aa-9aac-0d60aff09957 for request com.google.android.appsearch.apex reason: auto_update isid: K9sB5i1dTzKx2X8lCkOrXw
06-17 14:12:17.366  8076  8116 I Finsky:background: [176508] DSC: enqueue()
06-17 14:12:17.377  8076 23527 I Finsky:background: [176571] DS: request_id=9208 generated with shared preferences
06-17 14:12:17.378  8076 23527 I Finsky:background: [176571] DS: enqueue(request_id=9208, files_to_download=[com.google.android.appsearch.apex(size:831615)], context[group_id=com.google.android.appsearch:K9sB5i1dTzKx2X8lCkOrXw], display_data[invisible=true, title=Google Play system update], network_restrictions=ANY_NETWORK
06-17 14:12:17.404  8076 23527 I Finsky:background: [176571] DS: enqueue with parallel downloads (request_id=9208,groupId=com.google.android.appsearch:K9sB5i1dTzKx2X8lCkOrXw)
06-17 14:12:17.404  8076 23527 I Finsky:background: [176571] DS::CD: download(9208)
06-17 14:12:17.405  8076 23527 I Finsky:background: [176571] DSC::L: Update all listeners for download <9208:QUEUED with WAITING_FOR_START:0%[0%]> in group com.google.android.appsearch:K9sB5i1dTzKx2X8lCkOrXw
06-17 14:12:17.405  8076 23527 I Finsky:background: [176571] DSC::L: Updating listener DownloadServiceManagerListener::aoso@48b8c30 for download <9208:QUEUED with WAITING_FOR_START:0%[0%]>
06-17 14:12:17.406  8076 23527 I Finsky:background: [176571] DSC::L: Updating listener vdc@38a7256 for download <9208:QUEUED with WAITING_FOR_START:0%[0%]>
06-17 14:12:17.406  8076 23527 I Finsky:background: [176571] DSC::L: Updating listener DownloadServiceManagerListener::sut@d31b471 for download <9208:QUEUED with WAITING_FOR_START:0%[0%]>
06-17 14:12:17.406  8076 23527 I Finsky:background: [176571] DS::IDC: updateWith: <9208:QUEUED with WAITING_FOR_START:0%[0%]>
06-17 14:12:17.407  8076 23527 I Finsky:background: [176571] DS::ISM: Starting invisible download job
06-17 14:12:17.408  8076 23495 I Finsky:background: [176557] SCH: Received scheduling request: Id: 40-9998, Constraints: [{ L: 0, D: 86400000, C: CHARGING_NONE, I: IDLE_NONE, N: NET_ANY, B: BATTERY_ANY }]
06-17 14:12:17.410  8076 23527 I Finsky:background: [176571] DSC::L: Update all listeners for download <9208:RUNNING:0%[0%]> in group com.google.android.appsearch:K9sB5i1dTzKx2X8lCkOrXw
06-17 14:12:17.410  8076 23527 I Finsky:background: [176571] DSC::L: Updating listener DownloadServiceManagerListener::aoso@48b8c30 for download <9208:RUNNING:0%[0%]>
06-17 14:12:17.411  8076 23527 I Finsky:background: [176571] DS: Received onProgress request_id=9208
06-17 14:12:17.411  8076 23527 I Finsky:background: [176571] RM: receive resource status onStart com.google.android.appsearch.apex reason: auto_update isid: K9sB5i1dTzKx2X8lCkOrXw, 2, 192, size: 0/831615
06-17 14:12:17.411  8076  8118 I Finsky:background: [176510] RM: new request resourceRequestId=0cecab90-7b0e-45aa-9aac-0d60aff09957 requestId=9208 package=com.google.android.appsearch artifact=com.google.android.appsearch.apex isid=K9sB5i1dTzKx2X8lCkOrXw
06-17 14:12:17.412  8076 23527 I Finsky:background: [176571] RM: receive resource status onProgress download_request_id=9208, group_id=com.google.android.appsearch.apex reason: auto_update isid: K9sB5i1dTzKx2X8lCkOrXw, status_code=RESOURCE_STATUS_IN_PROGRESS, legacy_status_code=192, size: 0/831615
06-17 14:12:17.412  8076 23527 I Finsky:background: [176571] DSC::L: Updating listener vdc@38a7256 for download <9208:RUNNING:0%[0%]>
06-17 14:12:17.412  8076 23527 I Finsky:background: [176571] DSC::L: Updating listener DownloadServiceManagerListener::sut@d31b471 for download <9208:RUNNING:0%[0%]>
06-17 14:12:17.413  8076 23527 I Finsky:background: [176571] DS::IDC: updateWith: <9208:RUNNING:0%[0%]>
06-17 14:12:17.413  8076 23527 I Finsky:background: [176571] DS::CD: Using Cronet.
06-17 14:12:17.415  8076 23527 I Finsky:background: [176571] DS: Current runningDownloadsCount: 0, queuedCount: 1
06-17 14:12:17.415  8076 23527 I Finsky:background: [176571] DS: Incremented runningDownloadsCount to: 1
06-17 14:12:17.418  8076  8105 I Finsky:background: [176497] RM: getStatus resourceRequestId=0cecab90-7b0e-45aa-9aac-0d60aff09957 requestId=9208 package=com.google.android.appsearch artifact=com.google.android.appsearch.apex isid=K9sB5i1dTzKx2X8lCkOrXw
06-17 14:12:17.418  8076  8105 I Finsky:background: [176497] DSC: reviveDownload(9208)
06-17 14:12:17.419  8076  8110 I Finsky:background: [176502] RM: getStatus resourceRequestId=0cecab90-7b0e-45aa-9aac-0d60aff09957 requestId=9208 package=com.google.android.appsearch artifact=com.google.android.appsearch.apex isid=K9sB5i1dTzKx2X8lCkOrXw
06-17 14:12:17.419  8076  8110 I Finsky:background: [176502] DSC: reviveDownload(9208)
06-17 14:12:17.419  8076  8110 I Finsky:background: [176502] DS: reviveDownload(request_id=9208)
06-17 14:12:17.420  8076  8105 I Finsky:background: [176497] DS: reviveDownload(request_id=9208)
06-17 14:12:17.420  8076 23527 I Finsky:background: [176571] DS: DS: onReviveDownload(request_id=9208, files_to_download=[com.google.android.appsearch.apex(size:831615)], context[group_id=com.google.android.appsearch:K9sB5i1dTzKx2X8lCkOrXw], display_data[invisible=true, title=Google Play system update], network_restrictions=ANY_NETWORK status=running, bytes_downloaded=0, total_bytes=831615, retry[count=0, next_retry=n/a])
06-17 14:12:17.420  8076 23527 I Finsky:background: [176571] DS: DS: onReviveDownload(request_id=9208, files_to_download=[com.google.android.appsearch.apex(size:831615)], context[group_id=com.google.android.appsearch:K9sB5i1dTzKx2X8lCkOrXw], display_data[invisible=true, title=Google Play system update], network_restrictions=ANY_NETWORK status=running, bytes_downloaded=0, total_bytes=831615, retry[count=0, next_retry=n/a])
06-17 14:12:17.422  8076  8076 I Finsky:background: [2] RF: onProgress request_id=9208 isid=K9sB5i1dTzKx2X8lCkOrXw
06-17 14:12:17.422  8076  8076 I Finsky:background: [2] RF: resourceStatus for request_id=9208 group=com.google.android.appsearch artifact=com.google.android.appsearch.apex collectedBytes= 0 / 831615
06-17 14:12:17.422  8076  8076 I Finsky:background: [2] RF: Group=com.google.android.appsearch totalBytesDownloaded= 0 / 831615 for 1 artifacts
06-17 14:12:17.424  8076  8076 I Finsky:background: [2] Updated time lastBroadcast=2026-06-17T07:12:15.354Z current=2026-06-17T07:12:17.424Z
06-17 14:12:17.425  8076  8076 I Finsky:background: [2] bytesCompleted/bytesTotal/ratio = 0 / 831615 / 0.000000
06-17 14:12:17.428  8076 24107 I Finsky:background: [176579] IV2: onTaskProgress mainline_train_primary[iid:1548] [isid:JxbyqBzdQcu2PZOLs4pxHw] status:RESOURCE_FETCH_PROGRESS, size: 27645017/47888569
06-17 14:12:17.429  5058  5099 D BaseModelUpdateTask: Ignoring model task since loader is pending=com.android.launcher3.model.PackageInstallStateChangedTask@3d3a840
06-17 14:12:17.431  8076 24099 I Finsky:background: [176574] IQ: Notifying installation update. [Package:mainline_train_primary, isid:JxbyqBzdQcu2PZOLs4pxHw] state:DOWNLOADING, status=DOWNLOADING, status_code=0, reason=auto_update, tsc=PT20.27S, attempt=0
06-17 14:12:17.435  8076  8076 I Finsky:background: [2] PIM: Handling install package event for: mainline_train_primary status:  DOWNLOADING, isid: JxbyqBzdQcu2PZOLs4pxHw
06-17 14:12:17.436  8076  8101 I Finsky:background: [176493] WM::SCH: Logging work initialize for 40-9998
06-17 14:12:17.438  8076  8104 I Finsky:background: [176496] SCH: Scheduling phonesky job Id: 40-9998, CT: 1781680337408, Constraints: [{ L: 0, D: 86400000, C: CHARGING_NONE, I: IDLE_NONE, N: NET_ANY, B: BATTERY_ANY }, { L: 0, D: 0, C: CHARGING_NONE, I: IDLE_NONE, N: NET_NONE, B: BATTERY_ANY }]
06-17 14:12:17.439  8076  8106 I Finsky:background: [176498] SCH: Scheduling system job 10711 to resume after 0 ms
06-17 14:12:17.440  8076  8106 I Finsky:background: [176498] SCH: Scheduling system job 10712 to resume after 0 ms
06-17 14:12:17.440  8076  8112 I Finsky:background: [176504] SCH: Resuming system job 10711 from hub.
06-17 14:12:17.441  8076  8104 I Finsky:background: [176496] SCH: Resuming system job 10712 from hub.
06-17 14:12:17.441  7103  7103 I Finsky  : [2] DL: Data loader session turned off due to Incremental install not requested: mainline_train_primary
06-17 14:12:17.443  8076  8112 I Finsky:background: [176504] SCH: Scheduling 0 system job(s)
06-17 14:12:17.443  8076 23495 I Finsky:background: [176557] SCH: Satisfied jobs for 10711 are: 3-36727, 40-9998
06-17 14:12:17.444  8076 23500 I Finsky:background: [176558] SCH: Job 40-9998 starting
06-17 14:12:17.444  8076 23495 I Finsky:background: [176557] SCH: Satisfied jobs for 10712 are: 3-36727, 40-9998
06-17 14:12:17.444  8076  8076 I Finsky:background: [2] WM::SCH: Logging work start for 40-9998
06-17 14:12:17.445  8076  8076 I Finsky:background: [2] DS::IRJ: Running InvisibleRunJob
06-17 14:12:17.473  8076 24166 I Finsky:background: [176605] CronetDownloader: onRedirectReceived
06-17 14:12:17.477  1722  9292 E         : DNS_CACHE: hanle request << lookupdns: hostname:rr6---sn-5np5po4v-c33sk.gvt1.com, servername:^, ai_flags:1024, ai_family:2, ai_socktype:1, ai_protocol:0, netid:0, uid:10116
06-17 14:12:17.477  8076  8126 D DNS_CACHE: oplus_oplus_getaddrinfo_proxy lookup from netd: hostname:rr6---sn-5np5po4v-c33sk.gvt1.com, servname:(null) uid: 10116, result_code:408, res = 0x0, found = 0
06-17 14:12:17.495  1722  9292 E         : DNS_CACHE: hanle request << adddns: hostname:rr6---sn-5np5po4v-c33sk.gvt1.com, servername:^, ai_flags:1024, ai_family:2, ai_socktype:1, ai_protocol:0, netid:0, uid:10116
06-17 14:12:17.496  8076  8126 D DNS_CACHE: oplus_send_dns_response send hostname: rr6---sn-5np5po4v-c33sk.gvt1.com, servname: (null) response into netd: 0, *res = 0xb400007636114f80
06-17 14:12:17.498  5566  5859 D DnsDomainBlock: onDnsEvent: latencyMs=15, returnCode=0, uid=10116
06-17 14:12:17.515  1960  1986 D BatteryChargeControl: bcc get no support from charging protocol
06-17 14:12:17.546  8076 23527 I Finsky:background: [176571] DSC::L: Update all listeners for download <9208:RUNNING:0%[0%]> in group com.google.android.appsearch:K9sB5i1dTzKx2X8lCkOrXw
06-17 14:12:17.548  8076 23527 I Finsky:background: [176571] DSC::L: Updating listener DownloadServiceManagerListener::aoso@48b8c30 for download <9208:RUNNING:0%[0%]>
06-17 14:12:17.549  8076 23527 I Finsky:background: [176571] DS: Received onProgress request_id=9208
06-17 14:12:17.549  8076 23527 I Finsky:background: [176571] RM: receive resource status onProgress download_request_id=9208, group_id=com.google.android.appsearch.apex reason: auto_update isid: K9sB5i1dTzKx2X8lCkOrXw, status_code=RESOURCE_STATUS_IN_PROGRESS, legacy_status_code=192, size: 0/831615
06-17 14:12:17.550  8076 23527 I Finsky:background: [176571] DSC::L: Updating listener vdc@38a7256 for download <9208:RUNNING:0%[0%]>
06-17 14:12:17.551  8076 23527 I Finsky:background: [176571] DSC::L: Updating listener DownloadServiceManagerListener::sut@d31b471 for download <9208:RUNNING:0%[0%]>
06-17 14:12:17.551  8076 23527 I Finsky:background: [176571] DS::IDC: updateWith: <9208:RUNNING:0%[0%]>
06-17 14:12:17.553  8076  8110 I Finsky:background: [176502] RM: getStatus resourceRequestId=0cecab90-7b0e-45aa-9aac-0d60aff09957 requestId=9208 package=com.google.android.appsearch artifact=com.google.android.appsearch.apex isid=K9sB5i1dTzKx2X8lCkOrXw
06-17 14:12:17.553  8076  8110 I Finsky:background: [176502] DSC: reviveDownload(9208)
06-17 14:12:17.556  8076  8116 I Finsky:background: [176508] DS: reviveDownload(request_id=9208)
06-17 14:12:17.558  8076 23527 I Finsky:background: [176571] DS: DS: onReviveDownload(request_id=9208, files_to_download=[com.google.android.appsearch.apex(size:831615)], context[group_id=com.google.android.appsearch:K9sB5i1dTzKx2X8lCkOrXw], display_data[invisible=true, title=Google Play system update], network_restrictions=ANY_NETWORK status=running, bytes_downloaded=0, total_bytes=831615, retry[count=0, next_retry=n/a])
06-17 14:12:17.561  8076  8076 I Finsky:background: [2] RF: onProgress request_id=9208 isid=K9sB5i1dTzKx2X8lCkOrXw
06-17 14:12:17.562  8076  8076 I Finsky:background: [2] RF: resourceStatus for request_id=9208 group=com.google.android.appsearch artifact=com.google.android.appsearch.apex collectedBytes= 0 / 831615
06-17 14:12:17.562  8076  8076 I Finsky:background: [2] RF: Group=com.google.android.appsearch totalBytesDownloaded= 0 / 831615 for 1 artifacts
06-17 14:12:17.562  8076  8076 I Finsky:background: [2] RF: Preventing total bytes update to listeners
06-17 14:12:17.594 13819 13819 I Capacitor/Console: File:  - Line 349 - Msg: [object Object]
06-17 14:12:17.595 13819 20282 V Capacitor/Plugin: To native (Capacitor plugin): callbackId: 122403955, pluginId: NativeExoPlayback, methodName: getStatus
06-17 14:12:17.595 13819 20282 V Capacitor: callback: 122403955, pluginId: NativeExoPlayback, methodName: getStatus, methodData: {}
06-17 14:12:17.601 13819 13819 I Capacitor/Console: File:  - Line 333 - Msg: {"available":true,"wired":true,"message":"ExoPlayer gapless queue — content:// locker bridge + HTTP streams.","state":"idle","positionSecs":0,"durationSecs":0,"queueIndex":0,"queueLength":0,"gaplessEnabled":true,"crossfadeEnabled":false,"bitPerfectActive":false}
06-17 14:12:17.605  8076 23527 I Finsky:background: [176571] DSC::L: Update all listeners for download <9208:RUNNING:100%[100%]> in group com.google.android.appsearch:K9sB5i1dTzKx2X8lCkOrXw
06-17 14:12:17.605  8076 23527 I Finsky:background: [176571] DSC::L: Updating listener DownloadServiceManagerListener::aoso@48b8c30 for download <9208:RUNNING:100%[100%]>
06-17 14:12:17.606  8076 23527 I Finsky:background: [176571] DS: Received onProgress request_id=9208
06-17 14:12:17.606  8076 23527 I Finsky:background: [176571] RM: receive resource status onProgress download_request_id=9208, group_id=com.google.android.appsearch.apex reason: auto_update isid: K9sB5i1dTzKx2X8lCkOrXw, status_code=RESOURCE_STATUS_IN_PROGRESS, legacy_status_code=192, size: 831615/831615
06-17 14:12:17.606  8076 23527 I Finsky:background: [176571] DSC::L: Updating listener vdc@38a7256 for download <9208:RUNNING:100%[100%]>
06-17 14:12:17.606  8076 23527 I Finsky:background: [176571] DSC::L: Updating listener DownloadServiceManagerListener::sut@d31b471 for download <9208:RUNNING:100%[100%]>
06-17 14:12:17.607  8076 23527 I Finsky:background: [176571] DS::IDC: updateWith: <9208:RUNNING:100%[100%]>
06-17 14:12:17.608  8076  8116 I Finsky:background: [176508] RM: getStatus resourceRequestId=0cecab90-7b0e-45aa-9aac-0d60aff09957 requestId=9208 package=com.google.android.appsearch artifact=com.google.android.appsearch.apex isid=K9sB5i1dTzKx2X8lCkOrXw
06-17 14:12:17.608  8076  8116 I Finsky:background: [176508] DSC: reviveDownload(9208)
06-17 14:12:17.609  8076 23527 I Finsky:background: [176571] DS: Decremented runningDownloadsCount to: 0
06-17 14:12:17.609  8076 23527 I Finsky:background: [176571] DS: Current runningDownloadsCount: 0, queuedCount: 0
06-17 14:12:17.609  8076  8105 I Finsky:background: [176497] DS: reviveDownload(request_id=9208)
06-17 14:12:17.610  8076 23527 I Finsky:background: [176571] DSC::L: Update all listeners for download <9208:SUCCEEDED> in group com.google.android.appsearch:K9sB5i1dTzKx2X8lCkOrXw
06-17 14:12:17.610  8076 23527 I Finsky:background: [176571] DSC::L: Updating listener DownloadServiceManagerListener::aoso@48b8c30 for download <9208:SUCCEEDED>
