--------- beginning of system
07-08 23:20:23.778  3425  4739 W ActivityTaskManager: callingPackage for (uid=2000, pid=21860) has no WPC
07-08 23:20:23.779  3425  4739 D WindowManager: NFW_setClientVisible:ActivityRecord{71078165 u0 rd.sheepskin.sandboxmusic/.MainActivity clientVisible:true
07-08 23:20:23.779  3425  4739 D ActivityTaskManager: The isLandscapeFullscreenEnabled is: rd.sheepskin.sandboxmusic/.MainActivity
07-08 23:20:23.780  3425  4739 D ActivityTaskManager: The isLandscapeFullscreenEnabled is: rd.sheepskin.sandboxmusic/.MainActivity
07-08 23:20:23.780  3425  4739 D ActivityTaskManager: The isLandscapeFullscreenEnabled is: rd.sheepskin.sandboxmusic/.MainActivity
07-08 23:20:23.780  3425  4739 D ActivityTaskManager: The isLandscapeFullscreenEnabled is: rd.sheepskin.sandboxmusic/.MainActivity
07-08 23:20:23.780  3425  4739 D ActivityTaskManager: The isLandscapeFullscreenEnabled is: rd.sheepskin.sandboxmusic/.MainActivity
07-08 23:20:23.780  3425  4739 D FlexibleTaskController: isSupportFlexibleWindow target = rd.sheepskin.sandboxmusic/.MainActivity callPkg = FlexibleTaskController support = true ,caller = 3425
07-08 23:20:23.780  3425  4739 I AppSnapshotController: init, sysSupport = true, mActivitySupport = false, activityRecord = ActivityRecord{71078165 u0 rd.sheepskin.sandboxmusic/.MainActivity t-1}
07-08 23:20:23.781  3425  3597 E QosSceneRecognizer[ActivityStartScene]: notifyActivityStart get launchedFromUid failed through AppManager! launchedFromPackage: com.android.shell, pkg: rd.sheepskin.sandboxmusic
07-08 23:20:23.781  3425  4739 D FlexibleWindowManagerService: isIgnoreAppearedAcrossTask:false
07-08 23:20:23.781  3425  4416 D StartingSurfacePreviewController: checkSupportSurfacePreview, token=rd.sheepskin.sandboxmusic/.MainActivity, enableSurfacePreview=false, supportMultiLayout=false, unsupportedSkipViewAnimLv=null, disableSurfacePreviewAnimLv=null, ignoreFileExistAnimLv=null
07-08 23:20:23.782  3425  4739 D ActivityStarterExtImpl: setForceUpdateWindow, targetTask = Task{4df7882 #1728 type=standard A=10447:rd.sheepskin.sandboxmusic} r = ActivityRecord{71078165 u0 rd.sheepskin.sandboxmusic/.MainActivity t-1} notFinish =false
07-08 23:20:23.782  3425  4739 D FlexibleWindowManagerService: isIgnoreAppearedAcrossTask:false
07-08 23:20:23.782  3425  4739 D FlexibleTaskController: findSourceTaskForFreeForm: sourceRecord = null ,realCallingPid:21860 ,launchFromZoomMode:false ,prevTopTask:Task{4df7882 #1728 type=standard A=10447:rd.sheepskin.sandboxmusic}
07-08 23:20:23.782  3425  4739 D FlexibleTaskController: findSourceTaskForFreeForm: the caller is not a flexible freeform window application and does not have a zoom windowMode startup parameter
07-08 23:20:23.782  3425  4739 D FlexibleTaskController: adjustOptionsForFlexibleTask not allow options follow process task's options, reason:9 ,reusedOptions:null
07-08 23:20:23.782  3425  4739 I TaskFragmentExtImpl: reset pause in recents anim for mTaskFragment: Task{4df7882 #1728 type=standard A=10447:rd.sheepskin.sandboxmusic}
07-08 23:20:23.782  3425  4739 D FlexibleTaskController: isSupportFlexibleWindow target = rd.sheepskin.sandboxmusic/.MainActivity callPkg = FlexibleTaskController support = true ,caller = 3425
07-08 23:20:23.782  3425  4739 D FlexibleTaskController: shouldKeepFlexibleTask flexibleTask not active.
07-08 23:20:23.783  3425  4739 D ActivityStarterExtImpl: isLaunchingRootActivity = true
07-08 23:20:23.784  3425  4739 D ActivityTaskManager: The isLandscapeFullscreenEnabled is: rd.sheepskin.sandboxmusic/.MainActivity
07-08 23:20:23.784  3425  4739 D ActivityTaskManager: The isLandscapeFullscreenEnabled is: rd.sheepskin.sandboxmusic/.MainActivity
07-08 23:20:23.785  3425  4739 E Transition: Aborting Transition mSyncId=267, caller=com.android.server.wm.OplusTransitionUtil.abortTransitionImmediately:109 com.android.server.wm.OplusTransitionController.abortTransitionImmediately:123 com.android.server.wm.ActivityStarterExtImpl.abortTransitionImmediately:1896 
07-08 23:20:23.785  3425  4739 D OplusTransitionController: hookOnAbort, transition: TransitionRecord{7a327b8 id=267 track=0 type=OPEN flags=0x0 state=0 c=[
07-08 23:20:23.785  3425  4739 D OplusTransitionController:    ChangeInfo{6e22991 container=ActivityRecord{71078165 u0 rd.sheepskin.sandboxmusic/.MainActivity t-1} flags=0x0}
07-08 23:20:23.785  3425  4739 D OplusTransitionController: ]
07-08 23:20:23.785  3425  4739 D OplusTransitionController: }
07-08 23:20:23.785  3425  4739 E OplusAppQuickStart_AppQuickStartController: not start from launcher transition:267
07-08 23:20:23.785  3425  4739 D KEYLOG_PhoneWindowManager: setKeyguardOccludedLw occluded=false,false,false
07-08 23:20:23.785  3425  4739 D KEYLOG_PhoneWindowManager: setKeyguardOccludedLw occluded=false,false,false
07-08 23:20:23.786  3425  4739 I ActivityTaskManager: START u0 {act=android.intent.action.VIEW dat=sandboxmusic://e2e/... flg=0x14000000 xflg=0x4 pkg=rd.sheepskin.sandboxmusic cmp=rd.sheepskin.sandboxmusic/.MainActivity mCallingUid=2000} with LAUNCH_SINGLE_TASK from uid 2000 (BAL_ALLOW_PERMISSION (START_ACTIVITIES_FROM_BACKGROUND permission granted)) result code=3
07-08 23:20:23.788 16372 16372 D ActivityThread: ComponentInfo{rd.sheepskin.sandboxmusic/rd.sheepskin.sandboxmusic.MainActivity} checkFinished=false 4
07-08 23:20:23.788 16372 16372 D ResourcesManagerExtImpl: applyConfigurationToAppResourcesLocked app.getDisplayId() return callback.displayId:0
07-08 23:20:23.790  4972  5022 D WindowManagerShell: onActivityRestartAttempt: topActivity=ComponentInfo{rd.sheepskin.sandboxmusic/rd.sheepskin.sandboxmusic.MainActivity}, wasVisible=true
07-08 23:20:23.796  3425  3563 V WindowManager: Relayout Window{650be41 u0 rd.sheepskin.sandboxmusic/rd.sheepskin.sandboxmusic.MainActivity}: viewVisibility=0, oldvis=0, req=1440x3168 , apr = 0, , x=0, y=0
07-08 23:20:23.796 16372 16372 D VRI[MainActivity]: relayoutWindow result, sizeChanged:false, surfaceControlChanged:false, transformHintChanged:false, mSurfaceSize:Point(1440, 3168), mLastSurfaceSize:Point(1440, 3168), mWidth:1440, mHeight:3168, requestedWidth:1440, requestedHeight:3168, transformHint:0, installOrientation:0, displayRotation:0, isSurfaceValid:true, attr.flag:-2122252032, tmpFrames:ClientWindowFrames{frame=[0,0][1440,3168] display=[0,0][1440,3168] parentFrame=[0,0][1440,3168]}, relayoutResult:0, relayoutAsync:true, mSyncSeqId:0
07-08 23:20:23.796 16372 16372 W VRI[MainActivity]: updateBlastSurfaceIfNeeded, surfaceSize:Point(1440, 3168), lastSurfaceSize:Point(1440, 3168), format:-1, blastBufferQueue:android.graphics.BLASTBufferQueue@7042bce
07-08 23:20:23.797  3425  3563 D ActivityTaskManager: The isLandscapeFullscreenEnabled is: rd.sheepskin.sandboxmusic/.MainActivity
07-08 23:20:23.822  3425  4739 I BLASTSyncEngine: onCommitted syncId: 267, timeout: false ran: false
07-08 23:20:24.571  3425  3600 I ActivityManager: Waited long enough for: ServiceRecord{34862b u0 com.qualcomm.qti.workloadclassifier/.WLCService c:com.qualcomm.qti.workloadclassifier}
07-08 23:20:24.751  3425  3600 I ActivityManager: Waited long enough for: ServiceRecord{34b35f3 u0 com.oplus.sau/com.oplusos.sau.aidl.SauBinderUpdateService c:com.oplus.sau}
07-08 23:20:25.487  3425  4255 E JobScheduler.Background: Couldn't determine stopped state for unknown package: com.oplus.onet
07-08 23:20:25.986  4972  5294 V OplusCustomizeCacheManager: queryCache name: cache_key.system_server.common_customize_cache11011 param: null
07-08 23:20:25.987  4972  5294 V OplusCustomizeCacheManager: queryCache name: cache_key.system_server.common_customize_cache11011 param: null
07-08 23:20:26.071  4972  5294 V OplusCustomizeCacheManager: queryCache name: cache_key.system_server.common_customize_cache18013 param: null
07-08 23:20:26.071  4972  5294 V OplusCustomizeCacheManager: queryCache name: cache_key.system_server.common_customize_cache18014 param: null
07-08 23:20:26.071  4972  5294 V OplusCustomizeCacheManager: queryCache name: cache_key.system_server.common_customize_cache18017 param: Bundle[{SETTING=BLOCK, BUSINESS=NCT-DATA}]
07-08 23:20:26.081  4972  5294 V OplusCustomizeCacheManager: queryCache name: cache_key.system_server.common_customize_cache18026 param: null
07-08 23:20:26.082  4972  5294 V OplusCustomizeCacheManager: queryCache name: cache_key.system_server.common_customize_cache18025 param: null
07-08 23:20:26.083  4972  5294 V OplusCustomizeCacheManager: queryCache name: cache_key.system_server.common_customize_cache11009 param: null
07-08 23:20:26.087  4972  5294 V OplusCustomizeCacheManager: queryCache name: cache_key.system_server.common_customize_cache18027 param: null
07-08 23:20:26.088  4972  5294 V OplusCustomizeCacheManager: queryCache name: cache_key.system_server.common_customize_cache11010 param: null
07-08 23:20:26.089  4972  5294 V OplusCustomizeCacheManager: queryCache name: cache_key.system_server.common_customize_cache11010 param: null
07-08 23:20:26.218  3425  3637 D osense.compress: com.whatsapp do shrink, target ratio = 20, final ratio = 40, cur ratio = 0
07-08 23:20:27.457  3425  4739 E AppOps  : attributionTag  not declared in manifest of rd.sheepskin.sandboxmusic
07-08 23:20:27.457  3425  4739 E AppOps  : attributionTag  not declared in manifest of rd.sheepskin.sandboxmusic
07-08 23:20:27.487  3425  4739 E AppOps  : attributionTag  not declared in manifest of rd.sheepskin.sandboxmusic
07-08 23:20:27.487  3425  4739 E AppOps  : attributionTag  not declared in manifest of rd.sheepskin.sandboxmusic
07-08 23:20:27.516  3425  4739 E AppOps  : attributionTag  not declared in manifest of rd.sheepskin.sandboxmusic
07-08 23:20:27.517  3425  4739 E AppOps  : attributionTag  not declared in manifest of rd.sheepskin.sandboxmusic
07-08 23:20:27.544  3425  4740 E AppOps  : attributionTag  not declared in manifest of rd.sheepskin.sandboxmusic
07-08 23:20:27.544  3425  4740 E AppOps  : attributionTag  not declared in manifest of rd.sheepskin.sandboxmusic
07-08 23:20:29.745  3425  4740 W PackageManager: package com.oplus.dmp uid 10006 pid 29422 call SetEnabledSetting(com.oplus.dmp component = androidx.work.impl.background.systemalarm.RescheduleReceiver, 2, 0)
07-08 23:20:30.748  3425  3740 I AppsFilter: interaction: PackageSetting{e6c4b51 com.android.microdroid.empty_payload/10275} -> PackageSetting{e441cc8 com.oplus.dmp/10006} BLOCKED
07-08 23:20:30.748  3425  3740 I AppsFilter: interaction: PackageSetting{9709be7 rd.sheepskin.sandboxmusic/10447} -> PackageSetting{e441cc8 com.oplus.dmp/10006} BLOCKED
07-08 23:20:30.748  3425  3740 I AppsFilter: interaction: PackageSetting{41dfac7 com.oplus.locationproxy/10173} -> PackageSetting{e441cc8 com.oplus.dmp/10006} BLOCKED
07-08 23:20:30.749  3425  3740 I AppsFilter: interaction: PackageSetting{1698f4 com.android.certinstaller/10210} -> PackageSetting{e441cc8 com.oplus.dmp/10006} BLOCKED
07-08 23:20:30.749  3425  3740 I AppsFilter: interaction: PackageSetting{cf1a81d com.oplus.location/10218} -> PackageSetting{e441cc8 com.oplus.dmp/10006} BLOCKED
07-08 23:20:30.771  3425  3425 D LockSettingsService: [getSeparateProfileChallengeEnabled] userId = 12
07-08 23:20:30.780  3425  4438 I VibrationEffectConvertor: onInputMethodListUpdated received, info.size = 4
07-08 23:20:30.780  3425  4438 I VibrationEffectConvertor: userid = 0, packageName = com.google.android.tts
07-08 23:20:30.780  3425  4438 I VibrationEffectConvertor: userid = 0, packageName = helium314.keyboard
07-08 23:20:30.780  3425  4438 I VibrationEffectConvertor: userid = 0, packageName = com.google.android.inputmethod.latin
07-08 23:20:30.780  3425  4438 I VibrationEffectConvertor: userid = 0, packageName = com.oplus.securitykeyboard
07-08 23:20:30.782  3425  4443 V AccessibilityManagerService: onUserStateChangedLocked for user 0 with forceUpdate: false mEnabledServices = [ComponentInfo{com.android.systemui.accessibility.accessibilitymenu/com.android.systemui.accessibility.accessibilitymenu.AccessibilityMenuService}] mCrashedServices = [] hasMagnificationConnection=false
07-08 23:20:30.782  3425  4443 W MagnificationConnectionManager: requestConnection duplicated request: connect=false, mConnectionState=DISCONNECTED
07-08 23:20:30.788  3425  3425 D AccessibilityManagerService: [updateInputFilter] flags = 4, mInputFilter=com.android.server.accessibility.AccessibilityInputFilter@9c5aad6, mHasInputFilter=true, mForceSetInputFilter=false
07-08 23:20:31.357  3425  3637 D osense.compress: com.reddit.frontpage do shrink, target ratio = 35, final ratio = 70, cur ratio = 0
07-08 23:20:33.383  3425  3637 D osense.compress: jp.naver.line.android do shrink, target ratio = 45, final ratio = 90, cur ratio = 0
07-08 23:20:34.308  3425  4233 W PackageManager: package com.oplus.ndsf uid 10114 pid 25674 call SetEnabledSetting(com.oplus.ndsf component = androidx.work.impl.background.systemalarm.RescheduleReceiver, 2, 0)
07-08 23:20:34.403  3425  4375 V AlarmManager: sending alarm Alarm{4aff925 type 3 origWhen 9071855 whenElapsed 9071855 com.android.systemui} uid 10208 whenElapsed 9071855 windowLength 0 maxWhenElapsed 9071855 repeatInterval 0 action null component null tag OplusKeyguardUnlockCounterExImpl-SYNC flags 0x9 procName com.android.systemui
07-08 23:20:35.311  3425  3740 I AppsFilter: interaction: PackageSetting{e6c4b51 com.android.microdroid.empty_payload/10275} -> PackageSetting{f8d3fb4 com.oplus.ndsf/10114} BLOCKED
07-08 23:20:35.311  3425  3740 I AppsFilter: interaction: PackageSetting{9709be7 rd.sheepskin.sandboxmusic/10447} -> PackageSetting{f8d3fb4 com.oplus.ndsf/10114} BLOCKED
07-08 23:20:35.311  3425  3740 I AppsFilter: interaction: PackageSetting{41dfac7 com.oplus.locationproxy/10173} -> PackageSetting{f8d3fb4 com.oplus.ndsf/10114} BLOCKED
07-08 23:20:35.311  3425  3740 I AppsFilter: interaction: PackageSetting{1698f4 com.android.certinstaller/10210} -> PackageSetting{f8d3fb4 com.oplus.ndsf/10114} BLOCKED
07-08 23:20:35.312  3425  3740 I AppsFilter: interaction: PackageSetting{cf1a81d com.oplus.location/10218} -> PackageSetting{f8d3fb4 com.oplus.ndsf/10114} BLOCKED
07-08 23:20:35.346  3425  4438 I VibrationEffectConvertor: onInputMethodListUpdated received, info.size = 4
07-08 23:20:35.346  3425  4438 I VibrationEffectConvertor: userid = 0, packageName = com.google.android.tts
07-08 23:20:35.346  3425  4438 I VibrationEffectConvertor: userid = 0, packageName = helium314.keyboard
07-08 23:20:35.347  3425  4438 I VibrationEffectConvertor: userid = 0, packageName = com.google.android.inputmethod.latin
07-08 23:20:35.347  3425  4438 I VibrationEffectConvertor: userid = 0, packageName = com.oplus.securitykeyboard
07-08 23:20:35.350  3425  4443 V AccessibilityManagerService: onUserStateChangedLocked for user 0 with forceUpdate: false mEnabledServices = [ComponentInfo{com.android.systemui.accessibility.accessibilitymenu/com.android.systemui.accessibility.accessibilitymenu.AccessibilityMenuService}] mCrashedServices = [] hasMagnificationConnection=false
07-08 23:20:35.351  3425  4443 W MagnificationConnectionManager: requestConnection duplicated request: connect=false, mConnectionState=DISCONNECTED
07-08 23:20:35.354  3425  3425 D LockSettingsService: [getSeparateProfileChallengeEnabled] userId = 12
07-08 23:20:35.363  3425  3425 D AccessibilityManagerService: [updateInputFilter] flags = 4, mInputFilter=com.android.server.accessibility.AccessibilityInputFilter@9c5aad6, mHasInputFilter=true, mForceSetInputFilter=false
07-08 23:20:36.139  3425  3625 D BatteryStatsImplExtImpl: mActiveProcesses size = 88
07-08 23:20:36.139  3425  3625 D BatteryStatsImplExtImpl: rpmhStats is null or interval time is too short.
07-08 23:20:39.373  3425  4233 W ActivityManager: Receiver with filter android.content.IntentFilter@2b1a35c already registered for pid 25674, callerPackage is com.oplus.ndsf
07-08 23:20:39.392  3425  4233 W PackageManager: package com.oplus.ndsf uid 10114 pid 25674 call SetEnabledSetting(com.oplus.ndsf component = androidx.work.impl.background.systemalarm.RescheduleReceiver, 1, 0)
07-08 23:20:40.395  3425  3740 I AppsFilter: interaction: PackageSetting{e6c4b51 com.android.microdroid.empty_payload/10275} -> PackageSetting{6ca5d1d com.oplus.ndsf/10114} BLOCKED
07-08 23:20:40.395  3425  3740 I AppsFilter: interaction: PackageSetting{9709be7 rd.sheepskin.sandboxmusic/10447} -> PackageSetting{6ca5d1d com.oplus.ndsf/10114} BLOCKED
07-08 23:20:40.396  3425  3740 I AppsFilter: interaction: PackageSetting{41dfac7 com.oplus.locationproxy/10173} -> PackageSetting{6ca5d1d com.oplus.ndsf/10114} BLOCKED
07-08 23:20:40.396  3425  3740 I AppsFilter: interaction: PackageSetting{1698f4 com.android.certinstaller/10210} -> PackageSetting{6ca5d1d com.oplus.ndsf/10114} BLOCKED
07-08 23:20:40.396  3425  3740 I AppsFilter: interaction: PackageSetting{cf1a81d com.oplus.location/10218} -> PackageSetting{6ca5d1d com.oplus.ndsf/10114} BLOCKED
07-08 23:20:40.426  3425  3425 D LockSettingsService: [getSeparateProfileChallengeEnabled] userId = 12
07-08 23:20:40.427  3425  4438 I VibrationEffectConvertor: onInputMethodListUpdated received, info.size = 4
07-08 23:20:40.428  3425  4438 I VibrationEffectConvertor: userid = 0, packageName = com.google.android.tts
07-08 23:20:40.428  3425  4438 I VibrationEffectConvertor: userid = 0, packageName = helium314.keyboard
07-08 23:20:40.428  3425  4438 I VibrationEffectConvertor: userid = 0, packageName = com.google.android.inputmethod.latin
07-08 23:20:40.428  3425  4438 I VibrationEffectConvertor: userid = 0, packageName = com.oplus.securitykeyboard
07-08 23:20:40.430  3425  4443 V AccessibilityManagerService: onUserStateChangedLocked for user 0 with forceUpdate: false mEnabledServices = [ComponentInfo{com.android.systemui.accessibility.accessibilitymenu/com.android.systemui.accessibility.accessibilitymenu.AccessibilityMenuService}] mCrashedServices = [] hasMagnificationConnection=false
07-08 23:20:40.430  3425  4443 W MagnificationConnectionManager: requestConnection duplicated request: connect=false, mConnectionState=DISCONNECTED
07-08 23:20:40.431  3425  3425 D AccessibilityManagerService: [updateInputFilter] flags = 4, mInputFilter=com.android.server.accessibility.AccessibilityInputFilter@9c5aad6, mHasInputFilter=true, mForceSetInputFilter=false
07-08 23:20:41.173  3425  3637 D osense.compress: com.shopee.th do shrink, target ratio = 45, final ratio = 90, cur ratio = 0
07-08 23:20:42.159  3425  5792 E BatteryStatsService: Invalid uid for waking network packet: -1
07-08 23:20:42.181  3425  3637 D osense.compress: org.telegram.messenger do shrink, target ratio = 10, final ratio = 20, cur ratio = 0
07-08 23:20:42.922  3425  5792 E AppOps  : attributionTag  not declared in manifest of rd.sheepskin.sandboxmusic
07-08 23:20:42.923  3425  4739 E AppOps  : attributionTag  not declared in manifest of rd.sheepskin.sandboxmusic
07-08 23:20:43.006  3425  4739 E AppOps  : attributionTag  not declared in manifest of rd.sheepskin.sandboxmusic
07-08 23:20:43.007  3425  4950 E AppOps  : attributionTag  not declared in manifest of rd.sheepskin.sandboxmusic
07-08 23:20:43.026  3425  4739 E AppOps  : attributionTag  not declared in manifest of rd.sheepskin.sandboxmusic
07-08 23:20:43.027  3425  4739 E AppOps  : attributionTag  not declared in manifest of rd.sheepskin.sandboxmusic
07-08 23:20:43.040  3425  4739 E AppOps  : attributionTag  not declared in manifest of rd.sheepskin.sandboxmusic
07-08 23:20:43.040  3425  5792 E AppOps  : attributionTag  not declared in manifest of rd.sheepskin.sandboxmusic
07-08 23:20:46.223  3425  3637 D osense.compress: com.whatsapp do shrink, target ratio = 20, final ratio = 40, cur ratio = 0
07-08 23:20:51.058  3425  3637 D osense.compress: try do inactive compress task
07-08 23:20:51.061  3425  3637 D osense.compress: inactive do shrink, target ratio = 27, final ratio = 55, cur ratio = 0
07-08 23:20:51.358  3425  3637 D osense.compress: com.reddit.frontpage do shrink, target ratio = 35, final ratio = 70, cur ratio = 0
07-08 23:20:51.983  3425  5792 E BatteryStatsService: Invalid uid for waking network packet: -1
07-08 23:20:53.044  5767 30294 D OplusStatistics--: isDrsAvailable=true
07-08 23:20:53.383  3425  3637 D osense.compress: jp.naver.line.android do shrink, target ratio = 45, final ratio = 90, cur ratio = 0
07-08 23:20:54.547  3425  3652 D OplusBrightnessSceneAdapter: Arc scene change!!! NormalScene -> StableScene [erraticScore:-1, stableScore:5467] isLuxRefresh:true
07-08 23:20:54.548  3425  3652 D OplusBrightnessAmbientAdapter[StabilityProcess]: updateRangeStrategy: reason[SceneChange ] baseLux:1.3, scene:StableScene large{-1.0, 7.01} largeForAux{-1.0, 2.9575} small{0.29874992, 4.2} null
07-08 23:20:57.104  3425  4950 E BatteryStatsService: Invalid uid for waking network packet: -1
07-08 23:20:57.449  3425  5792 E AppOps  : attributionTag  not declared in manifest of rd.sheepskin.sandboxmusic
07-08 23:20:57.451  3425  5792 E AppOps  : attributionTag  not declared in manifest of rd.sheepskin.sandboxmusic
07-08 23:20:57.479  3425  5792 E AppOps  : attributionTag  not declared in manifest of rd.sheepskin.sandboxmusic
07-08 23:20:57.480  3425  5792 E AppOps  : attributionTag  not declared in manifest of rd.sheepskin.sandboxmusic
07-08 23:20:57.507  3425  5792 E AppOps  : attributionTag  not declared in manifest of rd.sheepskin.sandboxmusic
07-08 23:20:57.507  3425  5792 E AppOps  : attributionTag  not declared in manifest of rd.sheepskin.sandboxmusic
07-08 23:20:57.522  3425  5792 E AppOps  : attributionTag  not declared in manifest of rd.sheepskin.sandboxmusic
07-08 23:20:57.523  3425  4950 E AppOps  : attributionTag  not declared in manifest of rd.sheepskin.sandboxmusic
07-08 23:20:57.607  3425  3597 W QosScheduler: executeSceneQosStrategy failed! qos feature no enable
07-08 23:21:00.000  3425  4375 V AlarmManager: sending alarm Alarm{bef17bf type 3 origWhen 9097453 whenElapsed 9097453 android} uid 1000 whenElapsed 9097453 windowLength 0 maxWhenElapsed 9097453 repeatInterval 0 action null component null tag TIME_TICK flags 0x9 procName system_server
07-08 23:21:00.016  3425  4664 D CommSceneService: notify align tick changed state=1
07-08 23:21:00.017  3425  4664 D OSysNetControlService: handle comm scene=1006 state=1 phoneId=-1
07-08 23:21:00.017  3425  4664 D OSysNetControlService: condition id=1 state=false not match!
07-08 23:21:00.017  3425  4664 D OSysNetControlService: condition id=2 delay not match!
07-08 23:21:00.033  3425  3652 D OplusDisplayBrightnessBroadcastReceiver: onReceive action = android.intent.action.TIME_TICK , listeners = [com.android.server.display.color.eyeprotect.manager.AiCurveManager$RhythmBroadcastReceiverWithUpgradeUI@16de344, com.android.server.display.feature.ambience.events.event.TimeEvent$TimeChangeReceiver@1757a3]
07-08 23:21:01.183  3425  3637 D osense.compress: com.shopee.th do shrink, target ratio = 45, final ratio = 90, cur ratio = 0
07-08 23:21:02.031  3425  4950 E BatteryStatsService: Invalid uid for waking network packet: -1
07-08 23:21:02.181  3425  3637 D osense.compress: org.telegram.messenger do shrink, target ratio = 10, final ratio = 20, cur ratio = 0
07-08 23:21:02.549  3425  3652 D OplusFeatureBrightnessBarController: BrightnessBarController is not support.
07-08 23:21:02.549  3425  3646 D AutomaticController[display=0]: brightness changed!!!finalLux:0.0, weightLux:0.0, automaticLux:0.0, lastFinalLux:1.3, lastAutomaticLux:1.3, deviceDirection:Darkening, environmentDirection:Darkening, scene:StableScene, accelerateScale:1.0, updateProcess:[StableForceChange], luxQueue:[0.0, 0.0, 0.0, 0.0], [(1.3, 5.713031, 621.1835)->(0.0, 2.5, 37.4673)], drag:null
07-08 23:21:02.552  3425  3646 D OplusBiometricsDisplayHelper: isFold: false, isUnblockByFp: null
07-08 23:21:02.671  3425  3652 D OplusBrightnessPhoneStateManager: LuxEvent{event:AUX_LUX lux:0.0} -> LuxEvent{event:AUX_LUX lux:0.0}
07-08 23:21:02.671  3425  3652 D OplusBrightnessSceneAdapter: Arc scene change!!! StableScene -> NormalScene [erraticScore:-1, stableScore:-1] isLuxRefresh:true
07-08 23:21:02.672  3425  3652 D OplusBrightnessAmbientAdapter[StabilityProcess]: updateRangeStrategy: reason[LuxChange SceneChange ] baseLux:0.0, scene:NormalScene large{-1.0, 7.01} largeForAux{-1.0, 2.0} small{-1.0, 4.2} null
07-08 23:21:02.744  3425  3652 D OplusBrightnessPhoneStateManager: LuxEvent{event:MAIN_LUX lux:0.0} -> LuxEvent{event:MAIN_LUX lux:0.0}
07-08 23:21:02.945  3425  3652 D OplusBrightnessPhoneStateManager: LuxEvent{event:MAIN_LUX lux:0.0} -> LuxEvent{event:MAIN_LUX lux:0.0}
07-08 23:21:03.145  3425  3652 D OplusBrightnessPhoneStateManager: LuxEvent{event:MAIN_LUX lux:0.0} -> LuxEvent{event:MAIN_LUX lux:0.0}
07-08 23:21:03.345  3425  3652 D OplusBrightnessPhoneStateManager: LuxEvent{event:MAIN_LUX lux:0.0} -> LuxEvent{event:MAIN_LUX lux:0.0}
07-08 23:21:03.550  3425  3652 D OplusBrightnessPhoneStateManager: LuxEvent{event:MAIN_LUX lux:0.0} -> LuxEvent{event:MAIN_LUX lux:0.0}
07-08 23:21:03.745  3425  3652 D OplusBrightnessPhoneStateManager: LuxEvent{event:MAIN_LUX lux:0.3308751} -> LuxEvent{event:MAIN_LUX lux:0.3308751}
07-08 23:21:03.944  3425  3652 D OplusBrightnessPhoneStateManager: LuxEvent{event:MAIN_LUX lux:0.3308751} -> LuxEvent{event:MAIN_LUX lux:0.3308751}
07-08 23:21:04.145  3425  3652 D OplusBrightnessPhoneStateManager: LuxEvent{event:MAIN_LUX lux:0.3308751} -> LuxEvent{event:MAIN_LUX lux:0.3308751}
07-08 23:21:04.344  3425  3652 D OplusBrightnessPhoneStateManager: LuxEvent{event:MAIN_LUX lux:0.3308751} -> LuxEvent{event:MAIN_LUX lux:0.3308751}
07-08 23:21:04.545  3425  3652 D OplusBrightnessPhoneStateManager: LuxEvent{event:MAIN_LUX lux:0.3308751} -> LuxEvent{event:MAIN_LUX lux:0.3308751}
07-08 23:21:06.223  3425  3637 D osense.compress: com.whatsapp do shrink, target ratio = 20, final ratio = 40, cur ratio = 0
07-08 23:21:07.153  3425  4950 E BatteryStatsService: Invalid uid for waking network packet: -1
07-08 23:21:07.717  3425  3625 D BatteryStatsImplExtImpl: mActiveProcesses size = 86
07-08 23:21:07.717  3425  3625 D BatteryStatsImplExtImpl: rpmhStats is null or interval time is too short.
07-08 23:21:08.763  3425  4950 E OplusCustomizePackageManagerService: getAdbInstallUninstallDisabled start
07-08 23:21:09.446  3425  4739 W PackageManager: package com.oplus.ndsf uid 10114 pid 25674 call SetEnabledSetting(com.oplus.ndsf component = androidx.work.impl.background.systemalarm.RescheduleReceiver, 2, 0)
07-08 23:21:09.503  3425  6069 W ActivityManager: Receiver with filter android.content.IntentFilter@8cbf14a already registered for pid 25674, callerPackage is com.oplus.ndsf
07-08 23:21:09.516  3425  6069 W PackageManager: package com.oplus.ndsf uid 10114 pid 25674 call SetEnabledSetting(com.oplus.ndsf component = androidx.work.impl.background.systemalarm.RescheduleReceiver, 1, 0)
07-08 23:21:10.447  3425  3740 I AppsFilter: interaction: PackageSetting{e6c4b51 com.android.microdroid.empty_payload/10275} -> PackageSetting{914f384 com.oplus.ndsf/10114} BLOCKED
07-08 23:21:10.448  3425  3740 I AppsFilter: interaction: PackageSetting{9709be7 rd.sheepskin.sandboxmusic/10447} -> PackageSetting{914f384 com.oplus.ndsf/10114} BLOCKED
07-08 23:21:10.448  3425  3740 I AppsFilter: interaction: PackageSetting{41dfac7 com.oplus.locationproxy/10173} -> PackageSetting{914f384 com.oplus.ndsf/10114} BLOCKED
07-08 23:21:10.448  3425  3740 I AppsFilter: interaction: PackageSetting{1698f4 com.android.certinstaller/10210} -> PackageSetting{914f384 com.oplus.ndsf/10114} BLOCKED
07-08 23:21:10.448  3425  3740 I AppsFilter: interaction: PackageSetting{cf1a81d com.oplus.location/10218} -> PackageSetting{914f384 com.oplus.ndsf/10114} BLOCKED
07-08 23:21:10.477  3425  3425 D LockSettingsService: [getSeparateProfileChallengeEnabled] userId = 12
07-08 23:21:10.483  3425  4438 I VibrationEffectConvertor: onInputMethodListUpdated received, info.size = 4
07-08 23:21:10.483  3425  4438 I VibrationEffectConvertor: userid = 0, packageName = com.google.android.tts
07-08 23:21:10.483  3425  4438 I VibrationEffectConvertor: userid = 0, packageName = helium314.keyboard
07-08 23:21:10.483  3425  4438 I VibrationEffectConvertor: userid = 0, packageName = com.google.android.inputmethod.latin
07-08 23:21:10.483  3425  4438 I VibrationEffectConvertor: userid = 0, packageName = com.oplus.securitykeyboard
07-08 23:21:10.493  3425  4443 V AccessibilityManagerService: onUserStateChangedLocked for user 0 with forceUpdate: false mEnabledServices = [ComponentInfo{com.android.systemui.accessibility.accessibilitymenu/com.android.systemui.accessibility.accessibilitymenu.AccessibilityMenuService}] mCrashedServices = [] hasMagnificationConnection=false
07-08 23:21:10.493  3425  4443 W MagnificationConnectionManager: requestConnection duplicated request: connect=false, mConnectionState=DISCONNECTED
07-08 23:21:10.497  3425  3425 D AccessibilityManagerService: [updateInputFilter] flags = 4, mInputFilter=com.android.server.accessibility.AccessibilityInputFilter@9c5aad6, mHasInputFilter=true, mForceSetInputFilter=false
07-08 23:21:10.914  3425  4950 D PackageInstallerSessionExtImpl: no pre: undesired name
07-08 23:21:10.915  3425  4950 D OplusInstallAccelerateManager: startAccelerate()
07-08 23:21:10.915  3425  4950 D OplusInstallAccelerateManager: operateCpuBouncingIfNeeded()
07-08 23:21:10.915  3425  4950 D OplusInstallAccelerateManager: originatingPackageName = unknown
07-08 23:21:10.915  3425  4950 D OplusInstallAccelerateManager: initiatingPackageName = com.android.shell
07-08 23:21:10.915  3425  4950 D OplusInstallAccelerateManager: installerPackageName = unknown
07-08 23:21:10.915  3425  4950 D OplusInstallAccelerateManager: disableCpuBouncing()
07-08 23:21:10.932  3425  4231 D PackageInstallerSessionExtImpl: not get pre-parsed ret
07-08 23:21:11.023  3425  4231 I PackageInstallerSessionExtImpl: not Mainline update session, skip
07-08 23:21:11.024  3425  3579 D PackageInstallerSessionExtImpl: hasPreExtract: false
07-08 23:21:11.027  3425  3579 I Watchdog: Pausing HandlerChecker: i/o thread for reason: extract_native_libraries. Pause count: 1
07-08 23:21:11.260  3425  3579 I Watchdog: Resuming HandlerChecker: i/o thread for reason: extract_native_libraries. Pause count: 0
07-08 23:21:11.282  3425  4255 E JobScheduler.Background: Couldn't determine stopped state for unknown package: com.oplus.onet
07-08 23:21:11.319  3425  3740 I PackageManager: Continuing with installation of file:///data/app/vmdl313063841.tmp
07-08 23:21:11.320  3425  4231 D InstallDependencyHelper: No missing dependency for rd.sheepskin.sandboxmusic
07-08 23:21:11.320  3425  4231 D OplusPackageInstallInterceptManager: installStage send adb install pkg:rd.sheepskin.sandboxmusic   path: /data/app/vmdl313063841.tmp/base.apk installFlags:4194418
07-08 23:21:11.320  3425  4231 D OplusPackageInstallInterceptManager: installStage send adb replace install, silent
07-08 23:21:11.320  3425  4231 D PackageManager: installStage rd.sheepskin.sandboxmusic, dir=/data/app/vmdl313063841.tmp, installerPackageName=null, installerUid=2000, full=false
07-08 23:21:11.321  3425  4231 D PackageManager: installStage rd.sheepskin.sandboxmusic0
07-08 23:21:11.323  3425  3740 D PackageManager: installStage use for0
07-08 23:21:11.328  3425  3740 V Configuration: Updating configuration, locales updated from [] to [en_TH,en_GB,en_US]
07-08 23:21:11.328  3425  3740 D ParsingPackageUtilsExtImpl: adjustXmlValidator skip verify tag packageName: rd.sheepskin.sandboxmusic , bootCompleted: true
07-08 23:21:11.330  3425  3740 W OplusCustomizePmsFeature: getCustomDisallowInstallListFromPolicy disallowInstallList: []
07-08 23:21:11.331  3425  3740 W ContextImpl: Calling a method in the system process without a qualified user: android.app.ContextImpl.sendBroadcast:1296 com.android.server.pm.PackageManagerServiceExtImpl.sendOplusBroadcastForDownloadLink:4926 com.android.server.pm.InstallPackageHelper.preparePackage:2128 com.android.server.pm.InstallPackageHelper.prepareInstallPackages:1350 com.android.server.pm.InstallPackageHelper.installPackagesTraced:1096 
07-08 23:21:11.349  3425  3740 I PackageManager: Update package rd.sheepskin.sandboxmusic code path from /data/app/~~WRTtpPXxcTXkRj7UvAmTgw==/rd.sheepskin.sandboxmusic-Fx0HjBn2NxFFDGMP5zm0-w== to /data/app/vmdl313063841.tmp; Retain data and using new
07-08 23:21:11.367  3425  3637 D osense.compress: com.reddit.frontpage do shrink, target ratio = 35, final ratio = 70, cur ratio = 0
07-08 23:21:11.377  3425 28955 D OplusDexSceneManager: Starting attach context  for  rd.sheepskin.sandboxmusic reason: install
07-08 23:21:11.378  3425 28955 D OplusDexSceneManager: isTopAppFront ======= rd.sheepskin.sandboxmusic:false
07-08 23:21:11.378  3425 28955 D OplusDexSceneManager: OplusDex Framework didnot works!
07-08 23:21:11.378  3425 28955 W OplusSingleDexoptContainerImpl: oplus checkAndSetBeforeStart success: packageName= rd.sheepskin.sandboxmusic priority= 60 compilerFilter= skip
07-08 23:21:11.382  3425  3740 I AppsFilter: interaction: PackageSetting{d2efb1e com.android.microdroid.empty_payload/10275} -> PackageSetting{46d6a5 rd.sheepskin.sandboxmusic/10447} BLOCKED
07-08 23:21:11.383  3425  3740 I AppsFilter: interaction: PackageSetting{7533618 com.oplus.locationproxy/10173} -> PackageSetting{46d6a5 rd.sheepskin.sandboxmusic/10447} BLOCKED
07-08 23:21:11.383  3425  3740 I AppsFilter: interaction: PackageSetting{9b16d85 com.android.certinstaller/10210} -> PackageSetting{46d6a5 rd.sheepskin.sandboxmusic/10447} BLOCKED
07-08 23:21:11.383  3425  3740 I AppsFilter: interaction: PackageSetting{d1f011a com.oplus.location/10218} -> PackageSetting{46d6a5 rd.sheepskin.sandboxmusic/10447} BLOCKED
07-08 23:21:11.383  3425  3740 I AppsFilter: interaction: PackageSetting{d2efb1e com.android.microdroid.empty_payload/10275} -> PackageSetting{46d6a5 rd.sheepskin.sandboxmusic/10447} BLOCKED
07-08 23:21:11.383  3425  3740 I AppsFilter: interaction: PackageSetting{7533618 com.oplus.locationproxy/10173} -> PackageSetting{46d6a5 rd.sheepskin.sandboxmusic/10447} BLOCKED
07-08 23:21:11.383  3425  3740 I AppsFilter: interaction: PackageSetting{9b16d85 com.android.certinstaller/10210} -> PackageSetting{46d6a5 rd.sheepskin.sandboxmusic/10447} BLOCKED
07-08 23:21:11.383  3425  3740 I AppsFilter: interaction: PackageSetting{d1f011a com.oplus.location/10218} -> PackageSetting{46d6a5 rd.sheepskin.sandboxmusic/10447} BLOCKED
07-08 23:21:11.383  3425  3740 I AppsFilter: interaction: PackageSetting{d2efb1e com.android.microdroid.empty_payload/10275} -> PackageSetting{46d6a5 rd.sheepskin.sandboxmusic/10447} BLOCKED
07-08 23:21:11.383  3425  3740 I AppsFilter: interaction: PackageSetting{7533618 com.oplus.locationproxy/10173} -> PackageSetting{46d6a5 rd.sheepskin.sandboxmusic/10447} BLOCKED
07-08 23:21:11.383  3425  3740 I AppsFilter: interaction: PackageSetting{9b16d85 com.android.certinstaller/10210} -> PackageSetting{46d6a5 rd.sheepskin.sandboxmusic/10447} BLOCKED
07-08 23:21:11.383  3425  3740 I AppsFilter: interaction: PackageSetting{d1f011a com.oplus.location/10218} -> PackageSetting{46d6a5 rd.sheepskin.sandboxmusic/10447} BLOCKED
07-08 23:21:11.383  3425  3740 I AppsFilter: interaction: PackageSetting{d2efb1e com.android.microdroid.empty_payload/10275} -> PackageSetting{46d6a5 rd.sheepskin.sandboxmusic/10447} BLOCKED
07-08 23:21:11.383  3425  3740 I AppsFilter: interaction: PackageSetting{7533618 com.oplus.locationproxy/10173} -> PackageSetting{46d6a5 rd.sheepskin.sandboxmusic/10447} BLOCKED
07-08 23:21:11.383  3425  3740 I AppsFilter: interaction: PackageSetting{9b16d85 com.android.certinstaller/10210} -> PackageSetting{46d6a5 rd.sheepskin.sandboxmusic/10447} BLOCKED
07-08 23:21:11.383  3425  3740 I AppsFilter: interaction: PackageSetting{d1f011a com.oplus.location/10218} -> PackageSetting{46d6a5 rd.sheepskin.sandboxmusic/10447} BLOCKED
07-08 23:21:11.383  3425  3740 I AppsFilter: interaction: PackageSetting{d2efb1e com.android.microdroid.empty_payload/10275} -> PackageSetting{46d6a5 rd.sheepskin.sandboxmusic/10447} BLOCKED
07-08 23:21:11.383  3425  3740 I AppsFilter: interaction: PackageSetting{7533618 com.oplus.locationproxy/10173} -> PackageSetting{46d6a5 rd.sheepskin.sandboxmusic/10447} BLOCKED
07-08 23:21:11.383  3425  3740 I AppsFilter: interaction: PackageSetting{9b16d85 com.android.certinstaller/10210} -> PackageSetting{46d6a5 rd.sheepskin.sandboxmusic/10447} BLOCKED
07-08 23:21:11.383  3425  3740 I AppsFilter: interaction: PackageSetting{d1f011a com.oplus.location/10218} -> PackageSetting{46d6a5 rd.sheepskin.sandboxmusic/10447} BLOCKED
07-08 23:21:11.384  3425  3740 I AppsFilter: interaction: PackageSetting{d2efb1e com.android.microdroid.empty_payload/10275} -> PackageSetting{a5a00b3 rd.sheepskin.sandboxmusic/10447} BLOCKED
07-08 23:21:11.384  3425  3740 I AppsFilter: interaction: PackageSetting{7533618 com.oplus.locationproxy/10173} -> PackageSetting{a5a00b3 rd.sheepskin.sandboxmusic/10447} BLOCKED
07-08 23:21:11.384  3425  3740 I AppsFilter: interaction: PackageSetting{9b16d85 com.android.certinstaller/10210} -> PackageSetting{a5a00b3 rd.sheepskin.sandboxmusic/10447} BLOCKED
07-08 23:21:11.384  3425  3740 I AppsFilter: interaction: PackageSetting{d1f011a com.oplus.location/10218} -> PackageSetting{a5a00b3 rd.sheepskin.sandboxmusic/10447} BLOCKED
07-08 23:21:11.384  3425  3740 I AppsFilter: interaction: PackageSetting{d2efb1e com.android.microdroid.empty_payload/10275} -> PackageSetting{a5a00b3 rd.sheepskin.sandboxmusic/10447} BLOCKED
07-08 23:21:11.384  3425  3740 I AppsFilter: interaction: PackageSetting{7533618 com.oplus.locationproxy/10173} -> PackageSetting{a5a00b3 rd.sheepskin.sandboxmusic/10447} BLOCKED
07-08 23:21:11.384  3425  3740 I AppsFilter: interaction: PackageSetting{9b16d85 com.android.certinstaller/10210} -> PackageSetting{a5a00b3 rd.sheepskin.sandboxmusic/10447} BLOCKED
07-08 23:21:11.384  3425  3740 I AppsFilter: interaction: PackageSetting{d1f011a com.oplus.location/10218} -> PackageSetting{a5a00b3 rd.sheepskin.sandboxmusic/10447} BLOCKED
07-08 23:21:11.384  3425  3740 I AppsFilter: interaction: PackageSetting{d2efb1e com.android.microdroid.empty_payload/10275} -> PackageSetting{a5a00b3 rd.sheepskin.sandboxmusic/10447} BLOCKED
07-08 23:21:11.384  3425  3740 I AppsFilter: interaction: PackageSetting{7533618 com.oplus.locationproxy/10173} -> PackageSetting{a5a00b3 rd.sheepskin.sandboxmusic/10447} BLOCKED
07-08 23:21:11.384  3425  3740 I AppsFilter: interaction: PackageSetting{9b16d85 com.android.certinstaller/10210} -> PackageSetting{a5a00b3 rd.sheepskin.sandboxmusic/10447} BLOCKED
07-08 23:21:11.384  3425  3740 I AppsFilter: interaction: PackageSetting{d1f011a com.oplus.location/10218} -> PackageSetting{a5a00b3 rd.sheepskin.sandboxmusic/10447} BLOCKED
07-08 23:21:11.384  3425  3740 I AppsFilter: interaction: PackageSetting{d2efb1e com.android.microdroid.empty_payload/10275} -> PackageSetting{a5a00b3 rd.sheepskin.sandboxmusic/10447} BLOCKED
07-08 23:21:11.384  3425  3740 I AppsFilter: interaction: PackageSetting{7533618 com.oplus.locationproxy/10173} -> PackageSetting{a5a00b3 rd.sheepskin.sandboxmusic/10447} BLOCKED
07-08 23:21:11.384  3425  3740 I AppsFilter: interaction: PackageSetting{9b16d85 com.android.certinstaller/10210} -> PackageSetting{a5a00b3 rd.sheepskin.sandboxmusic/10447} BLOCKED
07-08 23:21:11.384  3425  3740 I AppsFilter: interaction: PackageSetting{d1f011a com.oplus.location/10218} -> PackageSetting{a5a00b3 rd.sheepskin.sandboxmusic/10447} BLOCKED
07-08 23:21:11.384  3425  3740 I AppsFilter: interaction: PackageSetting{d2efb1e com.android.microdroid.empty_payload/10275} -> PackageSetting{a5a00b3 rd.sheepskin.sandboxmusic/10447} BLOCKED
07-08 23:21:11.384  3425  3740 I AppsFilter: interaction: PackageSetting{7533618 com.oplus.locationproxy/10173} -> PackageSetting{a5a00b3 rd.sheepskin.sandboxmusic/10447} BLOCKED
07-08 23:21:11.384  3425  3740 I AppsFilter: interaction: PackageSetting{9b16d85 com.android.certinstaller/10210} -> PackageSetting{a5a00b3 rd.sheepskin.sandboxmusic/10447} BLOCKED
07-08 23:21:11.384  3425  3740 I AppsFilter: interaction: PackageSetting{d1f011a com.oplus.location/10218} -> PackageSetting{a5a00b3 rd.sheepskin.sandboxmusic/10447} BLOCKED
07-08 23:21:11.385  3425  3740 W PackageManager: Skipping non-preload apk path: /data/app/~~WRTtpPXxcTXkRj7UvAmTgw==/rd.sheepskin.sandboxmusic-Fx0HjBn2NxFFDGMP5zm0-w==/base.apk
07-08 23:21:11.389  3425  3740 I AppsFilter: interaction: PackageSetting{a5a00b3 rd.sheepskin.sandboxmusic/10447} -> PackageSetting{ed2e2b6 com.oplus.nfcengineertest/10297} force queryable
07-08 23:21:11.389  3425  3740 I AppsFilter: interaction: PackageSetting{a5a00b3 rd.sheepskin.sandboxmusic/10447} -> PackageSetting{ed2e2b6 com.oplus.nfcengineertest/10297} force queryable
07-08 23:21:11.389  3425  3740 I AppsFilter: interaction: PackageSetting{a5a00b3 rd.sheepskin.sandboxmusic/10447} -> PackageSetting{ed2e2b6 com.oplus.nfcengineertest/10297} force queryable
07-08 23:21:11.389  3425  3740 I AppsFilter: interaction: PackageSetting{a5a00b3 rd.sheepskin.sandboxmusic/10447} -> PackageSetting{ed2e2b6 com.oplus.nfcengineertest/10297} force queryable
07-08 23:21:11.389  3425  3740 I AppsFilter: interaction: PackageSetting{a5a00b3 rd.sheepskin.sandboxmusic/10447} -> PackageSetting{ed2e2b6 com.oplus.nfcengineertest/10297} force queryable
07-08 23:21:11.390  3425  3740 I AppsFilter: interaction: PackageSetting{a5a00b3 rd.sheepskin.sandboxmusic/10447} -> PackageSetting{c229647 com.android.cellbroadcastreceiver.overlay.common/10024} force queryable
07-08 23:21:11.390  3425  3740 I AppsFilter: interaction: PackageSetting{a5a00b3 rd.sheepskin.sandboxmusic/10447} -> PackageSetting{c229647 com.android.cellbroadcastreceiver.overlay.common/10024} force queryable
07-08 23:21:11.390  3425  3740 I AppsFilter: interaction: PackageSetting{a5a00b3 rd.sheepskin.sandboxmusic/10447} -> PackageSetting{c229647 com.android.cellbroadcastreceiver.overlay.common/10024} force queryable
07-08 23:21:11.390  3425  3740 I AppsFilter: interaction: PackageSetting{a5a00b3 rd.sheepskin.sandboxmusic/10447} -> PackageSetting{c229647 com.android.cellbroadcastreceiver.overlay.common/10024} force queryable
07-08 23:21:11.390  3425  3740 I AppsFilter: interaction: PackageSetting{a5a00b3 rd.sheepskin.sandboxmusic/10447} -> PackageSetting{c229647 com.android.cellbroadcastreceiver.overlay.common/10024} force queryable
07-08 23:21:11.390  3425  3740 I AppsFilter: interaction: PackageSetting{a5a00b3 rd.sheepskin.sandboxmusic/10447} -> PackageSetting{b92c039 com.android.providers.contacts/10070} force queryable
07-08 23:21:11.390  3425  3740 I AppsFilter: interaction: PackageSetting{a5a00b3 rd.sheepskin.sandboxmusic/10447} -> PackageSetting{b92c039 com.android.providers.contacts/10070} force queryable
07-08 23:21:11.390  3425  3740 I AppsFilter: interaction: PackageSetting{a5a00b3 rd.sheepskin.sandboxmusic/10447} -> PackageSetting{b92c039 com.android.providers.contacts/10070} force queryable
07-08 23:21:11.390  3425  3740 I AppsFilter: interaction: PackageSetting{a5a00b3 rd.sheepskin.sandboxmusic/10447} -> PackageSetting{b92c039 com.android.providers.contacts/10070} force queryable
07-08 23:21:11.390  3425  3740 I AppsFilter: interaction: PackageSetting{a5a00b3 rd.sheepskin.sandboxmusic/10447} -> PackageSetting{b92c039 com.android.providers.contacts/10070} force queryable
07-08 23:21:11.390  3425  3740 I AppsFilter: interaction: PackageSetting{a5a00b3 rd.sheepskin.sandboxmusic/10447} -> PackageSetting{3087119 com.oplus.plugin/10225} force queryable
07-08 23:21:11.390  3425  3740 I AppsFilter: interaction: PackageSetting{a5a00b3 rd.sheepskin.sandboxmusic/10447} -> PackageSetting{3087119 com.oplus.plugin/10225} force queryable
07-08 23:21:11.390  3425  3740 I AppsFilter: interaction: PackageSetting{a5a00b3 rd.sheepskin.sandboxmusic/10447} -> PackageSetting{3087119 com.oplus.plugin/10225} force queryable
07-08 23:21:11.390  3425  3740 I AppsFilter: interaction: PackageSetting{a5a00b3 rd.sheepskin.sandboxmusic/10447} -> PackageSetting{3087119 com.oplus.plugin/10225} force queryable
07-08 23:21:11.390  3425  3740 I AppsFilter: interaction: PackageSetting{a5a00b3 rd.sheepskin.sandboxmusic/10447} -> PackageSetting{3087119 com.oplus.plugin/10225} force queryable
07-08 23:21:11.390  3425  3740 I AppsFilter: interaction: PackageSetting{a5a00b3 rd.sheepskin.sandboxmusic/10447} -> PackageSetting{ab90463 com.qualcomm.timeservice/10099} force queryable
07-08 23:21:11.390  3425  3740 I AppsFilter: interaction: PackageSetting{a5a00b3 rd.sheepskin.sandboxmusic/10447} -> PackageSetting{ab90463 com.qualcomm.timeservice/10099} force queryable
07-08 23:21:11.390  3425  3740 I AppsFilter: interaction: PackageSetting{a5a00b3 rd.sheepskin.sandboxmusic/10447} -> PackageSetting{ab90463 com.qualcomm.timeservice/10099} force queryable
07-08 23:21:11.390  3425  3740 I AppsFilter: interaction: PackageSetting{a5a00b3 rd.sheepskin.sandboxmusic/10447} -> PackageSetting{ab90463 com.qualcomm.timeservice/10099} force queryable
07-08 23:21:11.390  3425  3740 I AppsFilter: interaction: PackageSetting{a5a00b3 rd.sheepskin.sandboxmusic/10447} -> PackageSetting{ab90463 com.qualcomm.timeservice/10099} force queryable
07-08 23:21:11.391  3425  3740 I AppsFilter: interaction: PackageSetting{a5a00b3 rd.sheepskin.sandboxmusic/10447} -> PackageSetting{57f01d com.oneplus.colorx/10151} force queryable
07-08 23:21:11.391  3425  3740 I AppsFilter: interaction: PackageSetting{a5a00b3 rd.sheepskin.sandboxmusic/10447} -> PackageSetting{57f01d com.oneplus.colorx/10151} force queryable
07-08 23:21:11.391  3425  3740 I AppsFilter: interaction: PackageSetting{a5a00b3 rd.sheepskin.sandboxmusic/10447} -> PackageSetting{57f01d com.oneplus.colorx/10151} force queryable
07-08 23:21:11.391  3425  3740 I AppsFilter: interaction: PackageSetting{a5a00b3 rd.sheepskin.sandboxmusic/10447} -> PackageSetting{57f01d com.oneplus.colorx/10151} force queryable
07-08 23:21:11.391  3425  3740 I AppsFilter: interaction: PackageSetting{a5a00b3 rd.sheepskin.sandboxmusic/10447} -> PackageSetting{57f01d com.oneplus.colorx/10151} force queryable
07-08 23:21:11.391  3425  3740 I AppsFilter: interaction: PackageSetting{a5a00b3 rd.sheepskin.sandboxmusic/10447} -> PackageSetting{fd16c06 com.qualcomm.qti.gpudrivers.pineapple.api34/10097} force queryable
07-08 23:21:11.391  3425  3740 I AppsFilter: interaction: PackageSetting{a5a00b3 rd.sheepskin.sandboxmusic/10447} -> PackageSetting{fd16c06 com.qualcomm.qti.gpudrivers.pineapple.api34/10097} force queryable
07-08 23:21:11.391  3425  3740 I AppsFilter: interaction: PackageSetting{a5a00b3 rd.sheepskin.sandboxmusic/10447} -> PackageSetting{fd16c06 com.qualcomm.qti.gpudrivers.pineapple.api34/10097} force queryable
07-08 23:21:11.391  3425  3740 I AppsFilter: interaction: PackageSetting{a5a00b3 rd.sheepskin.sandboxmusic/10447} -> PackageSetting{fd16c06 com.qualcomm.qti.gpudrivers.pineapple.api34/10097} force queryable
07-08 23:21:11.391  3425  3740 I AppsFilter: interaction: PackageSetting{a5a00b3 rd.sheepskin.sandboxmusic/10447} -> PackageSetting{fd16c06 com.qualcomm.qti.gpudrivers.pineapple.api34/10097} force queryable
07-08 23:21:11.391  3425  3740 I AppsFilter: interaction: PackageSetting{a5a00b3 rd.sheepskin.sandboxmusic/10447} -> PackageSetting{31da848 com.oplus.nrMode/10193} force queryable
07-08 23:21:11.391  3425  3740 I AppsFilter: interaction: PackageSetting{a5a00b3 rd.sheepskin.sandboxmusic/10447} -> PackageSetting{31da848 com.oplus.nrMode/10193} force queryable
07-08 23:21:11.391  3425  3740 I AppsFilter: interaction: PackageSetting{a5a00b3 rd.sheepskin.sandboxmusic/10447} -> PackageSetting{31da848 com.oplus.nrMode/10193} force queryable
07-08 23:21:11.391  3425  3740 I AppsFilter: interaction: PackageSetting{a5a00b3 rd.sheepskin.sandboxmusic/10447} -> PackageSetting{31da848 com.oplus.nrMode/10193} force queryable
07-08 23:21:11.391  3425  3740 I AppsFilter: interaction: PackageSetting{a5a00b3 rd.sheepskin.sandboxmusic/10447} -> PackageSetting{31da848 com.oplus.nrMode/10193} force queryable
07-08 23:21:11.391  3425  3740 I AppsFilter: interaction: PackageSetting{a5a00b3 rd.sheepskin.sandboxmusic/10447} -> PackageSetting{f6af965 com.qti.qcc/10223} force queryable
07-08 23:21:11.391  3425  3740 I AppsFilter: interaction: PackageSetting{a5a00b3 rd.sheepskin.sandboxmusic/10447} -> PackageSetting{f6af965 com.qti.qcc/10223} force queryable
07-08 23:21:11.391  3425  3740 I AppsFilter: interaction: PackageSetting{a5a00b3 rd.sheepskin.sandboxmusic/10447} -> PackageSetting{f6af965 com.qti.qcc/10223} force queryable
07-08 23:21:11.391  3425  3740 I AppsFilter: interaction: PackageSetting{a5a00b3 rd.sheepskin.sandboxmusic/10447} -> PackageSetting{f6af965 com.qti.qcc/10223} force queryable
07-08 23:21:11.391  3425  3740 I AppsFilter: interaction: PackageSetting{a5a00b3 rd.sheepskin.sandboxmusic/10447} -> PackageSetting{f6af965 com.qti.qcc/10223} force queryable
07-08 23:21:11.391  3425  3740 I AppsFilter: interaction: PackageSetting{a5a00b3 rd.sheepskin.sandboxmusic/10447} -> PackageSetting{498c25c com.qti.dcf/10204} force queryable
07-08 23:21:11.391  3425  3740 I AppsFilter: interaction: PackageSetting{a5a00b3 rd.sheepskin.sandboxmusic/10447} -> PackageSetting{498c25c com.qti.dcf/10204} force queryable
07-08 23:21:11.391  3425  3740 I AppsFilter: interaction: PackageSetting{a5a00b3 rd.sheepskin.sandboxmusic/10447} -> PackageSetting{498c25c com.qti.dcf/10204} force queryable
07-08 23:21:11.391  3425  3740 I AppsFilter: interaction: PackageSetting{a5a00b3 rd.sheepskin.sandboxmusic/10447} -> PackageSetting{498c25c com.qti.dcf/10204} force queryable
07-08 23:21:11.391  3425  3740 I AppsFilter: interaction: PackageSetting{a5a00b3 rd.sheepskin.sandboxmusic/10447} -> PackageSetting{498c25c com.qti.dcf/10204} force queryable
07-08 23:21:11.391  3425  3740 I AppsFilter: interaction: PackageSetting{a5a00b3 rd.sheepskin.sandboxmusic/10447} -> PackageSetting{b624ba9 com.qualcomm.qti.qms.service.trustzoneaccess/10098} force queryable
