07-08 23:27:45.645 24668 24668 I Capacitor/Console: File:  - Line 349 - Msg: [object Object]
07-08 23:27:45.646 24668 28565 D PipelineWatcher: [0xb4000070b1553300] pipelineFull: too many frames in pipeline (4)
07-08 23:27:45.646 24668 25125 V Capacitor/Plugin: To native (Capacitor plugin): callbackId: 1553030, pluginId: BackgroundMedia, methodName: startForeground
07-08 23:27:45.646 24668 25125 V Capacitor: callback: 1553030, pluginId: BackgroundMedia, methodName: startForeground, methodData: {}
07-08 23:27:45.646  3425  3652 D OplusBrightnessPhoneStateManager: LuxEvent{event:MAIN_LUX lux:0.6134499} -> LuxEvent{event:MAIN_LUX lux:0.6134499}
07-08 23:27:45.647 24668 28565 D PipelineWatcher: [0xb4000070b1553300] pipelineFull: too many frames in pipeline (5)
07-08 23:27:45.647 24668 28565 D PipelineWatcher: [0xb4000070b1553300] pipelineFull: too many frames in pipeline (4)
07-08 23:27:45.653 24668 25125 V Capacitor/Plugin: To native (Capacitor plugin): callbackId: 1553031, pluginId: NativeExoPlayback, methodName: pause
07-08 23:27:45.653  2212  3785 D EffectHalHidl: audioSchedBoost, set audiohal task boost, pid=2212, tid=3785, ret=0
07-08 23:27:45.653 24668 25125 V Capacitor: callback: 1553031, pluginId: NativeExoPlayback, methodName: pause, methodData: {}
07-08 23:27:45.654  3425  4940 D NotificationService--OplusNotificationFixHelper: fixAppIcon: pkg=rd.sheepskin.sandboxmusic
07-08 23:27:45.654  3425  4940 D NotificationService--OplusNotificationFixHelper: fixAppIcon: appIcon = null, pkg = rd.sheepskin.sandboxmusic
07-08 23:27:45.654  1888  3629 V DlbVolumeListener: effectCommand
07-08 23:27:45.654  1888  3629 V DlbVolumeListener: Command EFFECT_CMD_SET_VOLUME
07-08 23:27:45.654  1888  3629 V DlbVolumeListener: Command EFFECT_CMD_SET_VOLUME: left 0, right 0, ioId 29
07-08 23:27:45.654  1888  3629 D DlbVolumeListener: effectCommand: Ignore volume 0 coming from pausing playback
07-08 23:27:45.654  2212  3785 D EffectHalHidl: audioSchedBoost, set audiohal task boost, pid=2212, tid=3785, ret=0
07-08 23:27:45.654  3425  4940 D NotificationService--NotificationRecord: isSupportRearLight , isRearLight = false mLedRM = false isMultilLed = false
07-08 23:27:45.654  1888  1952 D AHAL: AudioStream: out_update_source_metadata_v7: 1329: track count is 1 for usecase(0: deep-buffer-playback)
07-08 23:27:45.654  1888  1952 D AHAL: AudioStream: out_update_source_metadata_v7: 1379: Source metadata usage:1 content_type:2 gain:0.000000
07-08 23:27:45.654  1888  1952 D AHAL: AudioStream: SetAggregateSourceMetadata: 4749: Aggregated Source metadata usage:1 content_type:2 gain:0.000000
07-08 23:27:45.656  3425  4940 D MediaSessionService: onSessionPlaybackStateChanged: record=rd.sheepskin.sandboxmusic/SovereignMusicConsole/190 (userId=0) playbackState=PlaybackState {state=PLAYING(3), position=902651, buffered position=0, speed=1.0, updated=1783549665656, actions=894, custom actions=[], active item id=-1, error=null}
07-08 23:27:45.658 24668 29570 D AudioTrack: flush+ mIsStopFlush 0, mIsTrackSupportFade 1, mTrackFadeSupportType 0 , mShareBuffer != 0 ? 0, mState 2
07-08 23:27:45.658 24668 29570 D AudioTrack: flush(368): prior state:STATE_PAUSED
07-08 23:27:45.659  3425  4664 D NasPowerProxyService: playback state changed:{duration=7506651, artist=, album=, bufferedPosition=0, packageName=rd.sheepskin.sandboxmusic, state=3, position=902651, id=podcast:feed-tgquzh:feed-tgquzh:ep-cfntkq, title=, speed=1.0}
07-08 23:27:45.660 24668 29570 D AudioTrack: [oplusAudioFade]stop mState STATE_FLUSHED, mIsTrackSupportFade 1
07-08 23:27:45.660 24668 29570 D AudioTrack: stop(368): prior state:STATE_FLUSHED output 29 stream 3 session 2369
07-08 23:27:45.660 24668 29570 D AudioTrack: ~AudioTrack(368), releasing mStatus =0 session id 2369 from 24668 on behalf of 24668
07-08 23:27:45.660 24668 25188 I AudioTrack: set(): type=audio,case=1,attributes=1,content_type=2,usage=1,source=-1,flags=0xa00
07-08 23:27:45.660 24668 25188 D AudioTrackExtImpl: AudioTrackExtImpl init
07-08 23:27:45.660 24668 25188 D AudioTrack: set(): streamType -1, sampleRate 44100, format 0x1, channelMask 0x3, frameCount 14144, flags #0, notificationFrames 0, sessionId 2369, transferType 3, uid 10447, pid 24668
07-08 23:27:45.660 24668 29570 D AudioTrack: [oplusAudioFade]stop mState STATE_FLUSHED, mIsTrackSupportFade 1
07-08 23:27:45.660 24668 29570 D AudioTrack: stop(368): prior state:STATE_FLUSHED output 29 stream 3 session 2369
07-08 23:27:45.661 24668 25188 I AudioTrack: set(): 0xb4000072f848a000, Create AudioTrackThread, tid = 29571
07-08 23:27:45.661  3425  6070 D NotificationService--OplusNotificationFixHelper: fixAppIcon: pkg=rd.sheepskin.sandboxmusic
07-08 23:27:45.661  3425  6070 D NotificationService--OplusNotificationFixHelper: fixAppIcon: appIcon = null, pkg = rd.sheepskin.sandboxmusic
07-08 23:27:45.661  3425  6070 D NotificationService--NotificationRecord: isSupportRearLight , isRearLight = false mLedRM = false isMultilLed = false
07-08 23:27:45.661  2212  4507 D AudioFlingerExtImpl: oplusGetParametersBypassLock:only system or list app is allowed to get oplus parameters:DetectPulseEnable, uid:10447
07-08 23:27:45.662 24668 25188 D AudioDetectPulse: setDetectPulse, mIsDetectPulse 0, 0x74c77e3108
07-08 23:27:45.662 24668 29570 I AudioTrack: stopAndJoinCallbacks(368) done
07-08 23:27:45.662  2212  4507 D AudioBoost: audioAppKeyThreadReport() pid 24668, tid -1, enable 0, inUid 0, eventIt -1, threadType -1, id 390
07-08 23:27:45.662 24668 25188 D AudioTrackExtImpl: doSchedBoost, set audioapp task boost, pid=24668, tid=25188, enable=1, ret=0
07-08 23:27:45.662  2212  4507 D AF::Track: destroy(390)
07-08 23:27:45.663  2212  4507 D AudioBoost: audioSchedBoost, pid=2212, tid=4507, enable=1, ret=0
07-08 23:27:45.663  2212  4507 D AudioFlingerExtImpl: addActiveAudioSession, add 2369, uid 10447, map size 1
07-08 23:27:45.663  2212  4507 D AudioFlingerExtImpl: updateSelectDevByRedirectSetting: clientUid=10447, pid=24668
07-08 23:27:45.663  2212  4507 D AudioFlingerExtImpl: updateSelectDevByRedirectSetting: mOplusRedirectOutputSupport=0, mOplusRedirectOutputEnable=0
07-08 23:27:45.663 24668 24668 I Capacitor/Console: File:  - Line 333 - Msg: undefined
07-08 23:27:45.663 24668 24668 I Capacitor/Console: File:  - Line 349 - Msg: [object Object]
07-08 23:27:45.663  5767  9796 I AEC.DolbyService: setEffectEnable enable: false
07-08 23:27:45.664  2212  4507 D NativePermissionController: checkPermission: missing 1 for 10447
07-08 23:27:45.664  2212  4507 D NativePermissionController: checkPermission: missing 3 for 10447
07-08 23:27:45.664  2212  4507 D NativePermissionController: checkPermission: missing 5 for 10447
07-08 23:27:45.664  5767  9796 I AEC.a   : setDsOn(false)
07-08 23:27:45.664  5767  9796 I AudioEffect: setParameter(): 0xb4000073d2025200, param: 5, param2: -1
07-08 23:27:45.664  2212  4538 D EffectHalHidl: audioSchedBoost, set audiohal task boost, pid=2212, tid=4538, ret=0
07-08 23:27:45.664  4972  5076 I SystemUi--Media: OplusMediaDataManagerSt-->AOD_MEDIA_PANEL-->createActionsFromState: curState = 3
07-08 23:27:45.664  2212  4507 D AudioPolicyManagerExtImpl: forceOutputForMusicEffects Enter: session 2369, dev {AUDIO_DEVICE_OUT_SPEAKER, @:}, streamType 3, flags 8, forced_deep 0
07-08 23:27:45.664  2212  4538 D EffectHalHidl: audioSchedBoost, set audiohal task boost, pid=2212, tid=4538, ret=0
07-08 23:27:45.664  2212  4507 D AudioPolicyManagerExtImpl: check callingUid 10447 whose pacakge name is not in fast-audio-effects
07-08 23:27:45.664  2212  4507 D AudioPolicyManagerExtImpl: forceOutputForMusicEffects Done:  flags 8,  forced_deep 0
07-08 23:27:45.664  2212  4507 D APM_AudioPolicyManager: mSpatializerOutput is null, canBeSpatializedInt=0, forceSpatialized:0 forceMss 0 forceMeta 0
07-08 23:27:45.664  5767  9796 I AudioEffect: disable 0xb4000073d2025200
07-08 23:27:45.665  4972  4972 I SystemUi--Media: AbsMediaClient-->MEDIA_SEEDLING-->updateMediaDataByPlaybackState newState=3,newPosition=0, rd.sheepskin.sandboxmusic
07-08 23:27:45.665  4972  4972 I SystemUi--Media: AbsMediaClient-->MEDIA_SEEDLING-->dispatchMediaDataLoaded needUpdate=0 reason=updatePositionByPlaybackState isDestroyed=false
07-08 23:27:45.665  4972  4972 I SystemUi--Media: MediaDataCombineLatest-->MEDIA_SEEDLING-->onMediaDataLoaded mediaData = rd.sheepskin.sandboxmusic,0|rd.sheepskin.sandboxmusic|88001|null|10447,7506651,null,null,null,0,3,0,9503116,1.0,false,1783549665234,true,9502958,true,MediaButton(playId=0|rd.sheepskin.sandboxmusic|88001|null|10447, playOrPause=MediaAction(buttonName=playOrPause, iconMap={Default=(./assets/images/pauseDark.svg, null), SecondHome=(./assets/images/pauseDark.svg, null)}, animRes=null, voiceLabel=P***, isStandardAction=true, icon=Icon(typ=BITMAP size=162x162)), nextOrCustom=MediaAction(buttonName=nextOrCustom, iconMap={Default=(./assets/images/nextDark.svg, null), SecondHome=(./assets/images/nextDark.svg, null)}, animRes=./assets/images/next_anim.json, voiceLabel=N***, isStandardAction=true, icon=Icon(typ=BITMAP size=162x162)), prevOrCustom=MediaAction(buttonName=prevOrCustom, iconMap={Default=(./assets/images/previousDark.svg, null), SecondHome=(./assets/images/previousDark.svg, null)}, animRes=./assets/images/previous_anim.json, voiceLabel=P***, isStandardAction=true, icon=Icon(typ=BITMAP size=162x162)), custom0=null, custom1=MediaAction(buttonName=custom1, iconMap={}, animRes=null, voiceLabel=S***, isStandardAction=false, icon=Icon(typ=BITMAP size=162x162))),0
07-08 23:27:45.665  2212  4507 D AudioBoost: audioSchedBoost, pid=2212, tid=4507, enable=1, ret=0
07-08 23:27:45.665  2212  2960 E GameAudioEffects: outputSelected: call getListValueByUid(fast-audio-effects) but return null
07-08 23:27:45.665  3425  4953 D MediaSessionService: onSessionPlaybackStateChanged: record=rd.sheepskin.sandboxmusic/SovereignMusicConsole/190 (userId=0) playbackState=PlaybackState {state=PAUSED(2), position=902813, buffered position=0, speed=1.0, updated=1783549665665, actions=894, custom actions=[], active item id=-1, error=null}
07-08 23:27:45.666  2212  4507 D AudioFlinger: createTrack_l output(29) original frameCount 14144  mNormalFrameCount 1920 mFrameCount(hal) 1920 minFrameCount 3536 notificationsPerBuffer 0 mSampleRate 48000 halLatencyMs 109
07-08 23:27:45.666  4972  4972 I SystemUi--Media: MediaDataFlowLimiter-->MEDIA_PANEL-->onMediaDataLoaded, first data , 0|rd.sheepskin.sandboxmusic|88001|null|10447 Sandbox Music(isPlaying:true), currentData = MediaDataExt{userId=0, initialized=true, app=Sandbox Music, artist=EMPTY, song=EMPTY, artwork=null, packageName=rd.sheepskin.sandboxmusic, token=android.media.session.MediaSession$Token@e5b267a,  active=true, playbackLocation=0, resumption=false, notificationKey=0|rd.sheepskin.sandboxmusic|88001|null|10447, isPlaying=true, mediaCustNotification=false, }
07-08 23:27:45.666  2212  4507 D AudioFlinger: Client defaulted notificationFrames to 7072 for frameCount 14144
07-08 23:27:45.666  2212  4507 D AudioFlinger: createTrack_l output(29) final frameCount 14144 for track session 2369 , mFrameCount 1920, mNormalFrameCount 1920, notificationFrameCount 7072
07-08 23:27:45.666  2212  4507 I AF::PthrPatchRecord: creating track with enforcement level 0
07-08 23:27:45.666  4972  5076 D MediaDataManager: State updated outside of notification
07-08 23:27:45.666  4972  4972 D MediaDataManager: updateState: isPlaying = true, song change = false
07-08 23:27:45.667  4972  4972 I SystemUi--Media: MediaDataFlowLimiter-->MEDIA_PANEL-->onMediaDataLoaded: Sandbox Music(isPlaying:true) within debounce period, ignore
07-08 23:27:45.667  2212  4507 D AudioFlinger_PlaybackThread_TrackExtImpl: HoloAudio, create track pkg name:rd.sheepskin.sandboxmusic
07-08 23:27:45.668  4972  4972 I SystemUi--Media: MediaDataFlowLimiter-->MEDIA_PANEL-->onMediaDataLoaded: Sandbox Music(isPlaying:true) within debounce period, ignore
07-08 23:27:45.668  2689  2689 D HoloAudio::SpecailizerPLService_Aidl: getMetaInfoByPkgName, 
07-08 23:27:45.668  2212  4507 D AudioFlingerExtImpl: HoloAudio: audioFlingerExt getMetaInfo valueis:
07-08 23:27:45.668  2212  4507 D AudioFlinger_PlaybackThread_TrackExtImpl: HoloAudio, there is no policy for this pkg:rd.sheepskin.sandboxmusic
07-08 23:27:45.668  2212  4507 I AF::Track: Track, track(0xb400007a1e8a8800): mFastIndex -1, mStreamType 3, mId 391, mPortId 369, mFrameCount 14144, mSampleRate 44100, mFormat 1, mChannelCount 2, thread 0xb400007a05b96750, sessionId 2369, AudioOut_1D, primary-8
07-08 23:27:45.668  2689  2689 D HoloAudio::SpecailizerPLService_Aidl: getActiveMetaList +++
07-08 23:27:45.668  2689  2689 D HoloAudio::SpecailizerPLService_Aidl: callClient:clientID:1 exist:1, event:12, isOneWay:0
07-08 23:27:45.668  3425  4664 D NasPowerProxyService: playback state changed:{duration=7506651, artist=, album=, bufferedPosition=0, packageName=rd.sheepskin.sandboxmusic, state=2, position=902813, id=podcast:feed-tgquzh:feed-tgquzh:ep-cfntkq, title=, speed=1.0}
07-08 23:27:45.668  2689  2689 D HoloAudio::SpecailizerPLService_Aidl: getActiveMetaList ---
07-08 23:27:45.668  2212  4507 D AudioBoost: audioSchedBoost, pid=2212, tid=4507, enable=0, ret=0
07-08 23:27:45.669  4972  5076 I SystemUi--Media: OplusMediaDataManagerSt-->AOD_MEDIA_PANEL-->createActionsFromState: curState = 2
07-08 23:27:45.669  2029  2110 V DolbyManagerService: doOnDapParamUpdate() entry
07-08 23:27:45.669  2212  4507 D AudioBoost: audioSchedBoost, pid=2212, tid=4507, enable=0, ret=0
07-08 23:27:45.669  2029  2110 V DolbyManagerService: doOnDapParamUpdate() exit
07-08 23:27:45.669 24668 25188 D AudioTrack: createTrack state 0 output.outputId=29
07-08 23:27:45.669  1888  1922 D DmsHalA : DmsHalAidlCallBacks 0xb40000725462c900 onEvent() id = 43445544
07-08 23:27:45.670  1888  1922 D DlbEffectContext: onDapParamUpdate() mEffectContext = 0xb4000072546223d8, try to call its updateEffectParams()
07-08 23:27:45.670  1888  1922 D DlbDapEffectContext: DapEffectContext 0xb4000072546223d8 grab the lock and call updateDapParams()
07-08 23:27:45.670  2212  4538 D AudioFlingerExtImpl: oplusGetParametersBypassLock:only system or list app is allowed to get oplus parameters:is_direct_pcm_track, uid:10447
07-08 23:27:45.670  2212  4538 D AudioFlingerExtImpl: oplusGetParameters:only system or list app is allowed to get oplus parameters:is_direct_pcm_track, uid:10447
07-08 23:27:45.670  1888  1952 D AHAL: AudioStream: astream_out_get_parameters: 1169: enter
07-08 23:27:45.670  1888  1952 D AHAL: AudioStream: astream_out_get_parameters: 1191: keys: is_direct_pcm_track
07-08 23:27:45.670  1888  1952 D AHAL: AudioStream: astream_out_get_parameters: 1237: exit: returns - is_direct_pcm_track=false
07-08 23:27:45.671 24668 25188 I AudioTrack: createTrack_l(369) on outputId(29) : 0xb4000072f848a000, mCblk = 0x74ac773000,  mLatency = 429, mAfLatency = 109, frameCount = 14144, mSampleRate = 44100, mFlags = 0x8, mReqFrameCount = 14144, mNotificationFramesAct = 7072
07-08 23:27:45.671  3425  6070 V AudioServiceExtImpl: oplusGetParameters() keyValuePairs:OPLUS_AUDIO_GET_DEVICE_VOLUME_INDEX_FORMUSIC:2, uid: 1000
07-08 23:27:45.671  3425  6070 D AudioServiceExtImpl: KEYS_GET_DEVICE_VOLUME_INDEX vol:72 device2
07-08 23:27:45.671 24668 25188 D AudioTrackExtImpl: doSchedBoost, set audioapp task boost, pid=24668, tid=25188, enable=0, ret=0
07-08 23:27:45.671  4972  5076 D MediaDataManager: State updated outside of notification
07-08 23:27:45.671  3425  4940 D NotificationService--OplusNotificationFixHelper: fixAppIcon: pkg=rd.sheepskin.sandboxmusic
07-08 23:27:45.671  3425  4940 D NotificationService--OplusNotificationFixHelper: fixAppIcon: appIcon = null, pkg = rd.sheepskin.sandboxmusic
07-08 23:27:45.672  3425  4940 D NotificationService--NotificationRecord: isSupportRearLight , isRearLight = false mLedRM = false isMultilLed = false
07-08 23:27:45.672  3425  4953 V AudioServiceExtImpl: oplusGetParameters() keyValuePairs:OPLUS_AUDIO_GET_DEVICE_FORSTREAM:3, uid: 1000
07-08 23:27:45.672  5767  9796 E AEC.h   : setSpkVolParam(): new value: 7; old value: -1
07-08 23:27:45.673  4972  4972 I SystemUi--Media: AbsMediaClient-->MEDIA_SEEDLING-->updateMediaDataByPlaybackState newState=2,newPosition=902813, rd.sheepskin.sandboxmusic
07-08 23:27:45.673  4972  4972 I SystemUi--Media: AbsMediaClient-->MEDIA_SEEDLING-->dispatchMediaDataLoaded needUpdate=0 reason=updatePositionByPlaybackState isDestroyed=false
07-08 23:27:45.673  4972  4972 I SystemUi--Media: MediaDataCombineLatest-->MEDIA_SEEDLING-->onMediaDataLoaded mediaData = rd.sheepskin.sandboxmusic,0|rd.sheepskin.sandboxmusic|88001|null|10447,7506651,null,null,null,0,2,902813,1783549665665,1.0,false,1783549665234,true,9502958,true,MediaButton(playId=0|rd.sheepskin.sandboxmusic|88001|null|10447, playOrPause=MediaAction(buttonName=playOrPause, iconMap={Default=(./assets/images/pauseDark.svg, null), SecondHome=(./assets/images/pauseDark.svg, null)}, animRes=null, voiceLabel=P***, isStandardAction=true, icon=Icon(typ=BITMAP size=162x162)), nextOrCustom=MediaAction(buttonName=nextOrCustom, iconMap={Default=(./assets/images/nextDark.svg, null), SecondHome=(./assets/images/nextDark.svg, null)}, animRes=./assets/images/next_anim.json, voiceLabel=N***, isStandardAction=true, icon=Icon(typ=BITMAP size=162x162)), prevOrCustom=MediaAction(buttonName=prevOrCustom, iconMap={Default=(./assets/images/previousDark.svg, null), SecondHome=(./assets/images/previousDark.svg, null)}, animRes=./assets/images/previous_anim.json, voiceLabel=P***, isStandardAction=true, icon=Icon(typ=BITMAP size=162x162)), custom0=null, custom1=MediaAction(buttonName=custom1, iconMap={}, animRes=null, voiceLabel=S***, isStandardAction=false, icon=Icon(typ=BITMAP size=162x162))),0
07-08 23:27:45.673  3425  4940 I AS.SpatializerHelper: isEnabled false
07-08 23:27:45.673  5767  9796 E AEC.h   : setParameter failed because spatializer is not available! 
07-08 23:27:45.673  5767  9796 E AEC.h   : setFlodingModeParam param is the same
07-08 23:27:45.673  4972  4972 I SystemUi--Media: MediaPlayerData-->MEDIA_PANEL-->addMediaSortKey newKey:0|rd.sheepskin.sandboxmusic|88001|null|10447 oldKey:0|rd.sheepskin.sandboxmusic|88001|null|10447, remove:true packageName:rd.sheepskin.sandboxmusic playbackStateUnchanged:true newPlaying:true oldPlaying:true updateTime:1783549665234 oldTime:1783549665234 noUpdateTime:false
07-08 23:27:45.673  4972  4972 I SystemUi--Media: OplusMediaDataFilterExImpl-->MEDIA_PANEL-->dispatchMediaDataOnLoaded key:0|rd.sheepskin.sandboxmusic|88001|null|10447 oldKey:0|rd.sheepskin.sandboxmusic|88001|null|10447 data:MediaDataExt{userId=0, initialized=true, app=Sandbox Music, artist=EMPTY, song=EMPTY, artwork=null, packageName=rd.sheepskin.sandboxmusic, token=android.media.session.MediaSession$Token@e5b267a,  active=true, playbackLocation=0, resumption=false, notificationKey=0|rd.sheepskin.sandboxmusic|88001|null|10447, isPlaying=true, mediaCustNotification=false, }
07-08 23:27:45.673  3425  4940 V AudioServiceExtImpl: oplusGetParameters() keyValuePairs:OPLUS_AUDIO_GET_DEVICE_FORSTREAM:3, uid: 1000
07-08 23:27:45.673  4972  4972 I SystemUi--Media: OplusQsMediaPanelViewController-->MEDIA_PANEL-->onMediaDataLoaded: MediaDataExt{userId=0, initialized=true, app=Sandbox Music, artist=EMPTY, song=EMPTY, artwork=null, packageName=rd.sheepskin.sandboxmusic, token=android.media.session.MediaSession$Token@e5b267a,  active=true, playbackLocation=0, resumption=false, notificationKey=0|rd.sheepskin.sandboxmusic|88001|null|10447, isPlaying=true, mediaCustNotification=false, }, controller: com.oplus.systemui.qs.media.OplusQsMediaPanelViewController$mediaDataUpdateListener$1@9b00f6d
07-08 23:27:45.673  4972  4972 I SystemUi--Media: OplusMediaSeedlingController-->MEDIA_SEEDLING-->warning: onMediaDataLoaded: old mediaClient is not null! key=0|rd.sheepskin.sandboxmusic|88001|null|10447
07-08 23:27:45.674  4972  4972 I SystemUi--Media: AbsMediaClient-->MEDIA_SEEDLING-->onMediaDataLoaded: data=MediaDataExt{userId=0, initialized=true, app=Sandbox Music, artist=EMPTY, song=EMPTY, artwork=null, packageName=rd.sheepskin.sandboxmusic, token=android.media.session.MediaSession$Token@e5b267a,  active=true, playbackLocation=0, resumption=false, notificationKey=0|rd.sheepskin.sandboxmusic|88001|null|10447, isPlaying=true, mediaCustNotification=false, } isDestroyed=false
07-08 23:27:45.674  5767  9796 E AEC.h   : setRevChnParam param is the same
07-08 23:27:45.674  5767  9796 E AEC.h   : setRotationParam(): new value: 0; old value: -1
07-08 23:27:45.674  4972  4972 I SystemUi--Media: AbsMediaClient-->MEDIA_SEEDLING-->dispatchMediaDataLoaded needUpdate=0 reason=onMediaDataLoaded isDestroyed=false
07-08 23:27:45.674  4972  4972 I SystemUi--Media: MediaDataCombineLatest-->MEDIA_SEEDLING-->onMediaDataLoaded mediaData = rd.sheepskin.sandboxmusic,0|rd.sheepskin.sandboxmusic|88001|null|10447,7506651,null,null,null,0,2,902813,1783549665665,1.0,false,1783549665234,true,9502958,true,MediaButton(playId=0|rd.sheepskin.sandboxmusic|88001|null|10447, playOrPause=MediaAction(buttonName=playOrPause, iconMap={Default=(./assets/images/pauseDark.svg, null), SecondHome=(./assets/images/pauseDark.svg, null)}, animRes=null, voiceLabel=P***, isStandardAction=true, icon=Icon(typ=BITMAP size=162x162)), nextOrCustom=MediaAction(buttonName=nextOrCustom, iconMap={Default=(./assets/images/nextDark.svg, null), SecondHome=(./assets/images/nextDark.svg, null)}, animRes=./assets/images/next_anim.json, voiceLabel=N***, isStandardAction=true, icon=Icon(typ=BITMAP size=162x162)), prevOrCustom=MediaAction(buttonName=prevOrCustom, iconMap={Default=(./assets/images/previousDark.svg, null), SecondHome=(./assets/images/previousDark.svg, null)}, animRes=./assets/images/previous_anim.json, voiceLabel=P***, isStandardAction=true, icon=Icon(typ=BITMAP size=162x162)), custom0=null, custom1=MediaAction(buttonName=custom1, iconMap={}, animRes=null, voiceLabel=S***, isStandardAction=false, icon=Icon(typ=BITMAP size=162x162))),0
07-08 23:27:45.674  4972  4972 I SystemUi--Media: AodMediaDataListener-->AOD_MEDIA_PANEL-->onMediaDataLoaded aod media not support for rd.sheepskin.sandboxmusic
07-08 23:27:45.674  3425  4940 I AS.SpatializerHelper: isEnabled false
07-08 23:27:45.674  4972  4972 D MediaDataManager: updateState: isPlaying = false, song change = false
07-08 23:27:45.674  5767  9796 E AEC.h   : setParameter failed because spatializer is not available! 
07-08 23:27:45.674  5767  9796 E AEC.h   : setSpatBtTypeParam Bluetooth is not connected! 
07-08 23:27:45.675  4972  4972 I SystemUi--Media: MediaDataFlowLimiter-->MEDIA_PANEL-->onMediaDataLoaded: Sandbox Music(isPlaying:false) within debounce period, ignore
07-08 23:27:45.675 24668 25125 V Capacitor/Plugin: To native (Capacitor plugin): callbackId: 1553032, pluginId: BackgroundMedia, methodName: stopAudioRouteWatcher
07-08 23:27:45.675 24668 25125 V Capacitor: callback: 1553032, pluginId: BackgroundMedia, methodName: stopAudioRouteWatcher, methodData: {}
07-08 23:27:45.675  1888  1922 D DlbEffectContext: EffectContext[0xb4000072546223d8]: getStoredParams() outToken size = 1, out_paramStore size = 7
07-08 23:27:45.675 24668 25188 E AudioTrackExtImpl: get fade type, but return null, pid 24668, uid 10447
07-08 23:27:45.675 24668 25188 D AudioTrack: set: pop_optimize mIsPopOptimizeSupport:0, mIsPopOptimizeFlush:0
07-08 23:27:45.675 24668 24668 I Capacitor/Console: File:  - Line 349 - Msg: [object Object]
07-08 23:27:45.676  4972  5075 I SystemUi--Media: MediaActionBinder-->MEDIA_SEEDLING-->createOplusMediaActions: mediaActionPriority=PreferSemanticActions
07-08 23:27:45.676  1888  1922 I DlbDapEffectContext: updateEffectParams() store iea value for device(0x2)
07-08 23:27:45.676  1888  1922 D DlbDapEffectContext: DapEffectContext[0xb4000072546223d8] getDapParameter() outval size = 12, ret = 0
07-08 23:27:45.676 24668 25125 V Capacitor/Plugin: To native (Capacitor plugin): callbackId: 1553033, pluginId: NativeExoPlayback, methodName: setPlaybackSpeed
07-08 23:27:45.676 24668 25125 V Capacitor: callback: 1553033, pluginId: NativeExoPlayback, methodName: setPlaybackSpeed, methodData: {"speed":1}
07-08 23:27:45.676 24668 24668 I Capacitor/Console: File:  - Line 349 - Msg: [object Object]
07-08 23:27:45.676  1888  1922 D DlbDapEndpointParamCache: commit() Applying parameters for device 0x40000000
07-08 23:27:45.676  1888  1922 D DlbDapEndpointParamCache: doCommit() Committed 0 parameters out of 15.
07-08 23:27:45.676  1888  1922 D DlbDapEndpointParamCache: commit() Overriding parameters for current device 0x00000002
07-08 23:27:45.676  1888  1922 D DlbDapEndpointParamCache: doCommit() Committed 0 parameters out of 65.
07-08 23:27:45.676  1888  1922 D DlbEffectContext: onDapParamUpdate() mEffectContext = 0xb4000072546223d8, back from updateEffectParams()
07-08 23:27:45.677  4972  5076 I SystemUi--Media: OplusMediaDataManagerSt-->AOD_MEDIA_PANEL-->createActionsFromState: curState = 2
07-08 23:27:45.677 24668 24668 I Capacitor/Console: File:  - Line 349 - Msg: [object Object]
07-08 23:27:45.677 24668 25125 V Capacitor/Plugin: To native (Capacitor plugin): callbackId: 1553034, pluginId: BackgroundMedia, methodName: setWiredDacStabilityEnabled
07-08 23:27:45.677 24668 25125 V Capacitor: callback: 1553034, pluginId: BackgroundMedia, methodName: setWiredDacStabilityEnabled, methodData: {"enabled":true}
07-08 23:27:45.677 24668 25188 D AudioTrack: setVolume(369) left 0.631 right 0.631 , callingPid 24668
07-08 23:27:45.677 24668 24668 I Capacitor/Console: File:  - Line 349 - Msg: [object Object]
07-08 23:27:45.678 24668 25125 V Capacitor/Plugin: To native (Capacitor plugin): callbackId: 1553035, pluginId: BackgroundMedia, methodName: startAudioRouteWatcher
07-08 23:27:45.678 24668 25125 V Capacitor: callback: 1553035, pluginId: BackgroundMedia, methodName: startAudioRouteWatcher, methodData: {}
07-08 23:27:45.679  4972  5076 D MediaDataManager: State updated outside of notification
07-08 23:27:45.679  4972  4972 D MediaDataManager: updateState: isPlaying = false, song change = false
07-08 23:27:45.679 24668 25125 V Capacitor/Plugin: To native (Capacitor plugin): callbackId: 1553036, pluginId: BackgroundMedia, methodName: addListener
07-08 23:27:45.679 24668 25125 V Capacitor: callback: 1553036, pluginId: BackgroundMedia, methodName: addListener, methodData: {"eventName":"audioRouteChange"}
07-08 23:27:45.679 24668 24668 I Capacitor/Console: File:  - Line 349 - Msg: [object Object]
07-08 23:27:45.679 24668 25188 D AudioTrack: start(369): prior state:STATE_STOPPED output 29 stream 3 session 2369
07-08 23:27:45.679  2212  4538 D AF::Track: start(391): calling pid 24668 portId 369 session 2369 thresholdFrames 14144 mFrameCount 14144
07-08 23:27:45.679  2212  4538 D AudioBoost: audioSchedBoost, pid=2212, tid=4538, enable=1, ret=0
07-08 23:27:45.679  2212  4538 D AudioBoost: AudioUclampBoost: set invalid schedMinValue: 1025, ignored
07-08 23:27:45.679  2212  4538 D AudioBoost: AudioUclampBoost: sched_setattr success. attr(flags 120, min 1024, max 1024, tid 4538, enable 1)
07-08 23:27:45.679  2212  4538 E AudioBoost: start  AudioUclampBoost pid:2212 tid:4538 sucess
07-08 23:27:45.679  4972  4972 I SystemUi--Media: MediaDataFlowLimiter-->MEDIA_PANEL-->onMediaDataLoaded: Sandbox Music(isPlaying:false) within debounce period, ignore
07-08 23:27:45.680  2212  2854 D AudioPolicyEffects: addOutputSessionEffects(): session: 2369, refCount: 2
07-08 23:27:45.680  2212  2854 D APM_AudioPolicyManager: startOutput() output 29, stream 3, portId 369, session 2369
07-08 23:27:45.680 24668 25125 V Capacitor/Plugin: To native (Capacitor plugin): callbackId: 1553037, pluginId: BackgroundMedia, methodName: getAudioOutputRoute
07-08 23:27:45.680 24668 25125 V Capacitor: callback: 1553037, pluginId: BackgroundMedia, methodName: getAudioOutputRoute, methodData: {}
07-08 23:27:45.680 24668 24668 I Capacitor/Console: File:  - Line 349 - Msg: [object Object]
07-08 23:27:45.680  1888  1952 D AHAL: AudioDevice: SetParameters: 1972: enter: volumeStreamAction=start;volumeStreamType=3
07-08 23:27:45.680  1888  1952 D AHAL: hfp: hfp_set_parameters: 696: enter
07-08 23:27:45.680  1888  1952 D AHAL: hfp: hfp_set_parameters: 701: OPLUS_HFP_SUPPORT is not supported
07-08 23:27:45.681  1888  1952 D AHAL: AudioDevice: SetParameters: 2821: exit
07-08 23:27:45.681 24668 25125 V Capacitor/Plugin: To native (Capacitor plugin): callbackId: 1553038, pluginId: BackgroundMedia, methodName: removeListener
07-08 23:27:45.681 24668 25125 V Capacitor: callback: 1553038, pluginId: BackgroundMedia, methodName: removeListener, methodData: {"eventName":"audioRouteChange","callbackId":"1553018"}
07-08 23:27:45.681 24668 24668 I Capacitor/Console: File:  - Line 349 - Msg: [object Object]
07-08 23:27:45.681 24668 25125 V Capacitor/Plugin: To native (Capacitor plugin): callbackId: 1553039, pluginId: BackgroundMedia, methodName: stopForeground
07-08 23:27:45.681 24668 25125 V Capacitor: callback: 1553039, pluginId: BackgroundMedia, methodName: stopForeground, methodData: {}
07-08 23:27:45.682 24668 24668 I Capacitor/Console: File:  - Line 349 - Msg: [object Object]
07-08 23:27:45.682  2212  2854 D GameAudioEffects: hasAliveFastEffectTracks  return (0)
07-08 23:27:45.682  2212  2854 D AudioPolicyManagerExtImpl: oplusSelectOutputForMusicEffects: pendingOutput  => 29  flags => 0x00000008  outputTageName =>deep_buffer outputs.size(4) older music effect ouput(29), hasAliveGameTracks(0)
07-08 23:27:45.682  2212  2854 D GameAudioEffects: hasAliveRequestFastTracks  return (0)
07-08 23:27:45.682  2212  2854 D AudioPolicyInterfaceImpl: mSessionLatestHandleList add Item on session 2369, port = 369
07-08 23:27:45.682  2212  4538 D AudioFlingerExtImpl: updateMetaScenes mMetaScenesOwnerMap[4]=[0,-1]
07-08 23:27:45.682  2212  4538 D AudioFlingerExtImpl: updateMetaScenes mMetaScenesOwnerMap[5]=[0,-1]
07-08 23:27:45.682 24668 24668 I Capacitor/Console: File:  - Line 333 - Msg: {"ok":true,"speed":1}
07-08 23:27:45.683  2212  4538 D AudioFlinger_PlaybackThreadExtImpl: HoloAudio:addActiveTrack,isSpatialzierTrackPlaying:0 isMetaTrackPlaying:0 isMetaTrack:0
07-08 23:27:45.683  2212  4538 D AudioFlingerExtImpl: getSplitScreenSwitch: screenSwitch = 0
07-08 23:27:45.683  2212  4538 D AudioFlinger_PlaybackThreadExtImpl: notifyAudioTrackCreate event:atlas_event_audio_track_create info:pid:24668,sessionId:2369,streamType:3,sampleRate:44100,format:1,startvl:0.631,startvr:0.631,balance:0.000,channelcount:2,flags:8,deviceTypes:2,hasFastMixer:0,isOffloadThread:0,isSpatialized:0,id:29,effectChains:2,frameCount:14144,requestFC:14144,minFC:3536,metaAudioScene:0,metaAudioPos:[0.0|0.0|0.0],window_rendering:0,active_record:0
07-08 23:27:45.683  2212  4538 D AtlasEventUploadUtils: setEvent event:atlas_event_audio_track_create
07-08 23:27:45.683 24668 24668 D MediaRouter: onRestoreRoute() : route=RouteInfo{ description=null, status=null, category=RouteCategory{ name=System types=ROUTE_TYPE_LIVE_AUDIO ROUTE_TYPE_LIVE_VIDEO  groupable=false }, supportedTypes=ROUTE_TYPE_LIVE_AUDIO ROUTE_TYPE_LIVE_VIDEO , presentationDisplay=null }
07-08 23:27:45.683  2212  4538 D AudioFlinger_EffectsExtImpl: HoloAudio, checkAndEnbaleMetaAudio enable:0, sessionid:2369
07-08 23:27:45.683 24668 24668 V MediaRouter: Selecting route: RouteInfo{ description=null, status=null, category=RouteCategory{ name=System types=ROUTE_TYPE_LIVE_AUDIO ROUTE_TYPE_LIVE_VIDEO  groupable=false }, supportedTypes=ROUTE_TYPE_LIVE_AUDIO ROUTE_TYPE_LIVE_VIDEO , presentationDisplay=null }
07-08 23:27:45.683  2212  4538 D AudioTrackServerProxyExtImpl: AudioTrackServerProxyExtImpl init
07-08 23:27:45.683  2212  4538 D AudioTrackServerProxyExtImpl: audioTrackServerProxyTest
07-08 23:27:45.683  2212  4538 D AudioTrackServerProxyExtImpl: audioTrackServerProxy, initialize
07-08 23:27:45.683  2212  4538 D AudioTrackServerProxyExtImpl: initSupportAudioRamp ,  mIsSupport = 0.
07-08 23:27:45.683  2689  2750 D EventTest: handleEvent atlas_event_audio_track_create pid:24668,sessionId:2369,streamType:3,flags:8,deviceTypes:2,hasFastMixer:0
07-08 23:27:45.683  3425  4940 I IPCThreadState: oneway function results for code 10006 on binder at 0xb40000729131eb80 will be dropped but finished with status UNKNOWN_TRANSACTION
07-08 23:27:45.683  3425  4953 E AppOps  : attributionTag  not declared in manifest of rd.sheepskin.sandboxmusic
07-08 23:27:45.684  3425  4953 E AppOps  : attributionTag  not declared in manifest of rd.sheepskin.sandboxmusic
07-08 23:27:45.684  2212  4538 D AudioBoost: audioSchedBoost, pid=2212, tid=4538, enable=0, ret=0
07-08 23:27:45.684  2212  4538 D AudioBoost: AudioUclampBoost: set invalid schedMinValue: 1025, ignored
07-08 23:27:45.684  2212  4538 D AudioBoost: AudioUclampBoost: sched_setattr success. attr(flags 120, min 0, max 1024, tid 4538, enable 0)
07-08 23:27:45.684  2212  4538 E AudioBoost: stop  AudioUclampBoost pid:2212 tid:4538 sucess
07-08 23:27:45.684  2212  4538 D AudioBoost: audioAppKeyThreadReport() pid 24668, tid 25188, enable 1, inUid 0, eventIt -1, threadType 0, id 391
07-08 23:27:45.684  2212  4538 D AudioBoost: appThreadInfo update:start 25188, write -1, cbk 29571 read -1
07-08 23:27:45.684  2212  4538 D AudioBoost: audioAppKeyThreadReport(), restore boost for threadType 0, tid 25188
07-08 23:27:45.684  2212  4538 D AudioBoost: audioAppKeyThreadReport(), restore boost for threadType 2, tid 29571
07-08 23:27:45.684  2212  2793 D AudioBoost: startBoostForWake mId 391, p 24668, t 25188, wp 24668, wt 25188.
07-08 23:27:45.685  2212  2793 D AudioBoost: audioSchedBoost, pid=24668, tid=25188, enable=1, ret=0
07-08 23:27:45.685 24668 24668 I Capacitor/Console: File:  - Line 333 - Msg: undefined
07-08 23:27:45.685 24668 25125 V Capacitor/Plugin: To native (Capacitor plugin): callbackId: 1553040, pluginId: NativeExoPlayback, methodName: getStatus
07-08 23:27:45.685 24668 25125 V Capacitor: callback: 1553040, pluginId: NativeExoPlayback, methodName: getStatus, methodData: {}
07-08 23:27:45.685 24668 24668 I Capacitor/Console: File:  - Line 333 - Msg: undefined
07-08 23:27:45.685 24668 24668 I Capacitor/Console: File:  - Line 349 - Msg: [object Object]
07-08 23:27:45.686 24668 25188 D AudioTrackExtImpl: doSchedBoost, set audioapp task boost, pid=24668, tid=25188, enable=1, ret=0
07-08 23:27:45.688 24668 25116 V Capacitor/BackgroundMediaPlugin: Notifying listeners for event audioRouteChange
07-08 23:27:45.688  2212  4538 D AudioBoost: audioAppKeyThreadReport() pid 24668, tid 25188, enable 1, inUid 0, eventIt -1, threadType 1, id 391
07-08 23:27:45.688  2212  4538 D AudioBoost: appThreadInfo update:start 25188, write 25188, cbk 29571 read -1
07-08 23:27:45.688  4972  4972 I COUIVerticalSeekBar: COUIVerticalSeekBar ensureSize : mIsProgressFull:true,mBackgroundRadius:92.0,mBackgroundWidth:184.0,mBackgroundEnlargeScale0.16,mProgressRadius:92.0,mProgressWidth:184.0,mProgressEnlargeScale0.16,mPaddingVertical92.0
07-08 23:27:45.688  4972  4972 I COUIVerticalSeekBar: updateBehavior * normalSeekBarHeight = -184.0,mPaddingVertical = 92.0,mIsPhysicsEnable = true,mPhysicalAnimator = null,mFlingBehavior = null,Thread_name = main,hashCode = 243194705,time = 1783549665688
07-08 23:27:45.688  2689  2689 D HoloAudio::SpecailizerPLService_Aidl: getActiveMetaList +++
07-08 23:27:45.688  2689  2689 D HoloAudio::SpecailizerPLService_Aidl: callClient:clientID:1 exist:1, event:12, isOneWay:0
07-08 23:27:45.689  2689  2689 D HoloAudio::SpecailizerPLService_Aidl: getActiveMetaList ---
07-08 23:27:45.689  4972  4972 I SystemUi--Volume: VolumeListAdapter-->addItem: 24668 index: 2Sandbox Musictrue
07-08 23:27:45.689  4972  4972 I SystemUi--Volume: MultiMediaRepository-->addMultiMediaRow addView end stream: 24668,row.mediaPackageName: rd.sheepskin.sandboxmusic multiMediaIndex:2
07-08 23:27:45.689  5767  9796 I AEC.f   : intelligenceGetProfile: 0
07-08 23:27:45.689  5767  9796 I AEC.DolbyService: setEffectEnable enable: true
07-08 23:27:45.689  5767  9796 I AEC.a   : setDsOn(true)
07-08 23:27:45.689  5767  9796 I AudioEffect: setParameter(): 0xb4000073d2025200, param: 5, param2: -1
07-08 23:27:45.690  2212  4538 D EffectHalHidl: audioSchedBoost, set audiohal task boost, pid=2212, tid=4538, ret=0
07-08 23:27:45.690  2212  4538 D EffectHalHidl: audioSchedBoost, set audiohal task boost, pid=2212, tid=4538, ret=0
07-08 23:27:45.690  2212  4507 D audioserver: OplusMMListWrapper checkInListByUid end module:allow-get-parameters uid:10208 return true
07-08 23:27:45.690  2212  4507 D audioserver: OplusMMListWrapper checkInListByUid end module:allow-get-parameters uid:10208 return true
07-08 23:27:45.691  5669  5669 D SysBroadcastReceiver: android.media.ACTION_AUDIO_PLAYBACK_STATE_CHANGED
07-08 23:27:45.691  5669  5669 D SysBroadcastReceiver: EventId=1010003	ID_AUDIO_PLAYBACK_STATE_CHANGED	TimeStamp =1783549665691	Intent =Intent { act=android.media.ACTION_AUDIO_PLAYBACK_STATE_CHANGED flg=0x4000010 xflg=0x4 (has extras) }	Content =null	Pid =0	PkgName =null
07-08 23:27:45.691  5767  9796 I AudioEffect: enable 0xb4000073d2025200
07-08 23:27:45.692  5767  9796 I AEC.DolbyService: setEffectProfile category: 1, profile: 2
07-08 23:27:45.692  2029  2110 V DolbyManagerService: doOnDapParamUpdate() entry
07-08 23:27:45.692  2029  2110 V DolbyManagerService: doOnDapParamUpdate() exit
07-08 23:27:45.692  1888  1922 D DmsHalA : DmsHalAidlCallBacks 0xb40000725462c900 onEvent() id = 43445544
07-08 23:27:45.692  1888  1922 D DlbEffectContext: onDapParamUpdate() mEffectContext = 0xb4000072546223d8, try to call its updateEffectParams()
07-08 23:27:45.692  1888  1922 D DlbDapEffectContext: DapEffectContext 0xb4000072546223d8 grab the lock and call updateDapParams()
07-08 23:27:45.692  5767  9796 D AudioEffect-JAVA: getParameter is not Oplus command!
07-08 23:27:45.692  5767  9796 I AudioEffect: getParameter: param: 167772165, param2: -1
07-08 23:27:45.692  2212  4507 D EffectHalHidl: audioSchedBoost, set audiohal task boost, pid=2212, tid=4507, ret=0
07-08 23:27:45.693  1888  1888 D DlbDapEffectContext: DapEffectContext[0xb4000072546223d8] getDapParameter() outval size = 12, ret = 0
07-08 23:27:45.693  2212  4507 D EffectHalHidl: audioSchedBoost, set audiohal task boost, pid=2212, tid=4507, ret=0
07-08 23:27:45.693  5767  9796 I AEC.a   : getProfile() return: 2
07-08 23:27:45.693  5767  9796 D AudioEffect-JAVA: getParameter is not Oplus command!
07-08 23:27:45.693  5767  9796 I AudioEffect: getParameter: param: 167772165, param2: -1
07-08 23:27:45.693  2212  4507 D EffectHalHidl: audioSchedBoost, set audiohal task boost, pid=2212, tid=4507, ret=0
07-08 23:27:45.693  2212  3785 D AudioFlinger: prepareTracks_l: track 390 sid 2369 s=00007c08 [NOT READY] on thread 29, framesReady=0, minFrames=1, isReady=1, isTerminated=1, isShare=1, state=2, Ignor=2, desirFs=1768
07-08 23:27:45.693  2212  3785 D AudioMixer: create mTempOutMetaAudio.get() 0xb4000079f7f58a00, pTempOutMetaAudio 0x0 track id 391
07-08 23:27:45.693  2212  3785 D AudioFlinger: updateWakeLockUids_l AudioOut_1D uids:10447 
07-08 23:27:45.693  1888  1888 D DlbDapEffectContext: DapEffectContext[0xb4000072546223d8] getDapParameter() outval size = 12, ret = 0
07-08 23:27:45.693  1888  1952 D AHAL: AudioStream: out_update_source_metadata_v7: 1329: track count is 2 for usecase(0: deep-buffer-playback)
07-08 23:27:45.693  1888  1952 D AHAL: AudioStream: out_update_source_metadata_v7: 1379: Source metadata usage:1 content_type:2 gain:0.000000
07-08 23:27:45.693  1888  1952 D AHAL: AudioStream: out_update_source_metadata_v7: 1379: Source metadata usage:1 content_type:2 gain:0.000000
07-08 23:27:45.693  2212  4507 D EffectHalHidl: audioSchedBoost, set audiohal task boost, pid=2212, tid=4507, ret=0
07-08 23:27:45.693  1888  1952 D AHAL: AudioStream: SetAggregateSourceMetadata: 4749: Aggregated Source metadata usage:1 content_type:2 gain:0.000000
07-08 23:27:45.693  1888  1952 D AHAL: AudioStream: SetAggregateSourceMetadata: 4749: Aggregated Source metadata usage:1 content_type:2 gain:0.000000
07-08 23:27:45.693  5767  9796 I AEC.a   : getProfile() return: 2
07-08 23:27:45.693  5767  9796 I AEC.a   : setGeqBandGains([0, 0, 0, 0, 0, 0, 0, 0, 0, 0, 0, 0, 0, 0, 0, 0, 0, 0, 0, 0])
07-08 23:27:45.693  5767  9796 I AEC.a   : setDapParameter(110, [0, 0, 0, 0, 0, 0, 0, 0, 0, 0, 0, 0, 0, 0, 0, 0, 0, 0, 0, 0])
07-08 23:27:45.693  5767  9796 D AudioEffect-JAVA: getParameter is not Oplus command!
07-08 23:27:45.693  5767  9796 I AudioEffect: getParameter: param: 167772165, param2: -1
07-08 23:27:45.694  2212  4507 D EffectHalHidl: audioSchedBoost, set audiohal task boost, pid=2212, tid=4507, ret=0
07-08 23:27:45.694  2212  4538 D NativePermissionController: checkPermission: missing 13 for 10447
07-08 23:27:45.694  1888  1952 D DlbDapEffectContext: DapEffectContext[0xb4000072546223d8] getDapParameter() outval size = 12, ret = 0
07-08 23:27:45.694  2212  4507 D EffectHalHidl: audioSchedBoost, set audiohal task boost, pid=2212, tid=4507, ret=0
07-08 23:27:45.694 24668 25188 D AudioTrack: pause(369): prior state:STATE_ACTIVE output 29 stream 3 session 2369
07-08 23:27:45.694  5767  9796 I AEC.a   : getProfile() return: 2
07-08 23:27:45.694  5767  9796 I AEC.a   : setDapParameter(2, 110, [0, 0, 0, 0, 0, 0, 0, 0, 0, 0, 0, 0, 0, 0, 0, 0, 0, 0, 0, 0])
07-08 23:27:45.694  5767  9796 D AudioEffect-JAVA: getParameter is not Oplus command!
07-08 23:27:45.694  5767  9796 I AudioEffect: getParameter: param: 218103813, param2: -1
07-08 23:27:45.694  2212  4538 D EffectHalHidl: audioSchedBoost, set audiohal task boost, pid=2212, tid=4538, ret=0
07-08 23:27:45.694  3425  4953 E AppOps  : attributionTag  not declared in manifest of rd.sheepskin.sandboxmusic
07-08 23:27:45.694  2212  3785 D AudioFlinger: prepareTracks_l: track 391 sid 2369 s=00000000 [OK] on thread 29, framesReady=4079, minFrames=1, isReady=1, isTerminated=0, isShare=1, Ignor=1, desirFs=1768
07-08 23:27:45.694  2212  3785 D AFExtImpl: checkTrackBuffer1() track 0xb400007a1e8a8f18 get INFO from NEW, channelCount 2, pid 24668
07-08 23:27:45.694  1888  1952 D DlbDapEffectContext: DapEffectContext[0xb4000072546223d8] getDapParameter() outval size = 12, ret = 0
07-08 23:27:45.694  2212  4538 D EffectHalHidl: audioSchedBoost, set audiohal task boost, pid=2212, tid=4538, ret=0
07-08 23:27:45.694  3425  4953 E AppOps  : attributionTag  not declared in manifest of rd.sheepskin.sandboxmusic
07-08 23:27:45.695  2212  2793 D AudioBoost: startBoostForWake mId 391, p 24668, t 29571, wp 24668, wt 29571.
07-08 23:27:45.695  2212  2793 D AudioBoost: audioSchedBoost, pid=24668, tid=29571, enable=1, ret=0
07-08 23:27:45.695  2212 27892 D NativePermissionController: checkPermission: missing 13 for 10447
07-08 23:27:45.695  2212  3785 D AFExtImpl: initFromProperty() 0xb4000079f7e486c0, sAdSwitch 1, typeCheck 0, logdumpEnable 0, pcmdumpEnable 0, trackPid 24668
07-08 23:27:45.695  5767  9796 I AEC.a   : isMonoSpeaker() return: false
07-08 23:27:45.695  5767  9796 I AudioEffect: setParameter(): 0xb4000073d2025200, param: 5, param2: -1
07-08 23:27:45.695  2212  4507 D EffectHalHidl: audioSchedBoost, set audiohal task boost, pid=2212, tid=4507, ret=0
07-08 23:27:45.695  2035  2094 E PerformanceService: [WAKER_IDENTIFY] pid message 29571;0;1 is writen to proc
07-08 23:27:45.695  2212  4507 D EffectHalHidl: audioSchedBoost, set audiohal task boost, pid=2212, tid=4507, ret=0
07-08 23:27:45.695  2029  2110 V DolbyManagerService: doOnDapParamUpdate() entry
07-08 23:27:45.695  2212 27892 D NativePermissionController: checkPermission: missing 13 for 10447
07-08 23:27:45.695  2029  2110 V DolbyManagerService: doOnDapParamUpdate() exit
07-08 23:27:45.695  2212 27892 D NativePermissionController: checkPermission: missing 13 for 10447
07-08 23:27:45.695  1888 22418 D DlbDapEffectContext: DapEffectContext[0xb4000072546223d8] getDapParameter() outval size = 12, ret = 0
07-08 23:27:45.695  1888 22418 D DlbDapEffectContext: ForDolbyTest: profile:2, mStoredIEA:8, mCurrentDevice:2, dolbyTestMode:0, updateIEA:0
07-08 23:27:45.696  5767  9796 D AudioEffect-JAVA: getParameter is not Oplus command!
07-08 23:27:45.696  5767  9796 I AudioEffect: getParameter: param: 167772165, param2: -1
07-08 23:27:45.696  2212  4507 D EffectHalHidl: audioSchedBoost, set audiohal task boost, pid=2212, tid=4507, ret=0
07-08 23:27:45.696  2212  2793 D AudioBoost: audioWakeTracing setWakeSeedThread end, pid 24668, tid 29571, inUid 0, id 391, isWakee 1, -> handle = 447.
07-08 23:27:45.696  1888  1952 D DlbDapEffectContext: DapEffectContext[0xb4000072546223d8] getDapParameter() outval size = 12, ret = 0
07-08 23:27:45.696  2212  4507 D EffectHalHidl: audioSchedBoost, set audiohal task boost, pid=2212, tid=4507, ret=0
07-08 23:27:45.697  4972  4972 I SystemUi--Volume: MultiMediaRepository-->playback snapshot remove: 24668, playerId2863
07-08 23:27:45.697  4972  4972 I SystemUi--Volume: VolumeListAdapter-->removeItem Sandbox Musictrue
07-08 23:27:45.698 24668 28565 D PipelineWatcher: [0xb4000070b1553300] pipelineFull: too many frames in pipeline (4)
07-08 23:27:45.698  2689  2689 D HoloAudio::SpecailizerPLService_Aidl: getActiveMetaList +++
07-08 23:27:45.698  2689  2689 D HoloAudio::SpecailizerPLService_Aidl: callClient:clientID:1 exist:1, event:12, isOneWay:0
07-08 23:27:45.698  2689  2689 D HoloAudio::SpecailizerPLService_Aidl: getActiveMetaList ---
07-08 23:27:45.700  5767  9796 I AEC.a   : getProfile() return: 2
07-08 23:27:45.700  5767  9796 D AudioEffect-JAVA: getParameter is not Oplus command!
07-08 23:27:45.700  5767  9796 I AudioEffect: getParameter: param: 23593477, param2: -1
07-08 23:27:45.701  2212  4507 D EffectHalHidl: audioSchedBoost, set audiohal task boost, pid=2212, tid=4507, ret=0
07-08 23:27:45.701  1888  1952 D DlbDapEffectContext: DapEffectContext[0xb4000072546223d8] getDapParameter() outval size = 12, ret = 0
07-08 23:27:45.701  2212  4507 D EffectHalHidl: audioSchedBoost, set audiohal task boost, pid=2212, tid=4507, ret=0
07-08 23:27:45.703  3425  3425 D LockSettingsService: [getSeparateProfileChallengeEnabled] userId = 12
07-08 23:27:45.703  3425  3425 D LockSettingsService: [getSeparateProfileChallengeEnabled] userId = 12
07-08 23:27:45.704  1888  1922 D DlbEffectContext: EffectContext[0xb4000072546223d8]: getStoredParams() outToken size = 1, out_paramStore size = 7
07-08 23:27:45.706  5767  9796 I AEC.a   : getDapParameter(2, 104) return: [0]
07-08 23:27:45.706  5767  9796 I AEC.a   : getDapParameter(104) return: [0]
07-08 23:27:45.706  5767  9796 I AEC.a   : getIeqPreset() return: 0
07-08 23:27:45.708  1888  1922 I DlbDapEffectContext: updateEffectParams() store iea value for device(0x2)
07-08 23:27:45.708 24668 24668 I Capacitor/Console: File:  - Line 333 - Msg: undefined
07-08 23:27:45.708  1888  1922 D DlbDapEffectContext: DapEffectContext[0xb4000072546223d8] getDapParameter() outval size = 12, ret = 0
07-08 23:27:45.708 24668 24668 I Capacitor/Console: File:  - Line 333 - Msg: undefined
07-08 23:27:45.708 24668 25125 V Capacitor/Plugin: To native (Capacitor plugin): callbackId: 1553041, pluginId: NativeExoPlayback, methodName: setWiredDacStabilityEnabled
07-08 23:27:45.708  5767  9796 D AudioEffect-JAVA: getParameter is not Oplus command!
07-08 23:27:45.708  5767  9796 I AudioEffect: getParameter: param: 2, param2: -1
07-08 23:27:45.708 24668 25125 V Capacitor: callback: 1553041, pluginId: NativeExoPlayback, methodName: setWiredDacStabilityEnabled, methodData: {"enabled":true}
07-08 23:27:45.708  3425  3425 D LockSettingsService: [getSeparateProfileChallengeEnabled] userId = 12
07-08 23:27:45.708  3425  3425 D LockSettingsService: [getSeparateProfileChallengeEnabled] userId = 12
07-08 23:27:45.708  2212  4507 D EffectHalHidl: audioSchedBoost, set audiohal task boost, pid=2212, tid=4507, ret=0
07-08 23:27:45.708 24668 24668 I Capacitor/Console: File:  - Line 349 - Msg: [object Object]
07-08 23:27:45.709  2212  4507 D EffectHalHidl: audioSchedBoost, set audiohal task boost, pid=2212, tid=4507, ret=0
07-08 23:27:45.709  1888  1922 D DlbDapEndpointParamCache: commit() Applying parameters for device 0x40000000
07-08 23:27:45.709 24668 24668 I Capacitor/Console: File:  - Line 333 - Msg: {"ok":true,"speed":1}
07-08 23:27:45.709  1888  1922 D DlbDapEndpointParamCache: doCommit() Committed 0 parameters out of 15.
07-08 23:27:45.709  1888  1922 D DlbDapEndpointParamCache: commit() Overriding parameters for current device 0x00000002
07-08 23:27:45.709  1888  1922 D DlbDapEndpointParamCache: doCommit() Committed 0 parameters out of 65.
07-08 23:27:45.709  5767  9796 I AEC.a   : getPortDeviceNameLength(0) return: 745
07-08 23:27:45.709  5767  9796 D AudioEffect-JAVA: getParameter is not Oplus command!
07-08 23:27:45.709  5767  9796 I AudioEffect: getParameter: param: 4, param2: -1
07-08 23:27:45.709  2212  4507 D EffectHalHidl: audioSchedBoost, set audiohal task boost, pid=2212, tid=4507, ret=0
07-08 23:27:45.709 24668 24668 I Capacitor/Console: File:  - Line 333 - Msg: {"route":"speaker","reason":"start"}
07-08 23:27:45.709 24668 24668 I Capacitor/Console: File:  - Line 333 - Msg: undefined
07-08 23:27:45.709  1888  1952 D DlbDapEffectContext: DapEffectContext::getSelectedTuningDevice(port = 0): [default_speaker_landscape_music_vol2]
07-08 23:27:45.709  2212  4507 D EffectHalHidl: audioSchedBoost, set audiohal task boost, pid=2212, tid=4507, ret=0
07-08 23:27:45.710 24668 24668 I Capacitor/Console: File:  - Line 333 - Msg: {"route":"speaker"}
07-08 23:27:45.710  1888  1922 D DlbEffectContext: onDapParamUpdate() mEffectContext = 0xb4000072546223d8, back from updateEffectParams()
07-08 23:27:45.710  1888  1922 D DmsHalA : DmsHalAidlCallBacks 0xb40000725462c900 onEvent() id = 43445544
07-08 23:27:45.710  1888  1922 D DlbEffectContext: onDapParamUpdate() mEffectContext = 0xb4000072546223d8, try to call its updateEffectParams()
07-08 23:27:45.710  1888  1922 D DlbDapEffectContext: DapEffectContext 0xb4000072546223d8 grab the lock and call updateDapParams()
