06-17 14:06:08.348  3480  9472 E BatteryStatsService: Invalid uid for waking network packet: -1
06-17 14:06:09.213  3480  4187 D osense.compress: jp.naver.line.android do shrink, target ratio = 20, final ratio = 40, cur ratio = 0
06-17 14:06:09.869  3480  4187 D osense.compress: com.reddit.frontpage do shrink, target ratio = 10, final ratio = 20, cur ratio = 0
06-17 14:06:10.683  3480  9472 E BatteryStatsService: Invalid uid for waking network packet: -1
06-17 14:06:11.286  3480  9472 W PackageManager: package com.oplus.ndsf uid 10114 pid 14534 call SetEnabledSetting(com.oplus.ndsf component = androidx.work.impl.background.systemalarm.RescheduleReceiver, 2, 0)
06-17 14:06:11.298  3480  5898 W ActivityManager: Receiver with filter android.content.IntentFilter@84e0bee already registered for pid 14534, callerPackage is com.oplus.ndsf
06-17 14:06:11.307  3480  9472 W PackageManager: package com.oplus.ndsf uid 10114 pid 14534 call SetEnabledSetting(com.oplus.ndsf component = androidx.work.impl.background.systemalarm.RescheduleReceiver, 1, 0)
06-17 14:06:11.512  3480  4187 D osense.compress: jp.naver.line.android_u999 do shrink, target ratio = 45, final ratio = 90, cur ratio = 0
06-17 14:06:12.060  3480  4187 D osense.compress: com.instagram.android do shrink, target ratio = 45, final ratio = 90, cur ratio = 0
06-17 14:06:12.063  3480  4187 D osense.compress: com.nvllz.stepsy do shrink, target ratio = 45, final ratio = 90, cur ratio = 0
06-17 14:06:12.071  3480  4187 D osense.compress: com.google.android.gms do shrink, target ratio = 45, final ratio = 90, cur ratio = 0
06-17 14:06:12.236  3480  3596 V BatteryExternalStatsWorker: WiFi energy data was reset, new WiFi energy data is WifiActivityEnergyInfo{ mTimeSinceBootMillis=950293920 mStackState=3 mControllerTxDurationMillis=0 mControllerRxDurationMillis=0 mControllerScanDurationMillis=0 mControllerIdleDurationMillis=0 mControllerEnergyUsedMicroJoules=0 }
06-17 14:06:12.290  3480  3770 I AppsFilter: interaction: PackageSetting{8c0c61b com.android.microdroid.empty_payload/10275} -> PackageSetting{a07aac6 com.oplus.ndsf/10114} BLOCKED
06-17 14:06:12.291  3480  3770 I AppsFilter: interaction: PackageSetting{668da72 rd.sheepskin.sandboxmusic/10445} -> PackageSetting{a07aac6 com.oplus.ndsf/10114} BLOCKED
06-17 14:06:12.292  3480  3770 I AppsFilter: interaction: PackageSetting{52f9591 com.oplus.locationproxy/10173} -> PackageSetting{a07aac6 com.oplus.ndsf/10114} BLOCKED
06-17 14:06:12.292  3480  3770 I AppsFilter: interaction: PackageSetting{3fb0cf6 com.android.certinstaller/10210} -> PackageSetting{a07aac6 com.oplus.ndsf/10114} BLOCKED
06-17 14:06:12.293  3480  3770 I AppsFilter: interaction: PackageSetting{c1ba8f7 com.oplus.location/10218} -> PackageSetting{a07aac6 com.oplus.ndsf/10114} BLOCKED
06-17 14:06:12.307  3480  3480 D LockSettingsService: [getSeparateProfileChallengeEnabled] userId = 12
06-17 14:06:12.325  3480  4416 I VibrationEffectConvertor: onInputMethodListUpdated received, info.size = 4
06-17 14:06:12.326  3480  4416 I VibrationEffectConvertor: userid = 0, packageName = com.google.android.tts
06-17 14:06:12.326  3480  4416 I VibrationEffectConvertor: userid = 0, packageName = helium314.keyboard
06-17 14:06:12.326  3480  4416 I VibrationEffectConvertor: userid = 0, packageName = com.google.android.inputmethod.latin
06-17 14:06:12.326  3480  4416 I VibrationEffectConvertor: userid = 0, packageName = com.oplus.securitykeyboard
06-17 14:06:12.327  3480  4420 V AccessibilityManagerService: onUserStateChangedLocked for user 0 with forceUpdate: false mEnabledServices = [ComponentInfo{com.android.systemui.accessibility.accessibilitymenu/com.android.systemui.accessibility.accessibilitymenu.AccessibilityMenuService}] mCrashedServices = [] hasMagnificationConnection=false
06-17 14:06:12.327  3480  4420 W MagnificationConnectionManager: requestConnection duplicated request: connect=false, mConnectionState=DISCONNECTED
06-17 14:06:12.333  3480  3480 D AccessibilityManagerService: [updateInputFilter] flags = 4, mInputFilter=com.android.server.accessibility.AccessibilityInputFilter@d050e7, mHasInputFilter=true, mForceSetInputFilter=false
06-17 14:06:13.052  3480  5898 E BatteryStatsService: Invalid uid for waking network packet: -1
06-17 14:06:14.076  3480  9472 E BatteryStatsService: Invalid uid for waking network packet: -1
06-17 14:06:16.445  3480  9472 E BatteryStatsService: Invalid uid for waking network packet: -1
06-17 14:06:17.624  3480  4187 D osense.compress: app.morphe.android.youtube do shrink, target ratio = 45, final ratio = 90, cur ratio = 0
06-17 14:06:17.685  3480  4187 D osense.compress: com.aspiro.tidal do shrink, target ratio = 45, final ratio = 90, cur ratio = 0
06-17 14:06:18.971  3480  3596 D BatteryStatsImplExtImpl: mActiveProcesses size = 75
06-17 14:06:18.972  3480  3596 D BatteryStatsImplExtImpl: rpmhStats is null or interval time is too short.
06-17 14:06:19.599  3480  4187 D osense.compress: com.google.android.googlequicksearchbox do shrink, target ratio = 45, final ratio = 90, cur ratio = 0
06-17 14:06:20.032  3480  5898 E BatteryStatsService: Invalid uid for waking network packet: -1
06-17 14:06:20.032  3480  5898 E BatteryStatsService: Invalid uid for waking network packet: -1
06-17 14:06:21.980  3480  5318 E BatteryStatsService: Invalid uid for waking network packet: -1
06-17 14:06:24.457  3480  3716 V AttentionDetector: Checking user attention, ID: 221
06-17 14:06:24.501  3480  9472 W ProcessStats: Tracking association SourceState{70b9695 com.android.systemui/10208 BFgs #1861758} whose proc state 4 is better than process ProcessState{fc27723 com.android.launcher/10198 pkg=com.android.launcher} proc state 5 (63 skipped)
06-17 14:06:24.588  3480  3580 E UserAwareMgr: thread exist: {threadName='cameraservice', tid=2542, reporterPid=2542, currentThreadCount=15, maxThreadCount=16, extendTids=[2755, 2754, 17582, 17553, 4799, 15853, 30701, 30703, 10700, 10702, 15281, 15283, 17768, 17770]}
06-17 14:06:24.622  3480  3580 W QosScheduler: executeSceneQosStrategy failed! qos feature no enable
06-17 14:06:24.623  3480  3571 D OplusZoomTaskCloneController: onCameraOpened cameraId =:1, packageName =:com.aiunit.aon
06-17 14:06:24.624  3480  3726 D OplusFeatureTemperatureLimitBrightness: onCameraOpened, cameraId = 1,packageId = com.aiunit.aon
06-17 14:06:24.627  3480  3580 E UserAwareMgr: thread exist: {threadName='cameraservice', tid=2542, reporterPid=2542, currentThreadCount=15, maxThreadCount=16, extendTids=[2755, 2754, 17582, 17553, 4799, 15853, 30701, 30703, 10700, 10702, 15281, 15283, 17768, 17770]}
06-17 14:06:24.632  3480  3580 D UserAwareMgr: removeNonExistTasks, invalid tid set : [15281, 15283, 17768, 17770, 10700, 30701, 10702, 30703] removed for Pid : 2542
06-17 14:06:24.639  3480  4704 E BatteryStatsService: Invalid uid for waking network packet: -1
06-17 14:06:24.639  3480  5318 W ContextImpl: Calling a method in the system process without a qualified user: android.app.ContextImpl.sendBroadcast:1281 com.android.server.camera.OplusCameraStateBroadcast.notifyCameraState:52 com.android.server.camera.CameraServiceProxyExtImpl.extendNotifyCameraState:370 com.android.server.camera.CameraServiceProxy.updateActivityCount:1774 com.android.server.camera.CameraServiceProxy.-$$Nest$mupdateActivityCount:0 
06-17 14:06:24.691  3480  5318 W ContextImpl: Calling a method in the system process without a qualified user: android.app.ContextImpl.sendBroadcast:1281 com.android.server.camera.OplusCameraStateBroadcast.notifyCameraState:52 com.android.server.camera.CameraServiceProxyExtImpl.extendNotifyCameraState:370 com.android.server.camera.CameraServiceProxy.updateActivityCount:1774 com.android.server.camera.CameraServiceProxy.-$$Nest$mupdateActivityCount:0 
06-17 14:06:24.693  3480  4704 W ContextImpl: Calling a method in the system process without a qualified user: android.app.ContextImpl.sendBroadcast:1281 com.android.server.camera.OplusCameraStateBroadcast.notifyCameraState:52 com.android.server.camera.CameraServiceProxyExtImpl.extendNotifyCameraState:370 com.android.server.camera.CameraServiceProxy.updateActivityCount:1774 com.android.server.camera.CameraServiceProxy.-$$Nest$mupdateActivityCount:0 
06-17 14:06:24.768  3480  4347 D OplusSplitScreenManagerService: com.teslacoilsw.launcher unSupportsSplitScreen by blockList or ForbidActivityList
06-17 14:06:25.749  3480  4187 D osense.compress: org.telegram.messenger do shrink, target ratio = 20, final ratio = 40, cur ratio = 0
06-17 14:06:26.439  3480  3716 D DisplayPowerController[display=0]: requestPowerState: policy=DIM, useProximitySensor=false, screenBrightnessOverride=-1.0, useAutoBrightness=false, screenAutoBrightnessAdjustmentOverride=NaN, screenLowPowerBrightnessFactor=1.0, blockScreenOn=false, lowPowerMode=false, boostScreenBrightness=false, dozeScreenBrightness=NaN, dozeScreenState=UNKNOWN, dozeScreenStateReason=DEFAULT_POLICY, useNormalBrightnessForDoze=false, waitForNegativeProximity=false displayReady=false pendingRequest=true
06-17 14:06:26.439  3480  3728 D VRR [OPlusRefreshRateService]: handleScreenStateChangeWarning state : 1
06-17 14:06:26.439  3480  3716 D DisplayManagerServiceExtImpl: request size(1,1),dpc=com.android.server.display.DisplayPowerController@13a6b9 size(0,1),flags=0X200F,id(0,0,local:4630946450791512195),enable=true,ready=false,waitForNegativeProximity=false policy=DIM,useProximitySensor=false,dozeState=UNKNOWN,screenBrightnessOverride=-1.000000,useAuto=false,lowPower=false,lowPowerFactor=1.000000
06-17 14:06:26.441  3480  3728 D DisplayManagerServiceExtImpl: scheduleTraversalLocked intraversal=false
06-17 14:06:26.443  3480  3716 D OplusPowerDisplayHelper_0: getCpuSetExcludingPrimeCores: not 6+2 (littleEnd=2), skip
06-17 14:06:26.443  3480  3570 D DisplayManagerService: MSG_REQUEST_TRAVERSAL pendingCompleted=false
06-17 14:06:26.443  3480  3716 D OplusFeatureAntiDizzy[0]:  animateLongTakeStateChange, policy 2
06-17 14:06:26.445  3480  3716 D RampAnimator: setAnimationTarget:: rate = 6400.0, mRate = 6400.0 , @ isPrimaryAnimator = true
06-17 14:06:26.445  3480  3716 D OplusFeatureReduceBrightness: setAnimating : animating = true
06-17 14:06:26.446  3480  3716 D OplusBrightnessAmbientAdapter: setAnimating: from false to true
06-17 14:06:26.446  3480  3716 D RampAnimator: setAnimationTarget:: rate = 6400.0, mRate = 6400.0 , @ isPrimaryAnimator = false
06-17 14:06:26.448  3480  3571 D DisplayManagerService: performTraversalInternal pendingTraversal
06-17 14:06:26.449  3480  3571 D DisplayDevice: setLayerStackLocked id=local:4630946450791512195 token=android.os.BinderProxy@229d8c5 stack=0->0
06-17 14:06:26.456  3480  3716 D DpcExtImpl[display=0]: Animating brightness: hdrBrightness target=4043.0->6.0,sdrBrightness target=4043.0->6.0,rate=6400->6400,rate type = manual->dim,byUser=false local:4630946450791512195 , brightness from dpc = 6.0
06-17 14:06:26.457  3480  3716 D OplusBiometricsDisplayHelper: isFold: false, isUnblockByFp: null
06-17 14:06:26.457  3480  3716 D DpcExtImpl[display=0]: RECORD:onUpdatePowerState policy:2 state:2 brightness:6
06-17 14:06:26.457  3480  3716 D DisplayPowerController[display=0]: updatePowerStateInternal policy:BRIGHT->DIM,state:ON->ON policy=DIM, useProximitySensor=false, screenBrightnessOverride=-1.0, useAutoBrightness=false, screenAutoBrightnessAdjustmentOverride=NaN, screenLowPowerBrightnessFactor=1.0, blockScreenOn=false, lowPowerMode=false, boostScreenBrightness=false, dozeScreenBrightness=NaN, dozeScreenState=UNKNOWN, dozeScreenStateReason=DEFAULT_POLICY, useNormalBrightnessForDoze=false
06-17 14:06:26.457  3480  3716 D OplusPowerDisplayHelper_0: restoreCpuAffinity: restored to original cpuSet
06-17 14:06:26.479  3480  3728 D VRR [OPlusSAManager]: updateAutoMinfps for 4630946450791512195 with nits: 157.3406, mHistOK true, mAmbientOK true, mCctOK true, mIrOK true, mBrightnessOK true, isPkgOK true, SA min fps: 119
06-17 14:06:26.508  3480  3728 D VRR [OPlusSAManager]: updateAutoMinfps for 4630946450791512195 with nits: 138.84892, mHistOK true, mAmbientOK true, mCctOK true, mIrOK true, mBrightnessOK true, isPkgOK true, SA min fps: 119
06-17 14:06:26.545  3480  3728 D VRR [OPlusSAManager]: updateAutoMinfps for 4630946450791512195 with nits: 121.575096, mHistOK true, mAmbientOK true, mCctOK true, mIrOK true, mBrightnessOK true, isPkgOK true, SA min fps: 119
06-17 14:06:26.582  3480  3728 D VRR [OPlusSAManager]: updateAutoMinfps for 4630946450791512195 with nits: 105.5182, mHistOK true, mAmbientOK true, mCctOK true, mIrOK true, mBrightnessOK true, isPkgOK true, SA min fps: 119
06-17 14:06:26.608  3480  3728 D VRR [OPlusSAManager]: updateAutoMinfps for 4630946450791512195 with nits: 90.67887, mHistOK true, mAmbientOK true, mCctOK true, mIrOK true, mBrightnessOK true, isPkgOK true, SA min fps: 119
06-17 14:06:26.644  3480  3728 D VRR [OPlusSAManager]: updateAutoMinfps for 4630946450791512195 with nits: 77.05846, mHistOK true, mAmbientOK true, mCctOK true, mIrOK true, mBrightnessOK true, isPkgOK true, SA min fps: 119
06-17 14:06:26.681  3480  3728 D VRR [OPlusSAManager]: updateAutoMinfps for 4630946450791512195 with nits: 64.65798, mHistOK true, mAmbientOK true, mCctOK true, mIrOK true, mBrightnessOK true, isPkgOK true, SA min fps: 11
06-17 14:06:26.710  3480  3728 D VRR [OPlusSAManager]: updateAutoMinfps for 4630946450791512195 with nits: 53.47688, mHistOK true, mAmbientOK true, mCctOK true, mIrOK true, mBrightnessOK true, isPkgOK true, SA min fps: 11
06-17 14:06:26.742  3480  3728 D VRR [OPlusSAManager]: updateAutoMinfps for 4630946450791512195 with nits: 43.43373, mHistOK true, mAmbientOK true, mCctOK true, mIrOK true, mBrightnessOK true, isPkgOK true, SA min fps: 3
06-17 14:06:26.794  3480  3728 D VRR [OPlusSAManager]: updateAutoMinfps for 4630946450791512195 with nits: 30.70105, mHistOK true, mAmbientOK true, mCctOK true, mIrOK true, mBrightnessOK true, isPkgOK true, SA min fps: 3
06-17 14:06:26.866  3480  3728 D VRR [OPlusSAManager]: updateAutoMinfps for 4630946450791512195 with nits: 18.096193, mHistOK true, mAmbientOK true, mCctOK true, mIrOK true, mBrightnessOK true, isPkgOK true, SA min fps: 1
06-17 14:06:26.961  3480  3728 D VRR [OPlusSAManager]: updateAutoMinfps for 4630946450791512195 with nits: 7.200704, mHistOK true, mAmbientOK true, mCctOK true, mIrOK true, mBrightnessOK true, isPkgOK true, SA min fps: 1
06-17 14:06:26.973  3480  5318 E BatteryStatsService: Invalid uid for waking network packet: -1
06-17 14:06:27.087  3480  3716 D OplusFeatureReduceBrightness: setAnimating : animating = false
06-17 14:06:27.087  3480  3716 D OplusBrightnessAmbientAdapter: setAnimating: from true to false
06-17 14:06:27.087  3480  3716 D RampAnimatorExtImpl[display=0][Primary]: onAnimationEnd id[0]=[true],changed=[4043->4043->6],duration:642,phaseCounts=[0, 0, 0]
06-17 14:06:27.088  3480  3716 D OplusBiometricsDisplayHelper: isFold: false, isUnblockByFp: null
06-17 14:06:27.218  3480  3596 D BatteryStatsImplExtImpl: updateStandbyStatistics time interval is too short, ingore.
06-17 14:06:27.218  3480  3596 D BatteryStatsImplExtImpl: rpmhStats is null or interval time is too short.
06-17 14:06:27.623  3480  3726 D OplusFeatureDMR[display=0]: onConfigChanged threadId=65 threadName=OplusDisplayWorkHandler physicalDisplayId=4630946450791512195 modeId=1  
06-17 14:06:27.624  3480  3570 I DisplayDeviceRepository: Display device changed render timings: "Built-in Screen", renderFrameRate=90.0, presentationDeadlineNanos=14111110, appVsyncOffsetNanos=6555557, frameRateOverrides=[]
06-17 14:06:27.624  3480  3570 D DisplayManagerService: Delivering display event: displayId=0, event=EVENT_DISPLAY_REFRESH_RATE_CHANGED
06-17 14:06:27.627  3480  3567 D WindowManager: DeferredDisplayUpdater: partially applying DisplayInfo(1440 x 3168) immediately
06-17 14:06:27.628  3480  3567 D OplusVFXScreenEffectFeature: notifySFCompatWindowStateChange entered false
06-17 14:06:27.629  3480  3567 D FSS_FoldScreenBlackCoverController: displayChangeToOn, dc:Display{#0 state=ON size=1440x3168 ROTATION_0}
06-17 14:06:27.688  3480  3728 D VRR [OPlusRefreshRateService]: handleConfigIdChange physicalDisplayId: 4630946450791512195 configId: 1 renderPeriod: 11111111
06-17 14:06:27.689  3480  3728 D VRR [OPlusGameStatusManager]: updateGameState mOSyncFeatureSwitch: false mIsGamePolicy: false
06-17 14:06:27.689  3480  3728 D VRR [OPlusGameStatusManager]: updateGameAccelerationStatus pkgName: rd.sheepskin.sandboxmusic mOSyncFeatureSwitch: false mIsGamePolicy: false mHeartStop: false mHasFlickerRisk: false mForceAcceleration: false mToastReady: false enable: false
06-17 14:06:27.689  3480  3728 D VRR [OPlusExternalRefreshRateManager]:  Display refreshrate :90 , Switch to OTI-HW 
06-17 14:06:27.739  3480  3728 D VRR [OPlusSAManager]: updateAutoMinfps for 4630946450791512195 with nits: 7.200704, mHistOK true, mAmbientOK true, mCctOK true, mIrOK true, mBrightnessOK true, isPkgOK true, SA min fps: 0
06-17 14:06:28.242  3480  3728 D VRR [OPlusSAManager]: updateAutoMinfps for 4630946450791512195 with nits: 7.200704, mHistOK true, mAmbientOK true, mCctOK true, mIrOK true, mBrightnessOK true, isPkgOK true, SA min fps: 0
06-17 14:06:29.218  3480  4187 D osense.compress: jp.naver.line.android do shrink, target ratio = 20, final ratio = 40, cur ratio = 0
06-17 14:06:29.870  3480  4187 D osense.compress: com.reddit.frontpage do shrink, target ratio = 10, final ratio = 20, cur ratio = 0
06-17 14:06:30.092  3480  3728 D VRR [OPlusGameStatusManager]: handleMessage: 7004
06-17 14:06:30.093  3480  3728 D VRR [OPlusGameStatusManager]: handleBrightnessDone
06-17 14:06:30.235  3480  4704 E BatteryStatsService: Invalid uid for waking network packet: -1
06-17 14:06:31.512  3480  4187 D osense.compress: jp.naver.line.android_u999 do shrink, target ratio = 45, final ratio = 90, cur ratio = 0
06-17 14:06:32.064  3480  4187 D osense.compress: com.instagram.android do shrink, target ratio = 45, final ratio = 90, cur ratio = 0
06-17 14:06:32.067  3480  4187 D osense.compress: com.nvllz.stepsy do shrink, target ratio = 45, final ratio = 90, cur ratio = 0
06-17 14:06:32.070  3480  4187 D osense.compress: com.google.android.gms do shrink, target ratio = 45, final ratio = 90, cur ratio = 0
06-17 14:06:33.511  3480  4704 I AttentionDetector: Failed to check attention: 3, ID: 221
06-17 14:06:33.540  3480  3580 E UserAwareMgr: thread exist: {threadName='cameraservice', tid=2542, reporterPid=2542, currentThreadCount=9, maxThreadCount=16, extendTids=[2755, 2754, 17582, 17553, 4799, 15853, 18814, 18816]}
06-17 14:06:33.552  3480  5898 E AppOps  : Operation not started: uid=10147 pkg=com.aiunit.aon(null) op=CAMERA
06-17 14:06:33.553  3480  3580 W UserAwareMgr: event can not be released, id: 6003, count: 6717, releasePid: 2542
06-17 14:06:33.559  3480  4704 W ContextImpl: Calling a method in the system process without a qualified user: android.app.ContextImpl.sendBroadcast:1281 com.android.server.camera.OplusCameraStateBroadcast.notifyCameraState:52 com.android.server.camera.CameraServiceProxyExtImpl.extendNotifyCameraState:370 com.android.server.camera.CameraServiceProxy.updateActivityCount:1774 com.android.server.camera.CameraServiceProxy.-$$Nest$mupdateActivityCount:0 
06-17 14:06:33.631  3480  5898 W ContextImpl: Calling a method in the system process without a qualified user: android.app.ContextImpl.sendBroadcast:1281 com.android.server.camera.OplusCameraStateBroadcast.notifyCameraState:52 com.android.server.camera.CameraServiceProxyExtImpl.extendNotifyCameraState:370 com.android.server.camera.CameraServiceProxy.updateActivityCount:1774 com.android.server.camera.CameraServiceProxy.-$$Nest$mupdateActivityCount:0 
06-17 14:06:33.632  3480  4347 D OplusSplitScreenManagerService: com.teslacoilsw.launcher unSupportsSplitScreen by blockList or ForbidActivityList
06-17 14:06:33.634  3480  3580 W QosScheduler: executeSceneQosStrategy failed! qos feature no enable
06-17 14:06:33.635  3480  3571 D OplusZoomTaskCloneController: onCameraOpened cameraId =:1
06-17 14:06:33.637  3480  3726 D OplusFeatureTemperatureLimitBrightness: onCameraClosed, cameraId = 1
06-17 14:06:33.641  3480  3580 E UserAwareMgr: thread exist: {threadName='cameraservice', tid=2542, reporterPid=2542, currentThreadCount=9, maxThreadCount=16, extendTids=[2755, 2754, 17582, 17553, 4799, 15853, 18814, 18816]}
06-17 14:06:33.820  3480  5898 E BatteryStatsService: Invalid uid for waking network packet: -1
06-17 14:06:35.640  3480  3726 D OplusFeatureTemperatureLimitBrightness: MSG_CAMERA_STATE_CHANGED
06-17 14:06:36.188  3480  4704 E BatteryStatsService: Invalid uid for waking network packet: -1
06-17 14:06:36.659  3480 31408 D UsageStatsService: User[0] type=0 b=1781679872435 e=1781679996655 cb=1781617793767 ce=1781679985095 disk=0 all=1
06-17 14:06:37.211  3480  5898 E BatteryStatsService: Invalid uid for waking network packet: -1
06-17 14:06:37.625  3480  4187 D osense.compress: app.morphe.android.youtube do shrink, target ratio = 45, final ratio = 90, cur ratio = 0
06-17 14:06:37.685  3480  4187 D osense.compress: com.aspiro.tidal do shrink, target ratio = 45, final ratio = 90, cur ratio = 0
06-17 14:06:39.600  3480  4187 D osense.compress: com.google.android.googlequicksearchbox do shrink, target ratio = 45, final ratio = 90, cur ratio = 0
06-17 14:06:41.076  3480 22978 D UsageStatsService: User[999] type=0 b=1781679870311 e=1781680001076 cb=1781601129511 ce=1781679926324 disk=0 all=1
06-17 14:06:41.336  3480  4704 W PackageManager: package com.oplus.ndsf uid 10114 pid 14534 call SetEnabledSetting(com.oplus.ndsf component = androidx.work.impl.background.systemalarm.RescheduleReceiver, 2, 0)
06-17 14:06:41.350  3480  5318 W ActivityManager: Receiver with filter android.content.IntentFilter@823d2f already registered for pid 14534, callerPackage is com.oplus.ndsf
06-17 14:06:41.366  3480  4703 W PackageManager: package com.oplus.ndsf uid 10114 pid 14534 call SetEnabledSetting(com.oplus.ndsf component = androidx.work.impl.background.systemalarm.RescheduleReceiver, 1, 0)
06-17 14:06:42.339  3480  3770 I AppsFilter: interaction: PackageSetting{8c0c61b com.android.microdroid.empty_payload/10275} -> PackageSetting{7541935 com.oplus.ndsf/10114} BLOCKED
06-17 14:06:42.340  3480  3770 I AppsFilter: interaction: PackageSetting{668da72 rd.sheepskin.sandboxmusic/10445} -> PackageSetting{7541935 com.oplus.ndsf/10114} BLOCKED
06-17 14:06:42.341  3480  3770 I AppsFilter: interaction: PackageSetting{52f9591 com.oplus.locationproxy/10173} -> PackageSetting{7541935 com.oplus.ndsf/10114} BLOCKED
06-17 14:06:42.341  3480  3770 I AppsFilter: interaction: PackageSetting{3fb0cf6 com.android.certinstaller/10210} -> PackageSetting{7541935 com.oplus.ndsf/10114} BLOCKED
06-17 14:06:42.342  3480  3770 I AppsFilter: interaction: PackageSetting{c1ba8f7 com.oplus.location/10218} -> PackageSetting{7541935 com.oplus.ndsf/10114} BLOCKED
06-17 14:06:42.356  3480  3480 D LockSettingsService: [getSeparateProfileChallengeEnabled] userId = 12
06-17 14:06:42.368  3480  4420 V AccessibilityManagerService: onUserStateChangedLocked for user 0 with forceUpdate: false mEnabledServices = [ComponentInfo{com.android.systemui.accessibility.accessibilitymenu/com.android.systemui.accessibility.accessibilitymenu.AccessibilityMenuService}] mCrashedServices = [] hasMagnificationConnection=false
06-17 14:06:42.368  3480  4420 W MagnificationConnectionManager: requestConnection duplicated request: connect=false, mConnectionState=DISCONNECTED
06-17 14:06:42.369  3480  4416 I VibrationEffectConvertor: onInputMethodListUpdated received, info.size = 4
06-17 14:06:42.370  3480  4416 I VibrationEffectConvertor: userid = 0, packageName = com.google.android.tts
06-17 14:06:42.370  3480  4416 I VibrationEffectConvertor: userid = 0, packageName = helium314.keyboard
06-17 14:06:42.370  3480  4416 I VibrationEffectConvertor: userid = 0, packageName = com.google.android.inputmethod.latin
06-17 14:06:42.370  3480  4416 I VibrationEffectConvertor: userid = 0, packageName = com.oplus.securitykeyboard
06-17 14:06:42.375  3480  3480 D AccessibilityManagerService: [updateInputFilter] flags = 4, mInputFilter=com.android.server.accessibility.AccessibilityInputFilter@d050e7, mHasInputFilter=true, mForceSetInputFilter=false
06-17 14:06:45.753  3480  4187 D osense.compress: org.telegram.messenger do shrink, target ratio = 20, final ratio = 40, cur ratio = 0
06-17 14:06:46.427  3480  4703 E BatteryStatsService: Invalid uid for waking network packet: -1
06-17 14:06:48.799  3480  4703 E BatteryStatsService: Invalid uid for waking network packet: -1
06-17 14:06:49.217  3480  4187 D osense.compress: jp.naver.line.android do shrink, target ratio = 20, final ratio = 40, cur ratio = 0
06-17 14:06:49.871  3480  4187 D osense.compress: com.reddit.frontpage do shrink, target ratio = 10, final ratio = 20, cur ratio = 0
06-17 14:06:50.012  3480  5318 E BatteryStatsService: Invalid uid for waking network packet: -1
06-17 14:06:51.035  3480  5318 E BatteryStatsService: Invalid uid for waking network packet: -1
06-17 14:06:51.513  3480  4187 D osense.compress: jp.naver.line.android_u999 do shrink, target ratio = 45, final ratio = 90, cur ratio = 0
06-17 14:06:52.063  3480  4187 D osense.compress: com.instagram.android do shrink, target ratio = 45, final ratio = 90, cur ratio = 0
06-17 14:06:52.067  3480  4187 D osense.compress: com.nvllz.stepsy do shrink, target ratio = 45, final ratio = 90, cur ratio = 0
06-17 14:06:52.071  3480  4187 D osense.compress: com.google.android.gms do shrink, target ratio = 45, final ratio = 90, cur ratio = 0
06-17 14:06:52.380  3480  4703 E BatteryStatsService: Invalid uid for waking network packet: -1
06-17 14:06:54.716  3480  4703 E BatteryStatsService: Invalid uid for waking network packet: -1
06-17 14:06:57.627  3480  4187 D osense.compress: app.morphe.android.youtube do shrink, target ratio = 45, final ratio = 90, cur ratio = 0
06-17 14:06:57.686  3480  4187 D osense.compress: com.aspiro.tidal do shrink, target ratio = 45, final ratio = 90, cur ratio = 0
06-17 14:06:58.012  3480  5318 E BatteryStatsService: Invalid uid for waking network packet: -1
06-17 14:06:59.605  3480  4187 D osense.compress: com.google.android.googlequicksearchbox do shrink, target ratio = 45, final ratio = 90, cur ratio = 0
06-17 14:07:00.000  3480  4345 V AlarmManager: sending alarm Alarm{23e2e7b type 3 origWhen 950341684 whenElapsed 950341684 android} uid 1000 whenElapsed 950341684 windowLength 0 maxWhenElapsed 950341684 repeatInterval 0 action null component null tag TIME_TICK flags 0x9 procName system_server
06-17 14:07:00.027  3480  3726 D OplusDisplayBrightnessBroadcastReceiver: onReceive action = android.intent.action.TIME_TICK , listeners = [com.android.server.display.color.eyeprotect.manager.AiCurveManager$RhythmBroadcastReceiverWithUpgradeUI@52658db]
06-17 14:07:00.347  3480  5318 E BatteryStatsService: Invalid uid for waking network packet: -1
06-17 14:07:03.442  3480 20710 D WakeLockCheck: check
06-17 14:07:03.629  3480  4187 D osense.compress: try do inactive compress task
06-17 14:07:03.630  3480  4187 D osense.compress: inactive do shrink, target ratio = 27, final ratio = 55, cur ratio = 0
06-17 14:07:03.932  3480  5318 E BatteryStatsService: Invalid uid for waking network packet: -1
06-17 14:07:03.933  3480  5318 E BatteryStatsService: Invalid uid for waking network packet: -1
06-17 14:07:06.300  3480  4703 E BatteryStatsService: Invalid uid for waking network packet: -1
06-17 14:07:07.263  3480  4345 V AlarmManager: sending alarm Alarm{acbba4f type 3 origWhen 950337839 whenElapsed 950337839 android} uid 1000 whenElapsed 950337839 windowLength 11106 maxWhenElapsed 950348945 repeatInterval 0 action null component null tag *job.delay* flags 0x0 procName system_server
06-17 14:07:07.269  3480  4345 V AlarmManager: sending alarm Alarm{37d06e5 type 3 origWhen 950287446 whenElapsed 950287446 com.oplus.metis} uid 10126 whenElapsed 950287446 windowLength 225000 maxWhenElapsed 950512446 repeatInterval 300000 action oplus.intent.action.SORT_ALARM_ACTION component null flags 0x8 procName com.oplus.metis
06-17 14:07:07.325  3480  3585 I ActivityManager: Start proc 19074:com.google.android.apps.work.clouddpc/u0a513 for service {com.google.android.apps.work.clouddpc/com.google.android.apps.work.clouddpc.base.services.HealthCheckJobService}
06-17 14:07:07.326  3480  3585 W ContextImpl: Calling a method in the system process without a qualified user: android.app.ContextImpl.sendBroadcast:1281 com.android.server.am.OplusAppStartupConfig.sendAbnormalNotify:2320 com.android.server.am.OplusAppStartupConfig.notifyAbnormalInfo:2253 com.android.server.am.OplusAppStartupManager.handleStartAppInfo:5836 com.android.server.am.ProcessListExtImpl.hookHandleProcessStart:305 
06-17 14:07:07.326  3480  3567 I ActivityManager: ProcessObserver broadcast disabled
06-17 14:07:07.329  3480  4187 I MemoryOperationUtils: add 19074 to inactive
06-17 14:07:07.354  3480  4703 D ActivityTaskManagerServiceExtImpl: preBindApplication record is null
06-17 14:07:07.367 19074 19074 V Configuration: Updating configuration, locales updated from [] to [en_TH]
06-17 14:07:07.415 19074 19074 D ResourcesManagerExtImpl: applyConfigurationToAppResourcesLocked app.getDisplayId() return callback.displayId:-1
06-17 14:07:07.595  3480  4703 I ActivityManager: Flag disabled. Ignoring finishAttachApplication from uid: 10513. pid: 19074
06-17 14:07:08.668  3480  5898 E BatteryStatsService: Invalid uid for waking network packet: -1
06-17 14:07:09.218  3480  4187 D osense.compress: jp.naver.line.android do shrink, target ratio = 20, final ratio = 40, cur ratio = 0
06-17 14:07:11.003  3480  4703 E BatteryStatsService: Invalid uid for waking network packet: -1
06-17 14:07:11.406  3480  4703 W PackageManager: package com.oplus.ndsf uid 10114 pid 14534 call SetEnabledSetting(com.oplus.ndsf component = androidx.work.impl.background.systemalarm.RescheduleReceiver, 2, 0)
06-17 14:07:11.418  3480  5898 W ActivityManager: Receiver with filter android.content.IntentFilter@4757007 already registered for pid 14534, callerPackage is com.oplus.ndsf
06-17 14:07:11.432  3480  4703 W PackageManager: package com.oplus.ndsf uid 10114 pid 14534 call SetEnabledSetting(com.oplus.ndsf component = androidx.work.impl.background.systemalarm.RescheduleReceiver, 1, 0)
06-17 14:07:11.516  3480  4187 D osense.compress: jp.naver.line.android_u999 do shrink, target ratio = 45, final ratio = 90, cur ratio = 0
06-17 14:07:12.064  3480  4187 D osense.compress: com.instagram.android do shrink, target ratio = 45, final ratio = 90, cur ratio = 0
06-17 14:07:12.067  3480  4187 D osense.compress: com.nvllz.stepsy do shrink, target ratio = 45, final ratio = 90, cur ratio = 0
06-17 14:07:12.070  3480  4187 D osense.compress: com.google.android.gms do shrink, target ratio = 45, final ratio = 90, cur ratio = 0
06-17 14:07:12.363  3480  3596 V BatteryExternalStatsWorker: WiFi energy data was reset, new WiFi energy data is WifiActivityEnergyInfo{ mTimeSinceBootMillis=950354047 mStackState=3 mControllerTxDurationMillis=0 mControllerRxDurationMillis=0 mControllerScanDurationMillis=0 mControllerIdleDurationMillis=0 mControllerEnergyUsedMicroJoules=0 }
06-17 14:07:12.378  3480  3596 D KernelCpuUidUserSysTimeReader: Removing uids 99289-99289
06-17 14:07:12.409  3480  3770 I AppsFilter: interaction: PackageSetting{8c0c61b com.android.microdroid.empty_payload/10275} -> PackageSetting{ab7c6cc com.oplus.ndsf/10114} BLOCKED
06-17 14:07:12.410  3480  3770 I AppsFilter: interaction: PackageSetting{668da72 rd.sheepskin.sandboxmusic/10445} -> PackageSetting{ab7c6cc com.oplus.ndsf/10114} BLOCKED
06-17 14:07:12.411  3480  3770 I AppsFilter: interaction: PackageSetting{52f9591 com.oplus.locationproxy/10173} -> PackageSetting{ab7c6cc com.oplus.ndsf/10114} BLOCKED
06-17 14:07:12.411  3480  3770 I AppsFilter: interaction: PackageSetting{3fb0cf6 com.android.certinstaller/10210} -> PackageSetting{ab7c6cc com.oplus.ndsf/10114} BLOCKED
06-17 14:07:12.412  3480  3770 I AppsFilter: interaction: PackageSetting{c1ba8f7 com.oplus.location/10218} -> PackageSetting{ab7c6cc com.oplus.ndsf/10114} BLOCKED
06-17 14:07:12.429  3480  3480 D LockSettingsService: [getSeparateProfileChallengeEnabled] userId = 12
06-17 14:07:12.440  3480  4420 V AccessibilityManagerService: onUserStateChangedLocked for user 0 with forceUpdate: false mEnabledServices = [ComponentInfo{com.android.systemui.accessibility.accessibilitymenu/com.android.systemui.accessibility.accessibilitymenu.AccessibilityMenuService}] mCrashedServices = [] hasMagnificationConnection=false
06-17 14:07:12.443  3480  4416 I VibrationEffectConvertor: onInputMethodListUpdated received, info.size = 4
06-17 14:07:12.443  3480  4416 I VibrationEffectConvertor: userid = 0, packageName = com.google.android.tts
06-17 14:07:12.444  3480  4416 I VibrationEffectConvertor: userid = 0, packageName = helium314.keyboard
06-17 14:07:12.444  3480  4416 I VibrationEffectConvertor: userid = 0, packageName = com.google.android.inputmethod.latin
06-17 14:07:12.444  3480  4416 I VibrationEffectConvertor: userid = 0, packageName = com.oplus.securitykeyboard
06-17 14:07:12.449  3480  4420 W MagnificationConnectionManager: requestConnection duplicated request: connect=false, mConnectionState=DISCONNECTED
06-17 14:07:12.450  3480  3480 D AccessibilityManagerService: [updateInputFilter] flags = 4, mInputFilter=com.android.server.accessibility.AccessibilityInputFilter@d050e7, mHasInputFilter=true, mForceSetInputFilter=false
06-17 14:07:14.268  3480  9472 E BatteryStatsService: Invalid uid for waking network packet: -1
06-17 14:07:16.636  3480  4703 E BatteryStatsService: Invalid uid for waking network packet: -1
06-17 14:07:18.908  3480  5898 E BatteryStatsService: Invalid uid for waking network packet: -1
06-17 14:07:19.607  3480  4187 D osense.compress: com.google.android.googlequicksearchbox do shrink, target ratio = 45, final ratio = 90, cur ratio = 0
06-17 14:07:20.221  3480  5318 E BatteryStatsService: Invalid uid for waking network packet: -1
06-17 14:07:20.368  3480  3596 D BatteryStatsImplExtImpl: mActiveProcesses size = 76
06-17 14:07:20.368  3480  3596 D BatteryStatsImplExtImpl: rpmhStats is null or interval time is too short.
06-17 14:07:20.755  3480  4187 D osense.compress: org.telegram.messenger do shrink, target ratio = 20, final ratio = 40, cur ratio = 0
06-17 14:07:21.244  3480  4703 E BatteryStatsService: Invalid uid for waking network packet: -1
06-17 14:07:22.630  3480  4187 D osense.compress: app.morphe.android.youtube do shrink, target ratio = 45, final ratio = 90, cur ratio = 0
06-17 14:07:22.684  3480  5318 E BatteryStatsService: Invalid uid for waking network packet: -1
06-17 14:07:22.687  3480  4187 D osense.compress: com.aspiro.tidal do shrink, target ratio = 45, final ratio = 90, cur ratio = 0
06-17 14:07:23.368  3480  4345 V AlarmManager: sending alarm Alarm{a43bf09 type 0 origWhen 1781679778366 whenElapsed 950100051 com.heytap.pictorial} uid 10444 whenElapsed 950100051 windowLength 1350000 maxWhenElapsed 951450051 repeatInterval 1800000 action null component ComponentInfo{com.heytap.pictorial/com.nearme.pullimage.GlanceEventsReportService} flags 0x8 procName com.heytap.pictorial
06-17 14:07:23.387  3480  4345 V AlarmManager: sending alarm Alarm{42db2f type 2 origWhen 950158821 whenElapsed 950220134 com.google.android.gms} uid 10119 whenElapsed 950220134 windowLength 260022 maxWhenElapsed 950418843 repeatInterval 0 action com.google.android.location.ALARM_WAKEUP_ACTIVITY_DETECTION component null flags 0x8 procName com.google.android.gms.persistent
06-17 14:07:23.389  3480  4345 V AlarmManager: sending alarm Alarm{532a41a type 0 origWhen 1781680033363 whenElapsed 950355048 com.heytap.mcs} uid 1000 whenElapsed 950355048 windowLength 10000 maxWhenElapsed 950365048 repeatInterval 0 action com.heytap.mcs.action component null flags 0x8 procName com.heytap.mcs
06-17 14:07:23.425 27139 27253 W ContextImpl: Calling a method in the system process without a qualified user: android.app.ContextImpl.bindService:2135 android.content.ContextWrapper.bindService:901 com.heytap.mcs.biz.statistics.agent.OBUSAgent.bindStatisticsApiService:8 com.heytap.mcs.biz.statistics.agent.OBUSAgent.upload:7 com.heytap.mcs.biz.statistics.agent.AgentManager.upload:3 
06-17 14:07:23.452 12279 19243 W ContextImpl: Calling a method in the system process without a qualified user: android.app.ContextImpl.startService:2032 android.content.ContextWrapper.startService:865 com.heytap.mcs.biz.message.h.b:16 com.heytap.mcs.biz.message.h.a:6 com.heytap.mcs.base.task.a.b:6 
06-17 14:07:23.460  3480  3585 I ActivityManager: Start proc 19244:com.heytap.mcs.statistics/1000 for service {com.heytap.mcs/com.heytap.mcs.biz.statistics.service.StatisticsApiService}
06-17 14:07:23.461  3480  3567 I ActivityManager: ProcessObserver broadcast disabled
06-17 14:07:23.462  3480  4187 I MemoryOperationUtils: add 19244 to inactive
06-17 14:07:23.485  3480  5318 D CompatChangeReporter: Compat change id reported: 151861875; UID 1000; state: ENABLED
06-17 14:07:23.485  3480  5318 D ActivityTaskManagerServiceExtImpl: preBindApplication record is null
06-17 14:07:23.488  3480  9472 I ActivityManager: Death received, pid = 12279, processName = com.heytap.mcs.biz.message for thread android.os.BinderProxy@9e0622
06-17 14:07:23.489  3480  9316 I ActivityManager: Process com.heytap.mcs.biz.message (pid 12279) has died: fg  SVC 
06-17 14:07:23.493 19244 19244 V Configuration: Updating configuration, locales updated from [] to [en_TH]
06-17 14:07:23.567  3480  5318 I ActivityManager: Flag disabled. Ignoring finishAttachApplication from uid: 1000. pid: 19244
06-17 14:07:23.620  3480  5318 W ActivityManager: Receiver with filter android.content.IntentFilter@417a4a3 already registered for pid 19244, callerPackage is com.heytap.mcs
06-17 14:07:23.637  3480  9568 W ActivityManager: Receiver with filter android.content.IntentFilter@b4cf3a0 already registered for pid 19244, callerPackage is com.heytap.mcs
06-17 14:07:23.655 19244 19303 W ContextImpl: Calling a method in the system process without a qualified user: android.app.ContextImpl.bindService:2135 android.content.ContextWrapper.bindService:901 com.heytap.msp.ipc.client.BinderManager.getBinderSync:9 com.heytap.msp.ipc.client.CompatServiceClient.getBinder:3 com.heytap.msp.ipc.client.CompatServiceClient.callRemote:32 
06-17 14:07:24.497  3480  5898 W ProcessStats: Tracking association SourceState{70b9695 com.android.systemui/10208 BFgs #1861810} whose proc state 4 is better than process ProcessState{fc27723 com.android.launcher/10198 pkg=com.android.launcher} proc state 5 (0 skipped)
06-17 14:07:24.519  3480  3580 W UserAwareMgr: event can not be released, id: 6003, count: 6717, releasePid: 2542
06-17 14:07:24.878  3480  4187 D osense.compress: com.reddit.frontpage do shrink, target ratio = 10, final ratio = 20, cur ratio = 0
06-17 14:07:27.200  3480  5898 E BatteryStatsService: Invalid uid for waking network packet: -1
06-17 14:07:27.224  3480  3596 D BatteryStatsImplExtImpl: updateStandbyStatistics time interval is too short, ingore.
06-17 14:07:27.224  3480  3596 D BatteryStatsImplExtImpl: rpmhStats is null or interval time is too short.
06-17 14:07:28.219  3480  9568 E BatteryStatsService: Invalid uid for waking network packet: -1
06-17 14:07:28.628 19244 19244 W ContextImpl: Calling a method in the system process without a qualified user: android.app.ContextImpl.startService:2032 android.content.ContextWrapper.startService:865 com.heytap.mcs.biz.statistics.StaticProcessTrackStatusManager.exitCurrentProcess:11 com.heytap.mcs.biz.statistics.StaticProcessTrackStatusManager$1.handleMessage:3 android.os.Handler.dispatchMessage:112 
06-17 14:07:28.665  3480  5318 I ActivityManager: Death received, pid = 19244, processName = com.heytap.mcs.statistics for thread android.os.BinderProxy@9f56664
06-17 14:07:28.666  3480  4869 I ActivityManager: Process com.heytap.mcs.statistics (pid 19244) has died: fg  SVC 
06-17 14:07:29.217  3480  4187 D osense.compress: jp.naver.line.android do shrink, target ratio = 20, final ratio = 40, cur ratio = 0
06-17 14:07:30.557  3480  9472 E BatteryStatsService: Invalid uid for waking network packet: -1
06-17 14:07:31.516  3480  4187 D osense.compress: jp.naver.line.android_u999 do shrink, target ratio = 45, final ratio = 90, cur ratio = 0
06-17 14:07:31.895  3480  4345 V AlarmManager: sending alarm Alarm{f5eceef type 2 origWhen 950368578 whenElapsed 950373579 com.google.android.gms} uid 10119 whenElapsed 950373579 windowLength 0 maxWhenElapsed 950373579 repeatInterval 0 action com.google.android.location.ALARM_WAKEUP_ACTIVITY_DETECTION component null flags 0x8 procName com.google.android.gms.persistent
06-17 14:07:32.066  3480  4187 D osense.compress: com.instagram.android do shrink, target ratio = 45, final ratio = 90, cur ratio = 0
06-17 14:07:32.067  3480  4187 D osense.compress: com.nvllz.stepsy do shrink, target ratio = 45, final ratio = 90, cur ratio = 0
06-17 14:07:32.071  3480  4187 D osense.compress: com.google.android.gms do shrink, target ratio = 45, final ratio = 90, cur ratio = 0
06-17 14:07:32.827  3480  5898 E BatteryStatsService: Invalid uid for waking network packet: -1
06-17 14:07:33.694  1434 19311 I keystore2: system/security/keystore2/watchdog/src/lib.rs:377 - Watchdog thread idle -> terminating. Have a great day.
06-17 14:07:35.164  3480  9472 E BatteryStatsService: Invalid uid for waking network packet: -1
06-17 14:07:35.406  3480  9472 W AppOps  : Noting op not finished: uid 10119 pkg com.google.android.gms code 113 startTime of in progress event=1781679871235
06-17 14:07:35.422  3480  9472 W AppOps  : Noting op not finished: uid 10119 pkg com.google.android.gms code 113 startTime of in progress event=1781679871235
06-17 14:07:36.409  3480  6116 W AppOps  : Noting op not finished: uid 10119 pkg com.google.android.gms code 113 startTime of in progress event=1781679871235
06-17 14:07:38.972  3480  5318 E BatteryStatsService: Invalid uid for waking network packet: -1
06-17 14:07:38.973  3480  5318 E BatteryStatsService: Invalid uid for waking network packet: -1
06-17 14:07:39.607  3480  4187 D osense.compress: com.google.android.googlequicksearchbox do shrink, target ratio = 45, final ratio = 90, cur ratio = 0
06-17 14:07:40.700  3480  5318 E BatteryStatsService: Invalid uid for waking network packet: -1
06-17 14:07:40.759  3480  4187 D osense.compress: org.telegram.messenger do shrink, target ratio = 20, final ratio = 40, cur ratio = 0
06-17 14:07:41.497  3480  5898 W PackageManager: package com.oplus.ndsf uid 10114 pid 14534 call SetEnabledSetting(com.oplus.ndsf component = androidx.work.impl.background.systemalarm.RescheduleReceiver, 2, 0)
06-17 14:07:41.502  3480  5318 W ActivityManager: Receiver with filter android.content.IntentFilter@4a4d81d already registered for pid 14534, callerPackage is com.oplus.ndsf
06-17 14:07:41.515  3480  5898 W PackageManager: package com.oplus.ndsf uid 10114 pid 14534 call SetEnabledSetting(com.oplus.ndsf component = androidx.work.impl.background.systemalarm.RescheduleReceiver, 1, 0)
06-17 14:07:42.500  3480  3770 I AppsFilter: interaction: PackageSetting{8c0c61b com.android.microdroid.empty_payload/10275} -> PackageSetting{4f8028c com.oplus.ndsf/10114} BLOCKED
06-17 14:07:42.500  3480  3770 I AppsFilter: interaction: PackageSetting{668da72 rd.sheepskin.sandboxmusic/10445} -> PackageSetting{4f8028c com.oplus.ndsf/10114} BLOCKED
06-17 14:07:42.501  3480  3770 I AppsFilter: interaction: PackageSetting{52f9591 com.oplus.locationproxy/10173} -> PackageSetting{4f8028c com.oplus.ndsf/10114} BLOCKED
06-17 14:07:42.502  3480  3770 I AppsFilter: interaction: PackageSetting{3fb0cf6 com.android.certinstaller/10210} -> PackageSetting{4f8028c com.oplus.ndsf/10114} BLOCKED
06-17 14:07:42.502  3480  3770 I AppsFilter: interaction: PackageSetting{c1ba8f7 com.oplus.location/10218} -> PackageSetting{4f8028c com.oplus.ndsf/10114} BLOCKED
06-17 14:07:42.528  3480  4420 V AccessibilityManagerService: onUserStateChangedLocked for user 0 with forceUpdate: false mEnabledServices = [ComponentInfo{com.android.systemui.accessibility.accessibilitymenu/com.android.systemui.accessibility.accessibilitymenu.AccessibilityMenuService}] mCrashedServices = [] hasMagnificationConnection=false
06-17 14:07:42.530  3480  4420 W MagnificationConnectionManager: requestConnection duplicated request: connect=false, mConnectionState=DISCONNECTED
06-17 14:07:42.531  3480  4416 I VibrationEffectConvertor: onInputMethodListUpdated received, info.size = 4
06-17 14:07:42.531  3480  4416 I VibrationEffectConvertor: userid = 0, packageName = com.google.android.tts
06-17 14:07:42.532  3480  4416 I VibrationEffectConvertor: userid = 0, packageName = helium314.keyboard
06-17 14:07:42.532  3480  4416 I VibrationEffectConvertor: userid = 0, packageName = com.google.android.inputmethod.latin
06-17 14:07:42.532  3480  4416 I VibrationEffectConvertor: userid = 0, packageName = com.oplus.securitykeyboard
06-17 14:07:42.532  3480  3480 D LockSettingsService: [getSeparateProfileChallengeEnabled] userId = 12
06-17 14:07:42.537  3480  3480 D AccessibilityManagerService: [updateInputFilter] flags = 4, mInputFilter=com.android.server.accessibility.AccessibilityInputFilter@d050e7, mHasInputFilter=true, mForceSetInputFilter=false
06-17 14:07:42.561  3480  3585 I ActivityManager: Start proc 19406:com.google.android.apps.work.clouddpc/u999a513 for service {com.google.android.apps.work.clouddpc/com.google.android.apps.work.clouddpc.base.services.HealthCheckJobService}
06-17 14:07:42.561  3480  3567 I ActivityManager: ProcessObserver broadcast disabled
06-17 14:07:42.562  3480  4187 I MemoryOperationUtils: add 19406 to inactive
06-17 14:07:42.582  3480  5318 D ActivityTaskManagerServiceExtImpl: preBindApplication record is null
06-17 14:07:42.589 19406 19406 V Configuration: Updating configuration, locales updated from [] to [en_TH]
06-17 14:07:42.589  3480  4204 W JobServiceContext: Sending onNetworkChanged for a job that isn't started. JobStatus{9b9eae2 #u999a513/27 com.google.android.apps.work.clouddpc/.base.services.HealthCheckJobService u=999 s=99910513 TIME=-5s753ms:+4m54s247ms NET PERIODIC READY}
06-17 14:07:42.620 19406 19406 D ResourcesManagerExtImpl: applyConfigurationToAppResourcesLocked app.getDisplayId() return callback.displayId:-1
06-17 14:07:42.629  3480  4187 D osense.compress: app.morphe.android.youtube do shrink, target ratio = 45, final ratio = 90, cur ratio = 0
06-17 14:07:42.688  3480  4187 D osense.compress: com.aspiro.tidal do shrink, target ratio = 45, final ratio = 90, cur ratio = 0
06-17 14:07:42.739  3480  4704 I ActivityManager: Flag disabled. Ignoring finishAttachApplication from uid: 99910513. pid: 19406
06-17 14:07:44.513  3480  6116 W ActivityManager: Unable to start service Intent { act=com.google.android.gms.ads.identifier.service.START xflg=0x4 pkg=app.revanced.android.gms mCallingUid=10509 } U=0: not found
06-17 14:07:44.535  3480  4704 D UsageStatsService: User[0] type=0 b=1781678264532 e=1781680064532 cb=1781617793767 ce=1781680061497 disk=0 all=3
06-17 14:07:44.604  3480  4704 E BatteryStatsService: Invalid uid for waking network packet: -1
06-17 14:07:44.877  3480  4187 D osense.compress: com.reddit.frontpage do shrink, target ratio = 10, final ratio = 20, cur ratio = 0
06-17 14:07:46.844  3480  5318 E BatteryStatsService: Invalid uid for waking network packet: -1
06-17 14:07:49.212  3480  4704 E BatteryStatsService: Invalid uid for waking network packet: -1
06-17 14:07:49.219  3480  4187 D osense.compress: jp.naver.line.android do shrink, target ratio = 20, final ratio = 40, cur ratio = 0
06-17 14:07:51.517  3480  4187 D osense.compress: jp.naver.line.android_u999 do shrink, target ratio = 45, final ratio = 90, cur ratio = 0
06-17 14:07:52.067  3480  4187 D osense.compress: com.instagram.android do shrink, target ratio = 45, final ratio = 90, cur ratio = 0
06-17 14:07:52.068  3480  4187 D osense.compress: com.nvllz.stepsy do shrink, target ratio = 45, final ratio = 90, cur ratio = 0
06-17 14:07:52.072  3480  4187 D osense.compress: com.google.android.gms do shrink, target ratio = 45, final ratio = 90, cur ratio = 0
06-17 14:07:52.891  3480  5318 E BatteryStatsService: Invalid uid for waking network packet: -1
06-17 14:07:55.164  3480  5318 E BatteryStatsService: Invalid uid for waking network packet: -1
06-17 14:07:56.229  3480  3596 D BatteryStatsImplExtImpl: mActiveProcesses size = 78
06-17 14:07:56.229  3480  3596 D BatteryStatsImplExtImpl: rpmhStats is null or interval time is too short.
06-17 14:07:56.241  3480  3480 D OplusBroadcastFilter: BatteryLevelRestriction customRestrict: filterValue:100:100mBatteryLevel80 skip
06-17 14:07:56.243  3480  3726 D OplusDisplayBrightnessBroadcastReceiver: onReceive action = android.intent.action.BATTERY_CHANGED , listeners = [com.android.server.display.feature.postprocess.OplusFeatureEdrEnhanceBrightness$PhoneInfoReceiver@93ba4e]
06-17 14:07:56.245  3480  4421 W OplusStorageManagerFeature: mScreenReceiver action:android.intent.action.BATTERY_LEVEL_CHANGED
06-17 14:07:56.245  3480  4421 I OplusStorageManagerFeature: TmemoryBetterySwitch: level=80 state=2
06-17 14:07:56.245  3480  4421 I OplusStorageManagerFeature: TmemoryBetterySwitch: action=0 state=2
06-17 14:07:56.288  3480  3596 D ProcessCpuTrackerExtImpl: mContext is already set, return now! 
06-17 14:07:56.297  3480  3596 D BatteryStatsImplExtImpl: updateDevicePowerDetails
06-17 14:07:56.298  3480  3596 W ActivityManager: pid 3480 system sent binder code 1013 with flags 0 to frozen apps and got error -2
06-17 14:07:56.298  3480  3596 E BatteryStatsImplExtImpl: get RefreshCounts failed
06-17 14:07:56.298  3480  3596 D OplusRpmSubsystemManager: battery drained... 
06-17 14:07:56.298  3480  3596 D OplusRpmSubsystemManager: elapsedRealTimeDelta :588804
