07-08 23:04:15.043  2212  4538 D AudioBoost: audioSchedBoost, pid=2212, tid=4538, enable=1, ret=0
07-08 23:04:15.043  2212  4538 D AudioBoost: AudioUclampBoost: set invalid schedMinValue: 1025, ignored
07-08 23:04:15.043  2212  4538 D AudioBoost: AudioUclampBoost: sched_setattr success. attr(flags 120, min 1024, max 1024, tid 4538, enable 1)
07-08 23:04:15.043  2212  4538 E AudioBoost: start  AudioUclampBoost pid:2212 tid:4538 sucess
07-08 23:04:15.043  2212  2854 D AudioPolicyEffects: addOutputSessionEffects(): session: 1649, refCount: 1
07-08 23:04:15.043  2212  2854 I AudioEffect: set 0xb400007a34f08800 timeLow 00000000
07-08 23:04:15.043  2212  2854 I AudioFlinger: createEffect pid 2212, effectClient 0xb400007a1e82b9d0, priority 0, sessionId 1649, io 13, factory 0xb400007a34e66aa0
07-08 23:04:15.043  2212  2854 I AudioFlinger: createEffect_l() thread 0xb400007a05a0dd80 effect Music Listener on session 1649
07-08 23:04:15.043  2212  2854 I AudioFlinger: createEffect_l() new effect chain for session 1649
07-08 23:04:15.043  2212  2854 I EffectChain: EffectChain(): new EffectChain = 0xb400007a1e836100
07-08 23:04:15.043  2212  2854 D AudioFlinger_EffectsExtImpl: HoloAudio AudioFlinger_EffectsExtImpl :0xb4000079ec094980: mFrameCount = 960, mSampleRate = 48000, mChannelCount = 2, mSessionId=1649
07-08 23:04:15.044  2212  3774 D AFExtImpl: checkTrackBuffer1() track 0xb400007a003e9718 get INFO from NEW, channelCount 2, pid 31151
07-08 23:04:15.045  2212  3774 D AFExtImpl: initFromProperty() 0xb400007a1e860100, sAdSwitch 1, typeCheck 0, logdumpEnable 0, pcmdumpEnable 0, trackPid 31151
07-08 23:04:15.048  3425  3425 I NotificationService: Cannot find enqueued record for key: 0|rd.sheepskin.sandboxmusic|88001|null|10447
07-08 23:04:15.050  2212  2854 D EffectHalHidl: audioSchedBoost, set audiohal task boost, pid=2212, tid=2854, ret=0
07-08 23:04:15.056  3425  4788 E AppOps  : attributionTag  not declared in manifest of rd.sheepskin.sandboxmusic
07-08 23:04:15.057  3425  3564 I IPCThreadState: oneway function results for code 10006 on binder at 0xb40000729131eb80 will be dropped but finished with status UNKNOWN_TRANSACTION
07-08 23:04:15.056  2689  2750 D EventTest: handleEvent atlas_event_audio_track_create pid:31151,sessionId:1649,streamType:3,flags:6,deviceTypes:2,hasFastMixer:1
07-08 23:04:15.057  3425  4788 E AppOps  : attributionTag  not declared in manifest of rd.sheepskin.sandboxmusic
07-08 23:04:15.062  5669  5669 D SysBroadcastReceiver: android.media.ACTION_AUDIO_PLAYBACK_STATE_CHANGED
07-08 23:04:15.062  5669  5669 D SysBroadcastReceiver: EventId=1010003	ID_AUDIO_PLAYBACK_STATE_CHANGED	TimeStamp =1783548255062	Intent =Intent { act=android.media.ACTION_AUDIO_PLAYBACK_STATE_CHANGED flg=0x4000010 xflg=0x4 (has extras) }	Content =null	Pid =0	PkgName =null
07-08 23:04:15.063  2689  2757 D HoloAudio::SpecailizerPLService_Aidl: getMetaInfoByPkgName, 
07-08 23:04:15.068  2035  2035 E PerformanceService: [WAKER_IDENTIFY] pid message 3483;0;1 is writen to proc
07-08 23:04:15.075  2689  2750 D EventTest: handleEvent atlas_event_audio_track_create pid:31151,sessionId:1657,streamType:3,flags:6,deviceTypes:2,hasFastMixer:1
07-08 23:04:15.076  3425  4788 I IPCThreadState: oneway function results for code 10006 on binder at 0xb40000729131eb80 will be dropped but finished with status UNKNOWN_TRANSACTION
07-08 23:04:15.076  3425  4956 E AppOps  : attributionTag  not declared in manifest of rd.sheepskin.sandboxmusic
07-08 23:04:15.076  3425  4956 E AppOps  : attributionTag  not declared in manifest of rd.sheepskin.sandboxmusic
07-08 23:04:15.080  5669  5669 D SysBroadcastReceiver: android.media.ACTION_AUDIO_PLAYBACK_STATE_CHANGED
07-08 23:04:15.080  5669  5669 D SysBroadcastReceiver: EventId=1010003	ID_AUDIO_PLAYBACK_STATE_CHANGED	TimeStamp =1783548255080	Intent =Intent { act=android.media.ACTION_AUDIO_PLAYBACK_STATE_CHANGED flg=0x4000010 xflg=0x4 (has extras) }	Content =null	Pid =0	PkgName =null
07-08 23:04:15.087  2232  2814 E HwcComposer: getLuts failed Status(-129, EX_TRANSACTION_FAILED): 'UNKNOWN_TRANSACTION: '
07-08 23:04:15.088  2035  2035 E PerformanceService: [WAKER_IDENTIFY] pid message 3489;0;1 is writen to proc
07-08 23:04:15.108  2086  6743 D charge_time: type=sdp,reserve_soc=3,soc=91,ui_soc=95,current=-29,avg=56,not_chg_cnt=12,stable_cnt=7,fcc=4658,fcc_ratio=91,delta=0,debug=0,region=0,ttf=8428(02:20:28),ui_ttf=5697(01:34:57)
07-08 23:04:15.150  1779 11814 E         : DNS_CACHE: hanle request << lookupdns: hostname:itunes.apple.com, servername:^, ai_flags:1024, ai_family:0, ai_socktype:1, ai_protocol:0, netid:0, uid:10447
07-08 23:04:15.150 31151  3259 D DNS_CACHE: oplus_oplus_getaddrinfo_proxy lookup from netd: hostname:itunes.apple.com, servname:(null) uid: 10447, result_code:408, res = 0x0, found = 0
07-08 23:04:15.152  1779 11814 E         : DNS_CACHE: hanle request << adddns: hostname:itunes.apple.com, servername:^, ai_flags:1024, ai_family:0, ai_socktype:1, ai_protocol:0, netid:0, uid:10447
07-08 23:04:15.152 31151  3259 D DNS_CACHE: oplus_send_dns_response send hostname: itunes.apple.com, servname: (null) response into netd: 0, *res = 0xb4000070c5f08200
07-08 23:04:15.152  5481  5819 D DnsDomainBlock: onDnsEvent: latencyMs=0, returnCode=0, uid=10447
07-08 23:04:15.177  2365  2365 I adbd    : adbd service requested 'shell,v2,TERM=dumb:export ANDROID_LOG_TAGS=''; exec logcat '-d' '-t' '8000''
07-08 23:04:15.243  3425  4361 D FusionLightNextGen: raw_lux -1.0, raw_cct -1.0, r/g/b/c: 916.4/799.6/421.8/1553.4, R/G/B: 28.0/27.0/23.0, bri 3332.0, lux: 0.000000, cct: 5300.0, ir: 0.000000, conf: 2, cnt: 0
07-08 23:04:15.243  3425  4361 I CwbClient: setCWBDisplayType set mFeatureID = CWB_RGB_VALUE
07-08 23:04:15.272  1925  2285 I SDM     : DisplayBase::CommitThread: Received idle timeout, panel: cmd, timeout: 70000 us
07-08 23:04:15.337  2232  2814 E HwcComposer: getLuts failed Status(-129, EX_TRANSACTION_FAILED): 'UNKNOWN_TRANSACTION: '
07-08 23:04:15.391  4972  5038 D WifiStatusTracker: mNetworkCallback onCapabilitiesChanged network:100 mPrimaryNetworkId:100
07-08 23:04:15.391  4972  5063 D WifiPickerTracker: handleNetworkCapabilitiesChanged network:100
07-08 23:04:15.392  4972  5063 I WifiPickerTracker: wifi connected status realConnectedWifiEntry not null: true
07-08 23:04:15.393  5481  5819 D DnsProbe: onCapabilitiesChanged 100
07-08 23:04:15.393  5481  5819 D DnsProbe: Wifi Network is VALIDATED
07-08 23:04:15.393  3425  4606 D MultiNetworkStatsMonitor: wifi network 100 nc changed, primary=true, iface=wlan0
07-08 23:04:15.393  3425  4606 D OplusInterfaceMonitor: interface:wlan0 primary:true
07-08 23:04:15.394  5669  5669 D SubsysEventListenerManager: onCapabilitiesChanged def network:100
07-08 23:04:15.394  5669  5669 D VendorWifiService: onEvent event:9,action:1
07-08 23:04:15.394  3425  4606 D OplusWifiPower_TriggerCenter: mComponentCallback: wifistat
07-08 23:04:15.394  5669  5669 D SubsysEventListenerManager: onCapabilitiesChanged network:100
07-08 23:04:15.394  5669  5669 D DataStateTracker: getCurDataChannel, channel:1
07-08 23:04:15.394  3425  4606 D FastSwitchPolicyHandler: Network Capabiliteis changed 100
07-08 23:04:15.394  3425  4639 D OplusSlaNetworkManager: isPrimaryWifi:true network:100
07-08 23:04:15.395  5443  6149 D QCNEJ/NativeAidlConnector: -> SND notifyDefaultNetworkChanged(1)
07-08 23:04:15.395  5443  6149 D cneJni  : sendDefaultNwMsg start
07-08 23:04:15.396  5443  6149 D cneJni  : sendWifiStatus start
07-08 23:04:15.397  4972  5038 D WifiStatusTracker: mNetworkCallback onCapabilitiesChanged network:100 mPrimaryNetworkId:100
07-08 23:04:15.399  4972  5038 I SystemUi--Statusbar: NetworkController.WifiSignalController-->handleStatusUpdated state=3 enabled=true connected=true isDefaultNetwork=true rssi=-59 level=4 statusLabel=null isDirty=false
07-08 23:04:15.399  4972  5038 I SystemUi--Statusbar: NetworkController.WifiSignalController-->handleStatusUpdated state=3 enabled=true connected=true isDefaultNetwork=true rssi=-59 level=4 statusLabel=null isDirty=false
07-08 23:04:15.399  4972  5038 I SystemUi--Statusbar: NetworkController.WifiSignalController-->handleStatusUpdated state=3 enabled=true connected=true isDefaultNetwork=true rssi=-59 level=4 statusLabel=null isDirty=false
07-08 23:04:15.399  8010  8785 I BugleRcsEngine: handleMessage processing message:[NOTIFY_UPTIME_IGNORE_STATE_CHANGED] with [non-null]:RcsEngineImpl reference [CONTEXT log_prefix="RcsEngineImpl[DUAL_REG]:[23df953f-36fb]>Handler" thread_id=371 ]
07-08 23:04:15.400  8546  2771 I PTC.DISC.WifiConnectivityObserver: Receive NetworkCapabilitiesChanged.
07-08 23:04:15.400  8546  9311 I SettingImpl: export quick device toggle value is 0
07-08 23:04:15.400  8546  9311 D WifiImpl: WiFi-STA Connected to AP
07-08 23:04:15.400  8010  8518 I BugleRcsEngine: Connected state: [1], networkType: [WIFI] [CONTEXT thread_id=367 ]
07-08 23:04:15.400  8010  8785 I BugleRcsEngine: Cannot use CS.apk as it's battery optimized [CONTEXT thread_id=371 ]
07-08 23:04:15.402  4665 12660 I NullBinder: NullBinder for android.net.action.RECOMMEND_NETWORKS triggering remote TransactionTooLargeException due to Service without Chimera impl, calling uid: 1000, calling pid: 0
07-08 23:04:15.402  4665 12660 W .gms.persistent: Large reply transaction of 2113536 bytes, interface descriptor , code 1
07-08 23:04:15.402  8546  9311 D WifiImpl: WiFi Band: 5GHz (5500 MHz)
07-08 23:04:15.403 29596 29639 I AIUnit-NetworkPublisher: onNetworkChanged [onCapabilitiesChanged, 100]
07-08 23:04:15.404  4665 12660 I NullBinder: NullBinder for android.net.action.RECOMMEND_NETWORKS triggering remote TransactionTooLargeException due to Service without Chimera impl, calling uid: 1000, calling pid: 0
07-08 23:04:15.404  4665 12660 W .gms.persistent: Large reply transaction of 2113536 bytes, interface descriptor , code 1
07-08 23:04:15.405  8546  9311 D adapter::platform::an..: adapter\src\platform\android\wifi.rs:102: invokeStateCallbackAP entry
07-08 23:04:15.405  8546  9311 D adapter::platform::an..: invoke return [JoinHandle { id: Id(707) }]
07-08 23:04:15.405  8546  9086 D connection::networkin..: [networking]LinkAdapter state_callback_ap callback closure called with info: WifiInfo { seq: 328, ssid: "<u**********d>", ip: "19********71", ip_prefix_len: Some(24), gateway: "19*********54", state: true, freq: Some(5500), channel_width: None, phy_standard: None, signal_strength: None, security_type: None, bssid: None, tx_rate: None, rx_rate: None, phy_dev_name: Some("wlan0"), interface_address: Some("1a*************7d") }
07-08 23:04:15.406  8546  9086 D jni::wrapper::java_vm..: Attached thread tokio-runtime-worker (ThreadId(9)). 1 threads attached
07-08 23:04:15.406  8546  9086 I PTC.DISC.FusionProvider: registerService: serviceId=LinkSwitchMgr
07-08 23:04:15.406  8546  9086 I SettingImpl: export quick device toggle value is 0
07-08 23:04:15.406  4665 12660 I NullBinder: NullBinder for android.net.action.RECOMMEND_NETWORKS triggering remote TransactionTooLargeException due to Service without Chimera impl, calling uid: 1000, calling pid: 0
07-08 23:04:15.406  4665 12660 W .gms.persistent: Large reply transaction of 2113536 bytes, interface descriptor , code 1
07-08 23:04:15.406  8546  2771 W PTC.DISC.NetRegisterCentral: registerLanInfo failed. msg=Account not logged in desc=wlanAvailable(repeat=0)
07-08 23:04:15.407  8546  9086 D cpkit::jni_sdp::jni: jni_sdp: [SDP]  discoveryService
07-08 23:04:15.407  8546  9086 D cpkit::jni_sdp::jni_f..: jni_fusion_discovery: [SDP] discoveryService options:DiscoverOptions { discover_type: LAN, duration: 0, interval: 0, screen_off_discoverable: false, accept_sticky_result: true, sticky_ttl: 0, wakeup: None }
07-08 23:04:15.407  8546  9086 I cpkit::jni_sdp::jni: jni_sdp: [SDP] discover param parse:,service_id:"LinkSwitchMgr",options:DiscoverOptions { discover_type: LAN, duration: 0, interval: 0, screen_off_discoverable: false, accept_sticky_result: true, sticky_ttl: 0, wakeup: None },state:CommonDeviceState { screen_state: ScreenOn, quick_device_switch_open: true, is_system_user: true }
07-08 23:04:15.407  8546  9086 D cpkit::jni_sdp::jni: jni_sdp:  discover cmd sent done
07-08 23:04:15.407  8546  9086 W PTC.DEVICEMGR.DeviceInfoCollectUtil: Bluetooth not enable!
07-08 23:04:15.407  3425  4475 D ConnectivityService: NetReassign [no changes] [c 0] [a 1] [i 1]
07-08 23:04:15.407  4665 22959 I NearbyMediums: Wifi changed new SSID: "BT-9CFNPT"
07-08 23:04:15.407  4665 22959 I NearbyMediums: WifiLanConnectivityInfo is not changed, skip notify.
07-08 23:04:15.408  4665 12660 I NullBinder: NullBinder for android.net.action.RECOMMEND_NETWORKS triggering remote TransactionTooLargeException due to Service without Chimera impl, calling uid: 1000, calling pid: 0
07-08 23:04:15.408  4665 12660 W .gms.persistent: Large reply transaction of 2113536 bytes, interface descriptor , code 1
07-08 23:04:15.408 26361 27023 D WM-WorkConstraintsTrack: NetworkRequestConstraintController onCapabilitiesChanged callback
07-08 23:04:15.409  8546  9086 D AudioManager: isBluetoothScoOn()=false, calling application:com.heytap.accessory
07-08 23:04:15.409  8546  9086 V AudioManagerExtImpl: isBluetoothA2dpOnCacheAPP result = false, uid = 10110
07-08 23:04:15.409  8546  9086 D jni::wrapper::java_vm..: Detached thread tokio-runtime-worker (ThreadId(9)). 0 threads remain attached
07-08 23:04:15.409  8546  9086 D connection::networkin..: [networking]LinkAdapter enableLinkSwitchMgrDiscovery success: 0
07-08 23:04:15.412  8546  9086 I connection::networkin..: Interface 1: SafeInterfaceInfo { index: 30, name: "vgate0", friendly_name: None, description: None, if_type: "Unknown", mac_addr: None, ipv4: ["17************32"], ipv6: ["fe************************64"], flags: 4294964181, transmit_speed: None, receive_speed: None, gateway: Some("Ne********************************************************************************** }"), dns_servers: [], default: false }
07-08 23:04:15.412  8546  9086 I connection::networkin..: Interface 2: SafeInterfaceInfo { index: 27, name: "wlan0", friendly_name: None, description: None, if_type: "Unknown", mac_addr: None, ipv4: ["19***********24"], ipv6: ["fe************************64", "2a**************************************64", "2a**************************************64"], flags: 4163, transmit_speed: None, receive_speed: None, gateway: None, dns_servers: [], default: true }
07-08 23:04:15.412  8546  9086 I connection::networkin..: Interface 3: SafeInterfaceInfo { index: 23, name: "r_rmnet_data1", friendly_name: None, description: None, if_type: "Unknown", mac_addr: None, ipv4: [], ipv6: ["fe************************64"], flags: 65, transmit_speed: None, receive_speed: None, gateway: None, dns_servers: [], default: false }
07-08 23:04:15.412  8546  9086 I connection::networkin..: Interface 4: SafeInterfaceInfo { index: 20, name: "rmnet_data0", friendly_name: None, description: None, if_type: "Unknown", mac_addr: None, ipv4: [], ipv6: ["fe************************64"], flags: 65, transmit_speed: None, receive_speed: None, gateway: None, dns_servers: [], default: false }
07-08 23:04:15.412  8546  9086 I connection::networkin..: Interface 5: SafeInterfaceInfo { index: 19, name: "ifb2", friendly_name: None, description: None, if_type: "Unknown", mac_addr: None, ipv4: [], ipv6: ["fe************************64"], flags: 195, transmit_speed: None, receive_speed: None, gateway: None, dns_servers: [], default: false }
07-08 23:04:15.412  8546  9086 I connection::networkin..: Interface 6: SafeInterfaceInfo { index: 4, name: "ifb1", friendly_name: None, description: None, if_type: "Unknown", mac_addr: None, ipv4: [], ipv6: ["fe************************64"], flags: 195, transmit_speed: None, receive_speed: None, gateway: None, dns_servers: [], default: false }
07-08 23:04:15.412  8546  9086 I connection::networkin..: Interface 7: SafeInterfaceInfo { index: 3, name: "ifb0", friendly_name: None, description: None, if_type: "Unknown", mac_addr: None, ipv4: [], ipv6: ["fe************************64"], flags: 195, transmit_speed: None, receive_speed: None, gateway: None, dns_servers: [], default: false }
07-08 23:04:15.412  8546  9086 I connection::networkin..: Interface 8: SafeInterfaceInfo { index: 2, name: "dummy0", friendly_name: None, description: None, if_type: "Unknown", mac_addr: None, ipv4: [], ipv6: ["fe************************64"], flags: 195, transmit_speed: None, receive_speed: None, gateway: None, dns_servers: [], default: false }
07-08 23:04:15.412  8546  9086 I connection::networkin..: Interface 9: SafeInterfaceInfo { index: 1, name: "lo", friendly_name: None, description: None, if_type: "Unknown", mac_addr: None, ipv4: ["12*******/8"], ipv6: ["::***28"], flags: 73, transmit_speed: None, receive_speed: None, gateway: None, dns_servers: [], default: false }
07-08 23:04:15.412  8546  9086 D connection::networkin..: [networking]LinkAdapter update sta iface info to iface wlan0, ip 19********71
07-08 23:04:15.412  8546  9086 D connection::networkin..: [networking]LinkSwitchMgr state_operation_mutex lock handle_link_status_event
07-08 23:04:15.412  8546  9086 D connection::networkin..: [networking]LinkSwitchMgr Link status event status: WLAN_STA:Connected(mac=1a*************7d ip=192.**.1.**)
07-08 23:04:15.412  8546  9086 D connection::networkin..: connection::networking::link_switch::link_detection:155:[link_detection_listener_start] Link detection listener with same instance_id WLAN_STA and ip 19********71 already running, returning OK
07-08 23:04:15.412  8546  9086 D connection::networkin..: connection::networking::link_switch::link_detection:266:[link_detection_sender_start] Link detection sender with same instance_id WLAN_STA and ip 19*********54 already running, returning OK
07-08 23:04:15.412  8546  9086 D connection::networkin..: [networking]LinkSwitchMgr Updated existing link WlanSta with peer_devices={}
07-08 23:04:15.412  8546  9086 I connection::networkin..: [networking]QoeEngine Set default QoE for WlanSta(WiFi5G): score=72.0
07-08 23:04:15.412  8546  9086 D connection::networkin..: [networking]LinkSwitchMgr Link status event device info no change, skipping publish
07-08 23:04:15.412  8546  9086 D connection::networkin..: [networking]LinkSwitchMgr handle_link_status_event done
07-08 23:04:15.412  8546  9086 D connection::networkin..: [networking]LinkSwitchMgr state_operation_mutex unlock handle_link_status_event
07-08 23:04:15.412  8546  9086 D connection::networkin..: [networking]LinkSwitchEventHub Hub delivered event LinkStatusUpdateEvent(LinkStatus { link_state: Connected, link_type: WlanSta, link_freq: Some(5500), link_phy_type: WiFi5G, link_phy_dev_name: "wlan0", link_bw: None, qos_capability: None, qos_score: None, local_mac_addr: Some("1a*************7d"), local_link_ip: Some("192.**.1.**"), local_link_ip_prefix_len: Some(24), local_gateway: Some("192.**.1.**"), peer_devices: {} }) to module: LinkManager
07-08 23:04:15.412  8546  9086 D connection::networkin..: [networking]LinkSwitchEventHub [start event loop] End of event loop iteration
07-08 23:04:15.412  8546  9086 I connection::networkin..: [networking]LinkMgr  Receive LinkStatusUpdateEvent and callback to jni
07-08 23:04:15.412  8546  9086 D jni::wrapper::java_vm..: Attached thread tokio-runtime-worker (ThreadId(9)). 1 threads attached
07-08 23:04:15.412  8546  9086 I PTC.APPCORE.CpkitCallback: onLinkStatusUpdate: linkState:4, linkType:0
07-08 23:04:15.412  8546  9086 D jni::wrapper::java_vm..: Detached thread tokio-runtime-worker (ThreadId(9)). 0 threads remain attached
07-08 23:04:15.412  6835  9708 I NearbyMediums: Wifi changed new SSID: "BT-9CFNPT"
07-08 23:04:15.412  6835  9708 I NearbyMediums: WifiLanConnectivityInfo is not changed, skip notify.
07-08 23:04:15.413  3425  4475 D ConnectivityService: NetReassign [no changes] [c 0] [a 1] [i 2]
07-08 23:04:15.414  1779 11814 E         : DNS_CACHE: hanle request << lookupdns: hostname:feeds.acast.com, servername:^, ai_flags:1024, ai_family:0, ai_socktype:1, ai_protocol:0, netid:0, uid:10447
07-08 23:04:15.414 31151  3259 D DNS_CACHE: oplus_oplus_getaddrinfo_proxy lookup from netd: hostname:feeds.acast.com, servname:(null) uid: 10447, result_code:408, res = 0x0, found = 0
07-08 23:04:15.417  1779 11814 E         : DNS_CACHE: hanle request << adddns: hostname:feeds.acast.com, servername:^, ai_flags:1024, ai_family:0, ai_socktype:1, ai_protocol:0, netid:0, uid:10447
07-08 23:04:15.417 31151  3259 D DNS_CACHE: oplus_send_dns_response send hostname: feeds.acast.com, servname: (null) response into netd: 0, *res = 0xb4000070c5f07c00
07-08 23:04:15.419  5481  5819 D DnsDomainBlock: onDnsEvent: latencyMs=1, returnCode=0, uid=10447
07-08 23:04:15.443  3425  4361 D FusionLightNextGen: raw_lux -1.0, raw_cct -1.0, r/g/b/c: 901.1/785.0/406.8/1523.2, R/G/B: 28.0/27.0/23.0, bri 3332.0, lux: 0.000000, cct: 5300.0, ir: 0.000000, conf: 2, cnt: 0
07-08 23:04:15.465  2232  2810 D VRR [OTI]: handleIdle from 0 to 1
07-08 23:04:15.465  2232  2810 I VRR [MVT]: requestFrameRateMode source: oti-hw, mode: {fps=60, modePtr={id=0, vsyncRate=60.00 Hz, peakRefreshRate=60.00 Hz}}
07-08 23:04:15.465  2232  2810 I VRR [MVT]: chooseFrameRateMode : {fps=60, modePtr={id=0, vsyncRate=60.00 Hz, peakRefreshRate=60.00 Hz}}
07-08 23:04:15.465  2232  2810 D VRR [RefreshRateDirector]: requestRefreshRateByOti insert [ oti-hw, {fps=60, modePtr={id=0, vsyncRate=60.00 Hz, peakRefreshRate=60.00 Hz}} ]
07-08 23:04:15.465  2232  2810 D VRR [RefreshRateDirector]: updateBestFrameRate [oti-hw, {fps=60, modePtr={id=0, vsyncRate=60.00 Hz, peakRefreshRate=60.00 Hz}}]
07-08 23:04:15.465  2232  2847 D SurfaceFlinger: VRR [SurfaceFlinger] setDesiredActiveMode: displayId: 4630946450791512195, renderRate: 60, vsyncRate: 60, event: 1
07-08 23:04:15.465  2232  2847 D DisplayModeController: setDesiredMode 4630946450791512195 {mode={fps=60.00 Hz, modePtr={id=0, vsyncRate=60.00 Hz, peakRefreshRate=60.00 Hz}}, emitEvent=true, force=false}
07-08 23:04:15.466  2232  2232 I HWC2    : [0] setActiveConfigWithConstraints[0]
07-08 23:04:15.466  1925 21569 D SDM     : IRIS_LOG_HWC::SetActiveConfigWithConstraints:376: 00
07-08 23:04:15.466  1925 21569 I SDM     : HWCDisplay::SetActiveConfigToIrisWrapper: SetActiveConfigToIrisWrapper on id_: 0
07-08 23:04:15.466  1925 21569 I IRIS_LOG_SERV_I7: SetActiveConfig: 0x05a00c60@60, mAwlaysInBypassMode: 0
07-08 23:04:15.466  1925 21569 W SDM     : HWCDisplay::SetActiveConfigToIrisWrapper: HWC SetActiveConfig [1, 0], switch to [1440x3168@60]
07-08 23:04:15.466  1925 21569 I SDM     : HWCDisplay::IsContextReadyToSubmitActiveConfigIris7: pending config_ 0, state 0, on display id_= 0
07-08 23:04:15.466  1925 21569 W SDM     : HWDeviceDRM::GetSupportedBitClkRate: Requested rate not supported: 1363200000
07-08 23:04:15.467  1925 21569 I SDM     : HWDeviceDRM::UpdateMixerAttributes: Mixer WxH 1440x3168-1 for Peripheral
07-08 23:04:15.467  1925 21569 I CwbService: CwbService::notifyConfigChange: display:0, config:0 size:4, sec.size():0
07-08 23:04:15.467  1925 21569 I CwbService: CwbService::notifyConfigChange: display: 0, config = 0
07-08 23:04:15.467  1925 21569 I SDM     : HWCDisplay::SubmitDisplayConfig: Active configuration changed from config 1 to 0
07-08 23:04:15.467  1925 21569 W SDM     : HWCDisplay::NotifyIrisActiveConfigChangeIris7: NotifyIrisActiveConfigChange SetActiveConfig config [0], switch to [1440x3168@60]fb[1440x3168]mixer[1440x3168]
07-08 23:04:15.467  1925 21569 W SDM     : HWCDisplay::SetActiveConfigToIrisWrapperIris7: GetMixerResolution: [1440x3168] in time [1440x3168@60]
07-08 23:04:15.467  1925 21569 D IRIS_LOG_SERV_I7: Set framebuffer: 1440, 3168
07-08 23:04:15.476  2232  2810 I VRR [MVT]: request is same as current request, ignore it.
07-08 23:04:15.476  1925 21569 D SDM     : IRIS_LOG_HWC::SendDisplayConfigStatusToIrisWrapper:3056: num_configs1 4(0), num_configs2 5(0), selected 0,(memc_cfg 0, emv_cfg 1), states 0x1c100504
07-08 23:04:15.476  1925 21569 E IRIS_LOG_SERV_I7: Received mMainNumConfigs 4(0), mAuxNumConfigs 5(0), mImvConfigIndex 0, mEmvConfigIndex 1
07-08 23:04:15.477  3425  3652 D OplusFeatureDMR[display=0]: onConfigChanged threadId=67 threadName=OplusDisplayWorkHandler physicalDisplayId=4630946450791512195 modeId=0  
07-08 23:04:15.478  3425  3580 I DisplayDeviceRepository: Display device changed render timings: "Built-in Screen", renderFrameRate=60.0, presentationDeadlineNanos=16666666, appVsyncOffsetNanos=1000000, frameRateOverrides=[]
07-08 23:04:15.478  3425  3580 D DisplayManagerService: Delivering display event: displayId=0, event=EVENT_DISPLAY_REFRESH_RATE_CHANGED
07-08 23:04:15.478  3425  3578 D WindowManager: DeferredDisplayUpdater: partially applying DisplayInfo(1440 x 3168) immediately
07-08 23:04:15.478  3425  3425 E OplusGestureAnimationManagerPolicy: mScreenHeight:3168 mScreenWidth:1440 mRotation:0
07-08 23:04:15.479  3425  3578 D OplusVFXScreenEffectFeature: notifySFCompatWindowStateChange entered false
07-08 23:04:15.479  3425  3578 D FSS_FoldScreenBlackCoverController: displayChangeToOn, dc:Display{#0 state=ON size=1440x3168 ROTATION_0}
07-08 23:04:15.479  2232  2952 D [PREVIEW]: SF obtain preview_adapter: 0
07-08 23:04:15.479  2232  2952 D [PREVIEW]: TabletPreviewAdapter::parallel world 0
07-08 23:04:15.480  3425  3578 E SchedAssist: binderSetThreadUxFlagByIoctl: ioctl failed, tid=-1 flag=1 ret=-1 errno=25 (Inappropriate ioctl for device)
07-08 23:04:15.481  4972  4972 I KeyguardDisplayManager: onDisplayChanged displayId: 0
07-08 23:04:15.481  3425  3578 E SchedAssist: binderSetThreadUxFlagByIoctl: ioctl failed, tid=-1 flag=0 ret=-1 errno=25 (Inappropriate ioctl for device)
07-08 23:04:15.481  4972  4972 I SystemUi--Keyguard: KeyguardDisplayManagerExImpl-->orientationChanged=false, presentationDisplayChanged=false, lastPresentationWidth=0, lastPresentationHeight=0, lastPresentationDensity=0
07-08 23:04:15.514  2232  2823 D skia    : findCacheMissInfo vsync 4501432, result 0
07-08 23:04:15.523  2086  2162 D vendor.oplus.hardware.charger-V10-service: ret_value:116, read content:,375,375,4282,4280,29,91,95,1,1,0,453,4991,94,1,4470,300,500,0,5,-22,5,0,1,0,2,0,0,0,1,0,93,0,4232,4658,0,0,0,0,0,0
07-08 23:04:15.523  2086  2162 D vendor.oplus.hardware.charger-V10-service: gmtime: 2026-07-08-23-04-15
07-08 23:04:15.523  2086  2162 D vendor.oplus.hardware.charger-V10-service: usb_online:1, ac_online:-2147483648, wireless_online:0
07-08 23:04:15.527  3425  3654 D VRR [OPlusRefreshRateService]: handleConfigIdChange physicalDisplayId: 4630946450791512195 configId: 0 renderPeriod: 16666667
07-08 23:04:15.528  3425  3654 D VRR [OPlusGameStatusManager]: updateGameState mOSyncFeatureSwitch: false mIsGamePolicy: false
07-08 23:04:15.528  3425  3654 D VRR [OPlusGameStatusManager]: updateGameAccelerationStatus pkgName: rd.sheepskin.sandboxmusic mOSyncFeatureSwitch: false mIsGamePolicy: false mHeartStop: false mHasFlickerRisk: false mForceAcceleration: false mToastReady: false enable: false
07-08 23:04:15.578  3425  3654 D VRR [OPlusSAManager]: updateAutoMinfps for 4630946450791512195 with nits: 817.38, mHistOK true, mAmbientOK true, mCctOK true, mIrOK true, mBrightnessOK true, isPkgOK true, SA min fps: 119
07-08 23:04:15.579  2232  6023 I VRR-[OPlusRefreshRateSelector]: updateAutoMode success, display 0, mode 0, fakeframe 1, min fps: 1
07-08 23:04:15.579  1925 21569 I SDM     : DisplayBuiltIn::SetQSyncModeLocked: VRR + update qsync mode 0 minfps 00C08181
07-08 23:04:15.579  1925 21569 I SDM     : HWDeviceDRM::OPlusIsQSyncMinFpsForAuto: VRR +  OPlusIsQSyncMinFpsForAuto: 1
07-08 23:04:15.579  1925 21569 I SDM     : DisplayBuiltIn::SetQSyncModeLocked: VRR + needs_avr_update_ 0
07-08 23:04:15.583  1925  2285 I SDM     : HWDeviceDRM::OPlusIsQSyncMinFpsForAuto: VRR +  OPlusIsQSyncMinFpsForAuto: 1
07-08 23:04:15.583  1925  2285 E SDM     : DRMConnector::Perform: Connector 69: Setting Qsync min fps 12616065
07-08 23:04:15.583  2232  2823 D skia    : findCacheMissInfo vsync 4501454, result 0
07-08 23:04:15.587  2232  2814 E HwcComposer: getLuts failed Status(-129, EX_TRANSACTION_FAILED): 'UNKNOWN_TRANSACTION: '
07-08 23:04:15.589  2086  2189 D BatteryChargeControl: bcc get no support from charging protocol
07-08 23:04:15.653  1925  2285 I SDM     : DisplayBase::CommitThread: Received idle timeout, panel: cmd, timeout: 70000 us
07-08 23:04:15.663  5669 10331 D CommonApp-100-10162: transport layer data is invalid
07-08 23:04:15.664  5669 10331 D CommonApp-100-10447: commonScoreStrategy scenarios 1
07-08 23:04:15.664  5669 10331 D CommonApp-100-10447: notifyScoreChange appScene COMMON score 100
07-08 23:04:15.665  5669 10331 D CommonApp-100-10447: needNotify 77777
07-08 23:04:15.665  5669 10331 D ScorePolicy: handleScoreChanged: [mInstanceId: -1 mPolicyId: 3342338 mLevel: 2 mValue: 100 mTechnology: 2 mNetId: 100 mUid: 10447 mPeriod: 0 mThreshold: 0 mBadReasonType: 0 mBadReason: 0 mScene: 0 mCBClientId: 0]
07-08 23:04:15.665  5669 10331 D ScorePolicy: handleScoreChanged: [mInstanceId: -1 mPolicyId: 3342340 mLevel: 1 mValue: 100 mTechnology: 2 mNetId: 100 mUid: 10447 mPeriod: 0 mThreshold: 0 mBadReasonType: 0 mBadReason: 0 mScene: 0 mCBClientId: 0]
07-08 23:04:15.665  5669 10331 D ScoreClient: notifyScoreChange230419261 1001
07-08 23:04:15.665  5669 10331 D ScoreClient: notifyScoreChange120232531 1
07-08 23:04:15.665  5669  5669 D AtomHighLoadSenseInfo: handleMessage what:1001
07-08 23:04:15.665  5669  5669 D AtomHighLoadSenseInfo: handleScoreChanged results:[mInstanceId: -1 mPolicyId: 3342338 mLevel: 2 mValue: 100 mTechnology: 2 mNetId: 100 mUid: 10447 mPeriod: 0 mThreshold: 0 mBadReasonType: 0 mBadReason: 0 mScene: 0 mCBClientId: 230419261]
07-08 23:04:15.665  5669  5669 D RegStateTracker: Received scoreresult[mInstanceId: -1 mPolicyId: 3342340 mLevel: 1 mValue: 100 mTechnology: 2 mNetId: 100 mUid: 10447 mPeriod: 0 mThreshold: 0 mBadReasonType: 0 mBadReason: 0 mScene: 0 mCBClientId: 120232531]
07-08 23:04:15.667  3425  4606 D OplusL3Monitor: network=100, score=100, onScoreChanged result = mInstanceId: -1 mPolicyId: 3342340 mLevel: 1 mValue: 100 mTechnology: 2 mNetId: 100 mUid: 10447 mPeriod: 0 mThreshold: 0 mBadReasonType: 0 mBadReason: 0 mScene: 0 mCBClientId: 239641788, screen= true
07-08 23:04:15.669  5481  5808 D OplusRecoveryEventData: onScoreChanged mInstanceId: -1 mPolicyId: 3342338 mLevel: 2 mValue: 100 mTechnology: 2 mNetId: 100 mUid: 10447 mPeriod: 0 mThreshold: 0 mBadReasonType: 0 mBadReason: 0 mScene: 0 mCBClientId: 252068976
07-08 23:04:15.669  5481  5808 D OLK-NAS : get score result     mInstanceId: -1 mPolicyId: 3342340 mLevel: 1 mValue: 100 mTechnology: 2 mNetId: 100 mUid: 10447 mPeriod: 0 mThreshold: 0 mBadReasonType: 0 mBadReason: 0 mScene: 0 mCBClientId: 171893372
07-08 23:04:15.669  5481  5808 D OLK-NAS : networkScoreChange networkId: 100 better = true, score = 100
07-08 23:04:15.669  5669 10331 D ScoreLoader: clientId: 181557761 { policy=3342340 mCBClientId=1813000 policy=3342340 mCBClientId=239641788 }; clientId: 218168822 { policy=3342338 mCBClientId=175987933 policy=3342338 mCBClientId=252068976 policy=3342338 mCBClientId=62699539 policy=3342340 mCBClientId=235253397 policy=3342340 mCBClientId=171893372 policy=3342340 mCBClientId=96771911 policy=3342340 mCBClientId=33117519 policy=3342340 mCBClientId=155030439 policy=3342340 mCBClientId=18345034 }; clientId: 19224811 { policy=3342340 mCBClientId=195175488 }; 
07-08 23:04:15.669  5481  5817 D SmartStrategyCooperateMachine: now score is 100
07-08 23:04:15.689  1964 23451 V Codec2-DumpInput: [processLoop:L697][c2.qti.hevc.decoder_21]QueueRead[0] empty, waiting buffer.
07-08 23:04:15.692  1779 11814 E         : DNS_CACHE: hanle request << lookupdns: hostname:musicbrainz.org, servername:^, ai_flags:1024, ai_family:0, ai_socktype:1, ai_protocol:0, netid:0, uid:10447
07-08 23:04:15.692 31151  3259 D DNS_CACHE: oplus_oplus_getaddrinfo_proxy lookup from netd: hostname:musicbrainz.org, servname:(null) uid: 10447, result_code:408, res = 0x0, found = 0
07-08 23:04:15.694  1779 11814 E         : DNS_CACHE: hanle request << adddns: hostname:musicbrainz.org, servername:^, ai_flags:1024, ai_family:0, ai_socktype:1, ai_protocol:0, netid:0, uid:10447
07-08 23:04:15.694 31151  3259 D DNS_CACHE: oplus_send_dns_response send hostname: musicbrainz.org, servname: (null) response into netd: 0, *res = 0xb4000070c5f08380
07-08 23:04:15.695  5481  5819 D DnsDomainBlock: onDnsEvent: latencyMs=0, returnCode=0, uid=10447
07-08 23:04:15.741  3425  7756 E TaskPersister: File error accessing recents directory (directory doesn't exist?).
07-08 23:04:15.794  3425  4886 D Osense-BaseDecisionMaker: notifyDelayedSceneToPolicy
07-08 23:04:15.837 31151  3143 W LOG_FLOWCTRL: ==LOGS OVER PROC QUOTA(300), rows(446) bytes(54578) rd.sheepskin.sandboxmusic u(0) l(0) t(0) c(0) DROPPED==
07-08 23:04:15.837 31151  3143 W in.sandboxmusic: Cleared Reference was only reachable from finalizer (only reported once)
07-08 23:04:15.842  1895 25516 I sensors-hal: handle_oplus_wise_rgb_event:160, wise_rgb:(34942)(cct,lux,ir)[5300.00, 7.47, 0.000000](rgbc)[901.12, 785.03, 421.83, 1523.22](pwm,hbm,brl,algo)[1.0 0.0 3332.0 2.0],flag 0
07-08 23:04:15.900 31151  3354 V Capacitor/Plugin: To native (Capacitor plugin): callbackId: 23866597, pluginId: FollowedReleaseNative, methodName: schedulePeriodicCheck
07-08 23:04:15.902 31151 31151 I Capacitor/Console: File:  - Line 349 - Msg: [object Object]
07-08 23:04:15.902  4665 22959 I NearbySharing: Network state changed: NetworkState(isRestricted=false, isOnline=true, isCongested=false, isMetered=false, isWifiConnected=true)
07-08 23:04:15.903  4665 20553 I NearbySharing: Network state changed: NetworkState(isRestricted=false, isOnline=true, isCongested=false, isMetered=false, isWifiConnected=true)
07-08 23:04:15.903 31151  3354 V Capacitor: callback: 23866597, pluginId: FollowedReleaseNative, methodName: schedulePeriodicCheck, methodData: {"intervalHours":6}
07-08 23:04:15.921 31151  3143 I in.sandboxmusic: Background concurrent mark compact GC freed 44MB AllocSpace bytes, 70(2204KB) LOS objects, 75% free, 6447KB/25MB, paused 124us,1.786ms total 100.278ms
07-08 23:04:15.957 31151 31151 I Capacitor/Console: File:  - Line 333 - Msg: undefined
07-08 23:04:15.957 31151 31151 I Capacitor/Console: File:  - Line 349 - Msg: [object Object]
07-08 23:04:15.958 31151  3354 V Capacitor/Plugin: To native (Capacitor plugin): callbackId: 23866598, pluginId: NativeExoPlayback, methodName: getLockerBlobUri
07-08 23:04:15.958 31151  3354 V Capacitor: callback: 23866598, pluginId: NativeExoPlayback, methodName: getLockerBlobUri, methodData: {"id":"locker-1783429645448-m7laak"}
07-08 23:04:15.960 31151 31151 I Capacitor/Console: File:  - Line 333 - Msg: {}
07-08 23:04:15.961 31151 31151 I Capacitor/Console: File:  - Line 349 - Msg: [object Object]
07-08 23:04:15.961 31151  3354 V Capacitor/Plugin: To native (Capacitor plugin): callbackId: 23866599, pluginId: NativeExoPlayback, methodName: getLockerBlobUri
07-08 23:04:15.961 31151  3354 V Capacitor: callback: 23866599, pluginId: NativeExoPlayback, methodName: getLockerBlobUri, methodData: {"id":"locker-1783429645448-m7laak"}
07-08 23:04:15.962 31151 31151 I Capacitor/Console: File:  - Line 333 - Msg: {}
07-08 23:04:15.964 31151 31151 I Capacitor/Console: File:  - Line 349 - Msg: [object Object]
07-08 23:04:15.964 31151  3354 V Capacitor/Plugin: To native (Capacitor plugin): callbackId: 23866600, pluginId: NativeExoPlayback, methodName: getLockerBlobUri
07-08 23:04:15.964 31151  3354 V Capacitor: callback: 23866600, pluginId: NativeExoPlayback, methodName: getLockerBlobUri, methodData: {"id":"locker-1783429645448-m7laak"}
07-08 23:04:15.966 31151 31151 I Capacitor/Console: File:  - Line 333 - Msg: {}
07-08 23:04:15.966 31151 31151 I Capacitor/Console: File:  - Line 349 - Msg: [object Object]
07-08 23:04:15.966 31151  3354 V Capacitor/Plugin: To native (Capacitor plugin): callbackId: 23866601, pluginId: NativeExoPlayback, methodName: importLockerBlobFromPath
07-08 23:04:15.966 31151  3354 V Capacitor: callback: 23866601, pluginId: NativeExoPlayback, methodName: importLockerBlobFromPath, methodData: {"id":"locker-1783429645448-m7laak","sourcePath":"file:\/\/\/data\/user\/0\/rd.sheepskin.sandboxmusic\/cache\/ytdlp-playback\/9sJZOGxRxwM.mp4"}
07-08 23:04:15.967 31151 31151 D Capacitor: Sending plugin error: {"save":false,"callbackId":"23866601","pluginId":"NativeExoPlayback","methodName":"importLockerBlobFromPath","success":false,"error":{"message":"source file missing: \/data\/user\/0\/rd.sheepskin.sandboxmusic\/cache\/ytdlp-playback\/9sJZOGxRxwM.mp4"}}
07-08 23:04:15.967 31151 31151 E Capacitor/Console: File:  - Line 330 - Msg: [object Object]
07-08 23:04:15.967 31151 31151 W Capacitor/Console: File: https://localhost/assets/tier34-client-Cl7SVO_u.js - Line 2 - Msg: [nativeExoLockerBridge] import from file failed: Error: source file missing: /data/user/0/rd.sheepskin.sandboxmusic/cache/ytdlp-playback/9sJZOGxRxwM.mp4
07-08 23:04:15.968 31151 31151 I Capacitor/Console: File:  - Line 349 - Msg: [object Object]
07-08 23:04:15.968 31151  3354 V Capacitor/Plugin: To native (Capacitor plugin): callbackId: 23866602, pluginId: NativeExoPlayback, methodName: getLockerBlobUri
07-08 23:04:15.968 31151  3354 V Capacitor: callback: 23866602, pluginId: NativeExoPlayback, methodName: getLockerBlobUri, methodData: {"id":"locker-1783429645448-m7laak"}
07-08 23:04:15.970 31151 31151 I Capacitor/Console: File:  - Line 333 - Msg: {}
07-08 23:04:15.970 31151  3354 V Capacitor/Plugin: To native (Capacitor plugin): callbackId: 23866603, pluginId: NativeExoPlayback, methodName: importLockerBlobFromPath
07-08 23:04:15.970 31151 31151 I Capacitor/Console: File:  - Line 349 - Msg: [object Object]
07-08 23:04:15.970 31151  3354 V Capacitor: callback: 23866603, pluginId: NativeExoPlayback, methodName: importLockerBlobFromPath, methodData: {"id":"locker-1783429645448-m7laak","sourcePath":"file:\/\/\/data\/user\/0\/rd.sheepskin.sandboxmusic\/cache\/ytdlp-playback\/9sJZOGxRxwM.mp4"}
07-08 23:04:15.971 31151 31151 D Capacitor: Sending plugin error: {"save":false,"callbackId":"23866603","pluginId":"NativeExoPlayback","methodName":"importLockerBlobFromPath","success":false,"error":{"message":"source file missing: \/data\/user\/0\/rd.sheepskin.sandboxmusic\/cache\/ytdlp-playback\/9sJZOGxRxwM.mp4"}}
07-08 23:04:15.972 31151 31151 E Capacitor/Console: File:  - Line 330 - Msg: [object Object]
07-08 23:04:15.972 31151 31151 W Capacitor/Console: File: https://localhost/assets/tier34-client-Cl7SVO_u.js - Line 2 - Msg: [nativeExoLockerBridge] import from file failed: Error: source file missing: /data/user/0/rd.sheepskin.sandboxmusic/cache/ytdlp-playback/9sJZOGxRxwM.mp4
07-08 23:04:15.972 31151 31151 I Capacitor/Console: File:  - Line 349 - Msg: [object Object]
07-08 23:04:15.972 31151  3354 V Capacitor/Plugin: To native (Capacitor plugin): callbackId: 23866604, pluginId: NativeExoPlayback, methodName: getLockerBlobUri
07-08 23:04:15.972 31151  3354 V Capacitor: callback: 23866604, pluginId: NativeExoPlayback, methodName: getLockerBlobUri, methodData: {"id":"locker-1783429645448-m7laak"}
07-08 23:04:15.974 31151 31151 I Capacitor/Console: File:  - Line 333 - Msg: {}
07-08 23:04:15.975 31151 31151 I Capacitor/Console: File:  - Line 349 - Msg: [object Object]
07-08 23:04:15.975 31151  3354 V Capacitor/Plugin: To native (Capacitor plugin): callbackId: 23866605, pluginId: NativeExoPlayback, methodName: getLockerBlobUri
07-08 23:04:15.975 31151  3354 V Capacitor: callback: 23866605, pluginId: NativeExoPlayback, methodName: getLockerBlobUri, methodData: {"id":"locker-1783429649251-jofddl"}
07-08 23:04:15.977 31151 31151 I Capacitor/Console: File:  - Line 333 - Msg: {}
07-08 23:04:15.978 31151 31151 I Capacitor/Console: File:  - Line 349 - Msg: [object Object]
07-08 23:04:15.978 31151  3354 V Capacitor/Plugin: To native (Capacitor plugin): callbackId: 23866606, pluginId: NativeExoPlayback, methodName: getLockerBlobUri
07-08 23:04:15.978 31151  3354 V Capacitor: callback: 23866606, pluginId: NativeExoPlayback, methodName: getLockerBlobUri, methodData: {"id":"locker-1783429649251-jofddl"}
07-08 23:04:15.980 31151 31151 I Capacitor/Console: File:  - Line 333 - Msg: {}
07-08 23:04:16.013  1895 25529 I sensors-hal: handle_sns_std_sensor_event:104, oplus rgb_rear sample: (cct, lux, ir, x, y)[31351, 0, 150000, 458, 114]
07-08 23:04:16.013  1895 25529 I sensors-hal: handle_sns_std_sensor_event:106, oplus rgb_rear sample: (r, g, b, c w)[2, 1, 3, 2, 3]
07-08 23:04:16.013  3425  6099 I AICCTModule: SensorFilter: brightness threshold 1.2 screenNit is 817.38 ave enviroment lux is 2.6284215 luxForNit 9.208142demarcationPoint200.0 result is true
07-08 23:04:16.079  3425  3654 D VRR [OPlusSAManager]: updateAutoMinfps for 4630946450791512195 with nits: 817.38, mHistOK true, mAmbientOK true, mCctOK true, mIrOK true, mBrightnessOK true, isPkgOK true, SA min fps: 119
07-08 23:04:16.080  2232  6023 I VRR-[OPlusRefreshRateSelector]: updateAutoMode success, display 0, mode 0, fakeframe 1, min fps: 1
07-08 23:04:16.080  1925 21569 I SDM     : DisplayBuiltIn::SetQSyncModeLocked: VRR + update qsync mode 0 minfps 00C08181
07-08 23:04:16.080  1925 21569 I SDM     : HWDeviceDRM::OPlusIsQSyncMinFpsForAuto: VRR +  OPlusIsQSyncMinFpsForAuto: 1
07-08 23:04:16.080  1925 21569 I SDM     : DisplayBuiltIn::SetQSyncModeLocked: VRR + needs_avr_update_ 0
07-08 23:04:16.093  1925  2285 I SDM     : HWDeviceDRM::OPlusIsQSyncMinFpsForAuto: VRR +  OPlusIsQSyncMinFpsForAuto: 1
07-08 23:04:16.093  1925  2285 E SDM     : DRMConnector::Perform: Connector 69: Setting Qsync min fps 12616065
07-08 23:04:16.094  2232  2814 E HwcComposer: getLuts failed Status(-129, EX_TRANSACTION_FAILED): 'UNKNOWN_TRANSACTION: '
07-08 23:04:16.109  2086  6743 D charge_time: type=sdp,reserve_soc=3,soc=91,ui_soc=95,current=-29,avg=56,not_chg_cnt=13,stable_cnt=7,fcc=4658,fcc_ratio=91,delta=0,debug=0,region=0,ttf=8428(02:20:28),ui_ttf=5696(01:34:56)
07-08 23:04:16.163  1925  2285 I SDM     : DisplayBase::CommitThread: Received idle timeout, panel: cmd, timeout: 70000 us
07-08 23:04:16.244 31151 31151 W Capacitor/Console: File: https://localhost/assets/tier34-client-Cl7SVO_u.js - Line 23 - Msg: [Sandbox] prefsSetItem failed: sandbox_podcast_library [object QuotaExceededError]
07-08 23:04:16.248 31151 31151 I Capacitor/Console: File:  - Line 349 - Msg: [object Object]
07-08 23:04:16.248 31151  3354 V Capacitor/Plugin: To native (Capacitor plugin): callbackId: 23866607, pluginId: FollowedReleaseNative, methodName: schedulePeriodicCheck
07-08 23:04:16.248 31151  3354 V Capacitor: callback: 23866607, pluginId: FollowedReleaseNative, methodName: schedulePeriodicCheck, methodData: {"intervalHours":6}
07-08 23:04:16.252 31151 31151 W Capacitor/Console: File: https://localhost/assets/sandboxLayer3-ChD1JI6o.js - Line 3 - Msg: [handlePlayEnvelope] tap {"title":"#2524 - Rupert Lowe","artist":"The Joe Rogan Experience","envelopeId":"podcast:feed-tgquzh:feed-tgquzh:ep-cfntkq","hasUrl":true,"mobileActive":true,"serverReachable":false,"connectRole":"auto","networkSync":true}
07-08 23:04:16.255 31151  3354 V Capacitor/Plugin: To native (Capacitor plugin): callbackId: 23866608, pluginId: NativeExoPlayback, methodName: prepare
07-08 23:04:16.255 31151  3354 V Capacitor: callback: 23866608, pluginId: NativeExoPlayback, methodName: prepare, methodData: {}
07-08 23:04:16.255 31151 31151 I Capacitor/Console: File:  - Line 349 - Msg: [object Object]
07-08 23:04:16.256 31151 31151 I Capacitor/Console: File:  - Line 349 - Msg: [object Object]
07-08 23:04:16.256 31151  3354 V Capacitor/Plugin: To native (Capacitor plugin): callbackId: 23866609, pluginId: YtDlpMobile, methodName: cancel
07-08 23:04:16.256 31151  3354 V Capacitor: callback: 23866609, pluginId: YtDlpMobile, methodName: cancel, methodData: {}
07-08 23:04:16.257 31151 31151 I Capacitor/Console: File:  - Line 349 - Msg: [object Object]
07-08 23:04:16.257 31151  3354 V Capacitor/Plugin: To native (Capacitor plugin): callbackId: 23866610, pluginId: BackgroundMedia, methodName: setWiredDacStabilityEnabled
07-08 23:04:16.258 31151  3354 V Capacitor: callback: 23866610, pluginId: BackgroundMedia, methodName: setWiredDacStabilityEnabled, methodData: {"enabled":true}
07-08 23:04:16.258 31151 31151 I Capacitor/Console: File:  - Line 349 - Msg: [object Object]
07-08 23:04:16.259 31151  3354 V Capacitor/Plugin: To native (Capacitor plugin): callbackId: 23866611, pluginId: BackgroundMedia, methodName: setWiredDacStabilityEnabled
07-08 23:04:16.259 31151  3354 V Capacitor: callback: 23866611, pluginId: BackgroundMedia, methodName: setWiredDacStabilityEnabled, methodData: {"enabled":true}
07-08 23:04:16.260 31151  3354 V Capacitor/Plugin: To native (Capacitor plugin): callbackId: 23866612, pluginId: NativeExoPlayback, methodName: prepare
07-08 23:04:16.260 31151 31151 I Capacitor/Console: File:  - Line 349 - Msg: [object Object]
07-08 23:04:16.260 31151  3354 V Capacitor: callback: 23866612, pluginId: NativeExoPlayback, methodName: prepare, methodData: {}
07-08 23:04:16.261 31151 31151 I Capacitor/Console: File:  - Line 349 - Msg: [object Object]
07-08 23:04:16.261 31151  3354 V Capacitor/Plugin: To native (Capacitor plugin): callbackId: 23866613, pluginId: NativeExoPlayback, methodName: stop
07-08 23:04:16.261 31151  3354 V Capacitor: callback: 23866613, pluginId: NativeExoPlayback, methodName: stop, methodData: {}
07-08 23:04:16.262 31151  3354 V Capacitor/Plugin: To native (Capacitor plugin): callbackId: 23866614, pluginId: NativeExoPlayback, methodName: getStatus
07-08 23:04:16.262 31151  3354 V Capacitor: callback: 23866614, pluginId: NativeExoPlayback, methodName: getStatus, methodData: {}
07-08 23:04:16.262 31151 31151 I Capacitor/Console: File:  - Line 349 - Msg: [object Object]
07-08 23:04:16.263 31151  3354 V Capacitor/Plugin: To native (Capacitor plugin): callbackId: 23866615, pluginId: NativeExoPlayback, methodName: getStatus
07-08 23:04:16.263 31151  3354 V Capacitor: callback: 23866615, pluginId: NativeExoPlayback, methodName: getStatus, methodData: {}
07-08 23:04:16.263 31151 31151 I Capacitor/Console: File:  - Line 349 - Msg: [object Object]
07-08 23:04:16.295 31151 31151 I Capacitor/Console: File:  - Line 333 - Msg: undefined
07-08 23:04:16.295 31151 31151 I Capacitor/Console: File:  - Line 333 - Msg: {"ok":true,"message":"ExoPlayer ready."}
07-08 23:04:16.295 31151 31151 I Capacitor/Console: File:  - Line 333 - Msg: undefined
07-08 23:04:16.295 31151 31151 I Capacitor/Console: File:  - Line 333 - Msg: undefined
07-08 23:04:16.295 31151 31151 I Capacitor/Console: File:  - Line 349 - Msg: [object Object]
07-08 23:04:16.295 31151  3354 V Capacitor/Plugin: To native (Capacitor plugin): callbackId: 23866616, pluginId: NativeExoPlayback, methodName: setWiredDacStabilityEnabled
07-08 23:04:16.295 31151  3354 V Capacitor: callback: 23866616, pluginId: NativeExoPlayback, methodName: setWiredDacStabilityEnabled, methodData: {"enabled":true}
07-08 23:04:16.296 31151 31151 I Capacitor/Console: File:  - Line 333 - Msg: undefined
07-08 23:04:16.296 31151  3354 V Capacitor/Plugin: To native (Capacitor plugin): callbackId: 23866617, pluginId: NativeExoPlayback, methodName: setWiredDacStabilityEnabled
07-08 23:04:16.296 31151  3354 V Capacitor: callback: 23866617, pluginId: NativeExoPlayback, methodName: setWiredDacStabilityEnabled, methodData: {"enabled":true}
07-08 23:04:16.296 31151 31151 I Capacitor/Console: File:  - Line 349 - Msg: [object Object]
07-08 23:04:16.297 31151 31151 I Capacitor/Console: File:  - Line 333 - Msg: {"ok":true,"message":"ExoPlayer ready."}
07-08 23:04:16.298 31151  3354 V Capacitor/Plugin: To native (Capacitor plugin): callbackId: 23866618, pluginId: NativeExoPlayback, methodName: prepare
07-08 23:04:16.298 31151 31151 I Capacitor/Console: File:  - Line 333 - Msg: undefined
07-08 23:04:16.298 31151  3354 V Capacitor: callback: 23866618, pluginId: NativeExoPlayback, methodName: prepare, methodData: {}
07-08 23:04:16.298 31151 31151 I Capacitor/Console: File:  - Line 333 - Msg: {"available":true,"wired":true,"message":"ExoPlayer decode active â€” content:// locker bridge + HTTP streams.","state":"idle","positionSecs":0,"durationSecs":0,"queueIndex":0,"queueLength":0,"gaplessEnabled":false,"crossfadeEnabled":false,"bitPerfectActive":false}
07-08 23:04:16.299 31151 31151 I Capacitor/Console: File:  - Line 349 - Msg: [object Object]
07-08 23:04:16.299 31151 31151 I Capacitor/Console: File:  - Line 349 - Msg: [object Object]
07-08 23:04:16.299 31151  3354 V Capacitor/Plugin: To native (Capacitor plugin): callbackId: 23866619, pluginId: NativeExoPlayback, methodName: setGaplessEnabled
07-08 23:04:16.300 31151  3354 V Capacitor: callback: 23866619, pluginId: NativeExoPlayback, methodName: setGaplessEnabled, methodData: {"enabled":false}
07-08 23:04:16.313 31151 31151 I Capacitor/Console: File:  - Line 333 - Msg: {"available":true,"wired":true,"message":"ExoPlayer decode active â€” content:// locker bridge + HTTP streams.","state":"idle","positionSecs":0,"durationSecs":0,"queueIndex":0,"queueLength":0,"gaplessEnabled":false,"crossfadeEnabled":false,"bitPerfectActive":false}
07-08 23:04:16.313 31151  3354 V Capacitor/Plugin: To native (Capacitor plugin): callbackId: 23866620, pluginId: NativeExoPlayback, methodName: prepare
07-08 23:04:16.313 31151  3354 V Capacitor: callback: 23866620, pluginId: NativeExoPlayback, methodName: prepare, methodData: {}
07-08 23:04:16.313 31151 31151 I Capacitor/Console: File:  - Line 349 - Msg: [object Object]
07-08 23:04:16.314 31151  3354 V Capacitor/Plugin: To native (Capacitor plugin): callbackId: 23866621, pluginId: NativeExoPlayback, methodName: setGaplessEnabled
07-08 23:04:16.314 31151  3354 V Capacitor: callback: 23866621, pluginId: NativeExoPlayback, methodName: setGaplessEnabled, methodData: {"enabled":false}
07-08 23:04:16.315 31151 31151 I Capacitor/Console: File:  - Line 349 - Msg: [object Object]
