07-08 23:21:11.605  8010  8010 D ActivityThread: Package [rd.sheepskin.sandboxmusic] reported as REPLACED, but missing application info. Assuming REMOVED.
07-08 23:21:11.605  7662  7662 D ActivityThread: Package [rd.sheepskin.sandboxmusic] reported as REPLACED, but missing application info. Assuming REMOVED.
07-08 23:21:11.605  5001  5001 D ActivityThread: Package [rd.sheepskin.sandboxmusic] reported as REPLACED, but missing application info. Assuming REMOVED.
07-08 23:21:11.605  3425  4452 W PackageConfigPersister: App-specific configuration not found for packageName: rd.sheepskin.sandboxmusic and userId: 0
07-08 23:21:11.605  3425  4452 W PackageConfigPersister: App-specific configuration not found for packageName: rd.sheepskin.sandboxmusic and userId: 10
07-08 23:21:11.605  6160  6160 D ActivityThread: Package [rd.sheepskin.sandboxmusic] reported as REPLACED, but missing application info. Assuming REMOVED.
07-08 23:21:11.606  5079  5079 D ActivityThread: Package [rd.sheepskin.sandboxmusic] reported as REPLACED, but missing application info. Assuming REMOVED.
07-08 23:21:11.606  3425  4452 W PackageConfigPersister: App-specific configuration not found for packageName: rd.sheepskin.sandboxmusic and userId: 11
07-08 23:21:11.606  5079  5079 D ActivityThread: Package [rd.sheepskin.sandboxmusic] reported as REPLACED, but missing application info. Assuming REMOVED.
07-08 23:21:11.606 30387 30387 D ActivityThread: Package [rd.sheepskin.sandboxmusic] reported as REPLACED, but missing application info. Assuming REMOVED.
07-08 23:21:11.606  7885  7885 D ActivityThread: Package [rd.sheepskin.sandboxmusic] reported as REPLACED, but missing application info. Assuming REMOVED.
07-08 23:21:11.607 28690 28690 D ActivityThread: Package [rd.sheepskin.sandboxmusic] reported as REPLACED, but missing application info. Assuming REMOVED.
07-08 23:21:11.607 25658 25658 D ActivityThread: Package [rd.sheepskin.sandboxmusic] reported as REPLACED, but missing application info. Assuming REMOVED.
07-08 23:21:11.607 25330 25330 D ActivityThread: Package [rd.sheepskin.sandboxmusic] reported as REPLACED, but missing application info. Assuming REMOVED.
07-08 23:21:11.607 29064 29064 D ActivityThread: Package [rd.sheepskin.sandboxmusic] reported as REPLACED, but missing application info. Assuming REMOVED.
07-08 23:21:11.608  8546  8546 D ActivityThread: Package [rd.sheepskin.sandboxmusic] reported as REPLACED, but missing application info. Assuming REMOVED.
07-08 23:21:11.608  8010  8010 D ActivityThread: Package [rd.sheepskin.sandboxmusic] reported as REPLACED, but missing application info. Assuming REMOVED.
07-08 23:21:11.608 15615 15615 D ActivityThread: Package [rd.sheepskin.sandboxmusic] reported as REPLACED, but missing application info. Assuming REMOVED.
07-08 23:21:11.608  8114  8114 D ActivityThread: Package [rd.sheepskin.sandboxmusic] reported as REPLACED, but missing application info. Assuming REMOVED.
07-08 23:21:11.609 15436 15436 D ActivityThread: Package [rd.sheepskin.sandboxmusic] reported as REPLACED, but missing application info. Assuming REMOVED.
07-08 23:21:11.609  5358  5358 D ActivityThread: Package [rd.sheepskin.sandboxmusic] reported as REPLACED, but missing application info. Assuming REMOVED.
07-08 23:21:11.609  3425  3740 W ActivityManager: Skipping broadcast of Intent { act=android.intent.action.PACKAGE_REPLACED dat=package: flg=0x4000010 pkg=com.android.vending (has extras) }: user 10 and its parent (if any) are stopped
07-08 23:21:11.609  3425  3740 W ActivityManager: Skipping broadcast of Intent { act=android.intent.action.PACKAGE_REPLACED dat=package: flg=0x4000010 pkg=com.android.vending (has extras) }: user 11 and its parent (if any) are stopped
07-08 23:21:11.609  4812  4812 D ActivityThread: Package [rd.sheepskin.sandboxmusic] reported as REPLACED, but missing application info. Assuming REMOVED.
07-08 23:21:11.610  7707  7707 D ActivityThread: Package [rd.sheepskin.sandboxmusic] reported as REPLACED, but missing application info. Assuming REMOVED.
07-08 23:21:11.610  7662  7662 D ActivityThread: Package [rd.sheepskin.sandboxmusic] reported as REPLACED, but missing application info. Assuming REMOVED.
07-08 23:21:11.610  5141  5141 D ActivityThread: Package [rd.sheepskin.sandboxmusic] reported as REPLACED, but missing application info. Assuming REMOVED.
07-08 23:21:11.610  4777  4777 D ActivityThread: Package [rd.sheepskin.sandboxmusic] reported as REPLACED, but missing application info. Assuming REMOVED.
07-08 23:21:11.611 28133 28133 D ActivityThread: Package [rd.sheepskin.sandboxmusic] reported as REPLACED, but missing application info. Assuming REMOVED.
07-08 23:21:11.612 24424 24424 D ActivityThread: Package [rd.sheepskin.sandboxmusic] reported as REPLACED, but missing application info. Assuming REMOVED.
07-08 23:21:11.612  5001  5001 D ActivityThread: Package [rd.sheepskin.sandboxmusic] reported as REPLACED, but missing application info. Assuming REMOVED.
07-08 23:21:11.613 26304 26304 D ActivityThread: Package [rd.sheepskin.sandboxmusic] reported as REPLACED, but missing application info. Assuming REMOVED.
07-08 23:21:11.613  5470  5470 D ActivityThread: Package [rd.sheepskin.sandboxmusic] reported as REPLACED, but missing application info. Assuming REMOVED.
07-08 23:21:11.613 26511 26511 D ActivityThread: Package [rd.sheepskin.sandboxmusic] reported as REPLACED, but missing application info. Assuming REMOVED.
07-08 23:21:11.613 25658 25658 D ActivityThread: Package [rd.sheepskin.sandboxmusic] reported as REPLACED, but missing application info. Assuming REMOVED.
07-08 23:21:11.613  5470  5470 D ActivityThread: Package [rd.sheepskin.sandboxmusic] reported as REPLACED, but missing application info. Assuming REMOVED.
07-08 23:21:11.614  5597  5597 D ActivityThread: Package [rd.sheepskin.sandboxmusic] reported as REPLACED, but missing application info. Assuming REMOVED.
07-08 23:21:11.614 18678 18678 D ActivityThread: Package [rd.sheepskin.sandboxmusic] reported as REPLACED, but missing application info. Assuming REMOVED.
07-08 23:21:11.614  5597  5597 D ActivityThread: Package [rd.sheepskin.sandboxmusic] reported as REPLACED, but missing application info. Assuming REMOVED.
07-08 23:21:11.614  3425  5469 I OPM-Process: onPackageStatusChange ACTION_PACKAGE_ADDED pkgName: rd.sheepskin.sandboxmusic uid: 10447
07-08 23:21:11.615 25674 25674 D ActivityThread: Package [rd.sheepskin.sandboxmusic] reported as REPLACED, but missing application info. Assuming REMOVED.
07-08 23:21:11.615 28954 28954 D ActivityThread: Package [rd.sheepskin.sandboxmusic] reported as REPLACED, but missing application info. Assuming REMOVED.
07-08 23:21:11.615 20396 20396 D ActivityThread: Package [rd.sheepskin.sandboxmusic] reported as REPLACED, but missing application info. Assuming REMOVED.
07-08 23:21:11.615 20396 20396 D ActivityThread: Package [rd.sheepskin.sandboxmusic] reported as REPLACED, but missing application info. Assuming REMOVED.
07-08 23:21:11.615 25674 25674 D ActivityThread: Package [rd.sheepskin.sandboxmusic] reported as REPLACED, but missing application info. Assuming REMOVED.
07-08 23:21:11.615 27642 27642 D ActivityThread: Package [rd.sheepskin.sandboxmusic] reported as REPLACED, but missing application info. Assuming REMOVED.
07-08 23:21:11.616 27642 27642 D ActivityThread: Package [rd.sheepskin.sandboxmusic] reported as REPLACED, but missing application info. Assuming REMOVED.
07-08 23:21:11.616  3425  4438 I VibrationEffectConvertor: onInputMethodListUpdated received, info.size = 2
07-08 23:21:11.616  3425  4438 I VibrationEffectConvertor: userid = 10, packageName = com.google.android.inputmethod.latin
07-08 23:21:11.616  3425  4438 I VibrationEffectConvertor: userid = 10, packageName = com.oplus.securitykeyboard
07-08 23:21:11.616  3425  4560 D ShortcutService: received package broadcast intent: Intent { act=android.intent.action.PACKAGE_ADDED dat=package: flg=0x4000010 (has extras) }
07-08 23:21:11.616  3425  4560 D ShortcutService: replacing package: rd.sheepskin.sandboxmusic userId=0
07-08 23:21:11.616  3425  4560 D ShortcutService: handlePackageUpdateFinished: rd.sheepskin.sandboxmusic userId=0
07-08 23:21:11.616  5170  5170 D ActivityThread: Package [rd.sheepskin.sandboxmusic] reported as REPLACED, but missing application info. Assuming REMOVED.
07-08 23:21:11.616  3425  4560 D ShortcutService: rescanPackageIfNeeded 0@rd.sheepskin.sandboxmusic, forceRescan=true , isNewApp=true
07-08 23:21:11.616  3425  4560 D ShortcutService: Package rd.sheepskin.sandboxmusic has 0 manifest shortcut(s), and 0 share target(s)
07-08 23:21:11.616 12063 12063 D ActivityThread: Package [rd.sheepskin.sandboxmusic] reported as REPLACED, but missing application info. Assuming REMOVED.
07-08 23:21:11.616 27244 27244 D ActivityThread: Package [rd.sheepskin.sandboxmusic] reported as REPLACED, but missing application info. Assuming REMOVED.
07-08 23:21:11.617  3425  3654 D VRR [OPlusRefreshRateService]: handleConfigIdChange physicalDisplayId: 4630946450791512195 configId: 2 renderPeriod: 8333333
07-08 23:21:11.617  3425  3578 D WindowManager: DeferredDisplayUpdater: partially applying DisplayInfo(1440 x 3168) immediately
07-08 23:21:11.617  9506  9506 D ActivityThread: Package [rd.sheepskin.sandboxmusic] reported as REPLACED, but missing application info. Assuming REMOVED.
07-08 23:21:11.617  3425  3578 D OplusVFXScreenEffectFeature: notifySFCompatWindowStateChange entered false
07-08 23:21:11.617  3425  3578 D FSS_FoldScreenBlackCoverController: displayChangeToOn, dc:Display{#0 state=ON size=1440x3168 ROTATION_0}
07-08 23:21:11.618  7950  7950 D ActivityThread: Package [rd.sheepskin.sandboxmusic] reported as REPLACED, but missing application info. Assuming REMOVED.
07-08 23:21:11.618  4750  4750 D ActivityThread: Package [rd.sheepskin.sandboxmusic] reported as REPLACED, but missing application info. Assuming REMOVED.
07-08 23:21:11.618  7804  7804 D ActivityThread: Package [rd.sheepskin.sandboxmusic] reported as REPLACED, but missing application info. Assuming REMOVED.
07-08 23:21:11.618 12301 12301 D ActivityThread: Package [rd.sheepskin.sandboxmusic] reported as REPLACED, but missing application info. Assuming REMOVED.
07-08 23:21:11.619  5481  5481 D ActivityThread: Package [rd.sheepskin.sandboxmusic] reported as REPLACED, but missing application info. Assuming REMOVED.
07-08 23:21:11.619  5443  5443 D ActivityThread: Package [rd.sheepskin.sandboxmusic] reported as REPLACED, but missing application info. Assuming REMOVED.
07-08 23:21:11.619 32335 32335 D ActivityThread: Package [rd.sheepskin.sandboxmusic] reported as REPLACED, but missing application info. Assuming REMOVED.
07-08 23:21:11.619  3425  3654 D VRR [OPlusGameStatusManager]: updateGameState mOSyncFeatureSwitch: false mIsGamePolicy: false
07-08 23:21:11.619  2263  2263 D ActivityThread: Package [rd.sheepskin.sandboxmusic] reported as REPLACED, but missing application info. Assuming REMOVED.
07-08 23:21:11.620 29132 29132 D ActivityThread: Package [rd.sheepskin.sandboxmusic] reported as REPLACED, but missing application info. Assuming REMOVED.
07-08 23:21:11.620  5614  5614 D ActivityThread: Package [rd.sheepskin.sandboxmusic] reported as REPLACED, but missing application info. Assuming REMOVED.
07-08 23:21:11.620  4795  4795 D ActivityThread: Package [rd.sheepskin.sandboxmusic] reported as REPLACED, but missing application info. Assuming REMOVED.
07-08 23:21:11.620 10082 10082 D ActivityThread: Package [rd.sheepskin.sandboxmusic] reported as REPLACED, but missing application info. Assuming REMOVED.
07-08 23:21:11.620  5393  5393 D ActivityThread: Package [rd.sheepskin.sandboxmusic] reported as REPLACED, but missing application info. Assuming REMOVED.
07-08 23:21:11.621  3425  3425 D ActivityThread: Package [rd.sheepskin.sandboxmusic] reported as REPLACED, but missing application info. Assuming REMOVED.
07-08 23:21:11.621 11087 11087 D ActivityThread: Package [rd.sheepskin.sandboxmusic] reported as REPLACED, but missing application info. Assuming REMOVED.
07-08 23:21:11.621  8868  8868 D ActivityThread: Package [rd.sheepskin.sandboxmusic] reported as REPLACED, but missing application info. Assuming REMOVED.
07-08 23:21:11.622  3425  3425 D AccessibilityManagerService: [updateInputFilter] flags = 4, mInputFilter=com.android.server.accessibility.AccessibilityInputFilter@9c5aad6, mHasInputFilter=true, mForceSetInputFilter=false
07-08 23:21:11.622  3425  3654 D VRR [OPlusGameStatusManager]: updateGameAccelerationStatus pkgName: org.telegram.messenger mOSyncFeatureSwitch: false mIsGamePolicy: false mHeartStop: false mHasFlickerRisk: false mForceAcceleration: false mToastReady: false enable: false
07-08 23:21:11.622 29061 29061 D ActivityThread: Package [rd.sheepskin.sandboxmusic] reported as REPLACED, but missing application info. Assuming REMOVED.
07-08 23:21:11.623  3425  3425 D ActivityThread: Package [rd.sheepskin.sandboxmusic] reported as REPLACED, but missing application info. Assuming REMOVED.
07-08 23:21:11.623  7885  7885 D ActivityThread: Package [rd.sheepskin.sandboxmusic] reported as REPLACED, but missing application info. Assuming REMOVED.
07-08 23:21:11.623  8114  8114 D ActivityThread: Package [rd.sheepskin.sandboxmusic] reported as REPLACED, but missing application info. Assuming REMOVED.
07-08 23:21:11.624 26047 26047 D ActivityThread: Package [rd.sheepskin.sandboxmusic] reported as REPLACED, but missing application info. Assuming REMOVED.
07-08 23:21:11.624  5669  5669 D ActivityThread: Package [rd.sheepskin.sandboxmusic] reported as REPLACED, but missing application info. Assuming REMOVED.
07-08 23:21:11.624 24696 24696 D ActivityThread: Package [rd.sheepskin.sandboxmusic] reported as REPLACED, but missing application info. Assuming REMOVED.
07-08 23:21:11.624  3425  4443 W AccessibilityTileUtils: TileService could not be resolved: ComponentInfo{com.google.android.marvin.talkback/com.google.android.accessibility.selecttospeak.system.TileService}
07-08 23:21:11.624 26297 26297 D ActivityThread: Package [rd.sheepskin.sandboxmusic] reported as REPLACED, but missing application info. Assuming REMOVED.
07-08 23:21:11.624  3425  4443 W AccessibilityTileUtils: TileService could not be resolved: ComponentInfo{com.google.android.marvin.talkback/com.google.android.accessibility.selecttospeak.system.TileService}
07-08 23:21:11.625 29878 29878 D ActivityThread: Package [rd.sheepskin.sandboxmusic] reported as REPLACED, but missing application info. Assuming REMOVED.
07-08 23:21:11.626  4777  4777 D ActivityThread: Package [rd.sheepskin.sandboxmusic] reported as REPLACED, but missing application info. Assuming REMOVED.
07-08 23:21:11.626  3425  4443 W AccessibilityTileUtils: TileService could not be resolved: ComponentInfo{com.google.android.marvin.talkback/com.google.android.accessibility.selecttospeak.system.TileService}
07-08 23:21:11.620 26304 26304 D ActivityThread: Package [rd.sheepskin.sandboxmusic] reported as REPLACED, but missing application info. Assuming REMOVED.
07-08 23:21:11.627  3425  4443 W AccessibilityTileUtils: TileService could not be resolved: ComponentInfo{com.google.android.marvin.talkback/com.google.android.accessibility.selecttospeak.system.TileService}
07-08 23:21:11.627  6160  6160 D ActivityThread: Package [rd.sheepskin.sandboxmusic] reported as REPLACED, but missing application info. Assuming REMOVED.
07-08 23:21:11.627  5634  5634 D ActivityThread: Package [rd.sheepskin.sandboxmusic] reported as REPLACED, but missing application info. Assuming REMOVED.
07-08 23:21:11.627  1007  1007 D ActivityThread: Package [rd.sheepskin.sandboxmusic] reported as REPLACED, but missing application info. Assuming REMOVED.
07-08 23:21:11.628 25079 25079 D ActivityThread: Package [rd.sheepskin.sandboxmusic] reported as REPLACED, but missing application info. Assuming REMOVED.
07-08 23:21:11.628 25330 25330 D ActivityThread: Package [rd.sheepskin.sandboxmusic] reported as REPLACED, but missing application info. Assuming REMOVED.
07-08 23:21:11.628 17844 17844 D ActivityThread: Package [rd.sheepskin.sandboxmusic] reported as REPLACED, but missing application info. Assuming REMOVED.
07-08 23:21:11.628 20170 20170 D ActivityThread: Package [rd.sheepskin.sandboxmusic] reported as REPLACED, but missing application info. Assuming REMOVED.
07-08 23:21:11.628  9576  9576 D ActivityThread: Package [rd.sheepskin.sandboxmusic] reported as REPLACED, but missing application info. Assuming REMOVED.
07-08 23:21:11.629  8571  8571 D ActivityThread: Package [rd.sheepskin.sandboxmusic] reported as REPLACED, but missing application info. Assuming REMOVED.
07-08 23:21:11.629  7343  7343 D ActivityThread: Package [rd.sheepskin.sandboxmusic] reported as REPLACED, but missing application info. Assuming REMOVED.
07-08 23:21:11.629  5669  5669 D ActivityThread: Package [rd.sheepskin.sandboxmusic] reported as REPLACED, but missing application info. Assuming REMOVED.
07-08 23:21:11.629  8613  8613 D ActivityThread: Package [rd.sheepskin.sandboxmusic] reported as REPLACED, but missing application info. Assuming REMOVED.
07-08 23:21:11.630  8053  8053 D ActivityThread: Package [rd.sheepskin.sandboxmusic] reported as REPLACED, but missing application info. Assuming REMOVED.
07-08 23:21:11.630  4665  4665 D ActivityThread: Package [rd.sheepskin.sandboxmusic] reported as REPLACED, but missing application info. Assuming REMOVED.
07-08 23:21:11.631  3425  3425 D OplusCustomizeService: pkgName = rd.sheepskin.sandboxmusic
07-08 23:21:11.631  3425  3425 D OplusCustomizeService: Add packages name is :rd.sheepskin.sandboxmusic;dir:/data/app/~~xfoHkBRxvVY1Ae5Fzpc1lQ==/rd.sheepskin.sandboxmusic-JVzwa7HFT7sS7y7XTnW46A==/base.apk
07-08 23:21:11.631  5517  5517 D ActivityThread: Package [rd.sheepskin.sandboxmusic] reported as REPLACED, but missing application info. Assuming REMOVED.
07-08 23:21:11.631 26047 26047 D ActivityThread: Package [rd.sheepskin.sandboxmusic] reported as REPLACED, but missing application info. Assuming REMOVED.
07-08 23:21:11.609  8983  8983 D ActivityThread: Package [rd.sheepskin.sandboxmusic] reported as REPLACED, but missing application info. Assuming REMOVED.
07-08 23:21:11.632 14750 14750 D ActivityThread: Package [rd.sheepskin.sandboxmusic] reported as REPLACED, but missing application info. Assuming REMOVED.
07-08 23:21:11.632 30110 30110 D ActivityThread: Package [rd.sheepskin.sandboxmusic] reported as REPLACED, but missing application info. Assuming REMOVED.
07-08 23:21:11.632 30387 30387 D ActivityThread: Package [rd.sheepskin.sandboxmusic] reported as REPLACED, but missing application info. Assuming REMOVED.
07-08 23:21:11.632  5169  5169 D ActivityThread: Package [rd.sheepskin.sandboxmusic] reported as REPLACED, but missing application info. Assuming REMOVED.
07-08 23:21:11.632 17331 17331 D ActivityThread: Package [rd.sheepskin.sandboxmusic] reported as REPLACED, but missing application info. Assuming REMOVED.
07-08 23:21:11.633  3425  4438 I VibrationEffectConvertor: onInputMethodListUpdated received, info.size = 4
07-08 23:21:11.633  3425  4438 I VibrationEffectConvertor: userid = 0, packageName = com.google.android.tts
07-08 23:21:11.633  3425  4438 I VibrationEffectConvertor: userid = 0, packageName = helium314.keyboard
07-08 23:21:11.633  3425  4438 I VibrationEffectConvertor: userid = 0, packageName = com.google.android.inputmethod.latin
07-08 23:21:11.633  3425  4438 I VibrationEffectConvertor: userid = 0, packageName = com.oplus.securitykeyboard
07-08 23:21:11.633  4677  4677 D ActivityThread: Package [rd.sheepskin.sandboxmusic] reported as REPLACED, but missing application info. Assuming REMOVED.
07-08 23:21:11.634 27288 27288 D ActivityThread: Package [rd.sheepskin.sandboxmusic] reported as REPLACED, but missing application info. Assuming REMOVED.
07-08 23:21:11.635 29080 29080 D ActivityThread: Package [rd.sheepskin.sandboxmusic] reported as REPLACED, but missing application info. Assuming REMOVED.
07-08 23:21:11.635  3425  3652 D DpcExtImpl[display=0]: mIsOplusTest = false
07-08 23:21:11.635  3425  3652 D OplusDisplayBrightnessBroadcastReceiver: onReceive action = android.intent.action.PACKAGE_ADDED , listeners = [com.android.server.display.OplusDisplayPowerControllerExtImpl$OplusDpcExtBroadcastReceiver@621ac76, com.android.server.display.feature.postprocess.OplusFeatureBrightnessBarController$BrightnessBarBroadcastReceiver@8269277]
07-08 23:21:11.635  8727  8727 D ActivityThread: Package [rd.sheepskin.sandboxmusic] reported as REPLACED, but missing application info. Assuming REMOVED.
07-08 23:21:11.635  3425  3425 D MultiApp-DataService: handlePackageChange: android.intent.action.PACKAGE_ADDED for: rd.sheepskin.sandboxmusic
07-08 23:21:11.635 27389 27389 D ActivityThread: Package [rd.sheepskin.sandboxmusic] reported as REPLACED, but missing application info. Assuming REMOVED.
07-08 23:21:11.636  9537  9537 D ActivityThread: Package [rd.sheepskin.sandboxmusic] reported as REPLACED, but missing application info. Assuming REMOVED.
07-08 23:21:11.636 27222 27222 D ActivityThread: Package [rd.sheepskin.sandboxmusic] reported as REPLACED, but missing application info. Assuming REMOVED.
07-08 23:21:11.636 17844 17844 D ActivityThread: Package [rd.sheepskin.sandboxmusic] reported as REPLACED, but missing application info. Assuming REMOVED.
07-08 23:21:11.636 29132 29132 D ActivityThread: Package [rd.sheepskin.sandboxmusic] reported as REPLACED, but missing application info. Assuming REMOVED.
07-08 23:21:11.636  4677  4677 D ActivityThread: Package [rd.sheepskin.sandboxmusic] reported as REPLACED, but missing application info. Assuming REMOVED.
07-08 23:21:11.636  8613  8613 D ActivityThread: Package [rd.sheepskin.sandboxmusic] reported as REPLACED, but missing application info. Assuming REMOVED.
07-08 23:21:11.636  8053  8053 D ActivityThread: Package [rd.sheepskin.sandboxmusic] reported as REPLACED, but missing application info. Assuming REMOVED.
07-08 23:21:11.637  5169  5169 D ActivityThread: Package [rd.sheepskin.sandboxmusic] reported as REPLACED, but missing application info. Assuming REMOVED.
07-08 23:21:11.637  5548  5548 D ActivityThread: Package [rd.sheepskin.sandboxmusic] reported as REPLACED, but missing application info. Assuming REMOVED.
07-08 23:21:11.637 26090 26090 D ActivityThread: Package [rd.sheepskin.sandboxmusic] reported as REPLACED, but missing application info. Assuming REMOVED.
07-08 23:21:11.638 12063 12063 D ActivityThread: Package [rd.sheepskin.sandboxmusic] reported as REPLACED, but missing application info. Assuming REMOVED.
07-08 23:21:11.638 32403 32403 D ActivityThread: Package [rd.sheepskin.sandboxmusic] reported as REPLACED, but missing application info. Assuming REMOVED.
07-08 23:21:11.638  4665  4665 D ActivityThread: Package [rd.sheepskin.sandboxmusic] reported as REPLACED, but missing application info. Assuming REMOVED.
07-08 23:21:11.639 26090 26090 D ActivityThread: Package [rd.sheepskin.sandboxmusic] reported as REPLACED, but missing application info. Assuming REMOVED.
07-08 23:21:11.636 28133 28133 D ActivityThread: Package [rd.sheepskin.sandboxmusic] reported as REPLACED, but missing application info. Assuming REMOVED.
07-08 23:21:11.639 32403 32403 D ActivityThread: Package [rd.sheepskin.sandboxmusic] reported as REPLACED, but missing application info. Assuming REMOVED.
07-08 23:21:11.639 28701 28701 D ActivityThread: Package [rd.sheepskin.sandboxmusic] reported as REPLACED, but missing application info. Assuming REMOVED.
07-08 23:21:11.640 28701 28701 D ActivityThread: Package [rd.sheepskin.sandboxmusic] reported as REPLACED, but missing application info. Assuming REMOVED.
07-08 23:21:11.640  5415  5415 D ActivityThread: Package [rd.sheepskin.sandboxmusic] reported as REPLACED, but missing application info. Assuming REMOVED.
07-08 23:21:11.641 29064 29064 D ActivityThread: Package [rd.sheepskin.sandboxmusic] reported as REPLACED, but missing application info. Assuming REMOVED.
07-08 23:21:11.642 31438 31438 D ActivityThread: Package [rd.sheepskin.sandboxmusic] reported as REPLACED, but missing application info. Assuming REMOVED.
07-08 23:21:11.642 15615 15615 D ActivityThread: Package [rd.sheepskin.sandboxmusic] reported as REPLACED, but missing application info. Assuming REMOVED.
07-08 23:21:11.642 31438 31438 D ActivityThread: Package [rd.sheepskin.sandboxmusic] reported as REPLACED, but missing application info. Assuming REMOVED.
07-08 23:21:11.642 20818 20818 D ActivityThread: Package [rd.sheepskin.sandboxmusic] reported as REPLACED, but missing application info. Assuming REMOVED.
07-08 23:21:11.644  3425  4438 I VibrationEffectConvertor: onInputMethodListUpdated received, info.size = 4
07-08 23:21:11.644  3425  4438 I VibrationEffectConvertor: userid = 0, packageName = com.google.android.tts
07-08 23:21:11.644  3425  4438 I VibrationEffectConvertor: userid = 0, packageName = helium314.keyboard
07-08 23:21:11.644  3425  4438 I VibrationEffectConvertor: userid = 0, packageName = com.google.android.inputmethod.latin
07-08 23:21:11.644  3425  4438 I VibrationEffectConvertor: userid = 0, packageName = com.oplus.securitykeyboard
07-08 23:21:11.644 25251 25251 D ActivityThread: Package [rd.sheepskin.sandboxmusic] reported as REPLACED, but missing application info. Assuming REMOVED.
07-08 23:21:11.645 15421 15421 D ActivityThread: Package [rd.sheepskin.sandboxmusic] reported as REPLACED, but missing application info. Assuming REMOVED.
07-08 23:21:11.645 26527 26527 D ActivityThread: Package [rd.sheepskin.sandboxmusic] reported as REPLACED, but missing application info. Assuming REMOVED.
07-08 23:21:11.646  2263  2263 D ActivityThread: Package [rd.sheepskin.sandboxmusic] reported as REPLACED, but missing application info. Assuming REMOVED.
07-08 23:21:11.646 11789 11789 D ActivityThread: Package [rd.sheepskin.sandboxmusic] reported as REPLACED, but missing application info. Assuming REMOVED.
07-08 23:21:11.646 25251 25251 D ActivityThread: Package [rd.sheepskin.sandboxmusic] reported as REPLACED, but missing application info. Assuming REMOVED.
07-08 23:21:11.646  5576  5576 D ActivityThread: Package [rd.sheepskin.sandboxmusic] reported as REPLACED, but missing application info. Assuming REMOVED.
07-08 23:21:11.646 15436 15436 D ActivityThread: Package [rd.sheepskin.sandboxmusic] reported as REPLACED, but missing application info. Assuming REMOVED.
07-08 23:21:11.647 21296 21296 D ActivityThread: Package [rd.sheepskin.sandboxmusic] reported as REPLACED, but missing application info. Assuming REMOVED.
07-08 23:21:11.647  5415  5415 D ActivityThread: Package [rd.sheepskin.sandboxmusic] reported as REPLACED, but missing application info. Assuming REMOVED.
07-08 23:21:11.647 30089 30089 D ActivityThread: Package [rd.sheepskin.sandboxmusic] reported as REPLACED, but missing application info. Assuming REMOVED.
07-08 23:21:11.648  1468  1468 D ActivityThread: Package [rd.sheepskin.sandboxmusic] reported as REPLACED, but missing application info. Assuming REMOVED.
07-08 23:21:11.648 30089 30089 D ActivityThread: Package [rd.sheepskin.sandboxmusic] reported as REPLACED, but missing application info. Assuming REMOVED.
07-08 23:21:11.648 14173 14173 D ActivityThread: Package [rd.sheepskin.sandboxmusic] reported as REPLACED, but missing application info. Assuming REMOVED.
07-08 23:21:11.648  6081  6081 D ActivityThread: Package [rd.sheepskin.sandboxmusic] reported as REPLACED, but missing application info. Assuming REMOVED.
07-08 23:21:11.648  3425  4438 I VibrationEffectConvertor: onInputMethodListUpdated received, info.size = 2
07-08 23:21:11.648  3425  4438 I VibrationEffectConvertor: userid = 10, packageName = com.google.android.inputmethod.latin
07-08 23:21:11.648  3425  4438 I VibrationEffectConvertor: userid = 10, packageName = com.oplus.securitykeyboard
07-08 23:21:11.648  3425  4438 I VibrationEffectConvertor: onInputMethodListUpdated received, info.size = 2
07-08 23:21:11.648  3425  4438 I VibrationEffectConvertor: userid = 11, packageName = com.google.android.inputmethod.latin
07-08 23:21:11.648  3425  4438 I VibrationEffectConvertor: userid = 11, packageName = com.oplus.securitykeyboard
07-08 23:21:11.648 28690 28690 D ActivityThread: Package [rd.sheepskin.sandboxmusic] reported as REPLACED, but missing application info. Assuming REMOVED.
07-08 23:21:11.649 26511 26511 D ActivityThread: Package [rd.sheepskin.sandboxmusic] reported as REPLACED, but missing application info. Assuming REMOVED.
07-08 23:21:11.649 15421 15421 D ActivityThread: Package [rd.sheepskin.sandboxmusic] reported as REPLACED, but missing application info. Assuming REMOVED.
07-08 23:21:11.649  5576  5576 D ActivityThread: Package [rd.sheepskin.sandboxmusic] reported as REPLACED, but missing application info. Assuming REMOVED.
07-08 23:21:11.649  8983  8983 D ActivityThread: Package [rd.sheepskin.sandboxmusic] reported as REPLACED, but missing application info. Assuming REMOVED.
07-08 23:21:11.649  2500  2500 D ActivityThread: Package [rd.sheepskin.sandboxmusic] reported as REPLACED, but missing application info. Assuming REMOVED.
07-08 23:21:11.649 25703 25703 D ActivityThread: Package [rd.sheepskin.sandboxmusic] reported as REPLACED, but missing application info. Assuming REMOVED.
07-08 23:21:11.650 10517 10517 D ActivityThread: Package [rd.sheepskin.sandboxmusic] reported as REPLACED, but missing application info. Assuming REMOVED.
07-08 23:21:11.650 15747 15747 D ActivityThread: Package [rd.sheepskin.sandboxmusic] reported as REPLACED, but missing application info. Assuming REMOVED.
07-08 23:21:11.653 24974 24974 D ActivityThread: Package [rd.sheepskin.sandboxmusic] reported as REPLACED, but missing application info. Assuming REMOVED.
07-08 23:21:11.653  5517  5517 D ActivityThread: Package [rd.sheepskin.sandboxmusic] reported as REPLACED, but missing application info. Assuming REMOVED.
07-08 23:21:11.655 11789 11789 D ActivityThread: Package [rd.sheepskin.sandboxmusic] reported as REPLACED, but missing application info. Assuming REMOVED.
07-08 23:21:11.656  9984  9984 D ActivityThread: Package [rd.sheepskin.sandboxmusic] reported as REPLACED, but missing application info. Assuming REMOVED.
07-08 23:21:11.657  9984  9984 D ActivityThread: Package [rd.sheepskin.sandboxmusic] reported as REPLACED, but missing application info. Assuming REMOVED.
07-08 23:21:11.657 25703 25703 D ActivityThread: Package [rd.sheepskin.sandboxmusic] reported as REPLACED, but missing application info. Assuming REMOVED.
07-08 23:21:11.619 26361 26361 D ActivityThread: Package [rd.sheepskin.sandboxmusic] reported as REPLACED, but missing application info. Assuming REMOVED.
07-08 23:21:11.658 27288 27288 D ActivityThread: Package [rd.sheepskin.sandboxmusic] reported as REPLACED, but missing application info. Assuming REMOVED.
07-08 23:21:11.659  2500  2500 D ActivityThread: Package [rd.sheepskin.sandboxmusic] reported as REPLACED, but missing application info. Assuming REMOVED.
07-08 23:21:11.660  7614  7614 D ActivityThread: Package [rd.sheepskin.sandboxmusic] reported as REPLACED, but missing application info. Assuming REMOVED.
07-08 23:21:11.660  3425  3740 W ActivityManager: Skipping broadcast of Intent { act=android.intent.action.MY_PACKAGE_REPLACED flg=0x4000010 pkg=rd.sheepskin.sandboxmusic (has extras) }: user 10 and its parent (if any) are stopped
07-08 23:21:11.661  7614  7614 D ActivityThread: Package [rd.sheepskin.sandboxmusic] reported as REPLACED, but missing application info. Assuming REMOVED.
07-08 23:21:11.662 16635 16635 D ActivityThread: Package [rd.sheepskin.sandboxmusic] reported as REPLACED, but missing application info. Assuming REMOVED.
07-08 23:21:11.664 16635 16635 D ActivityThread: Package [rd.sheepskin.sandboxmusic] reported as REPLACED, but missing application info. Assuming REMOVED.
07-08 23:21:11.664  5287  5287 D ActivityThread: Package [rd.sheepskin.sandboxmusic] reported as REPLACED, but missing application info. Assuming REMOVED.
07-08 23:21:11.664  7950  7950 D ActivityThread: Package [rd.sheepskin.sandboxmusic] reported as REPLACED, but missing application info. Assuming REMOVED.
07-08 23:21:11.665  9537  9537 D ActivityThread: Package [rd.sheepskin.sandboxmusic] reported as REPLACED, but missing application info. Assuming REMOVED.
07-08 23:21:11.665  5538  7752 I iopgp   : PreloadService: TRANSACTION_IOPGP_ON_PACKAGES_CHANGED
07-08 23:21:11.665  5538  7752 I iopgp   : Iopgp: TRANSACTION_IOPGP_ON_PACKAGES_CHANGED  pkg_name = rd.sheepskin.sandboxmusic pkg_version = 11 isDeleted = 0
07-08 23:21:11.665  5538  5538 D iopgp   : Same version package rd.sheepskin.sandboxmusic with version 11
07-08 23:21:11.665  5538  5538 D iopgp   : OnPackageChangeEvent:old package version is 11
07-08 23:21:11.673 11455 11455 D ActivityThread: Package [rd.sheepskin.sandboxmusic] reported as REPLACED, but missing application info. Assuming REMOVED.
07-08 23:21:11.673  1007  1007 D ActivityThread: Package [rd.sheepskin.sandboxmusic] reported as REPLACED, but missing application info. Assuming REMOVED.
07-08 23:21:11.673  3425  3740 W ActivityManager: Skipping broadcast of Intent { act=android.intent.action.MY_PACKAGE_REPLACED flg=0x4000010 pkg=rd.sheepskin.sandboxmusic (has extras) }: user 11 and its parent (if any) are stopped
07-08 23:21:11.673  3425  3740 D PackageInstallerSessionExtImpl: recordSotaAppResult stagedSession is null
07-08 23:21:11.673  3425  3740 D PackageInstallerSession: Marking session 313063841 as applied
07-08 23:21:11.673  3425  3740 D InstallerExtImpl: Avoid to hold lock when rmPackageDir
07-08 23:21:11.676 29080 29080 D ActivityThread: Package [rd.sheepskin.sandboxmusic] reported as REPLACED, but missing application info. Assuming REMOVED.
07-08 23:21:11.676 10517 10517 D ActivityThread: Package [rd.sheepskin.sandboxmusic] reported as REPLACED, but missing application info. Assuming REMOVED.
07-08 23:21:11.676  3425  3654 D VRR [OPlusSAManager]: updateAutoMinfps for 4630946450791512195 with nits: 817.38, mHistOK true, mAmbientOK true, mCctOK true, mIrOK true, mBrightnessOK true, isPkgOK true, SA min fps: 119
07-08 23:21:11.672  3425  5784 W PackageConfigPersister: App-specific configuration not found for packageName: org.telegram.messenger and userId: 0
07-08 23:21:11.679 29026 29026 D ActivityThread: Package [rd.sheepskin.sandboxmusic] reported as REPLACED, but missing application info. Assuming REMOVED.
07-08 23:21:11.679 12301 12301 D ActivityThread: Package [rd.sheepskin.sandboxmusic] reported as REPLACED, but missing application info. Assuming REMOVED.
07-08 23:21:11.681  3425  8787 I NotificationListeners:  Allowing notification listener com.google.ambient.streaming/com.google.ambient.streaming.appstreaming.notification.NotificationExtractionService (userSet: false)
07-08 23:21:11.681  3425  8787 V NotificationListeners: enabling notification listener for 0: ComponentInfo{com.teslacoilsw.launcher/com.teslacoilsw.launcher.notificationlistener.NotificationListener}
07-08 23:21:11.681  3425  8787 V NotificationListeners: Not registering ComponentInfo{com.teslacoilsw.launcher/com.teslacoilsw.launcher.notificationlistener.NotificationListener} is already bound
07-08 23:21:11.681  3425  8787 V NotificationListeners: enabling notification listener for 0: ComponentInfo{com.google.android.gms/com.google.android.gms.auth.proximity.phonehub.PhoneHubNotificationListenerService}
07-08 23:21:11.681  3425  8787 V NotificationListeners: Not registering ComponentInfo{com.google.android.gms/com.google.android.gms.auth.proximity.phonehub.PhoneHubNotificationListenerService} is already bound
07-08 23:21:11.682 16485 16485 D ActivityThread: Package [rd.sheepskin.sandboxmusic] reported as REPLACED, but missing application info. Assuming REMOVED.
07-08 23:21:11.683  3425  8787 I ConditionProviders:  Allowing condition provider com.google.ambient.streaming/com.google.ambient.streaming.appstreaming.notification.NotificationExtractionService (userSet: false)
07-08 23:21:11.685 16485 16485 D ActivityThread: Package [rd.sheepskin.sandboxmusic] reported as REPLACED, but missing application info. Assuming REMOVED.
07-08 23:21:11.685 29061 29061 D ActivityThread: Package [rd.sheepskin.sandboxmusic] reported as REPLACED, but missing application info. Assuming REMOVED.
07-08 23:21:11.686  3425  3625 D BatteryExternalStatsWorker: end updateExternalStatsSync
07-08 23:21:11.688 27659 27659 D ActivityThread: Package [rd.sheepskin.sandboxmusic] reported as REPLACED, but missing application info. Assuming REMOVED.
07-08 23:21:11.688 20420 20420 D ActivityThread: Package [rd.sheepskin.sandboxmusic] reported as REPLACED, but missing application info. Assuming REMOVED.
07-08 23:21:11.689  1468  1468 D ActivityThread: Package [rd.sheepskin.sandboxmusic] reported as REPLACED, but missing application info. Assuming REMOVED.
07-08 23:21:11.689 28954 28954 D ActivityThread: Package [rd.sheepskin.sandboxmusic] reported as REPLACED, but missing application info. Assuming REMOVED.
07-08 23:21:11.689 26527 26527 D ActivityThread: Package [rd.sheepskin.sandboxmusic] reported as REPLACED, but missing application info. Assuming REMOVED.
07-08 23:21:11.690 29026 29026 D ActivityThread: Package [rd.sheepskin.sandboxmusic] reported as REPLACED, but missing application info. Assuming REMOVED.
07-08 23:21:11.690  3425  3740 D OplusInstallAccelerateManager: stopAccelerate()
07-08 23:21:11.690  3425  3740 D OplusInstallAccelerateManager: operateCpuBouncingIfNeeded()
07-08 23:21:11.690  3425  3740 D OplusInstallAccelerateManager: originatingPackageName = unknown
07-08 23:21:11.690  3425  3740 D OplusInstallAccelerateManager: initiatingPackageName = com.android.shell
07-08 23:21:11.690  3425  3740 D OplusInstallAccelerateManager: installerPackageName = unknown
07-08 23:21:11.691  3425  8448 D OplusInstallAccelerateManager: handleMessage(1000)
07-08 23:21:11.691  3425  8448 D OplusInstallAccelerateManager: recoveryCpuBouncingIfNeeded(313063841, false)
07-08 23:21:11.691  3425  8448 D OplusInstallAccelerateManager: remove message 313063841
07-08 23:21:11.691  3425  8448 D OplusInstallAccelerateManager: recoveryCpuBouncing()
07-08 23:21:11.691  3425  8787 I NotificationListeners:  Allowing notification listener com.google.ambient.streaming/com.google.ambient.streaming.service.CdsNotificationListenerService (userSet: false)
07-08 23:21:11.691  3425  8787 V NotificationListeners: enabling notification listener for 0: ComponentInfo{com.teslacoilsw.launcher/com.teslacoilsw.launcher.notificationlistener.NotificationListener}
07-08 23:21:11.691  3425  8787 V NotificationListeners: Not registering ComponentInfo{com.teslacoilsw.launcher/com.teslacoilsw.launcher.notificationlistener.NotificationListener} is already bound
07-08 23:21:11.691  3425  8787 V NotificationListeners: enabling notification listener for 0: ComponentInfo{com.google.android.gms/com.google.android.gms.auth.proximity.phonehub.PhoneHubNotificationListenerService}
07-08 23:21:11.692  3425  8787 V NotificationListeners: Not registering ComponentInfo{com.google.android.gms/com.google.android.gms.auth.proximity.phonehub.PhoneHubNotificationListenerService} is already bound
07-08 23:21:11.692  3425  8787 I ConditionProviders:  Allowing condition provider com.google.ambient.streaming/com.google.ambient.streaming.service.CdsNotificationListenerService (userSet: false)
07-08 23:21:11.692  3425  4231 D InstallDependencyHelper: Session complete for 313063841
07-08 23:21:11.697 20420 20420 D ActivityThread: Package [rd.sheepskin.sandboxmusic] reported as REPLACED, but missing application info. Assuming REMOVED.
07-08 23:21:11.698 20818 20818 D ActivityThread: Package [rd.sheepskin.sandboxmusic] reported as REPLACED, but missing application info. Assuming REMOVED.
07-08 23:21:11.698 16595 16595 D ActivityThread: Package [rd.sheepskin.sandboxmusic] reported as REPLACED, but missing application info. Assuming REMOVED.
07-08 23:21:11.702 21296 21296 D ActivityThread: Package [rd.sheepskin.sandboxmusic] reported as REPLACED, but missing application info. Assuming REMOVED.
07-08 23:21:11.701  2130  2130 D ActivityThread: Package [rd.sheepskin.sandboxmusic] reported as REPLACED, but missing application info. Assuming REMOVED.
07-08 23:21:11.704  2130  2130 D ActivityThread: Package [rd.sheepskin.sandboxmusic] reported as REPLACED, but missing application info. Assuming REMOVED.
07-08 23:21:11.704 27216 27216 D ActivityThread: Package [rd.sheepskin.sandboxmusic] reported as REPLACED, but missing application info. Assuming REMOVED.
07-08 23:21:11.708 27216 27216 D ActivityThread: Package [rd.sheepskin.sandboxmusic] reported as REPLACED, but missing application info. Assuming REMOVED.
07-08 23:21:11.708  4972  4972 D ActivityThread: Package [rd.sheepskin.sandboxmusic] reported as REPLACED, but missing application info. Assuming REMOVED.
07-08 23:21:11.708 26361 26361 D ActivityThread: Package [rd.sheepskin.sandboxmusic] reported as REPLACED, but missing application info. Assuming REMOVED.
07-08 23:21:11.709 29596 29596 D ActivityThread: Package [rd.sheepskin.sandboxmusic] reported as REPLACED, but missing application info. Assuming REMOVED.
07-08 23:21:11.711 29596 29596 D ActivityThread: Package [rd.sheepskin.sandboxmusic] reported as REPLACED, but missing application info. Assuming REMOVED.
07-08 23:21:11.714 15747 15747 D ActivityThread: Package [rd.sheepskin.sandboxmusic] reported as REPLACED, but missing application info. Assuming REMOVED.
07-08 23:21:11.715  3425  3425 D BackupManagerConstants: getFullBackupIntervalMilliseconds(...) returns 86400000
07-08 23:21:11.715  3425  3425 D BackupManagerConstants: getFullBackupRequiredNetworkType(...) returns 2
07-08 23:21:11.715  3425  3425 D BackupManagerConstants: getFullBackupRequireCharging(...) returns true
07-08 23:21:11.720  4972  4972 D ActivityThread: Package [rd.sheepskin.sandboxmusic] reported as REPLACED, but missing application info. Assuming REMOVED.
07-08 23:21:11.720 14416 14416 D ActivityThread: Package [rd.sheepskin.sandboxmusic] reported as REPLACED, but missing application info. Assuming REMOVED.
07-08 23:21:11.721 14416 14416 D ActivityThread: Package [rd.sheepskin.sandboxmusic] reported as REPLACED, but missing application info. Assuming REMOVED.
07-08 23:21:11.722 21239 21239 D ActivityThread: Package [rd.sheepskin.sandboxmusic] reported as REPLACED, but missing application info. Assuming REMOVED.
07-08 23:21:11.723  3425  3594 W ActivityManager: Skipping broadcast of Intent { act=android.search.action.SEARCHABLES_CHANGED flg=0x24000010 xflg=0x4 }: user 10 and its parent (if any) are stopped
07-08 23:21:11.724  3425  3594 W ActivityManager: Skipping broadcast of Intent { act=android.search.action.SEARCHABLES_CHANGED flg=0x24000010 xflg=0x4 }: user 11 and its parent (if any) are stopped
07-08 23:21:11.728  5767  5767 D ActivityThread: Package [rd.sheepskin.sandboxmusic] reported as REPLACED, but missing application info. Assuming REMOVED.
07-08 23:21:11.729 21239 21239 D ActivityThread: Package [rd.sheepskin.sandboxmusic] reported as REPLACED, but missing application info. Assuming REMOVED.
07-08 23:21:11.729 11455 11455 D ActivityThread: Package [rd.sheepskin.sandboxmusic] reported as REPLACED, but missing application info. Assuming REMOVED.
07-08 23:21:11.731 10804 10804 D ActivityThread: Package [rd.sheepskin.sandboxmusic] reported as REPLACED, but missing application info. Assuming REMOVED.
07-08 23:21:11.738 10804 10804 D ActivityThread: Package [rd.sheepskin.sandboxmusic] reported as REPLACED, but missing application info. Assuming REMOVED.
07-08 23:21:11.738 23604 23604 D ActivityThread: Package [rd.sheepskin.sandboxmusic] reported as REPLACED, but missing application info. Assuming REMOVED.
07-08 23:21:11.740  3425  8787 W AppOpService: Ignored setUidMode call for runtime permission app op: uid = 10239, code = FINE_LOCATION, mode = allow, callingUid = 1000, oldMode = allow
07-08 23:21:11.740 10082 10082 D ActivityThread: Package [rd.sheepskin.sandboxmusic] reported as REPLACED, but missing application info. Assuming REMOVED.
07-08 23:21:11.741 29422 29422 D ActivityThread: Package [rd.sheepskin.sandboxmusic] reported as REPLACED, but missing application info. Assuming REMOVED.
07-08 23:21:11.741 27659 27659 D ActivityThread: Package [rd.sheepskin.sandboxmusic] reported as REPLACED, but missing application info. Assuming REMOVED.
07-08 23:21:11.745 29422 29422 D ActivityThread: Package [rd.sheepskin.sandboxmusic] reported as REPLACED, but missing application info. Assuming REMOVED.
07-08 23:21:11.718   948   948 D ActivityThread: Package [rd.sheepskin.sandboxmusic] reported as REPLACED, but missing application info. Assuming REMOVED.
07-08 23:21:11.747  3425  4234 V ActivityManager: Has totaly same connectionRecord, just reuse it!
07-08 23:21:11.750 28991 28991 D ActivityThread: Package [rd.sheepskin.sandboxmusic] reported as REPLACED, but missing application info. Assuming REMOVED.
07-08 23:21:11.751  5767  5767 D ActivityThread: Package [rd.sheepskin.sandboxmusic] reported as REPLACED, but missing application info. Assuming REMOVED.
07-08 23:21:11.759 28991 28991 D ActivityThread: Package [rd.sheepskin.sandboxmusic] reported as REPLACED, but missing application info. Assuming REMOVED.
07-08 23:21:11.761 30378 30378 D ActivityThread: Package [rd.sheepskin.sandboxmusic] reported as REPLACED, but missing application info. Assuming REMOVED.
07-08 23:21:11.763   948   948 D ActivityThread: Package [rd.sheepskin.sandboxmusic] reported as REPLACED, but missing application info. Assuming REMOVED.
07-08 23:21:11.766 30378 30378 D ActivityThread: Package [rd.sheepskin.sandboxmusic] reported as REPLACED, but missing application info. Assuming REMOVED.
07-08 23:21:11.770  3425  3601 I ActivityManager: Start proc 22507:com.heytap.mcs.appservice/1000 for content provider {com.heytap.mcs/com.heytap.mcs.biz.appservice.provider.AppServiceContentProvider}
07-08 23:21:11.770  3425  3578 I ActivityManager: ProcessObserver broadcast disabled
07-08 23:21:11.770  3425  3637 I MemoryOperationUtils: add 22507 to inactive
07-08 23:21:11.771  3425  8787 W AppOpService: Ignored setUidMode call for runtime permission app op: uid = 10239, code = FINE_LOCATION, mode = allow, callingUid = 1000, oldMode = allow
07-08 23:21:11.773 24974 24974 D ActivityThread: Package [rd.sheepskin.sandboxmusic] reported as REPLACED, but missing application info. Assuming REMOVED.
07-08 23:21:11.782  3425  8787 I NotificationListeners:  Allowing notification listener com.google.android.gms/com.google.android.gms.auth.proximity.phonehub.PhoneHubNotificationListenerService (userSet: false)
07-08 23:21:11.782  3425  8787 V NotificationListeners: enabling notification listener for 0: ComponentInfo{com.teslacoilsw.launcher/com.teslacoilsw.launcher.notificationlistener.NotificationListener}
07-08 23:21:11.782  3425  8787 V NotificationListeners: Not registering ComponentInfo{com.teslacoilsw.launcher/com.teslacoilsw.launcher.notificationlistener.NotificationListener} is already bound
07-08 23:21:11.782  3425  8787 V NotificationListeners: enabling notification listener for 0: ComponentInfo{com.google.android.gms/com.google.android.gms.auth.proximity.phonehub.PhoneHubNotificationListenerService}
07-08 23:21:11.782  3425  8787 V NotificationListeners: Not registering ComponentInfo{com.google.android.gms/com.google.android.gms.auth.proximity.phonehub.PhoneHubNotificationListenerService} is already bound
07-08 23:21:11.782  3425  8787 I ConditionProviders:  Allowing condition provider com.google.android.gms/com.google.android.gms.auth.proximity.phonehub.PhoneHubNotificationListenerService (userSet: false)
07-08 23:21:11.793  3425  3621 W ActivityManager: ProcessRecord{72780fc 0:rd.sheepskin.sandboxmusic/u0a447} is attached to a previous process 16372
07-08 23:21:11.805  3425  3601 I ActivityManager: Start proc 22524:com.heytap.mcs.statistics/1000 for content provider {com.heytap.mcs/com.heytap.mcs.biz.statistics.provider.StatisticsContentProvider}
07-08 23:21:11.806  3425  3637 I MemoryOperationUtils: add 22524 to inactive
07-08 23:21:11.806  3425  3578 I ActivityManager: ProcessObserver broadcast disabled
07-08 23:21:11.814  3425  7693 V Configuration: Updating configuration, locales updated from [en_TH,en_GB,en_US] to [af]
07-08 23:21:11.815  3425  7693 V Configuration: Updating configuration, locales updated from [en_TH,en_GB,en_US] to [af_ZA]
07-08 23:21:11.816  3425  7693 V Configuration: Updating configuration, locales updated from [en_TH,en_GB,en_US] to [am]
07-08 23:21:11.821  3425  7693 V Configuration: Updating configuration, locales updated from [en_TH,en_GB,en_US] to [am_ET]
07-08 23:21:11.822  3425  7693 V Configuration: Updating configuration, locales updated from [en_TH,en_GB,en_US] to [ar]
07-08 23:21:11.823  3425  7693 V Configuration: Updating configuration, locales updated from [en_TH,en_GB,en_US] to [ar_EG]
07-08 23:21:11.824  3425  7693 V Configuration: Updating configuration, locales updated from [en_TH,en_GB,en_US] to [ar_IL]
07-08 23:21:11.828  3425  7693 V Configuration: Updating configuration, locales updated from [en_TH,en_GB,en_US] to [ar_XB]
07-08 23:21:11.829  3425  7693 V Configuration: Updating configuration, locales updated from [en_TH,en_GB,en_US] to [as]
07-08 23:21:11.830  3425  7693 V Configuration: Updating configuration, locales updated from [en_TH,en_GB,en_US] to [as_IN]
07-08 23:21:11.832  3425  7693 V Configuration: Updating configuration, locales updated from [en_TH,en_GB,en_US] to [az]
07-08 23:21:11.833  3425  7693 V Configuration: Updating configuration, locales updated from [en_TH,en_GB,en_US] to [az_AZ]
07-08 23:21:11.835  3425  7693 V Configuration: Updating configuration, locales updated from [en_TH,en_GB,en_US] to [be]
07-08 23:21:11.836  3425  7693 V Configuration: Updating configuration, locales updated from [en_TH,en_GB,en_US] to [bg]
07-08 23:21:11.838  3425  7693 V Configuration: Updating configuration, locales updated from [en_TH,en_GB,en_US] to [bg_BG]
