--------- beginning of main
07-08 23:04:13.573  3425  3425 E OplusGestureAnimationManagerPolicy: mScreenHeight:3168 mScreenWidth:1440 mRotation:0
07-08 23:04:13.574  2212  4516 D AudioBoost: audioSchedBoost, pid=2212, tid=4516, enable=1, ret=0
07-08 23:04:13.575  1888  6993 D AHAL: AudioDevice: SetParameters: 1972: enter: screen_state=on
07-08 23:04:13.575  1888  6993 D AHAL: hfp: hfp_set_parameters: 696: enter
07-08 23:04:13.575  1888  6993 D AHAL: hfp: hfp_set_parameters: 701: OPLUS_HFP_SUPPORT is not supported
07-08 23:04:13.575  1888  6993 D AHAL: AudioDevice: SetParameters: 2077:  - screen = on
07-08 23:04:13.575  1888  6993 D AHAL: AudioDevice: SetParameters: 2821: exit
07-08 23:04:13.577  2212  4516 D AudioBoost: audioSchedBoost, pid=2212, tid=4516, enable=0, ret=0
07-08 23:04:13.579  2232  2957 D [PREVIEW]: SF obtain preview_adapter: 0
07-08 23:04:13.579  2232  2957 D [PREVIEW]: TabletPreviewAdapter::parallel world 0
07-08 23:04:13.581  4972  4972 I KeyguardDisplayManager: onDisplayChanged displayId: 0
07-08 23:04:13.581  4972  4972 I SystemUi--Keyguard: KeyguardDisplayManagerExImpl-->orientationChanged=false, presentationDisplayChanged=false, lastPresentationWidth=0, lastPresentationHeight=0, lastPresentationDensity=0
07-08 23:04:13.583  2232  2814 E HwcComposer: getLuts failed Status(-129, EX_TRANSACTION_FAILED): 'UNKNOWN_TRANSACTION: '
07-08 23:04:13.588  2086  2189 D BatteryChargeControl: bcc get no support from charging protocol
07-08 23:04:13.614  2232  2823 D skia    : findCacheMissInfo vsync 4498324, result 0
--------- beginning of system
07-08 23:04:13.621  3425  3654 D VRR [OPlusRefreshRateService]: handleConfigIdChange physicalDisplayId: 4630946450791512195 configId: 0 renderPeriod: 16666667
07-08 23:04:13.622  3425  3654 D VRR [OPlusGameStatusManager]: updateGameState mOSyncFeatureSwitch: false mIsGamePolicy: false
07-08 23:04:13.623  3425  3654 D VRR [OPlusGameStatusManager]: updateGameAccelerationStatus pkgName: com.android.launcher mOSyncFeatureSwitch: false mIsGamePolicy: false mHeartStop: false mHasFlickerRisk: false mForceAcceleration: false mToastReady: false enable: false
07-08 23:04:13.672  3425  3654 D VRR [OPlusSAManager]: updateAutoMinfps for 4630946450791512195 with nits: 817.38, mHistOK true, mAmbientOK true, mCctOK true, mIrOK true, mBrightnessOK true, isPkgOK true, SA min fps: 119
07-08 23:04:13.673  2232  2957 I VRR-[OPlusRefreshRateSelector]: updateAutoMode success, display 0, mode 0, fakeframe 1, min fps: 1
07-08 23:04:13.673  1925 21569 I SDM     : DisplayBuiltIn::SetQSyncModeLocked: VRR + update qsync mode 0 minfps 00C08181
07-08 23:04:13.673  1925 21569 I SDM     : HWDeviceDRM::OPlusIsQSyncMinFpsForAuto: VRR +  OPlusIsQSyncMinFpsForAuto: 1
07-08 23:04:13.673  1925 21569 I SDM     : DisplayBuiltIn::SetQSyncModeLocked: VRR + needs_avr_update_ 0
07-08 23:04:13.679  1925  2285 I SDM     : HWDeviceDRM::OPlusIsQSyncMinFpsForAuto: VRR +  OPlusIsQSyncMinFpsForAuto: 1
07-08 23:04:13.680  1925  2285 E SDM     : DRMConnector::Perform: Connector 69: Setting Qsync min fps 12616065
07-08 23:04:13.696  3425  4877 I Osense-BaseDecisionMaker: notifySceneToAthenaPolicy: SCENE_RES_IO_PSI, bundle: Bundle[{ioLevel=3}]
07-08 23:04:13.696  3425  4877 I Osense-BaseDecisionMaker: OSense not supported scene! SCENE_RES_IO_PSI
07-08 23:04:13.702  2365  2365 I adbd    : adbd service requested 'shell,v2,TERM=dumb,raw:am start -a android.intent.action.VIEW -d 'sandboxmusic://e2e/podcast-play?query=Joe%20Rogan%20Experience&playTimeoutMs=240000' -n rd.sheepskin.sandboxmusic/.MainActivity -f 0x14000000'
07-08 23:04:13.744  1895 25516 I sensors-hal: handle_oplus_wise_rgb_event:160, wise_rgb:(34932)(cct,lux,ir)[4874.13, 230.91, 57.637394](rgbc)[10584.38, 5437.06, 3254.12, 17283.24](pwm,hbm,brl,algo)[1.0 0.0 3332.0 2.0],flag 0
07-08 23:04:13.750  1925  2285 I SDM     : DisplayBase::CommitThread: Received idle timeout, panel: cmd, timeout: 70000 us
07-08 23:04:13.764  3425  4596 I [UAH_CLIENT]: UahEventAcquire, cmdid:2, pkg:none, identity:com.android.server.wm
07-08 23:04:13.764  3425  4234 W ActivityTaskManager: callingPackage for (uid=2000, pid=3106) has no WPC
07-08 23:04:13.765  3425  4234 D WindowManager: NFW_setClientVisible:ActivityRecord{35902702 u0 rd.sheepskin.sandboxmusic/.MainActivity clientVisible:true
07-08 23:04:13.766  3425  4234 V GrammaticalInflectionUtils: AttributionSource: android.content.AttributionSource@e651a365 does not have READ_SYSTEM_GRAMMATICAL_GENDER permission.
07-08 23:04:13.766  3425  4234 D ActivityTaskManager: The isLandscapeFullscreenEnabled is: rd.sheepskin.sandboxmusic/.MainActivity
07-08 23:04:13.766  3425  4234 D ActivityTaskManager: The isLandscapeFullscreenEnabled is: rd.sheepskin.sandboxmusic/.MainActivity
07-08 23:04:13.766  3425  4234 D ActivityTaskManager: The isLandscapeFullscreenEnabled is: rd.sheepskin.sandboxmusic/.MainActivity
07-08 23:04:13.767  3425  4234 D ActivityTaskManager: The isLandscapeFullscreenEnabled is: rd.sheepskin.sandboxmusic/.MainActivity
07-08 23:04:13.767  3425  4234 D ActivityTaskManager: The isLandscapeFullscreenEnabled is: rd.sheepskin.sandboxmusic/.MainActivity
07-08 23:04:13.767  3425  4234 D FlexibleTaskController: isSupportFlexibleWindow target = rd.sheepskin.sandboxmusic/.MainActivity callPkg = FlexibleTaskController support = true ,caller = 3425
07-08 23:04:13.767  3425  4234 I AppSnapshotController: init, sysSupport = true, mActivitySupport = false, activityRecord = ActivityRecord{35902702 u0 rd.sheepskin.sandboxmusic/.MainActivity t-1}
07-08 23:04:13.767  3425  4416 D StartingSurfacePreviewController: checkSupportSurfacePreview, token=rd.sheepskin.sandboxmusic/.MainActivity, enableSurfacePreview=false, supportMultiLayout=false, unsupportedSkipViewAnimLv=null, disableSurfacePreviewAnimLv=null, ignoreFileExistAnimLv=null
07-08 23:04:13.768  3425  4234 D FlexibleWindowManagerService: isIgnoreAppearedAcrossTask:false
07-08 23:04:13.768  3425  4234 D FlexibleWindowManagerService: isIgnoreAppearedAcrossTask:false
07-08 23:04:13.768  3425  4234 D FlexibleTaskController: findSourceTaskForFreeForm: sourceRecord = null ,realCallingPid:3106 ,launchFromZoomMode:false ,prevTopTask:Task{b3d4bfa #1704 type=recents I=com.android.launcher/com.android.quickstep.RecentsActivity}
07-08 23:04:13.769  3425  4234 D FlexibleTaskController: findSourceTaskForFreeForm: the caller is not a flexible freeform window application and does not have a zoom windowMode startup parameter
07-08 23:04:13.769  3425  4234 D FlexibleTaskController: adjustOptionsForFlexibleTask not allow options follow process task's options, reason:9 ,reusedOptions:null
07-08 23:04:13.769  3425  4234 E FlexibleWindowManagerService: setProcessFrameRate error wpc null 
07-08 23:04:13.769  3425  4234 D FlexibleTaskController: isSupportFlexibleWindow target = rd.sheepskin.sandboxmusic/.MainActivity callPkg = FlexibleTaskController support = true ,caller = 3425
07-08 23:04:13.769  3425  3597 E QosSceneRecognizer[ActivityStartScene]: notifyActivityStart get launchedFromUid failed through AppManager! launchedFromPackage: com.android.shell, pkg: rd.sheepskin.sandboxmusic
07-08 23:04:13.770  3425  4234 D CompactServiceDelegate: updateDecorsManagerIfNeed return because not attachToProcess task:Task{d41981c #1717 type=standard}
07-08 23:04:13.770  3425  4234 D CompactServiceDelegate: updateDecorsManagerIfNeed return because not attachToProcess task:Task{d41981c #1717 type=standard}
07-08 23:04:13.772  3425  4234 D ActivityTaskManager: The isLandscapeFullscreenEnabled is: rd.sheepskin.sandboxmusic/.MainActivity
07-08 23:04:13.772  3425  4234 D ActivityTaskManager: The isLandscapeFullscreenEnabled is: rd.sheepskin.sandboxmusic/.MainActivity
07-08 23:04:13.772  3425  4234 D ActivityTaskManager: The isLandscapeFullscreenEnabled is: rd.sheepskin.sandboxmusic/.MainActivity
07-08 23:04:13.772  4972  4972 D CommandQueueLogger: appTransitionPending displayId=0 forced=false
07-08 23:04:13.772  3425  4234 D ActivityTaskManager: The isLandscapeFullscreenEnabled is: rd.sheepskin.sandboxmusic/.MainActivity
07-08 23:04:13.772  3425  4234 D ActivityTaskManager: The isLandscapeFullscreenEnabled is: rd.sheepskin.sandboxmusic/.MainActivity
07-08 23:04:13.772  3425  4234 D ActivityTaskManager: The isLandscapeFullscreenEnabled is: rd.sheepskin.sandboxmusic/.MainActivity
07-08 23:04:13.774  3425  4234 D SecondaryPageStartupPolicy: checkSecondaryPageStartupStatus not support sourcePackage=com.android.shell
07-08 23:04:13.774  3425  4234 D OplusStartingWindowManager: we don't revise window flags for third app
07-08 23:04:13.774  3425  4234 D ActivityTaskManager: validateStartingWindowTheme:  Pkg=rd.sheepskin.sandboxmusic, Translucent=false, Floating=false, ShowWallpaper=false, Disable=false, LaunchSource=4, Prev=null, LaunchedFromPackage=com.android.shell
07-08 23:04:13.775  3425  4234 D ActivityTaskManager: addStartingWindow for ActivityRecord{35902702 u0 rd.sheepskin.sandboxmusic/.MainActivity t1717}, mainWin=null, state=INITIALIZING, isKeyguardLocked=false, isKeyguardGoingAway=false
07-08 23:04:13.775  3425  4234 D ActivityTaskManager: getStartingWindowType: , newTask=true, taskSwitch=true, processRunning=false, allowTaskSnapshot=true, activityCreated=false, activityAllDrawn=false, snapshot exist: false
07-08 23:04:13.775  3425  4234 D ActivityRecordExtImpl: handleStartingWindowForCompactWindow origin type:2, adjustType : 2
07-08 23:04:13.775  3425  4234 E SchedAssist: binderSetThreadUxFlagByIoctl: ioctl failed, tid=-1 flag=1 ret=-1 errno=25 (Inappropriate ioctl for device)
07-08 23:04:13.776  3425  4234 E SchedAssist: binderSetThreadUxFlagByIoctl: ioctl failed, tid=-1 flag=0 ret=-1 errno=25 (Inappropriate ioctl for device)
07-08 23:04:13.776  4972  5034 D PhoneStartingWindowTypeAlgorithm: preferredStartingWindowType newTask=true, taskSwitch=true, processRunning=false, allowTaskSnapshot=true, activityCreated=false, isSolidColorSplashScreen=false, legacySplashScreen=false, activityDrawn=false, windowless=false, topIsHome=false
07-08 23:04:13.776  3425  4234 D ActivityTrigger: ActivityTrigger activityPauseTrigger 
07-08 23:04:13.776  4972  5034 D OplusShellStartingWindowManager: getReviseStartingWindowType not support, windowInfo is null
07-08 23:04:13.776  3425  4234 E SchedAssist: binderSetThreadUxFlagByIoctl: ioctl failed, tid=-1 flag=1 ret=-1 errno=25 (Inappropriate ioctl for device)
07-08 23:04:13.777  3425  4234 E SchedAssist: binderSetThreadUxFlagByIoctl: ioctl failed, tid=-1 flag=0 ret=-1 errno=25 (Inappropriate ioctl for device)
07-08 23:04:13.778  3425  4234 D TaskFragmentExtImpl: shouldSetReadyFalse and resumedActivity: ActivityRecord{35902702 u0 rd.sheepskin.sandboxmusic/.MainActivity t1717} prev: ActivityRecord{220835727 u0 com.android.launcher/com.android.quickstep.RecentsActivity t1704} prev.isVisible(): true resumedLaunchFromLauncher: false prevLaunchFromApp: true transitionType: 1
07-08 23:04:13.778  4972  5034 D OplusShellStartingWindowManager: adjustSuggestedWindowType originType: 1, wi: StartingWindowInfo{taskId=1717 targetActivityInfo=null displayId=0 topActivityType=1 preferredStartingWindowType=8b mainWindowLayoutParams=null splashScreenThemeResId 7f100007, exi: OplusStartingWindowExtendedInfo{mAppToken=android.os.BinderProxy@2c4a7a4, mSupportSplashScreenPreview=false, mIsSystemApp=false, mIsExceptionListApp=false, mPreviewBitmap=null, mShouldDrawBackground=false, mForceLightMode=false, mForceNightMode=false, mNotSupportNightMode=false, mForcePreview=false, mForceBigIcon=false, mQuickStartingSurface=null, mForceSolidColorSplash=false}
07-08 23:04:13.778  4972  5034 D OplusShellStartingWindowManager: adjustSuggestedWindowType: skip no-system app and no-exception list app
07-08 23:04:13.778  3425  4596 I [UAH_CLIENT]: UahEventAcquire, cmdid:1, pkg:rd.sheepskin.sandboxmusic, identity:com.android.server.wm
07-08 23:04:13.778  3425  4956 D CompatChangeReporter: Compat change id reported: 377864165; UID 10447; state: ENABLED
07-08 23:04:13.779  3425  4234 D ActivityTaskManager: notifyTaskRemoved, task: Task{d0c033b #1716 type=standard A=10447:rd.sheepskin.sandboxmusic} trace:com.android.server.wm.RecentTasks.removeForAddTask:1893 com.android.server.wm.RecentTasks.add:1382 com.android.server.wm.ActivityStarter.startActivityInner:3084 com.android.server.wm.ActivityStarter.startActivityUnchecked:2189 com.android.server.wm.ActivityStarter.executeRequest:1939 
07-08 23:04:13.779  4972  5035 D ShellStartingWindow: getWindowAttrs SplashScreenWindowAttrs{ mWindowBgResId: 106009b, mWindowBgColor: 0, mWindowBgImage: false, mSplashScreenIcon: false, mBrandingImage: false, mIconBgColor: 0, uiMode: 0}
07-08 23:04:13.779  3425  4234 E SchedAssist: binderSetThreadUxFlagByIoctl: ioctl failed, tid=-1 flag=1 ret=-1 errno=25 (Inappropriate ioctl for device)
07-08 23:04:13.779  4972  5034 D WindowManager: Add to mViews: android.widget.FrameLayout{12580c2 V.E...... ......I. 0,0-0,0 alpha=1.0 viewInfo = },pkg= rd.sheepskin.sandboxmusic
07-08 23:04:13.780  4972  5035 I ShellStartingWindow: makeSplashScreenContentView themeBGColor: ff211e28, isDark: true, last config hash: -1425736756
07-08 23:04:13.780  4972  5064 D skia    : setRusSupported enable 1
07-08 23:04:13.780  3425  4234 E SchedAssist: binderSetThreadUxFlagByIoctl: ioctl failed, tid=-1 flag=0 ret=-1 errno=25 (Inappropriate ioctl for device)
07-08 23:04:13.780  3425  4234 E SchedAssist: binderSetThreadUxFlagByIoctl: ioctl failed, tid=-1 flag=1 ret=-1 errno=25 (Inappropriate ioctl for device)
07-08 23:04:13.781  3425  4234 E SchedAssist: binderSetThreadUxFlagByIoctl: ioctl failed, tid=-1 flag=0 ret=-1 errno=25 (Inappropriate ioctl for device)
07-08 23:04:13.781  5079  5079 I SplitScreenManager: Attached RecentsActivity#356b07d ON_PAUSE
07-08 23:04:13.781  4972  5022 V WindowManagerShell: Transition requested (#208): android.os.BinderProxy@54ee70e TransitionRequestInfo { type = OPEN, triggerTask = TaskInfo{userId=0 taskId=1717 effectiveUid=10447 displayId=0 isRunning=true baseIntent=Intent { act=android.intent.action.VIEW dat=sandboxmusic://e2e/... flg=0x14000000 cmp=rd.sheepskin.sandboxmusic/.MainActivity mCallingUid=2000 } baseActivity=ComponentInfo{rd.sheepskin.sandboxmusic/rd.sheepskin.sandboxmusic.MainActivity} topActivity=ComponentInfo{rd.sheepskin.sandboxmusic/rd.sheepskin.sandboxmusic.MainActivity} origActivity=null realActivity=ComponentInfo{rd.sheepskin.sandboxmusic/rd.sheepskin.sandboxmusic.MainActivity}
07-08 23:04:13.781  4972  5022 V WindowManagerShell:  numActivities=1 lastActiveTime=8091233 supportsSplitScreenMultiWindow=true supportsMultiWindow=true supportsPocketStudioMultiWindow=true isInFlexibleEmbedded = false uid = 10447 pid = 0 resizeMode=2 isResizeable=true minWidth=-1 minHeight=-1 defaultMinSize=220 token=WCT{android.window.IWindowContainerToken$Stub$Proxy@fd2d52f} topActivityType=1 pictureInPictureParams=null shouldDockBigOverlays=false launchIntoPipHostTaskId=-1 lastParentTaskIdBeforePip=-1 displayCutoutSafeInsets=Rect(0, 160 - 0, 0)
07-08 23:04:13.781  4972  5022 V WindowManagerShell:  topActivityInfo=ActivityInfo{b13473c rd.sheepskin.sandboxmusic.MainActivity} launchCookies=[] positionInParent=Point(0, 0) parentTaskId=-1 isFocused=false isVisible=false isVisibleRequested=false isTopActivityNoDisplay=false isSleeping=false locusId=null displayAreaFeatureId=1 isTopActivityTransparent=false isActivityStackTransparent=false lastNonFullscreenBounds=Rect(352, 845 - 1089, 2285) capturedLink=null capturedLinkTimestamp=0 requestedVisibleTypes=-9 topActivityRequestOpenInBrowserEducationTimestamp=0
07-08 23:04:13.781  4972  5022 V WindowManagerShell:  appCompatTaskInfo=AppCompatTaskInfo { topActivityInSizeCompat=false topActivityInOplusCompatMode=false eligibleForLetterboxEducation= false isLetterboxEducationEnabled= false isLetterboxDoubleTapEnabled= false eligibleForUserAspectRatioButton= false topActivityBoundsLetterboxed= false isFromLetterboxDoubleTap= false topActivityLetterboxVerticalPosition= -1 topActivityLetterboxHorizontalPosition= -1 topActivityLetterboxWidth=-1 topActivityLetterboxHeight=-1 topActivityAppBounds=Rect(0, 0 - 1440, 3168) isUserFullscreenOverrideEnabled=false isSystemFullscreenOverrideEnabled=false hasMinAspectRatioOverride=false topActivityLetterboxBounds=null cameraCompatTaskInfo=CameraCompatTaskInfo { freeformCameraCompatMode=inactive}} topActivityMainWindowFrame=null topActivityLetterboxInsets=Rect(0, 0 - 0, 0)
07-08 23:04:13.781  4972  5022 V WindowManagerShell:  mOplusExtraBundle = Bundle[mParcelledData.dataSize=1776]}, pipChange = null, remoteTransition = null, displayChange = null, flags = 0, debugId = 208 }
07-08 23:04:13.781  4972  5022 D ShellSplitScreen: logExit: no-op, mLoggerSessionId is null
07-08 23:04:13.781  3425  4234 D osense.compress: notifyActivityLaunched pkgName = rd.sheepskin.sandboxmusic, uid = 10447
07-08 23:04:13.781  3425  4234 I ActivityTaskManager: START u0 {act=android.intent.action.VIEW dat=sandboxmusic://e2e/... flg=0x14000000 xflg=0x4 cmp=rd.sheepskin.sandboxmusic/.MainActivity mCallingUid=2000} with LAUNCH_SINGLE_TASK from uid 2000 (BAL_ALLOW_PERMISSION (START_ACTIVITIES_FROM_BACKGROUND permission granted)) result code=0
07-08 23:04:13.783  5538  7752 I iopgp   : Iopgp: TRANSACTION_IOPGP_PRELOAD Sequence_id = 17 pkg_name = rd.sheepskin.sandboxmusic uid = 10447 size = 1 isProfile = 1
07-08 23:04:13.784  3425  4956 I AppSnapshotController: attachStartingWindow, win = Window{62fc87f u0 Splash Screen rd.sheepskin.sandboxmusic}, shouldAppSnapshot = false
07-08 23:04:13.784  3425  4956 D ActivityTaskManager: attachStartingWindow: mStartingData=SplashScreenStartingData{a6fb895 removeAfterTransaction= 0}, mAssociatedTask=null, mStartingWindow=Window{62fc87f u0 Splash Screen rd.sheepskin.sandboxmusic}
07-08 23:04:13.784  3425  4956 I WindowManager: addWindow: New client android.os.BinderProxy@25559e : window=Window{62fc87f u0 Splash Screen rd.sheepskin.sandboxmusic}
07-08 23:04:13.784  4972  5035 D ShellStartingWindow: inconsize = 864
07-08 23:04:13.785  4972  5034 D ViewRootImplExtImpl: onDisplayChanged -1 for VRI android.view.ViewRootImpl@e39e72
07-08 23:04:13.786  3425  4788 I AppsFilter: interaction: PackageSetting{e6c4b51 com.android.microdroid.empty_payload/10275} -> PackageSetting{40d2daa rd.sheepskin.sandboxmusic/10447} BLOCKED
07-08 23:04:13.786  3425  4788 I AppsFilter: interaction: PackageSetting{41dfac7 com.oplus.locationproxy/10173} -> PackageSetting{40d2daa rd.sheepskin.sandboxmusic/10447} BLOCKED
07-08 23:04:13.786  3425  4788 I AppsFilter: interaction: PackageSetting{1698f4 com.android.certinstaller/10210} -> PackageSetting{40d2daa rd.sheepskin.sandboxmusic/10447} BLOCKED
07-08 23:04:13.786  3425  4788 I AppsFilter: interaction: PackageSetting{cf1a81d com.oplus.location/10218} -> PackageSetting{40d2daa rd.sheepskin.sandboxmusic/10447} BLOCKED
07-08 23:04:13.786  3425  3601 I ActivityManager: Start proc 31151:rd.sheepskin.sandboxmusic/u0a447 for next-top-activity {rd.sheepskin.sandboxmusic/rd.sheepskin.sandboxmusic.MainActivity}
07-08 23:04:13.786  3425  4788 D RefreshRate: Trigger app switch boost, ar=ActivityRecord{35902702 u0 rd.sheepskin.sandboxmusic/.MainActivity t1717},currDisplayRate=60.000004,boostId=1
07-08 23:04:13.786  3425  4788 D RefreshRate: setDisplayConfigSpecs complete: targetMode={id=2, width=1440, height=3168, fps=90.0, vsync=90.0, synthetic=false, alternativeRefreshRates=[60.000004, 120.00001, 120.00001], supportedHdrTypes=[1, 2, 3, 4]},srcMode={id=2, width=1440, height=3168, fps=90.0, vsync=90.0, synthetic=false, alternativeRefreshRates=[60.000004, 120.00001, 120.00001], supportedHdrTypes=[1, 2, 3, 4]},sfModId=1,rate=90.0
07-08 23:04:13.786  3425  4788 D RefreshRate: Refresh rate changing from 120.00001 to 90.0,maxRefreshRate=90.0 FOR:{
07-08 23:04:13.786  3425  4788 D RefreshRate:     | COURSE[Trigger app switch boost, ar=ActivityRecord{35902702 u0 rd.sheepskin.sandboxmusic/.MainActivity t1717},currDisplayRate=60.000004,boostId=1setDisplayConfigSpecs complete: targetMode={id=2, width=1440, height=3168, fps=90.0, vsync=90.0, synthetic=false, alternativeRefreshRates=[60.000004, 120.00001, 120.00001], supportedHdrTypes=[1, 2, 3, 4]},srcMode={id=2, width=1440, height=3168, fps=90.0, vsync=90.0, synthetic=false, alternativeRefreshRates=[60.000004, 120.00001, 120.00001], supportedHdrTypes=[1, 2, 3, 4]},sfModId=1,rate=90.0]
07-08 23:04:13.786  3425  4788 D RefreshRate:     | VOTES[PRIORITY_START_ANIMATION_BOOST -> Vote{mRefreshRate=90.0, mMinRefreshRate=90.0, mRequestSource=null};PRIORITY_WINDOW_REQUEST -> Vote{mRefreshRate=120.0, mMinRefreshRate=120.0, mRequestSource=null};]
07-08 23:04:13.786  3425  4788 D RefreshRate:     | TIME:2026-07-08 22:04:13}
07-08 23:04:13.786  3425  3654 D RefreshRate: do setDisplayConfigSpecs  
07-08 23:04:13.786  3425  4788 D RefreshRate: startAppSwitchBoost targetMode={id=2, width=1440, height=3168, fps=90.0, vsync=90.0, synthetic=false, alternativeRefreshRates=[60.000004, 120.00001, 120.00001], supportedHdrTypes=[1, 2, 3, 4]} record=ActivityRecord{35902702 u0 rd.sheepskin.sandboxmusic/.MainActivity t1717}: votes=PRIORITY_START_ANIMATION_BOOST -> Vote{mRefreshRate=90.0, mMinRefreshRate=90.0, mRequestSource=null};PRIORITY_WINDOW_REQUEST -> Vote{mRefreshRate=120.0, mMinRefreshRate=120.0, mRequestSource=null};
07-08 23:04:13.787  2232  2952 D VRR [RefreshRateDirector]: requestRefreshRateBySpecs insert [ 0xb400007c67dc3430, DisplayModeSpecs{defaultMode: 1, allowGroupSwitching: false, forceChanged: false, primaryRanges: RefreshRateRanges{physical: RefreshRateRange{min: 90.000000, max: 90.000000}, render: RefreshRateRange{min: 90.000000, max: 90.000000}}, appRequestRanges: RefreshRateRanges{physical: RefreshRateRange{min: 90.000000, max: 90.000000}, render: RefreshRateRange{min: 90.000000, max: 90.000000}}, idleScreenRefreshRateConfig: (null)} ]
07-08 23:04:13.787  3425  4596 I [UAH_CLIENT]: UahEventAcquire, cmdid:1, pkg:rd.sheepskin.sandboxmusic, identity:com.android.server.wm
07-08 23:04:13.787  2232  2847 D SurfaceFlinger: VRR [SurfaceFlinger] setDesiredDisplayModeSpecs, from process 2232, 1, 0, primaryRanges = [ 90.000000, 90.000000, 90.000000, 90.000000 ], appRequestRanges = [ 90.000000, 90.000000, 90.000000 90.000000 ] forceChanged = 1
07-08 23:04:13.787  3425  3654 D DisplayModeDirector: setAppRequest displayId : 0  modeId: 2  requestedRefreshRate: 90.0  requestedMinRefreshRateRange: 90.0  requestedMaxRefreshRateRange: 90.0
07-08 23:04:13.787  2232  2232 D SurfaceFlinger: VRR [SurfaceFlinger] applyRefreshRateSelectorPolicy: 1 (90.00 Hz), policy: {defaultModeId=1, allowGroupSwitching=false, primaryRanges={physical=[90.00 Hz, 90.00 Hz], render=[90.00 Hz, 90.00 Hz]}, appRequestRanges={physical=[90.00 Hz, 90.00 Hz], render=[90.00 Hz, 90.00 Hz]} idleScreenConfig=nullptr}
07-08 23:04:13.787  2232  2232 D SurfaceFlinger: VRR [SurfaceFlinger] setDesiredActiveMode: displayId: 4630946450791512195, renderRate: 90, vsyncRate: 90, event: 1
07-08 23:04:13.787  2232  2232 D DisplayModeController: setDesiredMode 4630946450791512195 {mode={fps=90.00 Hz, modePtr={id=1, vsyncRate=90.00 Hz, peakRefreshRate=90.00 Hz}}, emitEvent=true, force=false}
07-08 23:04:13.787  3425 25549 W ContextImpl: Calling a method in the system process without a qualified user: android.app.ContextImpl.sendBroadcast:1281 com.qualcomm.qti.Performance$SendGameLaunchBroadcast.run:313 com.oplus.dispatch.DispatchObject.runDispatchObject:253 com.oplus.dispatch.OThread.dispatchConcurrentDrain:425 com.oplus.dispatch.OThread.dispatchQueueDrain:384 
07-08 23:04:13.787  3425  4788 D ActivityTaskManager: setAppVisibility(Token{2ee7c25 ActivityRecord{35902702 u0 rd.sheepskin.sandboxmusic/.MainActivity t1717}}, visible=true):  visible=false mVisibleRequested=false
07-08 23:04:13.787  3425  3578 I ActivityManager: ProcessObserver broadcast disabled
07-08 23:04:13.787  3425  4788 D ActivityTaskManager: setVisibility(Token{2ee7c25 ActivityRecord{35902702 u0 rd.sheepskin.sandboxmusic/.MainActivity t1717}}, visible=true) defer commitVisibility for transition collecting
07-08 23:04:13.787  2232  2810 D VRR [OTI]: handleIdle from 1 to 0
07-08 23:04:13.787  3425  4788 D ActivityTaskManager: setAppVisibility(Token{39bb5ab ActivityRecord{220835727 u0 com.android.launcher/com.android.quickstep.RecentsActivity t1704}}, visible=false):  visible=true mVisibleRequested=true
07-08 23:04:13.787  2232  2810 I VRR [MVT]: requestFrameRateMode source: oti-hw, mode: {fps=90, modePtr={id=1, vsyncRate=90.00 Hz, peakRefreshRate=90.00 Hz}}
07-08 23:04:13.788  2232  2810 I VRR [MVT]: chooseFrameRateMode : {fps=90, modePtr={id=1, vsyncRate=90.00 Hz, peakRefreshRate=90.00 Hz}}
07-08 23:04:13.788  2232  2810 D VRR [RefreshRateDirector]: requestRefreshRateByOti insert [ oti-hw, {fps=90, modePtr={id=1, vsyncRate=90.00 Hz, peakRefreshRate=90.00 Hz}} ]
07-08 23:04:13.788  2232  2810 D VRR [RefreshRateDirector]: updateBestFrameRate [oti-hw, {fps=90, modePtr={id=1, vsyncRate=90.00 Hz, peakRefreshRate=90.00 Hz}}]
07-08 23:04:13.788  3425  4596 I [UAH_CLIENT]: UahEventAcquire, cmdid:1, pkg:rd.sheepskin.sandboxmusic, identity:com.android.server.wm
07-08 23:04:13.788  2232  2847 D SurfaceFlinger: requestDisplayModes mModeChangePending is true
07-08 23:04:13.788  3425  4788 D ActivityTaskManager: setVisibility(Token{39bb5ab ActivityRecord{220835727 u0 com.android.launcher/com.android.quickstep.RecentsActivity t1704}}, visible=false) defer commitVisibility for transition collecting
07-08 23:04:13.788  3425  3637 I MemoryOperationUtils: add 31151 to rd.sheepskin.sandboxmusic
07-08 23:04:13.789  1929 12041 E ANDR-PERF-LM: MetaMeter: handleAsync() 166: AdaptLaunch Invalid Async
07-08 23:04:13.789  3425   940 I OStatsManager_OplusBatteryStatsManager: updateStateTime: PkgName = rd.sheepskin.sandboxmusic, uid = 10447, state to bg, mForegroundCnt = 0, isFg = false
07-08 23:04:13.789  3425  4788 D VRR [OPlusRefreshRatePolicy]: setRefreshRatePolicy policy=POLICY_SYSTEM, refreshRate=120, statusOn=false
07-08 23:04:13.789  3425  4788 D VRR [OPlusRefreshRatePolicy]: setRefreshRatePolicy policy=POLICY_SYSTEM, refreshRate=90, statusOn=true
07-08 23:04:13.789  3425  3652 D OplusFeatureDMR[display=0]: onConfigChanged threadId=67 threadName=OplusDisplayWorkHandler physicalDisplayId=4630946450791512195 modeId=0  
07-08 23:04:13.789  3425  4788 W SettingsProvider: notifyForSettingsChange delay for adfr_policy_change, value: 98, delta: 0, lastNotifyTimestamp: 8091243, minInterval: 10
07-08 23:04:13.790  3425  4788 D DisplayModeDirector: setAppRequest displayId : 0  modeId: 2  requestedRefreshRate: 0.0  requestedMinRefreshRateRange: 0.0  requestedMaxRefreshRateRange: 90.0
07-08 23:04:13.789  2009  2009 E qspmHal : setAppInfoH atPid = 31151, gpuFname:rd.sheepskin.sandboxmusic, gpuFver:111
07-08 23:04:13.791  3425  5469 I OPM-Process: resume pkg: rd.sheepskin.sandboxmusic, uid:10447, prev pkg: com.android.launcher, prev uid: 10198
07-08 23:04:13.794  3425  4886 I Osense-BaseDecisionMaker: notifySceneToAthenaPolicy: SCENE_APP_SWITCH, bundle: Bundle[{prevPkgName=com.android.launcher, hasActivities=false, curUid=10447, isGame=false, curPkgName=rd.sheepskin.sandboxmusic, prevUid=10198, procStarted=false}]
07-08 23:04:13.794  1781  1807 I statsd  : An anomaly (2003000013) (100199)0x10000->10447[I] (100199)0x20000->rd.sheepskin.sandboxmusic[S] (100199)0x30000->2[I] (100199)0x40000->0[I]  has occurred! Informing subscribers.
07-08 23:04:13.795 31151 31151 I in.sandboxmusic: Late-enabling -Xcheck:jni
07-08 23:04:13.795  3425  4438 I VibrationEffectConvertor: onInputMethodListUpdated received, info.size = 4
07-08 23:04:13.795  3425  4438 I VibrationEffectConvertor: userid = 0, packageName = com.google.android.tts
07-08 23:04:13.795  3425  4438 I VibrationEffectConvertor: userid = 0, packageName = helium314.keyboard
07-08 23:04:13.795  3425  4438 I VibrationEffectConvertor: userid = 0, packageName = com.google.android.inputmethod.latin
07-08 23:04:13.795  3425  4438 I VibrationEffectConvertor: userid = 0, packageName = com.oplus.securitykeyboard
07-08 23:04:13.795  3425  3580 V GrammaticalInflectionUtils: AttributionSource: android.content.AttributionSource@e651a365 does not have READ_SYSTEM_GRAMMATICAL_GENDER permission.
07-08 23:04:13.795  4972  5022 D ZoomController: onTaskMovedToFront, task id:1717
07-08 23:04:13.796  4972  5022 I ZoomUiController: FloatHandle-isFloatHandleShow mPackageName = null
07-08 23:04:13.796  3425  3654 D VRR [OPlusRefreshRateService]:  setDirectorStates [flag: 1, state: 1, directorStateOff: 1]
07-08 23:04:13.796  3425  4886 I Osense-BaseDecisionMaker: scene: SCENE_APP_SWITCH, excutingPolicy: freezer
07-08 23:04:13.796  3425  4886 D Osense-BaseDecisionMaker: invoke freezer policy,type: fast
07-08 23:04:13.796  2232  2952 D VRR [RefreshRateDirector]: updateState mState = 0
07-08 23:04:13.796  2232  2232 I BpBinder: onLastStrongRef automatically unlinking death recipients: 
07-08 23:04:13.796  2232  2232 I HWC2    : [0] setActiveConfigWithConstraints[1]
07-08 23:04:13.796  1925 21569 D SDM     : IRIS_LOG_HWC::SetActiveConfigWithConstraints:376: 01
07-08 23:04:13.796  1925 21569 I SDM     : HWCDisplay::SetActiveConfigToIrisWrapper: SetActiveConfigToIrisWrapper on id_: 0
07-08 23:04:13.796  1925 21569 I IRIS_LOG_SERV_I7: SetActiveConfig: 0x05a00c60@90, mAwlaysInBypassMode: 0
07-08 23:04:13.796  1925 21569 W SDM     : HWCDisplay::SetActiveConfigToIrisWrapper: HWC SetActiveConfig [0, 1], switch to [1440x3168@90]
07-08 23:04:13.797  1925 21569 I SDM     : HWCDisplay::IsContextReadyToSubmitActiveConfigIris7: pending config_ 1, state 0, on display id_= 0
07-08 23:04:13.797  1925 21569 W SDM     : HWDeviceDRM::GetSupportedBitClkRate: Requested rate not supported: 1363200000
07-08 23:04:13.797  1925 21569 I SDM     : HWDeviceDRM::UpdateMixerAttributes: Mixer WxH 1440x3168-1 for Peripheral
07-08 23:04:13.797  1925 21569 I CwbService: CwbService::notifyConfigChange: display:0, config:1 size:4, sec.size():0
07-08 23:04:13.797  1925 21569 I CwbService: CwbService::notifyConfigChange: display: 0, config = 1
07-08 23:04:13.797  1925 21569 I SDM     : HWCDisplay::SubmitDisplayConfig: Active configuration changed from config 0 to 1
07-08 23:04:13.797  1925 21569 W SDM     : HWCDisplay::NotifyIrisActiveConfigChangeIris7: NotifyIrisActiveConfigChange SetActiveConfig config [1], switch to [1440x3168@90]fb[1440x3168]mixer[1440x3168]
07-08 23:04:13.797  1925 21569 W SDM     : HWCDisplay::SetActiveConfigToIrisWrapperIris7: GetMixerResolution: [1440x3168] in time [1440x3168@90]
07-08 23:04:13.797  1925 21569 D IRIS_LOG_SERV_I7: Set framebuffer: 1440, 3168
07-08 23:04:13.797  3425  3580 D DisplayManagerServiceExtImpl: scheduleTraversalLocked intraversal=false
07-08 23:04:13.797 30712 30828 W SQLiteLog: (28) double-quoted string literal: "rd.sheepskin.sandboxmusic"
07-08 23:04:13.798  3425  3581 D DisplayManagerService: performTraversalInternal pendingTraversal
07-08 23:04:13.798  3425  3581 D DisplayDevice: setLayerStackLocked id=local:4630946450791512195 token=android.os.BinderProxy@ee1945c stack=0->0
07-08 23:04:13.798  3425  3654 D LocalDisplayAdapter: setDesiredDisplayModeSpecsAsync: display unique id = local:4630946450791512195, display mode specs = defaultMode=1 allowGroupSwitching=false primaryRanges=physical: (0.0 120.0) render:  (0.0 90.0) appRequestRanges=physical: (0.0 120.0) render:  (0.0 90.0) idleScreenRefreshRate=null
07-08 23:04:13.798  1781  3118 W libincident: Failed to fetch OCenter service.
07-08 23:04:13.798  2232  2952 D VRR [RefreshRateDirector]: requestRefreshRateBySpecs insert [ 0xb400007c67dc3430, DisplayModeSpecs{defaultMode: 1, allowGroupSwitching: false, forceChanged: false, primaryRanges: RefreshRateRanges{physical: RefreshRateRange{min: 0.000000, max: 120.000000}, render: RefreshRateRange{min: 0.000000, max: 90.000000}}, appRequestRanges: RefreshRateRanges{physical: RefreshRateRange{min: 0.000000, max: 120.000000}, render: RefreshRateRange{min: 0.000000, max: 90.000000}}, idleScreenRefreshRateConfig: (null)} ]
07-08 23:04:13.799  3425  3580 D DisplayManagerService: MSG_REQUEST_TRAVERSAL pendingCompleted=false
07-08 23:04:13.799  4972  5034 E OplusBracketLog: [OplusViewMirrorManager] updateHostViewRootIfNeeded, not support android.view.ViewRootImpl@e39e72
07-08 23:04:13.799  4972  5034 D ViewRootImplExtImpl: wrapConfigInfoIntoFlags rotation=0, smallestScreenWidthDp=0, isAutolayoutSwdpModified=false, residentWS=false, scenario=0, bounds=Rect(0, 0 - 1440, 3168), isFirstDraw=true, relayoutAsync=false, flags=0, newFlags=-486539264, title=Splash Screen rd.sheepskin.sandboxmusic
07-08 23:04:13.800  3425  4615 I OplusHansManager : cgroup failed, freeze uid: 10299 jp.naver.line.android pids: [] scene: LcdOn|FastFreezer from: enterFF
07-08 23:04:13.800  3425  4615 I OplusHansManager : cgroup failed, freeze uid: 10303 com.facebook.orca pids: [] scene: LcdOn|FastFreezer from: enterFF
07-08 23:04:13.800  3425  4615 I OplusHansManager : cgroup failed, freeze uid: 10307 com.shopee.th pids: [] scene: LcdOn|FastFreezer from: enterFF
07-08 23:04:13.800  3425  4788 V WindowManager: Relayout Window{62fc87f u0 Splash Screen rd.sheepskin.sandboxmusic}: viewVisibility=0, oldvis=0, req=1440x3168 , apr = 0, , x=0, y=0
07-08 23:04:13.800  3425  4615 I OplusHansManager : cgroup failed, freeze uid: 10323 com.twitter.android pids: [] scene: LcdOn|FastFreezer from: enterFF
07-08 23:04:13.800  3425  4615 I OplusHansManager : cgroup failed, freeze uid: 10328 me.proton.android.calendar pids: [] scene: LcdOn|FastFreezer from: enterFF
07-08 23:04:13.800  3425  4615 I OplusHansManager : cgroup failed, freeze uid: 10341 me.proton.android.drive pids: [] scene: LcdOn|FastFreezer from: enterFF
07-08 23:04:13.800  3425  4788 I WindowManager: Window{62fc87f u0 Splash Screen rd.sheepskin.sandboxmusic} state from NO_SURFACE to DRAW_PENDING; reason: resetDrawState
07-08 23:04:13.800  3425  4615 I OplusHansManager : cgroup failed, freeze uid: 10357 ch.protonvpn.android pids: [] scene: LcdOn|FastFreezer from: enterFF
07-08 23:04:13.800  3425  4615 I OplusHansManager : cgroup failed, freeze uid: 10429 org.mozilla.firefox pids: [] scene: LcdOn|FastFreezer from: enterFF
07-08 23:04:13.800  3425  4615 I OplusHansManager : cgroup failed, freeze uid: 10438 ch.protonmail.android pids: [] scene: LcdOn|FastFreezer from: enterFF
07-08 23:04:13.800  3425  4615 I OplusHansManager : cgroup failed, freeze uid: 10441 com.jorlek.queqcustomer pids: [] scene: LcdOn|FastFreezer from: enterFF
07-08 23:04:13.800  3425  4615 I OplusHansManager : enter FF, front: -1, frzUids: [10299, 10303, 10307, 10323, 10328, 10341, 10357, 10429, 10438, 10441], impUids: {10039=bound-fg-service, 10180=bound-fg-service, 10305=launcher, 10410=bound-fg-service}, r: cold-start
07-08 23:04:13.801  3425  4788 D WindowManager: NFW_findFocusedWindowIfNeeded:null mCurrentFocus:Window{b2f5e3f u0 com.android.launcher/com.android.quickstep.RecentsActivity}
07-08 23:04:13.801  5001  6134 V OsAgent : broadcastSystemEvent - 7
07-08 23:04:13.801  3425  4788 D WindowManager: attachImeScreenshotOnTargetIfNeeded, mImeHiding = false, requestedVisibleTypes = -9
07-08 23:04:13.801  3425  4788 V WindowManager: Changing focus from Window{b2f5e3f u0 com.android.launcher/com.android.quickstep.RecentsActivity} to null,diplayid=0
07-08 23:04:13.802  3425  4788 D ActivityTaskManager: The isLandscapeFullscreenEnabled is: rd.sheepskin.sandboxmusic/.MainActivity
07-08 23:04:13.802  3425  4788 D ActivityTaskManager: The isLandscapeFullscreenEnabled is: rd.sheepskin.sandboxmusic/.MainActivity
07-08 23:04:13.802  3425  4788 D FlexibleTaskController: isFullToFlexibleAnimating: false
07-08 23:04:13.802  3425  4788 D WindowManager: rotation(ROTATION_0) no changed  displayId = 0, lastOrientation = -1
07-08 23:04:13.802  3425  6076 D BackgroundInstallControlService: Package event received: 0
07-08 23:04:13.803  4972  5034 W VRI[sandboxmusic]: updateBlastSurfaceIfNeeded, surfaceSize:Point(1440, 3168), lastSurfaceSize:Point(0, 0), format:-3, blastBufferQueue:null
07-08 23:04:13.803  4972  5034 D BufferQueueConsumer: [](id:136c00000061,api:0,p:-1,c:4972) connect: controlledByApp=false
07-08 23:04:13.803  4972  5034 D BufferQueueConsumer: [VRI[sandboxmusic]#76(BLAST Consumer)76](id:136c00000061,api:0,p:-1,c:4972) setMaxAcquiredBufferCount: 2
07-08 23:04:13.804  4972  5064 D HWUI    : createSurface new attribs array
07-08 23:04:13.804  4972  5064 D libEGL  : this is from skia gles
07-08 23:04:13.804  4972  5064 D BufferQueueProducer: [VRI[sandboxmusic]#76(BLAST Consumer)76](id:136c00000061,api:1,p:4972,c:4972) connect: api=1 producerControlledByApp=true
07-08 23:04:13.805  4972  5034 I SurfaceControl:  setExtendedRangeBrightness sc=Surface(name=Splash Screen rd.sheepskin.sandboxmusic)/@0x95d62c3,currentBufferRatio=1.0,desiredRatio=1.0
07-08 23:04:13.807  4972  5064 D BLASTBufferQueue: [VRI[sandboxmusic]#76](f:0,a:1) acquireNextBufferLocked size=1440x3168 mFrameNumber=1 applyTransaction=true mTimestamp=8091260666182(auto) mPendingTransactions.size=0 graphicBufferId=21354577396857 transform=0
07-08 23:04:13.807  4972  5064 D VRI[sandboxmusic]: Received frameCommittedCallback lastAttemptedDrawFrameNum=1 didProduceBuffer=true syncBuffer=false
07-08 23:04:13.807  4972  5034 D VRI[sandboxmusic]: draw finished. seqId=0
07-08 23:04:13.808  3425  4788 D WindowManager: onSyncFinishedDrawing: Window{62fc87f u0 Splash Screen rd.sheepskin.sandboxmusic}
07-08 23:04:13.808  3425  4788 I WindowManager: finishDrawing skipLayout:false,syncSeqId=0,mPrepareSyncSeqId=0 Window{62fc87f u0 Splash Screen rd.sheepskin.sandboxmusic} com.android.server.wm.WindowManagerService.finishDrawingWindow:3236 com.android.server.wm.Session.finishDrawing:403 android.view.IWindowSession$Stub.onTransact:807 
07-08 23:04:13.808  3425  4788 I WindowManager: Window{62fc87f u0 Splash Screen rd.sheepskin.sandboxmusic} state from DRAW_PENDING to COMMIT_DRAW_PENDING; reason: finishDrawingLocked
07-08 23:04:13.809  3425  3581 I WindowManager: Window{62fc87f u0 Splash Screen rd.sheepskin.sandboxmusic} state from COMMIT_DRAW_PENDING to READY_TO_SHOW; reason: commitFinishDrawingLocked
07-08 23:04:13.809  3425  3581 D ActivityTaskManager: onStartingWindowDrawn: app=null, mStartingData=SplashScreenStartingData{a6fb895 removeAfterTransaction= 0}, finishing=false,mLaunchedFromBubble=false, mVisibleRequested=true, mDisplayContent=Display{#0 state=ON size=1440x3168 ROTATION_0}, isZoomMode=false
07-08 23:04:13.809  3425  3581 D ActivityTaskManager: commitVisibility: ActivityRecord{35902702 u0 rd.sheepskin.sandboxmusic/.MainActivity t1717}: visible=true visibleRequested=true, isInTransition=true 
07-08 23:04:13.809  3425  3581 I WindowManager: Window{62fc87f u0 Splash Screen rd.sheepskin.sandboxmusic} state from READY_TO_SHOW to HAS_DRAWN; reason: performShowLocked
07-08 23:04:13.809  3425  3581 I WindowStateExtImpl: onSurfaceShowChange show = true mPackageName = rd.sheepskin.sandboxmusic parentPkgName = rd.sheepskin.sandboxmusic
07-08 23:04:13.809  3425  3581 D CoreBackPreview:  return markWindowHasDrawn mComposed: false  mWaitTransition: false
07-08 23:04:13.809  3425  3581 E OplusAppQuickStart_AppQuickStartController: not start from launcher transition:208
07-08 23:04:13.811  3425  3581 D OplusTransitionAnimationManager: activityRecordCount0fullScreenArBeHindStartingWindow null
07-08 23:04:13.811  3425  3581 D OplusTransitionAnimationManager: activityRecordCount0fullScreenArBeHindStartingWindow null
07-08 23:04:13.811  3425  3581 D OplusTransitionAnimationManager: markCanUseSpringSlideAnim for TransitionRecord{7313bbd id=208 track=0 type=OPEN flags=0x0 state=2 c=[
07-08 23:04:13.811  3425  3581 D OplusTransitionAnimationManager:    ChangeInfo{15835b2 container=ActivityRecord{35902702 u0 rd.sheepskin.sandboxmusic/.MainActivity t1717} flags=0x0}
07-08 23:04:13.811  3425  3581 D OplusTransitionAnimationManager:    ChangeInfo{c974903 container=DefaultTaskDisplayArea@75681309 flags=0x0}
07-08 23:04:13.811  3425  3581 D OplusTransitionAnimationManager:    ChangeInfo{ffb3080 container=Display{#0 state=ON size=1440x3168 ROTATION_0} flags=0x0}
07-08 23:04:13.811  3425  3581 D OplusTransitionAnimationManager:    ChangeInfo{9bad6b9 container=WallpaperWindowToken{a8a0a8c showWhenLocked=true} flags=0x0}
07-08 23:04:13.811  3425  3581 D OplusTransitionAnimationManager:    ChangeInfo{e0ffafe container=Task{b3d4bfa #1704 type=recents I=com.android.launcher/com.android.quickstep.RecentsActivity} flags=0x10}
07-08 23:04:13.811  3425  3581 D OplusTransitionAnimationManager:    ChangeInfo{9bb725f container=ActivityRecord{220835727 u0 com.android.launcher/com.android.quickstep.RecentsActivity t1704} flags=0x0}
07-08 23:04:13.811  3425  3581 D OplusTransitionAnimationManager:    ChangeInfo{622d4ac container=Task{d41981c #1717 type=standard A=10447:rd.sheepskin.sandboxmusic} flags=0x30}
07-08 23:04:13.811  3425  3581 D OplusTransitionAnimationManager:    ChangeInfo{2a92575 container=WallpaperWindowToken{e78363a showWhenLocked=false} flags=0x0}
07-08 23:04:13.811  3425  3581 D OplusTransitionAnimationManager: ]
07-08 23:04:13.811  3425  3581 D OplusTransitionAnimationManager: }
07-08 23:04:13.811  3425  3581 D QuickBackInputPolicy: resetInputInterceptState for remoteTransition: false
07-08 23:04:13.812  3425  3581 E SchedAssist: binderSetThreadUxFlagByIoctl: ioctl failed, tid=-1 flag=1 ret=-1 errno=25 (Inappropriate ioctl for device)
07-08 23:04:13.812  4972  4972 D CommandQueueLogger: appTransitionStarting displayId=0 startTime=8091265 duration=120 forced=false
07-08 23:04:13.812  3425  3581 E SchedAssist: binderSetThreadUxFlagByIoctl: ioctl failed, tid=-1 flag=0 ret=-1 errno=25 (Inappropriate ioctl for device)
07-08 23:04:13.812  3425  3581 W WindowManager: captureTaskSnapshot mSnapshotMode= 2 source=Task{b3d4bfa #1704 type=recents I=com.android.launcher/com.android.quickstep.RecentsActivity}
07-08 23:04:13.812 31151 31151 E in.sandboxmusic: Unknown bits set in runtime_flags: 0x40000000
07-08 23:04:13.812  3425  3577 V WindowManager: Sent Transition (#208) createdAt=07-08 23:04:13.767 via request=TransitionRequestInfo { type = OPEN, triggerTask = TaskInfo{userId=0 taskId=1717 effectiveUid=10447 displayId=0 isRunning=true baseIntent=Intent { act=android.intent.action.VIEW dat=sandboxmusic://e2e/... flg=0x14000000 cmp=rd.sheepskin.sandboxmusic/.MainActivity mCallingUid=2000 } baseActivity=ComponentInfo{rd.sheepskin.sandboxmusic/rd.sheepskin.sandboxmusic.MainActivity} topActivity=ComponentInfo{rd.sheepskin.sandboxmusic/rd.sheepskin.sandboxmusic.MainActivity} origActivity=null realActivity=ComponentInfo{rd.sheepskin.sandboxmusic/rd.sheepskin.sandboxmusic.MainActivity}
07-08 23:04:13.812  3425  3577 V WindowManager:  numActivities=1 lastActiveTime=8091233 supportsSplitScreenMultiWindow=true supportsMultiWindow=true supportsPocketStudioMultiWindow=true isInFlexibleEmbedded = false uid = 10447 pid = 0 resizeMode=2 isResizeable=true minWidth=-1 minHeight=-1 defaultMinSize=220 token=WCT{RemoteToken{3f3a3f1 Task{d41981c #1717 type=standard A=10447:rd.sheepskin.sandboxmusic}}} topActivityType=1 pictureInPictureParams=null shouldDockBigOverlays=false launchIntoPipHostTaskId=-1 lastParentTaskIdBeforePip=-1 displayCutoutSafeInsets=Rect(0, 160 - 0, 0)
07-08 23:04:13.812  3425  3577 V WindowManager:  topActivityInfo=ActivityInfo{8166bd6 rd.sheepskin.sandboxmusic.MainActivity} launchCookies=[] positionInParent=Point(0, 0) parentTaskId=-1 isFocused=false isVisible=false isVisibleRequested=false isTopActivityNoDisplay=false isSleeping=false locusId=null displayAreaFeatureId=1 isTopActivityTransparent=false isActivityStackTransparent=false lastNonFullscreenBounds=Rect(352, 845 - 1089, 2285) capturedLink=null capturedLinkTimestamp=0 requestedVisibleTypes=-9 topActivityRequestOpenInBrowserEducationTimestamp=0
07-08 23:04:13.812  3425  3577 V WindowManager:  appCompatTaskInfo=AppCompatTaskInfo { topActivityInSizeCompat=false topActivityInOplusCompatMode=false eligibleForLetterboxEducation= false isLetterboxEducationEnabled= false isLetterboxDoubleTapEnabled= false eligibleForUserAspectRatioButton= false topActivityBoundsLetterboxed= false isFromLetterboxDoubleTap= false topActivityLetterboxVerticalPosition= -1 topActivityLetterboxHorizontalPosition= -1 topActivityLetterboxWidth=-1 topActivityLetterboxHeight=-1 topActivityAppBounds=Rect(0, 0 - 1440, 3168) isUserFullscreenOverrideEnabled=false isSystemFullscreenOverrideEnabled=false hasMinAspectRatioOverride=false topActivityLetterboxBounds=null cameraCompatTaskInfo=CameraCompatTaskInfo { freeformCameraCompatMode=inactive}} topActivityMainWindowFrame=null topActivityLetterboxInsets=Rect(0, 0 - 0, 0)
07-08 23:04:13.812  3425  3577 V WindowManager:  mOplusExtraBundle = Bundle[{androidx.flexible.taskFrame=Rect(0, 0 - 0, 0), androidx.flexible.Alpha=1.0, androidx.activity.task.attach.blur=0, androidx.flexible.task_snapshot_mode=0, androidx.activity.LaunchInsensible=0, androidx.activity.LaunchCornerRadius=0, key_flexible_task_state=0, topActivitySupportAppInnerSplit=false, key_flexible_task_animating_type=-1, key_flexible_task_root_activity_processname=rd.sheepskin.sandboxmusic, androidx.activity.LaunchScenario=0, is_oplus_clone_task=false, flexible_super_mini_state=false, topRunningActivityHash=35902702, flexible.floatwindow.is_multi_instance=false, androidx.activity.LaunchScale=1.0, androidx.activity.LaunchShadowRadius=0, is_transient_hide_for_task_info=false, androidx.activity.key_flexible_task_pending_exit_to=0, key_flexible_task_root_activity_pid=0, key_flexible_task_root_activity_uid=10447}]}, pipChange = null, remoteTransition = null, displayChange = null, flags = 0, debugId = 208 }
07-08 23:04:13.812 31151 31151 I in.sandboxmusic: Using generational CollectorTypeCMC GC.
07-08 23:04:13.812  3425  3577 V WindowManager:     startWCT=WindowContainerTransaction { changes= {} hops= [] errorCallbackToken=null taskFragmentOrganizer=null }
07-08 23:04:13.812  4972 14387 V WindowManagerShell: onTransitionReady(transaction=14710263004232)
07-08 23:04:13.812  3425  3577 V WindowManager:     info={id=208 t=OPEN f=0x0 trk=0 r=[0@Point(0, 0)] c=[
07-08 23:04:13.812  3425  3577 V WindowManager:         {WCT{RemoteToken{3f3a3f1 Task{d41981c #1717 type=standard A=10447:rd.sheepskin.sandboxmusic}}} m=OPEN f=MOVE_TO_TOP leash=Surface(name=Task=1717)/@0x64fb714 sb=Rect(0, 0 - 1440, 3168) eb=Rect(0, 0 - 1440, 3168) epz=Point(1440, 3168) d=0 taskParent=-1},
07-08 23:04:13.812  3425  3577 V WindowManager:         {WCT{RemoteToken{526dfe9 Task{b3d4bfa #1704 type=recents I=com.android.launcher/com.android.quickstep.RecentsActivity}}} m=TO_BACK f=SHOW_WALLPAPER leash=Surface(name=Task=1704)/@0xeb8e81f sb=Rect(0, 0 - 1440, 3168) eb=Rect(0, 0 - 1440, 3168) epz=Point(1440, 3168) d=0 taskParent=-1}
07-08 23:04:13.812  3425  3577 V WindowManager:     ] 
07-08 23:04:13.812  3425  3577 V WindowManager: extendInfo=[
07-08 23:04:13.812  3425  3577 V WindowManager:  OplusTransitionExtendedInfo{mTmpFinishT=null, mInOplusCompatMode=false, mIsProcessRunning=false, mHasMismatchBoundsTarget=false, mRecentsController=null, mRemoteTransition=null, mIsTranslucentActivityToHome=false, mAvoidInterceptKeyEventToHome=false, mIsFromHome=false, mParentLeash=null, mBackAnimClosingLeash=null, mReparentToRecentsSurface=null, mIsOplusAnimRes=false, mKeepBgForContinuous=false, mIsBalAllow=true, mHasCloseWallpaperRemoved=false, mTaskNotInRecent=false, mIsPredictiveBackAnim=false, mIsMergedWithPredictive=false, mIsLaunchFromSpruce=false, mIsLaunchFromDrive=false, mGlobalSearchPageSwitch=false, mNeedNoAlphaGlobalSearchScene=false, mAssistScreenShowing=false, mSwipeUpBrowserScreenShowing=false, mUserIdTransition=0
07-08 23:04:13.812  3425  3577 V WindowManager: , mInRemoteScene=false, mInPreReady=false, mPreStart=false, mToken=null, mAbortByRemoteFromHome=false, mShellApplyToken=null, mRequestTransitionTaskId=1717, mAbortTransitionOnShell=0, mStartFromShortcut=false, mRemovedTaskId=-1, mTransitionInterruptType=0, mMergeSecondTaskId=-1, mIsStartAheadSpruce=false, mTaskIdStartFromRecents=0, mTransitionId=208, mCanUseSpringSlideAnim=true, mTransitionLaunchFrom=0, mFoldChangeType=-1, mAnimStartingPosition=[0, 0, 0, 0], mIsOpeningStkDialogActivity=false, mSecondaryHomeToFrontWhenUnFolding=false, mIsNeedApplyStartTForEmbedded=false
07-08 23:04:13.812  3425  3577 V WindowManager: , mNeedCanvasExitAnim=false, mMergeSecondTaskAnimation=false, mIsLaunchUnityStart=false, mIsLaunchFromAssistantByDefault=false, mSkipRemoteTransitionfalse, mPromoteTaskWhenKeyguard-1, mIsStartFromKeyguard=false, mMatchRemoteFilter=false flags=0x0, mFlexibleTaskIdList=[], mExpectEndRectState=-1, mFlexibleWindowForRecentTasks=false, mRecentTaskIdList=[], mWCT=null, mIsOpenMergeToInValidPredictive=false, mRootLayerZOrderArray={}}]}
07-08 23:04:13.813  4972  5022 V WindowManagerShell: onTransitionReady (#208) android.os.BinderProxy@54ee70e: {id=208 t=OPEN f=0x0 trk=0 r=[0@Point(0, 0)] c=[
07-08 23:04:13.813  4972  5022 V WindowManagerShell:         {m=OPEN f=MOVE_TO_TOP leash=Surface(name=Task=1717)/@0x86bebb1 sb=Rect(0, 0 - 1440, 3168) eb=Rect(0, 0 - 1440, 3168) epz=Point(1440, 3168) d=0 taskParent=-1},
07-08 23:04:13.813  4972  5022 V WindowManagerShell:         {m=TO_BACK f=SHOW_WALLPAPER leash=Surface(name=Task=1704)/@0x3a97896 sb=Rect(0, 0 - 1440, 3168) eb=Rect(0, 0 - 1440, 3168) epz=Point(1440, 3168) d=0 taskParent=-1}
07-08 23:04:13.813  4972  5022 V WindowManagerShell:     ] 
07-08 23:04:13.813  4972  5022 V WindowManagerShell: extendInfo=[
