07-08 17:56:08.851  3414  4405 I VibrationEffectConvertor: userid = 0, packageName = com.google.android.tts
07-08 17:56:08.851  3414  4410 W MagnificationConnectionManager: requestConnection duplicated request: connect=false, mConnectionState=DISCONNECTED
07-08 17:56:08.851  3414  4405 I VibrationEffectConvertor: userid = 0, packageName = helium314.keyboard
07-08 17:56:08.851  3414  4405 I VibrationEffectConvertor: userid = 0, packageName = com.google.android.inputmethod.latin
07-08 17:56:08.851  3414  4405 I VibrationEffectConvertor: userid = 0, packageName = com.oplus.securitykeyboard
07-08 17:56:08.864  3414  3414 D AccessibilityManagerService: [updateInputFilter] flags = 4, mInputFilter=com.android.server.accessibility.AccessibilityInputFilter@bebb322, mHasInputFilter=true, mForceSetInputFilter=false
07-08 17:56:11.053  3414  3441 E BatteryStatsService: Invalid uid for waking network packet: -1
07-08 17:56:12.461  3414  3441 E BatteryStatsService: Invalid uid for waking network packet: -1
07-08 17:56:12.730  3414  4859 D NotificationService--OplusNotificationFixHelper: fixAppIcon: pkg=org.unifiedpush.distributor.sunup
07-08 17:56:12.730  3414  4859 D NotificationService--OplusNotificationFixHelper: fixAppIcon: appIcon = null, pkg = org.unifiedpush.distributor.sunup
07-08 17:56:12.732  3414  4859 I OplusStatusBarManagerServiceEnhance:  getTopIsFullscreen mTopIsFullscreen: false
07-08 17:56:12.732  3414  4859 W ActivityManager: Permission Denial: getTopApplicationInfo from pid=4756, uid=10533 requires oplus.permission.OPLUS_COMPONENT_SAFE
07-08 17:56:12.733  3414  3414 D NotificationService--OplusNotificationManagerServiceExtImpl: isForwardToAssistants: true, case : Is local notification
07-08 17:56:12.733  3414  3414 D NotificationService: This application enqueue notifications is need postDelayed mcsAssistantDelayTime: 200
07-08 17:56:12.943  3414  3414 D LockSettingsService: [getSeparateProfileChallengeEnabled] userId = 12
07-08 17:56:12.943  3414  3414 D LockSettingsService: [getSeparateProfileChallengeEnabled] userId = 12
07-08 17:56:13.513  3414  3673 D BatteryStatsImplExtImpl: mActiveProcesses size = 70
07-08 17:56:13.513  3414  3673 D BatteryStatsImplExtImpl: rpmhStats is null or interval time is too short.
07-08 17:56:13.709  3414  4859 E BatteryStatsService: Invalid uid for waking network packet: -1
07-08 17:56:13.941  3414  4359 V AlarmManager: sending alarm Alarm{c31909a type 3 origWhen 365988721 whenElapsed 365988721 android} uid 1000 whenElapsed 365988721 windowLength 0 maxWhenElapsed 365988721 repeatInterval 0 action null component null tag *job.delay* flags 0x0 procName system_server
07-08 17:56:13.948  3414  4359 V AlarmManager: sending alarm Alarm{aa109a8 type 3 origWhen 365940103 whenElapsed 365940103 com.whatsapp} uid 10422 whenElapsed 365940103 windowLength 179999 maxWhenElapsed 366120102 repeatInterval 0 action com.whatsapp.alarm.CLIENT_PING_PERIODIC component null flags 0x8 procName com.whatsapp
07-08 17:56:13.950  3414  4359 V AlarmManager: sending alarm Alarm{7727cc1 type 3 origWhen 365953903 whenElapsed 365953903 com.oplus.metis} uid 10126 whenElapsed 365953903 windowLength 225000 maxWhenElapsed 366178903 repeatInterval 300000 action oplus.intent.action.SORT_ALARM_ACTION component null flags 0x8 procName com.oplus.metis
07-08 17:56:13.966  3414  8731 W PackageManager: package org.unifiedpush.distributor.sunup uid 10533 pid 4756 call SetEnabledSetting(org.unifiedpush.distributor.sunup component = org.unifiedpush.android.distributor.activity.LinkActivity, 1, 0)
07-08 17:56:13.967  3414  8731 W PackageManager: package org.unifiedpush.distributor.sunup uid 10533 pid 4756 call SetEnabledSetting(org.unifiedpush.distributor.sunup component = org.unifiedpush.distributor.sunup.receivers.RegisterBroadcastReceiver, 1, 0)
07-08 17:56:14.436  3414  8465 D NotificationService--OplusNotificationFixHelper: fixAppIcon: pkg=org.unifiedpush.distributor.sunup
07-08 17:56:14.436  3414  8465 D NotificationService--OplusNotificationFixHelper: fixAppIcon: appIcon = null, pkg = org.unifiedpush.distributor.sunup
07-08 17:56:14.437  3414  8465 I OplusStatusBarManagerServiceEnhance:  getTopIsFullscreen mTopIsFullscreen: false
07-08 17:56:14.437  3414  8465 W ActivityManager: Permission Denial: getTopApplicationInfo from pid=4756, uid=10533 requires oplus.permission.OPLUS_COMPONENT_SAFE
07-08 17:56:14.439  3414  3414 D NotificationService--OplusNotificationManagerServiceExtImpl: isForwardToAssistants: true, case : Is local notification
07-08 17:56:14.439  3414  3414 D NotificationService: This application enqueue notifications is need postDelayed mcsAssistantDelayTime: 200
07-08 17:56:14.643  3414  3414 D LockSettingsService: [getSeparateProfileChallengeEnabled] userId = 12
07-08 17:56:14.643  3414  3414 D LockSettingsService: [getSeparateProfileChallengeEnabled] userId = 12
07-08 17:56:17.117  3414  3693 D osense.compress: try do inactive compress task
07-08 17:56:17.118  3414  3693 D osense.compress: inactive do shrink, target ratio = 27, final ratio = 55, cur ratio = 0
07-08 17:56:22.286  3414  4859 E BatteryStatsService: Invalid uid for waking network packet: -1
07-08 17:56:27.437  3414  4859 E BatteryStatsService: Invalid uid for waking network packet: -1
07-08 17:56:32.334  3414  4859 E BatteryStatsService: Invalid uid for waking network packet: -1
07-08 17:56:37.453  3414  8731 E BatteryStatsService: Invalid uid for waking network packet: -1
--------- beginning of main
07-08 17:56:37.768  2015  2142 D BatteryChargeControl: bcc get no support from charging protocol
07-08 17:56:37.776  1890  2045 I [UAH_CLIENT]: UahPlatformResAcquire
07-08 17:56:37.777  1890  2045 I [UAH_CLIENT]: UahEventAcquire, cmdid:-3, pkg:2141 7899, identity:qcom-perfd
07-08 17:56:37.781  1890  2036 E ANDR-PERF-RESOURCEQS: ANDR-PERF-RESOURCEQS: AddAndApply() 125: Resource with major=16, minor=0 not supported
07-08 17:56:37.796  4131  4162 I APS_ALOG: flushRoutine g_immediateFlush=0 g_pendingCount=0 g_oobCount=0
07-08 17:56:37.799  1890 20193 I [UAH_CLIENT]: UahRelease, handle:299370
07-08 17:56:37.810  3414  4308 I CwbClient: setCWBDisplayType set mFeatureID = CWB_RGB_VALUE
07-08 17:56:37.830  2141  3457 E HwcComposer: getLuts failed Status(-129, EX_TRANSACTION_FAILED): 'UNKNOWN_TRANSACTION: '
07-08 17:56:37.900  1884  2196 I SDM     : DisplayBase::CommitThread: Received idle timeout, panel: cmd, timeout: 70000 us
07-08 17:56:37.908  3414  4859 D ConnectivityService: requestNetwork for uid/pid:10114/8953 activeRequest: null callbackRequest: 70489 [NetworkRequest [ REQUEST id=70490, [ Capabilities: INTERNET&NOT_RESTRICTED&TRUSTED&NOT_VCN_MANAGED&NOT_BANDWIDTH_CONSTRAINED Uid: 10114 RequestorUid: 10114 RequestorPkg: com.oplus.ndsf UnderlyingNetworks: Null] ]] callback flags: 0 order: 2147483647 isUidTracked: false declaredMethods: AVAIL|LOST|NC
07-08 17:56:37.914  3414  4437 D OemPaidWifiNetworkFactory: got request NetworkRequest [ REQUEST id=70490, [ Capabilities: INTERNET&NOT_RESTRICTED&TRUSTED&NOT_VCN_MANAGED&NOT_BANDWIDTH_CONSTRAINED Uid: 10114 RequestorUid: 10114 RequestorPkg: com.oplus.ndsf UnderlyingNetworks: Null] ]
07-08 17:56:37.914  3414  4437 D MultiInternetWifiNetworkFactory: got request NetworkRequest [ REQUEST id=70490, [ Capabilities: INTERNET&NOT_RESTRICTED&TRUSTED&NOT_VCN_MANAGED&NOT_BANDWIDTH_CONSTRAINED Uid: 10114 RequestorUid: 10114 RequestorPkg: com.oplus.ndsf UnderlyingNetworks: Null] ]
07-08 17:56:37.915  3414  4437 D WifiNetworkFactory: got request NetworkRequest [ REQUEST id=70490, [ Capabilities: INTERNET&NOT_RESTRICTED&TRUSTED&NOT_VCN_MANAGED&NOT_BANDWIDTH_CONSTRAINED Uid: 10114 RequestorUid: 10114 RequestorPkg: com.oplus.ndsf UnderlyingNetworks: Null] ]
07-08 17:56:37.915  3414  4437 D UntrustedWifiNetworkFactory: got request NetworkRequest [ REQUEST id=70490, [ Capabilities: INTERNET&NOT_RESTRICTED&TRUSTED&NOT_VCN_MANAGED&NOT_BANDWIDTH_CONSTRAINED Uid: 10114 RequestorUid: 10114 RequestorPkg: com.oplus.ndsf UnderlyingNetworks: Null] ]
07-08 17:56:37.916  3414  4444 D ConnectivityService: NetReassign [70490 : null ÔåÆ 116] [c 0] [a 3] [i 4]
07-08 17:56:37.917  8953  9662 I NDSF.Server.QueryHostWorker: enter doWork
07-08 17:56:37.917  8953  9662 I NDSF.Server.QueryHostWorker: region = UK,code = SEA
07-08 17:56:37.917  2015  2140 D vendor.oplus.hardware.charger-V10-service: ret_value:124, read content:,363,363,4145,4145,-141,78,81,1,1,0,456,5000,81,1,4430,300,500,0,5,4500,5,0,1,0,2,0,0,0,1,5397,93,0,3612,4658,0,0,0,0,0,105
07-08 17:56:37.917  2015  2140 D vendor.oplus.hardware.charger-V10-service: gmtime: 2026-07-08-17-56-37
07-08 17:56:37.918  2015  2140 D vendor.oplus.hardware.charger-V10-service: usb_online:1, ac_online:-2147483648, wireless_online:0
07-08 17:56:37.918  3031 16235 V Capacitor/Plugin: To native (Capacitor plugin): callbackId: 8590559, pluginId: NativeExoPlayback, methodName: getStatus
07-08 17:56:37.918  3031  3031 I Capacitor/Console: File:  - Line 349 - Msg: [object Object]
07-08 17:56:37.919  3031 16235 V Capacitor: callback: 8590559, pluginId: NativeExoPlayback, methodName: getStatus, methodData: {}
07-08 17:56:37.920  8953  9007 I WM-WorkerWrapper: Worker result SUCCESS for Work [ id=2cd2c651-687c-4e1b-a3d7-47621842a6e3, tags={ com.oplus.ndsf.server.worker.QueryHostWorker, NDSFTag } ]
07-08 17:56:37.924  3031  3031 I Capacitor/Console: File:  - Line 333 - Msg: {"available":true,"wired":true,"message":"ExoPlayer decode active ÔÇö content:// locker bridge + HTTP streams.","state":"idle","positionSecs":0,"durationSecs":0,"queueIndex":0,"queueLength":0,"gaplessEnabled":false,"crossfadeEnabled":false,"bitPerfectActive":false}
07-08 17:56:37.925  3414  4859 W PackageManager: package com.oplus.ndsf uid 10114 pid 8953 call SetEnabledSetting(com.oplus.ndsf component = androidx.work.impl.background.systemalarm.RescheduleReceiver, 2, 0)
07-08 17:56:37.927  1730  8338 E         : DNS_CACHE: hanle request << lookupdns: hostname:version1-uk.0.0, servername:^, ai_flags:1024, ai_family:0, ai_socktype:1, ai_protocol:0, netid:0, uid:10114
07-08 17:56:37.928  8953 10990 D DNS_CACHE: oplus_oplus_getaddrinfo_proxy lookup from netd: hostname:version1-uk.0.0, servname:(null) uid: 10114, result_code:408, res = 0x0, found = 0
07-08 17:56:37.933  5703  7977 D CommonApp-116-10447: transport layer data is invalid
07-08 17:56:37.934  5703  7977 D CommonApp-116-10162: transport layer data is invalid
07-08 17:56:37.972  8953 10990 E NDSF.Server.QueryHostWorker: CloudConfig throwable:µ£¬Õî╣ÚàìÕê░þ¼ªÕÉêµØíõ╗ÂþÜäµò░µì« µ£¬Õî╣ÚàìÕê░þ¼ªÕÉêµØíõ╗ÂþÜäµò░µì« [com.heytap.nearx.cloudconfig.impl.ObservableQueryExecutor$queryEntities$1.invoke(SourceFile:3), com.heytap.nearx.cloudconfig.impl.ObservableQueryExecutor$queryEntities$1.invoke(SourceFile:1), com.heytap.nearx.cloudconfig.observable.Observable$map$1$call$1.invoke(SourceFile:2), com.heytap.nearx.cloudconfig.observable.Observable$map$1$call$1.invoke(SourceFile:1), com.heytap.nearx.cloudconfig.observable.RealSubscriber.invoke(SourceFile:2), com.heytap.nearx.cloudconfig.observable.RealSubscriber.invoke(SourceFile:1), com.heytap.nearx.cloudconfig.observable.Observable$Companion.safeInvoke(SourceFile:4), com.heytap.nearx.cloudconfig.observable.Observable$Companion.access$safeInvoke(SourceFile:0), com.heytap.nearx.cloudconfig.observable.Observable$observeOn$1$call$1$1.run(SourceFile:8), java.util.concurrent.ThreadPoolExecutor.runWorker(ThreadPoolExecutor.java:1100), java.util.concurrent.ThreadPoolExecutor$Worker.run(ThreadPoolExecutor.java:624), java.lang.Thread.run(Thread.java:1572)]
07-08 17:56:37.973  8953 10990 E NDSF.Server.QueryHostWorker: [tryCache] no cache host
07-08 17:56:37.973  8953 10990 I NDSF.Server.QueryHostWorker: registerTimeSetBroadcast
07-08 17:56:37.975  3414  4859 W ActivityManager: Receiver with filter android.content.IntentFilter@dbc5295 already registered for pid 8953, callerPackage is com.oplus.ndsf
07-08 17:56:37.975  5522  5756 D DnsDomainBlock: onDnsEvent: latencyMs=41, returnCode=7, uid=10114
07-08 17:56:37.976  8953 10990 I NDSF.Server.QueryHostWorker: appendOrReplaceQueryHostWorker
07-08 17:56:37.985  3414  4859 W PackageManager: package com.oplus.ndsf uid 10114 pid 8953 call SetEnabledSetting(com.oplus.ndsf component = androidx.work.impl.background.systemalarm.RescheduleReceiver, 1, 0)
07-08 17:56:37.994  3414  4859 D ConnectivityService: requestNetwork for uid/pid:1000/3414 asUid: 10114 activeRequest: null callbackRequest: 70491 [NetworkRequest [ REQUEST id=70492, [ Capabilities: INTERNET&NOT_RESTRICTED&TRUSTED&NOT_VCN_MANAGED&NOT_BANDWIDTH_CONSTRAINED Uid: 10114 RequestorUid: 1000 RequestorPkg: android UnderlyingNetworks: Null] ]] callback flags: 0 order: 2147483647 isUidTracked: false declaredMethods: AVAIL|LOST|BLK
07-08 17:56:38.000  3414  4437 D OemPaidWifiNetworkFactory: got request NetworkRequest [ REQUEST id=70492, [ Capabilities: INTERNET&NOT_RESTRICTED&TRUSTED&NOT_VCN_MANAGED&NOT_BANDWIDTH_CONSTRAINED Uid: 10114 RequestorUid: 1000 RequestorPkg: android UnderlyingNetworks: Null] ]
07-08 17:56:38.001  3414  4437 D MultiInternetWifiNetworkFactory: got request NetworkRequest [ REQUEST id=70492, [ Capabilities: INTERNET&NOT_RESTRICTED&TRUSTED&NOT_VCN_MANAGED&NOT_BANDWIDTH_CONSTRAINED Uid: 10114 RequestorUid: 1000 RequestorPkg: android UnderlyingNetworks: Null] ]
07-08 17:56:38.001  3414  4437 D WifiNetworkFactory: got request NetworkRequest [ REQUEST id=70492, [ Capabilities: INTERNET&NOT_RESTRICTED&TRUSTED&NOT_VCN_MANAGED&NOT_BANDWIDTH_CONSTRAINED Uid: 10114 RequestorUid: 1000 RequestorPkg: android UnderlyingNetworks: Null] ]
07-08 17:56:38.002  3414  4437 D UntrustedWifiNetworkFactory: got request NetworkRequest [ REQUEST id=70492, [ Capabilities: INTERNET&NOT_RESTRICTED&TRUSTED&NOT_VCN_MANAGED&NOT_BANDWIDTH_CONSTRAINED Uid: 10114 RequestorUid: 1000 RequestorPkg: android UnderlyingNetworks: Null] ]
07-08 17:56:38.002  3414  4444 D ConnectivityService: NetReassign [70492 : null ÔåÆ 116] [c 1] [a 1] [i 5]
07-08 17:56:38.005  3414  4177 E OsenseCommonUtils: write /dev/memcg/memory.force_shrink_file failed
07-08 17:56:38.005  3414  4177 E OsenseCommonUtils: java.io.IOException: write failed: EBUSY (Device or resource busy)
07-08 17:56:38.005  3414  4177 E OsenseCommonUtils: 	at libcore.io.IoBridge.write(IoBridge.java:651)
07-08 17:56:38.005  3414  4177 E OsenseCommonUtils: 	at java.io.FileOutputStream.write(FileOutputStream.java:436)
07-08 17:56:38.005  3414  4177 E OsenseCommonUtils: 	at sun.nio.cs.StreamEncoder.writeBytes(StreamEncoder.java:233)
07-08 17:56:38.005  3414  4177 E OsenseCommonUtils: 	at sun.nio.cs.StreamEncoder.implFlushBuffer(StreamEncoder.java:309)
07-08 17:56:38.005  3414  4177 E OsenseCommonUtils: 	at sun.nio.cs.StreamEncoder.implFlush(StreamEncoder.java:313)
07-08 17:56:38.005  3414  4177 E OsenseCommonUtils: 	at sun.nio.cs.StreamEncoder.flush(StreamEncoder.java:153)
07-08 17:56:38.005  3414  4177 E OsenseCommonUtils: 	at java.io.OutputStreamWriter.flush(OutputStreamWriter.java:248)
07-08 17:56:38.005  3414  4177 E OsenseCommonUtils: 	at com.android.server.oplus.osense.utils.OsenseCommonUtils.writeFile(OsenseCommonUtils.java:163)
07-08 17:56:38.005  3414  4177 E OsenseCommonUtils: 	at com.android.server.am.OplusOsenseCompressAction.doGlobalShrink(OplusOsenseCompressAction.java:1884)
07-08 17:56:38.005  3414  4177 E OsenseCommonUtils: 	at com.android.server.am.OplusOsenseCompressAction.-$$Nest$mdoGlobalShrink(OplusOsenseCompressAction.java:0)
07-08 17:56:38.005  3414  4177 E OsenseCommonUtils: 	at com.android.server.am.OplusOsenseCompressAction$CompressHandler.handleMessage(OplusOsenseCompressAction.java:1294)
07-08 17:56:38.005  3414  4177 E OsenseCommonUtils: 	at android.os.Handler.dispatchMessage(Handler.java:116)
07-08 17:56:38.005  3414  4177 E OsenseCommonUtils: 	at android.os.Looper.loopOnce(Looper.java:306)
07-08 17:56:38.005  3414  4177 E OsenseCommonUtils: 	at android.os.Looper.loop(Looper.java:416)
07-08 17:56:38.005  3414  4177 E OsenseCommonUtils: 	at android.os.HandlerThread.run(HandlerThread.java:85)
07-08 17:56:38.005  3414  4177 E OsenseCommonUtils: Caused by: android.system.ErrnoException: write failed: EBUSY (Device or resource busy)
07-08 17:56:38.005  3414  4177 E OsenseCommonUtils: 	at libcore.io.Linux.writeBytes(Native Method)
07-08 17:56:38.005  3414  4177 E OsenseCommonUtils: 	at libcore.io.Linux.write(Linux.java:342)
07-08 17:56:38.005  3414  4177 E OsenseCommonUtils: 	at libcore.io.ForwardingOs.write(ForwardingOs.java:970)
07-08 17:56:38.005  3414  4177 E OsenseCommonUtils: 	at libcore.io.BlockGuardOs.write(BlockGuardOs.java:463)
07-08 17:56:38.005  3414  4177 E OsenseCommonUtils: 	at libcore.io.IoBridge.write(IoBridge.java:646)
07-08 17:56:38.005  3414  4177 E OsenseCommonUtils: 	... 14 more
07-08 17:56:38.010  1854 27779 I sensors-hal: handle_oplus_wise_rgb_event:189, high_pwm_light:lux 90.8,cct 8272.9,brl/algo/ir 36.0/2.0/84.2,pwm/dc 0.0/0.0,rgbc 4047.418945/2267.865967/1596.929321/6771.532715,ts 366012785160643,cnt 23473,flag 0
07-08 17:56:38.011  3414  4308 D FusionLightNextGen: raw_lux 87.5, raw_cct -1.0, r/g/b/c: 4047.4/2267.9/1596.9/6771.5, R/G/B: 28.0/27.0/24.0, bri 36.0, lux: 86.985435, cct: 6194.6, ir: 0.084625, conf: 5, cnt: 0
07-08 17:56:38.012  3414  6103 I AICCTModule: SensorFilter: brightness threshold 1.2 screenNit is 2.012943 ave enviroment lux is 86.81499 luxForNit 76.24975demarcationPoint200.0 result is false
07-08 17:56:38.012  3414  6103 I AICCTModule: SensorFilter: findSecondNearestValue, sensorValue: 6194.5884 nearestMaxValue:6194.5884 secondNearestValue: 6023.782
07-08 17:56:38.012  3414  6103 I AICCTModule: SensorFilter: findSecondNearestValue, sensorValue: 86.985435 nearestMaxValue:86.985435 secondNearestValue: 86.79064
07-08 17:56:38.065  1854 27849 I sensors-hal: handle_sns_std_sensor_event:104, oplus rgb_rear sample: (cct, lux, ir, x, y)[13498, 0, 300000, 368, 140]
07-08 17:56:38.065  1854 27849 I sensors-hal: handle_sns_std_sensor_event:106, oplus rgb_rear sample: (r, g, b, c w)[2, 1, 2, 1, 3]
07-08 17:56:38.098  1854 10286 I sensors-hal: handle_sns_client_event:316, accel_sample: 0: ts=366012834140487 ns; value = [0.182857, 0.370802, 9.883265], status=3
07-08 17:56:38.166  2015  6827 D charge_time: write 10303s(02:51:43) to ttf, rc=7
07-08 17:56:38.167  2015  6827 D charge_time: type=sdp,reserve_soc=3,soc=78,ui_soc=81,current=139,avg=139,not_chg_cnt=0,stable_cnt=7,fcc=4658,fcc_ratio=91,delta=618,debug=0,region=13,ttf=10227(02:50:27),ui_ttf=10303(02:51:43)
07-08 17:56:38.368  3031 16235 V Capacitor/Plugin: To native (Capacitor plugin): callbackId: 8590560, pluginId: NativeExoPlayback, methodName: getStatus
07-08 17:56:38.368  3031 16235 V Capacitor: callback: 8590560, pluginId: NativeExoPlayback, methodName: getStatus, methodData: {}
07-08 17:56:38.369  3031  3031 I Capacitor/Console: File:  - Line 349 - Msg: [object Object]
07-08 17:56:38.377  3031  3031 I Capacitor/Console: File:  - Line 333 - Msg: {"available":true,"wired":true,"message":"ExoPlayer decode active ÔÇö content:// locker bridge + HTTP streams.","state":"idle","positionSecs":0,"durationSecs":0,"queueIndex":0,"queueLength":0,"gaplessEnabled":false,"crossfadeEnabled":false,"bitPerfectActive":false}
07-08 17:56:38.420  1730  8338 E         : DNS_CACHE: hanle request << lookupdns: hostname:test-gateway.instagram.com, servername:443, ai_flags:1024, ai_family:0, ai_socktype:2, ai_protocol:0, netid:0, uid:10526
07-08 17:56:38.420  8945  9228 D DNS_CACHE: oplus_oplus_getaddrinfo_proxy lookup from netd: hostname:test-gateway.instagram.com, servname:443 uid: 10526, result_code:408, res = 0x0, found = 0
07-08 17:56:38.432  8945  9225 E msys    : E[N mns:DGWClient]_LogError(328)=>Failed to resolve using system DNS resolver, getaddrinfo(): No address associated with hostname
07-08 17:56:38.611  1854 27844 I sensors-hal: handle_oplus_wise_rgb_event:160, wise_rgb:(23476)(cct,lux,ir)[8252.30, 90.27, 85.354019](rgbc)[4062.69, 2267.87, 1596.93, 6771.53](pwm,hbm,brl,algo)[0.0 0.0 36.0 2.0],flag 0
07-08 17:56:38.760  8931 25883 D gaia-GaiaConnectChecker: start connect check++
07-08 17:56:38.770  2015  2142 D BatteryChargeControl: bcc get no support from charging protocol
07-08 17:56:38.927  3414  3784 I AppsFilter: interaction: PackageSetting{2bf2628 com.android.microdroid.empty_payload/10275} -> PackageSetting{b439a02 com.oplus.ndsf/10114} BLOCKED
07-08 17:56:38.928  3414  3784 I AppsFilter: interaction: PackageSetting{8acca2b rd.sheepskin.sandboxmusic/10447} -> PackageSetting{b439a02 com.oplus.ndsf/10114} BLOCKED
07-08 17:56:38.929  3414  3784 I AppsFilter: interaction: PackageSetting{41019c3 com.oplus.locationproxy/10173} -> PackageSetting{b439a02 com.oplus.ndsf/10114} BLOCKED
07-08 17:56:38.929  3414  3784 I AppsFilter: interaction: PackageSetting{2869240 com.android.certinstaller/10210} -> PackageSetting{b439a02 com.oplus.ndsf/10114} BLOCKED
07-08 17:56:38.929  3414  3784 I AppsFilter: interaction: PackageSetting{cd08f1f com.oplus.location/10218} -> PackageSetting{b439a02 com.oplus.ndsf/10114} BLOCKED
07-08 17:56:38.948  3414  3414 D LockSettingsService: [getSeparateProfileChallengeEnabled] userId = 12
07-08 17:56:38.958  3414  4410 I LocaleConfig: parseLocaleConfig: resourceName=com.teslacoilsw.launcher:xml/_generated_res_locale_config
07-08 17:56:38.958  5703  7977 D CommonApp-116-10447: transport layer data is invalid
07-08 17:56:38.958  5703  7977 D CommonApp-116-10162: transport layer data is invalid
07-08 17:56:38.958  3414  4410 I LocaleConfig: parseLocaleConfig: mLocales=[de,hi,en_US,pt,ms_MY,lt,en_IN,hr,lv,hu,zh_CN,uk,hy_AM,mk,mn,id,af,ka_GE,mr,el,it,am,my,es,he,fr_CA,et,ar,pt_PT,vi,nb,ja,az,id_ID,et_EE,fa,zu,ro,nl,en_GB,km_KH,fi,ru,bg,bn,fr,si,sk,sl,es_US,lo_LA,he_IL,ca,sr,kn,sv,ko,sw,zh_TW,zh_HK,ta,cs,th,tl,pl,da,tr,mn_MN] defaultLocale=en-US
07-08 17:56:38.958  3414  4405 I VibrationEffectConvertor: onInputMethodListUpdated received, info.size = 4
07-08 17:56:38.958  3414  4405 I VibrationEffectConvertor: userid = 0, packageName = com.google.android.tts
07-08 17:56:38.958  3414  4405 I VibrationEffectConvertor: userid = 0, packageName = helium314.keyboard
07-08 17:56:38.958  3414  4405 I VibrationEffectConvertor: userid = 0, packageName = com.google.android.inputmethod.latin
07-08 17:56:38.958  3414  4405 I VibrationEffectConvertor: userid = 0, packageName = com.oplus.securitykeyboard
07-08 17:56:38.958  3414  4410 I LocaleConfig: parseLocaleConfig: resourceName=com.teslacoilsw.launcher:xml/_generated_res_locale_config
07-08 17:56:38.959  3414  4410 I LocaleConfig: parseLocaleConfig: mLocales=[de,hi,en_US,pt,ms_MY,lt,en_IN,hr,lv,hu,zh_CN,uk,hy_AM,mk,mn,id,af,ka_GE,mr,el,it,am,my,es,he,fr_CA,et,ar,pt_PT,vi,nb,ja,az,id_ID,et_EE,fa,zu,ro,nl,en_GB,km_KH,fi,ru,bg,bn,fr,si,sk,sl,es_US,lo_LA,he_IL,ca,sr,kn,sv,ko,sw,zh_TW,zh_HK,ta,cs,th,tl,pl,da,tr,mn_MN] defaultLocale=en-US
07-08 17:56:38.961  3414  4410 V AccessibilityManagerService: onUserStateChangedLocked for user 0 with forceUpdate: false mEnabledServices = [ComponentInfo{com.android.systemui.accessibility.accessibilitymenu/com.android.systemui.accessibility.accessibilitymenu.AccessibilityMenuService}] mCrashedServices = [] hasMagnificationConnection=false
07-08 17:56:38.962  3414  4410 W MagnificationConnectionManager: requestConnection duplicated request: connect=false, mConnectionState=DISCONNECTED
07-08 17:56:38.964  4915  4915 I SystemUi--NavBar: NavigationBarGestureExImpl-->oplusAllowSystemGestureIgnoringBarVisibility isOplusFlagAllowBackGestureIgnoreVisibilityState = false isGestureMisTouchPreventionEnable = true
07-08 17:56:38.968 15340 18671 D AccessibilitySourceService: enabled a11y services count 1
07-08 17:56:38.970 15340 18671 D AccessibilitySourceService: a11y source sending 0 issue to sc
07-08 17:56:38.970  1890  2045 I [UAH_CLIENT]: UahPlatformResAcquire
07-08 17:56:38.970  1890  2045 I [UAH_CLIENT]: UahEventAcquire, cmdid:-3, pkg:2141 7900, identity:qcom-perfd
07-08 17:56:38.971  3414  4391 D SafetySourceDataValidat: No cert check requested for package com.google.android.permissioncontroller
07-08 17:56:38.971  1890  2036 E ANDR-PERF-RESOURCEQS: ANDR-PERF-RESOURCEQS: AddAndApply() 125: Resource with major=16, minor=0 not supported
07-08 17:56:38.974  3414  3414 D AccessibilityManagerService: [updateInputFilter] flags = 4, mInputFilter=com.android.server.accessibility.AccessibilityInputFilter@bebb322, mHasInputFilter=true, mForceSetInputFilter=false
07-08 17:56:38.976  4915  4915 I SystemUi--NavBar: NavigationBarGestureExImpl-->oplusAllowSystemGestureIgnoringBarVisibility isOplusFlagAllowBackGestureIgnoreVisibilityState = false isGestureMisTouchPreventionEnable = true
07-08 17:56:38.978 15340 18671 D AccessibilitySourceService: enabled a11y services count 1
07-08 17:56:38.978 15340 18671 D AccessibilitySourceService: a11y source sending 0 issue to sc
07-08 17:56:38.979  3414  4391 D SafetySourceDataValidat: No cert check requested for package com.google.android.permissioncontroller
07-08 17:56:38.983  2141  3457 E HwcComposer: getLuts failed Status(-129, EX_TRANSACTION_FAILED): 'UNKNOWN_TRANSACTION: '
07-08 17:56:38.989  1890 20202 I [UAH_CLIENT]: UahRelease, handle:299371
07-08 17:56:39.003  4915  5018 I SystemUi--Statusbar: OplusNetworkSpeedControllExImpl-->updateNetworkSpeed: isConnected:true,isSwitchOn:true,isSuspend:false,isPause:false
07-08 17:56:39.004  4915  5018 I SystemUi--Statusbar: OplusNetworkSpeedControllExImpl-->getTotalByte: totalRxBytes:16244824538,totalTxBytes:3885267394,loopbackTxBytes:3091667958,loopbackRxBytes:3091667958 ,totalBytes:13946756016
07-08 17:56:39.006  3414  3629 W Searchables: No web search activity found
07-08 17:56:39.058  1730  8338 E         : DNS_CACHE: hanle request << lookupdns: hostname:test-gateway.instagram.com, servername:443, ai_flags:1024, ai_family:0, ai_socktype:2, ai_protocol:0, netid:0, uid:10526
07-08 17:56:39.058  8945  9231 D DNS_CACHE: oplus_oplus_getaddrinfo_proxy lookup from netd: hostname:test-gateway.instagram.com, servname:443 uid: 10526, result_code:408, res = 0x0, found = 0
07-08 17:56:39.064  8945  9225 E msys    : E[N mns:DGWClient]_LogError(328)=>Failed to resolve using system DNS resolver, getaddrinfo(): No address associated with hostname
07-08 17:56:39.064  1854 10286 I sensors-hal: handle_sns_client_event:316, accel_sample: 0: ts=366013841614133 ns; value = [0.173280, 0.366013, 9.868899], status=3
07-08 17:56:39.096  1884  2196 I SDM     : DisplayBase::CommitThread: Received idle timeout, panel: cmd, timeout: 70000 us
07-08 17:56:39.130  3031 16235 V Capacitor/Plugin: To native (Capacitor plugin): callbackId: 8590561, pluginId: NativeExoPlayback, methodName: getStatus
07-08 17:56:39.130  3031 16235 V Capacitor: callback: 8590561, pluginId: NativeExoPlayback, methodName: getStatus, methodData: {}
07-08 17:56:39.130  3031  3031 I Capacitor/Console: File:  - Line 349 - Msg: [object Object]
07-08 17:56:39.139  3031  3031 I Capacitor/Console: File:  - Line 333 - Msg: {"available":true,"wired":true,"message":"ExoPlayer decode active ÔÇö content:// locker bridge + HTTP streams.","state":"idle","positionSecs":0,"durationSecs":0,"queueIndex":0,"queueLength":0,"gaplessEnabled":false,"crossfadeEnabled":false,"bitPerfectActive":false}
07-08 17:56:39.170  2015  6827 D charge_time: type=sdp,reserve_soc=3,soc=78,ui_soc=81,current=143,avg=139,not_chg_cnt=0,stable_cnt=7,fcc=4658,fcc_ratio=91,delta=619,debug=0,region=13,ttf=10226(02:50:26),ui_ttf=10302(02:51:42)
07-08 17:56:39.231 32330   840 I Finsky  : [79716] Stats for Executor: LightweightExecutor wkg@e2f50b[Running, pool size = 4, active threads = 0, queued tasks = 0, completed tasks = 304]
07-08 17:56:39.235  2141  3457 E HwcComposer: getLuts failed Status(-129, EX_TRANSACTION_FAILED): 'UNKNOWN_TRANSACTION: '
07-08 17:56:39.285 32330   840 I Finsky  : [79716] Stats for Executor: BlockingExecutor wkg@27da439[Running, pool size = 0, active threads = 0, queued tasks = 0, completed tasks = 50]
07-08 17:56:39.469  1730  8338 E         : DNS_CACHE: hanle request << lookupdns: hostname:test-gateway.instagram.com, servername:443, ai_flags:1024, ai_family:0, ai_socktype:2, ai_protocol:0, netid:0, uid:10526
07-08 17:56:39.470 32330   840 I Finsky  : [79716] Stats for Executor: bgExecutor wkg@7906e42[Running, pool size = 4, active threads = 0, queued tasks = 0, completed tasks = 452]
07-08 17:56:39.470  8945  9230 D DNS_CACHE: oplus_oplus_getaddrinfo_proxy lookup from netd: hostname:test-gateway.instagram.com, servname:443 uid: 10526, result_code:408, res = 0x0, found = 0
07-08 17:56:39.477  8945  9225 E msys    : E[N mns:DGWClient]_LogError(328)=>Failed to resolve using system DNS resolver, getaddrinfo(): No address associated with hostname
07-08 17:56:39.611  1854 27844 I sensors-hal: handle_oplus_wise_rgb_event:160, wise_rgb:(23481)(cct,lux,ir)[8252.30, 90.27, 85.354019](rgbc)[4062.69, 2267.87, 1596.93, 6771.53](pwm,hbm,brl,algo)[0.0 0.0 36.0 2.0],flag 0
07-08 17:56:39.641  3031  3031 I Capacitor/Console: File:  - Line 349 - Msg: [object Object]
07-08 17:56:39.641  3031 16235 V Capacitor/Plugin: To native (Capacitor plugin): callbackId: 8590562, pluginId: NativeExoPlayback, methodName: getStatus
07-08 17:56:39.642  3031 16235 V Capacitor: callback: 8590562, pluginId: NativeExoPlayback, methodName: getStatus, methodData: {}
07-08 17:56:39.649  3031  3031 I Capacitor/Console: File:  - Line 333 - Msg: {"available":true,"wired":true,"message":"ExoPlayer decode active ÔÇö content:// locker bridge + HTTP streams.","state":"idle","positionSecs":0,"durationSecs":0,"queueIndex":0,"queueLength":0,"gaplessEnabled":false,"crossfadeEnabled":false,"bitPerfectActive":false}
07-08 17:56:39.651  3031 16235 V Capacitor/Plugin: To native (Capacitor plugin): callbackId: 8590563, pluginId: NativeExoPlayback, methodName: getStatus
07-08 17:56:39.652  3031 16235 V Capacitor: callback: 8590563, pluginId: NativeExoPlayback, methodName: getStatus, methodData: {}
07-08 17:56:39.653  3031  3031 I Capacitor/Console: File:  - Line 349 - Msg: [object Object]
07-08 17:56:39.658  3031  3031 I Capacitor/Console: File:  - Line 333 - Msg: {"available":true,"wired":true,"message":"ExoPlayer decode active ÔÇö content:// locker bridge + HTTP streams.","state":"idle","positionSecs":0,"durationSecs":0,"queueIndex":0,"queueLength":0,"gaplessEnabled":false,"crossfadeEnabled":false,"bitPerfectActive":false}
07-08 17:56:39.730  1890  2045 I [UAH_CLIENT]: UahPlatformResAcquire
07-08 17:56:39.731  1890  2045 I [UAH_CLIENT]: UahEventAcquire, cmdid:-3, pkg:2141 7897, identity:qcom-perfd
07-08 17:56:39.733  1890  2036 E ANDR-PERF-RESOURCEQS: ANDR-PERF-RESOURCEQS: AddAndApply() 125: Resource with major=16, minor=0 not supported
07-08 17:56:39.752  1890 20206 I [UAH_CLIENT]: UahRelease, handle:299372
07-08 17:56:39.771  2015  2142 D BatteryChargeControl: bcc get no support from charging protocol
07-08 17:56:39.984  5703  7977 D CommonApp-116-10447: transport layer data is invalid
07-08 17:56:39.988  5703  7977 D CommonApp-116-10162: transport layer data is invalid
07-08 17:56:40.010  1854 27779 I sensors-hal: handle_oplus_wise_rgb_event:189, high_pwm_light:lux 90.8,cct 8272.9,brl/algo/ir 36.0/2.0/84.2,pwm/dc 0.0/0.0,rgbc 4047.418945/2267.865967/1596.929321/6771.532715,ts 366014785181060,cnt 23483,flag 0
07-08 17:56:40.031  5703  5703 D VendorWifiService: onEvent event:9,action:1
07-08 17:56:40.032 32330   840 I Finsky  : [79716] Stats for Executor: GrpcBackgroundExecutor wkg@7010ac5[Running, pool size = 1, active threads = 0, queued tasks = 0, completed tasks = 1]
07-08 17:56:40.036  3414  4573 D ScorerUtils: isLowTraffic: txTputKBps=0, rxTputKBps=0
07-08 17:56:40.037  3414  4573 D OplusWifiPower_TriggerCenter: mComponentCallback: wifistat
07-08 17:56:40.081  2323  2323 I adbd    : adbd service requested 'shell,v2,TERM=dumb:export ANDROID_LOG_TAGS=''; exec logcat '-d' '-t' '500''
07-08 17:56:40.083  1854 10286 I sensors-hal: handle_sns_client_event:316, accel_sample: 0: ts=366014849095018 ns; value = [0.173280, 0.366013, 9.907207], status=3
07-08 17:56:40.155 31944 32181 I discovery::core::moni..: DiscMonitor: [trace_id=15744983089]DiscoveryComponentStatus { adaptive_sdp_client_status: Some("{\"0\":\"0.0.0.0\",\"1\":null}"), adaptive_sdp_server_status: None, network_interface_states: Some({}) }
07-08 17:56:40.171  2015  6827 D charge_time: type=sdp,reserve_soc=3,soc=78,ui_soc=81,current=143,avg=140,not_chg_cnt=0,stable_cnt=7,fcc=4658,fcc_ratio=91,delta=620,debug=0,region=13,ttf=10147(02:49:07),ui_ttf=10301(02:51:41)
07-08 17:56:40.211  3414  4308 I CwbClient: setCWBDisplayType set mFeatureID = CWB_RGB_VALUE
07-08 17:56:40.217  1890  2045 I [UAH_CLIENT]: UahPlatformResAcquire
07-08 17:56:40.218  1890  2045 I [UAH_CLIENT]: UahEventAcquire, cmdid:-3, pkg:2141 7898, identity:qcom-perfd
07-08 17:56:40.222  1890  2036 E ANDR-PERF-RESOURCEQS: ANDR-PERF-RESOURCEQS: AddAndApply() 125: Resource with major=16, minor=0 not supported
07-08 17:56:40.228  2141  3457 E HwcComposer: getLuts failed Status(-129, EX_TRANSACTION_FAILED): 'UNKNOWN_TRANSACTION: '
07-08 17:56:40.241  1890 20212 I [UAH_CLIENT]: UahRelease, handle:299373
07-08 17:56:40.297  1884  2196 I SDM     : DisplayBase::CommitThread: Received idle timeout, panel: cmd, timeout: 70000 us
07-08 17:56:40.410  3031  3031 I Capacitor/Console: File:  - Line 349 - Msg: [object Object]
07-08 17:56:40.411  3031 16235 V Capacitor/Plugin: To native (Capacitor plugin): callbackId: 8590564, pluginId: NativeExoPlayback, methodName: getStatus
07-08 17:56:40.411  3414  4308 D FusionLightNextGen: raw_lux 87.5, raw_cct -1.0, r/g/b/c: 4047.4/2267.9/1596.9/6771.5, R/G/B: 28.0/27.0/24.0, bri 36.0, lux: 86.985435, cct: 6194.6, ir: 0.084625, conf: 5, cnt: 0
07-08 17:56:40.411  3031 16235 V Capacitor: callback: 8590564, pluginId: NativeExoPlayback, methodName: getStatus, methodData: {}
07-08 17:56:40.421  3031  3031 I Capacitor/Console: File:  - Line 333 - Msg: {"available":true,"wired":true,"message":"ExoPlayer decode active ÔÇö content:// locker bridge + HTTP streams.","state":"idle","positionSecs":0,"durationSecs":0,"queueIndex":0,"queueLength":0,"gaplessEnabled":false,"crossfadeEnabled":false,"bitPerfectActive":false}
07-08 17:56:40.490  3414  6103 I AICCTModule: SensorFilter: brightness threshold 1.2 screenNit is 2.012943 ave enviroment lux is 86.98543 luxForNit 76.29418demarcationPoint200.0 result is false
07-08 17:56:40.490  3414  6103 I AICCTModule: SensorFilter: findSecondNearestValue, sensorValue: 6023.782 nearestMaxValue:6194.5884 secondNearestValue: 6194.5884
07-08 17:56:40.490  3414  6103 I AICCTModule: SensorFilter: findSecondNearestValue, sensorValue: 86.79064 nearestMaxValue:86.985435 secondNearestValue: 86.985435
07-08 17:56:40.507  6234  6288 E horae   : 0: target_temp:36300, back:36300,frame:36300,front:36300, 4, +(0), 1 ,36300, algo:0
07-08 17:56:40.611  1854 27844 I sensors-hal: handle_oplus_wise_rgb_event:160, wise_rgb:(23486)(cct,lux,ir)[8037.62, 90.60, 83.113838](rgbc)[4047.42, 2267.87, 1581.86, 6771.53](pwm,hbm,brl,algo)[0.0 0.0 36.0 2.0],flag 0
07-08 17:56:40.719  3031  3031 I Capacitor/Console: File:  - Line 349 - Msg: [object Object]
07-08 17:56:40.720  3031 16235 V Capacitor/Plugin: To native (Capacitor plugin): callbackId: 8590565, pluginId: NativeExoPlayback, methodName: getStatus
07-08 17:56:40.721  3031 16235 V Capacitor: callback: 8590565, pluginId: NativeExoPlayback, methodName: getStatus, methodData: {}
07-08 17:56:40.729  3031  3031 I Capacitor/Console: File:  - Line 333 - Msg: {"available":true,"wired":true,"message":"ExoPlayer decode active ÔÇö content:// locker bridge + HTTP streams.","state":"idle","positionSecs":0,"durationSecs":0,"queueIndex":0,"queueLength":0,"gaplessEnabled":false,"crossfadeEnabled":false,"bitPerfectActive":false}
07-08 17:56:40.773  2015  2142 D BatteryChargeControl: bcc get no support from charging protocol
07-08 17:56:40.879 31944 20175 I PTC.DISC.AndroidMultiLanServer: Watcher sysNif=[wlan0], userNif=[wlan0 state=(LISTEN JOIN(|-1)), , vgate0 state=(LISTEN JOIN(|-1))], clientNif=[wlan0 state=(LISTEN), , vgate0 state=(LISTEN)], tcpServer state=LISTEN, ipv4=**8.1.71
07-08 17:56:41.006  5703  7977 D CommonApp-116-10447: transport layer data is invalid
07-08 17:56:41.007  5703  7977 D CommonApp-116-10162: transport layer data is invalid
07-08 17:56:41.089  1854 27849 I sensors-hal: handle_sns_std_sensor_event:104, oplus rgb_rear sample: (cct, lux, ir, x, y)[14003, 0, 300000, 372, 137]
07-08 17:56:41.089  1854 27849 I sensors-hal: handle_sns_std_sensor_event:106, oplus rgb_rear sample: (r, g, b, c w)[2, 1, 2, 1, 3]
07-08 17:56:41.100  1854 10286 I sensors-hal: handle_sns_client_event:316, accel_sample: 0: ts=366015856698404 ns; value = [0.158915, 0.366013, 9.868899], status=3
07-08 17:56:41.159  3414  4572 D OplusWifiPowerWakeupStats: IPV6_TCP_Packet wake up count 25
07-08 17:56:41.169  3031 16235 V Capacitor/Plugin: To native (Capacitor plugin): callbackId: 8590566, pluginId: NativeExoPlayback, methodName: getStatus
07-08 17:56:41.170  3031  3031 I Capacitor/Console: File:  - Line 349 - Msg: [object Object]
07-08 17:56:41.170  3031 16235 V Capacitor: callback: 8590566, pluginId: NativeExoPlayback, methodName: getStatus, methodData: {}
07-08 17:56:41.173  2015  6827 D charge_time: type=sdp,reserve_soc=3,soc=78,ui_soc=81,current=143,avg=141,not_chg_cnt=0,stable_cnt=7,fcc=4658,fcc_ratio=91,delta=621,debug=0,region=13,ttf=10070(02:47:50),ui_ttf=10300(02:51:40)
07-08 17:56:41.176  3031  3031 I Capacitor/Console: File:  - Line 333 - Msg: {"available":true,"wired":true,"message":"ExoPlayer decode active ÔÇö content:// locker bridge + HTTP streams.","state":"idle","positionSecs":0,"durationSecs":0,"queueIndex":0,"queueLength":0,"gaplessEnabled":false,"crossfadeEnabled":false,"bitPerfectActive":false}
07-08 17:56:41.611  1854 27844 I sensors-hal: handle_oplus_wise_rgb_event:160, wise_rgb:(23491)(cct,lux,ir)[8071.58, 89.88, 84.415451](rgbc)[4047.42, 2267.87, 1581.86, 6756.45](pwm,hbm,brl,algo)[0.0 0.0 36.0 2.0],flag 0
07-08 17:56:41.775  2015  2142 D BatteryChargeControl: bcc get no support from charging protocol
07-08 17:56:41.928  3031 16235 V Capacitor/Plugin: To native (Capacitor plugin): callbackId: 8590567, pluginId: NativeExoPlayback, methodName: getStatus
07-08 17:56:41.929  3031 16235 V Capacitor: callback: 8590567, pluginId: NativeExoPlayback, methodName: getStatus, methodData: {}
07-08 17:56:41.929  3031  3031 I Capacitor/Console: File:  - Line 349 - Msg: [object Object]
07-08 17:56:41.938  3031  3031 I Capacitor/Console: File:  - Line 333 - Msg: {"available":true,"wired":true,"message":"ExoPlayer decode active ÔÇö content:// locker bridge + HTTP streams.","state":"idle","positionSecs":0,"durationSecs":0,"queueIndex":0,"queueLength":0,"gaplessEnabled":false,"crossfadeEnabled":false,"bitPerfectActive":false}
07-08 17:56:42.011  1854 27779 I sensors-hal: handle_oplus_wise_rgb_event:189, high_pwm_light:lux 89.9,cct 8071.6,brl/algo/ir 36.0/2.0/84.4,pwm/dc 0.0/0.0,rgbc 4047.418945/2267.865967/1581.863892/6756.451172,ts 366016785164081,cnt 23493,flag 0
07-08 17:56:42.032  5703  7977 D CommonApp-116-10162: transport layer data is invalid
07-08 17:56:42.033  5703  7977 D CommonApp-116-10447: commonScoreStrategy scenarios low package
07-08 17:56:42.127  1854 10286 I sensors-hal: handle_sns_client_event:316, accel_sample: 0: ts=366016864055383 ns; value = [0.178069, 0.366013, 9.897630], status=3
07-08 17:56:42.175  2015  6827 D charge_time: type=sdp,reserve_soc=3,soc=78,ui_soc=81,current=143,avg=142,not_chg_cnt=0,stable_cnt=7,fcc=4658,fcc_ratio=91,delta=622,debug=0,region=13,ttf=9993(02:46:33),ui_ttf=10299(02:51:39)
07-08 17:56:42.411  3414  4308 W OPLUS_LOG_LOAD: ==LOGS PROG INFO, prog(system_server) ==
07-08 17:56:42.411  3414  4308 I CwbClient: setCWBDisplayType set mFeatureID = CWB_RGB_VALUE
07-08 17:56:42.611  1854 27844 I sensors-hal: handle_oplus_wise_rgb_event:160, wise_rgb:(23496)(cct,lux,ir)[8071.58, 89.88, 84.415451](rgbc)[4047.42, 2267.87, 1581.86, 6756.45](pwm,hbm,brl,algo)[0.0 0.0 36.0 2.0],flag 0
07-08 17:56:42.611  3414  4308 D FusionLightNextGen: raw_lux 87.3, raw_cct -1.0, r/g/b/c: 4047.4/2267.9/1581.9/6756.5, R/G/B: 28.0/27.0/24.0, bri 36.0, lux: 86.790642, cct: 6023.8, ir: 0.084816, conf: 5, cnt: 0
07-08 17:56:42.690  3031  3031 I Capacitor/Console: File:  - Line 349 - Msg: [object Object]
07-08 17:56:42.691  3031 16235 V Capacitor/Plugin: To native (Capacitor plugin): callbackId: 8590568, pluginId: NativeExoPlayback, methodName: getStatus
07-08 17:56:42.691  3031 16235 V Capacitor: callback: 8590568, pluginId: NativeExoPlayback, methodName: getStatus, methodData: {}
07-08 17:56:42.701  3031  3031 I Capacitor/Console: File:  - Line 333 - Msg: {"available":true,"wired":true,"message":"ExoPlayer decode active ÔÇö content:// locker bridge + HTTP streams.","state":"idle","positionSecs":0,"durationSecs":0,"queueIndex":0,"queueLength":0,"gaplessEnabled":false,"crossfadeEnabled":false,"bitPerfectActive":false}
07-08 17:56:42.776  2015  2142 D BatteryChargeControl: bcc get no support from charging protocol
07-08 17:56:42.797  4131  4162 W OPLUS_LOG_LOAD: ==LOGS PROG INFO, prog(com.oplus.camera) ==
07-08 17:56:42.797  4131  4162 I APS_ALOG: flushRoutine g_immediateFlush=0 g_pendingCount=0 g_oobCount=0
07-08 17:56:42.919  2015  2140 D vendor.oplus.hardware.charger-V10-service: ret_value:124, read content:,363,363,4146,4146,-143,78,81,1,1,0,456,4998,81,1,4430,300,500,0,5,4500,5,0,1,0,2,0,0,0,1,5397,93,0,3612,4658,0,0,0,0,0,105
07-08 17:56:42.919  2015  2140 D vendor.oplus.hardware.charger-V10-service: gmtime: 2026-07-08-17-56-42
07-08 17:56:42.920  2015  2140 D vendor.oplus.hardware.charger-V10-service: usb_online:1, ac_online:-2147483648, wireless_online:0
07-08 17:56:43.009  4915  5018 W OPLUS_LOG_LOAD: ==LOGS PROG INFO, prog(com.android.systemui) ==
07-08 17:56:43.009  4915  5018 I SystemUi--Statusbar: OplusNetworkSpeedControllExImpl-->updateNetworkSpeed: isConnected:true,isSwitchOn:true,isSuspend:false,isPause:false
07-08 17:56:43.012  4915  5018 I SystemUi--Statusbar: OplusNetworkSpeedControllExImpl-->getTotalByte: totalRxBytes:16244825411,totalTxBytes:3885267922,loopbackTxBytes:3091668198,loopbackRxBytes:3091668198 ,totalBytes:13946756937
07-08 17:56:43.035  1890  2045 I [UAH_CLIENT]: UahPlatformResAcquire
07-08 17:56:43.036  1890  2045 I [UAH_CLIENT]: UahEventAcquire, cmdid:-3, pkg:2141 7899, identity:qcom-perfd
07-08 17:56:43.039  1890  2036 E ANDR-PERF-RESOURCEQS: ANDR-PERF-RESOURCEQS: AddAndApply() 125: Resource with major=16, minor=0 not supported
07-08 17:56:43.052  2141  3457 E HwcComposer: getLuts failed Status(-129, EX_TRANSACTION_FAILED): 'UNKNOWN_TRANSACTION: '
07-08 17:56:43.053  5703  7977 D CommonApp-116-10447: transport layer data is invalid
07-08 17:56:43.054  5703  7977 D CommonApp-116-10162: transport layer data is invalid
07-08 17:56:43.056  1890 20214 I [UAH_CLIENT]: UahRelease, handle:299374
07-08 17:56:43.065  5703  5703 D VendorWifiService: onEvent event:9,action:1
07-08 17:56:43.070  3414  4573 D ScorerUtils: isLowTraffic: txTputKBps=0, rxTputKBps=0
07-08 17:56:43.070  3414  4573 D OplusWifiPower_TriggerCenter: mComponentCallback: wifistat
07-08 17:56:43.121  1884  2196 I SDM     : DisplayBase::CommitThread: Received idle timeout, panel: cmd, timeout: 70000 us
07-08 17:56:43.144  1854 10286 I sensors-hal: handle_sns_client_event:316, accel_sample: 0: ts=366017871742570 ns; value = [0.178069, 0.361225, 9.864111], status=3
07-08 17:56:43.180  2015  6827 D charge_time: write 10298s(02:51:38) to ttf, rc=7
07-08 17:56:43.180  2015  6827 D charge_time: type=sdp,reserve_soc=3,soc=78,ui_soc=81,current=143,avg=143,not_chg_cnt=0,stable_cnt=7,fcc=4658,fcc_ratio=91,delta=623,debug=0,region=13,ttf=9918(02:45:18),ui_ttf=10298(02:51:38)
07-08 17:56:43.186  2323  2323 I adbd    : adbd service requested 'shell,v2,TERM=dumb:export ANDROID_LOG_TAGS=''; exec logcat '-d' '-t' '500''
07-08 17:56:43.190  3414  6103 I AICCTModule: SensorFilter: brightness threshold 1.2 screenNit is 2.012943 ave enviroment lux is 86.91239 luxForNit 76.275085demarcationPoint200.0 result is false
07-08 17:56:43.190  3414  6103 I AICCTModule: SensorFilter: findSecondNearestValue, sensorValue: 6194.5884 nearestMaxValue:6194.5884 secondNearestValue: 6194.5884
07-08 17:56:43.190  3414  6103 I AICCTModule: SensorFilter: findSecondNearestValue, sensorValue: 86.985435 nearestMaxValue:86.985435 secondNearestValue: 86.985435
07-08 17:56:43.203  3031 16235 V Capacitor/Plugin: To native (Capacitor plugin): callbackId: 8590569, pluginId: NativeExoPlayback, methodName: getStatus
07-08 17:56:43.203  3031  3031 I Capacitor/Console: File:  - Line 349 - Msg: [object Object]
07-08 17:56:43.203  3031 16235 V Capacitor: callback: 8590569, pluginId: NativeExoPlayback, methodName: getStatus, methodData: {}
07-08 17:56:43.209  3031  3031 I Capacitor/Console: File:  - Line 333 - Msg: {"available":true,"wired":true,"message":"ExoPlayer decode active ÔÇö content:// locker bridge + HTTP streams.","state":"idle","positionSecs":0,"durationSecs":0,"queueIndex":0,"queueLength":0,"gaplessEnabled":false,"crossfadeEnabled":false,"bitPerfectActive":false}
07-08 17:56:43.210  3031  3031 I Capacitor/Console: File:  - Line 349 - Msg: [object Object]
07-08 17:56:43.211  3031 16235 V Capacitor/Plugin: To native (Capacitor plugin): callbackId: 8590570, pluginId: NativeExoPlayback, methodName: getStatus
07-08 17:56:43.212  3031 16235 V Capacitor: callback: 8590570, pluginId: NativeExoPlayback, methodName: getStatus, methodData: {}
07-08 17:56:43.217  3031  3031 I Capacitor/Console: File:  - Line 333 - Msg: {"available":true,"wired":true,"message":"ExoPlayer decode active ÔÇö content:// locker bridge + HTTP streams.","state":"idle","positionSecs":0,"durationSecs":0,"queueIndex":0,"queueLength":0,"gaplessEnabled":false,"crossfadeEnabled":false,"bitPerfectActive":false}
07-08 17:56:43.519  3031  3031 I Capacitor/Console: File:  - Line 349 - Msg: [object Object]
07-08 17:56:43.520  3031 16235 V Capacitor/Plugin: To native (Capacitor plugin): callbackId: 8590571, pluginId: NativeExoPlayback, methodName: getStatus
07-08 17:56:43.520  3031 16235 V Capacitor: callback: 8590571, pluginId: NativeExoPlayback, methodName: getStatus, methodData: {}
07-08 17:56:43.527  3031  3031 I Capacitor/Console: File:  - Line 333 - Msg: {"available":true,"wired":true,"message":"ExoPlayer decode active ÔÇö content:// locker bridge + HTTP streams.","state":"idle","positionSecs":0,"durationSecs":0,"queueIndex":0,"queueLength":0,"gaplessEnabled":false,"crossfadeEnabled":false,"bitPerfectActive":false}
07-08 17:56:43.611  1854 27844 I sensors-hal: handle_oplus_wise_rgb_event:160, wise_rgb:(23501)(cct,lux,ir)[8272.89, 90.79, 84.226250](rgbc)[4047.42, 2267.87, 1596.93, 6771.53](pwm,hbm,brl,algo)[0.0 0.0 36.0 2.0],flag 0
07-08 17:56:43.634  8945  9201 W RealtimeClientManager: Channel state: MqttChannelState{mConnectionState=CONNECTING, mDisconnectionReason=null, mLastConnectionMs=365896542, mLastDisconnectMs=365987414}
07-08 17:56:43.641  1730  8338 E         : DNS_CACHE: hanle request << lookupdns: hostname:edge-mqtt.facebook.com, servername:^, ai_flags:1024, ai_family:0, ai_socktype:1, ai_protocol:0, netid:0, uid:10526
07-08 17:56:43.643  8945 20218 D DNS_CACHE: oplus_oplus_getaddrinfo_proxy lookup from netd: hostname:edge-mqtt.facebook.com, servname:(null) uid: 10526, result_code:408, res = 0x0, found = 0
07-08 17:56:43.648  5522  5756 D DnsDomainBlock: onDnsEvent: latencyMs=0, returnCode=4, uid=10526
07-08 17:56:43.777  2015  2142 D BatteryChargeControl: bcc get no support from charging protocol
07-08 17:56:43.788  1890  2045 I [UAH_CLIENT]: UahPlatformResAcquire
07-08 17:56:43.788  1890  2045 I [UAH_CLIENT]: UahEventAcquire, cmdid:-3, pkg:2141 7900, identity:qcom-perfd
07-08 17:56:43.792  1890  2036 E ANDR-PERF-RESOURCEQS: ANDR-PERF-RESOURCEQS: AddAndApply() 125: Resource with major=16, minor=0 not supported
07-08 17:56:43.810  1890 20224 I [UAH_CLIENT]: UahRelease, handle:299375
07-08 17:56:43.970  3031 16235 V Capacitor/Plugin: To native (Capacitor plugin): callbackId: 8590572, pluginId: NativeExoPlayback, methodName: getStatus
07-08 17:56:43.971  3031  3031 I Capacitor/Console: File:  - Line 349 - Msg: [object Object]
07-08 17:56:43.971  3031 16235 V Capacitor: callback: 8590572, pluginId: NativeExoPlayback, methodName: getStatus, methodData: {}
07-08 17:56:43.982  3031  3031 I Capacitor/Console: File:  - Line 333 - Msg: {"available":true,"wired":true,"message":"ExoPlayer decode active ÔÇö content:// locker bridge + HTTP streams.","state":"idle","positionSecs":0,"durationSecs":0,"queueIndex":0,"queueLength":0,"gaplessEnabled":false,"crossfadeEnabled":false,"bitPerfectActive":false}
07-08 17:56:44.011  1854 27779 I sensors-hal: handle_oplus_wise_rgb_event:189, high_pwm_light:lux 90.6,cct 8037.6,brl/algo/ir 36.0/2.0/83.1,pwm/dc 0.0/0.0,rgbc 4047.418945/2267.865967/1581.863892/6771.532715,ts 366018785179862,cnt 23503,flag 0
07-08 17:56:44.016  3414  4177 E OsenseCommonUtils: write /dev/memcg/memory.force_shrink_file failed
07-08 17:56:44.016  3414  4177 E OsenseCommonUtils: java.io.IOException: write failed: EBUSY (Device or resource busy)
07-08 17:56:44.016  3414  4177 E OsenseCommonUtils: 	at libcore.io.IoBridge.write(IoBridge.java:651)
07-08 17:56:44.016  3414  4177 E OsenseCommonUtils: 	at java.io.FileOutputStream.write(FileOutputStream.java:436)
07-08 17:56:44.016  3414  4177 E OsenseCommonUtils: 	at sun.nio.cs.StreamEncoder.writeBytes(StreamEncoder.java:233)
07-08 17:56:44.016  3414  4177 E OsenseCommonUtils: 	at sun.nio.cs.StreamEncoder.implFlushBuffer(StreamEncoder.java:309)
07-08 17:56:44.016  3414  4177 E OsenseCommonUtils: 	at sun.nio.cs.StreamEncoder.implFlush(StreamEncoder.java:313)
07-08 17:56:44.016  3414  4177 E OsenseCommonUtils: 	at sun.nio.cs.StreamEncoder.flush(StreamEncoder.java:153)
07-08 17:56:44.016  3414  4177 E OsenseCommonUtils: 	at java.io.OutputStreamWriter.flush(OutputStreamWriter.java:248)
