06-18 23:04:53.411  4908  4978 V WindowManagerShell:  mOplusExtraBundle = Bundle[mParcelledData.dataSize=1824]}, pipChange = null, remoteTransition = RemoteTransition { remoteTransition = android.window.IRemoteTransition$Stub$Proxy@1115124, appThread = android.app.IApplicationThread$Stub$Proxy@f0b48d, debugName = LaunchFromRecents }, displayChange = null, flags = 0, debugId = 16627 }
06-18 23:04:53.411  3480  5155 D osense.compress: notifyActivityLaunched pkgName = com.whatsapp, userId = 0
06-18 23:04:53.411  4908  4978 D ShellSplitScreen: logExit: no-op, mLoggerSessionId is null
06-18 23:04:53.411  4908  4978 V WindowManagerShell: RemoteTransition directly requested for (#16627) android.os.BinderProxy@4af2451: RemoteTransition { remoteTransition = android.window.IRemoteTransition$Stub$Proxy@1115124, appThread = android.app.IApplicationThread$Stub$Proxy@f0b48d, debugName = LaunchFromRecents }
06-18 23:04:53.411  4908  4978 V WindowManagerShell: Transition (#16627): request handled by DefaultMixedHandler
06-18 23:04:53.413  3480  5155 I TaskOrganizerController: onTaskInfoChanged taskid 10948 config { mBounds=Rect(0, 0 - 1440, 3168) mAppBounds=Rect(0, 0 - 1440, 3168) mMaxBounds=Rect(0, 0 - 1440, 3168) mDisplayRotation=ROTATION_0 mWindowingMode=fullscreen mActivityType=recents mAlwaysOnTop=undefined mRotation=ROTATION_0}
06-18 23:04:53.413  3480  5155 D OplusVisibleTasks:  notifyTaskFocusChange no need.
06-18 23:04:53.413  3480  5155 D OplusFlexibleDragToSplitAnimController: visibleFlexibleTaskInfos delete:10948
06-18 23:04:53.413  3480  5155 E FlexibleWindowManagerService: notifyTaskObserverToAttachController not need to notify!
06-18 23:04:53.413  3480  5155 I FlexibleWindowManagerService: onFlexibleWindowTaskInfoChanged, return for cur task not embedded
06-18 23:04:53.413  3480  5155 I TaskOrganizerController: onTaskInfoChanged taskid 12342 config { mBounds=Rect(0, 0 - 1440, 3168) mAppBounds=Rect(0, 0 - 1440, 3168) mMaxBounds=Rect(0, 0 - 1440, 3168) mDisplayRotation=ROTATION_0 mWindowingMode=fullscreen mActivityType=standard mAlwaysOnTop=undefined mRotation=ROTATION_0}
06-18 23:04:53.413  3480  5155 D OplusFlexibleDragToSplitAnimController: visibleFlexibleTaskInfos delete:12342
06-18 23:04:53.413  3480  5155 E FlexibleWindowManagerService: notifyTaskObserverToAttachController not need to notify!
06-18 23:04:53.413  3480  5155 I FlexibleWindowManagerService: onFlexibleWindowTaskInfoChanged, return for cur task not embedded
06-18 23:04:53.415  3480  3571 D OplusTransitionController: tryFinishAheadIfNeed transition 16627 , SyncGroup: com.android.server.wm.BLASTSyncEngine$SyncGroup@504b596
06-18 23:04:53.416  3480  3571 D ActivityTaskManager: commitVisibility: ActivityRecord{180766152 u0 com.whatsapp/.Conversation t12342}: visible=true visibleRequested=true, isInTransition=true 
06-18 23:04:53.416  3480  9564 D OomAdjusterSocExtImpl: App adj change from cached state to fg state : 16961 com.whatsapp
06-18 23:04:53.416  3480  3596 E OplusThermalStats: Error getting package info: com.whatsapp
06-18 23:04:53.416  3480  3571 D OplusTransitionAnimationManager: activityRecordCount0fullScreenArBeHindStartingWindow null
06-18 23:04:53.417  3480  3571 D OplusTransitionAnimationManager: activityRecordCount0fullScreenArBeHindStartingWindow null
06-18 23:04:53.417 16961 16961 D ActivityThread: ComponentInfo{com.whatsapp/com.whatsapp.Conversation} checkFinished=false 2
06-18 23:04:53.417 16961 16961 D ResourcesManagerExtImpl: applyConfigurationToAppResourcesLocked app.getDisplayId() return callback.displayId:0
06-18 23:04:53.417  3480  3571 D OplusTransitionAnimationManager: markCanUseSpringSlideAnim for TransitionRecord{cf2cd04 id=16627 track=0 type=TO_FRONT flags=0x0 state=2 c=[
06-18 23:04:53.417  3480  3571 D OplusTransitionAnimationManager:    ChangeInfo{2f0b2ed container=ActivityRecord{27373336 u0 com.android.launcher/com.android.quickstep.RecentsActivity t10948} flags=0x0}
06-18 23:04:53.417  3480  3571 D OplusTransitionAnimationManager:    ChangeInfo{74e9522 container=Task{5dd78b1 #12342 type=standard A=10422:com.whatsapp} flags=0x30}
06-18 23:04:53.417  3480  3571 D OplusTransitionAnimationManager:    ChangeInfo{8320bb3 container=WallpaperWindowToken{8b32c71 showWhenLocked=true} flags=0x0}
06-18 23:04:53.417  3480  3571 D OplusTransitionAnimationManager:    ChangeInfo{c51b570 container=Task{9a293d7 #10948 type=recents I=com.android.launcher/com.android.quickstep.RecentsActivity} flags=0x10}
06-18 23:04:53.417  3480  3571 D OplusTransitionAnimationManager:    ChangeInfo{8b290e9 container=WallpaperWindowToken{9f35f3a showWhenLocked=false} flags=0x0}
06-18 23:04:53.417  3480  3571 D OplusTransitionAnimationManager:    ChangeInfo{964e16e container=ActivityRecord{180766152 u0 com.whatsapp/.Conversation t12342} flags=0x0}
06-18 23:04:53.417  3480  3571 D OplusTransitionAnimationManager:    ChangeInfo{5b7b00f container=DefaultTaskDisplayArea@185862508 flags=0x0}
06-18 23:04:53.417  3480  3571 D OplusTransitionAnimationManager:    ChangeInfo{174b89c container=Display{#0 state=ON size=1440x3168 ROTATION_0} flags=0x0}
06-18 23:04:53.417  3480  3571 D OplusTransitionAnimationManager: ]
06-18 23:04:53.417  3480  3571 D OplusTransitionAnimationManager: }
06-18 23:04:53.417  3480  3571 D QuickBackInputPolicy: resetInputInterceptState for remoteTransition: true
06-18 23:04:53.418  3480  3571 W WindowManager: captureTaskSnapshot mSnapshotMode= 2 source=Task{9a293d7 #10948 type=recents I=com.android.launcher/com.android.quickstep.RecentsActivity}
06-18 23:04:53.418  3480  4180 D ActivityRecordExtImpl:  setIsWaitingForAppResume for ActivityRecord{180766152 u0 com.whatsapp/.Conversation t12342} isWaiting true
06-18 23:04:53.418  4908  4930 V WindowManagerShell: onTransitionReady(transaction=14946488625735)
06-18 23:04:53.418  3480  4180 I OplusJoystickManager: handleApplicationSwitch deprecated!
06-18 23:04:53.418  3480  4180 I GameManagerServiceExt-GameManagerServiceExt: on FG change: com.android.launcher|com.whatsapp
06-18 23:04:53.418  3480  4180 I OplusAppSwitchManagerService: com.whatsapp notifyGcSupression , firstStart = false
06-18 23:04:53.418  4908  4978 V WindowManagerShell: onTransitionReady (#16627) android.os.BinderProxy@4af2451: {id=16627 t=TO_FRONT f=0x0 trk=0 r=[0@Point(0, 0)] c=[
06-18 23:04:53.418  4908  4978 V WindowManagerShell:         {m=TO_FRONT f=MOVE_TO_TOP leash=Surface(name=Task=12342)/@0xf8e0642 sb=Rect(0, 0 - 1440, 3168) eb=Rect(0, 0 - 1440, 3168) epz=Point(1440, 3168) d=0 taskParent=-1},
06-18 23:04:53.418  4908  4978 V WindowManagerShell:         {m=TO_BACK f=SHOW_WALLPAPER leash=Surface(name=Task=10948)/@0xe6cf653 sb=Rect(0, 0 - 1440, 3168) eb=Rect(0, 0 - 1440, 3168) epz=Point(1440, 3168) d=0 taskParent=-1}
06-18 23:04:53.418  4908  4978 V WindowManagerShell:     ] 
06-18 23:04:53.418  4908  4978 V WindowManagerShell: extendInfo=[
06-18 23:04:53.418  4908  4978 V WindowManagerShell:  OplusTransitionExtendedInfo{mTmpFinishT=null, mInOplusCompatMode=false, mIsProcessRunning=true, mHasMismatchBoundsTarget=false, mRecentsController=null, mRemoteTransition=null, mIsTranslucentActivityToHome=false, mAvoidInterceptKeyEventToHome=false, mIsFromHome=false, mParentLeash=null, mBackAnimClosingLeash=null, mReparentToRecentsSurface=null, mIsOplusAnimRes=false, mKeepBgForContinuous=false, mIsBalAllow=false, mTaskNotInRecent=false, mIsPredictiveBackAnim=false, mIsMergedWithPredictive=false, mIsLaunchFromSpruce=false, mIsLaunchFromDrive=false, mGlobalSearchPageSwitch=false, mNeedNoAlphaGlobalSearchScene=false, mAssistScreenShowing=false, mSwipeUpBrowserScreenShowing=false, mUserIdTransition=0
06-18 23:04:53.418  4908  4978 V WindowManagerShell: , mInRemoteScene=false, mInPreReady=false, mPreStart=false, mToken=null, mAbortByRemoteFromHome=false, mShellApplyToken=null, mRequestTransitionTaskId=12342, mAbortTransitionOnShell=0, mStartFromShortcut=false, mRemovedTaskId=-1, mTransitionInterruptType=0, mMergeSecondTaskId=-1, mIsStartAheadSpruce=false, mTaskIdStartFromRecents=12342, mTransitionId=16627, mCanUseSpringSlideAnim=true, mTransitionLaunchFrom=0, mFoldChangeType=-1, mAnimStartingPosition=[0, 0, 0, 0], mIsOpeningStkDialogActivity=false, mSecondaryHomeToFrontWhenUnFolding=false, mIsNeedApplyStartTForEmbedded=false
06-18 23:04:53.418  4908  4978 V WindowManagerShell: , mNeedCanvasExitAnim=false, mMergeSecondTaskAnimation=false, mIsLaunchUnityStart=false, mIsLaunchFromAssistantByDefault=false, mSkipRemoteTransitionfalse, mPromoteTaskWhenKeyguard-1, mIsStartFromKeyguard=false, mMatchRemoteFilter=false flags=0x0, mFlexibleTaskIdList=[], mExpectEndRectState=-1, mFlexibleWindowForRecentTasks=false, mRecentTaskIdList=[], mWCT=null, mIsOpenMergeToInValidPredictive=false, mRootLayerZOrderArray={}}]}
06-18 23:04:53.419  3480  3566 V WindowManager: Sent Transition (#16627) createdAt=06-18 23:04:53.399 via request=TransitionRequestInfo { type = TO_FRONT, triggerTask = TaskInfo{userId=0 taskId=12342 effectiveUid=10422 displayId=0 isRunning=true baseIntent=Intent { act=android.intent.action.MAIN cat=[android.intent.category.LAUNCHER] flg=0x10200000 cmp=com.whatsapp/.Main mCallingUid=10305 } baseActivity=ComponentInfo{com.whatsapp/com.whatsapp.home.ui.HomeActivity} topActivity=ComponentInfo{com.whatsapp/com.whatsapp.Conversation} origActivity=null realActivity=ComponentInfo{com.whatsapp/com.whatsapp.Main}
06-18 23:04:53.419  3480  3566 V WindowManager:  numActivities=2 lastActiveTime=1069015088 supportsSplitScreenMultiWindow=true supportsMultiWindow=true supportsPocketStudioMultiWindow=true isInFlexibleEmbedded = false uid = 10422 pid = 16961 resizeMode=1 isResizeable=true minWidth=-1 minHeight=-1 defaultMinSize=220 token=WCT{RemoteToken{818face Task{5dd78b1 #12342 type=standard A=10422:com.whatsapp}}} topActivityType=1 pictureInPictureParams=null shouldDockBigOverlays=false launchIntoPipHostTaskId=-1 lastParentTaskIdBeforePip=-1 displayCutoutSafeInsets=Rect(0, 0 - 0, 0)
06-18 23:04:53.419  3480  3566 V WindowManager:  topActivityInfo=ActivityInfo{5a2cd17 com.whatsapp.Conversation} launchCookies=[] positionInParent=Point(0, 0) parentTaskId=-1 isFocused=true isVisible=false isVisibleRequested=true isTopActivityNoDisplay=false isSleeping=false locusId=null displayAreaFeatureId=1 isTopActivityTransparent=false isActivityStackTransparent=false lastNonFullscreenBounds=Rect(352, 845 - 1089, 2285) capturedLink=null capturedLinkTimestamp=0 requestedVisibleTypes=-1 topActivityRequestOpenInBrowserEducationTimestamp=0
06-18 23:04:53.419  3480  3566 V WindowManager:  appCompatTaskInfo=AppCompatTaskInfo { topActivityInSizeCompat=false topActivityInOplusCompatMode=false eligibleForLetterboxEducation= false isLetterboxEducationEnabled= false isLetterboxDoubleTapEnabled= false eligibleForUserAspectRatioButton= false topActivityBoundsLetterboxed= false isFromLetterboxDoubleTap= false topActivityLetterboxVerticalPosition= -1 topActivityLetterboxHorizontalPosition= -1 topActivityLetterboxWidth=-1 topActivityLetterboxHeight=-1 topActivityAppBounds=Rect(0, 0 - 1440, 3168) isUserFullscreenOverrideEnabled=false isSystemFullscreenOverrideEnabled=false hasMinAspectRatioOverride=false topActivityLetterboxBounds=null cameraCompatTaskInfo=CameraCompatTaskInfo { freeformCameraCompatMode=inactive}} topActivityMainWindowFrame=null topActivityLetterboxInsets=Rect(0, 0 - 0, 0)
06-18 23:04:53.419  3480  3566 V WindowManager:  mOplusExtraBundle = Bundle[{androidx.flexible.taskFrame=Rect(0, 0 - 0, 0), topOpaqueSystemBarsAppearance=0, androidx.flexible.Alpha=1.0, androidx.activity.task.attach.blur=0, androidx.flexible.task_snapshot_mode=1, androidx.activity.LaunchInsensible=0, androidx.activity.LaunchCornerRadius=0, key_flexible_task_state=0, topActivitySupportAppInnerSplit=false, key_flexible_task_animating_type=-1, key_flexible_task_root_activity_processname=com.whatsapp, androidx.activity.LaunchScenario=0, is_oplus_clone_task=false, flexible_super_mini_state=false, topRunningActivityHash=180766152, flexible.floatwindow.is_multi_instance=false, androidx.activity.LaunchScale=1.0, androidx.activity.LaunchShadowRadius=0, is_transient_hide_for_task_info=false, androidx.activity.key_flexible_task_pending_exit_to=0, key_flexible_task_root_activity_pid=16961, key_flexible_task_root_activity_uid=10422}]}, pipChange = null, remoteTransition = RemoteTransition { remoteTransition = android.window.IRemoteTransition$Stub$Proxy@262c288, appThread = android.app.IApplicationThread$Stub$Proxy@8827421, debugName = LaunchFromRecents }, displayChange = null, flags = 0, debugId = 16627 }
06-18 23:04:53.419  3480  3566 V WindowManager:     startWCT=WindowContainerTransaction { changes= {} hops= [] errorCallbackToken=null taskFragmentOrganizer=null }
06-18 23:04:53.419  3480  3566 V WindowManager:     info={id=16627 t=TO_FRONT f=0x0 trk=0 r=[0@Point(0, 0)] c=[
06-18 23:04:53.419  3480  3566 V WindowManager:         {WCT{RemoteToken{818face Task{5dd78b1 #12342 type=standard A=10422:com.whatsapp}}} m=TO_FRONT f=MOVE_TO_TOP leash=Surface(name=Task=12342)/@0x7e8accc sb=Rect(0, 0 - 1440, 3168) eb=Rect(0, 0 - 1440, 3168) epz=Point(1440, 3168) d=0 taskParent=-1},
06-18 23:04:53.419  3480  3566 V WindowManager:         {WCT{RemoteToken{bba406b Task{9a293d7 #10948 type=recents I=com.android.launcher/com.android.quickstep.RecentsActivity}}} m=TO_BACK f=SHOW_WALLPAPER leash=Surface(name=Task=10948)/@0x337c27b sb=Rect(0, 0 - 1440, 3168) eb=Rect(0, 0 - 1440, 3168) epz=Point(1440, 3168) d=0 taskParent=-1}
06-18 23:04:53.419  3480  3566 V WindowManager:     ] 
06-18 23:04:53.419  3480  3566 V WindowManager: extendInfo=[
06-18 23:04:53.419  3480  3566 V WindowManager:  OplusTransitionExtendedInfo{mTmpFinishT=null, mInOplusCompatMode=false, mIsProcessRunning=true, mHasMismatchBoundsTarget=false, mRecentsController=null, mRemoteTransition=null, mIsTranslucentActivityToHome=false, mAvoidInterceptKeyEventToHome=false, mIsFromHome=false, mParentLeash=null, mBackAnimClosingLeash=null, mReparentToRecentsSurface=null, mIsOplusAnimRes=false, mKeepBgForContinuous=false, mIsBalAllow=false, mTaskNotInRecent=false, mIsPredictiveBackAnim=false, mIsMergedWithPredictive=false, mIsLaunchFromSpruce=false, mIsLaunchFromDrive=false, mGlobalSearchPageSwitch=false, mNeedNoAlphaGlobalSearchScene=false, mAssistScreenShowing=false, mSwipeUpBrowserScreenShowing=false, mUserIdTransition=0
06-18 23:04:53.419  3480  3566 V WindowManager: , mInRemoteScene=false, mInPreReady=false, mPreStart=false, mToken=null, mAbortByRemoteFromHome=false, mShellApplyToken=null, mRequestTransitionTaskId=12342, mAbortTransitionOnShell=0, mStartFromShortcut=false, mRemovedTaskId=-1, mTransitionInterruptType=0, mMergeSecondTaskId=-1, mIsStartAheadSpruce=false, mTaskIdStartFromRecents=12342, mTransitionId=16627, mCanUseSpringSlideAnim=true, mTransitionLaunchFrom=0, mFoldChangeType=-1, mAnimStartingPosition=[0, 0, 0, 0], mIsOpeningStkDialogActivity=false, mSecondaryHomeToFrontWhenUnFolding=false, mIsNeedApplyStartTForEmbedded=false
06-18 23:04:53.419  3480  3566 V WindowManager: , mNeedCanvasExitAnim=false, mMergeSecondTaskAnimation=false, mIsLaunchUnityStart=false, mIsLaunchFromAssistantByDefault=false, mSkipRemoteTransitionfalse, mPromoteTaskWhenKeyguard-1, mIsStartFromKeyguard=false, mMatchRemoteFilter=false flags=0x0, mFlexibleTaskIdList=[], mExpectEndRectState=-1, mFlexibleWindowForRecentTasks=false, mRecentTaskIdList=[], mWCT=null, mIsOpenMergeToInValidPredictive=false, mRootLayerZOrderArray={}}]}
06-18 23:04:53.419  4908  4978 V WindowManagerShell: Playing animation for (#16627) android.os.BinderProxy@4af2451@0
06-18 23:04:53.419  4908  4978 V WindowManagerShell:  try firstHandler com.android.wm.shell.transition.DefaultMixedHandler@2e6465
06-18 23:04:53.419  4908  4978 V WindowManagerShell: Mixed transition for opening an intent with a remote transition and PIP or Desktop #16627
06-18 23:04:53.419  4908  4978 V WindowManagerShell: tryAnimateOpenIntentWithRemoteAndPipOrDesktop
06-18 23:04:53.419  4908  4978 V WindowManagerShell:  Delegate animation for (#16627) to RemoteTransition { remoteTransition = android.window.IRemoteTransition$Stub$Proxy@1115124, appThread = android.app.IApplicationThread$Stub$Proxy@f0b48d, debugName = LaunchFromRecents }
06-18 23:04:53.420  3480  3571 I TaskOrganizerController: onTaskInfoChanged taskid 12342 config { mBounds=Rect(0, 0 - 1440, 3168) mAppBounds=Rect(0, 0 - 1440, 3168) mMaxBounds=Rect(0, 0 - 1440, 3168) mDisplayRotation=ROTATION_0 mWindowingMode=fullscreen mActivityType=standard mAlwaysOnTop=undefined mRotation=ROTATION_0}
06-18 23:04:53.420  4908  4978 V WindowManagerShell:  animated by firstHandler
06-18 23:04:53.420  3480  3571 D OplusVisibleTasks:  notifyTasksNumChange no need to notify.
06-18 23:04:53.420  3480  3571 D OplusFlexibleDragToSplitAnimController: visibleFlexibleTaskInfos delete:12342
06-18 23:04:53.420  3480  3571 E FlexibleWindowManagerService: notifyTaskObserverToAttachController not need to notify!
06-18 23:04:53.420  3480  3571 I FlexibleWindowManagerService: onFlexibleWindowTaskInfoChanged, return for cur task not embedded
06-18 23:04:53.421  3480 10983 D OplusSplitScreenManagerService: com.teslacoilsw.launcher unSupportsSplitScreen by blockList or ForbidActivityList
06-18 23:04:53.423  3480  3567 D OplusSplitScreenManagerService: com.teslacoilsw.launcher unSupportsSplitScreen by blockList or ForbidActivityList
06-18 23:04:53.423  3480 32014 D OplusEapManager: mTargetExitName :com.android.launcher
06-18 23:04:53.423  3480  3728 D VRR [OPlusRefreshRateService]: handleFrontAppChange pkgName: null
06-18 23:04:53.424  3480 32014 D OplusAppSwitchRuleInfo: generateAppEnterInfo - launch_source_type = launcherRecentTask , launch_source_traceid = 
06-18 23:04:53.424  3480 32014 D ActivityTaskManager: The isLandscapeFullscreenEnabled is: com.whatsapp/.Conversation
06-18 23:04:53.424  3480 32014 D ActivityTaskManager: The isLandscapeFullscreenEnabled is: com.whatsapp/.Conversation
06-18 23:04:53.424  3480 32014 D ActivityTaskManager: The isLandscapeFullscreenEnabled is: com.whatsapp/.Conversation
06-18 23:04:53.424  3480  4181 D ActivityRecordExtImpl:  setIsWaitingForAppResume for ActivityRecord{180766152 u0 com.whatsapp/.Conversation t12342} isWaiting false
06-18 23:04:53.424  3480  5155 D OplusBatteryServiceFeature: setSmartCoolDown: coolDown = 7, normalCoolDown = 7, pkgName = com.whatsapp
06-18 23:04:53.425  3480 32014 D OplusAppSwitchRuleInfo: generateAppEnterInfo - launch_source_type = launcherRecentTask , launch_source_traceid = 
06-18 23:04:53.426  3480 32014 D ActivityTaskManager: The isLandscapeFullscreenEnabled is: com.whatsapp/.Conversation
06-18 23:04:53.426  3480 32014 D ActivityTaskManager: The isLandscapeFullscreenEnabled is: com.whatsapp/.Conversation
06-18 23:04:53.426  3480 32014 D ActivityTaskManager: The isLandscapeFullscreenEnabled is: com.whatsapp/.Conversation
06-18 23:04:53.426  3480 32014 D OplusAppSwitchRuleInfo: generateAppEnterInfo - launch_source_type = launcherRecentTask , launch_source_traceid = 
06-18 23:04:53.426  3480 32014 D ActivityTaskManager: The isLandscapeFullscreenEnabled is: com.whatsapp/.Conversation
06-18 23:04:53.426  3480 32014 D ActivityTaskManager: The isLandscapeFullscreenEnabled is: com.whatsapp/.Conversation
06-18 23:04:53.426  3480 32014 D ActivityTaskManager: The isLandscapeFullscreenEnabled is: com.whatsapp/.Conversation
06-18 23:04:53.426  3480 32014 D OplusEapManager: mTargetEnterName :com.whatsapp
06-18 23:04:53.426  3480 32014 D OplusAppSwitchRuleInfo: generateAppEnterInfo - launch_source_type = launcherRecentTask , launch_source_traceid = 
06-18 23:04:53.426  3480 32014 D ActivityTaskManager: The isLandscapeFullscreenEnabled is: com.whatsapp/.Conversation
06-18 23:04:53.426  3480 32014 D ActivityTaskManager: The isLandscapeFullscreenEnabled is: com.whatsapp/.Conversation
06-18 23:04:53.426  3480 32014 D ActivityTaskManager: The isLandscapeFullscreenEnabled is: com.whatsapp/.Conversation
06-18 23:04:53.426  3480  3728 D VRR [OPlusRefreshRateService]: handleFrontAppChange pkgName: com.whatsapp
06-18 23:04:53.426  3480  4181 V WindowManager: Relayout Window{b243209 u0 com.whatsapp/com.whatsapp.Conversation}: viewVisibility=0, oldvis=8, req=1440x3168 , apr = 0, , x=0, y=0
06-18 23:04:53.426  3480  4181 I WindowManager: Window{b243209 u0 com.whatsapp/com.whatsapp.Conversation} state from NO_SURFACE to DRAW_PENDING; reason: resetDrawState
06-18 23:04:53.427  3480  4179 D OplusBatteryServiceFeature: setSmartCoolDown: coolDown = 7, normalCoolDown = 7, pkgName = com.whatsapp
06-18 23:04:53.427  3480  3728 D VRR [OPlusSAManager]: updateAutoMinfps for 4630946450791512195 with nits: 159.35405, mHistOK true, mAmbientOK true, mCctOK true, mIrOK true, mBrightnessOK true, isPkgOK true, SA min fps: 119
06-18 23:04:53.428  3480 32014 D OplusAppSwitchRuleInfo: generateAppEnterInfo - launch_source_type = launcherRecentTask , launch_source_traceid = 
06-18 23:04:53.428  3480 32014 D ActivityTaskManager: The isLandscapeFullscreenEnabled is: com.whatsapp/.Conversation
06-18 23:04:53.428  3480 32014 D ActivityTaskManager: The isLandscapeFullscreenEnabled is: com.whatsapp/.Conversation
06-18 23:04:53.428  3480 32014 D ActivityTaskManager: The isLandscapeFullscreenEnabled is: com.whatsapp/.Conversation
06-18 23:04:53.428  3480 32014 D OplusAppSwitchRuleInfo: generateAppEnterInfo - launch_source_type = launcherRecentTask , launch_source_traceid = 
06-18 23:04:53.428  3480 32014 D ActivityTaskManager: The isLandscapeFullscreenEnabled is: com.whatsapp/.Conversation
06-18 23:04:53.428  3480  3726 D OplusAppSwitchListener: App Activity Change
06-18 23:04:53.429  3480 32014 D ActivityTaskManager: The isLandscapeFullscreenEnabled is: com.whatsapp/.Conversation
06-18 23:04:53.429  3480 32014 D ActivityTaskManager: The isLandscapeFullscreenEnabled is: com.whatsapp/.Conversation
06-18 23:04:53.429  3480 32014 D OplusAppSwitchRuleInfo: generateActivityEnterInfo - launch_source_type = launcherRecentTask , launch_source_traceid = 
06-18 23:04:53.429  3480  3726 D OplusAppSwitchListener: Detect com.android.launcher switch to background
06-18 23:04:53.429  3480  3726 D OplusFeatureReduceBrightness: onAppExit , info = com.android.launcher
06-18 23:04:53.429  3480  4181 D WindowManager: NFW_findFocusedWindowIfNeeded:Window{b243209 u0 com.whatsapp/com.whatsapp.Conversation} mCurrentFocus:null
06-18 23:04:53.429  3480 32014 D OplusAppSwitchRuleInfo: generateActivityEnterInfo - launch_source_type = launcherRecentTask , launch_source_traceid = 
06-18 23:04:53.429  3480  4181 D WindowManager: attachImeScreenshotOnTargetIfNeeded, mImeHiding = false, requestedVisibleTypes = -9
06-18 23:04:53.429  3480  4181 V WindowManager: Changing focus from null to Window{b243209 u0 com.whatsapp/com.whatsapp.Conversation},diplayid=0
06-18 23:04:53.430  3480  4181 D ActivityTaskManager: The isLandscapeFullscreenEnabled is: com.whatsapp/.Conversation
06-18 23:04:53.430  3480  4181 D ActivityTaskManager: The isLandscapeFullscreenEnabled is: com.whatsapp/.Conversation
06-18 23:04:53.430  3480  4180 I BLASTSyncEngine: onCommitted syncId: 16627, timeout: false ran: false
06-18 23:04:53.430 16961 16961 D VRI[Conversation]: relayoutWindow result, sizeChanged:false, surfaceControlChanged:true, transformHintChanged:false, mSurfaceSize:Point(1440, 3168), mLastSurfaceSize:Point(1440, 3168), mWidth:1440, mHeight:3168, requestedWidth:1440, requestedHeight:3168, transformHint:0, installOrientation:0, displayRotation:0, isSurfaceValid:true, attr.flag:-2122252032, tmpFrames:ClientWindowFrames{frame=[0,0][1440,3168] display=[0,0][1440,3168] parentFrame=[0,0][0,0]}, relayoutResult:3, relayoutAsync:false, mSyncSeqId:0
06-18 23:04:53.430  3480  3728 D VRR [OPlusSurfaceFlingerController]:  setComplexSceneEnable : false
06-18 23:04:53.430 16961 16961 W VRI[Conversation]: updateBlastSurfaceIfNeeded, surfaceSize:Point(1440, 3168), lastSurfaceSize:Point(1440, 3168), format:-1, blastBufferQueue:null
06-18 23:04:53.431  3480  3726 D OplusAppSwitchListener: Detect com.whatsapp switch to foreground
06-18 23:04:53.431  3480  3726 D OplusFeatureReduceBrightness: onAppEnter , info = com.whatsapp
06-18 23:04:53.431  3480  3726 D OplusFeatureReduceBrightness: reduce onAppEnter pkg=com.whatsapp
06-18 23:04:53.431  3480  3726 W OplusFeatureGlobalLimitBrightness: switch to display normal mode 
06-18 23:04:53.433  3480  5996 D BackgroundInstallControlService: Package event received: 0
06-18 23:04:53.433  3480  3570 D FlexibleTaskController: not in list
06-18 23:04:53.434  3480  5996 D BackgroundInstallControlService: Package event received: 0
06-18 23:04:53.434  3480  3716 D OplusFeatureReduceBrightness: reduce for pkg=com.whatsapp
06-18 23:04:53.434  3480  3716 D OplusFeatureReduceBrightness: enter rate=29 deta=286 mTD=10.0 index=1 from 4043->3757 nit from 172.89682->146.9623 p1(130.0,10),p2(380.0,10),x=146.9623
06-18 23:04:53.434  3480  3716 D OplusFeatureReduceBrightness: ReduceBrightness display[0]=172.89682-->146.9623
06-18 23:04:53.434  3480  3716 D RampAnimator: setAnimationTarget:: rate = 62.35376, mRate = 62.35376 , @ isPrimaryAnimator = true
06-18 23:04:53.435  3480  3716 D RampAnimator: setAnimationTarget:: rate = 62.35376, mRate = 62.35376 , @ isPrimaryAnimator = false
06-18 23:04:53.435  4908  4978 D WindowManagerShell: onActivityRestartAttempt: topActivity=ComponentInfo{com.whatsapp/com.whatsapp.Conversation}, wasVisible=false
06-18 23:04:53.436  3480  3716 D DpcExtImpl[display=0]: Animating brightness: hdrBrightness target=4043.0->3757.0842,sdrBrightness target=4043.0->3757.0842,rate=20->29,rate type = app->app,byUser=false local:4630946450791512195 , brightness from dpc = 4043.0
06-18 23:04:53.437  3480  3716 D OplusBiometricsDisplayHelper: isFold: false, isUnblockByFp: null
06-18 23:04:53.447  3480  3480 D RefreshRate: app switch boost timeout,transition isPlaying:true isInInterruptScene:false
06-18 23:04:53.451  3480  3728 D VRR [OPlusRefreshRateService]:  setDirectorStates [flag: 1, state: 0, directorStateOff: 0]
06-18 23:04:53.452  3480  4179 D OplusStartingWindowManager: isLayerMatchToStartingWindow error, mStartingRecords empty or inValid layerName:com.android.launcher/com.android.quickstep.RecentsActivity#204497
06-18 23:04:53.459  3480  4179 I WindowManager: Window{b243209 u0 com.whatsapp/com.whatsapp.Conversation} state from DRAW_PENDING to COMMIT_DRAW_PENDING; reason: finishDrawingLocked
06-18 23:04:53.459 16961 16961 D ResourcesManagerExtImpl: applyConfigurationToAppResourcesLocked app.getDisplayId() return callback.displayId:0
06-18 23:04:53.460  3480  3571 I WindowManager: Window{b243209 u0 com.whatsapp/com.whatsapp.Conversation} state from COMMIT_DRAW_PENDING to READY_TO_SHOW; reason: commitFinishDrawingLocked
06-18 23:04:53.460  3480  3571 D CoreBackPreview:  return markWindowHasDrawn mComposed: false  mWaitTransition: false
06-18 23:04:53.460  3480  3571 D ActivityTaskManager: Clearing startingData for activity=ActivityRecord{180766152 u0 com.whatsapp/.Conversation t12342} mStartingData=null mStartingSurface=null
06-18 23:04:53.460  3480  3571 D QuickBackInputPolicy: setAppLaunchEndTime update timePair=Pair{ActivityRecord{180766152 u0 com.whatsapp/.Conversation t12342} 448780704}
06-18 23:04:53.461  3480  5155 D OplusStartingWindowManager: isLayerMatchToStartingWindow error, mStartingRecords empty or inValid layerName:com.whatsapp/com.whatsapp.Conversation#204509
06-18 23:04:53.461  3480  3571 I WindowManager: Window{b243209 u0 com.whatsapp/com.whatsapp.Conversation} state from READY_TO_SHOW to HAS_DRAWN; reason: performShowLocked
06-18 23:04:53.462  3480  3571 D CoreBackPreview:  return markWindowHasDrawn mComposed: false  mWaitTransition: false
06-18 23:04:53.482  3480  4416 D InputMethodManagerService: isSecurity: attribute.packageName = com.whatsapp mCurMethodId = com.google.android.inputmethod.latin/com.android.inputmethod.latin.LatinIME isSecurity = false ( enable = false needShow = false inBlackList = false isExist = true )
06-18 23:04:53.487  3480  4416 I FlexibleTaskController: onShowImeRequested
06-18 23:04:53.489 16961 16961 D VRI[Conversation]: relayoutWindow result, sizeChanged:false, surfaceControlChanged:false, transformHintChanged:false, mSurfaceSize:Point(1440, 3168), mLastSurfaceSize:Point(1440, 3168), mWidth:1440, mHeight:3168, requestedWidth:1440, requestedHeight:3168, transformHint:0, installOrientation:0, displayRotation:0, isSurfaceValid:true, attr.flag:-2122252032, tmpFrames:ClientWindowFrames{frame=[0,0][1440,3168] display=[0,0][1440,3168] parentFrame=[0,0][1440,3168]}, relayoutResult:0, relayoutAsync:true, mSyncSeqId:0
06-18 23:04:53.489 16961 16961 W VRI[Conversation]: updateBlastSurfaceIfNeeded, surfaceSize:Point(1440, 3168), lastSurfaceSize:Point(1440, 3168), format:-1, blastBufferQueue:android.graphics.BLASTBufferQueue@4387d84
06-18 23:04:53.490  3480  9568 V WindowManager: Relayout Window{b243209 u0 com.whatsapp/com.whatsapp.Conversation}: viewVisibility=0, oldvis=0, req=1440x3168 , apr = 0, , x=0, y=0
06-18 23:04:53.491  3480  9568 D ActivityTaskManager: The isLandscapeFullscreenEnabled is: com.whatsapp/.Conversation
06-18 23:04:53.491  3480  9568 D ActivityTaskManager: The isLandscapeFullscreenEnabled is: com.whatsapp/.Conversation
06-18 23:04:53.491  3480  4416 I FlexibleTaskController: onShowImeRequested
06-18 23:04:53.491  3480  6116 W PackageConfigPersister: App-specific configuration not found for packageName: com.whatsapp and userId: 0
06-18 23:04:53.504  3480  5898 D ActivityTaskManager: Skipping, invisible task: Task{9a293d7 #10948 type=recents I=com.android.launcher/com.android.quickstep.RecentsActivity}
06-18 23:04:53.504  3480  5898 D ActivityTaskManager: Skipping, invisible task: Task{4e13f85 #6 type=home I=com.teslacoilsw.launcher/.NovaLauncher}
06-18 23:04:53.505  3480  5898 D ActivityTaskManager: Skipping, invisible task: Task{7ef1b35 #5 type=home A=1000:com.android.settings.FallbackHome nonResizable}
06-18 23:04:53.505  3480  5898 D ActivityTaskManager: after skip size:11,pre-Filtered:com.whatsapp # com.android.settings # rd.sheepskin.sandboxmusic # com.google.android.apps.magazines # app.morphe.android.apps.youtube.music # ch.protonmail.android # com.instagram.android # app.morphe.manager # com.grabtaxi.passenger # com.oplus.screenshot # com.kasikorn.retail.mbanking.wap # 
06-18 23:04:53.515  3480  4179 D ImeInsetsSourceProvider: showImePostLayout cancelled, isScheduledAndReadyToShowIme: false, mImeRequester: null, serverVisible: false, frozen: false, mWindowContainer is: non-null, windowState: Window{67649f7 u0 InputMethod}, isDrawn: false, mGivenInsetsPending: false, dcTarget: Window{b243209 u0 com.whatsapp/com.whatsapp.Conversation}, controlTarget: Window{b243209 u0 com.whatsapp/com.whatsapp.Conversation}
06-18 23:04:53.518  3480  5898 V WindowManager: Relayout Window{67649f7 u0 InputMethod}: viewVisibility=0, oldvis=8, req=1440x3008 , apr = 0, , x=0, y=0
06-18 23:04:53.518  3480  5898 D WindowManager: ImWindow setViewVisibility 0
06-18 23:04:53.519  3480  5898 I WindowManager: Window{67649f7 u0 InputMethod} state from NO_SURFACE to DRAW_PENDING; reason: resetDrawState
06-18 23:04:53.519  3480  3580 W QosSceneRecognizer[SmartWindowScene]: updateWindowState fail! invalid window type: -1
06-18 23:04:53.519  3480  3580 W QosSceneRecognizer[SmartWindowScene]: updateWindowState fail! invalid window type: -1
06-18 23:04:53.521  3480  5898 D WindowManager: NFW_findFocusedWindowIfNeeded:Window{b243209 u0 com.whatsapp/com.whatsapp.Conversation} mCurrentFocus:Window{b243209 u0 com.whatsapp/com.whatsapp.Conversation}
06-18 23:04:53.527  3480  5898 D DisplayContentExtImpl: target is same with the last, remove the ime snapshot immediately.
06-18 23:04:53.527  3480  5898 D ActivityTaskManager: The isLandscapeFullscreenEnabled is: com.whatsapp/.Conversation
06-18 23:04:53.527  3480  5898 D ActivityTaskManager: The isLandscapeFullscreenEnabled is: com.whatsapp/.Conversation
06-18 23:04:53.528  9368  9368 W VRI[InputMethod]: updateBlastSurfaceIfNeeded, surfaceSize:Point(1440, 3008), lastSurfaceSize:Point(1440, 3008), format:-2, blastBufferQueue:null
06-18 23:04:53.528  3480  4705 D CoreBackPreview: Window{b243209 u0 com.whatsapp/com.whatsapp.Conversation}: Setting back callback OnBackInvokedCallbackInfo{mCallback=android.window.IOnBackInvokedCallback$Stub$Proxy@38994ad, mPriority=0, mIsAnimationCallback=true, mOverrideBehavior=0}
06-18 23:04:53.530  3480  4180 D WindowStateExtImpl: Window{67649f7 u0 InputMethod} onUpdateFrames: mFrame = Rect(0, 160 - 1440, 3168), mDisplayFrame=Rect(0, 160 - 1440, 3168), mParentFrame=Rect(0, 0 - 1440, 3008), clientWindowFrames = ClientWindowFrames{frame=[0,160][1440,3168] display=[0,160][1440,3168] parentFrame=[0,160][1440,3168]}
06-18 23:04:53.533  4908  4908 W VRI[StatusBar]: handleResized abandoned!
06-18 23:04:53.533  4908  4908 W VRI[NavigationBar_displayId_0]: handleResized abandoned!
06-18 23:04:53.533  4908  5083 W VRI[ScreenDecorOverlay]: handleResized abandoned!
06-18 23:04:53.534  4908  5083 W VRI[ScreenDecorOverlayBottom]: handleResized abandoned!
06-18 23:04:53.534  4908  4978 D WindowManagerShell: onKeepClearAreasChanged: restricted={}, unrestricted={Rect(0, 1894 - 1440, 3168)}
06-18 23:04:53.535  3480  5898 I WindowManager: Window{67649f7 u0 InputMethod} state from DRAW_PENDING to COMMIT_DRAW_PENDING; reason: finishDrawingLocked
06-18 23:04:53.536  3480  3571 I WindowManager: Window{67649f7 u0 InputMethod} state from COMMIT_DRAW_PENDING to READY_TO_SHOW; reason: commitFinishDrawingLocked
06-18 23:04:53.536  3480  3571 V WindowStateExtImpl: notifyWindowStateChange input show
06-18 23:04:53.536  3480  3571 I WindowManager: Window{67649f7 u0 InputMethod} state from READY_TO_SHOW to HAS_DRAWN; reason: performShowLocked
06-18 23:04:53.538 16961 16961 W VRI[Conversation]: handleResized abandoned!
06-18 23:04:53.539 16961 16961 W VRI[Conversation]: handleResized abandoned!
06-18 23:04:53.539  4908  4908 W VRI[StatusBar]: handleResized abandoned!
06-18 23:04:53.539  4908  4908 W VRI[NavigationBar_displayId_0]: handleResized abandoned!
06-18 23:04:53.540  3480  3580 W UserAwareMgr: event can not be released, id: 1014, count: 5, releasePid: 3480
06-18 23:04:53.540  4908  5083 W VRI[ScreenDecorOverlay]: handleResized abandoned!
06-18 23:04:53.540  4908  5083 W VRI[ScreenDecorOverlayBottom]: handleResized abandoned!
06-18 23:04:53.541  9368  9368 W VRI[InputMethod]: handleResized, msg:, frameChanged:false, configChanged:false, displayChanged:false, attachedFrameChanged:false, compatScaleChanged:false, pendingDragResizing=false
06-18 23:04:53.541  9368  9368 W VRI[InputMethod]: handleResized abandoned!
06-18 23:04:53.543  3480  3580 I UserAwareMgr: handleFgAppChanged, pkgName: com.google.android.inputmethod.latin, pid: 9368, isVisible: true, fgAppType: FG2
06-18 23:04:53.776  4908  4978 V WindowManagerShell: Transition animation finished (aborted=false), notifying core (#16627) android.os.BinderProxy@4af2451@0
06-18 23:04:53.777  4908  4978 D SplitScreen-->AppLockManager: setStartFromSafeControl mStartFromSafeControl=false
06-18 23:04:53.779  3480  9472 D Transition: finishTransition ar ActivityRecord{27373336 u0 com.android.launcher/com.android.quickstep.RecentsActivity t10948}, isVisibleRequested=false, state=PAUSED, visibleAtTransitionEndTokens={WallpaperWindowToken{9f35f3a showWhenLocked=false}, ActivityRecord{180766152 u0 com.whatsapp/.Conversation t12342}}, this=TransitionRecord{cf2cd04 id=16627 track=0 type=TO_FRONT flags=0x0 state=2 c=[
06-18 23:04:53.779  3480  9472 D Transition:    ChangeInfo{2f0b2ed container=ActivityRecord{27373336 u0 com.android.launcher/com.android.quickstep.RecentsActivity t10948} flags=0x0}
06-18 23:04:53.779  3480  9472 D Transition:    ChangeInfo{74e9522 container=Task{5dd78b1 #12342 type=standard A=10422:com.whatsapp} flags=0x30}
06-18 23:04:53.779  3480  9472 D Transition:    ChangeInfo{8320bb3 container=WallpaperWindowToken{8b32c71 showWhenLocked=true} flags=0x0}
06-18 23:04:53.779  3480  9472 D Transition:    ChangeInfo{c51b570 container=Task{9a293d7 #10948 type=recents I=com.android.launcher/com.android.quickstep.RecentsActivity} flags=0x10}
06-18 23:04:53.779  3480  9472 D Transition:    ChangeInfo{8b290e9 container=WallpaperWindowToken{9f35f3a showWhenLocked=false} flags=0x0}
06-18 23:04:53.779  3480  9472 D Transition:    ChangeInfo{964e16e container=ActivityRecord{180766152 u0 com.whatsapp/.Conversation t12342} flags=0x0}
06-18 23:04:53.779  3480  9472 D Transition:    ChangeInfo{5b7b00f container=DefaultTaskDisplayArea@185862508 flags=0x0}
06-18 23:04:53.779  3480  9472 D Transition:    ChangeInfo{174b89c container=Display{#0 state=ON size=1440x3168 ROTATION_0} flags=0x0}
06-18 23:04:53.779  3480  9472 D Transition: ]
06-18 23:04:53.779  3480  9472 D Transition: }
06-18 23:04:53.779  3480  9472 D ActivityTaskManager: commitVisibility: ActivityRecord{27373336 u0 com.android.launcher/com.android.quickstep.RecentsActivity t10948}: visible=false visibleRequested=false, isInTransition=false 
06-18 23:04:53.779  3480  9472 D WindowManager: NFW_setClientVisible:ActivityRecord{27373336 u0 com.android.launcher/com.android.quickstep.RecentsActivity t10948} clientVisible:false
06-18 23:04:53.780  3480  9472 I WindowManager: Window{1de7fc6 u0 com.android.launcher/com.android.quickstep.RecentsActivity} state from HAS_DRAWN to DRAW_PENDING; reason: resetDrawState
06-18 23:04:53.780  3480  9472 D Transition: finishTransition ar ActivityRecord{180766152 u0 com.whatsapp/.Conversation t12342}, isVisibleRequested=true, state=RESUMED, visibleAtTransitionEndTokens={WallpaperWindowToken{9f35f3a showWhenLocked=false}, ActivityRecord{180766152 u0 com.whatsapp/.Conversation t12342}}, this=TransitionRecord{cf2cd04 id=16627 track=0 type=TO_FRONT flags=0x0 state=2 c=[
06-18 23:04:53.780  3480  9472 D Transition:    ChangeInfo{2f0b2ed container=ActivityRecord{27373336 u0 com.android.launcher/com.android.quickstep.RecentsActivity t10948} flags=0x0}
06-18 23:04:53.780  3480  9472 D Transition:    ChangeInfo{74e9522 container=Task{5dd78b1 #12342 type=standard A=10422:com.whatsapp} flags=0x30}
06-18 23:04:53.780  3480  9472 D Transition:    ChangeInfo{8320bb3 container=WallpaperWindowToken{8b32c71 showWhenLocked=true} flags=0x0}
06-18 23:04:53.780  3480  9472 D Transition:    ChangeInfo{c51b570 container=Task{9a293d7 #10948 type=recents I=com.android.launcher/com.android.quickstep.RecentsActivity} flags=0x10}
06-18 23:04:53.780  3480  9472 D Transition:    ChangeInfo{8b290e9 container=WallpaperWindowToken{9f35f3a showWhenLocked=false} flags=0x0}
06-18 23:04:53.780  3480  9472 D Transition:    ChangeInfo{964e16e container=ActivityRecord{180766152 u0 com.whatsapp/.Conversation t12342} flags=0x0}
06-18 23:04:53.780  3480  9472 D Transition:    ChangeInfo{5b7b00f container=DefaultTaskDisplayArea@185862508 flags=0x0}
06-18 23:04:53.780  3480  9472 D Transition:    ChangeInfo{174b89c container=Display{#0 state=ON size=1440x3168 ROTATION_0} flags=0x0}
06-18 23:04:53.780  3480  9472 D Transition: ]
06-18 23:04:53.780  3480  9472 D Transition: }
06-18 23:04:53.780  3480  9472 D WindowManager: NFW_setClientVisible:WallpaperWindowToken{9f35f3a showWhenLocked=false} clientVisible:false
06-18 23:04:53.780  3480  9472 I OplusAppSwitchManagerService:  handleAppVisible , r = ActivityRecord{180766152 u0 com.whatsapp/.Conversation t12342}
06-18 23:04:53.780  3480  9472 D ActivityTaskManager: The isLandscapeFullscreenEnabled is: com.whatsapp/.Conversation
06-18 23:04:53.780  3480  9472 D ActivityTaskManager: The isLandscapeFullscreenEnabled is: com.whatsapp/.Conversation
06-18 23:04:53.781  3480  9472 D OplusTransitionController: finishTransition, transition: TransitionRecord{cf2cd04 id=16627 track=0 type=TO_FRONT flags=0x0 state=4 c=[
06-18 23:04:53.781  3480  9472 D OplusTransitionController:    ChangeInfo{2f0b2ed container=ActivityRecord{27373336 u0 com.android.launcher/com.android.quickstep.RecentsActivity t10948} flags=0x0}
06-18 23:04:53.781  3480  9472 D OplusTransitionController:    ChangeInfo{74e9522 container=Task{5dd78b1 #12342 type=standard A=10422:com.whatsapp} flags=0x30}
06-18 23:04:53.781  3480  9472 D OplusTransitionController:    ChangeInfo{8320bb3 container=WallpaperWindowToken{8b32c71 showWhenLocked=true} flags=0x0}
06-18 23:04:53.781  3480  9472 D OplusTransitionController:    ChangeInfo{c51b570 container=Task{9a293d7 #10948 type=recents I=com.android.launcher/com.android.quickstep.RecentsActivity} flags=0x10}
06-18 23:04:53.781  3480  9472 D OplusTransitionController:    ChangeInfo{8b290e9 container=WallpaperWindowToken{9f35f3a showWhenLocked=false} flags=0x0}
06-18 23:04:53.781  3480  9472 D OplusTransitionController:    ChangeInfo{964e16e container=ActivityRecord{180766152 u0 com.whatsapp/.Conversation t12342} flags=0x0}
06-18 23:04:53.781  3480  9472 D OplusTransitionController:    ChangeInfo{5b7b00f container=DefaultTaskDisplayArea@185862508 flags=0x0}
06-18 23:04:53.781  3480  9472 D OplusTransitionController:    ChangeInfo{174b89c container=Display{#0 state=ON size=1440x3168 ROTATION_0} flags=0x0}
06-18 23:04:53.781  3480  9472 D OplusTransitionController: ]
06-18 23:04:53.781  3480  9472 D OplusTransitionController: }
06-18 23:04:53.781  3480  9472 I OplusRecentsAnimationController: finishTransition transition.mType=3,task=null
06-18 23:04:53.781  3480  9472 D FlexibleTaskTransitionController:  finishTransition pendingRecentToFlexibleTask:null,isRotationTransition:false ,pendingRecentToFlexible:null ,transition:TransitionRecord{cf2cd04 id=16627 track=0 type=TO_FRONT flags=0x0 state=4 c=[
06-18 23:04:53.781  3480  9472 D FlexibleTaskTransitionController:    ChangeInfo{2f0b2ed container=ActivityRecord{27373336 u0 com.android.launcher/com.android.quickstep.RecentsActivity t10948} flags=0x0}
06-18 23:04:53.781  3480  9472 D FlexibleTaskTransitionController:    ChangeInfo{74e9522 container=Task{5dd78b1 #12342 type=standard A=10422:com.whatsapp} flags=0x30}
06-18 23:04:53.781  3480  9472 D FlexibleTaskTransitionController:    ChangeInfo{8320bb3 container=WallpaperWindowToken{8b32c71 showWhenLocked=true} flags=0x0}
06-18 23:04:53.781  3480  9472 D FlexibleTaskTransitionController:    ChangeInfo{c51b570 container=Task{9a293d7 #10948 type=recents I=com.android.launcher/com.android.quickstep.RecentsActivity} flags=0x10}
06-18 23:04:53.781  3480  9472 D FlexibleTaskTransitionController:    ChangeInfo{8b290e9 container=WallpaperWindowToken{9f35f3a showWhenLocked=false} flags=0x0}
06-18 23:04:53.781  3480  9472 D FlexibleTaskTransitionController:    ChangeInfo{964e16e container=ActivityRecord{180766152 u0 com.whatsapp/.Conversation t12342} flags=0x0}
06-18 23:04:53.781  3480  9472 D FlexibleTaskTransitionController:    ChangeInfo{5b7b00f container=DefaultTaskDisplayArea@185862508 flags=0x0}
06-18 23:04:53.781  3480  9472 D FlexibleTaskTransitionController:    ChangeInfo{174b89c container=Display{#0 state=ON size=1440x3168 ROTATION_0} flags=0x0}
06-18 23:04:53.781  3480  9472 D FlexibleTaskTransitionController: ]
06-18 23:04:53.781  3480  9472 D FlexibleTaskTransitionController: }
06-18 23:04:53.781  3480  9472 D SnapshotCache: removeRunningEntry id: 12342, callers=com.android.server.wm.SnapshotCache.onIdRemoved:126 com.android.server.wm.TaskSnapshotController.removeAndDeleteSnapshot:408 com.android.server.wm.SnapshotController.onTransitionFinish:254 
06-18 23:04:53.782  3480  9472 D TransitionControllerExtImpl: NFW_send RECOMPUTE_FOCUS in finishTransition
06-18 23:04:53.782  3480  3580 W UserAwareMgr: event can not be released, id: 5005, count: 2, releasePid: 3480
06-18 23:04:53.782  4908  4978 D ShellTaskOrganizer: onTransitionFinish, isRecent:false
06-18 23:04:53.782  4908  4978 V WindowManagerShell: Track 0 became idle
06-18 23:04:53.782  4908  4978 V WindowManagerShell: All active transition animations finished
06-18 23:04:53.783  3480  3570 D WindowManager: NFW_findFocusedWindowIfNeeded:Window{b243209 u0 com.whatsapp/com.whatsapp.Conversation} mCurrentFocus:Window{b243209 u0 com.whatsapp/com.whatsapp.Conversation}
06-18 23:04:53.784  3480  9472 D Transition: finishTransaction-onCommitted syncId=16627
06-18 23:04:53.785  3480  3571 I TaskOrganizerController: onTaskInfoChanged taskid 10948 config { mBounds=Rect(0, 0 - 1440, 3168) mAppBounds=Rect(0, 0 - 1440, 3168) mMaxBounds=Rect(0, 0 - 1440, 3168) mDisplayRotation=ROTATION_0 mWindowingMode=fullscreen mActivityType=recents mAlwaysOnTop=undefined mRotation=ROTATION_0}
06-18 23:04:53.785  3480  3571 D OplusFlexibleDragToSplitAnimController: visibleFlexibleTaskInfos delete:10948
06-18 23:04:53.785  3480  3571 E FlexibleWindowManagerService: notifyTaskObserverToAttachController not need to notify!
06-18 23:04:53.785  3480  3571 I FlexibleWindowManagerService: onFlexibleWindowTaskInfoChanged, return for cur task not embedded
06-18 23:04:53.787  3480  3580 I UserAwareMgr: handleAppChangedToBg, pkgName: com.android.launcher, pid: 5058
06-18 23:04:53.789  3480  4179 V WindowManager: Relayout Window{1de7fc6 u0 com.android.launcher/com.android.quickstep.RecentsActivity}: viewVisibility=8, oldvis=0, req=1440x3168 , apr = 0, 
06-18 23:04:53.790  3480  4179 D WindowManager: NFW_findFocusedWindowIfNeeded:Window{b243209 u0 com.whatsapp/com.whatsapp.Conversation} mCurrentFocus:Window{b243209 u0 com.whatsapp/com.whatsapp.Conversation}
06-18 23:04:53.790  3480  4179 D ActivityTaskManager: The isLandscapeFullscreenEnabled is: com.whatsapp/.Conversation
06-18 23:04:53.790  3480  4179 D ActivityTaskManager: The isLandscapeFullscreenEnabled is: com.whatsapp/.Conversation
06-18 23:04:53.791  5058  5058 D VRI[RecentsActivity]: relayoutWindow result, sizeChanged:false, surfaceControlChanged:true, transformHintChanged:false, mSurfaceSize:Point(1440, 3168), mLastSurfaceSize:Point(1440, 3168), mWidth:1440, mHeight:3168, requestedWidth:1440, requestedHeight:3168, transformHint:0, installOrientation:0, displayRotation:0, isSurfaceValid:false, attr.flag:-2121203456, tmpFrames:ClientWindowFrames{frame=[0,0][1440,3168] display=[0,0][1440,3168] parentFrame=[0,0][0,0]}, relayoutResult:2, relayoutAsync:false, mSyncSeqId:0
06-18 23:04:53.791  3480  3567 D OplusSplitScreenManagerService: com.teslacoilsw.launcher unSupportsSplitScreen by blockList or ForbidActivityList
06-18 23:04:53.795  3480  9472 I WindowManager: Window{1de7fc6 u0 com.android.launcher/com.android.quickstep.RecentsActivity} state from DRAW_PENDING to NO_SURFACE; reason: destroySurface
06-18 23:04:53.796  3480  9472 D OplusStartingWindowManager: skip remove starting window for activity = ActivityRecord{27373336 u0 com.android.launcher/com.android.quickstep.RecentsActivity t10948} ,ar != topActivityContainsStartingWindow on activityStopped
06-18 23:04:53.797  3480  9472 D OomAdjusterSocExtImpl: App adj change from previous state to cached state : 3385 com.android.settings
06-18 23:04:53.797  3480  5996 D BackgroundInstallControlService: Package event received: 0
06-18 23:04:53.801  3480  3571 I TaskOrganizerController: onTaskInfoChanged taskid 10948 config { mBounds=Rect(0, 0 - 1440, 3168) mAppBounds=Rect(0, 0 - 1440, 3168) mMaxBounds=Rect(0, 0 - 1440, 3168) mDisplayRotation=ROTATION_0 mWindowingMode=fullscreen mActivityType=recents mAlwaysOnTop=undefined mRotation=ROTATION_0}
06-18 23:04:53.801  3480  3571 D OplusFlexibleDragToSplitAnimController: visibleFlexibleTaskInfos delete:10948
06-18 23:04:53.801  3480  3571 E FlexibleWindowManagerService: notifyTaskObserverToAttachController not need to notify!
06-18 23:04:53.801  3480  3571 I FlexibleWindowManagerService: onFlexibleWindowTaskInfoChanged, return for cur task not embedded
06-18 23:04:54.288  3480 13421 W HmbirdWinInfoManager: addActivityToSet: invalid parameters
06-18 23:04:54.288  3480 13421 W HmbirdWinInfoManager: addActivityToSet: invalid parameters
06-18 23:04:54.288  3480 13421 D HmbirdWinInfoManager: hmbirdFullWinInfos.size() != 1
06-18 23:04:54.667  3480  3726 D OplusFeatureDMR[display=0]: onConfigChanged threadId=65 threadName=OplusDisplayWorkHandler physicalDisplayId=4630946450791512195 modeId=0  
06-18 23:04:54.669  3480  3570 I DisplayDeviceRepository: Display device changed render timings: "Built-in Screen", renderFrameRate=60.0, presentationDeadlineNanos=16666666, appVsyncOffsetNanos=1000000, frameRateOverrides=[]
06-18 23:04:54.670  3480  3570 D DisplayManagerService: Delivering display event: displayId=0, event=EVENT_DISPLAY_REFRESH_RATE_CHANGED
06-18 23:04:54.671  3480  3567 D WindowManager: DeferredDisplayUpdater: partially applying DisplayInfo(1440 x 3168) immediately
06-18 23:04:54.673  3480  3567 D OplusVFXScreenEffectFeature: notifySFCompatWindowStateChange entered false
06-18 23:04:54.673  3480  3567 D FSS_FoldScreenBlackCoverController: displayChangeToOn, dc:Display{#0 state=ON size=1440x3168 ROTATION_0}
06-18 23:04:54.717  3480  3728 D VRR [OPlusRefreshRateService]: handleConfigIdChange physicalDisplayId: 4630946450791512195 configId: 0 renderPeriod: 16666667
06-18 23:04:54.718  3480  3728 D VRR [OPlusGameStatusManager]: updateGameState mOSyncFeatureSwitch: false mIsGamePolicy: false
06-18 23:04:54.719  3480  3728 D VRR [OPlusGameStatusManager]: updateGameAccelerationStatus pkgName: com.whatsapp mOSyncFeatureSwitch: false mIsGamePolicy: false mHeartStop: false mHasFlickerRisk: false mForceAcceleration: false mToastReady: false enable: false
06-18 23:04:54.768  3480  3728 D VRR [OPlusSAManager]: updateAutoMinfps for 4630946450791512195 with nits: 159.35405, mHistOK true, mAmbientOK true, mCctOK true, mIrOK true, mBrightnessOK true, isPkgOK true, SA min fps: 119
