06-17 14:12:17.610  8076 23527 I Finsky:background: [176571] RM: receive resource status onSuccess com.google.android.appsearch.apex reason: auto_update isid: K9sB5i1dTzKx2X8lCkOrXw, 3, 200, size: 831615/831615
06-17 14:12:17.611  8076 23527 I Finsky:background: [176571] DSC::L: Updating listener vdc@38a7256 for download <9208:SUCCEEDED>
06-17 14:12:17.611  8076 23527 I Finsky:background: [176571] DSC::L: Updating listener DownloadServiceManagerListener::sut@d31b471 for download <9208:SUCCEEDED>
06-17 14:12:17.612  8076 23527 I Finsky:background: [176571] DS::IDC: updateWith: <9208:SUCCEEDED>
06-17 14:12:17.612  8076 23527 I Finsky:background: [176571] DS::IDC: All invisible downloads are finished.
06-17 14:12:17.612  8076 23527 I Finsky:background: [176571] DS::ISM: Stopping invisible download job
06-17 14:12:17.613  8076 23527 I Finsky:background: [176571] DS: DS: onReviveDownload(request_id=9208, files_to_download=[com.google.android.appsearch.apex(size:831615)], context[group_id=com.google.android.appsearch:K9sB5i1dTzKx2X8lCkOrXw], display_data[invisible=true, title=Google Play system update], network_restrictions=ANY_NETWORK status=succeeded, bytes_downloaded=831615, total_bytes=831615, retry[count=0, next_retry=n/a])
06-17 14:12:17.614  8076 23495 I Finsky:background: [176557] SCH: Canceling job 40-9998
06-17 14:12:17.614  8076 23495 I Finsky:background: [176557] WM::SCH: Logging work end for 40-9998
06-17 14:12:17.615  8076  8110 I Finsky:background: [176502] RM: getStatus resourceRequestId=0cecab90-7b0e-45aa-9aac-0d60aff09957 requestId=9208 package=com.google.android.appsearch artifact=com.google.android.appsearch.apex isid=K9sB5i1dTzKx2X8lCkOrXw
06-17 14:12:17.616  8076  8110 I Finsky:background: [176502] DSC: reviveDownload(9208)
06-17 14:12:17.616  8076  8076 I Finsky:background: [2] Job 40-9998 is canceled while running
06-17 14:12:17.617  8076  8076 I Finsky:background: [2] SCH: jobStopped: 40-9998. TimeElapsed: 172ms. EventType: 2544
06-17 14:12:17.617  8076  8076 I Finsky:background: [2] WM::SCH: Logging work stop for 40-9998
06-17 14:12:17.617  8076  8103 I Finsky:background: [176495] SCH: Scheduling phonesky job Id: 3-36727, CT: 1781680318553, Constraints: [{ L: 0, D: 86400000, C: CHARGING_NONE, I: IDLE_NONE, N: NET_ANY, B: BATTERY_ANY }, { L: 0, D: 0, C: CHARGING_NONE, I: IDLE_NONE, N: NET_NONE, B: BATTERY_ANY }]
06-17 14:12:17.617  8076  8110 I Finsky:background: [176502] DS: reviveDownload(request_id=9208)
06-17 14:12:17.617  8076  8103 I Finsky:background: [176495] SCH: Scheduling system job 10711 to resume after 0 ms
06-17 14:12:17.618  8076 23527 I Finsky:background: [176571] DS: DS: onReviveDownload(request_id=9208, files_to_download=[com.google.android.appsearch.apex(size:831615)], context[group_id=com.google.android.appsearch:K9sB5i1dTzKx2X8lCkOrXw], display_data[invisible=true, title=Google Play system update], network_restrictions=ANY_NETWORK status=succeeded, bytes_downloaded=831615, total_bytes=831615, retry[count=0, next_retry=n/a])
06-17 14:12:17.618  8076  8103 I Finsky:background: [176495] SCH: Scheduling system job 10712 to resume after 0 ms
06-17 14:12:17.619  8076  8076 I Finsky:background: [2] DS::IDC: has 0 invisibleDownloads
06-17 14:12:17.619  8076  8076 I Finsky:background: [2] DS::IRJ: onStopJob: false, stopReason: 3
06-17 14:12:17.619  8076  8112 I Finsky:background: [176504] SCH: Resuming system job 10711 from hub.
06-17 14:12:17.619  8076  8076 I Finsky:background: [2] RF: onProgress request_id=9208 isid=K9sB5i1dTzKx2X8lCkOrXw
06-17 14:12:17.620  8076  8076 I Finsky:background: [2] RF: resourceStatus for request_id=9208 group=com.google.android.appsearch artifact=com.google.android.appsearch.apex collectedBytes= 831615 / 831615
06-17 14:12:17.620  8076  8076 I Finsky:background: [2] RF: Group=com.google.android.appsearch totalBytesDownloaded= 831615 / 831615 for 1 artifacts
06-17 14:12:17.620  8076  8104 I Finsky:background: [176496] SCH: Resuming system job 10712 from hub.
06-17 14:12:17.621  8076  8076 I Finsky:background: [2] RF: Preventing total bytes update to listeners
06-17 14:12:17.621  8076  8076 I Finsky:background: [2] RF: onResourceSuccess request_id=9208 isid=K9sB5i1dTzKx2X8lCkOrXw
06-17 14:12:17.621  8076  8076 I Finsky:background: [2] RF: resourceStatus for request_id=9208 group=com.google.android.appsearch artifact=com.google.android.appsearch.apex collectedBytes= 831615 / 831615
06-17 14:12:17.622  8076  8076 I Finsky:background: [2] RF: Group=com.google.android.appsearch totalBytesDownloaded= 831615 / 831615 for 1 artifacts
06-17 14:12:17.622  8076  8076 I Finsky:background: [2] bytesCompleted/bytesTotal/ratio = 831615 / 831615 / 1.000000
06-17 14:12:17.623  8076  8076 I Finsky:background: [2] RF: onSuccess request_id=9208 isid=K9sB5i1dTzKx2X8lCkOrXw
06-17 14:12:17.625  8076  8076 I Finsky:background: [2] RF: resourceStatus for request_id=9208 group=com.google.android.appsearch artifact=com.google.android.appsearch.apex collectedBytes= 831615 / 831615
06-17 14:12:17.625  8076  8076 I Finsky:background: [2] RF: Group=com.google.android.appsearch totalBytesDownloaded= 831615 / 831615 for 1 artifacts
06-17 14:12:17.626  5058  5099 D BaseModelUpdateTask: Ignoring model task since loader is pending=com.android.launcher3.model.PackageInstallStateChangedTask@fe25379
06-17 14:12:17.626  8076 23495 I Finsky:background: [176557] SCH: Satisfied jobs for 10711 are: 3-36727
06-17 14:12:17.626  8076  8104 I Finsky:background: [176496] SCH: Scheduling 0 system job(s)
06-17 14:12:17.627  8076 23495 I Finsky:background: [176557] SCH: Satisfied jobs for 10712 are: 3-36727
06-17 14:12:17.628  8076 24107 I Finsky:background: [176579] IV2: onTaskProgress mainline_train_primary[iid:1548] [isid:JxbyqBzdQcu2PZOLs4pxHw] status:RESOURCE_FETCH_PROGRESS, size: 28476632/47888569
06-17 14:12:17.630  8076 23509 I Finsky:background: [176559] DU: Stored data usage stats for package com.google.android.appsearch; completed bytes: 831615.
06-17 14:12:17.631  8076  8103 I Finsky:background: [176495] RF: starting postprocessing for com.google.android.appsearch.apex
06-17 14:12:17.632  8076  8103 I Finsky:background: [176495] RF::PP-Patch: starting to apply patch for [group:mainline_train_primary[iid:1548] [isid:JxbyqBzdQcu2PZOLs4pxHw] [tid: 1000001620]], com.google.android.appsearch [isid:K9sB5i1dTzKx2X8lCkOrXw] [tid: 1000001639].
06-17 14:12:17.632  8076  8103 I Finsky:background: [176495] IV2::PP: Get source file from installed app for com.google.android.appsearch.apex
06-17 14:12:17.632  8076 24099 I Finsky:background: [176574] IQ: Notifying installation update. [Package:mainline_train_primary, isid:JxbyqBzdQcu2PZOLs4pxHw] state:DOWNLOADING, status=DOWNLOADING, status_code=0, reason=auto_update, tsc=PT20.471S, attempt=0
06-17 14:12:17.634  8076 24107 I Finsky:background: [176579] IV2: onTaskProgress mainline_train_primary[iid:1548] [isid:JxbyqBzdQcu2PZOLs4pxHw] status:RESOURCE_FETCH_PROGRESS, size: 28476632/47888569
06-17 14:12:17.636  8076  8076 I Finsky:background: [2] PIM: Handling install package event for: mainline_train_primary status:  DOWNLOADING, isid: JxbyqBzdQcu2PZOLs4pxHw
06-17 14:12:17.637  3480  5155 D PackageInstallerSessionExtImpl: no pre: undesired name
06-17 14:12:17.638  8076 24099 I Finsky:background: [176574] IQ: Notifying installation update. [Package:mainline_train_primary, isid:JxbyqBzdQcu2PZOLs4pxHw] state:DOWNLOADING, status=DOWNLOADING, status_code=0, reason=auto_update, tsc=PT20.477S, attempt=0
06-17 14:12:17.641  8076  8076 I Finsky:background: [2] PIM: Handling install package event for: mainline_train_primary status:  DOWNLOADING, isid: JxbyqBzdQcu2PZOLs4pxHw
06-17 14:12:17.641  7103  7103 I Finsky  : [2] DL: Data loader session turned off due to Incremental install not requested: mainline_train_primary
06-17 14:12:17.645  7103  7103 I Finsky  : [2] DL: Data loader session turned off due to Incremental install not requested: mainline_train_primary
06-17 14:12:17.725  5717  7539 D CommonApp-227-10445: transport layer data is invalid
06-17 14:12:17.902  1851 17756 I sensors-hal: handle_oplus_wise_rgb_event:189, high_pwm_light:lux 20.1,cct 5300.0,brl/algo/ir 36.0/2.0/0.0,pwm/dc 0.0/0.0,rgbc 717.844116/552.428894/346.503510/1432.729614,ts 950659580579144,cnt 59054,flag 0
06-17 14:12:17.920  8076  8104 I Finsky:background: [176496] RF::PP-Verify: starting to verify for [group:mainline_train_primary[iid:1548] [isid:JxbyqBzdQcu2PZOLs4pxHw] [tid: 1000001620]], com.google.android.appsearch [isid:K9sB5i1dTzKx2X8lCkOrXw] [tid: 1000001639].
06-17 14:12:17.924  8076  8110 I Finsky:background: [176502] RF::TC: Skipping intermediate file cleanup due to sufficient space on device
06-17 14:12:17.925  8076  8104 I Finsky:background: [176496] RF: With real time bandwidth check, rest nugget is present: false, shouldDownloadRestNugget: false
06-17 14:12:17.933  1960  6585 D charge_time: type=sdp,reserve_soc=3,soc=77,ui_soc=80,current=-11,avg=64,not_chg_cnt=27,stable_cnt=7,fcc=4226,fcc_ratio=82,delta=0,debug=0,region=12,ttf=22155(06:09:15),ui_ttf=7853(02:10:53)
06-17 14:12:17.933  8076  8112 I Finsky:background: [176504] RF: No TaskData found for a new request.
06-17 14:12:17.935  8076  8103 I Finsky:background: [176495] RF: RowId of the upserted row is 1000001640.
06-17 14:12:17.935  8076  8103 I Finsky:background: [176495] RF: Start fetching and post processing all artifacts with real time bandwidth check.
06-17 14:12:17.939  8076  8106 I Finsky:background: [176498] RM: create resource request id e4c6617b-a613-42cd-9473-6be49f8b01d5 for request com.google.android.media.swcodec.apex reason: auto_update isid: py6WFtZiQLK20tuY3Vkirw
06-17 14:12:17.947  8076  8116 I Finsky:background: [176508] DSC: enqueue()
06-17 14:12:17.960  8076 23527 I Finsky:background: [176571] DS: request_id=9209 generated with shared preferences
06-17 14:12:17.960  8076 23527 I Finsky:background: [176571] DS: enqueue(request_id=9209, files_to_download=[com.google.android.media.swcodec.apex(size:6091725)], context[group_id=com.google.android.media.swcodec:py6WFtZiQLK20tuY3Vkirw], display_data[invisible=true, title=Google Play system update], network_restrictions=ANY_NETWORK
06-17 14:12:17.973  8076 23527 I Finsky:background: [176571] DS: enqueue with parallel downloads (request_id=9209,groupId=com.google.android.media.swcodec:py6WFtZiQLK20tuY3Vkirw)
06-17 14:12:17.974  8076 23527 I Finsky:background: [176571] DS::CD: download(9209)
06-17 14:12:17.974  8076 23527 I Finsky:background: [176571] DSC::L: Update all listeners for download <9209:QUEUED with WAITING_FOR_START:0%[0%]> in group com.google.android.media.swcodec:py6WFtZiQLK20tuY3Vkirw
06-17 14:12:17.975  8076 23527 I Finsky:background: [176571] DSC::L: Updating listener DownloadServiceManagerListener::aoso@48b8c30 for download <9209:QUEUED with WAITING_FOR_START:0%[0%]>
06-17 14:12:17.976  8076 23527 I Finsky:background: [176571] DSC::L: Updating listener vdc@38a7256 for download <9209:QUEUED with WAITING_FOR_START:0%[0%]>
06-17 14:12:17.976  8076 23527 I Finsky:background: [176571] DSC::L: Updating listener DownloadServiceManagerListener::sut@d31b471 for download <9209:QUEUED with WAITING_FOR_START:0%[0%]>
06-17 14:12:17.976  8076 23527 I Finsky:background: [176571] DS::IDC: updateWith: <9209:QUEUED with WAITING_FOR_START:0%[0%]>
06-17 14:12:17.977  8076 23527 I Finsky:background: [176571] DS::ISM: Starting invisible download job
06-17 14:12:17.977  8076 23495 I Finsky:background: [176557] SCH: Received scheduling request: Id: 40-9998, Constraints: [{ L: 0, D: 86400000, C: CHARGING_NONE, I: IDLE_NONE, N: NET_ANY, B: BATTERY_ANY }]
06-17 14:12:17.979  8076 23527 I Finsky:background: [176571] DSC::L: Update all listeners for download <9209:RUNNING:0%[0%]> in group com.google.android.media.swcodec:py6WFtZiQLK20tuY3Vkirw
06-17 14:12:17.979  8076 23527 I Finsky:background: [176571] DSC::L: Updating listener DownloadServiceManagerListener::aoso@48b8c30 for download <9209:RUNNING:0%[0%]>
06-17 14:12:17.979  8076 23527 I Finsky:background: [176571] DS: Received onProgress request_id=9209
06-17 14:12:17.980  8076 23527 I Finsky:background: [176571] RM: receive resource status onStart com.google.android.media.swcodec.apex reason: auto_update isid: py6WFtZiQLK20tuY3Vkirw, 2, 192, size: 0/6091725
06-17 14:12:17.981  8076  8105 I Finsky:background: [176497] RM: new request resourceRequestId=e4c6617b-a613-42cd-9473-6be49f8b01d5 requestId=9209 package=com.google.android.media.swcodec artifact=com.google.android.media.swcodec.apex isid=py6WFtZiQLK20tuY3Vkirw
06-17 14:12:17.981  8076 23527 I Finsky:background: [176571] RM: receive resource status onProgress download_request_id=9209, group_id=com.google.android.media.swcodec.apex reason: auto_update isid: py6WFtZiQLK20tuY3Vkirw, status_code=RESOURCE_STATUS_IN_PROGRESS, legacy_status_code=192, size: 0/6091725
06-17 14:12:17.981  8076 23527 I Finsky:background: [176571] DSC::L: Updating listener vdc@38a7256 for download <9209:RUNNING:0%[0%]>
06-17 14:12:17.982  8076 23527 I Finsky:background: [176571] DSC::L: Updating listener DownloadServiceManagerListener::sut@d31b471 for download <9209:RUNNING:0%[0%]>
06-17 14:12:17.982  8076 23527 I Finsky:background: [176571] DS::IDC: updateWith: <9209:RUNNING:0%[0%]>
06-17 14:12:17.983  8076 23527 I Finsky:background: [176571] DS::CD: Using Cronet.
06-17 14:12:17.984  8076 23527 I Finsky:background: [176571] DS: Current runningDownloadsCount: 0, queuedCount: 1
06-17 14:12:17.984  8076 23527 I Finsky:background: [176571] DS: Incremented runningDownloadsCount to: 1
06-17 14:12:17.986  8076  8118 I Finsky:background: [176510] RM: getStatus resourceRequestId=e4c6617b-a613-42cd-9473-6be49f8b01d5 requestId=9209 package=com.google.android.media.swcodec artifact=com.google.android.media.swcodec.apex isid=py6WFtZiQLK20tuY3Vkirw
06-17 14:12:17.986  8076  8105 I Finsky:background: [176497] RM: getStatus resourceRequestId=e4c6617b-a613-42cd-9473-6be49f8b01d5 requestId=9209 package=com.google.android.media.swcodec artifact=com.google.android.media.swcodec.apex isid=py6WFtZiQLK20tuY3Vkirw
06-17 14:12:17.987  8076  8118 I Finsky:background: [176510] DSC: reviveDownload(9209)
06-17 14:12:17.987  8076  8105 I Finsky:background: [176497] DSC: reviveDownload(9209)
06-17 14:12:17.988  8076  8110 I Finsky:background: [176502] DS: reviveDownload(request_id=9209)
06-17 14:12:17.988  8076  8116 I Finsky:background: [176508] DS: reviveDownload(request_id=9209)
06-17 14:12:17.988  8076 23527 I Finsky:background: [176571] DS: DS: onReviveDownload(request_id=9209, files_to_download=[com.google.android.media.swcodec.apex(size:6091725)], context[group_id=com.google.android.media.swcodec:py6WFtZiQLK20tuY3Vkirw], display_data[invisible=true, title=Google Play system update], network_restrictions=ANY_NETWORK status=running, bytes_downloaded=0, total_bytes=6091725, retry[count=0, next_retry=n/a])
06-17 14:12:17.989  8076 23527 I Finsky:background: [176571] DS: DS: onReviveDownload(request_id=9209, files_to_download=[com.google.android.media.swcodec.apex(size:6091725)], context[group_id=com.google.android.media.swcodec:py6WFtZiQLK20tuY3Vkirw], display_data[invisible=true, title=Google Play system update], network_restrictions=ANY_NETWORK status=running, bytes_downloaded=0, total_bytes=6091725, retry[count=0, next_retry=n/a])
06-17 14:12:17.990  8076  8076 I Finsky:background: [2] RF: onProgress request_id=9209 isid=py6WFtZiQLK20tuY3Vkirw
06-17 14:12:17.991  8076  8076 I Finsky:background: [2] RF: resourceStatus for request_id=9209 group=com.google.android.media.swcodec artifact=com.google.android.media.swcodec.apex collectedBytes= 0 / 6091725
06-17 14:12:17.991  8076  8076 I Finsky:background: [2] RF: Group=com.google.android.media.swcodec totalBytesDownloaded= 0 / 6091725 for 1 artifacts
06-17 14:12:17.993 13819 20282 V Capacitor/Plugin: To native (Capacitor plugin): callbackId: 122403956, pluginId: NativeExoPlayback, methodName: getStatus
06-17 14:12:17.993 13819 13819 I Capacitor/Console: File:  - Line 349 - Msg: [object Object]
06-17 14:12:17.993 13819 20282 V Capacitor: callback: 122403956, pluginId: NativeExoPlayback, methodName: getStatus, methodData: {}
06-17 14:12:17.994  8076  8076 I Finsky:background: [2] Updated time lastBroadcast=2026-06-17T07:12:15.934Z current=2026-06-17T07:12:17.994Z
06-17 14:12:17.995  8076  8076 I Finsky:background: [2] bytesCompleted/bytesTotal/ratio = 0 / 6091725 / 0.000000
06-17 14:12:17.996 13819 13819 I Capacitor/Console: File:  - Line 333 - Msg: {"available":true,"wired":true,"message":"ExoPlayer gapless queue — content:// locker bridge + HTTP streams.","state":"idle","positionSecs":0,"durationSecs":0,"queueIndex":0,"queueLength":0,"gaplessEnabled":true,"crossfadeEnabled":false,"bitPerfectActive":false}
06-17 14:12:17.999  8076 24107 I Finsky:background: [176579] IV2: onTaskProgress mainline_train_primary[iid:1548] [isid:JxbyqBzdQcu2PZOLs4pxHw] status:RESOURCE_FETCH_PROGRESS, size: 28476632/47888569
06-17 14:12:18.000  5058  5099 D BaseModelUpdateTask: Ignoring model task since loader is pending=com.android.launcher3.model.PackageInstallStateChangedTask@16298be
06-17 14:12:18.003  8076 24099 I Finsky:background: [176574] IQ: Notifying installation update. [Package:mainline_train_primary, isid:JxbyqBzdQcu2PZOLs4pxHw] state:DOWNLOADING, status=DOWNLOADING, status_code=0, reason=auto_update, tsc=PT20.842S, attempt=0
06-17 14:12:18.005  8076  8076 I Finsky:background: [2] PIM: Handling install package event for: mainline_train_primary status:  DOWNLOADING, isid: JxbyqBzdQcu2PZOLs4pxHw
06-17 14:12:18.011  7103  7103 I Finsky  : [2] DL: Data loader session turned off due to Incremental install not requested: mainline_train_primary
06-17 14:12:18.022  8076  8098 I Finsky:background: [176490] WM::SCH: Logging work initialize for 40-9998
06-17 14:12:18.026  8076  8103 I Finsky:background: [176495] SCH: Scheduling phonesky job Id: 40-9998, CT: 1781680337978, Constraints: [{ L: 0, D: 86400000, C: CHARGING_NONE, I: IDLE_NONE, N: NET_ANY, B: BATTERY_ANY }, { L: 0, D: 0, C: CHARGING_NONE, I: IDLE_NONE, N: NET_NONE, B: BATTERY_ANY }]
06-17 14:12:18.027  8076  8103 I Finsky:background: [176495] SCH: Scheduling system job 10711 to resume after 0 ms
06-17 14:12:18.028  8076  8103 I Finsky:background: [176495] SCH: Scheduling system job 10712 to resume after 0 ms
06-17 14:12:18.028  8076  8103 I Finsky:background: [176495] SCH: Resuming system job 10712 from hub.
06-17 14:12:18.032  8076  8104 I Finsky:background: [176496] SCH: Resuming system job 10711 from hub.
06-17 14:12:18.033  8076  8104 I Finsky:background: [176496] SCH: Scheduling 0 system job(s)
06-17 14:12:18.034  8076 23495 I Finsky:background: [176557] SCH: Satisfied jobs for 10712 are: 3-36727, 40-9998
06-17 14:12:18.035  8076 23495 I Finsky:background: [176557] SCH: Satisfied jobs for 10711 are: 3-36727, 40-9998
06-17 14:12:18.036  8076 23500 I Finsky:background: [176558] SCH: Job 40-9998 starting
06-17 14:12:18.036  8076  8076 I Finsky:background: [2] WM::SCH: Logging work start for 40-9998
06-17 14:12:18.037  8076  8076 I Finsky:background: [2] DS::IRJ: Running InvisibleRunJob
06-17 14:12:18.054  8076 24166 I Finsky:background: [176605] CronetDownloader: onRedirectReceived
06-17 14:12:18.080  8076 23527 I Finsky:background: [176571] DSC::L: Update all listeners for download <9209:RUNNING:0%[0%]> in group com.google.android.media.swcodec:py6WFtZiQLK20tuY3Vkirw
06-17 14:12:18.080  8076 23527 I Finsky:background: [176571] DSC::L: Updating listener DownloadServiceManagerListener::aoso@48b8c30 for download <9209:RUNNING:0%[0%]>
06-17 14:12:18.081  8076 23527 I Finsky:background: [176571] DS: Received onProgress request_id=9209
06-17 14:12:18.081  8076 23527 I Finsky:background: [176571] RM: receive resource status onProgress download_request_id=9209, group_id=com.google.android.media.swcodec.apex reason: auto_update isid: py6WFtZiQLK20tuY3Vkirw, status_code=RESOURCE_STATUS_IN_PROGRESS, legacy_status_code=192, size: 0/6091725
06-17 14:12:18.081  8076 23527 I Finsky:background: [176571] DSC::L: Updating listener vdc@38a7256 for download <9209:RUNNING:0%[0%]>
06-17 14:12:18.081  8076 23527 I Finsky:background: [176571] DSC::L: Updating listener DownloadServiceManagerListener::sut@d31b471 for download <9209:RUNNING:0%[0%]>
06-17 14:12:18.082  8076 23527 I Finsky:background: [176571] DS::IDC: updateWith: <9209:RUNNING:0%[0%]>
06-17 14:12:18.084  8076  8116 I Finsky:background: [176508] RM: getStatus resourceRequestId=e4c6617b-a613-42cd-9473-6be49f8b01d5 requestId=9209 package=com.google.android.media.swcodec artifact=com.google.android.media.swcodec.apex isid=py6WFtZiQLK20tuY3Vkirw
06-17 14:12:18.085  8076  8116 I Finsky:background: [176508] DSC: reviveDownload(9209)
06-17 14:12:18.086  8076  8116 I Finsky:background: [176508] DS: reviveDownload(request_id=9209)
06-17 14:12:18.086  8076 23527 I Finsky:background: [176571] DS: DS: onReviveDownload(request_id=9209, files_to_download=[com.google.android.media.swcodec.apex(size:6091725)], context[group_id=com.google.android.media.swcodec:py6WFtZiQLK20tuY3Vkirw], display_data[invisible=true, title=Google Play system update], network_restrictions=ANY_NETWORK status=running, bytes_downloaded=0, total_bytes=6091725, retry[count=0, next_retry=n/a])
06-17 14:12:18.089  8076  8076 I Finsky:background: [2] RF: onProgress request_id=9209 isid=py6WFtZiQLK20tuY3Vkirw
06-17 14:12:18.089  8076  8076 I Finsky:background: [2] RF: resourceStatus for request_id=9209 group=com.google.android.media.swcodec artifact=com.google.android.media.swcodec.apex collectedBytes= 0 / 6091725
06-17 14:12:18.089  8076  8076 I Finsky:background: [2] RF: Group=com.google.android.media.swcodec totalBytesDownloaded= 0 / 6091725 for 1 artifacts
06-17 14:12:18.089  8076  8076 I Finsky:background: [2] RF: Preventing total bytes update to listeners
06-17 14:12:18.250  1851 17912 I sensors-hal: handle_sns_std_sensor_event:104, oplus rgb_rear sample: (cct, lux, ir, x, y)[1531, 0, 300000, 392, 234]
06-17 14:12:18.250  1851 17912 I sensors-hal: handle_sns_std_sensor_event:106, oplus rgb_rear sample: (r, g, b, c w)[2, 2, 3, 1, 3]
06-17 14:12:18.302  1851 17883 I sensors-hal: handle_oplus_wise_rgb_event:160, wise_rgb:(59056)(cct,lux,ir)[5300.00, 19.89, 0.000000](rgbc)[717.84, 552.43, 331.44, 1432.73](pwm,hbm,brl,algo)[0.0 0.0 36.0 2.0],flag 0
06-17 14:12:18.320 23305 23315 W pabilityservice: userfaultfd: MOVE ioctl seems unsupported: Connection timed out
06-17 14:12:18.341  8076 23527 I Finsky:background: [176571] DSC::L: Update all listeners for download <9209:RUNNING:100%[100%]> in group com.google.android.media.swcodec:py6WFtZiQLK20tuY3Vkirw
06-17 14:12:18.342  8076 23527 I Finsky:background: [176571] DSC::L: Updating listener DownloadServiceManagerListener::aoso@48b8c30 for download <9209:RUNNING:100%[100%]>
06-17 14:12:18.342  8076 23527 I Finsky:background: [176571] DS: Received onProgress request_id=9209
06-17 14:12:18.342  8076 23527 I Finsky:background: [176571] RM: receive resource status onProgress download_request_id=9209, group_id=com.google.android.media.swcodec.apex reason: auto_update isid: py6WFtZiQLK20tuY3Vkirw, status_code=RESOURCE_STATUS_IN_PROGRESS, legacy_status_code=192, size: 6091725/6091725
06-17 14:12:18.343  8076 23527 I Finsky:background: [176571] DSC::L: Updating listener vdc@38a7256 for download <9209:RUNNING:100%[100%]>
06-17 14:12:18.343  8076 23527 I Finsky:background: [176571] DSC::L: Updating listener DownloadServiceManagerListener::sut@d31b471 for download <9209:RUNNING:100%[100%]>
06-17 14:12:18.343  8076 23527 I Finsky:background: [176571] DS::IDC: updateWith: <9209:RUNNING:100%[100%]>
06-17 14:12:18.345  8076  8118 I Finsky:background: [176510] RM: getStatus resourceRequestId=e4c6617b-a613-42cd-9473-6be49f8b01d5 requestId=9209 package=com.google.android.media.swcodec artifact=com.google.android.media.swcodec.apex isid=py6WFtZiQLK20tuY3Vkirw
06-17 14:12:18.346  8076  8118 I Finsky:background: [176510] DSC: reviveDownload(9209)
06-17 14:12:18.346  8076 23527 I Finsky:background: [176571] DS: Decremented runningDownloadsCount to: 0
06-17 14:12:18.346  8076 23527 I Finsky:background: [176571] DS: Current runningDownloadsCount: 0, queuedCount: 0
06-17 14:12:18.347  8076  8116 I Finsky:background: [176508] DS: reviveDownload(request_id=9209)
06-17 14:12:18.347  8076 23527 I Finsky:background: [176571] DSC::L: Update all listeners for download <9209:SUCCEEDED> in group com.google.android.media.swcodec:py6WFtZiQLK20tuY3Vkirw
06-17 14:12:18.347  8076 23527 I Finsky:background: [176571] DSC::L: Updating listener DownloadServiceManagerListener::aoso@48b8c30 for download <9209:SUCCEEDED>
06-17 14:12:18.347  8076 23527 I Finsky:background: [176571] RM: receive resource status onSuccess com.google.android.media.swcodec.apex reason: auto_update isid: py6WFtZiQLK20tuY3Vkirw, 3, 200, size: 6091725/6091725
06-17 14:12:18.348  8076 23527 I Finsky:background: [176571] DSC::L: Updating listener vdc@38a7256 for download <9209:SUCCEEDED>
06-17 14:12:18.348  8076 23527 I Finsky:background: [176571] DSC::L: Updating listener DownloadServiceManagerListener::sut@d31b471 for download <9209:SUCCEEDED>
06-17 14:12:18.348  8076 23527 I Finsky:background: [176571] DS::IDC: updateWith: <9209:SUCCEEDED>
06-17 14:12:18.348  8076 23527 I Finsky:background: [176571] DS::IDC: All invisible downloads are finished.
06-17 14:12:18.349  8076 23527 I Finsky:background: [176571] DS::ISM: Stopping invisible download job
06-17 14:12:18.350  8076 23527 I Finsky:background: [176571] DS: DS: onReviveDownload(request_id=9209, files_to_download=[com.google.android.media.swcodec.apex(size:6091725)], context[group_id=com.google.android.media.swcodec:py6WFtZiQLK20tuY3Vkirw], display_data[invisible=true, title=Google Play system update], network_restrictions=ANY_NETWORK status=succeeded, bytes_downloaded=6091725, total_bytes=6091725, retry[count=0, next_retry=n/a])
06-17 14:12:18.350  8076 23495 I Finsky:background: [176557] SCH: Canceling job 40-9998
06-17 14:12:18.351  8076 23495 I Finsky:background: [176557] WM::SCH: Logging work end for 40-9998
06-17 14:12:18.351  8076  8076 I Finsky:background: [2] RF: onProgress request_id=9209 isid=py6WFtZiQLK20tuY3Vkirw
06-17 14:12:18.352  8076  8076 I Finsky:background: [2] RF: resourceStatus for request_id=9209 group=com.google.android.media.swcodec artifact=com.google.android.media.swcodec.apex collectedBytes= 6091725 / 6091725
06-17 14:12:18.352  8076  8076 I Finsky:background: [2] RF: Group=com.google.android.media.swcodec totalBytesDownloaded= 6091725 / 6091725 for 1 artifacts
06-17 14:12:18.352  8076  8076 I Finsky:background: [2] RF: Preventing total bytes update to listeners
06-17 14:12:18.353  8076  8076 I Finsky:background: [2] Job 40-9998 is canceled while running
06-17 14:12:18.353  8076  8076 I Finsky:background: [2] SCH: jobStopped: 40-9998. TimeElapsed: 317ms. EventType: 2544
06-17 14:12:18.353  8076  8076 I Finsky:background: [2] WM::SCH: Logging work stop for 40-9998
06-17 14:12:18.354  8076  8076 I Finsky:background: [2] DS::IDC: has 0 invisibleDownloads
06-17 14:12:18.354  8076  8076 I Finsky:background: [2] DS::IRJ: onStopJob: false, stopReason: 3
06-17 14:12:18.354  8076  8104 I Finsky:background: [176496] SCH: Scheduling phonesky job Id: 3-36727, CT: 1781680318553, Constraints: [{ L: 0, D: 86400000, C: CHARGING_NONE, I: IDLE_NONE, N: NET_ANY, B: BATTERY_ANY }, { L: 0, D: 0, C: CHARGING_NONE, I: IDLE_NONE, N: NET_NONE, B: BATTERY_ANY }]
06-17 14:12:18.354  8076 23509 I Finsky:background: [176559] DU: Stored data usage stats for package com.google.android.media.swcodec; completed bytes: 6091725.
06-17 14:12:18.355  8076  8110 I Finsky:background: [176502] RM: getStatus resourceRequestId=e4c6617b-a613-42cd-9473-6be49f8b01d5 requestId=9209 package=com.google.android.media.swcodec artifact=com.google.android.media.swcodec.apex isid=py6WFtZiQLK20tuY3Vkirw
06-17 14:12:18.355  8076  8110 I Finsky:background: [176502] DSC: reviveDownload(9209)
06-17 14:12:18.355  8076  8103 I Finsky:background: [176495] SCH: Scheduling system job 10711 to resume after 0 ms
06-17 14:12:18.355  8076  8103 I Finsky:background: [176495] SCH: Scheduling system job 10712 to resume after 0 ms
06-17 14:12:18.356  8076  8116 I Finsky:background: [176508] DS: reviveDownload(request_id=9209)
06-17 14:12:18.356  8076  8106 I Finsky:background: [176498] SCH: Resuming system job 10711 from hub.
06-17 14:12:18.357  8076 23527 I Finsky:background: [176571] DS: DS: onReviveDownload(request_id=9209, files_to_download=[com.google.android.media.swcodec.apex(size:6091725)], context[group_id=com.google.android.media.swcodec:py6WFtZiQLK20tuY3Vkirw], display_data[invisible=true, title=Google Play system update], network_restrictions=ANY_NETWORK status=succeeded, bytes_downloaded=6091725, total_bytes=6091725, retry[count=0, next_retry=n/a])
06-17 14:12:18.357  8076  8112 I Finsky:background: [176504] SCH: Resuming system job 10712 from hub.
06-17 14:12:18.358  8076  8076 I Finsky:background: [2] RF: onResourceSuccess request_id=9209 isid=py6WFtZiQLK20tuY3Vkirw
06-17 14:12:18.358  8076  8076 I Finsky:background: [2] RF: resourceStatus for request_id=9209 group=com.google.android.media.swcodec artifact=com.google.android.media.swcodec.apex collectedBytes= 6091725 / 6091725
06-17 14:12:18.358  8076  8076 I Finsky:background: [2] RF: Group=com.google.android.media.swcodec totalBytesDownloaded= 6091725 / 6091725 for 1 artifacts
06-17 14:12:18.359  8076  8106 I Finsky:background: [176498] SCH: Scheduling 0 system job(s)
06-17 14:12:18.360  8076 23495 I Finsky:background: [176557] SCH: Satisfied jobs for 10711 are: 3-36727
06-17 14:12:18.360  8076  8076 I Finsky:background: [2] bytesCompleted/bytesTotal/ratio = 6091725 / 6091725 / 1.000000
06-17 14:12:18.361  8076  8076 I Finsky:background: [2] RF: onSuccess request_id=9209 isid=py6WFtZiQLK20tuY3Vkirw
06-17 14:12:18.361  8076  8076 I Finsky:background: [2] RF: resourceStatus for request_id=9209 group=com.google.android.media.swcodec artifact=com.google.android.media.swcodec.apex collectedBytes= 6091725 / 6091725
06-17 14:12:18.361  8076  8076 I Finsky:background: [2] RF: Group=com.google.android.media.swcodec totalBytesDownloaded= 6091725 / 6091725 for 1 artifacts
06-17 14:12:18.363  8076 23495 I Finsky:background: [176557] SCH: Satisfied jobs for 10712 are: 3-36727
06-17 14:12:18.364  8076 24107 I Finsky:background: [176579] IV2: onTaskProgress mainline_train_primary[iid:1548] [isid:JxbyqBzdQcu2PZOLs4pxHw] status:RESOURCE_FETCH_PROGRESS, size: 34568357/47888569
06-17 14:12:18.364  8076  8103 I Finsky:background: [176495] RF: starting postprocessing for com.google.android.media.swcodec.apex
06-17 14:12:18.363  5058  5099 D BaseModelUpdateTask: Ignoring model task since loader is pending=com.android.launcher3.model.PackageInstallStateChangedTask@2791d1f
06-17 14:12:18.365  8076 24107 I Finsky:background: [176579] IV2: onTaskProgress mainline_train_primary[iid:1548] [isid:JxbyqBzdQcu2PZOLs4pxHw] status:RESOURCE_FETCH_PROGRESS, size: 34568357/47888569
06-17 14:12:18.365  8076  8103 I Finsky:background: [176495] RF::PP-Patch: starting to apply patch for [group:mainline_train_primary[iid:1548] [isid:JxbyqBzdQcu2PZOLs4pxHw] [tid: 1000001620]], com.google.android.media.swcodec [isid:py6WFtZiQLK20tuY3Vkirw] [tid: 1000001640].
06-17 14:12:18.365  8076  8103 I Finsky:background: [176495] IV2::PP: Get source file from installed app for com.google.android.media.swcodec.apex
06-17 14:12:18.366  8076 24099 I Finsky:background: [176574] IQ: Notifying installation update. [Package:mainline_train_primary, isid:JxbyqBzdQcu2PZOLs4pxHw] state:DOWNLOADING, status=DOWNLOADING, status_code=0, reason=auto_update, tsc=PT21.205S, attempt=0
06-17 14:12:18.368  3480  9566 D PackageInstallerSessionExtImpl: no pre: undesired name
06-17 14:12:18.372  8076  8076 I Finsky:background: [2] PIM: Handling install package event for: mainline_train_primary status:  DOWNLOADING, isid: JxbyqBzdQcu2PZOLs4pxHw
06-17 14:12:18.374  8076 24099 I Finsky:background: [176574] IQ: Notifying installation update. [Package:mainline_train_primary, isid:JxbyqBzdQcu2PZOLs4pxHw] state:DOWNLOADING, status=DOWNLOADING, status_code=0, reason=auto_update, tsc=PT21.212S, attempt=0
06-17 14:12:18.377  8076  8076 I Finsky:background: [2] PIM: Handling install package event for: mainline_train_primary status:  DOWNLOADING, isid: JxbyqBzdQcu2PZOLs4pxHw
06-17 14:12:18.378  7103  7103 I Finsky  : [2] DL: Data loader session turned off due to Incremental install not requested: mainline_train_primary
06-17 14:12:18.380  7103  7103 I Finsky  : [2] DL: Data loader session turned off due to Incremental install not requested: mainline_train_primary
06-17 14:12:18.393 13819 20282 V Capacitor/Plugin: To native (Capacitor plugin): callbackId: 122403957, pluginId: NativeExoPlayback, methodName: getStatus
06-17 14:12:18.393 13819 20282 V Capacitor: callback: 122403957, pluginId: NativeExoPlayback, methodName: getStatus, methodData: {}
06-17 14:12:18.394 13819 13819 I Capacitor/Console: File:  - Line 349 - Msg: [object Object]
06-17 14:12:18.399 13819 13819 I Capacitor/Console: File:  - Line 333 - Msg: {"available":true,"wired":true,"message":"ExoPlayer gapless queue — content:// locker bridge + HTTP streams.","state":"idle","positionSecs":0,"durationSecs":0,"queueIndex":0,"queueLength":0,"gaplessEnabled":true,"crossfadeEnabled":false,"bitPerfectActive":false}
06-17 14:12:18.434 18122 18734 E msys    : E[N mns:DGWClient]_OnDiskCacheGetData(1091)=>Start post callback cache refresh DNS resolution
06-17 14:12:18.436  1722  9292 E         : DNS_CACHE: hanle request << lookupdns: hostname:test-gateway.instagram.com, servername:443, ai_flags:1024, ai_family:0, ai_socktype:2, ai_protocol:0, netid:0, uid:10526
06-17 14:12:18.436 18122 18739 D DNS_CACHE: oplus_oplus_getaddrinfo_proxy lookup from netd: hostname:test-gateway.instagram.com, servname:443 uid: 10526, result_code:408, res = 0x0, found = 0
06-17 14:12:18.442 18122 18734 E msys    : E[N mns:DGWClient]_LogError(280)=>Failed to resolve using system DNS resolver, getaddrinfo(): No address associated with hostname
06-17 14:12:18.443 18122 18734 E msys    : E[N mns:DGWClient]_OnDiskCacheGetData(1091)=>Start post callback cache refresh DNS resolution
06-17 14:12:18.443  5566  5859 D DnsDomainBlock: onDnsEvent: latencyMs=0, returnCode=4, uid=10526
06-17 14:12:18.444  1722  9292 E         : DNS_CACHE: hanle request << lookupdns: hostname:test-gateway.instagram.com, servername:443, ai_flags:1024, ai_family:0, ai_socktype:1, ai_protocol:0, netid:0, uid:10526
06-17 14:12:18.444 18122 18736 D DNS_CACHE: oplus_oplus_getaddrinfo_proxy lookup from netd: hostname:test-gateway.instagram.com, servname:443 uid: 10526, result_code:408, res = 0x0, found = 0
06-17 14:12:18.446 18122 18734 E msys    : E[N mns:DGWClient]_LogError(280)=>Failed to resolve using system DNS resolver, getaddrinfo(): No address associated with hostname
06-17 14:12:18.502  3480  4315 I CwbClient: setCWBDisplayType set mFeatureID = CWB_RGB_VALUE
06-17 14:12:18.516  1960  1986 D BatteryChargeControl: bcc get no support from charging protocol
06-17 14:12:18.601  1722  7563 E TetherController: property_get sys.radio.data.modem_share_flag return 0, 1!
06-17 14:12:18.637  3480  4448 V NetworkPolicy: updateNetworkEnabledNL() return
06-17 14:12:18.638  3480  4448 V NetworkPolicy: updateNotificationsNL not process
06-17 14:12:18.639  3480  4187 D osense.compress: try do inactive compress task
06-17 14:12:18.702  3480  4315 D FusionLightNextGen: raw_lux -1.0, raw_cct -1.0, r/g/b/c: 717.8/552.4/331.4/1432.7, R/G/B: 27.0/26.0/23.0, bri 36.0, lux: 18.050114, cct: 5300.0, ir: 0.060178, conf: 2, cnt: 0
06-17 14:12:18.749  5717  7539 D CommonApp-227-10445: transport layer data is invalid
06-17 14:12:18.794 13819 20282 V Capacitor/Plugin: To native (Capacitor plugin): callbackId: 122403958, pluginId: NativeExoPlayback, methodName: getStatus
06-17 14:12:18.795 13819 13819 I Capacitor/Console: File:  - Line 349 - Msg: [object Object]
06-17 14:12:18.795 13819 20282 V Capacitor: callback: 122403958, pluginId: NativeExoPlayback, methodName: getStatus, methodData: {}
06-17 14:12:18.801 13819 13819 I Capacitor/Console: File:  - Line 333 - Msg: {"available":true,"wired":true,"message":"ExoPlayer gapless queue — content:// locker bridge + HTTP streams.","state":"idle","positionSecs":0,"durationSecs":0,"queueIndex":0,"queueLength":0,"gaplessEnabled":true,"crossfadeEnabled":false,"bitPerfectActive":false}
06-17 14:12:18.820  1858 21547 I WifiHAL : event received NL80211_CMD_VENDOR, vendor_id = 0x1374, subcmd = 0xd
06-17 14:12:18.820  3084  3084 I cnss-daemon: nl80211 response handler invoked
06-17 14:12:18.820  3084  3084 I cnss-daemon: nl80211_response_handler: cmd 103, vendorID 4980, subcmd 13  received
06-17 14:12:18.826  5717  5717 D VendorWifiService: onEvent event:9,action:1
06-17 14:12:18.837  3480  4584 D OplusWifiPower_TriggerCenter: mComponentCallback: wifistat
06-17 14:12:18.935  1960  6585 D charge_time: type=sdp,reserve_soc=3,soc=77,ui_soc=80,current=-11,avg=64,not_chg_cnt=28,stable_cnt=7,fcc=4226,fcc_ratio=82,delta=0,debug=0,region=12,ttf=22155(06:09:15),ui_ttf=7852(02:10:52)
06-17 14:12:18.986  4908  5001 W OPLUS_LOG_LOAD: ==LOGS PROG INFO, prog(com.android.systemui) ==
06-17 14:12:18.986  4908  5001 I SystemUi--Statusbar: OplusNetworkSpeedControllExImpl-->updateNetworkSpeed: isConnected:true,isSwitchOn:true,isSuspend:false,isPause:false
06-17 14:12:18.988  4908  5001 I SystemUi--Statusbar: OplusNetworkSpeedControllExImpl-->getTotalByte: totalRxBytes:20675146695,totalTxBytes:1846185653,loopbackTxBytes:73469137,loopbackRxBytes:59547861 ,totalBytes:22388315350
06-17 14:12:19.004  1927  1927 I [UAH_CLIENT]: UahPlatformResAcquire
06-17 14:12:19.004  1927  1927 I [UAH_CLIENT]: UahEventAcquire, cmdid:-3, pkg:2138 9271, identity:qcom-perfd
06-17 14:12:19.007  1927  2059 E ANDR-PERF-RESOURCEQS: ANDR-PERF-RESOURCEQS: AddAndApply() 125: Resource with major=16, minor=0 not supported
06-17 14:12:19.024  1927 24343 I [UAH_CLIENT]: UahRelease, handle:418132
06-17 14:12:19.100  1960  1985 D vendor.oplus.hardware.charger-V10-service: ret_value:122, read content:,319,319,4132,4128,11,77,80,1,1,0,453,5007,80,1,4430,300,500,0,0,9500,0,0,1,0,2,0,0,0,1,5522,95,0,3220,4226,0,0,0,0,0,105
06-17 14:12:19.100  1960  1985 D vendor.oplus.hardware.charger-V10-service: gmtime: 2026-06-17-14-12-19
06-17 14:12:19.100  1960  1985 D vendor.oplus.hardware.charger-V10-service: usb_online:1, ac_online:-2147483648, wireless_online:0
06-17 14:12:19.194 13819 20282 V Capacitor/Plugin: To native (Capacitor plugin): callbackId: 122403959, pluginId: NativeExoPlayback, methodName: getStatus
06-17 14:12:19.194 13819 20282 V Capacitor: callback: 122403959, pluginId: NativeExoPlayback, methodName: getStatus, methodData: {}
06-17 14:12:19.195 13819 13819 I Capacitor/Console: File:  - Line 349 - Msg: [object Object]
06-17 14:12:19.225 13819 13819 I Capacitor/Console: File:  - Line 333 - Msg: {"available":true,"wired":true,"message":"ExoPlayer gapless queue — content:// locker bridge + HTTP streams.","state":"idle","positionSecs":0,"durationSecs":0,"queueIndex":0,"queueLength":0,"gaplessEnabled":true,"crossfadeEnabled":false,"bitPerfectActive":false}
06-17 14:12:19.300  3480  4186 E OsenseCommonUtils: write /dev/memcg/memory.force_shrink_file failed
06-17 14:12:19.300  3480  4186 E OsenseCommonUtils: java.io.IOException: write failed: EBUSY (Device or resource busy)
06-17 14:12:19.300  3480  4186 E OsenseCommonUtils: 	at libcore.io.IoBridge.write(IoBridge.java:651)
06-17 14:12:19.300  3480  4186 E OsenseCommonUtils: 	at java.io.FileOutputStream.write(FileOutputStream.java:436)
06-17 14:12:19.300  3480  4186 E OsenseCommonUtils: 	at sun.nio.cs.StreamEncoder.writeBytes(StreamEncoder.java:233)
06-17 14:12:19.300  3480  4186 E OsenseCommonUtils: 	at sun.nio.cs.StreamEncoder.implFlushBuffer(StreamEncoder.java:309)
06-17 14:12:19.300  3480  4186 E OsenseCommonUtils: 	at sun.nio.cs.StreamEncoder.implFlush(StreamEncoder.java:313)
06-17 14:12:19.300  3480  4186 E OsenseCommonUtils: 	at sun.nio.cs.StreamEncoder.flush(StreamEncoder.java:153)
06-17 14:12:19.300  3480  4186 E OsenseCommonUtils: 	at java.io.OutputStreamWriter.flush(OutputStreamWriter.java:248)
06-17 14:12:19.300  3480  4186 E OsenseCommonUtils: 	at com.android.server.oplus.osense.utils.OsenseCommonUtils.writeFile(OsenseCommonUtils.java:163)
06-17 14:12:19.300  3480  4186 E OsenseCommonUtils: 	at com.android.server.am.OplusOsenseCompressAction.doGlobalShrink(OplusOsenseCompressAction.java:1805)
06-17 14:12:19.300  3480  4186 E OsenseCommonUtils: 	at com.android.server.am.OplusOsenseCompressAction.-$$Nest$mdoGlobalShrink(Unknown Source:0)
06-17 14:12:19.300  3480  4186 E OsenseCommonUtils: 	at com.android.server.am.OplusOsenseCompressAction$CompressHandler.handleMessage(OplusOsenseCompressAction.java:1270)
06-17 14:12:19.300  3480  4186 E OsenseCommonUtils: 	at android.os.Handler.dispatchMessage(Handler.java:116)
06-17 14:12:19.300  3480  4186 E OsenseCommonUtils: 	at android.os.Looper.loopOnce(Looper.java:306)
06-17 14:12:19.300  3480  4186 E OsenseCommonUtils: 	at android.os.Looper.loop(Looper.java:416)
06-17 14:12:19.300  3480  4186 E OsenseCommonUtils: 	at android.os.HandlerThread.run(HandlerThread.java:85)
06-17 14:12:19.300  3480  4186 E OsenseCommonUtils: Caused by: android.system.ErrnoException: write failed: EBUSY (Device or resource busy)
06-17 14:12:19.300  3480  4186 E OsenseCommonUtils: 	at libcore.io.Linux.writeBytes(Native Method)
06-17 14:12:19.300  3480  4186 E OsenseCommonUtils: 	at libcore.io.Linux.write(Linux.java:338)
06-17 14:12:19.300  3480  4186 E OsenseCommonUtils: 	at libcore.io.ForwardingOs.write(ForwardingOs.java:954)
06-17 14:12:19.300  3480  4186 E OsenseCommonUtils: 	at libcore.io.BlockGuardOs.write(BlockGuardOs.java:448)
06-17 14:12:19.300  3480  4186 E OsenseCommonUtils: 	at libcore.io.IoBridge.write(IoBridge.java:646)
06-17 14:12:19.300  3480  4186 E OsenseCommonUtils: 	... 14 more
06-17 14:12:19.301  1851 17883 I sensors-hal: handle_oplus_wise_rgb_event:160, wise_rgb:(59061)(cct,lux,ir)[5300.00, 20.41, 0.000000](rgbc)[702.57, 552.43, 331.44, 1432.73](pwm,hbm,brl,algo)[0.0 0.0 36.0 2.0],flag 0
06-17 14:12:19.318 18122 18502 E msys    : E[N mns:TigonMNS]_CacheRefreshTimerCallback(855)=>Start active cache refresh DNS resolution
06-17 14:12:19.319 18122 18502 E msys    : E[N mns:TigonMNS]_CacheRefreshTimerCallback(855)=>Start active cache refresh DNS resolution
06-17 14:12:19.319 18122 18502 E msys    : E[N mns:TigonMNS]_CacheRefreshTimerCallback(855)=>Start active cache refresh DNS resolution
06-17 14:12:19.320 18122 18502 E msys    : E[N mns:TigonMNS]_CacheRefreshTimerCallback(855)=>Start active cache refresh DNS resolution
06-17 14:12:19.320  1722  9292 E         : DNS_CACHE: hanle request << lookupdns: hostname:i-fallback.instagram.com, servername:443, ai_flags:1024, ai_family:0, ai_socktype:2, ai_protocol:0, netid:0, uid:10526
06-17 14:12:19.320 18122 18492 D DNS_CACHE: oplus_oplus_getaddrinfo_proxy lookup from netd: hostname:i-fallback.instagram.com, servname:443 uid: 10526, result_code:408, res = 0x0, found = 0
06-17 14:12:19.320  1722  9292 E         : DNS_CACHE: hanle request << lookupdns: hostname:i.instagram.com, servername:443, ai_flags:1024, ai_family:0, ai_socktype:2, ai_protocol:0, netid:0, uid:10526
06-17 14:12:19.321  1722  9292 E         : DNS_CACHE: hanle request << lookupdns: hostname:graph.facebook.com, servername:443, ai_flags:1024, ai_family:0, ai_socktype:2, ai_protocol:0, netid:0, uid:10526
06-17 14:12:19.321 18122 18502 E msys    : E[N mns:TigonMNS]_CacheRefreshTimerCallback(855)=>Start active cache refresh DNS resolution
06-17 14:12:19.321 18122 18502 E msys    : E[N mns:TigonMNS]_CacheRefreshTimerCallback(855)=>Start active cache refresh DNS resolution
06-17 14:12:19.321 18122 18491 D DNS_CACHE: oplus_oplus_getaddrinfo_proxy lookup from netd: hostname:graph.facebook.com, servname:443 uid: 10526, result_code:408, res = 0x0, found = 0
06-17 14:12:19.323 18122 18502 E msys    : E[N mns:TigonMNS]_LogError(280)=>Failed to resolve using system DNS resolver, getaddrinfo(): No address associated with hostname
06-17 14:12:19.322  1722  9292 E         : DNS_CACHE: hanle request << lookupdns: hostname:graph.instagram.com, servername:443, ai_flags:1024, ai_family:0, ai_socktype:2, ai_protocol:0, netid:0, uid:10526
06-17 14:12:19.323 18122 18493 D DNS_CACHE: oplus_oplus_getaddrinfo_proxy lookup from netd: hostname:i.instagram.com, servname:443 uid: 10526, result_code:408, res = 0x0, found = 0
06-17 14:12:19.324 18122 18492 D DNS_CACHE: oplus_oplus_getaddrinfo_proxy lookup from netd: hostname:graph.instagram.com, servname:443 uid: 10526, result_code:408, res = 0x0, found = 0
06-17 14:12:19.324  1722  9292 E         : DNS_CACHE: hanle request << lookupdns: hostname:graph-fallback.facebook.com, servername:443, ai_flags:1024, ai_family:0, ai_socktype:2, ai_protocol:0, netid:0, uid:10526
06-17 14:12:19.325  1722  9292 E         : DNS_CACHE: hanle request << lookupdns: hostname:graph-fallback.instagram.com, servername:443, ai_flags:1024, ai_family:0, ai_socktype:2, ai_protocol:0, netid:0, uid:10526
06-17 14:12:19.326 18122 18502 E msys    : E[N mns:TigonMNS]_LogError(280)=>Failed to resolve using system DNS resolver, getaddrinfo(): No address associated with hostname
06-17 14:12:19.326 18122 18502 E msys    : E[N mns:TigonMNS]_LogError(280)=>Failed to resolve using system DNS resolver, getaddrinfo(): No address associated with hostname
06-17 14:12:19.326 18122 18502 E msys    : E[N mns:TigonMNS]_LogError(280)=>Failed to resolve using system DNS resolver, getaddrinfo(): No address associated with hostname
06-17 14:12:19.328 18122 18495 D DNS_CACHE: oplus_oplus_getaddrinfo_proxy lookup from netd: hostname:graph-fallback.facebook.com, servname:443 uid: 10526, result_code:408, res = 0x0, found = 0
06-17 14:12:19.329  5566  5859 D DnsDomainBlock: onDnsEvent: latencyMs=0, returnCode=4, uid=10526
06-17 14:12:19.329 18122 18491 D DNS_CACHE: oplus_oplus_getaddrinfo_proxy lookup from netd: hostname:graph-fallback.instagram.com, servname:443 uid: 10526, result_code:408, res = 0x0, found = 0
06-17 14:12:19.330  5566  5859 D DnsDomainBlock: onDnsEvent: latencyMs=0, returnCode=4, uid=10526
06-17 14:12:19.332  5566  5859 D DnsDomainBlock: onDnsEvent: latencyMs=0, returnCode=4, uid=10526
06-17 14:12:19.332 18122 18502 E msys    : E[N mns:TigonMNS]_LogError(280)=>Failed to resolve using system DNS resolver, getaddrinfo(): No address associated with hostname
06-17 14:12:19.332  5566  5859 D DnsDomainBlock: onDnsEvent: latencyMs=0, returnCode=4, uid=10526
06-17 14:12:19.333  5566  5859 D DnsDomainBlock: onDnsEvent: latencyMs=0, returnCode=4, uid=10526
06-17 14:12:19.333 18122 18502 E msys    : E[N mns:TigonMNS]_LogError(280)=>Failed to resolve using system DNS resolver, getaddrinfo(): No address associated with hostname
06-17 14:12:19.334  5566  5859 D DnsDomainBlock: onDnsEvent: latencyMs=0, returnCode=4, uid=10526
06-17 14:12:19.402  1851 14865 I sensors-hal: handle_sns_client_event:316, accel_sample: 0: ts=950661063907790 ns; value = [-0.273637, 0.356436, 9.819419], status=3
06-17 14:12:19.517  1960  1986 D BatteryChargeControl: bcc get no support from charging protocol
06-17 14:12:19.595 13819 20282 V Capacitor/Plugin: To native (Capacitor plugin): callbackId: 122403960, pluginId: NativeExoPlayback, methodName: getStatus
06-17 14:12:19.596 13819 13819 I Capacitor/Console: File:  - Line 349 - Msg: [object Object]
06-17 14:12:19.596 13819 20282 V Capacitor: callback: 122403960, pluginId: NativeExoPlayback, methodName: getStatus, methodData: {}
06-17 14:12:19.602 13819 13819 I Capacitor/Console: File:  - Line 333 - Msg: {"available":true,"wired":true,"message":"ExoPlayer gapless queue — content:// locker bridge + HTTP streams.","state":"idle","positionSecs":0,"durationSecs":0,"queueIndex":0,"queueLength":0,"gaplessEnabled":true,"crossfadeEnabled":false,"bitPerfectActive":false}
06-17 14:12:19.677 28671 28904 W OPLUS_LOG_LOAD: ==LOGS PROG INFO, prog(com.oplus.camera) ==
06-17 14:12:19.677 28671 28904 I APS_ALOG: flushRoutine g_immediateFlush=0 g_pendingCount=0 g_oobCount=0
06-17 14:12:19.776  5717  7539 D CommonApp-227-10445: commonScoreStrategy scenarios low package
06-17 14:12:19.889 10374 10481 D gaia-GaiaConnectChecker: start connect check++
06-17 14:12:19.902  1851 17756 I sensors-hal: handle_oplus_wise_rgb_event:189, high_pwm_light:lux 20.1,cct 5300.0,brl/algo/ir 36.0/2.0/0.0,pwm/dc 0.0/0.0,rgbc 717.844116/552.428894/346.503510/1432.729614,ts 950661580465655,cnt 59064,flag 0
06-17 14:12:19.937  1960  6585 D charge_time: type=sdp,reserve_soc=3,soc=77,ui_soc=80,current=-11,avg=64,not_chg_cnt=29,stable_cnt=7,fcc=4226,fcc_ratio=82,delta=0,debug=0,region=12,ttf=22155(06:09:15),ui_ttf=7851(02:10:51)
06-17 14:12:19.993 13819 13819 I Capacitor/Console: File:  - Line 349 - Msg: [object Object]
06-17 14:12:19.994 13819 20282 V Capacitor/Plugin: To native (Capacitor plugin): callbackId: 122403961, pluginId: NativeExoPlayback, methodName: getStatus
06-17 14:12:19.994 13819 20282 V Capacitor: callback: 122403961, pluginId: NativeExoPlayback, methodName: getStatus, methodData: {}
06-17 14:12:20.002 13819 13819 I Capacitor/Console: File:  - Line 333 - Msg: {"available":true,"wired":true,"message":"ExoPlayer gapless queue — content:// locker bridge + HTTP streams.","state":"idle","positionSecs":0,"durationSecs":0,"queueIndex":0,"queueLength":0,"gaplessEnabled":true,"crossfadeEnabled":false,"bitPerfectActive":false}
06-17 14:12:20.051  3480  6040 I AICCTModule: SensorFilter: brightness threshold 1.2 screenNit is 2.012943 ave enviroment lux is 18.050112 luxForNit 42.461662demarcationPoint200.0 result is false
06-17 14:12:20.051  3480  6040 I AICCTModule: SensorFilter: findSecondNearestValue, sensorValue: 5300.0 nearestMaxValue:5300.0 secondNearestValue: 5300.0
