06-13 20:31:57.985 14823 14823 I Capacitor/Console: File:  - Line 333 - Msg: {"available":true,"wired":true,"message":"ExoPlayer gapless queue — content:// locker bridge + HTTP streams.","state":"stopped","positionSecs":1.006,"durationSecs":1,"queueIndex":0,"queueLength":1,"gaplessEnabled":true,"currentUrl":"content://rd.sheepskin.sandboxmusic.locker/locker/__playback_self_test__"}
06-13 20:31:58.233 14823 14823 I Capacitor/Console: File:  - Line 333 - Msg: {"available":true,"wired":true,"message":"ExoPlayer gapless queue — content:// locker bridge + HTTP streams.","state":"stopped","positionSecs":1.006,"durationSecs":1,"queueIndex":0,"queueLength":1,"gaplessEnabled":true,"currentUrl":"content://rd.sheepskin.sandboxmusic.locker/locker/__playback_self_test__"}
06-13 20:31:58.292  3250  4158 E msys    : E[N mns:DGWClient]_LogError(280)=>Failed to resolve using system DNS resolver, getaddrinfo(): No address associated with hostname
06-13 20:31:58.295  3250  4158 E msys    : E[N mns:DGWClient]_LogError(280)=>Failed to resolve using system DNS resolver, getaddrinfo(): No address associated with hostname
06-13 20:31:58.483 14823 14823 I Capacitor/Console: File:  - Line 333 - Msg: {"available":true,"wired":true,"message":"ExoPlayer gapless queue — content:// locker bridge + HTTP streams.","state":"stopped","positionSecs":1.006,"durationSecs":1,"queueIndex":0,"queueLength":1,"gaplessEnabled":true,"currentUrl":"content://rd.sheepskin.sandboxmusic.locker/locker/__playback_self_test__"}
06-13 20:31:58.737 14823 14823 I Capacitor/Console: File:  - Line 333 - Msg: {"available":true,"wired":true,"message":"ExoPlayer gapless queue — content:// locker bridge + HTTP streams.","state":"stopped","positionSecs":1.006,"durationSecs":1,"queueIndex":0,"queueLength":1,"gaplessEnabled":true,"currentUrl":"content://rd.sheepskin.sandboxmusic.locker/locker/__playback_self_test__"}
06-13 20:31:58.984 14823 14823 I Capacitor/Console: File:  - Line 333 - Msg: {"available":true,"wired":true,"message":"ExoPlayer gapless queue — content:// locker bridge + HTTP streams.","state":"stopped","positionSecs":1.006,"durationSecs":1,"queueIndex":0,"queueLength":1,"gaplessEnabled":true,"currentUrl":"content://rd.sheepskin.sandboxmusic.locker/locker/__playback_self_test__"}
06-13 20:31:59.232 14823 14823 I Capacitor/Console: File:  - Line 333 - Msg: {"available":true,"wired":true,"message":"ExoPlayer gapless queue — content:// locker bridge + HTTP streams.","state":"stopped","positionSecs":1.006,"durationSecs":1,"queueIndex":0,"queueLength":1,"gaplessEnabled":true,"currentUrl":"content://rd.sheepskin.sandboxmusic.locker/locker/__playback_self_test__"}
06-13 20:31:59.486 14823 14823 I Capacitor/Console: File:  - Line 333 - Msg: {"available":true,"wired":true,"message":"ExoPlayer gapless queue — content:// locker bridge + HTTP streams.","state":"stopped","positionSecs":1.006,"durationSecs":1,"queueIndex":0,"queueLength":1,"gaplessEnabled":true,"currentUrl":"content://rd.sheepskin.sandboxmusic.locker/locker/__playback_self_test__"}
06-13 20:31:59.732 14823 14823 I Capacitor/Console: File:  - Line 333 - Msg: {"available":true,"wired":true,"message":"ExoPlayer gapless queue — content:// locker bridge + HTTP streams.","state":"stopped","positionSecs":1.006,"durationSecs":1,"queueIndex":0,"queueLength":1,"gaplessEnabled":true,"currentUrl":"content://rd.sheepskin.sandboxmusic.locker/locker/__playback_self_test__"}
06-13 20:31:59.986 14823 14823 I Capacitor/Console: File:  - Line 333 - Msg: {"available":true,"wired":true,"message":"ExoPlayer gapless queue — content:// locker bridge + HTTP streams.","state":"stopped","positionSecs":1.006,"durationSecs":1,"queueIndex":0,"queueLength":1,"gaplessEnabled":true,"currentUrl":"content://rd.sheepskin.sandboxmusic.locker/locker/__playback_self_test__"}
06-13 20:32:00.044  2138  2762 E HwcComposer: getLuts failed Status(-129, EX_TRANSACTION_FAILED): 'UNKNOWN_TRANSACTION: '
06-13 20:32:00.210  3250  4158 E msys    : E[N mns:DGWClient]_LogError(280)=>Failed to resolve using system DNS resolver, getaddrinfo(): No address associated with hostname
06-13 20:32:00.236 14823 14823 I Capacitor/Console: File:  - Line 333 - Msg: {"available":true,"wired":true,"message":"ExoPlayer gapless queue — content:// locker bridge + HTTP streams.","state":"stopped","positionSecs":1.006,"durationSecs":1,"queueIndex":0,"queueLength":1,"gaplessEnabled":true,"currentUrl":"content://rd.sheepskin.sandboxmusic.locker/locker/__playback_self_test__"}
06-13 20:32:00.454  2138  2762 E HwcComposer: getLuts failed Status(-129, EX_TRANSACTION_FAILED): 'UNKNOWN_TRANSACTION: '
06-13 20:32:00.483 14823 14823 I Capacitor/Console: File:  - Line 333 - Msg: {"available":true,"wired":true,"message":"ExoPlayer gapless queue — content:// locker bridge + HTTP streams.","state":"stopped","positionSecs":1.006,"durationSecs":1,"queueIndex":0,"queueLength":1,"gaplessEnabled":true,"currentUrl":"content://rd.sheepskin.sandboxmusic.locker/locker/__playback_self_test__"}
06-13 20:32:00.735 14823 14823 I Capacitor/Console: File:  - Line 333 - Msg: {"available":true,"wired":true,"message":"ExoPlayer gapless queue — content:// locker bridge + HTTP streams.","state":"stopped","positionSecs":1.006,"durationSecs":1,"queueIndex":0,"queueLength":1,"gaplessEnabled":true,"currentUrl":"content://rd.sheepskin.sandboxmusic.locker/locker/__playback_self_test__"}
06-13 20:32:00.981 14823 14823 I Capacitor/Console: File:  - Line 333 - Msg: {"available":true,"wired":true,"message":"ExoPlayer gapless queue — content:// locker bridge + HTTP streams.","state":"stopped","positionSecs":1.006,"durationSecs":1,"queueIndex":0,"queueLength":1,"gaplessEnabled":true,"currentUrl":"content://rd.sheepskin.sandboxmusic.locker/locker/__playback_self_test__"}
06-13 20:32:01.234 14823 14823 I Capacitor/Console: File:  - Line 333 - Msg: {"available":true,"wired":true,"message":"ExoPlayer gapless queue — content:// locker bridge + HTTP streams.","state":"stopped","positionSecs":1.006,"durationSecs":1,"queueIndex":0,"queueLength":1,"gaplessEnabled":true,"currentUrl":"content://rd.sheepskin.sandboxmusic.locker/locker/__playback_self_test__"}
06-13 20:32:01.484 14823 14823 I Capacitor/Console: File:  - Line 333 - Msg: {"available":true,"wired":true,"message":"ExoPlayer gapless queue — content:// locker bridge + HTTP streams.","state":"stopped","positionSecs":1.006,"durationSecs":1,"queueIndex":0,"queueLength":1,"gaplessEnabled":true,"currentUrl":"content://rd.sheepskin.sandboxmusic.locker/locker/__playback_self_test__"}
06-13 20:32:01.735 14823 14823 I Capacitor/Console: File:  - Line 333 - Msg: {"available":true,"wired":true,"message":"ExoPlayer gapless queue — content:// locker bridge + HTTP streams.","state":"stopped","positionSecs":1.006,"durationSecs":1,"queueIndex":0,"queueLength":1,"gaplessEnabled":true,"currentUrl":"content://rd.sheepskin.sandboxmusic.locker/locker/__playback_self_test__"}
06-13 20:32:01.984 14823 14823 I Capacitor/Console: File:  - Line 333 - Msg: {"available":true,"wired":true,"message":"ExoPlayer gapless queue — content:// locker bridge + HTTP streams.","state":"stopped","positionSecs":1.006,"durationSecs":1,"queueIndex":0,"queueLength":1,"gaplessEnabled":true,"currentUrl":"content://rd.sheepskin.sandboxmusic.locker/locker/__playback_self_test__"}
06-13 20:32:02.234 14823 14823 I Capacitor/Console: File:  - Line 333 - Msg: {"available":true,"wired":true,"message":"ExoPlayer gapless queue — content:// locker bridge + HTTP streams.","state":"stopped","positionSecs":1.006,"durationSecs":1,"queueIndex":0,"queueLength":1,"gaplessEnabled":true,"currentUrl":"content://rd.sheepskin.sandboxmusic.locker/locker/__playback_self_test__"}
06-13 20:32:02.482 14823 14823 I Capacitor/Console: File:  - Line 333 - Msg: {"available":true,"wired":true,"message":"ExoPlayer gapless queue — content:// locker bridge + HTTP streams.","state":"stopped","positionSecs":1.006,"durationSecs":1,"queueIndex":0,"queueLength":1,"gaplessEnabled":true,"currentUrl":"content://rd.sheepskin.sandboxmusic.locker/locker/__playback_self_test__"}
06-13 20:32:02.736 14823 14823 I Capacitor/Console: File:  - Line 333 - Msg: {"available":true,"wired":true,"message":"ExoPlayer gapless queue — content:// locker bridge + HTTP streams.","state":"stopped","positionSecs":1.006,"durationSecs":1,"queueIndex":0,"queueLength":1,"gaplessEnabled":true,"currentUrl":"content://rd.sheepskin.sandboxmusic.locker/locker/__playback_self_test__"}
06-13 20:32:02.984 14823 14823 I Capacitor/Console: File:  - Line 333 - Msg: {"available":true,"wired":true,"message":"ExoPlayer gapless queue — content:// locker bridge + HTTP streams.","state":"stopped","positionSecs":1.006,"durationSecs":1,"queueIndex":0,"queueLength":1,"gaplessEnabled":true,"currentUrl":"content://rd.sheepskin.sandboxmusic.locker/locker/__playback_self_test__"}
06-13 20:32:03.233 14823 14823 I Capacitor/Console: File:  - Line 333 - Msg: {"available":true,"wired":true,"message":"ExoPlayer gapless queue — content:// locker bridge + HTTP streams.","state":"stopped","positionSecs":1.006,"durationSecs":1,"queueIndex":0,"queueLength":1,"gaplessEnabled":true,"currentUrl":"content://rd.sheepskin.sandboxmusic.locker/locker/__playback_self_test__"}
06-13 20:32:03.484 14823 14823 I Capacitor/Console: File:  - Line 333 - Msg: {"available":true,"wired":true,"message":"ExoPlayer gapless queue — content:// locker bridge + HTTP streams.","state":"stopped","positionSecs":1.006,"durationSecs":1,"queueIndex":0,"queueLength":1,"gaplessEnabled":true,"currentUrl":"content://rd.sheepskin.sandboxmusic.locker/locker/__playback_self_test__"}
06-13 20:32:03.737 14823 14823 I Capacitor/Console: File:  - Line 333 - Msg: {"available":true,"wired":true,"message":"ExoPlayer gapless queue — content:// locker bridge + HTTP streams.","state":"stopped","positionSecs":1.006,"durationSecs":1,"queueIndex":0,"queueLength":1,"gaplessEnabled":true,"currentUrl":"content://rd.sheepskin.sandboxmusic.locker/locker/__playback_self_test__"}
06-13 20:32:03.985 14823 14823 I Capacitor/Console: File:  - Line 333 - Msg: {"available":true,"wired":true,"message":"ExoPlayer gapless queue — content:// locker bridge + HTTP streams.","state":"stopped","positionSecs":1.006,"durationSecs":1,"queueIndex":0,"queueLength":1,"gaplessEnabled":true,"currentUrl":"content://rd.sheepskin.sandboxmusic.locker/locker/__playback_self_test__"}
06-13 20:32:04.233 14823 14823 I Capacitor/Console: File:  - Line 333 - Msg: {"available":true,"wired":true,"message":"ExoPlayer gapless queue — content:// locker bridge + HTTP streams.","state":"stopped","positionSecs":1.006,"durationSecs":1,"queueIndex":0,"queueLength":1,"gaplessEnabled":true,"currentUrl":"content://rd.sheepskin.sandboxmusic.locker/locker/__playback_self_test__"}
06-13 20:32:04.486 14823 14823 I Capacitor/Console: File:  - Line 333 - Msg: {"available":true,"wired":true,"message":"ExoPlayer gapless queue — content:// locker bridge + HTTP streams.","state":"stopped","positionSecs":1.006,"durationSecs":1,"queueIndex":0,"queueLength":1,"gaplessEnabled":true,"currentUrl":"content://rd.sheepskin.sandboxmusic.locker/locker/__playback_self_test__"}
06-13 20:32:04.733 14823 14823 I Capacitor/Console: File:  - Line 333 - Msg: {"available":true,"wired":true,"message":"ExoPlayer gapless queue — content:// locker bridge + HTTP streams.","state":"stopped","positionSecs":1.006,"durationSecs":1,"queueIndex":0,"queueLength":1,"gaplessEnabled":true,"currentUrl":"content://rd.sheepskin.sandboxmusic.locker/locker/__playback_self_test__"}
06-13 20:32:04.985 14823 14823 I Capacitor/Console: File:  - Line 333 - Msg: {"available":true,"wired":true,"message":"ExoPlayer gapless queue — content:// locker bridge + HTTP streams.","state":"stopped","positionSecs":1.006,"durationSecs":1,"queueIndex":0,"queueLength":1,"gaplessEnabled":true,"currentUrl":"content://rd.sheepskin.sandboxmusic.locker/locker/__playback_self_test__"}
06-13 20:32:05.236 14823 14823 I Capacitor/Console: File:  - Line 333 - Msg: {"available":true,"wired":true,"message":"ExoPlayer gapless queue — content:// locker bridge + HTTP streams.","state":"stopped","positionSecs":1.006,"durationSecs":1,"queueIndex":0,"queueLength":1,"gaplessEnabled":true,"currentUrl":"content://rd.sheepskin.sandboxmusic.locker/locker/__playback_self_test__"}
06-13 20:32:05.482 14823 14823 I Capacitor/Console: File:  - Line 333 - Msg: {"available":true,"wired":true,"message":"ExoPlayer gapless queue — content:// locker bridge + HTTP streams.","state":"stopped","positionSecs":1.006,"durationSecs":1,"queueIndex":0,"queueLength":1,"gaplessEnabled":true,"currentUrl":"content://rd.sheepskin.sandboxmusic.locker/locker/__playback_self_test__"}
06-13 20:32:05.514  3250  4158 E msys    : E[N mns:DGWClient]_LogError(280)=>Failed to resolve using system DNS resolver, getaddrinfo(): No address associated with hostname
06-13 20:32:05.518  3250  4158 E msys    : E[N mns:DGWClient]_LogError(280)=>Failed to resolve using system DNS resolver, getaddrinfo(): No address associated with hostname
06-13 20:32:05.729 14823 14823 I Capacitor/Console: File:  - Line 333 - Msg: {"available":true,"wired":true,"message":"ExoPlayer gapless queue — content:// locker bridge + HTTP streams.","state":"stopped","positionSecs":1.006,"durationSecs":1,"queueIndex":0,"queueLength":1,"gaplessEnabled":true,"currentUrl":"content://rd.sheepskin.sandboxmusic.locker/locker/__playback_self_test__"}
06-13 20:32:05.976 14823 14823 I Capacitor/Console: File:  - Line 333 - Msg: {"available":true,"wired":true,"message":"ExoPlayer gapless queue — content:// locker bridge + HTTP streams.","state":"stopped","positionSecs":1.006,"durationSecs":1,"queueIndex":0,"queueLength":1,"gaplessEnabled":true,"currentUrl":"content://rd.sheepskin.sandboxmusic.locker/locker/__playback_self_test__"}
06-13 20:32:06.229 14823 14823 I Capacitor/Console: File:  - Line 333 - Msg: {"available":true,"wired":true,"message":"ExoPlayer gapless queue — content:// locker bridge + HTTP streams.","state":"stopped","positionSecs":1.006,"durationSecs":1,"queueIndex":0,"queueLength":1,"gaplessEnabled":true,"currentUrl":"content://rd.sheepskin.sandboxmusic.locker/locker/__playback_self_test__"}
06-13 20:32:06.482 14823 14823 I Capacitor/Console: File:  - Line 333 - Msg: {"available":true,"wired":true,"message":"ExoPlayer gapless queue — content:// locker bridge + HTTP streams.","state":"stopped","positionSecs":1.006,"durationSecs":1,"queueIndex":0,"queueLength":1,"gaplessEnabled":true,"currentUrl":"content://rd.sheepskin.sandboxmusic.locker/locker/__playback_self_test__"}
06-13 20:32:06.719  2138  2762 E HwcComposer: getLuts failed Status(-129, EX_TRANSACTION_FAILED): 'UNKNOWN_TRANSACTION: '
06-13 20:32:06.727 14823 14823 I Capacitor/Console: File:  - Line 333 - Msg: {"available":true,"wired":true,"message":"ExoPlayer gapless queue — content:// locker bridge + HTTP streams.","state":"stopped","positionSecs":1.006,"durationSecs":1,"queueIndex":0,"queueLength":1,"gaplessEnabled":true,"currentUrl":"content://rd.sheepskin.sandboxmusic.locker/locker/__playback_self_test__"}
06-13 20:32:06.851  3250  4158 E msys    : E[N mns:DGWClient]_LogError(280)=>Failed to resolve using system DNS resolver, getaddrinfo(): No address associated with hostname
06-13 20:32:06.972  2138  2762 E HwcComposer: getLuts failed Status(-129, EX_TRANSACTION_FAILED): 'UNKNOWN_TRANSACTION: '
06-13 20:32:06.986 14823 14823 I Capacitor/Console: File:  - Line 333 - Msg: {"available":true,"wired":true,"message":"ExoPlayer gapless queue — content:// locker bridge + HTTP streams.","state":"stopped","positionSecs":1.006,"durationSecs":1,"queueIndex":0,"queueLength":1,"gaplessEnabled":true,"currentUrl":"content://rd.sheepskin.sandboxmusic.locker/locker/__playback_self_test__"}
06-13 20:32:07.234 14823 14823 I Capacitor/Console: File:  - Line 333 - Msg: {"available":true,"wired":true,"message":"ExoPlayer gapless queue — content:// locker bridge + HTTP streams.","state":"stopped","positionSecs":1.006,"durationSecs":1,"queueIndex":0,"queueLength":1,"gaplessEnabled":true,"currentUrl":"content://rd.sheepskin.sandboxmusic.locker/locker/__playback_self_test__"}
06-13 20:32:07.481 14823 14823 I Capacitor/Console: File:  - Line 333 - Msg: {"available":true,"wired":true,"message":"ExoPlayer gapless queue — content:// locker bridge + HTTP streams.","state":"stopped","positionSecs":1.006,"durationSecs":1,"queueIndex":0,"queueLength":1,"gaplessEnabled":true,"currentUrl":"content://rd.sheepskin.sandboxmusic.locker/locker/__playback_self_test__"}
06-13 20:32:07.647  2138  2762 E HwcComposer: getLuts failed Status(-129, EX_TRANSACTION_FAILED): 'UNKNOWN_TRANSACTION: '
06-13 20:32:07.733 14823 14823 I Capacitor/Console: File:  - Line 333 - Msg: {"available":true,"wired":true,"message":"ExoPlayer gapless queue — content:// locker bridge + HTTP streams.","state":"stopped","positionSecs":1.006,"durationSecs":1,"queueIndex":0,"queueLength":1,"gaplessEnabled":true,"currentUrl":"content://rd.sheepskin.sandboxmusic.locker/locker/__playback_self_test__"}
06-13 20:32:07.896  2138  2762 E HwcComposer: getLuts failed Status(-129, EX_TRANSACTION_FAILED): 'UNKNOWN_TRANSACTION: '
06-13 20:32:07.947  4908  5083 I SystemUi--Statusbar: PrivacyDotViewController-->resolveState ViewState(viewInitialized=true, systemPrivacyEventIsActive=false, shadeExpanded=false, needShow=true, portraitRect=Rect(0, 0 - 1440, 160), landscapeRect=Rect(160, 0 - 3168, 160), upsideDownRect=Rect(0, 0 - 1440, 160), seascapeRect=Rect(0, 0 - 2990, 160), layoutRtl=false, rotation=0, paddingTop=13, paddingBottom=13, cornerIndex=-1, corner=TopRight, designatedCorner=android.widget.FrameLayout{5c62b44 I.E...... .......D 1365,0-1440,160 #7f0a0ad3 app:id/privacy_dot_top_right_container alpha=0.0 viewInfo = }, contentDescription=Applications are using your microphone., dotMargin=88)
06-13 20:32:07.976 14823 14823 I Capacitor/Console: File:  - Line 333 - Msg: {"available":true,"wired":true,"message":"ExoPlayer gapless queue — content:// locker bridge + HTTP streams.","state":"stopped","positionSecs":1.006,"durationSecs":1,"queueIndex":0,"queueLength":1,"gaplessEnabled":true,"currentUrl":"content://rd.sheepskin.sandboxmusic.locker/locker/__playback_self_test__"}
06-13 20:32:07.990  6510  6510 I AdvertisingIdClient: getting error as 17: API: ClientTelemetry.API is not available on this device. Connection failed with: ConnectionResult{statusCode=API_DISABLED_FOR_CONNECTION, resolution=null, message=null, clientMethodKey=null}
06-13 20:32:08.230 14823 14823 I Capacitor/Console: File:  - Line 333 - Msg: {"available":true,"wired":true,"message":"ExoPlayer gapless queue — content:// locker bridge + HTTP streams.","state":"stopped","positionSecs":1.006,"durationSecs":1,"queueIndex":0,"queueLength":1,"gaplessEnabled":true,"currentUrl":"content://rd.sheepskin.sandboxmusic.locker/locker/__playback_self_test__"}
06-13 20:32:08.485 14823 14823 I Capacitor/Console: File:  - Line 333 - Msg: {"available":true,"wired":true,"message":"ExoPlayer gapless queue — content:// locker bridge + HTTP streams.","state":"stopped","positionSecs":1.006,"durationSecs":1,"queueIndex":0,"queueLength":1,"gaplessEnabled":true,"currentUrl":"content://rd.sheepskin.sandboxmusic.locker/locker/__playback_self_test__"}
06-13 20:32:08.733 14823 14823 I Capacitor/Console: File:  - Line 333 - Msg: {"available":true,"wired":true,"message":"ExoPlayer gapless queue — content:// locker bridge + HTTP streams.","state":"stopped","positionSecs":1.006,"durationSecs":1,"queueIndex":0,"queueLength":1,"gaplessEnabled":true,"currentUrl":"content://rd.sheepskin.sandboxmusic.locker/locker/__playback_self_test__"}
06-13 20:32:08.978 14823 14823 I Capacitor/Console: File:  - Line 333 - Msg: {"available":true,"wired":true,"message":"ExoPlayer gapless queue — content:// locker bridge + HTTP streams.","state":"stopped","positionSecs":1.006,"durationSecs":1,"queueIndex":0,"queueLength":1,"gaplessEnabled":true,"currentUrl":"content://rd.sheepskin.sandboxmusic.locker/locker/__playback_self_test__"}
06-13 20:32:09.049 10560 17053 W PTC.DISC.NetRegisterCentral: registerLanInfo failed. msg=Account not logged in desc=wlanAvailable(repeat=0)
06-13 20:32:09.229 14823 14823 I Capacitor/Console: File:  - Line 333 - Msg: {"available":true,"wired":true,"message":"ExoPlayer gapless queue — content:// locker bridge + HTTP streams.","state":"stopped","positionSecs":1.006,"durationSecs":1,"queueIndex":0,"queueLength":1,"gaplessEnabled":true,"currentUrl":"content://rd.sheepskin.sandboxmusic.locker/locker/__playback_self_test__"}
06-13 20:32:09.240  4908  5101 D LocalImageResolver: Couldn't use ImageDecoder for drawable, falling back to non-resized load.
06-13 20:32:09.252  4908  5101 D LocalImageResolver: Couldn't use ImageDecoder for drawable, falling back to non-resized load.
06-13 20:32:09.260  4908  5101 D LocalImageResolver: Couldn't use ImageDecoder for drawable, falling back to non-resized load.
06-13 20:32:09.329  2138  2762 E HwcComposer: getLuts failed Status(-129, EX_TRANSACTION_FAILED): 'UNKNOWN_TRANSACTION: '
06-13 20:32:09.334  4908  4908 E [OPLUS_AFS_CONFIG]: Failed to open AFS config file: /proc/oplus_afs_config/afs_config
06-13 20:32:09.335  4908  4908 E AFS_CONFIG: Failed to get scene config
06-13 20:32:09.353  3480  3530 E SchedAssist: binderSetThreadUxFlagByIoctl: ioctl failed, tid=-1 flag=1 ret=-1 errno=25 (Inappropriate ioctl for device)
06-13 20:32:09.354  3480  3530 E SchedAssist: binderSetThreadUxFlagByIoctl: ioctl failed, tid=-1 flag=0 ret=-1 errno=25 (Inappropriate ioctl for device)
06-13 20:32:09.482 14823 14823 I Capacitor/Console: File:  - Line 333 - Msg: {"available":true,"wired":true,"message":"ExoPlayer gapless queue — content:// locker bridge + HTTP streams.","state":"stopped","positionSecs":1.006,"durationSecs":1,"queueIndex":0,"queueLength":1,"gaplessEnabled":true,"currentUrl":"content://rd.sheepskin.sandboxmusic.locker/locker/__playback_self_test__"}
06-13 20:32:09.580  2138  2762 E HwcComposer: getLuts failed Status(-129, EX_TRANSACTION_FAILED): 'UNKNOWN_TRANSACTION: '
06-13 20:32:09.730 14823 14823 I Capacitor/Console: File:  - Line 333 - Msg: {"available":true,"wired":true,"message":"ExoPlayer gapless queue — content:// locker bridge + HTTP streams.","state":"stopped","positionSecs":1.006,"durationSecs":1,"queueIndex":0,"queueLength":1,"gaplessEnabled":true,"currentUrl":"content://rd.sheepskin.sandboxmusic.locker/locker/__playback_self_test__"}
06-13 20:32:09.834  2138  2762 E HwcComposer: getLuts failed Status(-129, EX_TRANSACTION_FAILED): 'UNKNOWN_TRANSACTION: '
06-13 20:32:09.940  4908  4908 E [OPLUS_AFS_CONFIG]: Failed to open AFS config file: /proc/oplus_afs_config/afs_config
06-13 20:32:09.940  4908  4908 E AFS_CONFIG: Failed to get scene config
06-13 20:32:09.983 14823 14823 I Capacitor/Console: File:  - Line 333 - Msg: {"available":true,"wired":true,"message":"ExoPlayer gapless queue — content:// locker bridge + HTTP streams.","state":"stopped","positionSecs":1.006,"durationSecs":1,"queueIndex":0,"queueLength":1,"gaplessEnabled":true,"currentUrl":"content://rd.sheepskin.sandboxmusic.locker/locker/__playback_self_test__"}
06-13 20:32:10.085  2138  2762 E HwcComposer: getLuts failed Status(-129, EX_TRANSACTION_FAILED): 'UNKNOWN_TRANSACTION: '
06-13 20:32:10.237 14823 14823 I Capacitor/Console: File:  - Line 333 - Msg: {"available":true,"wired":true,"message":"ExoPlayer gapless queue — content:// locker bridge + HTTP streams.","state":"stopped","positionSecs":1.006,"durationSecs":1,"queueIndex":0,"queueLength":1,"gaplessEnabled":true,"currentUrl":"content://rd.sheepskin.sandboxmusic.locker/locker/__playback_self_test__"}
06-13 20:32:10.485 14823 14823 I Capacitor/Console: File:  - Line 333 - Msg: {"available":true,"wired":true,"message":"ExoPlayer gapless queue — content:// locker bridge + HTTP streams.","state":"stopped","positionSecs":1.006,"durationSecs":1,"queueIndex":0,"queueLength":1,"gaplessEnabled":true,"currentUrl":"content://rd.sheepskin.sandboxmusic.locker/locker/__playback_self_test__"}
06-13 20:32:10.734 14823 14823 I Capacitor/Console: File:  - Line 333 - Msg: {"available":true,"wired":true,"message":"ExoPlayer gapless queue — content:// locker bridge + HTTP streams.","state":"stopped","positionSecs":1.006,"durationSecs":1,"queueIndex":0,"queueLength":1,"gaplessEnabled":true,"currentUrl":"content://rd.sheepskin.sandboxmusic.locker/locker/__playback_self_test__"}
06-13 20:32:10.981 14823 14823 I Capacitor/Console: File:  - Line 333 - Msg: {"available":true,"wired":true,"message":"ExoPlayer gapless queue — content:// locker bridge + HTTP streams.","state":"stopped","positionSecs":1.006,"durationSecs":1,"queueIndex":0,"queueLength":1,"gaplessEnabled":true,"currentUrl":"content://rd.sheepskin.sandboxmusic.locker/locker/__playback_self_test__"}
06-13 20:32:11.237 14823 14823 I Capacitor/Console: File:  - Line 333 - Msg: {"available":true,"wired":true,"message":"ExoPlayer gapless queue — content:// locker bridge + HTTP streams.","state":"stopped","positionSecs":1.006,"durationSecs":1,"queueIndex":0,"queueLength":1,"gaplessEnabled":true,"currentUrl":"content://rd.sheepskin.sandboxmusic.locker/locker/__playback_self_test__"}
06-13 20:32:11.486 14823 14823 I Capacitor/Console: File:  - Line 333 - Msg: {"available":true,"wired":true,"message":"ExoPlayer gapless queue — content:// locker bridge + HTTP streams.","state":"stopped","positionSecs":1.006,"durationSecs":1,"queueIndex":0,"queueLength":1,"gaplessEnabled":true,"currentUrl":"content://rd.sheepskin.sandboxmusic.locker/locker/__playback_self_test__"}
06-13 20:32:11.737 14823 14823 I Capacitor/Console: File:  - Line 333 - Msg: {"available":true,"wired":true,"message":"ExoPlayer gapless queue — content:// locker bridge + HTTP streams.","state":"stopped","positionSecs":1.006,"durationSecs":1,"queueIndex":0,"queueLength":1,"gaplessEnabled":true,"currentUrl":"content://rd.sheepskin.sandboxmusic.locker/locker/__playback_self_test__"}
06-13 20:32:11.985 14823 14823 I Capacitor/Console: File:  - Line 333 - Msg: {"available":true,"wired":true,"message":"ExoPlayer gapless queue — content:// locker bridge + HTTP streams.","state":"stopped","positionSecs":1.006,"durationSecs":1,"queueIndex":0,"queueLength":1,"gaplessEnabled":true,"currentUrl":"content://rd.sheepskin.sandboxmusic.locker/locker/__playback_self_test__"}
06-13 20:32:12.237 14823 14823 I Capacitor/Console: File:  - Line 333 - Msg: {"available":true,"wired":true,"message":"ExoPlayer gapless queue — content:// locker bridge + HTTP streams.","state":"stopped","positionSecs":1.006,"durationSecs":1,"queueIndex":0,"queueLength":1,"gaplessEnabled":true,"currentUrl":"content://rd.sheepskin.sandboxmusic.locker/locker/__playback_self_test__"}
06-13 20:32:12.485 14823 14823 I Capacitor/Console: File:  - Line 333 - Msg: {"available":true,"wired":true,"message":"ExoPlayer gapless queue — content:// locker bridge + HTTP streams.","state":"stopped","positionSecs":1.006,"durationSecs":1,"queueIndex":0,"queueLength":1,"gaplessEnabled":true,"currentUrl":"content://rd.sheepskin.sandboxmusic.locker/locker/__playback_self_test__"}
06-13 20:32:12.732 14823 14823 I Capacitor/Console: File:  - Line 333 - Msg: {"available":true,"wired":true,"message":"ExoPlayer gapless queue — content:// locker bridge + HTTP streams.","state":"stopped","positionSecs":1.006,"durationSecs":1,"queueIndex":0,"queueLength":1,"gaplessEnabled":true,"currentUrl":"content://rd.sheepskin.sandboxmusic.locker/locker/__playback_self_test__"}
06-13 20:32:12.738  3250  4158 E msys    : E[N mns:DGWClient]_LogError(280)=>Failed to resolve using system DNS resolver, getaddrinfo(): No address associated with hostname
06-13 20:32:12.738  3250  4158 E msys    : E[N mns:DGWClient]_LogError(280)=>Failed to resolve using system DNS resolver, getaddrinfo(): No address associated with hostname
06-13 20:32:12.986 14823 14823 I Capacitor/Console: File:  - Line 333 - Msg: {"available":true,"wired":true,"message":"ExoPlayer gapless queue — content:// locker bridge + HTTP streams.","state":"stopped","positionSecs":1.006,"durationSecs":1,"queueIndex":0,"queueLength":1,"gaplessEnabled":true,"currentUrl":"content://rd.sheepskin.sandboxmusic.locker/locker/__playback_self_test__"}
06-13 20:32:13.180  2138  2762 E HwcComposer: getLuts failed Status(-129, EX_TRANSACTION_FAILED): 'UNKNOWN_TRANSACTION: '
06-13 20:32:13.238 14823 14823 I Capacitor/Console: File:  - Line 333 - Msg: {"available":true,"wired":true,"message":"ExoPlayer gapless queue — content:// locker bridge + HTTP streams.","state":"stopped","positionSecs":1.006,"durationSecs":1,"queueIndex":0,"queueLength":1,"gaplessEnabled":true,"currentUrl":"content://rd.sheepskin.sandboxmusic.locker/locker/__playback_self_test__"}
06-13 20:32:13.483 14823 14823 I Capacitor/Console: File:  - Line 333 - Msg: {"available":true,"wired":true,"message":"ExoPlayer gapless queue — content:// locker bridge + HTTP streams.","state":"stopped","positionSecs":1.006,"durationSecs":1,"queueIndex":0,"queueLength":1,"gaplessEnabled":true,"currentUrl":"content://rd.sheepskin.sandboxmusic.locker/locker/__playback_self_test__"}
06-13 20:32:13.733 14823 14823 I Capacitor/Console: File:  - Line 333 - Msg: {"available":true,"wired":true,"message":"ExoPlayer gapless queue — content:// locker bridge + HTTP streams.","state":"stopped","positionSecs":1.006,"durationSecs":1,"queueIndex":0,"queueLength":1,"gaplessEnabled":true,"currentUrl":"content://rd.sheepskin.sandboxmusic.locker/locker/__playback_self_test__"}
06-13 20:32:13.895  3250  4158 E msys    : E[N mns:DGWClient]_LogError(280)=>Failed to resolve using system DNS resolver, getaddrinfo(): No address associated with hostname
06-13 20:32:13.983 14823 14823 I Capacitor/Console: File:  - Line 333 - Msg: {"available":true,"wired":true,"message":"ExoPlayer gapless queue — content:// locker bridge + HTTP streams.","state":"stopped","positionSecs":1.006,"durationSecs":1,"queueIndex":0,"queueLength":1,"gaplessEnabled":true,"currentUrl":"content://rd.sheepskin.sandboxmusic.locker/locker/__playback_self_test__"}
06-13 20:32:14.235 14823 14823 I Capacitor/Console: File:  - Line 333 - Msg: {"available":true,"wired":true,"message":"ExoPlayer gapless queue — content:// locker bridge + HTTP streams.","state":"stopped","positionSecs":1.006,"durationSecs":1,"queueIndex":0,"queueLength":1,"gaplessEnabled":true,"currentUrl":"content://rd.sheepskin.sandboxmusic.locker/locker/__playback_self_test__"}
06-13 20:32:14.486 14823 14823 I Capacitor/Console: File:  - Line 333 - Msg: {"available":true,"wired":true,"message":"ExoPlayer gapless queue — content:// locker bridge + HTTP streams.","state":"stopped","positionSecs":1.006,"durationSecs":1,"queueIndex":0,"queueLength":1,"gaplessEnabled":true,"currentUrl":"content://rd.sheepskin.sandboxmusic.locker/locker/__playback_self_test__"}
06-13 20:32:14.733 14823 14823 I Capacitor/Console: File:  - Line 333 - Msg: {"available":true,"wired":true,"message":"ExoPlayer gapless queue — content:// locker bridge + HTTP streams.","state":"stopped","positionSecs":1.006,"durationSecs":1,"queueIndex":0,"queueLength":1,"gaplessEnabled":true,"currentUrl":"content://rd.sheepskin.sandboxmusic.locker/locker/__playback_self_test__"}
06-13 20:32:14.986 14823 14823 I Capacitor/Console: File:  - Line 333 - Msg: {"available":true,"wired":true,"message":"ExoPlayer gapless queue — content:// locker bridge + HTTP streams.","state":"stopped","positionSecs":1.006,"durationSecs":1,"queueIndex":0,"queueLength":1,"gaplessEnabled":true,"currentUrl":"content://rd.sheepskin.sandboxmusic.locker/locker/__playback_self_test__"}
06-13 20:32:15.016  4908  4908 E [OPLUS_AFS_CONFIG]: Failed to open AFS config file: /proc/oplus_afs_config/afs_config
06-13 20:32:15.016  4908  4908 E AFS_CONFIG: Failed to get scene config
06-13 20:32:15.049  2138  2762 E HwcComposer: getLuts failed Status(-129, EX_TRANSACTION_FAILED): 'UNKNOWN_TRANSACTION: '
06-13 20:32:15.233 14823 14823 I Capacitor/Console: File:  - Line 333 - Msg: {"available":true,"wired":true,"message":"ExoPlayer gapless queue — content:// locker bridge + HTTP streams.","state":"stopped","positionSecs":1.006,"durationSecs":1,"queueIndex":0,"queueLength":1,"gaplessEnabled":true,"currentUrl":"content://rd.sheepskin.sandboxmusic.locker/locker/__playback_self_test__"}
06-13 20:32:15.300  2138  2762 E HwcComposer: getLuts failed Status(-129, EX_TRANSACTION_FAILED): 'UNKNOWN_TRANSACTION: '
06-13 20:32:15.482 14823 14823 I Capacitor/Console: File:  - Line 333 - Msg: {"available":true,"wired":true,"message":"ExoPlayer gapless queue — content:// locker bridge + HTTP streams.","state":"stopped","positionSecs":1.006,"durationSecs":1,"queueIndex":0,"queueLength":1,"gaplessEnabled":true,"currentUrl":"content://rd.sheepskin.sandboxmusic.locker/locker/__playback_self_test__"}
06-13 20:32:15.553  2138  2762 E HwcComposer: getLuts failed Status(-129, EX_TRANSACTION_FAILED): 'UNKNOWN_TRANSACTION: '
06-13 20:32:15.630  3480  4186 E OsenseCommonUtils: write /dev/memcg/memory.force_shrink_file failed
06-13 20:32:15.630  3480  4186 E OsenseCommonUtils: java.io.IOException: write failed: EBUSY (Device or resource busy)
06-13 20:32:15.630  3480  4186 E OsenseCommonUtils: Caused by: android.system.ErrnoException: write failed: EBUSY (Device or resource busy)
06-13 20:32:15.636  4908  4908 E [OPLUS_AFS_CONFIG]: Failed to open AFS config file: /proc/oplus_afs_config/afs_config
06-13 20:32:15.636  4908  4908 E AFS_CONFIG: Failed to get scene config
06-13 20:32:15.730 14823 14823 I Capacitor/Console: File:  - Line 333 - Msg: {"available":true,"wired":true,"message":"ExoPlayer gapless queue — content:// locker bridge + HTTP streams.","state":"stopped","positionSecs":1.006,"durationSecs":1,"queueIndex":0,"queueLength":1,"gaplessEnabled":true,"currentUrl":"content://rd.sheepskin.sandboxmusic.locker/locker/__playback_self_test__"}
06-13 20:32:15.803  2138  2762 E HwcComposer: getLuts failed Status(-129, EX_TRANSACTION_FAILED): 'UNKNOWN_TRANSACTION: '
06-13 20:32:15.989 14823 14823 I Capacitor/Console: File:  - Line 333 - Msg: {"available":true,"wired":true,"message":"ExoPlayer gapless queue — content:// locker bridge + HTTP streams.","state":"stopped","positionSecs":1.006,"durationSecs":1,"queueIndex":0,"queueLength":1,"gaplessEnabled":true,"currentUrl":"content://rd.sheepskin.sandboxmusic.locker/locker/__playback_self_test__"}
06-13 20:32:16.234 14823 14823 I Capacitor/Console: File:  - Line 333 - Msg: {"available":true,"wired":true,"message":"ExoPlayer gapless queue — content:// locker bridge + HTTP streams.","state":"stopped","positionSecs":1.006,"durationSecs":1,"queueIndex":0,"queueLength":1,"gaplessEnabled":true,"currentUrl":"content://rd.sheepskin.sandboxmusic.locker/locker/__playback_self_test__"}
06-13 20:32:16.485 14823 14823 I Capacitor/Console: File:  - Line 333 - Msg: {"available":true,"wired":true,"message":"ExoPlayer gapless queue — content:// locker bridge + HTTP streams.","state":"stopped","positionSecs":1.006,"durationSecs":1,"queueIndex":0,"queueLength":1,"gaplessEnabled":true,"currentUrl":"content://rd.sheepskin.sandboxmusic.locker/locker/__playback_self_test__"}
06-13 20:32:16.737 14823 14823 I Capacitor/Console: File:  - Line 333 - Msg: {"available":true,"wired":true,"message":"ExoPlayer gapless queue — content:// locker bridge + HTTP streams.","state":"stopped","positionSecs":1.006,"durationSecs":1,"queueIndex":0,"queueLength":1,"gaplessEnabled":true,"currentUrl":"content://rd.sheepskin.sandboxmusic.locker/locker/__playback_self_test__"}
06-13 20:32:16.850  2138  2762 E HwcComposer: getLuts failed Status(-129, EX_TRANSACTION_FAILED): 'UNKNOWN_TRANSACTION: '
06-13 20:32:16.988 14823 14823 I Capacitor/Console: File:  - Line 333 - Msg: {"available":true,"wired":true,"message":"ExoPlayer gapless queue — content:// locker bridge + HTTP streams.","state":"stopped","positionSecs":1.006,"durationSecs":1,"queueIndex":0,"queueLength":1,"gaplessEnabled":true,"currentUrl":"content://rd.sheepskin.sandboxmusic.locker/locker/__playback_self_test__"}
06-13 20:32:17.234 14823 14823 I Capacitor/Console: File:  - Line 333 - Msg: {"available":true,"wired":true,"message":"ExoPlayer gapless queue — content:// locker bridge + HTTP streams.","state":"stopped","positionSecs":1.006,"durationSecs":1,"queueIndex":0,"queueLength":1,"gaplessEnabled":true,"currentUrl":"content://rd.sheepskin.sandboxmusic.locker/locker/__playback_self_test__"}
06-13 20:32:17.486 14823 14823 I Capacitor/Console: File:  - Line 333 - Msg: {"available":true,"wired":true,"message":"ExoPlayer gapless queue — content:// locker bridge + HTTP streams.","state":"stopped","positionSecs":1.006,"durationSecs":1,"queueIndex":0,"queueLength":1,"gaplessEnabled":true,"currentUrl":"content://rd.sheepskin.sandboxmusic.locker/locker/__playback_self_test__"}
06-13 20:32:17.736 14823 14823 I Capacitor/Console: File:  - Line 333 - Msg: {"available":true,"wired":true,"message":"ExoPlayer gapless queue — content:// locker bridge + HTTP streams.","state":"stopped","positionSecs":1.006,"durationSecs":1,"queueIndex":0,"queueLength":1,"gaplessEnabled":true,"currentUrl":"content://rd.sheepskin.sandboxmusic.locker/locker/__playback_self_test__"}
06-13 20:32:17.983 14823 14823 I Capacitor/Console: File:  - Line 333 - Msg: {"available":true,"wired":true,"message":"ExoPlayer gapless queue — content:// locker bridge + HTTP streams.","state":"stopped","positionSecs":1.006,"durationSecs":1,"queueIndex":0,"queueLength":1,"gaplessEnabled":true,"currentUrl":"content://rd.sheepskin.sandboxmusic.locker/locker/__playback_self_test__"}
06-13 20:32:18.138  2138  2762 E HwcComposer: getLuts failed Status(-129, EX_TRANSACTION_FAILED): 'UNKNOWN_TRANSACTION: '
06-13 20:32:18.237 14823 14823 I Capacitor/Console: File:  - Line 333 - Msg: {"available":true,"wired":true,"message":"ExoPlayer gapless queue — content:// locker bridge + HTTP streams.","state":"stopped","positionSecs":1.006,"durationSecs":1,"queueIndex":0,"queueLength":1,"gaplessEnabled":true,"currentUrl":"content://rd.sheepskin.sandboxmusic.locker/locker/__playback_self_test__"}
06-13 20:32:18.485 14823 14823 I Capacitor/Console: File:  - Line 333 - Msg: {"available":true,"wired":true,"message":"ExoPlayer gapless queue — content:// locker bridge + HTTP streams.","state":"stopped","positionSecs":1.006,"durationSecs":1,"queueIndex":0,"queueLength":1,"gaplessEnabled":true,"currentUrl":"content://rd.sheepskin.sandboxmusic.locker/locker/__playback_self_test__"}
06-13 20:32:18.738 14823 14823 I Capacitor/Console: File:  - Line 333 - Msg: {"available":true,"wired":true,"message":"ExoPlayer gapless queue — content:// locker bridge + HTTP streams.","state":"stopped","positionSecs":1.006,"durationSecs":1,"queueIndex":0,"queueLength":1,"gaplessEnabled":true,"currentUrl":"content://rd.sheepskin.sandboxmusic.locker/locker/__playback_self_test__"}
06-13 20:32:18.983 14823 14823 I Capacitor/Console: File:  - Line 333 - Msg: {"available":true,"wired":true,"message":"ExoPlayer gapless queue — content:// locker bridge + HTTP streams.","state":"stopped","positionSecs":1.006,"durationSecs":1,"queueIndex":0,"queueLength":1,"gaplessEnabled":true,"currentUrl":"content://rd.sheepskin.sandboxmusic.locker/locker/__playback_self_test__"}
06-13 20:32:19.238 14823 14823 I Capacitor/Console: File:  - Line 333 - Msg: {"available":true,"wired":true,"message":"ExoPlayer gapless queue — content:// locker bridge + HTTP streams.","state":"stopped","positionSecs":1.006,"durationSecs":1,"queueIndex":0,"queueLength":1,"gaplessEnabled":true,"currentUrl":"content://rd.sheepskin.sandboxmusic.locker/locker/__playback_self_test__"}
06-13 20:32:19.248  2138  2762 E HwcComposer: getLuts failed Status(-129, EX_TRANSACTION_FAILED): 'UNKNOWN_TRANSACTION: '
06-13 20:32:19.485 14823 14823 I Capacitor/Console: File:  - Line 333 - Msg: {"available":true,"wired":true,"message":"ExoPlayer gapless queue — content:// locker bridge + HTTP streams.","state":"stopped","positionSecs":1.006,"durationSecs":1,"queueIndex":0,"queueLength":1,"gaplessEnabled":true,"currentUrl":"content://rd.sheepskin.sandboxmusic.locker/locker/__playback_self_test__"}
06-13 20:32:19.733 14823 14823 I Capacitor/Console: File:  - Line 333 - Msg: {"available":true,"wired":true,"message":"ExoPlayer gapless queue — content:// locker bridge + HTTP streams.","state":"stopped","positionSecs":1.006,"durationSecs":1,"queueIndex":0,"queueLength":1,"gaplessEnabled":true,"currentUrl":"content://rd.sheepskin.sandboxmusic.locker/locker/__playback_self_test__"}
06-13 20:32:19.955  3250  4158 E msys    : E[N mns:DGWClient]_LogError(280)=>Failed to resolve using system DNS resolver, getaddrinfo(): No address associated with hostname
06-13 20:32:19.961  3250  4158 E msys    : E[N mns:DGWClient]_LogError(280)=>Failed to resolve using system DNS resolver, getaddrinfo(): No address associated with hostname
06-13 20:32:19.984 14823 14823 I Capacitor/Console: File:  - Line 333 - Msg: {"available":true,"wired":true,"message":"ExoPlayer gapless queue — content:// locker bridge + HTTP streams.","state":"stopped","positionSecs":1.006,"durationSecs":1,"queueIndex":0,"queueLength":1,"gaplessEnabled":true,"currentUrl":"content://rd.sheepskin.sandboxmusic.locker/locker/__playback_self_test__"}
06-13 20:32:20.231 14823 14823 I Capacitor/Console: File:  - Line 333 - Msg: {"available":true,"wired":true,"message":"ExoPlayer gapless queue — content:// locker bridge + HTTP streams.","state":"stopped","positionSecs":1.006,"durationSecs":1,"queueIndex":0,"queueLength":1,"gaplessEnabled":true,"currentUrl":"content://rd.sheepskin.sandboxmusic.locker/locker/__playback_self_test__"}
06-13 20:32:20.486 14823 14823 I Capacitor/Console: File:  - Line 333 - Msg: {"available":true,"wired":true,"message":"ExoPlayer gapless queue — content:// locker bridge + HTTP streams.","state":"stopped","positionSecs":1.006,"durationSecs":1,"queueIndex":0,"queueLength":1,"gaplessEnabled":true,"currentUrl":"content://rd.sheepskin.sandboxmusic.locker/locker/__playback_self_test__"}
06-13 20:32:20.732 14823 14823 I Capacitor/Console: File:  - Line 333 - Msg: {"available":true,"wired":true,"message":"ExoPlayer gapless queue — content:// locker bridge + HTTP streams.","state":"stopped","positionSecs":1.006,"durationSecs":1,"queueIndex":0,"queueLength":1,"gaplessEnabled":true,"currentUrl":"content://rd.sheepskin.sandboxmusic.locker/locker/__playback_self_test__"}
06-13 20:32:20.983 14823 14823 I Capacitor/Console: File:  - Line 333 - Msg: {"available":true,"wired":true,"message":"ExoPlayer gapless queue — content:// locker bridge + HTTP streams.","state":"stopped","positionSecs":1.006,"durationSecs":1,"queueIndex":0,"queueLength":1,"gaplessEnabled":true,"currentUrl":"content://rd.sheepskin.sandboxmusic.locker/locker/__playback_self_test__"}
06-13 20:32:21.140  2138  2762 E HwcComposer: getLuts failed Status(-129, EX_TRANSACTION_FAILED): 'UNKNOWN_TRANSACTION: '
06-13 20:32:21.234 14823 14823 I Capacitor/Console: File:  - Line 333 - Msg: {"available":true,"wired":true,"message":"ExoPlayer gapless queue — content:// locker bridge + HTTP streams.","state":"stopped","positionSecs":1.006,"durationSecs":1,"queueIndex":0,"queueLength":1,"gaplessEnabled":true,"currentUrl":"content://rd.sheepskin.sandboxmusic.locker/locker/__playback_self_test__"}
06-13 20:32:21.486 14823 14823 I Capacitor/Console: File:  - Line 333 - Msg: {"available":true,"wired":true,"message":"ExoPlayer gapless queue — content:// locker bridge + HTTP streams.","state":"stopped","positionSecs":1.006,"durationSecs":1,"queueIndex":0,"queueLength":1,"gaplessEnabled":true,"currentUrl":"content://rd.sheepskin.sandboxmusic.locker/locker/__playback_self_test__"}
06-13 20:32:21.644  3480  4186 E OsenseCommonUtils: write /dev/memcg/memory.force_shrink_file failed
06-13 20:32:21.644  3480  4186 E OsenseCommonUtils: java.io.IOException: write failed: EBUSY (Device or resource busy)
06-13 20:32:21.644  3480  4186 E OsenseCommonUtils: Caused by: android.system.ErrnoException: write failed: EBUSY (Device or resource busy)
06-13 20:32:21.646  2138  2762 E HwcComposer: getLuts failed Status(-129, EX_TRANSACTION_FAILED): 'UNKNOWN_TRANSACTION: '
06-13 20:32:21.654  3250  4158 E msys    : E[N mns:DGWClient]_LogError(280)=>Failed to resolve using system DNS resolver, getaddrinfo(): No address associated with hostname
06-13 20:32:21.740 14823 14823 I Capacitor/Console: File:  - Line 333 - Msg: {"available":true,"wired":true,"message":"ExoPlayer gapless queue — content:// locker bridge + HTTP streams.","state":"stopped","positionSecs":1.006,"durationSecs":1,"queueIndex":0,"queueLength":1,"gaplessEnabled":true,"currentUrl":"content://rd.sheepskin.sandboxmusic.locker/locker/__playback_self_test__"}
06-13 20:32:21.986 14823 14823 I Capacitor/Console: File:  - Line 333 - Msg: {"available":true,"wired":true,"message":"ExoPlayer gapless queue — content:// locker bridge + HTTP streams.","state":"stopped","positionSecs":1.006,"durationSecs":1,"queueIndex":0,"queueLength":1,"gaplessEnabled":true,"currentUrl":"content://rd.sheepskin.sandboxmusic.locker/locker/__playback_self_test__"}
06-13 20:32:22.235 14823 14823 I Capacitor/Console: File:  - Line 333 - Msg: {"available":true,"wired":true,"message":"ExoPlayer gapless queue — content:// locker bridge + HTTP streams.","state":"stopped","positionSecs":1.006,"durationSecs":1,"queueIndex":0,"queueLength":1,"gaplessEnabled":true,"currentUrl":"content://rd.sheepskin.sandboxmusic.locker/locker/__playback_self_test__"}
06-13 20:32:22.482 14823 14823 I Capacitor/Console: File:  - Line 333 - Msg: {"available":true,"wired":true,"message":"ExoPlayer gapless queue — content:// locker bridge + HTTP streams.","state":"stopped","positionSecs":1.006,"durationSecs":1,"queueIndex":0,"queueLength":1,"gaplessEnabled":true,"currentUrl":"content://rd.sheepskin.sandboxmusic.locker/locker/__playback_self_test__"}
06-13 20:32:22.733 14823 14823 I Capacitor/Console: File:  - Line 333 - Msg: {"available":true,"wired":true,"message":"ExoPlayer gapless queue — content:// locker bridge + HTTP streams.","state":"stopped","positionSecs":1.006,"durationSecs":1,"queueIndex":0,"queueLength":1,"gaplessEnabled":true,"currentUrl":"content://rd.sheepskin.sandboxmusic.locker/locker/__playback_self_test__"}
06-13 20:32:22.985 14823 14823 I Capacitor/Console: File:  - Line 333 - Msg: {"available":true,"wired":true,"message":"ExoPlayer gapless queue — content:// locker bridge + HTTP streams.","state":"stopped","positionSecs":1.006,"durationSecs":1,"queueIndex":0,"queueLength":1,"gaplessEnabled":true,"currentUrl":"content://rd.sheepskin.sandboxmusic.locker/locker/__playback_self_test__"}
06-13 20:32:23.235 14823 14823 I Capacitor/Console: File:  - Line 333 - Msg: {"available":true,"wired":true,"message":"ExoPlayer gapless queue — content:// locker bridge + HTTP streams.","state":"stopped","positionSecs":1.006,"durationSecs":1,"queueIndex":0,"queueLength":1,"gaplessEnabled":true,"currentUrl":"content://rd.sheepskin.sandboxmusic.locker/locker/__playback_self_test__"}
06-13 20:32:23.484 14823 14823 I Capacitor/Console: File:  - Line 333 - Msg: {"available":true,"wired":true,"message":"ExoPlayer gapless queue — content:// locker bridge + HTTP streams.","state":"stopped","positionSecs":1.006,"durationSecs":1,"queueIndex":0,"queueLength":1,"gaplessEnabled":true,"currentUrl":"content://rd.sheepskin.sandboxmusic.locker/locker/__playback_self_test__"}
06-13 20:32:23.735 14823 14823 I Capacitor/Console: File:  - Line 333 - Msg: {"available":true,"wired":true,"message":"ExoPlayer gapless queue — content:// locker bridge + HTTP streams.","state":"stopped","positionSecs":1.006,"durationSecs":1,"queueIndex":0,"queueLength":1,"gaplessEnabled":true,"currentUrl":"content://rd.sheepskin.sandboxmusic.locker/locker/__playback_self_test__"}
06-13 20:32:23.982 14823 14823 I Capacitor/Console: File:  - Line 333 - Msg: {"available":true,"wired":true,"message":"ExoPlayer gapless queue — content:// locker bridge + HTTP streams.","state":"stopped","positionSecs":1.006,"durationSecs":1,"queueIndex":0,"queueLength":1,"gaplessEnabled":true,"currentUrl":"content://rd.sheepskin.sandboxmusic.locker/locker/__playback_self_test__"}
06-13 20:32:24.233 14823 14823 I Capacitor/Console: File:  - Line 333 - Msg: {"available":true,"wired":true,"message":"ExoPlayer gapless queue — content:// locker bridge + HTTP streams.","state":"stopped","positionSecs":1.006,"durationSecs":1,"queueIndex":0,"queueLength":1,"gaplessEnabled":true,"currentUrl":"content://rd.sheepskin.sandboxmusic.locker/locker/__playback_self_test__"}
06-13 20:32:24.484 14823 14823 I Capacitor/Console: File:  - Line 333 - Msg: {"available":true,"wired":true,"message":"ExoPlayer gapless queue — content:// locker bridge + HTTP streams.","state":"stopped","positionSecs":1.006,"durationSecs":1,"queueIndex":0,"queueLength":1,"gaplessEnabled":true,"currentUrl":"content://rd.sheepskin.sandboxmusic.locker/locker/__playback_self_test__"}
06-13 20:32:24.735 14823 14823 I Capacitor/Console: File:  - Line 333 - Msg: {"available":true,"wired":true,"message":"ExoPlayer gapless queue — content:// locker bridge + HTTP streams.","state":"stopped","positionSecs":1.006,"durationSecs":1,"queueIndex":0,"queueLength":1,"gaplessEnabled":true,"currentUrl":"content://rd.sheepskin.sandboxmusic.locker/locker/__playback_self_test__"}
06-13 20:32:24.984 14823 14823 I Capacitor/Console: File:  - Line 333 - Msg: {"available":true,"wired":true,"message":"ExoPlayer gapless queue — content:// locker bridge + HTTP streams.","state":"stopped","positionSecs":1.006,"durationSecs":1,"queueIndex":0,"queueLength":1,"gaplessEnabled":true,"currentUrl":"content://rd.sheepskin.sandboxmusic.locker/locker/__playback_self_test__"}
