06-13 20:49:37.466  3480  3580 E QosSceneRecognizer[ActivityStartScene]: notifyActivityStart get launchedFromUid failed through AppManager! launchedFromPackage: com.android.shell, pkg: rd.sheepskin.sandboxmusic
06-13 20:49:37.543  3480  3480 I OplusMediaControlService: updataPlayStateMap begin
06-13 20:49:37.546  3480  3480 I OplusMediaControlService: updataPlayStateMap begin
06-13 20:49:37.602  3480  3580 W QosScheduler: executeSceneQosStrategy failed! qos feature no enable
06-13 20:49:37.643  3480  3480 I OplusMediaControlService: updataPlayStateMap begin
06-13 20:49:37.644  3480  3480 I OplusMediaControlService: updataPlayStateMap begin
06-13 20:49:37.648  3480  3480 I OplusMediaControlService: updataPlayStateMap begin
06-13 20:49:37.725  3480  3480 I OplusMediaControlService: updataPlayStateMap begin
06-13 20:49:37.727  3480  3480 I OplusMediaControlService: updataPlayStateMap begin
06-13 20:49:37.728  3480  3480 I OplusMediaControlService: updataPlayStateMap begin
06-13 20:49:41.582  3480  3770 I AppsFilter: interaction: PackageSetting{8c0c61b com.android.microdroid.empty_payload/10275} -> PackageSetting{56d693a com.oplus.ndsf/10114} BLOCKED
06-13 20:49:47.889  3480  3580 W QosScheduler: executeSceneQosStrategy failed! qos feature no enable
06-13 20:50:11.646  3480  3770 I AppsFilter: interaction: PackageSetting{8c0c61b com.android.microdroid.empty_payload/10275} -> PackageSetting{ad05bef com.oplus.ndsf/10114} BLOCKED
06-13 20:50:12.477 27331 27331 I Capacitor/Console: File:  - Line 333 - Msg: {"available":true,"wired":true,"message":"ExoPlayer gapless queue — content:// locker bridge + HTTP streams.","state":"stopped","positionSecs":1.001,"durationSecs":1,"queueIndex":0,"queueLength":1,"gaplessEnabled":true,"currentUrl":"content://rd.sheepskin.sandboxmusic.locker/locker/__playback_self_test__"}
06-13 20:50:12.716 27331  7911 V Capacitor/Plugin: To native (Capacitor plugin): callbackId: 72589308, pluginId: NativeExoPlayback, methodName: getStatus
06-13 20:50:12.717 27331  7911 V Capacitor: callback: 72589308, pluginId: NativeExoPlayback, methodName: getStatus, methodData: {}
06-13 20:50:12.724 27331 27331 I Capacitor/Console: File:  - Line 333 - Msg: {"available":true,"wired":true,"message":"ExoPlayer gapless queue — content:// locker bridge + HTTP streams.","state":"stopped","positionSecs":1.001,"durationSecs":1,"queueIndex":0,"queueLength":1,"gaplessEnabled":true,"currentUrl":"content://rd.sheepskin.sandboxmusic.locker/locker/__playback_self_test__"}
06-13 20:50:12.768  3250  4158 E msys    : E[N mns:DGWClient]_LogError(280)=>Failed to resolve using system DNS resolver, getaddrinfo(): No address associated with hostname
06-13 20:50:12.966 27331  7911 V Capacitor/Plugin: To native (Capacitor plugin): callbackId: 72589309, pluginId: NativeExoPlayback, methodName: getStatus
06-13 20:50:12.967 27331  7911 V Capacitor: callback: 72589309, pluginId: NativeExoPlayback, methodName: getStatus, methodData: {}
06-13 20:50:12.978 27331 27331 I Capacitor/Console: File:  - Line 333 - Msg: {"available":true,"wired":true,"message":"ExoPlayer gapless queue — content:// locker bridge + HTTP streams.","state":"stopped","positionSecs":1.001,"durationSecs":1,"queueIndex":0,"queueLength":1,"gaplessEnabled":true,"currentUrl":"content://rd.sheepskin.sandboxmusic.locker/locker/__playback_self_test__"}
06-13 20:50:13.146  2138  2762 E HwcComposer: getLuts failed Status(-129, EX_TRANSACTION_FAILED): 'UNKNOWN_TRANSACTION: '
06-13 20:50:13.217 27331  7911 V Capacitor/Plugin: To native (Capacitor plugin): callbackId: 72589310, pluginId: NativeExoPlayback, methodName: getStatus
06-13 20:50:13.217 27331  7911 V Capacitor: callback: 72589310, pluginId: NativeExoPlayback, methodName: getStatus, methodData: {}
06-13 20:50:13.226 27331 27331 I Capacitor/Console: File:  - Line 333 - Msg: {"available":true,"wired":true,"message":"ExoPlayer gapless queue — content:// locker bridge + HTTP streams.","state":"stopped","positionSecs":1.001,"durationSecs":1,"queueIndex":0,"queueLength":1,"gaplessEnabled":true,"currentUrl":"content://rd.sheepskin.sandboxmusic.locker/locker/__playback_self_test__"}
06-13 20:50:13.467 27331  7911 V Capacitor/Plugin: To native (Capacitor plugin): callbackId: 72589311, pluginId: NativeExoPlayback, methodName: getStatus
06-13 20:50:13.468 27331  7911 V Capacitor: callback: 72589311, pluginId: NativeExoPlayback, methodName: getStatus, methodData: {}
06-13 20:50:13.479 27331 27331 I Capacitor/Console: File:  - Line 333 - Msg: {"available":true,"wired":true,"message":"ExoPlayer gapless queue — content:// locker bridge + HTTP streams.","state":"stopped","positionSecs":1.001,"durationSecs":1,"queueIndex":0,"queueLength":1,"gaplessEnabled":true,"currentUrl":"content://rd.sheepskin.sandboxmusic.locker/locker/__playback_self_test__"}
06-13 20:50:13.716 27331  7911 V Capacitor/Plugin: To native (Capacitor plugin): callbackId: 72589312, pluginId: NativeExoPlayback, methodName: getStatus
06-13 20:50:13.717 27331  7911 V Capacitor: callback: 72589312, pluginId: NativeExoPlayback, methodName: getStatus, methodData: {}
06-13 20:50:13.728 27331 27331 I Capacitor/Console: File:  - Line 333 - Msg: {"available":true,"wired":true,"message":"ExoPlayer gapless queue — content:// locker bridge + HTTP streams.","state":"stopped","positionSecs":1.001,"durationSecs":1,"queueIndex":0,"queueLength":1,"gaplessEnabled":true,"currentUrl":"content://rd.sheepskin.sandboxmusic.locker/locker/__playback_self_test__"}
06-13 20:50:13.966 27331  7911 V Capacitor/Plugin: To native (Capacitor plugin): callbackId: 72589313, pluginId: NativeExoPlayback, methodName: getStatus
06-13 20:50:13.967 27331  7911 V Capacitor: callback: 72589313, pluginId: NativeExoPlayback, methodName: getStatus, methodData: {}
06-13 20:50:13.977 27331 27331 I Capacitor/Console: File:  - Line 333 - Msg: {"available":true,"wired":true,"message":"ExoPlayer gapless queue — content:// locker bridge + HTTP streams.","state":"stopped","positionSecs":1.001,"durationSecs":1,"queueIndex":0,"queueLength":1,"gaplessEnabled":true,"currentUrl":"content://rd.sheepskin.sandboxmusic.locker/locker/__playback_self_test__"}
06-13 20:50:14.215 27331  7911 V Capacitor/Plugin: To native (Capacitor plugin): callbackId: 72589314, pluginId: NativeExoPlayback, methodName: getStatus
06-13 20:50:14.216 27331  7911 V Capacitor: callback: 72589314, pluginId: NativeExoPlayback, methodName: getStatus, methodData: {}
06-13 20:50:14.225 27331 27331 I Capacitor/Console: File:  - Line 333 - Msg: {"available":true,"wired":true,"message":"ExoPlayer gapless queue — content:// locker bridge + HTTP streams.","state":"stopped","positionSecs":1.001,"durationSecs":1,"queueIndex":0,"queueLength":1,"gaplessEnabled":true,"currentUrl":"content://rd.sheepskin.sandboxmusic.locker/locker/__playback_self_test__"}
06-13 20:50:14.373 24166 24189 W OPLUS_LOG_LOAD: ==LOGS PROG INFO, prog(com.oplus.camera) ==
06-13 20:50:14.467 27331  7911 V Capacitor/Plugin: To native (Capacitor plugin): callbackId: 72589315, pluginId: NativeExoPlayback, methodName: getStatus
06-13 20:50:14.468 27331  7911 V Capacitor: callback: 72589315, pluginId: NativeExoPlayback, methodName: getStatus, methodData: {}
06-13 20:50:14.477 27331 27331 I Capacitor/Console: File:  - Line 333 - Msg: {"available":true,"wired":true,"message":"ExoPlayer gapless queue — content:// locker bridge + HTTP streams.","state":"stopped","positionSecs":1.001,"durationSecs":1,"queueIndex":0,"queueLength":1,"gaplessEnabled":true,"currentUrl":"content://rd.sheepskin.sandboxmusic.locker/locker/__playback_self_test__"}
06-13 20:50:14.718 27331  7911 V Capacitor/Plugin: To native (Capacitor plugin): callbackId: 72589316, pluginId: NativeExoPlayback, methodName: getStatus
06-13 20:50:14.718 27331  7911 V Capacitor: callback: 72589316, pluginId: NativeExoPlayback, methodName: getStatus, methodData: {}
06-13 20:50:14.727 27331 27331 I Capacitor/Console: File:  - Line 333 - Msg: {"available":true,"wired":true,"message":"ExoPlayer gapless queue — content:// locker bridge + HTTP streams.","state":"stopped","positionSecs":1.001,"durationSecs":1,"queueIndex":0,"queueLength":1,"gaplessEnabled":true,"currentUrl":"content://rd.sheepskin.sandboxmusic.locker/locker/__playback_self_test__"}
06-13 20:50:14.968 27331  7911 V Capacitor/Plugin: To native (Capacitor plugin): callbackId: 72589317, pluginId: NativeExoPlayback, methodName: getStatus
06-13 20:50:14.968 27331  7911 V Capacitor: callback: 72589317, pluginId: NativeExoPlayback, methodName: getStatus, methodData: {}
06-13 20:50:14.976 27331 27331 I Capacitor/Console: File:  - Line 333 - Msg: {"available":true,"wired":true,"message":"ExoPlayer gapless queue — content:// locker bridge + HTTP streams.","state":"stopped","positionSecs":1.001,"durationSecs":1,"queueIndex":0,"queueLength":1,"gaplessEnabled":true,"currentUrl":"content://rd.sheepskin.sandboxmusic.locker/locker/__playback_self_test__"}
06-13 20:50:15.011  4908  5001 W OPLUS_LOG_LOAD: ==LOGS PROG INFO, prog(com.android.systemui) ==
06-13 20:50:15.217 27331  7911 V Capacitor/Plugin: To native (Capacitor plugin): callbackId: 72589318, pluginId: NativeExoPlayback, methodName: getStatus
06-13 20:50:15.218 27331  7911 V Capacitor: callback: 72589318, pluginId: NativeExoPlayback, methodName: getStatus, methodData: {}
06-13 20:50:15.224 27331 27331 I Capacitor/Console: File:  - Line 333 - Msg: {"available":true,"wired":true,"message":"ExoPlayer gapless queue — content:// locker bridge + HTTP streams.","state":"stopped","positionSecs":1.001,"durationSecs":1,"queueIndex":0,"queueLength":1,"gaplessEnabled":true,"currentUrl":"content://rd.sheepskin.sandboxmusic.locker/locker/__playback_self_test__"}
06-13 20:50:15.466 27331  7911 V Capacitor/Plugin: To native (Capacitor plugin): callbackId: 72589319, pluginId: NativeExoPlayback, methodName: getStatus
06-13 20:50:15.467 27331  7911 V Capacitor: callback: 72589319, pluginId: NativeExoPlayback, methodName: getStatus, methodData: {}
06-13 20:50:15.476 27331 27331 I Capacitor/Console: File:  - Line 333 - Msg: {"available":true,"wired":true,"message":"ExoPlayer gapless queue — content:// locker bridge + HTTP streams.","state":"stopped","positionSecs":1.001,"durationSecs":1,"queueIndex":0,"queueLength":1,"gaplessEnabled":true,"currentUrl":"content://rd.sheepskin.sandboxmusic.locker/locker/__playback_self_test__"}
06-13 20:50:15.716 27331  7911 V Capacitor/Plugin: To native (Capacitor plugin): callbackId: 72589320, pluginId: NativeExoPlayback, methodName: getStatus
06-13 20:50:15.717 27331  7911 V Capacitor: callback: 72589320, pluginId: NativeExoPlayback, methodName: getStatus, methodData: {}
06-13 20:50:15.724 27331 27331 I Capacitor/Console: File:  - Line 333 - Msg: {"available":true,"wired":true,"message":"ExoPlayer gapless queue — content:// locker bridge + HTTP streams.","state":"stopped","positionSecs":1.001,"durationSecs":1,"queueIndex":0,"queueLength":1,"gaplessEnabled":true,"currentUrl":"content://rd.sheepskin.sandboxmusic.locker/locker/__playback_self_test__"}
06-13 20:50:15.967 27331  7911 V Capacitor/Plugin: To native (Capacitor plugin): callbackId: 72589321, pluginId: NativeExoPlayback, methodName: getStatus
06-13 20:50:15.968 27331  7911 V Capacitor: callback: 72589321, pluginId: NativeExoPlayback, methodName: getStatus, methodData: {}
06-13 20:50:15.976 27331 27331 I Capacitor/Console: File:  - Line 333 - Msg: {"available":true,"wired":true,"message":"ExoPlayer gapless queue — content:// locker bridge + HTTP streams.","state":"stopped","positionSecs":1.001,"durationSecs":1,"queueIndex":0,"queueLength":1,"gaplessEnabled":true,"currentUrl":"content://rd.sheepskin.sandboxmusic.locker/locker/__playback_self_test__"}
06-13 20:50:16.216 27331  7911 V Capacitor/Plugin: To native (Capacitor plugin): callbackId: 72589322, pluginId: NativeExoPlayback, methodName: getStatus
06-13 20:50:16.217 27331  7911 V Capacitor: callback: 72589322, pluginId: NativeExoPlayback, methodName: getStatus, methodData: {}
06-13 20:50:16.224 27331 27331 I Capacitor/Console: File:  - Line 333 - Msg: {"available":true,"wired":true,"message":"ExoPlayer gapless queue — content:// locker bridge + HTTP streams.","state":"stopped","positionSecs":1.001,"durationSecs":1,"queueIndex":0,"queueLength":1,"gaplessEnabled":true,"currentUrl":"content://rd.sheepskin.sandboxmusic.locker/locker/__playback_self_test__"}
06-13 20:50:16.468 27331  7911 V Capacitor/Plugin: To native (Capacitor plugin): callbackId: 72589323, pluginId: NativeExoPlayback, methodName: getStatus
06-13 20:50:16.468 27331  7911 V Capacitor: callback: 72589323, pluginId: NativeExoPlayback, methodName: getStatus, methodData: {}
06-13 20:50:16.477 27331 27331 I Capacitor/Console: File:  - Line 333 - Msg: {"available":true,"wired":true,"message":"ExoPlayer gapless queue — content:// locker bridge + HTTP streams.","state":"stopped","positionSecs":1.001,"durationSecs":1,"queueIndex":0,"queueLength":1,"gaplessEnabled":true,"currentUrl":"content://rd.sheepskin.sandboxmusic.locker/locker/__playback_self_test__"}
06-13 20:50:16.717 27331  7911 V Capacitor/Plugin: To native (Capacitor plugin): callbackId: 72589324, pluginId: NativeExoPlayback, methodName: getStatus
06-13 20:50:16.717 27331  7911 V Capacitor: callback: 72589324, pluginId: NativeExoPlayback, methodName: getStatus, methodData: {}
06-13 20:50:16.730 27331 27331 I Capacitor/Console: File:  - Line 333 - Msg: {"available":true,"wired":true,"message":"ExoPlayer gapless queue — content:// locker bridge + HTTP streams.","state":"stopped","positionSecs":1.001,"durationSecs":1,"queueIndex":0,"queueLength":1,"gaplessEnabled":true,"currentUrl":"content://rd.sheepskin.sandboxmusic.locker/locker/__playback_self_test__"}
06-13 20:50:16.966 27331  7911 V Capacitor/Plugin: To native (Capacitor plugin): callbackId: 72589325, pluginId: NativeExoPlayback, methodName: getStatus
06-13 20:50:16.966 27331  7911 V Capacitor: callback: 72589325, pluginId: NativeExoPlayback, methodName: getStatus, methodData: {}
06-13 20:50:16.978 27331 27331 I Capacitor/Console: File:  - Line 333 - Msg: {"available":true,"wired":true,"message":"ExoPlayer gapless queue — content:// locker bridge + HTTP streams.","state":"stopped","positionSecs":1.001,"durationSecs":1,"queueIndex":0,"queueLength":1,"gaplessEnabled":true,"currentUrl":"content://rd.sheepskin.sandboxmusic.locker/locker/__playback_self_test__"}
06-13 20:50:17.217 27331  7911 V Capacitor/Plugin: To native (Capacitor plugin): callbackId: 72589326, pluginId: NativeExoPlayback, methodName: getStatus
06-13 20:50:17.217 27331  7911 V Capacitor: callback: 72589326, pluginId: NativeExoPlayback, methodName: getStatus, methodData: {}
06-13 20:50:17.228 27331 27331 I Capacitor/Console: File:  - Line 333 - Msg: {"available":true,"wired":true,"message":"ExoPlayer gapless queue — content:// locker bridge + HTTP streams.","state":"stopped","positionSecs":1.001,"durationSecs":1,"queueIndex":0,"queueLength":1,"gaplessEnabled":true,"currentUrl":"content://rd.sheepskin.sandboxmusic.locker/locker/__playback_self_test__"}
06-13 20:50:17.468 27331  7911 V Capacitor/Plugin: To native (Capacitor plugin): callbackId: 72589327, pluginId: NativeExoPlayback, methodName: getStatus
06-13 20:50:17.469 27331  7911 V Capacitor: callback: 72589327, pluginId: NativeExoPlayback, methodName: getStatus, methodData: {}
06-13 20:50:17.478 27331 27331 I Capacitor/Console: File:  - Line 333 - Msg: {"available":true,"wired":true,"message":"ExoPlayer gapless queue — content:// locker bridge + HTTP streams.","state":"stopped","positionSecs":1.001,"durationSecs":1,"queueIndex":0,"queueLength":1,"gaplessEnabled":true,"currentUrl":"content://rd.sheepskin.sandboxmusic.locker/locker/__playback_self_test__"}
06-13 20:50:17.718 27331  7911 V Capacitor/Plugin: To native (Capacitor plugin): callbackId: 72589328, pluginId: NativeExoPlayback, methodName: getStatus
06-13 20:50:17.718 27331  7911 V Capacitor: callback: 72589328, pluginId: NativeExoPlayback, methodName: getStatus, methodData: {}
06-13 20:50:17.727 27331 27331 I Capacitor/Console: File:  - Line 333 - Msg: {"available":true,"wired":true,"message":"ExoPlayer gapless queue — content:// locker bridge + HTTP streams.","state":"stopped","positionSecs":1.001,"durationSecs":1,"queueIndex":0,"queueLength":1,"gaplessEnabled":true,"currentUrl":"content://rd.sheepskin.sandboxmusic.locker/locker/__playback_self_test__"}
06-13 20:50:17.731  3480  4315 W OPLUS_LOG_LOAD: ==LOGS PROG INFO, prog(system_server) ==
06-13 20:50:17.966 27331  7911 V Capacitor/Plugin: To native (Capacitor plugin): callbackId: 72589329, pluginId: NativeExoPlayback, methodName: getStatus
06-13 20:50:17.967 27331  7911 V Capacitor: callback: 72589329, pluginId: NativeExoPlayback, methodName: getStatus, methodData: {}
06-13 20:50:17.973 27331 27331 I Capacitor/Console: File:  - Line 333 - Msg: {"available":true,"wired":true,"message":"ExoPlayer gapless queue — content:// locker bridge + HTTP streams.","state":"stopped","positionSecs":1.001,"durationSecs":1,"queueIndex":0,"queueLength":1,"gaplessEnabled":true,"currentUrl":"content://rd.sheepskin.sandboxmusic.locker/locker/__playback_self_test__"}
06-13 20:50:18.217 27331  7911 V Capacitor/Plugin: To native (Capacitor plugin): callbackId: 72589330, pluginId: NativeExoPlayback, methodName: getStatus
06-13 20:50:18.217 27331  7911 V Capacitor: callback: 72589330, pluginId: NativeExoPlayback, methodName: getStatus, methodData: {}
06-13 20:50:18.227 27331 27331 I Capacitor/Console: File:  - Line 333 - Msg: {"available":true,"wired":true,"message":"ExoPlayer gapless queue — content:// locker bridge + HTTP streams.","state":"stopped","positionSecs":1.001,"durationSecs":1,"queueIndex":0,"queueLength":1,"gaplessEnabled":true,"currentUrl":"content://rd.sheepskin.sandboxmusic.locker/locker/__playback_self_test__"}
06-13 20:50:18.399  3250  4158 E msys    : E[N mns:DGWClient]_LogError(280)=>Failed to resolve using system DNS resolver, getaddrinfo(): No address associated with hostname
06-13 20:50:18.400  3250  4158 E msys    : E[N mns:DGWClient]_LogError(280)=>Failed to resolve using system DNS resolver, getaddrinfo(): No address associated with hostname
06-13 20:50:18.468 27331  7911 V Capacitor/Plugin: To native (Capacitor plugin): callbackId: 72589331, pluginId: NativeExoPlayback, methodName: getStatus
06-13 20:50:18.469 27331  7911 V Capacitor: callback: 72589331, pluginId: NativeExoPlayback, methodName: getStatus, methodData: {}
06-13 20:50:18.477 27331 27331 I Capacitor/Console: File:  - Line 333 - Msg: {"available":true,"wired":true,"message":"ExoPlayer gapless queue — content:// locker bridge + HTTP streams.","state":"stopped","positionSecs":1.001,"durationSecs":1,"queueIndex":0,"queueLength":1,"gaplessEnabled":true,"currentUrl":"content://rd.sheepskin.sandboxmusic.locker/locker/__playback_self_test__"}
06-13 20:50:18.716 27331  7911 V Capacitor/Plugin: To native (Capacitor plugin): callbackId: 72589332, pluginId: NativeExoPlayback, methodName: getStatus
06-13 20:50:18.717 27331  7911 V Capacitor: callback: 72589332, pluginId: NativeExoPlayback, methodName: getStatus, methodData: {}
06-13 20:50:18.726 27331 27331 I Capacitor/Console: File:  - Line 333 - Msg: {"available":true,"wired":true,"message":"ExoPlayer gapless queue — content:// locker bridge + HTTP streams.","state":"stopped","positionSecs":1.001,"durationSecs":1,"queueIndex":0,"queueLength":1,"gaplessEnabled":true,"currentUrl":"content://rd.sheepskin.sandboxmusic.locker/locker/__playback_self_test__"}
06-13 20:50:18.966 27331  7911 V Capacitor/Plugin: To native (Capacitor plugin): callbackId: 72589333, pluginId: NativeExoPlayback, methodName: getStatus
06-13 20:50:18.967 27331  7911 V Capacitor: callback: 72589333, pluginId: NativeExoPlayback, methodName: getStatus, methodData: {}
06-13 20:50:18.976 27331 27331 I Capacitor/Console: File:  - Line 333 - Msg: {"available":true,"wired":true,"message":"ExoPlayer gapless queue — content:// locker bridge + HTTP streams.","state":"stopped","positionSecs":1.001,"durationSecs":1,"queueIndex":0,"queueLength":1,"gaplessEnabled":true,"currentUrl":"content://rd.sheepskin.sandboxmusic.locker/locker/__playback_self_test__"}
06-13 20:50:19.217 27331  7911 V Capacitor/Plugin: To native (Capacitor plugin): callbackId: 72589334, pluginId: NativeExoPlayback, methodName: getStatus
06-13 20:50:19.217 27331  7911 V Capacitor: callback: 72589334, pluginId: NativeExoPlayback, methodName: getStatus, methodData: {}
06-13 20:50:19.222 27331 27331 I Capacitor/Console: File:  - Line 333 - Msg: {"available":true,"wired":true,"message":"ExoPlayer gapless queue — content:// locker bridge + HTTP streams.","state":"stopped","positionSecs":1.001,"durationSecs":1,"queueIndex":0,"queueLength":1,"gaplessEnabled":true,"currentUrl":"content://rd.sheepskin.sandboxmusic.locker/locker/__playback_self_test__"}
06-13 20:50:19.466 27331  7911 V Capacitor/Plugin: To native (Capacitor plugin): callbackId: 72589335, pluginId: NativeExoPlayback, methodName: getStatus
06-13 20:50:19.468 27331  7911 V Capacitor: callback: 72589335, pluginId: NativeExoPlayback, methodName: getStatus, methodData: {}
06-13 20:50:19.477 27331 27331 I Capacitor/Console: File:  - Line 333 - Msg: {"available":true,"wired":true,"message":"ExoPlayer gapless queue — content:// locker bridge + HTTP streams.","state":"stopped","positionSecs":1.001,"durationSecs":1,"queueIndex":0,"queueLength":1,"gaplessEnabled":true,"currentUrl":"content://rd.sheepskin.sandboxmusic.locker/locker/__playback_self_test__"}
06-13 20:50:19.716 27331  7911 V Capacitor/Plugin: To native (Capacitor plugin): callbackId: 72589336, pluginId: NativeExoPlayback, methodName: getStatus
06-13 20:50:19.716 27331  7911 V Capacitor: callback: 72589336, pluginId: NativeExoPlayback, methodName: getStatus, methodData: {}
06-13 20:50:19.724 27331 27331 I Capacitor/Console: File:  - Line 333 - Msg: {"available":true,"wired":true,"message":"ExoPlayer gapless queue — content:// locker bridge + HTTP streams.","state":"stopped","positionSecs":1.001,"durationSecs":1,"queueIndex":0,"queueLength":1,"gaplessEnabled":true,"currentUrl":"content://rd.sheepskin.sandboxmusic.locker/locker/__playback_self_test__"}
06-13 20:50:19.966 27331  7911 V Capacitor/Plugin: To native (Capacitor plugin): callbackId: 72589337, pluginId: NativeExoPlayback, methodName: getStatus
06-13 20:50:19.967 27331  7911 V Capacitor: callback: 72589337, pluginId: NativeExoPlayback, methodName: getStatus, methodData: {}
06-13 20:50:19.978 27331 27331 I Capacitor/Console: File:  - Line 333 - Msg: {"available":true,"wired":true,"message":"ExoPlayer gapless queue — content:// locker bridge + HTTP streams.","state":"stopped","positionSecs":1.001,"durationSecs":1,"queueIndex":0,"queueLength":1,"gaplessEnabled":true,"currentUrl":"content://rd.sheepskin.sandboxmusic.locker/locker/__playback_self_test__"}
06-13 20:50:19.997  3250  4158 E msys    : E[N mns:DGWClient]_LogError(280)=>Failed to resolve using system DNS resolver, getaddrinfo(): No address associated with hostname
06-13 20:50:20.059  2138  2762 E HwcComposer: getLuts failed Status(-129, EX_TRANSACTION_FAILED): 'UNKNOWN_TRANSACTION: '
06-13 20:50:20.218 27331  7911 V Capacitor/Plugin: To native (Capacitor plugin): callbackId: 72589338, pluginId: NativeExoPlayback, methodName: getStatus
06-13 20:50:20.220 27331  7911 V Capacitor: callback: 72589338, pluginId: NativeExoPlayback, methodName: getStatus, methodData: {}
06-13 20:50:20.229 27331 27331 I Capacitor/Console: File:  - Line 333 - Msg: {"available":true,"wired":true,"message":"ExoPlayer gapless queue — content:// locker bridge + HTTP streams.","state":"stopped","positionSecs":1.001,"durationSecs":1,"queueIndex":0,"queueLength":1,"gaplessEnabled":true,"currentUrl":"content://rd.sheepskin.sandboxmusic.locker/locker/__playback_self_test__"}
06-13 20:50:20.311  2138  2762 E HwcComposer: getLuts failed Status(-129, EX_TRANSACTION_FAILED): 'UNKNOWN_TRANSACTION: '
06-13 20:50:20.468 27331  7911 V Capacitor/Plugin: To native (Capacitor plugin): callbackId: 72589339, pluginId: NativeExoPlayback, methodName: getStatus
06-13 20:50:20.468 27331  7911 V Capacitor: callback: 72589339, pluginId: NativeExoPlayback, methodName: getStatus, methodData: {}
06-13 20:50:20.480 27331 27331 I Capacitor/Console: File:  - Line 333 - Msg: {"available":true,"wired":true,"message":"ExoPlayer gapless queue — content:// locker bridge + HTTP streams.","state":"stopped","positionSecs":1.001,"durationSecs":1,"queueIndex":0,"queueLength":1,"gaplessEnabled":true,"currentUrl":"content://rd.sheepskin.sandboxmusic.locker/locker/__playback_self_test__"}
06-13 20:50:20.717 27331  7911 V Capacitor/Plugin: To native (Capacitor plugin): callbackId: 72589340, pluginId: NativeExoPlayback, methodName: getStatus
06-13 20:50:20.717 27331  7911 V Capacitor: callback: 72589340, pluginId: NativeExoPlayback, methodName: getStatus, methodData: {}
06-13 20:50:20.726 27331 27331 I Capacitor/Console: File:  - Line 333 - Msg: {"available":true,"wired":true,"message":"ExoPlayer gapless queue — content:// locker bridge + HTTP streams.","state":"stopped","positionSecs":1.001,"durationSecs":1,"queueIndex":0,"queueLength":1,"gaplessEnabled":true,"currentUrl":"content://rd.sheepskin.sandboxmusic.locker/locker/__playback_self_test__"}
06-13 20:50:20.967 27331  7911 V Capacitor/Plugin: To native (Capacitor plugin): callbackId: 72589341, pluginId: NativeExoPlayback, methodName: getStatus
06-13 20:50:20.968 27331  7911 V Capacitor: callback: 72589341, pluginId: NativeExoPlayback, methodName: getStatus, methodData: {}
06-13 20:50:20.974 27331 27331 I Capacitor/Console: File:  - Line 333 - Msg: {"available":true,"wired":true,"message":"ExoPlayer gapless queue — content:// locker bridge + HTTP streams.","state":"stopped","positionSecs":1.001,"durationSecs":1,"queueIndex":0,"queueLength":1,"gaplessEnabled":true,"currentUrl":"content://rd.sheepskin.sandboxmusic.locker/locker/__playback_self_test__"}
06-13 20:50:21.218 27331  7911 V Capacitor/Plugin: To native (Capacitor plugin): callbackId: 72589342, pluginId: NativeExoPlayback, methodName: getStatus
06-13 20:50:21.218 27331  7911 V Capacitor: callback: 72589342, pluginId: NativeExoPlayback, methodName: getStatus, methodData: {}
06-13 20:50:21.225 27331 27331 I Capacitor/Console: File:  - Line 333 - Msg: {"available":true,"wired":true,"message":"ExoPlayer gapless queue — content:// locker bridge + HTTP streams.","state":"stopped","positionSecs":1.001,"durationSecs":1,"queueIndex":0,"queueLength":1,"gaplessEnabled":true,"currentUrl":"content://rd.sheepskin.sandboxmusic.locker/locker/__playback_self_test__"}
06-13 20:50:21.468 27331  7911 V Capacitor/Plugin: To native (Capacitor plugin): callbackId: 72589343, pluginId: NativeExoPlayback, methodName: getStatus
06-13 20:50:21.469 27331  7911 V Capacitor: callback: 72589343, pluginId: NativeExoPlayback, methodName: getStatus, methodData: {}
06-13 20:50:21.476 27331 27331 I Capacitor/Console: File:  - Line 333 - Msg: {"available":true,"wired":true,"message":"ExoPlayer gapless queue — content:// locker bridge + HTTP streams.","state":"stopped","positionSecs":1.001,"durationSecs":1,"queueIndex":0,"queueLength":1,"gaplessEnabled":true,"currentUrl":"content://rd.sheepskin.sandboxmusic.locker/locker/__playback_self_test__"}
06-13 20:50:21.717 27331  7911 V Capacitor/Plugin: To native (Capacitor plugin): callbackId: 72589344, pluginId: NativeExoPlayback, methodName: getStatus
06-13 20:50:21.718 27331  7911 V Capacitor: callback: 72589344, pluginId: NativeExoPlayback, methodName: getStatus, methodData: {}
06-13 20:50:21.727 27331 27331 I Capacitor/Console: File:  - Line 333 - Msg: {"available":true,"wired":true,"message":"ExoPlayer gapless queue — content:// locker bridge + HTTP streams.","state":"stopped","positionSecs":1.001,"durationSecs":1,"queueIndex":0,"queueLength":1,"gaplessEnabled":true,"currentUrl":"content://rd.sheepskin.sandboxmusic.locker/locker/__playback_self_test__"}
06-13 20:50:21.966 27331  7911 V Capacitor/Plugin: To native (Capacitor plugin): callbackId: 72589345, pluginId: NativeExoPlayback, methodName: getStatus
06-13 20:50:21.966 27331  7911 V Capacitor: callback: 72589345, pluginId: NativeExoPlayback, methodName: getStatus, methodData: {}
06-13 20:50:21.974 27331 27331 I Capacitor/Console: File:  - Line 333 - Msg: {"available":true,"wired":true,"message":"ExoPlayer gapless queue — content:// locker bridge + HTTP streams.","state":"stopped","positionSecs":1.001,"durationSecs":1,"queueIndex":0,"queueLength":1,"gaplessEnabled":true,"currentUrl":"content://rd.sheepskin.sandboxmusic.locker/locker/__playback_self_test__"}
06-13 20:50:22.217 27331  7911 V Capacitor/Plugin: To native (Capacitor plugin): callbackId: 72589346, pluginId: NativeExoPlayback, methodName: getStatus
06-13 20:50:22.218 27331  7911 V Capacitor: callback: 72589346, pluginId: NativeExoPlayback, methodName: getStatus, methodData: {}
06-13 20:50:22.230 27331 27331 I Capacitor/Console: File:  - Line 333 - Msg: {"available":true,"wired":true,"message":"ExoPlayer gapless queue — content:// locker bridge + HTTP streams.","state":"stopped","positionSecs":1.001,"durationSecs":1,"queueIndex":0,"queueLength":1,"gaplessEnabled":true,"currentUrl":"content://rd.sheepskin.sandboxmusic.locker/locker/__playback_self_test__"}
06-13 20:50:22.466 27331  7911 V Capacitor/Plugin: To native (Capacitor plugin): callbackId: 72589347, pluginId: NativeExoPlayback, methodName: getStatus
06-13 20:50:22.468 27331  7911 V Capacitor: callback: 72589347, pluginId: NativeExoPlayback, methodName: getStatus, methodData: {}
06-13 20:50:22.478 27331 27331 I Capacitor/Console: File:  - Line 333 - Msg: {"available":true,"wired":true,"message":"ExoPlayer gapless queue — content:// locker bridge + HTTP streams.","state":"stopped","positionSecs":1.001,"durationSecs":1,"queueIndex":0,"queueLength":1,"gaplessEnabled":true,"currentUrl":"content://rd.sheepskin.sandboxmusic.locker/locker/__playback_self_test__"}
06-13 20:50:22.717 27331  7911 V Capacitor/Plugin: To native (Capacitor plugin): callbackId: 72589348, pluginId: NativeExoPlayback, methodName: getStatus
06-13 20:50:22.718 27331  7911 V Capacitor: callback: 72589348, pluginId: NativeExoPlayback, methodName: getStatus, methodData: {}
06-13 20:50:22.727 27331 27331 I Capacitor/Console: File:  - Line 333 - Msg: {"available":true,"wired":true,"message":"ExoPlayer gapless queue — content:// locker bridge + HTTP streams.","state":"stopped","positionSecs":1.001,"durationSecs":1,"queueIndex":0,"queueLength":1,"gaplessEnabled":true,"currentUrl":"content://rd.sheepskin.sandboxmusic.locker/locker/__playback_self_test__"}
06-13 20:50:22.967 27331  7911 V Capacitor/Plugin: To native (Capacitor plugin): callbackId: 72589349, pluginId: NativeExoPlayback, methodName: getStatus
06-13 20:50:22.967 27331  7911 V Capacitor: callback: 72589349, pluginId: NativeExoPlayback, methodName: getStatus, methodData: {}
06-13 20:50:22.976 27331 27331 I Capacitor/Console: File:  - Line 333 - Msg: {"available":true,"wired":true,"message":"ExoPlayer gapless queue — content:// locker bridge + HTTP streams.","state":"stopped","positionSecs":1.001,"durationSecs":1,"queueIndex":0,"queueLength":1,"gaplessEnabled":true,"currentUrl":"content://rd.sheepskin.sandboxmusic.locker/locker/__playback_self_test__"}
06-13 20:50:23.075  2138  2762 E HwcComposer: getLuts failed Status(-129, EX_TRANSACTION_FAILED): 'UNKNOWN_TRANSACTION: '
06-13 20:50:23.091 27504 27675 W OPLUS_LOG_LOAD: ==LOGS PROG INFO, prog(com.android.systemui) ==
06-13 20:50:23.093 10560 11313 D AudioManager: isBluetoothScoOn()=false, calling application:com.heytap.accessory
06-13 20:50:23.098 10560 16645 W PTC.DISC.NetRegisterCentral: registerLanInfo failed. msg=Account not logged in desc=wlanAvailable(repeat=0)
06-13 20:50:23.122 22848 22897 D AudioManager: isBluetoothScoOn()=false, calling application:com.heytap.accessory
06-13 20:50:23.218 27331  7911 V Capacitor/Plugin: To native (Capacitor plugin): callbackId: 72589350, pluginId: NativeExoPlayback, methodName: getStatus
06-13 20:50:23.218 27331  7911 V Capacitor: callback: 72589350, pluginId: NativeExoPlayback, methodName: getStatus, methodData: {}
06-13 20:50:23.222 27331 27331 I Capacitor/Console: File:  - Line 333 - Msg: {"available":true,"wired":true,"message":"ExoPlayer gapless queue — content:// locker bridge + HTTP streams.","state":"stopped","positionSecs":1.001,"durationSecs":1,"queueIndex":0,"queueLength":1,"gaplessEnabled":true,"currentUrl":"content://rd.sheepskin.sandboxmusic.locker/locker/__playback_self_test__"}
06-13 20:50:23.468 27331  7911 V Capacitor/Plugin: To native (Capacitor plugin): callbackId: 72589351, pluginId: NativeExoPlayback, methodName: getStatus
06-13 20:50:23.468 27331  7911 V Capacitor: callback: 72589351, pluginId: NativeExoPlayback, methodName: getStatus, methodData: {}
06-13 20:50:23.480 27331 27331 I Capacitor/Console: File:  - Line 333 - Msg: {"available":true,"wired":true,"message":"ExoPlayer gapless queue — content:// locker bridge + HTTP streams.","state":"stopped","positionSecs":1.001,"durationSecs":1,"queueIndex":0,"queueLength":1,"gaplessEnabled":true,"currentUrl":"content://rd.sheepskin.sandboxmusic.locker/locker/__playback_self_test__"}
06-13 20:50:23.715 27331  7911 V Capacitor/Plugin: To native (Capacitor plugin): callbackId: 72589352, pluginId: NativeExoPlayback, methodName: getStatus
06-13 20:50:23.715 27331  7911 V Capacitor: callback: 72589352, pluginId: NativeExoPlayback, methodName: getStatus, methodData: {}
06-13 20:50:23.720 27331 27331 I Capacitor/Console: File:  - Line 333 - Msg: {"available":true,"wired":true,"message":"ExoPlayer gapless queue — content:// locker bridge + HTTP streams.","state":"stopped","positionSecs":1.001,"durationSecs":1,"queueIndex":0,"queueLength":1,"gaplessEnabled":true,"currentUrl":"content://rd.sheepskin.sandboxmusic.locker/locker/__playback_self_test__"}
06-13 20:50:23.966 27331  7911 V Capacitor/Plugin: To native (Capacitor plugin): callbackId: 72589353, pluginId: NativeExoPlayback, methodName: getStatus
06-13 20:50:23.968 27331  7911 V Capacitor: callback: 72589353, pluginId: NativeExoPlayback, methodName: getStatus, methodData: {}
06-13 20:50:23.977 27331 27331 I Capacitor/Console: File:  - Line 333 - Msg: {"available":true,"wired":true,"message":"ExoPlayer gapless queue — content:// locker bridge + HTTP streams.","state":"stopped","positionSecs":1.001,"durationSecs":1,"queueIndex":0,"queueLength":1,"gaplessEnabled":true,"currentUrl":"content://rd.sheepskin.sandboxmusic.locker/locker/__playback_self_test__"}
06-13 20:50:24.217 27331  7911 V Capacitor/Plugin: To native (Capacitor plugin): callbackId: 72589354, pluginId: NativeExoPlayback, methodName: getStatus
06-13 20:50:24.218 27331  7911 V Capacitor: callback: 72589354, pluginId: NativeExoPlayback, methodName: getStatus, methodData: {}
06-13 20:50:24.228 27331 27331 I Capacitor/Console: File:  - Line 333 - Msg: {"available":true,"wired":true,"message":"ExoPlayer gapless queue — content:// locker bridge + HTTP streams.","state":"stopped","positionSecs":1.001,"durationSecs":1,"queueIndex":0,"queueLength":1,"gaplessEnabled":true,"currentUrl":"content://rd.sheepskin.sandboxmusic.locker/locker/__playback_self_test__"}
06-13 20:50:24.376 24166 24189 W OPLUS_LOG_LOAD: ==LOGS PROG INFO, prog(com.oplus.camera) ==
06-13 20:50:24.468 27331  7911 V Capacitor/Plugin: To native (Capacitor plugin): callbackId: 72589355, pluginId: NativeExoPlayback, methodName: getStatus
06-13 20:50:24.468 27331  7911 V Capacitor: callback: 72589355, pluginId: NativeExoPlayback, methodName: getStatus, methodData: {}
06-13 20:50:24.477 27331 27331 I Capacitor/Console: File:  - Line 333 - Msg: {"available":true,"wired":true,"message":"ExoPlayer gapless queue — content:// locker bridge + HTTP streams.","state":"stopped","positionSecs":1.001,"durationSecs":1,"queueIndex":0,"queueLength":1,"gaplessEnabled":true,"currentUrl":"content://rd.sheepskin.sandboxmusic.locker/locker/__playback_self_test__"}
06-13 20:50:24.717 27331  7911 V Capacitor/Plugin: To native (Capacitor plugin): callbackId: 72589356, pluginId: NativeExoPlayback, methodName: getStatus
06-13 20:50:24.718 27331  7911 V Capacitor: callback: 72589356, pluginId: NativeExoPlayback, methodName: getStatus, methodData: {}
06-13 20:50:24.725 27331 27331 I Capacitor/Console: File:  - Line 333 - Msg: {"available":true,"wired":true,"message":"ExoPlayer gapless queue — content:// locker bridge + HTTP streams.","state":"stopped","positionSecs":1.001,"durationSecs":1,"queueIndex":0,"queueLength":1,"gaplessEnabled":true,"currentUrl":"content://rd.sheepskin.sandboxmusic.locker/locker/__playback_self_test__"}
06-13 20:50:24.951  2138  2762 E HwcComposer: getLuts failed Status(-129, EX_TRANSACTION_FAILED): 'UNKNOWN_TRANSACTION: '
06-13 20:50:24.966 27331  7911 V Capacitor/Plugin: To native (Capacitor plugin): callbackId: 72589357, pluginId: NativeExoPlayback, methodName: getStatus
06-13 20:50:24.966 27331  7911 V Capacitor: callback: 72589357, pluginId: NativeExoPlayback, methodName: getStatus, methodData: {}
06-13 20:50:24.972 27331 27331 I Capacitor/Console: File:  - Line 333 - Msg: {"available":true,"wired":true,"message":"ExoPlayer gapless queue — content:// locker bridge + HTTP streams.","state":"stopped","positionSecs":1.001,"durationSecs":1,"queueIndex":0,"queueLength":1,"gaplessEnabled":true,"currentUrl":"content://rd.sheepskin.sandboxmusic.locker/locker/__playback_self_test__"}
06-13 20:50:25.217 27331  7911 V Capacitor/Plugin: To native (Capacitor plugin): callbackId: 72589358, pluginId: NativeExoPlayback, methodName: getStatus
06-13 20:50:25.218 27331  7911 V Capacitor: callback: 72589358, pluginId: NativeExoPlayback, methodName: getStatus, methodData: {}
06-13 20:50:25.226 27331 27331 I Capacitor/Console: File:  - Line 333 - Msg: {"available":true,"wired":true,"message":"ExoPlayer gapless queue — content:// locker bridge + HTTP streams.","state":"stopped","positionSecs":1.001,"durationSecs":1,"queueIndex":0,"queueLength":1,"gaplessEnabled":true,"currentUrl":"content://rd.sheepskin.sandboxmusic.locker/locker/__playback_self_test__"}
06-13 20:50:25.466 27331  7911 V Capacitor/Plugin: To native (Capacitor plugin): callbackId: 72589359, pluginId: NativeExoPlayback, methodName: getStatus
06-13 20:50:25.467 27331  7911 V Capacitor: callback: 72589359, pluginId: NativeExoPlayback, methodName: getStatus, methodData: {}
06-13 20:50:25.474 27331 27331 I Capacitor/Console: File:  - Line 333 - Msg: {"available":true,"wired":true,"message":"ExoPlayer gapless queue — content:// locker bridge + HTTP streams.","state":"stopped","positionSecs":1.001,"durationSecs":1,"queueIndex":0,"queueLength":1,"gaplessEnabled":true,"currentUrl":"content://rd.sheepskin.sandboxmusic.locker/locker/__playback_self_test__"}
06-13 20:50:25.613  3250  4158 E msys    : E[N mns:DGWClient]_LogError(280)=>Failed to resolve using system DNS resolver, getaddrinfo(): No address associated with hostname
06-13 20:50:25.618  3250  4158 E msys    : E[N mns:DGWClient]_LogError(280)=>Failed to resolve using system DNS resolver, getaddrinfo(): No address associated with hostname
06-13 20:50:25.717 27331  7911 V Capacitor/Plugin: To native (Capacitor plugin): callbackId: 72589360, pluginId: NativeExoPlayback, methodName: getStatus
06-13 20:50:25.717 27331  7911 V Capacitor: callback: 72589360, pluginId: NativeExoPlayback, methodName: getStatus, methodData: {}
06-13 20:50:25.725 27331 27331 I Capacitor/Console: File:  - Line 333 - Msg: {"available":true,"wired":true,"message":"ExoPlayer gapless queue — content:// locker bridge + HTTP streams.","state":"stopped","positionSecs":1.001,"durationSecs":1,"queueIndex":0,"queueLength":1,"gaplessEnabled":true,"currentUrl":"content://rd.sheepskin.sandboxmusic.locker/locker/__playback_self_test__"}
06-13 20:50:25.967 27331  7911 V Capacitor/Plugin: To native (Capacitor plugin): callbackId: 72589361, pluginId: NativeExoPlayback, methodName: getStatus
06-13 20:50:25.967 27331  7911 V Capacitor: callback: 72589361, pluginId: NativeExoPlayback, methodName: getStatus, methodData: {}
06-13 20:50:25.976 27331 27331 I Capacitor/Console: File:  - Line 333 - Msg: {"available":true,"wired":true,"message":"ExoPlayer gapless queue — content:// locker bridge + HTTP streams.","state":"stopped","positionSecs":1.001,"durationSecs":1,"queueIndex":0,"queueLength":1,"gaplessEnabled":true,"currentUrl":"content://rd.sheepskin.sandboxmusic.locker/locker/__playback_self_test__"}
06-13 20:50:26.077  4908  5029 W OPLUS_LOG_LOAD: ==LOGS PROG INFO, prog(com.android.systemui) ==
06-13 20:50:26.112 10560 16645 W PTC.DISC.NetRegisterCentral: registerLanInfo failed. msg=Account not logged in desc=wlanAvailable(repeat=0)
06-13 20:50:26.114 10560 11313 D AudioManager: isBluetoothScoOn()=false, calling application:com.heytap.accessory
06-13 20:50:26.143 22848 22900 D AudioManager: isBluetoothScoOn()=false, calling application:com.heytap.accessory
06-13 20:50:26.217 27331  7911 V Capacitor/Plugin: To native (Capacitor plugin): callbackId: 72589362, pluginId: NativeExoPlayback, methodName: getStatus
06-13 20:50:26.218 27331  7911 V Capacitor: callback: 72589362, pluginId: NativeExoPlayback, methodName: getStatus, methodData: {}
06-13 20:50:26.226 27331 27331 I Capacitor/Console: File:  - Line 333 - Msg: {"available":true,"wired":true,"message":"ExoPlayer gapless queue — content:// locker bridge + HTTP streams.","state":"stopped","positionSecs":1.001,"durationSecs":1,"queueIndex":0,"queueLength":1,"gaplessEnabled":true,"currentUrl":"content://rd.sheepskin.sandboxmusic.locker/locker/__playback_self_test__"}
06-13 20:50:26.467 27331  7911 V Capacitor/Plugin: To native (Capacitor plugin): callbackId: 72589363, pluginId: NativeExoPlayback, methodName: getStatus
06-13 20:50:26.468 27331  7911 V Capacitor: callback: 72589363, pluginId: NativeExoPlayback, methodName: getStatus, methodData: {}
06-13 20:50:26.479 27331 27331 I Capacitor/Console: File:  - Line 333 - Msg: {"available":true,"wired":true,"message":"ExoPlayer gapless queue — content:// locker bridge + HTTP streams.","state":"stopped","positionSecs":1.001,"durationSecs":1,"queueIndex":0,"queueLength":1,"gaplessEnabled":true,"currentUrl":"content://rd.sheepskin.sandboxmusic.locker/locker/__playback_self_test__"}
06-13 20:50:26.717 27331  7911 V Capacitor/Plugin: To native (Capacitor plugin): callbackId: 72589364, pluginId: NativeExoPlayback, methodName: getStatus
06-13 20:50:26.717 27331  7911 V Capacitor: callback: 72589364, pluginId: NativeExoPlayback, methodName: getStatus, methodData: {}
06-13 20:50:26.728 27331 27331 I Capacitor/Console: File:  - Line 333 - Msg: {"available":true,"wired":true,"message":"ExoPlayer gapless queue — content:// locker bridge + HTTP streams.","state":"stopped","positionSecs":1.001,"durationSecs":1,"queueIndex":0,"queueLength":1,"gaplessEnabled":true,"currentUrl":"content://rd.sheepskin.sandboxmusic.locker/locker/__playback_self_test__"}
06-13 20:50:26.967 27331  7911 V Capacitor/Plugin: To native (Capacitor plugin): callbackId: 72589365, pluginId: NativeExoPlayback, methodName: getStatus
06-13 20:50:26.971 27331  7911 V Capacitor: callback: 72589365, pluginId: NativeExoPlayback, methodName: getStatus, methodData: {}
06-13 20:50:26.980 27331 27331 I Capacitor/Console: File:  - Line 333 - Msg: {"available":true,"wired":true,"message":"ExoPlayer gapless queue — content:// locker bridge + HTTP streams.","state":"stopped","positionSecs":1.001,"durationSecs":1,"queueIndex":0,"queueLength":1,"gaplessEnabled":true,"currentUrl":"content://rd.sheepskin.sandboxmusic.locker/locker/__playback_self_test__"}
06-13 20:50:27.218 27331  7911 V Capacitor/Plugin: To native (Capacitor plugin): callbackId: 72589366, pluginId: NativeExoPlayback, methodName: getStatus
06-13 20:50:27.219 27331  7911 V Capacitor: callback: 72589366, pluginId: NativeExoPlayback, methodName: getStatus, methodData: {}
06-13 20:50:27.229 27331 27331 I Capacitor/Console: File:  - Line 333 - Msg: {"available":true,"wired":true,"message":"ExoPlayer gapless queue — content:// locker bridge + HTTP streams.","state":"stopped","positionSecs":1.001,"durationSecs":1,"queueIndex":0,"queueLength":1,"gaplessEnabled":true,"currentUrl":"content://rd.sheepskin.sandboxmusic.locker/locker/__playback_self_test__"}
06-13 20:50:27.468 27331  7911 V Capacitor/Plugin: To native (Capacitor plugin): callbackId: 72589367, pluginId: NativeExoPlayback, methodName: getStatus
06-13 20:50:27.468 27331  7911 V Capacitor: callback: 72589367, pluginId: NativeExoPlayback, methodName: getStatus, methodData: {}
06-13 20:50:27.475 27331 27331 I Capacitor/Console: File:  - Line 333 - Msg: {"available":true,"wired":true,"message":"ExoPlayer gapless queue — content:// locker bridge + HTTP streams.","state":"stopped","positionSecs":1.001,"durationSecs":1,"queueIndex":0,"queueLength":1,"gaplessEnabled":true,"currentUrl":"content://rd.sheepskin.sandboxmusic.locker/locker/__playback_self_test__"}
06-13 20:50:27.548  3250  4190 E MQTTBypassDGWStreamGroupConnection.cpp: connect failed. Callbacks terminated before ack received
06-13 20:50:27.717 27331  7911 V Capacitor/Plugin: To native (Capacitor plugin): callbackId: 72589368, pluginId: NativeExoPlayback, methodName: getStatus
06-13 20:50:27.718 27331  7911 V Capacitor: callback: 72589368, pluginId: NativeExoPlayback, methodName: getStatus, methodData: {}
06-13 20:50:27.727 27331 27331 I Capacitor/Console: File:  - Line 333 - Msg: {"available":true,"wired":true,"message":"ExoPlayer gapless queue — content:// locker bridge + HTTP streams.","state":"stopped","positionSecs":1.001,"durationSecs":1,"queueIndex":0,"queueLength":1,"gaplessEnabled":true,"currentUrl":"content://rd.sheepskin.sandboxmusic.locker/locker/__playback_self_test__"}
06-13 20:50:27.967 27331  7911 V Capacitor/Plugin: To native (Capacitor plugin): callbackId: 72589369, pluginId: NativeExoPlayback, methodName: getStatus
06-13 20:50:27.968 27331  7911 V Capacitor: callback: 72589369, pluginId: NativeExoPlayback, methodName: getStatus, methodData: {}
06-13 20:50:27.973 27331 27331 I Capacitor/Console: File:  - Line 333 - Msg: {"available":true,"wired":true,"message":"ExoPlayer gapless queue — content:// locker bridge + HTTP streams.","state":"stopped","positionSecs":1.001,"durationSecs":1,"queueIndex":0,"queueLength":1,"gaplessEnabled":true,"currentUrl":"content://rd.sheepskin.sandboxmusic.locker/locker/__playback_self_test__"}
06-13 20:50:28.217 27331  7911 V Capacitor/Plugin: To native (Capacitor plugin): callbackId: 72589370, pluginId: NativeExoPlayback, methodName: getStatus
06-13 20:50:28.218 27331  7911 V Capacitor: callback: 72589370, pluginId: NativeExoPlayback, methodName: getStatus, methodData: {}
06-13 20:50:28.225 27331 27331 I Capacitor/Console: File:  - Line 333 - Msg: {"available":true,"wired":true,"message":"ExoPlayer gapless queue — content:// locker bridge + HTTP streams.","state":"stopped","positionSecs":1.001,"durationSecs":1,"queueIndex":0,"queueLength":1,"gaplessEnabled":true,"currentUrl":"content://rd.sheepskin.sandboxmusic.locker/locker/__playback_self_test__"}
06-13 20:50:28.466 27331  7911 V Capacitor/Plugin: To native (Capacitor plugin): callbackId: 72589371, pluginId: NativeExoPlayback, methodName: getStatus
06-13 20:50:28.467 27331  7911 V Capacitor: callback: 72589371, pluginId: NativeExoPlayback, methodName: getStatus, methodData: {}
06-13 20:50:28.474 27331 27331 I Capacitor/Console: File:  - Line 333 - Msg: {"available":true,"wired":true,"message":"ExoPlayer gapless queue — content:// locker bridge + HTTP streams.","state":"stopped","positionSecs":1.001,"durationSecs":1,"queueIndex":0,"queueLength":1,"gaplessEnabled":true,"currentUrl":"content://rd.sheepskin.sandboxmusic.locker/locker/__playback_self_test__"}
06-13 20:50:28.570  3250  4158 E msys    : E[N mns:DGWClient]_LogError(280)=>Failed to resolve using system DNS resolver, getaddrinfo(): No address associated with hostname
06-13 20:50:28.717 27331  7911 V Capacitor/Plugin: To native (Capacitor plugin): callbackId: 72589372, pluginId: NativeExoPlayback, methodName: getStatus
06-13 20:50:28.718 27331  7911 V Capacitor: callback: 72589372, pluginId: NativeExoPlayback, methodName: getStatus, methodData: {}
06-13 20:50:28.725 27331 27331 I Capacitor/Console: File:  - Line 333 - Msg: {"available":true,"wired":true,"message":"ExoPlayer gapless queue — content:// locker bridge + HTTP streams.","state":"stopped","positionSecs":1.001,"durationSecs":1,"queueIndex":0,"queueLength":1,"gaplessEnabled":true,"currentUrl":"content://rd.sheepskin.sandboxmusic.locker/locker/__playback_self_test__"}
06-13 20:50:28.967 27331  7911 V Capacitor/Plugin: To native (Capacitor plugin): callbackId: 72589373, pluginId: NativeExoPlayback, methodName: getStatus
06-13 20:50:28.967 27331  7911 V Capacitor: callback: 72589373, pluginId: NativeExoPlayback, methodName: getStatus, methodData: {}
06-13 20:50:28.974 27331 27331 I Capacitor/Console: File:  - Line 333 - Msg: {"available":true,"wired":true,"message":"ExoPlayer gapless queue — content:// locker bridge + HTTP streams.","state":"stopped","positionSecs":1.001,"durationSecs":1,"queueIndex":0,"queueLength":1,"gaplessEnabled":true,"currentUrl":"content://rd.sheepskin.sandboxmusic.locker/locker/__playback_self_test__"}
06-13 20:50:29.122  3480  4584 W OPLUS_LOG_LOAD: ==LOGS PROG INFO, prog(system_server) ==
06-13 20:50:29.217 27331  7911 V Capacitor/Plugin: To native (Capacitor plugin): callbackId: 72589374, pluginId: NativeExoPlayback, methodName: getStatus
06-13 20:50:29.218 27331  7911 V Capacitor: callback: 72589374, pluginId: NativeExoPlayback, methodName: getStatus, methodData: {}
