06-13 20:50:50.455  2138  2762 E HwcComposer: getLuts failed Status(-129, EX_TRANSACTION_FAILED): 'UNKNOWN_TRANSACTION: '
06-13 20:50:50.469 27331  7911 V Capacitor/Plugin: To native (Capacitor plugin): callbackId: 72589459, pluginId: NativeExoPlayback, methodName: getStatus
06-13 20:50:50.469 27331  7911 V Capacitor: callback: 72589459, pluginId: NativeExoPlayback, methodName: getStatus, methodData: {}
06-13 20:50:50.477 27331 27331 I Capacitor/Console: File:  - Line 333 - Msg: {"available":true,"wired":true,"message":"ExoPlayer gapless queue — content:// locker bridge + HTTP streams.","state":"stopped","positionSecs":1.001,"durationSecs":1,"queueIndex":0,"queueLength":1,"gaplessEnabled":true,"currentUrl":"content://rd.sheepskin.sandboxmusic.locker/locker/__playback_self_test__"}
06-13 20:50:50.718 27331  7911 V Capacitor/Plugin: To native (Capacitor plugin): callbackId: 72589460, pluginId: NativeExoPlayback, methodName: getStatus
06-13 20:50:50.718 27331  7911 V Capacitor: callback: 72589460, pluginId: NativeExoPlayback, methodName: getStatus, methodData: {}
06-13 20:50:50.726 27331 27331 I Capacitor/Console: File:  - Line 333 - Msg: {"available":true,"wired":true,"message":"ExoPlayer gapless queue — content:// locker bridge + HTTP streams.","state":"stopped","positionSecs":1.001,"durationSecs":1,"queueIndex":0,"queueLength":1,"gaplessEnabled":true,"currentUrl":"content://rd.sheepskin.sandboxmusic.locker/locker/__playback_self_test__"}
06-13 20:50:50.967 27331  7911 V Capacitor/Plugin: To native (Capacitor plugin): callbackId: 72589461, pluginId: NativeExoPlayback, methodName: getStatus
06-13 20:50:50.968 27331  7911 V Capacitor: callback: 72589461, pluginId: NativeExoPlayback, methodName: getStatus, methodData: {}
06-13 20:50:50.976 27331 27331 I Capacitor/Console: File:  - Line 333 - Msg: {"available":true,"wired":true,"message":"ExoPlayer gapless queue — content:// locker bridge + HTTP streams.","state":"stopped","positionSecs":1.001,"durationSecs":1,"queueIndex":0,"queueLength":1,"gaplessEnabled":true,"currentUrl":"content://rd.sheepskin.sandboxmusic.locker/locker/__playback_self_test__"}
06-13 20:50:51.217 27331  7911 V Capacitor/Plugin: To native (Capacitor plugin): callbackId: 72589462, pluginId: NativeExoPlayback, methodName: getStatus
06-13 20:50:51.217 27331  7911 V Capacitor: callback: 72589462, pluginId: NativeExoPlayback, methodName: getStatus, methodData: {}
06-13 20:50:51.226 27331 27331 I Capacitor/Console: File:  - Line 333 - Msg: {"available":true,"wired":true,"message":"ExoPlayer gapless queue — content:// locker bridge + HTTP streams.","state":"stopped","positionSecs":1.001,"durationSecs":1,"queueIndex":0,"queueLength":1,"gaplessEnabled":true,"currentUrl":"content://rd.sheepskin.sandboxmusic.locker/locker/__playback_self_test__"}
06-13 20:50:51.468 27331  7911 V Capacitor/Plugin: To native (Capacitor plugin): callbackId: 72589463, pluginId: NativeExoPlayback, methodName: getStatus
06-13 20:50:51.469 27331  7911 V Capacitor: callback: 72589463, pluginId: NativeExoPlayback, methodName: getStatus, methodData: {}
06-13 20:50:51.478 27331 27331 I Capacitor/Console: File:  - Line 333 - Msg: {"available":true,"wired":true,"message":"ExoPlayer gapless queue — content:// locker bridge + HTTP streams.","state":"stopped","positionSecs":1.001,"durationSecs":1,"queueIndex":0,"queueLength":1,"gaplessEnabled":true,"currentUrl":"content://rd.sheepskin.sandboxmusic.locker/locker/__playback_self_test__"}
06-13 20:50:51.717 27331  7911 V Capacitor/Plugin: To native (Capacitor plugin): callbackId: 72589464, pluginId: NativeExoPlayback, methodName: getStatus
06-13 20:50:51.717 27331  7911 V Capacitor: callback: 72589464, pluginId: NativeExoPlayback, methodName: getStatus, methodData: {}
06-13 20:50:51.726 27331 27331 I Capacitor/Console: File:  - Line 333 - Msg: {"available":true,"wired":true,"message":"ExoPlayer gapless queue — content:// locker bridge + HTTP streams.","state":"stopped","positionSecs":1.001,"durationSecs":1,"queueIndex":0,"queueLength":1,"gaplessEnabled":true,"currentUrl":"content://rd.sheepskin.sandboxmusic.locker/locker/__playback_self_test__"}
06-13 20:50:51.966 27331  7911 V Capacitor/Plugin: To native (Capacitor plugin): callbackId: 72589465, pluginId: NativeExoPlayback, methodName: getStatus
06-13 20:50:51.967 27331  7911 V Capacitor: callback: 72589465, pluginId: NativeExoPlayback, methodName: getStatus, methodData: {}
06-13 20:50:51.976 27331 27331 I Capacitor/Console: File:  - Line 333 - Msg: {"available":true,"wired":true,"message":"ExoPlayer gapless queue — content:// locker bridge + HTTP streams.","state":"stopped","positionSecs":1.001,"durationSecs":1,"queueIndex":0,"queueLength":1,"gaplessEnabled":true,"currentUrl":"content://rd.sheepskin.sandboxmusic.locker/locker/__playback_self_test__"}
06-13 20:50:52.217 27331  7911 V Capacitor/Plugin: To native (Capacitor plugin): callbackId: 72589466, pluginId: NativeExoPlayback, methodName: getStatus
06-13 20:50:52.217 27331  7911 V Capacitor: callback: 72589466, pluginId: NativeExoPlayback, methodName: getStatus, methodData: {}
06-13 20:50:52.228 27331 27331 I Capacitor/Console: File:  - Line 333 - Msg: {"available":true,"wired":true,"message":"ExoPlayer gapless queue — content:// locker bridge + HTTP streams.","state":"stopped","positionSecs":1.001,"durationSecs":1,"queueIndex":0,"queueLength":1,"gaplessEnabled":true,"currentUrl":"content://rd.sheepskin.sandboxmusic.locker/locker/__playback_self_test__"}
06-13 20:50:52.467 27331  7911 V Capacitor/Plugin: To native (Capacitor plugin): callbackId: 72589467, pluginId: NativeExoPlayback, methodName: getStatus
06-13 20:50:52.468 27331  7911 V Capacitor: callback: 72589467, pluginId: NativeExoPlayback, methodName: getStatus, methodData: {}
06-13 20:50:52.480 27331 27331 I Capacitor/Console: File:  - Line 333 - Msg: {"available":true,"wired":true,"message":"ExoPlayer gapless queue — content:// locker bridge + HTTP streams.","state":"stopped","positionSecs":1.001,"durationSecs":1,"queueIndex":0,"queueLength":1,"gaplessEnabled":true,"currentUrl":"content://rd.sheepskin.sandboxmusic.locker/locker/__playback_self_test__"}
06-13 20:50:52.719 27504 27504 W OPLUS_LOG_LOAD: ==LOGS PROG INFO, prog(com.android.systemui) ==
06-13 20:50:52.722 27331  7911 V Capacitor/Plugin: To native (Capacitor plugin): callbackId: 72589468, pluginId: NativeExoPlayback, methodName: getStatus
06-13 20:50:52.722 27331  7911 V Capacitor: callback: 72589468, pluginId: NativeExoPlayback, methodName: getStatus, methodData: {}
06-13 20:50:52.728 27331 27331 I Capacitor/Console: File:  - Line 333 - Msg: {"available":true,"wired":true,"message":"ExoPlayer gapless queue — content:// locker bridge + HTTP streams.","state":"stopped","positionSecs":1.001,"durationSecs":1,"queueIndex":0,"queueLength":1,"gaplessEnabled":true,"currentUrl":"content://rd.sheepskin.sandboxmusic.locker/locker/__playback_self_test__"}
06-13 20:50:52.967 27331  7911 V Capacitor/Plugin: To native (Capacitor plugin): callbackId: 72589469, pluginId: NativeExoPlayback, methodName: getStatus
06-13 20:50:52.967 27331  7911 V Capacitor: callback: 72589469, pluginId: NativeExoPlayback, methodName: getStatus, methodData: {}
06-13 20:50:52.974 27331 27331 I Capacitor/Console: File:  - Line 333 - Msg: {"available":true,"wired":true,"message":"ExoPlayer gapless queue — content:// locker bridge + HTTP streams.","state":"stopped","positionSecs":1.001,"durationSecs":1,"queueIndex":0,"queueLength":1,"gaplessEnabled":true,"currentUrl":"content://rd.sheepskin.sandboxmusic.locker/locker/__playback_self_test__"}
06-13 20:50:53.217 27331  7911 V Capacitor/Plugin: To native (Capacitor plugin): callbackId: 72589470, pluginId: NativeExoPlayback, methodName: getStatus
06-13 20:50:53.217 27331  7911 V Capacitor: callback: 72589470, pluginId: NativeExoPlayback, methodName: getStatus, methodData: {}
06-13 20:50:53.225 27331 27331 I Capacitor/Console: File:  - Line 333 - Msg: {"available":true,"wired":true,"message":"ExoPlayer gapless queue — content:// locker bridge + HTTP streams.","state":"stopped","positionSecs":1.001,"durationSecs":1,"queueIndex":0,"queueLength":1,"gaplessEnabled":true,"currentUrl":"content://rd.sheepskin.sandboxmusic.locker/locker/__playback_self_test__"}
06-13 20:50:53.469 27331  7911 V Capacitor/Plugin: To native (Capacitor plugin): callbackId: 72589471, pluginId: NativeExoPlayback, methodName: getStatus
06-13 20:50:53.469 27331  7911 V Capacitor: callback: 72589471, pluginId: NativeExoPlayback, methodName: getStatus, methodData: {}
06-13 20:50:53.477 27331 27331 I Capacitor/Console: File:  - Line 333 - Msg: {"available":true,"wired":true,"message":"ExoPlayer gapless queue — content:// locker bridge + HTTP streams.","state":"stopped","positionSecs":1.001,"durationSecs":1,"queueIndex":0,"queueLength":1,"gaplessEnabled":true,"currentUrl":"content://rd.sheepskin.sandboxmusic.locker/locker/__playback_self_test__"}
06-13 20:50:53.716 27331  7911 V Capacitor/Plugin: To native (Capacitor plugin): callbackId: 72589472, pluginId: NativeExoPlayback, methodName: getStatus
06-13 20:50:53.717 27331  7911 V Capacitor: callback: 72589472, pluginId: NativeExoPlayback, methodName: getStatus, methodData: {}
06-13 20:50:53.726 27331 27331 I Capacitor/Console: File:  - Line 333 - Msg: {"available":true,"wired":true,"message":"ExoPlayer gapless queue — content:// locker bridge + HTTP streams.","state":"stopped","positionSecs":1.001,"durationSecs":1,"queueIndex":0,"queueLength":1,"gaplessEnabled":true,"currentUrl":"content://rd.sheepskin.sandboxmusic.locker/locker/__playback_self_test__"}
06-13 20:50:53.966 27331  7911 V Capacitor/Plugin: To native (Capacitor plugin): callbackId: 72589473, pluginId: NativeExoPlayback, methodName: getStatus
06-13 20:50:53.967 27331  7911 V Capacitor: callback: 72589473, pluginId: NativeExoPlayback, methodName: getStatus, methodData: {}
06-13 20:50:53.975 27331 27331 I Capacitor/Console: File:  - Line 333 - Msg: {"available":true,"wired":true,"message":"ExoPlayer gapless queue — content:// locker bridge + HTTP streams.","state":"stopped","positionSecs":1.001,"durationSecs":1,"queueIndex":0,"queueLength":1,"gaplessEnabled":true,"currentUrl":"content://rd.sheepskin.sandboxmusic.locker/locker/__playback_self_test__"}
06-13 20:50:54.218 27331  7911 V Capacitor/Plugin: To native (Capacitor plugin): callbackId: 72589474, pluginId: NativeExoPlayback, methodName: getStatus
06-13 20:50:54.218 27331  7911 V Capacitor: callback: 72589474, pluginId: NativeExoPlayback, methodName: getStatus, methodData: {}
06-13 20:50:54.228 27331 27331 I Capacitor/Console: File:  - Line 333 - Msg: {"available":true,"wired":true,"message":"ExoPlayer gapless queue — content:// locker bridge + HTTP streams.","state":"stopped","positionSecs":1.001,"durationSecs":1,"queueIndex":0,"queueLength":1,"gaplessEnabled":true,"currentUrl":"content://rd.sheepskin.sandboxmusic.locker/locker/__playback_self_test__"}
06-13 20:50:54.382 24166 24189 W OPLUS_LOG_LOAD: ==LOGS PROG INFO, prog(com.oplus.camera) ==
06-13 20:50:54.467 27331  7911 V Capacitor/Plugin: To native (Capacitor plugin): callbackId: 72589475, pluginId: NativeExoPlayback, methodName: getStatus
06-13 20:50:54.468 27331  7911 V Capacitor: callback: 72589475, pluginId: NativeExoPlayback, methodName: getStatus, methodData: {}
06-13 20:50:54.476 27331 27331 I Capacitor/Console: File:  - Line 333 - Msg: {"available":true,"wired":true,"message":"ExoPlayer gapless queue — content:// locker bridge + HTTP streams.","state":"stopped","positionSecs":1.001,"durationSecs":1,"queueIndex":0,"queueLength":1,"gaplessEnabled":true,"currentUrl":"content://rd.sheepskin.sandboxmusic.locker/locker/__playback_self_test__"}
06-13 20:50:54.501  3250  4158 E msys    : E[N mns:DGWClient]_LogError(280)=>Failed to resolve using system DNS resolver, getaddrinfo(): No address associated with hostname
06-13 20:50:54.506  3250  4158 E msys    : E[N mns:DGWClient]_LogError(280)=>Failed to resolve using system DNS resolver, getaddrinfo(): No address associated with hostname
06-13 20:50:54.717 27331  7911 V Capacitor/Plugin: To native (Capacitor plugin): callbackId: 72589476, pluginId: NativeExoPlayback, methodName: getStatus
06-13 20:50:54.717 27331  7911 V Capacitor: callback: 72589476, pluginId: NativeExoPlayback, methodName: getStatus, methodData: {}
06-13 20:50:54.726 27331 27331 I Capacitor/Console: File:  - Line 333 - Msg: {"available":true,"wired":true,"message":"ExoPlayer gapless queue — content:// locker bridge + HTTP streams.","state":"stopped","positionSecs":1.001,"durationSecs":1,"queueIndex":0,"queueLength":1,"gaplessEnabled":true,"currentUrl":"content://rd.sheepskin.sandboxmusic.locker/locker/__playback_self_test__"}
06-13 20:50:54.966 27331  7911 V Capacitor/Plugin: To native (Capacitor plugin): callbackId: 72589477, pluginId: NativeExoPlayback, methodName: getStatus
06-13 20:50:54.966 27331  7911 V Capacitor: callback: 72589477, pluginId: NativeExoPlayback, methodName: getStatus, methodData: {}
06-13 20:50:54.976 27331 27331 I Capacitor/Console: File:  - Line 333 - Msg: {"available":true,"wired":true,"message":"ExoPlayer gapless queue — content:// locker bridge + HTTP streams.","state":"stopped","positionSecs":1.001,"durationSecs":1,"queueIndex":0,"queueLength":1,"gaplessEnabled":true,"currentUrl":"content://rd.sheepskin.sandboxmusic.locker/locker/__playback_self_test__"}
06-13 20:50:55.218 27331  7911 V Capacitor/Plugin: To native (Capacitor plugin): callbackId: 72589478, pluginId: NativeExoPlayback, methodName: getStatus
06-13 20:50:55.219 27331  7911 V Capacitor: callback: 72589478, pluginId: NativeExoPlayback, methodName: getStatus, methodData: {}
06-13 20:50:55.228 27331 27331 I Capacitor/Console: File:  - Line 333 - Msg: {"available":true,"wired":true,"message":"ExoPlayer gapless queue — content:// locker bridge + HTTP streams.","state":"stopped","positionSecs":1.001,"durationSecs":1,"queueIndex":0,"queueLength":1,"gaplessEnabled":true,"currentUrl":"content://rd.sheepskin.sandboxmusic.locker/locker/__playback_self_test__"}
06-13 20:50:55.467 27331  7911 V Capacitor/Plugin: To native (Capacitor plugin): callbackId: 72589479, pluginId: NativeExoPlayback, methodName: getStatus
06-13 20:50:55.468 27331  7911 V Capacitor: callback: 72589479, pluginId: NativeExoPlayback, methodName: getStatus, methodData: {}
06-13 20:50:55.475 27331 27331 I Capacitor/Console: File:  - Line 333 - Msg: {"available":true,"wired":true,"message":"ExoPlayer gapless queue — content:// locker bridge + HTTP streams.","state":"stopped","positionSecs":1.001,"durationSecs":1,"queueIndex":0,"queueLength":1,"gaplessEnabled":true,"currentUrl":"content://rd.sheepskin.sandboxmusic.locker/locker/__playback_self_test__"}
06-13 20:50:55.718 27331  7911 V Capacitor/Plugin: To native (Capacitor plugin): callbackId: 72589480, pluginId: NativeExoPlayback, methodName: getStatus
06-13 20:50:55.719 27331  7911 V Capacitor: callback: 72589480, pluginId: NativeExoPlayback, methodName: getStatus, methodData: {}
06-13 20:50:55.727 27331 27331 I Capacitor/Console: File:  - Line 333 - Msg: {"available":true,"wired":true,"message":"ExoPlayer gapless queue — content:// locker bridge + HTTP streams.","state":"stopped","positionSecs":1.001,"durationSecs":1,"queueIndex":0,"queueLength":1,"gaplessEnabled":true,"currentUrl":"content://rd.sheepskin.sandboxmusic.locker/locker/__playback_self_test__"}
06-13 20:50:55.968 27331  7911 V Capacitor/Plugin: To native (Capacitor plugin): callbackId: 72589481, pluginId: NativeExoPlayback, methodName: getStatus
06-13 20:50:55.969 27331  7911 V Capacitor: callback: 72589481, pluginId: NativeExoPlayback, methodName: getStatus, methodData: {}
06-13 20:50:55.977 27331 27331 I Capacitor/Console: File:  - Line 333 - Msg: {"available":true,"wired":true,"message":"ExoPlayer gapless queue — content:// locker bridge + HTTP streams.","state":"stopped","positionSecs":1.001,"durationSecs":1,"queueIndex":0,"queueLength":1,"gaplessEnabled":true,"currentUrl":"content://rd.sheepskin.sandboxmusic.locker/locker/__playback_self_test__"}
06-13 20:50:56.218 27331  7911 V Capacitor/Plugin: To native (Capacitor plugin): callbackId: 72589482, pluginId: NativeExoPlayback, methodName: getStatus
06-13 20:50:56.218 27331  7911 V Capacitor: callback: 72589482, pluginId: NativeExoPlayback, methodName: getStatus, methodData: {}
06-13 20:50:56.226 27331 27331 I Capacitor/Console: File:  - Line 333 - Msg: {"available":true,"wired":true,"message":"ExoPlayer gapless queue — content:// locker bridge + HTTP streams.","state":"stopped","positionSecs":1.001,"durationSecs":1,"queueIndex":0,"queueLength":1,"gaplessEnabled":true,"currentUrl":"content://rd.sheepskin.sandboxmusic.locker/locker/__playback_self_test__"}
06-13 20:50:56.377  2138  2762 E HwcComposer: getLuts failed Status(-129, EX_TRANSACTION_FAILED): 'UNKNOWN_TRANSACTION: '
06-13 20:50:56.386  3250  4158 E msys    : E[N mns:DGWClient]_LogError(280)=>Failed to resolve using system DNS resolver, getaddrinfo(): No address associated with hostname
06-13 20:50:56.469 27331  7911 V Capacitor/Plugin: To native (Capacitor plugin): callbackId: 72589483, pluginId: NativeExoPlayback, methodName: getStatus
06-13 20:50:56.469 27331  7911 V Capacitor: callback: 72589483, pluginId: NativeExoPlayback, methodName: getStatus, methodData: {}
06-13 20:50:56.477 27331 27331 I Capacitor/Console: File:  - Line 333 - Msg: {"available":true,"wired":true,"message":"ExoPlayer gapless queue — content:// locker bridge + HTTP streams.","state":"stopped","positionSecs":1.001,"durationSecs":1,"queueIndex":0,"queueLength":1,"gaplessEnabled":true,"currentUrl":"content://rd.sheepskin.sandboxmusic.locker/locker/__playback_self_test__"}
06-13 20:50:56.497  3250  3958 E msys    : E[N mns:TigonMNS]_LogError(280)=>Failed to resolve using system DNS resolver, getaddrinfo(): No address associated with hostname
06-13 20:50:56.498  3250  3958 E msys    : E[N mns:TigonMNS]_LogError(280)=>Failed to resolve using system DNS resolver, getaddrinfo(): No address associated with hostname
06-13 20:50:56.501  3250  3958 E msys    : E[N mns:TigonMNS]_LogError(280)=>Failed to resolve using system DNS resolver, getaddrinfo(): No address associated with hostname
06-13 20:50:56.501  3250  3958 E msys    : E[N mns:TigonMNS]_LogError(280)=>Failed to resolve using system DNS resolver, getaddrinfo(): No address associated with hostname
06-13 20:50:56.503  3250  3958 E msys    : E[N mns:TigonMNS]_LogError(280)=>Failed to resolve using system DNS resolver, getaddrinfo(): No address associated with hostname
06-13 20:50:56.506  3250  3958 E msys    : E[N mns:TigonMNS]_LogError(280)=>Failed to resolve using system DNS resolver, getaddrinfo(): No address associated with hostname
06-13 20:50:56.717 27331  7911 V Capacitor/Plugin: To native (Capacitor plugin): callbackId: 72589484, pluginId: NativeExoPlayback, methodName: getStatus
06-13 20:50:56.718 27331  7911 V Capacitor: callback: 72589484, pluginId: NativeExoPlayback, methodName: getStatus, methodData: {}
06-13 20:50:56.729 27331 27331 I Capacitor/Console: File:  - Line 333 - Msg: {"available":true,"wired":true,"message":"ExoPlayer gapless queue — content:// locker bridge + HTTP streams.","state":"stopped","positionSecs":1.001,"durationSecs":1,"queueIndex":0,"queueLength":1,"gaplessEnabled":true,"currentUrl":"content://rd.sheepskin.sandboxmusic.locker/locker/__playback_self_test__"}
06-13 20:50:56.966 27331  7911 V Capacitor/Plugin: To native (Capacitor plugin): callbackId: 72589485, pluginId: NativeExoPlayback, methodName: getStatus
06-13 20:50:56.967 27331  7911 V Capacitor: callback: 72589485, pluginId: NativeExoPlayback, methodName: getStatus, methodData: {}
06-13 20:50:56.977 27331 27331 I Capacitor/Console: File:  - Line 333 - Msg: {"available":true,"wired":true,"message":"ExoPlayer gapless queue — content:// locker bridge + HTTP streams.","state":"stopped","positionSecs":1.001,"durationSecs":1,"queueIndex":0,"queueLength":1,"gaplessEnabled":true,"currentUrl":"content://rd.sheepskin.sandboxmusic.locker/locker/__playback_self_test__"}
06-13 20:50:57.218 27331  7911 V Capacitor/Plugin: To native (Capacitor plugin): callbackId: 72589486, pluginId: NativeExoPlayback, methodName: getStatus
06-13 20:50:57.219 27331  7911 V Capacitor: callback: 72589486, pluginId: NativeExoPlayback, methodName: getStatus, methodData: {}
06-13 20:50:57.230 27331 27331 I Capacitor/Console: File:  - Line 333 - Msg: {"available":true,"wired":true,"message":"ExoPlayer gapless queue — content:// locker bridge + HTTP streams.","state":"stopped","positionSecs":1.001,"durationSecs":1,"queueIndex":0,"queueLength":1,"gaplessEnabled":true,"currentUrl":"content://rd.sheepskin.sandboxmusic.locker/locker/__playback_self_test__"}
06-13 20:50:57.445  2138  2762 E HwcComposer: getLuts failed Status(-129, EX_TRANSACTION_FAILED): 'UNKNOWN_TRANSACTION: '
06-13 20:50:57.465 27331  7911 V Capacitor/Plugin: To native (Capacitor plugin): callbackId: 72589487, pluginId: NativeExoPlayback, methodName: getStatus
06-13 20:50:57.466 27331  7911 V Capacitor: callback: 72589487, pluginId: NativeExoPlayback, methodName: getStatus, methodData: {}
06-13 20:50:57.472 27331 27331 I Capacitor/Console: File:  - Line 333 - Msg: {"available":true,"wired":true,"message":"ExoPlayer gapless queue — content:// locker bridge + HTTP streams.","state":"stopped","positionSecs":1.001,"durationSecs":1,"queueIndex":0,"queueLength":1,"gaplessEnabled":true,"currentUrl":"content://rd.sheepskin.sandboxmusic.locker/locker/__playback_self_test__"}
06-13 20:50:57.717 27331  7911 V Capacitor/Plugin: To native (Capacitor plugin): callbackId: 72589488, pluginId: NativeExoPlayback, methodName: getStatus
06-13 20:50:57.718 27331  7911 V Capacitor: callback: 72589488, pluginId: NativeExoPlayback, methodName: getStatus, methodData: {}
06-13 20:50:57.728 27331 27331 I Capacitor/Console: File:  - Line 333 - Msg: {"available":true,"wired":true,"message":"ExoPlayer gapless queue — content:// locker bridge + HTTP streams.","state":"stopped","positionSecs":1.001,"durationSecs":1,"queueIndex":0,"queueLength":1,"gaplessEnabled":true,"currentUrl":"content://rd.sheepskin.sandboxmusic.locker/locker/__playback_self_test__"}
06-13 20:50:57.967 27331  7911 V Capacitor/Plugin: To native (Capacitor plugin): callbackId: 72589489, pluginId: NativeExoPlayback, methodName: getStatus
06-13 20:50:57.967 27331  7911 V Capacitor: callback: 72589489, pluginId: NativeExoPlayback, methodName: getStatus, methodData: {}
06-13 20:50:57.973 27331 27331 I Capacitor/Console: File:  - Line 333 - Msg: {"available":true,"wired":true,"message":"ExoPlayer gapless queue — content:// locker bridge + HTTP streams.","state":"stopped","positionSecs":1.001,"durationSecs":1,"queueIndex":0,"queueLength":1,"gaplessEnabled":true,"currentUrl":"content://rd.sheepskin.sandboxmusic.locker/locker/__playback_self_test__"}
06-13 20:50:58.216 27331  7911 V Capacitor/Plugin: To native (Capacitor plugin): callbackId: 72589490, pluginId: NativeExoPlayback, methodName: getStatus
06-13 20:50:58.217 27331  7911 V Capacitor: callback: 72589490, pluginId: NativeExoPlayback, methodName: getStatus, methodData: {}
06-13 20:50:58.224 27331 27331 I Capacitor/Console: File:  - Line 333 - Msg: {"available":true,"wired":true,"message":"ExoPlayer gapless queue — content:// locker bridge + HTTP streams.","state":"stopped","positionSecs":1.001,"durationSecs":1,"queueIndex":0,"queueLength":1,"gaplessEnabled":true,"currentUrl":"content://rd.sheepskin.sandboxmusic.locker/locker/__playback_self_test__"}
06-13 20:50:58.467 27331  7911 V Capacitor/Plugin: To native (Capacitor plugin): callbackId: 72589491, pluginId: NativeExoPlayback, methodName: getStatus
06-13 20:50:58.467 27331  7911 V Capacitor: callback: 72589491, pluginId: NativeExoPlayback, methodName: getStatus, methodData: {}
06-13 20:50:58.477 27331 27331 I Capacitor/Console: File:  - Line 333 - Msg: {"available":true,"wired":true,"message":"ExoPlayer gapless queue — content:// locker bridge + HTTP streams.","state":"stopped","positionSecs":1.001,"durationSecs":1,"queueIndex":0,"queueLength":1,"gaplessEnabled":true,"currentUrl":"content://rd.sheepskin.sandboxmusic.locker/locker/__playback_self_test__"}
06-13 20:50:58.717 27331  7911 V Capacitor/Plugin: To native (Capacitor plugin): callbackId: 72589492, pluginId: NativeExoPlayback, methodName: getStatus
06-13 20:50:58.718 27331  7911 V Capacitor: callback: 72589492, pluginId: NativeExoPlayback, methodName: getStatus, methodData: {}
06-13 20:50:58.726 27331 27331 I Capacitor/Console: File:  - Line 333 - Msg: {"available":true,"wired":true,"message":"ExoPlayer gapless queue — content:// locker bridge + HTTP streams.","state":"stopped","positionSecs":1.001,"durationSecs":1,"queueIndex":0,"queueLength":1,"gaplessEnabled":true,"currentUrl":"content://rd.sheepskin.sandboxmusic.locker/locker/__playback_self_test__"}
06-13 20:50:58.968 27331  7911 V Capacitor/Plugin: To native (Capacitor plugin): callbackId: 72589493, pluginId: NativeExoPlayback, methodName: getStatus
06-13 20:50:58.969 27331  7911 V Capacitor: callback: 72589493, pluginId: NativeExoPlayback, methodName: getStatus, methodData: {}
06-13 20:50:58.979 27331 27331 I Capacitor/Console: File:  - Line 333 - Msg: {"available":true,"wired":true,"message":"ExoPlayer gapless queue — content:// locker bridge + HTTP streams.","state":"stopped","positionSecs":1.001,"durationSecs":1,"queueIndex":0,"queueLength":1,"gaplessEnabled":true,"currentUrl":"content://rd.sheepskin.sandboxmusic.locker/locker/__playback_self_test__"}
06-13 20:50:59.094  4908  5001 W OPLUS_LOG_LOAD: ==LOGS PROG INFO, prog(com.android.systemui) ==
06-13 20:50:59.218 27331  7911 V Capacitor/Plugin: To native (Capacitor plugin): callbackId: 72589494, pluginId: NativeExoPlayback, methodName: getStatus
06-13 20:50:59.218 27331  7911 V Capacitor: callback: 72589494, pluginId: NativeExoPlayback, methodName: getStatus, methodData: {}
06-13 20:50:59.226 27331 27331 I Capacitor/Console: File:  - Line 333 - Msg: {"available":true,"wired":true,"message":"ExoPlayer gapless queue — content:// locker bridge + HTTP streams.","state":"stopped","positionSecs":1.001,"durationSecs":1,"queueIndex":0,"queueLength":1,"gaplessEnabled":true,"currentUrl":"content://rd.sheepskin.sandboxmusic.locker/locker/__playback_self_test__"}
06-13 20:50:59.467 27331  7911 V Capacitor/Plugin: To native (Capacitor plugin): callbackId: 72589495, pluginId: NativeExoPlayback, methodName: getStatus
06-13 20:50:59.468 27331  7911 V Capacitor: callback: 72589495, pluginId: NativeExoPlayback, methodName: getStatus, methodData: {}
06-13 20:50:59.479 27331 27331 I Capacitor/Console: File:  - Line 333 - Msg: {"available":true,"wired":true,"message":"ExoPlayer gapless queue — content:// locker bridge + HTTP streams.","state":"stopped","positionSecs":1.001,"durationSecs":1,"queueIndex":0,"queueLength":1,"gaplessEnabled":true,"currentUrl":"content://rd.sheepskin.sandboxmusic.locker/locker/__playback_self_test__"}
06-13 20:50:59.716 27331  7911 V Capacitor/Plugin: To native (Capacitor plugin): callbackId: 72589496, pluginId: NativeExoPlayback, methodName: getStatus
06-13 20:50:59.717 27331  7911 V Capacitor: callback: 72589496, pluginId: NativeExoPlayback, methodName: getStatus, methodData: {}
06-13 20:50:59.723 27331 27331 I Capacitor/Console: File:  - Line 333 - Msg: {"available":true,"wired":true,"message":"ExoPlayer gapless queue — content:// locker bridge + HTTP streams.","state":"stopped","positionSecs":1.001,"durationSecs":1,"queueIndex":0,"queueLength":1,"gaplessEnabled":true,"currentUrl":"content://rd.sheepskin.sandboxmusic.locker/locker/__playback_self_test__"}
06-13 20:50:59.831  3480  4315 W OPLUS_LOG_LOAD: ==LOGS PROG INFO, prog(system_server) ==
06-13 20:50:59.967 27331  7911 V Capacitor/Plugin: To native (Capacitor plugin): callbackId: 72589497, pluginId: NativeExoPlayback, methodName: getStatus
06-13 20:50:59.968 27331  7911 V Capacitor: callback: 72589497, pluginId: NativeExoPlayback, methodName: getStatus, methodData: {}
06-13 20:50:59.977 27331 27331 I Capacitor/Console: File:  - Line 333 - Msg: {"available":true,"wired":true,"message":"ExoPlayer gapless queue — content:// locker bridge + HTTP streams.","state":"stopped","positionSecs":1.001,"durationSecs":1,"queueIndex":0,"queueLength":1,"gaplessEnabled":true,"currentUrl":"content://rd.sheepskin.sandboxmusic.locker/locker/__playback_self_test__"}
06-13 20:51:00.037  2138  2762 E HwcComposer: getLuts failed Status(-129, EX_TRANSACTION_FAILED): 'UNKNOWN_TRANSACTION: '
06-13 20:51:00.218 27331  7911 V Capacitor/Plugin: To native (Capacitor plugin): callbackId: 72589498, pluginId: NativeExoPlayback, methodName: getStatus
06-13 20:51:00.218 27331  7911 V Capacitor: callback: 72589498, pluginId: NativeExoPlayback, methodName: getStatus, methodData: {}
06-13 20:51:00.225 27331 27331 I Capacitor/Console: File:  - Line 333 - Msg: {"available":true,"wired":true,"message":"ExoPlayer gapless queue — content:// locker bridge + HTTP streams.","state":"stopped","positionSecs":1.001,"durationSecs":1,"queueIndex":0,"queueLength":1,"gaplessEnabled":true,"currentUrl":"content://rd.sheepskin.sandboxmusic.locker/locker/__playback_self_test__"}
06-13 20:51:00.467 27331  7911 V Capacitor/Plugin: To native (Capacitor plugin): callbackId: 72589499, pluginId: NativeExoPlayback, methodName: getStatus
06-13 20:51:00.468 27331  7911 V Capacitor: callback: 72589499, pluginId: NativeExoPlayback, methodName: getStatus, methodData: {}
06-13 20:51:00.476 27331 27331 I Capacitor/Console: File:  - Line 333 - Msg: {"available":true,"wired":true,"message":"ExoPlayer gapless queue — content:// locker bridge + HTTP streams.","state":"stopped","positionSecs":1.001,"durationSecs":1,"queueIndex":0,"queueLength":1,"gaplessEnabled":true,"currentUrl":"content://rd.sheepskin.sandboxmusic.locker/locker/__playback_self_test__"}
06-13 20:51:00.717 27331  7911 V Capacitor/Plugin: To native (Capacitor plugin): callbackId: 72589500, pluginId: NativeExoPlayback, methodName: getStatus
06-13 20:51:00.718 27331  7911 V Capacitor: callback: 72589500, pluginId: NativeExoPlayback, methodName: getStatus, methodData: {}
06-13 20:51:00.727 27331 27331 I Capacitor/Console: File:  - Line 333 - Msg: {"available":true,"wired":true,"message":"ExoPlayer gapless queue — content:// locker bridge + HTTP streams.","state":"stopped","positionSecs":1.001,"durationSecs":1,"queueIndex":0,"queueLength":1,"gaplessEnabled":true,"currentUrl":"content://rd.sheepskin.sandboxmusic.locker/locker/__playback_self_test__"}
06-13 20:51:00.967 27331  7911 V Capacitor/Plugin: To native (Capacitor plugin): callbackId: 72589501, pluginId: NativeExoPlayback, methodName: getStatus
06-13 20:51:00.968 27331  7911 V Capacitor: callback: 72589501, pluginId: NativeExoPlayback, methodName: getStatus, methodData: {}
06-13 20:51:00.977 27331 27331 I Capacitor/Console: File:  - Line 333 - Msg: {"available":true,"wired":true,"message":"ExoPlayer gapless queue — content:// locker bridge + HTTP streams.","state":"stopped","positionSecs":1.001,"durationSecs":1,"queueIndex":0,"queueLength":1,"gaplessEnabled":true,"currentUrl":"content://rd.sheepskin.sandboxmusic.locker/locker/__playback_self_test__"}
06-13 20:51:01.216 27331  7911 V Capacitor/Plugin: To native (Capacitor plugin): callbackId: 72589502, pluginId: NativeExoPlayback, methodName: getStatus
06-13 20:51:01.216 27331  7911 V Capacitor: callback: 72589502, pluginId: NativeExoPlayback, methodName: getStatus, methodData: {}
06-13 20:51:01.221 27331 27331 I Capacitor/Console: File:  - Line 333 - Msg: {"available":true,"wired":true,"message":"ExoPlayer gapless queue — content:// locker bridge + HTTP streams.","state":"stopped","positionSecs":1.001,"durationSecs":1,"queueIndex":0,"queueLength":1,"gaplessEnabled":true,"currentUrl":"content://rd.sheepskin.sandboxmusic.locker/locker/__playback_self_test__"}
06-13 20:51:01.355  3250  3958 E msys    : E[N mns:TigonMNS]_LogError(280)=>Failed to resolve using system DNS resolver, getaddrinfo(): No address associated with hostname
06-13 20:51:01.356  3250  3958 E msys    : E[N mns:TigonMNS]_LogError(280)=>Failed to resolve using system DNS resolver, getaddrinfo(): No address associated with hostname
06-13 20:51:01.466 27331  7911 V Capacitor/Plugin: To native (Capacitor plugin): callbackId: 72589503, pluginId: NativeExoPlayback, methodName: getStatus
06-13 20:51:01.467 27331  7911 V Capacitor: callback: 72589503, pluginId: NativeExoPlayback, methodName: getStatus, methodData: {}
06-13 20:51:01.476 27331 27331 I Capacitor/Console: File:  - Line 333 - Msg: {"available":true,"wired":true,"message":"ExoPlayer gapless queue — content:// locker bridge + HTTP streams.","state":"stopped","positionSecs":1.001,"durationSecs":1,"queueIndex":0,"queueLength":1,"gaplessEnabled":true,"currentUrl":"content://rd.sheepskin.sandboxmusic.locker/locker/__playback_self_test__"}
06-13 20:51:01.717 27331  7911 V Capacitor/Plugin: To native (Capacitor plugin): callbackId: 72589504, pluginId: NativeExoPlayback, methodName: getStatus
06-13 20:51:01.718 27331  7911 V Capacitor: callback: 72589504, pluginId: NativeExoPlayback, methodName: getStatus, methodData: {}
06-13 20:51:01.722  3250  4158 E msys    : E[N mns:DGWClient]_LogError(280)=>Failed to resolve using system DNS resolver, getaddrinfo(): No address associated with hostname
06-13 20:51:01.728 27331 27331 I Capacitor/Console: File:  - Line 333 - Msg: {"available":true,"wired":true,"message":"ExoPlayer gapless queue — content:// locker bridge + HTTP streams.","state":"stopped","positionSecs":1.001,"durationSecs":1,"queueIndex":0,"queueLength":1,"gaplessEnabled":true,"currentUrl":"content://rd.sheepskin.sandboxmusic.locker/locker/__playback_self_test__"}
06-13 20:51:01.731  3250  4158 E msys    : E[N mns:DGWClient]_LogError(280)=>Failed to resolve using system DNS resolver, getaddrinfo(): No address associated with hostname
06-13 20:51:01.967 27331  7911 V Capacitor/Plugin: To native (Capacitor plugin): callbackId: 72589505, pluginId: NativeExoPlayback, methodName: getStatus
06-13 20:51:01.967 27331  7911 V Capacitor: callback: 72589505, pluginId: NativeExoPlayback, methodName: getStatus, methodData: {}
06-13 20:51:01.973 27331 27331 I Capacitor/Console: File:  - Line 333 - Msg: {"available":true,"wired":true,"message":"ExoPlayer gapless queue — content:// locker bridge + HTTP streams.","state":"stopped","positionSecs":1.001,"durationSecs":1,"queueIndex":0,"queueLength":1,"gaplessEnabled":true,"currentUrl":"content://rd.sheepskin.sandboxmusic.locker/locker/__playback_self_test__"}
06-13 20:51:02.217 27331  7911 V Capacitor/Plugin: To native (Capacitor plugin): callbackId: 72589506, pluginId: NativeExoPlayback, methodName: getStatus
06-13 20:51:02.217 27331  7911 V Capacitor: callback: 72589506, pluginId: NativeExoPlayback, methodName: getStatus, methodData: {}
06-13 20:51:02.228 27331 27331 I Capacitor/Console: File:  - Line 333 - Msg: {"available":true,"wired":true,"message":"ExoPlayer gapless queue — content:// locker bridge + HTTP streams.","state":"stopped","positionSecs":1.001,"durationSecs":1,"queueIndex":0,"queueLength":1,"gaplessEnabled":true,"currentUrl":"content://rd.sheepskin.sandboxmusic.locker/locker/__playback_self_test__"}
06-13 20:51:02.250  2138  2762 E HwcComposer: getLuts failed Status(-129, EX_TRANSACTION_FAILED): 'UNKNOWN_TRANSACTION: '
06-13 20:51:02.338 31332 31395 E MSP-LOG-SDK-: MspSdkException{code=-1,message=com.heytap.mspsdk.exception.MspProxyException: No target found for all actions}
06-13 20:51:02.338 31332 31395 E MSP-LOG-SDK-: 	at com.heytap.mspsdk.proxy.h.c(RealIPCInterceptor.java:13)
06-13 20:51:02.338 31332 31395 E MSP-LOG-SDK-: 	at com.heytap.mspsdk.proxy.h.a(RealIPCInterceptor.java:2)
06-13 20:51:02.338 31332 31395 E MSP-LOG-SDK-: 	at com.heytap.mspsdk.proxy.h.b(RealIPCInterceptor.java:1)
06-13 20:51:02.338 31332 31395 E MSP-LOG-SDK-: 	at com.heytap.mspsdk.interceptor.c.b(StandardListChain.java:5)
06-13 20:51:02.338 31332 31395 E MSP-LOG-SDK-: 	at com.heytap.mspsdk.proxy.b.b(CompatCheckInterceptor.java:8)
06-13 20:51:02.338 31332 31395 E MSP-LOG-SDK-: 	at com.heytap.mspsdk.interceptor.c.b(StandardListChain.java:5)
06-13 20:51:02.338 31332 31395 E MSP-LOG-SDK-: 	at com.heytap.mspsdk.proxy.d.invoke(InnerInvocationHandler.java:23)
06-13 20:51:02.338 31332 31395 E MSP-LOG-SDK-: 	at com.heytap.mspsdk.proxy.h.c(RealIPCInterceptor.java:6)
06-13 20:51:02.342 31332 31395 E MSP-LOG-SDK-: MspSdkException{code=-1,message=com.heytap.mspsdk.exception.MspProxyException: No target found for all actions}
06-13 20:51:02.342 31332 31395 E MSP-LOG-SDK-: 	at com.heytap.mspsdk.proxy.h.c(RealIPCInterceptor.java:13)
06-13 20:51:02.342 31332 31395 E MSP-LOG-SDK-: 	at com.heytap.mspsdk.proxy.h.a(RealIPCInterceptor.java:2)
06-13 20:51:02.342 31332 31395 E MSP-LOG-SDK-: 	at com.heytap.mspsdk.proxy.h.b(RealIPCInterceptor.java:1)
06-13 20:51:02.342 31332 31395 E MSP-LOG-SDK-: 	at com.heytap.mspsdk.interceptor.c.b(StandardListChain.java:5)
06-13 20:51:02.342 31332 31395 E MSP-LOG-SDK-: 	at com.heytap.mspsdk.proxy.b.b(CompatCheckInterceptor.java:8)
06-13 20:51:02.342 31332 31395 E MSP-LOG-SDK-: 	at com.heytap.mspsdk.interceptor.c.b(StandardListChain.java:5)
06-13 20:51:02.342 31332 31395 E MSP-LOG-SDK-: 	at com.heytap.mspsdk.proxy.d.invoke(InnerInvocationHandler.java:23)
06-13 20:51:02.342 31332 31395 E MSP-LOG-SDK-: 	at com.heytap.mspsdk.proxy.h.c(RealIPCInterceptor.java:6)
06-13 20:51:02.343 31332 31395 E MSP-LOG-SDK-: MspSdkException{code=-1,message=com.heytap.mspsdk.exception.MspProxyException: No target found for all actions}
06-13 20:51:02.343 31332 31395 E MSP-LOG-SDK-: 	at com.heytap.mspsdk.proxy.h.c(RealIPCInterceptor.java:13)
06-13 20:51:02.343 31332 31395 E MSP-LOG-SDK-: 	at com.heytap.mspsdk.proxy.h.a(RealIPCInterceptor.java:2)
06-13 20:51:02.343 31332 31395 E MSP-LOG-SDK-: 	at com.heytap.mspsdk.proxy.h.b(RealIPCInterceptor.java:1)
06-13 20:51:02.343 31332 31395 E MSP-LOG-SDK-: 	at com.heytap.mspsdk.interceptor.c.b(StandardListChain.java:5)
06-13 20:51:02.343 31332 31395 E MSP-LOG-SDK-: 	at com.heytap.mspsdk.proxy.b.b(CompatCheckInterceptor.java:8)
06-13 20:51:02.343 31332 31395 E MSP-LOG-SDK-: 	at com.heytap.mspsdk.interceptor.c.b(StandardListChain.java:5)
06-13 20:51:02.343 31332 31395 E MSP-LOG-SDK-: 	at com.heytap.mspsdk.proxy.d.invoke(InnerInvocationHandler.java:23)
06-13 20:51:02.343 31332 31395 E MSP-LOG-SDK-: 	at com.heytap.mspsdk.proxy.h.c(RealIPCInterceptor.java:6)
06-13 20:51:02.466 27331  7911 V Capacitor/Plugin: To native (Capacitor plugin): callbackId: 72589507, pluginId: NativeExoPlayback, methodName: getStatus
06-13 20:51:02.466 27331  7911 V Capacitor: callback: 72589507, pluginId: NativeExoPlayback, methodName: getStatus, methodData: {}
06-13 20:51:02.475 27331 27331 I Capacitor/Console: File:  - Line 333 - Msg: {"available":true,"wired":true,"message":"ExoPlayer gapless queue — content:// locker bridge + HTTP streams.","state":"stopped","positionSecs":1.001,"durationSecs":1,"queueIndex":0,"queueLength":1,"gaplessEnabled":true,"currentUrl":"content://rd.sheepskin.sandboxmusic.locker/locker/__playback_self_test__"}
06-13 20:51:02.501  2138  2762 E HwcComposer: getLuts failed Status(-129, EX_TRANSACTION_FAILED): 'UNKNOWN_TRANSACTION: '
06-13 20:51:02.719 27331  7911 V Capacitor/Plugin: To native (Capacitor plugin): callbackId: 72589508, pluginId: NativeExoPlayback, methodName: getStatus
06-13 20:51:02.719 27331  7911 V Capacitor: callback: 72589508, pluginId: NativeExoPlayback, methodName: getStatus, methodData: {}
06-13 20:51:02.729 27331 27331 I Capacitor/Console: File:  - Line 333 - Msg: {"available":true,"wired":true,"message":"ExoPlayer gapless queue — content:// locker bridge + HTTP streams.","state":"stopped","positionSecs":1.001,"durationSecs":1,"queueIndex":0,"queueLength":1,"gaplessEnabled":true,"currentUrl":"content://rd.sheepskin.sandboxmusic.locker/locker/__playback_self_test__"}
06-13 20:51:02.799  3250  4158 E msys    : E[N mns:DGWClient]_LogError(280)=>Failed to resolve using system DNS resolver, getaddrinfo(): No address associated with hostname
06-13 20:51:02.967 27331  7911 V Capacitor/Plugin: To native (Capacitor plugin): callbackId: 72589509, pluginId: NativeExoPlayback, methodName: getStatus
06-13 20:51:02.968 27331  7911 V Capacitor: callback: 72589509, pluginId: NativeExoPlayback, methodName: getStatus, methodData: {}
06-13 20:51:02.974 27331 27331 I Capacitor/Console: File:  - Line 333 - Msg: {"available":true,"wired":true,"message":"ExoPlayer gapless queue — content:// locker bridge + HTTP streams.","state":"stopped","positionSecs":1.001,"durationSecs":1,"queueIndex":0,"queueLength":1,"gaplessEnabled":true,"currentUrl":"content://rd.sheepskin.sandboxmusic.locker/locker/__playback_self_test__"}
06-13 20:51:03.216 27331  7911 V Capacitor/Plugin: To native (Capacitor plugin): callbackId: 72589510, pluginId: NativeExoPlayback, methodName: getStatus
06-13 20:51:03.217 27331  7911 V Capacitor: callback: 72589510, pluginId: NativeExoPlayback, methodName: getStatus, methodData: {}
06-13 20:51:03.224 27331 27331 I Capacitor/Console: File:  - Line 333 - Msg: {"available":true,"wired":true,"message":"ExoPlayer gapless queue — content:// locker bridge + HTTP streams.","state":"stopped","positionSecs":1.001,"durationSecs":1,"queueIndex":0,"queueLength":1,"gaplessEnabled":true,"currentUrl":"content://rd.sheepskin.sandboxmusic.locker/locker/__playback_self_test__"}
06-13 20:51:03.467 27331  7911 V Capacitor/Plugin: To native (Capacitor plugin): callbackId: 72589511, pluginId: NativeExoPlayback, methodName: getStatus
06-13 20:51:03.468 27331  7911 V Capacitor: callback: 72589511, pluginId: NativeExoPlayback, methodName: getStatus, methodData: {}
06-13 20:51:03.477 27331 27331 I Capacitor/Console: File:  - Line 333 - Msg: {"available":true,"wired":true,"message":"ExoPlayer gapless queue — content:// locker bridge + HTTP streams.","state":"stopped","positionSecs":1.001,"durationSecs":1,"queueIndex":0,"queueLength":1,"gaplessEnabled":true,"currentUrl":"content://rd.sheepskin.sandboxmusic.locker/locker/__playback_self_test__"}
06-13 20:51:03.718 27331  7911 V Capacitor/Plugin: To native (Capacitor plugin): callbackId: 72589512, pluginId: NativeExoPlayback, methodName: getStatus
06-13 20:51:03.718 27331  7911 V Capacitor: callback: 72589512, pluginId: NativeExoPlayback, methodName: getStatus, methodData: {}
06-13 20:51:03.729 27331 27331 I Capacitor/Console: File:  - Line 333 - Msg: {"available":true,"wired":true,"message":"ExoPlayer gapless queue — content:// locker bridge + HTTP streams.","state":"stopped","positionSecs":1.001,"durationSecs":1,"queueIndex":0,"queueLength":1,"gaplessEnabled":true,"currentUrl":"content://rd.sheepskin.sandboxmusic.locker/locker/__playback_self_test__"}
06-13 20:51:03.966 27331  7911 V Capacitor/Plugin: To native (Capacitor plugin): callbackId: 72589513, pluginId: NativeExoPlayback, methodName: getStatus
06-13 20:51:03.967 27331  7911 V Capacitor: callback: 72589513, pluginId: NativeExoPlayback, methodName: getStatus, methodData: {}
06-13 20:51:03.976 27331 27331 I Capacitor/Console: File:  - Line 333 - Msg: {"available":true,"wired":true,"message":"ExoPlayer gapless queue — content:// locker bridge + HTTP streams.","state":"stopped","positionSecs":1.001,"durationSecs":1,"queueIndex":0,"queueLength":1,"gaplessEnabled":true,"currentUrl":"content://rd.sheepskin.sandboxmusic.locker/locker/__playback_self_test__"}
06-13 20:51:04.216 27331  7911 V Capacitor/Plugin: To native (Capacitor plugin): callbackId: 72589514, pluginId: NativeExoPlayback, methodName: getStatus
06-13 20:51:04.217 27331  7911 V Capacitor: callback: 72589514, pluginId: NativeExoPlayback, methodName: getStatus, methodData: {}
06-13 20:51:04.228 27331 27331 I Capacitor/Console: File:  - Line 333 - Msg: {"available":true,"wired":true,"message":"ExoPlayer gapless queue — content:// locker bridge + HTTP streams.","state":"stopped","positionSecs":1.001,"durationSecs":1,"queueIndex":0,"queueLength":1,"gaplessEnabled":true,"currentUrl":"content://rd.sheepskin.sandboxmusic.locker/locker/__playback_self_test__"}
06-13 20:51:04.384 24166 24189 W OPLUS_LOG_LOAD: ==LOGS PROG INFO, prog(com.oplus.camera) ==
06-13 20:51:04.450  2138  2762 E HwcComposer: getLuts failed Status(-129, EX_TRANSACTION_FAILED): 'UNKNOWN_TRANSACTION: '
06-13 20:51:04.467 27331  7911 V Capacitor/Plugin: To native (Capacitor plugin): callbackId: 72589515, pluginId: NativeExoPlayback, methodName: getStatus
06-13 20:51:04.467 27331  7911 V Capacitor: callback: 72589515, pluginId: NativeExoPlayback, methodName: getStatus, methodData: {}
06-13 20:51:04.474 27331 27331 I Capacitor/Console: File:  - Line 333 - Msg: {"available":true,"wired":true,"message":"ExoPlayer gapless queue — content:// locker bridge + HTTP streams.","state":"stopped","positionSecs":1.001,"durationSecs":1,"queueIndex":0,"queueLength":1,"gaplessEnabled":true,"currentUrl":"content://rd.sheepskin.sandboxmusic.locker/locker/__playback_self_test__"}
06-13 20:51:04.718 27331  7911 V Capacitor/Plugin: To native (Capacitor plugin): callbackId: 72589516, pluginId: NativeExoPlayback, methodName: getStatus
06-13 20:51:04.718 27331  7911 V Capacitor: callback: 72589516, pluginId: NativeExoPlayback, methodName: getStatus, methodData: {}
06-13 20:51:04.724 27331 27331 I Capacitor/Console: File:  - Line 333 - Msg: {"available":true,"wired":true,"message":"ExoPlayer gapless queue — content:// locker bridge + HTTP streams.","state":"stopped","positionSecs":1.001,"durationSecs":1,"queueIndex":0,"queueLength":1,"gaplessEnabled":true,"currentUrl":"content://rd.sheepskin.sandboxmusic.locker/locker/__playback_self_test__"}
06-13 20:51:04.966 27331  7911 V Capacitor/Plugin: To native (Capacitor plugin): callbackId: 72589517, pluginId: NativeExoPlayback, methodName: getStatus
06-13 20:51:04.967 27331  7911 V Capacitor: callback: 72589517, pluginId: NativeExoPlayback, methodName: getStatus, methodData: {}
06-13 20:51:04.976 27331 27331 I Capacitor/Console: File:  - Line 333 - Msg: {"available":true,"wired":true,"message":"ExoPlayer gapless queue — content:// locker bridge + HTTP streams.","state":"stopped","positionSecs":1.001,"durationSecs":1,"queueIndex":0,"queueLength":1,"gaplessEnabled":true,"currentUrl":"content://rd.sheepskin.sandboxmusic.locker/locker/__playback_self_test__"}
06-13 20:51:05.217 27331  7911 V Capacitor/Plugin: To native (Capacitor plugin): callbackId: 72589518, pluginId: NativeExoPlayback, methodName: getStatus
06-13 20:51:05.217 27331  7911 V Capacitor: callback: 72589518, pluginId: NativeExoPlayback, methodName: getStatus, methodData: {}
06-13 20:51:05.226 27331 27331 I Capacitor/Console: File:  - Line 333 - Msg: {"available":true,"wired":true,"message":"ExoPlayer gapless queue — content:// locker bridge + HTTP streams.","state":"stopped","positionSecs":1.001,"durationSecs":1,"queueIndex":0,"queueLength":1,"gaplessEnabled":true,"currentUrl":"content://rd.sheepskin.sandboxmusic.locker/locker/__playback_self_test__"}
06-13 20:51:05.468 27331  7911 V Capacitor/Plugin: To native (Capacitor plugin): callbackId: 72589519, pluginId: NativeExoPlayback, methodName: getStatus
06-13 20:51:05.468 27331  7911 V Capacitor: callback: 72589519, pluginId: NativeExoPlayback, methodName: getStatus, methodData: {}
06-13 20:51:05.479 27331 27331 I Capacitor/Console: File:  - Line 333 - Msg: {"available":true,"wired":true,"message":"ExoPlayer gapless queue — content:// locker bridge + HTTP streams.","state":"stopped","positionSecs":1.001,"durationSecs":1,"queueIndex":0,"queueLength":1,"gaplessEnabled":true,"currentUrl":"content://rd.sheepskin.sandboxmusic.locker/locker/__playback_self_test__"}
06-13 20:51:05.718 27331  7911 V Capacitor/Plugin: To native (Capacitor plugin): callbackId: 72589520, pluginId: NativeExoPlayback, methodName: getStatus
06-13 20:51:05.718 27331  7911 V Capacitor: callback: 72589520, pluginId: NativeExoPlayback, methodName: getStatus, methodData: {}
06-13 20:51:05.726 27331 27331 I Capacitor/Console: File:  - Line 333 - Msg: {"available":true,"wired":true,"message":"ExoPlayer gapless queue — content:// locker bridge + HTTP streams.","state":"stopped","positionSecs":1.001,"durationSecs":1,"queueIndex":0,"queueLength":1,"gaplessEnabled":true,"currentUrl":"content://rd.sheepskin.sandboxmusic.locker/locker/__playback_self_test__"}
06-13 20:51:05.967 27331  7911 V Capacitor/Plugin: To native (Capacitor plugin): callbackId: 72589521, pluginId: NativeExoPlayback, methodName: getStatus
06-13 20:51:05.967 27331  7911 V Capacitor: callback: 72589521, pluginId: NativeExoPlayback, methodName: getStatus, methodData: {}
06-13 20:51:05.978 27331 27331 I Capacitor/Console: File:  - Line 333 - Msg: {"available":true,"wired":true,"message":"ExoPlayer gapless queue — content:// locker bridge + HTTP streams.","state":"stopped","positionSecs":1.001,"durationSecs":1,"queueIndex":0,"queueLength":1,"gaplessEnabled":true,"currentUrl":"content://rd.sheepskin.sandboxmusic.locker/locker/__playback_self_test__"}
06-13 20:51:06.216 27331  7911 V Capacitor/Plugin: To native (Capacitor plugin): callbackId: 72589522, pluginId: NativeExoPlayback, methodName: getStatus
06-13 20:51:06.217 27331  7911 V Capacitor: callback: 72589522, pluginId: NativeExoPlayback, methodName: getStatus, methodData: {}
06-13 20:51:06.225 27331 27331 I Capacitor/Console: File:  - Line 333 - Msg: {"available":true,"wired":true,"message":"ExoPlayer gapless queue — content:// locker bridge + HTTP streams.","state":"stopped","positionSecs":1.001,"durationSecs":1,"queueIndex":0,"queueLength":1,"gaplessEnabled":true,"currentUrl":"content://rd.sheepskin.sandboxmusic.locker/locker/__playback_self_test__"}
06-13 20:51:06.467 27331  7911 V Capacitor/Plugin: To native (Capacitor plugin): callbackId: 72589523, pluginId: NativeExoPlayback, methodName: getStatus
06-13 20:51:06.468 27331  7911 V Capacitor: callback: 72589523, pluginId: NativeExoPlayback, methodName: getStatus, methodData: {}
