07-18 16:22:21.614 14049 14049 D MediaRouter: onRestoreRoute() : route=RouteInfo{ description=null, status=null, category=RouteCategory{ name=System types=ROUTE_TYPE_LIVE_AUDIO ROUTE_TYPE_LIVE_VIDEO  groupable=false }, supportedTypes=ROUTE_TYPE_LIVE_AUDIO ROUTE_TYPE_LIVE_VIDEO , presentationDisplay=null }
07-18 16:22:21.614 14049 14049 V MediaRouter: Selecting route: RouteInfo{ description=null, status=null, category=RouteCategory{ name=System types=ROUTE_TYPE_LIVE_AUDIO ROUTE_TYPE_LIVE_VIDEO  groupable=false }, supportedTypes=ROUTE_TYPE_LIVE_AUDIO ROUTE_TYPE_LIVE_VIDEO , presentationDisplay=null }
07-18 16:22:21.615  2129 25124 D AudioFlinger_PlaybackThread_TrackExtImpl: HoloAudio, create track pkg name:rd.sheepskin.sandboxmusic
07-18 16:22:21.615  2659 20648 D HoloAudio::SpecailizerPLService_Aidl: getMetaInfoByPkgName, 
07-18 16:22:21.615  2129 25124 D AudioFlingerExtImpl: HoloAudio: audioFlingerExt getMetaInfo valueis:
07-18 16:22:21.615  2129 25124 D AudioFlinger_PlaybackThread_TrackExtImpl: HoloAudio, there is no policy for this pkg:rd.sheepskin.sandboxmusic
07-18 16:22:21.615  2129 25124 I AF::Track: Track, track(0xb40000788a515400): mFastIndex 2, mStreamType 3, mId 935, mPortId 1246, mFrameCount 1536, mSampleRate 48000, mFormat 5, mChannelCount 2, thread 0xb40000785da526d0, sessionId 6017, AudioOut_D, primary-6
07-18 16:22:21.615   537  2803 D audioadsprpcd: vendor/qcom/proprietary/adsprpc/src/apps_std_imp.c:381: apps_std_fopen_fd done for /odm/lib/rfsa/adsp/adsp/./libtfadsp_sb4_0_tx.so with       fopen:41us, read:0us, rpc_alloc:0us,       mmap:0us fd 0x0 error_code 0x2
07-18 16:22:21.615  2129 25124 D AudioBoost: audioSchedBoost, pid=2129, tid=25124, enable=0, ret=0
07-18 16:22:21.616  2129 25124 D AudioBoost: audioSchedBoost, pid=2129, tid=25124, enable=0, ret=0
07-18 16:22:21.608  2129  2129 W AudioRtBoostThr: type=1400 audit(0.0:20935): avc:  denied  { getsched } for  scontext=u:r:audioserver:s0 tcontext=u:r:untrusted_app:s0:c192,c257,c512,c768 tclass=process permissive=0
07-18 16:22:21.616 14049 15850 D AudioTrack: createTrack state 0 output.outputId=13
07-18 16:22:21.616  2129 25124 D AudioFlingerExtImpl: oplusGetParametersBypassLock:only system or list app is allowed to get oplus parameters:is_direct_pcm_track, uid:10448
07-18 16:22:21.616   537  2803 D audioadsprpcd: vendor/qcom/proprietary/adsprpc/src/apps_std_imp.c:381: apps_std_fopen_fd done for /odm/lib/rfsa/adsp/./libtfadsp_sb4_0_tx.so with       fopen:13us, read:9us, rpc_alloc:69us,       mmap:1017us fd 0xc error_code 0x0
07-18 16:22:21.616   537  2803 I audioadsprpcd: vendor/qcom/proprietary/adsprpc/src/apps_std_imp.c:1159: Successfully opened file /odm/lib/rfsa/adsp/./libtfadsp_sb4_0_tx.so
07-18 16:22:21.616  2129 25124 D AudioFlingerExtImpl: oplusGetParameters:only system or list app is allowed to get oplus parameters:is_direct_pcm_track, uid:10448
07-18 16:22:21.616  1875  3793 D AHAL: AudioStream: astream_out_get_parameters: 1169: enter
07-18 16:22:21.617  1875  3793 D AHAL: AudioStream: astream_out_get_parameters: 1191: keys: is_direct_pcm_track
07-18 16:22:21.617  1875  3793 D AHAL: AudioStream: astream_out_get_parameters: 1237: exit: returns - is_direct_pcm_track=false
07-18 16:22:21.617  2659 20648 D HoloAudio::SpecailizerPLService_Aidl: getActiveMetaList +++
07-18 16:22:21.617  2659 20648 D HoloAudio::SpecailizerPLService_Aidl: callClient:clientID:1 exist:1, event:12, isOneWay:0
07-18 16:22:21.617 14049 15850 I AudioTrack: createTrack_l(0): AUDIO_OUTPUT_FLAG_FAST successful; frameCount 0 -> 1536
07-18 16:22:21.617 14049 15850 I AudioTrack: createTrack_l(1246) on outputId(13) : 0xb4000072b59c1400, mCblk = 0x73950da000,  mLatency = 93, mAfLatency = 61, frameCount = 1536, mSampleRate = 48000, mFlags = 0x4, mReqFrameCount = 1536, mNotificationFramesAct = 192
07-18 16:22:21.617  2659 20648 D HoloAudio::SpecailizerPLService_Aidl: getActiveMetaList ---
07-18 16:22:21.617 14049 15850 D AudioTrackExtImpl: doSchedBoost, set audioapp task boost, pid=14049, tid=15850, enable=0, ret=0
07-18 16:22:21.618  5759 11872 I AEC.f   : intelligenceGetProfile: 0
07-18 16:22:21.618  5759 11872 I AEC.DolbyService: setEffectEnable enable: true
07-18 16:22:21.618  5759 11872 I AEC.a   : setDsOn(true)
07-18 16:22:21.618  5759 11872 I AudioEffect: setParameter(): 0xb4000072a7467200, param: 5, param2: -1
07-18 16:22:21.618  2129 25120 D EffectHalHidl: audioSchedBoost, set audiohal task boost, pid=2129, tid=25120, ret=0
07-18 16:22:21.618  3519  8749 V AS.AudioService: uid 10208, callingApp = android.uid.systemui:10208
07-18 16:22:21.618  2129 25120 D EffectHalHidl: audioSchedBoost, set audiohal task boost, pid=2129, tid=25120, ret=0
07-18 16:22:21.618  5485  5834 I AMC     : [TriggerForeground] update audio app to:rd.sheepskin.sandboxmusic, but not found in any appSet
07-18 16:22:21.618  5759 11872 I AudioEffect: enable 0xb4000072a7467200
07-18 16:22:21.618  5759 11872 I AEC.DolbyService: setEffectProfile category: 1, profile: 2
07-18 16:22:21.619  2129  2802 D AudioBoost: startBoostForWake mId 934, p 14049, t 16046, wp 14049, wt 16046.
07-18 16:22:21.619  2129  2802 D AudioBoost: audioSchedBoost, pid=14049, tid=16046, enable=1, ret=0
07-18 16:22:21.619  5759 11872 D AudioEffect-JAVA: getParameter is not Oplus command!
07-18 16:22:21.619 14049 15850 E AudioTrackExtImpl: get fade type, but return null, pid 14049, uid 10448
07-18 16:22:21.619  5759 11872 I AudioEffect: getParameter: param: 167772165, param2: -1
07-18 16:22:21.619 14049 15850 D AudioTrack: set: pop_optimize mIsPopOptimizeSupport:0, mIsPopOptimizeFlush:0
07-18 16:22:21.619 14049 15850 D AudioTrack: setVolume(1246) left 1.000 right 1.000 , callingPid 14049
07-18 16:22:21.619  2129 25120 D EffectHalHidl: audioSchedBoost, set audiohal task boost, pid=2129, tid=25120, ret=0
07-18 16:22:21.619  2008  2008 E PerformanceService: [WAKER_IDENTIFY] pid message 16046;0;1 is writen to proc
07-18 16:22:21.620  2129  2802 D AudioBoost: audioWakeTracing setWakeSeedThread end, pid 14049, tid 16046, inUid 0, id 934, isWakee 1, -> handle = 1133.
07-18 16:22:21.620  3519  8749 V AS.AudioService: uid 10208, callingApp = android.uid.systemui:10208
07-18 16:22:21.620  1992  2053 V DolbyManagerService: doOnDapParamUpdate() entry
07-18 16:22:21.620  1875 25134 I gsl     : gsl_send_spf_cmd:282 rcvd pkt token : 0x35c8000
07-18 16:22:21.620  1875  3793 D DlbDapEffectContext: DapEffectContext[0xb400007b42854b58] getDapParameter() outval size = 12, ret = 0
07-18 16:22:21.620  1875 25134 I gsl     : gsl_send_spf_cmd:236 sending pkt opcode 0x1001006 token 0x035c9000
07-18 16:22:21.620  1992  2053 V DolbyManagerService: doOnDapParamUpdate() exit
07-18 16:22:21.620  1875  1919 D DmsHalA : DmsHalAidlCallBacks 0xb400007b42820660 onEvent() id = 43445544
07-18 16:22:21.620  1875  1919 D DlbEffectContext: onDapParamUpdate() mEffectContext = 0xb400007b42854b58, try to call its updateEffectParams()
07-18 16:22:21.620  1875  1919 D DlbDapEffectContext: DapEffectContext 0xb400007b42854b58 grab the lock and call updateDapParams()
07-18 16:22:21.620  2129 25120 D EffectHalHidl: audioSchedBoost, set audiohal task boost, pid=2129, tid=25120, ret=0
07-18 16:22:21.621  1767  1790 I statsd  : An anomaly (2003000009) (100241)0x10000->1[I]  has occurred! Informing subscribers.
07-18 16:22:21.621 14049 15850 D AudioStreamTrack: open() flags changed from 0x00000104 to 0x00000004
07-18 16:22:21.621 14049 15850 D AAudioStream: setState(s#4) from 0 to 2
07-18 16:22:21.621  3519  6173 V AS.AudioService: uid 10208, callingApp = android.uid.systemui:10208
07-18 16:22:21.621  1875 25134 I gsl     : gsl_send_spf_cmd:282 rcvd pkt token : 0x35c9000
07-18 16:22:21.621  1875 25134 E ACDB    : AcdbCmdGetProcSubgraphCalDataPersist:8250 Error[19]: No calibration found
07-18 16:22:21.621  1875 25134 D AGM: graph: graph_open: 790 graph_handle 0x147534c
07-18 16:22:21.621  1875 25134 D AGM: graph: graph_open: 830 exit, ret 0
07-18 16:22:21.621  1875 25134 D agm_client_wrapper: agm_session_open Received handle = 0x7b1b9f75e0 , *handle = b400007b44378100
07-18 16:22:21.621  1875 25134 D PLUGIN: pcm: agm_pcm_hw_params: 505 agm_pcm_hw_params: mode: 268435456
07-18 16:22:21.621  1875 25134 D AGM: graph: graph_prepare: 906 entry graph_handle 0x147534c
07-18 16:22:21.621  1875 25134 D AGM: graph_module: configure_hw_ep_media_config: 705 entry mod tag c0000005 miid 4617 mid 700100b
07-18 16:22:21.621  1875 25134 D AGM: graph_module: configure_hw_ep_media_config: 735 rate 48000 bw 32 ch 2, data_fmt 1
07-18 16:22:21.621  1875 25134 I gsl     : gsl_send_spf_cmd:236 sending pkt opcode 0x1001006 token 0x035ca000
07-18 16:22:21.622  5759 11872 I AEC.a   : getProfile() return: 2
07-18 16:22:21.622  5759 11872 D AudioEffect-JAVA: getParameter is not Oplus command!
07-18 16:22:21.622  5759 11872 I AudioEffect: getParameter: param: 167772165, param2: -1
07-18 16:22:21.622 14049 15850 I AAudio  : AAudioStreamBuilder_openStream() returns 0 = AAUDIO_OK for s#4 ----------------
07-18 16:22:21.622  1875 25134 I gsl     : gsl_send_spf_cmd:282 rcvd pkt token : 0x35ca000
07-18 16:22:21.622  1875 25134 D AGM: graph_module: configure_hw_ep_media_config: 745 exit, ret 0
07-18 16:22:21.622  1875 25134 I gsl     : gsl_send_spf_cmd:236 sending pkt opcode 0x1001006 token 0x035cb000
07-18 16:22:21.622  2129 25124 D EffectHalHidl: audioSchedBoost, set audiohal task boost, pid=2129, tid=25124, ret=0
07-18 16:22:21.623  1875  3793 D DlbDapEffectContext: DapEffectContext[0xb400007b42854b58] getDapParameter() outval size = 12, ret = 0
07-18 16:22:21.623  2129 25124 D EffectHalHidl: audioSchedBoost, set audiohal task boost, pid=2129, tid=25124, ret=0
07-18 16:22:21.623  1875 25134 I gsl     : gsl_send_spf_cmd:282 rcvd pkt token : 0x35cb000
07-18 16:22:21.623  4980  4980 I COUIVerticalSeekBar: COUIVerticalSeekBar ensureSize : mIsProgressFull:true,mBackgroundRadius:92.0,mBackgroundWidth:184.0,mBackgroundEnlargeScale0.16,mProgressRadius:92.0,mProgressWidth:184.0,mProgressEnlargeScale0.16,mPaddingVertical92.0
07-18 16:22:21.623  4980  4980 I COUIVerticalSeekBar: updateBehavior * normalSeekBarHeight = -184.0,mPaddingVertical = 92.0,mIsPhysicsEnable = true,mPhysicalAnimator = null,mFlingBehavior = null,Thread_name = main,hashCode = 85037206,time = 1784366541623
07-18 16:22:21.623  1875 25134 D AGM: graph_module: configure_i2s_ep: 426 exit, ret 0
07-18 16:22:21.623  1875 25134 I gsl     : gsl_send_spf_cmd:236 sending pkt opcode 0x1001001 token 0x035cc000
07-18 16:22:21.623  1767 16052 W libincident: Failed to fetch OCenter service.
07-18 16:22:21.623  5656  5656 D SysBroadcastReceiver: android.media.ACTION_AUDIO_PLAYBACK_STATE_CHANGED
07-18 16:22:21.623  5656  5656 D SysBroadcastReceiver: EventId=1010003	ID_AUDIO_PLAYBACK_STATE_CHANGED	TimeStamp =1784366541623	Intent =Intent { act=android.media.ACTION_AUDIO_PLAYBACK_STATE_CHANGED flg=0x4000010 xflg=0x4 (has extras) }	Content =null	Pid =0	PkgName =null
07-18 16:22:21.623  5759 11872 I AEC.a   : getProfile() return: 2
07-18 16:22:21.623  5759 11872 I AEC.a   : setGeqBandGains([0, 0, 0, 0, 0, 0, 0, 0, 0, 0, 0, 0, 0, 0, 0, 0, 0, 0, 0, 0])
07-18 16:22:21.623  5759 11872 I AEC.a   : setDapParameter(110, [0, 0, 0, 0, 0, 0, 0, 0, 0, 0, 0, 0, 0, 0, 0, 0, 0, 0, 0, 0])
07-18 16:22:21.623  5759 11872 D AudioEffect-JAVA: getParameter is not Oplus command!
07-18 16:22:21.623  5759 11872 I AudioEffect: getParameter: param: 167772165, param2: -1
07-18 16:22:21.623  2129 25124 D EffectHalHidl: audioSchedBoost, set audiohal task boost, pid=2129, tid=25124, ret=0
07-18 16:22:21.624  1875  3793 D DlbDapEffectContext: DapEffectContext[0xb400007b42854b58] getDapParameter() outval size = 12, ret = 0
07-18 16:22:21.624  2129 25124 D EffectHalHidl: audioSchedBoost, set audiohal task boost, pid=2129, tid=25124, ret=0
07-18 16:22:21.624 14049 15850 D AAudio  : AAudioStream_requestStart(s#4) called --------------
07-18 16:22:21.624 14049 15850 D AAudioStream: setState(s#4) from 2 to 3
07-18 16:22:21.624 14049 15850 D AudioTrack: start(1246): prior state:STATE_STOPPED output 13 stream 3 session 6017
07-18 16:22:21.624  2129 25124 D AF::Track: start(935): calling pid 14049 portId 1246 session 6017 thresholdFrames 384 mFrameCount 1536
07-18 16:22:21.624  2129 25124 D AudioBoost: audioSchedBoost, pid=2129, tid=25124, enable=1, ret=0
07-18 16:22:21.624  1875  1919 D DlbEffectContext: EffectContext[0xb400007b42854b58]: getStoredParams() outToken size = 1, out_paramStore size = 7
07-18 16:22:21.624  2129 25124 D AudioBoost: AudioUclampBoost: set invalid schedMinValue: 1025, ignored
07-18 16:22:21.624  2129 25124 D AudioBoost: AudioUclampBoost: sched_setattr success. attr(flags 120, min 1024, max 1024, tid 25124, enable 1)
07-18 16:22:21.624  4980  4980 I SystemUi--Volume: VolumeListAdapter-->addItem: 14049 index: 2Sandbox Musictrue
07-18 16:22:21.624  4980  4980 I SystemUi--Volume: MultiMediaRepository-->addMultiMediaRow addView end stream: 14049,row.mediaPackageName: rd.sheepskin.sandboxmusic multiMediaIndex:2
07-18 16:22:21.624  2129 25124 E AudioBoost: start  AudioUclampBoost pid:2129 tid:25124 sucess
07-18 16:22:21.624  1875 25134 I gsl     : gsl_send_spf_cmd:282 rcvd pkt token : 0x35cc000
07-18 16:22:21.624  1875 25134 D AGM: graph: graph_prepare: 984 exit, ret 0
07-18 16:22:21.624  1875 25134 D AGM: graph: graph_start: 1007 entry graph_handle 0x147534c
07-18 16:22:21.624  1875 25134 I gsl     : gsl_send_spf_cmd:236 sending pkt opcode 0x1001002 token 0x035cd000
07-18 16:22:21.625  2129  2815 D AudioPolicyEffects: addOutputSessionEffects(): session: 6017, refCount: 1
07-18 16:22:21.625  2129  2815 I AudioEffect: set 0xb40000787420ea00 timeLow 00000000
07-18 16:22:21.625  1875  1919 I DlbDapEffectContext: updateEffectParams() store iea value for device(0x2)
07-18 16:22:21.625  2129 25120 D audioserver: OplusMMListWrapper checkInListByUid end module:allow-get-parameters uid:10208 return true
07-18 16:22:21.625  2129  2815 I AudioFlinger: createEffect pid 2129, effectClient 0xb40000787422c890, priority 0, sessionId 6017, io 13, factory 0xb40000788a466aa0
07-18 16:22:21.625  2129 25120 D audioserver: OplusMMListWrapper checkInListByUid end module:allow-get-parameters uid:10208 return true
07-18 16:22:21.625  5759 11872 I AEC.a   : getProfile() return: 2
07-18 16:22:21.625  5759 11872 I AEC.a   : setDapParameter(2, 110, [0, 0, 0, 0, 0, 0, 0, 0, 0, 0, 0, 0, 0, 0, 0, 0, 0, 0, 0, 0])
07-18 16:22:21.625  5759 11872 D AudioEffect-JAVA: getParameter is not Oplus command!
07-18 16:22:21.625  5759 11872 I AudioEffect: getParameter: param: 218103813, param2: -1
07-18 16:22:21.625  2129 25120 D EffectHalHidl: audioSchedBoost, set audiohal task boost, pid=2129, tid=25120, ret=0
07-18 16:22:21.625  1875  1919 D DlbDapEffectContext: DapEffectContext[0xb400007b42854b58] getDapParameter() outval size = 12, ret = 0
07-18 16:22:21.625  2129  2815 I AudioFlinger: createEffect_l() thread 0xb40000785da0ddc0 effect Music Listener on session 6017
07-18 16:22:21.625  2129  2815 I AudioFlinger: createEffect_l() new effect chain for session 6017
07-18 16:22:21.625  2129  2815 I EffectChain: EffectChain(): new EffectChain = 0xb400007874234180
07-18 16:22:21.625  2129  2815 D AudioFlinger_EffectsExtImpl: HoloAudio AudioFlinger_EffectsExtImpl :0xb400007874234f40: mFrameCount = 960, mSampleRate = 48000, mChannelCount = 2, mSessionId=6017
07-18 16:22:21.625  1875  1919 D DlbDapEndpointParamCache: commit() Applying parameters for device 0x40000000
07-18 16:22:21.625  1875  4494 D DlbDapEffectContext: DapEffectContext[0xb400007b42854b58] getDapParameter() outval size = 12, ret = 0
07-18 16:22:21.625  1875  1919 D DlbDapEndpointParamCache: doCommit() Committed 0 parameters out of 15.
07-18 16:22:21.625  1875  1919 D DlbDapEndpointParamCache: commit() Overriding parameters for current device 0x00000002
07-18 16:22:21.625  1875  1919 D DlbDapEndpointParamCache: doCommit() Committed 0 parameters out of 65.
07-18 16:22:21.625  2129 25120 D EffectHalHidl: audioSchedBoost, set audiohal task boost, pid=2129, tid=25120, ret=0
07-18 16:22:21.625  1875  1919 D DlbEffectContext: onDapParamUpdate() mEffectContext = 0xb400007b42854b58, back from updateEffectParams()
07-18 16:22:21.625  5759 11872 I AEC.a   : isMonoSpeaker() return: false
07-18 16:22:21.625  5759 11872 I AudioEffect: setParameter(): 0xb4000072a7467200, param: 5, param2: -1
07-18 16:22:21.625  2129 25120 D EffectHalHidl: audioSchedBoost, set audiohal task boost, pid=2129, tid=25120, ret=0
07-18 16:22:21.626  2129 25120 D EffectHalHidl: audioSchedBoost, set audiohal task boost, pid=2129, tid=25120, ret=0
07-18 16:22:21.626  5759 11872 D AudioEffect-JAVA: getParameter is not Oplus command!
07-18 16:22:21.626  1992  2053 V DolbyManagerService: doOnDapParamUpdate() entry
07-18 16:22:21.626  5759 11872 I AudioEffect: getParameter: param: 167772165, param2: -1
07-18 16:22:21.626  1992  2053 V DolbyManagerService: doOnDapParamUpdate() exit
07-18 16:22:21.626  2129 25120 D EffectHalHidl: audioSchedBoost, set audiohal task boost, pid=2129, tid=25120, ret=0
07-18 16:22:21.626  1875  1919 D DmsHalA : DmsHalAidlCallBacks 0xb400007b42820660 onEvent() id = 43445544
07-18 16:22:21.626  1875  1919 D DlbEffectContext: onDapParamUpdate() mEffectContext = 0xb400007b42854b58, try to call its updateEffectParams()
07-18 16:22:21.626  1875  1919 D DlbDapEffectContext: DapEffectContext 0xb400007b42854b58 grab the lock and call updateDapParams()
07-18 16:22:21.626  1875  4494 D DlbDapEffectContext: DapEffectContext[0xb400007b42854b58] getDapParameter() outval size = 12, ret = 0
07-18 16:22:21.626  2129 25120 D EffectHalHidl: audioSchedBoost, set audiohal task boost, pid=2129, tid=25120, ret=0
07-18 16:22:21.626  5759 11872 I AEC.a   : getProfile() return: 2
07-18 16:22:21.626  5759 11872 D AudioEffect-JAVA: getParameter is not Oplus command!
07-18 16:22:21.626  5759 11872 I AudioEffect: getParameter: param: 23593477, param2: -1
07-18 16:22:21.626  2129 25120 D EffectHalHidl: audioSchedBoost, set audiohal task boost, pid=2129, tid=25120, ret=0
07-18 16:22:21.626  1875 25134 I gsl     : gsl_send_spf_cmd:282 rcvd pkt token : 0x35cd000
07-18 16:22:21.626  1875 25134 D AGM: graph: graph_start: 1020 exit, ret 0
07-18 16:22:21.627  1875 25134 I PAL: OplusSpeakerProtection: spkrProtProcessingMode: 2473: pcm start success for TX
07-18 16:22:21.627  1875 25134 D PAL: Device: start_l: 629: Enter. deviceCount 1 deviceStartStopCount 0 for device id 3 (PAL_DEVICE_OUT_SPEAKER)
07-18 16:22:21.627  1875 25134 I PAL: SessionAlsaUtils: setDeviceMediaConfig: 1089: MI2S-LPAIF-RX-SECONDARY rate ch fmt data_fmt 48000 2 6 1
07-18 16:22:21.627  1875 25134 D PAL: Device: start_l: 676: Exit, status 0
07-18 16:22:21.627  1875 25134 D PAL: SessionAlsaPcm: prepare: 117: Enter
07-18 16:22:21.627  1875 25134 D PAL: SessionAlsaPcm: prepare: 157: Exit, status 0
07-18 16:22:21.627  1875 25134 D PAL: SessionAlsaPcm: start: 988: Enter
07-18 16:22:21.627  1875 25134 I PAL_ResourceManager: voteSleepMonitor: 2400: Voting done for nlpi use case, lpi votes 0, nlpi votes : 1
07-18 16:22:21.627  1875 25134 D PAL: Stream: getBufInfo: 907: In Buffer size 960, In Buffer count 4
07-18 16:22:21.627  1875 25134 D PAL: Stream: getBufInfo: 911: Out Buffer size 1152 and Out Buffer count 2
07-18 16:22:21.627  1875  3589 D PAL: OplusSpeakerProtection: spMonitorThread: 1808: speaker device is enabled
07-18 16:22:21.627  1875  3793 I EffectsFactory: EffectCreate() create_effect
07-18 16:22:21.627  1875  3793 V DlbVolumeListener: Create Dolby Listener Effect.
07-18 16:22:21.627  1875  3793 V DlbVolumeListener: create CREATED_CONTEXT 0xb400007b428154e0 sessionId 6017 ioId 13
07-18 16:22:21.627  1875  3793 I DlbVolumeListener: create() Created effect Music Listener
07-18 16:22:21.627  1875  3793 V DlbVolumeListener: effectGetDescriptor
07-18 16:22:21.627  1875  3793 I DlbVolumeListener: effectGetDescriptor() Returning descriptor for Music Listener
07-18 16:22:21.627  1875 25134 D agm_client_wrapper: agm_session_open called with handle = 1b9f7790 , *handle = 0
07-18 16:22:21.627  1875 25134 I AGM: oplus_agm_fb: recordOpenedSessions: 69 i = 2, record open session_id = 126
07-18 16:22:21.627  1875  3793 V DlbVolumeListener: effectGetDescriptor
07-18 16:22:21.627  1875  3793 I DlbVolumeListener: effectGetDescriptor() Returning descriptor for Music Listener
07-18 16:22:21.627  2129  2815 D EffectHalHidl: audioSchedBoost, set audiohal task boost, pid=2129, tid=2815, ret=0
07-18 16:22:21.627  1875  3793 V DlbVolumeListener: effectCommand
07-18 16:22:21.627  2129  2815 D EffectHalHidl: audioSchedBoost, set audiohal task boost, pid=2129, tid=2815, ret=0
07-18 16:22:21.627  2129  2815 D EffectHalHidl: audioSchedBoost, set audiohal task boost, pid=2129, tid=2815, ret=0
07-18 16:22:21.627  1875 25134 D AGM: graph: graph_open: 595 entry
07-18 16:22:21.627  1875 25134 D AGM: metadata: metadata_print: 79 *************************Metadata*************************
07-18 16:22:21.627  1875 25134 D AGM: metadata: metadata_print: 80 GKV size:4
07-18 16:22:21.627  1875 25134 D AGM: metadata: metadata_print: 83 key:0xa1000000, value:0xa100000e 
07-18 16:22:21.627  1875 25134 D AGM: metadata: metadata_print: 83 key:0xab000000, value:0x1 
07-18 16:22:21.627  1875 25134 D AGM: metadata: metadata_print: 83 key:0xa2000000, value:0xa2000001 
07-18 16:22:21.627  1875 25134 D AGM: metadata: metadata_print: 83 key:0xac000000, value:0xac000002 
07-18 16:22:21.627  1875 25134 D AGM: metadata: metadata_print: 89 CKV count:4
07-18 16:22:21.627  1875 25134 D AGM: metadata: metadata_print: 95 key:0xa4000000, value:0xf 
07-18 16:22:21.627  1875 25134 D AGM: metadata: metadata_print: 95 key:0xd2000000, value:0x0 
07-18 16:22:21.627  1875 25134 D AGM: metadata: metadata_print: 95 key:0xbe000000, value:0x3 
07-18 16:22:21.627  1875 25134 D AGM: metadata: metadata_print: 95 key:0xef000000, value:0x0 
07-18 16:22:21.627  1875 25134 D AGM: metadata: metadata_print: 102 Property ID:134217744
07-18 16:22:21.627  1875 25134 D AGM: metadata: metadata_print: 103 property count:4
07-18 16:22:21.627  1875 25134 D AGM: metadata: metadata_print: 106 Property Values: 
07-18 16:22:21.627  1875  3793 V DlbVolumeListener: effectCommand
07-18 16:22:21.627  1875 25134 D AGM: metadata: metadata_print: 108 0x1 
07-18 16:22:21.627  1875 25134 D AGM: metadata: metadata_print: 108 0x3 
07-18 16:22:21.627  1875 25134 D AGM: metadata: metadata_print: 108 0x2 
07-18 16:22:21.627  1875 25134 D AGM: metadata: metadata_print: 108 0x5 
07-18 16:22:21.627  1875 25134 D AGM: metadata: metadata_print: 115 ****************Metadata Done***************************
07-18 16:22:21.627  1875 25134 D AGM: graph: graph_open: 690 miid 40bd mid 7001000 tag c0000002
07-18 16:22:21.627  1875 25134 D AGM: graph: graph_open: 746 miid 42c8 mid 700100a tag c0000004
07-18 16:22:21.627  1875 25134 D AGM: graph: graph_open: 690 miid 40c4 mid 7001019 tag c0000006
07-18 16:22:21.627  1875 25134 D AGM: graph: graph_open: 690 miid 40bf mid 7001005 tag c000000e
07-18 16:22:21.627  1875 25134 D AGM: graph: graph_open: 690 miid 40c0 mid 7001003 tag c0000010
07-18 16:22:21.627  1875 25134 D AGM: graph: graph_open: 690 miid 4165 mid 7001032 tag c0000013
07-18 16:22:21.627  1875 25134 I GPR:    : __gpr_cmd_register_v2:931 GPR Register: Source Port is 8210 heap_index: 0
07-18 16:22:21.627  2129  2815 D EffectHalHidl: audioSchedBoost, set audiohal task boost, pid=2129, tid=2815, ret=0
07-18 16:22:21.627  1875 25134 I gsl     : gsl_send_spf_cmd:236 sending pkt opcode 0x1001000 token 0x035ce000
07-18 16:22:21.627  2129  2815 D EffectHalHidl: audioSchedBoost, set audiohal task boost, pid=2129, tid=2815, ret=0
07-18 16:22:21.627  1875  3793 V DlbVolumeListener: effectCommand
07-18 16:22:21.628  2129  2815 D EffectHalHidl: audioSchedBoost, set audiohal task boost, pid=2129, tid=2815, ret=0
07-18 16:22:21.628  2129  2815 D EffectHalHidl: audioSchedBoost, set audiohal task boost, pid=2129, tid=2815, ret=0
07-18 16:22:21.628  1875  3793 V DlbVolumeListener: effectCommand
07-18 16:22:21.628  1875  3793 V DlbVolumeListener: effectCommand :: Command EFFECT_CMD_INIT
07-18 16:22:21.628  2129  2815 D EffectHalHidl: audioSchedBoost, set audiohal task boost, pid=2129, tid=2815, ret=0
07-18 16:22:21.628  2129  2815 D EffectHalHidl: audioSchedBoost, set audiohal task boost, pid=2129, tid=2815, ret=0
07-18 16:22:21.628  1875  4494 D DlbDapEffectContext: DapEffectContext[0xb400007b42854b58] getDapParameter() outval size = 12, ret = 0
07-18 16:22:21.628  1875  3793 V DlbVolumeListener: effectCommand
07-18 16:22:21.628  2129 25120 D EffectHalHidl: audioSchedBoost, set audiohal task boost, pid=2129, tid=25120, ret=0
07-18 16:22:21.628  1875  3793 D DlbVolumeListener: effectCommand :: Command EFFECT_CMD_OFFLOAD offload=0 ioHandle=13
07-18 16:22:21.628  2129  2815 D EffectHalHidl: audioSchedBoost, set audiohal task boost, pid=2129, tid=2815, ret=0
07-18 16:22:21.628  2129  2815 I EffectChain: addEffect_l() effect 0xb4000078742ce900, added in chain 0xb400007874234180 at rank 0
07-18 16:22:21.628  1875  3793 V DlbVolumeListener: effectCommand
07-18 16:22:21.628  1875  3793 V DlbVolumeListener: effectCommand :: Command EFFECT_CMD_SET_CONFIG
07-18 16:22:21.628  2129  2815 D AudioFlinger_EffectsExtImpl: HoloAudio, checkAndEnbaleMetaAudio enable:0, sessionid:6017
07-18 16:22:21.628  5759 11872 I AEC.a   : getDapParameter(2, 104) return: [0]
07-18 16:22:21.628  1875  3793 V DlbVolumeListener: effectCommand
07-18 16:22:21.629  1875  3793 V DlbVolumeListener: effectCommand :: Command EFFECT_CMD_SET_CONFIG
07-18 16:22:21.629  5759 11872 I AEC.a   : getDapParameter(104) return: [0]
07-18 16:22:21.629  5759 11872 I AEC.a   : getIeqPreset() return: 0
07-18 16:22:21.629  2129  2815 D EffectHalHidl: audioSchedBoost, set audiohal task boost, pid=2129, tid=2815, ret=0
07-18 16:22:21.629  1875  3793 V DlbVolumeListener: effectCommand
07-18 16:22:21.629  2129  2815 D EffectHalHidl: audioSchedBoost, set audiohal task boost, pid=2129, tid=2815, ret=0
07-18 16:22:21.629   537  2803 D audioadsprpcd: vendor/qcom/proprietary/adsprpc/src/apps_std_imp.c:381: apps_std_fopen_fd done for /odm/lib/rfsa/adsp/adsp/./nlc_bgth_v1_5.so with       fopen:17us, read:0us, rpc_alloc:0us,       mmap:0us fd 0x0 error_code 0x2
07-18 16:22:21.629  2129  2815 I AudioEffect: set() 0xb40000787420ea00 OK effect: Music Listener id: 4267 status 0 enabled 0 pid 2129
07-18 16:22:21.629  2129  2815 D AudioPolicyEffects: addOutputSessionEffects(): added Fx dlb_music_listener on session: 6017 for stream: 3
07-18 16:22:21.629  2129  2815 I AudioEffect: enable 0xb40000787420ea00
07-18 16:22:21.629  2129  2815 D APM_AudioPolicyManager: startOutput() output 13, stream 3, portId 1246, session 6017
07-18 16:22:21.629   537  2803 D audioadsprpcd: vendor/qcom/proprietary/adsprpc/src/apps_std_imp.c:381: apps_std_fopen_fd done for /odm/lib/rfsa/adsp/./nlc_bgth_v1_5.so with       fopen:10us, read:19us, rpc_alloc:56us,       mmap:505us fd 0xc error_code 0x0
07-18 16:22:21.629   537  2803 I audioadsprpcd: vendor/qcom/proprietary/adsprpc/src/apps_std_imp.c:1159: Successfully opened file /odm/lib/rfsa/adsp/./nlc_bgth_v1_5.so
07-18 16:22:21.629  1875  3793 D AHAL: AudioDevice: SetParameters: 1972: enter: volumeStreamAction=start;volumeStreamType=3
07-18 16:22:21.630  1875  3793 D AHAL: hfp: hfp_set_parameters: 696: enter
07-18 16:22:21.630  1875  3793 D AHAL: hfp: hfp_set_parameters: 701: OPLUS_HFP_SUPPORT is not supported
07-18 16:22:21.630  1875  3793 D AHAL: AudioDevice: SetParameters: 2821: exit
07-18 16:22:21.630  5759 11872 D AudioEffect-JAVA: getParameter is not Oplus command!
07-18 16:22:21.630  5759 11872 I AudioEffect: getParameter: param: 2, param2: -1
07-18 16:22:21.630  2129 25120 D EffectHalHidl: audioSchedBoost, set audiohal task boost, pid=2129, tid=25120, ret=0
07-18 16:22:21.630   537  2803 D audioadsprpcd: vendor/qcom/proprietary/adsprpc/src/apps_std_imp.c:381: apps_std_fopen_fd done for /odm/lib/rfsa/adsp/adsp/./libtfadsp_sb4_0_rx.so with       fopen:9us, read:0us, rpc_alloc:0us,       mmap:0us fd 0x0 error_code 0x2
07-18 16:22:21.630  2129 25120 D EffectHalHidl: audioSchedBoost, set audiohal task boost, pid=2129, tid=25120, ret=0
07-18 16:22:21.630   537  2803 D audioadsprpcd: vendor/qcom/proprietary/adsprpc/src/apps_std_imp.c:381: apps_std_fopen_fd done for /odm/lib/rfsa/adsp/./libtfadsp_sb4_0_rx.so with       fopen:6us, read:108us, rpc_alloc:44us,       mmap:257us fd 0xe error_code 0x0
07-18 16:22:21.630   537  2803 I audioadsprpcd: vendor/qcom/proprietary/adsprpc/src/apps_std_imp.c:1159: Successfully opened file /odm/lib/rfsa/adsp/./libtfadsp_sb4_0_rx.so
07-18 16:22:21.631  1875  1919 D DlbEffectContext: EffectContext[0xb400007b42854b58]: getStoredParams() outToken size = 1, out_paramStore size = 7
07-18 16:22:21.631  2129  2815 D GameAudioEffects: hasAliveFastEffectTracks  return (0)
07-18 16:22:21.631  5759 11872 I AEC.a   : getPortDeviceNameLength(0) return: 745
07-18 16:22:21.631  2129  2815 D AudioPolicyManagerExtImpl: oplusSelectOutputForMusicEffects: pendingOutput  => 13  flags => 0x00000006  outputTageName =>primary output outputs.size(4) older music effect ouput(29), hasAliveGameTracks(0)
07-18 16:22:21.631  2129  2815 D AudioPolicyManagerExtImpl: oplusSelectOutputForMusicEffects pending music output is low latency output, but no alive fast effect tracks, block effectchain fallback to primary, set deepbuffer as defaultEffectsOutput instead
07-18 16:22:21.631  5759 11872 D AudioEffect-JAVA: getParameter is not Oplus command!
07-18 16:22:21.631  5759 11872 I AudioEffect: getParameter: param: 4, param2: -1
07-18 16:22:21.631  2129  2815 D GameAudioEffects: hasAliveRequestFastTracks  return (0)
07-18 16:22:21.631  2129  2815 D AudioPolicyInterfaceImpl: mSessionLatestHandleList add Item on session 6017, port = 1246
07-18 16:22:21.631  2129 25120 D EffectHalHidl: audioSchedBoost, set audiohal task boost, pid=2129, tid=25120, ret=0
07-18 16:22:21.631  2129 25124 D AudioFlingerExtImpl: updateMetaScenes mMetaScenesOwnerMap[4]=[0,-1]
07-18 16:22:21.631  2129 25124 D AudioFlingerExtImpl: updateMetaScenes mMetaScenesOwnerMap[5]=[0,-1]
07-18 16:22:21.631  1875  3793 D DlbDapEffectContext: DapEffectContext::getSelectedTuningDevice(port = 0): [default_speaker_landscape_music_vol3]
07-18 16:22:21.631  2129 25120 D EffectHalHidl: audioSchedBoost, set audiohal task boost, pid=2129, tid=25120, ret=0
07-18 16:22:21.631  1875  1919 I DlbDapEffectContext: updateEffectParams() store iea value for device(0x2)
07-18 16:22:21.632  5759 11872 I AEC.a   : getSelectedTuningDevice(0) return: default_speaker_landscape_music_vol3Ŕ€Ŕ€Ŕ€Ŕ€Ŕ€Ŕ€Ŕ€Ŕ€Ŕ€Ŕ€Ŕ€Ŕ€Ŕ€Ŕ€Ŕ€Ŕ€Ŕ€Ŕ€Ŕ€Ŕ€Ŕ€Ŕ€Ŕ€Ŕ€Ŕ€Ŕ€Ŕ€Ŕ€Ŕ€Ŕ€Ŕ€Ŕ€Ŕ€Ŕ€Ŕ€Ŕ€Ŕ€Ŕ€Ŕ€Ŕ€Ŕ€Ŕ€Ŕ€Ŕ€Ŕ€Ŕ€Ŕ€Ŕ€Ŕ€Ŕ€Ŕ€Ŕ€Ŕ€Ŕ€Ŕ€Ŕ€Ŕ€Ŕ€Ŕ€Ŕ€Ŕ€Ŕ€Ŕ€Ŕ€Ŕ€Ŕ€Ŕ€Ŕ€Ŕ€Ŕ€Ŕ€Ŕ€Ŕ€Ŕ€Ŕ€Ŕ€Ŕ€Ŕ€Ŕ€Ŕ€Ŕ€Ŕ€Ŕ€Ŕ€Ŕ€Ŕ€Ŕ€Ŕ€Ŕ€Ŕ€Ŕ€Ŕ€Ŕ€Ŕ€Ŕ€Ŕ€Ŕ€Ŕ€Ŕ€Ŕ€Ŕ€Ŕ€Ŕ€Ŕ€Ŕ€Ŕ€Ŕ€Ŕ€Ŕ€Ŕ€Ŕ€Ŕ€Ŕ€Ŕ€Ŕ€Ŕ€Ŕ€Ŕ€Ŕ€Ŕ€Ŕ€Ŕ€Ŕ€Ŕ€Ŕ€Ŕ€Ŕ€Ŕ€Ŕ€Ŕ€Ŕ€Ŕ€Ŕ€Ŕ€Ŕ€Ŕ€Ŕ€Ŕ€Ŕ€Ŕ€Ŕ€Ŕ€Ŕ€Ŕ€Ŕ€Ŕ€Ŕ€Ŕ€Ŕ€Ŕ€Ŕ€Ŕ€Ŕ€Ŕ€Ŕ€Ŕ€Ŕ€Ŕ€Ŕ€Ŕ€Ŕ€Ŕ€Ŕ€Ŕ€Ŕ€Ŕ€Ŕ€Ŕ€Ŕ€Ŕ€Ŕ€Ŕ€Ŕ€Ŕ€Ŕ€Ŕ€Ŕ€Ŕ€Ŕ€Ŕ€Ŕ€Ŕ€Ŕ€Ŕ€Ŕ€Ŕ€Ŕ€Ŕ€Ŕ€Ŕ€Ŕ€Ŕ€Ŕ€Ŕ€Ŕ€Ŕ€Ŕ€Ŕ€Ŕ€Ŕ€Ŕ€Ŕ€Ŕ€Ŕ€Ŕ€Ŕ€Ŕ€Ŕ€Ŕ€Ŕ€Ŕ€Ŕ€Ŕ€Ŕ€Ŕ€Ŕ€Ŕ€Ŕ€Ŕ€Ŕ€Ŕ€Ŕ€Ŕ€Ŕ€Ŕ€Ŕ€Ŕ€Ŕ€Ŕ€Ŕ€Ŕ€Ŕ€Ŕ€Ŕ€Ŕ€Ŕ€Ŕ€Ŕ€Ŕ€Ŕ€Ŕ€Ŕ€Ŕ€Ŕ€Ŕ€Ŕ€Ŕ€Ŕ€Ŕ€Ŕ€Ŕ€Ŕ€Ŕ€Ŕ€Ŕ€Ŕ€Ŕ€Ŕ€Ŕ€Ŕ€Ŕ€Ŕ€Ŕ€Ŕ€Ŕ€Ŕ€Ŕ€Ŕ€Ŕ€Ŕ€Ŕ€Ŕ€Ŕ€Ŕ€Ŕ€Ŕ€Ŕ€Ŕ€Ŕ€Ŕ€Ŕ€Ŕ€Ŕ€Ŕ€Ŕ€Ŕ€Ŕ€Ŕ€Ŕ€Ŕ€Ŕ€Ŕ€Ŕ€Ŕ€Ŕ€Ŕ€Ŕ€Ŕ€Ŕ€Ŕ€Ŕ€Ŕ€Ŕ€Ŕ€Ŕ€Ŕ€Ŕ€Ŕ€Ŕ€Ŕ€Ŕ€Ŕ€Ŕ€Ŕ€Ŕ€Ŕ€Ŕ€Ŕ€Ŕ€Ŕ€Ŕ€Ŕ€Ŕ€Ŕ€Ŕ€Ŕ€Ŕ€Ŕ€Ŕ€Ŕ€Ŕ€Ŕ€Ŕ€Ŕ€Ŕ€Ŕ€Ŕ€Ŕ€Ŕ€Ŕ€Ŕ€Ŕ€Ŕ€Ŕ€Ŕ€Ŕ€Ŕ€Ŕ€Ŕ€Ŕ€Ŕ€Ŕ€Ŕ€Ŕ€Ŕ€Ŕ€Ŕ€Ŕ€Ŕ€Ŕ€Ŕ€Ŕ€Ŕ€Ŕ€Ŕ€Ŕ€Ŕ€Ŕ€Ŕ€Ŕ€Ŕ€Ŕ€Ŕ€Ŕ€Ŕ€Ŕ€Ŕ€Ŕ€Ŕ€Ŕ€Ŕ€Ŕ€Ŕ€Ŕ€Ŕ€Ŕ€Ŕ€Ŕ€Ŕ€Ŕ€Ŕ€Ŕ€Ŕ€Ŕ€Ŕ€Ŕ€Ŕ€Ŕ€Ŕ€Ŕ€Ŕ€Ŕ€Ŕ€Ŕ€Ŕ€Ŕ€Ŕ€Ŕ€Ŕ€Ŕ€Ŕ€Ŕ€Ŕ€Ŕ€Ŕ€Ŕ€Ŕ€Ŕ€Ŕ€Ŕ€Ŕ€Ŕ€Ŕ€Ŕ€Ŕ€Ŕ€Ŕ€Ŕ€Ŕ€Ŕ€Ŕ€Ŕ€Ŕ€Ŕ€Ŕ€Ŕ€Ŕ€Ŕ€Ŕ€Ŕ€Ŕ€Ŕ€Ŕ€Ŕ€Ŕ€Ŕ€Ŕ€Ŕ€Ŕ€Ŕ€Ŕ€Ŕ€Ŕ€Ŕ€Ŕ€Ŕ€Ŕ€Ŕ€Ŕ€Ŕ€Ŕ€Ŕ€Ŕ€Ŕ€Ŕ€Ŕ€Ŕ€Ŕ€Ŕ€Ŕ€Ŕ€Ŕ€Ŕ€Ŕ€Ŕ€Ŕ€Ŕ€Ŕ€Ŕ€Ŕ€Ŕ€Ŕ€Ŕ€Ŕ€Ŕ€Ŕ€Ŕ€Ŕ€Ŕ€Ŕ€Ŕ€Ŕ€Ŕ€Ŕ€Ŕ€Ŕ€Ŕ€Ŕ€Ŕ€Ŕ€Ŕ€Ŕ€Ŕ€Ŕ€Ŕ€Ŕ€Ŕ€Ŕ€Ŕ€Ŕ€Ŕ€Ŕ€Ŕ€Ŕ€Ŕ€Ŕ€Ŕ€Ŕ€Ŕ€Ŕ€Ŕ€Ŕ€Ŕ€Ŕ€Ŕ€Ŕ€Ŕ€Ŕ€Ŕ€Ŕ€Ŕ€Ŕ€Ŕ€Ŕ€Ŕ€Ŕ€Ŕ€Ŕ€Ŕ€Ŕ€Ŕ€Ŕ€Ŕ€Ŕ€Ŕ€Ŕ€Ŕ€Ŕ€Ŕ€Ŕ€Ŕ€Ŕ€Ŕ€Ŕ€Ŕ€Ŕ€Ŕ€Ŕ€Ŕ€Ŕ€Ŕ€Ŕ€Ŕ€Ŕ€Ŕ€Ŕ€Ŕ€Ŕ€Ŕ€Ŕ€Ŕ€Ŕ€Ŕ€Ŕ€Ŕ€Ŕ€Ŕ€Ŕ€Ŕ€Ŕ€Ŕ€Ŕ€Ŕ€Ŕ€Ŕ€Ŕ€Ŕ€Ŕ€Ŕ€Ŕ€Ŕ€Ŕ€Ŕ€Ŕ€Ŕ€Ŕ€Ŕ€Ŕ€Ŕ€Ŕ€Ŕ€Ŕ€Ŕ€Ŕ€Ŕ€Ŕ€Ŕ€Ŕ€Ŕ€Ŕ€Ŕ€Ŕ€Ŕ€Ŕ€Ŕ€Ŕ€Ŕ€Ŕ€Ŕ€Ŕ€Ŕ€Ŕ€Ŕ€Ŕ€Ŕ€Ŕ€Ŕ€Ŕ€Ŕ€Ŕ€Ŕ€Ŕ€Ŕ€Ŕ€Ŕ€Ŕ€Ŕ€Ŕ€Ŕ€Ŕ€Ŕ€Ŕ€Ŕ€Ŕ€Ŕ€Ŕ€Ŕ€Ŕ€Ŕ€Ŕ€Ŕ€Ŕ€Ŕ€Ŕ€Ŕ€Ŕ€Ŕ€Ŕ€Ŕ€Ŕ€Ŕ€Ŕ€Ŕ€Ŕ€Ŕ€Ŕ€Ŕ€Ŕ€Ŕ€Ŕ€Ŕ€Ŕ€Ŕ€Ŕ€Ŕ€Ŕ€Ŕ€Ŕ€Ŕ€Ŕ€Ŕ€Ŕ€Ŕ€Ŕ€Ŕ€Ŕ€Ŕ€Ŕ€Ŕ€Ŕ€Ŕ€Ŕ€Ŕ€Ŕ€Ŕ€Ŕ€Ŕ€Ŕ€Ŕ€Ŕ€Ŕ€Ŕ€Ŕ€Ŕ€Ŕ€Ŕ€Ŕ€Ŕ€Ŕ€Ŕ€Ŕ€Ŕ€
07-18 16:22:21.632  5759 11872 I AEC.a   : setSelectedTuningDevice(0, default_speaker_landscape_music_vol3)
07-18 16:22:21.632  5759 11872 I AudioEffect: setParameter(): 0xb4000072a7467200, param: 4, param2: -1
07-18 16:22:21.632  1875  1919 D DlbDapEffectContext: DapEffectContext[0xb400007b42854b58] getDapParameter() outval size = 12, ret = 0
07-18 16:22:21.632  2129 25124 D AudioFlinger_PlaybackThreadExtImpl: HoloAudio:addActiveTrack,isSpatialzierTrackPlaying:0 isMetaTrackPlaying:0 isMetaTrack:0
07-18 16:22:21.632  2129 25124 D AudioFlingerExtImpl: getSplitScreenSwitch: screenSwitch = 0
07-18 16:22:21.632  2129 25124 D AudioFlinger_PlaybackThreadExtImpl: notifyAudioTrackCreate event:atlas_event_audio_track_create info:pid:14049,sessionId:6017,streamType:3,sampleRate:48000,format:5,startvl:1.000,startvr:1.000,balance:0.000,channelcount:2,flags:6,deviceTypes:2,hasFastMixer:1,isOffloadThread:0,isSpatialized:0,id:13,effectChains:2,frameCount:1536,requestFC:0,minFC:1536,metaAudioScene:0,metaAudioPos:[0.0|0.0|0.0],window_rendering:0,active_record:0
07-18 16:22:21.632  2129 25124 D AtlasEventUploadUtils: setEvent event:atlas_event_audio_track_create
07-18 16:22:21.632  2129 25120 D EffectHalHidl: audioSchedBoost, set audiohal task boost, pid=2129, tid=25120, ret=0
07-18 16:22:21.632  2129 25120 D EffectHalHidl: audioSchedBoost, set audiohal task boost, pid=2129, tid=25120, ret=0
07-18 16:22:21.632  2659  2755 D EventTest: handleEvent atlas_event_audio_track_create pid:14049,sessionId:6017,streamType:3,flags:6,deviceTypes:2,hasFastMixer:1
07-18 16:22:21.632  1875  1919 D DlbDapEndpointParamCache: commit() Applying parameters for device 0x40000000
07-18 16:22:21.632  1875  1919 D DlbDapEndpointParamCache: doCommit() Committed 0 parameters out of 15.
07-18 16:22:21.632  1875  1919 D DlbDapEndpointParamCache: commit() Overriding parameters for current device 0x00000002
07-18 16:22:21.632  1875  1919 D DlbDapEndpointParamCache: doCommit() Committed 0 parameters out of 65.
07-18 16:22:21.632  2129 25124 D AudioFlinger_EffectsExtImpl: HoloAudio, checkAndEnbaleMetaAudio enable:0, sessionid:6017
07-18 16:22:21.632  1875  1919 D DlbEffectContext: onDapParamUpdate() mEffectContext = 0xb400007b42854b58, back from updateEffectParams()
07-18 16:22:21.632  2129 25124 D AudioTrackServerProxyExtImpl: AudioTrackServerProxyExtImpl init
07-18 16:22:21.632  2129 25124 D AudioTrackServerProxyExtImpl: audioTrackServerProxyTest
07-18 16:22:21.632  2129 25124 D AudioTrackServerProxyExtImpl: audioTrackServerProxy, initialize
07-18 16:22:21.632  2129 25124 D AudioTrackServerProxyExtImpl: initSupportAudioRamp ,  mIsSupport = 0.
07-18 16:22:21.632  1992  2053 V DolbyManagerService: doOnDapParamUpdate() entry
07-18 16:22:21.632  1992  2053 V DolbyManagerService: doOnDapParamUpdate() exit
07-18 16:22:21.632  3519  8750 I IPCThreadState: oneway function results for code 10006 on binder at 0xb400007176ced820 will be dropped but finished with status UNKNOWN_TRANSACTION
07-18 16:22:21.632  3519  8749 V AudioServiceExtImpl: oplusGetParameters() keyValuePairs:OPLUS_AUDIO_GET_DEVICE_VOLUME_INDEX_FORMUSIC:2, uid: 1000
07-18 16:22:21.632  3519  8749 D AudioServiceExtImpl: KEYS_GET_DEVICE_VOLUME_INDEX vol:160 device2
07-18 16:22:21.632  3519  6173 E AppOps  : attributionTag  not declared in manifest of rd.sheepskin.sandboxmusic
07-18 16:22:21.633  1875  1919 D DmsHalA : DmsHalAidlCallBacks 0xb400007b42820660 onEvent() id = 43445544
07-18 16:22:21.633  1875  1919 D DlbEffectContext: onDapParamUpdate() mEffectContext = 0xb400007b42854b58, try to call its updateEffectParams()
07-18 16:22:21.633  1875  1919 D DlbDapEffectContext: DapEffectContext 0xb400007b42854b58 grab the lock and call updateDapParams()
07-18 16:22:21.633  3519  6173 E AppOps  : attributionTag  not declared in manifest of rd.sheepskin.sandboxmusic
07-18 16:22:21.633  3519  8749 V AudioServiceExtImpl: oplusGetParameters() keyValuePairs:OPLUS_AUDIO_GET_DEVICE_FORSTREAM:3, uid: 1000
07-18 16:22:21.633  2129 25124 D AudioBoost: audioSchedBoost, pid=2129, tid=25124, enable=0, ret=0
07-18 16:22:21.633  2129 25124 D AudioBoost: AudioUclampBoost: set invalid schedMinValue: 1025, ignored
07-18 16:22:21.633  2129 25124 D AudioBoost: AudioUclampBoost: sched_setattr success. attr(flags 120, min 0, max 1024, tid 25124, enable 0)
07-18 16:22:21.633  2129 25124 E AudioBoost: stop  AudioUclampBoost pid:2129 tid:25124 sucess
07-18 16:22:21.633  2129 25124 D AudioBoost: audioAppKeyThreadReport() pid 14049, tid 15850, enable 1, inUid 0, eventIt -1, threadType 0, id 935
07-18 16:22:21.633  2129 25124 D AudioBoost: appThreadInfo update:start 15850, write -1, cbk 16050 read -1
07-18 16:22:21.633  2129 25124 D AudioBoost: audioAppKeyThreadReport(), restore boost for threadType 0, tid 15850
07-18 16:22:21.633  2129 25124 D AudioBoost: audioAppKeyThreadReport(), restore boost for threadType 2, tid 16050
07-18 16:22:21.633  2129  2802 D AudioBoost: startBoostForWake mId 935, p 14049, t 15850, wp 14049, wt 15850.
07-18 16:22:21.633  2129  2802 D AudioBoost: audioSchedBoost, pid=14049, tid=15850, enable=1, ret=0
07-18 16:22:21.634 14049 15850 D AAudio  : AAudioStream_requestStart(s#4) returned 0 ---------
07-18 16:22:21.634  1991  5777 E SmcInvoke_MinkDescriptor: mem obj with id :15 not found in list
07-18 16:22:21.634  5759 11872 E AEC.h   : setSpkVolParam(): new value: 16; old value: -1
07-18 16:22:21.635  1483  1483 I OmapiTransport: (internalProtectedTransmitApdu) Set the timer with timeout 3000 ms
07-18 16:22:21.635  3519  6860 I AS.SpatializerHelper: isEnabled false
07-18 16:22:21.635  1483  1483 I OmapiTransport: (internalProtectedTransmitApdu) STATUS OF TRNSMIT: 0 Message: 
07-18 16:22:21.635  5759 11872 E AEC.h   : setParameter failed because spatializer is not available! 
07-18 16:22:21.635  5759 11872 E AEC.h   : setFlodingModeParam param is the same
07-18 16:22:21.635  3519  6860 V AudioServiceExtImpl: oplusGetParameters() keyValuePairs:OPLUS_AUDIO_GET_DEVICE_FORSTREAM:3, uid: 1000
07-18 16:22:21.635  3519  4741 V AS.AudioService: uid 10208, callingApp = android.uid.systemui:10208
07-18 16:22:21.635  5759 11872 E AEC.h   : setRevChnParam param is the same
07-18 16:22:21.635  5759 11872 E AEC.h   : setRotationParam(): new value: 0; old value: -1
07-18 16:22:21.635  1875  1919 D DlbEffectContext: EffectContext[0xb400007b42854b58]: getStoredParams() outToken size = 1, out_paramStore size = 7
07-18 16:22:21.636  1483  1483 I OmapiTransport: (sendData) stop the timer
07-18 16:22:21.636  3519  6173 I AS.SpatializerHelper: isEnabled false
07-18 16:22:21.636  5759 11872 E AEC.h   : setParameter failed because spatializer is not available! 
07-18 16:22:21.636  5759 11872 E AEC.h   : setSpatBtTypeParam Bluetooth is not connected! 
07-18 16:22:21.636  5759 11872 I AEC.h   : restoreValue mBackupProfile: 0
07-18 16:22:21.636  5759 11872 E AEC.h   : setSpatProfileParam(): new value: 0; old value:-1
07-18 16:22:21.636  3519  6173 I AS.SpatializerHelper: isEnabled false
07-18 16:22:21.636  5759 11872 E AEC.h   : setParameter failed because spatializer is not available! 
07-18 16:22:21.636  5656  5656 D SysBroadcastReceiver: android.media.ACTION_AUDIO_PLAYBACK_STATE_CHANGED
07-18 16:22:21.636  5656  5656 D SysBroadcastReceiver: EventId=1010003	ID_AUDIO_PLAYBACK_STATE_CHANGED	TimeStamp =1784366541636	Intent =Intent { act=android.media.ACTION_AUDIO_PLAYBACK_STATE_CHANGED flg=0x4000010 xflg=0x4 (has extras) }	Content =null	Pid =0	PkgName =null
07-18 16:22:21.636  1991  1991 I android.hardware.secure_element-service.qti: isCardPresent
07-18 16:22:21.636 14049 14049 D MediaRouter: onRestoreRoute() : route=RouteInfo{ description=null, status=null, category=RouteCategory{ name=System types=ROUTE_TYPE_LIVE_AUDIO ROUTE_TYPE_LIVE_VIDEO  groupable=false }, supportedTypes=ROUTE_TYPE_LIVE_AUDIO ROUTE_TYPE_LIVE_VIDEO , presentationDisplay=null }
07-18 16:22:21.636 14049 14049 V MediaRouter: Selecting route: RouteInfo{ description=null, status=null, category=RouteCategory{ name=System types=ROUTE_TYPE_LIVE_AUDIO ROUTE_TYPE_LIVE_VIDEO  groupable=false }, supportedTypes=ROUTE_TYPE_LIVE_AUDIO ROUTE_TYPE_LIVE_VIDEO , presentationDisplay=null }
07-18 16:22:21.636  1875  1919 I DlbDapEffectContext: updateEffectParams() store iea value for device(0x2)
07-18 16:22:21.636  1875  1919 D DlbDapEffectContext: DapEffectContext[0xb400007b42854b58] getDapParameter() outval size = 12, ret = 0
07-18 16:22:21.637  3519  4741 V AS.AudioService: uid 10208, callingApp = android.uid.systemui:10208
07-18 16:22:21.637  1875 25134 I gsl     : gsl_send_spf_cmd:282 rcvd pkt token : 0x35ce000
07-18 16:22:21.637  1991  1991 I DMABUFHEAPS: Using DMA-BUF heap named: qcom,qseecom-ta
07-18 16:22:21.637  1875  1919 D DlbDapEndpointParamCache: commit() Applying parameters for device 0x40000000
07-18 16:22:21.637  1875  1919 D DlbDapEndpointParamCache: doCommit() Committed 0 parameters out of 15.
07-18 16:22:21.637  1875  1919 D DlbDapEndpointParamCache: commit() Overriding parameters for current device 0x00000002
07-18 16:22:21.637  1875  1919 D DlbDapEndpointParamCache: doCommit() Committed 0 parameters out of 65.
07-18 16:22:21.637  1875 25134 E gsl     : gsl_graph_check_ckvs:900 CKVs mismatched. ACDB CKVs count 2 CKVs sent from HAL count 4
07-18 16:22:21.637  1875 25134 I gsl     : gsl_graph_check_kv:792 can't find ckv: 0xd2000000, 0
07-18 16:22:21.637  1875 25134 I gsl     : gsl_graph_check_kv:792 can't find ckv: 0xbe000000, 3
07-18 16:22:21.637  1875 25134 I gsl     : gsl_send_spf_cmd:236 sending pkt opcode 0x1001006 token 0x035cf000
07-18 16:22:21.637  1875  1919 D DlbEffectContext: onDapParamUpdate() mEffectContext = 0xb400007b42854b58, back from updateEffectParams()
07-18 16:22:21.637  3519  4741 V AS.AudioService: uid 10208, callingApp = android.uid.systemui:10208
07-18 16:22:21.638  2129 25124 D audioserver: OplusMMListWrapper checkInListByUid end module:allow-get-parameters uid:10208 return true
07-18 16:22:21.638  2129 25124 D audioserver: OplusMMListWrapper checkInListByUid end module:allow-get-parameters uid:10208 return true
07-18 16:22:21.638  1875 25134 I gsl     : gsl_send_spf_cmd:282 rcvd pkt token : 0x35cf000
07-18 16:22:21.638  1875 25134 E ACDB    : AcdbCmdGetProcSubgraphCalDataPersist:8250 Error[19]: No calibration found
07-18 16:22:21.638  1875 25134 E ACDB    : AcdbCmdGetProcSubgraphCalDataPersist:8250 Error[19]: No calibration found
07-18 16:22:21.638  1875 25134 E ACDB    : AcdbCmdGetProcSubgraphCalDataPersist:8250 Error[19]: No calibration found
07-18 16:22:21.638  1875 25134 E ACDB    : AcdbCmdGetProcSubgraphCalDataPersist:8250 Error[19]: No calibration found
07-18 16:22:21.638  1875 25134 D AGM: graph: graph_open: 790 graph_handle 0x247534c
07-18 16:22:21.638  1875 25134 D AGM: graph: graph_open: 830 exit, ret 0
07-18 16:22:21.638  1875 25134 D AGM: graph: graph_set_config: 1225 entry graph_handle 0x247534c
07-18 16:22:21.638  1875 25134 I gsl     : gsl_send_spf_cmd:236 sending pkt opcode 0x1001006 token 0x035d0000
07-18 16:22:21.639  1875 25134 I gsl     : gsl_send_spf_cmd:282 rcvd pkt token : 0x35d0000
07-18 16:22:21.639  1875 25134 D AGM: graph: graph_set_config: 1233 exit, graph handle 0x247534c, ret 0
07-18 16:22:21.639  1875 25134 D agm_client_wrapper: agm_session_open Received handle = 0x7b1b9f7790 , *handle = b400007b44376880
07-18 16:22:21.639  1875 25134 D PLUGIN: pcm: agm_pcm_hw_params: 505 agm_pcm_hw_params: mode: 0
07-18 16:22:21.639  1875 25134 I PAL: SessionAlsaUtils: getModuleInstanceId: 1247: tag_id 0xc0000019, MIID is 0x40c8
07-18 16:22:21.639  1875 25134 D PAL: Session: configureMFC: 950: miid : 40c8 id = 126, data MI2S-LPAIF-RX-SECONDARY, dev id = 3
07-18 16:22:21.639  1875 25134 I PAL_PayloadBuilder: payloadMFCConfig: 977: sample_rate:48000 bit_width:24 num_channels:2 Miid:16584
07-18 16:22:21.639  1875 25134 I PAL: Session: updateCustomPayload: 622: customPayloadSize = 32
07-18 16:22:21.639  1875 25134 D AGM: graph: graph_set_config: 1225 entry graph_handle 0x247534c
07-18 16:22:21.639  1875 25134 I gsl     : gsl_send_spf_cmd:236 sending pkt opcode 0x1001006 token 0x035d1000
07-18 16:22:21.639  1875 25134 I gsl     : gsl_send_spf_cmd:282 rcvd pkt token : 0x35d1000
07-18 16:22:21.639  1875 25134 D AGM: graph: graph_set_config: 1233 exit, graph handle 0x247534c, ret 0
07-18 16:22:21.639  1875 25134 I PAL: SessionAlsaUtils: getModuleInstanceId: 1247: tag_id 0xc0000039, MIID is 0x4176
07-18 16:22:21.639  1875 25134 D PAL: Session: handleDeviceRotation: 714: miid : 4176 id = 126, data MI2S-LPAIF-RX-SECONDARY, dev id = 3
07-18 16:22:21.639  1875 25134 I PAL: Session: updateCustomPayload: 622: customPayloadSize = 40
07-18 16:22:21.639  1875 25134 D AGM: graph: graph_set_config: 1225 entry graph_handle 0x247534c
07-18 16:22:21.639  1875 25134 I gsl     : gsl_send_spf_cmd:236 sending pkt opcode 0x1001006 token 0x035d2000
07-18 16:22:21.643  2129  2802 D AudioBoost: startBoostForWake mId 935, p 14049, t 16050, wp 14049, wt 16050.
07-18 16:22:21.643  2129  2802 D AudioBoost: audioSchedBoost, pid=14049, tid=16050, enable=1, ret=0
07-18 16:22:21.644  2008  2008 E PerformanceService: [WAKER_IDENTIFY] pid message 16050;0;1 is writen to proc
07-18 16:22:21.644  2129  2802 D AudioBoost: audioWakeTracing setWakeSeedThread end, pid 14049, tid 16050, inUid 0, id 935, isWakee 1, -> handle = 1134.
07-18 16:22:21.654  2129 16047 D AudioBoost: tryRtBoost, try boost audio rt, pid 14049, tid 16046, ret 0
07-18 16:22:21.648  2129  2129 W AudioRtBoostThr: type=1400 audit(0.0:20936): avc:  denied  { getsched } for  scontext=u:r:audioserver:s0 tcontext=u:r:untrusted_app:s0:c192,c257,c512,c768 tclass=process permissive=0
07-18 16:22:21.671  2129  3761 D AFExtImpl: checkTrackBuffer1() track 0xb4000078583f1f18 get INFO from NEW, channelCount 2, pid 14049
07-18 16:22:21.671  2129  3761 D AFExtImpl: initFromProperty() 0xb400007842f86840, sAdSwitch 1, typeCheck 0, logdumpEnable 0, pcmdumpEnable 0, trackPid 14049
07-18 16:22:21.672 14049 16046 D AAudioStream: setState(s#2) from 3 to 4
07-18 16:22:21.676  2129  2129 W AudioRtBoostThr: type=1400 audit(0.0:20937): avc:  denied  { getsched } for  scontext=u:r:audioserver:s0 tcontext=u:r:untrusted_app:s0:c192,c257,c512,c768 tclass=process permissive=0
07-18 16:22:21.684 14049 16048 D AudioStreamLegacy: onAudioDeviceUpdate() devices 2 => 2
07-18 16:22:21.685  2129  3762 I AF::PthrPatchRecord: processMuteEvent(935): processed mute state for port ID 1246 from 0 to 0
07-18 16:22:21.685  2129  3762 D AudioFlinger: updateWakeLockUids_l AudioOut_D uids:10448 
07-18 16:22:21.686  2129  3762 D EffectHalHidl: audioSchedBoost, set audiohal task boost, pid=2129, tid=3762, ret=0
07-18 16:22:21.687  2129  3762 D EffectHalHidl: audioSchedBoost, set audiohal task boost, pid=2129, tid=3762, ret=0
07-18 16:22:21.687  2129  3762 D EffectChain: process reset volume
07-18 16:22:21.693  2129 16055 D AudioBoost: tryRtBoost, try boost audio rt, pid 14049, tid 16050, ret 0
07-18 16:22:21.688  2129  2129 W AudioRtBoostThr: type=1400 audit(0.0:20938): avc:  denied  { getsched } for  scontext=u:r:audioserver:s0 tcontext=u:r:untrusted_app:s0:c192,c257,c512,c768 tclass=process permissive=0
07-18 16:22:21.704 14049 16050 D AAudioStream: setState(s#4) from 3 to 4
07-18 16:22:21.706  2129  3761 D AFExtImpl: checkTrackBuffer1() track 0xb40000788a515b18 get INFO from NEW, channelCount 2, pid 14049
07-18 16:22:21.707  2129  3761 D AFExtImpl: initFromProperty() 0xb40000788a4723c0, sAdSwitch 1, typeCheck 0, logdumpEnable 0, pcmdumpEnable 0, trackPid 14049
07-18 16:22:21.713  2129 16055 D AudioBoost: tryRtBoost, try boost audio rt, pid 14049, tid 16050, ret 0
07-18 16:22:21.708  2129  2129 W AudioRtBoostThr: type=1400 audit(0.0:20939): avc:  denied  { getsched } for  scontext=u:r:audioserver:s0 tcontext=u:r:untrusted_app:s0:c192,c257,c512,c768 tclass=process permissive=0
07-18 16:22:21.728  2129  2129 W AudioRtBoostThr: type=1400 audit(0.0:20940): avc:  denied  { getsched } for  scontext=u:r:audioserver:s0 tcontext=u:r:untrusted_app:s0:c192,c257,c512,c768 tclass=process permissive=0
07-18 16:22:21.734  2129 16047 D AudioBoost: tryRtBoost, try boost audio rt, pid 14049, tid 16046, ret 0
07-18 16:22:21.740  1765  8457 E         : DNS_CACHE: hanle request << lookupdns: hostname:test-gateway.instagram.com, servername:443, ai_flags:1024, ai_family:0, ai_socktype:2, ai_protocol:0, netid:0, uid:10526
07-18 16:22:21.740 26444 26890 D DNS_CACHE: oplus_oplus_getaddrinfo_proxy lookup from netd: hostname:test-gateway.instagram.com, servname:443 uid: 10526, result_code:408, res = 0x0, found = 0
07-18 16:22:21.744 26444 26856 E msys    : E[N mns:DGWClient]_LogError(328)=>Failed to resolve using system DNS resolver, getaddrinfo(): No address associated with hostname
07-18 16:22:21.753  2129 16055 D AudioBoost: tryRtBoost, try boost audio rt, pid 14049, tid 16050, ret 0
07-18 16:22:21.748  2129  2129 W AudioRtBoostThr: type=1400 audit(0.0:20941): avc:  denied  { getsched } for  scontext=u:r:audioserver:s0 tcontext=u:r:untrusted_app:s0:c192,c257,c512,c768 tclass=process permissive=0
07-18 16:22:21.824  1991  5776 E SmcInvoke_MinkDescriptor: mem obj with id :15 not found in list
07-18 16:22:21.825  1483  1483 I OmapiTransport: (internalProtectedTransmitApdu) Set the timer with timeout 3000 ms
07-18 16:22:21.825  1483  1483 I OmapiTransport: (internalProtectedTransmitApdu) STATUS OF TRNSMIT: 0 Message: 
07-18 16:22:21.825  1483  1483 I OmapiTransport: (sendData) stop the timer
07-18 16:22:21.825  1991  1991 I android.hardware.secure_element-service.qti: isCardPresent
07-18 16:22:21.826  1991  1991 I DMABUFHEAPS: Using DMA-BUF heap named: qcom,qseecom-ta
07-18 16:22:21.834  2129 16055 D AudioBoost: tryRtBoost, try boost audio rt, pid 14049, tid 16050, ret 0
07-18 16:22:21.875  1991  5776 E SmcInvoke_MinkDescriptor: mem obj with id :15 not found in list
07-18 16:22:21.876  1483  1483 I OmapiTransport: (internalProtectedTransmitApdu) Set the timer with timeout 3000 ms
