07-18 16:21:02.087  1954  1954 I [UAH_CLIENT]: UahPlatformResAcquire
07-18 16:21:02.087  1954  1954 I [UAH_CLIENT]: UahEventAcquire, cmdid:-3, pkg:2155 8334, identity:qcom-perfd
07-18 16:21:02.087  3519  6109 I AICCTModule: SensorFilter: brightness threshold 1.2 screenNit is 118.22056 ave enviroment lux is 22.151003 luxForNit 47.29068demarcationPoint200.0 result is true
07-18 16:21:02.090  1954  2160 E ANDR-PERF-RESOURCEQS: ANDR-PERF-RESOURCEQS: AddAndApply() 125: Resource with major=16, minor=0 not supported
07-18 16:21:02.121  1954 14607 I [UAH_CLIENT]: UahRelease, handle:69695
07-18 16:21:02.138  6265  6390 E horae   : 0: target_temp:33800, back:33800,frame:33800,front:33800, 3, +(0), 1 ,33800, algo:0
07-18 16:21:02.265  2363  2363 I adbd    : adbd service requested 'shell,v2,TERM=dumb,raw:am start -a android.intent.action.VIEW -d sandboxmusic://e2e/probe-liked-playlist?track=Nee%20Nah -f 0x14000000 rd.sheepskin.sandboxmusic'
07-18 16:21:02.331  3519  4585 I [UAH_CLIENT]: UahEventAcquire, cmdid:2, pkg:none, identity:com.android.server.wm
07-18 16:21:02.331  3519  4907 W ActivityTaskManager: callingPackage for (uid=2000, pid=14611) has no WPC
07-18 16:21:02.332  3519  4907 D WindowManager: NFW_setClientVisible:ActivityRecord{113569740 u0 rd.sheepskin.sandboxmusic/.MainActivity clientVisible:true
07-18 16:21:02.332  3519  4907 V GrammaticalInflectionUtils: AttributionSource: android.content.AttributionSource@a831c29a does not have READ_SYSTEM_GRAMMATICAL_GENDER permission.
07-18 16:21:02.332  3519  4907 D ActivityTaskManager: The isLandscapeFullscreenEnabled is: rd.sheepskin.sandboxmusic/.MainActivity
07-18 16:21:02.333  3519  4907 D ActivityTaskManager: The isLandscapeFullscreenEnabled is: rd.sheepskin.sandboxmusic/.MainActivity
07-18 16:21:02.333  3519  4907 D ActivityTaskManager: The isLandscapeFullscreenEnabled is: rd.sheepskin.sandboxmusic/.MainActivity
07-18 16:21:02.333  3519  4907 D ActivityTaskManager: The isLandscapeFullscreenEnabled is: rd.sheepskin.sandboxmusic/.MainActivity
07-18 16:21:02.333  3519  4907 D ActivityTaskManager: The isLandscapeFullscreenEnabled is: rd.sheepskin.sandboxmusic/.MainActivity
07-18 16:21:02.333  3519  4907 D FlexibleTaskController: isSupportFlexibleWindow target = rd.sheepskin.sandboxmusic/.MainActivity callPkg = FlexibleTaskController support = true ,caller = 3519
07-18 16:21:02.333  3519  4907 I AppSnapshotController: init, sysSupport = true, mActivitySupport = false, activityRecord = ActivityRecord{113569740 u0 rd.sheepskin.sandboxmusic/.MainActivity t-1}
07-18 16:21:02.334  3519  4354 D StartingSurfacePreviewController: checkSupportSurfacePreview, token=rd.sheepskin.sandboxmusic/.MainActivity, enableSurfacePreview=false, supportMultiLayout=false, unsupportedSkipViewAnimLv=null, disableSurfacePreviewAnimLv=null, ignoreFileExistAnimLv=null
07-18 16:21:02.334  3519  4907 D FlexibleWindowManagerService: isIgnoreAppearedAcrossTask:false
07-18 16:21:02.334  3519  4907 D ActivityStarterExtImpl: setForceUpdateWindow, targetTask = Task{edfb678 #3030 type=standard A=10448:rd.sheepskin.sandboxmusic} r = ActivityRecord{113569740 u0 rd.sheepskin.sandboxmusic/.MainActivity t-1} notFinish =false
07-18 16:21:02.334  3519  4907 D FlexibleWindowManagerService: isIgnoreAppearedAcrossTask:false
07-18 16:21:02.334  3519  4907 D FlexibleTaskController: findSourceTaskForFreeForm: sourceRecord = null ,realCallingPid:14611 ,launchFromZoomMode:false ,prevTopTask:Task{edfb678 #3030 type=standard A=10448:rd.sheepskin.sandboxmusic}
07-18 16:21:02.334  3519  4907 D FlexibleTaskController: findSourceTaskForFreeForm: the caller is not a flexible freeform window application and does not have a zoom windowMode startup parameter
07-18 16:21:02.334  3519  4907 D FlexibleTaskController: adjustOptionsForFlexibleTask not allow options follow process task's options, reason:9 ,reusedOptions:null
07-18 16:21:02.334  3519  4907 I TaskFragmentExtImpl: reset pause in recents anim for mTaskFragment: Task{edfb678 #3030 type=standard A=10448:rd.sheepskin.sandboxmusic}
07-18 16:21:02.335  3519  4907 D FlexibleTaskController: isSupportFlexibleWindow target = rd.sheepskin.sandboxmusic/.MainActivity callPkg = FlexibleTaskController support = true ,caller = 3519
07-18 16:21:02.335  3519  4907 D FlexibleTaskController: shouldKeepFlexibleTask flexibleTask not active.
07-18 16:21:02.335  3519  4907 D ActivityStarterExtImpl: isLaunchingRootActivity = true
07-18 16:21:02.335  3519  3616 E QosSceneRecognizer[ActivityStartScene]: notifyActivityStart get launchedFromUid failed through AppManager! launchedFromPackage: com.android.shell, pkg: rd.sheepskin.sandboxmusic
07-18 16:21:02.336  3519  4907 D ActivityTaskManager: The isLandscapeFullscreenEnabled is: rd.sheepskin.sandboxmusic/.MainActivity
07-18 16:21:02.336  3519  4907 D ActivityTaskManager: The isLandscapeFullscreenEnabled is: rd.sheepskin.sandboxmusic/.MainActivity
07-18 16:21:02.337  4980  4980 D CommandQueueLogger: appTransitionPending displayId=0 forced=false
07-18 16:21:02.337  3519  4907 E Transition: Aborting Transition mSyncId=3291, caller=com.android.server.wm.OplusTransitionUtil.abortTransitionImmediately:109 com.android.server.wm.OplusTransitionController.abortTransitionImmediately:123 com.android.server.wm.ActivityStarterExtImpl.abortTransitionImmediately:1896 
07-18 16:21:02.337  3519  4907 D OplusTransitionController: hookOnAbort, transition: TransitionRecord{6f7831b id=3291 track=0 type=OPEN flags=0x0 state=0 c=[
07-18 16:21:02.337  3519  4907 D OplusTransitionController:    ChangeInfo{3373cb8 container=ActivityRecord{113569740 u0 rd.sheepskin.sandboxmusic/.MainActivity t-1} flags=0x0}
07-18 16:21:02.337  3519  4907 D OplusTransitionController: ]
07-18 16:21:02.337  3519  4907 D OplusTransitionController: }
07-18 16:21:02.337  3519  4907 E OplusAppQuickStart_AppQuickStartController: not start from launcher transition:3291
07-18 16:21:02.337  3519  4907 D KEYLOG_PhoneWindowManager: setKeyguardOccludedLw occluded=false,false,false
07-18 16:21:02.337  3519  4907 D KEYLOG_PhoneWindowManager: setKeyguardOccludedLw occluded=false,false,false
07-18 16:21:02.337  3519  4907 E SchedAssist: binderSetThreadUxFlagByIoctl: ioctl failed, tid=-1 flag=1 ret=-1 errno=25 (Inappropriate ioctl for device)
07-18 16:21:02.338  4980  8984 D KeyguardService: setOccluded(false)
07-18 16:21:02.338  3519  4907 E SchedAssist: binderSetThreadUxFlagByIoctl: ioctl failed, tid=-1 flag=0 ret=-1 errno=25 (Inappropriate ioctl for device)
07-18 16:21:02.338  4980  8984 D KeyguardService: setOccluded: false, animate= false
07-18 16:21:02.338  4980  8984 D KeyguardViewMediator: setOccluded(false)
07-18 16:21:02.338  4980  8984 D KeyguardViewMediator: setOccluded false
07-18 16:21:02.339  4980  8984 D KeyguardService: setOccluded(false)
07-18 16:21:02.339  4980  8984 D KeyguardService: setOccluded: false, animate= false
07-18 16:21:02.339  4980  8984 D KeyguardViewMediator: setOccluded(false)
07-18 16:21:02.339  4980  8984 D KeyguardViewMediator: setOccluded false
07-18 16:21:02.339  3519  4907 I ActivityTaskManager: START u0 {act=android.intent.action.VIEW dat=sandboxmusic://e2e/... flg=0x14000000 xflg=0x4 pkg=rd.sheepskin.sandboxmusic cmp=rd.sheepskin.sandboxmusic/.MainActivity mCallingUid=2000} with LAUNCH_SINGLE_TASK from uid 2000 (BAL_ALLOW_PERMISSION (START_ACTIVITIES_FROM_BACKGROUND permission granted)) result code=3
07-18 16:21:02.341  6994  6994 V Capacitor/AppPlugin: Notifying listeners for event pause
07-18 16:21:02.341  6994  6994 D Capacitor/AppPlugin: No listeners found for event pause
07-18 16:21:02.341  6994  6994 D Capacitor: App paused
07-18 16:21:02.341  4980  4980 D CommandQueueLogger: appTransitionCancelled displayId=0
07-18 16:21:02.341  6994  6994 V Capacitor/AppPlugin: Notifying listeners for event appUrlOpen
07-18 16:21:02.341  4980  4980 D CommandQueueLogger: appTransitionCancelled displayId=0
07-18 16:21:02.341  4980  4980 D KeyguardViewMediator: handleSetOccluded(false)
07-18 16:21:02.341  4980  4980 D NotificationShadeWindowController: setIsAboutToOccluded:false, needApply:false
07-18 16:21:02.341  4980  4980 D KeyguardViewMediator: isOccluded=false,mPowerGestureIntercepted=false
07-18 16:21:02.341  4980  4980 I SystemUi--Keyguard: ChargingAnimationImpl-->onKeyguardOccludeChange occluded= false
07-18 16:21:02.341  4980  4980 I SystemUi--Keyguard: KeyguardSliderLayout-->onKeyguardOccludeChange occluded= false
07-18 16:21:02.341  4980  4980 D KeyguardViewMediator: KeyguardViewMediator queue processing message: SET_OCCLUDED
07-18 16:21:02.341  6994  6994 D ActivityThread: ComponentInfo{rd.sheepskin.sandboxmusic/rd.sheepskin.sandboxmusic.MainActivity} checkFinished=false 4
07-18 16:21:02.341  6994  6994 D ResourcesManagerExtImpl: applyConfigurationToAppResourcesLocked app.getDisplayId() return callback.displayId:0
07-18 16:21:02.342  6994  6994 D Capacitor/AppPlugin: Firing change: true
07-18 16:21:02.342  6994  6994 V Capacitor/AppPlugin: Notifying listeners for event appStateChange
07-18 16:21:02.342  6994  6994 V Capacitor/AppPlugin: Notifying listeners for event resume
07-18 16:21:02.342  6994  6994 D Capacitor/AppPlugin: No listeners found for event resume
07-18 16:21:02.342  6994  6994 D Capacitor: App resumed
07-18 16:21:02.342  3519  4907 V AS.AudioService: uid 10448, callingApp = rd.sheepskin.sandboxmusic
07-18 16:21:02.342  6994  6994 I AudioManager: In setSpeakerphoneOn(), on: false, calling application: rd.sheepskin.sandboxmusic
07-18 16:21:02.343  3519  4907 W AS.AudioService: Audio Settings Permission Denial: setSpeakerphoneOn() from pid=6994, uid=10448
07-18 16:21:02.343  6994  6994 W BluetoothAdapterExtImpl: setSpeakerphoneOn register null!
07-18 16:21:02.346  4980  5015 D WindowManagerShell: onActivityRestartAttempt: topActivity=ComponentInfo{rd.sheepskin.sandboxmusic/rd.sheepskin.sandboxmusic.MainActivity}, wasVisible=true
07-18 16:21:02.355  3519  4903 I Osense-BaseDecisionMaker: notifySceneToAthenaPolicy: SCENE_ACTIVITY_IDLE, bundle: Bundle[{scene=SCENE_ACTIVITY_IDLE}]
07-18 16:21:02.355  3519  4903 I Osense-BaseDecisionMaker: OSense not supported scene! SCENE_ACTIVITY_IDLE
07-18 16:21:02.359 19514 23380 W OPLUS_LOG_LOAD: ==LOGS PROG INFO, prog(com.oplus.camera) ==
07-18 16:21:02.359 19514 23380 I APS_ALOG: flushRoutine g_immediateFlush=0 g_pendingCount=0 g_oobCount=0
07-18 16:21:02.361  3519  3604 W ProcessStats: Tracking association SourceState{dff5762 system/1000 BFgs #252299} whose proc state 4 is better than process ProcessState{e1f07b8 com.android.wallpaper.livepicker:wallpaperService/10229 pkg=com.android.wallpaper.livepicker} proc state 5 (7 skipped)
07-18 16:21:02.463  1890 10009 I sensors-hal: handle_sns_client_event:316, accel_sample: 0: ts=112046874767199 ns; value = [-0.300771, 0.193631, 9.844957], status=3
07-18 16:21:02.463  4980  5029 I SystemUi--Statusbar: OplusNetworkSpeedControllExImpl-->updateNetworkSpeed: isConnected:true,isSwitchOn:true,isSuspend:false,isPause:false
07-18 16:21:02.465  4980  5029 I SystemUi--Statusbar: OplusNetworkSpeedControllExImpl-->getTotalByte: totalRxBytes:3123495457,totalTxBytes:437902056,loopbackTxBytes:274191578,loopbackRxBytes:274191578 ,totalBytes:3013014357
07-18 16:21:02.471  1954  1954 I [UAH_CLIENT]: UahPlatformResAcquire
07-18 16:21:02.471  1954  1954 I [UAH_CLIENT]: UahEventAcquire, cmdid:-3, pkg:2155 8331, identity:qcom-perfd
07-18 16:21:02.473  1954  2160 E ANDR-PERF-RESOURCEQS: ANDR-PERF-RESOURCEQS: AddAndApply() 125: Resource with major=16, minor=0 not supported
07-18 16:21:02.500  1954 14616 I [UAH_CLIENT]: UahRelease, handle:69697
07-18 16:21:02.706  5656  7530 D CommonApp-133-10162: transport layer data is invalid
07-18 16:21:02.706  5656  7530 D CommonApp-133-10448: transport layer data is invalid
07-18 16:21:02.873  2056  2198 D BatteryChargeControl: bcc get no support from charging protocol
07-18 16:21:02.875  6994 14301 W OplusMediaMonitor: [0xb4000072d78a7000] c2.qti.avc.decoder [640*368] inputFps=24, outputFps=24 renderFps=0, discardFps=24
07-18 16:21:02.892  1890 29574 I sensors-hal: handle_oplus_wise_rgb_event:160, wise_rgb:(14546)(cct,lux,ir)[5300.00, 23.70, 67.816635](rgbc)[1130.22, 755.96, 391.70, 2005.82](pwm,hbm,brl,algo)[1.0 0.0 1411.0 2.0],flag 0
07-18 16:21:02.946  5656  5656 D SubsysEventListenerManager-SubsysTelephonyCallback[1]: onSignalStrengthsChanged
07-18 16:21:02.949  4980  5072 I SystemUi--Statusbar: MobileConnectionRepositoryImpl-->subId:2 isSoftSimCard:false slotId:1
07-18 16:21:02.951  5656  5656 D SubsysEventListenerManager-SubsysTelephonyCallback[0]: onSignalStrengthsChanged
07-18 16:21:02.953  5408  5408 D OplusTelephonyController: onSignalStrengthChanged: SignalStrength=SignalStrength:{mCdma=CellSignalStrengthCdma: cdmaDbm=2147483647 cdmaEcio=2147483647 evdoDbm=2147483647 evdoEcio=2147483647 evdoSnr=2147483647 level=0,mGsm=CellSignalStrengthGsm: rssi=2147483647 ber=2147483647 mTa=2147483647 mLevel=0,mWcdma=CellSignalStrengthWcdma: ss=2147483647 ber=2147483647 rscp=2147483647 ecno=2147483647 level=0,mTdscdma=CellSignalStrengthTdscdma: rssi=2147483647 ber=2147483647 rscp=2147483647 level=0,mLte=CellSignalStrengthLte: rssi=-51 rsrp=-72 rsrq=-13 rssnr=12 cqiTableIndex=2147483647 cqi=2147483647 ta=2147483647 level=4 parametersUseForLevel=0,mNr=CellSignalStrengthNr:{ csiRsrp = 2147483647 csiRsrq = 2147483647 csiCqiTableIndex = 2147483647 csiCqiReport = [] ssRsrp = 2147483647 ssRsrq = 2147483647 ssSinr = 2147483647 level = 0 parametersUseForLevel = 0 timingAdvance = 2147483647 },primary=CellSignalStrengthLte}
07-18 16:21:02.955  4980  5072 I SystemUi--Statusbar: MobileConnectionRepositoryImpl-->subId:1 isSoftSimCard:false slotId:0
07-18 16:21:02.955  4980  4980 D Tile.OplusCellularTile: refreshState: tile not listening, ignore
07-18 16:21:02.986  1890 29579 I sensors-hal: handle_sns_std_sensor_event:104, oplus rgb_rear sample: (cct, lux, ir, x, y)[31350, 0, 300000, 455, 116]
07-18 16:21:02.986  1890 29579 I sensors-hal: handle_sns_std_sensor_event:106, oplus rgb_rear sample: (r, g, b, c w)[2, 1, 3, 1, 3]
07-18 16:21:03.092  1890 20175 I sensors-hal: handle_oplus_wise_rgb_event:189, high_pwm_light:lux 22.8,cct 5300.0,brl/algo/ir 1411.0/2.0/0.0,pwm/dc 1.0/0.0,rgbc 1114.949341/741.417725/391.699646/1960.577393,ts 112047542339386,cnt 14547,flag 0
07-18 16:21:03.162  1897 13869 I WifiHAL : event received NL80211_CMD_VENDOR, vendor_id = 0x1374, subcmd = 0xd
07-18 16:21:03.163  3198  3198 I cnss-daemon: nl80211 response handler invoked
07-18 16:21:03.163  3198  3198 I cnss-daemon: nl80211_response_handler: cmd 103, vendorID 4980, subcmd 13  received
07-18 16:21:03.417  2129  3762 D AudioFlinger: fast trackId 933 is playing mute data
07-18 16:21:03.471  1890 10009 I sensors-hal: handle_sns_client_event:316, accel_sample: 0: ts=112047882371574 ns; value = [-0.305560, 0.198419, 9.902418], status=3
07-18 16:21:03.734  5656  7530 D CommonApp-133-10162: transport layer data is invalid
07-18 16:21:03.735  5656  7530 D CommonApp-133-10448: transport layer data is invalid
07-18 16:21:03.846  1960 14318 V Codec2-DumpInput: [processLoop:L697][c2.qti.avc.decoder_341]QueueRead[0] empty, waiting buffer.
07-18 16:21:03.874  2056  2198 D BatteryChargeControl: bcc get no support from charging protocol
07-18 16:21:03.875  6994 14301 W OplusMediaMonitor: [0xb4000072d78a7000] c2.qti.avc.decoder [640*368] inputFps=24, outputFps=23 renderFps=0, discardFps=24
07-18 16:21:03.891  3519  4340 I CwbClient: setCWBDisplayType set mFeatureID = CWB_RGB_VALUE
07-18 16:21:03.892  1890 29574 I sensors-hal: handle_oplus_wise_rgb_event:160, wise_rgb:(14551)(cct,lux,ir)[5300.00, 22.78, 0.000000](rgbc)[1114.95, 755.96, 391.70, 1975.66](pwm,hbm,brl,algo)[1.0 0.0 1411.0 2.0],flag 0
07-18 16:21:04.092  3519  4340 D FusionLightNextGen: raw_lux -1.0, raw_cct -1.0, r/g/b/c: 1114.9/741.4/391.7/1960.6, R/G/B: 28.0/27.0/23.0, bri 1411.0, lux: 21.761421, cct: 5300.0, ir: 0.078175, conf: 2, cnt: 0
07-18 16:21:04.096  9296 10256 W Battery : ThermalControllHandler: MSG_THERMAL_CONTROL_CPU_CTRL_CHANGED: ThermalControlState=true, curThermalPolicyCpu=10, curCpu=6, isUserForeground=true
07-18 16:21:04.096  9296 10256 I [UAH_CLIENT]: uahRuleCtl, ruleId:4, status:1
07-18 16:21:04.107  5656  5656 D VendorWifiService: onEvent event:9,action:1
07-18 16:21:04.115  3519  4590 D ScorerUtils: isLowTraffic: txTputKBps=0, rxTputKBps=1
07-18 16:21:04.115  3519  4590 D OplusWifiPower_TriggerCenter: mComponentCallback: wifistat
07-18 16:21:04.118  1954  1954 I [UAH_CLIENT]: UahPlatformResAcquire
07-18 16:21:04.118  1954  1954 I [UAH_CLIENT]: UahEventAcquire, cmdid:-3, pkg:2155 8332, identity:qcom-perfd
07-18 16:21:04.121  1954  2160 E ANDR-PERF-RESOURCEQS: ANDR-PERF-RESOURCEQS: AddAndApply() 125: Resource with major=16, minor=0 not supported
07-18 16:21:04.129  2155  2911 E HwcComposer: getLuts failed Status(-129, EX_TRANSACTION_FAILED): 'UNKNOWN_TRANSACTION: '
07-18 16:21:04.149  1954 14620 I [UAH_CLIENT]: UahRelease, handle:69700
07-18 16:21:04.199  1925  2357 I SDM     : DisplayBase::CommitThread: Received idle timeout, panel: cmd, timeout: 70000 us
07-18 16:21:04.382  2363  2363 I adbd    : adbd service requested 'shell,v2,TERM=dumb,raw:am start -a android.intent.action.VIEW -d sandboxmusic://e2e/thumb-down -f 0x14000000 rd.sheepskin.sandboxmusic'
07-18 16:21:04.409  1875 29173 D DlbDap2Process: process() called [2813500] times with input channel mask 0x3 (ProcessingMode=1)
07-18 16:21:04.470  3519  4585 I [UAH_CLIENT]: UahEventAcquire, cmdid:2, pkg:none, identity:com.android.server.wm
07-18 16:21:04.471  3519  8749 W ActivityTaskManager: callingPackage for (uid=2000, pid=14623) has no WPC
07-18 16:21:04.471  3519  8749 D WindowManager: NFW_setClientVisible:ActivityRecord{235072751 u0 rd.sheepskin.sandboxmusic/.MainActivity clientVisible:true
07-18 16:21:04.472  3519  8749 V GrammaticalInflectionUtils: AttributionSource: android.content.AttributionSource@a831c29a does not have READ_SYSTEM_GRAMMATICAL_GENDER permission.
07-18 16:21:04.472  3519  8749 D ActivityTaskManager: The isLandscapeFullscreenEnabled is: rd.sheepskin.sandboxmusic/.MainActivity
07-18 16:21:04.472  3519  4354 D StartingSurfacePreviewController: checkSupportSurfacePreview, token=rd.sheepskin.sandboxmusic/.MainActivity, enableSurfacePreview=false, supportMultiLayout=false, unsupportedSkipViewAnimLv=null, disableSurfacePreviewAnimLv=null, ignoreFileExistAnimLv=null
07-18 16:21:04.472  3519  8749 D ActivityTaskManager: The isLandscapeFullscreenEnabled is: rd.sheepskin.sandboxmusic/.MainActivity
07-18 16:21:04.472  3519  8749 D ActivityTaskManager: The isLandscapeFullscreenEnabled is: rd.sheepskin.sandboxmusic/.MainActivity
07-18 16:21:04.473  3519  8749 D ActivityTaskManager: The isLandscapeFullscreenEnabled is: rd.sheepskin.sandboxmusic/.MainActivity
07-18 16:21:04.473  3519  8749 D ActivityTaskManager: The isLandscapeFullscreenEnabled is: rd.sheepskin.sandboxmusic/.MainActivity
07-18 16:21:04.473  3519  8749 D FlexibleTaskController: isSupportFlexibleWindow target = rd.sheepskin.sandboxmusic/.MainActivity callPkg = FlexibleTaskController support = true ,caller = 3519
07-18 16:21:04.473  3519  8749 I AppSnapshotController: init, sysSupport = true, mActivitySupport = false, activityRecord = ActivityRecord{235072751 u0 rd.sheepskin.sandboxmusic/.MainActivity t-1}
07-18 16:21:04.473  3519  3616 E QosSceneRecognizer[ActivityStartScene]: notifyActivityStart get launchedFromUid failed through AppManager! launchedFromPackage: com.android.shell, pkg: rd.sheepskin.sandboxmusic
07-18 16:21:04.474  3519  8749 D FlexibleWindowManagerService: isIgnoreAppearedAcrossTask:false
07-18 16:21:04.475  3519  8749 D ActivityStarterExtImpl: setForceUpdateWindow, targetTask = Task{edfb678 #3030 type=standard A=10448:rd.sheepskin.sandboxmusic} r = ActivityRecord{235072751 u0 rd.sheepskin.sandboxmusic/.MainActivity t-1} notFinish =false
07-18 16:21:04.475  3519  8749 D FlexibleWindowManagerService: isIgnoreAppearedAcrossTask:false
07-18 16:21:04.475  3519  8749 D FlexibleTaskController: findSourceTaskForFreeForm: sourceRecord = null ,realCallingPid:14623 ,launchFromZoomMode:false ,prevTopTask:Task{edfb678 #3030 type=standard A=10448:rd.sheepskin.sandboxmusic}
07-18 16:21:04.475  3519  8749 D FlexibleTaskController: findSourceTaskForFreeForm: the caller is not a flexible freeform window application and does not have a zoom windowMode startup parameter
07-18 16:21:04.475  3519  8749 D FlexibleTaskController: adjustOptionsForFlexibleTask not allow options follow process task's options, reason:9 ,reusedOptions:null
07-18 16:21:04.475  3519  8749 I TaskFragmentExtImpl: reset pause in recents anim for mTaskFragment: Task{edfb678 #3030 type=standard A=10448:rd.sheepskin.sandboxmusic}
07-18 16:21:04.475  3519  8749 D FlexibleTaskController: isSupportFlexibleWindow target = rd.sheepskin.sandboxmusic/.MainActivity callPkg = FlexibleTaskController support = true ,caller = 3519
07-18 16:21:04.475  3519  8749 D FlexibleTaskController: shouldKeepFlexibleTask flexibleTask not active.
07-18 16:21:04.475  3519  8749 D ActivityStarterExtImpl: isLaunchingRootActivity = true
07-18 16:21:04.476  3519  8749 D ActivityTaskManager: The isLandscapeFullscreenEnabled is: rd.sheepskin.sandboxmusic/.MainActivity
07-18 16:21:04.477  3519  8749 D ActivityTaskManager: The isLandscapeFullscreenEnabled is: rd.sheepskin.sandboxmusic/.MainActivity
07-18 16:21:04.477  3519  8749 E Transition: Aborting Transition mSyncId=3292, caller=com.android.server.wm.OplusTransitionUtil.abortTransitionImmediately:109 com.android.server.wm.OplusTransitionController.abortTransitionImmediately:123 com.android.server.wm.ActivityStarterExtImpl.abortTransitionImmediately:1896 
07-18 16:21:04.477  3519  8749 D OplusTransitionController: hookOnAbort, transition: TransitionRecord{5c830da id=3292 track=0 type=OPEN flags=0x0 state=0 c=[
07-18 16:21:04.477  3519  8749 D OplusTransitionController:    ChangeInfo{7bb690b container=ActivityRecord{235072751 u0 rd.sheepskin.sandboxmusic/.MainActivity t-1} flags=0x0}
07-18 16:21:04.477  3519  8749 D OplusTransitionController: ]
07-18 16:21:04.477  3519  8749 D OplusTransitionController: }
07-18 16:21:04.477  3519  8749 E OplusAppQuickStart_AppQuickStartController: not start from launcher transition:3292
07-18 16:21:04.477  3519  8749 D KEYLOG_PhoneWindowManager: setKeyguardOccludedLw occluded=false,false,false
07-18 16:21:04.478  3519  8749 D KEYLOG_PhoneWindowManager: setKeyguardOccludedLw occluded=false,false,false
07-18 16:21:04.478  3519  8749 E SchedAssist: binderSetThreadUxFlagByIoctl: ioctl failed, tid=-1 flag=1 ret=-1 errno=25 (Inappropriate ioctl for device)
07-18 16:21:04.478  3519  8749 E SchedAssist: binderSetThreadUxFlagByIoctl: ioctl failed, tid=-1 flag=0 ret=-1 errno=25 (Inappropriate ioctl for device)
07-18 16:21:04.479  3519  8749 I ActivityTaskManager: START u0 {act=android.intent.action.VIEW dat=sandboxmusic://e2e/... flg=0x14000000 xflg=0x4 pkg=rd.sheepskin.sandboxmusic cmp=rd.sheepskin.sandboxmusic/.MainActivity mCallingUid=2000} with LAUNCH_SINGLE_TASK from uid 2000 (BAL_ALLOW_PERMISSION (START_ACTIVITIES_FROM_BACKGROUND permission granted)) result code=3
07-18 16:21:04.480  4980  8984 D KeyguardService: setOccluded(false)
07-18 16:21:04.480  4980  8984 D KeyguardService: setOccluded: false, animate= false
07-18 16:21:04.480  4980  8984 D KeyguardViewMediator: setOccluded(false)
07-18 16:21:04.480  4980  8984 D KeyguardViewMediator: setOccluded false
07-18 16:21:04.480  4980 28741 D KeyguardService: setOccluded(false)
07-18 16:21:04.480  4980 28741 D KeyguardService: setOccluded: false, animate= false
07-18 16:21:04.480  4980 28741 D KeyguardViewMediator: setOccluded(false)
07-18 16:21:04.480  4980 28741 D KeyguardViewMediator: setOccluded false
07-18 16:21:04.481  4980  4980 D KeyguardViewMediator: handleSetOccluded(false)
07-18 16:21:04.481  6994  6994 V Capacitor/AppPlugin: Notifying listeners for event pause
07-18 16:21:04.481  6994  6994 D Capacitor/AppPlugin: No listeners found for event pause
07-18 16:21:04.481  6994  6994 D Capacitor: App paused
07-18 16:21:04.481  4980  5015 D WindowManagerShell: onActivityRestartAttempt: topActivity=ComponentInfo{rd.sheepskin.sandboxmusic/rd.sheepskin.sandboxmusic.MainActivity}, wasVisible=true
07-18 16:21:04.481  6994  6994 V Capacitor/AppPlugin: Notifying listeners for event appUrlOpen
07-18 16:21:04.481  1890 10009 I sensors-hal: handle_sns_client_event:316, accel_sample: 0: ts=112048889978136 ns; value = [-0.324713, 0.198419, 9.888053], status=3
07-18 16:21:04.481  4980  4980 D NotificationShadeWindowController: setIsAboutToOccluded:false, needApply:false
07-18 16:21:04.481  4980  4980 D KeyguardViewMediator: isOccluded=false,mPowerGestureIntercepted=false
07-18 16:21:04.481  4980  4980 I SystemUi--Keyguard: ChargingAnimationImpl-->onKeyguardOccludeChange occluded= false
07-18 16:21:04.481  6994  6994 D ActivityThread: ComponentInfo{rd.sheepskin.sandboxmusic/rd.sheepskin.sandboxmusic.MainActivity} checkFinished=false 4
07-18 16:21:04.481  4980  4980 I SystemUi--Keyguard: KeyguardSliderLayout-->onKeyguardOccludeChange occluded= false
07-18 16:21:04.481  6994  6994 D ResourcesManagerExtImpl: applyConfigurationToAppResourcesLocked app.getDisplayId() return callback.displayId:0
07-18 16:21:04.481  4980  4980 D KeyguardViewMediator: KeyguardViewMediator queue processing message: SET_OCCLUDED
07-18 16:21:04.481  6994  6994 D Capacitor/AppPlugin: Firing change: true
07-18 16:21:04.481  6994  6994 V Capacitor/AppPlugin: Notifying listeners for event appStateChange
07-18 16:21:04.482  6994  6994 V Capacitor/AppPlugin: Notifying listeners for event resume
07-18 16:21:04.482  6994  6994 D Capacitor/AppPlugin: No listeners found for event resume
07-18 16:21:04.482  6994  6994 D Capacitor: App resumed
07-18 16:21:04.482  3519  4907 V AS.AudioService: uid 10448, callingApp = rd.sheepskin.sandboxmusic
07-18 16:21:04.482  4980  4980 D CommandQueueLogger: appTransitionPending displayId=0 forced=false
07-18 16:21:04.482  6994  6994 I AudioManager: In setSpeakerphoneOn(), on: false, calling application: rd.sheepskin.sandboxmusic
07-18 16:21:04.483  3519  4907 W AS.AudioService: Audio Settings Permission Denial: setSpeakerphoneOn() from pid=6994, uid=10448
07-18 16:21:04.483  4980  4980 D CommandQueueLogger: appTransitionCancelled displayId=0
07-18 16:21:04.483  6994  6994 W BluetoothAdapterExtImpl: setSpeakerphoneOn register null!
07-18 16:21:04.483  4980  4980 D CommandQueueLogger: appTransitionCancelled displayId=0
07-18 16:21:04.492  3519  4903 I Osense-BaseDecisionMaker: notifySceneToAthenaPolicy: SCENE_ACTIVITY_IDLE, bundle: Bundle[{scene=SCENE_ACTIVITY_IDLE}]
07-18 16:21:04.493  3519  4903 I Osense-BaseDecisionMaker: OSense not supported scene! SCENE_ACTIVITY_IDLE
07-18 16:21:04.549  6994 14308 D BufferPoolAccessor2.0: bufferpool2 0xb40000717eb13028 : 18(56401920 size) total buffers - 11(34467840 size) used buffers - 650/668 (recycle/alloc) - 25/667 (fetch/transfer)
07-18 16:21:04.635  1765  8457 E         : DNS_CACHE: hanle request << lookupdns: hostname:z-m-gateway.facebook.com, servername:443, ai_flags:1024, ai_family:0, ai_socktype:2, ai_protocol:0, netid:0, uid:10303
07-18 16:21:04.637 12566 13266 D DNS_CACHE: oplus_oplus_getaddrinfo_proxy lookup from netd: hostname:z-m-gateway.facebook.com, servname:443 uid: 10303, result_code:408, res = 0x0, found = 0
07-18 16:21:04.645  5485  5817 D DnsDomainBlock: onDnsEvent: latencyMs=2, returnCode=4, uid=10303
07-18 16:21:04.651 12566 13271 E msgr.msys: E[N mns:DGWClient]_LogError(328)=>Failed to resolve using system DNS resolver, getaddrinfo(): No address associated with hostname
07-18 16:21:04.660  1765  8457 E         : DNS_CACHE: hanle request << lookupdns: hostname:z-m-gateway.facebook.com, servername:443, ai_flags:1024, ai_family:0, ai_socktype:1, ai_protocol:0, netid:0, uid:10303
07-18 16:21:04.660 12566 13267 D DNS_CACHE: oplus_oplus_getaddrinfo_proxy lookup from netd: hostname:z-m-gateway.facebook.com, servname:443 uid: 10303, result_code:408, res = 0x0, found = 0
07-18 16:21:04.661 12566 13271 E msgr.msys: E[N mns:DGWClient]_LogError(328)=>Failed to resolve using system DNS resolver, getaddrinfo(): No address associated with hostname
07-18 16:21:04.754  5656  7530 D CommonApp-133-10162: transport layer data is invalid
07-18 16:21:04.754  5656  7530 D CommonApp-133-10448: transport layer data is invalid
07-18 16:21:04.811  3519  6109 I AICCTModule: SensorFilter: brightness threshold 1.2 screenNit is 118.22056 ave enviroment lux is 21.977854 luxForNit 47.122368demarcationPoint200.0 result is true
07-18 16:21:04.868  1954  1954 I [UAH_CLIENT]: UahPlatformResAcquire
07-18 16:21:04.868  1954  1954 I [UAH_CLIENT]: UahEventAcquire, cmdid:-3, pkg:2155 8333, identity:qcom-perfd
07-18 16:21:04.870  1954  2160 E ANDR-PERF-RESOURCEQS: ANDR-PERF-RESOURCEQS: AddAndApply() 125: Resource with major=16, minor=0 not supported
07-18 16:21:04.874  2056  2198 D BatteryChargeControl: bcc get no support from charging protocol
07-18 16:21:04.875  6994 14301 W OplusMediaMonitor: [0xb4000072d78a7000] c2.qti.avc.decoder [640*368] inputFps=24, outputFps=25 renderFps=0, discardFps=24
07-18 16:21:04.891  1890 29574 I sensors-hal: handle_oplus_wise_rgb_event:160, wise_rgb:(14556)(cct,lux,ir)[5300.00, 23.31, 0.000000](rgbc)[1114.95, 741.42, 376.63, 1975.66](pwm,hbm,brl,algo)[1.0 0.0 1411.0 2.0],flag 0
07-18 16:21:04.897  1954 14630 I [UAH_CLIENT]: UahRelease, handle:69702
07-18 16:21:04.901  6994 14325 D PipelineWatcher: [0xb40000718b108f00] pipelineFull: too many frames in pipeline (6)
07-18 16:21:04.901  6994 14308 D PipelineWatcher: [0xb40000718b108f00] pipelineFull: too many frames in pipeline (6)
07-18 16:21:04.940  2129  3762 D AudioFlinger: fast trackId 929 is playing mute data
07-18 16:21:04.981  2129  3762 D AudioFlinger: fast trackId 930 is playing mute data
07-18 16:21:05.026  3186 14329 D BufferPoolAccessor2.0: bufferpool2 0xb400007b84d09628 : 6(24576 size) total buffers - 1(4096 size) used buffers - 1126/1132 (recycle/alloc) - 10/1131 (fetch/transfer)
07-18 16:21:05.030  6994 14325 D PipelineWatcher: [0xb40000718b108f00] pipelineFull: too many frames in pipeline (6)
07-18 16:21:05.092  1890 20175 I sensors-hal: handle_oplus_wise_rgb_event:189, high_pwm_light:lux 23.3,cct 5300.0,brl/algo/ir 1411.0/2.0/0.0,pwm/dc 1.0/0.0,rgbc 1114.949341/741.417725/376.634277/1975.658813,ts 112049542343553,cnt 14557,flag 0
07-18 16:21:05.175  3198  3198 I cnss-daemon: nl80211 response handler invoked
07-18 16:21:05.175  3198  3198 I cnss-daemon: nl80211_response_handler: cmd 103, vendorID 4980, subcmd 13  received
07-18 16:21:05.175  1897 13869 I WifiHAL : event received NL80211_CMD_VENDOR, vendor_id = 0x1374, subcmd = 0xd
07-18 16:21:05.207  3519  3604 E BLASTSyncEngine: WM sent Transaction (#3290, Transition-OPEN, tx=15113990331933) to organizer, but never received commit callback. Application ANR likely to follow.
07-18 16:21:05.208  3519  3604 I BLASTSyncEngineExtImpl: syncTransitionCommitTimeout  syncGroupId=3290,merged.mNativeObjec=-5476376663957980928
07-18 16:21:05.208  3519  3604 I BLASTSyncEngine: onCommitted syncId: 3290, timeout: true ran: false
07-18 16:21:05.210  1954  1954 I [UAH_CLIENT]: UahPlatformResAcquire
07-18 16:21:05.211  1954  1954 I [UAH_CLIENT]: UahEventAcquire, cmdid:-3, pkg:2155 8334, identity:qcom-perfd
07-18 16:21:05.214  1954  2160 E ANDR-PERF-RESOURCEQS: ANDR-PERF-RESOURCEQS: AddAndApply() 125: Resource with major=16, minor=0 not supported
07-18 16:21:05.242  1954 14633 I [UAH_CLIENT]: UahRelease, handle:69704
07-18 16:21:05.338  6994 14325 D BufferPoolAccessor2.0: bufferpool2 0xb4000072d7880228 : 8(65536 size) total buffers - 1(8192 size) used buffers - 1145/1153 (recycle/alloc) - 9/1151 (fetch/transfer)
07-18 16:21:05.507  5656  5656 D SubsysEventListenerManager-SubsysTelephonyCallback[1]: onSignalStrengthsChanged
07-18 16:21:05.509  4980  5072 I SystemUi--Statusbar: MobileConnectionRepositoryImpl-->subId:2 isSoftSimCard:false slotId:1
07-18 16:21:05.513  5408  5408 D OplusTelephonyController: onSignalStrengthChanged: SignalStrength=SignalStrength:{mCdma=CellSignalStrengthCdma: cdmaDbm=2147483647 cdmaEcio=2147483647 evdoDbm=2147483647 evdoEcio=2147483647 evdoSnr=2147483647 level=0,mGsm=CellSignalStrengthGsm: rssi=2147483647 ber=2147483647 mTa=2147483647 mLevel=0,mWcdma=CellSignalStrengthWcdma: ss=2147483647 ber=2147483647 rscp=2147483647 ecno=2147483647 level=0,mTdscdma=CellSignalStrengthTdscdma: rssi=2147483647 ber=2147483647 rscp=2147483647 level=0,mLte=CellSignalStrengthLte: rssi=-51 rsrp=-73 rsrq=-14 rssnr=13 cqiTableIndex=2147483647 cqi=2147483647 ta=2147483647 level=4 parametersUseForLevel=0,mNr=CellSignalStrengthNr:{ csiRsrp = 2147483647 csiRsrq = 2147483647 csiCqiTableIndex = 2147483647 csiCqiReport = [] ssRsrp = 2147483647 ssRsrq = 2147483647 ssSinr = 2147483647 level = 0 parametersUseForLevel = 0 timingAdvance = 2147483647 },primary=CellSignalStrengthLte}
07-18 16:21:05.513  5656  5656 D SubsysEventListenerManager-SubsysTelephonyCallback[0]: onSignalStrengthsChanged
07-18 16:21:05.514  4980  4980 D Tile.OplusCellularTile: refreshState: tile not listening, ignore
07-18 16:21:05.515  4980  5072 I SystemUi--Statusbar: MobileConnectionRepositoryImpl-->subId:1 isSoftSimCard:false slotId:0
07-18 16:21:05.536  1890 10009 I sensors-hal: handle_sns_client_event:316, accel_sample: 0: ts=112049897586313 ns; value = [-0.319925, 0.207996, 9.897630], status=3
07-18 16:21:05.779  5656  7530 D CommonApp-133-10162: transport layer data is invalid
07-18 16:21:05.781  5656  7530 D CommonApp-133-10448: transport layer data is invalid
07-18 16:21:05.783 27601 24989 W OplusMediaMonitor: [0xb4000071adcc6800] c2.qti.avc.decoder [544*544] inputFps=0, outputFps=0 renderFps=0, discardFps=0
07-18 16:21:05.876  2056  2198 D BatteryChargeControl: bcc get no support from charging protocol
07-18 16:21:05.877  6994 14301 W OplusMediaMonitor: [0xb4000072d78a7000] c2.qti.avc.decoder [640*368] inputFps=24, outputFps=24 renderFps=0, discardFps=24
07-18 16:21:05.892  1890 29574 I sensors-hal: handle_oplus_wise_rgb_event:160, wise_rgb:(14561)(cct,lux,ir)[5300.00, 23.12, 0.000000](rgbc)[1099.68, 726.88, 376.63, 1945.50](pwm,hbm,brl,algo)[1.0 0.0 1411.0 2.0],flag 0
07-18 16:21:06.011  1890 29579 I sensors-hal: handle_sns_std_sensor_event:104, oplus rgb_rear sample: (cct, lux, ir, x, y)[1551, 0, 150000, 388, 232]
07-18 16:21:06.011  1890 29579 I sensors-hal: handle_sns_std_sensor_event:106, oplus rgb_rear sample: (r, g, b, c w)[2, 2, 3, 2, 3]
07-18 16:21:06.123  9131  9241 D gaia-GaiaConnectChecker: start connect check++
07-18 16:21:06.293  3519  4340 W OPLUS_LOG_LOAD: ==LOGS PROG INFO, prog(system_server) ==
07-18 16:21:06.293  3519  4340 I CwbClient: setCWBDisplayType set mFeatureID = CWB_RGB_VALUE
07-18 16:21:06.302  1954  1954 I [UAH_CLIENT]: UahPlatformResAcquire
07-18 16:21:06.302  1954  1954 I [UAH_CLIENT]: UahEventAcquire, cmdid:-3, pkg:2155 8331, identity:qcom-perfd
07-18 16:21:06.305  1954  2160 E ANDR-PERF-RESOURCEQS: ANDR-PERF-RESOURCEQS: AddAndApply() 125: Resource with major=16, minor=0 not supported
07-18 16:21:06.318  2155  2911 E HwcComposer: getLuts failed Status(-129, EX_TRANSACTION_FAILED): 'UNKNOWN_TRANSACTION: '
07-18 16:21:06.332  1954 14636 I [UAH_CLIENT]: UahRelease, handle:69705
07-18 16:21:06.388  1925  2357 I SDM     : DisplayBase::CommitThread: Received idle timeout, panel: cmd, timeout: 70000 us
07-18 16:21:06.440  2129  3762 D AudioFlinger: fast trackId 933 is playing mute data
07-18 16:21:06.467  4980  5029 I SystemUi--Statusbar: OplusNetworkSpeedControllExImpl-->updateNetworkSpeed: isConnected:true,isSwitchOn:true,isSuspend:false,isPause:false
07-18 16:21:06.471  4980  5029 I SystemUi--Statusbar: OplusNetworkSpeedControllExImpl-->getTotalByte: totalRxBytes:3123502759,totalTxBytes:437902056,loopbackTxBytes:274191578,loopbackRxBytes:274191578 ,totalBytes:3013021659
07-18 16:21:06.488  1954  1954 I [UAH_CLIENT]: UahPlatformResAcquire
07-18 16:21:06.488  1954  1954 I [UAH_CLIENT]: UahEventAcquire, cmdid:-3, pkg:2155 8332, identity:qcom-perfd
07-18 16:21:06.490  1960 24179 V Codec2-DumpInput: [processLoop:L697][c2.qti.avc.decoder_264]QueueRead[0] empty, waiting buffer.
07-18 16:21:06.491  1954  2160 E ANDR-PERF-RESOURCEQS: ANDR-PERF-RESOURCEQS: AddAndApply() 125: Resource with major=16, minor=0 not supported
07-18 16:21:06.492  3519  4340 D FusionLightNextGen: raw_lux -1.0, raw_cct -1.0, r/g/b/c: 1114.9/741.4/376.6/1960.6, R/G/B: 28.0/27.0/23.0, bri 1411.0, lux: 21.761421, cct: 5300.0, ir: 0.073704, conf: 2, cnt: 0
07-18 16:21:06.493  1960 21869 V Codec2-DumpInput: [processLoop:L697][c2.qti.avc.decoder_214]QueueRead[0] empty, waiting buffer.
07-18 16:21:06.495  1960 24998 V Codec2-DumpInput: [processLoop:L697][c2.qti.avc.decoder_184]QueueRead[0] empty, waiting buffer.
07-18 16:21:06.517  1954 14638 I [UAH_CLIENT]: UahRelease, handle:69706
07-18 16:21:06.544  1890 10009 I sensors-hal: handle_sns_client_event:316, accel_sample: 0: ts=112050905193293 ns; value = [-0.310348, 0.198419, 9.859323], status=3
07-18 16:21:06.647  1765  8457 E         : DNS_CACHE: hanle request << lookupdns: hostname:test-gateway.instagram.com, servername:443, ai_flags:1024, ai_family:0, ai_socktype:2, ai_protocol:0, netid:0, uid:10526
07-18 16:21:06.650 26444 26891 D DNS_CACHE: oplus_oplus_getaddrinfo_proxy lookup from netd: hostname:test-gateway.instagram.com, servname:443 uid: 10526, result_code:408, res = 0x0, found = 0
07-18 16:21:06.658  5485  5817 D DnsDomainBlock: onDnsEvent: latencyMs=0, returnCode=4, uid=10526
07-18 16:21:06.658 26444 26856 E msys    : E[N mns:DGWClient]_LogError(328)=>Failed to resolve using system DNS resolver, getaddrinfo(): No address associated with hostname
07-18 16:21:06.663  1765  8457 E         : DNS_CACHE: hanle request << lookupdns: hostname:test-gateway.instagram.com, servername:443, ai_flags:1024, ai_family:0, ai_socktype:1, ai_protocol:0, netid:0, uid:10526
07-18 16:21:06.664 26444 26889 D DNS_CACHE: oplus_oplus_getaddrinfo_proxy lookup from netd: hostname:test-gateway.instagram.com, servname:443 uid: 10526, result_code:408, res = 0x0, found = 0
07-18 16:21:06.665 26444 26856 E msys    : E[N mns:DGWClient]_LogError(328)=>Failed to resolve using system DNS resolver, getaddrinfo(): No address associated with hostname
07-18 16:21:06.802  5656  7530 D CommonApp-133-10162: transport layer data is invalid
07-18 16:21:06.803  5656  7530 D CommonApp-133-10448: transport layer data is invalid
07-18 16:21:06.877  6994 14301 W OplusMediaMonitor: [0xb4000072d78a7000] c2.qti.avc.decoder [640*368] inputFps=24, outputFps=24 renderFps=0, discardFps=24
07-18 16:21:06.877  2056  2198 D BatteryChargeControl: bcc get no support from charging protocol
07-18 16:21:06.892  1890 29574 I sensors-hal: handle_oplus_wise_rgb_event:160, wise_rgb:(14566)(cct,lux,ir)[5300.00, 22.60, 0.000000](rgbc)[1114.95, 741.42, 376.63, 1960.58](pwm,hbm,brl,algo)[1.0 0.0 1411.0 2.0],flag 0
07-18 16:21:06.907 27601 21865 W OplusMediaMonitor: [0xb4000070a7f84000] c2.qti.avc.decoder [544*544] inputFps=0, outputFps=0 renderFps=0, discardFps=0
07-18 16:21:06.954  6994 14325 D PipelineWatcher: [0xb40000718b108f00] pipelineFull: too many frames in pipeline (6)
07-18 16:21:06.954  6994 14308 D PipelineWatcher: [0xb40000718b108f00] pipelineFull: too many frames in pipeline (6)
07-18 16:21:06.955  2056  2184 D vendor.oplus.hardware.charger-V10-service: ret_value:123, read content:,338,338,4016,4013,181,66,69,1,1,0,450,4997,68,1,4430,300,500,0,7,2500,7,0,1,0,2,0,0,0,1,5397,93,0,3068,4672,0,0,0,0,0,105
07-18 16:21:06.955  2056  2184 D vendor.oplus.hardware.charger-V10-service: gmtime: 2026-07-18-16-21-06
07-18 16:21:06.956  2056  2184 D vendor.oplus.hardware.charger-V10-service: usb_online:1, ac_online:-2147483648, wireless_online:0
07-18 16:21:07.090  1875 29173 D DlbDap2Process: process() called [2814000] times with input channel mask 0x3 (ProcessingMode=1)
07-18 16:21:07.092  1890 20175 I sensors-hal: handle_oplus_wise_rgb_event:189, high_pwm_light:lux 22.4,cct 5300.0,brl/algo/ir 1411.0/2.0/0.0,pwm/dc 1.0/0.0,rgbc 1099.676147/741.417725/376.634277/1945.496094,ts 112051542339126,cnt 14567,flag 0
07-18 16:21:07.136  6265  6390 E horae   : 0: target_temp:33800, back:33800,frame:33800,front:33800, 3, +(0), 1 ,33800, algo:0
07-18 16:21:07.139  5656  5656 D VendorWifiService: onEvent event:9,action:1
07-18 16:21:07.143  1954  1954 I [UAH_CLIENT]: UahPlatformResAcquire
07-18 16:21:07.143  1954  1954 I [UAH_CLIENT]: UahEventAcquire, cmdid:-3, pkg:2155 8333, identity:qcom-perfd
07-18 16:21:07.145  1954  2160 E ANDR-PERF-RESOURCEQS: ANDR-PERF-RESOURCEQS: AddAndApply() 125: Resource with major=16, minor=0 not supported
07-18 16:21:07.145  5380 12238 D IpClient/wlan0: interfaceLinkStateChanged: ifindex 27 up
07-18 16:21:07.146  3519  4590 D ScorerUtils: isLowTraffic: txTputKBps=0, rxTputKBps=1
07-18 16:21:07.146  3519  4590 D OplusWifiPower_TriggerCenter: mComponentCallback: wifistat
07-18 16:21:07.165  2155  2911 E HwcComposer: getLuts failed Status(-129, EX_TRANSACTION_FAILED): 'UNKNOWN_TRANSACTION: '
07-18 16:21:07.171  1954 14642 I [UAH_CLIENT]: UahRelease, handle:69707
07-18 16:21:07.177  1897 13869 I WifiHAL : event received NL80211_CMD_VENDOR, vendor_id = 0x1374, subcmd = 0xd
07-18 16:21:07.178  3198  3198 I cnss-daemon: nl80211 response handler invoked
07-18 16:21:07.178  3198  3198 I cnss-daemon: nl80211_response_handler: cmd 103, vendorID 4980, subcmd 13  received
07-18 16:21:07.234  1925  2357 I SDM     : DisplayBase::CommitThread: Received idle timeout, panel: cmd, timeout: 70000 us
07-18 16:21:07.340  3519  3604 E BLASTSyncEngine: WM sent Transaction (#3291, Transition-OPEN, tx=15113990331940) to organizer, but never received commit callback. Application ANR likely to follow.
07-18 16:21:07.340  3519  3604 I BLASTSyncEngineExtImpl: syncTransitionCommitTimeout  syncGroupId=3291,merged.mNativeObjec=-5476376663957973248
07-18 16:21:07.340  3519  3604 I BLASTSyncEngine: onCommitted syncId: 3291, timeout: true ran: false
07-18 16:21:07.346  1954  1954 I [UAH_CLIENT]: UahPlatformResAcquire
07-18 16:21:07.346  1954  1954 I [UAH_CLIENT]: UahEventAcquire, cmdid:-3, pkg:2155 8334, identity:qcom-perfd
07-18 16:21:07.349  1954  2160 E ANDR-PERF-RESOURCEQS: ANDR-PERF-RESOURCEQS: AddAndApply() 125: Resource with major=16, minor=0 not supported
07-18 16:21:07.360 19514 23380 I APS_ALOG: flushRoutine g_immediateFlush=0 g_pendingCount=0 g_oobCount=0
07-18 16:21:07.378  1954 14644 I [UAH_CLIENT]: UahRelease, handle:69708
07-18 16:21:07.514  3519  6109 I AICCTModule: SensorFilter: brightness threshold 1.2 screenNit is 118.22056 ave enviroment lux is 21.761421 luxForNit 46.909218demarcationPoint200.0 result is true
07-18 16:21:07.521  2363  2363 I adbd    : adbd service requested 'shell,v2,TERM=dumb,raw:am start -a android.intent.action.VIEW -d sandboxmusic://e2e/probe-thumb-visual?which=down -f 0x14000000 rd.sheepskin.sandboxmusic'
07-18 16:21:07.552  1890 10009 I sensors-hal: handle_sns_client_event:316, accel_sample: 0: ts=112051912796366 ns; value = [-0.310348, 0.203208, 9.873688], status=3
07-18 16:21:07.592  3519  4585 I [UAH_CLIENT]: UahEventAcquire, cmdid:2, pkg:none, identity:com.android.server.wm
07-18 16:21:07.593  3519  4907 W ActivityTaskManager: callingPackage for (uid=2000, pid=14648) has no WPC
07-18 16:21:07.594  3519  4907 D WindowManager: NFW_setClientVisible:ActivityRecord{160759422 u0 rd.sheepskin.sandboxmusic/.MainActivity clientVisible:true
07-18 16:21:07.594  3519  4907 V GrammaticalInflectionUtils: AttributionSource: android.content.AttributionSource@a831c29a does not have READ_SYSTEM_GRAMMATICAL_GENDER permission.
07-18 16:21:07.594  3519  4907 D ActivityTaskManager: The isLandscapeFullscreenEnabled is: rd.sheepskin.sandboxmusic/.MainActivity
07-18 16:21:07.594  3519  4354 D StartingSurfacePreviewController: checkSupportSurfacePreview, token=rd.sheepskin.sandboxmusic/.MainActivity, enableSurfacePreview=false, supportMultiLayout=false, unsupportedSkipViewAnimLv=null, disableSurfacePreviewAnimLv=null, ignoreFileExistAnimLv=null
07-18 16:21:07.595  3519  4907 D ActivityTaskManager: The isLandscapeFullscreenEnabled is: rd.sheepskin.sandboxmusic/.MainActivity
07-18 16:21:07.595  3519  4907 D ActivityTaskManager: The isLandscapeFullscreenEnabled is: rd.sheepskin.sandboxmusic/.MainActivity
07-18 16:21:07.595  3519  4907 D ActivityTaskManager: The isLandscapeFullscreenEnabled is: rd.sheepskin.sandboxmusic/.MainActivity
07-18 16:21:07.595  3519  4907 D ActivityTaskManager: The isLandscapeFullscreenEnabled is: rd.sheepskin.sandboxmusic/.MainActivity
07-18 16:21:07.595  3519  4907 D FlexibleTaskController: isSupportFlexibleWindow target = rd.sheepskin.sandboxmusic/.MainActivity callPkg = FlexibleTaskController support = true ,caller = 3519
07-18 16:21:07.596  3519  4907 I AppSnapshotController: init, sysSupport = true, mActivitySupport = false, activityRecord = ActivityRecord{160759422 u0 rd.sheepskin.sandboxmusic/.MainActivity t-1}
07-18 16:21:07.596  3519  3616 E QosSceneRecognizer[ActivityStartScene]: notifyActivityStart get launchedFromUid failed through AppManager! launchedFromPackage: com.android.shell, pkg: rd.sheepskin.sandboxmusic
07-18 16:21:07.597  3519  4907 D FlexibleWindowManagerService: isIgnoreAppearedAcrossTask:false
07-18 16:21:07.597  3519  4907 D ActivityStarterExtImpl: setForceUpdateWindow, targetTask = Task{edfb678 #3030 type=standard A=10448:rd.sheepskin.sandboxmusic} r = ActivityRecord{160759422 u0 rd.sheepskin.sandboxmusic/.MainActivity t-1} notFinish =false
07-18 16:21:07.597  3519  4907 D FlexibleWindowManagerService: isIgnoreAppearedAcrossTask:false
07-18 16:21:07.598  3519  4907 D FlexibleTaskController: findSourceTaskForFreeForm: sourceRecord = null ,realCallingPid:14648 ,launchFromZoomMode:false ,prevTopTask:Task{edfb678 #3030 type=standard A=10448:rd.sheepskin.sandboxmusic}
07-18 16:21:07.598  3519  4907 D FlexibleTaskController: findSourceTaskForFreeForm: the caller is not a flexible freeform window application and does not have a zoom windowMode startup parameter
07-18 16:21:07.598  3519  4907 D FlexibleTaskController: adjustOptionsForFlexibleTask not allow options follow process task's options, reason:9 ,reusedOptions:null
07-18 16:21:07.598  3519  4907 I TaskFragmentExtImpl: reset pause in recents anim for mTaskFragment: Task{edfb678 #3030 type=standard A=10448:rd.sheepskin.sandboxmusic}
07-18 16:21:07.598  3519  4907 D FlexibleTaskController: isSupportFlexibleWindow target = rd.sheepskin.sandboxmusic/.MainActivity callPkg = FlexibleTaskController support = true ,caller = 3519
07-18 16:21:07.598  3519  4907 D FlexibleTaskController: shouldKeepFlexibleTask flexibleTask not active.
07-18 16:21:07.598  3519  4907 D ActivityStarterExtImpl: isLaunchingRootActivity = true
07-18 16:21:07.599  3519  4907 D ActivityTaskManager: The isLandscapeFullscreenEnabled is: rd.sheepskin.sandboxmusic/.MainActivity
07-18 16:21:07.599  4980  4980 D CommandQueueLogger: appTransitionPending displayId=0 forced=false
07-18 16:21:07.600  3519  4907 D ActivityTaskManager: The isLandscapeFullscreenEnabled is: rd.sheepskin.sandboxmusic/.MainActivity
07-18 16:21:07.600  3519  4907 E Transition: Aborting Transition mSyncId=3293, caller=com.android.server.wm.OplusTransitionUtil.abortTransitionImmediately:109 com.android.server.wm.OplusTransitionController.abortTransitionImmediately:123 com.android.server.wm.ActivityStarterExtImpl.abortTransitionImmediately:1896 
07-18 16:21:07.600  3519  4907 D OplusTransitionController: hookOnAbort, transition: TransitionRecord{bc69ef5 id=3293 track=0 type=OPEN flags=0x0 state=0 c=[
07-18 16:21:07.600  3519  4907 D OplusTransitionController:    ChangeInfo{e7e848a container=ActivityRecord{160759422 u0 rd.sheepskin.sandboxmusic/.MainActivity t-1} flags=0x0}
07-18 16:21:07.600  3519  4907 D OplusTransitionController: ]
07-18 16:21:07.600  3519  4907 D OplusTransitionController: }
07-18 16:21:07.600  3519  4907 E OplusAppQuickStart_AppQuickStartController: not start from launcher transition:3293
07-18 16:21:07.601  3519  4907 D KEYLOG_PhoneWindowManager: setKeyguardOccludedLw occluded=false,false,false
07-18 16:21:07.601  3519  4907 D KEYLOG_PhoneWindowManager: setKeyguardOccludedLw occluded=false,false,false
07-18 16:21:07.601  4980 28736 D KeyguardService: setOccluded(false)
07-18 16:21:07.601  4980 28736 D KeyguardService: setOccluded: false, animate= false
07-18 16:21:07.601  4980 28736 D KeyguardViewMediator: setOccluded(false)
07-18 16:21:07.601  4980 28736 D KeyguardViewMediator: setOccluded false
07-18 16:21:07.601  3519  4907 E SchedAssist: binderSetThreadUxFlagByIoctl: ioctl failed, tid=-1 flag=1 ret=-1 errno=25 (Inappropriate ioctl for device)
07-18 16:21:07.601  4980  4980 D KeyguardViewMediator: handleSetOccluded(false)
07-18 16:21:07.601  4980 28736 D KeyguardService: setOccluded(false)
07-18 16:21:07.601  4980 28736 D KeyguardService: setOccluded: false, animate= false
07-18 16:21:07.601  4980 28736 D KeyguardViewMediator: setOccluded(false)
07-18 16:21:07.601  4980 28736 D KeyguardViewMediator: setOccluded false
07-18 16:21:07.601  4980  4980 D NotificationShadeWindowController: setIsAboutToOccluded:false, needApply:false
07-18 16:21:07.601  4980  4980 D KeyguardViewMediator: isOccluded=false,mPowerGestureIntercepted=false
07-18 16:21:07.601  4980  4980 I SystemUi--Keyguard: ChargingAnimationImpl-->onKeyguardOccludeChange occluded= false
07-18 16:21:07.601  4980  4980 I SystemUi--Keyguard: KeyguardSliderLayout-->onKeyguardOccludeChange occluded= false
07-18 16:21:07.601  4980  4980 D KeyguardViewMediator: KeyguardViewMediator queue processing message: SET_OCCLUDED
07-18 16:21:07.601  4980  4980 D KeyguardViewMediator: handleSetOccluded(false)
07-18 16:21:07.601  4980  4980 D NotificationShadeWindowController: setIsAboutToOccluded:false, needApply:false
07-18 16:21:07.601  4980  4980 D KeyguardViewMediator: isOccluded=false,mPowerGestureIntercepted=false
