07-18 16:20:57.084  4980 28741 D KeyguardService: setOccluded: false, animate= false
07-18 16:20:57.084  3519  4907 E SchedAssist: binderSetThreadUxFlagByIoctl: ioctl failed, tid=-1 flag=0 ret=-1 errno=25 (Inappropriate ioctl for device)
07-18 16:20:57.085  3519  4907 I ActivityTaskManager: START u0 {act=android.intent.action.VIEW dat=sandboxmusic://e2e/... flg=0x14000000 xflg=0x4 pkg=rd.sheepskin.sandboxmusic cmp=rd.sheepskin.sandboxmusic/.MainActivity mCallingUid=2000} with LAUNCH_SINGLE_TASK from uid 2000 (BAL_ALLOW_PERMISSION (START_ACTIVITIES_FROM_BACKGROUND permission granted)) result code=3
07-18 16:20:57.085  4980 28741 D KeyguardViewMediator: setOccluded(false)
07-18 16:20:57.085  4980 28741 D KeyguardViewMediator: setOccluded false
07-18 16:20:57.086  6994  6994 V Capacitor/AppPlugin: Notifying listeners for event pause
07-18 16:20:57.086  6994  6994 D Capacitor/AppPlugin: No listeners found for event pause
07-18 16:20:57.086  6994  6994 D Capacitor: App paused
07-18 16:20:57.086  6994  6994 V Capacitor/AppPlugin: Notifying listeners for event appUrlOpen
07-18 16:20:57.087  6994  6994 D ActivityThread: ComponentInfo{rd.sheepskin.sandboxmusic/rd.sheepskin.sandboxmusic.MainActivity} checkFinished=false 4
07-18 16:20:57.087  6994  6994 D ResourcesManagerExtImpl: applyConfigurationToAppResourcesLocked app.getDisplayId() return callback.displayId:0
07-18 16:20:57.087  6994  6994 D Capacitor/AppPlugin: Firing change: true
07-18 16:20:57.087  6994  6994 V Capacitor/AppPlugin: Notifying listeners for event appStateChange
07-18 16:20:57.087  6994  6994 V Capacitor/AppPlugin: Notifying listeners for event resume
07-18 16:20:57.087  6994  6994 D Capacitor/AppPlugin: No listeners found for event resume
07-18 16:20:57.088  6994  6994 D Capacitor: App resumed
07-18 16:20:57.088  3519  8749 V AS.AudioService: uid 10448, callingApp = rd.sheepskin.sandboxmusic
07-18 16:20:57.088  4980  5015 D WindowManagerShell: onActivityRestartAttempt: topActivity=ComponentInfo{rd.sheepskin.sandboxmusic/rd.sheepskin.sandboxmusic.MainActivity}, wasVisible=true
07-18 16:20:57.088  6994  6994 I AudioManager: In setSpeakerphoneOn(), on: false, calling application: rd.sheepskin.sandboxmusic
07-18 16:20:57.088  3519  8749 W AS.AudioService: Audio Settings Permission Denial: setSpeakerphoneOn() from pid=6994, uid=10448
07-18 16:20:57.088  6994  6994 W BluetoothAdapterExtImpl: setSpeakerphoneOn register null!
07-18 16:20:57.090  4980  4980 D CommandQueueLogger: appTransitionCancelled displayId=0
07-18 16:20:57.090  4980  4980 D CommandQueueLogger: appTransitionCancelled displayId=0
07-18 16:20:57.090  4980  4980 D KeyguardViewMediator: handleSetOccluded(false)
07-18 16:20:57.091  1890 20175 I sensors-hal: handle_oplus_wise_rgb_event:189, high_pwm_light:lux 23.5,cct 5300.0,brl/algo/ir 1411.0/2.0/0.0,pwm/dc 1.0/0.0,rgbc 1114.949341/741.417725/391.699646/1975.658813,ts 112041542337147,cnt 14517,flag 0
07-18 16:20:57.094  4980  4980 D NotificationShadeWindowController: setIsAboutToOccluded:false, needApply:false
07-18 16:20:57.094  4980  4980 D KeyguardViewMediator: isOccluded=false,mPowerGestureIntercepted=false
07-18 16:20:57.095  4980  4980 I SystemUi--Keyguard: ChargingAnimationImpl-->onKeyguardOccludeChange occluded= false
07-18 16:20:57.095  4980  4980 I SystemUi--Keyguard: KeyguardSliderLayout-->onKeyguardOccludeChange occluded= false
07-18 16:20:57.095  4980  4980 D KeyguardViewMediator: KeyguardViewMediator queue processing message: SET_OCCLUDED
07-18 16:20:57.099  3519  4903 I Osense-BaseDecisionMaker: notifySceneToAthenaPolicy: SCENE_ACTIVITY_IDLE, bundle: Bundle[{scene=SCENE_ACTIVITY_IDLE}]
07-18 16:20:57.099  3519  4903 I Osense-BaseDecisionMaker: OSense not supported scene! SCENE_ACTIVITY_IDLE
07-18 16:20:57.103  6994 14325 D PipelineWatcher: [0xb40000718b108f00] pipelineFull: too many frames in pipeline (6)
07-18 16:20:57.131  3198  3198 I cnss-daemon: nl80211 response handler invoked
07-18 16:20:57.131  3198  3198 I cnss-daemon: nl80211_response_handler: cmd 103, vendorID 4980, subcmd 13  received
07-18 16:20:57.131  1897 13869 I WifiHAL : event received NL80211_CMD_VENDOR, vendor_id = 0x1374, subcmd = 0xd
07-18 16:20:57.136  6265  6390 E horae   : 0: target_temp:33800, back:33800,frame:33800,front:33800, 3, +(0), 1 ,33800, algo:0
07-18 16:20:57.358 19514 23380 I APS_ALOG: flushRoutine g_immediateFlush=0 g_pendingCount=0 g_oobCount=0
07-18 16:20:57.377  2129  3762 D AudioFlinger: fast trackId 933 is playing mute data
07-18 16:20:57.439  1765  8457 E         : DNS_CACHE: hanle request << lookupdns: hostname:test-gateway.instagram.com, servername:443, ai_flags:1024, ai_family:0, ai_socktype:2, ai_protocol:0, netid:0, uid:10526
07-18 16:20:57.440 26444 26891 D DNS_CACHE: oplus_oplus_getaddrinfo_proxy lookup from netd: hostname:test-gateway.instagram.com, servname:443 uid: 10526, result_code:408, res = 0x0, found = 0
07-18 16:20:57.447 26444 26856 E msys    : E[N mns:DGWClient]_LogError(328)=>Failed to resolve using system DNS resolver, getaddrinfo(): No address associated with hostname
07-18 16:20:57.453  5485  5817 D DnsDomainBlock: onDnsEvent: latencyMs=0, returnCode=4, uid=10526
07-18 16:20:57.454  1765  8457 E         : DNS_CACHE: hanle request << lookupdns: hostname:test-gateway.instagram.com, servername:443, ai_flags:1024, ai_family:0, ai_socktype:1, ai_protocol:0, netid:0, uid:10526
07-18 16:20:57.454 26444 26889 D DNS_CACHE: oplus_oplus_getaddrinfo_proxy lookup from netd: hostname:test-gateway.instagram.com, servname:443 uid: 10526, result_code:408, res = 0x0, found = 0
07-18 16:20:57.455 26444 26856 E msys    : E[N mns:DGWClient]_LogError(328)=>Failed to resolve using system DNS resolver, getaddrinfo(): No address associated with hostname
07-18 16:20:57.465  1890 10009 I sensors-hal: handle_sns_client_event:316, accel_sample: 0: ts=112041836762876 ns; value = [-0.281618, 0.188843, 9.859323], status=3
07-18 16:20:57.586  5656  7530 D CommonApp-133-10162: transport layer data is invalid
07-18 16:20:57.586  5656  7530 D CommonApp-133-10448: transport layer data is invalid
07-18 16:20:57.663  6994 14325 D PipelineWatcher: [0xb40000718b108f00] pipelineFull: too many frames in pipeline (6)
07-18 16:20:57.664  6994 14308 D PipelineWatcher: [0xb40000718b108f00] pipelineFull: too many frames in pipeline (6)
07-18 16:20:57.859  1765  8457 E         : DNS_CACHE: hanle request << lookupdns: hostname:mail-api.proton.me, servername:^, ai_flags:0, ai_family:0, ai_socktype:1, ai_protocol:0, netid:0, uid:10438
07-18 16:20:57.859  9248 14555 D DNS_CACHE: oplus_oplus_getaddrinfo_proxy lookup from netd: hostname:mail-api.proton.me, servname:(null) uid: 10438, result_code:408, res = 0x0, found = 0
07-18 16:20:57.865  5485  5817 D DnsDomainBlock: onDnsEvent: latencyMs=0, returnCode=4, uid=10438
07-18 16:20:57.866  1765  8457 E         : DNS_CACHE: hanle request << lookupdns: hostname:dns.quad9.net, servername:^, ai_flags:0, ai_family:0, ai_socktype:1, ai_protocol:0, netid:0, uid:10438
07-18 16:20:57.866  9248 14555 D DNS_CACHE: oplus_oplus_getaddrinfo_proxy lookup from netd: hostname:dns.quad9.net, servname:(null) uid: 10438, result_code:408, res = 0x0, found = 0
07-18 16:20:57.867  2056  2198 D BatteryChargeControl: bcc get no support from charging protocol
07-18 16:20:57.870  5485  5817 D DnsDomainBlock: onDnsEvent: latencyMs=0, returnCode=4, uid=10438
07-18 16:20:57.871  6994 14325 D PipelineWatcher: [0xb40000718b108f00] pipelineFull: too many frames in pipeline (6)
07-18 16:20:57.871  6994 14308 D PipelineWatcher: [0xb40000718b108f00] pipelineFull: too many frames in pipeline (6)
07-18 16:20:57.874  6994 14301 W OplusMediaMonitor: [0xb4000072d78a7000] c2.qti.avc.decoder [640*368] inputFps=24, outputFps=25 renderFps=0, discardFps=24
07-18 16:20:57.878  1765  8457 E         : DNS_CACHE: hanle request << lookupdns: hostname:dns.google, servername:^, ai_flags:0, ai_family:0, ai_socktype:1, ai_protocol:0, netid:0, uid:10438
07-18 16:20:57.878  9248 14555 D DNS_CACHE: oplus_oplus_getaddrinfo_proxy lookup from netd: hostname:dns.google, servname:(null) uid: 10438, result_code:408, res = 0x0, found = 0
07-18 16:20:57.881  5485  5817 D DnsDomainBlock: onDnsEvent: latencyMs=0, returnCode=4, uid=10438
07-18 16:20:57.882  1765  8457 E         : DNS_CACHE: hanle request << lookupdns: hostname:dns.quad9.net, servername:^, ai_flags:0, ai_family:0, ai_socktype:1, ai_protocol:0, netid:0, uid:10438
07-18 16:20:57.882  9248 14555 D DNS_CACHE: oplus_oplus_getaddrinfo_proxy lookup from netd: hostname:dns.quad9.net, servname:(null) uid: 10438, result_code:408, res = 0x0, found = 0
07-18 16:20:57.886  1765  8457 E         : DNS_CACHE: hanle request << lookupdns: hostname:dns.google, servername:^, ai_flags:0, ai_family:0, ai_socktype:1, ai_protocol:0, netid:0, uid:10438
07-18 16:20:57.886  9248 14555 D DNS_CACHE: oplus_oplus_getaddrinfo_proxy lookup from netd: hostname:dns.google, servname:(null) uid: 10438, result_code:408, res = 0x0, found = 0
07-18 16:20:57.892  1890 29574 I sensors-hal: handle_oplus_wise_rgb_event:160, wise_rgb:(14521)(cct,lux,ir)[5300.00, 22.26, 0.000000](rgbc)[1130.22, 755.96, 391.70, 1975.66](pwm,hbm,brl,algo)[1.0 0.0 1411.0 2.0],flag 0
07-18 16:20:57.969  3270  3270 I OplusTouchDaemon: ts_run_service: shellback temperature updated 33 (33800)
07-18 16:20:58.056  5656  5656 D VendorWifiService: onEvent event:9,action:1
07-18 16:20:58.061  1954  1954 I [UAH_CLIENT]: UahPlatformResAcquire
07-18 16:20:58.062  1954  1954 I [UAH_CLIENT]: UahEventAcquire, cmdid:-3, pkg:2155 8332, identity:qcom-perfd
07-18 16:20:58.066  1954  2160 E ANDR-PERF-RESOURCEQS: ANDR-PERF-RESOURCEQS: AddAndApply() 125: Resource with major=16, minor=0 not supported
07-18 16:20:58.069  3519  4590 D ScorerUtils: isLowTraffic: txTputKBps=0, rxTputKBps=2
07-18 16:20:58.070  3519  4590 D OplusWifiPower_TriggerCenter: mComponentCallback: wifistat
07-18 16:20:58.079  2155  2911 E HwcComposer: getLuts failed Status(-129, EX_TRANSACTION_FAILED): 'UNKNOWN_TRANSACTION: '
07-18 16:20:58.093  1954 14565 I [UAH_CLIENT]: UahRelease, handle:69682
07-18 16:20:58.148  1925  2357 I SDM     : DisplayBase::CommitThread: Received idle timeout, panel: cmd, timeout: 70000 us
07-18 16:20:58.450  4980  5029 I SystemUi--Statusbar: OplusNetworkSpeedControllExImpl-->updateNetworkSpeed: isConnected:true,isSwitchOn:true,isSuspend:false,isPause:false
07-18 16:20:58.458  4980  5029 I SystemUi--Statusbar: OplusNetworkSpeedControllExImpl-->getTotalByte: totalRxBytes:3123491586,totalTxBytes:437901992,loopbackTxBytes:274191578,loopbackRxBytes:274191578 ,totalBytes:3013010422
07-18 16:20:58.474  1890 10009 I sensors-hal: handle_sns_client_event:316, accel_sample: 0: ts=112042844361938 ns; value = [-0.276829, 0.207996, 9.859323], status=3
07-18 16:20:58.481  1954  1954 I [UAH_CLIENT]: UahPlatformResAcquire
07-18 16:20:58.481  1954  1954 I [UAH_CLIENT]: UahEventAcquire, cmdid:-3, pkg:2155 8333, identity:qcom-perfd
07-18 16:20:58.483  1954  2160 E ANDR-PERF-RESOURCEQS: ANDR-PERF-RESOURCEQS: AddAndApply() 125: Resource with major=16, minor=0 not supported
07-18 16:20:58.511  1954 14567 I [UAH_CLIENT]: UahRelease, handle:69683
07-18 16:20:58.610  5656  7530 D CommonApp-133-10162: transport layer data is invalid
07-18 16:20:58.614  5656  7530 D CommonApp-133-10448: transport layer data is invalid
07-18 16:20:58.813  1954  1954 I [UAH_CLIENT]: UahPlatformResAcquire
07-18 16:20:58.813  1954  1954 I [UAH_CLIENT]: UahEventAcquire, cmdid:-3, pkg:2155 8334, identity:qcom-perfd
07-18 16:20:58.817  1954  2160 E ANDR-PERF-RESOURCEQS: ANDR-PERF-RESOURCEQS: AddAndApply() 125: Resource with major=16, minor=0 not supported
07-18 16:20:58.845  1954 14569 I [UAH_CLIENT]: UahRelease, handle:69684
07-18 16:20:58.845  1960 14318 V Codec2-DumpInput: [processLoop:L697][c2.qti.avc.decoder_341]QueueRead[0] empty, waiting buffer.
07-18 16:20:58.867  2056  2198 D BatteryChargeControl: bcc get no support from charging protocol
07-18 16:20:58.874  6994 14301 W OplusMediaMonitor: [0xb4000072d78a7000] c2.qti.avc.decoder [640*368] inputFps=24, outputFps=24 renderFps=0, discardFps=24
07-18 16:20:58.892  1890 29574 I sensors-hal: handle_oplus_wise_rgb_event:160, wise_rgb:(14526)(cct,lux,ir)[5300.00, 23.50, 0.000000](rgbc)[1114.95, 741.42, 391.70, 1975.66](pwm,hbm,brl,algo)[1.0 0.0 1411.0 2.0],flag 0
07-18 16:20:58.897  2129  3762 D AudioFlinger: fast trackId 929 is playing mute data
07-18 16:20:58.937  2129  3762 D AudioFlinger: fast trackId 930 is playing mute data
07-18 16:20:58.961  1765  8457 E         : DNS_CACHE: hanle request << lookupdns: hostname:test-gateway.instagram.com, servername:443, ai_flags:1024, ai_family:0, ai_socktype:2, ai_protocol:0, netid:0, uid:10526
07-18 16:20:58.962 26444 26890 D DNS_CACHE: oplus_oplus_getaddrinfo_proxy lookup from netd: hostname:test-gateway.instagram.com, servname:443 uid: 10526, result_code:408, res = 0x0, found = 0
07-18 16:20:58.964 26444 26856 E msys    : E[N mns:DGWClient]_LogError(328)=>Failed to resolve using system DNS resolver, getaddrinfo(): No address associated with hostname
07-18 16:20:58.983  1875  3589 D PAL: OplusPalCommon: getActiveStreamPcmId: 2077:  dir: 1, stream: 0xb400007b4286db00, pcmDevId: 126
07-18 16:20:58.994  3519  3604 E BLASTSyncEngine: WM sent Transaction (#3288, Transition-OPEN, tx=15113990331919) to organizer, but never received commit callback. Application ANR likely to follow.
07-18 16:20:58.994  3519  3604 I BLASTSyncEngineExtImpl: syncTransitionCommitTimeout  syncGroupId=3288,merged.mNativeObjec=-5476376661143817088
07-18 16:20:58.995  3519  3604 I BLASTSyncEngine: onCommitted syncId: 3288, timeout: true ran: false
07-18 16:20:58.997  1954  1954 I [UAH_CLIENT]: UahPlatformResAcquire
07-18 16:20:58.997  1954  1954 I [UAH_CLIENT]: UahEventAcquire, cmdid:-3, pkg:2155 8331, identity:qcom-perfd
07-18 16:20:58.998  1954  2160 E ANDR-PERF-RESOURCEQS: ANDR-PERF-RESOURCEQS: AddAndApply() 125: Resource with major=16, minor=0 not supported
07-18 16:20:59.004  1875  3589 D PAL: OplusPalCommon: getActiveStreamPcmId: 2077:  dir: 1, stream: 0xb400007b4286db00, pcmDevId: 126
07-18 16:20:59.004  1875  3589 D AGM: graph: graph_set_config: 1225 entry graph_handle 0x247534c
07-18 16:20:59.004  1875  3589 I gsl     : gsl_send_spf_cmd:236 sending pkt opcode 0x1001006 token 0x03598000
07-18 16:20:59.005  1875  3589 I gsl     : gsl_send_spf_cmd:282 rcvd pkt token : 0x3598000
07-18 16:20:59.006  1875  3589 D AGM: graph: graph_set_config: 1233 exit, graph handle 0x247534c, ret 0
07-18 16:20:59.011  1875  3589 I gsl     : gsl_send_spf_cmd:236 sending pkt opcode 0x1001007 token 0x03599000
07-18 16:20:59.012  1875  3589 I gsl     : gsl_send_spf_cmd:282 rcvd pkt token : 0x3599000
07-18 16:20:59.026  1954 14572 I [UAH_CLIENT]: UahRelease, handle:69685
07-18 16:20:59.033  1875  3589 D PAL: OplusPalCommon: getActiveStreamPcmId: 2077:  dir: 1, stream: 0xb400007b4286db00, pcmDevId: 126
07-18 16:20:59.033  1875  3589 D AGM: graph: graph_set_config: 1225 entry graph_handle 0x247534c
07-18 16:20:59.033  1875  3589 I gsl     : gsl_send_spf_cmd:236 sending pkt opcode 0x1001006 token 0x0359a000
07-18 16:20:59.034  1875  3589 I gsl     : gsl_send_spf_cmd:282 rcvd pkt token : 0x359a000
07-18 16:20:59.034  1875  3589 D AGM: graph: graph_set_config: 1233 exit, graph handle 0x247534c, ret 0
07-18 16:20:59.090  1875 29173 D DlbDap2Process: process() called [2812500] times with input channel mask 0x3 (ProcessingMode=1)
07-18 16:20:59.091  1890 20175 I sensors-hal: handle_oplus_wise_rgb_event:189, high_pwm_light:lux 23.5,cct 5300.0,brl/algo/ir 1411.0/2.0/0.0,pwm/dc 1.0/0.0,rgbc 1114.949341/741.417725/391.699646/1975.658813,ts 112043542336678,cnt 14527,flag 0
07-18 16:20:59.091  3519  4340 I CwbClient: setCWBDisplayType set mFeatureID = CWB_RGB_VALUE
07-18 16:20:59.092  9296 10256 W Battery : ThermalControllHandler: MSG_THERMAL_CONTROL_CPU_CTRL_CHANGED: ThermalControlState=true, curThermalPolicyCpu=10, curCpu=5, isUserForeground=true
07-18 16:20:59.095  9296 10256 I [UAH_CLIENT]: uahRuleCtl, ruleId:4, status:1
07-18 16:20:59.098  1954  1954 I [UAH_CLIENT]: UahPlatformResAcquire
07-18 16:20:59.101  1954  1954 I [UAH_CLIENT]: UahEventAcquire, cmdid:-3, pkg:2155 8332, identity:qcom-perfd
07-18 16:20:59.105  1954  2160 E ANDR-PERF-RESOURCEQS: ANDR-PERF-RESOURCEQS: AddAndApply() 125: Resource with major=16, minor=0 not supported
07-18 16:20:59.108  2155  2911 E HwcComposer: getLuts failed Status(-129, EX_TRANSACTION_FAILED): 'UNKNOWN_TRANSACTION: '
07-18 16:20:59.132  1954 14576 I [UAH_CLIENT]: UahRelease, handle:69687
07-18 16:20:59.134  1875  3589 D PAL: OplusPalCommon: getActiveStreamPcmId: 2077:  dir: 1, stream: 0xb400007b4286db00, pcmDevId: 126
07-18 16:20:59.134  1875  3589 D AGM: graph: graph_set_config: 1225 entry graph_handle 0x247534c
07-18 16:20:59.134  1875  3589 I gsl     : gsl_send_spf_cmd:236 sending pkt opcode 0x1001006 token 0x0359b000
07-18 16:20:59.135  1875  3589 I gsl     : gsl_send_spf_cmd:282 rcvd pkt token : 0x359b000
07-18 16:20:59.135  1875  3589 D AGM: graph: graph_set_config: 1233 exit, graph handle 0x247534c, ret 0
07-18 16:20:59.135 26444  8809 E msys    : E[N mccw.liger]onConnectError(587)=>connect/error - address: 57.145.18.36, port: 5222, ex: folly::AsyncSocketException: AsyncSocketException: connect timed out after 9999ms, type = Timed out
07-18 16:20:59.141  1875  3589 I gsl     : gsl_send_spf_cmd:236 sending pkt opcode 0x1001007 token 0x0359c000
07-18 16:20:59.142  1875  3589 I gsl     : gsl_send_spf_cmd:282 rcvd pkt token : 0x359c000
07-18 16:20:59.142  1875  3589 I PAL: OplusSpeakerTfa98xx: chkSpkResultFeedback: 1875: TFA98xx SPK1: damage=0x0, R0=7004, r0Cal=5710, F0=922, f0Cal=762
07-18 16:20:59.142  1875  3589 I PAL: OplusSpeakerTfa98xx: chkSpkResultFeedback: 1875: TFA98xx SPK2: damage=0x0, R0=7005, r0Cal=5819, F0=798, f0Cal=762
07-18 16:20:59.143  3198  3198 I cnss-daemon: nl80211 response handler invoked
07-18 16:20:59.143  3198  3198 I cnss-daemon: nl80211_response_handler: cmd 103, vendorID 4980, subcmd 13  received
07-18 16:20:59.143  1897 13869 I WifiHAL : event received NL80211_CMD_VENDOR, vendor_id = 0x1374, subcmd = 0xd
07-18 16:20:59.177  1925  2357 I SDM     : DisplayBase::CommitThread: Received idle timeout, panel: cmd, timeout: 70000 us
07-18 16:20:59.257  1765  8457 E         : DNS_CACHE: hanle request << lookupdns: hostname:test-gateway.instagram.com, servername:443, ai_flags:1024, ai_family:0, ai_socktype:2, ai_protocol:0, netid:0, uid:10526
07-18 16:20:59.259 26444 26858 D DNS_CACHE: oplus_oplus_getaddrinfo_proxy lookup from netd: hostname:test-gateway.instagram.com, servname:443 uid: 10526, result_code:408, res = 0x0, found = 0
07-18 16:20:59.266 26444 26856 E msys    : E[N mns:DGWClient]_LogError(328)=>Failed to resolve using system DNS resolver, getaddrinfo(): No address associated with hostname
07-18 16:20:59.292  3519  4340 D FusionLightNextGen: raw_lux -1.0, raw_cct -1.0, r/g/b/c: 1114.9/741.4/391.7/1990.7, R/G/B: 28.0/27.0/23.0, bri 1411.0, lux: 22.151003, cct: 5300.0, ir: 0.068007, conf: 2, cnt: 0
07-18 16:20:59.374 26444  8809 E msys    : E[N mccw.liger]onConnectError(587)=>connect/error - address: 57.145.18.36, port: 443, ex: folly::AsyncSocketException: AsyncSocketException: connect timed out after 9999ms, type = Timed out
07-18 16:20:59.388  3519  6109 I AICCTModule: SensorFilter: brightness threshold 1.2 screenNit is 118.22056 ave enviroment lux is 22.151003 luxForNit 47.29068demarcationPoint200.0 result is true
07-18 16:20:59.396  6994 14300 D BufferPoolAccessor2.0: bufferpool2 0xb40000717eb13028 : 18(56401920 size) total buffers - 10(31334400 size) used buffers - 526/544 (recycle/alloc) - 25/544 (fetch/transfer)
07-18 16:20:59.430  1890 10009 I sensors-hal: handle_sns_client_event:316, accel_sample: 0: ts=112043851961366 ns; value = [-0.291194, 0.207996, 9.883265], status=3
07-18 16:20:59.636  5656  7530 D CommonApp-133-10162: transport layer data is invalid
07-18 16:20:59.637  5656  7530 D CommonApp-133-10448: transport layer data is invalid
07-18 16:20:59.869  2056  2198 D BatteryChargeControl: bcc get no support from charging protocol
07-18 16:20:59.874  6994 14301 W OplusMediaMonitor: [0xb4000072d78a7000] c2.qti.avc.decoder [640*368] inputFps=24, outputFps=23 renderFps=0, discardFps=24
07-18 16:20:59.893  1890 29574 I sensors-hal: handle_oplus_wise_rgb_event:160, wise_rgb:(14531)(cct,lux,ir)[5300.00, 22.98, 0.000000](rgbc)[1130.22, 755.96, 391.70, 1990.74](pwm,hbm,brl,algo)[1.0 0.0 1411.0 2.0],flag 0
07-18 16:20:59.894  6994 14325 D BufferPoolAccessor2.0: bufferpool2 0xb4000072d7880228 : 8(65536 size) total buffers - 1(8192 size) used buffers - 910/918 (recycle/alloc) - 9/916 (fetch/transfer)
07-18 16:20:59.901  3186 14329 D BufferPoolAccessor2.0: bufferpool2 0xb400007b84d09628 : 6(24576 size) total buffers - 1(4096 size) used buffers - 905/911 (recycle/alloc) - 10/910 (fetch/transfer)
07-18 16:20:59.986  1890 29579 I sensors-hal: handle_sns_std_sensor_event:104, oplus rgb_rear sample: (cct, lux, ir, x, y)[13074, 0, 300000, 369, 137]
07-18 16:20:59.986  1890 29579 I sensors-hal: handle_sns_std_sensor_event:106, oplus rgb_rear sample: (r, g, b, c w)[2, 1, 2, 1, 3]
07-18 16:21:00.001  3519  4348 V AlarmManager: sending alarm Alarm{e0a46c3 type 3 origWhen 112044456 whenElapsed 112044456 android} uid 1000 whenElapsed 112044456 windowLength 0 maxWhenElapsed 112044456 repeatInterval 0 action null component null tag TIME_TICK flags 0x9 procName system_server
07-18 16:21:00.002  4980  4980 I SystemUi--SystemUi--: Clock-->smallTime: 16:21
07-18 16:21:00.003  4980  4980 I SystemUi--SystemUi--: Clock-->smallTime: 16:21
07-18 16:21:00.003  4980  4980 I SystemUi--SystemUi--: Clock-->smallTime: 16:21
07-18 16:21:00.011  5656  5656 D SubsysBroadcastManager: onReceive action:android.intent.action.TIME_TICK
07-18 16:21:00.027  4980  4980 I SystemUi--Notification: SimpleQsClock-->textWidth:144.0, mPaddingEnd 27, dynamicWidth 221, systemFontScale 1.15
07-18 16:21:00.028  5485  5834 D AMC     : [TriggerSystem] handleLoopTick trigger:vowifihandover phoneId:0 voWifiHandoverCount:0
07-18 16:21:00.028  5485  5834 D AMC     : [TriggerSystem] handleLoopTick trigger:vowifihandover phoneId:1 voWifiHandoverCount:0
07-18 16:21:00.039  5523  5724 W ModemAci: [Main] loop tick trigger loop update aci alarm due to delay:382068
07-18 16:21:00.041  4980  4980 I SystemUi--SystemUi--: Clock-->smallTime: 16:21
07-18 16:21:00.041  5523  5724 I ModemAci: [Main] loop update aci alarm is triggered!
07-18 16:21:00.042  1954  1954 I [UAH_CLIENT]: UahPlatformResAcquire
07-18 16:21:00.042  3519  3655 D OplusDisplayBrightnessBroadcastReceiver: onReceive action = android.intent.action.TIME_TICK , listeners = [com.android.server.display.feature.ambience.events.event.TimeEvent$TimeChangeReceiver@ea9ef7f, com.android.server.display.color.eyeprotect.manager.AiCurveManager$RhythmBroadcastReceiverWithUpgradeUI@8ddb4c]
07-18 16:21:00.042  1954  1954 I [UAH_CLIENT]: UahEventAcquire, cmdid:-3, pkg:2155 8333, identity:qcom-perfd
07-18 16:21:00.043  1954  2160 E ANDR-PERF-RESOURCEQS: ANDR-PERF-RESOURCEQS: AddAndApply() 125: Resource with major=16, minor=0 not supported
07-18 16:21:00.043  5523  5724 E ModemAciRpmAidlUtils: getService exception caught java.lang.NoSuchMethodException: P0.a$a.asInterface [interface android.os.IBinder]
07-18 16:21:00.044  1194  1194 I hwservicemanager: getTransport: Cannot find entry vendor.oplus.hardware.rpmh@2.0::IRpmh/default in either framework or device VINTF manifest.
07-18 16:21:00.045  5523  5724 W System.err: java.lang.reflect.InvocationTargetException
07-18 16:21:00.045  5523  5724 W System.err: 	at java.lang.reflect.Method.invoke(Native Method)
07-18 16:21:00.045  5523  5724 W System.err: 	at com.oplus.nhs.pwr.helper.h.h(SourceFile:20)
07-18 16:21:00.045  5523  5724 W System.err: 	at com.oplus.nhs.pwr.helper.h.i(SourceFile:0)
07-18 16:21:00.045  5523  5724 W System.err: 	at com.oplus.nhs.pwr.info.RpmInfo.t(SourceFile:17)
07-18 16:21:00.045  5523  5724 W System.err: 	at com.oplus.nhs.pwr.info.b.l(SourceFile:24)
07-18 16:21:00.045  5523  5724 W System.err: 	at com.oplus.nhs.pwr.info.b.u(SourceFile:0)
07-18 16:21:00.045  5523  5724 W System.err: 	at Y.D.h0(SourceFile:2)
07-18 16:21:00.045  5523  5724 W System.err: 	at Y.D.u(SourceFile:0)
07-18 16:21:00.045  5523  5724 W System.err: 	at Y.y.run(SourceFile:2)
07-18 16:21:00.045  5523  5724 W System.err: 	at android.os.Handler.handleCallback(Handler.java:1001)
07-18 16:21:00.045  5523  5724 W System.err: 	at android.os.Handler.dispatchMessage(Handler.java:109)
07-18 16:21:00.045  5523  5724 W System.err: 	at android.os.Looper.loopOnce(Looper.java:306)
07-18 16:21:00.045  5523  5724 W System.err: 	at android.os.Looper.loop(Looper.java:416)
07-18 16:21:00.045  5523  5724 W System.err: 	at android.os.HandlerThread.run(HandlerThread.java:85)
07-18 16:21:00.046  5523  5724 W System.err: Caused by: java.util.NoSuchElementException
07-18 16:21:00.046  5523  5724 W System.err: 	at android.os.HwBinder.getService(Native Method)
07-18 16:21:00.046  5523  5724 W System.err: 	at android.os.HwBinder.getService(HwBinder.java:93)
07-18 16:21:00.046  5523  5724 W System.err: 	at vendor.oplus.hardware.rpmh.V2_0.IRpmh.getService(IRpmh.java:74)
07-18 16:21:00.046  5523  5724 W System.err: 	at vendor.oplus.hardware.rpmh.V2_0.IRpmh.getService(IRpmh.java:84)
07-18 16:21:00.046  5523  5724 W System.err: 	... 14 more
07-18 16:21:00.046  5523  5724 E ModemAci: [RpmInfo] failed to request due to invalid state list!
07-18 16:21:00.051  5408  5798 D PhoneInterfaceManager: QueryTelephonyChecker-getDataNetworkTypeForSubscriber: packageName = com.oplus.nhs, isGrant = true
07-18 16:21:00.054  3519  3644 D osense.compress: jp.naver.line.android_u999 do shrink, target ratio = 45, final ratio = 90, cur ratio = 0
07-18 16:21:00.057  5523  5724 I ModemAci: [CommonInfo] [LO, DA]:{ stamp=112044502 duration=382 screenOnT=32108 wifiConnectT=48890 power=69 dataNetworkType=13 signalStrength=-72 batteryCapacity=3068 thermal[]=33.8 softAp=false charge=false simCount=2 defaultPhone=0 networkType=WIFI}
07-18 16:21:00.067  2155  2911 E HwcComposer: getLuts failed Status(-129, EX_TRANSACTION_FAILED): 'UNKNOWN_TRANSACTION: '
07-18 16:21:00.070  1954 14579 I [UAH_CLIENT]: UahRelease, handle:69688
07-18 16:21:00.071  5485  5834 E AMC     : [P-lowpower_vowifi/0] execute failed in triggers[0]:[bcc:34][apsleept:null, deepsleep:false, mpsleept:null]
07-18 16:21:00.071  5485  5834 E AMC     : [P-lowpower_vowifi/1] execute failed in triggers[0]:[bcc:34][apsleept:null, deepsleep:false, mpsleept:null]
07-18 16:21:00.075  5656  5656 D RadioMessenger: handleMessage Request msgid 2220
07-18 16:21:00.081  5656  5656 D RadioMessenger: handleSetSyncWithAp: -1, syncFlag: 1
07-18 16:21:00.082  5656  5656 D QtiRadioService: setSyncWithAp
07-18 16:21:00.082  5656  5656 D RadioProxyJ[0]: [6681]> setSyncWithAp syncFlag:1
07-18 16:21:00.083  2629  6091 D RadioService: setSyncWithAp with instance 0
07-18 16:21:00.083  2629  6091 D VendorService: VendorService::setSyncWithAp
07-18 16:21:00.084  2629  2725 D QmiVsClient: setSyncWithAp - enter
07-18 16:21:00.084  2629  2725 E QmiVsClient: sendAsyncRequest QMI_VS_SET_SYNC_WITH_AP_REQ_MSG_V01 ret 0
07-18 16:21:00.086  2629  2725 D VsProxy : handleMessage msg is 4001
07-18 16:21:00.086  2629  2725 D RadioProxy: setSyncWithAp : response cb for instance 0
07-18 16:21:00.086  2629  2629 D RadioServiceResponse: RadioServiceResponse::setSyncWithApResponse
07-18 16:21:00.086  5656  6849 D SubsysRadioResponse: setSyncWithApResponse info.error = 0
07-18 16:21:00.087  5656  6849 D RadioProxyJ[0]: [6681]< setSyncWithApResponse 
07-18 16:21:00.087  5656  5656 D MessengerResponseHandler: handleMessage Response msgid 210
07-18 16:21:00.093  2629  3913 D QmiClient: qmiServiceEventCallback recv msg id 1085
07-18 16:21:00.093  2629  3913 D QmiClient: enter -mServiceType 4 onQmiServiceEventCallback msgId 1085
07-18 16:21:00.093  2629  3913 D QmiClient: onQmiServiceEventCallback - enter. msgId=1085
07-18 16:21:00.093  2629  3913 D QmiVsClientEvent: qmiVsClientNotifyNecEvent - RADIO_EVENT_NEC_IND
07-18 16:21:00.094  2629  2725 D VsProxy : handleMessage msg is 2403
07-18 16:21:00.094  2629  2725 D VsProxy : handleNecInd for instance 0
07-18 16:21:00.098  5656  6849 D SubsysRadioIndication[0]: radioNecInd 
07-18 16:21:00.099  5656  5656 D ModemChannel: handleMessage what:102
07-18 16:21:00.099  5656  5656 D ModemChannel: handleNecEvent
07-18 16:21:00.102  5485  5821 D SubsysCallManager: handleMessage what:102
07-18 16:21:00.102  5485  5821 D SubsysCallManager: parseMdmInfoData len:392
07-18 16:21:00.102  5485  5821 D SubsysCallManager: onMdmEvent moduleId:6,eventId:4
07-18 16:21:00.102  5523  5663 E NhsUtils: ### DEBUG ### getChipsetType: platform=pineapple
07-18 16:21:00.103  5523  5724 I ModemAci: [ModemActivityInfo] [LO, DA]:{ stamp=112044558 duration=382 sleepTMs=337737 idleTMs=37503 rxTMs=6873 5gRxTMs=0 txTMs=[0, 0, 0, 0, 0, 0, 0, 0] 5gTxTMs=[0, 0, 0, 0, 7103, 3384, 1725, 2724] rrc10sC[]=[0, 0] rrc20sC[]=[0, 0] rrcMore20sC[]=[0, 0] rrcC[]=[0, 0] rrcT[]=[0, 0] saRrc10sC[]=[0, 0] saRrc20sC[]=[0, 0] saRrcMore20sC[]=[0, 0] saRrcC[]=[0, 0] saRrcT[]=[0, 0] endcActT[]=[0, 0] wifiRrcT[]=[0, 0] csChgC[]=[0, 0] psChgC[]=[0, 0] iRatC[]=[0, 0] cellUpdC[]=[0, 0] handOverC[]=[0, 0] nwSrchC[]=[0, 0] nwSrchT[]=[0, 0] psRegT[]=[382, 382] csRegT[]=[382, 382] psNoRegT[]=[0, 0] csNoRegT[]=[0, 0] sigGrid0T[]=[0, 0] voWifiRegT[]=[0, 0] voLteRegT[]=[382, 382] voNrRegT[]=[0, 0] gpsTMs=37052 wlanTMs=0 sim15gTxTMs[]=[0, 0, 0, 0, 7103, 3384, 1725, 2724] sim25gTxTMs[]=[0, 0, 0, 0, 0, 0, 0, 0] techTMs[]=[0, 0, 0, 0, 6872, 0, 0, 0, 0] saActT[]=[0, 0] lteHoC[]=[0, 0] saHoC[]=[0, 0]}
07-18 16:21:00.105  5485  5821 D ModemDataAnalysis: phoneId = 0, moduleId = 6, onEvent...4, version = 0, size:380
07-18 16:21:00.107  5485  5834 E AMC     : [P-ooslimited_deep/0] execute failed in triggers[0]:[nwsrcht:0][nwsrcht:0]
07-18 16:21:00.108  5485  5834 E AMC     : [P-ooslimited_deep/1] execute failed in triggers[0]:[nwsrcht:0][nwsrcht:0]
07-18 16:21:00.109  5485  5834 E AMC     : [P-idle_cs_ps_change/0] execute failed in triggers[0]:[cschgc:0][cschgc:0, pschgc:0]
07-18 16:21:00.109  5485  5834 E AMC     : [P-idle_cs_ps_change/0] execute failed in triggers[1]:[cschgc:0][psnoregt:0, csnoregt:0]
07-18 16:21:00.109  5485  5834 E AMC     : [P-idle_cs_ps_change/1] execute failed in triggers[0]:[cschgc:0][cschgc:0, pschgc:0]
07-18 16:21:00.109  5485  5834 E AMC     : [P-idle_cs_ps_change/1] execute failed in triggers[1]:[cschgc:0][psnoregt:0, csnoregt:0]
07-18 16:21:00.110  5485  5834 E AMC     : [P-mpss_reset/0] execute failed in triggers[0]:[sleept:337][sleept:1700]
07-18 16:21:00.110  5485  5834 E AMC     : [P-mpss_reset/1] execute failed in triggers[0]:[sleept:337][sleept:1700]
07-18 16:21:00.110  5485  5834 E AMC     : [P-pidnetdisable_recovery] execute failed in triggers[0]:[sleept:337][sleept:1700, pidnetdisable:null]
07-18 16:21:00.110  5485  5834 E AMC     : [P-standby_5gbackoff/0] execute failed in triggers[0]:[sleept:337][inactive:false, sleept:840]
07-18 16:21:00.110  5485  5834 E AMC     : [P-standby_5gbackoff/1] execute failed in triggers[0]:[sleept:337][inactive:false, sleept:840]
07-18 16:21:00.111  5485  5834 E AMC     : [P-idle_cs_ps_change/0] execute failed in triggers[0]:[psnoregt:0][cschgc:0, pschgc:0]
07-18 16:21:00.111  5485  5834 E AMC     : [P-idle_cs_ps_change/0] execute failed in triggers[1]:[psnoregt:0][psnoregt:0, csnoregt:0]
07-18 16:21:00.111  5485  5834 E AMC     : [P-idle_cs_ps_change/1] execute failed in triggers[0]:[psnoregt:0][cschgc:0, pschgc:0]
07-18 16:21:00.111  5485  5834 E AMC     : [P-idle_cs_ps_change/1] execute failed in triggers[1]:[psnoregt:0][psnoregt:0, csnoregt:0]
07-18 16:21:00.111  5485  5834 E AMC     : [P-idle_cs_ps_change/0] execute failed in triggers[0]:[pschgc:0][cschgc:0, pschgc:0]
07-18 16:21:00.111  5485  5834 E AMC     : [P-idle_cs_ps_change/0] execute failed in triggers[1]:[pschgc:0][psnoregt:0, csnoregt:0]
07-18 16:21:00.111  5485  5834 E AMC     : [P-idle_cs_ps_change/1] execute failed in triggers[0]:[pschgc:0][cschgc:0, pschgc:0]
07-18 16:21:00.111  5485  5834 E AMC     : [P-idle_cs_ps_change/1] execute failed in triggers[1]:[pschgc:0][psnoregt:0, csnoregt:0]
07-18 16:21:00.112  5485  5834 E AMC     : [P-idle_cs_ps_change/0] execute failed in triggers[0]:[csnoregt:0][cschgc:0, pschgc:0]
07-18 16:21:00.112  5485  5834 E AMC     : [P-idle_cs_ps_change/0] execute failed in triggers[1]:[csnoregt:0][psnoregt:0, csnoregt:0]
07-18 16:21:00.113  5485  5834 E AMC     : [P-idle_cs_ps_change/1] execute failed in triggers[0]:[csnoregt:0][cschgc:0, pschgc:0]
07-18 16:21:00.114  5485  5834 E AMC     : [P-idle_cs_ps_change/1] execute failed in triggers[1]:[csnoregt:0][psnoregt:0, csnoregt:0]
07-18 16:21:00.128  2363  2363 I adbd    : adbd service requested 'shell,v2,TERM=dumb,raw:am start -a android.intent.action.VIEW -d sandboxmusic://e2e/probe-thumb-visual?which=up -f 0x14000000 rd.sheepskin.sandboxmusic'
07-18 16:21:00.136  1925  2357 I SDM     : DisplayBase::CommitThread: Received idle timeout, panel: cmd, timeout: 70000 us
07-18 16:21:00.177  3519  3644 D osense.compress: com.facebook.katana do shrink, target ratio = 45, final ratio = 90, cur ratio = 0
07-18 16:21:00.199  3519  4585 I [UAH_CLIENT]: UahEventAcquire, cmdid:2, pkg:none, identity:com.android.server.wm
07-18 16:21:00.199  3519  4907 W ActivityTaskManager: callingPackage for (uid=2000, pid=14583) has no WPC
07-18 16:21:00.201  3519  4907 D WindowManager: NFW_setClientVisible:ActivityRecord{161342441 u0 rd.sheepskin.sandboxmusic/.MainActivity clientVisible:true
07-18 16:21:00.201  3519  4907 V GrammaticalInflectionUtils: AttributionSource: android.content.AttributionSource@a831c29a does not have READ_SYSTEM_GRAMMATICAL_GENDER permission.
07-18 16:21:00.201  3519  4354 D StartingSurfacePreviewController: checkSupportSurfacePreview, token=rd.sheepskin.sandboxmusic/.MainActivity, enableSurfacePreview=false, supportMultiLayout=false, unsupportedSkipViewAnimLv=null, disableSurfacePreviewAnimLv=null, ignoreFileExistAnimLv=null
07-18 16:21:00.201  3519  4907 D ActivityTaskManager: The isLandscapeFullscreenEnabled is: rd.sheepskin.sandboxmusic/.MainActivity
07-18 16:21:00.201  3519  4907 D ActivityTaskManager: The isLandscapeFullscreenEnabled is: rd.sheepskin.sandboxmusic/.MainActivity
07-18 16:21:00.202  3519  4907 D ActivityTaskManager: The isLandscapeFullscreenEnabled is: rd.sheepskin.sandboxmusic/.MainActivity
07-18 16:21:00.202  3519  4907 D ActivityTaskManager: The isLandscapeFullscreenEnabled is: rd.sheepskin.sandboxmusic/.MainActivity
07-18 16:21:00.202  3519  4907 D ActivityTaskManager: The isLandscapeFullscreenEnabled is: rd.sheepskin.sandboxmusic/.MainActivity
07-18 16:21:00.202  3519  4907 D FlexibleTaskController: isSupportFlexibleWindow target = rd.sheepskin.sandboxmusic/.MainActivity callPkg = FlexibleTaskController support = true ,caller = 3519
07-18 16:21:00.202  3519  4907 I AppSnapshotController: init, sysSupport = true, mActivitySupport = false, activityRecord = ActivityRecord{161342441 u0 rd.sheepskin.sandboxmusic/.MainActivity t-1}
07-18 16:21:00.203  3519  3616 E QosSceneRecognizer[ActivityStartScene]: notifyActivityStart get launchedFromUid failed through AppManager! launchedFromPackage: com.android.shell, pkg: rd.sheepskin.sandboxmusic
07-18 16:21:00.203  3519  4907 D FlexibleWindowManagerService: isIgnoreAppearedAcrossTask:false
07-18 16:21:00.204  3519  4907 D ActivityStarterExtImpl: setForceUpdateWindow, targetTask = Task{edfb678 #3030 type=standard A=10448:rd.sheepskin.sandboxmusic} r = ActivityRecord{161342441 u0 rd.sheepskin.sandboxmusic/.MainActivity t-1} notFinish =false
07-18 16:21:00.204  3519  4907 D FlexibleWindowManagerService: isIgnoreAppearedAcrossTask:false
07-18 16:21:00.204  3519  4907 D FlexibleTaskController: findSourceTaskForFreeForm: sourceRecord = null ,realCallingPid:14583 ,launchFromZoomMode:false ,prevTopTask:Task{edfb678 #3030 type=standard A=10448:rd.sheepskin.sandboxmusic}
07-18 16:21:00.204  3519  4907 D FlexibleTaskController: findSourceTaskForFreeForm: the caller is not a flexible freeform window application and does not have a zoom windowMode startup parameter
07-18 16:21:00.204  3519  4907 D FlexibleTaskController: adjustOptionsForFlexibleTask not allow options follow process task's options, reason:9 ,reusedOptions:null
07-18 16:21:00.204  3519  4907 I TaskFragmentExtImpl: reset pause in recents anim for mTaskFragment: Task{edfb678 #3030 type=standard A=10448:rd.sheepskin.sandboxmusic}
07-18 16:21:00.204  3519  4907 D FlexibleTaskController: isSupportFlexibleWindow target = rd.sheepskin.sandboxmusic/.MainActivity callPkg = FlexibleTaskController support = true ,caller = 3519
07-18 16:21:00.204  3519  4907 D FlexibleTaskController: shouldKeepFlexibleTask flexibleTask not active.
07-18 16:21:00.204  3519  4907 D ActivityStarterExtImpl: isLaunchingRootActivity = true
07-18 16:21:00.205  3519  4907 D ActivityTaskManager: The isLandscapeFullscreenEnabled is: rd.sheepskin.sandboxmusic/.MainActivity
07-18 16:21:00.205  3519  4907 D ActivityTaskManager: The isLandscapeFullscreenEnabled is: rd.sheepskin.sandboxmusic/.MainActivity
07-18 16:21:00.206  3519  4907 E Transition: Aborting Transition mSyncId=3290, caller=com.android.server.wm.OplusTransitionUtil.abortTransitionImmediately:109 com.android.server.wm.OplusTransitionController.abortTransitionImmediately:123 com.android.server.wm.ActivityStarterExtImpl.abortTransitionImmediately:1896 
07-18 16:21:00.206  3519  4907 D OplusTransitionController: hookOnAbort, transition: TransitionRecord{fca679c id=3290 track=0 type=OPEN flags=0x0 state=0 c=[
07-18 16:21:00.206  3519  4907 D OplusTransitionController:    ChangeInfo{367d5a5 container=ActivityRecord{161342441 u0 rd.sheepskin.sandboxmusic/.MainActivity t-1} flags=0x0}
07-18 16:21:00.206  3519  4907 D OplusTransitionController: ]
07-18 16:21:00.206  3519  4907 D OplusTransitionController: }
07-18 16:21:00.206  3519  4907 E OplusAppQuickStart_AppQuickStartController: not start from launcher transition:3290
07-18 16:21:00.206  3519  4907 D KEYLOG_PhoneWindowManager: setKeyguardOccludedLw occluded=false,false,false
07-18 16:21:00.206  3519  4907 D KEYLOG_PhoneWindowManager: setKeyguardOccludedLw occluded=false,false,false
07-18 16:21:00.206  3519  4907 E SchedAssist: binderSetThreadUxFlagByIoctl: ioctl failed, tid=-1 flag=1 ret=-1 errno=25 (Inappropriate ioctl for device)
07-18 16:21:00.207  3519  4907 E SchedAssist: binderSetThreadUxFlagByIoctl: ioctl failed, tid=-1 flag=0 ret=-1 errno=25 (Inappropriate ioctl for device)
07-18 16:21:00.205  4980  4980 W OPLUS_LOG_LOAD: ==LOGS PROG INFO, prog(com.android.systemui) ==
07-18 16:21:00.205  4980  4980 D CommandQueueLogger: appTransitionPending displayId=0 forced=false
07-18 16:21:00.206  4980 28744 D KeyguardService: setOccluded(false)
07-18 16:21:00.207  4980 28744 D KeyguardService: setOccluded: false, animate= false
07-18 16:21:00.207  4980 28744 D KeyguardViewMediator: setOccluded(false)
07-18 16:21:00.207  4980 28744 D KeyguardViewMediator: setOccluded false
07-18 16:21:00.207  4980  4980 D CommandQueueLogger: appTransitionCancelled displayId=0
07-18 16:21:00.207  3519  4907 I ActivityTaskManager: START u0 {act=android.intent.action.VIEW dat=sandboxmusic://e2e/... flg=0x14000000 xflg=0x4 pkg=rd.sheepskin.sandboxmusic cmp=rd.sheepskin.sandboxmusic/.MainActivity mCallingUid=2000} with LAUNCH_SINGLE_TASK from uid 2000 (BAL_ALLOW_PERMISSION (START_ACTIVITIES_FROM_BACKGROUND permission granted)) result code=3
07-18 16:21:00.207  4980 28744 D KeyguardService: setOccluded(false)
07-18 16:21:00.207  4980 28744 D KeyguardService: setOccluded: false, animate= false
07-18 16:21:00.207  4980 28744 D KeyguardViewMediator: setOccluded(false)
07-18 16:21:00.207  4980 28744 D KeyguardViewMediator: setOccluded false
07-18 16:21:00.207  4980  4980 D CommandQueueLogger: appTransitionCancelled displayId=0
07-18 16:21:00.208  6994  6994 V Capacitor/AppPlugin: Notifying listeners for event pause
07-18 16:21:00.209  6994  6994 D Capacitor/AppPlugin: No listeners found for event pause
07-18 16:21:00.209  6994  6994 D Capacitor: App paused
07-18 16:21:00.209  4980  4980 D KeyguardViewMediator: handleSetOccluded(false)
07-18 16:21:00.209  6994  6994 V Capacitor/AppPlugin: Notifying listeners for event appUrlOpen
07-18 16:21:00.209  6994  6994 D ActivityThread: ComponentInfo{rd.sheepskin.sandboxmusic/rd.sheepskin.sandboxmusic.MainActivity} checkFinished=false 4
07-18 16:21:00.209  6994  6994 D ResourcesManagerExtImpl: applyConfigurationToAppResourcesLocked app.getDisplayId() return callback.displayId:0
07-18 16:21:00.209  6994  6994 D Capacitor/AppPlugin: Firing change: true
07-18 16:21:00.209  6994  6994 V Capacitor/AppPlugin: Notifying listeners for event appStateChange
07-18 16:21:00.210  6994  6994 V Capacitor/AppPlugin: Notifying listeners for event resume
07-18 16:21:00.210  6994  6994 D Capacitor/AppPlugin: No listeners found for event resume
07-18 16:21:00.210  6994  6994 D Capacitor: App resumed
07-18 16:21:00.210  3519  4907 V AS.AudioService: uid 10448, callingApp = rd.sheepskin.sandboxmusic
07-18 16:21:00.210  4980  4980 D NotificationShadeWindowController: setIsAboutToOccluded:false, needApply:false
07-18 16:21:00.210  4980  4980 D KeyguardViewMediator: isOccluded=false,mPowerGestureIntercepted=false
07-18 16:21:00.211  4980  4980 I SystemUi--Keyguard: ChargingAnimationImpl-->onKeyguardOccludeChange occluded= false
07-18 16:21:00.211  6994  6994 I AudioManager: In setSpeakerphoneOn(), on: false, calling application: rd.sheepskin.sandboxmusic
07-18 16:21:00.211  4980  4980 I SystemUi--Keyguard: KeyguardSliderLayout-->onKeyguardOccludeChange occluded= false
07-18 16:21:00.211  4980  4980 D KeyguardViewMediator: KeyguardViewMediator queue processing message: SET_OCCLUDED
07-18 16:21:00.211  4980  5015 D WindowManagerShell: onActivityRestartAttempt: topActivity=ComponentInfo{rd.sheepskin.sandboxmusic/rd.sheepskin.sandboxmusic.MainActivity}, wasVisible=true
07-18 16:21:00.211  3519  4907 W AS.AudioService: Audio Settings Permission Denial: setSpeakerphoneOn() from pid=6994, uid=10448
07-18 16:21:00.211  6994  6994 W BluetoothAdapterExtImpl: setSpeakerphoneOn register null!
07-18 16:21:00.221  3519  4903 I Osense-BaseDecisionMaker: notifySceneToAthenaPolicy: SCENE_ACTIVITY_IDLE, bundle: Bundle[{scene=SCENE_ACTIVITY_IDLE}]
07-18 16:21:00.221  3519  4903 I Osense-BaseDecisionMaker: OSense not supported scene! SCENE_ACTIVITY_IDLE
07-18 16:21:00.274  3519  3644 D osense.compress: com.google.android.googlequicksearchbox do shrink, target ratio = 35, final ratio = 70, cur ratio = 0
07-18 16:21:00.397  2129  3762 D AudioFlinger: fast trackId 933 is playing mute data
07-18 16:21:00.438  1890 10009 I sensors-hal: handle_sns_client_event:316, accel_sample: 0: ts=112044859561886 ns; value = [-0.300771, 0.207996, 9.854534], status=3
07-18 16:21:00.529  3519  3644 D osense.compress: com.google.android.gms do shrink, target ratio = 45, final ratio = 90, cur ratio = 0
07-18 16:21:00.657  5656  7530 D CommonApp-133-10162: transport layer data is invalid
07-18 16:21:00.658  5656  7530 D CommonApp-133-10448: transport layer data is invalid
07-18 16:21:00.806  1954  1954 I [UAH_CLIENT]: UahPlatformResAcquire
07-18 16:21:00.806  1954  1954 I [UAH_CLIENT]: UahEventAcquire, cmdid:-3, pkg:2155 8334, identity:qcom-perfd
07-18 16:21:00.812  1954  2160 E ANDR-PERF-RESOURCEQS: ANDR-PERF-RESOURCEQS: AddAndApply() 125: Resource with major=16, minor=0 not supported
07-18 16:21:00.841  1954 14589 I [UAH_CLIENT]: UahRelease, handle:69691
07-18 16:21:00.870  2056  2198 D BatteryChargeControl: bcc get no support from charging protocol
07-18 16:21:00.874  6994 14301 W OplusMediaMonitor: [0xb4000072d78a7000] c2.qti.avc.decoder [640*368] inputFps=24, outputFps=25 renderFps=0, discardFps=24
07-18 16:21:00.893  1890 29574 I sensors-hal: handle_oplus_wise_rgb_event:160, wise_rgb:(14536)(cct,lux,ir)[5300.00, 23.50, 0.000000](rgbc)[1114.95, 755.96, 391.70, 1990.74](pwm,hbm,brl,algo)[1.0 0.0 1411.0 2.0],flag 0
07-18 16:21:01.074  5656  5656 D VendorWifiService: onEvent event:9,action:1
07-18 16:21:01.079  1954  1954 I [UAH_CLIENT]: UahPlatformResAcquire
07-18 16:21:01.079  1954  1954 I [UAH_CLIENT]: UahEventAcquire, cmdid:-3, pkg:2155 8331, identity:qcom-perfd
07-18 16:21:01.081  1954  2160 E ANDR-PERF-RESOURCEQS: ANDR-PERF-RESOURCEQS: AddAndApply() 125: Resource with major=16, minor=0 not supported
07-18 16:21:01.088  3519  4590 D ScorerUtils: isLowTraffic: txTputKBps=0, rxTputKBps=2
07-18 16:21:01.091  3519  4590 D OplusWifiPower_TriggerCenter: mComponentCallback: wifistat
07-18 16:21:01.092  1890 20175 I sensors-hal: handle_oplus_wise_rgb_event:189, high_pwm_light:lux 23.0,cct 5300.0,brl/algo/ir 1411.0/2.0/0.0,pwm/dc 1.0/0.0,rgbc 1130.222656/755.955322/391.699646/1990.740112,ts 112045542337251,cnt 14537,flag 0
07-18 16:21:01.097  2155  2911 E HwcComposer: getLuts failed Status(-129, EX_TRANSACTION_FAILED): 'UNKNOWN_TRANSACTION: '
07-18 16:21:01.103  6994 14308 D PipelineWatcher: [0xb40000718b108f00] pipelineFull: too many frames in pipeline (6)
07-18 16:21:01.103  6994 14325 D PipelineWatcher: [0xb40000718b108f00] pipelineFull: too many frames in pipeline (6)
07-18 16:21:01.108  1954 14591 I [UAH_CLIENT]: UahRelease, handle:69692
07-18 16:21:01.152  3198  3198 I cnss-daemon: nl80211 response handler invoked
07-18 16:21:01.152  3198  3198 I cnss-daemon: nl80211_response_handler: cmd 103, vendorID 4980, subcmd 13  received
07-18 16:21:01.153  1897 13869 I WifiHAL : event received NL80211_CMD_VENDOR, vendor_id = 0x1374, subcmd = 0xd
07-18 16:21:01.165  1925  2357 I SDM     : DisplayBase::CommitThread: Received idle timeout, panel: cmd, timeout: 70000 us
07-18 16:21:01.234  2363  2363 I adbd    : adbd service requested 'shell,v2,TERM=dumb:export ANDROID_LOG_TAGS=''; exec logcat '-d' '-v' 'time''
07-18 16:21:01.446  1890 10009 I sensors-hal: handle_sns_client_event:316, accel_sample: 0: ts=112045867163761 ns; value = [-0.315136, 0.212784, 9.864111], status=3
07-18 16:21:01.490  1960 24179 V Codec2-DumpInput: [processLoop:L697][c2.qti.avc.decoder_264]QueueRead[0] empty, waiting buffer.
07-18 16:21:01.493  3519  4340 I CwbClient: setCWBDisplayType set mFeatureID = CWB_RGB_VALUE
07-18 16:21:01.493  1960 21869 V Codec2-DumpInput: [processLoop:L697][c2.qti.avc.decoder_214]QueueRead[0] empty, waiting buffer.
07-18 16:21:01.494  1960 24998 V Codec2-DumpInput: [processLoop:L697][c2.qti.avc.decoder_184]QueueRead[0] empty, waiting buffer.
07-18 16:21:01.499  1954  1954 I [UAH_CLIENT]: UahPlatformResAcquire
07-18 16:21:01.499  1954  1954 I [UAH_CLIENT]: UahEventAcquire, cmdid:-3, pkg:2155 8332, identity:qcom-perfd
07-18 16:21:01.502  1954  2160 E ANDR-PERF-RESOURCEQS: ANDR-PERF-RESOURCEQS: AddAndApply() 125: Resource with major=16, minor=0 not supported
07-18 16:21:01.511  2155  2911 E HwcComposer: getLuts failed Status(-129, EX_TRANSACTION_FAILED): 'UNKNOWN_TRANSACTION: '
07-18 16:21:01.530  1954 14597 I [UAH_CLIENT]: UahRelease, handle:69693
07-18 16:21:01.580  1925  2357 I SDM     : DisplayBase::CommitThread: Received idle timeout, panel: cmd, timeout: 70000 us
07-18 16:21:01.627  2363  2363 I adbd    : adbd service requested 'shell,v2,TERM=dumb:export ANDROID_LOG_TAGS=''; exec logcat '-d' '-v' 'time''
07-18 16:21:01.683  5656  7530 D CommonApp-133-10162: transport layer data is invalid
07-18 16:21:01.684  5656  7530 D CommonApp-133-10448: transport layer data is invalid
07-18 16:21:01.693  3519  4340 D FusionLightNextGen: raw_lux -1.0, raw_cct -1.0, r/g/b/c: 1130.2/756.0/391.7/1990.7, R/G/B: 28.0/27.0/23.0, bri 1411.0, lux: 22.151003, cct: 5300.0, ir: 0.076698, conf: 2, cnt: 0
07-18 16:21:01.771  1875 29173 D DlbDap2Process: process() called [2813000] times with input channel mask 0x3 (ProcessingMode=1)
07-18 16:21:01.830  1954  1954 I [UAH_CLIENT]: UahPlatformResAcquire
07-18 16:21:01.830  1954  1954 I [UAH_CLIENT]: UahEventAcquire, cmdid:-3, pkg:2155 8333, identity:qcom-perfd
07-18 16:21:01.834  1954  2160 E ANDR-PERF-RESOURCEQS: ANDR-PERF-RESOURCEQS: AddAndApply() 125: Resource with major=16, minor=0 not supported
07-18 16:21:01.862  1954 14605 I [UAH_CLIENT]: UahRelease, handle:69694
07-18 16:21:01.871  2056  2198 D BatteryChargeControl: bcc get no support from charging protocol
07-18 16:21:01.874  6994 14301 W OplusMediaMonitor: [0xb4000072d78a7000] c2.qti.avc.decoder [640*368] inputFps=24, outputFps=24 renderFps=0, discardFps=24
07-18 16:21:01.892  1890 29574 I sensors-hal: handle_oplus_wise_rgb_event:160, wise_rgb:(14541)(cct,lux,ir)[5300.00, 23.50, 0.000000](rgbc)[1114.95, 741.42, 391.70, 1975.66](pwm,hbm,brl,algo)[1.0 0.0 1411.0 2.0],flag 0
07-18 16:21:01.917  2129  3762 D AudioFlinger: fast trackId 929 is playing mute data
07-18 16:21:01.954  2056  2184 D vendor.oplus.hardware.charger-V10-service: ret_value:122, read content:,338,338,4024,4022,55,66,69,1,1,0,453,4997,68,1,4430,300,500,0,7,2500,7,0,1,0,2,0,0,0,1,5397,93,0,3068,4672,0,0,0,0,0,105
07-18 16:21:01.954  2056  2184 D vendor.oplus.hardware.charger-V10-service: gmtime: 2026-07-18-16-21-01
07-18 16:21:01.955  2056  2184 D vendor.oplus.hardware.charger-V10-service: usb_online:1, ac_online:-2147483648, wireless_online:0
07-18 16:21:01.957  2129  3762 D AudioFlinger: fast trackId 930 is playing mute data
07-18 16:21:01.964  3519  3644 D osense.compress: jp.naver.line.android do shrink, target ratio = 35, final ratio = 70, cur ratio = 0
07-18 16:21:02.084  3519  3604 E BLASTSyncEngine: WM sent Transaction (#3289, Transition-OPEN, tx=15113990331926) to organizer, but never received commit callback. Application ANR likely to follow.
07-18 16:21:02.084  3519  3604 I BLASTSyncEngineExtImpl: syncTransitionCommitTimeout  syncGroupId=3289,merged.mNativeObjec=-5476376663958349440
07-18 16:21:02.085  3519  3604 I BLASTSyncEngine: onCommitted syncId: 3289, timeout: true ran: false
