07-18 16:22:21.876  1483  1483 I OmapiTransport: (internalProtectedTransmitApdu) STATUS OF TRNSMIT: 0 Message: 
07-18 16:22:21.876  1483  1483 I OmapiTransport: (sendData) stop the timer
07-18 16:22:21.877  1991  1991 I android.hardware.secure_element-service.qti: isCardPresent
07-18 16:22:21.877  1991  1991 I DMABUFHEAPS: Using DMA-BUF heap named: qcom,qseecom-ta
07-18 16:22:21.894  2129 16047 D AudioBoost: tryRtBoost, try boost audio rt, pid 14049, tid 16046, ret 0
07-18 16:22:21.963  2056  2198 D BatteryChargeControl: bcc get no support from charging protocol
07-18 16:22:21.971  3519  3644 D osense.compress: jp.naver.line.android do shrink, target ratio = 35, final ratio = 70, cur ratio = 0
07-18 16:22:21.989  2056  2184 D vendor.oplus.hardware.charger-V10-service: ret_value:123, read content:,340,340,3974,3965,452,66,69,1,1,0,453,4989,68,1,4430,300,500,0,7,2500,7,0,1,0,2,0,0,0,1,5397,93,0,3058,4672,0,0,0,0,0,105
07-18 16:22:21.989  2056  2184 D vendor.oplus.hardware.charger-V10-service: gmtime: 2026-07-18-16-22-21
07-18 16:22:21.990  2056  2184 D vendor.oplus.hardware.charger-V10-service: usb_online:1, ac_online:-2147483648, wireless_online:0
07-18 16:22:21.994  2129 16055 D AudioBoost: tryRtBoost, try boost audio rt, pid 14049, tid 16050, ret 0
07-18 16:22:22.042  1890 10009 I sensors-hal: handle_sns_client_event:316, accel_sample: 0: ts=112126474266319 ns; value = [-0.281618, 0.203208, 9.873688], status=3
07-18 16:22:22.063  1765  8457 E         : DNS_CACHE: hanle request << lookupdns: hostname:test-gateway.instagram.com, servername:443, ai_flags:1024, ai_family:0, ai_socktype:2, ai_protocol:0, netid:0, uid:10526
07-18 16:22:22.064 26444 26889 D DNS_CACHE: oplus_oplus_getaddrinfo_proxy lookup from netd: hostname:test-gateway.instagram.com, servname:443 uid: 10526, result_code:408, res = 0x0, found = 0
07-18 16:22:22.065 26444 26856 E msys    : E[N mns:DGWClient]_LogError(328)=>Failed to resolve using system DNS resolver, getaddrinfo(): No address associated with hostname
07-18 16:22:22.065  1991  5775 E SmcInvoke_MinkDescriptor: mem obj with id :15 not found in list
07-18 16:22:22.067  1483  1483 I OmapiTransport: (internalProtectedTransmitApdu) Set the timer with timeout 3000 ms
07-18 16:22:22.067  1483  1483 I OmapiTransport: (internalProtectedTransmitApdu) STATUS OF TRNSMIT: 0 Message: 
07-18 16:22:22.067  1483  1483 I OmapiTransport: (sendData) stop the timer
07-18 16:22:22.068  1991  1991 I android.hardware.secure_element-service.qti: isCardPresent
07-18 16:22:22.068  1991  1991 I DMABUFHEAPS: Using DMA-BUF heap named: qcom,qseecom-ta
07-18 16:22:22.077 14049 15844 D Capacitor: Handling CapacitorHttp request: https://localhost/_capacitor_http_interceptor_?u=https%3A%2F%2Fmusicbrainz.org%2Fws%2F2%2Fartist%3Fquery%3Dartist%253A%2522Future%252C%2520Metro%2520Boomin%2520%255C%2526%2520The%2520Weeknd%2522%26fmt%3Djson%26limit%3D8
07-18 16:22:22.078 14049 15844 I CapacitorCookies: Getting cookies at: 'https://musicbrainz.org/ws/2/artist?query=artist%3A%22Future%2C%20Metro%20Boomin%20%5C%26%20The%20Weeknd%22&fmt=json&limit=8'
07-18 16:22:22.091  1890 29574 I sensors-hal: handle_oplus_wise_rgb_event:160, wise_rgb:(14941)(cct,lux,ir)[5300.00, 21.49, 0.000000](rgbc)[1084.40, 726.88, 376.63, 1900.25](pwm,hbm,brl,algo)[1.0 0.0 1405.0 2.0],flag 0
07-18 16:22:22.136  5380 12238 D IpClient/wlan0: interfaceLinkStateChanged: ifindex 27 up
07-18 16:22:22.137  6265  6390 E horae   : 0: target_temp:34000, back:34000,frame:34000,front:34000, 3, +(0), 1 ,34000, algo:0
07-18 16:22:22.215  2129 16047 D AudioBoost: tryRtBoost, try boost audio rt, pid 14049, tid 16046, ret 0
07-18 16:22:22.215  2129 16047 E AudioBoost: requestPriority did not receive expected priority boost on time pid: 14049 tid: 16046
07-18 16:22:22.215  2129 16047 D AudioBoost: tryRtBoost, try boost audio rt, pid 14049, tid 16046, ret 0
07-18 16:22:22.228  9296 10256 W Battery : ThermalControllHandler: MSG_THERMAL_CONTROL_CATEGORY_PROTECT_PERIOD quit.
07-18 16:22:22.228  9296 10256 W Battery : ThermalControllerCenter: mSafetyState=10000
07-18 16:22:22.229  9296 10256 W Battery : ThermalControllHandler: tempLevel=[3],userMode=2,gameUserMode=7,appType=-1,envTempType=0,appStates=[101],appSwitchSafetyMode=true,split=[],float={},full=[rd.sheepskin.sandboxmusic], tempGear=[3],configItemName=scene_101
07-18 16:22:22.229  9296 10256 W Battery : ThermalControllerCenter: startCollingMethods,thermalPolicy=Policy info
07-18 16:22:22.229  9296 10256 W Battery : {
07-18 16:22:22.229  9296 10256 W Battery :  categoryName: scene_101
07-18 16:22:22.229  9296 10256 W Battery :  configItemName: gear_config 
07-18 16:22:22.229  9296 10256 W Battery :  gearVal:[3], cpuVal:10, gpuVal:-1, restrictVal:0, brightnessVal:13, chargeVal:7, modemVal:0, disFlashVal:0, stopCameraVideoVal:0, cameraBrightnessVal:255, disCameraVal:0, disWifiHotSpotVal:0, disTorchVal:0, disFrameInsertVal:0, fpsVal:0, refreshRateVal:0, cpuPowerVal:-1, disVideoSRVal:0, thermalSerious:-2, speedChargeAdd:-2, ipaweight:-1, boostBreak1:20, boostBreak2:10, heatoffPolicy:-2, freezer:-2 
07-18 16:22:22.229  9296 10256 W Battery : } 
07-18 16:22:22.229  9296 10256 W Battery : ThermalControlUtils: not set the same modem=0
07-18 16:22:22.230  3519  4741 D OplusBatteryServiceFeature: setSmartCoolDown: coolDown = 7, normalCoolDown = 7, pkgName = rd.sheepskin.sandboxmusic
07-18 16:22:22.231  2056  2056 D vendor.oplus.hardware.charger-V10-service: set cooldown:7,  normalCoolDown:7
07-18 16:22:22.232  9296 10256 W Battery : ThermalControlUtils: not set the same wifi=0
07-18 16:22:22.232  3519  4741 D OplusDisplayManagerServiceEnhance: setSpecBrightness gear = 13 reason = rd.sheepskin.sandboxmusic_scene_101@temperature@34@normal rate = -1
07-18 16:22:22.232  3519  3655 I OplusDisplayFeatureManager: handleMessage MSG_TEMPERATURE_LIMIT_BRIGHTNESS_CHANGED.
07-18 16:22:22.232  9296 10256 I [UAH_CLIENT]: uahRuleCtl, ruleId:4, status:1
07-18 16:22:22.233  3519  3655 D OplusFeatureTemperatureLimitBrightness: new parameter!ControlInfo:[ gear = 13 reason = rd.sheepskin.sandboxmusic_scene_101@temperature@34@normal gearNit = 900.0 package = rd.sheepskin.sandboxmusic_scene_101 type = temperature temperature = 34 priority = normal rate = -1] HadDragPoint = false mode = 1
07-18 16:22:22.233  3519  3655 D OplusFeatureTemperatureLimitBrightness: isResetUpdate = false isNormalUpdate = true isSafetyRegulationsForceUpdate = false mLastLimitNit = 900.0
07-18 16:22:22.233  3519  3655 D OplusFeatureTemperatureLimitBrightness: mLimitNit = 900.0; mCurTemperature = 34
07-18 16:22:22.233  9296 10256 W Battery : ThermalControllHandler: MSG_THERMAL_CONTROL_TRACEINFO_UPLOAD. isTraceMonitorOn:false, hasTraceAidl:false
07-18 16:22:22.233  3519  3653 D OplusBiometricsDisplayHelper: isFold: false, isUnblockByFp: null
07-18 16:22:22.256  1991  5775 E SmcInvoke_MinkDescriptor: mem obj with id :15 not found in list
07-18 16:22:22.257  1483  1483 I OmapiTransport: (internalProtectedTransmitApdu) Set the timer with timeout 3000 ms
07-18 16:22:22.257  1483  1483 I OmapiTransport: (internalProtectedTransmitApdu) STATUS OF TRNSMIT: 0 Message: 
07-18 16:22:22.258  1483  1483 I OmapiTransport: (sendData) stop the timer
07-18 16:22:22.258  1991  1991 I android.hardware.secure_element-service.qti: isCardPresent
07-18 16:22:22.258  1991  1991 I DMABUFHEAPS: Using DMA-BUF heap named: qcom,qseecom-ta
07-18 16:22:22.265 14049 15849 D Capacitor: Handling CapacitorHttp request: https://localhost/_capacitor_http_interceptor_?u=https%3A%2F%2Fmusicbrainz.org%2Fws%2F2%2Fartist%3Fquery%3Dartist%253A%2522Chip%2520tha%2520Ripper%252C%2520Larry%2520June%2520%255C%2526%2520Denzel%2520Curry%2522%26fmt%3Djson%26limit%3D8
07-18 16:22:22.266 14049 15849 I CapacitorCookies: Getting cookies at: 'https://musicbrainz.org/ws/2/artist?query=artist%3A%22Chip%20tha%20Ripper%2C%20Larry%20June%20%5C%26%20Denzel%20Curry%22&fmt=json&limit=8'
07-18 16:22:22.314  2129 16055 D AudioBoost: tryRtBoost, try boost audio rt, pid 14049, tid 16050, ret 0
07-18 16:22:22.314  2129 16055 E AudioBoost: requestPriority did not receive expected priority boost on time pid: 14049 tid: 16050
07-18 16:22:22.314  2129 16055 D AudioBoost: tryRtBoost, try boost audio rt, pid 14049, tid 16050, ret 0
07-18 16:22:22.315  5656  5656 D SubsysEventListenerManager-SubsysTelephonyCallback[1]: onSignalStrengthsChanged
07-18 16:22:22.316  1480 15721 W keystore2: system/security/keystore2/watchdog/src/lib.rs:143 - ### Keystore Watchdog report - BEGIN ###
07-18 16:22:22.316  1480 15721 W keystore2: system/security/keystore2/watchdog/src/lib.rs:152 - When extracting from a bug report, please include this header and all 1 records below (to footer)
07-18 16:22:22.316  1480 15721 W keystore2: system/security/keystore2/watchdog/src/lib.rs:199 - ThreadId(20) Calling get_rkpd_attestation_key() Started: 07-18 09:22:21.315 UTC Pending: 1.000543177s Overdue 544.062Âµs
07-18 16:22:22.316  1480 15721 W keystore2: system/security/keystore2/watchdog/src/lib.rs:211 - ### Keystore Watchdog report - END ###
07-18 16:22:22.322  4980  5072 I SystemUi--Statusbar: MobileConnectionRepositoryImpl-->subId:2 isSoftSimCard:false slotId:1
07-18 16:22:22.326  5408  5408 D OplusTelephonyController: onSignalStrengthChanged: SignalStrength=SignalStrength:{mCdma=CellSignalStrengthCdma: cdmaDbm=2147483647 cdmaEcio=2147483647 evdoDbm=2147483647 evdoEcio=2147483647 evdoSnr=2147483647 level=0,mGsm=CellSignalStrengthGsm: rssi=2147483647 ber=2147483647 mTa=2147483647 mLevel=0,mWcdma=CellSignalStrengthWcdma: ss=2147483647 ber=2147483647 rscp=2147483647 ecno=2147483647 level=0,mTdscdma=CellSignalStrengthTdscdma: rssi=2147483647 ber=2147483647 rscp=2147483647 level=0,mLte=CellSignalStrengthLte: rssi=-51 rsrp=-76 rsrq=-13 rssnr=13 cqiTableIndex=2147483647 cqi=2147483647 ta=2147483647 level=4 parametersUseForLevel=0,mNr=CellSignalStrengthNr:{ csiRsrp = 2147483647 csiRsrq = 2147483647 csiCqiTableIndex = 2147483647 csiCqiReport = [] ssRsrp = 2147483647 ssRsrq = 2147483647 ssSinr = 2147483647 level = 0 parametersUseForLevel = 0 timingAdvance = 2147483647 },primary=CellSignalStrengthLte}
07-18 16:22:22.329  4980  4980 D Tile.OplusCellularTile: refreshState: tile not listening, ignore
07-18 16:22:22.329  4980  5072 I SystemUi--Statusbar: MobileConnectionRepositoryImpl-->subId:1 isSoftSimCard:false slotId:0
07-18 16:22:22.330  5656  5656 D SubsysEventListenerManager-SubsysTelephonyCallback[0]: onSignalStrengthsChanged
07-18 16:22:22.358 14049 15844 D Capacitor: Handling local request: https://localhost/musicbrainz/ws/2/release?query=release%3A%22Blood%20On%20My%20Nikez%20%5C-%20Single%22%20AND%20artist%3A%22Denzel%20Curry%22&fmt=json&limit=12
07-18 16:22:22.372  8966 15302 I CastSocketMultiplexer: Stopping multiplexer...
07-18 16:22:22.381 14049 15851 D Capacitor: Handling CapacitorHttp request: https://localhost/_capacitor_http_interceptor_?u=https%3A%2F%2Fapi.deezer.com%2Fsearch%2Falbum%3Fq%3DDenzel%2520Curry%2520Blood%2520On%2520My%2520Nikez%2520-%2520Single%26limit%3D8
07-18 16:22:22.381 19514 23380 W OPLUS_LOG_LOAD: ==LOGS PROG INFO, prog(com.oplus.camera) ==
07-18 16:22:22.381 19514 23380 I APS_ALOG: flushRoutine g_immediateFlush=0 g_pendingCount=0 g_oobCount=0
07-18 16:22:22.382 14049 15851 I CapacitorCookies: Getting cookies at: 'https://api.deezer.com/search/album?q=Denzel%20Curry%20Blood%20On%20My%20Nikez%20-%20Single&limit=8'
07-18 16:22:22.385  1765  8457 E         : DNS_CACHE: hanle request << lookupdns: hostname:api.deezer.com, servername:^, ai_flags:1024, ai_family:0, ai_socktype:1, ai_protocol:0, netid:0, uid:10448
07-18 16:22:22.385 14049 15851 D DNS_CACHE: oplus_oplus_getaddrinfo_proxy lookup from netd: hostname:api.deezer.com, servname:(null) uid: 10448, result_code:408, res = 0x0, found = 0
07-18 16:22:22.409 14049 15852 D Capacitor: Handling local request: https://localhost/musicbrainz/ws/2/release?query=release%3A%22Blood%20On%20My%20Nikez%20%5C-%20Single%22%20AND%20artist%3A%22Denzel%20Curry%22&fmt=json&limit=12
07-18 16:22:22.415 14049 15851 D DNS_CACHE: oplus_send_dns_response send hostname: api.deezer.com, servname: (null) response into netd: 0, *res = 0xb4000072b5864940
07-18 16:22:22.415  1765  8457 E         : DNS_CACHE: hanle request << adddns: hostname:api.deezer.com, servername:^, ai_flags:1024, ai_family:0, ai_socktype:1, ai_protocol:0, netid:0, uid:10448
07-18 16:22:22.417  5485  5817 D DnsDomainBlock: onDnsEvent: latencyMs=25, returnCode=0, uid=10448
07-18 16:22:22.421 14049 15852 D Capacitor: Handling CapacitorHttp request: https://localhost/_capacitor_http_interceptor_?u=https%3A%2F%2Fapi.deezer.com%2Fsearch%2Falbum%3Fq%3DDenzel%2520Curry%2520Blood%2520On%2520My%2520Nikez%2520-%2520Single%26limit%3D8
07-18 16:22:22.427 14049 15852 I CapacitorCookies: Getting cookies at: 'https://api.deezer.com/search/album?q=Denzel%20Curry%20Blood%20On%20My%20Nikez%20-%20Single&limit=8'
07-18 16:22:22.452  1991  5775 E SmcInvoke_MinkDescriptor: mem obj with id :15 not found in list
07-18 16:22:22.453  1483  1483 I OmapiTransport: (internalProtectedTransmitApdu) Set the timer with timeout 3000 ms
07-18 16:22:22.453  1483  1483 I OmapiTransport: (internalProtectedTransmitApdu) STATUS OF TRNSMIT: 0 Message: 
07-18 16:22:22.454  1483  1483 I OmapiTransport: (sendData) stop the timer
07-18 16:22:22.455  1991  1991 I android.hardware.secure_element-service.qti: isCardPresent
07-18 16:22:22.455  1991  1991 I DMABUFHEAPS: Using DMA-BUF heap named: qcom,qseecom-ta
07-18 16:22:22.577  5656  7530 D CommonApp-133-10162: transport layer data is invalid
07-18 16:22:22.578  5656  7530 D CommonApp-133-10448: commonScoreStrategy scenarios 3 mTLD.uplink_packets + mTLD.downlink_packets > 10 avgRtt63
07-18 16:22:22.579  5656  7530 D CommonApp-133-10448: notifyScoreChange appScene COMMON score 100
07-18 16:22:22.587  3519  6109 I AICCTModule: SensorFilter: brightness threshold 1.2 screenNit is 117.06305 ave enviroment lux is 20.96864 luxForNit 46.094578demarcationPoint200.0 result is true
07-18 16:22:22.600  4980  5029 I SystemUi--Statusbar: OplusNetworkSpeedControllExImpl-->updateNetworkSpeed: isConnected:true,isSwitchOn:true,isSuspend:false,isPause:false
07-18 16:22:22.604  4980  5029 I SystemUi--Statusbar: OplusNetworkSpeedControllExImpl-->getTotalByte: totalRxBytes:3124810120,totalTxBytes:438121659,loopbackTxBytes:274192410,loopbackRxBytes:274192410 ,totalBytes:3014546959
07-18 16:22:22.624  1954  1954 I [UAH_CLIENT]: UahPlatformResAcquire
07-18 16:22:22.624  1954  1954 I [UAH_CLIENT]: UahEventAcquire, cmdid:-3, pkg:2155 8331, identity:qcom-perfd
07-18 16:22:22.625  1954  2160 E ANDR-PERF-RESOURCEQS: ANDR-PERF-RESOURCEQS: AddAndApply() 125: Resource with major=16, minor=0 not supported
07-18 16:22:22.643  1991  5775 E SmcInvoke_MinkDescriptor: mem obj with id :15 not found in list
07-18 16:22:22.644  1483  1483 I OmapiTransport: (internalProtectedTransmitApdu) Set the timer with timeout 3000 ms
07-18 16:22:22.644  1483  1483 I OmapiTransport: (internalProtectedTransmitApdu) STATUS OF TRNSMIT: 0 Message: 
07-18 16:22:22.645  1483  1483 I OmapiTransport: (sendData) stop the timer
07-18 16:22:22.645  1991  1991 I android.hardware.secure_element-service.qti: isCardPresent
07-18 16:22:22.646  1991  1991 I DMABUFHEAPS: Using DMA-BUF heap named: qcom,qseecom-ta
07-18 16:22:22.653  1954 16073 I [UAH_CLIENT]: UahRelease, handle:69857
07-18 16:22:22.663  5656  5656 D VendorWifiService: onEvent event:9,action:1
07-18 16:22:22.669  3519  4590 D OplusWifiPower_TriggerCenter: mComponentCallback: wifistat
07-18 16:22:22.746 14049 15852 I CapacitorCookies: Setting cookie 'dzr_uniq_id=dzr_uniq_id_frf6d62bdce5e39e34013cb69a9ee35ae7921183; expires=Thu, 14 Jan 2027 09:22:22 GMT; Max-Age=15552000; path=/; domain=.deezer.com; secure; SameSite=None' at: 'https://api.deezer.com/search/album?q=Denzel%20Curry%20Blood%20On%20My%20Nikez%20-%20Single&limit=8'
07-18 16:22:22.747 14049 15851 I CapacitorCookies: Setting cookie 'dzr_uniq_id=dzr_uniq_id_frf6d62bdce5e39e34013cb69a9ee35ae7921183; expires=Thu, 14 Jan 2027 09:22:22 GMT; Max-Age=15552000; path=/; domain=.deezer.com; secure; SameSite=None' at: 'https://api.deezer.com/search/album?q=Denzel%20Curry%20Blood%20On%20My%20Nikez%20-%20Single&limit=8'
07-18 16:22:22.760 14049 15851 I CapacitorCookies: Setting cookie 'dzr_uniq_id=dzr_uniq_id_frf6d62bdce5e39e34013cb69a9ee35ae7921183; expires=Thu, 14 Jan 2027 09:22:22 GMT; Max-Age=15552000; path=/; domain=.deezer.com; secure; SameSite=None' at: 'https://.deezer.com'
07-18 16:22:22.760 14049 15852 I CapacitorCookies: Setting cookie 'dzr_uniq_id=dzr_uniq_id_frf6d62bdce5e39e34013cb69a9ee35ae7921183; expires=Thu, 14 Jan 2027 09:22:22 GMT; Max-Age=15552000; path=/; domain=.deezer.com; secure; SameSite=None' at: 'https://.deezer.com'
07-18 16:22:22.762 14049 15852 I CapacitorCookies: Setting cookie 'bm_sv=DF03BE9BE8BBE593D8940F8346CA3A07~YAAQBQtmq+qoIDqfAQAA1q+IdABPxKj4c9SJ0LmpvnaEsb9NOZ4k5DqPHAddaYf7S31JJkGrCB4aSlA8weyik508HaL7vJT/gwNWZHlLDB6WQpQAwOB6m0CfPniWdzQL5WzQj8DCRIfzjrYBGEQFl/gCJ5bnVAJc+B/TVU+aJAEPK2z25SUw0UqKwh03F22Uz51DoPyaymNApjJ5oCVWTvi8GCskY0WSRjkPwMqkeawzLy67SSNeQMSEqi+nskqvkQ==~1; Domain=.deezer.com; Path=/; Expires=Sat, 18 Jul 2026 10:34:06 GMT; Max-Age=4304; Secure' at: 'https://api.deezer.com/search/album?q=Denzel%20Curry%20Blood%20On%20My%20Nikez%20-%20Single&limit=8'
07-18 16:22:22.763 14049 15851 I CapacitorCookies: Setting cookie 'bm_sv=DF03BE9BE8BBE593D8940F8346CA3A07~YAAQBQtmq+yoIDqfAQAA4K+IdABOz8jGk3evW+dGFFQyfPr6nAUGRT5q/uAy3/yQR2tVKD5e1yeUqTXjgsooVQ3DXNb9AAShOI6w3KLdhbLwsws8vfhyLi7UnaKzuyf5gsq+GGAWkfPzOwKfnKostR63fdGG91emcXifFveUI+79AzU2UCTDKQ+b/J7tVFRKI0G0AI3TIo7sER99u0UYKHt1aX9hRvpQPXmfF4QVEqRJzceDgQbF0+lF/3M7JC0ywg==~1; Domain=.deezer.com; Path=/; Expires=Sat, 18 Jul 2026 10:34:06 GMT; Max-Age=4304; Secure' at: 'https://api.deezer.com/search/album?q=Denzel%20Curry%20Blood%20On%20My%20Nikez%20-%20Single&limit=8'
07-18 16:22:22.766 14049 15852 I CapacitorCookies: Setting cookie 'bm_sv=DF03BE9BE8BBE593D8940F8346CA3A07~YAAQBQtmq+qoIDqfAQAA1q+IdABPxKj4c9SJ0LmpvnaEsb9NOZ4k5DqPHAddaYf7S31JJkGrCB4aSlA8weyik508HaL7vJT/gwNWZHlLDB6WQpQAwOB6m0CfPniWdzQL5WzQj8DCRIfzjrYBGEQFl/gCJ5bnVAJc+B/TVU+aJAEPK2z25SUw0UqKwh03F22Uz51DoPyaymNApjJ5oCVWTvi8GCskY0WSRjkPwMqkeawzLy67SSNeQMSEqi+nskqvkQ==~1; Domain=.deezer.com; Path=/; Expires=Sat, 18 Jul 2026 10:34:06 GMT; Max-Age=4304; Secure' at: 'https://.deezer.com'
07-18 16:22:22.767 14049 15851 I CapacitorCookies: Setting cookie 'bm_sv=DF03BE9BE8BBE593D8940F8346CA3A07~YAAQBQtmq+yoIDqfAQAA4K+IdABOz8jGk3evW+dGFFQyfPr6nAUGRT5q/uAy3/yQR2tVKD5e1yeUqTXjgsooVQ3DXNb9AAShOI6w3KLdhbLwsws8vfhyLi7UnaKzuyf5gsq+GGAWkfPzOwKfnKostR63fdGG91emcXifFveUI+79AzU2UCTDKQ+b/J7tVFRKI0G0AI3TIo7sER99u0UYKHt1aX9hRvpQPXmfF4QVEqRJzceDgQbF0+lF/3M7JC0ywg==~1; Domain=.deezer.com; Path=/; Expires=Sat, 18 Jul 2026 10:34:06 GMT; Max-Age=4304; Secure' at: 'https://.deezer.com'
07-18 16:22:22.835  1991  5775 E SmcInvoke_MinkDescriptor: mem obj with id :15 not found in list
07-18 16:22:22.836  1483  1483 I OmapiTransport: (internalProtectedTransmitApdu) Set the timer with timeout 3000 ms
07-18 16:22:22.837  1483  1483 I OmapiTransport: (internalProtectedTransmitApdu) STATUS OF TRNSMIT: 0 Message: 
07-18 16:22:22.837  1483  1483 I OmapiTransport: (sendData) stop the timer
07-18 16:22:22.838  1991  1991 I android.hardware.secure_element-service.qti: isCardPresent
07-18 16:22:22.839  1991  1991 I DMABUFHEAPS: Using DMA-BUF heap named: qcom,qseecom-ta
07-18 16:22:22.948 14049 15844 D Capacitor: Handling CapacitorHttp request: https://localhost/_capacitor_http_interceptor_?u=https%3A%2F%2Fmusicbrainz.org%2Fws%2F2%2Fartist%3Fquery%3Dartist%253A%2522Chip%2520tha%2520Ripper%252C%2520Larry%2520June%2520%255C%2526%2520Denzel%2520Curry%2522%26fmt%3Djson%26limit%3D8
07-18 16:22:22.949 14049 15844 I CapacitorCookies: Getting cookies at: 'https://musicbrainz.org/ws/2/artist?query=artist%3A%22Chip%20tha%20Ripper%2C%20Larry%20June%20%5C%26%20Denzel%20Curry%22&fmt=json&limit=8'
07-18 16:22:22.951 14049 15851 D Capacitor: Handling CapacitorHttp request: https://localhost/_capacitor_http_interceptor_?u=https%3A%2F%2Fwww.discogs.com%2Fsearch%2F%3Fq%3DDenzel%2520Curry%2520Blood%2520On%2520My%2520Nikez%2520-%2520Single%26type%3Drelease
07-18 16:22:22.952 14049 16037 D Capacitor: Handling CapacitorHttp request: https://localhost/_capacitor_http_interceptor_?u=https%3A%2F%2Fwww.discogs.com%2Fsearch%2F%3Fq%3DDenzel%2520Curry%2520Blood%2520On%2520My%2520Nikez%2520-%2520Single%26type%3Drelease
07-18 16:22:22.953 14049 15851 I CapacitorCookies: Getting cookies at: 'https://www.discogs.com/search/?q=Denzel%20Curry%20Blood%20On%20My%20Nikez%20-%20Single&type=release'
07-18 16:22:22.954 14049 16037 I CapacitorCookies: Getting cookies at: 'https://www.discogs.com/search/?q=Denzel%20Curry%20Blood%20On%20My%20Nikez%20-%20Single&type=release'
07-18 16:22:22.956  1765  8457 E         : DNS_CACHE: hanle request << lookupdns: hostname:www.discogs.com, servername:^, ai_flags:1024, ai_family:0, ai_socktype:1, ai_protocol:0, netid:0, uid:10448
07-18 16:22:22.957 14049 15851 D DNS_CACHE: oplus_oplus_getaddrinfo_proxy lookup from netd: hostname:www.discogs.com, servname:(null) uid: 10448, result_code:408, res = 0x0, found = 0
07-18 16:22:22.957  1765  8457 E         : DNS_CACHE: hanle request << lookupdns: hostname:www.discogs.com, servername:^, ai_flags:1024, ai_family:0, ai_socktype:1, ai_protocol:0, netid:0, uid:10448
07-18 16:22:22.957 14049 16037 D DNS_CACHE: oplus_oplus_getaddrinfo_proxy lookup from netd: hostname:www.discogs.com, servname:(null) uid: 10448, result_code:408, res = 0x0, found = 0
07-18 16:22:22.963  1765  8457 E         : DNS_CACHE: hanle request << adddns: hostname:www.discogs.com, servername:^, ai_flags:1024, ai_family:0, ai_socktype:1, ai_protocol:0, netid:0, uid:10448
07-18 16:22:22.964  2056  2198 D BatteryChargeControl: bcc get no support from charging protocol
07-18 16:22:22.964 14049 16037 D DNS_CACHE: oplus_send_dns_response send hostname: www.discogs.com, servname: (null) response into netd: 0, *res = 0xb4000072b5864f40
07-18 16:22:22.966  5485  5817 D DnsDomainBlock: onDnsEvent: latencyMs=3, returnCode=0, uid=10448
07-18 16:22:22.967  1765  8457 E         : DNS_CACHE: hanle request << adddns: hostname:www.discogs.com, servername:^, ai_flags:1024, ai_family:0, ai_socktype:1, ai_protocol:0, netid:0, uid:10448
07-18 16:22:22.967 14049 15851 D DNS_CACHE: oplus_send_dns_response send hostname: www.discogs.com, servname: (null) response into netd: 0, *res = 0xb4000072b5864940
07-18 16:22:22.996 14049 16082 D ProfileInstaller: Installing profile for rd.sheepskin.sandboxmusic
07-18 16:22:23.051  1890 10009 I sensors-hal: handle_sns_client_event:316, accel_sample: 0: ts=112127481825642 ns; value = [-0.281618, 0.207996, 9.864111], status=3
07-18 16:22:23.055  1991  5776 E SmcInvoke_MinkDescriptor: mem obj with id :15 not found in list
07-18 16:22:23.055  1483  1483 I OmapiTransport: (internalProtectedTransmitApdu) Set the timer with timeout 3000 ms
07-18 16:22:23.056  1483  1483 I OmapiTransport: (internalProtectedTransmitApdu) STATUS OF TRNSMIT: 0 Message: 
07-18 16:22:23.057  1483  1483 I OmapiTransport: (sendData) stop the timer
07-18 16:22:23.058  1991  1991 I android.hardware.secure_element-service.qti: isCardPresent
07-18 16:22:23.059  1991  1991 I DMABUFHEAPS: Using DMA-BUF heap named: qcom,qseecom-ta
07-18 16:22:23.091  1890 29574 I sensors-hal: handle_oplus_wise_rgb_event:160, wise_rgb:(14946)(cct,lux,ir)[5300.00, 21.49, 0.000000](rgbc)[1084.40, 726.88, 376.63, 1900.25](pwm,hbm,brl,algo)[1.0 0.0 1405.0 2.0],flag 0
07-18 16:22:23.091  3519  4340 I CwbClient: setCWBDisplayType set mFeatureID = CWB_RGB_VALUE
07-18 16:22:23.092 14049 15846 D Capacitor: Handling CapacitorHttp request: https://localhost/_capacitor_http_interceptor_?u=https%3A%2F%2Fwww.theaudiodb.com%2Fapi%2Fv1%2Fjson%2F2%2Fsearchalbum.php%3Fs%3DDenzel%2520Curry%26a%3DBlood%2520On%2520My%2520Nikez%2520-%2520Single
07-18 16:22:23.093 14049 15851 D Capacitor: Handling CapacitorHttp request: https://localhost/_capacitor_http_interceptor_?u=https%3A%2F%2Fwww.theaudiodb.com%2Fapi%2Fv1%2Fjson%2F2%2Fsearchalbum.php%3Fs%3DDenzel%2520Curry%26a%3DBlood%2520On%2520My%2520Nikez%2520-%2520Single
07-18 16:22:23.093 14049 15846 I CapacitorCookies: Getting cookies at: 'https://www.theaudiodb.com/api/v1/json/2/searchalbum.php?s=Denzel%20Curry&a=Blood%20On%20My%20Nikez%20-%20Single'
07-18 16:22:23.094  1765  8457 E         : DNS_CACHE: hanle request << lookupdns: hostname:www.theaudiodb.com, servername:^, ai_flags:1024, ai_family:0, ai_socktype:1, ai_protocol:0, netid:0, uid:10448
07-18 16:22:23.095 14049 15846 D DNS_CACHE: oplus_oplus_getaddrinfo_proxy lookup from netd: hostname:www.theaudiodb.com, servname:(null) uid: 10448, result_code:408, res = 0x0, found = 0
07-18 16:22:23.095 14049 15851 I CapacitorCookies: Getting cookies at: 'https://www.theaudiodb.com/api/v1/json/2/searchalbum.php?s=Denzel%20Curry&a=Blood%20On%20My%20Nikez%20-%20Single'
07-18 16:22:23.098  1765  8457 E         : DNS_CACHE: hanle request << lookupdns: hostname:www.theaudiodb.com, servername:^, ai_flags:1024, ai_family:0, ai_socktype:1, ai_protocol:0, netid:0, uid:10448
07-18 16:22:23.099 14049 15851 D DNS_CACHE: oplus_oplus_getaddrinfo_proxy lookup from netd: hostname:www.theaudiodb.com, servname:(null) uid: 10448, result_code:408, res = 0x0, found = 0
07-18 16:22:23.113  1765  8457 E         : DNS_CACHE: hanle request << adddns: hostname:www.theaudiodb.com, servername:^, ai_flags:1024, ai_family:0, ai_socktype:1, ai_protocol:0, netid:0, uid:10448
07-18 16:22:23.114 14049 15846 D DNS_CACHE: oplus_send_dns_response send hostname: www.theaudiodb.com, servname: (null) response into netd: 0, *res = 0xb4000072b5864ac0
07-18 16:22:23.116  5485  5817 D DnsDomainBlock: onDnsEvent: latencyMs=16, returnCode=0, uid=10448
07-18 16:22:23.118 14049 15851 D DNS_CACHE: oplus_send_dns_response send hostname: www.theaudiodb.com, servname: (null) response into netd: 0, *res = 0xb4000072b5864940
07-18 16:22:23.118  1765  8457 E         : DNS_CACHE: hanle request << adddns: hostname:www.theaudiodb.com, servername:^, ai_flags:1024, ai_family:0, ai_socktype:1, ai_protocol:0, netid:0, uid:10448
07-18 16:22:23.246  1991  5778 E SmcInvoke_MinkDescriptor: mem obj with id :15 not found in list
07-18 16:22:23.247  1483  1483 I OmapiTransport: (internalProtectedTransmitApdu) Set the timer with timeout 3000 ms
07-18 16:22:23.247  1483  1483 I OmapiTransport: (internalProtectedTransmitApdu) STATUS OF TRNSMIT: 0 Message: 
07-18 16:22:23.250  1483  1483 I OmapiTransport: (sendData) stop the timer
07-18 16:22:23.253  1991  1991 I android.hardware.secure_element-service.qti: isCardPresent
07-18 16:22:23.254  1991  1991 I DMABUFHEAPS: Using DMA-BUF heap named: qcom,qseecom-ta
07-18 16:22:23.292  1890 20175 I sensors-hal: handle_oplus_wise_rgb_event:189, high_pwm_light:lux 22.2,cct 5300.0,brl/algo/ir 1405.0/2.0/0.0,pwm/dc 1.0/0.0,rgbc 1084.402832/726.880127/376.634277/1915.333252,ts 112127742337361,cnt 14947,flag 0
07-18 16:22:23.292  3519  4340 D FusionLightNextGen: raw_lux -1.0, raw_cct -1.0, r/g/b/c: 1084.4/726.9/376.6/1915.3, R/G/B: 28.0/27.0/23.0, bri 1405.0, lux: 21.206717, cct: 5300.0, ir: 0.075735, conf: 2, cnt: 0
07-18 16:22:23.442  1991  5776 E SmcInvoke_MinkDescriptor: mem obj with id :15 not found in list
07-18 16:22:23.443  1483  1483 I OmapiTransport: (internalProtectedTransmitApdu) Set the timer with timeout 3000 ms
07-18 16:22:23.443  1483  1483 I OmapiTransport: (internalProtectedTransmitApdu) STATUS OF TRNSMIT: 0 Message: 
07-18 16:22:23.444  1483  1483 I OmapiTransport: (sendData) stop the timer
07-18 16:22:23.445  1991  1991 I android.hardware.secure_element-service.qti: isCardPresent
07-18 16:22:23.446  1991  1991 I DMABUFHEAPS: Using DMA-BUF heap named: qcom,qseecom-ta
07-18 16:22:23.496 14049 15846 D Capacitor: Handling CapacitorHttp request: https://localhost/_capacitor_http_interceptor_?u=https%3A%2F%2Fitunes.apple.com%2Fsearch%3Fterm%3DDenzel%2BCurry%2BBlood%2BOn%2BMy%2BNikez%2B-%2BSingle%26entity%3Dalbum%26limit%3D12
07-18 16:22:23.497 14049 15846 I CapacitorCookies: Getting cookies at: 'https://itunes.apple.com/search?term=Denzel+Curry+Blood+On+My+Nikez+-+Single&entity=album&limit=12'
07-18 16:22:23.499  1765  8457 E         : DNS_CACHE: hanle request << lookupdns: hostname:itunes.apple.com, servername:^, ai_flags:1024, ai_family:0, ai_socktype:1, ai_protocol:0, netid:0, uid:10448
07-18 16:22:23.499 14049 15846 D DNS_CACHE: oplus_oplus_getaddrinfo_proxy lookup from netd: hostname:itunes.apple.com, servname:(null) uid: 10448, result_code:408, res = 0x0, found = 0
07-18 16:22:23.516  1765  8457 E         : DNS_CACHE: hanle request << adddns: hostname:itunes.apple.com, servername:^, ai_flags:1024, ai_family:0, ai_socktype:1, ai_protocol:0, netid:0, uid:10448
07-18 16:22:23.517 14049 15846 D DNS_CACHE: oplus_send_dns_response send hostname: itunes.apple.com, servname: (null) response into netd: 0, *res = 0xb4000072de873000
07-18 16:22:23.519  5485  5817 D DnsDomainBlock: onDnsEvent: latencyMs=16, returnCode=0, uid=10448
07-18 16:22:23.539  1897 13869 I WifiHAL : event received NL80211_CMD_VENDOR, vendor_id = 0x1374, subcmd = 0xd
07-18 16:22:23.539  3198  3198 I cnss-daemon: nl80211 response handler invoked
07-18 16:22:23.539  3198  3198 I cnss-daemon: nl80211_response_handler: cmd 103, vendorID 4980, subcmd 13  received
07-18 16:22:23.601  5656  7530 D CommonApp-133-10162: transport layer data is invalid
07-18 16:22:23.602  5656  7530 D CommonApp-133-10448: commonScoreStrategy scenarios 3 mTLD.uplink_packets + mTLD.downlink_packets > 10 avgRtt148
07-18 16:22:23.602  5656  7530 D CommonApp-133-10448: notifyScoreChange appScene COMMON score 99
07-18 16:22:23.635  1991  5775 E SmcInvoke_MinkDescriptor: mem obj with id :15 not found in list
07-18 16:22:23.636  1483  1483 I OmapiTransport: (internalProtectedTransmitApdu) Set the timer with timeout 3000 ms
07-18 16:22:23.636  1483  1483 I OmapiTransport: (internalProtectedTransmitApdu) STATUS OF TRNSMIT: 0 Message: 
07-18 16:22:23.637  1483  1483 I OmapiTransport: (sendData) stop the timer
07-18 16:22:23.638  1991  1991 I android.hardware.secure_element-service.qti: isCardPresent
07-18 16:22:23.638  1991  1991 I DMABUFHEAPS: Using DMA-BUF heap named: qcom,qseecom-ta
07-18 16:22:23.827  1991  5775 E SmcInvoke_MinkDescriptor: mem obj with id :15 not found in list
07-18 16:22:23.828  1483  1483 I OmapiTransport: (internalProtectedTransmitApdu) Set the timer with timeout 3000 ms
07-18 16:22:23.828  1483  1483 I OmapiTransport: (internalProtectedTransmitApdu) STATUS OF TRNSMIT: 0 Message: 
07-18 16:22:23.829  1483  1483 I OmapiTransport: (sendData) stop the timer
07-18 16:22:23.830  1991  1991 I android.hardware.secure_element-service.qti: isCardPresent
07-18 16:22:23.831  1991  1991 I DMABUFHEAPS: Using DMA-BUF heap named: qcom,qseecom-ta
07-18 16:22:23.909  1991  5777 E SmcInvoke_MinkDescriptor: mem obj with id :15 not found in list
07-18 16:22:23.909  1483  1483 I OmapiTransport: (internalProtectedTransmitApdu) Set the timer with timeout 3000 ms
07-18 16:22:23.909  1483  1483 I OmapiTransport: (internalProtectedTransmitApdu) STATUS OF TRNSMIT: 0 Message: 
07-18 16:22:23.912  1483  1483 I OmapiTransport: (sendData) stop the timer
07-18 16:22:23.912  1991  1991 I android.hardware.secure_element-service.qti: isCardPresent
07-18 16:22:23.913  1991  1991 I DMABUFHEAPS: Using DMA-BUF heap named: qcom,qseecom-ta
07-18 16:22:23.929  1991  5776 E SmcInvoke_MinkDescriptor: mem obj with id :15 not found in list
07-18 16:22:23.929  1483  1483 I OmapiTransport: (internalProtectedTransmitApdu) Set the timer with timeout 3000 ms
07-18 16:22:23.929  1483  1483 I OmapiTransport: (internalProtectedTransmitApdu) STATUS OF TRNSMIT: 0 Message: 
07-18 16:22:23.931  1483  1483 I OmapiTransport: (sendData) stop the timer
07-18 16:22:23.932  1991  1991 I android.hardware.secure_element-service.qti: isCardPresent
07-18 16:22:23.933  1991  1991 I DMABUFHEAPS: Using DMA-BUF heap named: qcom,qseecom-ta
07-18 16:22:23.964  2056  2198 D BatteryChargeControl: bcc get no support from charging protocol
07-18 16:22:23.969 14049 15844 D Capacitor: Handling CapacitorHttp request: https://localhost/_capacitor_http_interceptor_?u=https%3A%2F%2Fmusicbrainz.org%2Fws%2F2%2Fartist%3Fquery%3Dartist%253A%2522Denzel%2520Curry%2520%255C%2526%2520Kenny%2520Beats%2522%26fmt%3Djson%26limit%3D8
07-18 16:22:23.970 14049 15844 I CapacitorCookies: Getting cookies at: 'https://musicbrainz.org/ws/2/artist?query=artist%3A%22Denzel%20Curry%20%5C%26%20Kenny%20Beats%22&fmt=json&limit=8'
07-18 16:22:23.971 14049 15887 V Capacitor/Plugin: To native (Capacitor plugin): callbackId: 37619951, pluginId: NativeExoPlayback, methodName: getStatus
07-18 16:22:23.971 14049 15887 V Capacitor: callback: 37619951, pluginId: NativeExoPlayback, methodName: getStatus, methodData: {}
07-18 16:22:23.972 14049 14049 I Capacitor/Console: File:  - Line 349 - Msg: [object Object]
07-18 16:22:23.975 14049 15846 D Capacitor: Handling CapacitorHttp request: https://localhost/_capacitor_http_interceptor_?u=https%3A%2F%2Fitunes.apple.com%2Fsearch%3Fterm%3DDenzel%2BCurry%2BBlood%2BOn%2BMy%2BNikez%2B-%2BSingle%26entity%3Dalbum%26limit%3D12
07-18 16:22:23.975 14049 15846 I CapacitorCookies: Getting cookies at: 'https://itunes.apple.com/search?term=Denzel+Curry+Blood+On+My+Nikez+-+Single&entity=album&limit=12'
07-18 16:22:23.979 14049 14049 I Capacitor/Console: File:  - Line 333 - Msg: {"available":true,"wired":true,"message":"ExoPlayer decode active â€” content:// locker bridge + HTTP streams.","state":"idle","positionSecs":0,"durationSecs":0,"queueIndex":0,"queueLength":0,"gaplessEnabled":false,"crossfadeEnabled":false,"bitPerfectActive":false}
07-18 16:22:24.059  1890 10009 I sensors-hal: handle_sns_client_event:316, accel_sample: 0: ts=112128489382777 ns; value = [-0.300771, 0.212784, 9.907207], status=3
07-18 16:22:24.091  1890 29574 I sensors-hal: handle_oplus_wise_rgb_event:160, wise_rgb:(14951)(cct,lux,ir)[5300.00, 22.01, 0.000000](rgbc)[1069.13, 726.88, 376.63, 1900.25](pwm,hbm,brl,algo)[1.0 0.0 1405.0 2.0],flag 0
07-18 16:22:24.177  1991  5777 E SmcInvoke_MinkDescriptor: mem obj with id :15 not found in list
07-18 16:22:24.178  1483  1483 I OmapiTransport: (internalProtectedTransmitApdu) Set the timer with timeout 3000 ms
07-18 16:22:24.178  1483  1483 I OmapiTransport: (internalProtectedTransmitApdu) STATUS OF TRNSMIT: 0 Message: 
07-18 16:22:24.178  1483  1483 I OmapiTransport: (sendData) stop the timer
07-18 16:22:24.178  1991  1991 I android.hardware.secure_element-service.qti: isCardPresent
07-18 16:22:24.179  1991  1991 I DMABUFHEAPS: Using DMA-BUF heap named: qcom,qseecom-ta
07-18 16:22:24.196  3519  4474 D InetDiagMessage: Destroyed 0 sockets, proto=IPPROTO_TCP, family=AF_INET, states=14
07-18 16:22:24.201  3519  4474 D InetDiagMessage: Destroyed 4 sockets, proto=IPPROTO_TCP, family=AF_INET6, states=14
07-18 16:22:24.201  3519  4474 D InetDiagMessage: Destroyed live tcp sockets for uids={10308} in 8ms
07-18 16:22:24.204  3519  4474 D InetDiagMessage: Destroyed 0 sockets, proto=IPPROTO_TCP, family=AF_INET, states=14
07-18 16:22:24.206  3519  4474 D InetDiagMessage: Destroyed 0 sockets, proto=IPPROTO_TCP, family=AF_INET6, states=14
07-18 16:22:24.207  3519  4474 D InetDiagMessage: Destroyed live tcp sockets for uids={20308} in 5ms
07-18 16:22:24.245 14049 15846 D Capacitor: Handling CapacitorHttp request: https://localhost/_capacitor_http_interceptor_?u=https%3A%2F%2Fmusicbrainz.org%2Fws%2F2%2Fartist%3Fquery%3Dartist%253A%2522Denzel%2520Curry%2520%255C%2526%2520Kenny%2520Beats%2522%26fmt%3Djson%26limit%3D8
07-18 16:22:24.246 14049 15846 I CapacitorCookies: Getting cookies at: 'https://musicbrainz.org/ws/2/artist?query=artist%3A%22Denzel%20Curry%20%5C%26%20Kenny%20Beats%22&fmt=json&limit=8'
07-18 16:22:24.261  1991  5776 E SmcInvoke_MinkDescriptor: mem obj with id :15 not found in list
07-18 16:22:24.262  1483  1483 I OmapiTransport: (internalProtectedTransmitApdu) Set the timer with timeout 3000 ms
07-18 16:22:24.262  1483  1483 I OmapiTransport: (internalProtectedTransmitApdu) STATUS OF TRNSMIT: 0 Message: 
07-18 16:22:24.262  1483  1483 I OmapiTransport: (sendData) stop the timer
07-18 16:22:24.262  1991  1991 I android.hardware.secure_element-service.qti: isCardPresent
07-18 16:22:24.263  1991  1991 I DMABUFHEAPS: Using DMA-BUF heap named: qcom,qseecom-ta
07-18 16:22:24.344  1991  5775 E SmcInvoke_MinkDescriptor: mem obj with id :15 not found in list
07-18 16:22:24.344  1483  1483 I OmapiTransport: (internalProtectedTransmitApdu) Set the timer with timeout 3000 ms
07-18 16:22:24.345  1483  1483 I OmapiTransport: (internalProtectedTransmitApdu) STATUS OF TRNSMIT: 0 Message: 
07-18 16:22:24.345  1483  1483 I OmapiTransport: (sendData) stop the timer
07-18 16:22:24.345  1991  1991 I android.hardware.secure_element-service.qti: isCardPresent
07-18 16:22:24.345  1991  1991 I DMABUFHEAPS: Using DMA-BUF heap named: qcom,qseecom-ta
07-18 16:22:24.385  1890 29579 I sensors-hal: handle_sns_std_sensor_event:104, oplus rgb_rear sample: (cct, lux, ir, x, y)[28894, 0, 200000, 449, 115]
07-18 16:22:24.385  1890 29579 I sensors-hal: handle_sns_std_sensor_event:106, oplus rgb_rear sample: (r, g, b, c w)[2, 1, 3, 1, 2]
07-18 16:22:24.426  1991  5777 E SmcInvoke_MinkDescriptor: mem obj with id :15 not found in list
07-18 16:22:24.426  1483  1483 I OmapiTransport: (internalProtectedTransmitApdu) Set the timer with timeout 3000 ms
07-18 16:22:24.427  1483  1483 I OmapiTransport: (internalProtectedTransmitApdu) STATUS OF TRNSMIT: 0 Message: 
07-18 16:22:24.427  1483  1483 I OmapiTransport: (sendData) stop the timer
07-18 16:22:24.427  1991  1991 I android.hardware.secure_element-service.qti: isCardPresent
07-18 16:22:24.428  1991  1991 I DMABUFHEAPS: Using DMA-BUF heap named: qcom,qseecom-ta
07-18 16:22:24.509  1991  5777 E SmcInvoke_MinkDescriptor: mem obj with id :15 not found in list
07-18 16:22:24.510  1483  1483 I OmapiTransport: (internalProtectedTransmitApdu) Set the timer with timeout 3000 ms
07-18 16:22:24.510  1483  1483 I OmapiTransport: (internalProtectedTransmitApdu) STATUS OF TRNSMIT: 0 Message: 
07-18 16:22:24.510  1483  1483 I OmapiTransport: (sendData) stop the timer
07-18 16:22:24.510  1991  1991 I android.hardware.secure_element-service.qti: isCardPresent
07-18 16:22:24.511  1991  1991 I DMABUFHEAPS: Using DMA-BUF heap named: qcom,qseecom-ta
07-18 16:22:24.592  1991  5775 E SmcInvoke_MinkDescriptor: mem obj with id :15 not found in list
07-18 16:22:24.593  1483  1483 I OmapiTransport: (internalProtectedTransmitApdu) Set the timer with timeout 3000 ms
07-18 16:22:24.593  1483  1483 I OmapiTransport: (internalProtectedTransmitApdu) STATUS OF TRNSMIT: 0 Message: 
07-18 16:22:24.593  1483  1483 I OmapiTransport: (sendData) stop the timer
07-18 16:22:24.593  1991  1991 I android.hardware.secure_element-service.qti: isCardPresent
07-18 16:22:24.594  1991  1991 I DMABUFHEAPS: Using DMA-BUF heap named: qcom,qseecom-ta
07-18 16:22:24.629  5656  7530 D CommonApp-133-10162: transport layer data is invalid
07-18 16:22:24.629  5656  7530 D CommonApp-133-10448: commonScoreStrategy scenarios 5 mdnsScore=0
07-18 16:22:24.629  5656  7530 D CommonApp-133-10448: notifyScoreChange appScene COMMON score 99
07-18 16:22:24.675  1991  5777 E SmcInvoke_MinkDescriptor: mem obj with id :15 not found in list
07-18 16:22:24.676  1483  1483 I OmapiTransport: (internalProtectedTransmitApdu) Set the timer with timeout 3000 ms
07-18 16:22:24.676  1483  1483 I OmapiTransport: (internalProtectedTransmitApdu) STATUS OF TRNSMIT: 0 Message: 
07-18 16:22:24.676  1483  1483 I OmapiTransport: (sendData) stop the timer
07-18 16:22:24.676  1991  1991 I android.hardware.secure_element-service.qti: isCardPresent
07-18 16:22:24.677  1991  1991 I DMABUFHEAPS: Using DMA-BUF heap named: qcom,qseecom-ta
07-18 16:22:24.688  2129  3762 D AudioFlinger: fast trackId 934 is playing mute data
07-18 16:22:24.728  2129  3762 D AudioFlinger: fast trackId 935 is playing mute data
07-18 16:22:24.757  1991  5776 E SmcInvoke_MinkDescriptor: mem obj with id :15 not found in list
07-18 16:22:24.758  1483  1483 I OmapiTransport: (internalProtectedTransmitApdu) Set the timer with timeout 3000 ms
07-18 16:22:24.758  1483  1483 I OmapiTransport: (internalProtectedTransmitApdu) STATUS OF TRNSMIT: 0 Message: 
07-18 16:22:24.758  1483  1483 I OmapiTransport: (sendData) stop the timer
07-18 16:22:24.758  1991  1991 I android.hardware.secure_element-service.qti: isCardPresent
07-18 16:22:24.759  1991  1991 I DMABUFHEAPS: Using DMA-BUF heap named: qcom,qseecom-ta
07-18 16:22:24.847  1991  5775 E SmcInvoke_MinkDescriptor: mem obj with id :15 not found in list
07-18 16:22:24.847  1483  1483 I OmapiTransport: (internalProtectedTransmitApdu) Set the timer with timeout 3000 ms
07-18 16:22:24.848  1483  1483 I OmapiTransport: (internalProtectedTransmitApdu) STATUS OF TRNSMIT: 0 Message: 
07-18 16:22:24.848  1483  1483 I OmapiTransport: (sendData) stop the timer
07-18 16:22:24.848  1991  1991 I android.hardware.secure_element-service.qti: isCardPresent
07-18 16:22:24.849  1991  1991 I DMABUFHEAPS: Using DMA-BUF heap named: qcom,qseecom-ta
07-18 16:22:24.929  1991  5775 E SmcInvoke_MinkDescriptor: mem obj with id :15 not found in list
07-18 16:22:24.930  1483  1483 I OmapiTransport: (internalProtectedTransmitApdu) Set the timer with timeout 3000 ms
07-18 16:22:24.930  1483  1483 I OmapiTransport: (internalProtectedTransmitApdu) STATUS OF TRNSMIT: 0 Message: 
07-18 16:22:24.930  1483  1483 I OmapiTransport: (sendData) stop the timer
07-18 16:22:24.930  1991  1991 I android.hardware.secure_element-service.qti: isCardPresent
07-18 16:22:24.931  1991  1991 I DMABUFHEAPS: Using DMA-BUF heap named: qcom,qseecom-ta
07-18 16:22:24.965  2056  2198 D BatteryChargeControl: bcc get no support from charging protocol
07-18 16:22:24.970 14049 15844 D Capacitor: Handling CapacitorHttp request: https://localhost/_capacitor_http_interceptor_?u=https%3A%2F%2Fmusicbrainz.org%2Fws%2F2%2Fartist%3Fquery%3Dartist%253A%2522EsDeeKid%2520%255C%2526%2520Rico%2520Ace%2522%26fmt%3Djson%26limit%3D8
07-18 16:22:24.972 14049 15844 I CapacitorCookies: Getting cookies at: 'https://musicbrainz.org/ws/2/artist?query=artist%3A%22EsDeeKid%20%5C%26%20Rico%20Ace%22&fmt=json&limit=8'
07-18 16:22:25.042  1991  5778 E SmcInvoke_MinkDescriptor: mem obj with id :15 not found in list
07-18 16:22:25.043  1483  1483 I OmapiTransport: (internalProtectedTransmitApdu) Set the timer with timeout 3000 ms
07-18 16:22:25.043  1483  1483 I OmapiTransport: (internalProtectedTransmitApdu) STATUS OF TRNSMIT: 0 Message: 
07-18 16:22:25.043  1483  1483 I OmapiTransport: (sendData) stop the timer
07-18 16:22:25.043  1991  1991 I android.hardware.secure_element-service.qti: isCardPresent
07-18 16:22:25.044  1991  1991 I DMABUFHEAPS: Using DMA-BUF heap named: qcom,qseecom-ta
07-18 16:22:25.065  1890 10009 I sensors-hal: handle_sns_client_event:316, accel_sample: 0: ts=112129496938923 ns; value = [-0.310348, 0.212784, 9.878476], status=3
07-18 16:22:25.092  1890 29574 I sensors-hal: handle_oplus_wise_rgb_event:160, wise_rgb:(14956)(cct,lux,ir)[5300.00, 21.83, 0.000000](rgbc)[1069.13, 712.34, 361.57, 1885.17](pwm,hbm,brl,algo)[1.0 0.0 1405.0 2.0],flag 0
07-18 16:22:25.126  1991  5778 E SmcInvoke_MinkDescriptor: mem obj with id :15 not found in list
07-18 16:22:25.126  1483  1483 I OmapiTransport: (internalProtectedTransmitApdu) Set the timer with timeout 3000 ms
07-18 16:22:25.126  1483  1483 I OmapiTransport: (internalProtectedTransmitApdu) STATUS OF TRNSMIT: 0 Message: 
07-18 16:22:25.127  1483  1483 I OmapiTransport: (sendData) stop the timer
07-18 16:22:25.127  1991  1991 I android.hardware.secure_element-service.qti: isCardPresent
07-18 16:22:25.127  1991  1991 I DMABUFHEAPS: Using DMA-BUF heap named: qcom,qseecom-ta
07-18 16:22:25.193 14049 15846 D Capacitor: Handling CapacitorHttp request: https://localhost/_capacitor_http_interceptor_?u=https%3A%2F%2Fmusicbrainz.org%2Fws%2F2%2Fartist%3Fquery%3Dartist%253A%2522EsDeeKid%2520%255C%2526%2520Rico%2520Ace%2522%26fmt%3Djson%26limit%3D8
07-18 16:22:25.194 14049 15846 I CapacitorCookies: Getting cookies at: 'https://musicbrainz.org/ws/2/artist?query=artist%3A%22EsDeeKid%20%5C%26%20Rico%20Ace%22&fmt=json&limit=8'
07-18 16:22:25.194 14049 16036 D Capacitor: Handling CapacitorHttp request: https://localhost/_capacitor_http_interceptor_?u=https%3A%2F%2Fitunes.apple.com%2Fsearch%3Fterm%3DDenzel%2BCurry%2BBlood%2BOn%2BMy%2BNikez%2B-%2BSingle%26entity%3Dalbum%26limit%3D12
07-18 16:22:25.195 14049 16036 I CapacitorCookies: Getting cookies at: 'https://itunes.apple.com/search?term=Denzel+Curry+Blood+On+My+Nikez+-+Single&entity=album&limit=12'
07-18 16:22:25.241  1991  5776 E SmcInvoke_MinkDescriptor: mem obj with id :15 not found in list
07-18 16:22:25.241  1483  1483 I OmapiTransport: (internalProtectedTransmitApdu) Set the timer with timeout 3000 ms
07-18 16:22:25.241  1483  1483 I OmapiTransport: (internalProtectedTransmitApdu) STATUS OF TRNSMIT: 0 Message: 
07-18 16:22:25.242  1483  1483 I OmapiTransport: (sendData) stop the timer
07-18 16:22:25.242  1991  1991 I android.hardware.secure_element-service.qti: isCardPresent
07-18 16:22:25.242  1991  1991 I DMABUFHEAPS: Using DMA-BUF heap named: qcom,qseecom-ta
07-18 16:22:25.247  2363  2363 I adbd    : adbd service requested 'shell,v2,TERM=dumb,raw:am start -a android.intent.action.VIEW -d sandboxmusic://e2e/skip-onboarding rd.sheepskin.sandboxmusic'
07-18 16:22:25.276  1991  5777 E SmcInvoke_MinkDescriptor: mem obj with id :15 not found in list
07-18 16:22:25.277  1483  1483 I OmapiTransport: (internalProtectedTransmitApdu) Set the timer with timeout 3000 ms
07-18 16:22:25.277  1483  1483 I OmapiTransport: (internalProtectedTransmitApdu) STATUS OF TRNSMIT: 0 Message: 
07-18 16:22:25.277  1483  1483 I OmapiTransport: (sendData) stop the timer
07-18 16:22:25.277  1991  1991 I android.hardware.secure_element-service.qti: isCardPresent
07-18 16:22:25.278  1991  1991 I DMABUFHEAPS: Using DMA-BUF heap named: qcom,qseecom-ta
07-18 16:22:25.287  3519  6109 I AICCTModule: SensorFilter: brightness threshold 1.2 screenNit is 117.06305 ave enviroment lux is 21.185072 luxForNit 46.32305demarcationPoint200.0 result is true
07-18 16:22:25.290  1991  5778 E SmcInvoke_MinkDescriptor: mem obj with id :15 not found in list
07-18 16:22:25.291  1483  1483 I OmapiTransport: (internalProtectedTransmitApdu) Set the timer with timeout 3000 ms
07-18 16:22:25.291  1483  1483 I OmapiTransport: (internalProtectedTransmitApdu) STATUS OF TRNSMIT: 0 Message: 
07-18 16:22:25.291  1483  1483 I OmapiTransport: (sendData) stop the timer
07-18 16:22:25.291  1991  1991 I android.hardware.secure_element-service.qti: isCardPresent
07-18 16:22:25.292  1890 20175 I sensors-hal: handle_oplus_wise_rgb_event:189, high_pwm_light:lux 22.0,cct 5300.0,brl/algo/ir 1405.0/2.0/0.0,pwm/dc 1.0/0.0,rgbc 1069.129517/712.342529/376.634277/1885.170532,ts 112129742337309,cnt 14957,flag 0
07-18 16:22:25.292  1991  1991 I DMABUFHEAPS: Using DMA-BUF heap named: qcom,qseecom-ta
07-18 16:22:25.304  1991  5777 E SmcInvoke_MinkDescriptor: mem obj with id :15 not found in list
07-18 16:22:25.305  1483  1483 I OmapiTransport: (internalProtectedTransmitApdu) Set the timer with timeout 3000 ms
07-18 16:22:25.305  1483  1483 I OmapiTransport: (internalProtectedTransmitApdu) STATUS OF TRNSMIT: 0 Message: 
07-18 16:22:25.305  3519  4741 W ActivityTaskManager: callingPackage for (uid=2000, pid=16128) has no WPC
07-18 16:22:25.305  3519  4585 I [UAH_CLIENT]: UahEventAcquire, cmdid:2, pkg:none, identity:com.android.server.wm
07-18 16:22:25.306  3519  4741 D WindowManager: NFW_setClientVisible:ActivityRecord{126296849 u0 rd.sheepskin.sandboxmusic/.MainActivity clientVisible:true
07-18 16:22:25.306  3519  4354 D StartingSurfacePreviewController: checkSupportSurfacePreview, token=rd.sheepskin.sandboxmusic/.MainActivity, enableSurfacePreview=false, supportMultiLayout=false, unsupportedSkipViewAnimLv=null, disableSurfacePreviewAnimLv=null, ignoreFileExistAnimLv=null
07-18 16:22:25.306  3519  4741 V GrammaticalInflectionUtils: AttributionSource: android.content.AttributionSource@a831c29a does not have READ_SYSTEM_GRAMMATICAL_GENDER permission.
07-18 16:22:25.307  3519  4741 D ActivityTaskManager: The isLandscapeFullscreenEnabled is: rd.sheepskin.sandboxmusic/.MainActivity
07-18 16:22:25.307 15722 16043 V RkpdServerInterface: Requesting data from server. Attempt 1
07-18 16:22:25.308  3519  4741 D ActivityTaskManager: The isLandscapeFullscreenEnabled is: rd.sheepskin.sandboxmusic/.MainActivity
07-18 16:22:25.308  3519  4741 D ActivityTaskManager: The isLandscapeFullscreenEnabled is: rd.sheepskin.sandboxmusic/.MainActivity
07-18 16:22:25.308  3519  4741 D ActivityTaskManager: The isLandscapeFullscreenEnabled is: rd.sheepskin.sandboxmusic/.MainActivity
07-18 16:22:25.308  3519  4741 D ActivityTaskManager: The isLandscapeFullscreenEnabled is: rd.sheepskin.sandboxmusic/.MainActivity
07-18 16:22:25.308  3519  4741 D FlexibleTaskController: isSupportFlexibleWindow target = rd.sheepskin.sandboxmusic/.MainActivity callPkg = FlexibleTaskController support = true ,caller = 3519
07-18 16:22:25.308  3519  4741 I AppSnapshotController: init, sysSupport = true, mActivitySupport = false, activityRecord = ActivityRecord{126296849 u0 rd.sheepskin.sandboxmusic/.MainActivity t-1}
07-18 16:22:25.309  3519  3616 E QosSceneRecognizer[ActivityStartScene]: notifyActivityStart get launchedFromUid failed through AppManager! launchedFromPackage: com.android.shell, pkg: rd.sheepskin.sandboxmusic
07-18 16:22:25.309  3519  4741 D FlexibleWindowManagerService: isIgnoreAppearedAcrossTask:false
