07-18 16:21:07.601  4980  4980 I SystemUi--Keyguard: ChargingAnimationImpl-->onKeyguardOccludeChange occluded= false
07-18 16:21:07.601  4980  4980 I SystemUi--Keyguard: KeyguardSliderLayout-->onKeyguardOccludeChange occluded= false
07-18 16:21:07.601  4980  4980 D KeyguardViewMediator: KeyguardViewMediator queue processing message: SET_OCCLUDED
07-18 16:21:07.601  3519  4907 E SchedAssist: binderSetThreadUxFlagByIoctl: ioctl failed, tid=-1 flag=0 ret=-1 errno=25 (Inappropriate ioctl for device)
07-18 16:21:07.602  4980  4980 D CommandQueueLogger: appTransitionCancelled displayId=0
07-18 16:21:07.602  4980  4980 D CommandQueueLogger: appTransitionCancelled displayId=0
07-18 16:21:07.602  3519  4907 I ActivityTaskManager: START u0 {act=android.intent.action.VIEW dat=sandboxmusic://e2e/... flg=0x14000000 xflg=0x4 pkg=rd.sheepskin.sandboxmusic cmp=rd.sheepskin.sandboxmusic/.MainActivity mCallingUid=2000} with LAUNCH_SINGLE_TASK from uid 2000 (BAL_ALLOW_PERMISSION (START_ACTIVITIES_FROM_BACKGROUND permission granted)) result code=3
07-18 16:21:07.603  6994  6994 V Capacitor/AppPlugin: Notifying listeners for event pause
07-18 16:21:07.603  6994  6994 D Capacitor/AppPlugin: No listeners found for event pause
07-18 16:21:07.603  6994  6994 D Capacitor: App paused
07-18 16:21:07.604  6994  6994 V Capacitor/AppPlugin: Notifying listeners for event appUrlOpen
07-18 16:21:07.604  6994  6994 D ActivityThread: ComponentInfo{rd.sheepskin.sandboxmusic/rd.sheepskin.sandboxmusic.MainActivity} checkFinished=false 4
07-18 16:21:07.604  6994  6994 D ResourcesManagerExtImpl: applyConfigurationToAppResourcesLocked app.getDisplayId() return callback.displayId:0
07-18 16:21:07.604  6994  6994 D Capacitor/AppPlugin: Firing change: true
07-18 16:21:07.604  6994  6994 V Capacitor/AppPlugin: Notifying listeners for event appStateChange
07-18 16:21:07.605  6994  6994 V Capacitor/AppPlugin: Notifying listeners for event resume
07-18 16:21:07.605  6994  6994 D Capacitor/AppPlugin: No listeners found for event resume
07-18 16:21:07.605  6994  6994 D Capacitor: App resumed
07-18 16:21:07.605  3519  8749 V AS.AudioService: uid 10448, callingApp = rd.sheepskin.sandboxmusic
07-18 16:21:07.606  6994  6994 I AudioManager: In setSpeakerphoneOn(), on: false, calling application: rd.sheepskin.sandboxmusic
07-18 16:21:07.606  3519  8749 W AS.AudioService: Audio Settings Permission Denial: setSpeakerphoneOn() from pid=6994, uid=10448
07-18 16:21:07.606  4980  5015 D WindowManagerShell: onActivityRestartAttempt: topActivity=ComponentInfo{rd.sheepskin.sandboxmusic/rd.sheepskin.sandboxmusic.MainActivity}, wasVisible=true
07-18 16:21:07.606  6994  6994 W BluetoothAdapterExtImpl: setSpeakerphoneOn register null!
07-18 16:21:07.611  3519  4903 I Osense-BaseDecisionMaker: notifySceneToAthenaPolicy: SCENE_ACTIVITY_IDLE, bundle: Bundle[{scene=SCENE_ACTIVITY_IDLE}]
07-18 16:21:07.611  3519  4903 I Osense-BaseDecisionMaker: OSense not supported scene! SCENE_ACTIVITY_IDLE
07-18 16:21:07.825  5656  7530 D CommonApp-133-10162: transport layer data is invalid
07-18 16:21:07.826  5656  7530 D CommonApp-133-10448: transport layer data is invalid
07-18 16:21:07.877  6994 14301 W OplusMediaMonitor: [0xb4000072d78a7000] c2.qti.avc.decoder [640*368] inputFps=24, outputFps=24 renderFps=0, discardFps=24
07-18 16:21:07.877  2056  2198 D BatteryChargeControl: bcc get no support from charging protocol
07-18 16:21:07.892  1890 29574 I sensors-hal: handle_oplus_wise_rgb_event:160, wise_rgb:(14571)(cct,lux,ir)[5300.00, 21.68, 0.000000](rgbc)[1099.68, 741.42, 376.63, 1930.41](pwm,hbm,brl,algo)[1.0 0.0 1411.0 2.0],flag 0
07-18 16:21:07.893  1954  1954 I [UAH_CLIENT]: UahPlatformResAcquire
07-18 16:21:07.893  1954  1954 I [UAH_CLIENT]: UahEventAcquire, cmdid:-3, pkg:2155 8331, identity:qcom-perfd
07-18 16:21:07.895  1954  2160 E ANDR-PERF-RESOURCEQS: ANDR-PERF-RESOURCEQS: AddAndApply() 125: Resource with major=16, minor=0 not supported
07-18 16:21:07.923  1954 14653 I [UAH_CLIENT]: UahRelease, handle:69710
07-18 16:21:07.960  2129  3762 D AudioFlinger: fast trackId 929 is playing mute data
07-18 16:21:08.000  2129  3762 D AudioFlinger: fast trackId 930 is playing mute data
07-18 16:21:08.110  6994 14325 D PipelineWatcher: [0xb40000718b108f00] pipelineFull: too many frames in pipeline (6)
07-18 16:21:08.110  6994 14308 D PipelineWatcher: [0xb40000718b108f00] pipelineFull: too many frames in pipeline (6)
07-18 16:21:08.233  1765  8457 E         : DNS_CACHE: hanle request << lookupdns: hostname:test-gateway.instagram.com, servername:443, ai_flags:1024, ai_family:0, ai_socktype:2, ai_protocol:0, netid:0, uid:10526
07-18 16:21:08.233 26444 26890 D DNS_CACHE: oplus_oplus_getaddrinfo_proxy lookup from netd: hostname:test-gateway.instagram.com, servname:443 uid: 10526, result_code:408, res = 0x0, found = 0
07-18 16:21:08.241 26444 26856 E msys    : E[N mns:DGWClient]_LogError(328)=>Failed to resolve using system DNS resolver, getaddrinfo(): No address associated with hostname
07-18 16:21:08.438  1765  8457 E         : DNS_CACHE: hanle request << lookupdns: hostname:test-gateway.instagram.com, servername:443, ai_flags:1024, ai_family:0, ai_socktype:2, ai_protocol:0, netid:0, uid:10526
07-18 16:21:08.439 26444 26858 D DNS_CACHE: oplus_oplus_getaddrinfo_proxy lookup from netd: hostname:test-gateway.instagram.com, servname:443 uid: 10526, result_code:408, res = 0x0, found = 0
07-18 16:21:08.445 26444 26856 E msys    : E[N mns:DGWClient]_LogError(328)=>Failed to resolve using system DNS resolver, getaddrinfo(): No address associated with hostname
07-18 16:21:08.493  3519  4340 I CwbClient: setCWBDisplayType set mFeatureID = CWB_RGB_VALUE
07-18 16:21:08.499  1954  1954 I [UAH_CLIENT]: UahPlatformResAcquire
07-18 16:21:08.499  1954  1954 I [UAH_CLIENT]: UahEventAcquire, cmdid:-3, pkg:2155 8332, identity:qcom-perfd
07-18 16:21:08.503  1954  2160 E ANDR-PERF-RESOURCEQS: ANDR-PERF-RESOURCEQS: AddAndApply() 125: Resource with major=16, minor=0 not supported
07-18 16:21:08.508  2155  2911 E HwcComposer: getLuts failed Status(-129, EX_TRANSACTION_FAILED): 'UNKNOWN_TRANSACTION: '
07-18 16:21:08.531  1954 14660 I [UAH_CLIENT]: UahRelease, handle:69712
07-18 16:21:08.559  1890 10009 I sensors-hal: handle_sns_client_event:316, accel_sample: 0: ts=112052920395480 ns; value = [-0.295983, 0.236726, 9.907207], status=3
07-18 16:21:08.577  1925  2357 I SDM     : DisplayBase::CommitThread: Received idle timeout, panel: cmd, timeout: 70000 us
07-18 16:21:08.692  3519  4340 D FusionLightNextGen: raw_lux -1.0, raw_cct -1.0, r/g/b/c: 1099.7/741.4/376.6/1945.5, R/G/B: 28.0/27.0/23.0, bri 1411.0, lux: 21.566631, cct: 5300.0, ir: 0.074313, conf: 2, cnt: 0
07-18 16:21:08.847  1960 14318 V Codec2-DumpInput: [processLoop:L697][c2.qti.avc.decoder_341]QueueRead[0] empty, waiting buffer.
07-18 16:21:08.853  5656  7530 D CommonApp-133-10162: transport layer data is invalid
07-18 16:21:08.855  5656  7530 D CommonApp-133-10448: transport layer data is invalid
07-18 16:21:08.877  6994 14301 W OplusMediaMonitor: [0xb4000072d78a7000] c2.qti.avc.decoder [640*368] inputFps=24, outputFps=24 renderFps=0, discardFps=24
07-18 16:21:08.878  2056  2198 D BatteryChargeControl: bcc get no support from charging protocol
07-18 16:21:08.892  1890 29574 I sensors-hal: handle_oplus_wise_rgb_event:160, wise_rgb:(14576)(cct,lux,ir)[5300.00, 22.40, 0.000000](rgbc)[1099.68, 741.42, 376.63, 1945.50](pwm,hbm,brl,algo)[1.0 0.0 1411.0 2.0],flag 0
07-18 16:21:08.944  3519  8749 D ConnectivityService: Returning BLOCKED NetworkInfo to uid=10470
07-18 16:21:08.952  3519  8749 D ConnectivityService: requestNetwork for uid/pid:10470/17533 activeRequest: null callbackRequest: 23192 [NetworkRequest [ REQUEST id=23193, [ Capabilities: INTERNET&NOT_RESTRICTED&TRUSTED&NOT_VCN_MANAGED&NOT_BANDWIDTH_CONSTRAINED Uid: 10470 RequestorUid: 10470 RequestorPkg: proton.android.pass.fdroid UnderlyingNetworks: Null] ]] callback flags: 0 order: 2147483647 isUidTracked: false declaredMethods: AVAIL|LOST|NC
07-18 16:21:08.960  3519  4461 D OemPaidWifiNetworkFactory: got request NetworkRequest [ REQUEST id=23193, [ Capabilities: INTERNET&NOT_RESTRICTED&TRUSTED&NOT_VCN_MANAGED&NOT_BANDWIDTH_CONSTRAINED Uid: 10470 RequestorUid: 10470 RequestorPkg: proton.android.pass.fdroid UnderlyingNetworks: Null] ]
07-18 16:21:08.961  3519  4461 D MultiInternetWifiNetworkFactory: got request NetworkRequest [ REQUEST id=23193, [ Capabilities: INTERNET&NOT_RESTRICTED&TRUSTED&NOT_VCN_MANAGED&NOT_BANDWIDTH_CONSTRAINED Uid: 10470 RequestorUid: 10470 RequestorPkg: proton.android.pass.fdroid UnderlyingNetworks: Null] ]
07-18 16:21:08.962  3519  4461 D WifiNetworkFactory: got request NetworkRequest [ REQUEST id=23193, [ Capabilities: INTERNET&NOT_RESTRICTED&TRUSTED&NOT_VCN_MANAGED&NOT_BANDWIDTH_CONSTRAINED Uid: 10470 RequestorUid: 10470 RequestorPkg: proton.android.pass.fdroid UnderlyingNetworks: Null] ]
07-18 16:21:08.962  3519  4461 D UntrustedWifiNetworkFactory: got request NetworkRequest [ REQUEST id=23193, [ Capabilities: INTERNET&NOT_RESTRICTED&TRUSTED&NOT_VCN_MANAGED&NOT_BANDWIDTH_CONSTRAINED Uid: 10470 RequestorUid: 10470 RequestorPkg: proton.android.pass.fdroid UnderlyingNetworks: Null] ]
07-18 16:21:08.963  3519  4474 D ConnectivityService: NetReassign [23193 : null → 133] [c 1] [a 3] [i 5]
07-18 16:21:08.982  3519  3644 D osense.compress: try do inactive compress task
07-18 16:21:08.983  3519  3644 D osense.compress: inactive do shrink, target ratio = 27, final ratio = 55, cur ratio = 0
07-18 16:21:09.036  1890 29579 I sensors-hal: handle_sns_std_sensor_event:104, oplus rgb_rear sample: (cct, lux, ir, x, y)[27985, 0, 200000, 453, 110]
07-18 16:21:09.036  1890 29579 I sensors-hal: handle_sns_std_sensor_event:106, oplus rgb_rear sample: (r, g, b, c w)[2, 1, 3, 1, 2]
07-18 16:21:09.093  1890 20175 I sensors-hal: handle_oplus_wise_rgb_event:189, high_pwm_light:lux 21.9,cct 5300.0,brl/algo/ir 1411.0/2.0/0.0,pwm/dc 1.0/0.0,rgbc 1114.949341/741.417725/376.634277/1945.496094,ts 112053542335011,cnt 14577,flag 0
07-18 16:21:09.102  9296 10256 W Battery : ThermalControllHandler: MSG_THERMAL_CONTROL_CPU_CTRL_CHANGED: ThermalControlState=true, curThermalPolicyCpu=10, curCpu=7, isUserForeground=true
07-18 16:21:09.102  9296 10256 I [UAH_CLIENT]: uahRuleCtl, ruleId:4, status:1
07-18 16:21:09.144  1875  3589 D PAL: OplusPalCommon: getActiveStreamPcmId: 2077:  dir: 1, stream: 0xb400007b4286db00, pcmDevId: 126
07-18 16:21:09.151 26444  8809 E msys    : E[N mccw.liger]onConnectError(587)=>connect/error - address: 57.145.18.36, port: 80, ex: folly::AsyncSocketException: AsyncSocketException: connect timed out after 9999ms, type = Timed out
07-18 16:21:09.153 26444 26897 E msys    : E[N WA]_WCCXMPPStreamDisconnectHandler(344)=>xmpp/disconnect - WCIStreamStateErrorCode: 0, domain: WCIStreamState, subdomain: MCCWLigerStream: Error Domain=WCIStreamState Code=0 UserInfo=0xb40000724354ea80 {MCFErrorDirectUnderlyingErrorKey=0xb40000718003c680 "Error Domain=MCCWLigerStream Code=1 UserInfo=0xb400007243477740 {MCFErrorDirectLocalizedFailureReasonKey=folly::AsyncSocketException: AsyncSocketException: connect timed out after 9999ms, type = Timed out}"}
07-18 16:21:09.154 26444 26897 E msys    : E[N WCCConnectionMEM]_WCCConnectionMEMLifecycleEventHandler(2214)=>[INFO] connection/xmpp/lifecycle_event/not-connected, [20.0364s]
07-18 16:21:09.154 26444 26897 E msys    : E[N WA]_WCCXMPPStreamDoDisconnect(1319)=>xmpp/disconnect - flags: 163
07-18 16:21:09.154 26444 26897 E msys    : E[N WCCConnectionMEM]_WCCConnectionMEMDisconnectHandler(2246)=>connection/disconnected, backoff on socket failed to connect
07-18 16:21:09.154 26444 26897 E msys    : E[N WCCConnectionMEM]_WCCConnectionMEMDisconnectHandler(2281)=>connection/disconnected, transport error
07-18 16:21:09.154 26444 26897 E msys    : E[C 1]_MCCLogErrorInternal(331)=>8/1066/2864/0
07-18 16:21:09.154 26444 26897 E msys    : E[N WCCConnectionMEM]_WCCConnectionMEMDisconnectHandler(2312)=>connection/disconnected, handshake failure
07-18 16:21:09.155 26444 26897 E msys    : E[N WCCConnectionMEM]_WCCConnectionMEMEmitStateChange(3230)=>[INFO] connection/new_state/not-connected [connection_id=870936072, wcc_source=1, wcc_reason=2]
07-18 16:21:09.155 26444 26897 E msys    : E[C MEMConnectionManager]_MEMConnectionManagerStateChangeHandler(627)=>[Critical] MEMConnectionState updated to ID: 0 with connectionId: 870936072
07-18 16:21:09.156 26444 26897 E msys    : E[C 1]_MCCLogErrorInternal(331)=>8/374/3970/49155
07-18 16:21:09.157 26444 26897 E msys    : E[C 1]_MCCLogErrorInternal(331)=>8/374/3972/2
07-18 16:21:09.157 26444 26897 E msys    : E[C mem.context]_LogConnectFailure(4891)=>Establishing connection failure reason and flags: disconnect/Doze/-1/reason/2/flags/49155/[no_connect, -, handshake_failure, transport_error, no_bytes_read, -, -, -, -, -, -, -, -, -]
07-18 16:21:09.158 26444 26897 E msys    : E[C mem.context]_LogConnectFailure(4923)=>[Happy Eyeball] Connect failed with source=1, winner stream ip=57.145.18.36, port=5222, dnsResolutionMethod=1, combined_ip_addresses=57.145.18.36
07-18 16:21:09.164  1875  3589 D PAL: OplusPalCommon: getActiveStreamPcmId: 2077:  dir: 1, stream: 0xb400007b4286db00, pcmDevId: 126
07-18 16:21:09.164  1875  3589 D AGM: graph: graph_set_config: 1225 entry graph_handle 0x247534c
07-18 16:21:09.164  1875  3589 I gsl     : gsl_send_spf_cmd:236 sending pkt opcode 0x1001006 token 0x0359d000
07-18 16:21:09.165  1875  3589 I gsl     : gsl_send_spf_cmd:282 rcvd pkt token : 0x359d000
07-18 16:21:09.165  1875  3589 D AGM: graph: graph_set_config: 1233 exit, graph handle 0x247534c, ret 0
07-18 16:21:09.171  1875  3589 I gsl     : gsl_send_spf_cmd:236 sending pkt opcode 0x1001007 token 0x0359e000
07-18 16:21:09.171  1875  3589 I gsl     : gsl_send_spf_cmd:282 rcvd pkt token : 0x359e000
07-18 16:21:09.188  3198  3198 I cnss-daemon: nl80211 response handler invoked
07-18 16:21:09.188  3198  3198 I cnss-daemon: nl80211_response_handler: cmd 103, vendorID 4980, subcmd 13  received
07-18 16:21:09.189  1897 13869 I WifiHAL : event received NL80211_CMD_VENDOR, vendor_id = 0x1374, subcmd = 0xd
07-18 16:21:09.192  1875  3589 D PAL: OplusPalCommon: getActiveStreamPcmId: 2077:  dir: 1, stream: 0xb400007b4286db00, pcmDevId: 126
07-18 16:21:09.192  1875  3589 D AGM: graph: graph_set_config: 1225 entry graph_handle 0x247534c
07-18 16:21:09.192  1875  3589 I gsl     : gsl_send_spf_cmd:236 sending pkt opcode 0x1001006 token 0x0359f000
07-18 16:21:09.192  1875  3589 I gsl     : gsl_send_spf_cmd:282 rcvd pkt token : 0x359f000
07-18 16:21:09.193  1875  3589 D AGM: graph: graph_set_config: 1233 exit, graph handle 0x247534c, ret 0
07-18 16:21:09.232  3270  3270 I OplusTouchDaemon: ts_run_service: shellback temperature updated 33 (33800)
07-18 16:21:09.293  1875  3589 D PAL: OplusPalCommon: getActiveStreamPcmId: 2077:  dir: 1, stream: 0xb400007b4286db00, pcmDevId: 126
07-18 16:21:09.293  1875  3589 D AGM: graph: graph_set_config: 1225 entry graph_handle 0x247534c
07-18 16:21:09.293  1875  3589 I gsl     : gsl_send_spf_cmd:236 sending pkt opcode 0x1001006 token 0x035a0000
07-18 16:21:09.294  1875  3589 I gsl     : gsl_send_spf_cmd:282 rcvd pkt token : 0x35a0000
07-18 16:21:09.294  1875  3589 D AGM: graph: graph_set_config: 1233 exit, graph handle 0x247534c, ret 0
07-18 16:21:09.300  1875  3589 I gsl     : gsl_send_spf_cmd:236 sending pkt opcode 0x1001007 token 0x035a1000
07-18 16:21:09.301  1875  3589 I gsl     : gsl_send_spf_cmd:282 rcvd pkt token : 0x35a1000
07-18 16:21:09.302  1875  3589 I PAL: OplusSpeakerTfa98xx: chkSpkResultFeedback: 1875: TFA98xx SPK1: damage=0x0, R0=7127, r0Cal=5710, F0=900, f0Cal=762
07-18 16:21:09.302  1875  3589 I PAL: OplusSpeakerTfa98xx: chkSpkResultFeedback: 1875: TFA98xx SPK2: damage=0x0, R0=7051, r0Cal=5819, F0=794, f0Cal=762
07-18 16:21:09.460  2129  3762 D AudioFlinger: fast trackId 933 is playing mute data
07-18 16:21:09.480  3519  3604 E BLASTSyncEngine: WM sent Transaction (#3292, Transition-OPEN, tx=15113990331945) to organizer, but never received commit callback. Application ANR likely to follow.
07-18 16:21:09.481  3519  3604 I BLASTSyncEngineExtImpl: syncTransitionCommitTimeout  syncGroupId=3292,merged.mNativeObjec=-5476376661563235712
07-18 16:21:09.481  3519  3604 I BLASTSyncEngine: onCommitted syncId: 3292, timeout: true ran: false
07-18 16:21:09.483  1954  1954 I [UAH_CLIENT]: UahPlatformResAcquire
07-18 16:21:09.483  1954  1954 I [UAH_CLIENT]: UahEventAcquire, cmdid:-3, pkg:2155 8333, identity:qcom-perfd
07-18 16:21:09.486  1954  2160 E ANDR-PERF-RESOURCEQS: ANDR-PERF-RESOURCEQS: AddAndApply() 125: Resource with major=16, minor=0 not supported
07-18 16:21:09.513  1954 14664 I [UAH_CLIENT]: UahRelease, handle:69714
07-18 16:21:09.567  1890 10009 I sensors-hal: handle_sns_client_event:316, accel_sample: 0: ts=112053927992616 ns; value = [-0.319925, 0.193631, 9.835381], status=3
07-18 16:21:09.637  2363  2363 I adbd    : adbd service requested 'shell,v2,TERM=dumb:export ANDROID_LOG_TAGS=''; exec logcat '-d''
07-18 16:21:09.644  6994 14300 D BufferPoolAccessor2.0: bufferpool2 0xb40000717eb13028 : 18(56401920 size) total buffers - 10(31334400 size) used buffers - 772/790 (recycle/alloc) - 25/790 (fetch/transfer)
