--------- beginning of main
07-18 16:21:39.478  6994 14325 D PipelineWatcher: [0xb40000718b108f00] pipelineFull: too many frames in pipeline (6)
07-18 16:21:39.894  6994 14301 W OplusMediaMonitor: [0xb4000072d78a7000] c2.qti.avc.decoder [640*368] inputFps=25, outputFps=26 renderFps=0, discardFps=24
07-18 16:21:40.197  6994  6994 V Capacitor/AppPlugin: Notifying listeners for event pause
07-18 16:21:40.197  6994  6994 D Capacitor/AppPlugin: No listeners found for event pause
07-18 16:21:40.197  6994  6994 D Capacitor: App paused
07-18 16:21:40.197  6994  6994 V Capacitor/AppPlugin: Notifying listeners for event appUrlOpen
--------- beginning of system
07-18 16:21:40.198  6994  6994 D ActivityThread: ComponentInfo{rd.sheepskin.sandboxmusic/rd.sheepskin.sandboxmusic.MainActivity} checkFinished=false 4
07-18 16:21:40.198  6994  6994 D ResourcesManagerExtImpl: applyConfigurationToAppResourcesLocked app.getDisplayId() return callback.displayId:0
07-18 16:21:40.198  6994  6994 D Capacitor/AppPlugin: Firing change: true
07-18 16:21:40.198  6994  6994 V Capacitor/AppPlugin: Notifying listeners for event appStateChange
07-18 16:21:40.198  6994  6994 V Capacitor/AppPlugin: Notifying listeners for event resume
07-18 16:21:40.198  6994  6994 D Capacitor/AppPlugin: No listeners found for event resume
07-18 16:21:40.198  6994  6994 D Capacitor: App resumed
07-18 16:21:40.199  6994  6994 I AudioManager: In setSpeakerphoneOn(), on: false, calling application: rd.sheepskin.sandboxmusic
07-18 16:21:40.199  6994  6994 W BluetoothAdapterExtImpl: setSpeakerphoneOn register null!
07-18 16:21:40.349  6994 14308 D BufferPoolAccessor2.0: bufferpool2 0xb40000717eb13028 : 18(56401920 size) total buffers - 11(34467840 size) used buffers - 1509/1527 (recycle/alloc) - 25/1526 (fetch/transfer)
07-18 16:21:40.891  6994 14301 W OplusMediaMonitor: [0xb4000072d78a7000] c2.qti.avc.decoder [640*368] inputFps=23, outputFps=23 renderFps=0, discardFps=24
07-18 16:21:41.894  6994 14301 W OplusMediaMonitor: [0xb4000072d78a7000] c2.qti.avc.decoder [640*368] inputFps=24, outputFps=24 renderFps=0, discardFps=24
07-18 16:21:42.266  6994 14308 D PipelineWatcher: [0xb40000718b108f00] pipelineFull: too many frames in pipeline (6)
07-18 16:21:42.266  6994 14325 D PipelineWatcher: [0xb40000718b108f00] pipelineFull: too many frames in pipeline (6)
07-18 16:21:42.610  6994 14325 D PipelineWatcher: [0xb40000718b108f00] pipelineFull: too many frames in pipeline (6)
07-18 16:21:42.611  6994 14325 D PipelineWatcher: [0xb40000718b108f00] pipelineFull: too many frames in pipeline (6)
07-18 16:21:42.813  6994 14325 D BufferPoolAccessor2.0: bufferpool2 0xb4000072d7880228 : 8(65536 size) total buffers - 1(8192 size) used buffers - 2758/2766 (recycle/alloc) - 9/2764 (fetch/transfer)
07-18 16:21:42.899  6994 14301 W OplusMediaMonitor: [0xb4000072d78a7000] c2.qti.avc.decoder [640*368] inputFps=24, outputFps=24 renderFps=0, discardFps=24
07-18 16:21:42.950  6994 14308 D PipelineWatcher: [0xb40000718b108f00] pipelineFull: too many frames in pipeline (6)
07-18 16:21:42.950  6994 14325 D PipelineWatcher: [0xb40000718b108f00] pipelineFull: too many frames in pipeline (6)
07-18 16:21:43.581  6994 14308 D PipelineWatcher: [0xb40000718b108f00] pipelineFull: too many frames in pipeline (6)
07-18 16:21:43.582  6994 14325 D PipelineWatcher: [0xb40000718b108f00] pipelineFull: too many frames in pipeline (6)
07-18 16:21:43.707  6994 14308 D PipelineWatcher: [0xb40000718b108f00] pipelineFull: too many frames in pipeline (6)
07-18 16:21:43.708  6994 14325 D PipelineWatcher: [0xb40000718b108f00] pipelineFull: too many frames in pipeline (6)
07-18 16:21:43.900  6994 14301 W OplusMediaMonitor: [0xb4000072d78a7000] c2.qti.avc.decoder [640*368] inputFps=25, outputFps=24 renderFps=0, discardFps=24
07-18 16:21:44.352  6994  6994 V Capacitor/AppPlugin: Notifying listeners for event pause
07-18 16:21:44.352  6994  6994 D Capacitor/AppPlugin: No listeners found for event pause
07-18 16:21:44.352  6994  6994 D Capacitor: App paused
07-18 16:21:44.352  6994  6994 V Capacitor/AppPlugin: Notifying listeners for event appUrlOpen
07-18 16:21:44.352  6994  6994 D ActivityThread: ComponentInfo{rd.sheepskin.sandboxmusic/rd.sheepskin.sandboxmusic.MainActivity} checkFinished=false 4
07-18 16:21:44.352  6994  6994 D ResourcesManagerExtImpl: applyConfigurationToAppResourcesLocked app.getDisplayId() return callback.displayId:0
07-18 16:21:44.352  6994  6994 D Capacitor/AppPlugin: Firing change: true
07-18 16:21:44.353  6994  6994 V Capacitor/AppPlugin: Notifying listeners for event appStateChange
07-18 16:21:44.353  6994  6994 V Capacitor/AppPlugin: Notifying listeners for event resume
07-18 16:21:44.353  6994  6994 D Capacitor/AppPlugin: No listeners found for event resume
07-18 16:21:44.353  6994  6994 D Capacitor: App resumed
07-18 16:21:44.354  6994  6994 I AudioManager: In setSpeakerphoneOn(), on: false, calling application: rd.sheepskin.sandboxmusic
07-18 16:21:44.354  6994  6994 W BluetoothAdapterExtImpl: setSpeakerphoneOn register null!
07-18 16:21:44.901  6994 14301 W OplusMediaMonitor: [0xb4000072d78a7000] c2.qti.avc.decoder [640*368] inputFps=24, outputFps=24 renderFps=0, discardFps=24
07-18 16:21:45.473  6994 14308 D BufferPoolAccessor2.0: bufferpool2 0xb40000717eb13028 : 18(56401920 size) total buffers - 11(34467840 size) used buffers - 1632/1650 (recycle/alloc) - 25/1649 (fetch/transfer)
07-18 16:21:45.866  6994 14308 D PipelineWatcher: [0xb40000718b108f00] pipelineFull: too many frames in pipeline (6)
07-18 16:21:45.867  6994 14325 D PipelineWatcher: [0xb40000718b108f00] pipelineFull: too many frames in pipeline (6)
07-18 16:21:45.901  6994 14301 W OplusMediaMonitor: [0xb4000072d78a7000] c2.qti.avc.decoder [640*368] inputFps=24, outputFps=25 renderFps=0, discardFps=24
07-18 16:21:45.981  6994 14325 D PipelineWatcher: [0xb40000718b108f00] pipelineFull: too many frames in pipeline (6)
07-18 16:21:45.982  6994 14308 D PipelineWatcher: [0xb40000718b108f00] pipelineFull: too many frames in pipeline (6)
07-18 16:21:46.554  6994 14325 D PipelineWatcher: [0xb40000718b108f00] pipelineFull: too many frames in pipeline (6)
07-18 16:21:46.901  6994 14301 W OplusMediaMonitor: [0xb4000072d78a7000] c2.qti.avc.decoder [640*368] inputFps=24, outputFps=24 renderFps=0, discardFps=24
