--------- beginning of main
07-18 16:20:51.089  1875 29173 D DlbDap2Process: process() called [2811000] times with input channel mask 0x3 (ProcessingMode=1)
07-18 16:20:51.092  1890 20175 I sensors-hal: handle_oplus_wise_rgb_event:189, high_pwm_light:lux 22.3,cct 5300.0,brl/algo/ir 1411.0/2.0/0.0,pwm/dc 1.0/0.0,rgbc 1130.222656/755.955322/391.699646/1975.658813,ts 112035542338293,cnt 14487,flag 0
07-18 16:20:51.105  1897 13869 I WifiHAL : event received NL80211_CMD_VENDOR, vendor_id = 0x1374, subcmd = 0xd
07-18 16:20:51.106  3198  3198 I cnss-daemon: nl80211 response handler invoked
07-18 16:20:51.106  3198  3198 I cnss-daemon: nl80211_response_handler: cmd 103, vendorID 4980, subcmd 13  received
07-18 16:20:51.118  2363  2363 I adbd    : adbd service requested 'shell,v2,TERM=dumb,raw:am start -a android.intent.action.VIEW -d "sandboxmusic://e2e/verify-locker-cache?artist=21%20Savage&title=Redrum%20Nightcore" rd.sheepskin.sandboxmusic/.MainActivity'
07-18 16:20:51.191  3519  4585 I [UAH_CLIENT]: UahEventAcquire, cmdid:2, pkg:none, identity:com.android.server.wm
--------- beginning of system
07-18 16:20:51.191  3519  8749 W ActivityTaskManager: callingPackage for (uid=2000, pid=14487) has no WPC
07-18 16:20:51.192  3519  8749 D WindowManager: NFW_setClientVisible:ActivityRecord{167799281 u0 rd.sheepskin.sandboxmusic/.MainActivity clientVisible:true
07-18 16:20:51.192  3519  8749 V GrammaticalInflectionUtils: AttributionSource: android.content.AttributionSource@a831c29a does not have READ_SYSTEM_GRAMMATICAL_GENDER permission.
07-18 16:20:51.193  3519  8749 D ActivityTaskManager: The isLandscapeFullscreenEnabled is: rd.sheepskin.sandboxmusic/.MainActivity
07-18 16:20:51.193  3519  8749 D ActivityTaskManager: The isLandscapeFullscreenEnabled is: rd.sheepskin.sandboxmusic/.MainActivity
07-18 16:20:51.194  3519  8749 D ActivityTaskManager: The isLandscapeFullscreenEnabled is: rd.sheepskin.sandboxmusic/.MainActivity
07-18 16:20:51.194  3519  8749 D ActivityTaskManager: The isLandscapeFullscreenEnabled is: rd.sheepskin.sandboxmusic/.MainActivity
07-18 16:20:51.194  3519  8749 D ActivityTaskManager: The isLandscapeFullscreenEnabled is: rd.sheepskin.sandboxmusic/.MainActivity
07-18 16:20:51.194  3519  8749 D FlexibleTaskController: isSupportFlexibleWindow target = rd.sheepskin.sandboxmusic/.MainActivity callPkg = FlexibleTaskController support = true ,caller = 3519
07-18 16:20:51.194  3519  8749 I AppSnapshotController: init, sysSupport = true, mActivitySupport = false, activityRecord = ActivityRecord{167799281 u0 rd.sheepskin.sandboxmusic/.MainActivity t-1}
07-18 16:20:51.194  3519  3616 E QosSceneRecognizer[ActivityStartScene]: notifyActivityStart get launchedFromUid failed through AppManager! launchedFromPackage: com.android.shell, pkg: rd.sheepskin.sandboxmusic
07-18 16:20:51.195  3519  4354 D StartingSurfacePreviewController: checkSupportSurfacePreview, token=rd.sheepskin.sandboxmusic/.MainActivity, enableSurfacePreview=false, supportMultiLayout=false, unsupportedSkipViewAnimLv=null, disableSurfacePreviewAnimLv=null, ignoreFileExistAnimLv=null
07-18 16:20:51.195  3519  8749 D FlexibleWindowManagerService: isIgnoreAppearedAcrossTask:false
07-18 16:20:51.195  3519  8749 D ActivityStarterExtImpl: setForceUpdateWindow, targetTask = Task{edfb678 #3030 type=standard A=10448:rd.sheepskin.sandboxmusic} r = ActivityRecord{167799281 u0 rd.sheepskin.sandboxmusic/.MainActivity t-1} notFinish =false
07-18 16:20:51.195  3519  8749 D FlexibleWindowManagerService: isIgnoreAppearedAcrossTask:false
07-18 16:20:51.196  3519  8749 D FlexibleTaskController: findSourceTaskForFreeForm: sourceRecord = null ,realCallingPid:14487 ,launchFromZoomMode:false ,prevTopTask:Task{edfb678 #3030 type=standard A=10448:rd.sheepskin.sandboxmusic}
07-18 16:20:51.196  3519  8749 D FlexibleTaskController: findSourceTaskForFreeForm: the caller is not a flexible freeform window application and does not have a zoom windowMode startup parameter
07-18 16:20:51.196  3519  8749 D FlexibleTaskController: adjustOptionsForFlexibleTask not allow options follow process task's options, reason:9 ,reusedOptions:null
07-18 16:20:51.196  3519  8749 I TaskFragmentExtImpl: reset pause in recents anim for mTaskFragment: Task{edfb678 #3030 type=standard A=10448:rd.sheepskin.sandboxmusic}
07-18 16:20:51.196  3519  8749 D FlexibleTaskController: isSupportFlexibleWindow target = rd.sheepskin.sandboxmusic/.MainActivity callPkg = FlexibleTaskController support = true ,caller = 3519
07-18 16:20:51.196  3519  8749 D FlexibleTaskController: shouldKeepFlexibleTask flexibleTask not active.
07-18 16:20:51.196  3519  8749 D ActivityStarterExtImpl: isLaunchingRootActivity = true
07-18 16:20:51.197  3519  8749 D ActivityTaskManager: The isLandscapeFullscreenEnabled is: rd.sheepskin.sandboxmusic/.MainActivity
07-18 16:20:51.198  3519  8749 D ActivityTaskManager: The isLandscapeFullscreenEnabled is: rd.sheepskin.sandboxmusic/.MainActivity
07-18 16:20:51.198  3519  8749 E Transition: Aborting Transition mSyncId=3287, caller=com.android.server.wm.OplusTransitionUtil.abortTransitionImmediately:109 com.android.server.wm.OplusTransitionController.abortTransitionImmediately:123 com.android.server.wm.ActivityStarterExtImpl.abortTransitionImmediately:1896 
07-18 16:20:51.198  3519  8749 D OplusTransitionController: hookOnAbort, transition: TransitionRecord{ea0b42d id=3287 track=0 type=OPEN flags=0x0 state=0 c=[
07-18 16:20:51.198  3519  8749 D OplusTransitionController:    ChangeInfo{9209d62 container=ActivityRecord{167799281 u0 rd.sheepskin.sandboxmusic/.MainActivity t-1} flags=0x0}
07-18 16:20:51.198  3519  8749 D OplusTransitionController: ]
07-18 16:20:51.198  3519  8749 D OplusTransitionController: }
07-18 16:20:51.197  4980  4980 D CommandQueueLogger: appTransitionPending displayId=0 forced=false
07-18 16:20:51.198  3519  8749 E OplusAppQuickStart_AppQuickStartController: not start from launcher transition:3287
07-18 16:20:51.199  3519  8749 D KEYLOG_PhoneWindowManager: setKeyguardOccludedLw occluded=false,false,false
07-18 16:20:51.199  3519  8749 D KEYLOG_PhoneWindowManager: setKeyguardOccludedLw occluded=false,false,false
07-18 16:20:51.199  4980  8984 D KeyguardService: setOccluded(false)
07-18 16:20:51.199  4980  8984 D KeyguardService: setOccluded: false, animate= false
07-18 16:20:51.199  4980  8984 D KeyguardViewMediator: setOccluded(false)
07-18 16:20:51.199  4980  8984 D KeyguardViewMediator: setOccluded false
07-18 16:20:51.199  3519  8749 E SchedAssist: binderSetThreadUxFlagByIoctl: ioctl failed, tid=-1 flag=1 ret=-1 errno=25 (Inappropriate ioctl for device)
07-18 16:20:51.199  4980  4980 D CommandQueueLogger: appTransitionCancelled displayId=0
07-18 16:20:51.199  4980  8984 D KeyguardService: setOccluded(false)
07-18 16:20:51.199  4980  8984 D KeyguardService: setOccluded: false, animate= false
07-18 16:20:51.199  4980  8984 D KeyguardViewMediator: setOccluded(false)
07-18 16:20:51.199  4980  8984 D KeyguardViewMediator: setOccluded false
07-18 16:20:51.199  4980  4980 D CommandQueueLogger: appTransitionCancelled displayId=0
07-18 16:20:51.199  4980  4980 D KeyguardViewMediator: handleSetOccluded(false)
07-18 16:20:51.199  4980  4980 D NotificationShadeWindowController: setIsAboutToOccluded:false, needApply:false
07-18 16:20:51.199  4980  4980 D KeyguardViewMediator: isOccluded=false,mPowerGestureIntercepted=false
07-18 16:20:51.199  4980  4980 I SystemUi--Keyguard: ChargingAnimationImpl-->onKeyguardOccludeChange occluded= false
07-18 16:20:51.199  4980  4980 I SystemUi--Keyguard: KeyguardSliderLayout-->onKeyguardOccludeChange occluded= false
07-18 16:20:51.199  4980  4980 D KeyguardViewMediator: KeyguardViewMediator queue processing message: SET_OCCLUDED
07-18 16:20:51.200  3519  8749 E SchedAssist: binderSetThreadUxFlagByIoctl: ioctl failed, tid=-1 flag=0 ret=-1 errno=25 (Inappropriate ioctl for device)
07-18 16:20:51.201  3519  8749 I ActivityTaskManager: START u0 {act=android.intent.action.VIEW dat=sandboxmusic://e2e/... flg=0x10000000 xflg=0x4 cmp=rd.sheepskin.sandboxmusic/.MainActivity mCallingUid=2000} with LAUNCH_SINGLE_TASK from uid 2000 (BAL_ALLOW_PERMISSION (START_ACTIVITIES_FROM_BACKGROUND permission granted)) result code=3
07-18 16:20:51.202  4980  5015 D WindowManagerShell: onActivityRestartAttempt: topActivity=ComponentInfo{rd.sheepskin.sandboxmusic/rd.sheepskin.sandboxmusic.MainActivity}, wasVisible=true
07-18 16:20:51.202  6994  6994 V Capacitor/AppPlugin: Notifying listeners for event pause
07-18 16:20:51.203  6994  6994 D Capacitor/AppPlugin: No listeners found for event pause
07-18 16:20:51.203  6994  6994 D Capacitor: App paused
07-18 16:20:51.203  6994  6994 V Capacitor/AppPlugin: Notifying listeners for event appUrlOpen
07-18 16:20:51.203  6994  6994 D ActivityThread: ComponentInfo{rd.sheepskin.sandboxmusic/rd.sheepskin.sandboxmusic.MainActivity} checkFinished=false 4
07-18 16:20:51.203  6994  6994 D ResourcesManagerExtImpl: applyConfigurationToAppResourcesLocked app.getDisplayId() return callback.displayId:0
07-18 16:20:51.203  6994  6994 D Capacitor/AppPlugin: Firing change: true
07-18 16:20:51.203  6994  6994 V Capacitor/AppPlugin: Notifying listeners for event appStateChange
07-18 16:20:51.204  6994  6994 V Capacitor/AppPlugin: Notifying listeners for event resume
07-18 16:20:51.204  6994  6994 D Capacitor/AppPlugin: No listeners found for event resume
07-18 16:20:51.204  6994  6994 D Capacitor: App resumed
07-18 16:20:51.204  3519  4907 V AS.AudioService: uid 10448, callingApp = rd.sheepskin.sandboxmusic
07-18 16:20:51.204  6994  6994 I AudioManager: In setSpeakerphoneOn(), on: false, calling application: rd.sheepskin.sandboxmusic
07-18 16:20:51.205  3519  4907 W AS.AudioService: Audio Settings Permission Denial: setSpeakerphoneOn() from pid=6994, uid=10448
07-18 16:20:51.205  6994  6994 W BluetoothAdapterExtImpl: setSpeakerphoneOn register null!
07-18 16:20:51.216  3519  4903 I Osense-BaseDecisionMaker: notifySceneToAthenaPolicy: SCENE_ACTIVITY_IDLE, bundle: Bundle[{scene=SCENE_ACTIVITY_IDLE}]
07-18 16:20:51.216  3519  4903 I Osense-BaseDecisionMaker: OSense not supported scene! SCENE_ACTIVITY_IDLE
07-18 16:20:51.217  3519  3604 W ProcessStats: Tracking association SourceState{dff5762 system/1000 BFgs #252292} whose proc state 4 is better than process ProcessState{e1f07b8 com.android.wallpaper.livepicker:wallpaperService/10229 pkg=com.android.wallpaper.livepicker} proc state 5 (5 skipped)
07-18 16:20:51.337  2129  3762 D AudioFlinger: fast trackId 933 is playing mute data
07-18 16:20:51.380  1890 10009 I sensors-hal: handle_sns_client_event:316, accel_sample: 0: ts=112035791192980 ns; value = [-0.315136, 0.203208, 9.902418], status=3
07-18 16:20:51.442  5656  7530 D CommonApp-133-10162: transport layer data is invalid
07-18 16:20:51.442  5656  7530 D CommonApp-133-10448: transport layer data is invalid
07-18 16:20:51.489  1960 24179 V Codec2-DumpInput: [processLoop:L697][c2.qti.avc.decoder_264]QueueRead[0] empty, waiting buffer.
07-18 16:20:51.490  1960 21869 V Codec2-DumpInput: [processLoop:L697][c2.qti.avc.decoder_214]QueueRead[0] empty, waiting buffer.
07-18 16:20:51.491  1960 24998 V Codec2-DumpInput: [processLoop:L697][c2.qti.avc.decoder_184]QueueRead[0] empty, waiting buffer.
07-18 16:20:51.539  3519  6109 I AICCTModule: SensorFilter: brightness threshold 1.2 screenNit is 118.22056 ave enviroment lux is 22.32415 luxForNit 47.457275demarcationPoint200.0 result is true
07-18 16:20:51.862  2056  2198 D BatteryChargeControl: bcc get no support from charging protocol
07-18 16:20:51.871  6994 14301 W OplusMediaMonitor: [0xb4000072d78a7000] c2.qti.avc.decoder [640*368] inputFps=24, outputFps=23 renderFps=0, discardFps=24
07-18 16:20:51.892  1890 29574 I sensors-hal: handle_oplus_wise_rgb_event:160, wise_rgb:(14491)(cct,lux,ir)[5300.00, 23.70, 67.816635](rgbc)[1130.22, 755.96, 391.70, 2005.82](pwm,hbm,brl,algo)[1.0 0.0 1411.0 2.0],flag 0
07-18 16:20:51.893  3519  4340 I CwbClient: setCWBDisplayType set mFeatureID = CWB_RGB_VALUE
07-18 16:20:51.950  2056  2184 D vendor.oplus.hardware.charger-V10-service: ret_value:123, read content:,337,337,4017,4014,102,66,69,1,1,0,456,4996,68,1,4430,300,500,0,7,2500,7,0,1,0,2,0,0,0,1,5397,93,0,3068,4672,0,0,0,0,0,105
07-18 16:20:51.951  2056  2184 D vendor.oplus.hardware.charger-V10-service: gmtime: 2026-07-18-16-20-51
07-18 16:20:51.951  2056  2184 D vendor.oplus.hardware.charger-V10-service: usb_online:1, ac_online:-2147483648, wireless_online:0
07-18 16:20:52.016  5656  5656 D VendorWifiService: onEvent event:9,action:1
07-18 16:20:52.025  3519  4590 D ScorerUtils: isLowTraffic: txTputKBps=0, rxTputKBps=2
07-18 16:20:52.026  3519  4590 D OplusWifiPower_TriggerCenter: mComponentCallback: wifistat
07-18 16:20:52.027  1954  1954 I [UAH_CLIENT]: UahPlatformResAcquire
07-18 16:20:52.028  1954  1954 I [UAH_CLIENT]: UahEventAcquire, cmdid:-3, pkg:2155 8332, identity:qcom-perfd
07-18 16:20:52.030  1954  2160 E ANDR-PERF-RESOURCEQS: ANDR-PERF-RESOURCEQS: AddAndApply() 125: Resource with major=16, minor=0 not supported
07-18 16:20:52.046  2155  2911 E HwcComposer: getLuts failed Status(-129, EX_TRANSACTION_FAILED): 'UNKNOWN_TRANSACTION: '
07-18 16:20:52.057  1954 14497 I [UAH_CLIENT]: UahRelease, handle:69669
07-18 16:20:52.092  3519  4340 D FusionLightNextGen: raw_lux -1.0, raw_cct -1.0, r/g/b/c: 1130.2/756.0/391.7/1990.7, R/G/B: 28.0/27.0/23.0, bri 1411.0, lux: 22.151003, cct: 5300.0, ir: 0.076698, conf: 2, cnt: 0
07-18 16:20:52.116  1925  2357 I SDM     : DisplayBase::CommitThread: Received idle timeout, panel: cmd, timeout: 69999 us
07-18 16:20:52.136  6265  6390 E horae   : 0: target_temp:33700, back:33700,frame:33700,front:33700, 3, +(0), 1 ,33700, algo:0
07-18 16:20:52.271  6994 14325 D PipelineWatcher: [0xb40000718b108f00] pipelineFull: too many frames in pipeline (6)
07-18 16:20:52.357 19514 23380 W OPLUS_LOG_LOAD: ==LOGS PROG INFO, prog(com.oplus.camera) ==
07-18 16:20:52.357 19514 23380 I APS_ALOG: flushRoutine g_immediateFlush=0 g_pendingCount=0 g_oobCount=0
07-18 16:20:52.378  1890 10009 I sensors-hal: handle_sns_client_event:316, accel_sample: 0: ts=112036798782199 ns; value = [-0.310348, 0.212784, 9.878476], status=3
07-18 16:20:52.465  5656  7530 D CommonApp-133-10162: transport layer data is invalid
07-18 16:20:52.466  5656  7530 D CommonApp-133-10448: transport layer data is invalid
07-18 16:20:52.710  5656  5656 D SubsysEventListenerManager-SubsysTelephonyCallback[1]: onSignalStrengthsChanged
07-18 16:20:52.712  5408  5408 D OplusTelephonyController: onSignalStrengthChanged: SignalStrength=SignalStrength:{mCdma=CellSignalStrengthCdma: cdmaDbm=2147483647 cdmaEcio=2147483647 evdoDbm=2147483647 evdoEcio=2147483647 evdoSnr=2147483647 level=0,mGsm=CellSignalStrengthGsm: rssi=2147483647 ber=2147483647 mTa=2147483647 mLevel=0,mWcdma=CellSignalStrengthWcdma: ss=2147483647 ber=2147483647 rscp=2147483647 ecno=2147483647 level=0,mTdscdma=CellSignalStrengthTdscdma: rssi=2147483647 ber=2147483647 rscp=2147483647 level=0,mLte=CellSignalStrengthLte: rssi=-51 rsrp=-72 rsrq=-12 rssnr=15 cqiTableIndex=2147483647 cqi=2147483647 ta=2147483647 level=4 parametersUseForLevel=0,mNr=CellSignalStrengthNr:{ csiRsrp = 2147483647 csiRsrq = 2147483647 csiCqiTableIndex = 2147483647 csiCqiReport = [] ssRsrp = 2147483647 ssRsrq = 2147483647 ssSinr = 2147483647 level = 0 parametersUseForLevel = 0 timingAdvance = 2147483647 },primary=CellSignalStrengthLte}
07-18 16:20:52.713  4980  5072 I SystemUi--Statusbar: MobileConnectionRepositoryImpl-->subId:2 isSoftSimCard:false slotId:1
07-18 16:20:52.714  4980  5072 I SystemUi--Statusbar: MobileConnectionRepositoryImpl-->subId:1 isSoftSimCard:false slotId:0
07-18 16:20:52.716  5656  5656 D SubsysEventListenerManager-SubsysTelephonyCallback[0]: onSignalStrengthsChanged
07-18 16:20:52.716  4980  4980 D Tile.OplusCellularTile: refreshState: tile not listening, ignore
07-18 16:20:52.779  1954  1954 I [UAH_CLIENT]: UahPlatformResAcquire
07-18 16:20:52.779  1954  1954 I [UAH_CLIENT]: UahEventAcquire, cmdid:-3, pkg:2155 8333, identity:qcom-perfd
07-18 16:20:52.782  1954  2160 E ANDR-PERF-RESOURCEQS: ANDR-PERF-RESOURCEQS: AddAndApply() 125: Resource with major=16, minor=0 not supported
07-18 16:20:52.810  1954 14499 I [UAH_CLIENT]: UahRelease, handle:69670
07-18 16:20:52.857  2129  3762 D AudioFlinger: fast trackId 929 is playing mute data
07-18 16:20:52.862  2056  2198 D BatteryChargeControl: bcc get no support from charging protocol
07-18 16:20:52.872  6994 14301 W OplusMediaMonitor: [0xb4000072d78a7000] c2.qti.avc.decoder [640*368] inputFps=24, outputFps=25 renderFps=0, discardFps=24
07-18 16:20:52.892  1890 29574 I sensors-hal: handle_oplus_wise_rgb_event:160, wise_rgb:(14496)(cct,lux,ir)[5300.00, 22.98, 0.000000](rgbc)[1130.22, 755.96, 391.70, 1990.74](pwm,hbm,brl,algo)[1.0 0.0 1411.0 2.0],flag 0
07-18 16:20:52.897  2129  3762 D AudioFlinger: fast trackId 930 is playing mute data
07-18 16:20:53.092  1890 20175 I sensors-hal: handle_oplus_wise_rgb_event:189, high_pwm_light:lux 23.0,cct 5300.0,brl/algo/ir 1411.0/2.0/0.0,pwm/dc 1.0/0.0,rgbc 1130.222656/755.955322/391.699646/1990.740112,ts 112037542341053,cnt 14497,flag 0
07-18 16:20:53.116  3198  3198 I cnss-daemon: nl80211 response handler invoked
07-18 16:20:53.116  3198  3198 I cnss-daemon: nl80211_response_handler: cmd 103, vendorID 4980, subcmd 13  received
07-18 16:20:53.117  1897 13869 I WifiHAL : event received NL80211_CMD_VENDOR, vendor_id = 0x1374, subcmd = 0xd
07-18 16:20:53.437  1890 10009 I sensors-hal: handle_sns_client_event:316, accel_sample: 0: ts=112037806374855 ns; value = [-0.315136, 0.212784, 9.830592], status=3
07-18 16:20:53.490  5656  7530 D CommonApp-133-10162: transport layer data is invalid
07-18 16:20:53.490  5656  7530 D CommonApp-133-10448: transport layer data is invalid
07-18 16:20:53.723 12521 16115 E fb4a.msys: E[N rtchannel]_rt_mqtt_bridge_bootstrap_callback(997)=>Failed to boot stap bridged mqtt channel.  RT error code:2001 token:14382
07-18 16:20:53.770  1875 29173 D DlbDap2Process: process() called [2811500] times with input channel mask 0x3 (ProcessingMode=1)
07-18 16:20:53.845  1960 14318 V Codec2-DumpInput: [processLoop:L697][c2.qti.avc.decoder_341]QueueRead[0] empty, waiting buffer.
07-18 16:20:53.863  2056  2198 D BatteryChargeControl: bcc get no support from charging protocol
07-18 16:20:53.872  6994 14301 W OplusMediaMonitor: [0xb4000072d78a7000] c2.qti.avc.decoder [640*368] inputFps=24, outputFps=24 renderFps=0, discardFps=24
07-18 16:20:53.892  1890 29574 I sensors-hal: handle_oplus_wise_rgb_event:160, wise_rgb:(14501)(cct,lux,ir)[5300.00, 22.98, 0.000000](rgbc)[1130.22, 755.96, 391.70, 1990.74](pwm,hbm,brl,algo)[1.0 0.0 1411.0 2.0],flag 0
07-18 16:20:53.914  2363  2363 I adbd    : adbd service requested 'shell,v2,TERM=dumb,raw:am start -a android.intent.action.VIEW -d sandboxmusic://e2e/expand-now-playing -f 0x14000000 rd.sheepskin.sandboxmusic'
07-18 16:20:53.961  1890 29579 I sensors-hal: handle_sns_std_sensor_event:104, oplus rgb_rear sample: (cct, lux, ir, x, y)[27309, 0, 300000, 449, 111]
07-18 16:20:53.961  1890 29579 I sensors-hal: handle_sns_std_sensor_event:106, oplus rgb_rear sample: (r, g, b, c w)[2, 1, 3, 1, 3]
07-18 16:20:53.984  3519  8749 W ActivityTaskManager: callingPackage for (uid=2000, pid=14502) has no WPC
07-18 16:20:53.984  3519  4585 I [UAH_CLIENT]: UahEventAcquire, cmdid:2, pkg:none, identity:com.android.server.wm
07-18 16:20:53.986  3519  4354 D StartingSurfacePreviewController: checkSupportSurfacePreview, token=rd.sheepskin.sandboxmusic/.MainActivity, enableSurfacePreview=false, supportMultiLayout=false, unsupportedSkipViewAnimLv=null, disableSurfacePreviewAnimLv=null, ignoreFileExistAnimLv=null
07-18 16:20:53.988  3519  8749 D WindowManager: NFW_setClientVisible:ActivityRecord{221092579 u0 rd.sheepskin.sandboxmusic/.MainActivity clientVisible:true
07-18 16:20:53.988  3519  8749 V GrammaticalInflectionUtils: AttributionSource: android.content.AttributionSource@a831c29a does not have READ_SYSTEM_GRAMMATICAL_GENDER permission.
07-18 16:20:53.989  3519  8749 D ActivityTaskManager: The isLandscapeFullscreenEnabled is: rd.sheepskin.sandboxmusic/.MainActivity
07-18 16:20:53.989  3519  8749 D ActivityTaskManager: The isLandscapeFullscreenEnabled is: rd.sheepskin.sandboxmusic/.MainActivity
07-18 16:20:53.989  3519  8749 D ActivityTaskManager: The isLandscapeFullscreenEnabled is: rd.sheepskin.sandboxmusic/.MainActivity
07-18 16:20:53.989  3519  8749 D ActivityTaskManager: The isLandscapeFullscreenEnabled is: rd.sheepskin.sandboxmusic/.MainActivity
07-18 16:20:53.989  3519  8749 D ActivityTaskManager: The isLandscapeFullscreenEnabled is: rd.sheepskin.sandboxmusic/.MainActivity
07-18 16:20:53.989  3519  8749 D FlexibleTaskController: isSupportFlexibleWindow target = rd.sheepskin.sandboxmusic/.MainActivity callPkg = FlexibleTaskController support = true ,caller = 3519
07-18 16:20:53.989  3519  8749 I AppSnapshotController: init, sysSupport = true, mActivitySupport = false, activityRecord = ActivityRecord{221092579 u0 rd.sheepskin.sandboxmusic/.MainActivity t-1}
07-18 16:20:53.989  3519  3616 E QosSceneRecognizer[ActivityStartScene]: notifyActivityStart get launchedFromUid failed through AppManager! launchedFromPackage: com.android.shell, pkg: rd.sheepskin.sandboxmusic
07-18 16:20:53.990  3519  8749 D FlexibleWindowManagerService: isIgnoreAppearedAcrossTask:false
07-18 16:20:53.990  3519  8749 D ActivityStarterExtImpl: setForceUpdateWindow, targetTask = Task{edfb678 #3030 type=standard A=10448:rd.sheepskin.sandboxmusic} r = ActivityRecord{221092579 u0 rd.sheepskin.sandboxmusic/.MainActivity t-1} notFinish =false
07-18 16:20:53.990  3519  8749 D FlexibleWindowManagerService: isIgnoreAppearedAcrossTask:false
07-18 16:20:53.990  3519  8749 D FlexibleTaskController: findSourceTaskForFreeForm: sourceRecord = null ,realCallingPid:14502 ,launchFromZoomMode:false ,prevTopTask:Task{edfb678 #3030 type=standard A=10448:rd.sheepskin.sandboxmusic}
07-18 16:20:53.990  3519  8749 D FlexibleTaskController: findSourceTaskForFreeForm: the caller is not a flexible freeform window application and does not have a zoom windowMode startup parameter
07-18 16:20:53.990  3519  8749 D FlexibleTaskController: adjustOptionsForFlexibleTask not allow options follow process task's options, reason:9 ,reusedOptions:null
07-18 16:20:53.990  3519  8749 I TaskFragmentExtImpl: reset pause in recents anim for mTaskFragment: Task{edfb678 #3030 type=standard A=10448:rd.sheepskin.sandboxmusic}
07-18 16:20:53.990  3519  8749 D FlexibleTaskController: isSupportFlexibleWindow target = rd.sheepskin.sandboxmusic/.MainActivity callPkg = FlexibleTaskController support = true ,caller = 3519
07-18 16:20:53.990  3519  8749 D FlexibleTaskController: shouldKeepFlexibleTask flexibleTask not active.
07-18 16:20:53.991  3519  8749 D ActivityStarterExtImpl: isLaunchingRootActivity = true
07-18 16:20:53.991  3519  8749 D ActivityTaskManager: The isLandscapeFullscreenEnabled is: rd.sheepskin.sandboxmusic/.MainActivity
07-18 16:20:53.992  4980  4980 D CommandQueueLogger: appTransitionPending displayId=0 forced=false
07-18 16:20:53.992  3519  8749 D ActivityTaskManager: The isLandscapeFullscreenEnabled is: rd.sheepskin.sandboxmusic/.MainActivity
07-18 16:20:53.992  3519  8749 E Transition: Aborting Transition mSyncId=3288, caller=com.android.server.wm.OplusTransitionUtil.abortTransitionImmediately:109 com.android.server.wm.OplusTransitionController.abortTransitionImmediately:123 com.android.server.wm.ActivityStarterExtImpl.abortTransitionImmediately:1896 
07-18 16:20:53.992  3519  8749 D OplusTransitionController: hookOnAbort, transition: TransitionRecord{6d85e5e id=3288 track=0 type=OPEN flags=0x0 state=0 c=[
07-18 16:20:53.992  3519  8749 D OplusTransitionController:    ChangeInfo{195023f container=ActivityRecord{221092579 u0 rd.sheepskin.sandboxmusic/.MainActivity t-1} flags=0x0}
07-18 16:20:53.992  3519  8749 D OplusTransitionController: ]
07-18 16:20:53.992  3519  8749 D OplusTransitionController: }
07-18 16:20:53.993  3519  8749 E OplusAppQuickStart_AppQuickStartController: not start from launcher transition:3288
07-18 16:20:53.993  3519  8749 D KEYLOG_PhoneWindowManager: setKeyguardOccludedLw occluded=false,false,false
07-18 16:20:53.993  3519  8749 D KEYLOG_PhoneWindowManager: setKeyguardOccludedLw occluded=false,false,false
07-18 16:20:53.993  4980 28305 D KeyguardService: setOccluded(false)
07-18 16:20:53.993  4980 28305 D KeyguardService: setOccluded: false, animate= false
07-18 16:20:53.993  4980 28305 D KeyguardViewMediator: setOccluded(false)
07-18 16:20:53.993  4980 28305 D KeyguardViewMediator: setOccluded false
07-18 16:20:53.993  3519  8749 E SchedAssist: binderSetThreadUxFlagByIoctl: ioctl failed, tid=-1 flag=1 ret=-1 errno=25 (Inappropriate ioctl for device)
07-18 16:20:53.993  4980  8984 D KeyguardService: setOccluded(false)
07-18 16:20:53.993  4980  4980 D CommandQueueLogger: appTransitionCancelled displayId=0
07-18 16:20:53.993  4980  8984 D KeyguardService: setOccluded: false, animate= false
07-18 16:20:53.993  4980  8984 D KeyguardViewMediator: setOccluded(false)
07-18 16:20:53.993  4980  8984 D KeyguardViewMediator: setOccluded false
07-18 16:20:53.993  4980  4980 D CommandQueueLogger: appTransitionCancelled displayId=0
07-18 16:20:53.993  4980  4980 D KeyguardViewMediator: handleSetOccluded(false)
07-18 16:20:53.993  3519  8749 E SchedAssist: binderSetThreadUxFlagByIoctl: ioctl failed, tid=-1 flag=0 ret=-1 errno=25 (Inappropriate ioctl for device)
07-18 16:20:53.994  4980  4980 D NotificationShadeWindowController: setIsAboutToOccluded:false, needApply:false
07-18 16:20:53.994  4980  4980 D KeyguardViewMediator: isOccluded=false,mPowerGestureIntercepted=false
07-18 16:20:53.994  4980  4980 I SystemUi--Keyguard: ChargingAnimationImpl-->onKeyguardOccludeChange occluded= false
07-18 16:20:53.994  4980  4980 I SystemUi--Keyguard: KeyguardSliderLayout-->onKeyguardOccludeChange occluded= false
07-18 16:20:53.994  4980  4980 D KeyguardViewMediator: KeyguardViewMediator queue processing message: SET_OCCLUDED
07-18 16:20:53.994  3519  8749 I ActivityTaskManager: START u0 {act=android.intent.action.VIEW dat=sandboxmusic://e2e/... flg=0x14000000 xflg=0x4 pkg=rd.sheepskin.sandboxmusic cmp=rd.sheepskin.sandboxmusic/.MainActivity mCallingUid=2000} with LAUNCH_SINGLE_TASK from uid 2000 (BAL_ALLOW_PERMISSION (START_ACTIVITIES_FROM_BACKGROUND permission granted)) result code=3
07-18 16:20:53.994  4980  5015 D WindowManagerShell: onActivityRestartAttempt: topActivity=ComponentInfo{rd.sheepskin.sandboxmusic/rd.sheepskin.sandboxmusic.MainActivity}, wasVisible=true
07-18 16:20:53.996  6994  6994 V Capacitor/AppPlugin: Notifying listeners for event pause
07-18 16:20:53.996  6994  6994 D Capacitor/AppPlugin: No listeners found for event pause
07-18 16:20:53.996  6994  6994 D Capacitor: App paused
07-18 16:20:53.996  6994  6994 V Capacitor/AppPlugin: Notifying listeners for event appUrlOpen
07-18 16:20:53.996  6994  6994 D ActivityThread: ComponentInfo{rd.sheepskin.sandboxmusic/rd.sheepskin.sandboxmusic.MainActivity} checkFinished=false 4
07-18 16:20:53.996  6994  6994 D ResourcesManagerExtImpl: applyConfigurationToAppResourcesLocked app.getDisplayId() return callback.displayId:0
07-18 16:20:53.996  6994  6994 D Capacitor/AppPlugin: Firing change: true
07-18 16:20:53.997  6994  6994 V Capacitor/AppPlugin: Notifying listeners for event appStateChange
07-18 16:20:53.997  6994  6994 V Capacitor/AppPlugin: Notifying listeners for event resume
07-18 16:20:53.997  6994  6994 D Capacitor/AppPlugin: No listeners found for event resume
07-18 16:20:53.997  6994  6994 D Capacitor: App resumed
07-18 16:20:53.997  3519  8749 V AS.AudioService: uid 10448, callingApp = rd.sheepskin.sandboxmusic
07-18 16:20:53.998  6994  6994 I AudioManager: In setSpeakerphoneOn(), on: false, calling application: rd.sheepskin.sandboxmusic
07-18 16:20:53.998  3519  8749 W AS.AudioService: Audio Settings Permission Denial: setSpeakerphoneOn() from pid=6994, uid=10448
07-18 16:20:53.998  6994  6994 W BluetoothAdapterExtImpl: setSpeakerphoneOn register null!
07-18 16:20:54.002  3519  4903 I Osense-BaseDecisionMaker: notifySceneToAthenaPolicy: SCENE_ACTIVITY_IDLE, bundle: Bundle[{scene=SCENE_ACTIVITY_IDLE}]
07-18 16:20:54.002  3519  4903 I Osense-BaseDecisionMaker: OSense not supported scene! SCENE_ACTIVITY_IDLE
07-18 16:20:54.088  9296 10256 W Battery : ThermalControllHandler: MSG_THERMAL_CONTROL_CPU_CTRL_CHANGED: ThermalControlState=true, curThermalPolicyCpu=10, curCpu=4, isUserForeground=true
07-18 16:20:54.091  9296 10256 I [UAH_CLIENT]: uahRuleCtl, ruleId:4, status:1
07-18 16:20:54.131  1765  8457 E         : DNS_CACHE: hanle request << lookupdns: hostname:z-m-gateway.facebook.com, servername:443, ai_flags:1024, ai_family:0, ai_socktype:2, ai_protocol:0, netid:0, uid:10303
07-18 16:20:54.133 12566 13265 D DNS_CACHE: oplus_oplus_getaddrinfo_proxy lookup from netd: hostname:z-m-gateway.facebook.com, servname:443 uid: 10303, result_code:408, res = 0x0, found = 0
07-18 16:20:54.139 12566 13271 E msgr.msys: E[N mns:DGWClient]_LogError(328)=>Failed to resolve using system DNS resolver, getaddrinfo(): No address associated with hostname
07-18 16:20:54.144  1765  8457 E         : DNS_CACHE: hanle request << lookupdns: hostname:z-m-gateway.facebook.com, servername:443, ai_flags:1024, ai_family:0, ai_socktype:1, ai_protocol:0, netid:0, uid:10303
07-18 16:20:54.144  5485  5817 D DnsDomainBlock: onDnsEvent: latencyMs=0, returnCode=4, uid=10303
07-18 16:20:54.145 12566 13264 D DNS_CACHE: oplus_oplus_getaddrinfo_proxy lookup from netd: hostname:z-m-gateway.facebook.com, servname:443 uid: 10303, result_code:408, res = 0x0, found = 0
07-18 16:20:54.146 12566 13271 E msgr.msys: E[N mns:DGWClient]_LogError(328)=>Failed to resolve using system DNS resolver, getaddrinfo(): No address associated with hostname
07-18 16:20:54.262  3519  6109 I AICCTModule: SensorFilter: brightness threshold 1.2 screenNit is 118.22056 ave enviroment lux is 22.151003 luxForNit 47.29068demarcationPoint200.0 result is true
07-18 16:20:54.293  3519  4340 I CwbClient: setCWBDisplayType set mFeatureID = CWB_RGB_VALUE
07-18 16:20:54.295  1954  1954 I [UAH_CLIENT]: UahPlatformResAcquire
07-18 16:20:54.295  1954  1954 I [UAH_CLIENT]: UahEventAcquire, cmdid:-3, pkg:2155 8334, identity:qcom-perfd
07-18 16:20:54.299  1954  2160 E ANDR-PERF-RESOURCEQS: ANDR-PERF-RESOURCEQS: AddAndApply() 125: Resource with major=16, minor=0 not supported
07-18 16:20:54.299  2155  2911 E HwcComposer: getLuts failed Status(-129, EX_TRANSACTION_FAILED): 'UNKNOWN_TRANSACTION: '
07-18 16:20:54.307  6994 14300 D BufferPoolAccessor2.0: bufferpool2 0xb40000717eb13028 : 18(56401920 size) total buffers - 10(31334400 size) used buffers - 404/422 (recycle/alloc) - 25/422 (fetch/transfer)
07-18 16:20:54.326  1954 14512 I [UAH_CLIENT]: UahRelease, handle:69673
07-18 16:20:54.357  2129  3762 D AudioFlinger: fast trackId 933 is playing mute data
07-18 16:20:54.369  1925  2357 I SDM     : DisplayBase::CommitThread: Received idle timeout, panel: cmd, timeout: 70000 us
07-18 16:20:54.379  6994 14325 D BufferPoolAccessor2.0: bufferpool2 0xb4000072d7880228 : 8(65536 size) total buffers - 1(8192 size) used buffers - 673/681 (recycle/alloc) - 9/679 (fetch/transfer)
07-18 16:20:54.442  1890 10009 I sensors-hal: handle_sns_client_event:316, accel_sample: 0: ts=112038813969699 ns; value = [-0.300771, 0.203208, 9.864111], status=3
07-18 16:20:54.445  4980  5029 I SystemUi--Statusbar: OplusNetworkSpeedControllExImpl-->updateNetworkSpeed: isConnected:true,isSwitchOn:true,isSuspend:false,isPause:false
07-18 16:20:54.446  4980  5029 I SystemUi--Statusbar: OplusNetworkSpeedControllExImpl-->getTotalByte: totalRxBytes:3123479796,totalTxBytes:437901143,loopbackTxBytes:274191578,loopbackRxBytes:274191578 ,totalBytes:3012997783
07-18 16:20:54.463  1954  1954 I [UAH_CLIENT]: UahPlatformResAcquire
07-18 16:20:54.463  1954  1954 I [UAH_CLIENT]: UahEventAcquire, cmdid:-3, pkg:2155 8331, identity:qcom-perfd
07-18 16:20:54.465  1954  2160 E ANDR-PERF-RESOURCEQS: ANDR-PERF-RESOURCEQS: AddAndApply() 125: Resource with major=16, minor=0 not supported
07-18 16:20:54.492  3519  4340 D FusionLightNextGen: raw_lux -1.0, raw_cct -1.0, r/g/b/c: 1130.2/756.0/391.7/2005.8, R/G/B: 28.0/27.0/23.0, bri 1411.0, lux: 22.345795, cct: 5300.0, ir: 0.071671, conf: 2, cnt: 0
07-18 16:20:54.493  1954 14515 I [UAH_CLIENT]: UahRelease, handle:69674
07-18 16:20:54.513  5656  7530 D CommonApp-133-10162: transport layer data is invalid
07-18 16:20:54.513  5656  7530 D CommonApp-133-10448: transport layer data is invalid
07-18 16:20:54.578  3186 14329 D BufferPoolAccessor2.0: bufferpool2 0xb400007b84d09628 : 5(20480 size) total buffers - 1(4096 size) used buffers - 678/683 (recycle/alloc) - 8/682 (fetch/transfer)
07-18 16:20:54.697  3519  4907 D ConnectivityService: Returning BLOCKED NetworkInfo to uid=10308
07-18 16:20:54.707  6994 14325 D PipelineWatcher: [0xb40000718b108f00] pipelineFull: too many frames in pipeline (6)
07-18 16:20:54.714  3519  3644 D osense.compress: com.tinder do shrink, target ratio = 10, final ratio = 20, cur ratio = 0
07-18 16:20:54.864  2056  2198 D BatteryChargeControl: bcc get no support from charging protocol
07-18 16:20:54.873  6994 14301 W OplusMediaMonitor: [0xb4000072d78a7000] c2.qti.avc.decoder [640*368] inputFps=24, outputFps=24 renderFps=0, discardFps=24
07-18 16:20:54.892  1890 29574 I sensors-hal: handle_oplus_wise_rgb_event:160, wise_rgb:(14506)(cct,lux,ir)[5300.00, 22.98, 0.000000](rgbc)[1130.22, 755.96, 391.70, 1990.74](pwm,hbm,brl,algo)[1.0 0.0 1411.0 2.0],flag 0
07-18 16:20:55.037  5656  5656 D VendorWifiService: onEvent event:9,action:1
07-18 16:20:55.041  3519  4590 D ScorerUtils: isLowTraffic: txTputKBps=0, rxTputKBps=1
07-18 16:20:55.041  3519  4590 D OplusWifiPower_TriggerCenter: mComponentCallback: wifistat
07-18 16:20:55.045  1954  1954 I [UAH_CLIENT]: UahPlatformResAcquire
07-18 16:20:55.045  1954  1954 I [UAH_CLIENT]: UahEventAcquire, cmdid:-3, pkg:2155 8332, identity:qcom-perfd
07-18 16:20:55.046  1954  2160 E ANDR-PERF-RESOURCEQS: ANDR-PERF-RESOURCEQS: AddAndApply() 125: Resource with major=16, minor=0 not supported
07-18 16:20:55.061  2155  2911 E HwcComposer: getLuts failed Status(-129, EX_TRANSACTION_FAILED): 'UNKNOWN_TRANSACTION: '
07-18 16:20:55.073  1954 14524 I [UAH_CLIENT]: UahRelease, handle:69676
07-18 16:20:55.092  1890 20175 I sensors-hal: handle_oplus_wise_rgb_event:189, high_pwm_light:lux 23.0,cct 5300.0,brl/algo/ir 1411.0/2.0/0.0,pwm/dc 1.0/0.0,rgbc 1130.222656/755.955322/391.699646/1990.740112,ts 112039542336574,cnt 14507,flag 0
07-18 16:20:55.123  3198  3198 I cnss-daemon: nl80211 response handler invoked
07-18 16:20:55.123  3198  3198 I cnss-daemon: nl80211_response_handler: cmd 103, vendorID 4980, subcmd 13  received
07-18 16:20:55.124  1897 13869 I WifiHAL : event received NL80211_CMD_VENDOR, vendor_id = 0x1374, subcmd = 0xd
07-18 16:20:55.131  1925  2357 I SDM     : DisplayBase::CommitThread: Received idle timeout, panel: cmd, timeout: 70000 us
07-18 16:20:55.451  1890 10009 I sensors-hal: handle_sns_client_event:316, accel_sample: 0: ts=112039821566157 ns; value = [-0.305560, 0.207996, 9.921572], status=3
07-18 16:20:55.537  5656  7530 D CommonApp-133-10162: transport layer data is invalid
07-18 16:20:55.537  5656  7530 D CommonApp-133-10448: transport layer data is invalid
07-18 16:20:55.796  1954  1954 I [UAH_CLIENT]: UahPlatformResAcquire
07-18 16:20:55.796  1954  1954 I [UAH_CLIENT]: UahEventAcquire, cmdid:-3, pkg:2155 8333, identity:qcom-perfd
07-18 16:20:55.798  1954  2160 E ANDR-PERF-RESOURCEQS: ANDR-PERF-RESOURCEQS: AddAndApply() 125: Resource with major=16, minor=0 not supported
07-18 16:20:55.825  1954 14529 I [UAH_CLIENT]: UahRelease, handle:69677
07-18 16:20:55.865  2056  2198 D BatteryChargeControl: bcc get no support from charging protocol
07-18 16:20:55.873  6994 14301 W OplusMediaMonitor: [0xb4000072d78a7000] c2.qti.avc.decoder [640*368] inputFps=24, outputFps=23 renderFps=0, discardFps=24
07-18 16:20:55.877  2129  3762 D AudioFlinger: fast trackId 929 is playing mute data
07-18 16:20:55.892  1890 29574 I sensors-hal: handle_oplus_wise_rgb_event:160, wise_rgb:(14511)(cct,lux,ir)[5300.00, 22.26, 0.000000](rgbc)[1130.22, 755.96, 391.70, 1975.66](pwm,hbm,brl,algo)[1.0 0.0 1411.0 2.0],flag 0
07-18 16:20:55.917  2129  3762 D AudioFlinger: fast trackId 930 is playing mute data
07-18 16:20:56.113  9131  9241 D gaia-GaiaConnectChecker: start connect check++
07-18 16:20:56.156  2129 11767 D AFExtImpl: notifySilencePlayback event:event_audio_detect_playback_silence info:pid:6994,scene:10
07-18 16:20:56.156  2129 11767 D AtlasEventUploadUtils: setEvent event:event_audio_detect_playback_silence
07-18 16:20:56.157  2129 11767 D AFExtImpl: enterSilencePlayback isScreenOn:1 isTrackVolumeSilent:0
07-18 16:20:56.158  5759 10547 D OplusAtlasAudioDetectionManager: callback success event:event_audio_detect_playback_silence eventInfo:pid:6994,scene:10
07-18 16:20:56.162  5759 11713 D OplusAtlasService: isAppInRecording getActiveAudioPids is null
07-18 16:20:56.165  5759 11713 D OplusAtlasAudioDetectionManager: notifySilencePlayback: pid: 6994 uid: 10448 isSilent: true
07-18 16:20:56.165  5759 11713 D OplusAtlasAudioDetectionManager: handleMessage() invalidate int-msg
07-18 16:20:56.198  2129 11767 D AFExtImpl: notifySilencePlayback event:event_audio_detect_playback_silence info:pid:6994,scene:10
07-18 16:20:56.198  2129 11767 D AtlasEventUploadUtils: setEvent event:event_audio_detect_playback_silence
07-18 16:20:56.198  2129 11767 D AFExtImpl: enterSilencePlayback isScreenOn:1 isTrackVolumeSilent:0
07-18 16:20:56.199  5759 10547 D OplusAtlasAudioDetectionManager: callback success event:event_audio_detect_playback_silence eventInfo:pid:6994,scene:10
07-18 16:20:56.200  3519  3604 W OPLUS_LOG_LOAD: ==LOGS PROG INFO, prog(system_server) ==
07-18 16:20:56.200  3519  3604 E BLASTSyncEngine: WM sent Transaction (#3287, Transition-OPEN, tx=15113990331914) to organizer, but never received commit callback. Application ANR likely to follow.
07-18 16:20:56.202  3519  3604 I BLASTSyncEngineExtImpl: syncTransitionCommitTimeout  syncGroupId=3287,merged.mNativeObjec=-5476376660061193088
07-18 16:20:56.202  5759 11713 D OplusAtlasService: isAppInRecording getActiveAudioPids is null
07-18 16:20:56.202  3519  3604 I BLASTSyncEngine: onCommitted syncId: 3287, timeout: true ran: false
07-18 16:20:56.204  5759 11713 D OplusAtlasAudioDetectionManager: notifySilencePlayback: pid: 6994 uid: 10448 isSilent: true
07-18 16:20:56.204  5759 11713 D OplusAtlasAudioDetectionManager: handleMessage() invalidate int-msg
07-18 16:20:56.205  1954  1954 I [UAH_CLIENT]: UahPlatformResAcquire
07-18 16:20:56.205  1954  1954 I [UAH_CLIENT]: UahEventAcquire, cmdid:-3, pkg:2155 8334, identity:qcom-perfd
07-18 16:20:56.210  1954  2160 E ANDR-PERF-RESOURCEQS: ANDR-PERF-RESOURCEQS: AddAndApply() 125: Resource with major=16, minor=0 not supported
07-18 16:20:56.236  1954 14532 I [UAH_CLIENT]: UahRelease, handle:69678
07-18 16:20:56.410  1875 29173 D DlbDap2Process: process() called [2812000] times with input channel mask 0x3 (ProcessingMode=1)
07-18 16:20:56.458  1890 10009 I sensors-hal: handle_sns_client_event:316, accel_sample: 0: ts=112040829164022 ns; value = [-0.276829, 0.188843, 9.854534], status=3
07-18 16:20:56.489  1960 24179 V Codec2-DumpInput: [processLoop:L697][c2.qti.avc.decoder_264]QueueRead[0] empty, waiting buffer.
07-18 16:20:56.490  1960 21869 V Codec2-DumpInput: [processLoop:L697][c2.qti.avc.decoder_214]QueueRead[0] empty, waiting buffer.
07-18 16:20:56.491  1960 24998 V Codec2-DumpInput: [processLoop:L697][c2.qti.avc.decoder_184]QueueRead[0] empty, waiting buffer.
07-18 16:20:56.562  5656  7530 D CommonApp-133-10162: transport layer data is invalid
07-18 16:20:56.562  5656  7530 D CommonApp-133-10448: transport layer data is invalid
07-18 16:20:56.692  3519  4340 I CwbClient: setCWBDisplayType set mFeatureID = CWB_RGB_VALUE
07-18 16:20:56.698  1954  1954 I [UAH_CLIENT]: UahPlatformResAcquire
07-18 16:20:56.698  1954  1954 I [UAH_CLIENT]: UahEventAcquire, cmdid:-3, pkg:2155 8331, identity:qcom-perfd
07-18 16:20:56.700  1954  2160 E ANDR-PERF-RESOURCEQS: ANDR-PERF-RESOURCEQS: AddAndApply() 125: Resource with major=16, minor=0 not supported
07-18 16:20:56.703  2155  2911 E HwcComposer: getLuts failed Status(-129, EX_TRANSACTION_FAILED): 'UNKNOWN_TRANSACTION: '
07-18 16:20:56.728  1954 14536 I [UAH_CLIENT]: UahRelease, handle:69679
07-18 16:20:56.772  1925  2357 I SDM     : DisplayBase::CommitThread: Received idle timeout, panel: cmd, timeout: 70000 us
07-18 16:20:56.866  2056  2198 D BatteryChargeControl: bcc get no support from charging protocol
07-18 16:20:56.873  6994 14301 W OplusMediaMonitor: [0xb4000072d78a7000] c2.qti.avc.decoder [640*368] inputFps=24, outputFps=24 renderFps=0, discardFps=24
07-18 16:20:56.892  1890 29574 I sensors-hal: handle_oplus_wise_rgb_event:160, wise_rgb:(14516)(cct,lux,ir)[5300.00, 22.98, 0.000000](rgbc)[1130.22, 755.96, 391.70, 1990.74](pwm,hbm,brl,algo)[1.0 0.0 1411.0 2.0],flag 0
07-18 16:20:56.892  3519  4340 D FusionLightNextGen: raw_lux -1.0, raw_cct -1.0, r/g/b/c: 1130.2/756.0/391.7/1990.7, R/G/B: 28.0/27.0/23.0, bri 1411.0, lux: 22.151003, cct: 5300.0, ir: 0.076698, conf: 2, cnt: 0
07-18 16:20:56.894  3519  6109 I AICCTModule: SensorFilter: brightness threshold 1.2 screenNit is 118.22056 ave enviroment lux is 22.32415 luxForNit 47.457275demarcationPoint200.0 result is true
07-18 16:20:56.936 12521 12521 E fb4a.Execution: Redirecting MSYS Execution scheduling from the UI thread to a custom executor
07-18 16:20:56.943  1765  8457 E         : DNS_CACHE: hanle request << lookupdns: hostname:edge-mqtt.facebook.com, servername:^, ai_flags:1024, ai_family:0, ai_socktype:1, ai_protocol:0, netid:0, uid:10499
07-18 16:20:56.943 12521 14537 D DNS_CACHE: oplus_oplus_getaddrinfo_proxy lookup from netd: hostname:edge-mqtt.facebook.com, servname:(null) uid: 10499, result_code:408, res = 0x0, found = 0
07-18 16:20:56.945  6994 14325 D PipelineWatcher: [0xb40000718b108f00] pipelineFull: too many frames in pipeline (6)
07-18 16:20:56.953  2056  2184 D vendor.oplus.hardware.charger-V10-service: ret_value:122, read content:,338,337,4022,4019,80,66,69,1,1,0,453,5006,68,1,4430,300,500,0,7,2500,7,0,1,0,2,0,0,0,1,5397,93,0,3068,4672,0,0,0,0,0,105
07-18 16:20:56.953  2056  2184 D vendor.oplus.hardware.charger-V10-service: gmtime: 2026-07-18-16-20-56
07-18 16:20:56.953  2056  2184 D vendor.oplus.hardware.charger-V10-service: usb_online:1, ac_online:-2147483648, wireless_online:0
07-18 16:20:56.961  1890 29579 I sensors-hal: handle_sns_std_sensor_event:104, oplus rgb_rear sample: (cct, lux, ir, x, y)[31420, 0, 300000, 454, 116]
07-18 16:20:56.961  1890 29579 I sensors-hal: handle_sns_std_sensor_event:106, oplus rgb_rear sample: (r, g, b, c w)[2, 1, 3, 1, 3]
07-18 16:20:56.966  1765  8457 E         : DNS_CACHE: hanle request << adddns: hostname:edge-mqtt.facebook.com, servername:^, ai_flags:1024, ai_family:0, ai_socktype:1, ai_protocol:0, netid:0, uid:10499
07-18 16:20:56.966 12521 14537 D DNS_CACHE: oplus_send_dns_response send hostname: edge-mqtt.facebook.com, servname: (null) response into netd: 0, *res = 0xb400007127476380
07-18 16:20:56.973  5485  5817 D DnsDomainBlock: onDnsEvent: latencyMs=17, returnCode=0, uid=10499
07-18 16:20:56.977 12521 15956 E fb4a.FBMsysMqttClientCallbacks: onPublish, onFailure, msgId = 14384, error = 2003
07-18 16:20:56.978 12521 15956 E fb4a.FBMsysMqttClientCallbacks: onPublish, onFailure, msgId = 14383, error = 2003
07-18 16:20:56.980 12521 12521 E fb4a.Execution: Redirecting MSYS Execution scheduling from the UI thread to a custom executor
07-18 16:20:56.987 12521 16115 E fb4a.msys: E[N rtchannel]_rt_mqtt_bridge_bootstrap_callback(997)=>Failed to boot stap bridged mqtt channel.  RT error code:2002 token:14384
07-18 16:20:56.987 12521 16115 E fb4a.msys: E[N rtchannel]_rt_mqtt_bridge_bootstrap_callback(997)=>Failed to boot stap bridged mqtt channel.  RT error code:2002 token:14383
07-18 16:20:57.027  2363  2363 I adbd    : adbd service requested 'shell,v2,TERM=dumb,raw:am start -a android.intent.action.VIEW -d sandboxmusic://e2e/thumb-up -f 0x14000000 rd.sheepskin.sandboxmusic'
07-18 16:20:57.076  3519  4585 I [UAH_CLIENT]: UahEventAcquire, cmdid:2, pkg:none, identity:com.android.server.wm
07-18 16:20:57.077  3519  4907 W ActivityTaskManager: callingPackage for (uid=2000, pid=14545) has no WPC
07-18 16:20:57.077  3519  4907 D WindowManager: NFW_setClientVisible:ActivityRecord{40409916 u0 rd.sheepskin.sandboxmusic/.MainActivity clientVisible:true
07-18 16:20:57.078  3519  4354 D StartingSurfacePreviewController: checkSupportSurfacePreview, token=rd.sheepskin.sandboxmusic/.MainActivity, enableSurfacePreview=false, supportMultiLayout=false, unsupportedSkipViewAnimLv=null, disableSurfacePreviewAnimLv=null, ignoreFileExistAnimLv=null
07-18 16:20:57.078  3519  4907 V GrammaticalInflectionUtils: AttributionSource: android.content.AttributionSource@a831c29a does not have READ_SYSTEM_GRAMMATICAL_GENDER permission.
07-18 16:20:57.078  3519  4907 D ActivityTaskManager: The isLandscapeFullscreenEnabled is: rd.sheepskin.sandboxmusic/.MainActivity
07-18 16:20:57.078  3519  4907 D ActivityTaskManager: The isLandscapeFullscreenEnabled is: rd.sheepskin.sandboxmusic/.MainActivity
07-18 16:20:57.078  3519  4907 D ActivityTaskManager: The isLandscapeFullscreenEnabled is: rd.sheepskin.sandboxmusic/.MainActivity
07-18 16:20:57.078  3519  4907 D ActivityTaskManager: The isLandscapeFullscreenEnabled is: rd.sheepskin.sandboxmusic/.MainActivity
07-18 16:20:57.078  3519  4907 D ActivityTaskManager: The isLandscapeFullscreenEnabled is: rd.sheepskin.sandboxmusic/.MainActivity
07-18 16:20:57.078  3519  4907 D FlexibleTaskController: isSupportFlexibleWindow target = rd.sheepskin.sandboxmusic/.MainActivity callPkg = FlexibleTaskController support = true ,caller = 3519
07-18 16:20:57.078  3519  4907 I AppSnapshotController: init, sysSupport = true, mActivitySupport = false, activityRecord = ActivityRecord{40409916 u0 rd.sheepskin.sandboxmusic/.MainActivity t-1}
07-18 16:20:57.079  3519  3616 E QosSceneRecognizer[ActivityStartScene]: notifyActivityStart get launchedFromUid failed through AppManager! launchedFromPackage: com.android.shell, pkg: rd.sheepskin.sandboxmusic
07-18 16:20:57.079  3519  4907 D FlexibleWindowManagerService: isIgnoreAppearedAcrossTask:false
07-18 16:20:57.080  3519  4907 D ActivityStarterExtImpl: setForceUpdateWindow, targetTask = Task{edfb678 #3030 type=standard A=10448:rd.sheepskin.sandboxmusic} r = ActivityRecord{40409916 u0 rd.sheepskin.sandboxmusic/.MainActivity t-1} notFinish =false
07-18 16:20:57.080  3519  4907 D FlexibleWindowManagerService: isIgnoreAppearedAcrossTask:false
07-18 16:20:57.080  3519  4907 D FlexibleTaskController: findSourceTaskForFreeForm: sourceRecord = null ,realCallingPid:14545 ,launchFromZoomMode:false ,prevTopTask:Task{edfb678 #3030 type=standard A=10448:rd.sheepskin.sandboxmusic}
07-18 16:20:57.080  3519  4907 D FlexibleTaskController: findSourceTaskForFreeForm: the caller is not a flexible freeform window application and does not have a zoom windowMode startup parameter
07-18 16:20:57.080  3519  4907 D FlexibleTaskController: adjustOptionsForFlexibleTask not allow options follow process task's options, reason:9 ,reusedOptions:null
07-18 16:20:57.080  3519  4907 I TaskFragmentExtImpl: reset pause in recents anim for mTaskFragment: Task{edfb678 #3030 type=standard A=10448:rd.sheepskin.sandboxmusic}
07-18 16:20:57.080  3519  4907 D FlexibleTaskController: isSupportFlexibleWindow target = rd.sheepskin.sandboxmusic/.MainActivity callPkg = FlexibleTaskController support = true ,caller = 3519
07-18 16:20:57.080  3519  4907 D FlexibleTaskController: shouldKeepFlexibleTask flexibleTask not active.
07-18 16:20:57.080  3519  4907 D ActivityStarterExtImpl: isLaunchingRootActivity = true
07-18 16:20:57.082  3519  4907 D ActivityTaskManager: The isLandscapeFullscreenEnabled is: rd.sheepskin.sandboxmusic/.MainActivity
07-18 16:20:57.082  4980  4980 D CommandQueueLogger: appTransitionPending displayId=0 forced=false
07-18 16:20:57.082  3519  4907 D ActivityTaskManager: The isLandscapeFullscreenEnabled is: rd.sheepskin.sandboxmusic/.MainActivity
07-18 16:20:57.083  3519  4907 E Transition: Aborting Transition mSyncId=3289, caller=com.android.server.wm.OplusTransitionUtil.abortTransitionImmediately:109 com.android.server.wm.OplusTransitionController.abortTransitionImmediately:123 com.android.server.wm.ActivityStarterExtImpl.abortTransitionImmediately:1896 
07-18 16:20:57.083  3519  4907 D OplusTransitionController: hookOnAbort, transition: TransitionRecord{945f94b id=3289 track=0 type=OPEN flags=0x0 state=0 c=[
07-18 16:20:57.083  3519  4907 D OplusTransitionController:    ChangeInfo{fc22f28 container=ActivityRecord{40409916 u0 rd.sheepskin.sandboxmusic/.MainActivity t-1} flags=0x0}
07-18 16:20:57.083  3519  4907 D OplusTransitionController: ]
07-18 16:20:57.083  3519  4907 D OplusTransitionController: }
07-18 16:20:57.083  3519  4907 E OplusAppQuickStart_AppQuickStartController: not start from launcher transition:3289
07-18 16:20:57.083  3519  4907 D KEYLOG_PhoneWindowManager: setKeyguardOccludedLw occluded=false,false,false
07-18 16:20:57.083  3519  4907 D KEYLOG_PhoneWindowManager: setKeyguardOccludedLw occluded=false,false,false
07-18 16:20:57.083  4980 28741 D KeyguardService: setOccluded(false)
07-18 16:20:57.083  4980 28741 D KeyguardService: setOccluded: false, animate= false
07-18 16:20:57.083  4980 28741 D KeyguardViewMediator: setOccluded(false)
07-18 16:20:57.084  4980 28741 D KeyguardViewMediator: setOccluded false
07-18 16:20:57.084  3519  4907 E SchedAssist: binderSetThreadUxFlagByIoctl: ioctl failed, tid=-1 flag=1 ret=-1 errno=25 (Inappropriate ioctl for device)
07-18 16:20:57.084  4980 28741 D KeyguardService: setOccluded(false)
