07-18 16:22:21.242 14049 15887 V Capacitor: callback: 37619950, pluginId: AndroidAuto, methodName: setBrowseLibrary, methodData: {"albums":[{"id":"album:lyrical lemonade::all is yellow","title":"All Is Yellow","artist":"Lyrical Lemonade","tracks":[{"mediaId":"local-locker-1783982574310-jhhynw","title":"Fly Away","artist":"Lyrical Lemonade","album":"All Is Yellow"},{"mediaId":"local-locker-1783982596761-g58o12","title":"Guitar In My Room","artist":"Lyrical Lemonade","album":"All Is Yellow"},{"mediaId":"local-locker-1783982618741-kvrrk7","title":"Say Ya Grace","artist":"Lyrical Lemonade","album":"All Is Yellow"},{"mediaId":"local-locker-1783982641450-2tf8c0","title":"This My Life","artist":"Lyrical Lemonade","album":"All Is Yellow"},{"mediaId":"local-locker-1783972958030-7jfsyj","title":"First Night","artist":"Lyrical Lemonade","album":"All Is Yellow"},{"mediaId":"local-locker-1783982662797-v7e223","title":"Special","artist":"Lyrical Lemonade, Latto, Swae Lee & AminĂ©","album":"All Is Yellow"},{"mediaId":"local-locker-1783982684991-6uud55","title":"With The Fish","artist":"Lyrical Lemonade","album":"All Is Yellow"},{"mediaId":"local-locker-1783982707755-zp3asr","title":"Doomsday","artist":"Lyrical Lemonade, Juice WRLD & Cordae","album":"All Is Yellow"},{"mediaId":"local-locker-1783982729690-6vjwdo","title":"Fallout","artist":"Lyrical Lemonade","album":"All Is Yellow"},{"mediaId":"local-locker-1783982750150-ug8pub","title":"Equilibrium","artist":"Lyrical Lemonade","album":"All Is Yellow"},{"mediaId":"local-locker-1783982773147-s2og4q","title":"Hello There","artist":"Lyrical Lemonade, Lil Tracy, Corbin & Black Kray","album":"All Is Yellow"},{"mediaId":"local-locker-1783982793383-mz4v0k","title":"Hummingbird","artist":"Lyrical Lemonade, UMI, SahBabii & Teezo Touchdown","album":"All Is Yellow"},{"mediaId":"local-locker-1783982814534-mzt3yf","title":"Stop Giving Me Advice","artist":"Lyrical Lemonade, Dave & Jack Harlow","album":"All Is Yellow"}]},{"id":"album:21 savage::american dream","title":"American Dream","artist":"21 Savage","tracks":[{"mediaId":"local-locker-1783934627418-w7hdao","title":"American Dream","artist":"21 Savage","album":"american dream"},{"mediaId":"local-locker-1783934727667-feru5i","title":"Pop Ur Shit","artist":"21 Savage","album":"american dream"},{"mediaId":"local-locker-1783934790464-xy9xre","title":"Nee Nah","artist":"21 Savage","album":"american dream"},{"mediaId":"local-locker-1783934645682-w8uv3k","title":"All Of Me","artist":"21 Savage","album":"american dream"},{"mediaId":"local-locker-1783934666507-ysvwtp","title":"Redrum","artist":"21 Savage","album":"american dream"},{"mediaId":"local-locker-1783934688118-t2ivnj","title":"N.h.i.e.","artist":"21 Savage","album":"american dream"},{"mediaId":"local-locker-1783934708866-z0vtxe","title":"Sneaky","artist":"21 Savage","album":"american dream"},{"mediaId":"local-locker-1784356429563-9q4neb","title":"Pop Ur Sh*t","artist":"21 Savage, Young Thug & Metro Boomin","album":"american dream"},{"mediaId":"local-locker-1783934748639-vrmwvs","title":"Letter To My Brudda","artist":"21 Savage","album":"american dream"},{"mediaId":"local-locker-1783934769764-t87czx","title":"Dangerous","artist":"21 Savage","album":"american dream"},{"mediaId":"local-locker-1783934811110-m5g0q0","title":"See The Real","artist":"21 Savage","album":"american dream"},{"mediaId":"local-locker-1783934831925-luyuan","title":"Prove It","artist":"21 Savage","album":"american dream"},{"mediaId":"local-locker-1783934852245-y0qzkb","title":"Should've Wore A Bonnet","artist":"21 Savage","album":"american dream"},{"mediaId":"local-locker-1783934875267-cuyljg","title":"Just Like Me","artist":"21 Savage","album":"american dream"},{"mediaId":"local-locker-1783934896718-z56km5","title":"Red Sky","artist":"21 Savage","album":"american dream"},{"mediaId":"local-locker-1783934927201-gdgz2n","title":"Dark Days","artist":"21 Savage","album":"american dream"}]},{"id":"album:westside gunn::and then you pray for me","title":"And Then You Pray For Me","artist":"Westside Gunn","tracks":[{"mediaId":"local-locker-1
07-18 16:22:21.290  1991  5777 E SmcInvoke_MinkDescriptor: mem obj with id :15 not found in list
07-18 16:22:21.291  1483  1483 I OmapiTransport: (internalProtectedTransmitApdu) Set the timer with timeout 3000 ms
07-18 16:22:21.291  1483  1483 I OmapiTransport: (internalProtectedTransmitApdu) STATUS OF TRNSMIT: 0 Message: 
07-18 16:22:21.291  1483  1483 E javacard.keymint.device.strongbox-impl: Error in sending generateKey.
07-18 16:22:21.292  1480 15178 E keystore2: system/security/keystore2/src/error.rs:183 - system/security/keystore2/src/security_level.rs:684
07-18 16:22:21.292  1480 15178 E keystore2: 
07-18 16:22:21.292  1480 15178 E keystore2: Caused by:
07-18 16:22:21.292  1480 15178 E keystore2:     0: system/security/keystore2/src/security_level.rs:678: While generating without a provided attestation key and params: [KeyParameter { tag: r#KEY_SIZE, value: Integer(256) }, KeyParameter { tag: r#ALGORITHM, value: Algorithm(r#EC) }, KeyParameter { tag: r#EC_CURVE, value: EcCurve(r#P_256) }, KeyParameter { tag: r#PURPOSE, value: KeyPurpose(r#SIGN) }, KeyParameter { tag: r#DIGEST, value: Digest(r#NONE) }, KeyParameter { tag: r#DIGEST, value: Digest(r#SHA_2_256) }, KeyParameter { tag: r#NO_AUTH_REQUIRED, value: BoolValue(true) }, KeyParameter { tag: r#ACTIVE_DATETIME, value: DateTime(1784366536529) }, KeyParameter { tag: r#CERTIFICATE_NOT_AFTER, value: DateTime(2461449600000) }, KeyParameter { tag: r#CERTIFICATE_NOT_BEFORE, value: DateTime(0) }, KeyParameter { tag: r#CERTIFICATE_SERIAL, value: Blob([1]) }, KeyParameter { tag: r#CERTIFICATE_SUBJECT, value: Blob([48, 31, 49, 29, 48, 27, 6, 3, 85, 4, 3, 19, 20, 65, 110, 100, 114, 111, 105, 100, 32, 75, 101, 121, 115, 116, 111, 114, 101, 32, 75, 101, 121]) }, KeyParameter { tag: r#ATTESTATION_CHALLENGE, value: Blob([89, 93, 247, 84, 126, 121, 212, 67, 227, 193, 152, 176, 90, 44, 75, 48, 103, 170, 132, 137, 200, 103, 121, 65, 70, 132, 142, 127, 14, 253, 64, 151]) }, KeyParameter { tag: r#ATTESTATION_ID_BRAND, value: Blob([79, 110, 101, 80, 108, 117, 115]) }, KeyParameter { tag: r#ATTESTATION_ID_DEVICE, value: Blob([79, 80, 53, 57, 53, 68, 76, 49]) }, KeyParameter { tag: r#ATTESTATION_ID_PRODUCT, value: Blob([67, 80, 72, 50, 53, 56, 49]) }, KeyParameter { tag: r#ATTESTATION_ID_MANUFACTURER, value: Blob([79, 110, 101, 80, 108, 117, 115]) }, KeyParameter { tag: r#ATTESTATION_ID_MODEL, value: Blob([67, 80, 72, 50, 53, 56, 49]) }, KeyParameter { tag: r#CREATION_DATETIME, value: DateTime(1784366541107) }, KeyParameter { tag: r#ATTESTATION_APPLICATION_ID, value: Blob([48, 71, 49, 33, 48, 31, 4, 24, 99, 111, 109, 46, 115, 115, 46, 97, 110, 100, 114, 111, 105, 100, 46, 117, 103, 99, 46, 116, 114, 105, 108, 108, 2, 3, 7, 4, 227, 49, 34, 4, 32, 215, 129, 30, 196, 22, 111, 234, 108, 199, 32, 186, 102, 105, 157, 200, 75, 88, 74, 201, 230, 152, 102, 19, 167, 109, 78, 67, 216, 203, 227, 43, 39]) }].
07-18 16:22:21.292  1480 15178 E keystore2:     1: Error::Km(r#ATTESTATION_KEYS_NOT_PROVISIONED)
07-18 16:22:21.293  1890 20175 I sensors-hal: handle_oplus_wise_rgb_event:189, high_pwm_light:lux 22.2,cct 5300.0,brl/algo/ir 1405.0/2.0/0.0,pwm/dc 1.0/0.0,rgbc 1084.402832/726.880127/376.634277/1915.333252,ts 112125742339756,cnt 14937,flag 0
07-18 16:22:21.316  3519  4741 I RemoteProvisionSysSvc: getRegistration(android.hardware.security.keymint.IRemotelyProvisionedComponent/strongbox)
07-18 16:22:21.327  3519  3519 I RegistrationProxy: onServiceConnected: com.android.rkpdapp.service.RemoteProvisioningService
07-18 16:22:21.328  1480 16041 I keystore2: system/security/keystore2/src/database.rs:1412 - First database operation finished.
07-18 16:22:21.329  1483  1483 I OmapiTransport: (sendData) stop the timer
07-18 16:22:21.329  1991  1991 I android.hardware.secure_element-service.qti: isCardPresent
07-18 16:22:21.330  1991  1991 I DMABUFHEAPS: Using DMA-BUF heap named: qcom,qseecom-ta
07-18 16:22:21.351  1991  5777 E SmcInvoke_MinkDescriptor: mem obj with id :15 not found in list
07-18 16:22:21.351  1483  1483 I OmapiTransport: (internalProtectedTransmitApdu) Set the timer with timeout 3000 ms
07-18 16:22:21.352  1483  1483 I OmapiTransport: (internalProtectedTransmitApdu) STATUS OF TRNSMIT: 0 Message: 
07-18 16:22:21.352  3519  4741 I RegistrationProxy: IGetRegistrationCallback.onSuccess
07-18 16:22:21.356  3519  8749 I RemoteProvisionSysSvc: Fetching key 10545 for client 96086440
07-18 16:22:21.356  3519  8749 I RegistrationProxy: getKeyAsync operation started with callback 149232833
07-18 16:22:21.357 15722 16043 I RkpdRegistrationBinder: Key requested for : android.hardware.security.keymint.IRemotelyProvisionedComponent/strongbox, clientUid: 1017, keyId: 10545, callback: 229493232
07-18 16:22:21.358 15722 16043 I RkpdRegistrationBinder: No key assigned, looking for an available key with expiry of 2026-07-21T09:22:21.358314Z
07-18 16:22:21.358 15722 16043 I RkpdRegistrationBinder: No key assigned, looking for an available key with expiry of 2026-07-18T10:22:21.357587Z
07-18 16:22:21.358 15722 16043 I RkpdRegistrationBinder: No keys are available, kicking off provisioning
07-18 16:22:21.358  3519  8749 I RegistrationProxy: Provisioning required before keys are available for android.security.rkp.service.RegistrationProxy$2@8e51cc1
07-18 16:22:21.360 15722 16043 I RkpdServerInterface: request_id: a13f319f-f45d-494e-9435-76eefd76bbc4
07-18 16:22:21.361 15722 16043 V RkpdServerInterface: Requesting data from server. Attempt 1
07-18 16:22:21.362  1890 29579 I sensors-hal: handle_sns_std_sensor_event:104, oplus rgb_rear sample: (cct, lux, ir, x, y)[1551, 0, 300000, 390, 235]
07-18 16:22:21.362  1890 29579 I sensors-hal: handle_sns_std_sensor_event:106, oplus rgb_rear sample: (r, g, b, c w)[2, 2, 3, 1, 3]
07-18 16:22:21.394  1480 16041 I keystore2: system/security/keystore2/src/database.rs:1412 - First database operation finished.
07-18 16:22:21.442 15722 16043 V RkpdServerInterface: Network request completed successfully.
07-18 16:22:21.443 15722 16043 I RkpdKeyPoolStats: PoolStats{keysInUse=0, idealTotalSignedKeys=12, keysToGenerate=12, keysUnassigned=0}
07-18 16:22:21.443 15722 16043 I RkpdProvisioner: Requested number of keys for provisioning: 12
07-18 16:22:21.444  1483  1483 I OmapiTransport: (sendData) stop the timer
07-18 16:22:21.444  1991  1991 I android.hardware.secure_element-service.qti: isCardPresent
07-18 16:22:21.445  1991  1991 I DMABUFHEAPS: Using DMA-BUF heap named: qcom,qseecom-ta
07-18 16:22:21.499  1960 24179 V Codec2-DumpInput: [processLoop:L697][c2.qti.avc.decoder_264]QueueRead[0] empty, waiting buffer.
07-18 16:22:21.501  1960 24998 V Codec2-DumpInput: [processLoop:L697][c2.qti.avc.decoder_184]QueueRead[0] empty, waiting buffer.
07-18 16:22:21.502  1960 21869 V Codec2-DumpInput: [processLoop:L697][c2.qti.avc.decoder_214]QueueRead[0] empty, waiting buffer.
07-18 16:22:21.535  1897 13869 I WifiHAL : event received NL80211_CMD_VENDOR, vendor_id = 0x1374, subcmd = 0xd
07-18 16:22:21.536  3198  3198 I cnss-daemon: nl80211 response handler invoked
07-18 16:22:21.536  3198  3198 I cnss-daemon: nl80211_response_handler: cmd 103, vendorID 4980, subcmd 13  received
07-18 16:22:21.553  5656  7530 D CommonApp-133-10162: transport layer data is invalid
07-18 16:22:21.554  5656  7530 D CommonApp-133-10448: commonScoreStrategy scenarios 3 mTLD.uplink_packets + mTLD.downlink_packets > 10 avgRtt196
07-18 16:22:21.554  5656  7530 D CommonApp-133-10448: notifyScoreChange appScene COMMON score 89
07-18 16:22:21.556 14049 14049 I Capacitor/Console: File:  - Line 333 - Msg: undefined
07-18 16:22:21.560 14049 15846 D Capacitor: Handling local request: https://localhost/
07-18 16:22:21.570 15842 15877 I chromium: [INFO:media/base/audio_latency.cc:142] audioHardwareBufferSize = 192
07-18 16:22:21.574 14049 15850 I AAudio  : AAudioStreamBuilder_openStream() called ----------------------------------------
07-18 16:22:21.574 14049 15850 I AudioStreamBuilder: rate   =  48000, channels  = 2, channelMask = 0x3, format   = 5, sharing = SH, dir = OUTPUT
07-18 16:22:21.574 14049 15850 I AudioStreamBuilder: device = AUDIO_PORT_HANDLE_NONE, sessionId = -1, perfMode = 12, callback: ON with frames = 192, error callback: ON
07-18 16:22:21.574 14049 15850 I AudioStreamBuilder: usage  =      1, contentType = 0, inputPreset = 0, allowedCapturePolicy = 0
07-18 16:22:21.574 14049 15850 I AudioStreamBuilder: privacy sensitive = false, opPackageName = (null), attributionTag = (null)
07-18 16:22:21.574 14049 15850 D AudioStreamBuilder: build, global mmap policy is 0
07-18 16:22:21.575 14049 15850 D AudioStreamBuilder: build, system mmap policy is 2
07-18 16:22:21.575 14049 15850 D AudioStreamBuilder: build, final mmap policy is 2
07-18 16:22:21.575 14049 15850 D AudioStreamBuilder: build, system mmap exclusive policy is 2
07-18 16:22:21.575 14049 15850 D AudioStreamBuilder: build, final mmap exclusive policy is 2
07-18 16:22:21.575 14049 15850 D in.sandboxmusic: PlayerBase::PlayerBase()
07-18 16:22:21.576  2129 25120 E AAudioServiceExtImpl: isAAudioCompatible call  getListValueByUid(aaudio-compatible-apps) but return null
07-18 16:22:21.577  2129 25120 I AAudioService: openStream(callingPid:14049, callingUid: 10448): aaudio denied with imcompatible policy such as peformance noise
07-18 16:22:21.577 14049 15850 D in.sandboxmusic: PlayerBase::PlayerBase()
07-18 16:22:21.577 14049 15850 D AudioStreamInternal_Client: ~AudioStreamInternal() 0xb40000719ec79000 called
07-18 16:22:21.577 14049 15850 D AAudioStream: ~AudioStream(s#1) mPlayerBase strongCount = 1
07-18 16:22:21.577 14049 15850 D in.sandboxmusic: PlayerBase::~PlayerBase()
07-18 16:22:21.577 14049 15850 D AudioStreamTrack: open(), request notificationFrames = -8, frameCount = 0
07-18 16:22:21.577 14049 15850 I AudioTrack: set(): type=audio,case=1,attributes=1,content_type=2,usage=1,source=0,flags=0x100
07-18 16:22:21.577 14049 15850 D AudioTrackExtImpl: AudioTrackExtImpl init
07-18 16:22:21.577 14049 15850 D ExtensionsLoader: createInstance(64bit) : createExtendedFactory
07-18 16:22:21.577 14049 15850 D ExtensionsLoader: Opened libSchedAssistExtImpl.so
07-18 16:22:21.577 14049 15850 D AudioTrack: set(): streamType -1, sampleRate 48000, format 0x5, channelMask 0x3, frameCount 0, flags #104, notificationFrames -8, sessionId 0, transferType 1, uid -1, pid -1
07-18 16:22:21.577 14049 15850 D ListServiceUtils: mListServiceUtils::init CallingPid 14049
07-18 16:22:21.577 14049 15850 D ListServiceUtils: mListServiceUtils::init this 0xb400007190667380
07-18 16:22:21.578 14049 15850 I AudioTrack: set(): 0xb4000072b59c0800, Create AudioTrackThread, tid = 16046
07-18 16:22:21.578  2129 25120 D AudioFlingerExtImpl: oplusGetParametersBypassLock:only system or list app is allowed to get oplus parameters:DetectPulseEnable, uid:10448
07-18 16:22:21.578 14049 15850 D AudioDetectPulse: setDetectPulse, mIsDetectPulse 0, 0x739512b108
07-18 16:22:21.578 14049 15850 D AudioTrackExtImpl: doSchedBoost, set audioapp task boost, pid=14049, tid=15850, enable=1, ret=0
07-18 16:22:21.579  2129 25120 D AudioBoost: audioSchedBoost, pid=2129, tid=25120, enable=1, ret=0
07-18 16:22:21.579  2129 25120 D AudioFlingerExtImpl: addActiveAudioSession, add 6009, uid 10448, map size 8
07-18 16:22:21.579  2129 25120 D AudioFlingerExtImpl: updateSelectDevByRedirectSetting: clientUid=10448, pid=14049
07-18 16:22:21.579  2129 25120 D AudioFlingerExtImpl: updateSelectDevByRedirectSetting: mOplusRedirectOutputSupport=0, mOplusRedirectOutputEnable=0
07-18 16:22:21.579 14049 15849 D Capacitor: Handling local request: https://localhost/
07-18 16:22:21.579  2129 25120 D NativePermissionController: checkPermission: missing 1 for 10448
07-18 16:22:21.579  2129 25120 D NativePermissionController: checkPermission: missing 3 for 10448
07-18 16:22:21.579  2129 25120 D NativePermissionController: checkPermission: missing 5 for 10448
07-18 16:22:21.580  2129 25120 D AudioPolicyManagerExtImpl: checkUllCompatible() denied raw flag on session 6009 for performance noise
07-18 16:22:21.580  2129 25120 D AudioPolicyManagerExtImpl: forceOutputForMusicEffects Enter: session 6009, dev {AUDIO_DEVICE_OUT_SPEAKER, @:}, streamType 3, flags 4, forced_deep 0
07-18 16:22:21.580  2129 25120 D AudioPolicyManagerExtImpl: check callingUid 10448 whose pacakge name is not in fast-audio-effects
07-18 16:22:21.580  2129 25120 D AudioPolicyManagerExtImpl: forceOutputForMusicEffects Done:  flags 4,  forced_deep 0
07-18 16:22:21.580  2129 25120 D APM_AudioPolicyManager: mSpatializerOutput is null, canBeSpatializedInt=0, forceSpatialized:0 forceMss 0 forceMeta 0
07-18 16:22:21.580  2129 25120 D AudioBoost: audioSchedBoost, pid=2129, tid=25120, enable=1, ret=0
07-18 16:22:21.580  2129 25120 W AudioFlinger: createTrack_l(): mismatch between requested flags (00000104) and output flags (00000006)
07-18 16:22:21.580  2129 25120 D AudioFlinger: AF createTrack_l, skip effectchain::checkOutputFlagCompatibility to avoid fast flag to be denied by global effects, pid 14049, session -1
07-18 16:22:21.580  2129  2865 E GameAudioEffects: outputSelected: call getListValueByUid(fast-audio-effects) but return null
07-18 16:22:21.580  2129 25120 D AudioFlinger: createTrack_l output(13) original frameCount 192  mNormalFrameCount 960 mFrameCount(hal) 192 minFrameCount 1536 notificationsPerBuffer 8 mSampleRate 48000 halLatencyMs 61
07-18 16:22:21.581  2129 25120 D AudioFlinger: Client defaulted notificationFrames to 192 for frameCount 1536
07-18 16:22:21.581  2129 25120 D AudioFlinger: createTrack_l output(13) final frameCount 1536 for track session 6009 , mFrameCount 192, mNormalFrameCount 960, notificationFrameCount 192
07-18 16:22:21.581  2129 25120 I AF::PthrPatchRecord: creating track with enforcement level 0
07-18 16:22:21.582  2129 25120 D AudioFlinger_PlaybackThread_TrackExtImpl: HoloAudio, create track pkg name:rd.sheepskin.sandboxmusic
07-18 16:22:21.582 15842 15877 I chromium: [INFO:media/base/audio_latency.cc:142] audioHardwareBufferSize = 192
07-18 16:22:21.582  2659 20648 D HoloAudio::SpecailizerPLService_Aidl: getMetaInfoByPkgName, 
07-18 16:22:21.582  2129 25120 D AudioFlingerExtImpl: HoloAudio: audioFlingerExt getMetaInfo valueis:
07-18 16:22:21.582  2129 25120 D AudioFlinger_PlaybackThread_TrackExtImpl: HoloAudio, there is no policy for this pkg:rd.sheepskin.sandboxmusic
07-18 16:22:21.582  2129 25120 I AF::Track: Track, track(0xb4000078583f1800): mFastIndex 1, mStreamType 3, mId 934, mPortId 1245, mFrameCount 1536, mSampleRate 48000, mFormat 5, mChannelCount 2, thread 0xb40000785da526d0, sessionId 6009, AudioOut_D, primary-6
07-18 16:22:21.583  2129  3762 D AudioFlinger: updateWakeLockUids_l AudioOut_D uids:
07-18 16:22:21.583  2129 25120 D AudioBoost: audioSchedBoost, pid=2129, tid=25120, enable=0, ret=0
07-18 16:22:21.583  2129 25120 D AudioBoost: audioSchedBoost, pid=2129, tid=25120, enable=0, ret=0
07-18 16:22:21.576  2129  2129 W AudioRtBoostThr: type=1400 audit(0.0:20933): avc:  denied  { getsched } for  scontext=u:r:audioserver:s0 tcontext=u:r:untrusted_app:s0:c192,c257,c512,c768 tclass=process permissive=0
07-18 16:22:21.584 14049 15850 D AudioTrack: createTrack state 0 output.outputId=13
07-18 16:22:21.585  2129 25124 D AudioFlingerExtImpl: oplusGetParametersBypassLock:only system or list app is allowed to get oplus parameters:is_direct_pcm_track, uid:10448
07-18 16:22:21.585  2129 25124 D AudioFlingerExtImpl: oplusGetParameters:only system or list app is allowed to get oplus parameters:is_direct_pcm_track, uid:10448
07-18 16:22:21.585  1875  3793 D AHAL: AudioStream: astream_out_get_parameters: 1169: enter
07-18 16:22:21.585  1875  3793 D AHAL: AudioStream: astream_out_get_parameters: 1191: keys: is_direct_pcm_track
07-18 16:22:21.585  1875  3793 D AHAL: AudioStream: astream_out_get_parameters: 1237: exit: returns - is_direct_pcm_track=false
07-18 16:22:21.586 14049 15850 I AudioTrack: createTrack_l(0): AUDIO_OUTPUT_FLAG_FAST successful; frameCount 0 -> 1536
07-18 16:22:21.586 14049 15850 I AudioTrack: createTrack_l(1245) on outputId(13) : 0xb4000072b59c0800, mCblk = 0x739875e000,  mLatency = 93, mAfLatency = 61, frameCount = 1536, mSampleRate = 48000, mFlags = 0x4, mReqFrameCount = 1536, mNotificationFramesAct = 192
07-18 16:22:21.587 14049 15850 D AudioTrackExtImpl: doSchedBoost, set audioapp task boost, pid=14049, tid=15850, enable=0, ret=0
07-18 16:22:21.587 14049 15850 E AudioTrackExtImpl: get fade type, but return null, pid 14049, uid 10448
07-18 16:22:21.588 14049 15850 D AudioTrack: set: pop_optimize mIsPopOptimizeSupport:0, mIsPopOptimizeFlush:0
07-18 16:22:21.588 14049 15850 D AudioTrack: setVolume(1245) left 1.000 right 1.000 , callingPid 14049
07-18 16:22:21.588  2129  3766 D AudioFlinger: updateWakeLockUids_l AudioOut_15 uids:
07-18 16:22:21.589  2129  3767 D AudioFlinger: updateWakeLockUids_l AudioOut_1D uids:
07-18 16:22:21.589  2129  3822 D AudioFlinger: updateWakeLockUids_l AudioOut_3D uids:
07-18 16:22:21.589  2129  3828 D AudioFlinger: updateWakeLockUids_l AudioOut_45 uids:
07-18 16:22:21.589  2129  3829 D AudioFlinger: updateWakeLockUids_l AudioOut_4D uids:
07-18 16:22:21.590 14049 15850 D AudioStreamTrack: open() flags changed from 0x00000104 to 0x00000004
07-18 16:22:21.590 14049 15850 D AAudioStream: setState(s#2) from 0 to 2
07-18 16:22:21.590 14049 15850 I AAudio  : AAudioStreamBuilder_openStream() returns 0 = AAUDIO_OK for s#2 ----------------
07-18 16:22:21.591 14049 15850 D AAudio  : AAudioStream_requestStart(s#2) called --------------
07-18 16:22:21.591 14049 15850 D AAudioStream: setState(s#2) from 2 to 3
07-18 16:22:21.591 14049 15850 D AudioTrack: start(1245): prior state:STATE_STOPPED output 13 stream 3 session 6009
07-18 16:22:21.592  2129 25124 D AF::Track: start(934): calling pid 14049 portId 1245 session 6009 thresholdFrames 384 mFrameCount 1536
07-18 16:22:21.592  2129 25124 D AudioBoost: audioSchedBoost, pid=2129, tid=25124, enable=1, ret=0
07-18 16:22:21.592  2129 25124 D AudioBoost: AudioUclampBoost: set invalid schedMinValue: 1025, ignored
07-18 16:22:21.592  2129 25124 D AudioBoost: AudioUclampBoost: sched_setattr success. attr(flags 120, min 1024, max 1024, tid 25124, enable 1)
07-18 16:22:21.592  2129 25124 E AudioBoost: start  AudioUclampBoost pid:2129 tid:25124 sucess
07-18 16:22:21.592  2129  2815 D AudioPolicyEffects: addOutputSessionEffects(): session: 6009, refCount: 1
07-18 16:22:21.592  2129  2815 I AudioEffect: set 0xb40000788a5c9600 timeLow 00000000
07-18 16:22:21.592  2129  2815 I AudioFlinger: createEffect pid 2129, effectClient 0xb40000787422cfc0, priority 0, sessionId 6009, io 13, factory 0xb40000788a466aa0
07-18 16:22:21.593  2129  2815 I AudioFlinger: createEffect_l() thread 0xb40000785da0ddc0 effect Music Listener on session 6009
07-18 16:22:21.593  2129  2815 I AudioFlinger: createEffect_l() new effect chain for session 6009
07-18 16:22:21.593  2129  2815 I EffectChain: EffectChain(): new EffectChain = 0xb40000787439f840
07-18 16:22:21.593  2129  2815 D AudioFlinger_EffectsExtImpl: HoloAudio AudioFlinger_EffectsExtImpl :0xb4000078742333c0: mFrameCount = 960, mSampleRate = 48000, mChannelCount = 2, mSessionId=6009
07-18 16:22:21.588  2129  2129 W AudioRtBoostThr: type=1400 audit(0.0:20934): avc:  denied  { getsched } for  scontext=u:r:audioserver:s0 tcontext=u:r:untrusted_app:s0:c192,c257,c512,c768 tclass=process permissive=0
07-18 16:22:21.593  2129 16047 D AudioBoost: tryRtBoost, try boost audio rt, pid 14049, tid 16046, ret 0
07-18 16:22:21.595  1875  4494 I EffectsFactory: EffectCreate() create_effect
07-18 16:22:21.595  1875  4494 V DlbVolumeListener: Create Dolby Listener Effect.
07-18 16:22:21.595  1875  4494 V DlbVolumeListener: create CREATED_CONTEXT 0xb400007b42814e00 sessionId 6009 ioId 13
07-18 16:22:21.595  1875  4494 I DlbVolumeListener: create() Created effect Music Listener
07-18 16:22:21.595  1875  4494 V DlbVolumeListener: effectGetDescriptor
07-18 16:22:21.595  1875  4494 I DlbVolumeListener: effectGetDescriptor() Returning descriptor for Music Listener
07-18 16:22:21.596  1875  4494 V DlbVolumeListener: effectGetDescriptor
07-18 16:22:21.596  1875  4494 I DlbVolumeListener: effectGetDescriptor() Returning descriptor for Music Listener
07-18 16:22:21.596  2129  2815 D EffectHalHidl: audioSchedBoost, set audiohal task boost, pid=2129, tid=2815, ret=0
07-18 16:22:21.596  1875  4494 V DlbVolumeListener: effectCommand
07-18 16:22:21.596  2129  2815 D EffectHalHidl: audioSchedBoost, set audiohal task boost, pid=2129, tid=2815, ret=0
07-18 16:22:21.596  2129  2815 D EffectHalHidl: audioSchedBoost, set audiohal task boost, pid=2129, tid=2815, ret=0
07-18 16:22:21.596  1875  4494 V DlbVolumeListener: effectCommand
07-18 16:22:21.596  2129  2815 D EffectHalHidl: audioSchedBoost, set audiohal task boost, pid=2129, tid=2815, ret=0
07-18 16:22:21.596  2129  2815 D EffectHalHidl: audioSchedBoost, set audiohal task boost, pid=2129, tid=2815, ret=0
07-18 16:22:21.597  1875  4494 V DlbVolumeListener: effectCommand
07-18 16:22:21.597  2129  2815 D EffectHalHidl: audioSchedBoost, set audiohal task boost, pid=2129, tid=2815, ret=0
07-18 16:22:21.597  2129  2815 D EffectHalHidl: audioSchedBoost, set audiohal task boost, pid=2129, tid=2815, ret=0
07-18 16:22:21.597  1875  4494 V DlbVolumeListener: effectCommand
07-18 16:22:21.597  1875  4494 V DlbVolumeListener: effectCommand :: Command EFFECT_CMD_INIT
07-18 16:22:21.597  2129  2815 D EffectHalHidl: audioSchedBoost, set audiohal task boost, pid=2129, tid=2815, ret=0
07-18 16:22:21.597  2129  2815 D EffectHalHidl: audioSchedBoost, set audiohal task boost, pid=2129, tid=2815, ret=0
07-18 16:22:21.597  1875  4494 V DlbVolumeListener: effectCommand
07-18 16:22:21.597  1875  4494 D DlbVolumeListener: effectCommand :: Command EFFECT_CMD_OFFLOAD offload=0 ioHandle=13
07-18 16:22:21.597  2129  2815 D EffectHalHidl: audioSchedBoost, set audiohal task boost, pid=2129, tid=2815, ret=0
07-18 16:22:21.597  2129  2815 I EffectChain: addEffect_l() effect 0xb4000078742cf200, added in chain 0xb40000787439f840 at rank 0
07-18 16:22:21.597  1875  4494 V DlbVolumeListener: effectCommand
07-18 16:22:21.597  1875  4494 V DlbVolumeListener: effectCommand :: Command EFFECT_CMD_SET_CONFIG
07-18 16:22:21.598  2129  2815 D AudioFlinger_EffectsExtImpl: HoloAudio, checkAndEnbaleMetaAudio enable:0, sessionid:6009
07-18 16:22:21.598  1875  4494 V DlbVolumeListener: effectCommand
07-18 16:22:21.598  1875  4494 V DlbVolumeListener: effectCommand :: Command EFFECT_CMD_SET_CONFIG
07-18 16:22:21.598  2129  2815 D EffectHalHidl: audioSchedBoost, set audiohal task boost, pid=2129, tid=2815, ret=0
07-18 16:22:21.598  1875  4494 V DlbVolumeListener: effectCommand
07-18 16:22:21.598  2129  2815 D EffectHalHidl: audioSchedBoost, set audiohal task boost, pid=2129, tid=2815, ret=0
07-18 16:22:21.599  2129  2815 I AudioEffect: set() 0xb40000788a5c9600 OK effect: Music Listener id: 4259 status 0 enabled 0 pid 2129
07-18 16:22:21.599  2129  2815 D AudioPolicyEffects: addOutputSessionEffects(): added Fx dlb_music_listener on session: 6009 for stream: 3
07-18 16:22:21.599  2129  2815 I AudioEffect: enable 0xb40000788a5c9600
07-18 16:22:21.599  2129  2815 D APM_AudioPolicyManager: startOutput() output 13, stream 3, portId 1245, session 6009
07-18 16:22:21.600  1875  4494 D AHAL: AudioDevice: SetParameters: 1972: enter: volumeStreamAction=start;volumeStreamType=3
07-18 16:22:21.601  1875  4494 D AHAL: hfp: hfp_set_parameters: 696: enter
07-18 16:22:21.601  1875  4494 D AHAL: hfp: hfp_set_parameters: 701: OPLUS_HFP_SUPPORT is not supported
07-18 16:22:21.601  1875  4494 D AHAL: AudioDevice: SetParameters: 2821: exit
07-18 16:22:21.603  2129  2815 D GameAudioEffects: hasAliveFastEffectTracks  return (0)
07-18 16:22:21.603  2129  2815 D AudioPolicyManagerExtImpl: oplusSelectOutputForMusicEffects: pendingOutput  => 13  flags => 0x00000006  outputTageName =>primary output outputs.size(4) older music effect ouput(29), hasAliveGameTracks(0)
07-18 16:22:21.603  2129  2815 D AudioPolicyManagerExtImpl: oplusSelectOutputForMusicEffects pending music output is low latency output, but no alive fast effect tracks, block effectchain fallback to primary, set deepbuffer as defaultEffectsOutput instead
07-18 16:22:21.603  2129  2815 D GameAudioEffects: hasAliveRequestFastTracks  return (0)
07-18 16:22:21.603  2129  2815 D APM_AudioPolicyManager: setOutputDevice() output 13 device {AUDIO_DEVICE_OUT_SPEAKER, @:} force 0 delayMs 0
07-18 16:22:21.604  2129  2815 D AudioPolicyManagerExtImpl: [SuperVolume] update mFmMaxVolume = 1.000000.
07-18 16:22:21.605  2129  2815 D AudioPolicyInterfaceImpl: mSessionLatestHandleList add Item on session 6009, port = 1245
07-18 16:22:21.605  2129 25124 D AudioFlingerExtImpl: updateMetaScenes mMetaScenesOwnerMap[4]=[0,-1]
07-18 16:22:21.605  2129 25124 D AudioFlingerExtImpl: updateMetaScenes mMetaScenesOwnerMap[5]=[0,-1]
07-18 16:22:21.606  2129 25124 D AudioFlinger_PlaybackThreadExtImpl: HoloAudio:addActiveTrack,isSpatialzierTrackPlaying:0 isMetaTrackPlaying:0 isMetaTrack:0
07-18 16:22:21.606  2129 25124 D AudioFlingerExtImpl: getSplitScreenSwitch: screenSwitch = 0
07-18 16:22:21.606  3519  3616 W QosScheduler: executeSceneQosStrategy failed! qos feature no enable
07-18 16:22:21.606  2129 25124 D AudioFlinger_PlaybackThreadExtImpl: notifyAudioTrackCreate event:atlas_event_audio_track_create info:pid:14049,sessionId:6009,streamType:3,sampleRate:48000,format:5,startvl:1.000,startvr:1.000,balance:0.000,channelcount:2,flags:6,deviceTypes:2,hasFastMixer:1,isOffloadThread:0,isSpatialized:0,id:13,effectChains:1,frameCount:1536,requestFC:0,minFC:1536,metaAudioScene:0,metaAudioPos:[0.0|0.0|0.0],window_rendering:0,active_record:0
07-18 16:22:21.606  2129 25124 D AtlasEventUploadUtils: setEvent event:atlas_event_audio_track_create
07-18 16:22:21.606  2129 25124 D AudioFlinger_EffectsExtImpl: HoloAudio, checkAndEnbaleMetaAudio enable:0, sessionid:6009
07-18 16:22:21.606  2659  2755 D EventTest: handleEvent atlas_event_audio_track_create pid:14049,sessionId:6009,streamType:3,flags:6,deviceTypes:2,hasFastMixer:1
07-18 16:22:21.607  2129 25124 D AudioTrackServerProxyExtImpl: AudioTrackServerProxyExtImpl init
07-18 16:22:21.607  2129 25124 D AudioTrackServerProxyExtImpl: audioTrackServerProxyTest
07-18 16:22:21.607  2129 25124 D AudioTrackServerProxyExtImpl: audioTrackServerProxy, initialize
07-18 16:22:21.607  2129 25124 D AudioTrackServerProxyExtImpl: initSupportAudioRamp ,  mIsSupport = 0.
07-18 16:22:21.607  2129  3762 I AF::PthrPatchRecord: processMuteEvent(934): processed mute state for port ID 1245 from 0 to 0
07-18 16:22:21.607  3519  8750 I IPCThreadState: oneway function results for code 10006 on binder at 0xb400007176ced820 will be dropped but finished with status UNKNOWN_TRANSACTION
07-18 16:22:21.607  2129  3762 D AudioFlinger: updateWakeLockUids_l AudioOut_D uids:10448 
07-18 16:22:21.607  3519  8749 E AppOps  : attributionTag  not declared in manifest of rd.sheepskin.sandboxmusic
07-18 16:22:21.607  1875  4494 D AHAL: AudioStream: out_update_source_metadata_v7: 1329: track count is 1 for usecase(1: low-latency-playback)
07-18 16:22:21.607  1875  4494 D AHAL: AudioStream: out_update_source_metadata_v7: 1379: Source metadata usage:1 content_type:2 gain:1.000000
07-18 16:22:21.607  1875  4494 D AHAL: AudioStream: SetAggregateSourceMetadata: 4749: Aggregated Source metadata usage:1 content_type:2 gain:1.000000
07-18 16:22:21.608  2129  3762 D EffectHalHidl: audioSchedBoost, set audiohal task boost, pid=2129, tid=3762, ret=0
07-18 16:22:21.608  3519  4741 E AppOps  : attributionTag  not declared in manifest of rd.sheepskin.sandboxmusic
07-18 16:22:21.608  1875  3793 V DlbVolumeListener: effectCommand
07-18 16:22:21.608  1875  3793 V DlbVolumeListener: effectCommand :: Command EFFECT_CMD_ENABLE
07-18 16:22:21.608  2129  3762 D EffectHalHidl: audioSchedBoost, set audiohal task boost, pid=2129, tid=3762, ret=0
07-18 16:22:21.608  2129  3762 D EffectChain: process reset volume
07-18 16:22:21.608  3519 17063 I OStatsManager_Calc: noteAudio: uid = 10448, start = true
07-18 16:22:21.608  2129 25124 D AudioBoost: audioSchedBoost, pid=2129, tid=25124, enable=0, ret=0
07-18 16:22:21.608  2129 25124 D AudioBoost: AudioUclampBoost: set invalid schedMinValue: 1025, ignored
07-18 16:22:21.608  2129 25124 D AudioBoost: AudioUclampBoost: sched_setattr success. attr(flags 120, min 0, max 1024, tid 25124, enable 0)
07-18 16:22:21.608  2129 25124 E AudioBoost: stop  AudioUclampBoost pid:2129 tid:25124 sucess
07-18 16:22:21.609  1875 25134 D AHAL: AudioStream: AutoPerfLock: 252: (Acquired) perf_lock_handle: 0xa050, count: 1
07-18 16:22:21.609  1875 25134 I AHAL: AudioStream: Open: 3667: Enter: OutPrimary usecase(1: low-latency-playback)
07-18 16:22:21.609  1875 25134 D AHAL: AudioStream: Open: 3673: no_of_devices 1
07-18 16:22:21.609  1875 25134 D AHAL: AudioStream: Open: 3782: halInputFormat 6 halOutputFormat 6 palformat 21
07-18 16:22:21.609  1875 25134 D AHAL: AudioStream: Open: 3857: channels 2 samplerate 48000 format id 21, stream type 1  stream bitwidth 24
07-18 16:22:21.609  1875 25134 D AHAL: AudioStream: Open: 3858: msample_rate 0 mchannels 0 mNoOfOutDevices 1
07-18 16:22:21.609  2129 25124 D AudioBoost: audioAppKeyThreadReport() pid 14049, tid 15850, enable 1, inUid 0, eventIt -1, threadType 0, id 934
07-18 16:22:21.609  1875 25134 I PAL: API: pal_stream_open: 292: Enter, stream type:1
07-18 16:22:21.609  2129 25124 D AudioBoost: appThreadInfo update:start 15850, write -1, cbk 16046 read -1
07-18 16:22:21.609  1875 25134 D PAL: Stream: create: 111: Enter.
07-18 16:22:21.609  2129 25124 D AudioBoost: audioAppKeyThreadReport(), restore boost for threadType 0, tid 15850
07-18 16:22:21.609  1875 25134 D PAL_ResourceManager: getDeviceConfig: 3478: device id 0x3 channels 2 samplerate 48000, bitwidth 24 format 22 SndDev speaker priority 0x3
07-18 16:22:21.609  2129 25124 D AudioBoost: audioAppKeyThreadReport(), restore boost for threadType 2, tid 16046
07-18 16:22:21.609  1875 25134 D PAL: Stream: create: 212: stream type 0x1
07-18 16:22:21.609  1875 25134 D PAL: StreamPCM: isBitWidthSupported: 1610: bitWidth 24
07-18 16:22:21.609  1875 25134 D PAL: StreamPCM: isSampleRateSupported: 1561: sampleRate 48000
07-18 16:22:21.609  1875 25134 D PAL: StreamPCM: isChannelSupported: 1584: numChannels 2
07-18 16:22:21.609  1875 25134 D PAL: StreamPCM: StreamPCM: 96: Enter
07-18 16:22:21.609  1875 25134 D PAL: Device: insertStreamDeviceAttr: 892: insert the first device attribute
07-18 16:22:21.609  1875 25134 D PAL: Device: insertStreamDeviceAttr: 949: dev: 3 attr inserted are: priority: 0x3, stream type: 1, ch: 2, sr: 48000, bit_width: 24, fmt: 22, sndDev: speaker, custom_key: 
07-18 16:22:21.609  1875 25134 D PAL_ResourceManager: registerStream: 3796: Enter. stream 0xb400007b4286d380K
07-18 16:22:21.609  1875 25134 D PAL_ResourceManager: registerStream: 3803: stream type 1
07-18 16:22:21.609  1875 25134 D PAL_ResourceManager: registerStream: 3967: Exit. ret 0
07-18 16:22:21.609  1875 25134 D PAL_ResourceManager: updateDeviceConfig: 8937: Enter
07-18 16:22:21.609  1875 25134 D PAL_ResourceManager: getSharedBEActiveStreamDevs: 8128: got dev 2 active streams on dev is 0
07-18 16:22:21.609  1875 25134 D PAL_ResourceManager: getSharedBEActiveStreamDevs: 8128: got dev 3 active streams on dev is 0
07-18 16:22:21.609  1875 25134 I PAL: Device: setDeviceAttributes: 440: DeviceAttributes for Device Id 3 updated
07-18 16:22:21.609  1875 25134 D PAL_ResourceManager: updateDeviceConfig: 9039: Exit
07-18 16:22:21.609  1875 25134 D PAL: StreamPCM: StreamPCM: 218: Exit. state 0
07-18 16:22:21.609  1875 25134 D PAL: Stream: create: 352: Exit stream 0xb400007b4286d380K create successful
07-18 16:22:21.609  1875 25134 D PAL: StreamPCM: open: 228: Enter. session handle - 0xb400007b42860e00K device count - 1
07-18 16:22:21.609  1875 25134 D PAL_ResourceManager: getPALDeviceName: 9199: id 3
07-18 16:22:21.609  1875 25134 I PAL: Device: open: 530: Enter. deviceCount 0 for device id 3 (PAL_DEVICE_OUT_SPEAKER)
07-18 16:22:21.609  1875 25134 I PAL: SessionAlsaUtils: setDeviceMediaConfig: 1089: MI2S-LPAIF-RX-SECONDARY rate ch fmt data_fmt 48000 2 6 1
07-18 16:22:21.609  1875 25134 D PAL: Device: open: 554: audio_route 0xb400007b2a864760K SND device name speaker
07-18 16:22:21.609  1875 25134 D audio_route: Apply path: speaker
07-18 16:22:21.609  1875 25134 I PAL: Device: open: 565: Exit. deviceCount 1 for device id 3 (PAL_DEVICE_OUT_SPEAKER), exit status: 0
07-18 16:22:21.609  1875 25134 D PAL: SessionAlsaPcm: open: 169: Enter
07-18 16:22:21.609  1875 25134 D PAL_ResourceManager: getBackEndNames: 8376: getBackEndNames (RX): MI2S-LPAIF-RX-SECONDARY
07-18 16:22:21.609  1875 25134 I PAL_ResourceManager: allocateFrontEndIds: 7750: allocateFrontEndIds: front end 126
07-18 16:22:21.609  1875 25134 D PAL: SessionAlsaUtils: open: 424: Entry 
07-18 16:22:21.609  1875 25134 I PAL_PayloadBuilder: populateStreamKV: 3145: stream type 1
07-18 16:22:21.609  1875 25134 I PAL_PayloadBuilder: getSelectorValues: 2943: Direction: 1
07-18 16:22:21.609  1875 25134 I PAL_PayloadBuilder: getSelectorValues: 2959: Instance: 1
07-18 16:22:21.609  1875 25134 I PAL_PayloadBuilder: findKVs: 2825: key: 0xa1000000 value: 0xa100000e
07-18 16:22:21.609  1875 25134 I PAL_PayloadBuilder: findKVs: 2825: key: 0xab000000 value: 0x1
07-18 16:22:21.609  1875 25134 D PAL: SessionAlsaUtils: getFeMixerControl: 354: mixer control PCM126 control
07-18 16:22:21.609  1875 25134 D PAL: Stream: getSoundCardId: 704: sound card id = 0x0
07-18 16:22:21.609  1875 25134 I PAL_PayloadBuilder: populateDeviceKV: 3269: Enter device id:3
07-18 16:22:21.609  1875 25134 I PAL_PayloadBuilder: findKVs: 2838: key: 0xa2000000 value: 0xa2000001
07-18 16:22:21.609  1875 25134 I PAL_PayloadBuilder: populateDeviceKV: 3297: Exit device id:3, status 0
07-18 16:22:21.609  1875 25134 I PAL_PayloadBuilder: populateDevicePPKV: 3410: Rx device id:3
07-18 16:22:21.609  1875 25134 I PAL_PayloadBuilder: getSelectorValues: 3035: stream type: 1
07-18 16:22:21.609  1875 25134 I PAL_PayloadBuilder: findKVs: 2825: key: 0xa2000000 value: 0xa2000001
07-18 16:22:21.609  1875 25134 I PAL_PayloadBuilder: findKVs: 2825: key: 0xac000000 value: 0xac000002
07-18 16:22:21.609  1875 25134 I PAL_PayloadBuilder: populateDevicePPCkv: 3622: SpeakerProt Status[1], RAS Status[0]
07-18 16:22:21.609  1875 25134 D PAL: SessionAlsaUtils: open: 556: Speaker protection enabled
07-18 16:22:21.609  1875 25134 I PAL: OplusSpeakerProtection: populateSpeakerCKV: 2211: scence: 0
07-18 16:22:21.609  1875 25134 D PAL: OplusSpeakerProtection: setSpeakerCKV: 2056: mSpkScence 0
07-18 16:22:21.609  1875 25134 D agm_server_wrapper: Aif id 25 already added to session list of 126
07-18 16:22:21.609  1875 25134 I AGM: session: session_obj_set_sess_aif_metadata: 1967 Exit
07-18 16:22:21.609  1875 25134 D agm_server_wrapper: Aif id 25 already added to session list of 126
07-18 16:22:21.609  1875 25134 I AGM: API: agm_session_aif_connect: 625 connecting aifid:25 with session id=126
07-18 16:22:21.609  1875 25134 D PAL: SessionAlsaUtils: open: 650: Exit, status 0
07-18 16:22:21.609  1875 25134 D PAL: SessionAlsaPcm: open: 375: Exit status: 0
07-18 16:22:21.609  1875 25134 D PAL: StreamPCM: open: 335: stream pcm opened. state 1
07-18 16:22:21.609  1875 25134 D PAL: memLoggerBuilder: palStateQueueBuilder: 77: TIME IS:1784366541609
07-18 16:22:21.609  1875 25134 D PAL: StreamPCM: open: 357: Exit ret 0
07-18 16:22:21.609  1875 25134 D PAL: API: notify_concurrent_stream: 134: Notify concurrent stream type 1, direction 1, active 1
07-18 16:22:21.609  1875 25134 I PAL: OplusPalFb: oplus_feedback_add_info: 852: add stream device = 3
07-18 16:22:21.609  1875 25134 I PAL: OplusPalFb: oplus_feedback_add_info: 874: add info stream 0xb400007b4286d380K, type = 1
07-18 16:22:21.609  1875 25134 I PAL: API: pal_stream_open: 365: Exit. Value of stream_handle 0xb400007b4286d380K, status 0
07-18 16:22:21.609  1875 25134 D AHAL: AudioStream: GetBufferSize: 3536: type 1
07-18 16:22:21.609  1875 25134 D AHAL: AudioStream: Open: 4079: fragment_size_ 1152 fragments_ 2
07-18 16:22:21.609  1875 25134 D PAL: API: pal_stream_set_buffer_size: 1043: Enter. Stream handle :0xb400007b4286d380K
07-18 16:22:21.609  1875 25134 D PAL: Stream: setBufInfo: 789: Out Buffer size 1152 and Out Buffer count 2 metaData sz 0
07-18 16:22:21.609  1875 25134 D PAL: API: pal_stream_set_buffer_size: 1053: Exit. status 0
07-18 16:22:21.609  1875 25134 D AHAL: AudioStream: Open: 4114: Exit ret: 0
07-18 16:22:21.609  1875 25134 D AHAL: AudioStream: ~AutoPerfLock: 262: (release) perf_lock_handle: 0xa050, count: 1
07-18 16:22:21.609  1875 25134 D AHAL: AudioStream: ~AutoPerfLock: 266: Releasing perf_lock_handle: 0xa050
07-18 16:22:21.609 14049 15850 D AAudio  : AAudioStream_requestStart(s#2) returned 0 ---------
07-18 16:22:21.610  1875 25134 D AHAL: AudioStream: AutoPerfLock: 252: (Acquired) perf_lock_handle: 0xa051, count: 1
07-18 16:22:21.610  1875 25134 I PAL: API: pal_stream_start: 446: Enter. Stream handle 0xb400007b4286d380K
07-18 16:22:21.610  1875 25134 D PAL: StreamPCM: start: 465: Enter. session handle - 0xb400007b42860e00K mStreamAttr->direction - 1 state 1
07-18 16:22:21.610  1875 25134 I PAL: OplusSpeakerProtection: start: 2655: Inside Speaker Protection start, mDeviceStartCount: 0
07-18 16:22:21.610  1875 25134 D PAL: OplusSpeakerTfa98xx: payloadSPConfig: 1268: i[0], dev_idx[0], dsp_imp: 0x5b5c2
07-18 16:22:21.610  1875 25134 D PAL: OplusSpeakerTfa98xx: payloadSPConfig: 1268: i[1], dev_idx[1], dsp_imp: 0x5d1a9
07-18 16:22:21.610  1875 25134 I PAL: OplusSpeakerTfa98xx: payloadMultiCmd: 1172: f0Value: 0x17d000
07-18 16:22:21.610  1875 25134 D PAL: OplusSpeakerTfa98xx: payloadMultiCmd: 1210: mGainVal: 0
07-18 16:22:21.610  1875 25134 I PAL: Device: updateCustomPayload: 473: customPayloadSize = 56
07-18 16:22:21.610  1875 25134 I PAL_PayloadBuilder: findKVs: 2838: key: 0xa3000000 value: 0xa3000009
07-18 16:22:21.610  1875 25134 I PAL: SessionAlsaUtils: setDeviceMediaConfig: 1089: MI2S-LPAIF-TX-SECONDARY rate ch fmt data_fmt 48000 2 10 1
07-18 16:22:21.610  1875 25134 I PAL_ResourceManager: allocateFrontEndIds: 7783: allocateFrontEndIds: front end 121
07-18 16:22:21.610  1875 25134 D agm_server_wrapper: Aif id 26 already added to session list of 121
07-18 16:22:21.610  1875 25134 I AGM: API: agm_session_aif_connect: 625 connecting aifid:26 with session id=121
07-18 16:22:21.610  1875 25134 D audio_route: Apply path: vi-feedback
07-18 16:22:21.610 14049 15850 I AAudio  : AAudioStreamBuilder_openStream() called ----------------------------------------
07-18 16:22:21.610 14049 15850 I AudioStreamBuilder: rate   =  48000, channels  = 2, channelMask = 0x3, format   = 5, sharing = SH, dir = OUTPUT
07-18 16:22:21.610 14049 15850 I AudioStreamBuilder: device = AUDIO_PORT_HANDLE_NONE, sessionId = -1, perfMode = 12, callback: ON with frames = 192, error callback: ON
07-18 16:22:21.610 14049 15850 I AudioStreamBuilder: usage  =      1, contentType = 0, inputPreset = 0, allowedCapturePolicy = 0
07-18 16:22:21.610 14049 15850 I AudioStreamBuilder: privacy sensitive = false, opPackageName = (null), attributionTag = (null)
07-18 16:22:21.610 14049 15850 D AudioStreamBuilder: build, global mmap policy is 0
07-18 16:22:21.610  1875 25134 D agm_client_wrapper: agm_session_open called with handle = 1b9f75e0 , *handle = 0
07-18 16:22:21.610  1875 25134 I AGM: oplus_agm_fb: recordOpenedSessions: 69 i = 1, record open session_id = 121
07-18 16:22:21.611 14049 15850 D AudioStreamBuilder: build, system mmap policy is 2
07-18 16:22:21.611 14049 15850 D AudioStreamBuilder: build, final mmap policy is 2
07-18 16:22:21.611 14049 15850 D AudioStreamBuilder: build, system mmap exclusive policy is 2
07-18 16:22:21.611 14049 15850 D AudioStreamBuilder: build, final mmap exclusive policy is 2
07-18 16:22:21.611 14049 15850 D in.sandboxmusic: PlayerBase::PlayerBase()
07-18 16:22:21.611  2129 25124 E AAudioServiceExtImpl: isAAudioCompatible call  getListValueByUid(aaudio-compatible-apps) but return null
07-18 16:22:21.611  2129 25124 I AAudioService: openStream(callingPid:14049, callingUid: 10448): aaudio denied with imcompatible policy such as peformance noise
07-18 16:22:21.611 14049 15850 D in.sandboxmusic: PlayerBase::PlayerBase()
07-18 16:22:21.611 14049 15850 D AudioStreamInternal_Client: ~AudioStreamInternal() 0xb40000719ec79000 called
07-18 16:22:21.611 14049 15850 D AAudioStream: ~AudioStream(s#3) mPlayerBase strongCount = 1
07-18 16:22:21.611 14049 15850 D in.sandboxmusic: PlayerBase::~PlayerBase()
07-18 16:22:21.611 14049 15850 D AudioStreamTrack: open(), request notificationFrames = -8, frameCount = 0
07-18 16:22:21.611 14049 15850 I AudioTrack: set(): type=audio,case=1,attributes=1,content_type=2,usage=1,source=0,flags=0x100
07-18 16:22:21.611 14049 15850 D AudioTrackExtImpl: AudioTrackExtImpl init
07-18 16:22:21.611 14049 15850 D AudioTrack: set(): streamType -1, sampleRate 48000, format 0x5, channelMask 0x3, frameCount 0, flags #104, notificationFrames -8, sessionId 0, transferType 1, uid -1, pid -1
07-18 16:22:21.611 14049 15850 I AudioTrack: set(): 0xb4000072b59c1400, Create AudioTrackThread, tid = 16050
07-18 16:22:21.611  2129 25124 D AudioFlingerExtImpl: oplusGetParametersBypassLock:only system or list app is allowed to get oplus parameters:DetectPulseEnable, uid:10448
07-18 16:22:21.612 14049 15850 D AudioDetectPulse: setDetectPulse, mIsDetectPulse 0, 0x739512b108
07-18 16:22:21.612 14049 15850 D AudioTrackExtImpl: doSchedBoost, set audioapp task boost, pid=14049, tid=15850, enable=1, ret=0
07-18 16:22:21.612  2129 25124 D AudioBoost: audioSchedBoost, pid=2129, tid=25124, enable=1, ret=0
07-18 16:22:21.612  2129 25124 D AudioFlingerExtImpl: addActiveAudioSession, add 6017, uid 10448, map size 9
07-18 16:22:21.612  2129 25124 D AudioFlingerExtImpl: updateSelectDevByRedirectSetting: clientUid=10448, pid=14049
07-18 16:22:21.612  2129 25124 D AudioFlingerExtImpl: updateSelectDevByRedirectSetting: mOplusRedirectOutputSupport=0, mOplusRedirectOutputEnable=0
07-18 16:22:21.612  2129  2802 D AudioBoost: startBoostForWake mId 934, p 14049, t 15850, wp 14049, wt 15850.
07-18 16:22:21.612  2129  2802 D AudioBoost: audioSchedBoost, pid=14049, tid=15850, enable=1, ret=0
07-18 16:22:21.613  1875 25134 D AGM: graph: graph_open: 595 entry
07-18 16:22:21.613  1875 25134 D AGM: metadata: metadata_print: 79 *************************Metadata*************************
07-18 16:22:21.613  1875 25134 D AGM: metadata: metadata_print: 80 GKV size:1
07-18 16:22:21.613  1875 25134 D AGM: metadata: metadata_print: 83 key:0xa3000000, value:0xa3000009 
07-18 16:22:21.613  1875 25134 D AGM: metadata: metadata_print: 89 CKV count:0
07-18 16:22:21.613  1875 25134 D AGM: metadata: metadata_print: 102 Property ID:134217744
07-18 16:22:21.613  1875 25134 D AGM: metadata: metadata_print: 103 property count:1
07-18 16:22:21.613  1875 25134 D AGM: metadata: metadata_print: 106 Property Values: 
07-18 16:22:21.613  1875 25134 D AGM: metadata: metadata_print: 108 0x2 
07-18 16:22:21.613  1875 25134 D AGM: metadata: metadata_print: 115 ****************Metadata Done***************************
07-18 16:22:21.613  1875 25134 D AGM: graph: graph_open: 746 miid 4617 mid 700100b tag c0000005
07-18 16:22:21.613  1875 25134 I GPR:    : __gpr_cmd_register_v2:931 GPR Register: Source Port is 8209 heap_index: 0
07-18 16:22:21.613  1875 25134 I gsl     : gsl_send_spf_cmd:236 sending pkt opcode 0x1001000 token 0x035c8000
07-18 16:22:21.613  2129 25124 D NativePermissionController: checkPermission: missing 1 for 10448
07-18 16:22:21.613  2129 25124 D NativePermissionController: checkPermission: missing 3 for 10448
07-18 16:22:21.613  2129 25124 D NativePermissionController: checkPermission: missing 5 for 10448
07-18 16:22:21.613 14049 15821 D AudioStreamLegacy: onAudioDeviceUpdate() devices 2 => 2
07-18 16:22:21.613  2129 25124 D AudioPolicyManagerExtImpl: checkUllCompatible() denied raw flag on session 6017 for performance noise
07-18 16:22:21.613  2129 25124 D AudioPolicyManagerExtImpl: forceOutputForMusicEffects Enter: session 6017, dev {AUDIO_DEVICE_OUT_SPEAKER, @:}, streamType 3, flags 4, forced_deep 0
07-18 16:22:21.613  2129 25124 D AudioPolicyManagerExtImpl: check callingUid 10448 whose pacakge name is not in fast-audio-effects
07-18 16:22:21.613  2129 25124 D AudioPolicyManagerExtImpl: forceOutputForMusicEffects Done:  flags 4,  forced_deep 0
07-18 16:22:21.613  2129 25124 D APM_AudioPolicyManager: mSpatializerOutput is null, canBeSpatializedInt=0, forceSpatialized:0 forceMss 0 forceMeta 0
07-18 16:22:21.613  2129 25124 D AudioBoost: audioSchedBoost, pid=2129, tid=25124, enable=1, ret=0
07-18 16:22:21.613  2129 25124 W AudioFlinger: createTrack_l(): mismatch between requested flags (00000104) and output flags (00000006)
07-18 16:22:21.613  2129 25124 D AudioFlinger: AF createTrack_l, skip effectchain::checkOutputFlagCompatibility to avoid fast flag to be denied by global effects, pid 14049, session -1
07-18 16:22:21.614  2129 16047 D AudioBoost: tryRtBoost, try boost audio rt, pid 14049, tid 16046, ret 0
07-18 16:22:21.614  2129 25124 D AudioFlinger: createTrack_l output(13) original frameCount 192  mNormalFrameCount 960 mFrameCount(hal) 192 minFrameCount 1536 notificationsPerBuffer 8 mSampleRate 48000 halLatencyMs 61
07-18 16:22:21.614  2129  2865 E GameAudioEffects: outputSelected: call getListValueByUid(fast-audio-effects) but return null
07-18 16:22:21.614  2129 25124 D AudioFlinger: Client defaulted notificationFrames to 192 for frameCount 1536
07-18 16:22:21.614  2129 25124 D AudioFlinger: createTrack_l output(13) final frameCount 1536 for track session 6017 , mFrameCount 192, mNormalFrameCount 960, notificationFrameCount 192
07-18 16:22:21.614  2129 25124 I AF::PthrPatchRecord: creating track with enforcement level 0
