07-18 16:22:17.820 14049 15869 W VideoCapabilities: Unrecognized profile 8 for video/hevc
07-18 16:22:17.821 25579 11865 I OplusCameraManagerGlobal: setClientInfo, packageName: jp.naver.line.android, uid: 10299, pid: 25579
07-18 16:22:17.821 14049 15869 W VideoCapabilities: Unrecognized profile 8 for video/hevc
07-18 16:22:17.824  3519  4222 W PlatformCompatCacheExt: isChangeEnabledByUid: cache or changeId not enabled, goes to binder query
07-18 16:22:17.824  3519  4222 W PlatformCompatCacheExt: isChangeEnabledByUid: cache or changeId not enabled, goes to binder query
07-18 16:22:17.824  3519  4222 W PlatformCompatCacheExt: isChangeEnabledByUid: cache or changeId not enabled, goes to binder query
07-18 16:22:17.824  3519  4222 W PlatformCompatCacheExt: isChangeEnabledByUid: cache or changeId not enabled, goes to binder query
07-18 16:22:17.824  3519  4222 W PlatformCompatCacheExt: isChangeEnabledByUid: cache or changeId not enabled, goes to binder query
07-18 16:22:17.824  3519  4222 W PlatformCompatCacheExt: isChangeEnabledByUid: cache or changeId not enabled, goes to binder query
07-18 16:22:17.824  3519  4222 W PlatformCompatCacheExt: isChangeEnabledByUid: cache or changeId not enabled, goes to binder query
07-18 16:22:17.824  3519  4222 W PlatformCompatCacheExt: isChangeEnabledByUid: cache or changeId not enabled, goes to binder query
07-18 16:22:17.824  3519  4222 W PlatformCompatCacheExt: isChangeEnabledByUid: cache or changeId not enabled, goes to binder query
07-18 16:22:17.824  3519  4222 W PlatformCompatCacheExt: isChangeEnabledByUid: cache or changeId not enabled, goes to binder query
07-18 16:22:17.824  3519  4222 W PlatformCompatCacheExt: isChangeEnabledByUid: cache or changeId not enabled, goes to binder query
07-18 16:22:17.824  3519  4222 W PlatformCompatCacheExt: isChangeEnabledByUid: cache or changeId not enabled, goes to binder query
07-18 16:22:17.825 31575 31575 I DynamicFramerate [AnimationInfoManager]: onWindowVisibilityChanged: viewRoot-android.view.ViewRootImpl@936637c visibility changes to 8
07-18 16:22:17.825  3519  3616 W UserAwareMgr: event can not be released, id: 1014, count: 5, releasePid: 3519
07-18 16:22:17.826  3519  8749 D Transition: finishTransaction-onCommitted syncId=3298
07-18 16:22:17.827 31575 31575 D HWUI    : RenderProxy::destroy: this=0xb4000070ddd54f00, mContext=0xb4000070cf3eb0c0
07-18 16:22:17.827 31575  1816 D HWUI    : SkiaOpenGLPipeline::setSurface: this=0xb4000070bd412080, surface=NULL
07-18 16:22:17.828 31575  1816 D BufferQueueProducer: [VRI[ChatActivity]#19(BLAST Consumer)19](id:7b5700000013,api:1,p:31575,c:31575) disconnect: api 1
07-18 16:22:17.828  3519  4222 W PlatformCompatCacheExt: isChangeEnabledByUid: cache or changeId not enabled, goes to binder query
07-18 16:22:17.828  3519  4222 W PlatformCompatCacheExt: isChangeEnabledByUid: cache or changeId not enabled, goes to binder query
07-18 16:22:17.828  3519  4222 W PlatformCompatCacheExt: isChangeEnabledByUid: cache or changeId not enabled, goes to binder query
07-18 16:22:17.828  3519  4222 W PlatformCompatCacheExt: isChangeEnabledByUid: cache or changeId not enabled, goes to binder query
07-18 16:22:17.828  3519  4222 W PlatformCompatCacheExt: isChangeEnabledByUid: cache or changeId not enabled, goes to binder query
07-18 16:22:17.828  3519  4222 W PlatformCompatCacheExt: isChangeEnabledByUid: cache or changeId not enabled, goes to binder query
07-18 16:22:17.828  3519  4222 W PlatformCompatCacheExt: isChangeEnabledByUid: cache or changeId not enabled, goes to binder query
07-18 16:22:17.828  3519  4222 W PlatformCompatCacheExt: isChangeEnabledByUid: cache or changeId not enabled, goes to binder query
07-18 16:22:17.828  3519  4222 W PlatformCompatCacheExt: isChangeEnabledByUid: cache or changeId not enabled, goes to binder query
07-18 16:22:17.828  3519  4222 W PlatformCompatCacheExt: isChangeEnabledByUid: cache or changeId not enabled, goes to binder query
07-18 16:22:17.828  3519  4222 W PlatformCompatCacheExt: isChangeEnabledByUid: cache or changeId not enabled, goes to binder query
07-18 16:22:17.829 31575 31575 D ViewRootImplExtImpl: wrapConfigInfoIntoFlags rotation=0, smallestScreenWidthDp=320, isAutolayoutSwdpModified=false, residentWS=false, scenario=0, bounds=Rect(0, 0 - 1440, 3168), isFirstDraw=false, relayoutAsync=false, flags=0, newFlags=1660954624, title=com.tinder/com.tinder.feature.chat.internal.chat.activity.ChatActivity
07-18 16:22:17.830  3519  8749 V WindowManager: Relayout Window{e2a92c1 u0 com.tinder/com.tinder.feature.chat.internal.chat.activity.ChatActivity}: viewVisibility=8, oldvis=0, req=1440x3168 , apr = 0, 
07-18 16:22:17.831  3519  4477 I WifiService: acquireMulticastLock uid=1000 lockTag=NsdService
07-18 16:22:17.827  5040  6107 V OsAgent : broadcastSystemEvent - 7
07-18 16:22:17.832  5040  6107 V OsAgent : broadcastSystemEvent - 7
07-18 16:22:17.832  5040  6107 V OsAgent : broadcastSystemEvent - 7
07-18 16:22:17.833 14049 15869 W VideoCapabilities: Unrecognized profile 8 for video/hevc
07-18 16:22:17.834 14049 15869 W VideoCapabilities: Unrecognized profile 8 for video/hevc
07-18 16:22:17.834  3519  8749 D WindowManager: NFW_findFocusedWindowIfNeeded:Window{25ffa5b u0 rd.sheepskin.sandboxmusic/rd.sheepskin.sandboxmusic.MainActivity} mCurrentFocus:Window{25ffa5b u0 rd.sheepskin.sandboxmusic/rd.sheepskin.sandboxmusic.MainActivity}
07-18 16:22:17.834  3519  8749 D ActivityTaskManager: The isLandscapeFullscreenEnabled is: rd.sheepskin.sandboxmusic/.MainActivity
07-18 16:22:17.835 14049 15869 W VideoCapabilities: Unrecognized profile 8 for video/hevc
07-18 16:22:17.836 31575 31575 D VRI[ChatActivity]: relayoutWindow result, sizeChanged:false, surfaceControlChanged:true, transformHintChanged:false, mSurfaceSize:Point(1440, 3168), mLastSurfaceSize:Point(1440, 3168), mWidth:1440, mHeight:3168, requestedWidth:1440, requestedHeight:3168, transformHint:0, installOrientation:0, displayRotation:0, isSurfaceValid:false, attr.flag:-2122252032, tmpFrames:ClientWindowFrames{frame=[0,0][1440,3168] display=[0,0][1440,3168] parentFrame=[0,0][0,0]}, relayoutResult:2, relayoutAsync:false, mSyncSeqId:0
07-18 16:22:17.836 31575 31575 D BLASTBufferQueue: [VRI[ChatActivity]#19](f:0,a:2) destructor()
07-18 16:22:17.836 14049 15869 W VideoCapabilities: Unrecognized profile 8 for video/hevc
07-18 16:22:17.836 31575 31575 D BufferQueueConsumer: [VRI[ChatActivity]#19(BLAST Consumer)19](id:7b5700000013,api:0,p:-1,c:31575) disconnect
07-18 16:22:17.836 14049 15869 W VideoCapabilities: Unrecognized profile 8 for video/hevc
07-18 16:22:17.837 14049 15849 D Capacitor: Handling local request: https://localhost/assets/station-search-VGChYFWA.js
07-18 16:22:17.838 14049 15851 D Capacitor: Handling local request: https://localhost/assets/station-artist-DEOrF2wY.js
07-18 16:22:17.838 14049 15849 D Capacitor: Handling local request: https://localhost/assets/station-dj-BsgTDDO1.js
07-18 16:22:17.838 14049 15845 D Capacitor: Handling local request: https://localhost/assets/station-settings-UKfRA26G.js
07-18 16:22:17.839 14049 15844 D Capacitor: Handling local request: https://localhost/assets/discover-playlists-CIAEScwM.js
07-18 16:22:17.839 14049 15849 D Capacitor: Handling local request: https://localhost/assets/station-locker-C4xObKdC.js
07-18 16:22:17.839 14049 15844 D Capacitor: Handling local request: https://localhost/registerSW.js
07-18 16:22:17.839 14049 15845 D Capacitor: Handling local request: https://localhost/assets/index-DV_cBD3G.css
07-18 16:22:17.840 14049 15869 W VideoCapabilities: Unsupported mime image/vnd.android.heic
07-18 16:22:17.842 14049 15846 D Capacitor: Handling local request: https://localhost/assets/station-podcasts-BI00-zTq.js
07-18 16:22:17.843  3519  4477 I serviceDiscovery: [MdnsDiscoveryManager] Registering listener for serviceType: _googlecast._tcp.local
07-18 16:22:17.845  3519  4477 I serviceDiscovery: [MdnsDiscoveryManager] Registering listener for serviceType: _googlecast._tcp.local
07-18 16:22:17.847 31575 31575 D VRI[ChatActivity]: setWindowStopped stopped:true
07-18 16:22:17.848 14049 15869 W VideoCapabilities: Unsupported mime image/vnd.android.heic
07-18 16:22:17.850 14049 15869 W VideoCapabilities: Unsupported mime video/dolby-vision
07-18 16:22:17.850 31575 31575 I AutofillManager: onInvisibleForAutofill(): expiringResponse
07-18 16:22:17.851 14049 15869 W VideoCapabilities: Unsupported mime video/dolby-vision
07-18 16:22:17.852 14049 15869 W VideoCapabilities: Unsupported mime video/dolby-vision
07-18 16:22:17.855  8966 15296 I DeviceScanner: [MDNS] Received response from "S4D" (f6fc2bbd502c17193d3d96805124d108) [cast connect] with result "1 New device"
07-18 16:22:17.856  8966 15296 I DeviceScanner: [MDNS] Received response from "T8V" (6787219eb4fba58afc712e2d3a8be8a2) [cast connect] with result "1 New device"
07-18 16:22:17.861  1765  8457 E         : DNS_CACHE: hanle request << lookupdns: hostname:fonts.gstatic.com, servername:^, ai_flags:1024, ai_family:2, ai_socktype:1, ai_protocol:0, netid:0, uid:10448
07-18 16:22:17.861 14049 15845 D DNS_CACHE: oplus_oplus_getaddrinfo_proxy lookup from netd: hostname:fonts.gstatic.com, servname:(null) uid: 10448, result_code:408, res = 0x0, found = 0
07-18 16:22:17.862 26444  8809 E msys    : E[N mccw.liger]onConnectError(587)=>connect/error - address: 57.144.150.36, port: 443, ex: folly::AsyncSocketException: AsyncSocketException: connect timed out after 9999ms, type = Timed out
07-18 16:22:17.863  1765  8457 E         : DNS_CACHE: hanle request << adddns: hostname:fonts.gstatic.com, servername:^, ai_flags:1024, ai_family:2, ai_socktype:1, ai_protocol:0, netid:0, uid:10448
07-18 16:22:17.863 14049 15845 D DNS_CACHE: oplus_send_dns_response send hostname: fonts.gstatic.com, servname: (null) response into netd: 0, *res = 0xb4000072b5863980
07-18 16:22:17.866  5485  5817 D DnsDomainBlock: onDnsEvent: latencyMs=0, returnCode=0, uid=10448
07-18 16:22:17.868 14049 15869 W cr_VAUtil: Unknown profile: 8 for codec video/hevc
07-18 16:22:17.868 14049 15869 W cr_VAUtil: Unknown profile: 8 for codec video/hevc
07-18 16:22:17.868 14049 15869 W cr_VAUtil: Unknown profile: 8 for codec video/hevc
07-18 16:22:17.877  3519  3564 I WindowManager: Window{e2a92c1 u0 com.tinder/com.tinder.feature.chat.internal.chat.activity.ChatActivity} state from DRAW_PENDING to NO_SURFACE; reason: destroySurface
07-18 16:22:17.878  3519  3564 D OplusStartingWindowManager: skip remove starting window for activity = ActivityRecord{17495209 u0 com.tinder/.feature.chat.internal.chat.activity.ChatActivity t3026} ,ar != topActivityContainsStartingWindow on activityStopped
07-18 16:22:17.879  3519  6066 D BackgroundInstallControlService: Package event received: 0
07-18 16:22:17.880  5759 10547 D OplusAtlas.OplusAudioScene: callback success event:atlas_event_on_foreground_activities_changed eventInfo:pid:31575,uid:10308,hasForegroundActivities:0
07-18 16:22:17.881  3519 17032 I OStatsManager_Calc: add screen power pkgName = com.tinder, uid = 10308, power = 129.57030000071973, is Fg = true, fore size = 2, mScale = 1.0
07-18 16:22:17.881  3519 17032 I OStatsManager_Calc: add screen power pkgName = rd.sheepskin.sandboxmusic, uid = 10448, power = 129.57030000071973, is Fg = true, fore size = 2, mScale = 1.0
07-18 16:22:17.881  3519 17032 I OStatsManager_Calc: noteBeforePkgSwitch change = false, curTime = 112122336, com.tinder, fg = true
07-18 16:22:17.881  3519 17032 I OStatsManager_OplusBatteryStatsManager: updateStateTime: PkgName = com.tinder, uid = 10308, state to bg, mForegroundCnt = 0, isFg = false
07-18 16:22:17.881  3519 17032 I OStatsManager_OplusBatteryStatsManager: notePkgBackground [rd.sheepskin.sandboxmusic10448], uid = 10308, pid = 31575, pkgName = com.tinder
07-18 16:22:17.886  2129 25120 D AudioBoost: audioSchedBoost, pid=2129, tid=25120, enable=1, ret=0
07-18 16:22:17.886  2129 25120 D AudioFlingerExtImpl: updateForegroundInfo, mapInf mForegroundMap(1)|[rd.sheepskin.sandboxmusic]=1, uidPidMapInf mForegroundUidPidMap(1)|[10448]=14049
07-18 16:22:17.886  2129 25120 D AudioBoost: audioSchedBoost, pid=2129, tid=25120, enable=0, ret=0
07-18 16:22:17.895  3519  4905 I Osense-BaseDecisionMaker: notifySceneToAthenaPolicy: SCENE_RES_IO_PSI, bundle: Bundle[{ioLevel=3}]
07-18 16:22:17.895  3519  4905 I Osense-BaseDecisionMaker: OSense not supported scene! SCENE_RES_IO_PSI
07-18 16:22:17.897  2155  2911 E HwcComposer: getLuts failed Status(-129, EX_TRANSACTION_FAILED): 'UNKNOWN_TRANSACTION: '
07-18 16:22:17.898  1991  5776 E SmcInvoke_MinkDescriptor: mem obj with id :15 not found in list
07-18 16:22:17.898  1483  1483 I OmapiTransport: (internalProtectedTransmitApdu) Set the timer with timeout 3000 ms
07-18 16:22:17.898  1483  1483 I OmapiTransport: (internalProtectedTransmitApdu) STATUS OF TRNSMIT: 0 Message: 
07-18 16:22:17.900  1483  1483 I OmapiTransport: (sendData) stop the timer
07-18 16:22:17.900  1991  1991 I android.hardware.secure_element-service.qti: isCardPresent
07-18 16:22:17.901  8966  8966 I CastMediaRouteProvider: Published 2 routes
07-18 16:22:17.902  1480 15721 W keystore2: system/security/keystore2/watchdog/src/lib.rs:143 - ### Keystore Watchdog report - BEGIN ###
07-18 16:22:17.902  1480 15721 W keystore2: system/security/keystore2/watchdog/src/lib.rs:152 - When extracting from a bug report, please include this header and all 1 records below (to footer)
07-18 16:22:17.902  1480 15721 W keystore2: system/security/keystore2/watchdog/src/lib.rs:199 - ThreadId(20) Calling get_rkpd_attestation_key() Started: 07-18 09:22:16.538 UTC Pending: 1.364611719s Overdue 364.612447ms
07-18 16:22:17.902  1480 15721 W keystore2: system/security/keystore2/watchdog/src/lib.rs:211 - ### Keystore Watchdog report - END ###
07-18 16:22:17.906  1991  1991 I DMABUFHEAPS: Using DMA-BUF heap named: qcom,qseecom-ta
07-18 16:22:17.910 31575  2135 W JobInfo : Requested important-while-foreground flag for job27891 is ignored and takes no effect
07-18 16:22:17.910 31575  2135 D WM-SystemJobScheduler: Scheduling work ID 1a0dfd3c-8f0b-474e-868e-5d05ca86df4dJob ID 27891
07-18 16:22:17.911  1480 15721 W keystore2: system/security/keystore2/watchdog/src/lib.rs:143 - ### Keystore Watchdog report - BEGIN ###
07-18 16:22:17.911  1480 15721 W keystore2: system/security/keystore2/watchdog/src/lib.rs:152 - When extracting from a bug report, please include this header and all 1 records below (to footer)
07-18 16:22:17.911  1480 15721 W keystore2: system/security/keystore2/watchdog/src/lib.rs:199 - ThreadId(20) Calling get_rkpd_attestation_key() Started: 07-18 09:22:16.538 UTC Pending: 1.372789531s Overdue 372.790051ms
07-18 16:22:17.911  1480 15721 W keystore2: system/security/keystore2/watchdog/src/lib.rs:211 - ### Keystore Watchdog report - END ###
07-18 16:22:17.911 14049 14049 W Capacitor/Console: File: https://localhost/assets/tier34-client-Dlp383xt.js - Line 2 - Msg: Capacitor plugin "NativeExoPlayback" already registered. Cannot register plugins twice.
07-18 16:22:17.912 14049 15850 W cr_media: Requires MODIFY_AUDIO_SETTINGS and RECORD_AUDIO. No audio device will be available for recording
07-18 16:22:17.913  1480 15721 W keystore2: system/security/keystore2/watchdog/src/lib.rs:143 - ### Keystore Watchdog report - BEGIN ###
07-18 16:22:17.913  1480 15721 W keystore2: system/security/keystore2/watchdog/src/lib.rs:152 - When extracting from a bug report, please include this header and all 1 records below (to footer)
07-18 16:22:17.913  1480 15721 W keystore2: system/security/keystore2/watchdog/src/lib.rs:199 - ThreadId(20) Calling get_rkpd_attestation_key() Started: 07-18 09:22:16.538 UTC Pending: 1.375047448s Overdue 375.04802ms
07-18 16:22:17.913  1480 15721 W keystore2: system/security/keystore2/watchdog/src/lib.rs:211 - ### Keystore Watchdog report - END ###
07-18 16:22:17.914  1480 15721 W keystore2: system/security/keystore2/watchdog/src/lib.rs:143 - ### Keystore Watchdog report - BEGIN ###
07-18 16:22:17.914  1480 15721 W keystore2: system/security/keystore2/watchdog/src/lib.rs:152 - When extracting from a bug report, please include this header and all 1 records below (to footer)
07-18 16:22:17.914  1480 15721 W keystore2: system/security/keystore2/watchdog/src/lib.rs:199 - ThreadId(20) Calling get_rkpd_attestation_key() Started: 07-18 09:22:16.538 UTC Pending: 1.375860104s Overdue 375.860624ms
07-18 16:22:17.914  1480 15721 W keystore2: system/security/keystore2/watchdog/src/lib.rs:211 - ### Keystore Watchdog report - END ###
07-18 16:22:17.915 14049 15906 I OplusCameraManagerGlobal: setClientInfo, packageName: rd.sheepskin.sandboxmusic, uid: 10448, pid: 14049
07-18 16:22:17.917 14049 15906 I OplusCameraManagerGlobal: setClientInfo, packageName: rd.sheepskin.sandboxmusic, uid: 10448, pid: 14049
07-18 16:22:17.917 14049 15906 I OplusCameraManagerGlobal: setClientInfo, packageName: rd.sheepskin.sandboxmusic, uid: 10448, pid: 14049
07-18 16:22:17.918 11502 15462 W System.err: FlagsHookHelper: skip hook flags method getInstanceHook
07-18 16:22:17.918  2644 15253 I AttributionAndPermissionUtils: checkPermission (forDataDelivery 0 startDataDelivery 0): Permission hard denied for client attribution [uid 10448, pid 14049, packageName "<unknown>"]
07-18 16:22:17.921 27601  7230 I OplusCameraManagerGlobal: setClientInfo, packageName: jp.naver.line.android, uid: 99910299, pid: 27601
07-18 16:22:17.922 25579 11864 I OplusCameraManagerGlobal: setClientInfo, packageName: jp.naver.line.android, uid: 10299, pid: 25579
07-18 16:22:17.923 14049 15906 I OplusCameraManagerGlobal: setClientInfo, packageName: rd.sheepskin.sandboxmusic, uid: 10448, pid: 14049
07-18 16:22:17.924 31575  2135 D WM-GreedyScheduler: Starting tracking for 1a0dfd3c-8f0b-474e-868e-5d05ca86df4d
07-18 16:22:17.925 14049 15906 I OplusCameraManagerGlobal: setClientInfo, packageName: rd.sheepskin.sandboxmusic, uid: 10448, pid: 14049
07-18 16:22:17.926 14049 15906 I OplusCameraManagerGlobal: setClientInfo, packageName: rd.sheepskin.sandboxmusic, uid: 10448, pid: 14049
07-18 16:22:17.926 31575  2135 D WM-ConstraintTracker: NetworkStateTracker24: initial state = NetworkState(isConnected=true, isValidated=true, isMetered=false, isNotRoaming=true)
07-18 16:22:17.926 31575  2135 D WM-NetworkStateTracker: Registering network callback
07-18 16:22:17.926  2644 15253 I AttributionAndPermissionUtils: checkPermission (forDataDelivery 0 startDataDelivery 0): Permission hard denied for client attribution [uid 10448, pid 14049, packageName "<unknown>"]
07-18 16:22:17.926  3519  3564 D ConnectivityService: requestNetwork for uid/pid:10308/31575 activeRequest: null callbackRequest: 23237 [NetworkRequest [ REQUEST id=23238, [ Capabilities: INTERNET&NOT_RESTRICTED&TRUSTED&NOT_VCN_MANAGED&NOT_BANDWIDTH_CONSTRAINED Uid: 10308 RequestorUid: 10308 RequestorPkg: com.tinder UnderlyingNetworks: Null] ]] callback flags: 0 order: 2147483647 isUidTracked: false declaredMethods: AVAIL|LOST|NC
07-18 16:22:17.927  3519  3564 W PackageManager: package com.tinder uid 10308 pid 31575 call SetEnabledSetting(com.tinder component = androidx.work.impl.background.systemalarm.RescheduleReceiver, 1, 0)
07-18 16:22:17.928 31575  2135 D WM-PackageManagerHelper: androidx.work.impl.background.systemalarm.RescheduleReceiver enabled
07-18 16:22:17.928  3519  4461 D OemPaidWifiNetworkFactory: got request NetworkRequest [ REQUEST id=23238, [ Capabilities: INTERNET&NOT_RESTRICTED&TRUSTED&NOT_VCN_MANAGED&NOT_BANDWIDTH_CONSTRAINED Uid: 10308 RequestorUid: 10308 RequestorPkg: com.tinder UnderlyingNetworks: Null] ]
07-18 16:22:17.928 31575  2135 D WM-GreedyScheduler: Constraints met: Scheduling work ID WorkGenerationalId(workSpecId=1a0dfd3c-8f0b-474e-868e-5d05ca86df4d, generation=0)
07-18 16:22:17.928 31575  1853 D WM-NetworkStateTracker: Network capabilities changed: [ Transports: WIFI Capabilities: NOT_METERED&INTERNET&NOT_RESTRICTED&TRUSTED&NOT_VPN&VALIDATED&NOT_ROAMING&FOREGROUND&NOT_CONGESTED&NOT_SUSPENDED&NOT_VCN_MANAGED&NOT_BANDWIDTH_CONSTRAINED LinkUpBandwidth>=52105Kbps LinkDnBandwidth>=81338Kbps TransportInfo: <SSID: <unknown ssid>, BSSID: 02:00:00:00:00:00, MAC: 02:00:00:00:00:00, IP: /192.168.1.37, Security type: 2, Supplicant state: COMPLETED, Wi-Fi standard: 11ax, RSSI: -31, Link speed: 1200Mbps, Tx Link speed: 1200Mbps, Max Supported Tx Link speed: 1200Mbps, Calculated Tx : 1108Mbps, Rx Link speed: 1200Mbps, Max Supported Rx Link speed: 1200Mbps, Calculated Rx : 840Mbps, Frequency: 5180MHz, Net ID: -1, Metered hint: false, score: 60, isUsable: true, CarrierMerged: false, SubscriptionId: -1, IsPrimary: -1, Trusted: true, Restricted: false, Ephemeral: false, OEM paid: false, OEM private: false, OSU AP: false, FQDN: <none>, Provider friendly name: <none>, Requesting package name: <none><none>MLO Information: , Is TID-To-Link negotiation supported by the AP: false, AP MLD Address: <none>, AP MLO Link Id: <none>, AP MLO Affiliated links: <none>, Vendor Data: <none>> SignalStrength: -31 UnderlyingNetworks: Null]
07-18 16:22:17.928  3519  4461 D MultiInternetWifiNetworkFactory: got request NetworkRequest [ REQUEST id=23238, [ Capabilities: INTERNET&NOT_RESTRICTED&TRUSTED&NOT_VCN_MANAGED&NOT_BANDWIDTH_CONSTRAINED Uid: 10308 RequestorUid: 10308 RequestorPkg: com.tinder UnderlyingNetworks: Null] ]
07-18 16:22:17.928  3519  4474 D ConnectivityService: NetReassign [23238 : null â†’ 133] [c 0] [a 0] [i 1]
07-18 16:22:17.928  3519  4461 D WifiNetworkFactory: got request NetworkRequest [ REQUEST id=23238, [ Capabilities: INTERNET&NOT_RESTRICTED&TRUSTED&NOT_VCN_MANAGED&NOT_BANDWIDTH_CONSTRAINED Uid: 10308 RequestorUid: 10308 RequestorPkg: com.tinder UnderlyingNetworks: Null] ]
07-18 16:22:17.928  3519  4461 D UntrustedWifiNetworkFactory: got request NetworkRequest [ REQUEST id=23238, [ Capabilities: INTERNET&NOT_RESTRICTED&TRUSTED&NOT_VCN_MANAGED&NOT_BANDWIDTH_CONSTRAINED Uid: 10308 RequestorUid: 10308 RequestorPkg: com.tinder UnderlyingNetworks: Null] ]
07-18 16:22:17.928 31575  2135 D WM-Processor: Processor: processing WorkGenerationalId(workSpecId=1a0dfd3c-8f0b-474e-868e-5d05ca86df4d, generation=0)
07-18 16:22:17.928 14049 15906 I OplusCameraManagerGlobal: setClientInfo, packageName: rd.sheepskin.sandboxmusic, uid: 10448, pid: 14049
07-18 16:22:17.928 14049 15906 I OplusCameraManagerGlobal: setClientInfo, packageName: rd.sheepskin.sandboxmusic, uid: 10448, pid: 14049
07-18 16:22:17.929  2644 15253 I AttributionAndPermissionUtils: checkPermission (forDataDelivery 0 startDataDelivery 0): Permission hard denied for client attribution [uid 10448, pid 14049, packageName "<unknown>"]
07-18 16:22:17.929 14049 15906 I OplusCameraManagerGlobal: setClientInfo, packageName: rd.sheepskin.sandboxmusic, uid: 10448, pid: 14049
07-18 16:22:17.929 14049 15906 I OplusCameraManagerGlobal: setClientInfo, packageName: rd.sheepskin.sandboxmusic, uid: 10448, pid: 14049
07-18 16:22:17.930  2644 15253 I AttributionAndPermissionUtils: checkPermission (forDataDelivery 0 startDataDelivery 0): Permission hard denied for client attribution [uid 10448, pid 14049, packageName "<unknown>"]
07-18 16:22:17.930 11502 15467 W NaviWarn: StackPtr is not 8-byte aligned.
07-18 16:22:17.931 14049 15906 I OplusCameraManagerGlobal: setClientInfo, packageName: rd.sheepskin.sandboxmusic, uid: 10448, pid: 14049
07-18 16:22:17.931 14049 15906 I OplusCameraManagerGlobal: setClientInfo, packageName: rd.sheepskin.sandboxmusic, uid: 10448, pid: 14049
07-18 16:22:17.931  2644 15253 I AttributionAndPermissionUtils: checkPermission (forDataDelivery 0 startDataDelivery 0): Permission hard denied for client attribution [uid 10448, pid 14049, packageName "<unknown>"]
07-18 16:22:17.938 14049 15906 I OplusCameraManagerGlobal: setClientInfo, packageName: rd.sheepskin.sandboxmusic, uid: 10448, pid: 14049
07-18 16:22:17.941 31575 31575 D WM-WorkerWrapper: Starting work for com.tinder.analytics.events.EventPublishWorker
07-18 16:22:17.944 31575 31575 D WM-SystemJobService: onStartJob for WorkGenerationalId(workSpecId=1a0dfd3c-8f0b-474e-868e-5d05ca86df4d, generation=0)
07-18 16:22:17.944 31575  2135 D WM-Processor: Work WorkGenerationalId(workSpecId=1a0dfd3c-8f0b-474e-868e-5d05ca86df4d, generation=0) is already enqueued for processing
07-18 16:22:17.949  1765  8457 E         : DNS_CACHE: hanle request << lookupdns: hostname:data.gotinder.com, servername:^, ai_flags:1024, ai_family:0, ai_socktype:1, ai_protocol:0, netid:0, uid:10308
07-18 16:22:17.950 31575 15590 D DNS_CACHE: oplus_oplus_getaddrinfo_proxy lookup from netd: hostname:data.gotinder.com, servname:(null) uid: 10308, result_code:408, res = 0x0, found = 0
07-18 16:22:17.958  2056  2198 D BatteryChargeControl: bcc get no support from charging protocol
07-18 16:22:17.963  1765  8457 E         : DNS_CACHE: hanle request << adddns: hostname:data.gotinder.com, servername:^, ai_flags:1024, ai_family:0, ai_socktype:1, ai_protocol:0, netid:0, uid:10308
07-18 16:22:17.963 31575 15590 D DNS_CACHE: oplus_send_dns_response send hostname: data.gotinder.com, servname: (null) response into netd: 0, *res = 0xb4000070ebbf6f40
07-18 16:22:17.965  5485  5817 D DnsDomainBlock: onDnsEvent: latencyMs=9, returnCode=0, uid=10308
07-18 16:22:17.966 14049 15906 I OplusCameraManagerGlobal: setClientInfo, packageName: rd.sheepskin.sandboxmusic, uid: 10448, pid: 14049
07-18 16:22:17.967  2644 15253 I AttributionAndPermissionUtils: checkPermission (forDataDelivery 0 startDataDelivery 0): Permission hard denied for client attribution [uid 10448, pid 14049, packageName "<unknown>"]
07-18 16:22:17.968 14049 15906 I OplusCameraManagerGlobal: setClientInfo, packageName: rd.sheepskin.sandboxmusic, uid: 10448, pid: 14049
07-18 16:22:17.969 14049 15906 I OplusCameraManagerGlobal: setClientInfo, packageName: rd.sheepskin.sandboxmusic, uid: 10448, pid: 14049
07-18 16:22:17.969 14049 15906 I OplusCameraManagerGlobal: setClientInfo, packageName: rd.sheepskin.sandboxmusic, uid: 10448, pid: 14049
07-18 16:22:17.970  2644 15253 I AttributionAndPermissionUtils: checkPermission (forDataDelivery 0 startDataDelivery 0): Permission hard denied for client attribution [uid 10448, pid 14049, packageName "<unknown>"]
07-18 16:22:17.970 14049 15906 I OplusCameraManagerGlobal: setClientInfo, packageName: rd.sheepskin.sandboxmusic, uid: 10448, pid: 14049
07-18 16:22:17.970 14049 15906 I OplusCameraManagerGlobal: setClientInfo, packageName: rd.sheepskin.sandboxmusic, uid: 10448, pid: 14049
07-18 16:22:17.971  2644 15253 I AttributionAndPermissionUtils: checkPermission (forDataDelivery 0 startDataDelivery 0): Permission hard denied for client attribution [uid 10448, pid 14049, packageName "<unknown>"]
07-18 16:22:17.972 14049 15906 I OplusCameraManagerGlobal: setClientInfo, packageName: rd.sheepskin.sandboxmusic, uid: 10448, pid: 14049
07-18 16:22:17.973  2644 15253 I AttributionAndPermissionUtils: checkPermission (forDataDelivery 0 startDataDelivery 0): Permission hard denied for client attribution [uid 10448, pid 14049, packageName "<unknown>"]
07-18 16:22:17.975  2644 15253 I AttributionAndPermissionUtils: checkPermission (forDataDelivery 0 startDataDelivery 0): Permission hard denied for client attribution [uid 10448, pid 14049, packageName "<unknown>"]
07-18 16:22:17.989  2644 15253 I AttributionAndPermissionUtils: checkPermission (forDataDelivery 0 startDataDelivery 0): Permission hard denied for client attribution [uid 10448, pid 14049, packageName "<unknown>"]
07-18 16:22:17.990  2644 15253 I AttributionAndPermissionUtils: checkPermission (forDataDelivery 0 startDataDelivery 0): Permission hard denied for client attribution [uid 10448, pid 14049, packageName "<unknown>"]
07-18 16:22:17.990  2644 15253 I AttributionAndPermissionUtils: checkPermission (forDataDelivery 0 startDataDelivery 0): Permission hard denied for client attribution [uid 10448, pid 14049, packageName "<unknown>"]
07-18 16:22:17.992  2644 15253 I AttributionAndPermissionUtils: checkPermission (forDataDelivery 0 startDataDelivery 0): Permission hard denied for client attribution [uid 10448, pid 14049, packageName "<unknown>"]
07-18 16:22:17.994  2644 15253 I AttributionAndPermissionUtils: checkPermission (forDataDelivery 0 startDataDelivery 0): Permission hard denied for client attribution [uid 10448, pid 14049, packageName "<unknown>"]
07-18 16:22:18.002  2644 15253 I AttributionAndPermissionUtils: checkPermission (forDataDelivery 0 startDataDelivery 0): Permission hard denied for client attribution [uid 10448, pid 14049, packageName "<unknown>"]
07-18 16:22:18.004  2644 15253 I AttributionAndPermissionUtils: checkPermission (forDataDelivery 0 startDataDelivery 0): Permission hard denied for client attribution [uid 10448, pid 14049, packageName "<unknown>"]
07-18 16:22:18.008  2644 15253 I AttributionAndPermissionUtils: checkPermission (forDataDelivery 0 startDataDelivery 0): Permission hard denied for client attribution [uid 10448, pid 14049, packageName "<unknown>"]
07-18 16:22:18.010  2644 15253 I AttributionAndPermissionUtils: checkPermission (forDataDelivery 0 startDataDelivery 0): Permission hard denied for client attribution [uid 10448, pid 14049, packageName "<unknown>"]
07-18 16:22:18.011  2644 15253 I AttributionAndPermissionUtils: checkPermission (forDataDelivery 0 startDataDelivery 0): Permission hard denied for client attribution [uid 10448, pid 14049, packageName "<unknown>"]
07-18 16:22:18.032  3270  3270 I OplusTouchDaemon: ts_run_service: shellback temperature updated 34 (34000)
07-18 16:22:18.063  1890 10009 I sensors-hal: handle_sns_client_event:316, accel_sample: 0: ts=112122443989051 ns; value = [-0.291194, 0.188843, 9.873688], status=3
07-18 16:22:18.092  1890 29574 I sensors-hal: handle_oplus_wise_rgb_event:160, wise_rgb:(14921)(cct,lux,ir)[5300.00, 22.21, 0.000000](rgbc)[1084.40, 726.88, 376.63, 1915.33](pwm,hbm,brl,algo)[1.0 0.0 1405.0 2.0],flag 0
07-18 16:22:18.098  1991  5778 E SmcInvoke_MinkDescriptor: mem obj with id :15 not found in list
07-18 16:22:18.107  4980  5025 D HWUI    : RenderProxy::destroy: this=0xb40000715ccbaa00, mContext=0xb40000716c8e9e00
07-18 16:22:18.107  4980  5077 D HWUI    : SkiaOpenGLPipeline::setSurface: this=0xb40000716a72b900, surface=NULL
07-18 16:22:18.108  4980  5077 D BufferQueueProducer: [VRI[sandboxmusic]#3846(BLAST Consumer)3846](id:137400000f0c,api:1,p:4980,c:4980) disconnect: api 1
07-18 16:22:18.108  4980  5025 D ViewRootImplExtImpl: wrapConfigInfoIntoFlags rotation=0, smallestScreenWidthDp=320, isAutolayoutSwdpModified=false, residentWS=false, scenario=0, bounds=Rect(0, 0 - 1440, 3168), isFirstDraw=false, relayoutAsync=false, flags=0, newFlags=1660954624, title=Splash Screen rd.sheepskin.sandboxmusic
07-18 16:22:18.109  1483  1483 I OmapiTransport: (internalProtectedTransmitApdu) Set the timer with timeout 3000 ms
07-18 16:22:18.109  1483  1483 I OmapiTransport: (internalProtectedTransmitApdu) STATUS OF TRNSMIT: 0 Message: 
07-18 16:22:18.109  1480 15721 W keystore2: system/security/keystore2/watchdog/src/lib.rs:143 - ### Keystore Watchdog report - BEGIN ###
07-18 16:22:18.110  1483  1483 I OmapiTransport: (sendData) stop the timer
07-18 16:22:18.109  1480 15721 W keystore2: system/security/keystore2/watchdog/src/lib.rs:152 - When extracting from a bug report, please include this header and all 1 records below (to footer)
07-18 16:22:18.110  1480 15721 W keystore2: system/security/keystore2/watchdog/src/lib.rs:199 - ThreadId(20) Calling get_rkpd_attestation_key() Started: 07-18 09:22:16.538 UTC Pending: 1.572065364s Overdue 572.066093ms
07-18 16:22:18.110  1480 15721 W keystore2: system/security/keystore2/watchdog/src/lib.rs:211 - ### Keystore Watchdog report - END ###
07-18 16:22:18.110  3519  3564 V WindowManager: Relayout Window{8e43f46 u0 Splash Screen rd.sheepskin.sandboxmusic}: viewVisibility=8, oldvis=0, req=1440x3168 , apr = 0, 
07-18 16:22:18.111  1991  1991 I android.hardware.secure_element-service.qti: isCardPresent
07-18 16:22:18.111  1234  1234 E KeymasterUtils: IKMHal_sendCmd failed with rsp_header->status: -28
07-18 16:22:18.111  1234  1234 E KeyMasterHalDevice: abort_operation
07-18 16:22:18.111  1234  1234 E KeyMasterHalDevice: ret: -28
07-18 16:22:18.111  1991  1991 I DMABUFHEAPS: Using DMA-BUF heap named: qcom,qseecom-ta
07-18 16:22:18.112  3519  3564 D WindowManager: NFW_findFocusedWindowIfNeeded:Window{25ffa5b u0 rd.sheepskin.sandboxmusic/rd.sheepskin.sandboxmusic.MainActivity} mCurrentFocus:Window{25ffa5b u0 rd.sheepskin.sandboxmusic/rd.sheepskin.sandboxmusic.MainActivity}
07-18 16:22:18.113  3519  3564 D ActivityTaskManager: The isLandscapeFullscreenEnabled is: rd.sheepskin.sandboxmusic/.MainActivity
07-18 16:22:18.113  4980  5025 D BLASTBufferQueue: [VRI[sandboxmusic]#3846](f:0,a:2) destructor()
07-18 16:22:18.113  4980  5025 D BufferQueueConsumer: [VRI[sandboxmusic]#3846(BLAST Consumer)3846](id:137400000f0c,api:0,p:-1,c:4980) disconnect
07-18 16:22:18.114  1480 15721 W keystore2: system/security/keystore2/watchdog/src/lib.rs:143 - ### Keystore Watchdog report - BEGIN ###
07-18 16:22:18.114  1480 15721 W keystore2: system/security/keystore2/watchdog/src/lib.rs:152 - When extracting from a bug report, please include this header and all 1 records below (to footer)
07-18 16:22:18.114  1480 15721 W keystore2: system/security/keystore2/watchdog/src/lib.rs:199 - ThreadId(20) Calling get_rkpd_attestation_key() Started: 07-18 09:22:16.538 UTC Pending: 1.576125989s Overdue 576.12677ms
07-18 16:22:18.114  1480 15721 W keystore2: system/security/keystore2/watchdog/src/lib.rs:211 - ### Keystore Watchdog report - END ###
07-18 16:22:18.115  3519  3564 D WindowManager: NFW_findFocusedWindowIfNeeded:Window{25ffa5b u0 rd.sheepskin.sandboxmusic/rd.sheepskin.sandboxmusic.MainActivity} mCurrentFocus:Window{25ffa5b u0 rd.sheepskin.sandboxmusic/rd.sheepskin.sandboxmusic.MainActivity}
07-18 16:22:18.117  1480 15721 W keystore2: system/security/keystore2/watchdog/src/lib.rs:143 - ### Keystore Watchdog report - BEGIN ###
07-18 16:22:18.117  1480 15721 W keystore2: system/security/keystore2/watchdog/src/lib.rs:152 - When extracting from a bug report, please include this header and all 1 records below (to footer)
07-18 16:22:18.117  1480 15721 W keystore2: system/security/keystore2/watchdog/src/lib.rs:199 - ThreadId(20) Calling get_rkpd_attestation_key() Started: 07-18 09:22:16.538 UTC Pending: 1.579426614s Overdue 579.427239ms
07-18 16:22:18.117  1480 15721 W keystore2: system/security/keystore2/watchdog/src/lib.rs:211 - ### Keystore Watchdog report - END ###
07-18 16:22:18.123  3519  3606 D SurfaceAnimationRunner: onAnimationStart:Surface(name=Surface(name=8e43f46 Splash Screen rd.sheepskin.sandboxmusic)/@0x1899a9f - animation-leash of window_animation)/@0xaad77ec
07-18 16:22:18.135  5656  7699 D ActivityAdapter: taskActivityChange: overlayLauncherScene = 0, mIsScreenOn = true
07-18 16:22:18.135  5656  7699 D ActivityAdapter: taskChange: pre: 1, cur: 1, changed:true
07-18 16:22:18.135  5656  7699 D ActivityAdapter: app com.tinder; com.tinder.feature.chat.internal.chat.activity.ChatActivity; 1; COMMON; 10308; 0; 0 exit
07-18 16:22:18.135  5656  7699 D ActivityAdapter: isEnterBGAppScene, mActiveUidMap has no app com.tinder
07-18 16:22:18.136  5656  7699 D ActivityAdapter: notifyActivityQuery: [rd.sheepskin.sandboxmusic; rd.sheepskin.sandboxmusic.MainActivity; 1; COMMON; 10448; 0; 0]
07-18 16:22:18.136  5656  7699 D OPlusFrontAppManager: useAdapterResult, pkg=rd.sheepskin.sandboxmusic,activity=rd.sheepskin.sandboxmusic.MainActivity,result=true
07-18 16:22:18.136  5656  7699 D OPlusFrontAppManager: decide -->> [rd.sheepskin.sandboxmusic; rd.sheepskin.sandboxmusic.MainActivity; 1; COMMON; 10448; 0; 0]
07-18 16:22:18.136  5656  7699 D ActivityAdapter: notifyActivityQuery: [rd.sheepskin.sandboxmusic; rd.sheepskin.sandboxmusic.MainActivity; 1; COMMON; 10448; 0; 0]
07-18 16:22:18.136  5656  7699 D OPlusFrontAppManager: useAdapterResult, pkg=rd.sheepskin.sandboxmusic,activity=rd.sheepskin.sandboxmusic.MainActivity,result=true
07-18 16:22:18.136  5656  7699 D OPlusFrontAppManager: decide -->> [rd.sheepskin.sandboxmusic; rd.sheepskin.sandboxmusic.MainActivity; 1; COMMON; 10448; 0; 0]
07-18 16:22:18.136  5656  7699 D ConferenceScene: pkg:rd.sheepskin.sandboxmusic, activity:rd.sheepskin.sandboxmusic.MainActivity, appSense:COMMON
07-18 16:22:18.136  5656  7699 D ConferenceScene: pkg:com.tinder, activity:com.tinder.feature.chat.internal.chat.activity.ChatActivity, appSense:COMMON
07-18 16:22:18.137  5656  5656 D AtomGameLatencyInfo: front app: rd.sheepskin.sandboxmusic
07-18 16:22:18.137  5656  5656 D AtomHighLoadSenseInfo: handleMessage what:1000
07-18 16:22:18.137  5656  5656 D AtomHighLoadSenseInfo: handleAppSenseChanged original mode:{live:0,video:0,voice call:0,video call:0,live host:0,meeting:0}
07-18 16:22:18.137  5656  5656 D AtomHighLoadSenseInfo: handleAppSenseChanged appInfoUnit:{pkgName:rd.sheepskin.sandboxmusic,activityName:,winMode:1,event:COMMON,type:0,subEvent:0,pid:14049,uid:10448, hostPkgName:}
07-18 16:22:18.137  5656  5656 D SceneService: handleMessage what:1004
07-18 16:22:18.137  5656  5656 D SceneService: notifyAppSceneChanged original mode:{live:0,video:0,voice call:0,video call:0,live host:0,game:0,meeting:0,news:0,file transfer:0},appInfoUnit:[{pkgName:rd.sheepskin.sandboxmusic,activityName:,winMode:1,event:COMMON,type:0,subEvent:0,pid:14049,uid:10448, hostPkgName:}]
07-18 16:22:18.137  5656  7530 D Subsys-ScoreAppManager: handleMessage what:2
07-18 16:22:18.137  5656  7530 D Subsys-ScoreAppManager: EVENT_ID_APP_SENSE_CHANGE  onFrontActivityChanged
07-18 16:22:18.137  5656  7530 D Subsys-ScoreAppManager: appSceneChange fgAppUnits size 2 fgAppUnits [{pkgName:rd.sheepskin.sandboxmusic,activityName:,winMode:1,event:COMMON,type:0,subEvent:0,pid:14049,uid:10448, hostPkgName:}, {pkgName:com.oplus.aiunit,activityName:,winMode:1,event:FILE_TRANSFER,type:0,subEvent:0,pid:0,uid:10162, hostPkgName:}] mLastNetworkList[133]
07-18 16:22:18.137  5656  7530 D CommonApp-133-10308: destory
07-18 16:22:18.137  5656  7530 D CommonApp-133-10308: stopDataCollection
07-18 16:22:18.137  5656  7530 D CommonApp-133-10308: current network isn't cellular,not need disable modem report
07-18 16:22:18.137  5656  7530 D ScoreRequestHandler: sendUnifiedRequest: Request posted to handler thread, requestType=14
07-18 16:22:18.137  5656  7530 D NecManager: unregisterULBitRateChange
07-18 16:22:18.137  5656  7530 D CommonApp-133-10308: Remaining data save time: 0
07-18 16:22:18.137  5656  7530 D Subsys-ScoreAppManager: createApp
07-18 16:22:18.137  5656  7530 D CommonApp-133-10448: init22
07-18 16:22:18.142  5656  7530 D CommonApp-133-10448: BaseApp init, mNetId 133 mIfIndex 27 network 133
07-18 16:22:18.142  5408  5798 E PhoneInterfaceManager: getServiceStateForSlot retuning null for invalid slotIndex=-1
07-18 16:22:18.143  5656  7581 D NetlinkUtils: sendToKernel byteBuffer:java.nio.HeapByteBuffer[pos=32 lim=32 cap=32],nlmsg_pid:5656,nlmsg_type:51,cmdType:1,type:10,nla_len:12
07-18 16:22:18.143  5656  7530 D CommonApp-133-10448: choiceScoreWay
07-18 16:22:18.143  5656  7530 D CommonApp-133-10448: useTraditionalScore
07-18 16:22:18.143  5656  7530 D CommonApp-133-10448: initState
07-18 16:22:18.143  5656  7530 D ScoreRequestHandler: sendUnifiedRequest: Request posted to handler thread, requestType=22
07-18 16:22:18.143  5656  7530 D DataCollectionController: setScene result=false
07-18 16:22:18.143  5656  7530 D CommonApp-133-10448: createScenarios
07-18 16:22:18.143  5656  7530 D CommonApp-133-10448: init end
07-18 16:22:18.143  5656  7530 D Subsys-ScoreAppManager: unit: {pkgName:rd.sheepskin.sandboxmusic,activityName:,winMode:1,event:COMMON,type:0,subEvent:0,pid:14049,uid:10448, hostPkgName:}
07-18 16:22:18.143  5656  7530 D Subsys-ScoreAppManager: unit: {pkgName:com.oplus.aiunit,activityName:,winMode:1,event:FILE_TRANSFER,type:0,subEvent:0,pid:0,uid:10162, hostPkgName:}
07-18 16:22:18.143  5656  7530 D CommonApp-133-10448: CommonState enter
07-18 16:22:18.143  5656  7530 D CommonApp-133-10308: CommonState exit
07-18 16:22:18.143  5656  7530 D CommonApp-133-10162: DefaultState EVENT_SCENARIOS_CHANGE
07-18 16:22:18.143  5656  7530 D CommonApp-133-10162: scene=FILE_UPLOAD pn=com.oplus.aiunit
07-18 16:22:18.143  5656  7530 D ScoreRequestHandler: sendUnifiedRequest: Request posted to handler thread, requestType=22
07-18 16:22:18.143  5656  7530 D DataCollectionController: setScene result=false
07-18 16:22:18.143  5656  7530 D CommonApp-133-10448: DefaultState EVENT_INIT_STATE_COMPLETE
07-18 16:22:18.143  5656  7530 D CommonApp-133-10448: startDataCollection
07-18 16:22:18.143  5656  7530 D CommonApp-133-10448: current network isn't cellular,not need enable modem report
07-18 16:22:18.143  5656  7530 D ScoreRequestHandler: sendUnifiedRequest: Request posted to handler thread, requestType=13
07-18 16:22:18.143  5656  7530 D NecManager: registerULBitRateChange
07-18 16:22:18.144  5656  7581 D ScoreRequestHandler: sendUnifiedRequestInternal: sendToKernelOld, result: true
07-18 16:22:18.144  5656  7581 D ScoreRequestHandler: sendUnifiedRequestInternal: sendToKernelOld, result: false
07-18 16:22:18.144  5656  7581 D ScoreRequestHandler: sendUnifiedRequestInternal: sendToKernelOld, result: false
07-18 16:22:18.144  5656  7581 D NetlinkUtils: sendToKernel byteBuffer:java.nio.HeapByteBuffer[pos=32 lim=32 cap=32],nlmsg_pid:5656,nlmsg_type:51,cmdType:1,type:9,nla_len:12
07-18 16:22:18.144  5656  7581 D ScoreRequestHandler: sendUnifiedRequestInternal: sendToKernelOld, result: true
07-18 16:22:18.147  5408  5791 D AppSenseClient: handleMessage: 100
07-18 16:22:18.147  2155  2911 E HwcComposer: getLuts failed Status(-129, EX_TRANSACTION_FAILED): 'UNKNOWN_TRANSACTION: '
07-18 16:22:18.148  5408  5791 D AppSenseClient: handleSenseEvent appInfoUnits: {pkgName:rd.sheepskin.sandboxmusic,activityName:rd.sheepskin.sandboxmusic.MainActivity,winMode:1,event:COMMON,type:0,subEvent:0,pid:14049,uid:10448, hostPkgName:},
07-18 16:22:18.148  5408  5791 D AppSenseClient: handleSenseEvent clients: 1
07-18 16:22:18.148  5408  5791 D AppSenseClient: handleSenseEvent clientId: 254112350
07-18 16:22:18.148  5408  5791 D AppSenseClient: notifyAppEvent: pkgName: rd.sheepskin.sandboxmusic,activityName:rd.sheepskin.sandboxmusic.MainActivity;state: 1;event: COMMON;type: 0;subEvent: 0;pid: 14049;uid: 10448
07-18 16:22:18.148  5408  5791 D AppSenseClient: notifyAppEvent: pkgName: com.tinder,activityName:com.tinder.feature.chat.internal.chat.activity.ChatActivity;state: 0;event: COMMON;type: 0;subEvent: 0;pid: 31575;uid: 10308
07-18 16:22:18.148  5408  5791 D AppSenseClient: notifyAppChanges: [{pkgName:rd.sheepskin.sandboxmusic,activityName:rd.sheepskin.sandboxmusic.MainActivity,winMode:1,event:COMMON,type:0,subEvent:0,pid:14049,uid:10448, hostPkgName:}]
07-18 16:22:18.149  3519  4590 D AppSenseClient: handleMessage: 100
07-18 16:22:18.149  5656  7699 D AppSenseService: notifySenseEvent: {pkgName:rd.sheepskin.sandboxmusic,activityName:rd.sheepskin.sandboxmusic.MainActivity,winMode:1,event:COMMON,type:0,subEvent:0,pid:14049,uid:10448, hostPkgName:},
07-18 16:22:18.149  3519  4590 D AppSenseClient: handleSenseEvent appInfoUnits: {pkgName:rd.sheepskin.sandboxmusic,activityName:rd.sheepskin.sandboxmusic.MainActivity,winMode:1,event:COMMON,type:0,subEvent:0,pid:14049,uid:10448, hostPkgName:},
07-18 16:22:18.149  3519  4590 D AppSenseClient: handleSenseEvent clients: 2
07-18 16:22:18.149  3519  4590 D AppSenseClient: handleSenseEvent clientId: 174022094
07-18 16:22:18.149  3519  4590 D AppSenseClient: notifyAppEvent: pkgName: rd.sheepskin.sandboxmusic,activityName:rd.sheepskin.sandboxmusic.MainActivity;state: 1;event: COMMON;type: 0;subEvent: 0;pid: 14049;uid: 10448
07-18 16:22:18.149  3519  4590 D AppSenseClient: notifyAppEvent: pkgName: com.tinder,activityName:com.tinder.feature.chat.internal.chat.activity.ChatActivity;state: 0;event: COMMON;type: 0;subEvent: 0;pid: 31575;uid: 10308
07-18 16:22:18.149  3519  4590 D AppSenseClient: notifyAppChanges: [{pkgName:rd.sheepskin.sandboxmusic,activityName:rd.sheepskin.sandboxmusic.MainActivity,winMode:1,event:COMMON,type:0,subEvent:0,pid:14049,uid:10448, hostPkgName:}]
07-18 16:22:18.149  3519  4590 D AppSenseClient: handleSenseEvent clientId: 150125788
07-18 16:22:18.150  3519  4590 D AppSenseClient: notifyAppEvent: pkgName: rd.sheepskin.sandboxmusic,activityName:rd.sheepskin.sandboxmusic.MainActivity;state: 1;event: COMMON;type: 0;subEvent: 0;pid: 14049;uid: 10448
07-18 16:22:18.150  3519  4590 D AppSenseClient: notifyAppEvent: pkgName: com.tinder,activityName:com.tinder.feature.chat.internal.chat.activity.ChatActivity;state: 0;event: COMMON;type: 0;subEvent: 0;pid: 31575;uid: 10308
07-18 16:22:18.150  3519  4590 D AppSenseClient: notifyAppChanges: [{pkgName:rd.sheepskin.sandboxmusic,activityName:rd.sheepskin.sandboxmusic.MainActivity,winMode:1,event:COMMON,type:0,subEvent:0,pid:14049,uid:10448, hostPkgName:}]
07-18 16:22:18.150  5523  5523 D AppSenseClient: handleMessage: 100
07-18 16:22:18.150  5485  5573 D AppSenseClient: handleMessage: 100
07-18 16:22:18.150  5523  5523 D AppSenseClient: handleSenseEvent appInfoUnits: {pkgName:rd.sheepskin.sandboxmusic,activityName:rd.sheepskin.sandboxmusic.MainActivity,winMode:1,event:COMMON,type:0,subEvent:0,pid:14049,uid:10448, hostPkgName:},
07-18 16:22:18.150  5523  5523 D AppSenseClient: handleSenseEvent clients: 1
07-18 16:22:18.150  5523  5523 D AppSenseClient: handleSenseEvent clientId: 266465785
07-18 16:22:18.150  5485  5573 D AppSenseClient: handleSenseEvent appInfoUnits: {pkgName:rd.sheepskin.sandboxmusic,activityName:rd.sheepskin.sandboxmusic.MainActivity,winMode:1,event:COMMON,type:0,subEvent:0,pid:14049,uid:10448, hostPkgName:},
07-18 16:22:18.150  5485  5573 D AppSenseClient: handleSenseEvent clients: 1
07-18 16:22:18.150  5485  5573 D AppSenseClient: handleSenseEvent clientId: 267409192
07-18 16:22:18.150  5523  5523 D AppSenseClient: notifyAppEvent: pkgName: rd.sheepskin.sandboxmusic,activityName:rd.sheepskin.sandboxmusic.MainActivity;state: 1;event: COMMON;type: 0;subEvent: 0;pid: 14049;uid: 10448
07-18 16:22:18.150  5523  5523 D AppSenseClient: notifyAppEvent: pkgName: com.tinder,activityName:com.tinder.feature.chat.internal.chat.activity.ChatActivity;state: 0;event: COMMON;type: 0;subEvent: 0;pid: 31575;uid: 10308
07-18 16:22:18.150  5485  5573 D AppSenseClient: notifyAppEvent: pkgName: rd.sheepskin.sandboxmusic,activityName:rd.sheepskin.sandboxmusic.MainActivity;state: 1;event: COMMON;type: 0;subEvent: 0;pid: 14049;uid: 10448
07-18 16:22:18.150  5485  5573 D AppSenseClient: notifyAppEvent: pkgName: com.tinder,activityName:com.tinder.feature.chat.internal.chat.activity.ChatActivity;state: 0;event: COMMON;type: 0;subEvent: 0;pid: 31575;uid: 10308
07-18 16:22:18.150  5523  5523 D AppSenseClient: notifyAppChanges: [{pkgName:rd.sheepskin.sandboxmusic,activityName:rd.sheepskin.sandboxmusic.MainActivity,winMode:1,event:COMMON,type:0,subEvent:0,pid:14049,uid:10448, hostPkgName:}]
07-18 16:22:18.150  5485  5573 D AppSenseClient: notifyAppChanges: [{pkgName:rd.sheepskin.sandboxmusic,activityName:rd.sheepskin.sandboxmusic.MainActivity,winMode:1,event:COMMON,type:0,subEvent:0,pid:14049,uid:10448, hostPkgName:}]
07-18 16:22:18.150  5523  5523 D NhsAppSenseListener: onAppEvent enter
07-18 16:22:18.150  5523  5523 D NhsAppSenseListener: new event: event=0, state=1, pkg=rd.sheepskin.sandboxmusic, type=0, subEvent=0
07-18 16:22:18.150  5485  5573 D NAS-DataSceneEvent: onAppEvent enter
07-18 16:22:18.150  5523  5523 D NhsAppSenseListener: onAppEvent enter
07-18 16:22:18.150  5523  5523 D NhsAppSenseListener: new event: event=0, state=0, pkg=com.tinder, type=0, subEvent=0
07-18 16:22:18.150  5485  5573 D NAS-DataSceneEvent: new event: event=0, state=1, pkg=rd.sheepskin.sandboxmusic, type=0, subEvent=0
07-18 16:22:18.150  5523  5523 D NhsAppSenseListener: onAppChanged, app list size: 1
07-18 16:22:18.150  5485  5573 D NAS-DataSceneEvent: onAppEvent enter
07-18 16:22:18.150  5485  5573 D NAS-DataSceneEvent: new event: event=0, state=0, pkg=com.tinder, type=0, subEvent=0
07-18 16:22:18.150  5485  5573 D NAS-DataSceneEvent: onAppChanged, app list size: 1
07-18 16:22:18.150  5485  5573 D NAS-DataSceneEvent: updateAppSenseChange [{pkgName:rd.sheepskin.sandboxmusic,activityName:rd.sheepskin.sandboxmusic.MainActivity,winMode:1,event:COMMON,type:0,subEvent:0,pid:14049,uid:10448, hostPkgName:}]
07-18 16:22:18.153  5485  6884 E OplusNetlinkConnect: parse rsp msg failed!Message missing required fields: header
07-18 16:22:18.153  5485  6884 E OplusNetlinkConnect: parse rsp msg failed!Message missing required fields: header
07-18 16:22:18.158  1768  1768 I zygote  : Delayed USAP Pool refill. New USAPs: 1
07-18 16:22:18.168  8966 10777 I FontLog : (REDACTED) Received query %s, URI %s
07-18 16:22:18.168  8966 10777 I FontLog : (REDACTED) Query [%s] resolved to %s
07-18 16:22:18.169  8966 10777 I FontLog : (REDACTED) Fetch %s end status %s
07-18 16:22:18.170  8966 10777 I FontLog : (REDACTED) Pulling font file for id = %d, cache size = %d
07-18 16:22:18.172  8966 10777 I FontLog : (REDACTED) Pulling font file for id = %d, cache size = %d
07-18 16:22:18.173  1768  1768 D Zygote  : Forked child process 15937
07-18 16:22:18.188 31575  1756 D OplusScrollToTopManager: com.tinder/com.tinder.feature.chat.internal.chat.activity.ChatActivity,This com.android.internal.policy.DecorView{cc93c49 I.E...... R.....ID 0,0-1440,3168 aid=3 alpha=1.0 viewInfo = }[ChatActivity] change focus to false
07-18 16:22:18.199  1954  8286 E ANDR-PERF-LM: VmRssMeter:: start() 359: Could not find pid, can not collect vmrss data
07-18 16:22:18.205  1954  8287 E ANDR-PERF-LM: VmRssMeter:: start() 359: Could not find pid, can not collect vmrss data
07-18 16:22:18.205  1954  8287 E ANDR-PERF-LM: AdaptiveLaunch: writeToDataBase() 64: Meter aborted or could not get meter data for this run
07-18 16:22:18.225  5485  5817 I TcpSyn  : updateFrontUidsToKernel, uids = [10448]
