--------- beginning of main
07-21 01:48:22.498  2091  2244 D BatteryChargeControl: bcc get no support from charging protocol
07-21 01:48:22.562 29926 29926 I SurfaceControl:  setExtendedRangeBrightness sc=Surface(name=rd.sheepskin.sandboxmusic/rd.sheepskin.sandboxmusic.MainActivity)/@0x5a31a8c,currentBufferRatio=1.0,desiredRatio=1.0
07-21 01:48:22.564  2036  2036 I [UAH_CLIENT]: UahPlatformResAcquire
07-21 01:48:22.564  2036  2036 I [UAH_CLIENT]: UahEventAcquire, cmdid:-3, pkg:2237 8517, identity:qcom-perfd
07-21 01:48:22.566  2036  2181 E ANDR-PERF-RESOURCEQS: ANDR-PERF-RESOURCEQS: AddAndApply() 125: Resource with major=16, minor=0 not supported
07-21 01:48:22.578  2237  2763 E HwcComposer: getLuts failed Status(-129, EX_TRANSACTION_FAILED): 'UNKNOWN_TRANSACTION: '
07-21 01:48:22.584  2036 31383 I [UAH_CLIENT]: UahRelease, handle:188838
07-21 01:48:22.591  2375  2375 I adbd    : adbd service requested 'shell,v2,TERM=dumb,raw:am start -a android.intent.action.VIEW -d sandboxmusic://e2e/verify-locker-cache?artist=21%20Savage&title=Redrum&album=American%20Dream -n rd.sheepskin.sandboxmusic/.MainActivity -f 0x14000000'
07-21 01:48:22.635  1945 16156 I sensors-hal: handle_oplus_wise_rgb_event:160, wise_rgb:(36872)(cct,lux,ir)[5300.00, 8.39, 0.000000](rgbc)[442.93, 203.53, 90.39, 693.74](pwm,hbm,brl,algo)[0.0 0.0 563.0 2.0],flag 0
--------- beginning of system
07-21 01:48:22.646  3535  8977 W ActivityTaskManager: callingPackage for (uid=2000, pid=31388) has no WPC
07-21 01:48:22.646  3535  4675 I [UAH_CLIENT]: UahEventAcquire, cmdid:2, pkg:none, identity:com.android.server.wm
07-21 01:48:22.647  1981  2351 I SDM     : DisplayBase::CommitThread: Received idle timeout, panel: cmd, timeout: 70000 us
07-21 01:48:22.647  3535  8977 D WindowManager: NFW_setClientVisible:ActivityRecord{97183647 u0 rd.sheepskin.sandboxmusic/.MainActivity clientVisible:true
07-21 01:48:22.648  3535  8977 V GrammaticalInflectionUtils: AttributionSource: android.content.AttributionSource@587bfde0 does not have READ_SYSTEM_GRAMMATICAL_GENDER permission.
07-21 01:48:22.648  3535  8977 D ActivityTaskManager: The isLandscapeFullscreenEnabled is: rd.sheepskin.sandboxmusic/.MainActivity
07-21 01:48:22.648  3535  8977 D ActivityTaskManager: The isLandscapeFullscreenEnabled is: rd.sheepskin.sandboxmusic/.MainActivity
07-21 01:48:22.648  3535  8977 D ActivityTaskManager: The isLandscapeFullscreenEnabled is: rd.sheepskin.sandboxmusic/.MainActivity
07-21 01:48:22.648  3535  8977 D ActivityTaskManager: The isLandscapeFullscreenEnabled is: rd.sheepskin.sandboxmusic/.MainActivity
07-21 01:48:22.648  3535  8977 D ActivityTaskManager: The isLandscapeFullscreenEnabled is: rd.sheepskin.sandboxmusic/.MainActivity
07-21 01:48:22.648  3535  8977 D FlexibleTaskController: isSupportFlexibleWindow target = rd.sheepskin.sandboxmusic/.MainActivity callPkg = FlexibleTaskController support = true ,caller = 3535
07-21 01:48:22.648  3535  8977 I AppSnapshotController: init, sysSupport = true, mActivitySupport = false, activityRecord = ActivityRecord{97183647 u0 rd.sheepskin.sandboxmusic/.MainActivity t-1}
07-21 01:48:22.649  3535  3625 E QosSceneRecognizer[ActivityStartScene]: notifyActivityStart get launchedFromUid failed through AppManager! launchedFromPackage: com.android.shell, pkg: rd.sheepskin.sandboxmusic
07-21 01:48:22.649  3535  4433 D StartingSurfacePreviewController: checkSupportSurfacePreview, token=rd.sheepskin.sandboxmusic/.MainActivity, enableSurfacePreview=false, supportMultiLayout=false, unsupportedSkipViewAnimLv=null, disableSurfacePreviewAnimLv=null, ignoreFileExistAnimLv=null
07-21 01:48:22.649  3535  8977 D FlexibleWindowManagerService: isIgnoreAppearedAcrossTask:false
07-21 01:48:22.649  3535  8977 D ActivityStarterExtImpl: setForceUpdateWindow, targetTask = Task{2be771c #3663 type=standard A=10448:rd.sheepskin.sandboxmusic} r = ActivityRecord{97183647 u0 rd.sheepskin.sandboxmusic/.MainActivity t-1} notFinish =false
07-21 01:48:22.649  3535  8977 D FlexibleWindowManagerService: isIgnoreAppearedAcrossTask:false
07-21 01:48:22.649  3535  8977 D FlexibleTaskController: findSourceTaskForFreeForm: sourceRecord = null ,realCallingPid:31388 ,launchFromZoomMode:false ,prevTopTask:Task{2be771c #3663 type=standard A=10448:rd.sheepskin.sandboxmusic}
07-21 01:48:22.649  3535  8977 D FlexibleTaskController: findSourceTaskForFreeForm: the caller is not a flexible freeform window application and does not have a zoom windowMode startup parameter
07-21 01:48:22.649  3535  8977 D FlexibleTaskController: adjustOptionsForFlexibleTask not allow options follow process task's options, reason:9 ,reusedOptions:null
07-21 01:48:22.650  3535  8977 I TaskFragmentExtImpl: reset pause in recents anim for mTaskFragment: Task{2be771c #3663 type=standard A=10448:rd.sheepskin.sandboxmusic}
07-21 01:48:22.650  3535  8977 D FlexibleTaskController: isSupportFlexibleWindow target = rd.sheepskin.sandboxmusic/.MainActivity callPkg = FlexibleTaskController support = true ,caller = 3535
07-21 01:48:22.650  3535  8977 D FlexibleTaskController: shouldKeepFlexibleTask flexibleTask not active.
07-21 01:48:22.650  3535  8977 D ActivityStarterExtImpl: isLaunchingRootActivity = true
07-21 01:48:22.650  3535  8977 D ActivityTaskManager: The isLandscapeFullscreenEnabled is: rd.sheepskin.sandboxmusic/.MainActivity
07-21 01:48:22.651 22607 22607 D CommandQueueLogger: appTransitionPending displayId=0 forced=false
07-21 01:48:22.651  3535  8977 D ActivityTaskManager: The isLandscapeFullscreenEnabled is: rd.sheepskin.sandboxmusic/.MainActivity
07-21 01:48:22.651  3535  8977 E Transition: Aborting Transition mSyncId=7284, caller=com.android.server.wm.OplusTransitionUtil.abortTransitionImmediately:109 com.android.server.wm.OplusTransitionController.abortTransitionImmediately:123 com.android.server.wm.ActivityStarterExtImpl.abortTransitionImmediately:1896 
07-21 01:48:22.651  3535  8977 D OplusTransitionController: hookOnAbort, transition: TransitionRecord{a35af4a id=7284 track=0 type=OPEN flags=0x0 state=0 c=[
07-21 01:48:22.651  3535  8977 D OplusTransitionController:    ChangeInfo{1805ebb container=ActivityRecord{97183647 u0 rd.sheepskin.sandboxmusic/.MainActivity t-1} flags=0x0}
07-21 01:48:22.651  3535  8977 D OplusTransitionController: ]
07-21 01:48:22.651  3535  8977 D OplusTransitionController: }
07-21 01:48:22.651  3535  8977 E OplusAppQuickStart_AppQuickStartController: not start from launcher transition:7284
07-21 01:48:22.651  3535  8977 D KEYLOG_PhoneWindowManager: setKeyguardOccludedLw occluded=false,false,false
07-21 01:48:22.651  3535  8977 D KEYLOG_PhoneWindowManager: setKeyguardOccludedLw occluded=false,false,false
07-21 01:48:22.651 22607 23154 D KeyguardService: setOccluded(false)
07-21 01:48:22.652 22607 23154 D KeyguardService: setOccluded: false, animate= false
07-21 01:48:22.652 22607 23154 D KeyguardViewMediator: setOccluded(false)
07-21 01:48:22.652 22607 23154 D KeyguardViewMediator: setOccluded false
07-21 01:48:22.652  3535  8977 E SchedAssist: binderSetThreadUxFlagByIoctl: ioctl failed, tid=-1 flag=1 ret=-1 errno=25 (Inappropriate ioctl for device)
07-21 01:48:22.652 22607 23154 D KeyguardService: setOccluded(false)
07-21 01:48:22.652 22607 23154 D KeyguardService: setOccluded: false, animate= false
07-21 01:48:22.652 22607 23154 D KeyguardViewMediator: setOccluded(false)
07-21 01:48:22.652 22607 23154 D KeyguardViewMediator: setOccluded false
07-21 01:48:22.652 22607 22607 D CommandQueueLogger: appTransitionCancelled displayId=0
07-21 01:48:22.652  3535  8977 E SchedAssist: binderSetThreadUxFlagByIoctl: ioctl failed, tid=-1 flag=0 ret=-1 errno=25 (Inappropriate ioctl for device)
07-21 01:48:22.652 22607 22607 D CommandQueueLogger: appTransitionCancelled displayId=0
07-21 01:48:22.652 22607 22607 D KeyguardViewMediator: handleSetOccluded(false)
07-21 01:48:22.652  3535  8977 I ActivityTaskManager: START u0 {act=android.intent.action.VIEW dat=sandboxmusic://e2e/... flg=0x10000000 xflg=0x4 cmp=rd.sheepskin.sandboxmusic/.MainActivity mCallingUid=2000} with LAUNCH_SINGLE_TASK from uid 2000 (BAL_ALLOW_PERMISSION (START_ACTIVITIES_FROM_BACKGROUND permission granted)) result code=3
07-21 01:48:22.653 29926 29926 V Capacitor/AppPlugin: Notifying listeners for event pause
07-21 01:48:22.653 29926 29926 D Capacitor/AppPlugin: No listeners found for event pause
07-21 01:48:22.654 29926 29926 D Capacitor: App paused
07-21 01:48:22.654 29926 29926 V Capacitor/AppPlugin: Notifying listeners for event appUrlOpen
07-21 01:48:22.654 22607 22634 D WindowManagerShell: onActivityRestartAttempt: topActivity=ComponentInfo{rd.sheepskin.sandboxmusic/rd.sheepskin.sandboxmusic.MainActivity}, wasVisible=true
07-21 01:48:22.654 29926 29926 D ActivityThread: ComponentInfo{rd.sheepskin.sandboxmusic/rd.sheepskin.sandboxmusic.MainActivity} checkFinished=false 4
07-21 01:48:22.654 29926 29926 D ResourcesManagerExtImpl: applyConfigurationToAppResourcesLocked app.getDisplayId() return callback.displayId:0
07-21 01:48:22.654 29926 29926 D Capacitor/AppPlugin: Firing change: true
07-21 01:48:22.654 29926 29926 V Capacitor/AppPlugin: Notifying listeners for event appStateChange
07-21 01:48:22.655 29926 29926 V Capacitor/AppPlugin: Notifying listeners for event resume
07-21 01:48:22.655 29926 29926 D Capacitor/AppPlugin: No listeners found for event resume
07-21 01:48:22.655 29926 29926 D Capacitor: App resumed
07-21 01:48:22.655  3535  3596 V AS.AudioService: uid 10448, callingApp = rd.sheepskin.sandboxmusic
07-21 01:48:22.656 22607 22607 D NotificationShadeWindowController: setIsAboutToOccluded:false, needApply:false
07-21 01:48:22.656 22607 22607 D KeyguardViewMediator: isOccluded=false,mPowerGestureIntercepted=false
07-21 01:48:22.656 22607 22607 I SystemUi--Keyguard: ChargingAnimationImpl-->onKeyguardOccludeChange occluded= false
07-21 01:48:22.656 22607 22607 I SystemUi--Keyguard: KeyguardSliderLayout-->onKeyguardOccludeChange occluded= false
07-21 01:48:22.656 22607 22607 D KeyguardViewMediator: KeyguardViewMediator queue processing message: SET_OCCLUDED
07-21 01:48:22.657 29926 29926 I AudioManager: In setSpeakerphoneOn(), on: false, calling application: rd.sheepskin.sandboxmusic
07-21 01:48:22.657  3535  3596 W AS.AudioService: Audio Settings Permission Denial: setSpeakerphoneOn() from pid=29926, uid=10448
07-21 01:48:22.657 29926 29926 W BluetoothAdapterExtImpl: setSpeakerphoneOn register null!
07-21 01:48:22.663  3535  4955 I Osense-BaseDecisionMaker: notifySceneToAthenaPolicy: SCENE_ACTIVITY_IDLE, bundle: Bundle[{scene=SCENE_ACTIVITY_IDLE}]
07-21 01:48:22.663  3535  4955 I Osense-BaseDecisionMaker: OSense not supported scene! SCENE_ACTIVITY_IDLE
07-21 01:48:22.688  2375  2375 I adbd    : adbd service requested 'shell,v2,TERM=dumb:export ANDROID_LOG_TAGS=''; exec logcat '-d' '-t' '20000''
07-21 01:48:23.039  2375  2375 I adbd    : adbd service requested 'shell,v2,TERM=dumb:export ANDROID_LOG_TAGS=''; exec logcat '-d' '-t' '20000''
07-21 01:48:23.220  1945  2014 I sensors-hal: handle_sns_client_event:316, accel_sample: 0: ts=184297256280633 ns; value = [-0.142754, 0.452204, 9.840169], status=3
07-21 01:48:23.316  2036  2036 I [UAH_CLIENT]: UahPlatformResAcquire
07-21 01:48:23.316  2036  2036 I [UAH_CLIENT]: UahEventAcquire, cmdid:-3, pkg:2237 8518, identity:qcom-perfd
07-21 01:48:23.319  2036  2181 E ANDR-PERF-RESOURCEQS: ANDR-PERF-RESOURCEQS: AddAndApply() 125: Resource with major=16, minor=0 not supported
07-21 01:48:23.323  2091  6948 D charge_time: type=sdp,reserve_soc=3,soc=36,ui_soc=38,current=76,avg=65,not_chg_cnt=0,stable_cnt=7,fcc=4672,fcc_ratio=91,delta=573,debug=0,region=19,ttf=77494(21:31:34),ui_ttf=0(00:00:00)
07-21 01:48:23.338  2036 31400 I [UAH_CLIENT]: UahRelease, handle:188841
07-21 01:48:23.345  5727  7491 D CommonApp-130-10448: transport layer data is invalid
07-21 01:48:23.347  5727  7491 D CommonApp-130-10162: transport layer data is invalid
07-21 01:48:23.347  5727  7491 D CommonApp-130-10116: transport layer data is invalid
07-21 01:48:23.415  1941  1941 D healthd : system healthd: battery l=38 v=3814 t=34.3 h=2 st=2 c=-76 fc=5400000 cc=954 chg=u
07-21 01:48:23.418  2091  2091 D ChargerInfo: getInfo: type: 0x1, update: 1
07-21 01:48:23.418  2091  2172 D ChargerInfo: chargerInfoUpdateThread: update start
07-21 01:48:23.423  2091  2172 D ChargerInfo: wlsAdapterPower: path(/sys/class/oplus_chg/wireless/max_w_power): not exist
07-21 01:48:23.423  2091  2172 D ChargerInfo: unknown: path(/sys/class/oplus_chg/ac/online) and backupPath(/sys/class/power_supply/ac/online) not exist
07-21 01:48:23.424  2091  2172 D ChargerInfo: get_ui_charge_icon_type: [0 0] [0 0] 1
07-21 01:48:23.425  2091  2172 D ChargerInfo: unknown: path(/sys/class/oplus_chg/ac/online) and backupPath(/sys/class/power_supply/ac/online) not exist
07-21 01:48:23.425  2091  2172 D ChargerInfo: cpaPower:2500 isChargeOnline:1 isSupportRetentionTopic:0
07-21 01:48:23.426  2091  2172 D vendor.oplus.hardware.charger-V10-service: get_config_path : [graphite, single_, ]
07-21 01:48:23.426  2091  2172 D vendor.oplus.hardware.charger-V10-service: get_config_path : /odm/firmware/fastchg/22825/graphite_single_charging_hyper_mode_config.txt
07-21 01:48:23.426  2091  2172 E vendor.oplus.hardware.charger-V10-service: Could not open config file: /odm/firmware/fastchg/22825/charging_hyper_mode_config.txt
07-21 01:48:23.426  2091  2172 E ChargerInfo: SingleHyperPath not found
07-21 01:48:23.427  2091  2172 D ChargerInfo: chargerInfoUpdateThread: update end
07-21 01:48:23.427  2091  2172 D ChargerInfo: chargerInfoUpdateThread: update wait
07-21 01:48:23.427  2091  2091 D ChargerInfo: wlsAdapterPower: path(/sys/class/oplus_chg/wireless/max_w_power): not exist
07-21 01:48:23.427  2091  2091 D ChargerInfo: getInfo: {"Update":{"batteryFcc":4672,"batteryRm":1656,"bddLeakCurr":0,"bmsStatus":0,"bypassChgStatus":2,"chargeTimeRemaining":0,"cpaPower":2,"enableTx":"disable","fastCharge":0,"isSupportSpeedCharge":0,"notifyCode":0,"otgOnline":1,"ppsChargePower":0,"ppsCharging":0,"shortCHwStatus":0,"shortIcOtpStatus":0,"uiIconType":0,"uiPower":0,"usbStatus":0,"wlsAdapterPower":0}}
07-21 01:48:23.428  3535  8977 D OplusWifiService: notifyBatteryInfoChanged: feature not supported
07-21 01:48:23.430  3535  3649 D BatteryStatsImplExtImpl: mActiveProcesses size = 90
07-21 01:48:23.430  3535  3649 D BatteryStatsImplExtImpl: rpmhStats is null or interval time is too short.
07-21 01:48:23.500  2091  2244 D BatteryChargeControl: bcc get no support from charging protocol
07-21 01:48:23.637  1945 16156 I sensors-hal: handle_oplus_wise_rgb_event:160, wise_rgb:(36877)(cct,lux,ir)[5300.00, 8.06, 0.000000](rgbc)[458.20, 203.53, 105.46, 693.74](pwm,hbm,brl,algo)[0.0 0.0 563.0 2.0],flag 0
07-21 01:48:23.654  3535  6231 I AICCTModule: SensorFilter: brightness threshold 1.2 screenNit is 17.790684 ave enviroment lux is 7.1478133 luxForNit 22.053493demarcationPoint200.0 result is false
07-21 01:48:23.654  3535  6231 I AICCTModule: SensorFilter: findSecondNearestValue, sensorValue: 5300.0 nearestMaxValue:5300.0 secondNearestValue: 5300.0
07-21 01:48:23.654  3535  6231 I AICCTModule: SensorFilter: findSecondNearestValue, sensorValue: 7.147813 nearestMaxValue:7.147813 secondNearestValue: 7.147813
07-21 01:48:23.692  3256  3256 I cnss-daemon: nl80211 response handler invoked
07-21 01:48:23.692  3256  3256 I cnss-daemon: nl80211_response_handler: cmd 103, vendorID 4980, subcmd 13  received
07-21 01:48:23.693  1959  2644 I WifiHAL : event received NL80211_CMD_VENDOR, vendor_id = 0x1374, subcmd = 0xd
07-21 01:48:23.882  2041 18836 V Codec2-DumpInput: [processLoop:L697][c2.qti.avc.decoder_56]QueueRead[0] empty, waiting buffer.
07-21 01:48:23.951  1945 16161 I sensors-hal: handle_sns_std_sensor_event:104, oplus rgb_rear sample: (cct, lux, ir, x, y)[34333, 0, 300000, 465, 115]
07-21 01:48:23.952  1945 16161 I sensors-hal: handle_sns_std_sensor_event:106, oplus rgb_rear sample: (r, g, b, c w)[2, 1, 3, 1, 3]
07-21 01:48:24.226  1945  2014 I sensors-hal: handle_sns_client_event:316, accel_sample: 0: ts=184298262360529 ns; value = [-0.137966, 0.433051, 9.840169], status=3
07-21 01:48:24.236  1945 25577 I sensors-hal: handle_oplus_wise_rgb_event:189, high_pwm_light:lux 8.1,cct 5300.0,brl/algo/ir 563.0/2.0/0.0,pwm/dc 0.0/0.0,rgbc 458.198364/203.526428/105.457596/693.742798,ts 184298492104227,cnt 36880,flag 0
07-21 01:48:24.237  3535  4399 I CwbClient: setCWBDisplayType set mFeatureID = CWB_RGB_VALUE
07-21 01:48:24.242  2036  2036 I [UAH_CLIENT]: UahPlatformResAcquire
07-21 01:48:24.242  2036  2036 I [UAH_CLIENT]: UahEventAcquire, cmdid:-3, pkg:2237 8519, identity:qcom-perfd
07-21 01:48:24.246  2036  2181 E ANDR-PERF-RESOURCEQS: ANDR-PERF-RESOURCEQS: AddAndApply() 125: Resource with major=16, minor=0 not supported
07-21 01:48:24.252  2237  2763 E HwcComposer: getLuts failed Status(-129, EX_TRANSACTION_FAILED): 'UNKNOWN_TRANSACTION: '
07-21 01:48:24.264  2036 31403 I [UAH_CLIENT]: UahRelease, handle:188842
07-21 01:48:24.322  1981  2351 I SDM     : DisplayBase::CommitThread: Received idle timeout, panel: cmd, timeout: 70000 us
07-21 01:48:24.326  2091  6948 D charge_time: type=sdp,reserve_soc=3,soc=36,ui_soc=38,current=76,avg=68,not_chg_cnt=0,stable_cnt=7,fcc=4672,fcc_ratio=91,delta=574,debug=0,region=19,ttf=74049(20:34:09),ui_ttf=0(00:00:00)
07-21 01:48:24.368  5727  7491 D CommonApp-130-10448: transport layer data is invalid
07-21 01:48:24.368  5727  7491 D CommonApp-130-10162: transport layer data is invalid
07-21 01:48:24.369  5727  7491 D CommonApp-130-10116: transport layer data is invalid
07-21 01:48:24.400  5727  5727 D VendorWifiService: onEvent event:9,action:1
07-21 01:48:24.409  3535  4685 D ScorerUtils: isLowTraffic: txTputKBps=0, rxTputKBps=1
07-21 01:48:24.409  3535  4685 D OplusWifiPower_TriggerCenter: mComponentCallback: wifistat
07-21 01:48:24.413  2036  2036 I [UAH_CLIENT]: UahPlatformResAcquire
07-21 01:48:24.413  2036  2036 I [UAH_CLIENT]: UahEventAcquire, cmdid:-3, pkg:2237 8520, identity:qcom-perfd
07-21 01:48:24.415  2036  2181 E ANDR-PERF-RESOURCEQS: ANDR-PERF-RESOURCEQS: AddAndApply() 125: Resource with major=16, minor=0 not supported
07-21 01:48:24.433  2036 31406 I [UAH_CLIENT]: UahRelease, handle:188843
07-21 01:48:24.436  3535  4399 D FusionLightNextGen: raw_lux -1.0, raw_cct -1.0, r/g/b/c: 458.2/203.5/105.5/693.7, R/G/B: 28.0/27.0/23.0, bri 563.0, lux: 7.147813, cct: 5300.0, ir: 0.062284, conf: 2, cnt: 0
07-21 01:48:24.497  1981  2351 I SDM     : DisplayBase::CommitThread: Received idle timeout, panel: cmd, timeout: 70000 us
07-21 01:48:24.501  2091  2244 D BatteryChargeControl: bcc get no support from charging protocol
07-21 01:48:24.503  2237  2763 E HwcComposer: getLuts failed Status(-129, EX_TRANSACTION_FAILED): 'UNKNOWN_TRANSACTION: '
07-21 01:48:24.612  2091  2229 D vendor.oplus.hardware.charger-V10-service: ret_value:123, read content:,343,343,3814,3812,-76,36,38,1,1,0,453,4984,37,1,4430,300,500,0,5,9500,5,0,1,0,2,0,0,0,1,5397,93,0,1656,4672,0,0,0,0,0,105
07-21 01:48:24.613  2091  2229 D vendor.oplus.hardware.charger-V10-service: gmtime: 2026-07-21-01-48-24
07-21 01:48:24.614  2091  2229 D vendor.oplus.hardware.charger-V10-service: usb_online:1, ac_online:-2147483648, wireless_online:0
07-21 01:48:24.615  3535  8977 W OPLUS_LOG_LOAD: ==LOGS PROG INFO, prog(system_server) ==
07-21 01:48:24.615  3535  8977 D ConnectivityService: requestNetwork for uid/pid:10114/24226 activeRequest: null callbackRequest: 47331 [NetworkRequest [ REQUEST id=47332, [ Capabilities: INTERNET&NOT_RESTRICTED&TRUSTED&NOT_VCN_MANAGED&NOT_BANDWIDTH_CONSTRAINED Uid: 10114 RequestorUid: 10114 RequestorPkg: com.oplus.ndsf UnderlyingNetworks: Null] ]] callback flags: 0 order: 2147483647 isUidTracked: false declaredMethods: AVAIL|LOST|NC
07-21 01:48:24.622  3535  4529 D OemPaidWifiNetworkFactory: got request NetworkRequest [ REQUEST id=47332, [ Capabilities: INTERNET&NOT_RESTRICTED&TRUSTED&NOT_VCN_MANAGED&NOT_BANDWIDTH_CONSTRAINED Uid: 10114 RequestorUid: 10114 RequestorPkg: com.oplus.ndsf UnderlyingNetworks: Null] ]
07-21 01:48:24.622  3535  4529 D MultiInternetWifiNetworkFactory: got request NetworkRequest [ REQUEST id=47332, [ Capabilities: INTERNET&NOT_RESTRICTED&TRUSTED&NOT_VCN_MANAGED&NOT_BANDWIDTH_CONSTRAINED Uid: 10114 RequestorUid: 10114 RequestorPkg: com.oplus.ndsf UnderlyingNetworks: Null] ]
07-21 01:48:24.623  3535  4529 D WifiNetworkFactory: got request NetworkRequest [ REQUEST id=47332, [ Capabilities: INTERNET&NOT_RESTRICTED&TRUSTED&NOT_VCN_MANAGED&NOT_BANDWIDTH_CONSTRAINED Uid: 10114 RequestorUid: 10114 RequestorPkg: com.oplus.ndsf UnderlyingNetworks: Null] ]
07-21 01:48:24.623  3535  4529 D UntrustedWifiNetworkFactory: got request NetworkRequest [ REQUEST id=47332, [ Capabilities: INTERNET&NOT_RESTRICTED&TRUSTED&NOT_VCN_MANAGED&NOT_BANDWIDTH_CONSTRAINED Uid: 10114 RequestorUid: 10114 RequestorPkg: com.oplus.ndsf UnderlyingNetworks: Null] ]
07-21 01:48:24.623  3535  4536 D ConnectivityService: NetReassign [47332 : null ÔåÆ 130] [c 2] [a 2] [i 3]
07-21 01:48:24.624 24226 25727 I NDSF.Server.QueryHostWorker: enter doWork
07-21 01:48:24.625 24226 25727 I NDSF.Server.QueryHostWorker: region = UK,code = SEA
07-21 01:48:24.627 24226 24248 I WM-WorkerWrapper: Worker result SUCCESS for Work [ id=3165acb8-fc21-48e3-946a-b954738b8d72, tags={ com.oplus.ndsf.server.worker.QueryHostWorker, NDSFTag } ]
07-21 01:48:24.632  3535  8977 W PackageManager: package com.oplus.ndsf uid 10114 pid 24226 call SetEnabledSetting(com.oplus.ndsf component = androidx.work.impl.background.systemalarm.RescheduleReceiver, 2, 0)
07-21 01:48:24.633  1828  8590 E         : DNS_CACHE: hanle request << lookupdns: hostname:version1-uk.0.0, servername:^, ai_flags:1024, ai_family:0, ai_socktype:1, ai_protocol:0, netid:0, uid:10114
07-21 01:48:24.634 24226 24595 D DNS_CACHE: oplus_oplus_getaddrinfo_proxy lookup from netd: hostname:version1-uk.0.0, servname:(null) uid: 10114, result_code:408, res = 0x0, found = 0
07-21 01:48:24.636  1945 16156 I sensors-hal: handle_oplus_wise_rgb_event:160, wise_rgb:(36882)(cct,lux,ir)[5300.00, 8.06, 0.000000](rgbc)[458.20, 203.53, 105.46, 693.74](pwm,hbm,brl,algo)[0.0 0.0 563.0 2.0],flag 0
07-21 01:48:24.636 24226 24595 E NDSF.Server.QueryHostWorker: CloudConfig throwable:µ£¬Õî╣ÚàìÕê░þ¼ªÕÉêµØíõ╗ÂþÜäµò░µì« µ£¬Õî╣ÚàìÕê░þ¼ªÕÉêµØíõ╗ÂþÜäµò░µì« [com.heytap.nearx.cloudconfig.impl.ObservableQueryExecutor$queryEntities$1.invoke(SourceFile:3), com.heytap.nearx.cloudconfig.impl.ObservableQueryExecutor$queryEntities$1.invoke(SourceFile:1), com.heytap.nearx.cloudconfig.observable.Observable$map$1$call$1.invoke(SourceFile:2), com.heytap.nearx.cloudconfig.observable.Observable$map$1$call$1.invoke(SourceFile:1), com.heytap.nearx.cloudconfig.observable.RealSubscriber.invoke(SourceFile:2), com.heytap.nearx.cloudconfig.observable.RealSubscriber.invoke(SourceFile:1), com.heytap.nearx.cloudconfig.observable.Observable$Companion.safeInvoke(SourceFile:4), com.heytap.nearx.cloudconfig.observable.Observable$Companion.access$safeInvoke(SourceFile:0), com.heytap.nearx.cloudconfig.observable.Observable$observeOn$1$call$1$1.run(SourceFile:8), java.util.concurrent.ThreadPoolExecutor.runWorker(ThreadPoolExecutor.java:1100), java.util.concurrent.ThreadPoolExecutor$Worker.run(ThreadPoolExecutor.java:624), java.lang.Thread.run(Thread.java:1572)]
07-21 01:48:24.637 24226 24595 E NDSF.Server.QueryHostWorker: [tryCache] no cache host
07-21 01:48:24.637 24226 24595 I NDSF.Server.QueryHostWorker: registerTimeSetBroadcast
07-21 01:48:24.638  3535  8977 W ActivityManager: Receiver with filter android.content.IntentFilter@d9dea33 already registered for pid 24226, callerPackage is com.oplus.ndsf
07-21 01:48:24.638 24226 24595 I NDSF.Server.QueryHostWorker: appendOrReplaceQueryHostWorker
07-21 01:48:24.644  5540  5863 D DnsDomainBlock: onDnsEvent: latencyMs=1, returnCode=7, uid=10114
07-21 01:48:24.646  5540  5863 D DnsDomainBlock: onDnsEvent: latencyMs=0, returnCode=4, uid=10423
07-21 01:48:24.659  3535  3596 W PackageManager: package com.oplus.ndsf uid 10114 pid 24226 call SetEnabledSetting(com.oplus.ndsf component = androidx.work.impl.background.systemalarm.RescheduleReceiver, 1, 0)
07-21 01:48:24.666  3535  3596 D ConnectivityService: requestNetwork for uid/pid:1000/3535 asUid: 10114 activeRequest: null callbackRequest: 47333 [NetworkRequest [ REQUEST id=47334, [ Capabilities: INTERNET&NOT_RESTRICTED&TRUSTED&NOT_VCN_MANAGED&NOT_BANDWIDTH_CONSTRAINED Uid: 10114 RequestorUid: 1000 RequestorPkg: android UnderlyingNetworks: Null] ]] callback flags: 0 order: 2147483647 isUidTracked: false declaredMethods: AVAIL|LOST|BLK
07-21 01:48:24.670  3535  4529 D OemPaidWifiNetworkFactory: got request NetworkRequest [ REQUEST id=47334, [ Capabilities: INTERNET&NOT_RESTRICTED&TRUSTED&NOT_VCN_MANAGED&NOT_BANDWIDTH_CONSTRAINED Uid: 10114 RequestorUid: 1000 RequestorPkg: android UnderlyingNetworks: Null] ]
07-21 01:48:24.670  3535  4529 D MultiInternetWifiNetworkFactory: got request NetworkRequest [ REQUEST id=47334, [ Capabilities: INTERNET&NOT_RESTRICTED&TRUSTED&NOT_VCN_MANAGED&NOT_BANDWIDTH_CONSTRAINED Uid: 10114 RequestorUid: 1000 RequestorPkg: android UnderlyingNetworks: Null] ]
07-21 01:48:24.670  3535  4536 D ConnectivityService: NetReassign [47334 : null ÔåÆ 130] [c 0] [a 1] [i 2]
07-21 01:48:24.670  3535  4529 D WifiNetworkFactory: got request NetworkRequest [ REQUEST id=47334, [ Capabilities: INTERNET&NOT_RESTRICTED&TRUSTED&NOT_VCN_MANAGED&NOT_BANDWIDTH_CONSTRAINED Uid: 10114 RequestorUid: 1000 RequestorPkg: android UnderlyingNetworks: Null] ]
07-21 01:48:24.670  3535  4529 D UntrustedWifiNetworkFactory: got request NetworkRequest [ REQUEST id=47334, [ Capabilities: INTERNET&NOT_RESTRICTED&TRUSTED&NOT_VCN_MANAGED&NOT_BANDWIDTH_CONSTRAINED Uid: 10114 RequestorUid: 1000 RequestorPkg: android UnderlyingNetworks: Null] ]
07-21 01:48:24.758  2375  2375 I adbd    : adbd service requested 'shell,v2,TERM=dumb:export ANDROID_LOG_TAGS=''; exec logcat '-d' '-t' '20000''
07-21 01:48:25.115  2041  1734 V Codec2-DumpInput: [processLoop:L697][c2.qti.avc.decoder_228]QueueRead[0] empty, waiting buffer.
07-21 01:48:25.116  2041  1611 V Codec2-DumpInput: [processLoop:L697][c2.qti.avc.decoder_227]QueueRead[0] empty, waiting buffer.
07-21 01:48:25.117  2375  2375 I adbd    : adbd service requested 'shell,v2,TERM=dumb:export ANDROID_LOG_TAGS=''; exec logcat '-d' '-t' '20000''
07-21 01:48:25.164  2036  2036 I [UAH_CLIENT]: UahPlatformResAcquire
07-21 01:48:25.164  2036  2036 I [UAH_CLIENT]: UahEventAcquire, cmdid:-3, pkg:2237 8517, identity:qcom-perfd
07-21 01:48:25.167  2036  2181 E ANDR-PERF-RESOURCEQS: ANDR-PERF-RESOURCEQS: AddAndApply() 125: Resource with major=16, minor=0 not supported
07-21 01:48:25.186  2036 31419 I [UAH_CLIENT]: UahRelease, handle:188844
07-21 01:48:25.232  1945  2014 I sensors-hal: handle_sns_client_event:316, accel_sample: 0: ts=184299268409122 ns; value = [-0.123600, 0.433051, 9.849746], status=3
07-21 01:48:25.328  2091  6948 D charge_time: write 0s(00:00:00) to ttf, rc=3
07-21 01:48:25.328  2091  6948 D charge_time: type=sdp,reserve_soc=3,soc=36,ui_soc=38,current=76,avg=70,not_chg_cnt=0,stable_cnt=7,fcc=4672,fcc_ratio=91,delta=575,debug=0,region=19,ttf=71916(19:58:36),ui_ttf=0(00:00:00)
07-21 01:48:25.392  5727  7491 D CommonApp-130-10448: transport layer data is invalid
07-21 01:48:25.392  5727  7491 D CommonApp-130-10162: transport layer data is invalid
07-21 01:48:25.393  5727  7491 D CommonApp-130-10116: transport layer data is invalid
07-21 01:48:25.503  2091  2244 D BatteryChargeControl: bcc get no support from charging protocol
07-21 01:48:25.634  3535  3869 I AppsFilter: interaction: PackageSetting{7a302c8 com.android.microdroid.empty_payload/10275} -> PackageSetting{8233d25 com.oplus.ndsf/10114} BLOCKED
07-21 01:48:25.634  3535  3869 I AppsFilter: interaction: PackageSetting{10ad120 rd.sheepskin.sandboxmusic/10448} -> PackageSetting{8233d25 com.oplus.ndsf/10114} BLOCKED
07-21 01:48:25.635  3535  3869 I AppsFilter: interaction: PackageSetting{7f48a86 com.oplus.locationproxy/10173} -> PackageSetting{8233d25 com.oplus.ndsf/10114} BLOCKED
07-21 01:48:25.636  3535  3869 I AppsFilter: interaction: PackageSetting{ef7ff47 com.android.certinstaller/10210} -> PackageSetting{8233d25 com.oplus.ndsf/10114} BLOCKED
07-21 01:48:25.636  3535  3869 I AppsFilter: interaction: PackageSetting{7498374 com.oplus.location/10218} -> PackageSetting{8233d25 com.oplus.ndsf/10114} BLOCKED
07-21 01:48:25.637  1945 16156 I sensors-hal: handle_oplus_wise_rgb_event:160, wise_rgb:(36887)(cct,lux,ir)[5300.00, 8.58, 0.000000](rgbc)[442.93, 203.53, 105.46, 693.74](pwm,hbm,brl,algo)[0.0 0.0 563.0 2.0],flag 0
07-21 01:48:25.652  3535  4502 I LocaleConfig: parseLocaleConfig: resourceName=com.teslacoilsw.launcher:xml/_generated_res_locale_config
07-21 01:48:25.652  3535  4502 I LocaleConfig: parseLocaleConfig: mLocales=[de,hi,en_US,pt,ms_MY,lt,en_IN,hr,lv,hu,zh_CN,uk,hy_AM,mk,mn,id,af,ka_GE,mr,el,it,am,my,es,he,fr_CA,et,ar,pt_PT,vi,nb,ja,az,id_ID,et_EE,fa,zu,ro,nl,en_GB,km_KH,fi,ru,bg,bn,fr,si,sk,sl,es_US,lo_LA,he_IL,ca,sr,kn,sv,ko,sw,zh_TW,zh_HK,ta,cs,th,tl,pl,da,tr,mn_MN] defaultLocale=en-US
07-21 01:48:25.652  3535  4502 I LocaleConfig: parseLocaleConfig: resourceName=com.teslacoilsw.launcher:xml/_generated_res_locale_config
07-21 01:48:25.652  3535  4502 I LocaleConfig: parseLocaleConfig: mLocales=[de,hi,en_US,pt,ms_MY,lt,en_IN,hr,lv,hu,zh_CN,uk,hy_AM,mk,mn,id,af,ka_GE,mr,el,it,am,my,es,he,fr_CA,et,ar,pt_PT,vi,nb,ja,az,id_ID,et_EE,fa,zu,ro,nl,en_GB,km_KH,fi,ru,bg,bn,fr,si,sk,sl,es_US,lo_LA,he_IL,ca,sr,kn,sv,ko,sw,zh_TW,zh_HK,ta,cs,th,tl,pl,da,tr,mn_MN] defaultLocale=en-US
07-21 01:48:25.655  3535  3535 D LockSettingsService: [getSeparateProfileChallengeEnabled] userId = 12
07-21 01:48:25.655  3535  3623 W Searchables: No web search activity found
07-21 01:48:25.658  3535  4502 V AccessibilityManagerService: onUserStateChangedLocked for user 0 with forceUpdate: false mEnabledServices = [ComponentInfo{com.android.systemui.accessibility.accessibilitymenu/com.android.systemui.accessibility.accessibilitymenu.AccessibilityMenuService}] mCrashedServices = [] hasMagnificationConnection=false
07-21 01:48:25.658  3535  4502 W MagnificationConnectionManager: requestConnection duplicated request: connect=false, mConnectionState=DISCONNECTED
07-21 01:48:25.664 22607 22607 I SystemUi--NavBar: NavigationBarGestureExImpl-->oplusAllowSystemGestureIgnoringBarVisibility isOplusFlagAllowBackGestureIgnoreVisibilityState = false isGestureMisTouchPreventionEnable = true
07-21 01:48:25.666  3535  3535 D AccessibilityManagerService: [updateInputFilter] flags = 4, mInputFilter=com.android.server.accessibility.AccessibilityInputFilter@46835c4, mHasInputFilter=true, mForceSetInputFilter=false
07-21 01:48:25.670  3535  4497 I VibrationEffectConvertor: onInputMethodListUpdated received, info.size = 4
07-21 01:48:25.670  3535  4497 I VibrationEffectConvertor: userid = 0, packageName = com.google.android.tts
07-21 01:48:25.670  3535  4497 I VibrationEffectConvertor: userid = 0, packageName = helium314.keyboard
07-21 01:48:25.670  3535  4497 I VibrationEffectConvertor: userid = 0, packageName = com.google.android.inputmethod.latin
07-21 01:48:25.670  3535  4497 I VibrationEffectConvertor: userid = 0, packageName = com.oplus.securitykeyboard
07-21 01:48:25.676  2036  2036 I [UAH_CLIENT]: UahPlatformResAcquire
07-21 01:48:25.676  2036  2036 I [UAH_CLIENT]: UahEventAcquire, cmdid:-3, pkg:2237 8518, identity:qcom-perfd
07-21 01:48:25.676 22607 22607 I SystemUi--NavBar: NavigationBarGestureExImpl-->oplusAllowSystemGestureIgnoringBarVisibility isOplusFlagAllowBackGestureIgnoreVisibilityState = false isGestureMisTouchPreventionEnable = true
07-21 01:48:25.677  2036  2181 E ANDR-PERF-RESOURCEQS: ANDR-PERF-RESOURCEQS: AddAndApply() 125: Resource with major=16, minor=0 not supported
07-21 01:48:25.681 14448 14929 D AccessibilitySourceService: enabled a11y services count 1
07-21 01:48:25.681 14448 14929 D AccessibilitySourceService: a11y source sending 0 issue to sc
07-21 01:48:25.682  3535  8977 D SafetySourceDataValidat: No cert check requested for package com.google.android.permissioncontroller
07-21 01:48:25.683 14448 14929 D AccessibilitySourceService: enabled a11y services count 1
07-21 01:48:25.684 14448 14929 D AccessibilitySourceService: a11y source sending 0 issue to sc
07-21 01:48:25.684  3535  8977 D SafetySourceDataValidat: No cert check requested for package com.google.android.permissioncontroller
07-21 01:48:25.692  2237  2763 E HwcComposer: getLuts failed Status(-129, EX_TRANSACTION_FAILED): 'UNKNOWN_TRANSACTION: '
07-21 01:48:25.695  2036 31421 I [UAH_CLIENT]: UahRelease, handle:188845
07-21 01:48:25.698  1959  2644 I WifiHAL : event received NL80211_CMD_VENDOR, vendor_id = 0x1374, subcmd = 0xd
07-21 01:48:25.698  3256  3256 I cnss-daemon: nl80211 response handler invoked
07-21 01:48:25.698  3256  3256 I cnss-daemon: nl80211_response_handler: cmd 103, vendorID 4980, subcmd 13  received
07-21 01:48:25.770  1981  2351 I SDM     : DisplayBase::CommitThread: Received idle timeout, panel: cmd, timeout: 70000 us
07-21 01:48:25.882  7458 25033 I APS_ALOG: flushRoutine g_immediateFlush=0 g_pendingCount=0 g_oobCount=0
07-21 01:48:25.890  9225 14164 D gaia-GaiaConnectChecker: start connect check++
07-21 01:48:25.943  2237  2763 E HwcComposer: getLuts failed Status(-129, EX_TRANSACTION_FAILED): 'UNKNOWN_TRANSACTION: '
07-21 01:48:26.237  1945 25577 I sensors-hal: handle_oplus_wise_rgb_event:189, high_pwm_light:lux 9.3,cct 5300.0,brl/algo/ir 563.0/2.0/0.0,pwm/dc 0.0/0.0,rgbc 442.925110/203.526428/105.457596/708.824158,ts 184300492101756,cnt 36890,flag 0
07-21 01:48:26.238  1945  2014 I sensors-hal: handle_sns_client_event:316, accel_sample: 0: ts=184300274440714 ns; value = [-0.114024, 0.452204, 9.840169], status=3
07-21 01:48:26.327 12567 13238 W msgr.JDGWNetworkRevalidatorBridge: No active network to report connectivity issue
07-21 01:48:26.330  2091  6948 D charge_time: type=sdp,reserve_soc=3,soc=36,ui_soc=38,current=76,avg=73,not_chg_cnt=0,stable_cnt=7,fcc=4672,fcc_ratio=91,delta=576,debug=0,region=19,ttf=68936(19:08:56),ui_ttf=0(00:00:00)
07-21 01:48:26.338  1828  8590 E         : DNS_CACHE: hanle request << lookupdns: hostname:z-m-gateway.facebook.com, servername:443, ai_flags:1024, ai_family:0, ai_socktype:2, ai_protocol:0, netid:0, uid:10303
07-21 01:48:26.339 12567 13432 D DNS_CACHE: oplus_oplus_getaddrinfo_proxy lookup from netd: hostname:z-m-gateway.facebook.com, servname:443 uid: 10303, result_code:408, res = 0x0, found = 0
07-21 01:48:26.343 12567 13438 E msgr.msys: E[N mns:DGWClient]_LogError(328)=>Failed to resolve using system DNS resolver, getaddrinfo(): No address associated with hostname
07-21 01:48:26.344  1828  8590 E         : DNS_CACHE: hanle request << lookupdns: hostname:z-m-gateway.facebook.com, servername:443, ai_flags:1024, ai_family:0, ai_socktype:1, ai_protocol:0, netid:0, uid:10303
07-21 01:48:26.345 12567 13433 D DNS_CACHE: oplus_oplus_getaddrinfo_proxy lookup from netd: hostname:z-m-gateway.facebook.com, servname:443 uid: 10303, result_code:408, res = 0x0, found = 0
07-21 01:48:26.347  5540  5863 D DnsDomainBlock: onDnsEvent: latencyMs=0, returnCode=4, uid=10303
07-21 01:48:26.348 12567 13438 E msgr.msys: E[N mns:DGWClient]_LogError(328)=>Failed to resolve using system DNS resolver, getaddrinfo(): No address associated with hostname
07-21 01:48:26.367 22607 22663 I SystemUi--Statusbar: OplusNetworkSpeedControllExImpl-->updateNetworkSpeed: isConnected:true,isSwitchOn:true,isSuspend:false,isPause:false
07-21 01:48:26.368 22607 22663 I SystemUi--Statusbar: OplusNetworkSpeedControllExImpl-->getTotalByte: totalRxBytes:6100243213,totalTxBytes:603529176,loopbackTxBytes:162408542,loopbackRxBytes:162408542 ,totalBytes:6378955305
07-21 01:48:26.378  3535  6231 I AICCTModule: SensorFilter: brightness threshold 1.2 screenNit is 17.790684 ave enviroment lux is 7.1478133 luxForNit 22.053493demarcationPoint200.0 result is false
07-21 01:48:26.379  3535  6231 I AICCTModule: SensorFilter: findSecondNearestValue, sensorValue: 5300.0 nearestMaxValue:5300.0 secondNearestValue: 5300.0
07-21 01:48:26.379  3535  6231 I AICCTModule: SensorFilter: findSecondNearestValue, sensorValue: 7.147813 nearestMaxValue:7.147813 secondNearestValue: 7.147813
07-21 01:48:26.386  2036  2036 I [UAH_CLIENT]: UahPlatformResAcquire
07-21 01:48:26.386  2036  2036 I [UAH_CLIENT]: UahEventAcquire, cmdid:-3, pkg:2237 8519, identity:qcom-perfd
07-21 01:48:26.391  2036  2181 E ANDR-PERF-RESOURCEQS: ANDR-PERF-RESOURCEQS: AddAndApply() 125: Resource with major=16, minor=0 not supported
07-21 01:48:26.409  2036 31425 I [UAH_CLIENT]: UahRelease, handle:188846
07-21 01:48:26.414  5727  7491 D CommonApp-130-10448: transport layer data is invalid
07-21 01:48:26.415  5727  7491 D CommonApp-130-10162: transport layer data is invalid
07-21 01:48:26.415  5727  7491 D CommonApp-130-10116: transport layer data is invalid
07-21 01:48:26.504  2091  2244 D BatteryChargeControl: bcc get no support from charging protocol
07-21 01:48:26.567 15675 15855 W ContextImpl: Calling a method in the system process without a qualified user: android.app.ContextImpl.startService:2032 android.content.ContextWrapper.startService:865 q2.d.E:83 d2.a.handleMessage:1286 android.os.Handler.dispatchMessage:116 
07-21 01:48:26.594 15675 15695 W com.oplus.sau: Reducing the number of considered missed Gc histogram windows from 270 to 100
07-21 01:48:26.610  3535  4267 E OsenseCommonUtils: write /dev/memcg/memory.force_shrink_file failed
07-21 01:48:26.610  3535  4267 E OsenseCommonUtils: java.io.IOException: write failed: EBUSY (Device or resource busy)
07-21 01:48:26.610  3535  4267 E OsenseCommonUtils: 	at libcore.io.IoBridge.write(IoBridge.java:651)
07-21 01:48:26.610  3535  4267 E OsenseCommonUtils: 	at java.io.FileOutputStream.write(FileOutputStream.java:436)
07-21 01:48:26.610  3535  4267 E OsenseCommonUtils: 	at sun.nio.cs.StreamEncoder.writeBytes(StreamEncoder.java:233)
07-21 01:48:26.610  3535  4267 E OsenseCommonUtils: 	at sun.nio.cs.StreamEncoder.implFlushBuffer(StreamEncoder.java:309)
07-21 01:48:26.610  3535  4267 E OsenseCommonUtils: 	at sun.nio.cs.StreamEncoder.implFlush(StreamEncoder.java:313)
07-21 01:48:26.610  3535  4267 E OsenseCommonUtils: 	at sun.nio.cs.StreamEncoder.flush(StreamEncoder.java:153)
07-21 01:48:26.610  3535  4267 E OsenseCommonUtils: 	at java.io.OutputStreamWriter.flush(OutputStreamWriter.java:248)
07-21 01:48:26.610  3535  4267 E OsenseCommonUtils: 	at com.android.server.oplus.osense.utils.OsenseCommonUtils.writeFile(OsenseCommonUtils.java:163)
07-21 01:48:26.610  3535  4267 E OsenseCommonUtils: 	at com.android.server.am.OplusOsenseCompressAction.doGlobalShrink(OplusOsenseCompressAction.java:1884)
07-21 01:48:26.610  3535  4267 E OsenseCommonUtils: 	at com.android.server.am.OplusOsenseCompressAction.-$$Nest$mdoGlobalShrink(OplusOsenseCompressAction.java:0)
07-21 01:48:26.610  3535  4267 E OsenseCommonUtils: 	at com.android.server.am.OplusOsenseCompressAction$CompressHandler.handleMessage(OplusOsenseCompressAction.java:1294)
07-21 01:48:26.610  3535  4267 E OsenseCommonUtils: 	at android.os.Handler.dispatchMessage(Handler.java:116)
07-21 01:48:26.610  3535  4267 E OsenseCommonUtils: 	at android.os.Looper.loopOnce(Looper.java:306)
07-21 01:48:26.610  3535  4267 E OsenseCommonUtils: 	at android.os.Looper.loop(Looper.java:416)
07-21 01:48:26.610  3535  4267 E OsenseCommonUtils: 	at android.os.HandlerThread.run(HandlerThread.java:85)
07-21 01:48:26.610  3535  4267 E OsenseCommonUtils: Caused by: android.system.ErrnoException: write failed: EBUSY (Device or resource busy)
07-21 01:48:26.610  3535  4267 E OsenseCommonUtils: 	at libcore.io.Linux.writeBytes(Native Method)
07-21 01:48:26.610  3535  4267 E OsenseCommonUtils: 	at libcore.io.Linux.write(Linux.java:342)
07-21 01:48:26.610  3535  4267 E OsenseCommonUtils: 	at libcore.io.ForwardingOs.write(ForwardingOs.java:970)
07-21 01:48:26.610  3535  4267 E OsenseCommonUtils: 	at libcore.io.BlockGuardOs.write(BlockGuardOs.java:463)
07-21 01:48:26.610  3535  4267 E OsenseCommonUtils: 	at libcore.io.IoBridge.write(IoBridge.java:646)
07-21 01:48:26.610  3535  4267 E OsenseCommonUtils: 	... 14 more
07-21 01:48:26.636  1945 16156 I sensors-hal: handle_oplus_wise_rgb_event:160, wise_rgb:(36892)(cct,lux,ir)[5300.00, 8.06, 0.000000](rgbc)[458.20, 203.53, 105.46, 693.74](pwm,hbm,brl,algo)[0.0 0.0 563.0 2.0],flag 0
07-21 01:48:26.637  3535  4399 I CwbClient: setCWBDisplayType set mFeatureID = CWB_RGB_VALUE
07-21 01:48:26.640  2036  2036 I [UAH_CLIENT]: UahPlatformResAcquire
07-21 01:48:26.640  2036  2036 I [UAH_CLIENT]: UahEventAcquire, cmdid:-3, pkg:2237 8520, identity:qcom-perfd
07-21 01:48:26.644  2036  2181 E ANDR-PERF-RESOURCEQS: ANDR-PERF-RESOURCEQS: AddAndApply() 125: Resource with major=16, minor=0 not supported
07-21 01:48:26.648  2237  2763 E HwcComposer: getLuts failed Status(-129, EX_TRANSACTION_FAILED): 'UNKNOWN_TRANSACTION: '
07-21 01:48:26.662  2036 31428 I [UAH_CLIENT]: UahRelease, handle:188847
07-21 01:48:26.664  5826  6269 W Battery : ThermalControllHandler: MSG_THERMAL_CONTROL_CPU_CTRL_CHANGED: ThermalControlState=true, curThermalPolicyCpu=10, curCpu=4, isUserForeground=true
07-21 01:48:26.664  5826  6269 I [UAH_CLIENT]: uahRuleCtl, ruleId:4, status:1
07-21 01:48:26.717  1981  2351 I SDM     : DisplayBase::CommitThread: Received idle timeout, panel: cmd, timeout: 70000 us
07-21 01:48:26.836  3535  4399 D FusionLightNextGen: raw_lux -1.0, raw_cct -1.0, r/g/b/c: 458.2/203.5/105.5/693.7, R/G/B: 28.0/27.0/23.0, bri 563.0, lux: 7.147813, cct: 5300.0, ir: 0.062284, conf: 2, cnt: 0
07-21 01:48:26.838  2375  2375 I adbd    : adbd service requested 'shell,v2,TERM=dumb:export ANDROID_LOG_TAGS=''; exec logcat '-d' '-t' '20000''
07-21 01:48:26.976  1945 16161 I sensors-hal: handle_sns_std_sensor_event:104, oplus rgb_rear sample: (cct, lux, ir, x, y)[1559, 0, 200000, 397, 241]
07-21 01:48:26.976  1945 16161 I sensors-hal: handle_sns_std_sensor_event:106, oplus rgb_rear sample: (r, g, b, c w)[2, 2, 3, 1, 2]
07-21 01:48:27.021  3356  3356 I OplusTouchDaemon: ts_run_service: shellback temperature updated 34 (34300)
07-21 01:48:27.203  2375  2375 I adbd    : adbd service requested 'shell,v2,TERM=dumb:export ANDROID_LOG_TAGS=''; exec logcat '-d' '-t' '20000''
07-21 01:48:27.244  1945  2014 I sensors-hal: handle_sns_client_event:316, accel_sample: 0: ts=184301280322069 ns; value = [-0.137966, 0.466570, 9.840169], status=3
07-21 01:48:27.271  6378  6474 E horae   : 0: target_temp:34300, back:34300,frame:34300,front:34300, 4, +(0), 1 ,34300, algo:0
07-21 01:48:27.279  3535  3783 D osense.compress: com.instagram.android do shrink, target ratio = 45, final ratio = 90, cur ratio = 0
07-21 01:48:27.332  2091  6948 D charge_time: type=sdp,reserve_soc=3,soc=36,ui_soc=38,current=76,avg=76,not_chg_cnt=0,stable_cnt=7,fcc=4672,fcc_ratio=91,delta=577,debug=0,region=19,ttf=66192(18:23:12),ui_ttf=0(00:00:00)
07-21 01:48:27.424  5727  5727 D VendorWifiService: onEvent event:9,action:1
07-21 01:48:27.430  3535  4685 D ScorerUtils: isLowTraffic: txTputKBps=0, rxTputKBps=1
07-21 01:48:27.430  3535  4685 D OplusWifiPower_TriggerCenter: mComponentCallback: wifistat
07-21 01:48:27.439  5727  7491 D CommonApp-130-10448: transport layer data is invalid
07-21 01:48:27.439  5727  7491 D CommonApp-130-10162: transport layer data is invalid
07-21 01:48:27.439  2036  2036 I [UAH_CLIENT]: UahPlatformResAcquire
07-21 01:48:27.439  5727  7491 D CommonApp-130-10116: transport layer data is invalid
07-21 01:48:27.439  2036  2036 I [UAH_CLIENT]: UahEventAcquire, cmdid:-3, pkg:2237 8517, identity:qcom-perfd
07-21 01:48:27.442  2036  2181 E ANDR-PERF-RESOURCEQS: ANDR-PERF-RESOURCEQS: AddAndApply() 125: Resource with major=16, minor=0 not supported
07-21 01:48:27.452  2237  2763 E HwcComposer: getLuts failed Status(-129, EX_TRANSACTION_FAILED): 'UNKNOWN_TRANSACTION: '
07-21 01:48:27.460  2036 31438 I [UAH_CLIENT]: UahRelease, handle:188849
07-21 01:48:27.505  2091  2244 D BatteryChargeControl: bcc get no support from charging protocol
07-21 01:48:27.521  1981  2351 I SDM     : DisplayBase::CommitThread: Received idle timeout, panel: cmd, timeout: 70000 us
07-21 01:48:27.636  1945 16156 I sensors-hal: handle_oplus_wise_rgb_event:160, wise_rgb:(36897)(cct,lux,ir)[5300.00, 8.39, 0.000000](rgbc)[442.93, 203.53, 90.39, 693.74](pwm,hbm,brl,algo)[0.0 0.0 563.0 2.0],flag 0
07-21 01:48:27.654  3535  3613 E BLASTSyncEngine: WM sent Transaction (#7284, Transition-OPEN, tx=15182710250406) to organizer, but never received commit callback. Application ANR likely to follow.
07-21 01:48:27.654  3535  3613 I BLASTSyncEngineExtImpl: syncTransitionCommitTimeout  syncGroupId=7284,merged.mNativeObjec=-5476376676555352704
07-21 01:48:27.654  3535  3613 I BLASTSyncEngine: onCommitted syncId: 7284, timeout: true ran: false
07-21 01:48:27.656  2036  2036 I [UAH_CLIENT]: UahPlatformResAcquire
07-21 01:48:27.656  2036  2036 I [UAH_CLIENT]: UahEventAcquire, cmdid:-3, pkg:2237 8518, identity:qcom-perfd
07-21 01:48:27.659  2036  2181 E ANDR-PERF-RESOURCEQS: ANDR-PERF-RESOURCEQS: AddAndApply() 125: Resource with major=16, minor=0 not supported
07-21 01:48:27.677  2036 31440 I [UAH_CLIENT]: UahRelease, handle:188850
07-21 01:48:27.711  3256  3256 I cnss-daemon: nl80211 response handler invoked
07-21 01:48:27.711  3256  3256 I cnss-daemon: nl80211_response_handler: cmd 103, vendorID 4980, subcmd 13  received
07-21 01:48:27.711  1959  2644 I WifiHAL : event received NL80211_CMD_VENDOR, vendor_id = 0x1374, subcmd = 0xd
07-21 01:48:28.190  2036  2036 I [UAH_CLIENT]: UahPlatformResAcquire
07-21 01:48:28.191  2036  2036 I [UAH_CLIENT]: UahEventAcquire, cmdid:-3, pkg:2237 8519, identity:qcom-perfd
07-21 01:48:28.195  2036  2181 E ANDR-PERF-RESOURCEQS: ANDR-PERF-RESOURCEQS: AddAndApply() 125: Resource with major=16, minor=0 not supported
07-21 01:48:28.214  2036 31442 I [UAH_CLIENT]: UahRelease, handle:188851
07-21 01:48:28.236  1945 25577 I sensors-hal: handle_oplus_wise_rgb_event:189, high_pwm_light:lux 8.4,cct 5300.0,brl/algo/ir 563.0/2.0/0.0,pwm/dc 0.0/0.0,rgbc 442.925110/203.526428/90.392227/693.742798,ts 184302492101808,cnt 36900,flag 0
07-21 01:48:28.249  1945  2014 I sensors-hal: handle_sns_client_event:316, accel_sample: 0: ts=184302286189881 ns; value = [-0.142754, 0.452204, 9.830592], status=3
07-21 01:48:28.336  2091  6948 D charge_time: type=sdp,reserve_soc=3,soc=36,ui_soc=38,current=99,avg=80,not_chg_cnt=0,stable_cnt=7,fcc=4672,fcc_ratio=91,delta=578,debug=0,region=19,ttf=62853(17:27:33),ui_ttf=0(00:00:00)
07-21 01:48:28.463  5727  7491 D CommonApp-130-10448: transport layer data is invalid
07-21 01:48:28.464  5727  7491 D CommonApp-130-10162: transport layer data is invalid
07-21 01:48:28.464  5727  7491 D CommonApp-130-10116: transport layer data is invalid
07-21 01:48:28.506  2091  2244 D BatteryChargeControl: bcc get no support from charging protocol
07-21 01:48:28.637  1945 16156 I sensors-hal: handle_oplus_wise_rgb_event:160, wise_rgb:(36902)(cct,lux,ir)[5300.00, 7.67, 0.000000](rgbc)[442.93, 203.53, 90.39, 678.66](pwm,hbm,brl,algo)[0.0 0.0 563.0 2.0],flag 0
07-21 01:48:28.829  1828  8590 E         : DNS_CACHE: hanle request << lookupdns: hostname:test-gateway.instagram.com, servername:443, ai_flags:1024, ai_family:0, ai_socktype:2, ai_protocol:0, netid:0, uid:10526
07-21 01:48:28.830 16359 16659 D DNS_CACHE: oplus_oplus_getaddrinfo_proxy lookup from netd: hostname:test-gateway.instagram.com, servname:443 uid: 10526, result_code:408, res = 0x0, found = 0
07-21 01:48:28.834  5540  5863 D DnsDomainBlock: onDnsEvent: latencyMs=0, returnCode=4, uid=10526
07-21 01:48:28.835 16359 16656 E msys    : E[N mns:DGWClient]_LogError(328)=>Failed to resolve using system DNS resolver, getaddrinfo(): No address associated with hostname
07-21 01:48:28.835  1828  8590 E         : DNS_CACHE: hanle request << lookupdns: hostname:test-gateway.instagram.com, servername:443, ai_flags:1024, ai_family:0, ai_socktype:1, ai_protocol:0, netid:0, uid:10526
07-21 01:48:28.835 16359 16660 D DNS_CACHE: oplus_oplus_getaddrinfo_proxy lookup from netd: hostname:test-gateway.instagram.com, servname:443 uid: 10526, result_code:408, res = 0x0, found = 0
07-21 01:48:28.837  3535  4399 I CwbClient: setCWBDisplayType set mFeatureID = CWB_RGB_VALUE
07-21 01:48:28.837 16359 16656 E msys    : E[N mns:DGWClient]_LogError(328)=>Failed to resolve using system DNS resolver, getaddrinfo(): No address associated with hostname
07-21 01:48:28.842  2036  2036 I [UAH_CLIENT]: UahPlatformResAcquire
07-21 01:48:28.842  2036  2036 I [UAH_CLIENT]: UahEventAcquire, cmdid:-3, pkg:2237 8520, identity:qcom-perfd
07-21 01:48:28.843  2036  2181 E ANDR-PERF-RESOURCEQS: ANDR-PERF-RESOURCEQS: AddAndApply() 125: Resource with major=16, minor=0 not supported
07-21 01:48:28.847  2237  2763 E HwcComposer: getLuts failed Status(-129, EX_TRANSACTION_FAILED): 'UNKNOWN_TRANSACTION: '
07-21 01:48:28.861  2036 31447 I [UAH_CLIENT]: UahRelease, handle:188852
07-21 01:48:28.883  2041 18836 V Codec2-DumpInput: [processLoop:L697][c2.qti.avc.decoder_56]QueueRead[0] empty, waiting buffer.
07-21 01:48:28.906  2375  2375 I adbd    : adbd service requested 'shell,v2,TERM=dumb:export ANDROID_LOG_TAGS=''; exec logcat '-d' '-t' '20000''
07-21 01:48:28.916  1981  2351 I SDM     : DisplayBase::CommitThread: Received idle timeout, panel: cmd, timeout: 70000 us
07-21 01:48:29.037  3535  4399 D FusionLightNextGen: raw_lux -1.0, raw_cct -1.0, r/g/b/c: 442.9/203.5/90.4/693.7, R/G/B: 28.0/27.0/23.0, bri 563.0, lux: 7.147813, cct: 5300.0, ir: 0.034873, conf: 2, cnt: 0
07-21 01:48:29.040  3535  6231 I AICCTModule: SensorFilter: brightness threshold 1.2 screenNit is 17.790684 ave enviroment lux is 7.1478133 luxForNit 22.053493demarcationPoint200.0 result is false
07-21 01:48:29.041  3535  6231 I AICCTModule: SensorFilter: findSecondNearestValue, sensorValue: 5300.0 nearestMaxValue:5300.0 secondNearestValue: 5300.0
