07-21 01:48:51.051 22607 22640 D AdfrV32FrameRateUtils: set frameRate in trantion end, leash=Surface(name=Task=3663)/@0x2cc91d9, transaction=android.view.SurfaceControl$Transaction@3e7752a, precisionType=1, typeId=20101, typeEnable=false
07-21 01:48:51.052 22607 22640 D AdfrV32FrameRateUtils: set frameRate in trantion end, leash=Surface(name=Task=3574)/@0x4e06420, transaction=android.view.SurfaceControl$Transaction@3e7752a, precisionType=1, typeId=20101, typeEnable=false
07-21 01:48:51.053 22607 22634 D OplusShellTransition: DefaultTransitionHandler#onAnimFinish=> transition=android.os.BinderProxy@22af0b4, backAnimContinue=false, callers=com.android.wm.shell.transition.DefaultTransitionHandler.$r8$lambda$qit_acjra9f3RQ8hSt3jhZnv1GI:1 com.android.wm.shell.transition.DefaultTransitionHandler$$ExternalSyntheticLambda7.run:15 com.android.wm.shell.transition.DefaultSurfaceAnimator.lambda$buildSurfaceAnimation$0:4 com.android.wm.shell.transition.DefaultSurfaceAnimator.$r8$lambda$DFi5R7gkYfrNm_lAsGpJa97uO-M:1 com.android.wm.shell.transition.DefaultSurfaceAnimator$$ExternalSyntheticLambda0.run:7 android.os.Handler.handleCallback:1001 android.os.Handler.dispatchMessage:109 android.os.Looper.loopOnce:306 
07-21 01:48:51.056 22607 22634 V WindowManagerShell: Transition animation finished (aborted=false), notifying core (#7286) android.os.BinderProxy@22af0b4@0
07-21 01:48:51.056 22607 22634 D SplitScreen-->AppLockManager: setStartFromSafeControl mStartFromSafeControl=false
07-21 01:48:51.057 22607 22634 D ShellTaskOrganizerExt: adjust change for exiting mini task: -1
07-21 01:48:51.060  3535  8999 D Transition: finishTransition ar ActivityRecord{177274428 u0 com.nvidia.shield.remote/.MainActivity t3574}, isVisibleRequested=true, state=RESUMED, visibleAtTransitionEndTokens={ActivityRecord{177274428 u0 com.nvidia.shield.remote/.MainActivity t3574}}, this=TransitionRecord{267a567 id=7286 track=0 type=CLOSE flags=0x0 state=2 c=[
07-21 01:48:51.060  3535  8999 D Transition:    ChangeInfo{f30ff14 container=Display{#0 state=ON size=1440x3168 ROTATION_0} flags=0x0}
07-21 01:48:51.060  3535  8999 D Transition:    ChangeInfo{30ce3bd container=Task{2be771c #3663 type=standard A=10448:rd.sheepskin.sandboxmusic} flags=0x0}
07-21 01:48:51.060  3535  8999 D Transition:    ChangeInfo{b0ebdb2 container=DefaultTaskDisplayArea@124522564 flags=0x0}
07-21 01:48:51.060  3535  8999 D Transition:    ChangeInfo{cbf3103 container=ActivityRecord{177274428 u0 com.nvidia.shield.remote/.MainActivity t3574} flags=0x0}
07-21 01:48:51.060  3535  8999 D Transition:    ChangeInfo{9a8f880 container=ActivityRecord{180870126 u0 rd.sheepskin.sandboxmusic/.MainActivity t3663 f} isExiting} flags=0x0}
07-21 01:48:51.060  3535  8999 D Transition:    ChangeInfo{ba8feb9 container=Task{c3c751a #3574 type=standard A=10396:com.nvidia.shield.remote} flags=0x30}
07-21 01:48:51.060  3535  8999 D Transition: ]
07-21 01:48:51.060  3535  8999 D Transition: }
07-21 01:48:51.060  3535  8999 D Transition: finishTransition ar ActivityRecord{180870126 u0 rd.sheepskin.sandboxmusic/.MainActivity t3663 f} isExiting}, isVisibleRequested=false, state=DESTROYED, visibleAtTransitionEndTokens={ActivityRecord{177274428 u0 com.nvidia.shield.remote/.MainActivity t3574}}, this=TransitionRecord{267a567 id=7286 track=0 type=CLOSE flags=0x0 state=2 c=[
07-21 01:48:51.060  3535  8999 D Transition:    ChangeInfo{f30ff14 container=Display{#0 state=ON size=1440x3168 ROTATION_0} flags=0x0}
07-21 01:48:51.060  3535  8999 D Transition:    ChangeInfo{30ce3bd container=Task{2be771c #3663 type=standard A=10448:rd.sheepskin.sandboxmusic} flags=0x0}
07-21 01:48:51.060  3535  8999 D Transition:    ChangeInfo{b0ebdb2 container=DefaultTaskDisplayArea@124522564 flags=0x0}
07-21 01:48:51.060  3535  8999 D Transition:    ChangeInfo{cbf3103 container=ActivityRecord{177274428 u0 com.nvidia.shield.remote/.MainActivity t3574} flags=0x0}
07-21 01:48:51.060  3535  8999 D Transition:    ChangeInfo{9a8f880 container=ActivityRecord{180870126 u0 rd.sheepskin.sandboxmusic/.MainActivity t3663 f} isExiting} flags=0x0}
07-21 01:48:51.060  3535  8999 D Transition:    ChangeInfo{ba8feb9 container=Task{c3c751a #3574 type=standard A=10396:com.nvidia.shield.remote} flags=0x30}
07-21 01:48:51.060  3535  8999 D Transition: ]
07-21 01:48:51.060  3535  8999 D Transition: }
07-21 01:48:51.060  3535  8999 D ActivityTaskManager: commitVisibility: ActivityRecord{180870126 u0 rd.sheepskin.sandboxmusic/.MainActivity t3663 f} isExiting}: visible=false visibleRequested=false, isInTransition=false 
07-21 01:48:51.060  3535  8999 D WindowManager: NFW_setClientVisible:ActivityRecord{180870126 u0 rd.sheepskin.sandboxmusic/.MainActivity t3663 f} isExiting} clientVisible:false
07-21 01:48:51.061  3535  8999 E IPCThreadState: Binder transaction failure. id: 83174638, BR_*: 29189, error: -22 (Invalid argument)
07-21 01:48:51.061  3535  8999 W ActivityManager: pid 3535 system sent binder code 7 with flags 1 to frozen apps and got error -32
07-21 01:48:51.062  3535  8999 W WindowManager: Exception thrown during dispatchAppVisibility Window{bf62230 u0 rd.sheepskin.sandboxmusic/rd.sheepskin.sandboxmusic.MainActivity EXITING}
07-21 01:48:51.062  3535  8999 W WindowManager: android.os.DeadObjectException
07-21 01:48:51.062  3535  8999 W WindowManager: 	at android.os.BinderProxy.transactNative(Native Method)
07-21 01:48:51.062  3535  8999 W WindowManager: 	at android.os.BinderProxy.transact(BinderProxy.java:685)
07-21 01:48:51.062  3535  8999 W WindowManager: 	at android.view.IWindow$Stub$Proxy.dispatchAppVisibility(IWindow.java:609)
07-21 01:48:51.062  3535  8999 W WindowManager: 	at com.android.server.wm.WindowState.sendAppVisibilityToClients(WindowState.java:3688)
07-21 01:48:51.062  3535  8999 W WindowManager: 	at com.android.server.wm.WindowContainer.sendAppVisibilityToClients(WindowContainer.java:1500)
07-21 01:48:51.062  3535  8999 W WindowManager: 	at com.android.server.wm.WindowToken.setClientVisible(WindowToken.java:427)
07-21 01:48:51.062  3535  8999 W WindowManager: 	at com.android.server.wm.ActivityRecord.setClientVisible(ActivityRecord.java:8353)
07-21 01:48:51.062  3535  8999 W WindowManager: 	at com.android.server.wm.ActivityRecord.commitVisibility(ActivityRecord.java:6850)
07-21 01:48:51.062  3535  8999 W WindowManager: 	at com.android.server.wm.Transition.finishTransition(Transition.java:1717)
07-21 01:48:51.062  3535  8999 W WindowManager: 	at com.android.server.wm.TransitionController.finishTransition(TransitionController.java:1185)
07-21 01:48:51.062  3535  8999 W WindowManager: 	at com.android.server.wm.WindowOrganizerController.finishTransition(WindowOrganizerController.java:614)
07-21 01:48:51.062  3535  8999 W WindowManager: 	at android.window.IWindowOrganizerController$Stub.onTransact(IWindowOrganizerController.java:376)
07-21 01:48:51.062  3535  8999 W WindowManager: 	at com.android.server.wm.WindowOrganizerController.onTransact(WindowOrganizerController.java:241)
07-21 01:48:51.062  3535  8999 W WindowManager: 	at android.os.Binder.execTransactInternal(Binder.java:1443)
07-21 01:48:51.062  3535  8999 W WindowManager: 	at android.os.Binder.execTransact(Binder.java:1382)
07-21 01:48:51.062  3535  8999 W Process : Unable to open /proc/29926/status
07-21 01:48:51.062  3535  8999 I WindowManager: Window{bf62230 u0 rd.sheepskin.sandboxmusic/rd.sheepskin.sandboxmusic.MainActivity EXITING} state from HAS_DRAWN to DRAW_PENDING; reason: resetDrawState
07-21 01:48:51.062  3535  8999 I OplusAppSwitchManagerService:  handleAppVisible , r = ActivityRecord{177274428 u0 com.nvidia.shield.remote/.MainActivity t3574}
07-21 01:48:51.064  3535  8999 D WindowManager: NFW_findFocusedWindowIfNeeded:Window{582bdfd u0 com.nvidia.shield.remote/com.nvidia.shield.remote.MainActivity} mCurrentFocus:Window{582bdfd u0 com.nvidia.shield.remote/com.nvidia.shield.remote.MainActivity}
07-21 01:48:51.066  3535  8977 D Transition: finishTransaction-onCommitted syncId=7286
07-21 01:48:51.068  3535  8999 I TaskOrganizerController: onTaskInfoChanged taskid 3574 config { mBounds=Rect(0, 0 - 1440, 3168) mAppBounds=Rect(0, 0 - 1440, 3168) mMaxBounds=Rect(0, 0 - 1440, 3168) mDisplayRotation=ROTATION_0 mWindowingMode=fullscreen mActivityType=standard mAlwaysOnTop=undefined mRotation=ROTATION_0}
07-21 01:48:51.069  3535  8999 D OplusFlexibleDragToSplitAnimController: visibleFlexibleTaskInfos delete:3574
07-21 01:48:51.069  3535  8999 E FlexibleWindowManagerService: notifyTaskObserverToAttachController not need to notify!
07-21 01:48:51.069  3535  8999 I FlexibleWindowManagerService: onFlexibleWindowTaskInfoChanged, return for cur task not embedded
07-21 01:48:51.070  3535  8999 I TaskOrganizerController: onTaskInfoChanged taskid 3663 config { mBounds=Rect(0, 0 - 1440, 3168) mAppBounds=Rect(0, 0 - 1440, 3168) mMaxBounds=Rect(0, 0 - 1440, 3168) mDisplayRotation=ROTATION_0 mWindowingMode=fullscreen mActivityType=standard mAlwaysOnTop=undefined mRotation=ROTATION_0}
07-21 01:48:51.070  3535  8999 D OplusFlexibleDragToSplitAnimController: visibleFlexibleTaskInfos delete:3663
07-21 01:48:51.070  3535  8999 E FlexibleWindowManagerService: notifyTaskObserverToAttachController not need to notify!
07-21 01:48:51.070  3535  8999 I FlexibleWindowManagerService: onFlexibleWindowTaskInfoChanged, return for cur task not embedded
07-21 01:48:51.071  3535  8999 D ActivityTaskManager: removeAppToken: ActivityRecord{180870126 u0 rd.sheepskin.sandboxmusic/.MainActivity t3663 f}} delayed=false parent=Task{2be771c #3663 type=standard A=10448:rd.sheepskin.sandboxmusic} animating=false Callers=com.android.server.wm.ActivityRecord.removeImmediately:5361 com.android.server.wm.WindowToken.removeIfPossible:267 com.android.server.wm.WindowToken.handleCompleteDeferredRemoval:273 com.android.server.wm.WindowContainer.handleCompleteDeferredRemoval:1650 
07-21 01:48:51.071  3535  8999 D WindowManager: NFW_findFocusedWindowIfNeeded:Window{582bdfd u0 com.nvidia.shield.remote/com.nvidia.shield.remote.MainActivity} mCurrentFocus:Window{582bdfd u0 com.nvidia.shield.remote/com.nvidia.shield.remote.MainActivity}
07-21 01:48:51.072  3535  8999 I WindowManager: Window{bf62230 u0 rd.sheepskin.sandboxmusic/rd.sheepskin.sandboxmusic.MainActivity EXITING} state from DRAW_PENDING to NO_SURFACE; reason: destroySurface
07-21 01:48:51.075  3535  8999 D OplusMirageWindowManagerService: onTaskRemoved displayid:0 taskId:3663 callers:com.android.server.wm.MirageWindowManagerExtImpl.onTaskRemoved:47 com.android.server.wm.TaskDisplayArea.removeChildTask:391 com.android.server.wm.TaskDisplayArea.removeChild:380 com.android.server.wm.WindowContainer.removeImmediately:1099 com.android.server.wm.TaskFragment.removeImmediately:3773 
07-21 01:48:51.075  1945 16161 I sensors-hal: handle_sns_std_sensor_event:104, oplus rgb_rear sample: (cct, lux, ir, x, y)[29982, 0, 150000, 460, 110]
07-21 01:48:51.075  1945 16161 I sensors-hal: handle_sns_std_sensor_event:106, oplus rgb_rear sample: (r, g, b, c w)[2, 1, 3, 2, 3]
07-21 01:48:51.075  3535  8999 D OplusAlwaysAliveManager: removing: 3663, ComponentInfo{rd.sheepskin.sandboxmusic/rd.sheepskin.sandboxmusic.MainActivity}
07-21 01:48:51.076  3535  8999 D ActivityTaskManager: The isLandscapeFullscreenEnabled is: com.nvidia.shield.remote/.MainActivity
07-21 01:48:51.076  3535  8999 D OplusTransitionController: finishTransition, transition: TransitionRecord{267a567 id=7286 track=0 type=CLOSE flags=0x0 state=4 c=[
07-21 01:48:51.076  3535  8999 D OplusTransitionController:    ChangeInfo{f30ff14 container=Display{#0 state=ON size=1440x3168 ROTATION_0} flags=0x0}
07-21 01:48:51.076  3535  8999 D OplusTransitionController:    ChangeInfo{30ce3bd container=Task{2be771c #3663 type=standard A=10448:rd.sheepskin.sandboxmusic} flags=0x0}
07-21 01:48:51.076  3535  8999 D OplusTransitionController:    ChangeInfo{b0ebdb2 container=DefaultTaskDisplayArea@124522564 flags=0x0}
07-21 01:48:51.076  3535  8999 D OplusTransitionController:    ChangeInfo{cbf3103 container=ActivityRecord{177274428 u0 com.nvidia.shield.remote/.MainActivity t3574} flags=0x0}
07-21 01:48:51.076  3535  8999 D OplusTransitionController:    ChangeInfo{9a8f880 container=ActivityRecord{180870126 u0 rd.sheepskin.sandboxmusic/.MainActivity t-1 f}} flags=0x0}
07-21 01:48:51.076  3535  8999 D OplusTransitionController:    ChangeInfo{ba8feb9 container=Task{c3c751a #3574 type=standard A=10396:com.nvidia.shield.remote} flags=0x30}
07-21 01:48:51.076  3535  8999 D OplusTransitionController: ]
07-21 01:48:51.076  3535  8999 D OplusTransitionController: }
07-21 01:48:51.076  3535  8999 D FlexibleTaskTransitionController:  finishTransition pendingRecentToFlexibleTask:null,isRotationTransition:false ,pendingRecentToFlexible:null ,transition:TransitionRecord{267a567 id=7286 track=0 type=CLOSE flags=0x0 state=4 c=[
07-21 01:48:51.076  3535  8999 D FlexibleTaskTransitionController:    ChangeInfo{f30ff14 container=Display{#0 state=ON size=1440x3168 ROTATION_0} flags=0x0}
07-21 01:48:51.076  3535  8999 D FlexibleTaskTransitionController:    ChangeInfo{30ce3bd container=Task{2be771c #3663 type=standard A=10448:rd.sheepskin.sandboxmusic} flags=0x0}
07-21 01:48:51.076  3535  8999 D FlexibleTaskTransitionController:    ChangeInfo{b0ebdb2 container=DefaultTaskDisplayArea@124522564 flags=0x0}
07-21 01:48:51.076  3535  8999 D FlexibleTaskTransitionController:    ChangeInfo{cbf3103 container=ActivityRecord{177274428 u0 com.nvidia.shield.remote/.MainActivity t3574} flags=0x0}
07-21 01:48:51.076  3535  8999 D FlexibleTaskTransitionController:    ChangeInfo{9a8f880 container=ActivityRecord{180870126 u0 rd.sheepskin.sandboxmusic/.MainActivity t-1 f}} flags=0x0}
07-21 01:48:51.076  3535  8999 D FlexibleTaskTransitionController:    ChangeInfo{ba8feb9 container=Task{c3c751a #3574 type=standard A=10396:com.nvidia.shield.remote} flags=0x30}
07-21 01:48:51.076  3535  8999 D FlexibleTaskTransitionController: ]
07-21 01:48:51.076  3535  8999 D FlexibleTaskTransitionController: }
07-21 01:48:51.077  3535  8999 D SnapshotCache: removeRunningEntry id: 3574, callers=com.android.server.wm.SnapshotCache.onIdRemoved:126 com.android.server.wm.TaskSnapshotController.removeAndDeleteSnapshot:408 com.android.server.wm.SnapshotController.onTransitionFinish:254 
07-21 01:48:51.077  3535  8999 D TransitionControllerExtImpl: NFW_send RECOMPUTE_FOCUS in finishTransition
07-21 01:48:51.078 22607 22634 D ShellTaskOrganizer: onTransitionFinish, isRecent:false
07-21 01:48:51.078 22607 22634 V WindowManagerShell: Track 0 became idle
07-21 01:48:51.078 22607 22634 V WindowManagerShell: All active transition animations finished
07-21 01:48:51.078 22607 22634 D ShellTaskOrganizerExt: visibleFlexibleTaskInfos delete:3574
07-21 01:48:51.078 22607 22634 D ShellTaskOrganizerExt: isOnCanvas size:0
07-21 01:48:51.078 22607 22634 D ShellTaskOrganizerExt: isOnThreeFlexibleCanvas size:0
07-21 01:48:51.078 22607 22634 D ShellTaskOrganizerExt: visibleFlexibleTaskInfos delete:3663
07-21 01:48:51.078 22607 22634 D ShellTaskOrganizerExt: isOnCanvas size:0
07-21 01:48:51.078 22607 22634 D ShellTaskOrganizerExt: isOnThreeFlexibleCanvas size:0
07-21 01:48:51.079  3535  3614 D OplusFlexibleWindowMinimizedManagerHelper: onTaskVanished taskInfo:3663 task:Task{2be771c #3663 type=standard A=10448:rd.sheepskin.sandboxmusic}
07-21 01:48:51.080  3535  3614 D OplusFlexibleDragToSplitAnimController: visibleFlexibleTaskInfos delete:3663
07-21 01:48:51.080  3535  3614 D FlexibleTaskController: no need releaseFlexibleCaptionView or destroyFlexibleDragLeash when non-caption-view-task vanished, task=Task{2be771c #3663 type=standard A=10448:rd.sheepskin.sandboxmusic}
07-21 01:48:51.080  3535  3614 D FlexibleWindowManagerService: notifyFlexibleTaskVanish taskId : 3663 is not taskEmbedded
07-21 01:48:51.080  3535  3614 D FlexibleWindowManagerService: onFlexibleWindowTaskVanished: task = 3663,size:0
07-21 01:48:51.080  3535  3614 D OplusFlexibleWindowMinimizedManagerHelper: onTaskVanished taskInfo:3663 task:Task{2be771c #3663 type=standard A=10448:rd.sheepskin.sandboxmusic}
07-21 01:48:51.080  3535  3614 D OplusFlexibleDragToSplitAnimController: visibleFlexibleTaskInfos delete:3663
07-21 01:48:51.080  3535  3614 D FlexibleTaskController: no need releaseFlexibleCaptionView or destroyFlexibleDragLeash when non-caption-view-task vanished, task=Task{2be771c #3663 type=standard A=10448:rd.sheepskin.sandboxmusic}
07-21 01:48:51.080  3535  3614 D FlexibleWindowManagerService: notifyFlexibleTaskVanish taskId : 3663 is not taskEmbedded
07-21 01:48:51.080  3535  3614 D FlexibleWindowManagerService: onFlexibleWindowTaskVanished: task = 3663,size:0
07-21 01:48:51.080 22607 22634 D ShellTaskOrganizer: Task vanished taskId=3663
07-21 01:48:51.080 22607 22634 D ShellTaskOrganizerExt: visibleFlexibleTaskInfos delete:3663
07-21 01:48:51.080 22607 22634 D ShellTaskOrganizerExt: isOnCanvas size:0
07-21 01:48:51.080 22607 22634 D ShellTaskOrganizerExt: isOnThreeFlexibleCanvas size:0
07-21 01:48:51.080 22607 22634 D FlexibleSeekBarManager: removeAlpha for taskId=3663
07-21 01:48:51.080  5167 24707 W OPLUS_LOG_LOAD: ==LOGS PROG INFO, prog(com.android.launcher) ==
07-21 01:48:51.080  5167 24707 I TaskStackChangeListeners: onTaskRemoved(), cur=3663
07-21 01:48:51.081  5167 24707 I TaskStackChangeListeners: onTaskRemoved(), cur=3663
07-21 01:48:51.081  5167 19902 I SystemUiProxy: SystemUiProxy#getRecentTasks isInGoRecentsAnim: false
07-21 01:48:51.081  3535  3801 D VRR [OPlusRefreshRateService]:  setDirectorStates [flag: 1, state: 0, directorStateOff: 0]
07-21 01:48:51.081  2237  2444 D VRR [RefreshRateDirector]: updateState mState = 1
07-21 01:48:51.081 22607 22634 D ZoomController: onTaskRemoved
07-21 01:48:51.081 22607 22634 D ZoomController: onTaskRemoved
07-21 01:48:51.082  3535  3613 D WindowManager: NFW_findFocusedWindowIfNeeded:Window{582bdfd u0 com.nvidia.shield.remote/com.nvidia.shield.remote.MainActivity} mCurrentFocus:Window{582bdfd u0 com.nvidia.shield.remote/com.nvidia.shield.remote.MainActivity}
07-21 01:48:51.082  3535  8977 D ActivityTaskManager: Skipping, invisible task: Task{3d3ed86 #3150 type=recents I=com.android.launcher/com.android.quickstep.RecentsActivity}
07-21 01:48:51.083  3535  8977 D ActivityTaskManager: Skipping, invisible task: Task{51738c6 #3149 type=home I=com.teslacoilsw.launcher/.NovaLauncher}
07-21 01:48:51.083  3535  8977 D ActivityTaskManager: Skipping, invisible task: Task{2b29ac8 #5 type=home A=1000:com.android.settings.FallbackHome nonResizable}
07-21 01:48:51.084  3535  8977 D ActivityTaskManager: after skip size:10,pre-Filtered:[com.android.vending 3660, rd.sheepskin.sandboxmusic 3663, com.instagram.android 3649, com.google.android.googlequicksearchbox 3590, com.oppo.quicksearchbox 1975, com.nvidia.shield.remote 3574, org.telegram.messenger 3652, com.android.settings 3584, com.reddit.frontpage 3577, com.google.android.googlequicksearchbox 3566]
07-21 01:48:51.090  5167 19902 I SystemUiProxy: SystemUiProxy#getRecentTasks isInGoRecentsAnim: false
07-21 01:48:51.090  3535  3625 W UserAwareMgr: event can not be released, id: 2020, count: 2, releasePid: 5167
07-21 01:48:51.091  3535  8977 D ActivityTaskManager: Skipping, invisible task: Task{3d3ed86 #3150 type=recents I=com.android.launcher/com.android.quickstep.RecentsActivity}
07-21 01:48:51.091  3535  8977 D ActivityTaskManager: Skipping, invisible task: Task{51738c6 #3149 type=home I=com.teslacoilsw.launcher/.NovaLauncher}
07-21 01:48:51.091  3535  8977 D ActivityTaskManager: Skipping, invisible task: Task{2b29ac8 #5 type=home A=1000:com.android.settings.FallbackHome nonResizable}
07-21 01:48:51.091  3535  8977 D ActivityTaskManager: after skip size:10,pre-Filtered:[com.android.vending 3660, rd.sheepskin.sandboxmusic 3663, com.instagram.android 3649, com.google.android.googlequicksearchbox 3590, com.oppo.quicksearchbox 1975, com.nvidia.shield.remote 3574, org.telegram.messenger 3652, com.android.settings 3584, com.reddit.frontpage 3577, com.google.android.googlequicksearchbox 3566]
07-21 01:48:51.098  2237  2237 E BpTransactionCompletedListener: Failed to transact (-32)
07-21 01:48:51.155  2237  2763 E HwcComposer: getLuts failed Status(-129, EX_TRANSACTION_FAILED): 'UNKNOWN_TRANSACTION: '
07-21 01:48:51.171  1981  2351 I SDM     : DisplayBase::CommitThread: Received idle timeout, panel: cmd, timeout: 70000 us
07-21 01:48:51.361  1945  2014 I sensors-hal: handle_sns_client_event:316, accel_sample: 0: ts=184325436834933 ns; value = [-0.142754, 0.456993, 9.878476], status=3
07-21 01:48:51.373  5727  7623 D ActivityAdapter: taskActivityChange: overlayLauncherScene = 0, mIsScreenOn = true
07-21 01:48:51.374  5727  7623 D ActivityAdapter: taskChange: pre: 2, cur: 2, changed:true
07-21 01:48:51.374  5727  7623 D ActivityAdapter: app rd.sheepskin.sandboxmusic; rd.sheepskin.sandboxmusic.MainActivity; 1; COMMON; 10448; 0; 0 exit
07-21 01:48:51.374  5727  7623 D ActivityAdapter: isEnterBGAppScene, mActiveUidMap has no app rd.sheepskin.sandboxmusic
07-21 01:48:51.375  5727  7623 D ActivityAdapter: notifyActivityQuery: [com.nvidia.shield.remote; com.nvidia.shield.remote.MainActivity; 1; COMMON; 10396; 0; 0, com.android.vending; com.google.android.finsky.activities.MainActivity; 1; COMMON; 10116; 0; 0]
07-21 01:48:51.375  5727  7623 D OPlusFrontAppManager: useAdapterResult, pkg=com.nvidia.shield.remote,activity=com.nvidia.shield.remote.MainActivity,result=true
07-21 01:48:51.375  5727  7623 D OPlusFrontAppManager: useAdapterResult, pkg=com.android.vending,activity=com.google.android.finsky.activities.MainActivity,result=true
07-21 01:48:51.375  5727  7623 D OPlusFrontAppManager: decide -->> [com.nvidia.shield.remote; com.nvidia.shield.remote.MainActivity; 1; COMMON; 10396; 0; 0, com.android.vending; com.google.android.finsky.activities.MainActivity; 1; COMMON; 10116; 0; 0]
07-21 01:48:51.375  5727  7623 D ActivityAdapter: notifyActivityQuery: [com.nvidia.shield.remote; com.nvidia.shield.remote.MainActivity; 1; COMMON; 10396; 0; 0, com.android.vending; com.google.android.finsky.activities.MainActivity; 1; COMMON; 10116; 0; 0]
07-21 01:48:51.376  5727  7623 D OPlusFrontAppManager: useAdapterResult, pkg=com.nvidia.shield.remote,activity=com.nvidia.shield.remote.MainActivity,result=true
07-21 01:48:51.376  5727  7623 D OPlusFrontAppManager: useAdapterResult, pkg=com.android.vending,activity=com.google.android.finsky.activities.MainActivity,result=true
07-21 01:48:51.376  5727  7623 D OPlusFrontAppManager: decide -->> [com.nvidia.shield.remote; com.nvidia.shield.remote.MainActivity; 1; COMMON; 10396; 0; 0, com.android.vending; com.google.android.finsky.activities.MainActivity; 1; COMMON; 10116; 0; 0]
07-21 01:48:51.376  5727  7623 D ConferenceScene: pkg:com.nvidia.shield.remote, activity:com.nvidia.shield.remote.MainActivity, appSense:COMMON
07-21 01:48:51.376  5727  7623 D ConferenceScene: pkg:rd.sheepskin.sandboxmusic, activity:rd.sheepskin.sandboxmusic.MainActivity, appSense:COMMON
07-21 01:48:51.377  5727  5727 D AtomHighLoadSenseInfo: handleMessage what:1000
07-21 01:48:51.377  5727  5727 D AtomHighLoadSenseInfo: handleAppSenseChanged original mode:{live:0,video:0,voice call:0,video call:0,live host:0,meeting:0}
07-21 01:48:51.377  5727  5727 D AtomHighLoadSenseInfo: handleAppSenseChanged appInfoUnit:{pkgName:com.nvidia.shield.remote,activityName:,winMode:1,event:COMMON,type:0,subEvent:0,pid:22305,uid:10396, hostPkgName:}
07-21 01:48:51.377  5727  5727 D AtomHighLoadSenseInfo: handleAppSenseChanged appInfoUnit:{pkgName:com.android.vending,activityName:,winMode:1,event:COMMON,type:0,subEvent:0,pid:10482,uid:10116, hostPkgName:}
07-21 01:48:51.377  5727  5727 D SceneService: handleMessage what:1004
07-21 01:48:51.378  5727  5727 D SceneService: notifyAppSceneChanged original mode:{live:0,video:0,voice call:0,video call:0,live host:0,game:0,meeting:0,news:0,file transfer:0},appInfoUnit:[{pkgName:com.nvidia.shield.remote,activityName:,winMode:1,event:COMMON,type:0,subEvent:0,pid:22305,uid:10396, hostPkgName:}, {pkgName:com.android.vending,activityName:,winMode:1,event:COMMON,type:0,subEvent:0,pid:10482,uid:10116, hostPkgName:}]
07-21 01:48:51.378  5727  7491 D Subsys-ScoreAppManager: handleMessage what:2
07-21 01:48:51.378  5727  7491 D Subsys-ScoreAppManager: EVENT_ID_APP_SENSE_CHANGE  onFrontActivityChanged
07-21 01:48:51.378  5727  7491 D Subsys-ScoreAppManager: appSceneChange fgAppUnits size 3 fgAppUnits [{pkgName:com.nvidia.shield.remote,activityName:,winMode:1,event:COMMON,type:0,subEvent:0,pid:22305,uid:10396, hostPkgName:}, {pkgName:com.android.vending,activityName:,winMode:1,event:COMMON,type:0,subEvent:0,pid:10482,uid:10116, hostPkgName:}, {pkgName:com.oplus.aiunit,activityName:,winMode:1,event:FILE_TRANSFER,type:0,subEvent:0,pid:0,uid:10162, hostPkgName:}] mLastNetworkList[130]
07-21 01:48:51.378  5727  5727 D AtomGameLatencyInfo: front app: com.nvidia.shield.remote
07-21 01:48:51.378  5727  7491 D CommonApp-130-10448: destory
07-21 01:48:51.378  5727  7491 D CommonApp-130-10448: stopDataCollection
07-21 01:48:51.378  5727  7491 D CommonApp-130-10448: current network isn't cellular,not need disable modem report
07-21 01:48:51.378  5727  7491 D ScoreRequestHandler: sendUnifiedRequest: Request posted to handler thread, requestType=14
07-21 01:48:51.378  5727  7491 D NecManager: unregisterULBitRateChange
07-21 01:48:51.378  5727  7491 D CommonApp-130-10448: Remaining data save time: 0
07-21 01:48:51.378  5727  7491 D Subsys-ScoreAppManager: createApp
07-21 01:48:51.379  5727  7491 D CommonApp-130-10396: init22
07-21 01:48:51.379  5727  7505 D NetlinkUtils: sendToKernel byteBuffer:java.nio.HeapByteBuffer[pos=32 lim=32 cap=32],nlmsg_pid:-1531816819,nlmsg_type:57,cmdType:1,type:10,nla_len:12
07-21 01:48:51.379  5727  7505 D ScoreRequestHandler: sendUnifiedRequestInternal: sendToKernelOld, result: true
07-21 01:48:51.380  5474  5771 D AppSenseClient: handleMessage: 100
07-21 01:48:51.380  5474  5771 D AppSenseClient: handleSenseEvent appInfoUnits: {pkgName:com.nvidia.shield.remote,activityName:com.nvidia.shield.remote.MainActivity,winMode:1,event:COMMON,type:0,subEvent:0,pid:22305,uid:10396, hostPkgName:},{pkgName:com.android.vending,activityName:com.google.android.finsky.activities.MainActivity,winMode:1,event:COMMON,type:0,subEvent:0,pid:10482,uid:10116, hostPkgName:},
07-21 01:48:51.380  5474  5771 D AppSenseClient: handleSenseEvent clients: 1
07-21 01:48:51.380  5474  5771 D AppSenseClient: handleSenseEvent clientId: 141218467
07-21 01:48:51.380  5474  5771 D AppSenseClient: notifyAppEvent: pkgName: com.nvidia.shield.remote,activityName:com.nvidia.shield.remote.MainActivity;state: 1;event: COMMON;type: 0;subEvent: 0;pid: 22305;uid: 10396
07-21 01:48:51.380  5582  5582 D AppSenseClient: handleMessage: 100
07-21 01:48:51.381  5474  5771 D AppSenseClient: notifyAppEvent: pkgName: rd.sheepskin.sandboxmusic,activityName:rd.sheepskin.sandboxmusic.MainActivity;state: 0;event: COMMON;type: 0;subEvent: 0;pid: 29926;uid: 10448
07-21 01:48:51.381  5474  5771 D AppSenseClient: notifyAppChanges: [{pkgName:com.nvidia.shield.remote,activityName:com.nvidia.shield.remote.MainActivity,winMode:1,event:COMMON,type:0,subEvent:0,pid:22305,uid:10396, hostPkgName:}, {pkgName:com.android.vending,activityName:com.google.android.finsky.activities.MainActivity,winMode:1,event:COMMON,type:0,subEvent:0,pid:10482,uid:10116, hostPkgName:}]
07-21 01:48:51.381  5727  7491 D CommonApp-130-10396: BaseApp init, mNetId 130 mIfIndex 27 network 130
07-21 01:48:51.381  5582  5582 D AppSenseClient: handleSenseEvent appInfoUnits: {pkgName:com.nvidia.shield.remote,activityName:com.nvidia.shield.remote.MainActivity,winMode:1,event:COMMON,type:0,subEvent:0,pid:22305,uid:10396, hostPkgName:},{pkgName:com.android.vending,activityName:com.google.android.finsky.activities.MainActivity,winMode:1,event:COMMON,type:0,subEvent:0,pid:10482,uid:10116, hostPkgName:},
07-21 01:48:51.381  5582  5582 D AppSenseClient: handleSenseEvent clients: 1
07-21 01:48:51.381  5582  5582 D AppSenseClient: handleSenseEvent clientId: 149687680
07-21 01:48:51.382  5582  5582 D AppSenseClient: notifyAppEvent: pkgName: com.nvidia.shield.remote,activityName:com.nvidia.shield.remote.MainActivity;state: 1;event: COMMON;type: 0;subEvent: 0;pid: 22305;uid: 10396
07-21 01:48:51.382  5582  5582 D AppSenseClient: notifyAppEvent: pkgName: rd.sheepskin.sandboxmusic,activityName:rd.sheepskin.sandboxmusic.MainActivity;state: 0;event: COMMON;type: 0;subEvent: 0;pid: 29926;uid: 10448
07-21 01:48:51.382  5582  5582 D AppSenseClient: notifyAppChanges: [{pkgName:com.nvidia.shield.remote,activityName:com.nvidia.shield.remote.MainActivity,winMode:1,event:COMMON,type:0,subEvent:0,pid:22305,uid:10396, hostPkgName:}, {pkgName:com.android.vending,activityName:com.google.android.finsky.activities.MainActivity,winMode:1,event:COMMON,type:0,subEvent:0,pid:10482,uid:10116, hostPkgName:}]
07-21 01:48:51.382  5727  7623 D AppSenseService: notifySenseEvent: {pkgName:com.nvidia.shield.remote,activityName:com.nvidia.shield.remote.MainActivity,winMode:1,event:COMMON,type:0,subEvent:0,pid:22305,uid:10396, hostPkgName:},{pkgName:com.android.vending,activityName:com.google.android.finsky.activities.MainActivity,winMode:1,event:COMMON,type:0,subEvent:0,pid:10482,uid:10116, hostPkgName:},
07-21 01:48:51.382  5582  5582 D NhsAppSenseListener: onAppEvent enter
07-21 01:48:51.382  5582  5582 D NhsAppSenseListener: new event: event=0, state=1, pkg=com.nvidia.shield.remote, type=0, subEvent=0
07-21 01:48:51.382  5582  5582 D NhsAppSenseListener: onAppEvent enter
07-21 01:48:51.382  5582  5582 D NhsAppSenseListener: new event: event=0, state=0, pkg=rd.sheepskin.sandboxmusic, type=0, subEvent=0
07-21 01:48:51.382  5582  5582 D NhsAppSenseListener: onAppChanged, app list size: 2
07-21 01:48:51.382  5474  5785 E PhoneInterfaceManager: getServiceStateForSlot retuning null for invalid slotIndex=-1
07-21 01:48:51.383  5727  7491 D CommonApp-130-10396: choiceScoreWay
07-21 01:48:51.383  5727  7491 D CommonApp-130-10396: useTraditionalScore
07-21 01:48:51.383  5727  7491 D CommonApp-130-10396: initState
07-21 01:48:51.383  5540  5737 D AppSenseClient: handleMessage: 100
07-21 01:48:51.383  5727  7491 D ScoreRequestHandler: sendUnifiedRequest: Request posted to handler thread, requestType=22
07-21 01:48:51.383  5727  7491 D DataCollectionController: setScene result=false
07-21 01:48:51.383  5727  7491 D CommonApp-130-10396: createScenarios
07-21 01:48:51.383  5727  7491 D CommonApp-130-10396: init end
07-21 01:48:51.383  5727  7491 D Subsys-ScoreAppManager: unit: {pkgName:com.nvidia.shield.remote,activityName:,winMode:1,event:COMMON,type:0,subEvent:0,pid:22305,uid:10396, hostPkgName:}
07-21 01:48:51.383  5727  7491 D Subsys-ScoreAppManager: unit: {pkgName:com.android.vending,activityName:,winMode:1,event:COMMON,type:0,subEvent:0,pid:10482,uid:10116, hostPkgName:}
07-21 01:48:51.383  5727  7491 D Subsys-ScoreAppManager: unit: {pkgName:com.oplus.aiunit,activityName:,winMode:1,event:FILE_TRANSFER,type:0,subEvent:0,pid:0,uid:10162, hostPkgName:}
07-21 01:48:51.383  5727  7491 D CommonApp-130-10396: CommonState enter
07-21 01:48:51.383  5727  7491 D CommonApp-130-10448: CommonState exit
07-21 01:48:51.383  5727  7491 D CommonApp-130-10162: DefaultState EVENT_SCENARIOS_CHANGE
07-21 01:48:51.383  5727  7491 D CommonApp-130-10162: scene=FILE_UPLOAD pn=com.oplus.aiunit
07-21 01:48:51.384  5727  7491 D ScoreRequestHandler: sendUnifiedRequest: Request posted to handler thread, requestType=22
07-21 01:48:51.384  5727  7491 D DataCollectionController: setScene result=false
07-21 01:48:51.384  5727  7491 D CommonApp-130-10116: DefaultState EVENT_SCENARIOS_CHANGE
07-21 01:48:51.384  5727  7491 D CommonApp-130-10116: scene=COMMON pn=com.android.vending
07-21 01:48:51.384  5727  7491 D ScoreRequestHandler: sendUnifiedRequest: Request posted to handler thread, requestType=22
07-21 01:48:51.384  5727  7491 D DataCollectionController: setScene result=false
07-21 01:48:51.384  5727  7491 D CommonApp-130-10396: DefaultState EVENT_INIT_STATE_COMPLETE
07-21 01:48:51.384  5727  7491 D CommonApp-130-10396: startDataCollection
07-21 01:48:51.384  5727  7491 D CommonApp-130-10396: current network isn't cellular,not need enable modem report
07-21 01:48:51.384  5727  7491 D ScoreRequestHandler: sendUnifiedRequest: Request posted to handler thread, requestType=13
07-21 01:48:51.385  5727  7505 D ScoreRequestHandler: sendUnifiedRequestInternal: sendToKernelOld, result: false
07-21 01:48:51.385  5727  7505 D ScoreRequestHandler: sendUnifiedRequestInternal: sendToKernelOld, result: false
07-21 01:48:51.385  5727  7491 D NecManager: registerULBitRateChange
07-21 01:48:51.385  5727  7505 D ScoreRequestHandler: sendUnifiedRequestInternal: sendToKernelOld, result: false
07-21 01:48:51.386  5727  7505 D NetlinkUtils: sendToKernel byteBuffer:java.nio.HeapByteBuffer[pos=32 lim=32 cap=32],nlmsg_pid:-1531816819,nlmsg_type:57,cmdType:1,type:9,nla_len:12
07-21 01:48:51.386  5727  7505 D ScoreRequestHandler: sendUnifiedRequestInternal: sendToKernelOld, result: true
07-21 01:48:51.386  3535  4685 D AppSenseClient: handleMessage: 100
07-21 01:48:51.386  3535  4685 D AppSenseClient: handleSenseEvent appInfoUnits: {pkgName:com.nvidia.shield.remote,activityName:com.nvidia.shield.remote.MainActivity,winMode:1,event:COMMON,type:0,subEvent:0,pid:22305,uid:10396, hostPkgName:},{pkgName:com.android.vending,activityName:com.google.android.finsky.activities.MainActivity,winMode:1,event:COMMON,type:0,subEvent:0,pid:10482,uid:10116, hostPkgName:},
07-21 01:48:51.386  3535  4685 D AppSenseClient: handleSenseEvent clients: 2
07-21 01:48:51.386  3535  4685 D AppSenseClient: handleSenseEvent clientId: 265271129
07-21 01:48:51.387  3535  4685 D AppSenseClient: notifyAppEvent: pkgName: com.nvidia.shield.remote,activityName:com.nvidia.shield.remote.MainActivity;state: 1;event: COMMON;type: 0;subEvent: 0;pid: 22305;uid: 10396
07-21 01:48:51.387  3535  4685 D AppSenseClient: notifyAppEvent: pkgName: rd.sheepskin.sandboxmusic,activityName:rd.sheepskin.sandboxmusic.MainActivity;state: 0;event: COMMON;type: 0;subEvent: 0;pid: 29926;uid: 10448
07-21 01:48:51.387  5540  5737 D AppSenseClient: handleSenseEvent appInfoUnits: {pkgName:com.nvidia.shield.remote,activityName:com.nvidia.shield.remote.MainActivity,winMode:1,event:COMMON,type:0,subEvent:0,pid:22305,uid:10396, hostPkgName:},{pkgName:com.android.vending,activityName:com.google.android.finsky.activities.MainActivity,winMode:1,event:COMMON,type:0,subEvent:0,pid:10482,uid:10116, hostPkgName:},
07-21 01:48:51.387  3535  4685 D AppSenseClient: notifyAppChanges: [{pkgName:com.nvidia.shield.remote,activityName:com.nvidia.shield.remote.MainActivity,winMode:1,event:COMMON,type:0,subEvent:0,pid:22305,uid:10396, hostPkgName:}, {pkgName:com.android.vending,activityName:com.google.android.finsky.activities.MainActivity,winMode:1,event:COMMON,type:0,subEvent:0,pid:10482,uid:10116, hostPkgName:}]
07-21 01:48:51.387  3535  4685 D AppSenseClient: handleSenseEvent clientId: 201837417
07-21 01:48:51.387  3535  4685 D AppSenseClient: notifyAppEvent: pkgName: com.nvidia.shield.remote,activityName:com.nvidia.shield.remote.MainActivity;state: 1;event: COMMON;type: 0;subEvent: 0;pid: 22305;uid: 10396
07-21 01:48:51.387  5540  5737 D AppSenseClient: handleSenseEvent clients: 1
07-21 01:48:51.387  5540  5737 D AppSenseClient: handleSenseEvent clientId: 134763153
07-21 01:48:51.387  3535  4685 D AppSenseClient: notifyAppEvent: pkgName: rd.sheepskin.sandboxmusic,activityName:rd.sheepskin.sandboxmusic.MainActivity;state: 0;event: COMMON;type: 0;subEvent: 0;pid: 29926;uid: 10448
07-21 01:48:51.387  3535  4685 D AppSenseClient: notifyAppChanges: [{pkgName:com.nvidia.shield.remote,activityName:com.nvidia.shield.remote.MainActivity,winMode:1,event:COMMON,type:0,subEvent:0,pid:22305,uid:10396, hostPkgName:}, {pkgName:com.android.vending,activityName:com.google.android.finsky.activities.MainActivity,winMode:1,event:COMMON,type:0,subEvent:0,pid:10482,uid:10116, hostPkgName:}]
07-21 01:48:51.387  5540  5737 D AppSenseClient: notifyAppEvent: pkgName: com.nvidia.shield.remote,activityName:com.nvidia.shield.remote.MainActivity;state: 1;event: COMMON;type: 0;subEvent: 0;pid: 22305;uid: 10396
07-21 01:48:51.387  5540  5737 D AppSenseClient: notifyAppEvent: pkgName: rd.sheepskin.sandboxmusic,activityName:rd.sheepskin.sandboxmusic.MainActivity;state: 0;event: COMMON;type: 0;subEvent: 0;pid: 29926;uid: 10448
07-21 01:48:51.387  5540  5737 D AppSenseClient: notifyAppChanges: [{pkgName:com.nvidia.shield.remote,activityName:com.nvidia.shield.remote.MainActivity,winMode:1,event:COMMON,type:0,subEvent:0,pid:22305,uid:10396, hostPkgName:}, {pkgName:com.android.vending,activityName:com.google.android.finsky.activities.MainActivity,winMode:1,event:COMMON,type:0,subEvent:0,pid:10482,uid:10116, hostPkgName:}]
07-21 01:48:51.387  5540  5737 D NAS-DataSceneEvent: onAppEvent enter
07-21 01:48:51.387  5540  5737 D NAS-DataSceneEvent: new event: event=0, state=1, pkg=com.nvidia.shield.remote, type=0, subEvent=0
07-21 01:48:51.387  5540  5737 D NAS-DataSceneEvent: onAppEvent enter
07-21 01:48:51.387  5540  5737 D NAS-DataSceneEvent: new event: event=0, state=0, pkg=rd.sheepskin.sandboxmusic, type=0, subEvent=0
07-21 01:48:51.387  2091  6948 D charge_time: type=sdp,reserve_soc=3,soc=36,ui_soc=38,current=156,avg=151,not_chg_cnt=0,stable_cnt=7,fcc=4672,fcc_ratio=91,delta=601,debug=0,region=19,ttf=33008(09:10:08),ui_ttf=0(00:00:00)
07-21 01:48:51.387  5540  5737 D NAS-DataSceneEvent: onAppChanged, app list size: 2
07-21 01:48:51.387  5540  5737 D NAS-DataSceneEvent: updateAppSenseChange [{pkgName:com.nvidia.shield.remote,activityName:com.nvidia.shield.remote.MainActivity,winMode:1,event:COMMON,type:0,subEvent:0,pid:22305,uid:10396, hostPkgName:}, {pkgName:com.android.vending,activityName:com.google.android.finsky.activities.MainActivity,winMode:1,event:COMMON,type:0,subEvent:0,pid:10482,uid:10116, hostPkgName:}]
07-21 01:48:51.390  5540  6962 E OplusNetlinkConnect: parse rsp msg failed!Message missing required fields: header
07-21 01:48:51.391  5540  6962 E OplusNetlinkConnect: parse rsp msg failed!Message missing required fields: header
07-21 01:48:51.392  5826  6120 W Battery : Thermal.FpsControl: writeFps 0 com.nvidia.shield.remote
07-21 01:48:51.411  2036  8466 E ANDR-PERF-LM: VmRssMeter:: start() 359: Could not find pid, can not collect vmrss data
07-21 01:48:51.433  2036  8467 E ANDR-PERF-LM: VmRssMeter:: start() 359: Could not find pid, can not collect vmrss data
07-21 01:48:51.433  2036  8467 E ANDR-PERF-LM: AdaptiveLaunch: writeToDataBase() 64: Meter aborted or could not get meter data for this run
07-21 01:48:51.433  5540  5863 I TcpSyn  : updateFrontUidsToKernel, uids = [10396]
07-21 01:48:51.458 22305 25747 D OplusScrollToTopManager: com.nvidia.shield.remote/com.nvidia.shield.remote.MainActivity,This com.android.internal.policy.DecorView{753b35f V.E...... R....... 0,0-1440,3168 aid=0 alpha=1.0 viewInfo = }[MainActivity] change focus to true
07-21 01:48:51.532  2091  2244 D BatteryChargeControl: bcc get no support from charging protocol
07-21 01:48:51.588  5727  5727 D VendorWifiService: onEvent event:9,action:1
07-21 01:48:51.597  3535  4685 D ScorerUtils: isLowTraffic: txTputKBps=1, rxTputKBps=2
07-21 01:48:51.598  3535  4685 D OplusWifiPower_TriggerCenter: mComponentCallback: wifistat
07-21 01:48:51.637  1945 16156 I sensors-hal: handle_oplus_wise_rgb_event:160, wise_rgb:(37017)(cct,lux,ir)[5300.00, 12.31, 0.000000](rgbc)[580.38, 348.90, 150.65, 1010.45](pwm,hbm,brl,algo)[0.0 0.0 563.0 2.0],flag 0
07-21 01:48:51.818  3256  3256 I cnss-daemon: nl80211 response handler invoked
07-21 01:48:51.818  3256  3256 I cnss-daemon: nl80211_response_handler: cmd 103, vendorID 4980, subcmd 13  received
07-21 01:48:51.818  1959  2644 I WifiHAL : event received NL80211_CMD_VENDOR, vendor_id = 0x1374, subcmd = 0xd
07-21 01:48:52.015  5727  7491 D CommonApp-130-10396: transport layer data is invalid
07-21 01:48:52.015  5727  7491 D CommonApp-130-10162: transport layer data is invalid
07-21 01:48:52.015  5727  7491 D CommonApp-130-10116: transport layer data is invalid
07-21 01:48:52.028  2375  2375 I adbd    : adbd service requested 'shell,v2,TERM=dumb:export ANDROID_LOG_TAGS=''; exec logcat '-d' '-t' '20000''
07-21 01:48:52.165 11038 13110 E fb4a.msys: E[N rtchannel]_rt_mqtt_bridge_bootstrap_callback(997)=>Failed to boot stap bridged mqtt channel.  RT error code:2001 token:27745
07-21 01:48:52.237  1945 25577 I sensors-hal: handle_oplus_wise_rgb_event:189, high_pwm_light:lux 12.3,cct 5300.0,brl/algo/ir 563.0/2.0/0.0,pwm/dc 0.0/0.0,rgbc 580.384583/348.902466/150.653702/1010.451416,ts 184326492102798,cnt 37020,flag 0
07-21 01:48:52.237  3535  4399 I CwbClient: setCWBDisplayType set mFeatureID = CWB_RGB_VALUE
07-21 01:48:52.247  2036  2186 I [UAH_CLIENT]: UahPlatformResAcquire
07-21 01:48:52.247  2036  2186 I [UAH_CLIENT]: UahEventAcquire, cmdid:-3, pkg:2237 8517, identity:qcom-perfd
07-21 01:48:52.251  2036  2181 E ANDR-PERF-RESOURCEQS: ANDR-PERF-RESOURCEQS: AddAndApply() 125: Resource with major=16, minor=0 not supported
07-21 01:48:52.257  1945  2014 I sensors-hal: handle_sns_client_event:316, accel_sample: 0: ts=184326444252017 ns; value = [-0.142754, 0.433051, 9.854534], status=3
07-21 01:48:52.259  2237  2763 E HwcComposer: getLuts failed Status(-129, EX_TRANSACTION_FAILED): 'UNKNOWN_TRANSACTION: '
07-21 01:48:52.270  2036 31627 I [UAH_CLIENT]: UahRelease, handle:188877
07-21 01:48:52.271  6378  6474 E horae   : 0: target_temp:34200, back:34200,frame:34200,front:34200, 4, +(0), 1 ,34200, algo:0
07-21 01:48:52.280  3535  3783 D osense.compress: com.instagram.android do shrink, target ratio = 45, final ratio = 90, cur ratio = 0
07-21 01:48:52.328  1981  2351 I SDM     : DisplayBase::CommitThread: Received idle timeout, panel: cmd, timeout: 70000 us
07-21 01:48:52.378  3535  4954 D Osense-BaseDecisionMaker: notifyDelayedSceneToPolicy
07-21 01:48:52.390  2091  6948 D charge_time: type=sdp,reserve_soc=3,soc=36,ui_soc=38,current=156,avg=156,not_chg_cnt=0,stable_cnt=7,fcc=4672,fcc_ratio=91,delta=602,debug=0,region=19,ttf=31930(08:52:10),ui_ttf=0(00:00:00)
07-21 01:48:52.390  5454 26200 D IpClient/wlan0: interfaceLinkStateChanged: ifindex 27 up
07-21 01:48:52.438  3535  4399 D FusionLightNextGen: raw_lux -1.0, raw_cct -1.0, r/g/b/c: 580.4/348.9/150.7/1010.5, R/G/B: 61.0/58.0/50.0, bri 563.0, lux: 8.332034, cct: 5300.0, ir: 0.040615, conf: 2, cnt: 0
07-21 01:48:52.447  2375  2375 I adbd    : adbd service requested 'shell,v2,TERM=dumb,raw:am start -n rd.sheepskin.sandboxmusic/.MainActivity'
07-21 01:48:52.519  3535  4717 D UsageStatsService: User[0] type=0 b=1784573188235 e=1784573332519 cb=1784557066141 ce=1784573329358 disk=0 all=18
07-21 01:48:52.529  3535  8977 W ActivityTaskManager: callingPackage for (uid=2000, pid=31630) has no WPC
07-21 01:48:52.529  3535  4675 I [UAH_CLIENT]: UahEventAcquire, cmdid:2, pkg:none, identity:com.android.server.wm
07-21 01:48:52.534  3535  4433 D StartingSurfacePreviewController: checkSupportSurfacePreview, token=rd.sheepskin.sandboxmusic/.MainActivity, enableSurfacePreview=false, supportMultiLayout=false, unsupportedSkipViewAnimLv=null, disableSurfacePreviewAnimLv=null, ignoreFileExistAnimLv=null
07-21 01:48:52.534  2091  2244 D BatteryChargeControl: bcc get no support from charging protocol
07-21 01:48:52.535  3535  8977 D WindowManager: NFW_setClientVisible:ActivityRecord{51869695 u0 rd.sheepskin.sandboxmusic/.MainActivity clientVisible:true
07-21 01:48:52.536  3535  8977 V GrammaticalInflectionUtils: AttributionSource: android.content.AttributionSource@587bfde0 does not have READ_SYSTEM_GRAMMATICAL_GENDER permission.
07-21 01:48:52.536  3535  8977 D ActivityTaskManager: The isLandscapeFullscreenEnabled is: rd.sheepskin.sandboxmusic/.MainActivity
07-21 01:48:52.537  3535  8977 D ActivityTaskManager: The isLandscapeFullscreenEnabled is: rd.sheepskin.sandboxmusic/.MainActivity
07-21 01:48:52.537  3535  8977 D ActivityTaskManager: The isLandscapeFullscreenEnabled is: rd.sheepskin.sandboxmusic/.MainActivity
07-21 01:48:52.537  3535  8977 D ActivityTaskManager: The isLandscapeFullscreenEnabled is: rd.sheepskin.sandboxmusic/.MainActivity
07-21 01:48:52.537  3535  8977 D ActivityTaskManager: The isLandscapeFullscreenEnabled is: rd.sheepskin.sandboxmusic/.MainActivity
07-21 01:48:52.537  3535  8977 D FlexibleTaskController: isSupportFlexibleWindow target = rd.sheepskin.sandboxmusic/.MainActivity callPkg = FlexibleTaskController support = true ,caller = 3535
07-21 01:48:52.538  3535  8977 I AppSnapshotController: init, sysSupport = true, mActivitySupport = false, activityRecord = ActivityRecord{51869695 u0 rd.sheepskin.sandboxmusic/.MainActivity t-1}
07-21 01:48:52.538  3535  3625 E QosSceneRecognizer[ActivityStartScene]: notifyActivityStart get launchedFromUid failed through AppManager! launchedFromPackage: com.android.shell, pkg: rd.sheepskin.sandboxmusic
07-21 01:48:52.539  3535  8977 D FlexibleWindowManagerService: isIgnoreAppearedAcrossTask:false
07-21 01:48:52.539  3535  8977 D FlexibleWindowManagerService: isIgnoreAppearedAcrossTask:false
07-21 01:48:52.539  3535  8977 D FlexibleTaskController: findSourceTaskForFreeForm: sourceRecord = null ,realCallingPid:31630 ,launchFromZoomMode:false ,prevTopTask:Task{c3c751a #3574 type=standard A=10396:com.nvidia.shield.remote}
07-21 01:48:52.539  3535  8977 D FlexibleTaskController: findSourceTaskForFreeForm: the caller is not a flexible freeform window application and does not have a zoom windowMode startup parameter
07-21 01:48:52.539  3535  8977 D FlexibleTaskController: adjustOptionsForFlexibleTask not allow options follow process task's options, reason:9 ,reusedOptions:null
07-21 01:48:52.539  3535  8977 E FlexibleWindowManagerService: setProcessFrameRate error wpc null 
07-21 01:48:52.539  3535  8977 D FlexibleTaskController: isSupportFlexibleWindow target = rd.sheepskin.sandboxmusic/.MainActivity callPkg = FlexibleTaskController support = true ,caller = 3535
07-21 01:48:52.540  3535  8977 D CompactServiceDelegate: updateDecorsManagerIfNeed return because not attachToProcess task:Task{409b415 #3664 type=standard}
07-21 01:48:52.541  3535  8977 D CompactServiceDelegate: updateDecorsManagerIfNeed return because not attachToProcess task:Task{409b415 #3664 type=standard}
07-21 01:48:52.543  2036  2186 I [UAH_CLIENT]: UahPlatformResAcquire
07-21 01:48:52.543  2036  2186 I [UAH_CLIENT]: UahEventAcquire, cmdid:-3, pkg:2237 8518, identity:qcom-perfd
07-21 01:48:52.543  3535  8977 D ActivityTaskManager: The isLandscapeFullscreenEnabled is: rd.sheepskin.sandboxmusic/.MainActivity
07-21 01:48:52.543  3535  8977 D ActivityTaskManager: The isLandscapeFullscreenEnabled is: rd.sheepskin.sandboxmusic/.MainActivity
07-21 01:48:52.544  3535  8977 D ActivityTaskManager: The isLandscapeFullscreenEnabled is: rd.sheepskin.sandboxmusic/.MainActivity
07-21 01:48:52.544  3535  8977 D ActivityTaskManager: The isLandscapeFullscreenEnabled is: rd.sheepskin.sandboxmusic/.MainActivity
07-21 01:48:52.544  3535  8977 D ActivityTaskManager: The isLandscapeFullscreenEnabled is: rd.sheepskin.sandboxmusic/.MainActivity
07-21 01:48:52.544  3535  8977 D ActivityTaskManager: The isLandscapeFullscreenEnabled is: rd.sheepskin.sandboxmusic/.MainActivity
07-21 01:48:52.544  2036  2181 E ANDR-PERF-RESOURCEQS: ANDR-PERF-RESOURCEQS: AddAndApply() 125: Resource with major=16, minor=0 not supported
07-21 01:48:52.544  3535  8977 D SecondaryPageStartupPolicy: checkSecondaryPageStartupStatus not support sourcePackage=com.android.shell
07-21 01:48:52.544 22607 22607 D CommandQueueLogger: appTransitionPending displayId=0 forced=false
07-21 01:48:52.545  3535  8977 D OplusStartingWindowManager: we don't revise window flags for third app
07-21 01:48:52.545  3535  8977 D ActivityTaskManager: validateStartingWindowTheme:  Pkg=rd.sheepskin.sandboxmusic, Translucent=false, Floating=false, ShowWallpaper=false, Disable=false, LaunchSource=4, Prev=null, LaunchedFromPackage=com.android.shell
07-21 01:48:52.545  3535  8977 D ActivityTaskManager: addStartingWindow for ActivityRecord{51869695 u0 rd.sheepskin.sandboxmusic/.MainActivity t3664}, mainWin=null, state=INITIALIZING, isKeyguardLocked=false, isKeyguardGoingAway=false
07-21 01:48:52.546  3535  8977 D ActivityTaskManager: getStartingWindowType: , newTask=true, taskSwitch=true, processRunning=false, allowTaskSnapshot=true, activityCreated=false, activityAllDrawn=false, snapshot exist: false
07-21 01:48:52.546  3535  8977 D ActivityRecordExtImpl: handleStartingWindowForCompactWindow origin type:2, adjustType : 2
07-21 01:48:52.546  3535  8977 E SchedAssist: binderSetThreadUxFlagByIoctl: ioctl failed, tid=-1 flag=1 ret=-1 errno=25 (Inappropriate ioctl for device)
07-21 01:48:52.547  3535  8977 E SchedAssist: binderSetThreadUxFlagByIoctl: ioctl failed, tid=-1 flag=0 ret=-1 errno=25 (Inappropriate ioctl for device)
07-21 01:48:52.547  3535  8977 D ActivityTrigger: ActivityTrigger activityPauseTrigger 
07-21 01:48:52.547  3535  8977 E SchedAssist: binderSetThreadUxFlagByIoctl: ioctl failed, tid=-1 flag=1 ret=-1 errno=25 (Inappropriate ioctl for device)
07-21 01:48:52.548 22607 22659 D PhoneStartingWindowTypeAlgorithm: preferredStartingWindowType newTask=true, taskSwitch=true, processRunning=false, allowTaskSnapshot=true, activityCreated=false, isSolidColorSplashScreen=false, legacySplashScreen=false, activityDrawn=false, windowless=false, topIsHome=false
07-21 01:48:52.548  3535  8977 E SchedAssist: binderSetThreadUxFlagByIoctl: ioctl failed, tid=-1 flag=0 ret=-1 errno=25 (Inappropriate ioctl for device)
07-21 01:48:52.548 22607 22659 D OplusShellStartingWindowManager: getReviseStartingWindowType not support, windowInfo is null
