07-21 01:48:29.041  3535  6231 I AICCTModule: SensorFilter: findSecondNearestValue, sensorValue: 7.147813 nearestMaxValue:7.147813 secondNearestValue: 7.147813
07-21 01:48:29.102  9681 29719 I PTC.DISC.AndroidMultiLanServer: Watcher sysNif=[wlan0], userNif=[wlan0 state=(LISTEN JOIN(|-1)), , vgate0 state=(LISTEN JOIN(|-1))], clientNif=[wlan0 state=(LISTEN), , vgate0 state=(LISTEN)], tcpServer state=LISTEN, ipv4=**8.1.37
07-21 01:48:29.256  1945  2014 I sensors-hal: handle_sns_client_event:316, accel_sample: 0: ts=184303292172537 ns; value = [-0.128389, 0.433051, 9.849746], status=3
07-21 01:48:29.284  2375  2375 I adbd    : adbd service requested 'shell,v2,TERM=dumb:export ANDROID_LOG_TAGS=''; exec logcat '-d' '-t' '20000''
07-21 01:48:29.284 11038 11038 E fb4a.Execution: Redirecting MSYS Execution scheduling from the UI thread to a custom executor
07-21 01:48:29.304  1828  8590 E         : DNS_CACHE: hanle request << lookupdns: hostname:edge-mqtt-fallback.facebook.com, servername:^, ai_flags:1024, ai_family:0, ai_socktype:1, ai_protocol:0, netid:0, uid:10499
07-21 01:48:29.305 11038 31451 D DNS_CACHE: oplus_oplus_getaddrinfo_proxy lookup from netd: hostname:edge-mqtt-fallback.facebook.com, servname:(null) uid: 10499, result_code:408, res = 0x0, found = 0
07-21 01:48:29.328  1828  8590 E         : DNS_CACHE: hanle request << adddns: hostname:edge-mqtt-fallback.facebook.com, servername:^, ai_flags:1024, ai_family:0, ai_socktype:1, ai_protocol:0, netid:0, uid:10499
07-21 01:48:29.328 11038 31451 D DNS_CACHE: oplus_send_dns_response send hostname: edge-mqtt-fallback.facebook.com, servname: (null) response into netd: 0, *res = 0xb400006e25e38c00
07-21 01:48:29.330  5540  5863 D DnsDomainBlock: onDnsEvent: latencyMs=18, returnCode=0, uid=10499
07-21 01:48:29.337  2091  6948 D charge_time: type=sdp,reserve_soc=3,soc=36,ui_soc=38,current=99,avg=85,not_chg_cnt=0,stable_cnt=7,fcc=4672,fcc_ratio=91,delta=579,debug=0,region=19,ttf=59121(16:25:21),ui_ttf=0(00:00:00)
07-21 01:48:29.402 11038  9953 E fb4a.FBMsysMqttClientCallbacks: onPublish, onFailure, msgId = 27739, error = 2003
07-21 01:48:29.403 11038  9953 E fb4a.FBMsysMqttClientCallbacks: onPublish, onFailure, msgId = 27738, error = 2003
07-21 01:48:29.407 11038 11038 E fb4a.Execution: Redirecting MSYS Execution scheduling from the UI thread to a custom executor
07-21 01:48:29.409 11038 13110 E fb4a.msys: E[N rtchannel]_rt_mqtt_bridge_bootstrap_callback(997)=>Failed to boot stap bridged mqtt channel.  RT error code:2002 token:27739
07-21 01:48:29.410 11038 13110 E fb4a.msys: E[N rtchannel]_rt_mqtt_bridge_bootstrap_callback(997)=>Failed to boot stap bridged mqtt channel.  RT error code:2002 token:27738
07-21 01:48:29.487  5727  7491 D CommonApp-130-10448: transport layer data is invalid
07-21 01:48:29.488  5727  7491 D CommonApp-130-10162: transport layer data is invalid
07-21 01:48:29.489  5727  7491 D CommonApp-130-10116: transport layer data is invalid
07-21 01:48:29.507  2091  2244 D BatteryChargeControl: bcc get no support from charging protocol
07-21 01:48:29.614  2091  2229 D vendor.oplus.hardware.charger-V10-service: ret_value:123, read content:,343,343,3813,3813,-99,36,38,1,1,0,456,4988,37,1,4430,300,500,0,5,9500,5,0,1,0,2,0,0,0,1,5397,93,0,1656,4672,0,0,0,0,0,105
07-21 01:48:29.614  2091  2229 D vendor.oplus.hardware.charger-V10-service: gmtime: 2026-07-21-01-48-29
07-21 01:48:29.615  2091  2229 D vendor.oplus.hardware.charger-V10-service: usb_online:1, ac_online:-2147483648, wireless_online:0
07-21 01:48:29.619  1828  8590 E         : DNS_CACHE: hanle request << lookupdns: hostname:test-gateway.instagram.com, servername:443, ai_flags:1024, ai_family:0, ai_socktype:2, ai_protocol:0, netid:0, uid:10526
07-21 01:48:29.620 16359 16661 D DNS_CACHE: oplus_oplus_getaddrinfo_proxy lookup from netd: hostname:test-gateway.instagram.com, servname:443 uid: 10526, result_code:408, res = 0x0, found = 0
07-21 01:48:29.624 16359 16656 E msys    : E[N mns:DGWClient]_LogError(328)=>Failed to resolve using system DNS resolver, getaddrinfo(): No address associated with hostname
07-21 01:48:29.636  1945 16156 I sensors-hal: handle_oplus_wise_rgb_event:160, wise_rgb:(36907)(cct,lux,ir)[5300.00, 8.58, 0.000000](rgbc)[442.93, 203.53, 105.46, 693.74](pwm,hbm,brl,algo)[0.0 0.0 563.0 2.0],flag 0
07-21 01:48:29.656  5540  5863 D DnsDomainBlock: onDnsEvent: latencyMs=0, returnCode=4, uid=10423
07-21 01:48:29.718  3256  3256 I cnss-daemon: nl80211 response handler invoked
07-21 01:48:29.718  1959  2644 I WifiHAL : event received NL80211_CMD_VENDOR, vendor_id = 0x1374, subcmd = 0xd
07-21 01:48:29.718  3256  3256 I cnss-daemon: nl80211_response_handler: cmd 103, vendorID 4980, subcmd 13  received
07-21 01:48:29.976  1945 16161 I sensors-hal: handle_sns_std_sensor_event:104, oplus rgb_rear sample: (cct, lux, ir, x, y)[47596, 0, 300000, 276, 209]
07-21 01:48:29.976  1945 16161 I sensors-hal: handle_sns_std_sensor_event:106, oplus rgb_rear sample: (r, g, b, c w)[3, 2, 2, 1, 3]
07-21 01:48:30.042 16780 18824 W OplusMediaMonitor: [0xb4000067923b5000] c2.qti.avc.decoder [544*544] inputFps=0, outputFps=0 renderFps=0, discardFps=0
07-21 01:48:30.116  2041  1734 V Codec2-DumpInput: [processLoop:L697][c2.qti.avc.decoder_228]QueueRead[0] empty, waiting buffer.
07-21 01:48:30.116  2041  1611 V Codec2-DumpInput: [processLoop:L697][c2.qti.avc.decoder_227]QueueRead[0] empty, waiting buffer.
07-21 01:48:30.237  1945 25577 I sensors-hal: handle_oplus_wise_rgb_event:189, high_pwm_light:lux 8.6,cct 5300.0,brl/algo/ir 563.0/2.0/0.0,pwm/dc 0.0/0.0,rgbc 442.925110/203.526428/105.457596/693.742798,ts 184304492261600,cnt 36910,flag 0
07-21 01:48:30.262  1945  2014 I sensors-hal: handle_sns_client_event:316, accel_sample: 0: ts=184304298218787 ns; value = [-0.128389, 0.452204, 9.844957], status=3
07-21 01:48:30.339  2091  6948 D charge_time: write 0s(00:00:00) to ttf, rc=3
07-21 01:48:30.339  2091  6948 D charge_time: type=sdp,reserve_soc=3,soc=36,ui_soc=38,current=99,avg=89,not_chg_cnt=0,stable_cnt=7,fcc=4672,fcc_ratio=91,delta=580,debug=0,region=19,ttf=56437(15:40:37),ui_ttf=0(00:00:00)
07-21 01:48:30.374 22607 22663 I SystemUi--Statusbar: OplusNetworkSpeedControllExImpl-->updateNetworkSpeed: isConnected:true,isSwitchOn:true,isSuspend:false,isPause:false
07-21 01:48:30.382 22607 22663 I SystemUi--Statusbar: OplusNetworkSpeedControllExImpl-->getTotalByte: totalRxBytes:6100254398,totalTxBytes:603530043,loopbackTxBytes:162408542,loopbackRxBytes:162408542 ,totalBytes:6378967357
07-21 01:48:30.404  2036  2036 I [UAH_CLIENT]: UahPlatformResAcquire
07-21 01:48:30.404  2036  2036 I [UAH_CLIENT]: UahEventAcquire, cmdid:-3, pkg:2237 8517, identity:qcom-perfd
07-21 01:48:30.405  2036  2181 E ANDR-PERF-RESOURCEQS: ANDR-PERF-RESOURCEQS: AddAndApply() 125: Resource with major=16, minor=0 not supported
07-21 01:48:30.423  2036 31463 I [UAH_CLIENT]: UahRelease, handle:188853
07-21 01:48:30.446  5727  5727 D VendorWifiService: onEvent event:9,action:1
07-21 01:48:30.459  3535  4685 D ScorerUtils: isLowTraffic: txTputKBps=0, rxTputKBps=2
07-21 01:48:30.460  3535  4685 D OplusWifiPower_TriggerCenter: mComponentCallback: wifistat
07-21 01:48:30.508  2091  2244 D BatteryChargeControl: bcc get no support from charging protocol
07-21 01:48:30.513  5727  7491 D CommonApp-130-10448: transport layer data is invalid
07-21 01:48:30.514  5727  7491 D CommonApp-130-10162: transport layer data is invalid
07-21 01:48:30.514  5727  7491 D CommonApp-130-10116: transport layer data is invalid
07-21 01:48:30.637  1945 16156 I sensors-hal: handle_oplus_wise_rgb_event:160, wise_rgb:(36912)(cct,lux,ir)[5300.00, 8.06, 0.000000](rgbc)[458.20, 203.53, 105.46, 693.74](pwm,hbm,brl,algo)[0.0 0.0 563.0 2.0],flag 0
07-21 01:48:30.884  7458 25033 W OPLUS_LOG_LOAD: ==LOGS PROG INFO, prog(com.oplus.camera) ==
07-21 01:48:30.884  7458 25033 I APS_ALOG: flushRoutine g_immediateFlush=0 g_pendingCount=0 g_oobCount=0
07-21 01:48:30.984  2375  2375 I adbd    : adbd service requested 'shell,v2,TERM=dumb:export ANDROID_LOG_TAGS=''; exec logcat '-d' '-t' '20000''
07-21 01:48:31.237  3535  4399 I CwbClient: setCWBDisplayType set mFeatureID = CWB_RGB_VALUE
07-21 01:48:31.268  1945  2014 I sensors-hal: handle_sns_client_event:316, accel_sample: 0: ts=184305304179985 ns; value = [-0.128389, 0.442628, 9.840169], status=3
07-21 01:48:31.342  2091  6948 D charge_time: type=sdp,reserve_soc=3,soc=36,ui_soc=38,current=99,avg=94,not_chg_cnt=0,stable_cnt=7,fcc=4672,fcc_ratio=91,delta=581,debug=0,region=19,ttf=53404(14:50:04),ui_ttf=0(00:00:00)
07-21 01:48:31.373  2375  2375 I adbd    : adbd service requested 'shell,v2,TERM=dumb:export ANDROID_LOG_TAGS=''; exec logcat '-d' '-t' '20000''
07-21 01:48:31.437  3535  4399 D FusionLightNextGen: raw_lux -1.0, raw_cct -1.0, r/g/b/c: 458.2/203.5/105.5/693.7, R/G/B: 28.0/27.0/23.0, bri 563.0, lux: 7.147813, cct: 5300.0, ir: 0.062284, conf: 2, cnt: 0
07-21 01:48:31.503  3535  6231 I AICCTModule: SensorFilter: brightness threshold 1.2 screenNit is 17.790684 ave enviroment lux is 7.1478133 luxForNit 22.053493demarcationPoint200.0 result is false
07-21 01:48:31.503  3535  6231 I AICCTModule: SensorFilter: findSecondNearestValue, sensorValue: 5300.0 nearestMaxValue:5300.0 secondNearestValue: 5300.0
07-21 01:48:31.503  3535  6231 I AICCTModule: SensorFilter: findSecondNearestValue, sensorValue: 7.147813 nearestMaxValue:7.147813 secondNearestValue: 7.147813
07-21 01:48:31.509  2091  2244 D BatteryChargeControl: bcc get no support from charging protocol
07-21 01:48:31.536  5727  7491 D CommonApp-130-10448: transport layer data is invalid
07-21 01:48:31.537  5727  7491 D CommonApp-130-10162: transport layer data is invalid
07-21 01:48:31.537  5727  7491 D CommonApp-130-10116: transport layer data is invalid
07-21 01:48:31.636  1945 16156 I sensors-hal: handle_oplus_wise_rgb_event:160, wise_rgb:(36917)(cct,lux,ir)[5300.00, 8.05, 0.000000](rgbc)[458.20, 218.06, 105.46, 708.82](pwm,hbm,brl,algo)[0.0 0.0 563.0 2.0],flag 0
07-21 01:48:31.667  5826  6269 W Battery : ThermalControllHandler: MSG_THERMAL_CONTROL_CPU_CTRL_CHANGED: ThermalControlState=true, curThermalPolicyCpu=10, curCpu=5, isUserForeground=true
07-21 01:48:31.668  5826  6269 I [UAH_CLIENT]: uahRuleCtl, ruleId:4, status:1
07-21 01:48:31.729  1959  2644 I WifiHAL : event received NL80211_CMD_VENDOR, vendor_id = 0x1374, subcmd = 0xd
07-21 01:48:31.729  3256  3256 I cnss-daemon: nl80211 response handler invoked
07-21 01:48:31.729  3256  3256 I cnss-daemon: nl80211_response_handler: cmd 103, vendorID 4980, subcmd 13  received
07-21 01:48:32.236  1945 25577 I sensors-hal: handle_oplus_wise_rgb_event:189, high_pwm_light:lux 8.6,cct 5300.0,brl/algo/ir 563.0/2.0/0.0,pwm/dc 0.0/0.0,rgbc 442.925110/203.526428/105.457596/693.742798,ts 184306492099464,cnt 36920,flag 0
07-21 01:48:32.272  6378  6474 E horae   : 0: target_temp:34300, back:34300,frame:34300,front:34300, 4, +(0), 1 ,34300, algo:0
07-21 01:48:32.273  1945  2014 I sensors-hal: handle_sns_client_event:316, accel_sample: 0: ts=184306310070662 ns; value = [-0.118812, 0.442628, 9.840169], status=3
07-21 01:48:32.343  2091  6948 D charge_time: type=sdp,reserve_soc=3,soc=36,ui_soc=38,current=99,avg=99,not_chg_cnt=0,stable_cnt=7,fcc=4672,fcc_ratio=91,delta=582,debug=0,region=19,ttf=50677(14:04:37),ui_ttf=0(00:00:00)
07-21 01:48:32.510  2091  2244 D BatteryChargeControl: bcc get no support from charging protocol
07-21 01:48:32.559  5727  7491 D CommonApp-130-10448: transport layer data is invalid
07-21 01:48:32.559  5727  7491 D CommonApp-130-10162: transport layer data is invalid
07-21 01:48:32.560  5727  7491 D CommonApp-130-10116: transport layer data is invalid
07-21 01:48:32.636  1945 16156 I sensors-hal: handle_oplus_wise_rgb_event:160, wise_rgb:(36922)(cct,lux,ir)[5300.00, 8.06, 0.000000](rgbc)[458.20, 203.53, 105.46, 693.74](pwm,hbm,brl,algo)[0.0 0.0 563.0 2.0],flag 0
07-21 01:48:33.001  1945 16161 I sensors-hal: handle_sns_std_sensor_event:104, oplus rgb_rear sample: (cct, lux, ir, x, y)[10766, 0, 150000, 388, 88]
07-21 01:48:33.001  1945 16161 I sensors-hal: handle_sns_std_sensor_event:106, oplus rgb_rear sample: (r, g, b, c w)[3, 1, 3, 2, 3]
07-21 01:48:33.078  2375  2375 I adbd    : adbd service requested 'shell,v2,TERM=dumb:export ANDROID_LOG_TAGS=''; exec logcat '-d' '-t' '20000''
07-21 01:48:33.104  1828  8590 E         : DNS_CACHE: hanle request << lookupdns: hostname:mail-api.proton.me, servername:^, ai_flags:0, ai_family:0, ai_socktype:1, ai_protocol:0, netid:0, uid:10438
07-21 01:48:33.105 21796 31475 D DNS_CACHE: oplus_oplus_getaddrinfo_proxy lookup from netd: hostname:mail-api.proton.me, servname:(null) uid: 10438, result_code:408, res = 0x0, found = 0
07-21 01:48:33.111  5540  5863 D DnsDomainBlock: onDnsEvent: latencyMs=0, returnCode=4, uid=10438
07-21 01:48:33.112  1828  8590 E         : DNS_CACHE: hanle request << lookupdns: hostname:dns.quad9.net, servername:^, ai_flags:0, ai_family:0, ai_socktype:1, ai_protocol:0, netid:0, uid:10438
07-21 01:48:33.112 21796 31475 D DNS_CACHE: oplus_oplus_getaddrinfo_proxy lookup from netd: hostname:dns.quad9.net, servname:(null) uid: 10438, result_code:408, res = 0x0, found = 0
07-21 01:48:33.115  5540  5863 D DnsDomainBlock: onDnsEvent: latencyMs=0, returnCode=4, uid=10438
07-21 01:48:33.119  1828  8590 E         : DNS_CACHE: hanle request << lookupdns: hostname:dns.google, servername:^, ai_flags:0, ai_family:0, ai_socktype:1, ai_protocol:0, netid:0, uid:10438
07-21 01:48:33.119 21796 31475 D DNS_CACHE: oplus_oplus_getaddrinfo_proxy lookup from netd: hostname:dns.google, servname:(null) uid: 10438, result_code:408, res = 0x0, found = 0
07-21 01:48:33.125  5540  5863 D DnsDomainBlock: onDnsEvent: latencyMs=0, returnCode=4, uid=10438
07-21 01:48:33.127  1828  8590 E         : DNS_CACHE: hanle request << lookupdns: hostname:dns.quad9.net, servername:^, ai_flags:0, ai_family:0, ai_socktype:1, ai_protocol:0, netid:0, uid:10438
07-21 01:48:33.127 21796 31475 D DNS_CACHE: oplus_oplus_getaddrinfo_proxy lookup from netd: hostname:dns.quad9.net, servname:(null) uid: 10438, result_code:408, res = 0x0, found = 0
07-21 01:48:33.132  1828  8590 E         : DNS_CACHE: hanle request << lookupdns: hostname:dns.google, servername:^, ai_flags:0, ai_family:0, ai_socktype:1, ai_protocol:0, netid:0, uid:10438
07-21 01:48:33.133 21796 31475 D DNS_CACHE: oplus_oplus_getaddrinfo_proxy lookup from netd: hostname:dns.google, servname:(null) uid: 10438, result_code:408, res = 0x0, found = 0
07-21 01:48:33.279  1945  2014 I sensors-hal: handle_sns_client_event:316, accel_sample: 0: ts=184307316072485 ns; value = [-0.142754, 0.447416, 9.844957], status=3
07-21 01:48:33.345  2091  6948 D charge_time: type=sdp,reserve_soc=3,soc=36,ui_soc=38,current=138,avg=106,not_chg_cnt=0,stable_cnt=7,fcc=4672,fcc_ratio=91,delta=583,debug=0,region=19,ttf=47290(13:08:10),ui_ttf=0(00:00:00)
07-21 01:48:33.463  2375  2375 I adbd    : adbd service requested 'shell,v2,TERM=dumb:export ANDROID_LOG_TAGS=''; exec logcat '-d' '-t' '20000''
07-21 01:48:33.467  5727  5727 D VendorWifiService: onEvent event:9,action:1
07-21 01:48:33.474  3535  4685 D ScorerUtils: isLowTraffic: txTputKBps=0, rxTputKBps=1
07-21 01:48:33.475  3535  4685 D OplusWifiPower_TriggerCenter: mComponentCallback: wifistat
07-21 01:48:33.511  2091  2244 D BatteryChargeControl: bcc get no support from charging protocol
07-21 01:48:33.587  5727  7491 D CommonApp-130-10448: transport layer data is invalid
07-21 01:48:33.587  5727  7491 D CommonApp-130-10162: transport layer data is invalid
07-21 01:48:33.588  5727  7491 D CommonApp-130-10116: transport layer data is invalid
07-21 01:48:33.636  1945 16156 I sensors-hal: handle_oplus_wise_rgb_event:160, wise_rgb:(36927)(cct,lux,ir)[5300.00, 8.78, 0.000000](rgbc)[458.20, 203.53, 105.46, 708.82](pwm,hbm,brl,algo)[0.0 0.0 563.0 2.0],flag 0
07-21 01:48:33.636  3535  4399 I CwbClient: setCWBDisplayType set mFeatureID = CWB_RGB_VALUE
07-21 01:48:33.738  3256  3256 I cnss-daemon: nl80211 response handler invoked
07-21 01:48:33.738  1959  2644 I WifiHAL : event received NL80211_CMD_VENDOR, vendor_id = 0x1374, subcmd = 0xd
07-21 01:48:33.738  3256  3256 I cnss-daemon: nl80211_response_handler: cmd 103, vendorID 4980, subcmd 13  received
07-21 01:48:33.836  3535  4399 D FusionLightNextGen: raw_lux -1.0, raw_cct -1.0, r/g/b/c: 442.9/203.5/105.5/693.7, R/G/B: 28.0/27.0/23.0, bri 563.0, lux: 7.147813, cct: 5300.0, ir: 0.048484, conf: 2, cnt: 0
07-21 01:48:33.884  2041 18836 V Codec2-DumpInput: [processLoop:L697][c2.qti.avc.decoder_56]QueueRead[0] empty, waiting buffer.
07-21 01:48:34.202  3535  6231 I AICCTModule: SensorFilter: brightness threshold 1.2 screenNit is 17.790684 ave enviroment lux is 7.1478133 luxForNit 22.053493demarcationPoint200.0 result is false
07-21 01:48:34.202  3535  6231 I AICCTModule: SensorFilter: findSecondNearestValue, sensorValue: 5300.0 nearestMaxValue:5300.0 secondNearestValue: 5300.0
07-21 01:48:34.202  3535  6231 I AICCTModule: SensorFilter: findSecondNearestValue, sensorValue: 7.147813 nearestMaxValue:7.147813 secondNearestValue: 7.147813
07-21 01:48:34.236  1945 25577 I sensors-hal: handle_oplus_wise_rgb_event:189, high_pwm_light:lux 8.4,cct 5300.0,brl/algo/ir 563.0/2.0/0.0,pwm/dc 0.0/0.0,rgbc 442.925110/203.526428/90.392227/693.742798,ts 184308492101600,cnt 36930,flag 0
07-21 01:48:34.286  1945  2014 I sensors-hal: handle_sns_client_event:316, accel_sample: 0: ts=184308321963892 ns; value = [-0.157119, 0.452204, 9.844957], status=3
07-21 01:48:34.347  2091  6948 D charge_time: type=sdp,reserve_soc=3,soc=36,ui_soc=38,current=138,avg=114,not_chg_cnt=0,stable_cnt=7,fcc=4672,fcc_ratio=91,delta=584,debug=0,region=19,ttf=43931(12:12:11),ui_ttf=0(00:00:00)
07-21 01:48:34.385 22607 22663 W OPLUS_LOG_LOAD: ==LOGS PROG INFO, prog(com.android.systemui) ==
07-21 01:48:34.385 22607 22663 I SystemUi--Statusbar: OplusNetworkSpeedControllExImpl-->updateNetworkSpeed: isConnected:true,isSwitchOn:true,isSuspend:false,isPause:false
07-21 01:48:34.388 22607 22663 I SystemUi--Statusbar: OplusNetworkSpeedControllExImpl-->getTotalByte: totalRxBytes:6100258423,totalTxBytes:603530279,loopbackTxBytes:162408542,loopbackRxBytes:162408542 ,totalBytes:6378971618
07-21 01:48:34.413  2036  2036 I [UAH_CLIENT]: UahPlatformResAcquire
07-21 01:48:34.413  2036  2036 I [UAH_CLIENT]: UahEventAcquire, cmdid:-3, pkg:2237 8518, identity:qcom-perfd
07-21 01:48:34.416  2036  2181 E ANDR-PERF-RESOURCEQS: ANDR-PERF-RESOURCEQS: AddAndApply() 125: Resource with major=16, minor=0 not supported
07-21 01:48:34.435  2036 31486 I [UAH_CLIENT]: UahRelease, handle:188855
07-21 01:48:34.458  5454 26200 D IpClient/wlan0: interfaceLinkStateChanged: ifindex 27 up
07-21 01:48:34.512  2091  2244 D BatteryChargeControl: bcc get no support from charging protocol
07-21 01:48:34.608  5727  7491 D CommonApp-130-10448: transport layer data is invalid
07-21 01:48:34.608  5727  7491 D CommonApp-130-10162: transport layer data is invalid
07-21 01:48:34.608  5727  7491 D CommonApp-130-10116: transport layer data is invalid
07-21 01:48:34.616  2091  2229 D vendor.oplus.hardware.charger-V10-service: ret_value:124, read content:,343,343,3819,3819,-138,36,38,1,1,0,453,4992,37,1,4430,300,500,0,5,9500,5,0,1,0,2,0,0,0,1,5397,93,0,1656,4672,0,0,0,0,0,105
07-21 01:48:34.616  2091  2229 D vendor.oplus.hardware.charger-V10-service: gmtime: 2026-07-21-01-48-34
07-21 01:48:34.617  2091  2229 D vendor.oplus.hardware.charger-V10-service: usb_online:1, ac_online:-2147483648, wireless_online:0
07-21 01:48:34.637  1945 16156 I sensors-hal: handle_oplus_wise_rgb_event:160, wise_rgb:(36932)(cct,lux,ir)[5300.00, 8.39, 0.000000](rgbc)[442.93, 203.53, 90.39, 693.74](pwm,hbm,brl,algo)[0.0 0.0 563.0 2.0],flag 0
07-21 01:48:34.664  5540  5863 D DnsDomainBlock: onDnsEvent: latencyMs=0, returnCode=4, uid=10423
07-21 01:48:35.006  1828  8590 E         : DNS_CACHE: hanle request << lookupdns: hostname:firebaseremoteconfig.googleapis.com, servername:^, ai_flags:1024, ai_family:0, ai_socktype:1, ai_protocol:0, netid:0, uid:10411
07-21 01:48:35.007 32328 31489 D DNS_CACHE: oplus_oplus_getaddrinfo_proxy lookup from netd: hostname:firebaseremoteconfig.googleapis.com, servname:(null) uid: 10411, result_code:408, res = 0x0, found = 0
07-21 01:48:35.013  1828  8590 E         : DNS_CACHE: hanle request << lookupdns: hostname:dns.google.com, servername:^, ai_flags:1024, ai_family:0, ai_socktype:1, ai_protocol:0, netid:0, uid:10411
07-21 01:48:35.014  5540  5863 D DnsDomainBlock: onDnsEvent: latencyMs=0, returnCode=4, uid=10411
07-21 01:48:35.014 32328 18418 D DNS_CACHE: oplus_oplus_getaddrinfo_proxy lookup from netd: hostname:dns.google.com, servname:(null) uid: 10411, result_code:408, res = 0x0, found = 0
07-21 01:48:35.017  5540  5863 D DnsDomainBlock: onDnsEvent: latencyMs=0, returnCode=4, uid=10411
07-21 01:48:35.021  1828  8590 E         : DNS_CACHE: hanle request << lookupdns: hostname:mozilla.cloudflare-dns.com, servername:^, ai_flags:1024, ai_family:0, ai_socktype:1, ai_protocol:0, netid:0, uid:10411
07-21 01:48:35.021 32328 18418 D DNS_CACHE: oplus_oplus_getaddrinfo_proxy lookup from netd: hostname:mozilla.cloudflare-dns.com, servname:(null) uid: 10411, result_code:408, res = 0x0, found = 0
07-21 01:48:35.024  5540  5863 D DnsDomainBlock: onDnsEvent: latencyMs=0, returnCode=4, uid=10411
07-21 01:48:35.117  2041  1734 V Codec2-DumpInput: [processLoop:L697][c2.qti.avc.decoder_228]QueueRead[0] empty, waiting buffer.
07-21 01:48:35.117  2041  1611 V Codec2-DumpInput: [processLoop:L697][c2.qti.avc.decoder_227]QueueRead[0] empty, waiting buffer.
07-21 01:48:35.168  2375  2375 I adbd    : adbd service requested 'shell,v2,TERM=dumb:export ANDROID_LOG_TAGS=''; exec logcat '-d' '-t' '20000''
07-21 01:48:35.291  1945  2014 I sensors-hal: handle_sns_client_event:316, accel_sample: 0: ts=184309327858319 ns; value = [-0.147542, 0.442628, 9.859323], status=3
07-21 01:48:35.350  2091  6948 D charge_time: write 0s(00:00:00) to ttf, rc=3
07-21 01:48:35.350  2091  6948 D charge_time: type=sdp,reserve_soc=3,soc=36,ui_soc=38,current=138,avg=122,not_chg_cnt=0,stable_cnt=7,fcc=4672,fcc_ratio=91,delta=585,debug=0,region=19,ttf=41011(11:23:31),ui_ttf=0(00:00:00)
07-21 01:48:35.514  2091  2244 D BatteryChargeControl: bcc get no support from charging protocol
07-21 01:48:35.544  2375  2375 I adbd    : adbd service requested 'shell,v2,TERM=dumb:export ANDROID_LOG_TAGS=''; exec logcat '-d' '-t' '20000''
07-21 01:48:35.632  5727  7491 D CommonApp-130-10448: transport layer data is invalid
07-21 01:48:35.632  5727  7491 D CommonApp-130-10162: transport layer data is invalid
07-21 01:48:35.632  5727  7491 D CommonApp-130-10116: transport layer data is invalid
07-21 01:48:35.637  1945 16156 I sensors-hal: handle_oplus_wise_rgb_event:160, wise_rgb:(36937)(cct,lux,ir)[5300.00, 8.39, 0.000000](rgbc)[442.93, 203.53, 90.39, 693.74](pwm,hbm,brl,algo)[0.0 0.0 563.0 2.0],flag 0
07-21 01:48:35.749  1959  2644 I WifiHAL : event received NL80211_CMD_VENDOR, vendor_id = 0x1374, subcmd = 0xd
07-21 01:48:35.750  3256  3256 I cnss-daemon: nl80211 response handler invoked
07-21 01:48:35.750  3256  3256 I cnss-daemon: nl80211_response_handler: cmd 103, vendorID 4980, subcmd 13  received
07-21 01:48:35.837  3535  4399 W OPLUS_LOG_LOAD: ==LOGS PROG INFO, prog(system_server) ==
07-21 01:48:35.837  3535  4399 I CwbClient: setCWBDisplayType set mFeatureID = CWB_RGB_VALUE
07-21 01:48:35.886  7458 25033 I APS_ALOG: flushRoutine g_immediateFlush=0 g_pendingCount=0 g_oobCount=0
07-21 01:48:35.901  9225 14164 D gaia-GaiaConnectChecker: start connect check++
07-21 01:48:36.000  1945 16161 I sensors-hal: handle_sns_std_sensor_event:104, oplus rgb_rear sample: (cct, lux, ir, x, y)[1564, 0, 300000, 395, 239]
07-21 01:48:36.000  1945 16161 I sensors-hal: handle_sns_std_sensor_event:106, oplus rgb_rear sample: (r, g, b, c w)[2, 2, 3, 1, 3]
07-21 01:48:36.037  3535  4399 D FusionLightNextGen: raw_lux -1.0, raw_cct -1.0, r/g/b/c: 442.9/203.5/105.5/693.7, R/G/B: 28.0/27.0/23.0, bri 563.0, lux: 7.147813, cct: 5300.0, ir: 0.048484, conf: 2, cnt: 0
07-21 01:48:36.236  1945 25577 I sensors-hal: handle_oplus_wise_rgb_event:189, high_pwm_light:lux 8.1,cct 5300.0,brl/algo/ir 563.0/2.0/0.0,pwm/dc 0.0/0.0,rgbc 458.198364/203.526428/105.457596/693.742798,ts 184310492100298,cnt 36940,flag 0
07-21 01:48:36.297  1945  2014 I sensors-hal: handle_sns_client_event:316, accel_sample: 0: ts=184310333660558 ns; value = [-0.147542, 0.437839, 9.830592], status=3
07-21 01:48:36.352  2091  6948 D charge_time: type=sdp,reserve_soc=3,soc=36,ui_soc=38,current=138,avg=130,not_chg_cnt=0,stable_cnt=7,fcc=4672,fcc_ratio=91,delta=586,debug=0,region=19,ttf=38451(10:40:51),ui_ttf=0(00:00:00)
07-21 01:48:36.482  5727  5727 D VendorWifiService: onEvent event:9,action:1
07-21 01:48:36.490  3535  4685 D ScorerUtils: isLowTraffic: txTputKBps=0, rxTputKBps=1
07-21 01:48:36.490  3535  4685 D OplusWifiPower_TriggerCenter: mComponentCallback: wifistat
07-21 01:48:36.517  2091  2244 D BatteryChargeControl: bcc get no support from charging protocol
07-21 01:48:36.519  3535  3783 D osense.compress: org.telegram.messenger do shrink, target ratio = 35, final ratio = 70, cur ratio = 0
07-21 01:48:36.612  3535  4267 E OsenseCommonUtils: write /dev/memcg/memory.force_shrink_file failed
07-21 01:48:36.612  3535  4267 E OsenseCommonUtils: java.io.IOException: write failed: EBUSY (Device or resource busy)
07-21 01:48:36.612  3535  4267 E OsenseCommonUtils: 	at libcore.io.IoBridge.write(IoBridge.java:651)
07-21 01:48:36.612  3535  4267 E OsenseCommonUtils: 	at java.io.FileOutputStream.write(FileOutputStream.java:436)
07-21 01:48:36.612  3535  4267 E OsenseCommonUtils: 	at sun.nio.cs.StreamEncoder.writeBytes(StreamEncoder.java:233)
07-21 01:48:36.612  3535  4267 E OsenseCommonUtils: 	at sun.nio.cs.StreamEncoder.implFlushBuffer(StreamEncoder.java:309)
07-21 01:48:36.612  3535  4267 E OsenseCommonUtils: 	at sun.nio.cs.StreamEncoder.implFlush(StreamEncoder.java:313)
07-21 01:48:36.612  3535  4267 E OsenseCommonUtils: 	at sun.nio.cs.StreamEncoder.flush(StreamEncoder.java:153)
07-21 01:48:36.612  3535  4267 E OsenseCommonUtils: 	at java.io.OutputStreamWriter.flush(OutputStreamWriter.java:248)
07-21 01:48:36.612  3535  4267 E OsenseCommonUtils: 	at com.android.server.oplus.osense.utils.OsenseCommonUtils.writeFile(OsenseCommonUtils.java:163)
07-21 01:48:36.612  3535  4267 E OsenseCommonUtils: 	at com.android.server.am.OplusOsenseCompressAction.doGlobalShrink(OplusOsenseCompressAction.java:1884)
07-21 01:48:36.612  3535  4267 E OsenseCommonUtils: 	at com.android.server.am.OplusOsenseCompressAction.-$$Nest$mdoGlobalShrink(OplusOsenseCompressAction.java:0)
07-21 01:48:36.612  3535  4267 E OsenseCommonUtils: 	at com.android.server.am.OplusOsenseCompressAction$CompressHandler.handleMessage(OplusOsenseCompressAction.java:1294)
07-21 01:48:36.612  3535  4267 E OsenseCommonUtils: 	at android.os.Handler.dispatchMessage(Handler.java:116)
07-21 01:48:36.612  3535  4267 E OsenseCommonUtils: 	at android.os.Looper.loopOnce(Looper.java:306)
07-21 01:48:36.612  3535  4267 E OsenseCommonUtils: 	at android.os.Looper.loop(Looper.java:416)
07-21 01:48:36.612  3535  4267 E OsenseCommonUtils: 	at android.os.HandlerThread.run(HandlerThread.java:85)
07-21 01:48:36.612  3535  4267 E OsenseCommonUtils: Caused by: android.system.ErrnoException: write failed: EBUSY (Device or resource busy)
07-21 01:48:36.612  3535  4267 E OsenseCommonUtils: 	at libcore.io.Linux.writeBytes(Native Method)
07-21 01:48:36.612  3535  4267 E OsenseCommonUtils: 	at libcore.io.Linux.write(Linux.java:342)
07-21 01:48:36.612  3535  4267 E OsenseCommonUtils: 	at libcore.io.ForwardingOs.write(ForwardingOs.java:970)
07-21 01:48:36.612  3535  4267 E OsenseCommonUtils: 	at libcore.io.BlockGuardOs.write(BlockGuardOs.java:463)
07-21 01:48:36.612  3535  4267 E OsenseCommonUtils: 	at libcore.io.IoBridge.write(IoBridge.java:646)
07-21 01:48:36.612  3535  4267 E OsenseCommonUtils: 	... 14 more
07-21 01:48:36.637  1945 16156 I sensors-hal: handle_oplus_wise_rgb_event:160, wise_rgb:(36942)(cct,lux,ir)[5300.00, 8.06, 0.000000](rgbc)[458.20, 203.53, 105.46, 693.74](pwm,hbm,brl,algo)[0.0 0.0 563.0 2.0],flag 0
07-21 01:48:36.656  5727  7491 D CommonApp-130-10448: transport layer data is invalid
07-21 01:48:36.656  5727  7491 D CommonApp-130-10162: transport layer data is invalid
07-21 01:48:36.657  5727  7491 D CommonApp-130-10116: transport layer data is invalid
07-21 01:48:36.670  5826  6269 W Battery : ThermalControllHandler: MSG_THERMAL_CONTROL_CPU_CTRL_CHANGED: ThermalControlState=true, curThermalPolicyCpu=10, curCpu=6, isUserForeground=true
07-21 01:48:36.671  5826  6269 I [UAH_CLIENT]: uahRuleCtl, ruleId:4, status:1
07-21 01:48:36.749  1828  8590 E         : DNS_CACHE: hanle request << lookupdns: hostname:z-m-gateway.facebook.com, servername:443, ai_flags:1024, ai_family:0, ai_socktype:2, ai_protocol:0, netid:0, uid:10303
07-21 01:48:36.750 12567 13431 D DNS_CACHE: oplus_oplus_getaddrinfo_proxy lookup from netd: hostname:z-m-gateway.facebook.com, servname:443 uid: 10303, result_code:408, res = 0x0, found = 0
07-21 01:48:36.756  5540  5863 D DnsDomainBlock: onDnsEvent: latencyMs=0, returnCode=4, uid=10303
07-21 01:48:36.758 12567 13438 E msgr.msys: E[N mns:DGWClient]_LogError(328)=>Failed to resolve using system DNS resolver, getaddrinfo(): No address associated with hostname
07-21 01:48:36.763  1828  8590 E         : DNS_CACHE: hanle request << lookupdns: hostname:z-m-gateway.facebook.com, servername:443, ai_flags:1024, ai_family:0, ai_socktype:1, ai_protocol:0, netid:0, uid:10303
07-21 01:48:36.763 12567 13434 D DNS_CACHE: oplus_oplus_getaddrinfo_proxy lookup from netd: hostname:z-m-gateway.facebook.com, servname:443 uid: 10303, result_code:408, res = 0x0, found = 0
07-21 01:48:36.765 12567 13438 E msgr.msys: E[N mns:DGWClient]_LogError(328)=>Failed to resolve using system DNS resolver, getaddrinfo(): No address associated with hostname
07-21 01:48:36.848  5727 20492 D RadioProxyJ[1]: startChannelMonitoring update mLatestRequestId:-1
07-21 01:48:36.848  5727  6048 D RadioProxyJ[0]: startChannelMonitoring update mLatestRequestId:-1
07-21 01:48:36.927  3535  6231 I AICCTModule: SensorFilter: brightness threshold 1.2 screenNit is 17.790684 ave enviroment lux is 7.1478133 luxForNit 22.053493demarcationPoint200.0 result is false
07-21 01:48:36.927  3535  6231 I AICCTModule: SensorFilter: findSecondNearestValue, sensorValue: 5300.0 nearestMaxValue:5300.0 secondNearestValue: 5300.0
07-21 01:48:36.927  3535  6231 I AICCTModule: SensorFilter: findSecondNearestValue, sensorValue: 7.147813 nearestMaxValue:7.147813 secondNearestValue: 7.147813
07-21 01:48:37.266  2375  2375 I adbd    : adbd service requested 'shell,v2,TERM=dumb:export ANDROID_LOG_TAGS=''; exec logcat '-d' '-t' '20000''
07-21 01:48:37.272  6378  6474 E horae   : 0: target_temp:34300, back:34300,frame:34300,front:34300, 4, +(0), 1 ,34300, algo:0
07-21 01:48:37.281  3535  6070 W Athena  : AbnormalMemoryAction: clear config of abnormal_memory_periodic_clear_flagship_series is null
07-21 01:48:37.282  3535  6070 I Athena  : EmMem: initAction configName=abnormal_memory_periodic_clear_flagship_series,defaultConfigName=abnormal_memory_periodic_clear,clearType=79,mConfig=[ #abnormal_memory_periodic_clear# filter_type=0# filter_type_new=0, recent_keep_num=2, recent_keep_time=-1, audio=true, navigating=true, downloading=false, perceptible=false, recent_lock=false, home=true, keyguard=false, inputmethod=false, foreground=true, widget=false, live_wallpaper=false, pip=true, vpn=true, bt=true, screen_recorder=false, visible_window=true, app_manger=false, persist=false, background_protect=false, foreground_service=false, heat_game=false, super_alive_game=true, preload_protect=false, native=true, backup=false, system=false, high_priority_count=0, revival_protect=false, accessibility_servicefalse, important_app=false, system_process_max_adj=200, task=false, trash=false, toast=false]
07-21 01:48:37.303  1945  2014 I sensors-hal: handle_sns_client_event:316, accel_sample: 0: ts=184311339774412 ns; value = [-0.128389, 0.447416, 9.844957], status=3
07-21 01:48:37.354  2091  6948 D charge_time: type=sdp,reserve_soc=3,soc=36,ui_soc=38,current=138,avg=138,not_chg_cnt=0,stable_cnt=7,fcc=4672,fcc_ratio=91,delta=587,debug=0,region=19,ttf=36187(10:03:07),ui_ttf=0(00:00:00)
07-21 01:48:37.519  2091  2244 D BatteryChargeControl: bcc get no support from charging protocol
07-21 01:48:37.637  1945 16156 I sensors-hal: handle_oplus_wise_rgb_event:160, wise_rgb:(36947)(cct,lux,ir)[5300.00, 8.58, 0.000000](rgbc)[442.93, 203.53, 105.46, 693.74](pwm,hbm,brl,algo)[0.0 0.0 563.0 2.0],flag 0
07-21 01:48:37.650  2375  2375 I adbd    : adbd service requested 'shell,v2,TERM=dumb:export ANDROID_LOG_TAGS=''; exec logcat '-d' '-t' '20000''
07-21 01:48:37.679  5727  7491 D CommonApp-130-10448: transport layer data is invalid
07-21 01:48:37.682  5727  7491 D CommonApp-130-10162: transport layer data is invalid
07-21 01:48:37.682  5727  7491 D CommonApp-130-10116: transport layer data is invalid
07-21 01:48:37.754  1959  2644 I WifiHAL : event received NL80211_CMD_VENDOR, vendor_id = 0x1374, subcmd = 0xd
07-21 01:48:37.754  3256  3256 I cnss-daemon: nl80211 response handler invoked
07-21 01:48:37.754  3256  3256 I cnss-daemon: nl80211_response_handler: cmd 103, vendorID 4980, subcmd 13  received
07-21 01:48:38.036  1828  8590 E         : DNS_CACHE: hanle request << lookupdns: hostname:test-gateway.instagram.com, servername:443, ai_flags:1024, ai_family:0, ai_socktype:2, ai_protocol:0, netid:0, uid:10526
07-21 01:48:38.037 16359 16662 D DNS_CACHE: oplus_oplus_getaddrinfo_proxy lookup from netd: hostname:test-gateway.instagram.com, servname:443 uid: 10526, result_code:408, res = 0x0, found = 0
07-21 01:48:38.041 16359 16656 E msys    : E[N mns:DGWClient]_LogError(328)=>Failed to resolve using system DNS resolver, getaddrinfo(): No address associated with hostname
07-21 01:48:38.046  5540  5863 D DnsDomainBlock: onDnsEvent: latencyMs=0, returnCode=4, uid=10526
07-21 01:48:38.046  1828  8590 E         : DNS_CACHE: hanle request << lookupdns: hostname:test-gateway.instagram.com, servername:443, ai_flags:1024, ai_family:0, ai_socktype:1, ai_protocol:0, netid:0, uid:10526
07-21 01:48:38.046 16359 16659 D DNS_CACHE: oplus_oplus_getaddrinfo_proxy lookup from netd: hostname:test-gateway.instagram.com, servname:443 uid: 10526, result_code:408, res = 0x0, found = 0
07-21 01:48:38.047 16359 16656 E msys    : E[N mns:DGWClient]_LogError(328)=>Failed to resolve using system DNS resolver, getaddrinfo(): No address associated with hostname
07-21 01:48:38.237  1945 25577 I sensors-hal: handle_oplus_wise_rgb_event:189, high_pwm_light:lux 8.6,cct 5300.0,brl/algo/ir 563.0/2.0/0.0,pwm/dc 0.0/0.0,rgbc 442.925110/203.526428/105.457596/693.742798,ts 184312492101756,cnt 36950,flag 0
07-21 01:48:38.238  3535  4399 I CwbClient: setCWBDisplayType set mFeatureID = CWB_RGB_VALUE
07-21 01:48:38.286  3356  3356 I OplusTouchDaemon: ts_run_service: shellback temperature updated 34 (34300)
07-21 01:48:38.310  1945  2014 I sensors-hal: handle_sns_client_event:316, accel_sample: 0: ts=184312345746235 ns; value = [-0.104447, 0.447416, 9.859323], status=3
07-21 01:48:38.356  2091  6948 D charge_time: type=sdp,reserve_soc=3,soc=36,ui_soc=38,current=126,avg=135,not_chg_cnt=0,stable_cnt=7,fcc=4672,fcc_ratio=91,delta=588,debug=0,region=19,ttf=37004(10:16:44),ui_ttf=0(00:00:00)
07-21 01:48:38.392 22607 22663 I SystemUi--Statusbar: OplusNetworkSpeedControllExImpl-->updateNetworkSpeed: isConnected:true,isSwitchOn:true,isSuspend:false,isPause:false
07-21 01:48:38.396 22607 22663 I SystemUi--Statusbar: OplusNetworkSpeedControllExImpl-->getTotalByte: totalRxBytes:6100266263,totalTxBytes:603530587,loopbackTxBytes:162408542,loopbackRxBytes:162408542 ,totalBytes:6378979766
07-21 01:48:38.416  2036  2036 I [UAH_CLIENT]: UahPlatformResAcquire
07-21 01:48:38.416  2036  2036 I [UAH_CLIENT]: UahEventAcquire, cmdid:-3, pkg:2237 8519, identity:qcom-perfd
07-21 01:48:38.419  2036  2181 E ANDR-PERF-RESOURCEQS: ANDR-PERF-RESOURCEQS: AddAndApply() 125: Resource with major=16, minor=0 not supported
07-21 01:48:38.436  3535  4399 D FusionLightNextGen: raw_lux -1.0, raw_cct -1.0, r/g/b/c: 442.9/203.5/105.5/693.7, R/G/B: 28.0/27.0/23.0, bri 563.0, lux: 7.147813, cct: 5300.0, ir: 0.048484, conf: 2, cnt: 0
07-21 01:48:38.437  2036 31514 I [UAH_CLIENT]: UahRelease, handle:188857
07-21 01:48:38.520  2091  2244 D BatteryChargeControl: bcc get no support from charging protocol
07-21 01:48:38.637  1945 16156 I sensors-hal: handle_oplus_wise_rgb_event:160, wise_rgb:(36952)(cct,lux,ir)[5300.00, 8.58, 0.000000](rgbc)[442.93, 203.53, 105.46, 693.74](pwm,hbm,brl,algo)[0.0 0.0 563.0 2.0],flag 0
07-21 01:48:38.702  5727  7491 D CommonApp-130-10448: transport layer data is invalid
07-21 01:48:38.703  5727  7491 D CommonApp-130-10162: transport layer data is invalid
07-21 01:48:38.703  5727  7491 D CommonApp-130-10116: transport layer data is invalid
07-21 01:48:38.885  2041 18836 V Codec2-DumpInput: [processLoop:L697][c2.qti.avc.decoder_56]QueueRead[0] empty, waiting buffer.
07-21 01:48:39.026  1945 16161 I sensors-hal: handle_sns_std_sensor_event:104, oplus rgb_rear sample: (cct, lux, ir, x, y)[5151644, 0, 300000, 345, 185]
07-21 01:48:39.026  1945 16161 I sensors-hal: handle_sns_std_sensor_event:106, oplus rgb_rear sample: (r, g, b, c w)[3, 2, 3, 1, 3]
07-21 01:48:39.035  1945  4496 I sensors-hal: qsh_conn_event_cb:762, event[0] msg_id=1025, ts=3538914561008, sensor_type = pedometer_minute  Wakeup
07-21 01:48:39.035  1945  4496 E sensors-hal: handle_sns_client_event:95, pedometer_minute: report_ts=3071,counter=4190.000000 move_status =[SNS_CMC_STATIONARY] time_gap = 0 run_counter=645.000000 walk_counter=2737.000000
07-21 01:48:39.044  4758  4758 I StepApp_StepDataPreHandler: (main)onSensorChanged raw data: step=4190.0 state=3.0 minuteDelta=0.0 timestamp=184313295793683 steprun=645.0 stepwalk=2737.0 formatted data: step=4190 state=3 timestamp=184313295793683 time=1784573319034 steprun=645 stepwalk=2737
07-21 01:48:39.048  4758 20942 I StepApp_StepDataSaver: (O_dfd_290)getNewFixedOffsetStep type is STEP
07-21 01:48:39.049  4758 20942 I StepApp_StepDataSaver: (O_dfd_290)isRebootCountStep:false	 lastRealTimeStamp = 1784573220000	 bootTimestamp = 1784389005738	 mLastModifiedMinuteTime = 2026-07-21-01-47
07-21 01:48:39.049  4758 20942 I StepApp_StepDataSaver: (O_dfd_290)calOffSet:sensorStep = 4190	 lastModifiedStep = 4190	 offSet = 0
07-21 01:48:39.049  4758 20942 I StepApp_StepDataSaver: (O_dfd_290)getNewFixedOffsetStep type is RUN
07-21 01:48:39.049  4758 20942 I StepApp_StepDataSaver: (O_dfd_290)isRebootCountStep:false	 lastRealTimeStamp = 1784573220000	 bootTimestamp = 1784389005738	 mLastModifiedMinuteTime = 2026-07-21-01-47
07-21 01:48:39.049  4758 20942 I StepApp_StepDataSaver: (O_dfd_290)calOffSet:sensorStep = 645	 lastModifiedStep = 645	 offSet = 0
07-21 01:48:39.049  4758 20942 I StepApp_StepDataSaver: (O_dfd_290)getNewFixedOffsetStep type is WALK
07-21 01:48:39.049  4758 20942 I StepApp_StepDataSaver: (O_dfd_290)isRebootCountStep:false	 lastRealTimeStamp = 1784573220000	 bootTimestamp = 1784389005738	 mLastModifiedMinuteTime = 2026-07-21-01-47
07-21 01:48:39.049  4758 20942 I StepApp_StepDataSaver: (O_dfd_290)calOffSet:sensorStep = 2737	 lastModifiedStep = 2737	 offSet = 0
07-21 01:48:39.214  1945  2014 I sensors-hal: handle_sns_client_event:316, accel_sample: 0: ts=184313351525454 ns; value = [-0.142754, 0.442628, 9.864111], status=3
07-21 01:48:39.358  2091  6948 D charge_time: type=sdp,reserve_soc=3,soc=36,ui_soc=38,current=126,avg=133,not_chg_cnt=0,stable_cnt=7,fcc=4672,fcc_ratio=91,delta=589,debug=0,region=19,ttf=37567(10:26:07),ui_ttf=0(00:00:00)
07-21 01:48:39.377  2375  2375 I adbd    : adbd service requested 'shell,v2,TERM=dumb:export ANDROID_LOG_TAGS=''; exec logcat '-d' '-t' '20000''
07-21 01:48:39.478  1828  8590 E         : DNS_CACHE: hanle request << lookupdns: hostname:test-gateway.instagram.com, servername:443, ai_flags:1024, ai_family:0, ai_socktype:2, ai_protocol:0, netid:0, uid:10526
07-21 01:48:39.479 16359 16660 D DNS_CACHE: oplus_oplus_getaddrinfo_proxy lookup from netd: hostname:test-gateway.instagram.com, servname:443 uid: 10526, result_code:408, res = 0x0, found = 0
07-21 01:48:39.485 16359 16656 E msys    : E[N mns:DGWClient]_LogError(328)=>Failed to resolve using system DNS resolver, getaddrinfo(): No address associated with hostname
07-21 01:48:39.502  5727  5727 D VendorWifiService: onEvent event:9,action:1
07-21 01:48:39.515  3535  4685 D ScorerUtils: isLowTraffic: txTputKBps=0, rxTputKBps=2
07-21 01:48:39.517  3535  4685 D OplusWifiPower_TriggerCenter: mComponentCallback: wifistat
07-21 01:48:39.520  2091  2244 D BatteryChargeControl: bcc get no support from charging protocol
07-21 01:48:39.521  2036  2036 I [UAH_CLIENT]: UahPlatformResAcquire
07-21 01:48:39.522  2036  2036 I [UAH_CLIENT]: UahEventAcquire, cmdid:-3, pkg:2237 8520, identity:qcom-perfd
07-21 01:48:39.524  2036  2181 E ANDR-PERF-RESOURCEQS: ANDR-PERF-RESOURCEQS: AddAndApply() 125: Resource with major=16, minor=0 not supported
07-21 01:48:39.542  2036 31520 I [UAH_CLIENT]: UahRelease, handle:188858
07-21 01:48:39.548  2237  2763 E HwcComposer: getLuts failed Status(-129, EX_TRANSACTION_FAILED): 'UNKNOWN_TRANSACTION: '
07-21 01:48:39.616  1981  2351 I SDM     : DisplayBase::CommitThread: Received idle timeout, panel: cmd, timeout: 70000 us
07-21 01:48:39.618  2091  2229 D vendor.oplus.hardware.charger-V10-service: ret_value:124, read content:,343,343,3821,3820,-125,36,38,1,1,0,456,4990,37,1,4430,300,500,0,5,9500,5,0,1,0,2,0,0,0,1,5397,93,0,1656,4672,0,0,0,0,0,105
07-21 01:48:39.619  2091  2229 D vendor.oplus.hardware.charger-V10-service: gmtime: 2026-07-21-01-48-39
07-21 01:48:39.619  2091  2229 D vendor.oplus.hardware.charger-V10-service: usb_online:1, ac_online:-2147483648, wireless_online:0
07-21 01:48:39.628  3535  6231 I AICCTModule: SensorFilter: brightness threshold 1.2 screenNit is 17.790684 ave enviroment lux is 7.1478133 luxForNit 22.053493demarcationPoint200.0 result is false
07-21 01:48:39.628  3535  6231 I AICCTModule: SensorFilter: findSecondNearestValue, sensorValue: 5300.0 nearestMaxValue:5300.0 secondNearestValue: 5300.0
07-21 01:48:39.628  3535  6231 I AICCTModule: SensorFilter: findSecondNearestValue, sensorValue: 7.147813 nearestMaxValue:7.147813 secondNearestValue: 7.147813
07-21 01:48:39.635  3535  3783 D osense.compress: com.google.android.googlequicksearchbox do shrink, target ratio = 45, final ratio = 90, cur ratio = 0
07-21 01:48:39.636  3535  3783 D osense.compress: jp.naver.line.android_u999 do shrink, target ratio = 45, final ratio = 90, cur ratio = 0
07-21 01:48:39.636  1945 16156 I sensors-hal: handle_oplus_wise_rgb_event:160, wise_rgb:(36957)(cct,lux,ir)[5300.00, 8.58, 0.000000](rgbc)[442.93, 203.53, 105.46, 693.74](pwm,hbm,brl,algo)[0.0 0.0 563.0 2.0],flag 0
07-21 01:48:39.670  5540  5863 D DnsDomainBlock: onDnsEvent: latencyMs=0, returnCode=4, uid=10423
07-21 01:48:39.727  5727  7491 D CommonApp-130-10448: transport layer data is invalid
07-21 01:48:39.727  5727  7491 D CommonApp-130-10162: transport layer data is invalid
07-21 01:48:39.728  5727  7491 D CommonApp-130-10116: transport layer data is invalid
07-21 01:48:39.744  2375  2375 I adbd    : adbd service requested 'shell,v2,TERM=dumb:export ANDROID_LOG_TAGS=''; exec logcat '-d' '-t' '20000''
07-21 01:48:39.767  3256  3256 I cnss-daemon: nl80211 response handler invoked
07-21 01:48:39.767  3256  3256 I cnss-daemon: nl80211_response_handler: cmd 103, vendorID 4980, subcmd 13  received
07-21 01:48:39.767  1959  2644 I WifiHAL : event received NL80211_CMD_VENDOR, vendor_id = 0x1374, subcmd = 0xd
07-21 01:48:40.070  2914  3881 I 2914UMSHealthDataProvider_Travel: sportObserver onChange
07-21 01:48:40.117  2041  1611 V Codec2-DumpInput: [processLoop:L697][c2.qti.avc.decoder_227]QueueRead[0] empty, waiting buffer.
07-21 01:48:40.118  2041  1734 V Codec2-DumpInput: [processLoop:L697][c2.qti.avc.decoder_228]QueueRead[0] empty, waiting buffer.
07-21 01:48:40.236  1945 25577 I sensors-hal: handle_oplus_wise_rgb_event:189, high_pwm_light:lux 8.6,cct 5300.0,brl/algo/ir 563.0/2.0/0.0,pwm/dc 0.0/0.0,rgbc 442.925110/203.526428/105.457596/693.742798,ts 184314492103319,cnt 36960,flag 0
07-21 01:48:40.272  2036  2036 I [UAH_CLIENT]: UahPlatformResAcquire
07-21 01:48:40.272  2036  2036 I [UAH_CLIENT]: UahEventAcquire, cmdid:-3, pkg:2237 8517, identity:qcom-perfd
07-21 01:48:40.275  2036  2181 E ANDR-PERF-RESOURCEQS: ANDR-PERF-RESOURCEQS: AddAndApply() 125: Resource with major=16, minor=0 not supported
07-21 01:48:40.294  2036 31526 I [UAH_CLIENT]: UahRelease, handle:188859
07-21 01:48:40.311  1945  2014 I sensors-hal: handle_sns_client_event:316, accel_sample: 0: ts=184314357495350 ns; value = [-0.147542, 0.428263, 9.854534], status=3
07-21 01:48:40.360  2091  6948 D charge_time: write 0s(00:00:00) to ttf, rc=3
07-21 01:48:40.360  2091  6948 D charge_time: type=sdp,reserve_soc=3,soc=36,ui_soc=38,current=126,avg=130,not_chg_cnt=0,stable_cnt=7,fcc=4672,fcc_ratio=91,delta=590,debug=0,region=19,ttf=38447(10:40:47),ui_ttf=0(00:00:00)
07-21 01:48:40.437  3535  4399 I CwbClient: setCWBDisplayType set mFeatureID = CWB_RGB_VALUE
07-21 01:48:40.444  2036  2036 I [UAH_CLIENT]: UahPlatformResAcquire
07-21 01:48:40.444  2036  2036 I [UAH_CLIENT]: UahEventAcquire, cmdid:-3, pkg:2237 8518, identity:qcom-perfd
07-21 01:48:40.448  2036  2181 E ANDR-PERF-RESOURCEQS: ANDR-PERF-RESOURCEQS: AddAndApply() 125: Resource with major=16, minor=0 not supported
07-21 01:48:40.448  2237  2763 E HwcComposer: getLuts failed Status(-129, EX_TRANSACTION_FAILED): 'UNKNOWN_TRANSACTION: '
07-21 01:48:40.467  2036 31529 I [UAH_CLIENT]: UahRelease, handle:188860
07-21 01:48:40.518  1981  2351 I SDM     : DisplayBase::CommitThread: Received idle timeout, panel: cmd, timeout: 70000 us
07-21 01:48:40.522  2091  2244 D BatteryChargeControl: bcc get no support from charging protocol
07-21 01:48:40.636  1945 16156 I sensors-hal: handle_oplus_wise_rgb_event:160, wise_rgb:(36962)(cct,lux,ir)[5300.00, 7.67, 0.000000](rgbc)[442.93, 203.53, 90.39, 678.66](pwm,hbm,brl,algo)[0.0 0.0 563.0 2.0],flag 0
07-21 01:48:40.638  3535  4399 D FusionLightNextGen: raw_lux -1.0, raw_cct -1.0, r/g/b/c: 442.9/203.5/90.4/678.7, R/G/B: 28.0/27.0/23.0, bri 563.0, lux: 6.953022, cct: 5300.0, ir: 0.049858, conf: 2, cnt: 0
07-21 01:48:40.751  5727  7491 D CommonApp-130-10448: transport layer data is invalid
07-21 01:48:40.751  5727  7491 D CommonApp-130-10162: transport layer data is invalid
07-21 01:48:40.751  5727  7491 D CommonApp-130-10116: transport layer data is invalid
07-21 01:48:40.887  7458 25033 W OPLUS_LOG_LOAD: ==LOGS PROG INFO, prog(com.oplus.camera) ==
07-21 01:48:40.887  7458 25033 I APS_ALOG: flushRoutine g_immediateFlush=0 g_pendingCount=0 g_oobCount=0
07-21 01:48:41.317  1945  2014 I sensors-hal: handle_sns_client_event:316, accel_sample: 0: ts=184315363378996 ns; value = [-0.128389, 0.437839, 9.840169], status=3
07-21 01:48:41.362  2091  6948 D charge_time: type=sdp,reserve_soc=3,soc=36,ui_soc=38,current=126,avg=128,not_chg_cnt=0,stable_cnt=7,fcc=4672,fcc_ratio=91,delta=591,debug=0,region=19,ttf=39055(10:50:55),ui_ttf=0(00:00:00)
07-21 01:48:41.480  2375  2375 I adbd    : adbd service requested 'shell,v2,TERM=dumb:export ANDROID_LOG_TAGS=''; exec logcat '-d' '-t' '20000''
07-21 01:48:41.522  2091  2244 D BatteryChargeControl: bcc get no support from charging protocol
07-21 01:48:41.636  1945 16156 I sensors-hal: handle_oplus_wise_rgb_event:160, wise_rgb:(36967)(cct,lux,ir)[5300.00, 7.67, 0.000000](rgbc)[442.93, 203.53, 90.39, 678.66](pwm,hbm,brl,algo)[0.0 0.0 563.0 2.0],flag 0
07-21 01:48:41.676  5826  6269 W Battery : ThermalControllHandler: MSG_THERMAL_CONTROL_CPU_CTRL_CHANGED: ThermalControlState=true, curThermalPolicyCpu=10, curCpu=7, isUserForeground=true
07-21 01:48:41.677  5826  6269 I [UAH_CLIENT]: uahRuleCtl, ruleId:4, status:1
07-21 01:48:41.773  3256  3256 I cnss-daemon: nl80211 response handler invoked
07-21 01:48:41.773  3256  3256 I cnss-daemon: nl80211_response_handler: cmd 103, vendorID 4980, subcmd 13  received
07-21 01:48:41.775  5727  7491 D CommonApp-130-10448: transport layer data is invalid
07-21 01:48:41.775  1959  2644 I WifiHAL : event received NL80211_CMD_VENDOR, vendor_id = 0x1374, subcmd = 0xd
07-21 01:48:41.775  5727  7491 D CommonApp-130-10162: transport layer data is invalid
07-21 01:48:41.775  5727  7491 D CommonApp-130-10116: transport layer data is invalid
07-21 01:48:41.850  2375  2375 I adbd    : adbd service requested 'shell,v2,TERM=dumb:export ANDROID_LOG_TAGS=''; exec logcat '-d' '-t' '20000''
07-21 01:48:42.025  1945 16161 I sensors-hal: handle_sns_std_sensor_event:104, oplus rgb_rear sample: (cct, lux, ir, x, y)[31034, 0, 300000, 455, 115]
07-21 01:48:42.026  1945 16161 I sensors-hal: handle_sns_std_sensor_event:106, oplus rgb_rear sample: (r, g, b, c w)[2, 1, 3, 1, 3]
07-21 01:48:42.100 11038 11038 E fb4a.Execution: Redirecting MSYS Execution scheduling from the UI thread to a custom executor
07-21 01:48:42.107  1828  8590 E         : DNS_CACHE: hanle request << lookupdns: hostname:edge-mqtt.facebook.com, servername:^, ai_flags:1024, ai_family:0, ai_socktype:1, ai_protocol:0, netid:0, uid:10499
07-21 01:48:42.107 11038 31537 D DNS_CACHE: oplus_oplus_getaddrinfo_proxy lookup from netd: hostname:edge-mqtt.facebook.com, servname:(null) uid: 10499, result_code:408, res = 0x0, found = 0
07-21 01:48:42.114  1828  8590 E         : DNS_CACHE: hanle request << adddns: hostname:edge-mqtt.facebook.com, servername:^, ai_flags:1024, ai_family:0, ai_socktype:1, ai_protocol:0, netid:0, uid:10499
07-21 01:48:42.115 11038 31537 D DNS_CACHE: oplus_send_dns_response send hostname: edge-mqtt.facebook.com, servname: (null) response into netd: 0, *res = 0xb400006e25e38c00
