07-21 01:48:50.434  3535  3614 D ActivityTaskManager: commitVisibility: ActivityRecord{177274428 u0 com.nvidia.shield.remote/.MainActivity t3574}: visible=true visibleRequested=true, isInTransition=true 
07-21 01:48:50.434  3535  3614 D CoreBackPreview:  return markWindowHasDrawn mComposed: false  mWaitTransition: false
07-21 01:48:50.434  3535  3614 D ActivityTaskManager: Clearing startingData for activity=ActivityRecord{177274428 u0 com.nvidia.shield.remote/.MainActivity t3574} mStartingData=null mStartingSurface=null
07-21 01:48:50.434  3535  3614 I WindowManager: Window{582bdfd u0 com.nvidia.shield.remote/com.nvidia.shield.remote.MainActivity} state from READY_TO_SHOW to HAS_DRAWN; reason: performShowLocked
07-21 01:48:50.434  3535  3614 D CoreBackPreview:  return markWindowHasDrawn mComposed: false  mWaitTransition: false
07-21 01:48:50.434  3535  3614 E OplusAppQuickStart_AppQuickStartController: not start from launcher transition:7286
07-21 01:48:50.435  3535  3614 D OplusTransitionAnimationManager: activityRecordCount0fullScreenArBeHindStartingWindow null
07-21 01:48:50.435  3535  3614 D OplusTransitionAnimationManager: activityRecordCount0fullScreenArBeHindStartingWindow null
07-21 01:48:50.435  3535  3614 D FlexibleWindowUtils: use pkg to determine whether support flexible while ar is null, task:Task{2be771c #3663 type=standard A=10448:rd.sheepskin.sandboxmusic}
07-21 01:48:50.435  3535  3614 D OplusTransitionAnimationManager: markCanUseSpringSlideAnim for TransitionRecord{267a567 id=7286 track=0 type=CLOSE flags=0x0 state=2 c=[
07-21 01:48:50.435  3535  3614 D OplusTransitionAnimationManager:    ChangeInfo{f30ff14 container=Display{#0 state=ON size=1440x3168 ROTATION_0} flags=0x0}
07-21 01:48:50.435  3535  3614 D OplusTransitionAnimationManager:    ChangeInfo{30ce3bd container=Task{2be771c #3663 type=standard A=10448:rd.sheepskin.sandboxmusic} flags=0x0}
07-21 01:48:50.435  3535  3614 D OplusTransitionAnimationManager:    ChangeInfo{b0ebdb2 container=DefaultTaskDisplayArea@124522564 flags=0x0}
07-21 01:48:50.435  3535  3614 D OplusTransitionAnimationManager:    ChangeInfo{cbf3103 container=ActivityRecord{177274428 u0 com.nvidia.shield.remote/.MainActivity t3574} flags=0x0}
07-21 01:48:50.435  3535  3614 D OplusTransitionAnimationManager:    ChangeInfo{9a8f880 container=ActivityRecord{180870126 u0 rd.sheepskin.sandboxmusic/.MainActivity t3663 f} isExiting} flags=0x0}
07-21 01:48:50.435  3535  3614 D OplusTransitionAnimationManager:    ChangeInfo{ba8feb9 container=Task{c3c751a #3574 type=standard A=10396:com.nvidia.shield.remote} flags=0x30}
07-21 01:48:50.435  3535  3614 D OplusTransitionAnimationManager: ]
07-21 01:48:50.435  3535  3614 D OplusTransitionAnimationManager: }
07-21 01:48:50.435  3535  3614 D QuickBackInputPolicy: resetInputInterceptState for remoteTransition: true
07-21 01:48:50.435  3535  3614 E SchedAssist: binderSetThreadUxFlagByIoctl: ioctl failed, tid=-1 flag=1 ret=-1 errno=25 (Inappropriate ioctl for device)
07-21 01:48:50.436  3535  3614 E SchedAssist: binderSetThreadUxFlagByIoctl: ioctl failed, tid=-1 flag=0 ret=-1 errno=25 (Inappropriate ioctl for device)
07-21 01:48:50.436  2375  2375 I adbd    : Remote process closed the socket (on MSG_PEEK)
07-21 01:48:50.436  3535  3614 W WindowManager: captureTaskSnapshot mSnapshotMode= 0 source=Task{2be771c #3663 type=standard A=10448:rd.sheepskin.sandboxmusic}
07-21 01:48:50.436  3535  3614 D TaskSnapshotControllerExtImpl: createTaskSnapshot isCompatMode:false, isCompactWindow:false
07-21 01:48:50.436  3535  3614 W AbsAppSnapshotControllerExtImpl: updateExcludeLayers, addExcludeLayerList is null or empty, return excludeLayers
07-21 01:48:50.436 22607 22607 D CommandQueueLogger: appTransitionStarting displayId=0 startTime=111284562 duration=120 forced=false
07-21 01:48:50.436 22607  9288 V WindowManagerShell: onTransitionReady(transaction=15182710250445)
07-21 01:48:50.437 22607 22634 V WindowManagerShell: onTransitionReady (#7286) android.os.BinderProxy@22af0b4: {id=7286 t=CLOSE f=0x0 trk=0 r=[0@Point(0, 0)] c=[
07-21 01:48:50.437 22607 22634 V WindowManagerShell:         {m=TO_FRONT f=MOVE_TO_TOP leash=Surface(name=Task=3574)/@0x4e06420 sb=Rect(0, 0 - 1440, 3168) eb=Rect(0, 0 - 1440, 3168) epz=Point(1440, 3168) d=0 taskParent=-1},
07-21 01:48:50.437 22607 22634 V WindowManagerShell:         {m=CLOSE f=NONE leash=Surface(name=Task=3663)/@0x2cc91d9 sb=Rect(0, 0 - 1440, 3168) eb=Rect(0, 0 - 1440, 3168) epz=Point(1440, 3168) d=0 taskParent=-1}
07-21 01:48:50.437 22607 22634 V WindowManagerShell:     ] 
07-21 01:48:50.437 22607 22634 V WindowManagerShell: extendInfo=[
07-21 01:48:50.437 22607 22634 V WindowManagerShell:  OplusTransitionExtendedInfo{mTmpFinishT=null, mInOplusCompatMode=false, mIsProcessRunning=true, mHasMismatchBoundsTarget=false, mRecentsController=null, mRemoteTransition=null, mIsTranslucentActivityToHome=false, mAvoidInterceptKeyEventToHome=false, mIsFromHome=false, mParentLeash=null, mBackAnimClosingLeash=null, mReparentToRecentsSurface=null, mIsOplusAnimRes=false, mKeepBgForContinuous=false, mIsBalAllow=false, mHasCloseWallpaperRemoved=false, mTaskNotInRecent=false, mIsPredictiveBackAnim=false, mIsMergedWithPredictive=false, mIsLaunchFromSpruce=false, mIsLaunchFromDrive=false, mGlobalSearchPageSwitch=false, mNeedNoAlphaGlobalSearchScene=false, mAssistScreenShowing=false, mSwipeUpBrowserScreenShowing=false, mUserIdTransition=0
07-21 01:48:50.437 22607 22634 V WindowManagerShell: , mInRemoteScene=false, mInPreReady=false, mPreStart=false, mToken=null, mAbortByRemoteFromHome=false, mShellApplyToken=null, mRequestTransitionTaskId=3663, mAbortTransitionOnShell=0, mStartFromShortcut=false, mRemovedTaskId=-1, mTransitionInterruptType=0, mMergeSecondTaskId=-1, mIsStartAheadSpruce=false, mTaskIdStartFromRecents=0, mTransitionId=7286, mCanUseSpringSlideAnim=true, mTransitionLaunchFrom=0, mFoldChangeType=-1, mAnimStartingPosition=[0, 0, 0, 0], mIsOpeningStkDialogActivity=false, mSecondaryHomeToFrontWhenUnFolding=false, mIsNeedApplyStartTForEmbedded=false
07-21 01:48:50.437 22607 22634 V WindowManagerShell: , mNeedCanvasExitAnim=false, mMergeSecondTaskAnimation=false, mIsLaunchUnityStart=false, mIsLaunchFromAssistantByDefault=false, mSkipRemoteTransitionfalse, mPromoteTaskWhenKeyguard-1, mIsStartFromKeyguard=false, mMatchRemoteFilter=false flags=0x0, mFlexibleTaskIdList=[], mExpectEndRectState=-1, mFlexibleWindowForRecentTasks=false, mRecentTaskIdList=[], mWCT=null, mIsOpenMergeToInValidPredictive=false, mRootLayerZOrderArray={}}]}
07-21 01:48:50.437 22607 22634 D OplusShellTransition: dispatchReady, active:(#7286) android.os.BinderProxy@22af0b4@0, isSync=false, track:com.android.wm.shell.transition.Transitions$Track@9178f7d
07-21 01:48:50.437 22607 22634 D OplusShellTransition: Abort transition (#7286) android.os.BinderProxy@22af0b4@0 WMCore requested. isMergeSecondTaskAnimation: false reason: 0; abortTransition: false
07-21 01:48:50.437 22607 22634 V WindowManagerShell: Playing animation for (#7286) android.os.BinderProxy@22af0b4@0
07-21 01:48:50.438 22607 22634 D ShellSplitScreen: startAnimation: transition=7286 isSplitActive=false
07-21 01:48:50.438 22607 22634 V ShellRecents: RecentsTransitionHandler.startAnimation: no controller found
07-21 01:48:50.438 22607 22634 V WindowManagerShell: start OnePuttTransition animation, info = {id=7286 t=CLOSE f=0x0 trk=0 r=[0@Point(0, 0)] c=[{m=TO_FRONT f=MOVE_TO_TOP leash=Surface(name=Task=3574)/@0x4e06420 sb=Rect(0, 0 - 1440, 3168) eb=Rect(0, 0 - 1440, 3168) epz=Point(1440, 3168) d=0 taskParent=-1},{m=CLOSE f=NONE leash=Surface(name=Task=3663)/@0x2cc91d9 sb=Rect(0, 0 - 1440, 3168) eb=Rect(0, 0 - 1440, 3168) epz=Point(1440, 3168) d=0 taskParent=-1}] 
07-21 01:48:50.438 22607 22634 V WindowManagerShell: extendInfo=[
07-21 01:48:50.438 22607 22634 V WindowManagerShell:  OplusTransitionExtendedInfo{mTmpFinishT=null, mInOplusCompatMode=false, mIsProcessRunning=true, mHasMismatchBoundsTarget=false, mRecentsController=null, mRemoteTransition=null, mIsTranslucentActivityToHome=false, mAvoidInterceptKeyEventToHome=false, mIsFromHome=false, mParentLeash=null, mBackAnimClosingLeash=null, mReparentToRecentsSurface=null, mIsOplusAnimRes=false, mKeepBgForContinuous=false, mIsBalAllow=false, mHasCloseWallpaperRemoved=false, mTaskNotInRecent=false, mIsPredictiveBackAnim=false, mIsMergedWithPredictive=false, mIsLaunchFromSpruce=false, mIsLaunchFromDrive=false, mGlobalSearchPageSwitch=false, mNeedNoAlphaGlobalSearchScene=false, mAssistScreenShowing=false, mSwipeUpBrowserScreenShowing=false, mUserIdTransition=0
07-21 01:48:50.438 22607 22634 V WindowManagerShell: , mInRemoteScene=false, mInPreReady=false, mPreStart=false, mToken=null, mAbortByRemoteFromHome=false, mShellApplyToken=null, mRequestTransitionTaskId=3663, mAbortTransitionOnShell=0, mStartFromShortcut=false, mRemovedTaskId=-1, mTransitionInterruptType=0, mMergeSecondTaskId=-1, mIsStartAheadSpruce=false, mTaskIdStartFromRecents=0, mTransitionId=7286, mCanUseSpringSlideAnim=true, mTransitionLaunchFrom=0, mFoldChangeType=-1, mAnimStartingPosition=[0, 0, 0, 0], mIsOpeningStkDialogActivity=false, mSecondaryHomeToFrontWhenUnFolding=false, mIsNeedApplyStartTForEmbedded=false
07-21 01:48:50.438 22607 22634 V WindowManagerShell: , mNeedCanvasExitAnim=false, mMergeSecondTaskAnimation=false, mIsLaunchUnityStart=false, mIsLaunchFromAssistantByDefault=false, mSkipRemoteTransitionfalse, mPromoteTaskWhenKeyguard-1, mIsStartFromKeyguard=false, mMatchRemoteFilter=false flags=0x0, mFlexibleTaskIdList=[], mExpectEndRectState=-1, mFlexibleWindowForRecentTasks=false, mRecentTaskIdList=[], mWCT=null, mIsOpenMergeToInValidPredictive=false, mRootLayerZOrderArray={}}]}
07-21 01:48:50.438 22607 22634 D FlexibleTaskTransitionHandler:  no need handler this transitionInfo: {id=7286 t=CLOSE f=0x0 trk=0 r=[0@Point(0, 0)] c=[{m=TO_FRONT f=MOVE_TO_TOP leash=Surface(name=Task=3574)/@0x4e06420 sb=Rect(0, 0 - 1440, 3168) eb=Rect(0, 0 - 1440, 3168) epz=Point(1440, 3168) d=0 taskParent=-1},{m=CLOSE f=NONE leash=Surface(name=Task=3663)/@0x2cc91d9 sb=Rect(0, 0 - 1440, 3168) eb=Rect(0, 0 - 1440, 3168) epz=Point(1440, 3168) d=0 taskParent=-1}] 
07-21 01:48:50.438 22607 22634 D FlexibleTaskTransitionHandler: extendInfo=[
07-21 01:48:50.438 22607 22634 D FlexibleTaskTransitionHandler:  OplusTransitionExtendedInfo{mTmpFinishT=null, mInOplusCompatMode=false, mIsProcessRunning=true, mHasMismatchBoundsTarget=false, mRecentsController=null, mRemoteTransition=null, mIsTranslucentActivityToHome=false, mAvoidInterceptKeyEventToHome=false, mIsFromHome=false, mParentLeash=null, mBackAnimClosingLeash=null, mReparentToRecentsSurface=null, mIsOplusAnimRes=false, mKeepBgForContinuous=false, mIsBalAllow=false, mHasCloseWallpaperRemoved=false, mTaskNotInRecent=false, mIsPredictiveBackAnim=false, mIsMergedWithPredictive=false, mIsLaunchFromSpruce=false, mIsLaunchFromDrive=false, mGlobalSearchPageSwitch=false, mNeedNoAlphaGlobalSearchScene=false, mAssistScreenShowing=false, mSwipeUpBrowserScreenShowing=false, mUserIdTransition=0
07-21 01:48:50.438 22607 22634 D FlexibleTaskTransitionHandler: , mInRemoteScene=false, mInPreReady=false, mPreStart=false, mToken=null, mAbortByRemoteFromHome=false, mShellApplyToken=null, mRequestTransitionTaskId=3663, mAbortTransitionOnShell=0, mStartFromShortcut=false, mRemovedTaskId=-1, mTransitionInterruptType=0, mMergeSecondTaskId=-1, mIsStartAheadSpruce=false, mTaskIdStartFromRecents=0, mTransitionId=7286, mCanUseSpringSlideAnim=true, mTransitionLaunchFrom=0, mFoldChangeType=-1, mAnimStartingPosition=[0, 0, 0, 0], mIsOpeningStkDialogActivity=false, mSecondaryHomeToFrontWhenUnFolding=false, mIsNeedApplyStartTForEmbedded=false
07-21 01:48:50.438 22607 22634 D FlexibleTaskTransitionHandler: , mNeedCanvasExitAnim=false, mMergeSecondTaskAnimation=false, mIsLaunchUnityStart=false, mIsLaunchFromAssistantByDefault=false, mSkipRemoteTransitionfalse, mPromoteTaskWhenKeyguard-1, mIsStartFromKeyguard=false, mMatchRemoteFilter=false flags=0x0, mFlexibleTaskIdList=[], mExpectEndRectState=-1, mFlexibleWindowForRecentTasks=false, mRecentTaskIdList=[], mWCT=null, mIsOpenMergeToInValidPredictive=false, mRootLayerZOrderArray={}}]}
07-21 01:48:50.438 22607 22634 V WindowManagerShell: Transition doesn't have explicit remote, search filters for match for {id=7286 t=CLOSE f=0x0 trk=0 r=[0@Point(0, 0)] c=[{m=TO_FRONT f=MOVE_TO_TOP leash=Surface(name=Task=3574)/@0x4e06420 sb=Rect(0, 0 - 1440, 3168) eb=Rect(0, 0 - 1440, 3168) epz=Point(1440, 3168) d=0 taskParent=-1},{m=CLOSE f=NONE leash=Surface(name=Task=3663)/@0x2cc91d9 sb=Rect(0, 0 - 1440, 3168) eb=Rect(0, 0 - 1440, 3168) epz=Point(1440, 3168) d=0 taskParent=-1}] 
07-21 01:48:50.438 22607 22634 V WindowManagerShell: extendInfo=[
07-21 01:48:50.438 22607 22634 V WindowManagerShell:  OplusTransitionExtendedInfo{mTmpFinishT=null, mInOplusCompatMode=false, mIsProcessRunning=true, mHasMismatchBoundsTarget=false, mRecentsController=null, mRemoteTransition=null, mIsTranslucentActivityToHome=false, mAvoidInterceptKeyEventToHome=false, mIsFromHome=false, mParentLeash=null, mBackAnimClosingLeash=null, mReparentToRecentsSurface=null, mIsOplusAnimRes=false, mKeepBgForContinuous=false, mIsBalAllow=false, mHasCloseWallpaperRemoved=false, mTaskNotInRecent=false, mIsPredictiveBackAnim=false, mIsMergedWithPredictive=false, mIsLaunchFromSpruce=false, mIsLaunchFromDrive=false, mGlobalSearchPageSwitch=false, mNeedNoAlphaGlobalSearchScene=false, mAssistScreenShowing=false, mSwipeUpBrowserScreenShowing=false, mUserIdTransition=0
07-21 01:48:50.438 22607 22634 V WindowManagerShell: , mInRemoteScene=false, mInPreReady=false, mPreStart=false, mToken=null, mAbortByRemoteFromHome=false, mShellApplyToken=null, mRequestTransitionTaskId=3663, mAbortTransitionOnShell=0, mStartFromShortcut=false, mRemovedTaskId=-1, mTransitionInterruptType=0, mMergeSecondTaskId=-1, mIsStartAheadSpruce=false, mTaskIdStartFromRecents=0, mTransitionId=7286, mCanUseSpringSlideAnim=true, mTransitionLaunchFrom=0, mFoldChangeType=-1, mAnimStartingPosition=[0, 0, 0, 0], mIsOpeningStkDialogActivity=false, mSecondaryHomeToFrontWhenUnFolding=false, mIsNeedApplyStartTForEmbedded=false
07-21 01:48:50.438 22607 22634 V WindowManagerShell: , mNeedCanvasExitAnim=false, mMergeSecondTaskAnimation=false, mIsLaunchUnityStart=false, mIsLaunchFromAssistantByDefault=false, mSkipRemoteTransitionfalse, mPromoteTaskWhenKeyguard-1, mIsStartFromKeyguard=false, mMatchRemoteFilter=false flags=0x0, mFlexibleTaskIdList=[], mExpectEndRectState=-1, mFlexibleWindowForRecentTasks=false, mRecentTaskIdList=[], mWCT=null, mIsOpenMergeToInValidPredictive=false, mRootLayerZOrderArray={}}]}
07-21 01:48:50.438 22607 22634 V WindowManagerShell:  Delegate animation for (#7286) to null
07-21 01:48:50.438  2237  2796 I ClientCache: removeProcess: Cache owner=0xb400006ffa16fa80
07-21 01:48:50.438  2237  3483 E HwcComposer: getLuts failed Status(-129, EX_TRANSACTION_FAILED): 'UNKNOWN_TRANSACTION: '
07-21 01:48:50.438  3535  9004 I ImeTracker: rd.sheepskin.sandboxmusic:301f81bd: onRequestHide at ORIGIN_SERVER reason HIDE_REMOVE_CLIENT fromUser false
07-21 01:48:50.438  3535  9004 I ImeTracker: rd.sheepskin.sandboxmusic:301f81bd: onCancelled at PHASE_SERVER_SHOULD_HIDE
07-21 01:48:50.438  3535  6274 I MediaFocusControl: AudioFocus  removeFocusStackEntryOnDeath(): removing entry for android.os.BinderProxy@1ec510a
07-21 01:48:50.438  3535  3597 I ActivityManager: Death received, pid = 0, processName = rd.sheepskin.sandboxmusic for thread android.os.BinderProxy@716d647
07-21 01:48:50.439 22607 22634 V WindowManagerShell: start default transition animation, info = {id=7286 t=CLOSE f=0x0 trk=0 r=[0@Point(0, 0)] c=[{m=TO_FRONT f=MOVE_TO_TOP leash=Surface(name=Task=3574)/@0x4e06420 sb=Rect(0, 0 - 1440, 3168) eb=Rect(0, 0 - 1440, 3168) epz=Point(1440, 3168) d=0 taskParent=-1},{m=CLOSE f=NONE leash=Surface(name=Task=3663)/@0x2cc91d9 sb=Rect(0, 0 - 1440, 3168) eb=Rect(0, 0 - 1440, 3168) epz=Point(1440, 3168) d=0 taskParent=-1}] 
07-21 01:48:50.439 22607 22634 V WindowManagerShell: extendInfo=[
07-21 01:48:50.439 22607 22634 V WindowManagerShell:  OplusTransitionExtendedInfo{mTmpFinishT=null, mInOplusCompatMode=false, mIsProcessRunning=true, mHasMismatchBoundsTarget=false, mRecentsController=null, mRemoteTransition=null, mIsTranslucentActivityToHome=false, mAvoidInterceptKeyEventToHome=false, mIsFromHome=false, mParentLeash=null, mBackAnimClosingLeash=null, mReparentToRecentsSurface=null, mIsOplusAnimRes=false, mKeepBgForContinuous=false, mIsBalAllow=false, mHasCloseWallpaperRemoved=false, mTaskNotInRecent=false, mIsPredictiveBackAnim=false, mIsMergedWithPredictive=false, mIsLaunchFromSpruce=false, mIsLaunchFromDrive=false, mGlobalSearchPageSwitch=false, mNeedNoAlphaGlobalSearchScene=false, mAssistScreenShowing=false, mSwipeUpBrowserScreenShowing=false, mUserIdTransition=0
07-21 01:48:50.439 22607 22634 V WindowManagerShell: , mInRemoteScene=false, mInPreReady=false, mPreStart=false, mToken=null, mAbortByRemoteFromHome=false, mShellApplyToken=null, mRequestTransitionTaskId=3663, mAbortTransitionOnShell=0, mStartFromShortcut=false, mRemovedTaskId=-1, mTransitionInterruptType=0, mMergeSecondTaskId=-1, mIsStartAheadSpruce=false, mTaskIdStartFromRecents=0, mTransitionId=7286, mCanUseSpringSlideAnim=true, mTransitionLaunchFrom=0, mFoldChangeType=-1, mAnimStartingPosition=[0, 0, 0, 0], mIsOpeningStkDialogActivity=false, mSecondaryHomeToFrontWhenUnFolding=false, mIsNeedApplyStartTForEmbedded=false
07-21 01:48:50.439 22607 22634 V WindowManagerShell: , mNeedCanvasExitAnim=false, mMergeSecondTaskAnimation=false, mIsLaunchUnityStart=false, mIsLaunchFromAssistantByDefault=false, mSkipRemoteTransitionfalse, mPromoteTaskWhenKeyguard-1, mIsStartFromKeyguard=false, mMatchRemoteFilter=false flags=0x0, mFlexibleTaskIdList=[], mExpectEndRectState=-1, mFlexibleWindowForRecentTasks=false, mRecentTaskIdList=[], mWCT=null, mIsOpenMergeToInValidPredictive=false, mRootLayerZOrderArray={}}]}
07-21 01:48:50.439 22607 22634 D FSS_OplusFoldSwitchStateObserver: cancelAnimationIfNeedWhenFolding: foldChangeType = -1
07-21 01:48:50.439 22607 22634 D ShellContinuousTransitionController:  getWallPaperChangeRemoved, hasRemoved=false
07-21 01:48:50.439 22607 22634 W OplusShellTransition: no system app in targets, skip loading oplus animation.
07-21 01:48:50.440  3535  4536 D ConnectivityService: releasing NetworkRequest [ REQUEST id=47328, [ Capabilities: INTERNET&NOT_RESTRICTED&TRUSTED&NOT_VCN_MANAGED&NOT_BANDWIDTH_CONSTRAINED Uid: 10448 RequestorUid: 10448 RequestorPkg: rd.sheepskin.sandboxmusic UnderlyingNetworks: Null] ] (release request)
07-21 01:48:50.440 11259 11259 I EuiccGoogle: [2] NetworkFetcher.getFirstActiveEuiccSlotId: isRemovableEsimDefault: false
07-21 01:48:50.440  1937  3759 I EffectsFactory: EffectRelease(): 0xb400006f7637cee0
07-21 01:48:50.440 22607 22634 V WindowManagerShell: loadAnimation: anim=android.view.animation.AnimationSet@225b79b animAttr=0xb type=CLOSE isEntrance=false
07-21 01:48:50.440 22607 22634 D OplusShellTransition: default transition handler transfer value refresh rate rect:Rect(0, 0 - 1440, 3168)
07-21 01:48:50.440 22607 22634 D OplusShellTransition: startAnimation transitionToken=android.os.BinderProxy@22af0b4
07-21 01:48:50.440 22607 22634 W OplusShellTransition: no system app in targets, skip loading oplus animation.
07-21 01:48:50.441  2199  4603 I EffectChain: removeEffect_l() effect 0xb4000074940e7800, removed from chain 0xb4000074a8089ac0 at rank 0
07-21 01:48:50.441  2199  4603 I EffectChain: ~EffectChain(): delete EffectChain = 0xb4000074a8089ac0
07-21 01:48:50.441  2199  4603 W APM_AudioPolicyManager: unregisterEffect effect 8227 enabled
07-21 01:48:50.441  2199  4603 I EffectModule: Destructor 0xb4000074940e7800
07-21 01:48:50.441 22607 22634 V WindowManagerShell: loadAnimation: anim=android.view.animation.AnimationSet@bdda311 animAttr=0xa type=CLOSE isEntrance=true
07-21 01:48:50.441 22607 22634 D OplusShellTransition: default transition handler transfer value refresh rate rect:Rect(0, 0 - 1440, 3168)
07-21 01:48:50.441 22607 22634 D OplusShellTransition: startAnimation transitionToken=android.os.BinderProxy@22af0b4
07-21 01:48:50.441  3535  3614 D TaskSnapshotCache: putSnapshot mRunningCache top= ActivityRecord{180870126 u0 rd.sheepskin.sandboxmusic/.MainActivity t3663 f} isExiting}, mTaskId=3663, snapshot=TaskSnapshot{ mId=1784573330436 mCaptureTime=184324703163153 mTopActivityComponent=rd.sheepskin.sandboxmusic/.MainActivity mSnapshot=android.hardware.HardwareBuffer@7ecbf1 (1008x2217) mColorSpace=sRGB IEC61966-2.1 (id=0, model=RGB) mOrientation=1 mRotation=0 mTaskSize=Point(1440, 3168) mOplusCompatMode=false mTopActivityBounds=[0,0][1440,3168] mHasDimLayer=false mContentInsets=[0,160][0,198] mLetterboxInsets=[0,0][0,0] mIsLowResolution=false mIsRealSnapshot=true mWindowingMode=1 mAppearance=0 mIsTranslucent=false mHasImeSurface=false mInternalReferences=2 mUiMode=21 mSnapshotColor=0 mSnapshotBundle=Bundle[{}], mAppIdMap size= 6
07-21 01:48:50.441  1831  1831 I Zygote  : Process 29926 exited due to signal 9 (Killed)
07-21 01:48:50.441 22607 22634 D OplusShellTransition: addBackgroundColorOnTask, , isTaskLevelTransition = true, hasBgAlready = false
07-21 01:48:50.441  3535  3640 I libprocessgroup: Removed cgroup /sys/fs/cgroup/apps/uid_10448/pid_29926
07-21 01:48:50.441  3535  3640 I libprocessgroup: Removed cgroup /sys/fs/cgroup/apps/uid_99434/pid_30967
07-21 01:48:50.442 22607 22634 V WindowManagerShell:  animated by com.android.wm.shell.transition.DefaultTransitionHandler@642251e
07-21 01:48:50.442 22607 22634 D OplusShellTransition: dispatchTransition, animated mHandler: com.android.wm.shell.transition.DefaultTransitionHandler@642251e
07-21 01:48:50.442 22607 22640 D AdfrV32FrameRateUtils: set frameRate in trantion start, leash=Surface(name=Task=3663)/@0x2cc91d9, transaction=android.view.SurfaceControl$Transaction@3e7752a, typeId=20101, typeEnable=false
07-21 01:48:50.442 22607 22640 D AdfrV32FrameRateUtils: set frameRate in trantion start, leash=Surface(name=Task=3574)/@0x4e06420, transaction=android.view.SurfaceControl$Transaction@3e7752a, typeId=20101, typeEnable=false
07-21 01:48:50.442  3535  3610 V WindowManager: Sent Transition (#7286) createdAt=07-21 01:48:50.363 via request=TransitionRequestInfo { type = CLOSE, triggerTask = TaskInfo{userId=0 taskId=3663 effectiveUid=10448 displayId=0 isRunning=false baseIntent=Intent { flg=0x10000000 cmp=rd.sheepskin.sandboxmusic/.MainActivity mCallingUid=2000 } baseActivity=null topActivity=null origActivity=null realActivity=ComponentInfo{rd.sheepskin.sandboxmusic/rd.sheepskin.sandboxmusic.MainActivity}
07-21 01:48:50.442  3535  3610 V WindowManager:  numActivities=0 lastActiveTime=184270894 supportsSplitScreenMultiWindow=true supportsMultiWindow=true supportsPocketStudioMultiWindow=true isInFlexibleEmbedded = false uid = -1 pid = -1 resizeMode=2 isResizeable=true minWidth=-1 minHeight=-1 defaultMinSize=220 token=WCT{RemoteToken{f7ec3f3 Task{2be771c #3663 type=standard A=10448:rd.sheepskin.sandboxmusic}}} topActivityType=1 pictureInPictureParams=null shouldDockBigOverlays=false launchIntoPipHostTaskId=-1 lastParentTaskIdBeforePip=-1 displayCutoutSafeInsets=Rect(0, 0 - 0, 0)
07-21 01:48:50.442  3535  3610 V WindowManager:  topActivityInfo=null launchCookies=[] positionInParent=Point(0, 0) parentTaskId=-1 isFocused=true isVisible=true isVisibleRequested=true isTopActivityNoDisplay=false isSleeping=false locusId=null displayAreaFeatureId=1 isTopActivityTransparent=false isActivityStackTransparent=true lastNonFullscreenBounds=Rect(352, 845 - 1089, 2285) capturedLink=null capturedLinkTimestamp=0 requestedVisibleTypes=-9 topActivityRequestOpenInBrowserEducationTimestamp=0
07-21 01:48:50.442  3535  3610 V WindowManager:  appCompatTaskInfo=AppCompatTaskInfo { topActivityInSizeCompat=false topActivityInOplusCompatMode=false eligibleForLetterboxEducation= false isLetterboxEducationEnabled= false isLetterboxDoubleTapEnabled= false eligibleForUserAspectRatioButton= false topActivityBoundsLetterboxed= false isFromLetterboxDoubleTap= false topActivityLetterboxVerticalPosition= -1 topActivityLetterboxHorizontalPosition= -1 topActivityLetterboxWidth=-1 topActivityLetterboxHeight=-1 topActivityAppBounds=Rect(0, 0 - 0, 0) isUserFullscreenOverrideEnabled=false isSystemFullscreenOverrideEnabled=false hasMinAspectRatioOverride=false topActivityLetterboxBounds=null cameraCompatTaskInfo=CameraCompatTaskInfo { freeformCameraCompatMode=undefined}} topActivityMainWindowFrame=null topActivityLetterboxInsets=Rect(0, 0 - 0, 0)
07-21 01:48:50.442  3535  3610 V WindowManager:  mOplusExtraBundle = Bundle[{androidx.flexible.taskFrame=Rect(0, 0 - 0, 0), topOpaqueSystemBarsAppearance=0, androidx.flexible.Alpha=1.0, androidx.activity.task.attach.blur=0, androidx.flexible.task_snapshot_mode=0, androidx.activity.LaunchInsensible=0, androidx.activity.LaunchCornerRadius=0, key_flexible_task_state=0, topActivitySupportAppInnerSplit=false, key_flexible_task_animating_type=-1, androidx.activity.LaunchScenario=0, is_oplus_clone_task=false, flexible_super_mini_state=false, flexible.floatwindow.is_multi_instance=false, androidx.activity.LaunchScale=1.0, androidx.activity.LaunchShadowRadius=0, is_transient_hide_for_task_info=false, androidx.activity.key_flexible_task_pending_exit_to=0}]}, pipChange = null, remoteTransition = null, displayChange = null, flags = 0, debugId = 7286 }
07-21 01:48:50.442  3535  3610 V WindowManager:     startWCT=WindowContainerTransaction { changes= {} hops= [] errorCallbackToken=null taskFragmentOrganizer=null }
07-21 01:48:50.442  3535  3610 V WindowManager:     info={id=7286 t=CLOSE f=0x0 trk=0 r=[0@Point(0, 0)] c=[
07-21 01:48:50.442  3535  3610 V WindowManager:         {WCT{RemoteToken{1480c3d Task{c3c751a #3574 type=standard A=10396:com.nvidia.shield.remote}}} m=TO_FRONT f=MOVE_TO_TOP leash=Surface(name=Task=3574)/@0x440ee82 sb=Rect(0, 0 - 1440, 3168) eb=Rect(0, 0 - 1440, 3168) epz=Point(1440, 3168) d=0 taskParent=-1},
07-21 01:48:50.442  3535  3610 V WindowManager:         {WCT{RemoteToken{f7ec3f3 Task{2be771c #3663 type=standard A=10448:rd.sheepskin.sandboxmusic}}} m=CLOSE f=NONE leash=Surface(name=Task=3663)/@0x430d403 sb=Rect(0, 0 - 1440, 3168) eb=Rect(0, 0 - 1440, 3168) epz=Point(1440, 3168) d=0 taskParent=-1}
07-21 01:48:50.442  3535  3610 V WindowManager:     ] 
07-21 01:48:50.442  3535  3610 V WindowManager: extendInfo=[
07-21 01:48:50.442  3535  3610 V WindowManager:  OplusTransitionExtendedInfo{mTmpFinishT=null, mInOplusCompatMode=false, mIsProcessRunning=true, mHasMismatchBoundsTarget=false, mRecentsController=null, mRemoteTransition=null, mIsTranslucentActivityToHome=false, mAvoidInterceptKeyEventToHome=false, mIsFromHome=false, mParentLeash=null, mBackAnimClosingLeash=null, mReparentToRecentsSurface=null, mIsOplusAnimRes=false, mKeepBgForContinuous=false, mIsBalAllow=false, mHasCloseWallpaperRemoved=false, mTaskNotInRecent=false, mIsPredictiveBackAnim=false, mIsMergedWithPredictive=false, mIsLaunchFromSpruce=false, mIsLaunchFromDrive=false, mGlobalSearchPageSwitch=false, mNeedNoAlphaGlobalSearchScene=false, mAssistScreenShowing=false, mSwipeUpBrowserScreenShowing=false, mUserIdTransition=0
07-21 01:48:50.442  3535  3610 V WindowManager: , mInRemoteScene=false, mInPreReady=false, mPreStart=false, mToken=null, mAbortByRemoteFromHome=false, mShellApplyToken=null, mRequestTransitionTaskId=3663, mAbortTransitionOnShell=0, mStartFromShortcut=false, mRemovedTaskId=-1, mTransitionInterruptType=0, mMergeSecondTaskId=-1, mIsStartAheadSpruce=false, mTaskIdStartFromRecents=0, mTransitionId=7286, mCanUseSpringSlideAnim=true, mTransitionLaunchFrom=0, mFoldChangeType=-1, mAnimStartingPosition=[0, 0, 0, 0], mIsOpeningStkDialogActivity=false, mSecondaryHomeToFrontWhenUnFolding=false, mIsNeedApplyStartTForEmbedded=false
07-21 01:48:50.442  3535  3610 V WindowManager: , mNeedCanvasExitAnim=false, mMergeSecondTaskAnimation=false, mIsLaunchUnityStart=false, mIsLaunchFromAssistantByDefault=false, mSkipRemoteTransitionfalse, mPromoteTaskWhenKeyguard-1, mIsStartFromKeyguard=false, mMatchRemoteFilter=false flags=0x0, mFlexibleTaskIdList=[], mExpectEndRectState=-1, mFlexibleWindowForRecentTasks=false, mRecentTaskIdList=[], mWCT=null, mIsOpenMergeToInValidPredictive=false, mRootLayerZOrderArray={}}]}
07-21 01:48:50.442  3535  3614 I TaskOrganizerController: onTaskInfoChanged taskid 3574 config { mBounds=Rect(0, 0 - 1440, 3168) mAppBounds=Rect(0, 0 - 1440, 3168) mMaxBounds=Rect(0, 0 - 1440, 3168) mDisplayRotation=ROTATION_0 mWindowingMode=fullscreen mActivityType=standard mAlwaysOnTop=undefined mRotation=ROTATION_0}
07-21 01:48:50.442 10444 10444 W DiscoveryManager: BroadcastReceiver is already registered
07-21 01:48:50.442 18064 18064 E InputEventReceiver: channel 'ClientState{905c2f9 mUid=10448 mPid=29926 mSelfReportedDisplayId=0}' ~ Publisher closed input channel or an error occurred. events=0x9
07-21 01:48:50.443  3535  3614 D OplusVisibleTasks:  notifyTasksNumChange no need to notify.
07-21 01:48:50.443  3535  3614 D OplusFlexibleDragToSplitAnimController: visibleFlexibleTaskInfos delete:3574
07-21 01:48:50.443  3535  3614 E FlexibleWindowManagerService: notifyTaskObserverToAttachController not need to notify!
07-21 01:48:50.443  3535  3614 I FlexibleWindowManagerService: onFlexibleWindowTaskInfoChanged, return for cur task not embedded
07-21 01:48:50.443 22607 22634 D ShellTaskOrganizerExt: visibleFlexibleTaskInfos delete:3574
07-21 01:48:50.443 22607 22634 D ShellTaskOrganizerExt: isOnCanvas size:0
07-21 01:48:50.443 22607 22634 D ShellTaskOrganizerExt: isOnThreeFlexibleCanvas size:0
07-21 01:48:50.443 10444 30481 I DiscoveryManager: Discovery state (DiscoveryState{filterCriteria=[%urn:x-cast:com.google.cast.media, CFE7FEDA], categoryToCriteria={com.google.android.gms.cast.CATEGORY_CAST//urn:x-cast:com.google.cast.media//ALLOW_IPV6=[%urn:x-cast:com.google.cast.media], com.google.android.gms.cast.CATEGORY_CAST/CFE7FEDA/urn:x-cast:com.google.cast.media//ALLOW_IPV6=[CFE7FEDA, %urn:x-cast:com.google.cast.media]}, activeScan=false, activeScanWithScreenOff=false, discoveryRequestSupportsDynamicSession=false, eventFlowId=-1})
07-21 01:48:50.443  3535  5006 V ActivityManager: Got obituary of 29926:rd.sheepskin.sandboxmusic
07-21 01:48:50.443 11259 11259 I EuiccGoogle: [2] EuiccServiceImpl.onCreate: onCreate DSDS mode: simCardState is 0
07-21 01:48:50.444  3535  3614 I TaskOrganizerController: onTaskInfoChanged taskid 3574 config { mBounds=Rect(0, 0 - 1440, 3168) mAppBounds=Rect(0, 0 - 1440, 3168) mMaxBounds=Rect(0, 0 - 1440, 3168) mDisplayRotation=ROTATION_0 mWindowingMode=fullscreen mActivityType=standard mAlwaysOnTop=undefined mRotation=ROTATION_0}
07-21 01:48:50.444 18064 18064 I SubtypeOperator: SubtypeOperator$1.onUnbindInput():43 
07-21 01:48:50.444 10444 30481 W DatabaseProcessor: processLocalDevices: failed to get the network info with non-null networkId.
07-21 01:48:50.444  3535  3614 D OplusFlexibleDragToSplitAnimController: visibleFlexibleTaskInfos delete:3574
07-21 01:48:50.444  3535  3614 E FlexibleWindowManagerService: notifyTaskObserverToAttachController not need to notify!
07-21 01:48:50.444  3535  3614 I FlexibleWindowManagerService: onFlexibleWindowTaskInfoChanged, return for cur task not embedded
07-21 01:48:50.444  3535  6274 I WindowManager: WIN DEATH: Window{bf62230 u0 rd.sheepskin.sandboxmusic/rd.sheepskin.sandboxmusic.MainActivity}
07-21 01:48:50.444 22607 22634 D ShellTaskOrganizerExt: visibleFlexibleTaskInfos delete:3574
07-21 01:48:50.444 22607 22634 D ShellTaskOrganizerExt: isOnCanvas size:0
07-21 01:48:50.444 22607 22634 D ShellTaskOrganizerExt: isOnThreeFlexibleCanvas size:0
07-21 01:48:50.444 11259 11259 I EuiccGoogle: [2] Partner.getResourceEntry$ar$ds$ar$class_merging$ar$class_merging$ar$class_merging: Partner app=com.android.phone, Resource name=esim_supported_countries, type=string, partnerResId = 0
07-21 01:48:50.444  3535  6274 D SnapshotCache: removeRunningEntry id: 3663, callers=com.android.server.wm.SnapshotCache.onAppDied:120 com.android.server.wm.AbsAppSnapshotController.onAppDied:771 com.android.server.wm.SnapshotController.onAppDied:102 
07-21 01:48:50.444  3535  6274 D WindowManager: NFW_findFocusedWindowIfNeeded:Window{582bdfd u0 com.nvidia.shield.remote/com.nvidia.shield.remote.MainActivity} mCurrentFocus:Window{582bdfd u0 com.nvidia.shield.remote/com.nvidia.shield.remote.MainActivity}
07-21 01:48:50.444 11259 11259 I EuiccGoogle: [2] Partner.getResourceEntry$ar$ds$ar$class_merging$ar$class_merging$ar$class_merging: Partner app=com.android.phone, Resource name=esim_unsupported_countries, type=string, partnerResId = 0
07-21 01:48:50.445  2261  2261 E esim_service: [getGpioValue][317]: open file failed: -1, error: No such file or directory
07-21 01:48:50.445  2261  2261 E esim_service: [getEsimGpio][371]: getEsimGpio SP: 0
07-21 01:48:50.445  2261  2261 E esim_service: [getGpioValue][317]: open file failed: -1, error: No such file or directory
07-21 01:48:50.445  2261  2261 E esim_service: [getEsimGpio][371]: getEsimGpio SP: 0
07-21 01:48:50.445  2261  2261 E esim_service: [getGpioValue][317]: open file failed: -1, error: No such file or directory
07-21 01:48:50.445  2261  2261 E esim_service: [getEsimGpio][371]: getEsimGpio SP: 0
07-21 01:48:50.445 11259 11259 I EuiccGoogle: [2] ViewCompat$Api28Impl.getOverrideCarrierInfoListForConversion: enableNewConversionApi: true, enableConversionXosCarrierIdFromTransferConfig: false
07-21 01:48:50.445 11259 11259 I EuiccGoogle: [2] ViewCompat$Api28Impl.getCarrierInfos: All carrier info overrides: []
07-21 01:48:50.446  2261  2261 E esim_service: [getGpioValue][317]: open file failed: -1, error: No such file or directory
07-21 01:48:50.446  2261  2261 E esim_service: [getEsimGpio][371]: getEsimGpio SP: 0
07-21 01:48:50.446 11259 11259 I EuiccGoogle: [2] PhenotypeUpdatedReceiver.setPsimConversionSupportedCarriers: setPsimConversionSupportedCarriers:[1, 3, 16, 576, 850, 1404, 2020, 2021, 2122, 27, 1, 2, 3, 4, 11, 19, 850, 969, 1365, 1492, 1913, 1915, 2102, 2419, 2536, 2018, 32, 1581, 2110, 34]
07-21 01:48:50.446  3535  3649 D BatteryExternalStatsWorker: end updateExternalStatsSync
07-21 01:48:50.447 10444 10444 I CastMediaRouteProvider: Published 2 routes
07-21 01:48:50.447  5474  6019 D EuiccConnector: handleMessage: E msg.what=4
07-21 01:48:50.447  5474  6019 D EuiccConnector: processMsg: DisconnectedState
07-21 01:48:50.447  5474  6019 D EuiccConnector: transitionTo: destState=ConnectedState
07-21 01:48:50.447  5474  6019 D EuiccConnector: handleMessage: new destination call exit/enter
07-21 01:48:50.447  5474  6019 D EuiccConnector: setupTempStateStackWithStatesToEnter: X mTempStateStackCount=1,curStateInfo: state=DisconnectedState,active=true,parent=null
07-21 01:48:50.447  5474  6019 D EuiccConnector: moveTempStackToStateStack: i=0,j=1
07-21 01:48:50.447  5474  6019 D EuiccConnector: moveTempStackToStateStack: X mStateStackTop=1,startingIndex=1,Top=ConnectedState
07-21 01:48:50.447  5474  6019 D EuiccConnector: invokeEnterMethods: ConnectedState
07-21 01:48:50.447  5474  6019 D EuiccConnector: moveDeferredMessageAtFrontOfQueue; what=103
07-21 01:48:50.447  5474  6019 D EuiccConnector: handleMessage: X
07-21 01:48:50.447  5474  6019 D EuiccConnector: handleMessage: E msg.what=103
07-21 01:48:50.447  5474  6019 D EuiccConnector: processMsg: ConnectedState
07-21 01:48:50.448  5474  6019 D EuiccConnector: handleMessage: X
07-21 01:48:50.448  3535  4955 I Osense-BaseDecisionMaker: notifySceneToAthenaPolicy: SCENE_ACTIVITY_IDLE, bundle: Bundle[{scene=SCENE_ACTIVITY_IDLE}]
07-21 01:48:50.448  3535  4955 I Osense-BaseDecisionMaker: OSense not supported scene! SCENE_ACTIVITY_IDLE
07-21 01:48:50.448  3535  3613 W ActivityManager: setHasOverlayUi called on unknown pid: 29926
07-21 01:48:50.450  3535  8977 I BLASTSyncEngine: onCommitted syncId: 7286, timeout: false ran: false
07-21 01:48:50.451 22305 22305 D BeyonderBackendPlugin: TcpCbStreamHandler onListen, stream name:tcp_socket/callback_stream/state_27
07-21 01:48:50.451 22305 22305 D TcpSocket: connect, addr = 192.168.1.33
07-21 01:48:50.451 22305 25803 D BLASTBufferQueue: [f6e4d3f SurfaceView[com.nvidia.shield.remote/com.nvidia.shield.remote.MainActivity]#61](f:0,a:1) acquireNextBufferLocked size=1440x2970 mFrameNumber=1 applyTransaction=true mTimestamp=111284578099994(auto) mPendingTransactions.size=0 graphicBufferId=95799245537443 transform=0
07-21 01:48:50.454  3535  8977 I InputDispatcher: updateFocusedWindow, 582bdfd com.nvidia.shield.remote/com.nvidia.shield.remote.MainActivity on display 0, reason: Window became focusable. Previous reason: NOT_VISIBLE, result:   FocusedWindows:
07-21 01:48:50.454  3535  8977 I InputDispatcher:     displayId=0, name='582bdfd com.nvidia.shield.remote/com.nvidia.shield.remote.MainActivity'
07-21 01:48:50.454 22305 22305 D BeyonderBackendPlugin: TcpCbStreamHandler onListen, stream name:tcp_socket/callback_stream/data_27
07-21 01:48:50.454 11259 31613 I EuiccGoogle: [33907] EuiccServiceImpl.onGetEuiccProfileInfoList: onGetEuiccProfileInfoList: slotId = -1
07-21 01:48:50.454 22305 31614 D CertificateManager: createClientSocket: host=192.168.1.33 port=8987
07-21 01:48:50.454 22305 22305 D VRI[MainActivity]: onFocusEvent true
07-21 01:48:50.455 22305 22305 D MainActivity: onWindowFocusChanged: true
07-21 01:48:50.456  3535  4497 D InputMethodManagerService: isSecurity: attribute.packageName = com.nvidia.shield.remote mCurMethodId = com.google.android.inputmethod.latin/com.android.inputmethod.latin.LatinIME isSecurity = false ( enable = false needShow = false inBlackList = false isExist = true )
07-21 01:48:50.456  3535  4497 I ImeTracker: com.nvidia.shield.remote:4194627d: onRequestHide at ORIGIN_SERVER reason HIDE_UNSPECIFIED_WINDOW fromUser false
07-21 01:48:50.456 11259 31613 W EuiccGoogle: [33907] EuiccServiceImpl.onGetEuiccProfileInfoList: slotId=-1. No eUICC is active. Return null.
07-21 01:48:50.457 22305 22305 D InsetsController: hide(ime(), fromIme=false)
07-21 01:48:50.457 22305 22305 I ImeTracker: com.nvidia.shield.remote:4194627d: onCancelled at PHASE_CLIENT_ALREADY_HIDDEN
07-21 01:48:50.457 18064 18064 I SubtypeOperator: SubtypeOperator$1.onBindInput():33 
07-21 01:48:50.458  3535  8977 E SchedAssist: ofbCfgFrameTask tid(25802) failed with error=No such file or directory
07-21 01:48:50.458  5474  6019 D EuiccConnector: handleMessage: E msg.what=6
07-21 01:48:50.458  3535  8977 E SchedAssist: ofbCfgFrameTask tid(25803) failed with error=No such file or directory
07-21 01:48:50.458  3535  8977 E closeloop: closeloopopen /proc/oplus_cl/cl_glthread failed(No such file or directory)
07-21 01:48:50.458 18064 18064 I GoogleInputMethodService: GoogleInputMethodService.onFinishInput():2307 
07-21 01:48:50.459 18064 18064 I GoogleInputMethodService: GoogleInputMethodService.onStartInput():1491 onStartInput(EditorInfo{EditorInfo{packageName=com.nvidia.shield.remote, inputType=0, inputTypeString=NULL, enableLearning=false, autoCorrection=false, autoComplete=false, imeOptions=0, privateImeOptions=null, actionName=UNSPECIFIED, actionLabel=null, initialSelStart=-1, initialSelEnd=-1, initialCapsMode=0, label=null, fieldId=0, fieldName=null, extras=Bundle[{com.oplus.im.WINDOW_MODE=1, com.oplus.im.SCENES=0}], hintText=null, hintLocales=[]}}, false)
07-21 01:48:50.459 18064 18064 W LatinIMEBase: LatinIMEBase.updateInputViewCoverNavigation():323 Null input view, cannot update padding!
07-21 01:48:50.459  3535  8977 I ImeTracker: system_server:288be5b5: onRequestHide at ORIGIN_SERVER reason IME_REQUESTED_CHANGED_LISTENER fromUser false
07-21 01:48:50.459  3535  4497 I ImeTracker: system_server:288be5b5: onCancelled at PHASE_SERVER_SHOULD_HIDE
07-21 01:48:50.459  5474  6019 D EuiccConnector: processMsg: ConnectedState
07-21 01:48:50.459  5474  6019 D EuiccConnector: handleMessage: X
07-21 01:48:50.460  3535  8999 W PackageConfigPersister: App-specific configuration not found for packageName: com.nvidia.shield.remote and userId: 0
07-21 01:48:50.460 18064 31615 I Module  : DeviceLockedStatusModuleProvider$Module.updateDeviceLockedStatusInternal():129 repeatCheckTimes = 0, locked = false
07-21 01:48:50.460 22305 31614 D CertificateManager: createClientSocket: generateKeyManagers
07-21 01:48:50.460 22305 31614 D CertificateManager: getTrustManagers PermissiveTrustManager
07-21 01:48:50.460 18064 31615 I Module  : DeviceLockedStatusModuleProvider$Module.updateDeviceLockedStatusInternal():129 repeatCheckTimes = 1, locked = false
07-21 01:48:50.463  5727  5727 D SubsysEventListenerManager-SubsysTelephonyCallback[1]: onSignalStrengthsChanged
07-21 01:48:50.464 10444 30481 W DatabaseProcessor: processLocalDevices: failed to get the network info with non-null networkId.
07-21 01:48:50.464 10444 30481 W DatabaseProcessor: processLocalDevices: failed to get the network info with non-null networkId.
07-21 01:48:50.465 22607 22607 D Tile.OplusCellularTile: refreshState: tile not listening, ignore
07-21 01:48:50.466  3535  8999 I WifiService: releaseMulticastLock uid=10119 lockTag=MdnsServiceBrowserImpl
07-21 01:48:50.467  5474  5474 D OplusTelephonyController: onSignalStrengthChanged: SignalStrength=SignalStrength:{mCdma=CellSignalStrengthCdma: cdmaDbm=2147483647 cdmaEcio=2147483647 evdoDbm=2147483647 evdoEcio=2147483647 evdoSnr=2147483647 level=0,mGsm=CellSignalStrengthGsm: rssi=2147483647 ber=2147483647 mTa=2147483647 mLevel=0,mWcdma=CellSignalStrengthWcdma: ss=2147483647 ber=2147483647 rscp=2147483647 ecno=2147483647 level=0,mTdscdma=CellSignalStrengthTdscdma: rssi=2147483647 ber=2147483647 rscp=2147483647 level=0,mLte=CellSignalStrengthLte: rssi=-53 rsrp=-84 rsrq=-13 rssnr=11 cqiTableIndex=2147483647 cqi=2147483647 ta=2147483647 level=4 parametersUseForLevel=0,mNr=CellSignalStrengthNr:{ csiRsrp = 2147483647 csiRsrq = 2147483647 csiCqiTableIndex = 2147483647 csiCqiReport = [] ssRsrp = 2147483647 ssRsrq = 2147483647 ssSinr = 2147483647 level = 0 parametersUseForLevel = 0 timingAdvance = 2147483647 },primary=CellSignalStrengthLte}
07-21 01:48:50.467  5727  5727 D SubsysEventListenerManager-SubsysTelephonyCallback[0]: onSignalStrengthsChanged
07-21 01:48:50.467  3535  8999 I WifiService: acquireMulticastLock uid=10119 lockTag=MdnsServiceBrowserImpl
07-21 01:48:50.468 10444 10484 I MdnsServiceBrowser: (REDACTED) registering %s
07-21 01:48:50.469  3535  4539 I serviceDiscovery: [MdnsDiscoveryManager] Unregistering listener for serviceType:_googlecast._tcp.local
07-21 01:48:50.471  3535  3614 E SchedAssist: binderSetThreadUxFlagByIoctl: ioctl failed, tid=-1 flag=1 ret=-1 errno=25 (Inappropriate ioctl for device)
07-21 01:48:50.471  3535  4539 I serviceDiscovery: [MdnsDiscoveryManager] Unregistering listener for serviceType:_googlecast._tcp.local
07-21 01:48:50.471  3535  3614 E SchedAssist: binderSetThreadUxFlagByIoctl: ioctl failed, tid=-1 flag=0 ret=-1 errno=25 (Inappropriate ioctl for device)
07-21 01:48:50.473 22607 22684 I SystemUi--Statusbar: MobileConnectionRepositoryImpl-->subId:1 isSoftSimCard:false slotId:0
07-21 01:48:50.474  3535  4539 I serviceDiscovery: [MdnsDiscoveryManager] Unregistering listener for serviceType:_googlecast._tcp.local
07-21 01:48:50.475 22607 22684 I SystemUi--Statusbar: MobileConnectionRepositoryImpl-->subId:2 isSoftSimCard:false slotId:1
07-21 01:48:50.476  3535  4539 I serviceDiscovery: [MdnsDiscoveryManager] Unregistering listener for serviceType:_googlecast._tcp.local
07-21 01:48:50.476  3535  4539 I serviceDiscovery: [MdnsDiscoveryManager] Unregistering listener for serviceType:_googlecast._tcp.local
07-21 01:48:50.476  3535  4539 I serviceDiscovery: [MdnsDiscoveryManager] Unregistering listener for serviceType:_googlecast._tcp.local
07-21 01:48:50.477  3535  4539 I serviceDiscovery: [MdnsDiscoveryManager] Registering listener for serviceType: _googlecast._tcp.local
07-21 01:48:50.478  3535  4539 I serviceDiscovery: [MdnsDiscoveryManager] Registering listener for serviceType: _googlecast._tcp.local
07-21 01:48:50.478  3535  4539 I serviceDiscovery: [MdnsDiscoveryManager] Registering listener for serviceType: _googlecast._tcp.local
07-21 01:48:50.480  3535  4539 I serviceDiscovery: [MdnsDiscoveryManager] Registering listener for serviceType: _googlecast._tcp.local
07-21 01:48:50.481  3535  4539 I serviceDiscovery: [MdnsDiscoveryManager] Registering listener for serviceType: _googlecast._tcp.local
07-21 01:48:50.484 10444 30481 W DatabaseProcessor: processLocalDevices: failed to get the network info with non-null networkId.
07-21 01:48:50.485 10444 30481 W DatabaseProcessor: processLocalDevices: failed to get the network info with non-null networkId.
07-21 01:48:50.495 22305 22305 D BeyonderBackendPlugin: onConnected id: 27
07-21 01:48:50.496  3535  8977 I WifiService: acquireWifiLock uid=10396 lockMode=1 packageName=com.nvidia.shield.remote
07-21 01:48:50.505 22305 25802 E flutter : [ERROR:flutter/lib/ui/ui_dart_state.cc(198)] Unhandled Exception: Null check operator used on a null value
07-21 01:48:50.505 22305 25802 E flutter : #0      State.context (package:flutter/src/widgets/framework.dart:937)
07-21 01:48:50.505 22305 25802 E flutter : #1      ConnectionAlert.pop (package:ShieldRemote/util/utils.dart:783)
07-21 01:48:50.505 22305 25802 E flutter : #2      _DevicePanelState.invokeHomePanel (package:ShieldRemote/panel/device_panel.dart:910)
07-21 01:48:50.505 22305 25802 E flutter : #3      _DevicePanelState.deviceCallback (package:ShieldRemote/panel/device_panel.dart:856)
07-21 01:48:50.505 22305 25802 E flutter : #4      DeviceListenerImpl._invokeCallback (package:ShieldRemote/util/backend_utils.dart:338)
07-21 01:48:50.505 22305 25802 E flutter : #5      DeviceListenerImpl.onAuthenticationLevel (package:ShieldRemote/util/backend_utils.dart:71)
07-21 01:48:50.505 22305 25802 E flutter : #6      BaseDevice._createMessageParser._onAuthenticationLevel (package:beyonder_backend/devices/BaseDevice.dart:133)
07-21 01:48:50.505 22305 25802 E flutter : #7      MessageParser._handleCommandAuthenticationLevel (package:beyonder_backend/messages/MessageParser.dart:453)
07-21 01:48:50.505 22305 25802 E flutter : #8      MessageParser._handleAuthentication (package:beyonder_backend/messages/MessageParser.dart:414)
07-21 01:48:50.505 22305 25802 E flutter : #9      MessageParser.parse (package:beyonder_backend/messages/MessageParser.dart:128)
07-21 01:48:50.505 22305 25802 E flutter : #10     BaseDevice._createConnectivityListener._onReceiveMessage (package:beyonder_backend/devices/BaseDevice.dart:103)
07-21 01:48:50.505 22305 25802 E flutter : #11     NativeNetConnector._receiveDataFromServer (package:beyonder_backend/connectivity/NativeNetConnector.dart:90)
07-21 01:48:50.505 22305 25802 E flutter : #12     _rootRunUnary (dart:async/zone.dart:1434)
07-21 01:48:50.505 22305 25802 E flutter : #13     _CustomZone.runUnary (dart:async/zone.dart:1335)
07-21 01:48:50.505 22305 25802 E flutter : #14     _CustomZone.runUnaryGuarded (dart:async/zone.dart:1244)
07-21 01:48:50.505 22305 25802 E flutter : #15     _BufferingStreamSubscription._sendData (dart:async/stream_impl.dart:341)
07-21 01:48:50.505 22305 25802 E flutter : #16     _DelayedData.perform (dart:async/stream_impl.dart:591)
07-21 01:48:50.505 22305 25802 E flutter : #17     _StreamImplEvents.handleNext (dart:async/stream_impl.dart:706)
07-21 01:48:50.505 22305 25802 E flutter : #18     _PendingEvents.schedule.<anonymous closure> (dart:async/stream_impl.dart:663)
07-21 01:48:50.505 22305 25802 E flutter : #19     _rootRun (dart:async/zone.dart:1418)
07-21 01:48:50.505 22305 25802 E flutter : #20     _CustomZone.run (dart:async/zone.dart:1328)
07-21 01:48:50.505 22305 25802 E flutter : #21     _CustomZone.runGuarded (dart:async/zone.dart:1236)
07-21 01:48:50.505 22305 25802 E flutter : #22     _CustomZone.bindCallbackGuarded.<anonymous closure> (dart:async/zone.dart:1276)
07-21 01:48:50.505 22305 25802 E flutter : #23     _rootRun (dart:async/zone.dart:1426)
07-21 01:48:50.505 22305 25802 E flutter : #24     _CustomZone.run (dart:async/zone.dart:1328)
07-21 01:48:50.505 22305 25802 E flutter : #25     _CustomZone.runGuarded (dart:async/zone.dart:1236)
07-21 01:48:50.505 22305 25802 E flutter : #26     _CustomZone.bindCallbackGuarded.<anonymous closure> (dart:async/zone.dart:1276)
07-21 01:48:50.505 22305 25802 E flutter : #27     _microtaskLoop (dart:async/schedule_microtask.dart:40)
07-21 01:48:50.505 22305 25802 E flutter : #28     _startMicrotaskLoop (dart:async/schedule_microtask.dart:49)
07-21 01:48:50.505 22305 25802 E flutter : 
07-21 01:48:50.509  3535  3625 W UserAwareMgr: event can not be released, id: 1014, count: 2, releasePid: 3535
07-21 01:48:50.531  2091  2244 D BatteryChargeControl: bcc get no support from charging protocol
07-21 01:48:50.636  1945 16156 I sensors-hal: handle_oplus_wise_rgb_event:160, wise_rgb:(37012)(cct,lux,ir)[5300.00, 10.11, 0.000000](rgbc)[534.56, 290.75, 135.59, 874.72](pwm,hbm,brl,algo)[0.0 0.0 563.0 2.0],flag 0
07-21 01:48:50.651  2237  2763 E HwcComposer: getLuts failed Status(-129, EX_TRANSACTION_FAILED): 'UNKNOWN_TRANSACTION: '
07-21 01:48:50.880  3535  4700 W HmbirdWinInfoManager: addActivityToSet: invalid parameters
07-21 01:48:50.880  3535  4700 D HmbirdWinInfoManager: hmbirdFullWinInfos.size() != 1
07-21 01:48:50.889  7458 25033 W OPLUS_LOG_LOAD: ==LOGS PROG INFO, prog(com.oplus.camera) ==
07-21 01:48:50.889  7458 25033 I APS_ALOG: flushRoutine g_immediateFlush=0 g_pendingCount=0 g_oobCount=0
07-21 01:48:50.892  2237  2759 I VRR [MVT]: request is same as current request, ignore it.
07-21 01:48:50.905  2237  2763 E HwcComposer: getLuts failed Status(-129, EX_TRANSACTION_FAILED): 'UNKNOWN_TRANSACTION: '
07-21 01:48:50.992  5727  7491 D CommonApp-130-10448: commonScoreStrategy scenarios low package
07-21 01:48:50.993  5727  7491 D CommonApp-130-10162: transport layer data is invalid
07-21 01:48:50.993  5727  7491 D CommonApp-130-10116: transport layer data is invalid
