--------- beginning of system
06-13 21:47:07.245  3480  5680 I ActivityManager: Force stopping rd.sheepskin.sandboxmusic appid=10445 user=0: from pid 22051
06-13 21:47:07.253  3480  3580 I UserAwareMgr: process killed: {pkgName='rd.sheepskin.sandboxmusic', serviceName='', procName=rd.sheepskin.sandboxmusic, pid=5100, uid=10445, appId=0, owner='null', flags='bg', renderTid=18252, hwuiTids=[18316, 18317], glTids=null, threadInfos=null, mVideoActivityList=[], mStates=0}
06-13 21:47:07.253  3480  3580 I UserAwareMgr: handleProcessKilled, pkgName: rd.sheepskin.sandboxmusic, pid: 5100
06-13 21:47:07.253  3480  5680 I ActivityManager: Killing 5100:rd.sheepskin.sandboxmusic/u0a445 (adj 900): stop rd.sheepskin.sandboxmusic due to from pid 22051
06-13 21:47:07.274  3480  5680 D ActivityTaskManager: The isLandscapeFullscreenEnabled is: com.grabtaxi.passenger/com.grab.rtc.messagecenter.conversation.view.MCChatActivity
06-13 21:47:07.275  3480  5680 I AppsFilter: interaction: PackageSetting{8c0c61b com.android.microdroid.empty_payload/10275} -> PackageSetting{3f11eb1 rd.sheepskin.sandboxmusic/10445} BLOCKED
06-13 21:47:07.275  3480  5680 I AppsFilter: interaction: PackageSetting{52f9591 com.oplus.locationproxy/10173} -> PackageSetting{3f11eb1 rd.sheepskin.sandboxmusic/10445} BLOCKED
06-13 21:47:07.275  3480  5680 I AppsFilter: interaction: PackageSetting{3fb0cf6 com.android.certinstaller/10210} -> PackageSetting{3f11eb1 rd.sheepskin.sandboxmusic/10445} BLOCKED
06-13 21:47:07.275  3480  5680 I AppsFilter: interaction: PackageSetting{c1ba8f7 com.oplus.location/10218} -> PackageSetting{3f11eb1 rd.sheepskin.sandboxmusic/10445} BLOCKED
06-13 21:47:07.275  3480  5680 W ActivityManager: Invalid packageName: rd.sheepskin.sandboxmusic
06-13 21:47:07.275  3480  5680 W ActivityManager: Invalid packageName: rd.sheepskin.sandboxmusic
06-13 21:47:07.289  3480  4416 I VibrationEffectConvertor: onInputMethodListUpdated received, info.size = 4
06-13 21:47:07.289  3480  4416 I VibrationEffectConvertor: userid = 0, packageName = com.google.android.tts
06-13 21:47:07.289  3480  4416 I VibrationEffectConvertor: userid = 0, packageName = helium314.keyboard
06-13 21:47:07.289  3480  4416 I VibrationEffectConvertor: userid = 0, packageName = com.google.android.inputmethod.latin
06-13 21:47:07.289  3480  4416 I VibrationEffectConvertor: userid = 0, packageName = com.oplus.securitykeyboard
06-13 21:47:07.339  3480  4703 I ActivityManager: Death received, pid = 0, processName = rd.sheepskin.sandboxmusic for thread android.os.BinderProxy@25a8bbd
06-13 21:47:07.340  3480  9316 V ActivityManager: Got obituary of 5100:rd.sheepskin.sandboxmusic
06-13 21:47:07.340  3480  3570 W ActivityManager: setHasOverlayUi called on unknown pid: 5100
06-13 21:47:07.752  3480  4187 D osense.compress: com.facebook.orca do shrink, target ratio = 45, final ratio = 90, cur ratio = 0
06-13 21:47:07.830  3480  4187 D osense.compress: com.aspiro.tidal do shrink, target ratio = 45, final ratio = 90, cur ratio = 0
06-13 21:47:08.342  3480  4187 D osense.compress: com.android.settings do shrink, target ratio = 20, final ratio = 40, cur ratio = 0
06-13 21:47:08.413  3480  4187 D osense.compress: try do inactive compress task
06-13 21:47:08.415  3480  4187 D osense.compress: inactive do shrink, target ratio = 27, final ratio = 55, cur ratio = 0
06-13 21:47:08.428  3480  4181 W ActivityTaskManager: callingPackage for (uid=2000, pid=22067) has no WPC
06-13 21:47:08.431  3480  4181 D WindowManager: NFW_setClientVisible:ActivityRecord{34678628 u0 rd.sheepskin.sandboxmusic/.MainActivity clientVisible:true
06-13 21:47:08.431  3480  4355 D StartingSurfacePreviewController: checkSupportSurfacePreview, token=rd.sheepskin.sandboxmusic/.MainActivity, enableSurfacePreview=false, supportMultiLayout=false, unsupportedSkipViewAnimLv=null, disableSurfacePreviewAnimLv=null, ignoreFileExistAnimLv=null
06-13 21:47:08.432  3480  4181 D ActivityTaskManager: The isLandscapeFullscreenEnabled is: rd.sheepskin.sandboxmusic/.MainActivity
06-13 21:47:08.432  3480  4181 D ActivityTaskManager: The isLandscapeFullscreenEnabled is: rd.sheepskin.sandboxmusic/.MainActivity
06-13 21:47:08.433  3480  4181 D ActivityTaskManager: The isLandscapeFullscreenEnabled is: rd.sheepskin.sandboxmusic/.MainActivity
06-13 21:47:08.433  3480  4181 D ActivityTaskManager: The isLandscapeFullscreenEnabled is: rd.sheepskin.sandboxmusic/.MainActivity
06-13 21:47:08.433  3480  4181 D ActivityTaskManager: The isLandscapeFullscreenEnabled is: rd.sheepskin.sandboxmusic/.MainActivity
06-13 21:47:08.433  3480  4181 D FlexibleTaskController: isSupportFlexibleWindow target = rd.sheepskin.sandboxmusic/.MainActivity callPkg = FlexibleTaskController support = true ,caller = 3480
06-13 21:47:08.434  3480  4181 I AppSnapshotController: init, sysSupport = true, mActivitySupport = false, activityRecord = ActivityRecord{34678628 u0 rd.sheepskin.sandboxmusic/.MainActivity t-1}
06-13 21:47:08.434  3480  3580 E QosSceneRecognizer[ActivityStartScene]: notifyActivityStart get launchedFromUid failed through AppManager! launchedFromPackage: com.android.shell, pkg: rd.sheepskin.sandboxmusic
06-13 21:47:08.435  3480  4181 D FlexibleWindowManagerService: isIgnoreAppearedAcrossTask:false
06-13 21:47:08.435  3480  4181 D FlexibleWindowManagerService: isIgnoreAppearedAcrossTask:false
06-13 21:47:08.436  3480  4181 D FlexibleTaskController: findSourceTaskForFreeForm: sourceRecord = null ,realCallingPid:22067 ,launchFromZoomMode:false ,prevTopTask:Task{6b99886 #11869 type=standard A=10423:com.grabtaxi.passenger}
06-13 21:47:08.436  3480  4181 D FlexibleTaskController: findSourceTaskForFreeForm: the caller is not a flexible freeform window application and does not have a zoom windowMode startup parameter
06-13 21:47:08.436  3480  4181 D FlexibleTaskController: adjustOptionsForFlexibleTask not allow options follow process task's options, reason:9 ,reusedOptions:null
06-13 21:47:08.436  3480  4181 E FlexibleWindowManagerService: setProcessFrameRate error wpc null 
06-13 21:47:08.436  3480  4181 D FlexibleTaskController: isSupportFlexibleWindow target = rd.sheepskin.sandboxmusic/.MainActivity callPkg = FlexibleTaskController support = true ,caller = 3480
06-13 21:47:08.437  3480  4181 D CompactServiceDelegate: updateDecorsManagerIfNeed return because not attachToProcess task:Task{3df6682 #11887 type=standard}
06-13 21:47:08.437  3480  4181 D CompactServiceDelegate: updateDecorsManagerIfNeed return because not attachToProcess task:Task{3df6682 #11887 type=standard}
06-13 21:47:08.439  3480  4181 D ActivityTaskManager: The isLandscapeFullscreenEnabled is: rd.sheepskin.sandboxmusic/.MainActivity
06-13 21:47:08.440  3480  4181 D ActivityTaskManager: The isLandscapeFullscreenEnabled is: rd.sheepskin.sandboxmusic/.MainActivity
06-13 21:47:08.440  3480  4181 D ActivityTaskManager: The isLandscapeFullscreenEnabled is: rd.sheepskin.sandboxmusic/.MainActivity
06-13 21:47:08.440  3480  4181 D ActivityTaskManager: The isLandscapeFullscreenEnabled is: rd.sheepskin.sandboxmusic/.MainActivity
06-13 21:47:08.440  3480  4181 D ActivityTaskManager: The isLandscapeFullscreenEnabled is: rd.sheepskin.sandboxmusic/.MainActivity
06-13 21:47:08.440  3480  4181 D ActivityTaskManager: The isLandscapeFullscreenEnabled is: rd.sheepskin.sandboxmusic/.MainActivity
06-13 21:47:08.441  3480  4181 D SecondaryPageStartupPolicy: checkSecondaryPageStartupStatus not support sourcePackage=com.android.shell
06-13 21:47:08.442  3480  4181 D OplusStartingWindowManager: we don't revise window flags for third app
06-13 21:47:08.442  3480  4181 D ActivityTaskManager: validateStartingWindowTheme:  Pkg=rd.sheepskin.sandboxmusic, Translucent=false, Floating=false, ShowWallpaper=false, Disable=false, LaunchSource=4, Prev=null, LaunchedFromPackage=com.android.shell
06-13 21:47:08.442  3480  4181 D ActivityTaskManager: addStartingWindow for ActivityRecord{34678628 u0 rd.sheepskin.sandboxmusic/.MainActivity t11887}, mainWin=null, state=INITIALIZING, isKeyguardLocked=false, isKeyguardGoingAway=false
06-13 21:47:08.442  3480  4181 D ActivityTaskManager: getStartingWindowType: , newTask=true, taskSwitch=true, processRunning=false, allowTaskSnapshot=true, activityCreated=false, activityAllDrawn=false, snapshot exist: false
06-13 21:47:08.442  3480  4181 D ActivityRecordExtImpl: handleStartingWindowForCompactWindow origin type:2, adjustType : 2
06-13 21:47:08.444  4908  4998 D PhoneStartingWindowTypeAlgorithm: preferredStartingWindowType newTask=true, taskSwitch=true, processRunning=false, allowTaskSnapshot=true, activityCreated=false, isSolidColorSplashScreen=false, legacySplashScreen=false, activityDrawn=false, windowless=false, topIsHome=false
06-13 21:47:08.445  3480  4181 D TaskFragmentExtImpl: shouldSetReadyFalse and resumedActivity: ActivityRecord{34678628 u0 rd.sheepskin.sandboxmusic/.MainActivity t11887} prev: ActivityRecord{261655434 u0 com.grabtaxi.passenger/com.grab.rtc.messagecenter.conversation.view.MCChatActivity t11869} prev.isVisible(): true resumedLaunchFromLauncher: false prevLaunchFromApp: true transitionType: 1
06-13 21:47:08.446  3480  4181 D ActivityTaskManager: notifyTaskRemoved, task: Task{7881bbc #11886 type=standard A=10445:rd.sheepskin.sandboxmusic} trace:com.android.server.wm.RecentTasks.removeForAddTask:1893 com.android.server.wm.RecentTasks.add:1382 com.android.server.wm.ActivityStarter.startActivityInner:3072 com.android.server.wm.ActivityStarter.startActivityUnchecked:2181 com.android.server.wm.ActivityStarter.executeRequest:1931 
06-13 21:47:08.449  3480  4181 D osense.compress: notifyActivityLaunched pkgName = rd.sheepskin.sandboxmusic, userId = 0
06-13 21:47:08.449  3480  4181 I ActivityTaskManager: START u0 {act=android.intent.action.VIEW dat=sandboxmusic://e2e/... flg=0x10000000 xflg=0x4 pkg=rd.sheepskin.sandboxmusic cmp=rd.sheepskin.sandboxmusic/.MainActivity mCallingUid=2000} with LAUNCH_SINGLE_TASK from uid 2000 (BAL_ALLOW_PERMISSION (START_ACTIVITIES_FROM_BACKGROUND permission granted)) result code=0
06-13 21:47:08.449  4908  4978 V WindowManagerShell: Transition requested (#11466): android.os.BinderProxy@43766fd TransitionRequestInfo { type = OPEN, triggerTask = TaskInfo{userId=0 taskId=11887 effectiveUid=10445 displayId=0 isRunning=true baseIntent=Intent { act=android.intent.action.VIEW dat=sandboxmusic://e2e/... flg=0x10000000 pkg=rd.sheepskin.sandboxmusic cmp=rd.sheepskin.sandboxmusic/.MainActivity mCallingUid=2000 } baseActivity=ComponentInfo{rd.sheepskin.sandboxmusic/rd.sheepskin.sandboxmusic.MainActivity} topActivity=ComponentInfo{rd.sheepskin.sandboxmusic/rd.sheepskin.sandboxmusic.MainActivity} origActivity=null realActivity=ComponentInfo{rd.sheepskin.sandboxmusic/rd.sheepskin.sandboxmusic.MainActivity}
06-13 21:47:08.449  4908  4978 V WindowManagerShell:  numActivities=1 lastActiveTime=632351191 supportsSplitScreenMultiWindow=true supportsMultiWindow=true supportsPocketStudioMultiWindow=true isInFlexibleEmbedded = false uid = 10445 pid = 0 resizeMode=2 isResizeable=true minWidth=-1 minHeight=-1 defaultMinSize=220 token=WCT{android.window.IWindowContainerToken$Stub$Proxy@1a61ff2} topActivityType=1 pictureInPictureParams=null shouldDockBigOverlays=false launchIntoPipHostTaskId=-1 lastParentTaskIdBeforePip=-1 displayCutoutSafeInsets=Rect(0, 160 - 0, 0)
06-13 21:47:08.449  4908  4978 V WindowManagerShell:  topActivityInfo=ActivityInfo{8a38643 rd.sheepskin.sandboxmusic.MainActivity} launchCookies=[] positionInParent=Point(0, 0) parentTaskId=-1 isFocused=false isVisible=false isVisibleRequested=false isTopActivityNoDisplay=false isSleeping=false locusId=null displayAreaFeatureId=1 isTopActivityTransparent=false isActivityStackTransparent=false lastNonFullscreenBounds=Rect(352, 845 - 1089, 2285) capturedLink=null capturedLinkTimestamp=0 requestedVisibleTypes=-9 topActivityRequestOpenInBrowserEducationTimestamp=0
06-13 21:47:08.449  4908  4978 V WindowManagerShell:  appCompatTaskInfo=AppCompatTaskInfo { topActivityInSizeCompat=false topActivityInOplusCompatMode=false eligibleForLetterboxEducation= false isLetterboxEducationEnabled= false isLetterboxDoubleTapEnabled= false eligibleForUserAspectRatioButton= false topActivityBoundsLetterboxed= false isFromLetterboxDoubleTap= false topActivityLetterboxVerticalPosition= -1 topActivityLetterboxHorizontalPosition= -1 topActivityLetterboxWidth=-1 topActivityLetterboxHeight=-1 topActivityAppBounds=Rect(0, 0 - 1440, 3168) isUserFullscreenOverrideEnabled=false isSystemFullscreenOverrideEnabled=false hasMinAspectRatioOverride=false topActivityLetterboxBounds=null cameraCompatTaskInfo=CameraCompatTaskInfo { freeformCameraCompatMode=inactive}} topActivityMainWindowFrame=null topActivityLetterboxInsets=Rect(0, 0 - 0, 0)
06-13 21:47:08.449  4908  4978 V WindowManagerShell:  mOplusExtraBundle = Bundle[mParcelledData.dataSize=1776]}, pipChange = null, remoteTransition = null, displayChange = null, flags = 0, debugId = 11466 }
06-13 21:47:08.449  4908  4978 D ShellSplitScreen: logExit: no-op, mLoggerSessionId is null
06-13 21:47:08.452  4908  4998 D OplusShellStartingWindowManager: getReviseStartingWindowType not support, windowInfo is null
06-13 21:47:08.454  5573  6768 I iopgp   : Iopgp: TRANSACTION_IOPGP_PRELOAD Sequence_id = 212 pkg_name = rd.sheepskin.sandboxmusic uid = 10445 size = 1 isProfile = 1
06-13 21:47:08.455  4908  4998 D OplusShellStartingWindowManager: adjustSuggestedWindowType originType: 1, wi: StartingWindowInfo{taskId=11887 targetActivityInfo=null displayId=0 topActivityType=1 preferredStartingWindowType=8b mainWindowLayoutParams=null splashScreenThemeResId 7f100007, exi: OplusStartingWindowExtendedInfo{mAppToken=android.os.BinderProxy@a1875f9, mSupportSplashScreenPreview=false, mIsSystemApp=false, mIsExceptionListApp=false, mPreviewBitmap=null, mShouldDrawBackground=false, mForceLightMode=false, mForceNightMode=false, mNotSupportNightMode=false, mForcePreview=false, mForceBigIcon=false, mQuickStartingSurface=null, mForceSolidColorSplash=false}
06-13 21:47:08.455  4908  4998 D OplusShellStartingWindowManager: adjustSuggestedWindowType: skip no-system app and no-exception list app
06-13 21:47:08.455  3480  4181 D CompatChangeReporter: Compat change id reported: 377864165; UID 10445; state: ENABLED
06-13 21:47:08.456  4908  4999 D ShellStartingWindow: getWindowAttrs SplashScreenWindowAttrs{ mWindowBgResId: 106009b, mWindowBgColor: 0, mWindowBgImage: false, mSplashScreenIcon: false, mBrandingImage: false, mIconBgColor: 0, uiMode: 0}
06-13 21:47:08.456  4908  4999 I ShellStartingWindow: makeSplashScreenContentView themeBGColor: ff211e28, isDark: true, last config hash: -1425740600
06-13 21:47:08.457  4908  4999 D ShellStartingWindow: inconsize = 720
06-13 21:47:08.458  3480  4741 I AppSnapshotController: attachStartingWindow, win = Window{45d11e7 u0 Splash Screen rd.sheepskin.sandboxmusic}, shouldAppSnapshot = false
06-13 21:47:08.458  3480  4741 D ActivityTaskManager: attachStartingWindow: mStartingData=SplashScreenStartingData{cfb643d removeAfterTransaction= 0}, mAssociatedTask=null, mStartingWindow=Window{45d11e7 u0 Splash Screen rd.sheepskin.sandboxmusic}
06-13 21:47:08.458  3480  3585 I ActivityManager: Start proc 17102:rd.sheepskin.sandboxmusic/u0a445 for next-top-activity {rd.sheepskin.sandboxmusic/rd.sheepskin.sandboxmusic.MainActivity}
06-13 21:47:08.459  3480  4741 I WindowManager: addWindow: New client android.os.BinderProxy@68dc3a6 : window=Window{45d11e7 u0 Splash Screen rd.sheepskin.sandboxmusic}
06-13 21:47:08.459  3480  3567 I ActivityManager: ProcessObserver broadcast disabled
06-13 21:47:08.460  3480  9566 I AppsFilter: interaction: PackageSetting{8c0c61b com.android.microdroid.empty_payload/10275} -> PackageSetting{9dee583 rd.sheepskin.sandboxmusic/10445} BLOCKED
06-13 21:47:08.460  3480  9566 I AppsFilter: interaction: PackageSetting{52f9591 com.oplus.locationproxy/10173} -> PackageSetting{9dee583 rd.sheepskin.sandboxmusic/10445} BLOCKED
06-13 21:47:08.460  3480  9566 I AppsFilter: interaction: PackageSetting{3fb0cf6 com.android.certinstaller/10210} -> PackageSetting{9dee583 rd.sheepskin.sandboxmusic/10445} BLOCKED
06-13 21:47:08.460  3480  9566 I AppsFilter: interaction: PackageSetting{c1ba8f7 com.oplus.location/10218} -> PackageSetting{9dee583 rd.sheepskin.sandboxmusic/10445} BLOCKED
06-13 21:47:08.460  3480  9566 D RefreshRate: Trigger app switch boost, ar=ActivityRecord{34678628 u0 rd.sheepskin.sandboxmusic/.MainActivity t11887},currDisplayRate=60.000004,boostId=1
06-13 21:47:08.460  3480  9566 D RefreshRate: setDisplayConfigSpecs complete: targetMode={id=2, width=1440, height=3168, fps=90.0, vsync=90.0, synthetic=false, alternativeRefreshRates=[60.000004, 120.00001, 120.00001], supportedHdrTypes=[1, 2, 3, 4]},srcMode={id=2, width=1440, height=3168, fps=90.0, vsync=90.0, synthetic=false, alternativeRefreshRates=[60.000004, 120.00001, 120.00001], supportedHdrTypes=[1, 2, 3, 4]},sfModId=1,rate=90.0
06-13 21:47:08.460  3480  9566 D RefreshRate: startAppSwitchBoost targetMode={id=2, width=1440, height=3168, fps=90.0, vsync=90.0, synthetic=false, alternativeRefreshRates=[60.000004, 120.00001, 120.00001], supportedHdrTypes=[1, 2, 3, 4]} record=ActivityRecord{34678628 u0 rd.sheepskin.sandboxmusic/.MainActivity t11887}: votes=PRIORITY_START_ANIMATION_BOOST -> Vote{mRefreshRate=90.0, mMinRefreshRate=90.0, mRequestSource=null};PRIORITY_WINDOW_REQUEST -> Vote{mRefreshRate=90.0, mMinRefreshRate=90.0, mRequestSource=null};
06-13 21:47:08.460  3480  3728 D RefreshRate: do setDisplayConfigSpecs  
06-13 21:47:08.461  3480  9566 D ActivityTaskManager: setAppVisibility(Token{1e67193 ActivityRecord{34678628 u0 rd.sheepskin.sandboxmusic/.MainActivity t11887}}, visible=true):  visible=false mVisibleRequested=false
06-13 21:47:08.461  3480  9566 D ActivityTaskManager: setVisibility(Token{1e67193 ActivityRecord{34678628 u0 rd.sheepskin.sandboxmusic/.MainActivity t11887}}, visible=true) defer commitVisibility for transition collecting
06-13 21:47:08.461  3480  3728 D DisplayModeDirector: setAppRequest displayId : 0  modeId: 2  requestedRefreshRate: 90.0  requestedMinRefreshRateRange: 90.0  requestedMaxRefreshRateRange: 90.0
06-13 21:47:08.464  3480  9566 D ActivityTaskManager: setAppVisibility(Token{eb25618 ActivityRecord{261655434 u0 com.grabtaxi.passenger/com.grab.rtc.messagecenter.conversation.view.MCChatActivity t11869}}, visible=false):  visible=true mVisibleRequested=true
06-13 21:47:08.464  3480  9566 D ActivityTaskManager: setVisibility(Token{eb25618 ActivityRecord{261655434 u0 com.grabtaxi.passenger/com.grab.rtc.messagecenter.conversation.view.MCChatActivity t11869}}, visible=false) defer commitVisibility for transition collecting
06-13 21:47:08.464  3480  8923 W ContextImpl: Calling a method in the system process without a qualified user: android.app.ContextImpl.sendBroadcast:1281 com.qualcomm.qti.Performance$SendGameLaunchBroadcast.run:313 com.oplus.dispatch.DispatchObject.runDispatchObject:253 com.oplus.dispatch.OThread.dispatchConcurrentDrain:425 com.oplus.dispatch.OThread.dispatchQueueDrain:384 
06-13 21:47:08.464  3480  5996 D BackgroundInstallControlService: Package event received: 0
06-13 21:47:08.464  3480  3728 D VRR [OPlusRefreshRateService]:  setDirectorStates [flag: 1, state: 1, directorStateOff: 1]
06-13 21:47:08.464  3480  9566 D DisplayModeDirector: setAppRequest displayId : 0  modeId: 2  requestedRefreshRate: 0.0  requestedMinRefreshRateRange: 0.0  requestedMaxRefreshRateRange: 90.0
06-13 21:47:08.467  3480  9566 V WindowManager: Relayout Window{45d11e7 u0 Splash Screen rd.sheepskin.sandboxmusic}: viewVisibility=0, oldvis=0, req=1440x3168 , apr = 0, , x=0, y=0
06-13 21:47:08.467  3480  9566 I WindowManager: Window{45d11e7 u0 Splash Screen rd.sheepskin.sandboxmusic} state from NO_SURFACE to DRAW_PENDING; reason: resetDrawState
06-13 21:47:08.468  3480  9566 D WindowManager: NFW_findFocusedWindowIfNeeded:null mCurrentFocus:Window{3fccc68 u0 com.grabtaxi.passenger/com.grab.rtc.messagecenter.conversation.view.MCChatActivity}
06-13 21:47:08.468  3480  9566 D WindowManager: attachImeScreenshotOnTargetIfNeeded, mImeHiding = false, requestedVisibleTypes = -9
06-13 21:47:08.469  3480  9566 V WindowManager: Changing focus from Window{3fccc68 u0 com.grabtaxi.passenger/com.grab.rtc.messagecenter.conversation.view.MCChatActivity} to null,diplayid=0
06-13 21:47:08.469  3480  4187 I MemoryOperationUtils: add 17102 to rd.sheepskin.sandboxmusic
06-13 21:47:08.469  3480  9566 D ActivityTaskManager: The isLandscapeFullscreenEnabled is: rd.sheepskin.sandboxmusic/.MainActivity
06-13 21:47:08.469  3480  9566 D ActivityTaskManager: The isLandscapeFullscreenEnabled is: rd.sheepskin.sandboxmusic/.MainActivity
06-13 21:47:08.469  3480  9566 D FlexibleTaskController: isFullToFlexibleAnimating: false
06-13 21:47:08.469  3480  9566 D WindowManager: rotation(ROTATION_0) no changed  displayId = 0, lastOrientation = -1
06-13 21:47:08.470  4908  4998 W VRI[sandboxmusic]: updateBlastSurfaceIfNeeded, surfaceSize:Point(1440, 3168), lastSurfaceSize:Point(0, 0), format:-3, blastBufferQueue:null
06-13 21:47:08.474  3480  3570 D CompatChangeReporter: Compat change id reported: 151861875; UID 10230; state: ENABLED
06-13 21:47:08.476  3480  9566 D WindowManager: onSyncFinishedDrawing: Window{45d11e7 u0 Splash Screen rd.sheepskin.sandboxmusic}
06-13 21:47:08.476  3480  9566 I WindowManager: finishDrawing skipLayout:false,syncSeqId=0,mPrepareSyncSeqId=0 Window{45d11e7 u0 Splash Screen rd.sheepskin.sandboxmusic} com.android.server.wm.WindowManagerService.finishDrawingWindow:3230 com.android.server.wm.Session.finishDrawing:403 android.view.IWindowSession$Stub.onTransact:807 
06-13 21:47:08.476  3480  9566 I WindowManager: Window{45d11e7 u0 Splash Screen rd.sheepskin.sandboxmusic} state from DRAW_PENDING to COMMIT_DRAW_PENDING; reason: finishDrawingLocked
06-13 21:47:08.477  3480  3571 I WindowManager: Window{45d11e7 u0 Splash Screen rd.sheepskin.sandboxmusic} state from COMMIT_DRAW_PENDING to READY_TO_SHOW; reason: commitFinishDrawingLocked
06-13 21:47:08.477  3480  3571 D ActivityTaskManager: onStartingWindowDrawn: app=null, mStartingData=SplashScreenStartingData{cfb643d removeAfterTransaction= 0}, finishing=false,mLaunchedFromBubble=false, mVisibleRequested=true, mDisplayContent=Display{#0 state=ON size=1440x3168 ROTATION_0}, isZoomMode=false
06-13 21:47:08.478  3480  3571 D ActivityTaskManager: commitVisibility: ActivityRecord{34678628 u0 rd.sheepskin.sandboxmusic/.MainActivity t11887}: visible=true visibleRequested=true, isInTransition=true 
06-13 21:47:08.478  3480  3571 I WindowManager: Window{45d11e7 u0 Splash Screen rd.sheepskin.sandboxmusic} state from READY_TO_SHOW to HAS_DRAWN; reason: performShowLocked
06-13 21:47:08.478  3480  3571 I WindowStateExtImpl: onSurfaceShowChange show = true mPackageName = rd.sheepskin.sandboxmusic parentPkgName = rd.sheepskin.sandboxmusic
06-13 21:47:08.478  3480  3571 D CoreBackPreview:  return markWindowHasDrawn mComposed: false  mWaitTransition: false
06-13 21:47:08.478  3480  3571 E OplusAppQuickStart_AppQuickStartController: not start from launcher transition:11466
06-13 21:47:08.479  3480  3571 D OplusTransitionAnimationManager: activityRecordCount0fullScreenArBeHindStartingWindow null
06-13 21:47:08.479  3480  3571 D OplusTransitionAnimationManager: activityRecordCount0fullScreenArBeHindStartingWindow null
06-13 21:47:08.479  3480  3571 D OplusTransitionAnimationManager: markCanUseSpringSlideAnim for TransitionRecord{556ab5c id=11466 track=0 type=OPEN flags=0x0 state=2 c=[
06-13 21:47:08.479  3480  3571 D OplusTransitionAnimationManager:    ChangeInfo{3452e65 container=ActivityRecord{34678628 u0 rd.sheepskin.sandboxmusic/.MainActivity t11887} flags=0x0}
06-13 21:47:08.479  3480  3571 D OplusTransitionAnimationManager:    ChangeInfo{fb5b73a container=Task{3df6682 #11887 type=standard A=10445:rd.sheepskin.sandboxmusic} flags=0x10}
06-13 21:47:08.479  3480  3571 D OplusTransitionAnimationManager:    ChangeInfo{f0edfeb container=Task{6b99886 #11869 type=standard A=10423:com.grabtaxi.passenger} flags=0x10}
06-13 21:47:08.479  3480  3571 D OplusTransitionAnimationManager:    ChangeInfo{c512148 container=DefaultTaskDisplayArea@185862508 flags=0x0}
06-13 21:47:08.479  3480  3571 D OplusTransitionAnimationManager:    ChangeInfo{c5f4be1 container=Display{#0 state=ON size=1440x3168 ROTATION_0} flags=0x0}
06-13 21:47:08.479  3480  3571 D OplusTransitionAnimationManager:    ChangeInfo{eb80d06 container=ActivityRecord{261655434 u0 com.grabtaxi.passenger/com.grab.rtc.messagecenter.conversation.view.MCChatActivity t11869} flags=0x0}
06-13 21:47:08.479  3480  3571 D OplusTransitionAnimationManager: ]
06-13 21:47:08.479  3480  3571 D OplusTransitionAnimationManager: }
06-13 21:47:08.479  3480  3571 D QuickBackInputPolicy: resetInputInterceptState for remoteTransition: false
06-13 21:47:08.480  3480  3571 W WindowManager: captureTaskSnapshot mSnapshotMode= 0 source=Task{6b99886 #11869 type=standard A=10423:com.grabtaxi.passenger}
06-13 21:47:08.481  3480  3571 D TaskSnapshotControllerExtImpl: createTaskSnapshot isCompatMode:false, isCompactWindow:false
06-13 21:47:08.481  3480  3571 W AbsAppSnapshotControllerExtImpl: updateExcludeLayers, addExcludeLayerList is null or empty, return excludeLayers
06-13 21:47:08.481  4908 28944 V WindowManagerShell: onTransitionReady(transaction=14946487880003)
06-13 21:47:08.481  4908  4978 V WindowManagerShell: onTransitionReady (#11466) android.os.BinderProxy@43766fd: {id=11466 t=OPEN f=0x0 trk=0 r=[0@Point(0, 0)] c=[
06-13 21:47:08.481  4908  4978 V WindowManagerShell:         {m=OPEN f=NONE leash=Surface(name=Task=11887)/@0x22f925 sb=Rect(0, 0 - 1440, 3168) eb=Rect(0, 0 - 1440, 3168) epz=Point(1440, 3168) d=0 taskParent=-1},
06-13 21:47:08.481  4908  4978 V WindowManagerShell:         {m=TO_BACK f=NONE leash=Surface(name=Task=11869)/@0xe6b8afa sb=Rect(0, 0 - 1440, 3168) eb=Rect(0, 0 - 1440, 3168) epz=Point(1440, 3168) d=0 taskParent=-1}
06-13 21:47:08.481  4908  4978 V WindowManagerShell:     ] 
06-13 21:47:08.481  4908  4978 V WindowManagerShell: extendInfo=[
06-13 21:47:08.481  4908  4978 V WindowManagerShell:  OplusTransitionExtendedInfo{mTmpFinishT=null, mInOplusCompatMode=false, mIsProcessRunning=false, mHasMismatchBoundsTarget=false, mRecentsController=null, mRemoteTransition=null, mIsTranslucentActivityToHome=false, mAvoidInterceptKeyEventToHome=false, mIsFromHome=false, mParentLeash=null, mBackAnimClosingLeash=null, mReparentToRecentsSurface=null, mIsOplusAnimRes=false, mKeepBgForContinuous=false, mIsBalAllow=true, mTaskNotInRecent=false, mIsPredictiveBackAnim=false, mIsMergedWithPredictive=false, mIsLaunchFromSpruce=false, mIsLaunchFromDrive=false, mGlobalSearchPageSwitch=false, mNeedNoAlphaGlobalSearchScene=false, mAssistScreenShowing=false, mSwipeUpBrowserScreenShowing=false, mUserIdTransition=0
06-13 21:47:08.481  4908  4978 V WindowManagerShell: , mInRemoteScene=false, mInPreReady=false, mPreStart=false, mToken=null, mAbortByRemoteFromHome=false, mShellApplyToken=null, mRequestTransitionTaskId=11887, mAbortTransitionOnShell=0, mStartFromShortcut=false, mRemovedTaskId=-1, mTransitionInterruptType=0, mMergeSecondTaskId=-1, mIsStartAheadSpruce=false, mTaskIdStartFromRecents=0, mTransitionId=11466, mCanUseSpringSlideAnim=true, mTransitionLaunchFrom=0, mFoldChangeType=-1, mAnimStartingPosition=[0, 0, 0, 0], mIsOpeningStkDialogActivity=false, mSecondaryHomeToFrontWhenUnFolding=false, mIsNeedApplyStartTForEmbedded=false
06-13 21:47:08.481  4908  4978 V WindowManagerShell: , mNeedCanvasExitAnim=false, mMergeSecondTaskAnimation=false, mIsLaunchUnityStart=false, mIsLaunchFromAssistantByDefault=false, mSkipRemoteTransitionfalse, mPromoteTaskWhenKeyguard-1, mIsStartFromKeyguard=false, mMatchRemoteFilter=false flags=0x0, mFlexibleTaskIdList=[], mExpectEndRectState=-1, mFlexibleWindowForRecentTasks=false, mRecentTaskIdList=[], mWCT=null, mIsOpenMergeToInValidPredictive=false, mRootLayerZOrderArray={}}]}
06-13 21:47:08.482  4908  4978 V WindowManagerShell: Playing animation for (#11466) android.os.BinderProxy@43766fd@0
06-13 21:47:08.482  4908  4978 V ShellRecents: RecentsTransitionHandler.startAnimation: no controller found
06-13 21:47:08.482  4908  4978 V WindowManagerShell: start OnePuttTransition animation, info = {id=11466 t=OPEN f=0x0 trk=0 r=[0@Point(0, 0)] c=[{m=OPEN f=NONE leash=Surface(name=Task=11887)/@0x22f925 sb=Rect(0, 0 - 1440, 3168) eb=Rect(0, 0 - 1440, 3168) epz=Point(1440, 3168) d=0 taskParent=-1},{m=TO_BACK f=NONE leash=Surface(name=Task=11869)/@0xe6b8afa sb=Rect(0, 0 - 1440, 3168) eb=Rect(0, 0 - 1440, 3168) epz=Point(1440, 3168) d=0 taskParent=-1}] 
06-13 21:47:08.482  4908  4978 V WindowManagerShell: extendInfo=[
06-13 21:47:08.482  4908  4978 V WindowManagerShell:  OplusTransitionExtendedInfo{mTmpFinishT=null, mInOplusCompatMode=false, mIsProcessRunning=false, mHasMismatchBoundsTarget=false, mRecentsController=null, mRemoteTransition=null, mIsTranslucentActivityToHome=false, mAvoidInterceptKeyEventToHome=false, mIsFromHome=false, mParentLeash=null, mBackAnimClosingLeash=null, mReparentToRecentsSurface=null, mIsOplusAnimRes=false, mKeepBgForContinuous=false, mIsBalAllow=true, mTaskNotInRecent=false, mIsPredictiveBackAnim=false, mIsMergedWithPredictive=false, mIsLaunchFromSpruce=false, mIsLaunchFromDrive=false, mGlobalSearchPageSwitch=false, mNeedNoAlphaGlobalSearchScene=false, mAssistScreenShowing=false, mSwipeUpBrowserScreenShowing=false, mUserIdTransition=0
06-13 21:47:08.482  4908  4978 V WindowManagerShell: , mInRemoteScene=false, mInPreReady=false, mPreStart=false, mToken=null, mAbortByRemoteFromHome=false, mShellApplyToken=null, mRequestTransitionTaskId=11887, mAbortTransitionOnShell=0, mStartFromShortcut=false, mRemovedTaskId=-1, mTransitionInterruptType=0, mMergeSecondTaskId=-1, mIsStartAheadSpruce=false, mTaskIdStartFromRecents=0, mTransitionId=11466, mCanUseSpringSlideAnim=true, mTransitionLaunchFrom=0, mFoldChangeType=-1, mAnimStartingPosition=[0, 0, 0, 0], mIsOpeningStkDialogActivity=false, mSecondaryHomeToFrontWhenUnFolding=false, mIsNeedApplyStartTForEmbedded=false
06-13 21:47:08.482  4908  4978 V WindowManagerShell: , mNeedCanvasExitAnim=false, mMergeSecondTaskAnimation=false, mIsLaunchUnityStart=false, mIsLaunchFromAssistantByDefault=false, mSkipRemoteTransitionfalse, mPromoteTaskWhenKeyguard-1, mIsStartFromKeyguard=false, mMatchRemoteFilter=false flags=0x0, mFlexibleTaskIdList=[], mExpectEndRectState=-1, mFlexibleWindowForRecentTasks=false, mRecentTaskIdList=[], mWCT=null, mIsOpenMergeToInValidPredictive=false, mRootLayerZOrderArray={}}]}
06-13 21:47:08.482  4908  4978 V WindowManagerShell: Transition doesn't have explicit remote, search filters for match for {id=11466 t=OPEN f=0x0 trk=0 r=[0@Point(0, 0)] c=[{m=OPEN f=NONE leash=Surface(name=Task=11887)/@0x22f925 sb=Rect(0, 0 - 1440, 3168) eb=Rect(0, 0 - 1440, 3168) epz=Point(1440, 3168) d=0 taskParent=-1},{m=TO_BACK f=NONE leash=Surface(name=Task=11869)/@0xe6b8afa sb=Rect(0, 0 - 1440, 3168) eb=Rect(0, 0 - 1440, 3168) epz=Point(1440, 3168) d=0 taskParent=-1}] 
06-13 21:47:08.482  4908  4978 V WindowManagerShell: extendInfo=[
06-13 21:47:08.482  4908  4978 V WindowManagerShell:  OplusTransitionExtendedInfo{mTmpFinishT=null, mInOplusCompatMode=false, mIsProcessRunning=false, mHasMismatchBoundsTarget=false, mRecentsController=null, mRemoteTransition=null, mIsTranslucentActivityToHome=false, mAvoidInterceptKeyEventToHome=false, mIsFromHome=false, mParentLeash=null, mBackAnimClosingLeash=null, mReparentToRecentsSurface=null, mIsOplusAnimRes=false, mKeepBgForContinuous=false, mIsBalAllow=true, mTaskNotInRecent=false, mIsPredictiveBackAnim=false, mIsMergedWithPredictive=false, mIsLaunchFromSpruce=false, mIsLaunchFromDrive=false, mGlobalSearchPageSwitch=false, mNeedNoAlphaGlobalSearchScene=false, mAssistScreenShowing=false, mSwipeUpBrowserScreenShowing=false, mUserIdTransition=0
06-13 21:47:08.482  4908  4978 V WindowManagerShell: , mInRemoteScene=false, mInPreReady=false, mPreStart=false, mToken=null, mAbortByRemoteFromHome=false, mShellApplyToken=null, mRequestTransitionTaskId=11887, mAbortTransitionOnShell=0, mStartFromShortcut=false, mRemovedTaskId=-1, mTransitionInterruptType=0, mMergeSecondTaskId=-1, mIsStartAheadSpruce=false, mTaskIdStartFromRecents=0, mTransitionId=11466, mCanUseSpringSlideAnim=true, mTransitionLaunchFrom=0, mFoldChangeType=-1, mAnimStartingPosition=[0, 0, 0, 0], mIsOpeningStkDialogActivity=false, mSecondaryHomeToFrontWhenUnFolding=false, mIsNeedApplyStartTForEmbedded=false
06-13 21:47:08.482  4908  4978 V WindowManagerShell: , mNeedCanvasExitAnim=false, mMergeSecondTaskAnimation=false, mIsLaunchUnityStart=false, mIsLaunchFromAssistantByDefault=false, mSkipRemoteTransitionfalse, mPromoteTaskWhenKeyguard-1, mIsStartFromKeyguard=false, mMatchRemoteFilter=false flags=0x0, mFlexibleTaskIdList=[], mExpectEndRectState=-1, mFlexibleWindowForRecentTasks=false, mRecentTaskIdList=[], mWCT=null, mIsOpenMergeToInValidPredictive=false, mRootLayerZOrderArray={}}]}
06-13 21:47:08.482  4908  4978 V WindowManagerShell:  Delegate animation for (#11466) to null
06-13 21:47:08.482  4908  4978 V WindowManagerShell: start default transition animation, info = {id=11466 t=OPEN f=0x0 trk=0 r=[0@Point(0, 0)] c=[{m=OPEN f=NONE leash=Surface(name=Task=11887)/@0x22f925 sb=Rect(0, 0 - 1440, 3168) eb=Rect(0, 0 - 1440, 3168) epz=Point(1440, 3168) d=0 taskParent=-1},{m=TO_BACK f=NONE leash=Surface(name=Task=11869)/@0xe6b8afa sb=Rect(0, 0 - 1440, 3168) eb=Rect(0, 0 - 1440, 3168) epz=Point(1440, 3168) d=0 taskParent=-1}] 
06-13 21:47:08.482  4908  4978 V WindowManagerShell: extendInfo=[
06-13 21:47:08.482  4908  4978 V WindowManagerShell:  OplusTransitionExtendedInfo{mTmpFinishT=null, mInOplusCompatMode=false, mIsProcessRunning=false, mHasMismatchBoundsTarget=false, mRecentsController=null, mRemoteTransition=null, mIsTranslucentActivityToHome=false, mAvoidInterceptKeyEventToHome=false, mIsFromHome=false, mParentLeash=null, mBackAnimClosingLeash=null, mReparentToRecentsSurface=null, mIsOplusAnimRes=false, mKeepBgForContinuous=false, mIsBalAllow=true, mTaskNotInRecent=false, mIsPredictiveBackAnim=false, mIsMergedWithPredictive=false, mIsLaunchFromSpruce=false, mIsLaunchFromDrive=false, mGlobalSearchPageSwitch=false, mNeedNoAlphaGlobalSearchScene=false, mAssistScreenShowing=false, mSwipeUpBrowserScreenShowing=false, mUserIdTransition=0
06-13 21:47:08.482  4908  4978 V WindowManagerShell: , mInRemoteScene=false, mInPreReady=false, mPreStart=false, mToken=null, mAbortByRemoteFromHome=false, mShellApplyToken=null, mRequestTransitionTaskId=11887, mAbortTransitionOnShell=0, mStartFromShortcut=false, mRemovedTaskId=-1, mTransitionInterruptType=0, mMergeSecondTaskId=-1, mIsStartAheadSpruce=false, mTaskIdStartFromRecents=0, mTransitionId=11466, mCanUseSpringSlideAnim=true, mTransitionLaunchFrom=0, mFoldChangeType=-1, mAnimStartingPosition=[0, 0, 0, 0], mIsOpeningStkDialogActivity=false, mSecondaryHomeToFrontWhenUnFolding=false, mIsNeedApplyStartTForEmbedded=false
06-13 21:47:08.482  4908  4978 V WindowManagerShell: , mNeedCanvasExitAnim=false, mMergeSecondTaskAnimation=false, mIsLaunchUnityStart=false, mIsLaunchFromAssistantByDefault=false, mSkipRemoteTransitionfalse, mPromoteTaskWhenKeyguard-1, mIsStartFromKeyguard=false, mMatchRemoteFilter=false flags=0x0, mFlexibleTaskIdList=[], mExpectEndRectState=-1, mFlexibleWindowForRecentTasks=false, mRecentTaskIdList=[], mWCT=null, mIsOpenMergeToInValidPredictive=false, mRootLayerZOrderArray={}}]}
06-13 21:47:08.483  4908  4978 V WindowManagerShell: loadAnimation: anim=android.view.animation.AnimationSet@1cc3fb4 animAttr=0x9 type=OPEN isEntrance=false
06-13 21:47:08.484  4908  4978 V WindowManagerShell: loadAnimation: anim=android.view.animation.AnimationSet@6dc7f52 animAttr=0x8 type=OPEN isEntrance=true
06-13 21:47:08.485  4908  4978 V WindowManagerShell:  animated by com.android.wm.shell.transition.DefaultTransitionHandler@97529ba
06-13 21:47:08.486  3480  3571 D TaskSnapshotCache: putSnapshot mRunningCache top= ActivityRecord{261655434 u0 com.grabtaxi.passenger/com.grab.rtc.messagecenter.conversation.view.MCChatActivity t11869}, mTaskId=11869, snapshot=TaskSnapshot{ mId=1781362028480 mCaptureTime=632351231592470 mTopActivityComponent=com.grabtaxi.passenger/com.grab.rtc.messagecenter.conversation.view.MCChatActivity mSnapshot=android.hardware.HardwareBuffer@e5db6de (1008x2217) mColorSpace=sRGB IEC61966-2.1 (id=0, model=RGB) mOrientation=1 mRotation=0 mTaskSize=Point(1440, 3168) mOplusCompatMode=false mTopActivityBounds=[0,0][1440,3168] mHasDimLayer=false mContentInsets=[0,160][0,198] mLetterboxInsets=[0,0][0,0] mIsLowResolution=false mIsRealSnapshot=true mWindowingMode=1 mAppearance=24 mIsTranslucent=false mHasImeSurface=false mInternalReferences=2 mUiMode=21 mSnapshotColor=0 mSnapshotBundle=Bundle[{}], mAppIdMap size= 3
06-13 21:47:08.488  3480  3571 D FlexibleWindowManagerService: onFlexibleWindowTaskAppeared: task = 11887, visible = true
06-13 21:47:08.489  3480  3571 D OplusFlexibleWindowMinimizedManagerHelper: onTaskAppered taskInfo:11887
06-13 21:47:08.489  3480  3571 D OplusFlexibleDragToSplitAnimController: visibleFlexibleTaskInfos delete:11887
06-13 21:47:08.489  3480  3571 E FlexibleWindowManagerService: notifyTaskObserverToAttachController not need to notify!
06-13 21:47:08.489  3480  3571 D FlexibleWindowManagerService: should not dispatch appeared task Task{3df6682 #11887 type=standard A=10445:rd.sheepskin.sandboxmusic}
06-13 21:47:08.491  3480  4416 I VibrationEffectConvertor: onInputMethodListUpdated received, info.size = 4
06-13 21:47:08.491  3480  4416 I VibrationEffectConvertor: userid = 0, packageName = com.google.android.tts
06-13 21:47:08.492  3480  4416 I VibrationEffectConvertor: userid = 0, packageName = helium314.keyboard
06-13 21:47:08.492  3480  4416 I VibrationEffectConvertor: userid = 0, packageName = com.google.android.inputmethod.latin
06-13 21:47:08.492  3480  4416 I VibrationEffectConvertor: userid = 0, packageName = com.oplus.securitykeyboard
06-13 21:47:08.492  3480  5770 D ActivityTaskManager: Skipping, invisible task: Task{4e13f85 #6 type=home I=com.teslacoilsw.launcher/.NovaLauncher}
06-13 21:47:08.492  3480  5770 D ActivityTaskManager: Skipping, invisible task: Task{9a293d7 #10948 type=recents I=com.android.launcher/com.android.quickstep.RecentsActivity}
06-13 21:47:08.493  3480  5770 D ActivityTaskManager: Skipping, invisible task: Task{7ef1b35 #5 type=home A=1000:com.android.settings.FallbackHome nonResizable}
06-13 21:47:08.493  3480  5770 D ActivityTaskManager: after skip size:4,pre-Filtered:rd.sheepskin.sandboxmusic # com.grabtaxi.passenger # com.android.settings # com.aspiro.tidal # 
06-13 21:47:08.494  3480  3566 V WindowManager: Sent Transition (#11466) createdAt=06-13 21:47:08.434 via request=TransitionRequestInfo { type = OPEN, triggerTask = TaskInfo{userId=0 taskId=11887 effectiveUid=10445 displayId=0 isRunning=true baseIntent=Intent { act=android.intent.action.VIEW dat=sandboxmusic://e2e/... flg=0x10000000 pkg=rd.sheepskin.sandboxmusic cmp=rd.sheepskin.sandboxmusic/.MainActivity mCallingUid=2000 } baseActivity=ComponentInfo{rd.sheepskin.sandboxmusic/rd.sheepskin.sandboxmusic.MainActivity} topActivity=ComponentInfo{rd.sheepskin.sandboxmusic/rd.sheepskin.sandboxmusic.MainActivity} origActivity=null realActivity=ComponentInfo{rd.sheepskin.sandboxmusic/rd.sheepskin.sandboxmusic.MainActivity}
06-13 21:47:08.494  3480  3566 V WindowManager:  numActivities=1 lastActiveTime=632351191 supportsSplitScreenMultiWindow=true supportsMultiWindow=true supportsPocketStudioMultiWindow=true isInFlexibleEmbedded = false uid = 10445 pid = 0 resizeMode=2 isResizeable=true minWidth=-1 minHeight=-1 defaultMinSize=220 token=WCT{RemoteToken{e52f8d Task{3df6682 #11887 type=standard A=10445:rd.sheepskin.sandboxmusic}}} topActivityType=1 pictureInPictureParams=null shouldDockBigOverlays=false launchIntoPipHostTaskId=-1 lastParentTaskIdBeforePip=-1 displayCutoutSafeInsets=Rect(0, 160 - 0, 0)
06-13 21:47:08.494  3480  3566 V WindowManager:  topActivityInfo=ActivityInfo{a206542 rd.sheepskin.sandboxmusic.MainActivity} launchCookies=[] positionInParent=Point(0, 0) parentTaskId=-1 isFocused=false isVisible=false isVisibleRequested=false isTopActivityNoDisplay=false isSleeping=false locusId=null displayAreaFeatureId=1 isTopActivityTransparent=false isActivityStackTransparent=false lastNonFullscreenBounds=Rect(352, 845 - 1089, 2285) capturedLink=null capturedLinkTimestamp=0 requestedVisibleTypes=-9 topActivityRequestOpenInBrowserEducationTimestamp=0
06-13 21:47:08.494  3480  3566 V WindowManager:  appCompatTaskInfo=AppCompatTaskInfo { topActivityInSizeCompat=false topActivityInOplusCompatMode=false eligibleForLetterboxEducation= false isLetterboxEducationEnabled= false isLetterboxDoubleTapEnabled= false eligibleForUserAspectRatioButton= false topActivityBoundsLetterboxed= false isFromLetterboxDoubleTap= false topActivityLetterboxVerticalPosition= -1 topActivityLetterboxHorizontalPosition= -1 topActivityLetterboxWidth=-1 topActivityLetterboxHeight=-1 topActivityAppBounds=Rect(0, 0 - 1440, 3168) isUserFullscreenOverrideEnabled=false isSystemFullscreenOverrideEnabled=false hasMinAspectRatioOverride=false topActivityLetterboxBounds=null cameraCompatTaskInfo=CameraCompatTaskInfo { freeformCameraCompatMode=inactive}} topActivityMainWindowFrame=null topActivityLetterboxInsets=Rect(0, 0 - 0, 0)
06-13 21:47:08.494  3480  3566 V WindowManager:  mOplusExtraBundle = Bundle[{androidx.flexible.taskFrame=Rect(0, 0 - 0, 0), androidx.flexible.Alpha=1.0, androidx.activity.task.attach.blur=0, androidx.flexible.task_snapshot_mode=0, androidx.activity.LaunchInsensible=0, androidx.activity.LaunchCornerRadius=0, key_flexible_task_state=0, topActivitySupportAppInnerSplit=false, key_flexible_task_animating_type=-1, key_flexible_task_root_activity_processname=rd.sheepskin.sandboxmusic, androidx.activity.LaunchScenario=0, is_oplus_clone_task=false, flexible_super_mini_state=false, topRunningActivityHash=34678628, flexible.floatwindow.is_multi_instance=false, androidx.activity.LaunchScale=1.0, androidx.activity.LaunchShadowRadius=0, is_transient_hide_for_task_info=false, androidx.activity.key_flexible_task_pending_exit_to=0, key_flexible_task_root_activity_pid=0, key_flexible_task_root_activity_uid=10445}]}, pipChange = null, remoteTransition = null, displayChange = null, flags = 0, debugId = 11466 }
06-13 21:47:08.494  3480  3566 V WindowManager:     startWCT=WindowContainerTransaction { changes= {} hops= [] errorCallbackToken=null taskFragmentOrganizer=null }
06-13 21:47:08.494  3480  3566 V WindowManager:     info={id=11466 t=OPEN f=0x0 trk=0 r=[0@Point(0, 0)] c=[
06-13 21:47:08.494  3480  3566 V WindowManager:         {WCT{RemoteToken{e52f8d Task{3df6682 #11887 type=standard A=10445:rd.sheepskin.sandboxmusic}}} m=OPEN f=NONE leash=Surface(name=Task=11887)/@0x472b5cf sb=Rect(0, 0 - 1440, 3168) eb=Rect(0, 0 - 1440, 3168) epz=Point(1440, 3168) d=0 taskParent=-1},
06-13 21:47:08.494  3480  3566 V WindowManager:         {WCT{RemoteToken{a9c4f3b Task{6b99886 #11869 type=standard A=10423:com.grabtaxi.passenger}}} m=TO_BACK f=NONE leash=Surface(name=Task=11869)/@0x46d6328 sb=Rect(0, 0 - 1440, 3168) eb=Rect(0, 0 - 1440, 3168) epz=Point(1440, 3168) d=0 taskParent=-1}
06-13 21:47:08.494  3480  3566 V WindowManager:     ] 
06-13 21:47:08.494  3480  3566 V WindowManager: extendInfo=[
06-13 21:47:08.494  3480  3566 V WindowManager:  OplusTransitionExtendedInfo{mTmpFinishT=null, mInOplusCompatMode=false, mIsProcessRunning=false, mHasMismatchBoundsTarget=false, mRecentsController=null, mRemoteTransition=null, mIsTranslucentActivityToHome=false, mAvoidInterceptKeyEventToHome=false, mIsFromHome=false, mParentLeash=null, mBackAnimClosingLeash=null, mReparentToRecentsSurface=null, mIsOplusAnimRes=false, mKeepBgForContinuous=false, mIsBalAllow=true, mTaskNotInRecent=false, mIsPredictiveBackAnim=false, mIsMergedWithPredictive=false, mIsLaunchFromSpruce=false, mIsLaunchFromDrive=false, mGlobalSearchPageSwitch=false, mNeedNoAlphaGlobalSearchScene=false, mAssistScreenShowing=false, mSwipeUpBrowserScreenShowing=false, mUserIdTransition=0
06-13 21:47:08.494  3480  3566 V WindowManager: , mInRemoteScene=false, mInPreReady=false, mPreStart=false, mToken=null, mAbortByRemoteFromHome=false, mShellApplyToken=null, mRequestTransitionTaskId=11887, mAbortTransitionOnShell=0, mStartFromShortcut=false, mRemovedTaskId=-1, mTransitionInterruptType=0, mMergeSecondTaskId=-1, mIsStartAheadSpruce=false, mTaskIdStartFromRecents=0, mTransitionId=11466, mCanUseSpringSlideAnim=true, mTransitionLaunchFrom=0, mFoldChangeType=-1, mAnimStartingPosition=[0, 0, 0, 0], mIsOpeningStkDialogActivity=false, mSecondaryHomeToFrontWhenUnFolding=false, mIsNeedApplyStartTForEmbedded=false
06-13 21:47:08.494  3480  3566 V WindowManager: , mNeedCanvasExitAnim=false, mMergeSecondTaskAnimation=false, mIsLaunchUnityStart=false, mIsLaunchFromAssistantByDefault=false, mSkipRemoteTransitionfalse, mPromoteTaskWhenKeyguard-1, mIsStartFromKeyguard=false, mMatchRemoteFilter=false flags=0x0, mFlexibleTaskIdList=[], mExpectEndRectState=-1, mFlexibleWindowForRecentTasks=false, mRecentTaskIdList=[], mWCT=null, mIsOpenMergeToInValidPredictive=false, mRootLayerZOrderArray={}}]}
06-13 21:47:08.496  3480  3585 I ActivityManager: Start proc 22080:com.qualcomm.qti.workloadclassifier/u0a230 for broadcast {com.qualcomm.qti.workloadclassifier/com.qualcomm.qti.workloadclassifier.WLCReceiver}
06-13 21:47:08.496  3480  3567 I ActivityManager: ProcessObserver broadcast disabled
06-13 21:47:08.497  3480  4187 I MemoryOperationUtils: add 22080 to inactive
06-13 21:47:08.501  3480  4181 I BLASTSyncEngine: onCommitted syncId: 11466, timeout: false ran: false
06-13 21:47:08.509  3480  4181 D ActivityTaskManager: The isLandscapeFullscreenEnabled is: rd.sheepskin.sandboxmusic/.MainActivity
06-13 21:47:08.509  3480  4181 D FlexibleTaskController: isFullToFlexibleAnimating: false
06-13 21:47:08.509  3480  4181 D WindowManager: rotation(ROTATION_0) no changed  displayId = 0, lastOrientation = -1
06-13 21:47:08.509  3480  4181 D ActivityTaskManager: The isLandscapeFullscreenEnabled is: rd.sheepskin.sandboxmusic/.MainActivity
06-13 21:47:08.509  3480  4181 D ActivityTaskManager: The isLandscapeFullscreenEnabled is: rd.sheepskin.sandboxmusic/.MainActivity
06-13 21:47:08.509  3480  4181 D ActivityTaskManager: The isLandscapeFullscreenEnabled is: rd.sheepskin.sandboxmusic/.MainActivity
06-13 21:47:08.509  3480  4181 D ActivityTaskManager: The isLandscapeFullscreenEnabled is: rd.sheepskin.sandboxmusic/.MainActivity
06-13 21:47:08.509  3480  4181 D ActivityTaskManager: The isLandscapeFullscreenEnabled is: rd.sheepskin.sandboxmusic/.MainActivity
06-13 21:47:08.509  3480  4181 D ActivityTaskManager: The isLandscapeFullscreenEnabled is: rd.sheepskin.sandboxmusic/.MainActivity
06-13 21:47:08.509  3480  4181 D ActivityTaskManager: The isLandscapeFullscreenEnabled is: rd.sheepskin.sandboxmusic/.MainActivity
06-13 21:47:08.509  3480  4181 I TaskOrganizerController: onTaskInfoChanged taskid 11887 config { mBounds=Rect(0, 0 - 1440, 3168) mAppBounds=Rect(0, 0 - 1440, 3168) mMaxBounds=Rect(0, 0 - 1440, 3168) mDisplayRotation=ROTATION_0 mWindowingMode=fullscreen mActivityType=standard mAlwaysOnTop=undefined mRotation=ROTATION_0}
06-13 21:47:08.510  3480  4181 D OplusFlexibleDragToSplitAnimController: visibleFlexibleTaskInfos delete:11887
06-13 21:47:08.510  3480  4181 E FlexibleWindowManagerService: notifyTaskObserverToAttachController not need to notify!
06-13 21:47:08.510  3480  4181 I FlexibleWindowManagerService: onFlexibleWindowTaskInfoChanged, return for cur task not embedded
06-13 21:47:08.510  3480  4181 D OplusDexOptimizeManager: androidPackage inappropriate state!
06-13 21:47:08.510  3480  4181 D ActivityTaskManager: onWindowFocusChanged Task{3df6682 #11887 type=standard A=10445:rd.sheepskin.sandboxmusic} would transfer to compact
06-13 21:47:08.510  3480  3580 I UserAwareMgr: handleTopAppChanged: rd.sheepskin.sandboxmusic, pid: 17102, uid: 10445
06-13 21:47:08.510  3480  4181 D ActivityTaskManager: NFW_setLastResumedActivityUncheckLocked:true r:ActivityRecord{34678628 u0 rd.sheepskin.sandboxmusic/.MainActivity t11887} currentFocus:null
06-13 21:47:08.510  3480  4181 D WindowManager: NFW_findFocusedWindowIfNeeded:null mCurrentFocus:null
06-13 21:47:08.510  3480  4181 D FlexibleTaskController: onTaskFocusChanged prevTask:Task{6b99886 #11869 type=standard A=10423:com.grabtaxi.passenger} ,currentTask:Task{3df6682 #11887 type=standard A=10445:rd.sheepskin.sandboxmusic}, reason: realStartActivityLocked - onActivityStateChanged
06-13 21:47:08.510  3480  4181 D OplusFlexibleDCSManager: onNextPkgChanged pkg = rd.sheepskin.sandboxmusic
06-13 21:47:08.512  3480  4181 D OplusVisibleTasks:  notifyTaskFocusChange no need.
06-13 21:47:08.512  3480  4181 I OplusAppSwitchManagerService: appswitch hasProcess ActivityRecord{34678628 u0 rd.sheepskin.sandboxmusic/.MainActivity t11887}
06-13 21:47:08.512  3480  4181 I OplusJoystickManager: handleApplicationSwitch deprecated!
06-13 21:47:08.512  3480  4181 I GameManagerServiceExt-GameManagerServiceExt: on FG change: com.grabtaxi.passenger|rd.sheepskin.sandboxmusic
06-13 21:47:08.512  3480  4181 I OplusAppSwitchManagerService: appswitch hasProcess ActivityRecord{34678628 u0 rd.sheepskin.sandboxmusic/.MainActivity t11887}
06-13 21:47:08.513  3480  4181 D ActivityTaskManager: The isLandscapeFullscreenEnabled is: rd.sheepskin.sandboxmusic/.MainActivity
06-13 21:47:08.514  3480 18266 D OplusSplitScreenManagerService: com.teslacoilsw.launcher unSupportsSplitScreen by blockList or ForbidActivityList
06-13 21:47:08.514  3480  3596 E OplusThermalStats: Error getting package info: rd.sheepskin.sandboxmusic
06-13 21:47:08.515  3480 27849 D OplusSecurePayManager: exit SecurePayService protect package: com.grabtaxi.passenger
