06-13 21:48:19.653  5717  7539 D ScoreRequestHandler: sendUnifiedRequest: Request posted to handler thread, requestType=22
06-13 21:48:19.653  5717  7539 D DataCollectionController: setScene result=false
06-13 21:48:19.653  5717  7539 D CommonApp-184-10305: createScenarios
06-13 21:48:19.653  5717  7539 D CommonApp-184-10305: init end
06-13 21:48:19.654  5717  7539 D Subsys-ScoreAppManager: unit: {pkgName:com.teslacoilsw.launcher,activityName:,winMode:1,event:COMMON,type:0,subEvent:0,pid:9265,uid:10305, hostPkgName:}
06-13 21:48:19.654  5717  7539 D CommonApp-184-10305: CommonState enter
06-13 21:48:19.654  5717  7539 D CommonApp-184-10445: CommonState exit
06-13 21:48:19.654 23396 23396 I DynamicFramerate [FRTCConfigManager]: initFrameRateConfig: 
06-13 21:48:19.654 23396 23396 I DynamicFramerate [FRTCConfigManager]: 	levelsFor120hz: [120, 60]
06-13 21:48:19.654 23396 23396 I DynamicFramerate [FRTCConfigManager]: 	thresholdsFor120hz: [200]
06-13 21:48:19.654 23396 23396 I DynamicFramerate [FRTCConfigManager]: 	levelsFor90hz: [90]
06-13 21:48:19.654 23396 23396 I DynamicFramerate [FRTCConfigManager]: 	thresholdsFor90hz: []
06-13 21:48:19.654 23396 23396 I DynamicFramerate [FRTCConfigManager]: FRTCConfigManager: FRTC_CAPABILITY = 120, package name = com.oplus.wirelesssettings, WINDOW_ANIMATION_SPEED_RATE = 10, SCROLL_ANIMATION_SPEED_RATE = 20, PACKAGE_ENABLE = true
06-13 21:48:19.654  5717  7539 D CommonApp-184-10305: DefaultState EVENT_INIT_STATE_COMPLETE
06-13 21:48:19.654  5717  7539 D CommonApp-184-10305: startDataCollection
06-13 21:48:19.654  5717  7539 D CommonApp-184-10305: current network isn't cellular,not need enable modem report
06-13 21:48:19.654 23396 23396 I DynamicFramerate [DynamicFrameRateController]: init info: mPackageName = com.oplus.wirelesssettings, mIsEnabled = true
06-13 21:48:19.654  5717  7567 D NetlinkUtils: sendToKernel byteBuffer:java.nio.HeapByteBuffer[pos=32 lim=32 cap=32],nlmsg_pid:-1981274639,nlmsg_type:47,cmdType:1,type:9,nla_len:12
06-13 21:48:19.654  5717  7567 D ScoreRequestHandler: sendUnifiedRequestInternal: sendToKernelOld, result: true
06-13 21:48:19.654  5717  7539 D ScoreRequestHandler: sendUnifiedRequest: Request posted to handler thread, requestType=13
06-13 21:48:19.654  5717  7539 D NecManager: registerULBitRateChange
06-13 21:48:19.654  5717  7539 D Subsys-ScoreAppManager: handleMessage what:40
06-13 21:48:19.655 23396 23444 D CardWidget_SEEDLING_SUPPORT_SDK(4000005): (DefaultDispatcher-worker-1) isUserUnlocked = true
06-13 21:48:19.655  3480  9568 D LockSettingsService: [getCredentialTypeInternal] userId = 0
06-13 21:48:19.655  3480  9568 D LockSettingsStorage: [readSPState] 0, 90680d7c4839ac3e.pwd
06-13 21:48:19.655 23396 23447 D CardWidget_SEEDLING_SUPPORT_SDK(4000005): (DefaultDispatcher-worker-4) isUserUnlocked true, lastCacheTime=1781362099654
06-13 21:48:19.655  3480  9568 D LockSettingsService: [getCredentialTypeInternal] userId = 0
06-13 21:48:19.655  3480  9568 D LockSettingsStorage: [readSPState] 0, 90680d7c4839ac3e.pwd
06-13 21:48:19.659 10816 13853 I UMS.IntentProvider: panta-sugg(16055000-full-export-release): start call method:isFluidCloudSupport, callingPackage=com.oplus.w***s
06-13 21:48:19.660 10816 13853 I UMS.SupportHelper: finally isSupportFluidCloud cache = true
06-13 21:48:19.660 10816 13853 I UMS.IntentProvider: panta-sugg(16055000-full-export-release): querySupport, isFluidCloudSupport = true
06-13 21:48:19.660 23396 23444 D CardWidget_SEEDLING_SUPPORT_SDK(4000005): (DefaultDispatcher-worker-1) isSupport, isFluidCloudSupport = true
06-13 21:48:19.660 23396 23444 D CardWidget_SEEDLING_SUPPORT_SDK(4000005): (DefaultDispatcher-worker-1) isSupportFluidCloud, isSupportFluidCloud = true
06-13 21:48:19.661 10816 10893 I UMS.IntentProvider: panta-sugg(16055000-full-export-release): start call method:isFluidCloudSupport, callingPackage=com.oplus.w***s
06-13 21:48:19.661 10816 10893 I UMS.SupportHelper: finally isSupportFluidCloud cache = true
06-13 21:48:19.661 10816 10893 I UMS.IntentProvider: panta-sugg(16055000-full-export-release): querySupport, isFluidCloudSupport = true
06-13 21:48:19.661 23396 23447 D CardWidget_SEEDLING_SUPPORT_SDK(4000005): (DefaultDispatcher-worker-4) isSupport, isFluidCloudSupport = true
06-13 21:48:19.661 23396 23447 D CardWidget_SEEDLING_SUPPORT_SDK(4000005): (DefaultDispatcher-worker-4) isSupportFluidCloud, isSupportFluidCloud = true
06-13 21:48:19.661  1725  1725 D Zygote  : Forked child process 23450
06-13 21:48:19.662 29172 29193 D GloveSwitchVisibilityAttrProvider: call, method=getVisibilityAttr arg=content://com.oplus.gesture.glovemode.glove_switch_visibility_provider/getVisibilityAttr/oplus_glove_mode
06-13 21:48:19.662  3480  9568 D LockSettingsService: [getCredentialTypeInternal] userId = 0
06-13 21:48:19.662  3480  9568 D LockSettingsStorage: [readSPState] 0, 90680d7c4839ac3e.pwd
06-13 21:48:19.664  3480  9568 D LockSettingsService: [getCredentialTypeInternal] userId = 0
06-13 21:48:19.664 29172 29193 D GestureUtil: isSupportGloveMode: mSupportGloveDeviceId = [] mSupportGloveMode=false
06-13 21:48:19.664  3480  9568 D LockSettingsStorage: [readSPState] 0, 90680d7c4839ac3e.pwd
06-13 21:48:19.664  3480  3585 I ActivityManager: Start proc 23450:com.oplus.melody/u0a155 for content provider {com.oplus.melody/com.oplus.melody.alive.provider.MelodyAliveProvider}
06-13 21:48:19.664  3480  3567 I ActivityManager: ProcessObserver broadcast disabled
06-13 21:48:19.665  3480 17879 I OStatsManager_OplusBatteryStatsManager: updateStateTime: PkgName = com.oplus.melody, uid = 10155, state to bg, mForegroundCnt = 0, isFg = false
06-13 21:48:19.665  1942  1942 E qspmHal : setAppInfoH atPid = 23450, gpuFname:com.oplus.melody, gpuFver:160070001
06-13 21:48:19.665  3480  5768 E OplusCustomizeRestrictionManagerService: isBiometricDisabled start
06-13 21:48:19.666  3480  9568 E OplusCustomizeRestrictionManagerService: isBiometricDisabled start
06-13 21:48:19.666  3480  4187 I MemoryOperationUtils: add 23450 to inactive
06-13 21:48:19.667  3480  5768 E OplusCustomizeRestrictionManagerService: getUnlockByFacePolicies fail, return default value.
06-13 21:48:19.668 23272 23365 I gs.intelligence: AssetManager2(0xb40000752a5fd328) locale list changing from [] to [en-TH]
06-13 21:48:19.676 23450 23450 E om.oplus.melody: Unknown bits set in runtime_flags: 0x40000000
06-13 21:48:19.677 23450 23450 I om.oplus.melody: Using CollectorTypeCMC GC.
06-13 21:48:19.677 23272 23365 I gs.intelligence: AssetManager2(0xb40000752a5fd928) locale list changing from [] to [en-TH]
06-13 21:48:19.678 23940 20909 I ndroid.settings: AssetManager2(0xb400007519bc7c28) locale list changing from [] to [en-TH]
06-13 21:48:19.681  2172  2232 E esim_service: [getGpioValue][317]: open file failed: -1, error: No such file or directory
06-13 21:48:19.681 29172 29193 D SpruceSwitchVisibilityAttrProvider: call, method=getVisibilityAttr arg=content://com.oplus.gesture.sprucekey.spruce_switch_visibility_provider/getVisibilityAttr/key_spruce_setting
06-13 21:48:19.681 29172 29193 D GestureUtil: isSupportSpruceKey: mSupportSpruceDeviceID = [] mSupportSpruceKey=false
06-13 21:48:19.681  2172  2232 E esim_service: [getEsimGpio][371]: getEsimGpio SP: 0
06-13 21:48:19.682 23450 23450 D nativeloader: Load libframework-connectivity-tiramisu-jni.so using APEX ns com_android_tethering for caller /apex/com.android.tethering/javalib/framework-connectivity-t.jar: ok
06-13 21:48:19.684  3480  9568 I [UAH_CLIENT]: UahEventAcquire, cmdid:2, pkg:none, identity:OplusAppStartupManager
06-13 21:48:19.685 23272 23365 I gs.intelligence: AssetManager2(0xb40000752a5fdc28) locale list changing from [] to [en-TH]
06-13 21:48:19.685 23450 23450 D OplusActivityThreadExtImpl: java.lang.NoSuchMethodException: dalvik.system.VMRuntime.SupressionGC [int, int]
06-13 21:48:19.685 23450 23450 W libc    : Access denied finding property "persist.vendor.sys.activitylog"
06-13 21:48:19.685 23450 23450 I OneTrace: Mark active for pid=23450? true
06-13 21:48:19.686 23450 23450 D cutils-dev: otrace_set_tracing_enabled? true tag:0
06-13 21:48:19.686  3480  3570 V GrammaticalInflectionUtils: AttributionSource: android.content.AttributionSource@fc288ea5 does not have READ_SYSTEM_GRAMMATICAL_GENDER permission.
06-13 21:48:19.686 23450 23450 D cutils-dev: properties changed in otrace_seq_number_changed!
06-13 21:48:19.688 23272 23365 I gs.intelligence: AssetManager2(0xb40000752a5fe828) locale list changing from [] to [en-TH]
06-13 21:48:19.691  3480  5899 D SplitScreenAppReader: SPLIT_TOUCH support check:com.oplus.melody = false
06-13 21:48:19.691  3480  5899 D ActivityTaskManagerServiceExtImpl: preBindApplication record is null
06-13 21:48:19.692  3480  5899 D RGBNormalizeServer: OplusRGBNormalize feature enabled ? false
06-13 21:48:19.692  3480  5899 D ResourcesManagerCache: For package com.oplus.melody we got cacheList [null] appInfoExt is null ? false hasFeature ? false
06-13 21:48:19.693 23272 23365 I gs.intelligence: AssetManager2(0xb40000752a5feb28) locale list changing from [] to [en-TH]
06-13 21:48:19.700  1725  1725 D Zygote  : Forked child process 23473
06-13 21:48:19.700  5030  6151 V OsAgent : broadcastSystemEvent - 7
06-13 21:48:19.701  3480  3585 I ActivityManager: Start proc 23473:com.oplus.phonemanager/u0a407 for content provider {com.oplus.phonemanager/com.oplus.phonemanager.SettingsVisibilityProvider}
06-13 21:48:19.701  3480  3567 I ActivityManager: ProcessObserver broadcast disabled
06-13 21:48:19.702  3480 18232 I OStatsManager_OplusBatteryStatsManager: updateStateTime: PkgName = com.oplus.phonemanager, uid = 10407, state to bg, mForegroundCnt = 0, isFg = false
06-13 21:48:19.703  3480  4187 I MemoryOperationUtils: add 23473 to com.oplus.phonemanager
06-13 21:48:19.703  1942  1942 E qspmHal : setAppInfoH atPid = 23473, gpuFname:com.oplus.phonemanager, gpuFver:160190011
06-13 21:48:19.704 23272 23365 I gs.intelligence: AssetManager2(0xb40000752a5fe528) locale list changing from [] to [en-TH]
06-13 21:48:19.704 23450 23470 D OplusAppHeapManager: java.lang.NoSuchMethodException: dalvik.system.VMRuntime.updateProcessValue [int, int, int]
06-13 21:48:19.706 23450 23450 D CompactWindowAppManager: initCompactApplicationInfo CompactMode: , NormalMode: 
06-13 21:48:19.708 23450 23450 V Configuration: Updating configuration, locales updated from [] to [en_TH]
06-13 21:48:19.709  1960  1985 D vendor.oplus.hardware.charger-V10-service: ret_value:124, read content:,325,325,3937,3936,-219,56,58,1,1,0,456,4984,58,1,4430,300,500,0,7,9500,7,0,1,0,2,0,0,0,1,5522,95,0,2346,4226,0,0,0,0,0,105
06-13 21:48:19.709  1960  1985 D vendor.oplus.hardware.charger-V10-service: gmtime: 2026-06-13-21-48-19
06-13 21:48:19.709  1960  1985 D vendor.oplus.hardware.charger-V10-service: usb_online:1, ac_online:-2147483648, wireless_online:0
06-13 21:48:19.709 23450 23450 D OplusScrollToTopManager: setIsInWhiteList false
06-13 21:48:19.709 23473 23473 E us.phonemanager: Unknown bits set in runtime_flags: 0x40000000
06-13 21:48:19.710 23473 23473 I us.phonemanager: Using CollectorTypeCMC GC.
06-13 21:48:19.710 23450 23450 D OplusViewDebugManager: OplusViewDebugManager Constructor android.view.debug.OplusViewDebugManager@3f82d95 [mHasViewDebugProperty true] [mHasMsgDebugProperty false] [DEBUG false] [EXTRAINFOENABLE false] [LIGHT_OS false]
06-13 21:48:19.711 23450 23450 E DynamicFramerate [AnimationConfigManager]: initAnimationConfig: animAwareItem is empty, return
06-13 21:48:19.714 23473 23473 D nativeloader: Load libframework-connectivity-tiramisu-jni.so using APEX ns com_android_tethering for caller /apex/com.android.tethering/javalib/framework-connectivity-t.jar: ok
06-13 21:48:19.716 23473 23473 D OplusActivityThreadExtImpl: java.lang.NoSuchMethodException: dalvik.system.VMRuntime.SupressionGC [int, int]
06-13 21:48:19.717 23473 23473 W libc    : Access denied finding property "persist.vendor.sys.activitylog"
06-13 21:48:19.716 23272 23365 I gs.intelligence: AssetManager2(0xb40000752a5ff428) locale list changing from [] to [en-TH]
06-13 21:48:19.717 23473 23473 I OneTrace: Mark active for pid=23473? true
06-13 21:48:19.717 23473 23473 D cutils-dev: otrace_set_tracing_enabled? true tag:0
06-13 21:48:19.717 23450 23450 W libc    : Access denied finding property "ro.odm.prev.product.name"
06-13 21:48:19.718 23473 23473 D cutils-dev: properties changed in otrace_seq_number_changed!
06-13 21:48:19.718 23450 23450 D ApplicationLoaders: Returning zygote-cached class loader: /system_ext/framework/androidx.window.extensions.jar
06-13 21:48:19.719 23450 23450 D ApplicationLoaders: Returning zygote-cached class loader: /system_ext/framework/androidx.window.sidecar.jar
06-13 21:48:19.720  3480  9568 D SplitScreenAppReader: SPLIT_TOUCH support check:com.oplus.phonemanager = false
06-13 21:48:19.720  3480  9568 D ActivityTaskManagerServiceExtImpl: preBindApplication record is null
06-13 21:48:19.720  3480  9568 D RGBNormalizeServer: OplusRGBNormalize feature enabled ? false
06-13 21:48:19.720  3480  9568 D ResourcesManagerCache: For package com.oplus.phonemanager we got cacheList [null] appInfoExt is null ? false hasFeature ? false
06-13 21:48:19.724 23473 23496 D OplusAppHeapManager: java.lang.NoSuchMethodException: dalvik.system.VMRuntime.updateProcessValue [int, int, int]
06-13 21:48:19.725  5030  6151 V OsAgent : broadcastSystemEvent - 7
06-13 21:48:19.729 23473 23473 D CompactWindowAppManager: initCompactApplicationInfo CompactMode: , NormalMode: 
06-13 21:48:19.730 23272 23365 I gs.intelligence: AssetManager2(0xb40000752a5ffd28) locale list changing from [] to [en-TH]
06-13 21:48:19.731 23473 23473 V Configuration: Updating configuration, locales updated from [] to [en_TH]
06-13 21:48:19.731 23473 23473 D OplusScrollToTopManager: setIsInWhiteList false
06-13 21:48:19.732 23473 23473 D OplusViewDebugManager: OplusViewDebugManager Constructor android.view.debug.OplusViewDebugManager@3f82d95 [mHasViewDebugProperty true] [mHasMsgDebugProperty false] [DEBUG false] [EXTRAINFOENABLE false] [LIGHT_OS false]
06-13 21:48:19.733 23473 23473 E DynamicFramerate [AnimationConfigManager]: initAnimationConfig: animAwareItem is empty, return
06-13 21:48:19.735 23473 23473 W libc    : Access denied finding property "ro.odm.prev.product.name"
06-13 21:48:19.736 23473 23473 D ApplicationLoaders: Returning zygote-cached class loader: /system/framework/org.apache.http.legacy.jar
06-13 21:48:19.736 23473 23473 D ApplicationLoaders: Returning zygote-cached class loader: /system_ext/framework/androidx.window.extensions.jar
06-13 21:48:19.736 23473 23473 D ApplicationLoaders: Returning zygote-cached class loader: /system_ext/framework/androidx.window.sidecar.jar
06-13 21:48:19.738 23450 23450 W om.oplus.melody: Failed to find entry 'classes.dex': Entry not found
06-13 21:48:19.740 23450 23450 W om.oplus.melody: Failed to find entry 'classes.dex': Entry not found
06-13 21:48:19.741 23450 23450 W om.oplus.melody: Failed to find entry 'classes.dex': Entry not found
06-13 21:48:19.741 24166 24189 W OPLUS_LOG_LOAD: ==LOGS PROG INFO, prog(com.oplus.camera) ==
06-13 21:48:19.741 24166 24189 I APS_ALOG: flushRoutine g_immediateFlush=0 g_pendingCount=0 g_oobCount=0
06-13 21:48:19.742 23450 23450 D nativeloader: Configuring clns-9 for other apk /data/app/~~igRThvxFrL3roFOlBcblSg==/com.oplus.melody-wTe4ow4JldvCP1Qc2yusLA==/base.apk:/data/app/~~igRThvxFrL3roFOlBcblSg==/com.oplus.melody-wTe4ow4JldvCP1Qc2yusLA==/split_config.arm64_v8a.apk:/data/app/~~igRThvxFrL3roFOlBcblSg==/com.oplus.melody-wTe4ow4JldvCP1Qc2yusLA==/split_config.en.apk:/data/app/~~igRThvxFrL3roFOlBcblSg==/com.oplus.melody-wTe4ow4JldvCP1Qc2yusLA==/split_config.xxxhdpi.apk. target_sdk_version=36, uses_libraries=, library_path=/data/app/~~igRThvxFrL3roFOlBcblSg==/com.oplus.melody-wTe4ow4JldvCP1Qc2yusLA==/lib/arm64:/data/app/~~igRThvxFrL3roFOlBcblSg==/com.oplus.melody-wTe4ow4JldvCP1Qc2yusLA==/base.apk!/lib/arm64-v8a:/data/app/~~igRThvxFrL3roFOlBcblSg==/com.oplus.melody-wTe4ow4JldvCP1Qc2yusLA==/split_config.arm64_v8a.apk!/lib/arm64-v8a:/data/app/~~igRThvxFrL3roFOlBcblSg==/com.oplus.melody-wTe4ow4JldvCP1Qc2yusLA==/split_config.en.apk!/lib/arm64-v8a:/data/app/~~igRThvxFrL3roFOlBcblSg==/com.oplus.melody-wTe4ow4JldvCP1Qc2yusLA==/split_config.xxxhdpi.apk!/lib/arm
06-13 21:48:19.747 23272 23365 I gs.intelligence: AssetManager2(0xb40000752a5b5028) locale list changing from [] to [en-TH]
06-13 21:48:19.755 23450 23450 I om.oplus.melody: AssetManager2(0xb40000760651b028) locale list changing from [] to [en-TH]
06-13 21:48:19.759 23473 23473 D nativeloader: InitLlndkLibrariesProduct: libEGL.so:libGLESv1_CM.so:libGLESv2.so:libGLESv3.so:libRS.so:libandroid_net.so:libapexsupport.so:libavf.so:libbinder_ndk.so:libc.so:libcgrouprc.so:libclang_rt.asan-aarch64-android.so:libclang_rt.hwasan-aarch64-android.so:libcom.android.tethering.connectivity_native.so:libdl.so:libft2.so:liblog.so:libm.so:libmediandk.so:libnativewindow.so:libneuralnetworks.so:libselinux.so:libsync.so:libvendorsupport.so:libvndksupport.so:libvulkan.so
06-13 21:48:19.759 23473 23473 D nativeloader: Configuring product-clns-9 for unbundled product apk /product/priv-app/PhoneManager/PhoneManager.apk. target_sdk_version=36, uses_libraries=, library_path=/product/priv-app/PhoneManager/lib/arm64:/product/priv-app/PhoneManager/PhoneManager.apk!/lib/arm64-v8a:/product/lib64:/system/product/lib64, permitted_path=/data:/mnt/expand:/data/user/0/com.oplus.phonemanager:/product/lib64:/system/product/lib64
06-13 21:48:19.760 23473 23473 D nativeloader: InitVndkspLibrariesProduct: VNDK is deprecated with product
06-13 21:48:19.760  3480  5899 D NotificationService--OplusNavigationManager: Notification--isSuppressedByDriveMode--userId:-1,mode:false
06-13 21:48:19.761  3480  9568 D NotificationService--OplusNavigationManager: Notification--isSuppressedByDriveMode--userId:-1,mode:false
06-13 21:48:19.762 23272 23365 I gs.intelligence: AssetManager2(0xb40000752a5ffa28) locale list changing from [] to [en-TH]
06-13 21:48:19.762 23450 23450 V GraphicsEnvironment: Currently set values for:
06-13 21:48:19.762 23450 23450 V GraphicsEnvironment:   angle_gl_driver_selection_pkgs=[""]
06-13 21:48:19.762 23450 23450 V GraphicsEnvironment:   angle_gl_driver_selection_values=[""]
06-13 21:48:19.762 23450 23450 V GraphicsEnvironment: com.oplus.melody is not listed in per-application setting
06-13 21:48:19.762 23450 23450 V GraphicsEnvironment: ANGLE allowlist from config: 
06-13 21:48:19.762 23450 23450 V GraphicsEnvironment: com.oplus.melody is not listed in ANGLE allowlist or settings, returning default
06-13 21:48:19.762 23450 23450 V GraphicsEnvironment: Updatable production driver is not supported on the device.
06-13 21:48:19.763 23450 23450 D ResourcesManagerExtImpl: applyConfigurationToAppResourcesLocked app.getDisplayId() return callback.displayId:-1
06-13 21:48:19.779  4908  4908 W OPLUS_LOG_LOAD: ==LOGS PROG INFO, prog(com.android.systemui) ==
06-13 21:48:19.779  4908  4908 I SystemUi--Notification: FullScreenHelper-->FULL_SCREEN_BANNER-->log: isBannerEnableForUser return true , uid = 0 , userId = 0
06-13 21:48:19.779  4908  4908 I SystemUi--Notification: FullScreenHelper-->FULL_SCREEN_BANNER-->log: isBannerEnableForUser return true , uid = 0 , userId = 0
06-13 21:48:19.784 23450 23450 I Melody_KoinModule: [init] declare Android Context
06-13 21:48:19.785  4908  4908 E ndroid.systemui: No Found best_cookie -1 resid #2132279320 use_filtered 1 for assetApk /system_ext/priv-app/SystemUI/SystemUI.apk.
06-13 21:48:19.786  4908  4908 W LocaleConfig: The resource file pointed to by the given resource ID isn't found.
06-13 21:48:19.787 23450 23450 I Melody_KoinModule: Started 43 definitions in 0.071 ms
06-13 21:48:19.787 23272 23365 I gs.intelligence: AssetManager2(0xb40000752a5b5628) locale list changing from [] to [en-TH]
06-13 21:48:19.789 23450 23450 W Melody_PhoneUtils: getOplusOSVersion 38
06-13 21:48:19.789 23450 23450 D Melody_FeatureOptions: init, sLeAudioSupport = true, metaSupport = true, sSpatialHogpSupport = false, sIsTrialVersion = false, sFlavorRegion = export, sLeaWhiteListEnable = false, sBrLeCoexist = false
06-13 21:48:19.789 23450 23450 D Melody_FeatureOptions: initSppOverLeSupportFlag, sSppOverLeSupport = true
06-13 21:48:19.791 23450 23450 D Melody_FeatureOptions: init, sMallMode = false, sIsTablet = false
06-13 21:48:19.792  3480 13421 W HmbirdWinInfoManager: addActivityToSet: invalid parameters
06-13 21:48:19.792 23272 23365 I gs.intelligence: AssetManager2(0xb40000752a5b5c28) locale list changing from [] to [en-TH]
06-13 21:48:19.792  3480 13421 E Osense-HmbirdSceneRecogManager: unexpected error java.lang.NullPointerException: Attempt to invoke virtual method 'java.lang.String com.android.server.oplus.osense.feature.uaf.scene.hmbirdscene.HmbirdScene.getHmbirdWindowPkgName(java.lang.String)' on a null object reference
06-13 21:48:19.792 23450 23450 D Melody_ProcessUtils: getProcessName Application com.oplus.melody
06-13 21:48:19.793 23450 23450 W Melody_LogUtils: loadLogLevel d=false from setFlavorProduct
06-13 21:48:19.797 23450 23450 W Melody_CountryCodeUtils: getCountryCode [ROW] from mark region
06-13 21:48:19.797 23450 23501 W Melody_MelodyPreferences: <cinit> timeMillis=3
06-13 21:48:19.797 23450 23450 W Melody_MelodyModelManager: <init> com.oplus.melody, version: 16.7.0_2748ed6_260521, mainProcess: true, region: export[ROW], timeMillis: 3
06-13 21:48:19.802 23450 23450 W LogUtils: oppoRefreshLogSwitch sDebug : false
06-13 21:48:19.803 23450 23450 W LogUtils: oppoRefreshLogSwitch sDebug : false
06-13 21:48:19.803 23450 23450 I MyDevices.SDK.DeviceAppProvider: (main)onCreate, com.oplus.melody.devicecard.MyDeviceProvider
06-13 21:48:19.805 23450 23502 W Melody_LowStorageHelper: isLowStorage, freeSpace = 30225MB, lowSize = 500MB, isLow = false
06-13 21:48:19.807 23450 23450 D CardWidget_SeedlingCardWidgetProvider: (main) com.oplus.melody.seedling.MelodySeedlingCardWidgetProvider@4237640 onCreate initSdkOnCreate=true
06-13 21:48:19.807 23450 23450 D CardWidget_SharePreferencesUtil: (main) initSP
06-13 21:48:19.808 23450 23510 I CardWidget.AppCardWidgetProvider: initCardWidget start,[sdk:v2000008]
06-13 21:48:19.808 23450 23510 I CardWidget.GlobalDIConfig: initial...start,[sdk:v2000008]
06-13 21:48:19.808 23450 23510 I CardWidget.GlobalDIConfig: initial...end,[sdk:v2000008]
06-13 21:48:19.809 23450 23510 I CardWidget.BaseInterfaceLayerProvider: on interface layer initial start,[sdk:v2000008]
06-13 21:48:19.809 23450 23510 I Channel.Client[1000032]ClientChannel: initClientChannel by Context
06-13 21:48:19.810 23450 23510 I CardWidget.Utils: isUmsRunCardService, isUmsCardService=true,isUmsSupportCardService=true, isAboveOSVersion14=true,[sdk:v2000008]
06-13 21:48:19.810 23450 23510 I Channel.Client[1000032]ClientChannel: initClientImpl serverAuthority = [com.oplus.pantanal.ums.cardservice.provider.CardServiceServerProvider], clientName = [com.oplus.melody.card.MelodyCardWidgetProvider], client = [com.oplus.melody.card.MelodyCardWidgetProvider@df5723b]
06-13 21:48:19.811 23450 23509 E ashmem  : Pinning is deprecated since Android Q. Please use trim or other methods.
06-13 21:48:19.811 23450 23509 I Channel.Client[1000032]Utils: Utils sIsDebug sync ret: false
06-13 21:48:19.812 23473 23473 I us.phonemanager: AssetManager2(0xb400007652eee728) locale list changing from [] to [en-TH]
06-13 21:48:19.813  3480  5899 W ContentProviderHelper: Permission Denial: opening provider com.pantanal.server.decision.result.DecisionProvider from ProcessRecord{ce538ad 23450:com.oplus.melody/u0a155} (pid=23450, uid=10155) requires com.oplus.permission.safe.ASSISTANT or com.oplus.permission.safe.ASSISTANT
06-13 21:48:19.813 23450 23510 I Channel.Client[1000032].melody.WorkHandler: getInstance, instance com.oplus.channel.client.utils.WorkHandler@e9f3c88
06-13 21:48:19.813 23450 23510 I CardWidget.BaseInterfaceLayerProvider: initialClientChannel:serverAuthority=com.oplus.pantanal.ums.cardservice.provider.CardServiceServerProvider clientName=com.oplus.melody.card.MelodyCardWidgetProvider,[sdk:v2000008]
06-13 21:48:19.813 23450 23513 E Channel.Client[1000032].melody.ChannelClientLogUtil: registerContentObserver error exception:Permission Denial: opening provider com.pantanal.server.decision.result.DecisionProvider from ProcessRecord{ce538ad 23450:com.oplus.melody/u0a155} (pid=23450, uid=10155) requires com.oplus.permission.safe.ASSISTANT or com.oplus.permission.safe.ASSISTANT
06-13 21:48:19.814 23450 23510 I CardWidget.BaseInterfaceLayerProvider: on interface layer initial end,[sdk:v2000008]
06-13 21:48:19.814 23450 23510 I CardWidget.AppCardWidgetProvider: initCardWidget end,[sdk:v2000008]
06-13 21:48:19.815 23272 23365 I gs.intelligence: AssetManager2(0xb40000752a5b6828) locale list changing from [] to [en-TH]
06-13 21:48:19.816 23450 23450 D OplusActivityManager: get AMS extension: android.os.BinderProxy@c2a435d
06-13 21:48:19.817  4908  4908 W SystemUi--Common: SubsetBitmapDrawable-->[isValid] innerBitmap?.isRecycled=null
06-13 21:48:19.818  4908  5101 E ndroid.systemui: No Found best_cookie -1 resid #2132279320 use_filtered 1 for assetApk /system_ext/priv-app/SystemUI/SystemUI.apk.
06-13 21:48:19.818  3480  9568 I OplusAppSwitchManagerService: appswitch registerAppSwitchObserver pName = com@@oplus@@melody_14011639 observer = com.oplus.app.IOplusAppSwitchObserver$Stub$Proxy@c228224 config = OplusAppSwitchConfig = {  observerFingerPrint = 74924278}
06-13 21:48:19.818  3480  9568 I OplusAppSwitchStateDispatcher: registerAppSwitchObserver addDynamicListener OK, info = OplusAppSwitchRuleInfo = {  observer = com.oplus.app.IOplusAppSwitchObserver$Stub$Proxy@c228224 observerFingerPrint = 74924278} rule size =0
06-13 21:48:19.818  4908  5101 W LocaleConfig: The resource file pointed to by the given resource ID isn't found.
06-13 21:48:19.819 23450 23470 D OplusAppSwitchManager: observer =  mDefaultMatchActivity = false mDefaultMatchApp false
06-13 21:48:19.819 23450 23502 I MyDevices.SDK.DeviceSdk: (melody_serial)init device sdk, version: 16.1.2-betaa4c8fa1
06-13 21:48:19.821  3480  9568 I ActivityManager: Flag disabled. Ignoring finishAttachApplication from uid: 10155. pid: 23450
06-13 21:48:19.821 10816 10893 I UMS.CardServiceServerProvider: call, method=pullCommand, arg=com.oplus.melody.card.MelodyCardWidgetProvider, extras=null callingPackage=com.oplus.m***y, callingPid=23450,
06-13 21:48:19.822 23473 23473 V GraphicsEnvironment: Currently set values for:
06-13 21:48:19.822 10816 10893 I Channel.Server[1000040].ums.IServerImpl: getCommandList, clientName=com.oplus.melody.card.MelodyCardWidgetProvider, clientProxy=null
06-13 21:48:19.822 10816 10893 I CardService[1006200].CardServiceServerProviderProxy: call: method = pullCommand, callingPackageName = *om.op*us.me*ody, callingPid = 23450
06-13 21:48:19.823 10816 10893 I Channel.Server[1000040].ums.ChannelServerProvider: call, method=[pullCommand], clientName=[com.oplus.melody.card.MelodyCardWidgetProvider], resultCallBackId=[null]
06-13 21:48:19.823 23450 23516 W Channel.Client[1000032].melody.ClientProxy.MelodyCardWidgetProvider: pullCommand, result.byteArray is null
06-13 21:48:19.823 23450 23516 I Channel.Client[1000032].melody.ClientProxy.MelodyCardWidgetProvider: pullAndRunCommand commandList = []
06-13 21:48:19.823 23473 23473 V GraphicsEnvironment:   angle_gl_driver_selection_pkgs=[""]
06-13 21:48:19.823 23473 23473 V GraphicsEnvironment:   angle_gl_driver_selection_values=[""]
06-13 21:48:19.823 23473 23473 V GraphicsEnvironment: com.oplus.phonemanager is not listed in per-application setting
06-13 21:48:19.823 23473 23473 V GraphicsEnvironment: ANGLE allowlist from config: 
06-13 21:48:19.823 23473 23473 V GraphicsEnvironment: com.oplus.phonemanager is not listed in ANGLE allowlist or settings, returning default
06-13 21:48:19.825 23450 23515 D CardWidget_SeedlingCardWidgetProvider: (SeedlingSupportFixedExecutor-pool-1-thread-1) SeedlingCardWidgetProvider initChannel start.context=com.oplus.melody.MelodyApplication@5104193
06-13 21:48:19.825 23450 23515 D CardWidget_SEEDLING_SUPPORT_SDK(3000008): (SeedlingSupportFixedExecutor-pool-1-thread-1) setSuperChannelHost:[]
06-13 21:48:19.825 23473 23473 D ResourcesManagerExtImpl: applyConfigurationToAppResourcesLocked app.getDisplayId() return callback.displayId:-1
06-13 21:48:19.826 23450 23502 I PlayCore: UID: [10155]  PID: [23450] AppUpdateService : requestUpdateInfo(com.oplus.melody)
06-13 21:48:19.827 23450 23515 D CardWidget_SEEDLING_SUPPORT_SDK(3000008): (SeedlingSupportFixedExecutor-pool-1-thread-1) init:clientName = com.oplus.melody.seedling.MelodySeedlingCardWidgetProviderinit:sdk_version = external_3000008
06-13 21:48:19.827 23450 23515 D CardWidget_Utils: (SeedlingSupportFixedExecutor-pool-1-thread-1) Utils sIsDebug sync ret: false
06-13 21:48:19.827 23450 23515 D CardWidget_SEEDLING_SUPPORT_SDK(3000008): (SeedlingSupportFixedExecutor-pool-1-thread-1) SeedlingUpdateManager start init
06-13 21:48:19.827 23450 23502 W Melody_MelodyRepositoryCenter: onCreate time=30 by MelodyAliveRepositoryProvider
06-13 21:48:19.828 23450 23515 I Channel.Client[1000032].melody.ClientChannel: initClientChannel by Context
06-13 21:48:19.828 23450 23515 I Channel.Client[1000032].melody.ClientChannel: initClientChannel, other thread is executing this method.
06-13 21:48:19.828 23450 23515 D CardWidget_SEEDLING_SUPPORT_SDK(3000008): (SeedlingSupportFixedExecutor-pool-1-thread-1) initClientImpl by UMS
06-13 21:48:19.828 23450 23515 I Channel.Client[1000032].melody.ClientChannel: initClientImpl serverAuthority = [com.oplus.pantanal.ums.cardservice.provider.CardServiceServerProvider], clientName = [com.oplus.melody.seedling.MelodySeedlingCardWidgetProvider], client = [f.a@6f36824]
06-13 21:48:19.828 23450 23515 D CardWidget_SEEDLING_SUPPORT_SDK(3000008): (SeedlingSupportFixedExecutor-pool-1-thread-1) initSupperChannelClient hostSet: []
06-13 21:48:19.829 10816 10893 I UMS.CardServiceServerProvider: call, method=pullCommand, arg=com.oplus.melody.seedling.MelodySeedlingCardWidgetProvider, extras=null callingPackage=com.oplus.m***y, callingPid=23450,
06-13 21:48:19.829 10816 10893 I Channel.Server[1000040].ums.IServerImpl: getCommandList, clientName=com.oplus.melody.seedling.MelodySeedlingCardWidgetProvider, clientProxy=null
06-13 21:48:19.829 10816 10893 I CardService[1006200].CardServiceServerProviderProxy: call: method = pullCommand, callingPackageName = *om.op*us.me*ody, callingPid = 23450
06-13 21:48:19.829 10816 10893 I Channel.Server[1000040].ums.ChannelServerProvider: call, method=[pullCommand], clientName=[com.oplus.melody.seedling.MelodySeedlingCardWidgetProvider], resultCallBackId=[null]
06-13 21:48:19.830 23450 23516 W Channel.Client[1000032].melody.ClientProxy.MelodySeedlingCardWidgetProvider: pullCommand, result.byteArray is null
06-13 21:48:19.830 23450 23516 I Channel.Client[1000032].melody.ClientProxy.MelodySeedlingCardWidgetProvider: pullAndRunCommand commandList = []
06-13 21:48:19.830 23450 23525 I PlayCore: UID: [10155]  PID: [23450] AppUpdateService : Initiate binding to the service.
06-13 21:48:19.836 23272 23365 I gs.intelligence: AssetManager2(0xb40000752a5b6e28) locale list changing from [] to [en-TH]
06-13 21:48:19.838  4908  5101 D LocalImageResolver: Couldn't use ImageDecoder for drawable, falling back to non-resized load.
06-13 21:48:19.839 23450 23502 W Melody_MelodyRepositoryCenter: onCreate time=1 by MelodyAliveService
06-13 21:48:19.837 22848 22898 I discovery::core::moni..: DiscMonitor: [trace_id=99164606211]DiscoveryComponentStatus { adaptive_sdp_client_status: Some("{\"0\":\"0.0.0.0\",\"1\":null}"), adaptive_sdp_server_status: None, network_interface_states: Some({}) }
06-13 21:48:19.840  4908  4908 D OplusNotificationDateTimeView: setTime mSettingTimeMillis 1781362099167, mSettingLocalDateTime 2026-06-13T21:48:00.167
06-13 21:48:19.840 23450 23502 I Melody_ServiceUtils: addStageProtectInfo com.oplus.melody time=1
06-13 21:48:19.841 23450 23481 W Melody_ServiceUtils: addStageProtectInfo onSuccess!
06-13 21:48:19.842  3480  9568 I OplusAppSwitchManagerService: appswitch registerAppSwitchObserver pName = com@@oplus@@melody_14011639 observer = com.oplus.app.IOplusAppSwitchObserver$Stub$Proxy@546ff43 config = OplusAppSwitchConfig = {  observerFingerPrint = 26610750}
06-13 21:48:19.842  3480  9568 I OplusAppSwitchStateDispatcher: registerAppSwitchObserver addDynamicListener OK, info = OplusAppSwitchRuleInfo = {  observer = com.oplus.app.IOplusAppSwitchObserver$Stub$Proxy@546ff43 observerFingerPrint = 26610750} rule size =1
06-13 21:48:19.842 23450 23470 D OplusAppSwitchManager: observer =  mDefaultMatchActivity = false mDefaultMatchApp false
06-13 21:48:19.842 23450 23450 I Melody_MelodyAliveService: m_event_start.onStartCommand action=com.oplus.melody.alive.action.SEND_COMMAND restartExtra=false osLight=false
06-13 21:48:19.842 23450 23450 I Melody_MelodyAliveService: m_event_start.onStartCommand action=com.oplus.melody.alive.action.SEND_COMMAND restartExtra=false osLight=false
06-13 21:48:19.842 23450 23502 W Melody_BusinessCenter: Failed to create oneshot
06-13 21:48:19.843 23450 23502 I MyDevices.SDK.DeviceSdk: (melody_serial)init device sdk, version: 16.1.2-betaa4c8fa1
06-13 21:48:19.844 23450 23502 I MyDevices.SDK.DeviceSdk: (melody_serial)init device sdk, version: 16.1.2-betaa4c8fa1
06-13 21:48:19.845  4908  5101 D LocalImageResolver: Couldn't use ImageDecoder for drawable, falling back to non-resized load.
06-13 21:48:19.848  1156  1156 E KeymasterUtils: IKMHal_sendCmd failed with rsp_header->status: -28
06-13 21:48:19.848  1156  1156 E KeyMasterHalDevice: abort_operation
06-13 21:48:19.848  1156  1156 E KeyMasterHalDevice: ret: -28
06-13 21:48:19.848  4908  4908 D OplusNotificationDateTimeView: setTime mSettingTimeMillis 1781362099167, mSettingLocalDateTime 2026-06-13T21:48:00.167
06-13 21:48:19.847  5717  7539 D CommonApp-184-10305: transport layer data is invalid
06-13 21:48:19.853 23272 23365 I gs.intelligence: AssetManager2(0xb40000752a5b7128) locale list changing from [] to [en-TH]
06-13 21:48:19.855 22392 22411 W OplusExSystemServiceHelper: checkOplusExSystemService intent getComponent is null
06-13 21:48:19.856  3480  3570 V GrammaticalInflectionUtils: AttributionSource: android.content.AttributionSource@992f7a9f does not have READ_SYSTEM_GRAMMATICAL_GENDER permission.
06-13 21:48:19.857 23450 23507 E Melody_RepackagingDetector: No signature file found in APK
06-13 21:48:19.857 23450 23507 W Melody_RepackagingDetector: Failed to read signature from APK file, fallback to PackageManager
06-13 21:48:19.858 23450 23520 W libc    : Access denied finding property "log.tag.bluetooth"
06-13 21:48:19.859  4908  5101 D LocalImageResolver: Couldn't use ImageDecoder for drawable, falling back to non-resized load.
06-13 21:48:19.860 23450 23520 W Melody_btsdk_LocalBluetoothProfileManager: updateLocalProfiles: A2DP profile is now missing, previously added=false
06-13 21:48:19.860 23450 23520 W Melody_btsdk_LocalBluetoothProfileManager: updateLocalProfiles: HEADSET profile is now missing, previously added=false
06-13 21:48:19.860  4908  4908 D OplusNotificationDateTimeView: setTime mSettingTimeMillis 1781362099167, mSettingLocalDateTime 2026-06-13T21:48:00.167
06-13 21:48:19.860 23450 23520 W Melody_BluetoothRssiDetectHelperImpl: registerDiscoverPolicy: bluetooth off, return...
06-13 21:48:19.862 23450 23450 I Melody_MelodyApplication: whenCompleteAsync
06-13 21:48:19.864 23450 23531 E Melody_btsdk_HeadsetCoreService: bluetooth not open ,when check device connect state!
06-13 21:48:19.864  3480  9568 I OplusAppSwitchManagerService: appswitch registerAppSwitchObserver pName = com@@oplus@@melody_14011639 observer = com.oplus.app.IOplusAppSwitchObserver$Stub$Proxy@894f4b4 config = OplusAppSwitchConfig = {  observerFingerPrint = 14938387}
06-13 21:48:19.864  3480  9568 I OplusAppSwitchStateDispatcher: registerAppSwitchObserver addDynamicListener OK, info = OplusAppSwitchRuleInfo = {  observer = com.oplus.app.IOplusAppSwitchObserver$Stub$Proxy@894f4b4 observerFingerPrint = 14938387} rule size =2
06-13 21:48:19.869 23450 23481 D OplusAppSwitchManager: observer =  mDefaultMatchActivity = false mDefaultMatchApp false
06-13 21:48:19.871  1725  1725 D Zygote  : Forked child process 23536
06-13 21:48:19.873  1156  1156 E KeymasterUtils: IKMHal_sendCmd failed with rsp_header->status: -28
06-13 21:48:19.873  1156  1156 E KeyMasterHalDevice: abort_operation
06-13 21:48:19.873  1156  1156 E KeyMasterHalDevice: ret: -28
06-13 21:48:19.874  3480  3585 I ActivityManager: Start proc 23536:com.heytap.mydevices/u0a349 for service {com.heytap.mydevices/com.heytap.mydevices.core.service.AppSdkService}
06-13 21:48:19.875  3480  3567 I ActivityManager: ProcessObserver broadcast disabled
06-13 21:48:19.875  4908  4908 I SystemUi--Notification: OplusNotificationTempla-->resolveContentMargin: marginTop=144 isChildInGroup=false hasSubtitle=true params.topMargin=144
06-13 21:48:19.875  4908  4908 W SystemUi--Notification: OplusNotificationGroupExtImpl-->setChildrenExpanded: groupHeader is null
06-13 21:48:19.875 23473 23535 I PhoneManager: OplusLog, qELogOn = false, qELogOnMTK = false, loggable = false
06-13 21:48:19.875  3480  3019 I OStatsManager_OplusBatteryStatsManager: updateStateTime: PkgName = com.heytap.mydevices, uid = 10349, state to bg, mForegroundCnt = 0, isFg = false
06-13 21:48:19.876 23450 23507 I Melody_PhoneUtils: isPkgInstalled: true com.heytap.mydevices
06-13 21:48:19.876 23450 23507 W Melody_PhoneUtils: hasAction = false, action: com.oplus.mydevices.action.USER_STATEMENT
06-13 21:48:19.878  1942  1942 E qspmHal : setAppInfoH atPid = 23536, gpuFname:com.heytap.mydevices, gpuFver:17010051
06-13 21:48:19.878 23450 23450 I PlayCore: UID: [10155]  PID: [23450] AppUpdateService : ServiceConnectionImpl.onServiceConnected(ComponentInfo{com.android.vending/com.google.android.finsky.installservice.DevTriggeredUpdateService})
06-13 21:48:19.879 23450 23525 I PlayCore: UID: [10155]  PID: [23450] AppUpdateService : linkToDeath
06-13 21:48:19.879 23272 23365 I gs.intelligence: AssetManager2(0xb40000752a5b7428) locale list changing from [] to [en-TH]
06-13 21:48:19.879  3480  5768 D FlexibleTaskController: isSupportFlexibleWindow target = app.morphe.android.youtube/com.google.android.apps.youtube.app.watchwhile.InternalMainActivity callPkg = com.android.systemui support = true ,caller = 4908
06-13 21:48:19.879  3480  5768 D FlexibleTaskController: isSupportFlexibleWindow target = app.morphe.android.youtube callPkg = com.android.systemui support = true ,caller = 4908
06-13 21:48:19.880  3480  5768 D FlexibleWindowManagerService: calculateFlexibleWindowBounds intent:Intent { act=android.intent.action.MAIN cat=[android.intent.category.LAUNCHER] flg=0x14000000 xflg=0x4 cmp=app.morphe.android.youtube/com.google.android.apps.youtube.app.watchwhile.InternalMainActivity (has extras) },appOrientation:-2,isFlexibleTask:true,activityInfo:ActivityInfo{a863076 com.google.android.apps.youtube.app.watchwhile.InternalMainActivity}com.android.server.wm.FlexibleWindowManagerService.calculateFlexibleWindowBounds:1857 com.android.server.wm.FlexibleWindowManagerService.calculateFlexibleWindowBounds:1835 com.android.server.wm.OplusActivityTaskManagerServiceEnhance.calculateFlexibleWindowBounds:845 android.app.IOplusActivityTaskManager$Stub.onTransact:4344 android.os.Binder.execTransactInternal:1444 android.os.Binder.execTransact:1378 <bottom of call stack> <bottom of call stack> 
06-13 21:48:19.880  3480  5768 D FlexibleTaskController: fillFlexibleTaskInfo current activity is resizeable for ActivityInfo{a863076 com.google.android.apps.youtube.app.watchwhile.InternalMainActivity}
06-13 21:48:19.880  3480  5768 D OplusFlexibleTaskLayoutPolicy: no need regulate Size.
06-13 21:48:19.880  3480  5768 D FlexibleTaskController: collectFlexibleTaskInfo:FlexibleTaskInfo{mResizeMode=1, mRatio=1.7777778, mScale=0.8, mCornerRadius=80, mLaunchBounds=Rect(144, 373 - 1584, 2933), mSourceFlexibleTaskId=-1, mFlexibleState0} finalActivityInfo = ActivityInfo{a863076 com.google.android.apps.youtube.app.watchwhile.InternalMainActivity} info req = -1 appOrientation = -2
06-13 21:48:19.881  3480  4187 I MemoryOperationUtils: add 23536 to inactive
06-13 21:48:19.881  3480  5768 D FlexibleTaskController: radius change from 80.0 to 50
06-13 21:48:19.881  3480  5768 D FlexibleTaskController: calcFlexibleTaskBounds called by notification pkgName:app.morphe.android.youtube
06-13 21:48:19.881  3480  5768 D FlexibleTaskController: change bundle for notification scene. cmpName:ComponentInfo{app.morphe.android.youtube/com.google.android.apps.youtube.app.watchwhile.InternalMainActivity} isBackground:true ; mNotificationScale = 0.8
06-13 21:48:19.881  4908  4908 D HeadsUpToZoomUtils: calculateFlexibleWindowBounds isSupport:true finalRect:Rect(144, 373 - 1584, 2933) scale:0.8 radius:50 supportBundle:Bundle[{androidx.flexible.LaunchBounds=Rect(144, 373 - 1584, 2933), flexible_window_mini_rect=Supplier{VAL_PARCELABLE@200+72}, androidx.flexible.CompatRatio=1.7777778, androidx.activity.LaunchCornerRadius=50, androidx.flexible.ResizeMode=4, androidx.activity.LaunchScale=0.8}] intent:Intent { act=android.intent.action.MAIN cat=[android.intent.category.LAUNCHER] flg=0x14000000 xflg=0x4 cmp=app.morphe.android.youtube/com.google.android.apps.youtube.app.watchwhile.InternalMainActivity (has extras) }
06-13 21:48:19.882 23450 23531 E Melody_btsdk_HeadsetCoreService: bluetooth not open ,when check device connect state!
06-13 21:48:19.885 23473 23535 I [Koin]  : [init] declare Android Context
06-13 21:48:19.887 23536 23536 E eytap.mydevices: Unknown bits set in runtime_flags: 0x40000000
06-13 21:48:19.888 23536 23536 I eytap.mydevices: Using CollectorTypeCMC GC.
06-13 21:48:19.890 23473 23535 W [Koin]  : (+) override index 'android.content.Context::_root_' -> '[Singleton:'android.content.Context']'
06-13 21:48:19.890 23473 23535 I [Koin]  : loaded 2 definitions in 0.071198 ms
06-13 21:48:19.891  1156  1156 E KeymasterUtils: IKMHal_sendCmd failed with rsp_header->status: -28
06-13 21:48:19.891  1156  1156 E KeyMasterHalDevice: abort_operation
06-13 21:48:19.891  1156  1156 E KeyMasterHalDevice: ret: -28
06-13 21:48:19.892 23473 23535 E PhoneManager.KoinRegister: getKoinModules error className = com.oplus.phonemanager.common.ad.CommonExportApiModule
06-13 21:48:19.893 23536 23536 D nativeloader: Load libframework-connectivity-tiramisu-jni.so using APEX ns com_android_tethering for caller /apex/com.android.tethering/javalib/framework-connectivity-t.jar: ok
06-13 21:48:19.895  4908  4908 I SystemUi--Notification: OplusExpandableNotificationRowExImpl-->NOTIFICATION_ZOOM-->updateDragViewState showZoom=true isPinned=true isActivityIntent=true emptyView=true isZoomValid=true pendingIntent=Intent { act=android.intent.action.MAIN cat=[android.intent.category.LAUNCHER] flg=0x14000000 xflg=0x4 cmp=app.morphe.android.youtube/com.google.android.apps.youtube.app.watchwhile.InternalMainActivity (has extras) }
06-13 21:48:19.896  4908  4908 W TouchableRegionManager: onHeadsUpPinnedModeChanged
06-13 21:48:19.896 23536 23536 D OplusActivityThreadExtImpl: java.lang.NoSuchMethodException: dalvik.system.VMRuntime.SupressionGC [int, int]
06-13 21:48:19.896 23536 23536 W libc    : Access denied finding property "persist.vendor.sys.activitylog"
06-13 21:48:19.896 23536 23536 I OneTrace: Mark active for pid=23536? true
06-13 21:48:19.896 23536 23536 D cutils-dev: otrace_set_tracing_enabled? true tag:0
06-13 21:48:19.897 23536 23536 D cutils-dev: properties changed in otrace_seq_number_changed!
06-13 21:48:19.899  5717  5717 D VendorWifiService: onEvent event:9,action:1
06-13 21:48:19.901 23473 23473 D OplusGraphicsEvent: OplusGraphicsEventListener create now!
06-13 21:48:19.902 23473 23473 D OplusGraphicsEvent: addEventListener success!
06-13 21:48:19.902 23473 23543 D ApplicationLoaders: Returning zygote-cached class loader: /system/framework/org.apache.http.legacy.jar
06-13 21:48:19.902 23473 23543 D ApplicationLoaders: Returning zygote-cached class loader: /system/framework/com.android.location.provider.jar
06-13 21:48:19.902 23473 23543 D ApplicationLoaders: Returning zygote-cached class loader: /system/framework/com.android.media.remotedisplay.jar
06-13 21:48:19.903  4908  4908 I PluginSeedling--CapsuleCard: CardRootViewModel-->handleOnShowHeadsUpNotification: true packageName: app.morphe.android.youtube
06-13 21:48:19.903 23473 23543 D nativeloader: Configuring clns-10 for other apk /system_ext/framework/com.android.extensions.appfunctions.jar. target_sdk_version=37, uses_libraries=ALL, library_path=/data/app/~~jvXoFYKg-23yrJfgECF7lA==/com.google.android.gms-GivHoGjKFUOaaLiGcGZZBw==/lib/arm64:/data/app/~~jvXoFYKg-23yrJfgECF7lA==/com.google.android.gms-GivHoGjKFUOaaLiGcGZZBw==/base.apk!/lib/arm64-v8a, permitted_path=/data:/mnt/expand:/data/user/0/com.google.android.gms
06-13 21:48:19.903 23473 23543 D nativeloader: Extending system_exposed_libraries: libbinauralrenderer_wrapper.qti.so:libhoaeffects.qti.so:libsuperNight.oplus.so:libAPSClient-cmd-jni-extension.oplus.so:libsatellite_audio_jni.oplus.so:libortc_so.oplus.so:libsoundtouch.oplus.so:libsoundtouch_jni.oplus.so:libOplusStringJNI-extension.oplus.so:libsatellite_ostx_jni.oplus.so:libapssuspend-jni.oplus.so:libupdateprof.qti.so:libthermalclient.qti.so:libqape.qti.so:libqesdk_ndk_platform.qti.so:liblistenjni.qti.so
06-13 21:48:19.904 23473 23543 D ApplicationLoaders: Returning zygote-cached class loader: /system_ext/framework/androidx.window.extensions.jar
06-13 21:48:19.904 23473 23543 D ApplicationLoaders: Returning zygote-cached class loader: /system_ext/framework/androidx.window.sidecar.jar
06-13 21:48:19.904  3480  4584 D ScorerUtils: isLowTraffic: txTputKBps=4, rxTputKBps=14
06-13 21:48:19.904  3480  4584 D OplusWifiPower_TriggerCenter: mComponentCallback: wifistat
06-13 21:48:19.906  4908  4908 I PluginSeedling--Track: RequestHandler-->notificationAdded 0|app.morphe.android.youtube|99|JQMoqKpbjtA|10509 postTime: 1781362099333
06-13 21:48:19.906 23473 23535 D PhoneManager.KoinRegister: getKoinModules end
06-13 21:48:19.906 23473 23535 I [Koin]  : loaded 21 definitions in 0.068906 ms
06-13 21:48:19.906  1156  1156 E KeymasterUtils: IKMHal_sendCmd failed with rsp_header->status: -28
06-13 21:48:19.907  1156  1156 E KeyMasterHalDevice: abort_operation
06-13 21:48:19.907  1156  1156 E KeyMasterHalDevice: ret: -28
06-13 21:48:19.908 23473 23543 D nativeloader: Configuring clns-11 for other apk /data/app/~~jvXoFYKg-23yrJfgECF7lA==/com.google.android.gms-GivHoGjKFUOaaLiGcGZZBw==/base.apk. target_sdk_version=37, uses_libraries=, library_path=/data/app/~~jvXoFYKg-23yrJfgECF7lA==/com.google.android.gms-GivHoGjKFUOaaLiGcGZZBw==/lib/arm64:/data/app/~~jvXoFYKg-23yrJfgECF7lA==/com.google.android.gms-GivHoGjKFUOaaLiGcGZZBw==/base.apk!/lib/arm64-v8a, permitted_path=/data:/mnt/expand:/data/user/0/com.google.android.gms
06-13 21:48:19.908  3480  9568 D SplitScreenAppReader: SPLIT_TOUCH support check:com.heytap.mydevices = false
06-13 21:48:19.908  3480  9568 D ActivityTaskManagerServiceExtImpl: preBindApplication record is null
06-13 21:48:19.908  3480  9568 D RGBNormalizeServer: OplusRGBNormalize feature enabled ? false
06-13 21:48:19.908  3480  9568 D ResourcesManagerCache: For package com.heytap.mydevices we got cacheList [null] appInfoExt is null ? false hasFeature ? false
06-13 21:48:19.911 23473 23543 I us.phonemanager: AssetManager2(0xb40000760651c528) locale list changing from [] to [en-TH]
06-13 21:48:19.917 23536 23553 D OplusAppHeapManager: java.lang.NoSuchMethodException: dalvik.system.VMRuntime.updateProcessValue [int, int, int]
06-13 21:48:19.918  4908  4908 I SystemUi--Notification: HeadsUpContainerWindow-->setView:com.android.systemui.statusbar.notification.row.ExpandableNotificationRow{de05cd VFE...C.. ......I. 0,0-0,0 #7f0a0500 app:id/expandableNotificationRow alpha=1.0 viewInfo = }
06-13 21:48:19.918  4908  4908 I SystemUi--Notification: HeadsUpContainerWindow-->setUxProcess: true
06-13 21:48:19.919  4908  4908 D HeadsUpLayout: updateResource: for headsUp
06-13 21:48:19.920  4908  4908 D HeadsUpLayout: onViewAddedInternal: 0|app.morphe.android.youtube|99|JQMoqKpbjtA|10509,reason=onViewAdded
06-13 21:48:19.920  4908  4908 D HeadsUpLayout: onHeightChanged: com.android.systemui.statusbar.notification.row.ExpandableNotificationRow{de05cd VFE...C.. ......I. 0,0-0,0 #7f0a0500 app:id/expandableNotificationRow alpha=1.0 viewInfo = },false
06-13 21:48:19.920  4908  4908 D HeadsUpLayout: childrenUpdateRequested: true
06-13 21:48:19.920  4908  4908 D HeadsUpLayout: setHeadsUpBlur: 0|app.morphe.android.youtube|99|JQMoqKpbjtA|10509 ,reason=onViewAddedInternal,isSummary =false,isHeadsUp=true,updateGroupHeader=false,child.isGroupExpansionChanging=false
06-13 21:48:19.921  1858 14835 I WifiHAL : event received NL80211_CMD_VENDOR, vendor_id = 0x1374, subcmd = 0xd
06-13 21:48:19.921  4908  4908 I SystemUi--Common: ViewBlurManager-->[blurForHeadsUp] blurHeadsUpEnabled=true
06-13 21:48:19.921  3480  3580 I UserAwareMgr: handleTopAppChanged: com.android.systemui, pid: 4908, uid: 10208
06-13 21:48:19.921  3084  3084 I cnss-daemon: nl80211 response handler invoked
06-13 21:48:19.921  3084  3084 I cnss-daemon: nl80211_response_handler: cmd 103, vendorID 4980, subcmd 13  received
06-13 21:48:19.922  4908  4908 D HeadsUpLayout: addView:: view = com.android.systemui.statusbar.notification.row.ExpandableNotificationRow{de05cd VFE...C.. ......I. 0,0-0,0 #7f0a0500 app:id/expandableNotificationRow alpha=1.0 viewInfo = }
06-13 21:48:19.923 23536 23552 W OplusExSystemServiceHelper: checkOplusExSystemService intent getComponent is null
06-13 21:48:19.924 23536 23536 D CompactWindowAppManager: initCompactApplicationInfo CompactMode: , NormalMode: 
