06-13 21:48:19.022  3480  3571 D OplusTransitionAnimationManager:    ChangeInfo{ca987d7 container=Task{3df6682 #11887 type=standard A=10445:rd.sheepskin.sandboxmusic} flags=0x10}
06-13 21:48:19.022  3480  3571 D OplusTransitionAnimationManager:    ChangeInfo{2dc88c4 container=Task{4e13f85 #6 type=home I=com.teslacoilsw.launcher/.NovaLauncher} flags=0x30}
06-13 21:48:19.022  3480  3571 D OplusTransitionAnimationManager:    ChangeInfo{52a23ad container=WallpaperWindowToken{9f35f3a showWhenLocked=false} flags=0x0}
06-13 21:48:19.022  3480  3571 D OplusTransitionAnimationManager:    ChangeInfo{e9e16e2 container=DefaultTaskDisplayArea@185862508 flags=0x0}
06-13 21:48:19.022  3480  3571 D OplusTransitionAnimationManager:    ChangeInfo{914ca73 container=Task{b16ebca #1 type=home} flags=0x30}
06-13 21:48:19.022  3480  3571 D OplusTransitionAnimationManager:    ChangeInfo{b7b6d30 container=Display{#0 state=ON size=1440x3168 ROTATION_0} flags=0x0}
06-13 21:48:19.022  3480  3571 D OplusTransitionAnimationManager:    ChangeInfo{1f24da9 container=ActivityRecord{251678570 u0 com.teslacoilsw.launcher/.NovaLauncher t6} flags=0x0}
06-13 21:48:19.022  3480  3571 D OplusTransitionAnimationManager: ]
06-13 21:48:19.022  3480  3571 D OplusTransitionAnimationManager: }
06-13 21:48:19.022  3480  3571 D QuickBackInputPolicy: resetInputInterceptState for remoteTransition: false
06-13 21:48:19.022  5717  7801 D ActivityAdapter: uid gone, uid=10240
06-13 21:48:19.022  3480  3571 E SchedAssist: binderSetThreadUxFlagByIoctl: ioctl failed, tid=-1 flag=1 ret=-1 errno=25 (Inappropriate ioctl for device)
06-13 21:48:19.023  3480  3571 E SchedAssist: binderSetThreadUxFlagByIoctl: ioctl failed, tid=-1 flag=0 ret=-1 errno=25 (Inappropriate ioctl for device)
06-13 21:48:19.023  3480  3571 I Quality : LaunchTime2.0: com.teslacoilsw.launcher/.NovaLauncher 3 67 com.google.android.apps.wellbeing -1 -1
06-13 21:48:19.023 23074 23195 I metis_v2_AppDiedObserver: shortcutAppDiedCallback, fenceKey = app_died_shortcut
06-13 21:48:19.023  4908  4942 V WindowManagerShell: onTransitionReady(transaction=14946487880134)
06-13 21:48:19.023  3480  3571 W WindowManager: captureTaskSnapshot mSnapshotMode= 0 source=Task{3df6682 #11887 type=standard A=10445:rd.sheepskin.sandboxmusic}
06-13 21:48:19.023  3480  3571 D TaskSnapshotControllerExtImpl: createTaskSnapshot isCompatMode:false, isCompactWindow:false
06-13 21:48:19.023  3480  3571 W AbsAppSnapshotControllerExtImpl: updateExcludeLayers, addExcludeLayerList is null or empty, return excludeLayers
06-13 21:48:19.024  4908  4978 V WindowManagerShell: onTransitionReady (#11468) android.os.BinderProxy@f286b2d: {id=11468 t=OPEN f=0x0 trk=0 r=[0@Point(0, 0)] c=[
06-13 21:48:19.024  4908  4978 V WindowManagerShell:         {m=TO_FRONT f=SHOW_WALLPAPER|MOVE_TO_TOP leash=Surface(name=Task=1)/@0xebdc8ae sb=Rect(0, 0 - 1440, 3168) eb=Rect(0, 0 - 1440, 3168) epz=Point(1440, 3168) d=0 taskParent=-1},
06-13 21:48:19.024  4908  4978 V WindowManagerShell:         {m=TO_BACK f=NONE leash=Surface(name=Task=11887)/@0xe87a64f sb=Rect(0, 0 - 1440, 3168) eb=Rect(0, 0 - 1440, 3168) epz=Point(1440, 3168) d=0 taskParent=-1},
06-13 21:48:19.024  4908  4978 V WindowManagerShell:         {m=TO_FRONT f=IS_WALLPAPER leash=Surface(name=WallpaperWindowToken{9f35f3a showWhenLocked=false})/@0x48811dc sb=Rect(0, 0 - 1440, 3168) eb=Rect(0, 0 - 1440, 3168) epz=Point(1440, 3168) d=0}
06-13 21:48:19.024  4908  4978 V WindowManagerShell:     ] 
06-13 21:48:19.024  4908  4978 V WindowManagerShell: extendInfo=[
06-13 21:48:19.024  4908  4978 V WindowManagerShell:  OplusTransitionExtendedInfo{mTmpFinishT=null, mInOplusCompatMode=false, mIsProcessRunning=false, mHasMismatchBoundsTarget=false, mRecentsController=null, mRemoteTransition=null, mIsTranslucentActivityToHome=false, mAvoidInterceptKeyEventToHome=false, mIsFromHome=false, mParentLeash=null, mBackAnimClosingLeash=null, mReparentToRecentsSurface=null, mIsOplusAnimRes=false, mKeepBgForContinuous=false, mIsBalAllow=false, mTaskNotInRecent=false, mIsPredictiveBackAnim=false, mIsMergedWithPredictive=false, mIsLaunchFromSpruce=false, mIsLaunchFromDrive=false, mGlobalSearchPageSwitch=false, mNeedNoAlphaGlobalSearchScene=false, mAssistScreenShowing=false, mSwipeUpBrowserScreenShowing=false, mUserIdTransition=0
06-13 21:48:19.024  4908  4978 V WindowManagerShell: , mInRemoteScene=false, mInPreReady=false, mPreStart=false, mToken=null, mAbortByRemoteFromHome=false, mShellApplyToken=null, mRequestTransitionTaskId=6, mAbortTransitionOnShell=0, mStartFromShortcut=false, mRemovedTaskId=-1, mTransitionInterruptType=0, mMergeSecondTaskId=-1, mIsStartAheadSpruce=false, mTaskIdStartFromRecents=0, mTransitionId=11468, mCanUseSpringSlideAnim=true, mTransitionLaunchFrom=0, mFoldChangeType=-1, mAnimStartingPosition=[0, 0, 0, 0], mIsOpeningStkDialogActivity=false, mSecondaryHomeToFrontWhenUnFolding=false, mIsNeedApplyStartTForEmbedded=false
06-13 21:48:19.024  4908  4978 V WindowManagerShell: , mNeedCanvasExitAnim=false, mMergeSecondTaskAnimation=false, mIsLaunchUnityStart=false, mIsLaunchFromAssistantByDefault=false, mSkipRemoteTransitionfalse, mPromoteTaskWhenKeyguard-1, mIsStartFromKeyguard=false, mMatchRemoteFilter=false flags=0x0, mFlexibleTaskIdList=[], mExpectEndRectState=-1, mFlexibleWindowForRecentTasks=false, mRecentTaskIdList=[], mWCT=null, mIsOpenMergeToInValidPredictive=false, mRootLayerZOrderArray={}}]}
06-13 21:48:19.024 23074 23227 D HLog-UpMgr: [metis]CheckWhetherUploadBody Mgr:f8.c@bd014d
06-13 21:48:19.024 23074 23227 D HLog-MultiConfigManage: [metis]checkAllPushTask
06-13 21:48:19.024 23074 23227 D HLog-MultiConfigManage: [metis]checkAllPushTask existPushInfo : 
06-13 21:48:19.024  4908  4978 D OplusShellTransition: dispatchReady, active:(#11468) android.os.BinderProxy@f286b2d@0, isSync=false, track:com.android.wm.shell.transition.Transitions$Track@6a16a30
06-13 21:48:19.024 23074 23227 D HLog-UpMgr: [metis]CheckWhetherUploadBody mCheckUploadTime：1 Mgr:f8.c@bd014d
06-13 21:48:19.024  4908  4978 D OplusShellTransition: Abort transition (#11468) android.os.BinderProxy@f286b2d@0 WMCore requested. isMergeSecondTaskAnimation: false reason: 0; abortTransition: false
06-13 21:48:19.025 29493 29666 E FileStrategy: java.io.IOException: Read-only file system
06-13 21:48:19.025  2138  2456 E HwcComposer: getLuts failed Status(-129, EX_TRANSACTION_FAILED): 'UNKNOWN_TRANSACTION: '
06-13 21:48:19.027  1960  6585 D charge_time: type=sdp,reserve_soc=3,soc=56,ui_soc=58,current=219,avg=216,not_chg_cnt=0,stable_cnt=7,fcc=4226,fcc_ratio=82,delta=564,debug=0,region=15,ttf=13606(03:46:46),ui_ttf=13491(03:44:51)
06-13 21:48:19.027  3480  9568 I ActivityManager: Death received, pid = 27085, processName = com.android.settings.intelligence for thread android.os.BinderProxy@bf91b65
06-13 21:48:19.027  4908  4978 V WindowManagerShell: Playing animation for (#11468) android.os.BinderProxy@f286b2d@0
06-13 21:48:19.028  4908  4978 V ShellRecents: RecentsTransitionHandler.startAnimation: no controller found
06-13 21:48:19.028  4908  4978 V WindowManagerShell: start OnePuttTransition animation, info = {id=11468 t=OPEN f=0x0 trk=0 r=[0@Point(0, 0)] c=[{m=TO_FRONT f=SHOW_WALLPAPER|MOVE_TO_TOP leash=Surface(name=Task=1)/@0xebdc8ae sb=Rect(0, 0 - 1440, 3168) eb=Rect(0, 0 - 1440, 3168) epz=Point(1440, 3168) d=0 taskParent=-1},{m=TO_BACK f=NONE leash=Surface(name=Task=11887)/@0xe87a64f sb=Rect(0, 0 - 1440, 3168) eb=Rect(0, 0 - 1440, 3168) epz=Point(1440, 3168) d=0 taskParent=-1},{m=TO_FRONT f=IS_WALLPAPER leash=Surface(name=WallpaperWindowToken{9f35f3a showWhenLocked=false})/@0x48811dc sb=Rect(0, 0 - 1440, 3168) eb=Rect(0, 0 - 1440, 3168) epz=Point(1440, 3168) d=0}] 
06-13 21:48:19.028  4908  4978 V WindowManagerShell: extendInfo=[
06-13 21:48:19.028  4908  4978 V WindowManagerShell:  OplusTransitionExtendedInfo{mTmpFinishT=null, mInOplusCompatMode=false, mIsProcessRunning=false, mHasMismatchBoundsTarget=false, mRecentsController=null, mRemoteTransition=null, mIsTranslucentActivityToHome=false, mAvoidInterceptKeyEventToHome=false, mIsFromHome=false, mParentLeash=null, mBackAnimClosingLeash=null, mReparentToRecentsSurface=null, mIsOplusAnimRes=false, mKeepBgForContinuous=false, mIsBalAllow=false, mTaskNotInRecent=false, mIsPredictiveBackAnim=false, mIsMergedWithPredictive=false, mIsLaunchFromSpruce=false, mIsLaunchFromDrive=false, mGlobalSearchPageSwitch=false, mNeedNoAlphaGlobalSearchScene=false, mAssistScreenShowing=false, mSwipeUpBrowserScreenShowing=false, mUserIdTransition=0
06-13 21:48:19.028  4908  4978 V WindowManagerShell: , mInRemoteScene=false, mInPreReady=false, mPreStart=false, mToken=null, mAbortByRemoteFromHome=false, mShellApplyToken=null, mRequestTransitionTaskId=6, mAbortTransitionOnShell=0, mStartFromShortcut=false, mRemovedTaskId=-1, mTransitionInterruptType=0, mMergeSecondTaskId=-1, mIsStartAheadSpruce=false, mTaskIdStartFromRecents=0, mTransitionId=11468, mCanUseSpringSlideAnim=true, mTransitionLaunchFrom=0, mFoldChangeType=-1, mAnimStartingPosition=[0, 0, 0, 0], mIsOpeningStkDialogActivity=false, mSecondaryHomeToFrontWhenUnFolding=false, mIsNeedApplyStartTForEmbedded=false
06-13 21:48:19.028  4908  4978 V WindowManagerShell: , mNeedCanvasExitAnim=false, mMergeSecondTaskAnimation=false, mIsLaunchUnityStart=false, mIsLaunchFromAssistantByDefault=false, mSkipRemoteTransitionfalse, mPromoteTaskWhenKeyguard-1, mIsStartFromKeyguard=false, mMatchRemoteFilter=false flags=0x0, mFlexibleTaskIdList=[], mExpectEndRectState=-1, mFlexibleWindowForRecentTasks=false, mRecentTaskIdList=[], mWCT=null, mIsOpenMergeToInValidPredictive=false, mRootLayerZOrderArray={}}]}
06-13 21:48:19.028  4908  4978 D FlexibleTaskTransitionHandler:  no need handler this transitionInfo: {id=11468 t=OPEN f=0x0 trk=0 r=[0@Point(0, 0)] c=[{m=TO_FRONT f=SHOW_WALLPAPER|MOVE_TO_TOP leash=Surface(name=Task=1)/@0xebdc8ae sb=Rect(0, 0 - 1440, 3168) eb=Rect(0, 0 - 1440, 3168) epz=Point(1440, 3168) d=0 taskParent=-1},{m=TO_BACK f=NONE leash=Surface(name=Task=11887)/@0xe87a64f sb=Rect(0, 0 - 1440, 3168) eb=Rect(0, 0 - 1440, 3168) epz=Point(1440, 3168) d=0 taskParent=-1},{m=TO_FRONT f=IS_WALLPAPER leash=Surface(name=WallpaperWindowToken{9f35f3a showWhenLocked=false})/@0x48811dc sb=Rect(0, 0 - 1440, 3168) eb=Rect(0, 0 - 1440, 3168) epz=Point(1440, 3168) d=0}] 
06-13 21:48:19.028  4908  4978 D FlexibleTaskTransitionHandler: extendInfo=[
06-13 21:48:19.028  4908  4978 D FlexibleTaskTransitionHandler:  OplusTransitionExtendedInfo{mTmpFinishT=null, mInOplusCompatMode=false, mIsProcessRunning=false, mHasMismatchBoundsTarget=false, mRecentsController=null, mRemoteTransition=null, mIsTranslucentActivityToHome=false, mAvoidInterceptKeyEventToHome=false, mIsFromHome=false, mParentLeash=null, mBackAnimClosingLeash=null, mReparentToRecentsSurface=null, mIsOplusAnimRes=false, mKeepBgForContinuous=false, mIsBalAllow=false, mTaskNotInRecent=false, mIsPredictiveBackAnim=false, mIsMergedWithPredictive=false, mIsLaunchFromSpruce=false, mIsLaunchFromDrive=false, mGlobalSearchPageSwitch=false, mNeedNoAlphaGlobalSearchScene=false, mAssistScreenShowing=false, mSwipeUpBrowserScreenShowing=false, mUserIdTransition=0
06-13 21:48:19.028  4908  4978 D FlexibleTaskTransitionHandler: , mInRemoteScene=false, mInPreReady=false, mPreStart=false, mToken=null, mAbortByRemoteFromHome=false, mShellApplyToken=null, mRequestTransitionTaskId=6, mAbortTransitionOnShell=0, mStartFromShortcut=false, mRemovedTaskId=-1, mTransitionInterruptType=0, mMergeSecondTaskId=-1, mIsStartAheadSpruce=false, mTaskIdStartFromRecents=0, mTransitionId=11468, mCanUseSpringSlideAnim=true, mTransitionLaunchFrom=0, mFoldChangeType=-1, mAnimStartingPosition=[0, 0, 0, 0], mIsOpeningStkDialogActivity=false, mSecondaryHomeToFrontWhenUnFolding=false, mIsNeedApplyStartTForEmbedded=false
06-13 21:48:19.028  4908  4978 D FlexibleTaskTransitionHandler: , mNeedCanvasExitAnim=false, mMergeSecondTaskAnimation=false, mIsLaunchUnityStart=false, mIsLaunchFromAssistantByDefault=false, mSkipRemoteTransitionfalse, mPromoteTaskWhenKeyguard-1, mIsStartFromKeyguard=false, mMatchRemoteFilter=false flags=0x0, mFlexibleTaskIdList=[], mExpectEndRectState=-1, mFlexibleWindowForRecentTasks=false, mRecentTaskIdList=[], mWCT=null, mIsOpenMergeToInValidPredictive=false, mRootLayerZOrderArray={}}]}
06-13 21:48:19.028  4908  4978 V WindowManagerShell: Transition doesn't have explicit remote, search filters for match for {id=11468 t=OPEN f=0x0 trk=0 r=[0@Point(0, 0)] c=[{m=TO_FRONT f=SHOW_WALLPAPER|MOVE_TO_TOP leash=Surface(name=Task=1)/@0xebdc8ae sb=Rect(0, 0 - 1440, 3168) eb=Rect(0, 0 - 1440, 3168) epz=Point(1440, 3168) d=0 taskParent=-1},{m=TO_BACK f=NONE leash=Surface(name=Task=11887)/@0xe87a64f sb=Rect(0, 0 - 1440, 3168) eb=Rect(0, 0 - 1440, 3168) epz=Point(1440, 3168) d=0 taskParent=-1},{m=TO_FRONT f=IS_WALLPAPER leash=Surface(name=WallpaperWindowToken{9f35f3a showWhenLocked=false})/@0x48811dc sb=Rect(0, 0 - 1440, 3168) eb=Rect(0, 0 - 1440, 3168) epz=Point(1440, 3168) d=0}] 
06-13 21:48:19.028  4908  4978 V WindowManagerShell: extendInfo=[
06-13 21:48:19.028  4908  4978 V WindowManagerShell:  OplusTransitionExtendedInfo{mTmpFinishT=null, mInOplusCompatMode=false, mIsProcessRunning=false, mHasMismatchBoundsTarget=false, mRecentsController=null, mRemoteTransition=null, mIsTranslucentActivityToHome=false, mAvoidInterceptKeyEventToHome=false, mIsFromHome=false, mParentLeash=null, mBackAnimClosingLeash=null, mReparentToRecentsSurface=null, mIsOplusAnimRes=false, mKeepBgForContinuous=false, mIsBalAllow=false, mTaskNotInRecent=false, mIsPredictiveBackAnim=false, mIsMergedWithPredictive=false, mIsLaunchFromSpruce=false, mIsLaunchFromDrive=false, mGlobalSearchPageSwitch=false, mNeedNoAlphaGlobalSearchScene=false, mAssistScreenShowing=false, mSwipeUpBrowserScreenShowing=false, mUserIdTransition=0
06-13 21:48:19.028  4908  4978 V WindowManagerShell: , mInRemoteScene=false, mInPreReady=false, mPreStart=false, mToken=null, mAbortByRemoteFromHome=false, mShellApplyToken=null, mRequestTransitionTaskId=6, mAbortTransitionOnShell=0, mStartFromShortcut=false, mRemovedTaskId=-1, mTransitionInterruptType=0, mMergeSecondTaskId=-1, mIsStartAheadSpruce=false, mTaskIdStartFromRecents=0, mTransitionId=11468, mCanUseSpringSlideAnim=true, mTransitionLaunchFrom=0, mFoldChangeType=-1, mAnimStartingPosition=[0, 0, 0, 0], mIsOpeningStkDialogActivity=false, mSecondaryHomeToFrontWhenUnFolding=false, mIsNeedApplyStartTForEmbedded=false
06-13 21:48:19.028  4908  4978 V WindowManagerShell: , mNeedCanvasExitAnim=false, mMergeSecondTaskAnimation=false, mIsLaunchUnityStart=false, mIsLaunchFromAssistantByDefault=false, mSkipRemoteTransitionfalse, mPromoteTaskWhenKeyguard-1, mIsStartFromKeyguard=false, mMatchRemoteFilter=false flags=0x0, mFlexibleTaskIdList=[], mExpectEndRectState=-1, mFlexibleWindowForRecentTasks=false, mRecentTaskIdList=[], mWCT=null, mIsOpenMergeToInValidPredictive=false, mRootLayerZOrderArray={}}]}
06-13 21:48:19.028  4908  4978 V WindowManagerShell:  Delegate animation for (#11468) to null
06-13 21:48:19.028  4908  4978 V WindowManagerShell: start default transition animation, info = {id=11468 t=OPEN f=0x0 trk=0 r=[0@Point(0, 0)] c=[{m=TO_FRONT f=SHOW_WALLPAPER|MOVE_TO_TOP leash=Surface(name=Task=1)/@0xebdc8ae sb=Rect(0, 0 - 1440, 3168) eb=Rect(0, 0 - 1440, 3168) epz=Point(1440, 3168) d=0 taskParent=-1},{m=TO_BACK f=NONE leash=Surface(name=Task=11887)/@0xe87a64f sb=Rect(0, 0 - 1440, 3168) eb=Rect(0, 0 - 1440, 3168) epz=Point(1440, 3168) d=0 taskParent=-1},{m=TO_FRONT f=IS_WALLPAPER leash=Surface(name=WallpaperWindowToken{9f35f3a showWhenLocked=false})/@0x48811dc sb=Rect(0, 0 - 1440, 3168) eb=Rect(0, 0 - 1440, 3168) epz=Point(1440, 3168) d=0}] 
06-13 21:48:19.028  4908  4978 V WindowManagerShell: extendInfo=[
06-13 21:48:19.028  4908  4978 V WindowManagerShell:  OplusTransitionExtendedInfo{mTmpFinishT=null, mInOplusCompatMode=false, mIsProcessRunning=false, mHasMismatchBoundsTarget=false, mRecentsController=null, mRemoteTransition=null, mIsTranslucentActivityToHome=false, mAvoidInterceptKeyEventToHome=false, mIsFromHome=false, mParentLeash=null, mBackAnimClosingLeash=null, mReparentToRecentsSurface=null, mIsOplusAnimRes=false, mKeepBgForContinuous=false, mIsBalAllow=false, mTaskNotInRecent=false, mIsPredictiveBackAnim=false, mIsMergedWithPredictive=false, mIsLaunchFromSpruce=false, mIsLaunchFromDrive=false, mGlobalSearchPageSwitch=false, mNeedNoAlphaGlobalSearchScene=false, mAssistScreenShowing=false, mSwipeUpBrowserScreenShowing=false, mUserIdTransition=0
06-13 21:48:19.028  4908  4978 V WindowManagerShell: , mInRemoteScene=false, mInPreReady=false, mPreStart=false, mToken=null, mAbortByRemoteFromHome=false, mShellApplyToken=null, mRequestTransitionTaskId=6, mAbortTransitionOnShell=0, mStartFromShortcut=false, mRemovedTaskId=-1, mTransitionInterruptType=0, mMergeSecondTaskId=-1, mIsStartAheadSpruce=false, mTaskIdStartFromRecents=0, mTransitionId=11468, mCanUseSpringSlideAnim=true, mTransitionLaunchFrom=0, mFoldChangeType=-1, mAnimStartingPosition=[0, 0, 0, 0], mIsOpeningStkDialogActivity=false, mSecondaryHomeToFrontWhenUnFolding=false, mIsNeedApplyStartTForEmbedded=false
06-13 21:48:19.028  4908  4978 V WindowManagerShell: , mNeedCanvasExitAnim=false, mMergeSecondTaskAnimation=false, mIsLaunchUnityStart=false, mIsLaunchFromAssistantByDefault=false, mSkipRemoteTransitionfalse, mPromoteTaskWhenKeyguard-1, mIsStartFromKeyguard=false, mMatchRemoteFilter=false flags=0x0, mFlexibleTaskIdList=[], mExpectEndRectState=-1, mFlexibleWindowForRecentTasks=false, mRecentTaskIdList=[], mWCT=null, mIsOpenMergeToInValidPredictive=false, mRootLayerZOrderArray={}}]}
06-13 21:48:19.028  4908  4978 D FSS_OplusFoldSwitchStateObserver: cancelAnimationIfNeedWhenFolding: foldChangeType = -1
06-13 21:48:19.028 17102 17102 I Capacitor/Console: File:  - Line 349 - Msg: [object Object]
06-13 21:48:19.028  1725  1725 I Zygote  : Process 27085 exited due to signal 9 (Killed)
06-13 21:48:19.029  3480  3571 D TaskSnapshotCache: putSnapshot mRunningCache top= ActivityRecord{34678628 u0 rd.sheepskin.sandboxmusic/.MainActivity t11887}, mTaskId=11887, snapshot=TaskSnapshot{ mId=1781362099023 mCaptureTime=632421774208953 mTopActivityComponent=rd.sheepskin.sandboxmusic/.MainActivity mSnapshot=android.hardware.HardwareBuffer@487a03a (1008x2217) mColorSpace=sRGB IEC61966-2.1 (id=0, model=RGB) mOrientation=1 mRotation=0 mTaskSize=Point(1440, 3168) mOplusCompatMode=false mTopActivityBounds=[0,0][1440,3168] mHasDimLayer=false mContentInsets=[0,160][0,198] mLetterboxInsets=[0,0][0,0] mIsLowResolution=false mIsRealSnapshot=true mWindowingMode=1 mAppearance=0 mIsTranslucent=false mHasImeSurface=false mInternalReferences=2 mUiMode=21 mSnapshotColor=0 mSnapshotBundle=Bundle[{}], mAppIdMap size= 4
06-13 21:48:19.029  3480  6040 I AICCTModule: SensorFilter: brightness threshold 1.2 screenNit is 124.81488 ave enviroment lux is 2.3878882 luxForNit 8.54277demarcationPoint200.0 result is true
06-13 21:48:19.029 17102 22233 V Capacitor/Plugin: To native (Capacitor plugin): callbackId: 2972523, pluginId: NativeExoPlayback, methodName: getStatus
06-13 21:48:19.029 17102 22233 V Capacitor: callback: 2972523, pluginId: NativeExoPlayback, methodName: getStatus, methodData: {}
06-13 21:48:19.030  3480  3571 D OplusSplitScreenManagerService: com.teslacoilsw.launcher unSupportsSplitScreen by blockList or ForbidActivityList
06-13 21:48:19.030  3480  3571 I TaskOrganizerController: onTaskInfoChanged taskid 1 config { mBounds=Rect(0, 0 - 1440, 3168) mAppBounds=Rect(0, 0 - 1440, 3168) mMaxBounds=Rect(0, 0 - 1440, 3168) mDisplayRotation=ROTATION_0 mWindowingMode=fullscreen mActivityType=home mAlwaysOnTop=undefined mRotation=ROTATION_0}
06-13 21:48:19.030  3480  3571 D OplusSplitScreenManagerService: com.teslacoilsw.launcher unSupportsSplitScreen by blockList or ForbidActivityList
06-13 21:48:19.030  4908  4978 W OplusShellTransition: no system app in targets, skip loading oplus animation.
06-13 21:48:19.030  3480  3571 D OplusSplitScreenManagerService: com.teslacoilsw.launcher unSupportsSplitScreen by blockList or ForbidActivityList
06-13 21:48:19.030  3480  3571 D OplusVisibleTasks:  notifyTasksNumChange no need to notify.
06-13 21:48:19.030  3480  3571 D OplusFlexibleDragToSplitAnimController: visibleFlexibleTaskInfos delete:1
06-13 21:48:19.030  3480  3571 E FlexibleWindowManagerService: notifyTaskObserverToAttachController not need to notify!
06-13 21:48:19.030  3480  3571 I FlexibleWindowManagerService: onFlexibleWindowTaskInfoChanged, return for cur task not embedded
06-13 21:48:19.030 17102 17102 I Capacitor/Console: File:  - Line 333 - Msg: {"available":true,"wired":true,"message":"ExoPlayer gapless queue — content:// locker bridge + HTTP streams.","state":"idle","positionSecs":0,"durationSecs":0,"queueIndex":0,"queueLength":0,"gaplessEnabled":true}
06-13 21:48:19.030  4908  4978 V WindowManagerShell: loadAnimation: anim=android.view.animation.AnimationSet@7726fc8 animAttr=0x11 type=OPEN isEntrance=false
06-13 21:48:19.031  4908  4978 D OplusShellTransition: default transition handler transfer value refresh rate rect:Rect(0, 0 - 1440, 3168)
06-13 21:48:19.031  4908  4978 D OplusShellTransition: startAnimation transitionToken=android.os.BinderProxy@f286b2d
06-13 21:48:19.031  4908  4978 W OplusShellTransition: no system app in targets, skip loading oplus animation.
06-13 21:48:19.031  4908  4978 V WindowManagerShell: loadAnimation: anim=android.view.animation.AnimationSet@59a3f86 animAttr=0x10 type=OPEN isEntrance=true
06-13 21:48:19.031  4908  4978 D OplusShellTransition: default transition handler transfer value refresh rate rect:Rect(0, 0 - 1440, 3168)
06-13 21:48:19.031  4908  4978 D OplusShellTransition: startAnimation transitionToken=android.os.BinderProxy@f286b2d
06-13 21:48:19.031  4908  4978 D OplusShellTransition: addBackgroundColorOnTask, , isTaskLevelTransition = true, hasBgAlready = false
06-13 21:48:19.032  4908  4978 V WindowManagerShell:  animated by com.android.wm.shell.transition.DefaultTransitionHandler@97529ba
06-13 21:48:19.032  4908  4978 D OplusShellTransition: dispatchTransition, animated mHandler: com.android.wm.shell.transition.DefaultTransitionHandler@97529ba
06-13 21:48:19.032  4908  4986 D AdfrV32FrameRateUtils: set frameRate in trantion start, leash=Surface(name=Task=11887)/@0xe87a64f, transaction=android.view.SurfaceControl$Transaction@bb817c8, typeId=20101, typeEnable=false
06-13 21:48:19.032  3480  3571 E SchedAssist: binderSetThreadUxFlagByIoctl: ioctl failed, tid=-1 flag=1 ret=-1 errno=25 (Inappropriate ioctl for device)
06-13 21:48:19.032  4908  4986 D AdfrV32FrameRateUtils: set frameRate in trantion start, leash=Surface(name=Task=1)/@0xebdc8ae, transaction=android.view.SurfaceControl$Transaction@bb817c8, typeId=20101, typeEnable=false
06-13 21:48:19.032  3480  3571 E SchedAssist: binderSetThreadUxFlagByIoctl: ioctl failed, tid=-1 flag=0 ret=-1 errno=25 (Inappropriate ioctl for device)
06-13 21:48:19.033  3480  3571 E SchedAssist: binderSetThreadUxFlagByIoctl: ioctl failed, tid=-1 flag=1 ret=-1 errno=25 (Inappropriate ioctl for device)
06-13 21:48:19.033  3480  3571 E SchedAssist: binderSetThreadUxFlagByIoctl: ioctl failed, tid=-1 flag=0 ret=-1 errno=25 (Inappropriate ioctl for device)
06-13 21:48:19.033  2138  2884 D SurfaceFlinger: updateWinowInfo=1, setFocusedWindow timestamp=265778743022101, windowName=ea2c1ec com.teslacoilsw.launcher/com.teslacoilsw.launcher.NovaLauncher
06-13 21:48:19.033  3480  5680 I InputDispatcher: NFW_setFocusedWindow, ea2c1ec com.teslacoilsw.launcher/com.teslacoilsw.launcher.NovaLauncher on display 0, same as the previous:0
06-13 21:48:19.034  4908  4908 D CommandQueueLogger: appTransitionStarting displayId=0 startTime=265778756 duration=120 forced=false
06-13 21:48:19.035  3480  5206 D OplusSplitScreenManagerService: com.teslacoilsw.launcher unSupportsSplitScreen by blockList or ForbidActivityList
06-13 21:48:19.037  1725  1725 I Zygote  : Process 18945 exited due to signal 9 (Killed)
06-13 21:48:19.037  3480  4410 I ActivityManager: Death received, pid = 18945, processName = com.oneplus.account for thread android.os.BinderProxy@848521d
06-13 21:48:19.037  3480  4869 E WindowProcessControllerExtImpl: shouldMakeAbnormalActivityFinishing, list may empty, mHasActivities: false
06-13 21:48:19.037  3480  5867 I libprocessgroup: Removed cgroup /sys/fs/cgroup/apps/uid_10121/pid_18945
06-13 21:48:19.038  3480  5867 I libprocessgroup: Removed cgroup /sys/fs/cgroup/apps/uid_10197/pid_27085
06-13 21:48:19.038  3480  9316 I ActivityManager: Process com.android.settings.intelligence (pid 27085) has died: cch+40 CACC
06-13 21:48:19.039  3480  3586 E libprocessgroup: Failed to write 1 to /sys/fs/cgroup/apps/uid_10197/pid_27085/cgroup.kill: No such file or directory
06-13 21:48:19.039  3480  3586 E libprocessgroup: Failed to open /sys/fs/cgroup/apps/uid_10197/pid_27085/cgroup.procs: No such file or directory
06-13 21:48:19.039  1942  1942 E qspmHal : setAppInfoH atPid = 19964, gpuFname:com.aiunit.aon, gpuFver:150000730
06-13 21:48:19.039  3480  3019 I OStatsManager_OplusBatteryStatsManager: updateStateTime: PkgName = com.aiunit.aon, uid = 10147, state to em, mForegroundCnt = 0, isFg = false
06-13 21:48:19.039  3480  4456 D ConnectivityService: releasing NetworkRequest [ REQUEST id=119276, [ Capabilities: INTERNET&NOT_RESTRICTED&TRUSTED&NOT_VCN_MANAGED&NOT_BANDWIDTH_CONSTRAINED Uid: 10121 RequestorUid: 10121 RequestorPkg: com.oneplus.account UnderlyingNetworks: Null] ] (release request)
06-13 21:48:19.041  1725  1725 I Zygote  : Process 24706 exited due to signal 9 (Killed)
06-13 21:48:19.041  3480  5445 I ActivityManager: Death received, pid = 24706, processName = com.oplus.dmp:main for thread android.os.BinderProxy@b453663
06-13 21:48:19.041  5717  7801 D ActivityAdapter: uid gone, uid=10147
06-13 21:48:19.041  3480  9316 E WindowProcessControllerExtImpl: shouldMakeAbnormalActivityFinishing, list may empty, mHasActivities: false
06-13 21:48:19.042  4908  4978 D ShellTaskOrganizerExt: visibleFlexibleTaskInfos delete:1
06-13 21:48:19.042  4908  4978 D ShellTaskOrganizerExt: isOnCanvas size:0
06-13 21:48:19.042  4908  4978 D ShellTaskOrganizerExt: isOnThreeFlexibleCanvas size:0
06-13 21:48:19.042 29493 29625 I metis_v2_AppDiedObserver: shortcutAppDiedCallback, fenceKey = app_died_shortcut
06-13 21:48:19.042  7064  7064 I adbd    : Remote process closed the socket (on MSG_PEEK)
06-13 21:48:19.042  3480  3586 E libprocessgroup: Failed to write 1 to /sys/fs/cgroup/apps/uid_10121/pid_18945/cgroup.kill: No such file or directory
06-13 21:48:19.042  3480  3586 E libprocessgroup: Failed to open /sys/fs/cgroup/apps/uid_10121/pid_18945/cgroup.procs: No such file or directory
06-13 21:48:19.042 23074 23195 I metis_v2_AppDiedObserver: shortcutAppDiedCallback, fenceKey = app_died_shortcut
06-13 21:48:19.042  3480  4869 I ActivityManager: Process com.oneplus.account (pid 18945) has died: cch+45 CEM 
06-13 21:48:19.043  1942  1942 E qspmHal : setAppInfoH atPid = 27085, gpuFname:com.android.settings.intelligence, gpuFver:160000000
06-13 21:48:19.043  3480  4741 I ActivityManager: Death received, pid = 21004, processName = com.google.android.apps.maps for thread android.os.BinderProxy@69c8260
06-13 21:48:19.044  1725  1725 I Zygote  : Process 21004 exited due to signal 9 (Killed)
06-13 21:48:19.045  3480  4869 E WindowProcessControllerExtImpl: shouldMakeAbnormalActivityFinishing, list may empty, mHasActivities: false
06-13 21:48:19.046  3480  3586 I libprocessgroup: Removed cgroup /sys/fs/cgroup/apps/uid_10006/pid_24706
06-13 21:48:19.046  5030  6151 V OsAgent : broadcastSystemEvent - 7
06-13 21:48:19.046  5030  6151 V OsAgent : broadcastSystemEvent - 7
06-13 21:48:19.046  3480  9316 I ActivityManager: Process com.oplus.dmp:main (pid 24706) has died: cch+30 CACC
06-13 21:48:19.046  5717  7801 D ActivityAdapter: uid gone, uid=10197
06-13 21:48:19.046  1942  1942 E qspmHal : setAppInfoH atPid = 18945, gpuFname:com.oneplus.account, gpuFver:9161040
06-13 21:48:19.047  5717  7801 D ActivityAdapter: uid gone, uid=10121
06-13 21:48:19.048  1942  1942 E qspmHal : setAppInfoH atPid = 24706, gpuFname:com.oplus.dmp, gpuFver:160150110
06-13 21:48:19.048  5030  6151 V OsAgent : broadcastSystemEvent - 7
06-13 21:48:19.048  3480  9316 E WindowProcessControllerExtImpl: shouldMakeAbnormalActivityFinishing, list may empty, mHasActivities: false
06-13 21:48:19.049  2138  2138 I DispPerfService: updateLayerMask 8
06-13 21:48:19.049  3480  4181 I BLASTSyncEngine: onCommitted syncId: 11468, timeout: false ran: false
06-13 21:48:19.050  3480  8923 I OStatsManager_OplusBatteryStatsManager: updateStateTime: PkgName = com.android.settings.intelligence, uid = 10197, state to em, mForegroundCnt = 0, isFg = false
06-13 21:48:19.050  3480  8923 I OStatsManager_OplusBatteryStatsManager: updateStateTime: PkgName = com.oneplus.account, uid = 10121, state to em, mForegroundCnt = 0, isFg = false
06-13 21:48:19.050  3480  8923 I OStatsManager_OplusBatteryStatsManager: updateStateTime: PkgName = com.oplus.dmp, uid = 10006, state to em, mForegroundCnt = 0, isFg = false
06-13 21:48:19.051  5717  7801 D ActivityAdapter: uid gone, uid=10006
06-13 21:48:19.051  5030  6151 V OsAgent : broadcastSystemEvent - 7
06-13 21:48:19.051 23074 23228 E FileStrategy: java.io.IOException: Read-only file system
06-13 21:48:19.052  3480  5770 I InputDispatcher: updateFocusedWindow, ea2c1ec com.teslacoilsw.launcher/com.teslacoilsw.launcher.NovaLauncher on display 0, reason: Window became focusable. Previous reason: NOT_VISIBLE, result:   FocusedWindows:
06-13 21:48:19.052  3480  5770 I InputDispatcher:     displayId=0, name='ea2c1ec com.teslacoilsw.launcher/com.teslacoilsw.launcher.NovaLauncher'
06-13 21:48:19.052  9265  9265 D VRI[NovaLauncher]: onFocusEvent true
06-13 21:48:19.053 23074 23195 I metis_v2_AppDiedObserver: shortcutAppDiedCallback, fenceKey = app_died_shortcut
06-13 21:48:19.053 29493 29625 I metis_v2_AppDiedObserver: shortcutAppDiedCallback, fenceKey = app_died_shortcut
06-13 21:48:19.053 29493 29625 I metis_v2_AppDiedObserver: shortcutAppDiedCallback, fenceKey = app_died_shortcut
06-13 21:48:19.054  3480  4416 D InputMethodManagerService: isSecurity: attribute.packageName = com.teslacoilsw.launcher mCurMethodId = com.google.android.inputmethod.latin/com.android.inputmethod.latin.LatinIME isSecurity = false ( enable = false needShow = false inBlackList = false isExist = true )
06-13 21:48:19.054 29493 29625 I metis_v2_AppDiedObserver: shortcutAppDiedCallback, fenceKey = app_died_shortcut
06-13 21:48:19.054  3480  4416 I ImeTracker: com.teslacoilsw.launcher:3476228a: onRequestHide at ORIGIN_SERVER reason HIDE_UNSPECIFIED_WINDOW fromUser false
06-13 21:48:19.054  3480  3586 I libprocessgroup: Removed cgroup /sys/fs/cgroup/apps/uid_10158/pid_21004
06-13 21:48:19.054  9265  9265 D InsetsController: hide(ime(), fromIme=false)
06-13 21:48:19.054  9265  9265 I ImeTracker: com.teslacoilsw.launcher:3476228a: onCancelled at PHASE_CLIENT_ALREADY_HIDDEN
06-13 21:48:19.055  3480  4869 I ActivityManager: Process com.google.android.apps.maps (pid 21004) has died: cch+35 CEM 
06-13 21:48:19.055 23074 23195 I metis_v2_AppDiedObserver: shortcutAppDiedCallback, fenceKey = app_died_shortcut
06-13 21:48:19.056  9368  9368 I SubtypeOperator: SubtypeOperator$1.onUnbindInput():43 
06-13 21:48:19.056  3480  4869 E WindowProcessControllerExtImpl: shouldMakeAbnormalActivityFinishing, list may empty, mHasActivities: false
06-13 21:48:19.057  9368  9368 I SubtypeOperator: SubtypeOperator$1.onBindInput():33 
06-13 21:48:19.057  1942  1942 E qspmHal : setAppInfoH atPid = 21004, gpuFname:com.google.android.apps.maps, gpuFver:10686092660
06-13 21:48:19.057  9368  9368 I GoogleInputMethodService: GoogleInputMethodService.onFinishInput():2274 
06-13 21:48:19.057 23074 23195 I metis_v2_AppDiedObserver: shortcutAppDiedCallback, fenceKey = app_died_shortcut
06-13 21:48:19.057  9368  9368 I Module  : DeviceLockedStatusModuleProvider$Module.updateDeviceLockedStatusInternal():128 repeatCheckTimes = 0, locked = false
06-13 21:48:19.058  9368  9368 I GoogleInputMethodService: GoogleInputMethodService.onStartInput():1459 onStartInput(EditorInfo{EditorInfo{packageName=com.teslacoilsw.launcher, inputType=0, inputTypeString=NULL, enableLearning=false, autoCorrection=false, autoComplete=false, imeOptions=0, privateImeOptions=null, actionName=UNSPECIFIED, actionLabel=null, initialSelStart=-1, initialSelEnd=-1, initialCapsMode=0, label=null, fieldId=0, fieldName=null, extras=Bundle[{com.oplus.im.WINDOW_MODE=1, com.oplus.im.SCENES=0}], hintText=null, hintLocales=[]}}, false)
06-13 21:48:19.058  9368  9368 W LatinIMEBase: LatinIMEBase.updateInputViewCoverNavigation():322 Null input view, cannot update padding!
06-13 21:48:19.058  3480  4181 I ImeTracker: system_server:886b95e8: onRequestHide at ORIGIN_SERVER reason IME_REQUESTED_CHANGED_LISTENER fromUser false
06-13 21:48:19.058  3480  4416 I ImeTracker: system_server:886b95e8: onCancelled at PHASE_SERVER_SHOULD_HIDE
06-13 21:48:19.058  9368  9368 I Module  : DeviceLockedStatusModuleProvider$Module.updateDeviceLockedStatusInternal():128 repeatCheckTimes = 1, locked = false
06-13 21:48:19.058 29493 29625 I metis_v2_AppDiedObserver: shortcutAppDiedCallback, fenceKey = app_died_shortcut
06-13 21:48:19.059  3480  4742 W PackageConfigPersister: App-specific configuration not found for packageName: com.teslacoilsw.launcher and userId: 0
06-13 21:48:19.059 23074 23195 I metis_v2_AppDiedObserver: shortcutAppDiedCallback, fenceKey = app_died_shortcut
06-13 21:48:19.059  3480  6286 D UsageStatsService: User[0] type=0 b=1781358788640 e=1781362099055 cb=1781358488885 ce=1781362100608 disk=0 all=121
06-13 21:48:19.059  3480 32067 I OStatsManager_OplusBatteryStatsManager: updateStateTime: PkgName = com.google.android.apps.maps, uid = 10158, state to em, mForegroundCnt = 0, isFg = false
06-13 21:48:19.062  3480  4742 D OplusSplitScreenManagerService: com.teslacoilsw.launcher unSupportsSplitScreen by blockList or ForbidActivityList
06-13 21:48:19.063  5717  7801 D ActivityAdapter: uid gone, uid=10158
06-13 21:48:19.063  5030  6151 V OsAgent : broadcastSystemEvent - 7
06-13 21:48:19.064  3480  4742 D CompatChangeReporter: Compat change id reported: 311208629; UID 10197; state: ENABLED
06-13 21:48:19.064  3480  6286 D OplusSplitScreenManagerService: com.teslacoilsw.launcher unSupportsSplitScreen by blockList or ForbidActivityList
06-13 21:48:19.064  3480  6286 D OplusSplitScreenManagerService: com.teslacoilsw.launcher unSupportsSplitScreen by blockList or ForbidActivityList
06-13 21:48:19.066  9265  9265 D ViewRootImplExtImpl: wrapConfigInfoIntoFlags rotation=0, smallestScreenWidthDp=320, residentWS=false, scenario=0, bounds=Rect(0, 0 - 1440, 3168), isFirstDraw=false, relayoutAsync=true, flags=0, newFlags=1660954624, title=com.teslacoilsw.launcher/com.teslacoilsw.launcher.NovaLauncher
06-13 21:48:19.066  9265  9265 D VRI[NovaLauncher]: relayoutWindow result, sizeChanged:false, surfaceControlChanged:false, transformHintChanged:false, mSurfaceSize:Point(1440, 3168), mLastSurfaceSize:Point(1440, 3168), mWidth:1440, mHeight:3168, requestedWidth:1440, requestedHeight:3168, transformHint:0, installOrientation:0, displayRotation:0, isSurfaceValid:true, attr.flag:-2121203456, tmpFrames:ClientWindowFrames{frame=[0,0][1440,3168] display=[0,0][1440,3168] parentFrame=[0,0][1440,3168]}, relayoutResult:0, relayoutAsync:true, mSyncSeqId:0
06-13 21:48:19.066  9265  9265 W VRI[NovaLauncher]: updateBlastSurfaceIfNeeded, surfaceSize:Point(1440, 3168), lastSurfaceSize:Point(1440, 3168), format:-2, blastBufferQueue:android.graphics.BLASTBufferQueue@bcef64c
06-13 21:48:19.066  3480  6286 V WindowManager: Relayout Window{ea2c1ec u0 com.teslacoilsw.launcher/com.teslacoilsw.launcher.NovaLauncher}: viewVisibility=0, oldvis=0, req=1440x3168 , apr = 0, , x=0, y=0
06-13 21:48:19.067  9265  9265 I SurfaceControl:  setExtendedRangeBrightness sc=Surface(name=com.teslacoilsw.launcher/com.teslacoilsw.launcher.NovaLauncher)/@0xa605ccc,currentBufferRatio=1.0,desiredRatio=1.0
06-13 21:48:19.067  3480  6286 D ActivityTaskManager: The isLandscapeFullscreenEnabled is: com.teslacoilsw.launcher/.NovaLauncher
06-13 21:48:19.067  3480  4742 D OplusSplitScreenManagerService: com.teslacoilsw.launcher unSupportsSplitScreen by blockList or ForbidActivityList
06-13 21:48:19.068  3480  3566 V WindowManager: Sent Transition (#11468) createdAt=06-13 21:48:18.948 via request=TransitionRequestInfo { type = OPEN, triggerTask = TaskInfo{userId=0 taskId=6 effectiveUid=10305 displayId=0 isRunning=true baseIntent=Intent { act=android.intent.action.MAIN cat=[android.intent.category.HOME] flg=0x10000100 cmp=com.teslacoilsw.launcher/.NovaLauncher mCallingUid=1000 } baseActivity=ComponentInfo{com.teslacoilsw.launcher/com.teslacoilsw.launcher.NovaLauncher} topActivity=ComponentInfo{com.teslacoilsw.launcher/com.teslacoilsw.launcher.NovaLauncher} origActivity=null realActivity=ComponentInfo{com.teslacoilsw.launcher/com.teslacoilsw.launcher.NovaLauncher}
06-13 21:48:19.068  3480  3566 V WindowManager:  numActivities=1 lastActiveTime=629113445 supportsSplitScreenMultiWindow=false supportsMultiWindow=true supportsPocketStudioMultiWindow=true isInFlexibleEmbedded = false uid = 10305 pid = 9265 resizeMode=2 isResizeable=true minWidth=-1 minHeight=-1 defaultMinSize=220 token=WCT{RemoteToken{7de14b Task{4e13f85 #6 type=home I=com.teslacoilsw.launcher/.NovaLauncher}}} topActivityType=2 pictureInPictureParams=null shouldDockBigOverlays=false launchIntoPipHostTaskId=-1 lastParentTaskIdBeforePip=-1 displayCutoutSafeInsets=Rect(0, 160 - 0, 0)
06-13 21:48:19.068  3480  3566 V WindowManager:  topActivityInfo=ActivityInfo{52e5ce9 com.teslacoilsw.launcher.NovaLauncher} launchCookies=[] positionInParent=Point(0, 0) parentTaskId=-1 isFocused=false isVisible=false isVisibleRequested=false isTopActivityNoDisplay=false isSleeping=false locusId=null displayAreaFeatureId=1 isTopActivityTransparent=false isActivityStackTransparent=false lastNonFullscreenBounds=Rect(352, 845 - 1089, 2285) capturedLink=null capturedLinkTimestamp=0 requestedVisibleTypes=-9 topActivityRequestOpenInBrowserEducationTimestamp=0
06-13 21:48:19.068  3480  3566 V WindowManager:  appCompatTaskInfo=AppCompatTaskInfo { topActivityInSizeCompat=false topActivityInOplusCompatMode=false eligibleForLetterboxEducation= false isLetterboxEducationEnabled= false isLetterboxDoubleTapEnabled= false eligibleForUserAspectRatioButton= false topActivityBoundsLetterboxed= false isFromLetterboxDoubleTap= false topActivityLetterboxVerticalPosition= -1 topActivityLetterboxHorizontalPosition= -1 topActivityLetterboxWidth=-1 topActivityLetterboxHeight=-1 topActivityAppBounds=Rect(0, 0 - 1440, 3168) isUserFullscreenOverrideEnabled=false isSystemFullscreenOverrideEnabled=false hasMinAspectRatioOverride=false topActivityLetterboxBounds=null cameraCompatTaskInfo=CameraCompatTaskInfo { freeformCameraCompatMode=inactive}} topActivityMainWindowFrame=null topActivityLetterboxInsets=Rect(0, 0 - 0, 0)
06-13 21:48:19.068  3480  3566 V WindowManager:  mOplusExtraBundle = Bundle[{androidx.flexible.taskFrame=Rect(0, 0 - 0, 0), topOpaqueSystemBarsAppearance=0, androidx.flexible.Alpha=1.0, androidx.activity.task.attach.blur=0, androidx.flexible.task_snapshot_mode=0, androidx.activity.LaunchInsensible=0, androidx.activity.LaunchCornerRadius=0, key_flexible_task_state=0, topActivitySupportAppInnerSplit=false, key_flexible_task_animating_type=-1, key_flexible_task_root_activity_processname=com.teslacoilsw.launcher, androidx.activity.LaunchScenario=0, is_oplus_clone_task=false, flexible_super_mini_state=false, topRunningActivityHash=251678570, flexible.floatwindow.is_multi_instance=false, androidx.activity.LaunchScale=1.0, androidx.activity.LaunchShadowRadius=0, is_transient_hide_for_task_info=false, androidx.activity.key_flexible_task_pending_exit_to=0, key_flexible_task_root_activity_pid=9265, key_flexible_task_root_activity_uid=10305}]}, pipChange = null, remoteTransition = null, displayChange = null, flags = 0, debugId = 11468 }
06-13 21:48:19.068  3480  3566 V WindowManager:     startWCT=WindowContainerTransaction { changes= {} hops= [] errorCallbackToken=null taskFragmentOrganizer=null }
06-13 21:48:19.068  3480  3566 V WindowManager:     info={id=11468 t=OPEN f=0x0 trk=0 r=[0@Point(0, 0)] c=[
06-13 21:48:19.068  3480  3566 V WindowManager:         {WCT{RemoteToken{3a62267 Task{b16ebca #1 type=home}}} m=TO_FRONT f=SHOW_WALLPAPER|MOVE_TO_TOP leash=Surface(name=Task=1)/@0x80e7102 sb=Rect(0, 0 - 1440, 3168) eb=Rect(0, 0 - 1440, 3168) epz=Point(1440, 3168) d=0 taskParent=-1},
06-13 21:48:19.068  3480  3566 V WindowManager:         {WCT{RemoteToken{e52f8d Task{3df6682 #11887 type=standard A=10445:rd.sheepskin.sandboxmusic}}} m=TO_BACK f=NONE leash=Surface(name=Task=11887)/@0x472b5cf sb=Rect(0, 0 - 1440, 3168) eb=Rect(0, 0 - 1440, 3168) epz=Point(1440, 3168) d=0 taskParent=-1},
06-13 21:48:19.068  3480  3566 V WindowManager:         {m=TO_FRONT f=IS_WALLPAPER leash=Surface(name=WallpaperWindowToken{9f35f3a showWhenLocked=false})/@0xe20ea13 sb=Rect(0, 0 - 1440, 3168) eb=Rect(0, 0 - 1440, 3168) epz=Point(1440, 3168) d=0}
06-13 21:48:19.068  3480  3566 V WindowManager:     ] 
06-13 21:48:19.068  3480  3566 V WindowManager: extendInfo=[
06-13 21:48:19.068  3480  3566 V WindowManager:  OplusTransitionExtendedInfo{mTmpFinishT=null, mInOplusCompatMode=false, mIsProcessRunning=false, mHasMismatchBoundsTarget=false, mRecentsController=null, mRemoteTransition=null, mIsTranslucentActivityToHome=false, mAvoidInterceptKeyEventToHome=false, mIsFromHome=false, mParentLeash=null, mBackAnimClosingLeash=null, mReparentToRecentsSurface=null, mIsOplusAnimRes=false, mKeepBgForContinuous=false, mIsBalAllow=false, mTaskNotInRecent=false, mIsPredictiveBackAnim=false, mIsMergedWithPredictive=false, mIsLaunchFromSpruce=false, mIsLaunchFromDrive=false, mGlobalSearchPageSwitch=false, mNeedNoAlphaGlobalSearchScene=false, mAssistScreenShowing=false, mSwipeUpBrowserScreenShowing=false, mUserIdTransition=0
06-13 21:48:19.068  3480  3566 V WindowManager: , mInRemoteScene=false, mInPreReady=false, mPreStart=false, mToken=null, mAbortByRemoteFromHome=false, mShellApplyToken=null, mRequestTransitionTaskId=6, mAbortTransitionOnShell=0, mStartFromShortcut=false, mRemovedTaskId=-1, mTransitionInterruptType=0, mMergeSecondTaskId=-1, mIsStartAheadSpruce=false, mTaskIdStartFromRecents=0, mTransitionId=11468, mCanUseSpringSlideAnim=true, mTransitionLaunchFrom=0, mFoldChangeType=-1, mAnimStartingPosition=[0, 0, 0, 0], mIsOpeningStkDialogActivity=false, mSecondaryHomeToFrontWhenUnFolding=false, mIsNeedApplyStartTForEmbedded=false
06-13 21:48:19.068  3480  3566 V WindowManager: , mNeedCanvasExitAnim=false, mMergeSecondTaskAnimation=false, mIsLaunchUnityStart=false, mIsLaunchFromAssistantByDefault=false, mSkipRemoteTransitionfalse, mPromoteTaskWhenKeyguard-1, mIsStartFromKeyguard=false, mMatchRemoteFilter=false flags=0x0, mFlexibleTaskIdList=[], mExpectEndRectState=-1, mFlexibleWindowForRecentTasks=false, mRecentTaskIdList=[], mWCT=null, mIsOpenMergeToInValidPredictive=false, mRootLayerZOrderArray={}}]}
06-13 21:48:19.073 23940 23940 W ContextImpl: Calling a method in the system process without a qualified user: android.app.ContextImpl.bindService:2135 android.content.ContextWrapper.bindService:901 android.content.ContextWrapper.bindService:901 com.oplus.settings.feature.homepage.search.SearchPresenter.bindSearchService:133 com.oplus.settings.feature.homepage.search.SearchPresenter.s:0 
06-13 21:48:19.074  3480  3570 V GrammaticalInflectionUtils: AttributionSource: android.content.AttributionSource@95cedc37 does not have READ_SYSTEM_GRAMMATICAL_GENDER permission.
06-13 21:48:19.076 23940 23940 D DmpSdk-DMPAbilityService: onServiceDisconnected
06-13 21:48:19.076 23940 23940 D DmpSdk-DMPAbilityService: onServiceUnbound
06-13 21:48:19.077 12061 18669 D GmsGcmMcsInput: Incoming message: DataMessageStanza{id=261A802F, from=414843287017, category=app.morphe.android.youtube, app_data=[AppData{key=google.c.sender.id, value_=414843287017}, AppData{key=r, value_=isvtqALDDwrPAQoLSlFNb3FLcGJqdEEYASIZChcKFU9mZmljaWFsIEppbSBDb3JuZXR0ZSotCisKKUppbSBDb3JuZXR0ZSBvbiBIb3cgU29sIFJ1Y2EgR290IEhlciBOYW1lQmoKaApmaHR0cHM6Ly95dDMuZ2dwaHQuY29tL3l0Yy9BSWRyb19tMVZON01lOFFndVhnb1lVeElrYnBOSXFBZTdjRU8wLUtsdnJOYkd1V0RuUT1zODgtYy1rLWMweDAwZmZmZmZmLW5vLXJqYABwAMgBAdABARKgARI4CAAQzmEiEwjb8K35uoSVAxUZRV4DHVDZCsMyCnB1c2gtdS1zdWI6EFBpd1NZQ1FYc3VJOWMzQkgiDdqoicAIB7oFBAgGEAPqqN25AVEKC0pRTW9xS3BianRBKjRpZ0lpRWhCUWFYZFRXVU5SV0hOMVNUbGpNMEpJR0lTbXdRUWd3SXFVOXJxRWxRTW9CZz09Sgx3Z0lHQ2dRUUFSZ0IagQESLAgAEM5hIhMI2/Ct+bqElQMVGUVeAx1Q2QrDOhBQaXdTWUNRWHN1STljM0JImp6QqwJNCksSPwgAQhhVQ2xrWl9DVU53R2F2UUp5MlVBWWhmWEFyIQoLCMCKlPa6hJUDEAYSEFBpd1NZQ1FYc3VJOWMzQkgYA1Cjld7sn4uLhH8igQESLAgAEM5hIhMI2/Ct+bqElQMVGUVeAx1Q2QrDOhBQaXdTWUNRWHN1STljM0JImp6QqwJNCksSPwgBQhhVQ2xrWl9DVU53R2F2UUp5MlVBWWhmWEFyIQoLCMCKlPa6hJUDEAYSEFBpd1NZQ1FYc3VJOWMzQkgYA1Cjld7sn4uLhH8q5gIKAwjoAxIICgYKBFBsYXkaowESOwgFEML0BBgAIhMI2/Ct+bqElQMVGUVeAx1Q2QrDMgpwdXNoLXUtc3ViOhBQaXdTWUNRWHN1STljM0JIIg3aqInACAe6BQQIBhAD6qjduQFRCgtKUU1vcUtwYmp0QSo0aWdJaUVoQlFhWGRUV1VOUldITjFTVGxqTTBKSUdJU213UVFnd0lxVTlycUVsUU1vQmc9PUoMd2dJR0NnUVFBUmdCIoQBEi8IBRDC9AQYACITCNvwrfm6hJUDFRlFXgMdUNkKwzoQUGl3U1lDUVhzdUk5YzNCSJqekKsCTQpLEj8IBEIYVUNsa1pfQ1VOd0dhdlFKeTJVQVloZlhBciEKCwjAipT2uoSVAxAGEhBQaXdTWUNRWHN1STljM0JIGANQo5Xe7J+Li4R/uj4nCh0IBRDC9AQYACITCNvwrfm6hJUDFRlFXgMdUNkKwyICCAwqAggAKtoCCgMIyAESDAoKCghUdXJuIE9mZhqTARIvCAQQwfQEGAEiEwjb8K35uoSVAxUZRV4DHVDZCsM6EFBpd1NZQ1FYc3VJOWMzQkgiDdqoicAIB7oFBAgGEAPSoN25AU0SFUZFbm90aWZpY2F0aW9uc19pbmJveBoobWdNTkNnc0pRQVhGcmlOVUJnQVFCdW9FQ2taRllXTjBhWFpwZEhrPWIKRkVhY3Rpdml0eSKEARIvCAQQwfQEGAEiEwjb8K35uoSVAxUZRV4DHVDZCsM6EFBpd1NZQ1FYc3VJOWMzQkianpCrAk0KSxI/CAVCGFVDbGtaX0NVTndHYXZRSnkyVUFZaGZYQXIhCgsIwIqU9rqElQMQBhIQUGl3U1lDUVhzdUk5YzNCSBgDUKOV3uyfi4uEf7o+JwodCAQQwfQEGAEiEwjb8K35uoSVAxUZRV4DHVDZCsMiAggMKgIIACqCAgoCCAMSDwoNCgtXYXRjaCBMYXRlciKEARIvCAMQw/QEGAIiEwjb8K35uoSVAxUZRV4DHVDZCsM6EFBpd1NZQ1FYc3VJOWMzQkianpCrAk0KSxI/CAZCGFVDbGtaX0NVTndHYXZRSnkyVUFZaGZYQXIhCgsIwIqU9rqElQMQBhIQUGl3U1lDUVhzdUk5YzNCSBgDUKOV3uyfi4uEfyo6Eh0IAxDD9AQYAiITCNvwrfm6hJUDFRlFXgMdUNkKw+qUtucBFQoCV0wSDxILSlFNb3FLcGJqdEEwAbo+JwodCAMQw/QEGAIiEwjb8K35uoSVAxUZRV4DHVDZCsMiAggMKgIIADKeARIaCAAQzmEiEwjb8K35uoSVAxUZRV4DHVDZCsOSzu6FA3wKFUZFbm90aWZpY2F0aW9uc19pbmJveBICCAEg3wUos9u10QYyUtq/6ocDTBIqop2plgMkCgUiAzczNRobCAIQgYkBIhMI2/Ct+bqElQMVGUVeAx1Q2QrDIIgnWhsIARCl5wUiEwjb8K35uoSVAxUZRV4DHVDZCsM4AUABUh6q7L2mAhgKFmJGRm0tdUpIMjhRcS1DYzEwZzdHRWeKATYKNAoyCjBodHRwczovL2kueXRpbWcuY29tL3ZpL0pRTW9xS3BianRBL2hxZGVmYXVsdC5qcGfQAQeKAhQKEFBpd1NZQ1FYc3VJOWMzQkgQALo+ZApaCAAQzmEiEwjb8K35uoSVAxUZRV4DHVDZCsOSARhVQ2xrWl9DVU53R2F2UUp5MlVBWWhmWEGyASIKFjZkUV9sejJyOWhOQl8zR2tXc1p0a3cQBhoGCK3btdEGIgIIDCoCCAA=}], persistent_id=0:1781362099727795%ff874180f9fd7ecd, last_stream_id_received=4, ttl=129600, sent=1781362099722}
06-13 21:48:19.083  3480  3571 E SchedAssist: binderSetThreadUxFlagByIoctl: ioctl failed, tid=-1 flag=1 ret=-1 errno=25 (Inappropriate ioctl for device)
06-13 21:48:19.084  3480  3571 E SchedAssist: binderSetThreadUxFlagByIoctl: ioctl failed, tid=-1 flag=0 ret=-1 errno=25 (Inappropriate ioctl for device)
06-13 21:48:19.084  3480  3571 E SchedAssist: binderSetThreadUxFlagByIoctl: ioctl failed, tid=-1 flag=1 ret=-1 errno=25 (Inappropriate ioctl for device)
06-13 21:48:19.084  3480  4179 I ActivityManager: Death received, pid = 16063, processName = com.oplus.phonemanager for thread android.os.BinderProxy@714fa50
06-13 21:48:19.084  3480  3571 E SchedAssist: binderSetThreadUxFlagByIoctl: ioctl failed, tid=-1 flag=0 ret=-1 errno=25 (Inappropriate ioctl for device)
06-13 21:48:19.085  3480  5867 I libprocessgroup: Removed cgroup /sys/fs/cgroup/apps/uid_10407/pid_16063
06-13 21:48:19.085  3480  5867 E libprocessgroup: Failed to write 1 to /sys/fs/cgroup/apps/uid_10158/pid_21004/cgroup.kill: No such file or directory
06-13 21:48:19.085  3480  5867 E libprocessgroup: Failed to open /sys/fs/cgroup/apps/uid_10158/pid_21004/cgroup.procs: No such file or directory
06-13 21:48:19.085  3480  5867 E libprocessgroup: Failed to write 1 to /sys/fs/cgroup/apps/uid_10240/pid_21158/cgroup.kill: No such file or directory
06-13 21:48:19.085  3480  5867 E libprocessgroup: Failed to open /sys/fs/cgroup/apps/uid_10240/pid_21158/cgroup.procs: No such file or directory
06-13 21:48:19.085  3480  5867 E libprocessgroup: Failed to write 1 to /sys/fs/cgroup/apps/uid_10147/pid_19964/cgroup.kill: No such file or directory
06-13 21:48:19.085  3480  5867 E libprocessgroup: Failed to open /sys/fs/cgroup/apps/uid_10147/pid_19964/cgroup.procs: No such file or directory
06-13 21:48:19.085  3480  5867 E libprocessgroup: Failed to write 1 to /sys/fs/cgroup/apps/uid_10006/pid_24706/cgroup.kill: No such file or directory
06-13 21:48:19.085  3480  5867 E libprocessgroup: Failed to open /sys/fs/cgroup/apps/uid_10006/pid_24706/cgroup.procs: No such file or directory
06-13 21:48:19.085  3480  4456 D ConnectivityService: releasing NetworkRequest [ REQUEST id=119251, [ Capabilities: INTERNET&NOT_RESTRICTED&TRUSTED&NOT_VCN_MANAGED&NOT_BANDWIDTH_CONSTRAINED Uid: 10407 RequestorUid: 10407 RequestorPkg: com.oplus.phonemanager UnderlyingNetworks: Null] ] (release request)
06-13 21:48:19.085  3480  5867 W Athena  : athena_optimize: recordTime, mLastDeathTime: 632152
06-13 21:48:19.085  3480  5867 W Athena  : athena_optimize: recordInterval,  intervalTime: 149
06-13 21:48:19.085  3480  5867 E Athena  : athena_optimize: pkg: com.google.android.apps.nbu.files, processName: com.google.android.apps.nbu.filesgetPercentage: 38
06-13 21:48:19.085  3480  5867 W Athena  : athena_optimize: recordTime, mLastDeathTime: 632182
06-13 21:48:19.085  3480  5867 W Athena  : athena_optimize: recordInterval,  intervalTime: 80
06-13 21:48:19.085  3480  5867 E Athena  : athena_optimize: pkg: com.aiunit.aon, processName: com.aiunit.aongetPercentage: 7
