06-13 21:48:19.487 23940 10572 I ndroid.settings: AssetManager2(0xb40000761c38c428) locale list changing from [] to [en-TH]
06-13 21:48:19.487  2172  2232 E esim_service: [getGpioValue][317]: open file failed: -1, error: No such file or directory
06-13 21:48:19.487  2172  2232 E esim_service: [getEsimGpio][371]: getEsimGpio SP: 0
06-13 21:48:19.488 16169 16169 I EuiccGoogle: [2] ViewCompat$Api28Impl.getOverrideCarrierInfoListForConversion: enableNewConversionApi: true, enableConversionXosCarrierIdFromTransferConfig: false
06-13 21:48:19.488 16169 16169 I EuiccGoogle: [2] ViewCompat$Api28Impl.getCarrierInfos: All carrier info overrides: []
06-13 21:48:19.488  2172  2232 E esim_service: [getGpioValue][317]: open file failed: -1, error: No such file or directory
06-13 21:48:19.488  2172  2232 E esim_service: [getEsimGpio][371]: getEsimGpio SP: 0
06-13 21:48:19.489 16169 16169 I EuiccGoogle: [2] PhenotypeUpdatedReceiver.setPsimConversionSupportedCarriers: setPsimConversionSupportedCarriers:[1, 3, 16, 576, 850, 1404, 2020, 2021, 2122, 27, 1, 2, 3, 19, 850, 969, 1365, 1492, 1915, 2102, 2419, 2018, 32, 1581, 2110, 34]
06-13 21:48:19.490  3480  4315 D FusionLightNextGen: raw_lux -1.0, raw_cct -1.0, r/g/b/c: 1603.7/1148.5/527.3/3031.4, R/G/B: 126.0/77.0/100.0, bri 1445.0, lux: 9.266415, cct: 5300.0, ir: 0.052516, conf: 2, cnt: 0
06-13 21:48:19.491  3480  3585 I ActivityManager: Start proc 23396:com.oplus.wirelesssettings/1000 for content provider {com.oplus.wirelesssettings/com.oplus.wirelesssettings.recovery.FactoryResetProvider}
06-13 21:48:19.491  3480 24757 I OStatsManager_OplusBatteryStatsManager: updateStateTime: PkgName = com.oplus.wirelesssettings, uid = 1000, state to bg, mForegroundCnt = 0, isFg = false
06-13 21:48:19.491  1942  1942 E qspmHal : setAppInfoH atPid = 23396, gpuFname:com.oplus.wirelesssettings, gpuFver:160120061
06-13 21:48:19.491  3480  4187 I MemoryOperationUtils: add 23396 to inactive
06-13 21:48:19.492 22506 22506 W ChimeraUtils: Module com.google.android.gms.cast missing resource cast_module_display_name(0)
06-13 21:48:19.492  3480  3567 I ActivityManager: ProcessObserver broadcast disabled
06-13 21:48:19.497 22506 22379 I CastService: [instance-135] [com.google.android.gms] Connecting to device ("S4D" (f6fc2bbd502c17193d3d96805124d108) [cast connect])
06-13 21:48:19.498 22506 22379 I CDC     : [API-CSC-0273-CDC-0274-com.google.android.gms] Creating a new CastDeviceController from com.google.android.gms for "S4D" (f6fc2bbd502c17193d3d96805124d108) [cast connect]
06-13 21:48:19.498 23396 23396 E irelesssettings: Unknown bits set in runtime_flags: 0x40000000
06-13 21:48:19.499 23940 10572 E AppFeatureProviderUtils: getString: getStringForFeature return null
06-13 21:48:19.499 23396 23396 I irelesssettings: Using CollectorTypeCMC GC.
06-13 21:48:19.499  3480  9558 I MediaControlUtils: compressImageToByte bitmap size: 5308416
06-13 21:48:19.500 23940 10572 E AppFeatureProviderUtils: getBoolean: getStringForFeature return null
06-13 21:48:19.500  3480  9558 D OplusMediaControlService: players is empty
06-13 21:48:19.500  3480  9558 D OplusMediaControlService: players is empty
06-13 21:48:19.501 23940 10572 D Settings_CotaCustomVersionPreferenceController: getAvailabilityStatus
06-13 21:48:19.501  3480  5768 I OplusMediaControlService: sendEvent type: 2, player: 243633678
06-13 21:48:19.501  3480  5768 I OplusMediaControlService: onEventFromRequestData: 2, player: 243633678
06-13 21:48:19.502  3480  5768 D OplusMediaControlService: players is empty
06-13 21:48:19.502  3480  5768 D OplusMediaControlService: players is empty
06-13 21:48:19.502  3480  5768 I OplusMediaControlService: unregisterEventObserver start, observer: android.os.BinderProxy@92c5b33, callerUid: 10208
06-13 21:48:19.502  3480  5768 I OplusMediaControlService: unregisterEventObserver successfully.
06-13 21:48:19.502  3480  9558 I OplusMediaControlService: registerEventObserver start, observer: android.os.BinderProxy@92c5b33, callerUid: 10208
06-13 21:48:19.504  5507  5980 D EuiccConnector: handleMessage: E msg.what=4
06-13 21:48:19.505  5507  5980 D EuiccConnector: processMsg: DisconnectedState
06-13 21:48:19.505  5507  5980 D EuiccConnector: transitionTo: destState=ConnectedState
06-13 21:48:19.505  5507  5980 D EuiccConnector: handleMessage: new destination call exit/enter
06-13 21:48:19.505  5507  5980 D EuiccConnector: setupTempStateStackWithStatesToEnter: X mTempStateStackCount=1,curStateInfo: state=DisconnectedState,active=true,parent=null
06-13 21:48:19.505  5507  5980 D EuiccConnector: moveTempStackToStateStack: i=0,j=1
06-13 21:48:19.505  5507  5980 D EuiccConnector: moveTempStackToStateStack: X mStateStackTop=1,startingIndex=1,Top=ConnectedState
06-13 21:48:19.505  5507  5980 D EuiccConnector: invokeEnterMethods: ConnectedState
06-13 21:48:19.505  5507  5980 D EuiccConnector: moveDeferredMessageAtFrontOfQueue; what=100
06-13 21:48:19.505  5507  5980 D EuiccConnector: handleMessage: X
06-13 21:48:19.505  5507  5980 D EuiccConnector: handleMessage: E msg.what=100
06-13 21:48:19.505  5507  5980 D EuiccConnector: processMsg: ConnectedState
06-13 21:48:19.505  5507  5980 D EuiccConnector: handleMessage: X
06-13 21:48:19.507  3480  5774 E OplusCustomizeRestrictionManagerService: isUSBOtgDisabled start
06-13 21:48:19.507 16169 23423 I EuiccGoogle: [116821] EuiccServiceImpl.onGetEid: onGetEid: slotId = -1.
06-13 21:48:19.507 16169 23423 I EuiccGoogle: [116821] EuiccServiceImpl.onGetEid: onGetEid: invalid physical slot id
06-13 21:48:19.508 23396 23396 D nativeloader: Load libframework-connectivity-tiramisu-jni.so using APEX ns com_android_tethering for caller /apex/com.android.tethering/javalib/framework-connectivity-t.jar: ok
06-13 21:48:19.509 27504 27634 I SystemUi--Notification: MediaDataManager-->MEDIA_PANEL-->loadBitmapFromUri uri: https://resources.tidal.com/images/e8805fac/33df/49e3/8979/1a2b5e92948d/1280x1280.jpg
06-13 21:48:19.511 23396 23396 D OplusActivityThreadExtImpl: java.lang.NoSuchMethodException: dalvik.system.VMRuntime.SupressionGC [int, int]
06-13 21:48:19.511 23396 23396 W libc    : Access denied finding property "persist.vendor.sys.activitylog"
06-13 21:48:19.511 23396 23396 I OneTrace: Mark active for pid=23396? true
06-13 21:48:19.511 23396 23396 D cutils-dev: otrace_set_tracing_enabled? true tag:0
06-13 21:48:19.512 23396 23396 D cutils-dev: properties changed in otrace_seq_number_changed!
06-13 21:48:19.512 16169 23423 I EuiccGoogle: [116821] EuiccServiceImpl.onGetEid: slotId = -1, isRemovable = true
06-13 21:48:19.512  3480  3530 I MediaControlUtils: compressImageToByte bitmap size: 5308416
06-13 21:48:19.512 23940 10572 D PrefCtrlListHelper: Could not find Context-only controller for pref: com.oplus.settings.feature.accounts.controller.MultiUserPreferenceController
06-13 21:48:19.512  3480  3530 D OplusMediaControlService: players is empty
06-13 21:48:19.512  3480  3530 D OplusMediaControlService: players is empty
06-13 21:48:19.513 16169 23423 I EuiccGoogle: [116821] EuiccServiceImpl.getEidFromSlotId: getEidFromSlotId: slotId = -1.
06-13 21:48:19.513  3480  9568 D OplusUserManagerServiceEnhance: getMultiSystemUserId  res = 11
06-13 21:48:19.513 16169 23423 I EuiccGoogle: [116821] NetworkFetcher.getEidForSlot: getEidForSlot: -1
06-13 21:48:19.513 23940 10572 D OplusMultiUserManager: getMultiSystemUserIdNoCheck res: 11
06-13 21:48:19.513  3480  3530 I OplusMediaControlService: sendEvent type: 2, player: 243633678
06-13 21:48:19.513  3480  3530 I OplusMediaControlService: onEventFromRequestData: 2, player: 243633678
06-13 21:48:19.513  3480  3530 D OplusMediaControlService: players is empty
06-13 21:48:19.513  3480  3530 D OplusMediaControlService: players is empty
06-13 21:48:19.513  3480  9568 D OplusUserManagerServiceEnhance: getMultiSystemUserId  res = 11
06-13 21:48:19.513  3480  5768 D SplitScreenAppReader: SPLIT_TOUCH support check:com.oplus.wirelesssettings = false
06-13 21:48:19.513  3480  5768 D ActivityTaskManagerServiceExtImpl: preBindApplication record is null
06-13 21:48:19.513  3480  5768 D RGBNormalizeServer: OplusRGBNormalize feature enabled ? false
06-13 21:48:19.513 23940 10572 D OplusMultiUserManager: getMultiSystemUserIdNoCheck res: 11
06-13 21:48:19.513  3480  5768 D ResourcesManagerCache: For package com.oplus.wirelesssettings we got cacheList [null] appInfoExt is null ? false hasFeature ? false
06-13 21:48:19.513  3480  9568 I OplusMediaControlService: unregisterEventObserver start, observer: android.os.BinderProxy@79439c, callerUid: 1210208
06-13 21:48:19.513  3480  9568 I OplusMediaControlService: unregisterEventObserver successfully.
06-13 21:48:19.513  2138  2758 I VRR [MVT]: request is same as current request, ignore it.
06-13 21:48:19.514 16169 23423 I EuiccGoogle: [116821] NetworkFetcher.getPreferredEuiccSlotId: isRemovableEsimDefault: false
06-13 21:48:19.514  3480  3530 I OplusMediaControlService: registerEventObserver start, observer: android.os.BinderProxy@79439c, callerUid: 1210208
06-13 21:48:19.514  3480  9568 D LockSettingsService: [getCredentialTypeInternal] userId = 0
06-13 21:48:19.514  3480  9568 D LockSettingsStorage: [readSPState] 0, 90680d7c4839ac3e.pwd
06-13 21:48:19.514 16169 23423 E EuiccGoogle: [116821] NetworkFetcher.getPreferredEuiccSlotId: Cannot find Euicc on device
06-13 21:48:19.514 16169 23423 I EuiccGoogle: [116821] NetworkFetcher.getEidForSlot: getEidForSlot: preferred Euicc slotId is -1
06-13 21:48:19.515 16169 23423 E EuiccGoogle: [116821] NetworkFetcher.getEidForSlot: Cannot find preferred Euicc
06-13 21:48:19.514 23272 23365 I gs.intelligence: AssetManager2(0xb40000752caf3728) locale list changing from [] to [en-TH]
06-13 21:48:19.515 16169 23423 E EuiccGoogle: [116821] EuiccServiceImpl.getEidFromSlotId: Failed to get EID for slotId: -1
06-13 21:48:19.515 16169 23423 E EuiccGoogle: com.android.euicc.service.EuiccServiceException: Cannot find preferred Euicc slot (Error Code=0x20009)
06-13 21:48:19.515 16169 23423 E EuiccGoogle: 	at com.airbnb.lottie.network.NetworkFetcher.getEidForSlot(PG:68)
06-13 21:48:19.515 16169 23423 E EuiccGoogle: 	at com.android.euicc.service.EuiccServiceImpl.getEidFromSlotId(PG:27)
06-13 21:48:19.515 16169 23423 E EuiccGoogle: 	at com.android.euicc.service.EuiccServiceImpl.onGetEid(PG:107)
06-13 21:48:19.515 16169 23423 E EuiccGoogle: 	at android.service.euicc.EuiccService$IEuiccServiceWrapper$2.run(EuiccService.java:854)
06-13 21:48:19.515 16169 23423 E EuiccGoogle: 	at java.util.concurrent.ThreadPoolExecutor.runWorker(ThreadPoolExecutor.java:1154)
06-13 21:48:19.515 16169 23423 E EuiccGoogle: 	at java.util.concurrent.ThreadPoolExecutor$Worker.run(ThreadPoolExecutor.java:652)
06-13 21:48:19.515 16169 23423 E EuiccGoogle: 	at java.lang.Thread.run(Thread.java:1564)
06-13 21:48:19.515 16169 23423 E EuiccGoogle: [116821] EuiccServiceImpl.getEidFromSlotId: Failed getting EID.
06-13 21:48:19.515 16169 23423 I EuiccGoogle: [116821] EuiccServiceImpl.onGetEid: Failed to get Eid. Return the Eid in cache.
06-13 21:48:19.515  5507  5980 D EuiccConnector: handleMessage: E msg.what=6
06-13 21:48:19.515  5507  5980 D EuiccConnector: processMsg: ConnectedState
06-13 21:48:19.515  5507  5980 D EuiccConnector: handleMessage: X
06-13 21:48:19.516 27504 27634 I SystemUi--Notification: OplusMediaDataManagerSt-->AOD_MEDIA_PANEL-->createActionsFromState: curState = 0
06-13 21:48:19.518 23396 23425 D OplusAppHeapManager: java.lang.NoSuchMethodException: dalvik.system.VMRuntime.updateProcessValue [int, int, int]
06-13 21:48:19.518  3480  9568 D OplusCustomizeRestrictionManagerService: isMultiAppSupport start
06-13 21:48:19.519 27504 27634 E Icon    : Unable to find pkg=com.aspiro.tidal for icon Icon(typ=RESOURCE pkg=com.aspiro.tidal id=0x7f080275)
06-13 21:48:19.519 27504 27634 E Icon    : android.content.pm.PackageManager$NameNotFoundException: com.aspiro.tidal
06-13 21:48:19.519 27504 27634 E Icon    : 	at android.app.ApplicationPackageManager.getApplicationInfoAsUser(ApplicationPackageManager.java:564)
06-13 21:48:19.519 27504 27634 E Icon    : 	at android.app.ApplicationPackageManager.getApplicationInfo(ApplicationPackageManager.java:547)
06-13 21:48:19.519 27504 27634 E Icon    : 	at android.app.ApplicationPackageManager.getApplicationInfo(ApplicationPackageManager.java:541)
06-13 21:48:19.519 27504 27634 E Icon    : 	at android.graphics.drawable.Icon.loadDrawableInner(Icon.java:466)
06-13 21:48:19.519 27504 27634 E Icon    : 	at android.graphics.drawable.Icon.loadDrawable(Icon.java:373)
06-13 21:48:19.519 27504 27634 E Icon    : 	at com.oplus.systemui.media.controls.pipeline.OplusMediaDataManagerStrategy.createActionsFromState(go/retraceme 127c990c8230fad60509106ce130f434490bb6c55bd249bdeb4b3351bfce9fbb:678)
06-13 21:48:19.519 27504 27634 E Icon    : 	at com.oplus.systemui.media.controls.pipeline.OplusMediaDataManagerExImpl.createActionsFromState(go/retraceme 127c990c8230fad60509106ce130f434490bb6c55bd249bdeb4b3351bfce9fbb:100)
06-13 21:48:19.519 27504 27634 E Icon    : 	at com.android.systemui.media.controls.pipeline.OplusMediaDataManagerEx.createActionsFromState$default(go/retraceme 127c990c8230fad60509106ce130f434490bb6c55bd249bdeb4b3351bfce9fbb:13)
06-13 21:48:19.519 27504 27634 E Icon    : 	at com.android.systemui.media.controls.domain.pipeline.LegacyMediaDataManagerImpl.loadPlayerMediaDataInBgInner(go/retraceme 127c990c8230fad60509106ce130f434490bb6c55bd249bdeb4b3351bfce9fbb:235)
06-13 21:48:19.519 27504 27634 E Icon    : 	at com.android.systemui.media.controls.domain.pipeline.LegacyMediaDataManagerImpl.access$loadPlayerMediaDataInBg(go/retraceme 127c990c8230fad60509106ce130f434490bb6c55bd249bdeb4b3351bfce9fbb:75)
06-13 21:48:19.519 27504 27634 E Icon    : 	at com.android.systemui.media.controls.domain.pipeline.LegacyMediaDataManagerImpl$updateState$1$1.run(go/retraceme 127c990c8230fad60509106ce130f434490bb6c55bd249bdeb4b3351bfce9fbb:41)
06-13 21:48:19.519 27504 27634 E Icon    : 	at android.os.Handler.handleCallback(Handler.java:1001)
06-13 21:48:19.519 27504 27634 E Icon    : 	at android.os.Handler.dispatchMessage(Handler.java:109)
06-13 21:48:19.519 27504 27634 E Icon    : 	at com.android.systemui.util.concurrency.ExecutorImpl$1.dispatchMessage(go/retraceme 127c990c8230fad60509106ce130f434490bb6c55bd249bdeb4b3351bfce9fbb:1)
06-13 21:48:19.519 27504 27634 E Icon    : 	at android.os.Looper.loopOnce(Looper.java:306)
06-13 21:48:19.519 27504 27634 E Icon    : 	at android.os.Looper.loop(Looper.java:416)
06-13 21:48:19.519 27504 27634 E Icon    : 	at android.os.HandlerThread.run(HandlerThread.java:85)
06-13 21:48:19.519 27504 27634 E Icon    : Unable to find pkg=com.aspiro.tidal for icon Icon(typ=RESOURCE pkg=com.aspiro.tidal id=0x7f0804ca)
06-13 21:48:19.519 27504 27634 E Icon    : android.content.pm.PackageManager$NameNotFoundException: com.aspiro.tidal
06-13 21:48:19.519 27504 27634 E Icon    : 	at android.app.ApplicationPackageManager.getApplicationInfoAsUser(ApplicationPackageManager.java:564)
06-13 21:48:19.519 27504 27634 E Icon    : 	at android.app.ApplicationPackageManager.getApplicationInfo(ApplicationPackageManager.java:547)
06-13 21:48:19.519 27504 27634 E Icon    : 	at android.app.ApplicationPackageManager.getApplicationInfo(ApplicationPackageManager.java:541)
06-13 21:48:19.519 27504 27634 E Icon    : 	at android.graphics.drawable.Icon.loadDrawableInner(Icon.java:466)
06-13 21:48:19.519 27504 27634 E Icon    : 	at android.graphics.drawable.Icon.loadDrawable(Icon.java:373)
06-13 21:48:19.519 27504 27634 E Icon    : 	at com.oplus.systemui.media.controls.pipeline.OplusMediaDataManagerStrategy.createActionsFromState(go/retraceme 127c990c8230fad60509106ce130f434490bb6c55bd249bdeb4b3351bfce9fbb:678)
06-13 21:48:19.519 27504 27634 E Icon    : 	at com.oplus.systemui.media.controls.pipeline.OplusMediaDataManagerExImpl.createActionsFromState(go/retraceme 127c990c8230fad60509106ce130f434490bb6c55bd249bdeb4b3351bfce9fbb:100)
06-13 21:48:19.519 27504 27634 E Icon    : 	at com.android.systemui.media.controls.pipeline.OplusMediaDataManagerEx.createActionsFromState$default(go/retraceme 127c990c8230fad60509106ce130f434490bb6c55bd249bdeb4b3351bfce9fbb:13)
06-13 21:48:19.519 27504 27634 E Icon    : 	at com.android.systemui.media.controls.domain.pipeline.LegacyMediaDataManagerImpl.loadPlayerMediaDataInBgInner(go/retraceme 127c990c8230fad60509106ce130f434490bb6c55bd249bdeb4b3351bfce9fbb:235)
06-13 21:48:19.519 27504 27634 E Icon    : 	at com.android.systemui.media.controls.domain.pipeline.LegacyMediaDataManagerImpl.access$loadPlayerMediaDataInBg(go/retraceme 127c990c8230fad60509106ce130f434490bb6c55bd249bdeb4b3351bfce9fbb:75)
06-13 21:48:19.519 27504 27634 E Icon    : 	at com.android.systemui.media.controls.domain.pipeline.LegacyMediaDataManagerImpl$updateState$1$1.run(go/retraceme 127c990c8230fad60509106ce130f434490bb6c55bd249bdeb4b3351bfce9fbb:41)
06-13 21:48:19.519 27504 27634 E Icon    : 	at android.os.Handler.handleCallback(Handler.java:1001)
06-13 21:48:19.519 27504 27634 E Icon    : 	at android.os.Handler.dispatchMessage(Handler.java:109)
06-13 21:48:19.519 27504 27634 E Icon    : 	at com.android.systemui.util.concurrency.ExecutorImpl$1.dispatchMessage(go/retraceme 127c990c8230fad60509106ce130f434490bb6c55bd249bdeb4b3351bfce9fbb:1)
06-13 21:48:19.519 27504 27634 E Icon    : 	at android.os.Looper.loopOnce(Looper.java:306)
06-13 21:48:19.519 27504 27634 E Icon    : 	at android.os.Looper.loop(Looper.java:416)
06-13 21:48:19.519 27504 27634 E Icon    : 	at android.os.HandlerThread.run(HandlerThread.java:85)
06-13 21:48:19.519 23940 10572 E Settings_SysFeatureUtils: isSupportPhoneLimit unknown_pkg
06-13 21:48:19.519 27504 27634 E Icon    : Unable to find pkg=com.aspiro.tidal for icon Icon(typ=RESOURCE pkg=com.aspiro.tidal id=0x7f08047b)
06-13 21:48:19.519 27504 27634 E Icon    : android.content.pm.PackageManager$NameNotFoundException: com.aspiro.tidal
06-13 21:48:19.519 27504 27634 E Icon    : 	at android.app.ApplicationPackageManager.getApplicationInfoAsUser(ApplicationPackageManager.java:564)
06-13 21:48:19.519 27504 27634 E Icon    : 	at android.app.ApplicationPackageManager.getApplicationInfo(ApplicationPackageManager.java:547)
06-13 21:48:19.519 27504 27634 E Icon    : 	at android.app.ApplicationPackageManager.getApplicationInfo(ApplicationPackageManager.java:541)
06-13 21:48:19.519 27504 27634 E Icon    : 	at android.graphics.drawable.Icon.loadDrawableInner(Icon.java:466)
06-13 21:48:19.519 27504 27634 E Icon    : 	at android.graphics.drawable.Icon.loadDrawable(Icon.java:373)
06-13 21:48:19.519 27504 27634 E Icon    : 	at com.oplus.systemui.media.controls.pipeline.OplusMediaDataManagerStrategy.createActionsFromState(go/retraceme 127c990c8230fad60509106ce130f434490bb6c55bd249bdeb4b3351bfce9fbb:678)
06-13 21:48:19.519 27504 27634 E Icon    : 	at com.oplus.systemui.media.controls.pipeline.OplusMediaDataManagerExImpl.createActionsFromState(go/retraceme 127c990c8230fad60509106ce130f434490bb6c55bd249bdeb4b3351bfce9fbb:100)
06-13 21:48:19.519 27504 27634 E Icon    : 	at com.android.systemui.media.controls.pipeline.OplusMediaDataManagerEx.createActionsFromState$default(go/retraceme 127c990c8230fad60509106ce130f434490bb6c55bd249bdeb4b3351bfce9fbb:13)
06-13 21:48:19.519 27504 27634 E Icon    : 	at com.android.systemui.media.controls.domain.pipeline.LegacyMediaDataManagerImpl.loadPlayerMediaDataInBgInner(go/retraceme 127c990c8230fad60509106ce130f434490bb6c55bd249bdeb4b3351bfce9fbb:235)
06-13 21:48:19.519 27504 27634 E Icon    : 	at com.android.systemui.media.controls.domain.pipeline.LegacyMediaDataManagerImpl.access$loadPlayerMediaDataInBg(go/retraceme 127c990c8230fad60509106ce130f434490bb6c55bd249bdeb4b3351bfce9fbb:75)
06-13 21:48:19.519 27504 27634 E Icon    : 	at com.android.systemui.media.controls.domain.pipeline.LegacyMediaDataManagerImpl$updateState$1$1.run(go/retraceme 127c990c8230fad60509106ce130f434490bb6c55bd249bdeb4b3351bfce9fbb:41)
06-13 21:48:19.519 27504 27634 E Icon    : 	at android.os.Handler.handleCallback(Handler.java:1001)
06-13 21:48:19.519 27504 27634 E Icon    : 	at android.os.Handler.dispatchMessage(Handler.java:109)
06-13 21:48:19.519 27504 27634 E Icon    : 	at com.android.systemui.util.concurrency.ExecutorImpl$1.dispatchMessage(go/retraceme 127c990c8230fad60509106ce130f434490bb6c55bd249bdeb4b3351bfce9fbb:1)
06-13 21:48:19.519 27504 27634 E Icon    : 	at android.os.Looper.loopOnce(Looper.java:306)
06-13 21:48:19.519 27504 27634 E Icon    : 	at android.os.Looper.loop(Looper.java:416)
06-13 21:48:19.519 27504 27634 E Icon    : 	at android.os.HandlerThread.run(HandlerThread.java:85)
06-13 21:48:19.519 27504 27634 E Icon    : Unable to find pkg=com.aspiro.tidal for icon Icon(typ=RESOURCE pkg=com.aspiro.tidal id=0x7f08046e)
06-13 21:48:19.519 27504 27634 E Icon    : android.content.pm.PackageManager$NameNotFoundException: com.aspiro.tidal
06-13 21:48:19.519 27504 27634 E Icon    : 	at android.app.ApplicationPackageManager.getApplicationInfoAsUser(ApplicationPackageManager.java:564)
06-13 21:48:19.519 27504 27634 E Icon    : 	at android.app.ApplicationPackageManager.getApplicationInfo(ApplicationPackageManager.java:547)
06-13 21:48:19.519 27504 27634 E Icon    : 	at android.app.ApplicationPackageManager.getApplicationInfo(ApplicationPackageManager.java:541)
06-13 21:48:19.519 27504 27634 E Icon    : 	at android.graphics.drawable.Icon.loadDrawableInner(Icon.java:466)
06-13 21:48:19.519 27504 27634 E Icon    : 	at android.graphics.drawable.Icon.loadDrawable(Icon.java:373)
06-13 21:48:19.519 27504 27634 E Icon    : 	at com.oplus.systemui.media.controls.pipeline.OplusMediaDataManagerStrategy.createActionsFromState(go/retraceme 127c990c8230fad60509106ce130f434490bb6c55bd249bdeb4b3351bfce9fbb:678)
06-13 21:48:19.519 27504 27634 E Icon    : 	at com.oplus.systemui.media.controls.pipeline.OplusMediaDataManagerExImpl.createActionsFromState(go/retraceme 127c990c8230fad60509106ce130f434490bb6c55bd249bdeb4b3351bfce9fbb:100)
06-13 21:48:19.519 27504 27634 E Icon    : 	at com.android.systemui.media.controls.pipeline.OplusMediaDataManagerEx.createActionsFromState$default(go/retraceme 127c990c8230fad60509106ce130f434490bb6c55bd249bdeb4b3351bfce9fbb:13)
06-13 21:48:19.519 27504 27634 E Icon    : 	at com.android.systemui.media.controls.domain.pipeline.LegacyMediaDataManagerImpl.loadPlayerMediaDataInBgInner(go/retraceme 127c990c8230fad60509106ce130f434490bb6c55bd249bdeb4b3351bfce9fbb:235)
06-13 21:48:19.519 27504 27634 E Icon    : 	at com.android.systemui.media.controls.domain.pipeline.LegacyMediaDataManagerImpl.access$loadPlayerMediaDataInBg(go/retraceme 127c990c8230fad60509106ce130f434490bb6c55bd249bdeb4b3351bfce9fbb:75)
06-13 21:48:19.519 27504 27634 E Icon    : 	at com.android.systemui.media.controls.domain.pipeline.LegacyMediaDataManagerImpl$updateState$1$1.run(go/retraceme 127c990c8230fad60509106ce130f434490bb6c55bd249bdeb4b3351bfce9fbb:41)
06-13 21:48:19.519 27504 27634 E Icon    : 	at android.os.Handler.handleCallback(Handler.java:1001)
06-13 21:48:19.519 27504 27634 E Icon    : 	at android.os.Handler.dispatchMessage(Handler.java:109)
06-13 21:48:19.519 27504 27634 E Icon    : 	at com.android.systemui.util.concurrency.ExecutorImpl$1.dispatchMessage(go/retraceme 127c990c8230fad60509106ce130f434490bb6c55bd249bdeb4b3351bfce9fbb:1)
06-13 21:48:19.519 27504 27634 E Icon    : 	at android.os.Looper.loopOnce(Looper.java:306)
06-13 21:48:19.519 27504 27634 E Icon    : 	at android.os.Looper.loop(Looper.java:416)
06-13 21:48:19.519 27504 27634 E Icon    : 	at android.os.HandlerThread.run(HandlerThread.java:85)
06-13 21:48:19.519 23396 23396 D CompactWindowAppManager: initCompactApplicationInfo CompactMode: , NormalMode: 
06-13 21:48:19.521 23396 23396 V Configuration: Updating configuration, locales updated from [] to [en_TH]
06-13 21:48:19.521 23272 23365 I gs.intelligence: AssetManager2(0xb40000752caf3d28) locale list changing from [] to [en-TH]
06-13 21:48:19.521 23396 23396 D OplusScrollToTopManager: setIsInWhiteList false
06-13 21:48:19.521 23396 23396 D OplusViewDebugManager: OplusViewDebugManager Constructor android.view.debug.OplusViewDebugManager@3f82d95 [mHasViewDebugProperty true] [mHasMsgDebugProperty false] [DEBUG false] [EXTRAINFOENABLE false] [LIGHT_OS false]
06-13 21:48:19.522 23396 23396 E DynamicFramerate [AnimationConfigManager]: initAnimationConfig: animAwareItem is empty, return
06-13 21:48:19.524 23396 23396 W libc    : Access denied finding property "ro.odm.prev.product.name"
06-13 21:48:19.524  3480  5899 D OplusCustomizeRestrictionManagerService: isMultiAppSupport start
06-13 21:48:19.530 23396 23396 D nativeloader: Configuring clns-shared-9 for other apk /system_ext/framework/nfcvendorlib.jar. target_sdk_version=36, uses_libraries=ALL, library_path=/system_ext/priv-app/WirelessSettings/lib/arm64:/system_ext/priv-app/WirelessSettings/WirelessSettings.apk!/lib/arm64-v8a:/system/lib64:/system_ext/lib64, permitted_path=/data:/mnt/expand:/data/user_de/0/com.oplus.wirelesssettings:/system_ext/priv-app/WirelessSettings:/system/lib64:/system_ext/lib64
06-13 21:48:19.530 23396 23396 D nativeloader: Extending system_exposed_libraries: libbinauralrenderer_wrapper.qti.so:libhoaeffects.qti.so:libsuperNight.oplus.so:libAPSClient-cmd-jni-extension.oplus.so:libsatellite_audio_jni.oplus.so:libortc_so.oplus.so:libsoundtouch.oplus.so:libsoundtouch_jni.oplus.so:libOplusStringJNI-extension.oplus.so:libsatellite_ostx_jni.oplus.so:libapssuspend-jni.oplus.so:libupdateprof.qti.so:libthermalclient.qti.so:libqape.qti.so:libqesdk_ndk_platform.qti.so:liblistenjni.qti.so
06-13 21:48:19.531 23396 23396 D ApplicationLoaders: Returning zygote-cached class loader: /system_ext/framework/androidx.window.extensions.jar
06-13 21:48:19.531 23396 23396 D ApplicationLoaders: Returning zygote-cached class loader: /system_ext/framework/androidx.window.sidecar.jar
06-13 21:48:19.532  3480  5899 W ParceledListSlice: Element #23 is 21580 bytes.
06-13 21:48:19.539  3480  3480 D LockSettingsService: [getSeparateProfileChallengeEnabled] userId = 12
06-13 21:48:19.539  3480  3480 D LockSettingsService: [getSeparateProfileChallengeEnabled] userId = 12
06-13 21:48:19.540  3480  5899 W ParceledListSlice: Element #153 is 17792 bytes.
06-13 21:48:19.543  3480  3480 E system_server: No package ID 7f found for resource ID 0x7f180018.
06-13 21:48:19.543  3480  3480 W LocaleConfig: The resource file pointed to by the given resource ID isn't found.
06-13 21:48:19.545 23396 23396 D nativeloader: Configuring clns-shared-10 for other apk /system_ext/priv-app/WirelessSettings/WirelessSettings.apk. target_sdk_version=36, uses_libraries=, library_path=/system_ext/priv-app/WirelessSettings/lib/arm64:/system_ext/priv-app/WirelessSettings/WirelessSettings.apk!/lib/arm64-v8a:/system/lib64:/system_ext/lib64, permitted_path=/data:/mnt/expand:/data/user_de/0/com.oplus.wirelesssettings:/system_ext/priv-app/WirelessSettings:/system/lib64:/system_ext/lib64
06-13 21:48:19.547  3480  3480 W NotificationHistory: Attempted to add notif for locked/gone/disabled user 0
06-13 21:48:19.547 23272 23365 I gs.intelligence: AssetManager2(0xb40000752caf3a28) locale list changing from [] to [en-TH]
06-13 21:48:19.547  3480  5899 W ParceledListSlice: Element #310 is 121928 bytes.
06-13 21:48:19.547  3480  5899 W ParceledListSlice: Overly large reply size: 152248
06-13 21:48:19.555  1115  1115 E lowmemorykiller: device has enough memory 2973704Kib, freeMemory 641912Kib, cmafree 191104Kib, file_cache 2316504Kib, disable killing (limit_killing:1024000Kib)
06-13 21:48:19.557  3480  3580 W QosSceneRecognizer[NotificationScene]: get pid failed while enterNotificationScene, processInfos is null! uid: -1
06-13 21:48:19.559  6009  6009 E id.ext.services: No Found best_cookie -1 resid #2132279320 use_filtered 1 for assetApk /apex/com.android.extservices/priv-app/GoogleExtServices@361153320/GoogleExtServices.apk.
06-13 21:48:19.559 23940 10572 W BaseSearchIndex: Error initializing controller in fragment: com.oplus.settings.feature.deviceinfo.aboutphone.DeviceInfoFragment$3@55c4101, e: java.lang.RuntimeException: Can't create handler inside thread Thread[O_bgd_207,5,main]_3001,-6,S_SettingsCommon,non,2,java.util.concurrent.FutureTask@26cf3c8[Not completed]_156_265779292 that has not called Looper.prepare()
06-13 21:48:19.559  6009  6009 W LocaleConfig: The resource file pointed to by the given resource ID isn't found.
06-13 21:48:19.559  3480  4824 I Osense-PsiDetector: 2903,623,551,5631,91,555,494,2207,2684,719,1544,0,12,10311
06-13 21:48:19.560 23940 10572 D PrefCtrlListHelper: Could not find Context-only controller for pref: com.oplus.settings.feature.deviceinfo.controller.ContributorInfoPreferenceController
06-13 21:48:19.560  3480  4817 I Osense-BaseDecisionMaker: notifySceneToAthenaPolicy: SCENE_RES_MEM_PSI_NORMAL, bundle: Bundle[{memLevel=3}]
06-13 21:48:19.561 23940 10572 D PrefCtrlListHelper: Could not find Context-only controller for pref: com.oplus.settings.feature.deviceinfo.controller.ForumContributorsInfoController
06-13 21:48:19.564 23074 23097 I metis_v2_OsenseCallBack: memLevel: 3
06-13 21:48:19.565 29493 29512 I metis_v2_OsenseCallBack: memLevel: 3
06-13 21:48:19.565  1927  1927 I [UAH_CLIENT]: UahPlatformResAcquire
06-13 21:48:19.565  1927  1927 I [UAH_CLIENT]: UahEventAcquire, cmdid:-3, pkg:2138 9272, identity:qcom-perfd
06-13 21:48:19.572 23272 23365 I gs.intelligence: AssetManager2(0xb40000752a4ad928) locale list changing from [] to [en-TH]
06-13 21:48:19.575  1927  2059 E ANDR-PERF-RESOURCEQS: ANDR-PERF-RESOURCEQS: AddAndApply() 125: Resource with major=16, minor=0 not supported
06-13 21:48:19.575 23272 23365 I gs.intelligence: AssetManager2(0xb40000752a4ad628) locale list changing from [] to [en-TH]
06-13 21:48:19.576 23396 23396 I irelesssettings: AssetManager2(0xb400007652eee728) locale list changing from [] to [en-TH]
06-13 21:48:19.580  6009  6009 I id.ext.services: AssetManager2(0xb4000076064e5028) locale list changing from [] to [en-TH]
06-13 21:48:19.582 23940 10572 E Settings_SettingsPackageUtils: getMetadataBoolean com.android.incallui
06-13 21:48:19.583 23396 23396 V GraphicsEnvironment: Currently set values for:
06-13 21:48:19.583 23396 23396 V GraphicsEnvironment:   angle_gl_driver_selection_pkgs=[""]
06-13 21:48:19.583 23396 23396 V GraphicsEnvironment:   angle_gl_driver_selection_values=[""]
06-13 21:48:19.583 23396 23396 V GraphicsEnvironment: com.oplus.wirelesssettings is not listed in per-application setting
06-13 21:48:19.583 23396 23396 V GraphicsEnvironment: ANGLE allowlist from config: 
06-13 21:48:19.583 23396 23396 V GraphicsEnvironment: com.oplus.wirelesssettings is not listed in ANGLE allowlist or settings, returning default
06-13 21:48:19.589 23272 23365 I gs.intelligence: AssetManager2(0xb40000752a4ae228) locale list changing from [] to [en-TH]
06-13 21:48:19.596 23396 23396 I PTC.SDK.PlatformInitialization: sdk init
06-13 21:48:19.597 23272 23365 I gs.intelligence: AssetManager2(0xb40000752a4ae828) locale list changing from [] to [en-TH]
06-13 21:48:19.601 23272 23365 I gs.intelligence: AssetManager2(0xb40000752a4aee28) locale list changing from [] to [en-TH]
06-13 21:48:19.601  1927 23431 I [UAH_CLIENT]: UahRelease, handle:275180
06-13 21:48:19.602 23272 23365 I LocaleConfig: parseLocaleConfig: resourceName=com.teslacoilsw.launcher:xml/_generated_res_locale_config
06-13 21:48:19.602 23272 23365 I LocaleConfig: parseLocaleConfig: mLocales=[de,hi,en_US,pt,ms_MY,lt,en_IN,hr,lv,hu,zh_CN,uk,hy_AM,mk,mn,id,af,ka_GE,mr,el,it,am,my,es,he,fr_CA,et,ar,pt_PT,vi,nb,ja,az,id_ID,et_EE,fa,zu,ro,nl,en_GB,km_KH,fi,ru,bg,bn,fr,si,sk,sl,es_US,lo_LA,he_IL,ca,sr,kn,sv,ko,sw,zh_TW,zh_HK,ta,cs,th,tl,pl,da,tr,mn_MN] defaultLocale=en-US
06-13 21:48:19.603 23396 23396 D LogUtils: initWirelessLog UninitializedPropertyAccessException
06-13 21:48:19.603 23396 23396 D LogUtils: initWirelessLog sIsQeAssert=false,sIsWifiOrBtLog=false
06-13 21:48:19.607 23940 10572 V GraphicsEnableAngleCtrl: Value of persist.graphics.egl is: 
06-13 21:48:19.607 23940 10572 D ForcePeakRefreshRateCtr: DEFAULT_REFRESH_RATE : 60.0 mPeakRefreshRate : 120.00001
06-13 21:48:19.613 23940 10572 W libc    : Access denied finding property "persist.vendor.qti.btadvaudio.target.support.xpan"
06-13 21:48:19.614 23396 23396 I WindowExtensionsImpl: Initializing Window Extensions, vendor API level=9, activity embedding enabled=true
06-13 21:48:19.620 23396 23396 E ashmem  : Pinning is deprecated since Android Q. Please use trim or other methods.
06-13 21:48:19.621 23272 23365 I gs.intelligence: AssetManager2(0xb40000752a4af428) locale list changing from [] to [en-TH]
06-13 21:48:19.621 23396 23396 I SplitController: Initializing Activity Embedding Controller.
06-13 21:48:19.624 23396 23396 I SplitController: Setting embedding rules. Size: 0
06-13 21:48:19.626 23940 10572 E BaseSearchIndex: com.android.settings.development.AdbAuthorizationTimeoutPreferenceController must implement com.android.settings.core.PreferenceControllerMixin treating the key non-indexable
06-13 21:48:19.629 23272 23365 I gs.intelligence: AssetManager2(0xb40000752a4afa28) locale list changing from [] to [en-TH]
06-13 21:48:19.629 23396 23396 D OplusGraphicsEvent: OplusGraphicsEventListener create now!
06-13 21:48:19.629 23396 23396 D OplusGraphicsEvent: addEventListener success!
06-13 21:48:19.632 23396 23396 D WS_OplusWirelessSettingsApp: onCreate, OplusWirelessSettingsApp
06-13 21:48:19.632 23396 23396 E OplusCommonApp: context is null, return 
06-13 21:48:19.634 23396 23435 D OplusActivityManager: get AMS extension: android.os.BinderProxy@7d687e0
06-13 21:48:19.635  5717  7801 D AppSenseConfig: getIgnoreAppList: [com.android.launcher, com.android.contacts, com.oplus.wirelesssettings, com.coloros.alarmclock, com.coloros.calculator, com.coloros.calendar, com.coloros.phonemanager, com.android.settings, com.android.phone, com.oplus.nas, com.oplus.nhs, com.oplus.appdetail, com.android.permissioncontroller, com.oplus.pscanvas, com.oplus.autotest.test.ctp, com.android.systemui, com.android.systemui.overlay.fingerprint.anim.fy, com.android.systemui.overlay.fingerprint.anim.qy, com.android.systemui.overlay.fingerprint.anim.sw, com.android.systemui.overlay.fingerprint.anim.xw, com.android.systemui.overlay.fingerprint.anim.ccyh, com.android.systemui.overlay.fingerprint.anim.halo, com.android.systemui.overlay.fingerprint.anim.jslz, com.android.systemui.overlay.fingerprint.anim.none, com.android.systemui.overlay.fingerprint.anim.xklc]
06-13 21:48:19.635  5717  7801 D AppSenseConfig: getIgnoreAppList: [com.android.launcher, com.android.contacts, com.oplus.wirelesssettings, com.coloros.alarmclock, com.coloros.calculator, com.coloros.calendar, com.coloros.phonemanager, com.android.settings, com.android.phone, com.oplus.nas, com.oplus.nhs, com.oplus.appdetail, com.android.permissioncontroller, com.oplus.pscanvas, com.oplus.autotest.test.ctp, com.android.systemui, com.android.systemui.overlay.fingerprint.anim.fy, com.android.systemui.overlay.fingerprint.anim.qy, com.android.systemui.overlay.fingerprint.anim.sw, com.android.systemui.overlay.fingerprint.anim.xw, com.android.systemui.overlay.fingerprint.anim.ccyh, com.android.systemui.overlay.fingerprint.anim.halo, com.android.systemui.overlay.fingerprint.anim.jslz, com.android.systemui.overlay.fingerprint.anim.none, com.android.systemui.overlay.fingerprint.anim.xklc]
06-13 21:48:19.636  5717  7801 D ActivityAdapter: taskActivityChange: overlayLauncherScene = 0, mIsScreenOn = true
06-13 21:48:19.636  5717  7801 D ActivityAdapter: taskChange: pre: 1, cur: 1, changed:true
06-13 21:48:19.636  5717  7801 D ActivityAdapter: app rd.sheepskin.sandboxmusic; rd.sheepskin.sandboxmusic.MainActivity; 1; COMMON; 10445; 0; 0 exit
06-13 21:48:19.636  5717  7801 D ActivityAdapter: isEnterBGAppScene, mActiveUidMap has no app rd.sheepskin.sandboxmusic
06-13 21:48:19.636  5717  7801 D ActivityAdapter: notifyActivityQuery: [com.teslacoilsw.launcher; com.teslacoilsw.launcher.NovaLauncher; 1; COMMON; 10305; 0; 0]
06-13 21:48:19.636  5717  7801 D OPlusFrontAppManager: useAdapterResult, pkg=com.teslacoilsw.launcher,activity=com.teslacoilsw.launcher.NovaLauncher,result=true
06-13 21:48:19.636  5717  7801 D OPlusFrontAppManager: decide -->> [com.teslacoilsw.launcher; com.teslacoilsw.launcher.NovaLauncher; 1; COMMON; 10305; 0; 0]
06-13 21:48:19.636  5717  7801 D ActivityAdapter: notifyActivityQuery: [com.teslacoilsw.launcher; com.teslacoilsw.launcher.NovaLauncher; 1; COMMON; 10305; 0; 0]
06-13 21:48:19.636  5717  7801 D OPlusFrontAppManager: useAdapterResult, pkg=com.teslacoilsw.launcher,activity=com.teslacoilsw.launcher.NovaLauncher,result=true
06-13 21:48:19.636  5717  7801 D OPlusFrontAppManager: decide -->> [com.teslacoilsw.launcher; com.teslacoilsw.launcher.NovaLauncher; 1; COMMON; 10305; 0; 0]
06-13 21:48:19.637  5717  7801 D ConferenceScene: pkg:com.teslacoilsw.launcher, activity:com.teslacoilsw.launcher.NovaLauncher, appSense:COMMON
06-13 21:48:19.637  5717  7801 D ConferenceScene: pkg:rd.sheepskin.sandboxmusic, activity:rd.sheepskin.sandboxmusic.MainActivity, appSense:COMMON
06-13 21:48:19.639  1117  1117 I hwservicemanager: getTransport: Cannot find entry android.hardware.dumpstate@1.1::IDumpstateDevice/default in either framework or device VINTF manifest.
06-13 21:48:19.639 23940 10572 E Settings_EnableVerboseVendorLoggingPreferenceController: reflect getService err java.lang.reflect.InvocationTargetException
06-13 21:48:19.639 23940 10572 E Settings_EnableVerboseVendorLoggingPreferenceController: Get HIDL v1.1 service fail
06-13 21:48:19.640  1117  1117 I hwservicemanager: getTransport: Cannot find entry android.hardware.dumpstate@1.0::IDumpstateDevice/default in either framework or device VINTF manifest.
06-13 21:48:19.640  5717  5717 D AtomHighLoadSenseInfo: handleMessage what:1000
06-13 21:48:19.640  5717  5717 D AtomHighLoadSenseInfo: handleAppSenseChanged original mode:{live:0,video:0,voice call:0,video call:0,live host:0,meeting:0}
06-13 21:48:19.640  5717  5717 D AtomHighLoadSenseInfo: handleAppSenseChanged appInfoUnit:{pkgName:com.teslacoilsw.launcher,activityName:,winMode:1,event:COMMON,type:0,subEvent:0,pid:9265,uid:10305, hostPkgName:}
06-13 21:48:19.640 23940 10572 E Settings_EnableVerboseVendorLoggingPreferenceController: reflect getService err java.lang.reflect.InvocationTargetException
06-13 21:48:19.640 23940 10572 E Settings_EnableVerboseVendorLoggingPreferenceController: Get HIDL v1.0 service fail
06-13 21:48:19.640  5717  5717 D SceneService: handleMessage what:1004
06-13 21:48:19.640  5717  5717 D SceneService: notifyAppSceneChanged original mode:{live:0,video:0,voice call:0,video call:0,live host:0,game:0,meeting:0,news:0,file transfer:0},appInfoUnit:[{pkgName:com.teslacoilsw.launcher,activityName:,winMode:1,event:COMMON,type:0,subEvent:0,pid:9265,uid:10305, hostPkgName:}]
06-13 21:48:19.640 23940 10572 E BaseSearchIndex: com.android.settings.development.NfcSnoopLogPreferenceController must implement com.android.settings.core.PreferenceControllerMixin treating the key non-indexable
06-13 21:48:19.640 23940 10572 E BaseSearchIndex: com.android.settings.development.NfcVerboseVendorLogPreferenceController must implement com.android.settings.core.PreferenceControllerMixin treating the key non-indexable
06-13 21:48:19.641 23272 23365 I gs.intelligence: AssetManager2(0xb40000752a4afd28) locale list changing from [] to [en-TH]
06-13 21:48:19.641  5717  7539 D Subsys-ScoreAppManager: handleMessage what:2
06-13 21:48:19.641  5717  7539 D Subsys-ScoreAppManager: EVENT_ID_APP_SENSE_CHANGE  onFrontActivityChanged
06-13 21:48:19.641  5717  7539 D Subsys-ScoreAppManager: appSceneChange fgAppUnits size 1 fgAppUnits [{pkgName:com.teslacoilsw.launcher,activityName:,winMode:1,event:COMMON,type:0,subEvent:0,pid:9265,uid:10305, hostPkgName:}] mLastNetworkList[184]
06-13 21:48:19.641  5717  7539 D CommonApp-184-10445: destory
06-13 21:48:19.641  5717  7539 D CommonApp-184-10445: stopDataCollection
06-13 21:48:19.641  5717  7539 D CommonApp-184-10445: current network isn't cellular,not need disable modem report
06-13 21:48:19.641  5717  7539 D ScoreRequestHandler: sendUnifiedRequest: Request posted to handler thread, requestType=14
06-13 21:48:19.641  5717  7539 D NecManager: unregisterULBitRateChange
06-13 21:48:19.641  5717  7539 D CommonApp-184-10445: Remaining data save time: 0
06-13 21:48:19.641  5717  7539 D Subsys-ScoreAppManager: createApp
06-13 21:48:19.641  5717  7567 D NetlinkUtils: sendToKernel byteBuffer:java.nio.HeapByteBuffer[pos=32 lim=32 cap=32],nlmsg_pid:-1981274639,nlmsg_type:47,cmdType:1,type:10,nla_len:12
06-13 21:48:19.642  5507  5816 D AppSenseClient: handleMessage: 100
06-13 21:48:19.642  5507  5816 D AppSenseClient: handleSenseEvent appInfoUnits: {pkgName:com.teslacoilsw.launcher,activityName:com.teslacoilsw.launcher.NovaLauncher,winMode:1,event:COMMON,type:0,subEvent:0,pid:9265,uid:10305, hostPkgName:},
06-13 21:48:19.642  5717  7567 D ScoreRequestHandler: sendUnifiedRequestInternal: sendToKernelOld, result: true
06-13 21:48:19.642  5507  5816 D AppSenseClient: handleSenseEvent clients: 1
06-13 21:48:19.642  5507  5816 D AppSenseClient: handleSenseEvent clientId: 82862101
06-13 21:48:19.642  5717  7801 D AppSenseService: notifySenseEvent: {pkgName:com.teslacoilsw.launcher,activityName:com.teslacoilsw.launcher.NovaLauncher,winMode:1,event:COMMON,type:0,subEvent:0,pid:9265,uid:10305, hostPkgName:},
06-13 21:48:19.642  3480  4584 D AppSenseClient: handleMessage: 100
06-13 21:48:19.642  5507  5816 D AppSenseClient: notifyAppEvent: pkgName: com.teslacoilsw.launcher,activityName:com.teslacoilsw.launcher.NovaLauncher;state: 1;event: COMMON;type: 0;subEvent: 0;pid: 9265;uid: 10305
06-13 21:48:19.642  5507  5816 D AppSenseClient: notifyAppEvent: pkgName: rd.sheepskin.sandboxmusic,activityName:rd.sheepskin.sandboxmusic.MainActivity;state: 0;event: COMMON;type: 0;subEvent: 0;pid: 17102;uid: 10445
06-13 21:48:19.642  3480  4584 D AppSenseClient: handleSenseEvent appInfoUnits: {pkgName:com.teslacoilsw.launcher,activityName:com.teslacoilsw.launcher.NovaLauncher,winMode:1,event:COMMON,type:0,subEvent:0,pid:9265,uid:10305, hostPkgName:},
06-13 21:48:19.642  5507  5816 D AppSenseClient: notifyAppChanges: [{pkgName:com.teslacoilsw.launcher,activityName:com.teslacoilsw.launcher.NovaLauncher,winMode:1,event:COMMON,type:0,subEvent:0,pid:9265,uid:10305, hostPkgName:}]
06-13 21:48:19.643  5566  5781 D AppSenseClient: handleMessage: 100
06-13 21:48:19.643  5566  5781 D AppSenseClient: handleSenseEvent appInfoUnits: {pkgName:com.teslacoilsw.launcher,activityName:com.teslacoilsw.launcher.NovaLauncher,winMode:1,event:COMMON,type:0,subEvent:0,pid:9265,uid:10305, hostPkgName:},
06-13 21:48:19.643  5566  5781 D AppSenseClient: handleSenseEvent clients: 1
06-13 21:48:19.643  5566  5781 D AppSenseClient: handleSenseEvent clientId: 78094963
06-13 21:48:19.643  5566  5781 D AppSenseClient: notifyAppEvent: pkgName: com.teslacoilsw.launcher,activityName:com.teslacoilsw.launcher.NovaLauncher;state: 1;event: COMMON;type: 0;subEvent: 0;pid: 9265;uid: 10305
06-13 21:48:19.643  5566  5781 D AppSenseClient: notifyAppEvent: pkgName: rd.sheepskin.sandboxmusic,activityName:rd.sheepskin.sandboxmusic.MainActivity;state: 0;event: COMMON;type: 0;subEvent: 0;pid: 17102;uid: 10445
06-13 21:48:19.643  5566  5781 D AppSenseClient: notifyAppChanges: [{pkgName:com.teslacoilsw.launcher,activityName:com.teslacoilsw.launcher.NovaLauncher,winMode:1,event:COMMON,type:0,subEvent:0,pid:9265,uid:10305, hostPkgName:}]
06-13 21:48:19.643  5566  5781 D NAS-DataSceneEvent: onAppEvent enter
06-13 21:48:19.643  5566  5781 D NAS-DataSceneEvent: new event: event=0, state=1, pkg=com.teslacoilsw.launcher, type=0, subEvent=0
06-13 21:48:19.643  5566  5781 D NAS-DataSceneEvent: onAppEvent enter
06-13 21:48:19.643  5566  5781 D NAS-DataSceneEvent: new event: event=0, state=0, pkg=rd.sheepskin.sandboxmusic, type=0, subEvent=0
06-13 21:48:19.643  5566  5781 D NAS-DataSceneEvent: onAppChanged, app list size: 1
06-13 21:48:19.643  5566  5781 D NAS-DataSceneEvent: updateAppSenseChange [{pkgName:com.teslacoilsw.launcher,activityName:com.teslacoilsw.launcher.NovaLauncher,winMode:1,event:COMMON,type:0,subEvent:0,pid:9265,uid:10305, hostPkgName:}]
06-13 21:48:19.644  5584  5584 D AppSenseClient: handleMessage: 100
06-13 21:48:19.644  5584  5584 D AppSenseClient: handleSenseEvent appInfoUnits: {pkgName:com.teslacoilsw.launcher,activityName:com.teslacoilsw.launcher.NovaLauncher,winMode:1,event:COMMON,type:0,subEvent:0,pid:9265,uid:10305, hostPkgName:},
06-13 21:48:19.642  3480  4584 D AppSenseClient: handleSenseEvent clients: 2
06-13 21:48:19.644  5584  5584 D AppSenseClient: handleSenseEvent clients: 1
06-13 21:48:19.644  5584  5584 D AppSenseClient: handleSenseEvent clientId: 250727768
06-13 21:48:19.644  3480  4584 D AppSenseClient: handleSenseEvent clientId: 137570528
06-13 21:48:19.644  3480  4584 D AppSenseClient: notifyAppEvent: pkgName: com.teslacoilsw.launcher,activityName:com.teslacoilsw.launcher.NovaLauncher;state: 1;event: COMMON;type: 0;subEvent: 0;pid: 9265;uid: 10305
06-13 21:48:19.644  3480  4584 D AppSenseClient: notifyAppEvent: pkgName: rd.sheepskin.sandboxmusic,activityName:rd.sheepskin.sandboxmusic.MainActivity;state: 0;event: COMMON;type: 0;subEvent: 0;pid: 17102;uid: 10445
06-13 21:48:19.644  3480  4584 D AppSenseClient: notifyAppChanges: [{pkgName:com.teslacoilsw.launcher,activityName:com.teslacoilsw.launcher.NovaLauncher,winMode:1,event:COMMON,type:0,subEvent:0,pid:9265,uid:10305, hostPkgName:}]
06-13 21:48:19.644  3480  4584 D AppSenseClient: handleSenseEvent clientId: 168601028
06-13 21:48:19.644  3480  4584 D AppSenseClient: notifyAppEvent: pkgName: com.teslacoilsw.launcher,activityName:com.teslacoilsw.launcher.NovaLauncher;state: 1;event: COMMON;type: 0;subEvent: 0;pid: 9265;uid: 10305
06-13 21:48:19.644  3480  4584 D AppSenseClient: notifyAppEvent: pkgName: rd.sheepskin.sandboxmusic,activityName:rd.sheepskin.sandboxmusic.MainActivity;state: 0;event: COMMON;type: 0;subEvent: 0;pid: 17102;uid: 10445
06-13 21:48:19.644  3480  4584 D AppSenseClient: notifyAppChanges: [{pkgName:com.teslacoilsw.launcher,activityName:com.teslacoilsw.launcher.NovaLauncher,winMode:1,event:COMMON,type:0,subEvent:0,pid:9265,uid:10305, hostPkgName:}]
06-13 21:48:19.644  5584  5584 D AppSenseClient: notifyAppEvent: pkgName: com.teslacoilsw.launcher,activityName:com.teslacoilsw.launcher.NovaLauncher;state: 1;event: COMMON;type: 0;subEvent: 0;pid: 9265;uid: 10305
06-13 21:48:19.644  3480  5768 I [UAH_CLIENT]: UahEventAcquire, cmdid:2, pkg:none, identity:OplusAppStartupManager
06-13 21:48:19.644  5566  7022 E OplusNetlinkConnect: parse rsp msg failed!Message missing required fields: header
06-13 21:48:19.644  5584  5584 D AppSenseClient: notifyAppEvent: pkgName: rd.sheepskin.sandboxmusic,activityName:rd.sheepskin.sandboxmusic.MainActivity;state: 0;event: COMMON;type: 0;subEvent: 0;pid: 17102;uid: 10445
06-13 21:48:19.644  5584  5584 D AppSenseClient: notifyAppChanges: [{pkgName:com.teslacoilsw.launcher,activityName:com.teslacoilsw.launcher.NovaLauncher,winMode:1,event:COMMON,type:0,subEvent:0,pid:9265,uid:10305, hostPkgName:}]
06-13 21:48:19.644  5566  7022 E OplusNetlinkConnect: parse rsp msg failed!Message missing required fields: header
06-13 21:48:19.644  5584  5584 D NhsAppSenseListener: onAppEvent enter
06-13 21:48:19.644  5584  5584 D NhsAppSenseListener: new event: event=0, state=1, pkg=com.teslacoilsw.launcher, type=0, subEvent=0
06-13 21:48:19.644  5584  5584 D NhsAppSenseListener: onAppEvent enter
06-13 21:48:19.644  5584  5584 D NhsAppSenseListener: new event: event=0, state=0, pkg=rd.sheepskin.sandboxmusic, type=0, subEvent=0
06-13 21:48:19.644  5584  5584 D NhsAppSenseListener: onAppChanged, app list size: 1
06-13 21:48:19.644  5717  7539 D CommonApp-184-10305: init22
06-13 21:48:19.645 23272 23365 I LocaleConfig: parseLocaleConfig: resourceName=proton.android.pass.fdroid:xml/_generated_res_locale_config
06-13 21:48:19.645 23272 23365 I LocaleConfig: parseLocaleConfig: mLocales=[de,nb_NO,no,en_US,be,fi,ru,fr,hu,zh_CN,ka,uk,sk,sl,ca,ko,id,zh_TW,pt_BR,el,es_ES,it,cs,pt_PT,vi,sv_SE,ja,pl,da,ro,es_419,nl,tr] defaultLocale=en-US
06-13 21:48:19.646  3480  3570 V GrammaticalInflectionUtils: AttributionSource: android.content.AttributionSource@4e235221 does not have READ_SYSTEM_GRAMMATICAL_GENDER permission.
06-13 21:48:19.648  3480  5768 I ActivityManager: Flag disabled. Ignoring finishAttachApplication from uid: 1000. pid: 23396
06-13 21:48:19.651 23396 23396 E ANDR-PERF-CLIENT-SYS: death recipent object is fine
06-13 21:48:19.651 23396 23396 W irelesssettings: AIBinder_linkToDeath is being called with a non-null cookie and no onUnlink callback set. This might not be intended. AIBinder_DeathRecipient_setOnUnlinked should be called first.
06-13 21:48:19.651 23940 10572 E BaseSearchIndex: com.android.settings.development.autofill.AutofillCategoryController must implement com.android.settings.core.PreferenceControllerMixin treating the key non-indexable
06-13 21:48:19.652 23940 10572 E BaseSearchIndex: com.android.settings.development.extremerefresh.ExtremeRefreshRatePreferenceController must implement com.android.settings.core.PreferenceControllerMixin treating the key non-indexable
06-13 21:48:19.653  5717  7539 D CommonApp-184-10305: BaseApp init, mNetId 184 mIfIndex 27 network 184
06-13 21:48:19.653 23396 23396 E SchedAssist: open sharedFd failed with error=Permission denied
06-13 21:48:19.653  5507 11247 E PhoneInterfaceManager: getServiceStateForSlot retuning null for invalid slotIndex=-1
06-13 21:48:19.653  5717  7539 D CommonApp-184-10305: choiceScoreWay
06-13 21:48:19.653  5717  7539 D CommonApp-184-10305: useTraditionalScore
06-13 21:48:19.653  5717  7539 D CommonApp-184-10305: initState
06-13 21:48:19.653  5717  7567 D ScoreRequestHandler: sendUnifiedRequestInternal: sendToKernelOld, result: false
